[2025-09-16T06:54:44.473+0000][185][info][gc,init] CardTable entry size: 512
[2025-09-16T06:54:44.474+0000][185][info][gc     ] Using G1
[2025-09-16T06:54:44.853+0000][185][info][gc,init] Version: 22.0.1+8-16 (release)
[2025-09-16T06:54:44.853+0000][185][info][gc,init] CPUs: 8 total, 8 available
[2025-09-16T06:54:44.853+0000][185][info][gc,init] Memory: 7837M
[2025-09-16T06:54:44.853+0000][185][info][gc,init] Large Page Support: Disabled
[2025-09-16T06:54:44.854+0000][185][info][gc,init] NUMA Support: Disabled
[2025-09-16T06:54:44.854+0000][185][info][gc,init] Compressed Oops: Enabled (32-bit)
[2025-09-16T06:54:44.854+0000][185][info][gc,init] Heap Region Size: 4M
[2025-09-16T06:54:44.854+0000][185][info][gc,init] Heap Min Capacity: 1G
[2025-09-16T06:54:44.854+0000][185][info][gc,init] Heap Initial Capacity: 1G
[2025-09-16T06:54:44.854+0000][185][info][gc,init] Heap Max Capacity: 1G
[2025-09-16T06:54:44.854+0000][185][info][gc,init] Pre-touch: Enabled
[2025-09-16T06:54:44.854+0000][185][info][gc,init] Parallel Workers: 8
[2025-09-16T06:54:44.854+0000][185][info][gc,init] Concurrent Workers: 2
[2025-09-16T06:54:44.854+0000][185][info][gc,init] Concurrent Refinement Workers: 8
[2025-09-16T06:54:44.854+0000][185][info][gc,init] Periodic GC: Disabled
[2025-09-16T06:54:44.866+0000][185][info][gc,metaspace] CDS archive(s) mapped at: [0x00007fc000000000-0x00007fc000c80000-0x00007fc000c80000), size 13107200, SharedBaseAddress: 0x00007fc000000000, ArchiveRelocationMode: 1.
[2025-09-16T06:54:44.866+0000][185][info][gc,metaspace] Compressed class space mapped at: 0x00007fc001000000-0x00007fc041000000, reserved size: 1073741824
[2025-09-16T06:54:44.866+0000][185][info][gc,metaspace] Narrow klass base: 0x00007fc000000000, Narrow klass shift: 0, Narrow klass range: 0x100000000
[2025-09-16T06:54:44.922+0000][185][info][safepoint   ] Safepoint "ICBufferFull", Time since last: 51033625 ns, Reaching safepoint: 1750 ns, Cleanup: 51875 ns, At safepoint: 2083 ns, Total: 55708 ns
[2025-09-16T06:54:44.996+0000][185][info][safepoint   ] Safepoint "ICBufferFull", Time since last: 73784625 ns, Reaching safepoint: 2500 ns, Cleanup: 77459 ns, At safepoint: 2791 ns, Total: 82750 ns
[2025-09-16T06:54:45.064+0000][185][info][safepoint   ] Safepoint "ICBufferFull", Time since last: 67591792 ns, Reaching safepoint: 1792 ns, Cleanup: 51250 ns, At safepoint: 6833 ns, Total: 59875 ns
[2025-09-16T06:54:45.122+0000][185][info][safepoint   ] Safepoint "ICBufferFull", Time since last: 57566833 ns, Reaching safepoint: 1792 ns, Cleanup: 92292 ns, At safepoint: 6916 ns, Total: 101000 ns
[2025-09-16T06:54:45.151+0000][185][info][gc,start    ] GC(0) Pause Young (Normal) (G1 Evacuation Pause)
[2025-09-16T06:54:45.151+0000][185][info][gc,task     ] GC(0) Using 8 workers of 8 for evacuation
[2025-09-16T06:54:45.151+0000][185][debug][gc,age      ] GC(0) Desired survivor size 4194304 bytes, new threshold 15 (max threshold 15)
[2025-09-16T06:54:45.153+0000][185][info ][gc,phases   ] GC(0)   Pre Evacuate Collection Set: 0.12ms
[2025-09-16T06:54:45.153+0000][185][info ][gc,phases   ] GC(0)   Merge Heap Roots: 0.07ms
[2025-09-16T06:54:45.153+0000][185][info ][gc,phases   ] GC(0)   Evacuate Collection Set: 1.19ms
[2025-09-16T06:54:45.153+0000][185][info ][gc,phases   ] GC(0)   Post Evacuate Collection Set: 0.34ms
[2025-09-16T06:54:45.153+0000][185][info ][gc,phases   ] GC(0)   Other: 0.17ms
[2025-09-16T06:54:45.153+0000][185][trace][gc,age      ] GC(0) Age table with threshold 15 (max threshold 15)
[2025-09-16T06:54:45.153+0000][185][trace][gc,age      ] GC(0) - age   1:    4677512 bytes,    4677512 total
[2025-09-16T06:54:45.153+0000][185][info ][gc,heap     ] GC(0) Eden regions: 12->0(22)
[2025-09-16T06:54:45.153+0000][185][info ][gc,heap     ] GC(0) Survivor regions: 0->2(2)
[2025-09-16T06:54:45.153+0000][185][info ][gc,heap     ] GC(0) Old regions: 1->1
[2025-09-16T06:54:45.153+0000][185][info ][gc,heap     ] GC(0) Humongous regions: 0->0
[2025-09-16T06:54:45.153+0000][185][info ][gc,metaspace] GC(0) Metaspace: 7254K(7488K)->7254K(7488K) NonClass: 6389K(6528K)->6389K(6528K) Class: 865K(960K)->865K(960K)
[2025-09-16T06:54:45.154+0000][185][info ][gc          ] GC(0) Pause Young (Normal) (G1 Evacuation Pause) 49M->5M(1024M) 2.529ms
[2025-09-16T06:54:45.154+0000][185][info ][gc,cpu      ] GC(0) User=0.00s Sys=0.00s Real=0.01s
[2025-09-16T06:54:45.154+0000][185][info ][safepoint   ] Safepoint "G1CollectForAllocation", Time since last: 29290750 ns, Reaching safepoint: 1584 ns, Cleanup: 46833 ns, At safepoint: 2665542 ns, Total: 2713959 ns
[2025-09-16T06:54:45.225+0000][185][info ][safepoint   ] Safepoint "ICBufferFull", Time since last: 70871666 ns, Reaching safepoint: 1584 ns, Cleanup: 54333 ns, At safepoint: 2583 ns, Total: 58500 ns
[2025-09-16T06:54:45.276+0000][185][info ][safepoint   ] Safepoint "ICBufferFull", Time since last: 51718167 ns, Reaching safepoint: 1667 ns, Cleanup: 61458 ns, At safepoint: 8708 ns, Total: 71833 ns
[2025-09-16T06:54:45.383+0000][185][info ][safepoint   ] Safepoint "ICBufferFull", Time since last: 105765250 ns, Reaching safepoint: 399125 ns, Cleanup: 102875 ns, At safepoint: 9625 ns, Total: 511625 ns
[2025-09-16T06:54:45.631+0000][185][info ][safepoint   ] Safepoint "ICBufferFull", Time since last: 248461751 ns, Reaching safepoint: 1833 ns, Cleanup: 112083 ns, At safepoint: 5125 ns, Total: 119041 ns
[2025-09-16T06:54:45.677+0000][185][info ][safepoint   ] Safepoint "ICBufferFull", Time since last: 45335959 ns, Reaching safepoint: 2208 ns, Cleanup: 93875 ns, At safepoint: 8292 ns, Total: 104375 ns
[2025-09-16T06:54:45.848+0000][185][info ][safepoint   ] Safepoint "ICBufferFull", Time since last: 171033625 ns, Reaching safepoint: 2416 ns, Cleanup: 81875 ns, At safepoint: 4792 ns, Total: 89083 ns
[2025-09-16T06:54:45.982+0000][185][info ][gc,start    ] GC(1) Pause Young (Normal) (G1 Evacuation Pause)
[2025-09-16T06:54:45.982+0000][185][info ][gc,task     ] GC(1) Using 8 workers of 8 for evacuation
[2025-09-16T06:54:45.982+0000][185][debug][gc,age      ] GC(1) Desired survivor size 6291456 bytes, new threshold 15 (max threshold 15)
[2025-09-16T06:54:45.987+0000][185][info ][gc,phases   ] GC(1)   Pre Evacuate Collection Set: 0.13ms
[2025-09-16T06:54:45.987+0000][185][info ][gc,phases   ] GC(1)   Merge Heap Roots: 0.06ms
[2025-09-16T06:54:45.987+0000][185][info ][gc,phases   ] GC(1)   Evacuate Collection Set: 3.74ms
[2025-09-16T06:54:45.987+0000][185][info ][gc,phases   ] GC(1)   Post Evacuate Collection Set: 1.18ms
[2025-09-16T06:54:45.987+0000][185][info ][gc,phases   ] GC(1)   Other: 0.15ms
[2025-09-16T06:54:45.987+0000][185][trace][gc,age      ] GC(1) Age table with threshold 15 (max threshold 15)
[2025-09-16T06:54:45.987+0000][185][trace][gc,age      ] GC(1) - age   1:    4978032 bytes,    4978032 total
[2025-09-16T06:54:45.987+0000][185][trace][gc,age      ] GC(1) - age   2:    4605240 bytes,    9583272 total
[2025-09-16T06:54:45.987+0000][185][info ][gc,heap     ] GC(1) Eden regions: 22->0(40)
[2025-09-16T06:54:45.987+0000][185][info ][gc,heap     ] GC(1) Survivor regions: 2->3(3)
[2025-09-16T06:54:45.988+0000][185][info ][gc,heap     ] GC(1) Old regions: 1->1
[2025-09-16T06:54:45.988+0000][185][info ][gc,heap     ] GC(1) Humongous regions: 0->0
[2025-09-16T06:54:45.988+0000][185][info ][gc,metaspace] GC(1) Metaspace: 20211K(20864K)->20211K(20864K) NonClass: 17893K(18304K)->17893K(18304K) Class: 2317K(2560K)->2317K(2560K)
[2025-09-16T06:54:45.988+0000][185][info ][gc          ] GC(1) Pause Young (Normal) (G1 Evacuation Pause) 93M->10M(1024M) 5.917ms
[2025-09-16T06:54:45.988+0000][185][info ][gc,cpu      ] GC(1) User=0.03s Sys=0.01s Real=0.00s
[2025-09-16T06:54:45.988+0000][185][info ][safepoint   ] Safepoint "G1CollectForAllocation", Time since last: 133849208 ns, Reaching safepoint: 2709 ns, Cleanup: 81458 ns, At safepoint: 6016958 ns, Total: 6101125 ns
[2025-09-16T06:54:46.054+0000][185][info ][gc,start    ] GC(2) Pause Young (Concurrent Start) (Metadata GC Threshold)
[2025-09-16T06:54:46.054+0000][185][info ][gc,task     ] GC(2) Using 8 workers of 8 for evacuation
[2025-09-16T06:54:46.054+0000][185][debug][gc,age      ] GC(2) Desired survivor size 12582912 bytes, new threshold 15 (max threshold 15)
[2025-09-16T06:54:46.058+0000][185][info ][gc,phases   ] GC(2)   Pre Evacuate Collection Set: 0.13ms
[2025-09-16T06:54:46.058+0000][185][info ][gc,phases   ] GC(2)   Merge Heap Roots: 0.07ms
[2025-09-16T06:54:46.058+0000][185][info ][gc,phases   ] GC(2)   Evacuate Collection Set: 2.79ms
[2025-09-16T06:54:46.058+0000][185][info ][gc,phases   ] GC(2)   Post Evacuate Collection Set: 0.65ms
[2025-09-16T06:54:46.058+0000][185][info ][gc,phases   ] GC(2)   Other: 0.15ms
[2025-09-16T06:54:46.058+0000][185][trace][gc,age      ] GC(2) Age table with threshold 15 (max threshold 15)
[2025-09-16T06:54:46.058+0000][185][trace][gc,age      ] GC(2) - age   1:     435112 bytes,     435112 total
[2025-09-16T06:54:46.058+0000][185][trace][gc,age      ] GC(2) - age   2:    4062328 bytes,    4497440 total
[2025-09-16T06:54:46.058+0000][185][trace][gc,age      ] GC(2) - age   3:    4589112 bytes,    9086552 total
[2025-09-16T06:54:46.058+0000][185][info ][gc,heap     ] GC(2) Eden regions: 6->0(78)
[2025-09-16T06:54:46.058+0000][185][info ][gc,heap     ] GC(2) Survivor regions: 3->3(6)
[2025-09-16T06:54:46.058+0000][185][info ][gc,heap     ] GC(2) Old regions: 1->1
[2025-09-16T06:54:46.058+0000][185][info ][gc,heap     ] GC(2) Humongous regions: 0->0
[2025-09-16T06:54:46.058+0000][185][info ][gc,metaspace] GC(2) Metaspace: 20844K(21504K)->20844K(21504K) NonClass: 18424K(18816K)->18424K(18816K) Class: 2420K(2688K)->2420K(2688K)
[2025-09-16T06:54:46.058+0000][185][info ][gc          ] GC(2) Pause Young (Concurrent Start) (Metadata GC Threshold) 32M->10M(1024M) 4.227ms
[2025-09-16T06:54:46.058+0000][185][info ][gc,cpu      ] GC(2) User=0.02s Sys=0.00s Real=0.00s
[2025-09-16T06:54:46.058+0000][185][info ][gc          ] GC(3) Concurrent Mark Cycle
[2025-09-16T06:54:46.058+0000][185][info ][gc,marking  ] GC(3) Concurrent Scan Root Regions
[2025-09-16T06:54:46.058+0000][185][info ][safepoint   ] Safepoint "CollectForMetadataAllocation", Time since last: 64713625 ns, Reaching safepoint: 1245084 ns, Cleanup: 80708 ns, At safepoint: 4382792 ns, Total: 5708584 ns
[2025-09-16T06:54:46.061+0000][185][info ][gc,marking  ] GC(3) Concurrent Scan Root Regions 3.156ms
[2025-09-16T06:54:46.063+0000][185][info ][gc,marking  ] GC(3) Concurrent Mark
[2025-09-16T06:54:46.063+0000][185][info ][gc,marking  ] GC(3) Concurrent Mark From Roots
[2025-09-16T06:54:46.063+0000][185][info ][gc,task     ] GC(3) Using 2 workers of 2 for marking
[2025-09-16T06:54:46.064+0000][185][info ][gc,marking  ] GC(3) Concurrent Mark From Roots 0.856ms
[2025-09-16T06:54:46.064+0000][185][info ][gc,marking  ] GC(3) Concurrent Preclean
[2025-09-16T06:54:46.064+0000][185][info ][gc,marking  ] GC(3) Concurrent Preclean 0.045ms
[2025-09-16T06:54:46.066+0000][185][info ][gc,start    ] GC(3) Pause Remark
[2025-09-16T06:54:46.067+0000][185][info ][gc          ] GC(3) Pause Remark 13M->13M(1024M) 1.534ms
[2025-09-16T06:54:46.067+0000][185][info ][gc,cpu      ] GC(3) User=0.01s Sys=0.00s Real=0.00s
[2025-09-16T06:54:46.067+0000][185][info ][safepoint   ] Safepoint "G1PauseRemark", Time since last: 6524750 ns, Reaching safepoint: 967000 ns, Cleanup: 10166 ns, At safepoint: 1650167 ns, Total: 2627333 ns
[2025-09-16T06:54:46.069+0000][185][info ][gc,marking  ] GC(3) Concurrent Mark 6.698ms
[2025-09-16T06:54:46.069+0000][185][info ][gc,marking  ] GC(3) Concurrent Rebuild Remembered Sets and Scrub Regions
[2025-09-16T06:54:46.070+0000][185][info ][gc,marking  ] GC(3) Concurrent Rebuild Remembered Sets and Scrub Regions 0.443ms
[2025-09-16T06:54:46.072+0000][185][info ][gc,start    ] GC(3) Pause Cleanup
[2025-09-16T06:54:46.072+0000][185][info ][gc          ] GC(3) Pause Cleanup 14M->14M(1024M) 0.110ms
[2025-09-16T06:54:46.072+0000][185][info ][gc,cpu      ] GC(3) User=0.00s Sys=0.00s Real=0.00s
[2025-09-16T06:54:46.072+0000][185][info ][safepoint   ] Safepoint "G1PauseCleanup", Time since last: 3931958 ns, Reaching safepoint: 258084 ns, Cleanup: 11916 ns, At safepoint: 205959 ns, Total: 475959 ns
[2025-09-16T06:54:46.072+0000][185][info ][gc,marking  ] GC(3) Concurrent Clear Claimed Marks
[2025-09-16T06:54:46.073+0000][185][info ][gc,marking  ] GC(3) Concurrent Clear Claimed Marks 0.701ms
[2025-09-16T06:54:46.073+0000][185][info ][gc,marking  ] GC(3) Concurrent Cleanup for Next Mark
[2025-09-16T06:54:46.073+0000][185][info ][gc,marking  ] GC(3) Concurrent Cleanup for Next Mark 0.427ms
[2025-09-16T06:54:46.073+0000][185][info ][gc          ] GC(3) Concurrent Mark Cycle 15.240ms
[2025-09-16T06:54:46.195+0000][185][info ][safepoint   ] Safepoint "ICBufferFull", Time since last: 122878791 ns, Reaching safepoint: 1667 ns, Cleanup: 58917 ns, At safepoint: 4375 ns, Total: 64959 ns
[2025-09-16T06:54:46.337+0000][185][info ][safepoint   ] Safepoint "ICBufferFull", Time since last: 142287125 ns, Reaching safepoint: 2542 ns, Cleanup: 67916 ns, At safepoint: 5334 ns, Total: 75792 ns
[2025-09-16T06:54:46.456+0000][185][info ][safepoint   ] Safepoint "ICBufferFull", Time since last: 118957333 ns, Reaching safepoint: 6917 ns, Cleanup: 146458 ns, At safepoint: 21125 ns, Total: 174500 ns
[2025-09-16T06:54:46.674+0000][185][info ][safepoint   ] Safepoint "ICBufferFull", Time since last: 218093042 ns, Reaching safepoint: 5833 ns, Cleanup: 216583 ns, At safepoint: 20000 ns, Total: 242416 ns
[2025-09-16T06:54:46.754+0000][185][info ][safepoint   ] Safepoint "ICBufferFull", Time since last: 78529209 ns, Reaching safepoint: 530041 ns, Cleanup: 79084 ns, At safepoint: 18166 ns, Total: 627291 ns
[2025-09-16T06:54:46.757+0000][185][info ][gc,start    ] GC(4) Pause Young (Prepare Mixed) (G1 Evacuation Pause)
[2025-09-16T06:54:46.757+0000][185][info ][gc,task     ] GC(4) Using 8 workers of 8 for evacuation
[2025-09-16T06:54:46.757+0000][185][debug][gc,age      ] GC(4) Desired survivor size 23068672 bytes, new threshold 15 (max threshold 15)
[2025-09-16T06:54:46.765+0000][185][info ][gc,phases   ] GC(4)   Pre Evacuate Collection Set: 0.14ms
[2025-09-16T06:54:46.765+0000][185][info ][gc,phases   ] GC(4)   Merge Heap Roots: 0.09ms
[2025-09-16T06:54:46.765+0000][185][info ][gc,phases   ] GC(4)   Evacuate Collection Set: 6.50ms
[2025-09-16T06:54:46.765+0000][185][info ][gc,phases   ] GC(4)   Post Evacuate Collection Set: 1.00ms
[2025-09-16T06:54:46.765+0000][185][info ][gc,phases   ] GC(4)   Other: 0.11ms
[2025-09-16T06:54:46.765+0000][185][trace][gc,age      ] GC(4) Age table with threshold 15 (max threshold 15)
[2025-09-16T06:54:46.765+0000][185][trace][gc,age      ] GC(4) - age   1:    6462456 bytes,    6462456 total
[2025-09-16T06:54:46.765+0000][185][trace][gc,age      ] GC(4) - age   2:     414904 bytes,    6877360 total
[2025-09-16T06:54:46.765+0000][185][trace][gc,age      ] GC(4) - age   3:    4029200 bytes,   10906560 total
[2025-09-16T06:54:46.765+0000][185][trace][gc,age      ] GC(4) - age   4:    4587856 bytes,   15494416 total
[2025-09-16T06:54:46.765+0000][185][info ][gc,heap     ] GC(4) Eden regions: 78->0(149)
[2025-09-16T06:54:46.765+0000][185][info ][gc,heap     ] GC(4) Survivor regions: 3->4(11)
[2025-09-16T06:54:46.765+0000][185][info ][gc,heap     ] GC(4) Old regions: 1->1
[2025-09-16T06:54:46.765+0000][185][info ][gc,heap     ] GC(4) Humongous regions: 0->0
[2025-09-16T06:54:46.765+0000][185][info ][gc,metaspace] GC(4) Metaspace: 29011K(29824K)->29011K(29824K) NonClass: 25663K(26112K)->25663K(26112K) Class: 3347K(3712K)->3347K(3712K)
[2025-09-16T06:54:46.765+0000][185][info ][gc          ] GC(4) Pause Young (Prepare Mixed) (G1 Evacuation Pause) 322M->16M(1024M) 8.403ms
[2025-09-16T06:54:46.765+0000][185][info ][gc,cpu      ] GC(4) User=0.04s Sys=0.00s Real=0.01s
[2025-09-16T06:54:46.765+0000][185][info ][safepoint   ] Safepoint "G1CollectForAllocation", Time since last: 3210584 ns, Reaching safepoint: 1750 ns, Cleanup: 8541 ns, At safepoint: 8485500 ns, Total: 8495791 ns
[2025-09-16T06:54:46.879+0000][185][info ][safepoint   ] Safepoint "ICBufferFull", Time since last: 113853125 ns, Reaching safepoint: 2125 ns, Cleanup: 79375 ns, At safepoint: 2709 ns, Total: 84209 ns
[2025-09-16T06:54:46.994+0000][185][info ][safepoint   ] Safepoint "ICBufferFull", Time since last: 114219375 ns, Reaching safepoint: 2042 ns, Cleanup: 73416 ns, At safepoint: 7709 ns, Total: 83167 ns
[2025-09-16T06:54:47.243+0000][185][info ][safepoint   ] Safepoint "ICBufferFull", Time since last: 248034541 ns, Reaching safepoint: 1089292 ns, Cleanup: 93792 ns, At safepoint: 10083 ns, Total: 1193167 ns
[2025-09-16T06:54:47.342+0000][185][info ][gc,start    ] GC(5) Pause Young (Mixed) (Metadata GC Threshold)
[2025-09-16T06:54:47.342+0000][185][info ][gc,task     ] GC(5) Using 8 workers of 8 for evacuation
[2025-09-16T06:54:47.342+0000][185][debug][gc,age      ] GC(5) Desired survivor size 41943040 bytes, new threshold 15 (max threshold 15)
[2025-09-16T06:54:47.348+0000][185][info ][gc,phases   ] GC(5)   Pre Evacuate Collection Set: 0.11ms
[2025-09-16T06:54:47.348+0000][185][info ][gc,phases   ] GC(5)   Merge Heap Roots: 0.04ms
[2025-09-16T06:54:47.348+0000][185][info ][gc,phases   ] GC(5)   Evacuate Collection Set: 5.61ms
[2025-09-16T06:54:47.348+0000][185][info ][gc,phases   ] GC(5)   Post Evacuate Collection Set: 0.83ms
[2025-09-16T06:54:47.348+0000][185][info ][gc,phases   ] GC(5)   Other: 0.10ms
[2025-09-16T06:54:47.349+0000][185][trace][gc,age      ] GC(5) Age table with threshold 15 (max threshold 15)
[2025-09-16T06:54:47.349+0000][185][trace][gc,age      ] GC(5) - age   1:    8182600 bytes,    8182600 total
[2025-09-16T06:54:47.349+0000][185][trace][gc,age      ] GC(5) - age   2:    5952608 bytes,   14135208 total
[2025-09-16T06:54:47.349+0000][185][trace][gc,age      ] GC(5) - age   3:     414784 bytes,   14549992 total
[2025-09-16T06:54:47.349+0000][185][trace][gc,age      ] GC(5) - age   4:    4027728 bytes,   18577720 total
[2025-09-16T06:54:47.349+0000][185][trace][gc,age      ] GC(5) - age   5:    4587824 bytes,   23165544 total
[2025-09-16T06:54:47.349+0000][185][info ][gc,heap     ] GC(5) Eden regions: 135->0(147)
[2025-09-16T06:54:47.349+0000][185][info ][gc,heap     ] GC(5) Survivor regions: 4->6(20)
[2025-09-16T06:54:47.349+0000][185][info ][gc,heap     ] GC(5) Old regions: 1->1
[2025-09-16T06:54:47.349+0000][185][info ][gc,heap     ] GC(5) Humongous regions: 0->0
[2025-09-16T06:54:47.349+0000][185][info ][gc,metaspace] GC(5) Metaspace: 35382K(36288K)->35382K(36288K) NonClass: 31296K(31808K)->31296K(31808K) Class: 4086K(4480K)->4086K(4480K)
[2025-09-16T06:54:47.349+0000][185][info ][gc          ] GC(5) Pause Young (Mixed) (Metadata GC Threshold) 554M->24M(1024M) 7.306ms
[2025-09-16T06:54:47.349+0000][185][info ][gc,cpu      ] GC(5) User=0.04s Sys=0.00s Real=0.00s
[2025-09-16T06:54:47.349+0000][185][info ][safepoint   ] Safepoint "CollectForMetadataAllocation", Time since last: 98583125 ns, Reaching safepoint: 2208 ns, Cleanup: 88750 ns, At safepoint: 7426875 ns, Total: 7517833 ns
[2025-09-16T06:54:47.358+0000][185][info ][gc,start    ] GC(6) Pause Young (Concurrent Start) (Metadata GC Threshold)
[2025-09-16T06:54:47.358+0000][185][info ][gc,task     ] GC(6) Using 8 workers of 8 for evacuation
[2025-09-16T06:54:47.358+0000][185][debug][gc,age      ] GC(6) Desired survivor size 41943040 bytes, new threshold 15 (max threshold 15)
[2025-09-16T06:54:47.363+0000][185][info ][gc,phases   ] GC(6)   Pre Evacuate Collection Set: 0.13ms
[2025-09-16T06:54:47.363+0000][185][info ][gc,phases   ] GC(6)   Merge Heap Roots: 0.04ms
[2025-09-16T06:54:47.363+0000][185][info ][gc,phases   ] GC(6)   Evacuate Collection Set: 4.02ms
[2025-09-16T06:54:47.363+0000][185][info ][gc,phases   ] GC(6)   Post Evacuate Collection Set: 0.61ms
[2025-09-16T06:54:47.363+0000][185][info ][gc,phases   ] GC(6)   Other: 0.23ms
[2025-09-16T06:54:47.363+0000][185][trace][gc,age      ] GC(6) Age table with threshold 15 (max threshold 15)
[2025-09-16T06:54:47.364+0000][185][trace][gc,age      ] GC(6) - age   1:      74352 bytes,      74352 total
[2025-09-16T06:54:47.364+0000][185][trace][gc,age      ] GC(6) - age   2:    8165216 bytes,    8239568 total
[2025-09-16T06:54:47.364+0000][185][trace][gc,age      ] GC(6) - age   3:    5952576 bytes,   14192144 total
[2025-09-16T06:54:47.364+0000][185][trace][gc,age      ] GC(6) - age   4:     414784 bytes,   14606928 total
[2025-09-16T06:54:47.364+0000][185][trace][gc,age      ] GC(6) - age   5:    4026880 bytes,   18633808 total
[2025-09-16T06:54:47.364+0000][185][trace][gc,age      ] GC(6) - age   6:    4587728 bytes,   23221536 total
[2025-09-16T06:54:47.364+0000][185][info ][gc,heap     ] GC(6) Eden regions: 1->0(146)
[2025-09-16T06:54:47.364+0000][185][info ][gc,heap     ] GC(6) Survivor regions: 6->7(20)
[2025-09-16T06:54:47.364+0000][185][info ][gc,heap     ] GC(6) Old regions: 1->1
[2025-09-16T06:54:47.364+0000][185][info ][gc,heap     ] GC(6) Humongous regions: 0->0
[2025-09-16T06:54:47.364+0000][185][info ][gc,metaspace] GC(6) Metaspace: 35706K(36608K)->35706K(36608K) NonClass: 31573K(32064K)->31573K(32064K) Class: 4133K(4544K)->4133K(4544K)
[2025-09-16T06:54:47.364+0000][185][info ][gc          ] GC(6) Pause Young (Concurrent Start) (Metadata GC Threshold) 27M->26M(1024M) 5.640ms
[2025-09-16T06:54:47.364+0000][185][info ][gc,cpu      ] GC(6) User=0.02s Sys=0.01s Real=0.01s
[2025-09-16T06:54:47.364+0000][185][info ][gc          ] GC(7) Concurrent Mark Cycle
[2025-09-16T06:54:47.364+0000][185][info ][gc,marking  ] GC(7) Concurrent Scan Root Regions
[2025-09-16T06:54:47.364+0000][185][info ][safepoint   ] Safepoint "CollectForMetadataAllocation", Time since last: 9316792 ns, Reaching safepoint: 1458 ns, Cleanup: 917 ns, At safepoint: 5784667 ns, Total: 5787042 ns
[2025-09-16T06:54:47.367+0000][185][info ][gc,marking  ] GC(7) Concurrent Scan Root Regions 2.737ms
[2025-09-16T06:54:47.370+0000][185][info ][gc,marking  ] GC(7) Concurrent Mark
[2025-09-16T06:54:47.370+0000][185][info ][gc,marking  ] GC(7) Concurrent Mark From Roots
[2025-09-16T06:54:47.371+0000][185][info ][gc,task     ] GC(7) Using 2 workers of 2 for marking
[2025-09-16T06:54:47.371+0000][185][info ][gc,marking  ] GC(7) Concurrent Mark From Roots 0.805ms
[2025-09-16T06:54:47.372+0000][185][info ][gc,marking  ] GC(7) Concurrent Preclean
[2025-09-16T06:54:47.372+0000][185][info ][gc,marking  ] GC(7) Concurrent Preclean 0.072ms
[2025-09-16T06:54:47.373+0000][185][info ][gc,start    ] GC(7) Pause Remark
[2025-09-16T06:54:47.375+0000][185][info ][gc          ] GC(7) Pause Remark 32M->32M(1024M) 2.212ms
[2025-09-16T06:54:47.375+0000][185][info ][gc,cpu      ] GC(7) User=0.01s Sys=0.00s Real=0.00s
[2025-09-16T06:54:47.375+0000][185][info ][safepoint   ] Safepoint "G1PauseRemark", Time since last: 7855458 ns, Reaching safepoint: 749000 ns, Cleanup: 11708 ns, At safepoint: 2286084 ns, Total: 3046792 ns
[2025-09-16T06:54:47.376+0000][185][info ][gc,marking  ] GC(7) Concurrent Mark 5.241ms
[2025-09-16T06:54:47.376+0000][185][info ][gc,marking  ] GC(7) Concurrent Rebuild Remembered Sets and Scrub Regions
[2025-09-16T06:54:47.376+0000][185][info ][gc,marking  ] GC(7) Concurrent Rebuild Remembered Sets and Scrub Regions 0.361ms
[2025-09-16T06:54:47.376+0000][185][info ][gc,start    ] GC(7) Pause Cleanup
[2025-09-16T06:54:47.376+0000][185][info ][gc          ] GC(7) Pause Cleanup 32M->32M(1024M) 0.063ms
[2025-09-16T06:54:47.376+0000][185][info ][gc,cpu      ] GC(7) User=0.00s Sys=0.00s Real=0.00s
[2025-09-16T06:54:47.376+0000][185][info ][safepoint   ] Safepoint "G1PauseCleanup", Time since last: 1357250 ns, Reaching safepoint: 1375 ns, Cleanup: 5833 ns, At safepoint: 127250 ns, Total: 134458 ns
[2025-09-16T06:54:47.377+0000][185][info ][gc,marking  ] GC(7) Concurrent Clear Claimed Marks
[2025-09-16T06:54:47.377+0000][185][info ][gc,marking  ] GC(7) Concurrent Clear Claimed Marks 0.052ms
[2025-09-16T06:54:47.377+0000][185][info ][gc,marking  ] GC(7) Concurrent Cleanup for Next Mark
[2025-09-16T06:54:47.378+0000][185][info ][gc,marking  ] GC(7) Concurrent Cleanup for Next Mark 0.309ms
[2025-09-16T06:54:47.378+0000][185][info ][gc          ] GC(7) Concurrent Mark Cycle 13.760ms
[2025-09-16T06:54:47.804+0000][185][info ][safepoint   ] Safepoint "ICBufferFull", Time since last: 427100584 ns, Reaching safepoint: 3208 ns, Cleanup: 254333 ns, At safepoint: 6709 ns, Total: 264250 ns
[2025-09-16T06:54:47.934+0000][185][info ][gc,start    ] GC(8) Pause Young (Normal) (G1 Evacuation Pause)
[2025-09-16T06:54:47.934+0000][185][info ][gc,task     ] GC(8) Using 8 workers of 8 for evacuation
[2025-09-16T06:54:47.934+0000][185][debug][gc,age      ] GC(8) Desired survivor size 41943040 bytes, new threshold 15 (max threshold 15)
[2025-09-16T06:54:47.942+0000][185][info ][gc,phases   ] GC(8)   Pre Evacuate Collection Set: 0.17ms
[2025-09-16T06:54:47.942+0000][185][info ][gc,phases   ] GC(8)   Merge Heap Roots: 0.07ms
[2025-09-16T06:54:47.942+0000][185][info ][gc,phases   ] GC(8)   Evacuate Collection Set: 6.40ms
[2025-09-16T06:54:47.942+0000][185][info ][gc,phases   ] GC(8)   Post Evacuate Collection Set: 0.88ms
[2025-09-16T06:54:47.942+0000][185][info ][gc,phases   ] GC(8)   Other: 0.18ms
[2025-09-16T06:54:47.942+0000][185][trace][gc,age      ] GC(8) Age table with threshold 15 (max threshold 15)
[2025-09-16T06:54:47.942+0000][185][trace][gc,age      ] GC(8) - age   1:   10079456 bytes,   10079456 total
[2025-09-16T06:54:47.942+0000][185][trace][gc,age      ] GC(8) - age   2:      57256 bytes,   10136712 total
[2025-09-16T06:54:47.942+0000][185][trace][gc,age      ] GC(8) - age   3:    8153984 bytes,   18290696 total
[2025-09-16T06:54:47.942+0000][185][trace][gc,age      ] GC(8) - age   4:    5944776 bytes,   24235472 total
[2025-09-16T06:54:47.942+0000][185][trace][gc,age      ] GC(8) - age   5:     394864 bytes,   24630336 total
[2025-09-16T06:54:47.942+0000][185][trace][gc,age      ] GC(8) - age   6:    4019944 bytes,   28650280 total
[2025-09-16T06:54:47.943+0000][185][trace][gc,age      ] GC(8) - age   7:    4580976 bytes,   33231256 total
[2025-09-16T06:54:47.943+0000][185][info ][gc,heap     ] GC(8) Eden regions: 146->0(144)
[2025-09-16T06:54:47.943+0000][185][info ][gc,heap     ] GC(8) Survivor regions: 7->9(20)
[2025-09-16T06:54:47.943+0000][185][info ][gc,heap     ] GC(8) Old regions: 1->1
[2025-09-16T06:54:47.943+0000][185][info ][gc,heap     ] GC(8) Humongous regions: 0->0
[2025-09-16T06:54:47.943+0000][185][info ][gc,metaspace] GC(8) Metaspace: 38318K(39424K)->38318K(39424K) NonClass: 33826K(34496K)->33826K(34496K) Class: 4491K(4928K)->4491K(4928K)
[2025-09-16T06:54:47.943+0000][185][info ][gc          ] GC(8) Pause Young (Normal) (G1 Evacuation Pause) 610M->36M(1024M) 8.784ms
[2025-09-16T06:54:47.943+0000][185][info ][gc,cpu      ] GC(8) User=0.04s Sys=0.00s Real=0.01s
[2025-09-16T06:54:47.943+0000][185][info ][safepoint   ] Safepoint "G1CollectForAllocation", Time since last: 130162416 ns, Reaching safepoint: 2292 ns, Cleanup: 54833 ns, At safepoint: 8867125 ns, Total: 8924250 ns
[2025-09-16T06:54:48.183+0000][185][info ][safepoint   ] Safepoint "ICBufferFull", Time since last: 240184917 ns, Reaching safepoint: 2125 ns, Cleanup: 60667 ns, At safepoint: 4791 ns, Total: 67583 ns
[2025-09-16T06:54:48.298+0000][185][info ][safepoint   ] Safepoint "ICBufferFull", Time since last: 115005959 ns, Reaching safepoint: 2375 ns, Cleanup: 67583 ns, At safepoint: 4917 ns, Total: 74875 ns
[2025-09-16T06:54:48.494+0000][185][info ][safepoint   ] Safepoint "ICBufferFull", Time since last: 196150042 ns, Reaching safepoint: 6458 ns, Cleanup: 119292 ns, At safepoint: 5875 ns, Total: 131625 ns
[2025-09-16T06:54:49.032+0000][185][info ][safepoint   ] Safepoint "ICBufferFull", Time since last: 536873333 ns, Reaching safepoint: 2458 ns, Cleanup: 143250 ns, At safepoint: 6500 ns, Total: 152208 ns
[2025-09-16T06:54:49.367+0000][185][info ][safepoint   ] Safepoint "ICBufferFull", Time since last: 335614084 ns, Reaching safepoint: 2667 ns, Cleanup: 79916 ns, At safepoint: 8500 ns, Total: 91083 ns
[2025-09-16T06:54:49.739+0000][185][info ][safepoint   ] Safepoint "ICBufferFull", Time since last: 371270209 ns, Reaching safepoint: 2583 ns, Cleanup: 110833 ns, At safepoint: 5959 ns, Total: 119375 ns
[2025-09-16T06:54:49.899+0000][185][info ][gc,start    ] GC(9) Pause Young (Concurrent Start) (Metadata GC Threshold)
[2025-09-16T06:54:49.899+0000][185][info ][gc,task     ] GC(9) Using 8 workers of 8 for evacuation
[2025-09-16T06:54:49.899+0000][185][debug][gc,age      ] GC(9) Desired survivor size 41943040 bytes, new threshold 15 (max threshold 15)
[2025-09-16T06:54:49.914+0000][185][info ][gc,phases   ] GC(9)   Pre Evacuate Collection Set: 0.18ms
[2025-09-16T06:54:49.914+0000][185][info ][gc,phases   ] GC(9)   Merge Heap Roots: 0.08ms
[2025-09-16T06:54:49.915+0000][185][info ][gc,phases   ] GC(9)   Evacuate Collection Set: 13.02ms
[2025-09-16T06:54:49.915+0000][185][info ][gc,phases   ] GC(9)   Post Evacuate Collection Set: 1.62ms
[2025-09-16T06:54:49.915+0000][185][info ][gc,phases   ] GC(9)   Other: 0.18ms
[2025-09-16T06:54:49.915+0000][185][trace][gc,age      ] GC(9) Age table with threshold 15 (max threshold 15)
[2025-09-16T06:54:49.915+0000][185][trace][gc,age      ] GC(9) - age   1:   10346336 bytes,   10346336 total
[2025-09-16T06:54:49.915+0000][185][trace][gc,age      ] GC(9) - age   2:    8853896 bytes,   19200232 total
[2025-09-16T06:54:49.915+0000][185][trace][gc,age      ] GC(9) - age   3:      55704 bytes,   19255936 total
[2025-09-16T06:54:49.915+0000][185][trace][gc,age      ] GC(9) - age   4:    8113192 bytes,   27369128 total
[2025-09-16T06:54:49.915+0000][185][trace][gc,age      ] GC(9) - age   5:    5759696 bytes,   33128824 total
[2025-09-16T06:54:49.915+0000][185][trace][gc,age      ] GC(9) - age   6:     391176 bytes,   33520000 total
[2025-09-16T06:54:49.915+0000][185][trace][gc,age      ] GC(9) - age   7:    3982448 bytes,   37502448 total
[2025-09-16T06:54:49.915+0000][185][trace][gc,age      ] GC(9) - age   8:    4571728 bytes,   42074176 total
[2025-09-16T06:54:49.915+0000][185][info ][gc,heap     ] GC(9) Eden regions: 134->0(141)
[2025-09-16T06:54:49.915+0000][185][info ][gc,heap     ] GC(9) Survivor regions: 9->12(20)
[2025-09-16T06:54:49.915+0000][185][info ][gc,heap     ] GC(9) Old regions: 1->1
[2025-09-16T06:54:49.915+0000][185][info ][gc,heap     ] GC(9) Humongous regions: 0->0
[2025-09-16T06:54:49.915+0000][185][info ][gc,metaspace] GC(9) Metaspace: 59900K(61376K)->59900K(61376K) NonClass: 52336K(53248K)->52336K(53248K) Class: 7563K(8128K)->7563K(8128K)
[2025-09-16T06:54:49.915+0000][185][info ][gc          ] GC(9) Pause Young (Concurrent Start) (Metadata GC Threshold) 572M->46M(1024M) 15.912ms
[2025-09-16T06:54:49.915+0000][185][info ][gc,cpu      ] GC(9) User=0.08s Sys=0.00s Real=0.02s
[2025-09-16T06:54:49.915+0000][185][info ][gc          ] GC(10) Concurrent Mark Cycle
[2025-09-16T06:54:49.915+0000][185][info ][gc,marking  ] GC(10) Concurrent Scan Root Regions
[2025-09-16T06:54:49.915+0000][185][info ][safepoint   ] Safepoint "CollectForMetadataAllocation", Time since last: 160581833 ns, Reaching safepoint: 2334 ns, Cleanup: 35458 ns, At safepoint: 16118000 ns, Total: 16155792 ns
[2025-09-16T06:54:49.921+0000][185][info ][gc,marking  ] GC(10) Concurrent Scan Root Regions 6.071ms
[2025-09-16T06:54:49.922+0000][185][info ][gc,marking  ] GC(10) Concurrent Mark
[2025-09-16T06:54:49.922+0000][185][info ][gc,marking  ] GC(10) Concurrent Mark From Roots
[2025-09-16T06:54:49.922+0000][185][info ][gc,task     ] GC(10) Using 2 workers of 2 for marking
[2025-09-16T06:54:49.924+0000][185][info ][gc,marking  ] GC(10) Concurrent Mark From Roots 2.014ms
[2025-09-16T06:54:49.924+0000][185][info ][gc,marking  ] GC(10) Concurrent Preclean
[2025-09-16T06:54:49.924+0000][185][info ][gc,marking  ] GC(10) Concurrent Preclean 0.035ms
[2025-09-16T06:54:49.924+0000][185][info ][gc,start    ] GC(10) Pause Remark
[2025-09-16T06:54:49.929+0000][185][info ][gc          ] GC(10) Pause Remark 50M->50M(1024M) 4.483ms
[2025-09-16T06:54:49.929+0000][185][info ][gc,cpu      ] GC(10) User=0.02s Sys=0.00s Real=0.00s
[2025-09-16T06:54:49.929+0000][185][info ][safepoint   ] Safepoint "G1PauseRemark", Time since last: 8477750 ns, Reaching safepoint: 650292 ns, Cleanup: 3416 ns, At safepoint: 4574875 ns, Total: 5228583 ns
[2025-09-16T06:54:49.929+0000][185][info ][gc,marking  ] GC(10) Concurrent Mark 7.563ms
[2025-09-16T06:54:49.929+0000][185][info ][gc,marking  ] GC(10) Concurrent Rebuild Remembered Sets and Scrub Regions
[2025-09-16T06:54:49.930+0000][185][info ][gc,marking  ] GC(10) Concurrent Rebuild Remembered Sets and Scrub Regions 0.526ms
[2025-09-16T06:54:49.930+0000][185][info ][gc,start    ] GC(10) Pause Cleanup
[2025-09-16T06:54:49.931+0000][185][info ][gc          ] GC(10) Pause Cleanup 50M->50M(1024M) 0.159ms
[2025-09-16T06:54:49.931+0000][185][info ][gc,cpu      ] GC(10) User=0.00s Sys=0.00s Real=0.00s
[2025-09-16T06:54:49.931+0000][185][info ][safepoint   ] Safepoint "G1PauseCleanup", Time since last: 818292 ns, Reaching safepoint: 598167 ns, Cleanup: 11666 ns, At safepoint: 217375 ns, Total: 827208 ns
[2025-09-16T06:54:49.931+0000][185][info ][gc,marking  ] GC(10) Concurrent Clear Claimed Marks
[2025-09-16T06:54:49.931+0000][185][info ][gc,marking  ] GC(10) Concurrent Clear Claimed Marks 0.068ms
[2025-09-16T06:54:49.931+0000][185][info ][gc,marking  ] GC(10) Concurrent Cleanup for Next Mark
[2025-09-16T06:54:49.931+0000][185][info ][gc,marking  ] GC(10) Concurrent Cleanup for Next Mark 0.449ms
[2025-09-16T06:54:49.931+0000][185][info ][gc          ] GC(10) Concurrent Mark Cycle 16.251ms
[2025-09-16T06:54:50.339+0000][185][info ][safepoint   ] Safepoint "ICBufferFull", Time since last: 408673584 ns, Reaching safepoint: 6250 ns, Cleanup: 117333 ns, At safepoint: 10875 ns, Total: 134458 ns
[2025-09-16T06:54:50.450+0000][185][info ][safepoint   ] Safepoint "ICBufferFull", Time since last: 109952792 ns, Reaching safepoint: 2875 ns, Cleanup: 135750 ns, At safepoint: 7416 ns, Total: 146041 ns
[2025-09-16T06:54:51.403+0000][185][info ][safepoint   ] Safepoint "ICBufferFull", Time since last: 953136834 ns, Reaching safepoint: 8334 ns, Cleanup: 190958 ns, At safepoint: 17500 ns, Total: 216792 ns
[2025-09-16T06:54:51.630+0000][185][info ][safepoint   ] Safepoint "ICBufferFull", Time since last: 226303417 ns, Reaching safepoint: 190083 ns, Cleanup: 81292 ns, At safepoint: 15125 ns, Total: 286500 ns
[2025-09-16T06:54:52.117+0000][185][info ][gc,start    ] GC(11) Pause Young (Normal) (G1 Evacuation Pause)
[2025-09-16T06:54:52.117+0000][185][info ][gc,task     ] GC(11) Using 8 workers of 8 for evacuation
[2025-09-16T06:54:52.117+0000][185][debug][gc,age      ] GC(11) Desired survivor size 41943040 bytes, new threshold 8 (max threshold 15)
[2025-09-16T06:54:52.157+0000][185][info ][gc,phases   ] GC(11)   Pre Evacuate Collection Set: 0.34ms
[2025-09-16T06:54:52.157+0000][185][info ][gc,phases   ] GC(11)   Merge Heap Roots: 0.11ms
[2025-09-16T06:54:52.157+0000][185][info ][gc,phases   ] GC(11)   Evacuate Collection Set: 36.98ms
[2025-09-16T06:54:52.157+0000][185][info ][gc,phases   ] GC(11)   Post Evacuate Collection Set: 2.22ms
[2025-09-16T06:54:52.157+0000][185][info ][gc,phases   ] GC(11)   Other: 0.20ms
[2025-09-16T06:54:52.157+0000][185][trace][gc,age      ] GC(11) Age table with threshold 8 (max threshold 15)
[2025-09-16T06:54:52.157+0000][185][trace][gc,age      ] GC(11) - age   1:   10809336 bytes,   10809336 total
[2025-09-16T06:54:52.157+0000][185][trace][gc,age      ] GC(11) - age   2:    9877664 bytes,   20687000 total
[2025-09-16T06:54:52.157+0000][185][trace][gc,age      ] GC(11) - age   3:    8805080 bytes,   29492080 total
[2025-09-16T06:54:52.157+0000][185][trace][gc,age      ] GC(11) - age   4:      55576 bytes,   29547656 total
[2025-09-16T06:54:52.158+0000][185][trace][gc,age      ] GC(11) - age   5:    8101904 bytes,   37649560 total
[2025-09-16T06:54:52.158+0000][185][trace][gc,age      ] GC(11) - age   6:    5735504 bytes,   43385064 total
[2025-09-16T06:54:52.158+0000][185][trace][gc,age      ] GC(11) - age   7:     388776 bytes,   43773840 total
[2025-09-16T06:54:52.158+0000][185][trace][gc,age      ] GC(11) - age   8:    3975056 bytes,   47748896 total
[2025-09-16T06:54:52.158+0000][185][info ][gc,heap     ] GC(11) Eden regions: 141->0(140)
[2025-09-16T06:54:52.158+0000][185][info ][gc,heap     ] GC(11) Survivor regions: 12->13(20)
[2025-09-16T06:54:52.158+0000][185][info ][gc,heap     ] GC(11) Old regions: 1->2
[2025-09-16T06:54:52.158+0000][185][info ][gc,heap     ] GC(11) Humongous regions: 0->0
[2025-09-16T06:54:52.158+0000][185][info ][gc,metaspace] GC(11) Metaspace: 75249K(77120K)->75249K(77120K) NonClass: 65162K(66304K)->65162K(66304K) Class: 10086K(10816K)->10086K(10816K)
[2025-09-16T06:54:52.158+0000][185][info ][gc          ] GC(11) Pause Young (Normal) (G1 Evacuation Pause) 610M->55M(1024M) 40.623ms
[2025-09-16T06:54:52.158+0000][185][info ][gc,cpu      ] GC(11) User=0.20s Sys=0.00s Real=0.04s
[2025-09-16T06:54:52.158+0000][185][info ][safepoint   ] Safepoint "G1CollectForAllocation", Time since last: 487451292 ns, Reaching safepoint: 4166 ns, Cleanup: 92000 ns, At safepoint: 40774334 ns, Total: 40870500 ns
[2025-09-16T06:54:52.486+0000][185][info ][safepoint   ] Safepoint "ICBufferFull", Time since last: 327847541 ns, Reaching safepoint: 2917 ns, Cleanup: 94042 ns, At safepoint: 5083 ns, Total: 102042 ns
[2025-09-16T06:54:52.715+0000][185][info ][safepoint   ] Safepoint "ICBufferFull", Time since last: 229446167 ns, Reaching safepoint: 18208 ns, Cleanup: 95625 ns, At safepoint: 8334 ns, Total: 122167 ns
[2025-09-16T06:54:53.059+0000][185][info ][safepoint   ] Safepoint "ICBufferFull", Time since last: 343388625 ns, Reaching safepoint: 2875 ns, Cleanup: 74541 ns, At safepoint: 5167 ns, Total: 82583 ns
[2025-09-16T06:54:53.694+0000][185][info ][safepoint   ] Safepoint "ICBufferFull", Time since last: 634443250 ns, Reaching safepoint: 7959 ns, Cleanup: 244250 ns, At safepoint: 10750 ns, Total: 262959 ns
[2025-09-16T06:54:53.959+0000][185][info ][gc,start    ] GC(12) Pause Young (Concurrent Start) (Metadata GC Threshold)
[2025-09-16T06:54:53.959+0000][185][info ][gc,task     ] GC(12) Using 8 workers of 8 for evacuation
[2025-09-16T06:54:53.959+0000][185][debug][gc,age      ] GC(12) Desired survivor size 41943040 bytes, new threshold 6 (max threshold 15)
[2025-09-16T06:54:53.983+0000][185][info ][gc,phases   ] GC(12)   Pre Evacuate Collection Set: 0.57ms
[2025-09-16T06:54:53.983+0000][185][info ][gc,phases   ] GC(12)   Merge Heap Roots: 0.11ms
[2025-09-16T06:54:53.984+0000][185][info ][gc,phases   ] GC(12)   Evacuate Collection Set: 21.14ms
[2025-09-16T06:54:53.984+0000][185][info ][gc,phases   ] GC(12)   Post Evacuate Collection Set: 2.08ms
[2025-09-16T06:54:53.984+0000][185][info ][gc,phases   ] GC(12)   Other: 0.27ms
[2025-09-16T06:54:53.984+0000][185][trace][gc,age      ] GC(12) Age table with threshold 6 (max threshold 15)
[2025-09-16T06:54:53.984+0000][185][trace][gc,age      ] GC(12) - age   1:    9792032 bytes,    9792032 total
[2025-09-16T06:54:53.984+0000][185][trace][gc,age      ] GC(12) - age   2:   10454448 bytes,   20246480 total
[2025-09-16T06:54:53.984+0000][185][trace][gc,age      ] GC(12) - age   3:    9712008 bytes,   29958488 total
[2025-09-16T06:54:53.984+0000][185][trace][gc,age      ] GC(12) - age   4:    8788832 bytes,   38747320 total
[2025-09-16T06:54:53.984+0000][185][trace][gc,age      ] GC(12) - age   5:      55256 bytes,   38802576 total
[2025-09-16T06:54:53.984+0000][185][trace][gc,age      ] GC(12) - age   6:    8076704 bytes,   46879280 total
[2025-09-16T06:54:53.984+0000][185][info ][gc,heap     ] GC(12) Eden regions: 83->0(140)
[2025-09-16T06:54:53.984+0000][185][info ][gc,heap     ] GC(12) Survivor regions: 13->13(20)
[2025-09-16T06:54:53.984+0000][185][info ][gc,heap     ] GC(12) Old regions: 2->4
[2025-09-16T06:54:53.984+0000][185][info ][gc,heap     ] GC(12) Humongous regions: 0->0
[2025-09-16T06:54:53.984+0000][185][info ][gc,metaspace] GC(12) Metaspace: 100564K(102656K)->100564K(102656K) NonClass: 86986K(88192K)->86986K(88192K) Class: 13578K(14464K)->13578K(14464K)
[2025-09-16T06:54:53.984+0000][185][info ][gc          ] GC(12) Pause Young (Concurrent Start) (Metadata GC Threshold) 387M->64M(1024M) 25.158ms
[2025-09-16T06:54:53.984+0000][185][info ][gc,cpu      ] GC(12) User=0.12s Sys=0.01s Real=0.03s
[2025-09-16T06:54:53.984+0000][185][info ][safepoint   ] Safepoint "CollectForMetadataAllocation", Time since last: 265263625 ns, Reaching safepoint: 4875 ns, Cleanup: 28875 ns, At safepoint: 25323583 ns, Total: 25357333 ns
[2025-09-16T06:54:53.984+0000][185][info ][gc          ] GC(13) Concurrent Mark Cycle
[2025-09-16T06:54:53.984+0000][185][info ][gc,marking  ] GC(13) Concurrent Scan Root Regions
[2025-09-16T06:54:53.994+0000][185][info ][gc,marking  ] GC(13) Concurrent Scan Root Regions 9.631ms
[2025-09-16T06:54:53.994+0000][185][info ][gc,marking  ] GC(13) Concurrent Mark
[2025-09-16T06:54:53.994+0000][185][info ][gc,marking  ] GC(13) Concurrent Mark From Roots
[2025-09-16T06:54:53.994+0000][185][info ][gc,task     ] GC(13) Using 2 workers of 2 for marking
[2025-09-16T06:54:53.996+0000][185][info ][safepoint   ] Safepoint "CollectForMetadataAllocation", Time since last: 12196459 ns, Reaching safepoint: 22166 ns, Cleanup: 6209 ns, At safepoint: 58708 ns, Total: 87083 ns
[2025-09-16T06:54:53.997+0000][185][info ][gc,marking  ] GC(13) Concurrent Mark From Roots 2.552ms
[2025-09-16T06:54:53.997+0000][185][info ][gc,marking  ] GC(13) Concurrent Preclean
[2025-09-16T06:54:53.997+0000][185][info ][gc,marking  ] GC(13) Concurrent Preclean 0.027ms
[2025-09-16T06:54:53.998+0000][185][info ][gc,start    ] GC(13) Pause Remark
[2025-09-16T06:54:54.001+0000][185][info ][gc          ] GC(13) Pause Remark 68M->68M(1024M) 3.535ms
[2025-09-16T06:54:54.001+0000][185][info ][gc,cpu      ] GC(13) User=0.02s Sys=0.00s Real=0.00s
[2025-09-16T06:54:54.001+0000][185][info ][safepoint   ] Safepoint "G1PauseRemark", Time since last: 191875 ns, Reaching safepoint: 997917 ns, Cleanup: 2666 ns, At safepoint: 3608250 ns, Total: 4608833 ns
[2025-09-16T06:54:54.001+0000][185][info ][gc,marking  ] GC(13) Concurrent Mark 7.292ms
[2025-09-16T06:54:54.001+0000][185][info ][gc,marking  ] GC(13) Concurrent Rebuild Remembered Sets and Scrub Regions
[2025-09-16T06:54:54.002+0000][185][info ][gc,marking  ] GC(13) Concurrent Rebuild Remembered Sets and Scrub Regions 1.066ms
[2025-09-16T06:54:54.004+0000][185][info ][gc,start    ] GC(13) Pause Cleanup
[2025-09-16T06:54:54.004+0000][185][info ][gc          ] GC(13) Pause Cleanup 68M->68M(1024M) 0.045ms
[2025-09-16T06:54:54.004+0000][185][info ][gc,cpu      ] GC(13) User=0.00s Sys=0.00s Real=0.00s
[2025-09-16T06:54:54.004+0000][185][info ][safepoint   ] Safepoint "G1PauseCleanup", Time since last: 1178167 ns, Reaching safepoint: 1310167 ns, Cleanup: 8250 ns, At safepoint: 101166 ns, Total: 1419583 ns
[2025-09-16T06:54:54.004+0000][185][info ][gc,marking  ] GC(13) Concurrent Clear Claimed Marks
[2025-09-16T06:54:54.004+0000][185][info ][gc,marking  ] GC(13) Concurrent Clear Claimed Marks 0.043ms
[2025-09-16T06:54:54.004+0000][185][info ][gc,marking  ] GC(13) Concurrent Cleanup for Next Mark
[2025-09-16T06:54:54.007+0000][185][info ][gc,marking  ] GC(13) Concurrent Cleanup for Next Mark 3.042ms
[2025-09-16T06:54:54.007+0000][185][info ][gc          ] GC(13) Concurrent Mark Cycle 22.967ms
[2025-09-16T06:54:54.257+0000][185][info ][safepoint   ] Safepoint "ICBufferFull", Time since last: 252068667 ns, Reaching safepoint: 540667 ns, Cleanup: 134500 ns, At safepoint: 11416 ns, Total: 686583 ns
[2025-09-16T06:54:54.549+0000][185][info ][safepoint   ] Safepoint "ICBufferFull", Time since last: 292352917 ns, Reaching safepoint: 4000 ns, Cleanup: 144667 ns, At safepoint: 8875 ns, Total: 157542 ns
[2025-09-16T06:54:54.989+0000][185][info ][safepoint   ] Safepoint "ICBufferFull", Time since last: 439413958 ns, Reaching safepoint: 3000 ns, Cleanup: 82167 ns, At safepoint: 6042 ns, Total: 91209 ns
[2025-09-16T06:54:55.209+0000][185][info ][safepoint   ] Safepoint "ICBufferFull", Time since last: 220746708 ns, Reaching safepoint: 3375 ns, Cleanup: 91667 ns, At safepoint: 6208 ns, Total: 101250 ns
[2025-09-16T06:54:55.309+0000][185][info ][safepoint   ] Safepoint "ICBufferFull", Time since last: 98404000 ns, Reaching safepoint: 700083 ns, Cleanup: 200500 ns, At safepoint: 13542 ns, Total: 914125 ns
[2025-09-16T06:54:55.341+0000][185][info ][safepoint   ] Safepoint "ICBufferFull", Time since last: 30894750 ns, Reaching safepoint: 948833 ns, Cleanup: 146417 ns, At safepoint: 9708 ns, Total: 1104958 ns
[2025-09-16T06:54:55.461+0000][185][info ][safepoint   ] Safepoint "ICBufferFull", Time since last: 118455167 ns, Reaching safepoint: 1576542 ns, Cleanup: 295458 ns, At safepoint: 82125 ns, Total: 1954125 ns
[2025-09-16T06:54:55.524+0000][185][info ][safepoint   ] Safepoint "ICBufferFull", Time since last: 63145542 ns, Reaching safepoint: 4500 ns, Cleanup: 106375 ns, At safepoint: 14125 ns, Total: 125000 ns
[2025-09-16T06:54:55.601+0000][185][info ][safepoint   ] Safepoint "ICBufferFull", Time since last: 74917000 ns, Reaching safepoint: 1088958 ns, Cleanup: 127500 ns, At safepoint: 15834 ns, Total: 1232292 ns
[2025-09-16T06:54:55.638+0000][185][info ][safepoint   ] Safepoint "ICBufferFull", Time since last: 37443291 ns, Reaching safepoint: 7792 ns, Cleanup: 174958 ns, At safepoint: 12959 ns, Total: 195709 ns
[2025-09-16T06:54:55.697+0000][185][info ][safepoint   ] Safepoint "ICBufferFull", Time since last: 58003458 ns, Reaching safepoint: 217000 ns, Cleanup: 91167 ns, At safepoint: 20375 ns, Total: 328542 ns
[2025-09-16T06:54:55.772+0000][185][info ][safepoint   ] Safepoint "ICBufferFull", Time since last: 75402416 ns, Reaching safepoint: 10167 ns, Cleanup: 236375 ns, At safepoint: 10542 ns, Total: 257084 ns
[2025-09-16T06:54:55.974+0000][185][info ][safepoint   ] Safepoint "ICBufferFull", Time since last: 201435416 ns, Reaching safepoint: 4000 ns, Cleanup: 109584 ns, At safepoint: 8000 ns, Total: 121584 ns
[2025-09-16T06:54:56.225+0000][185][info ][safepoint   ] Safepoint "ICBufferFull", Time since last: 247502416 ns, Reaching safepoint: 145792 ns, Cleanup: 129167 ns, At safepoint: 9750 ns, Total: 284709 ns
[2025-09-16T06:54:56.276+0000][185][info ][safepoint   ] Safepoint "ICBufferFull", Time since last: 51506583 ns, Reaching safepoint: 17333 ns, Cleanup: 68042 ns, At safepoint: 10458 ns, Total: 95833 ns
[2025-09-16T06:54:56.532+0000][185][info ][safepoint   ] Safepoint "ICBufferFull", Time since last: 254755709 ns, Reaching safepoint: 608250 ns, Cleanup: 78000 ns, At safepoint: 10291 ns, Total: 696541 ns
[2025-09-16T06:54:56.624+0000][185][info ][safepoint   ] Safepoint "ICBufferFull", Time since last: 91593334 ns, Reaching safepoint: 4625 ns, Cleanup: 104333 ns, At safepoint: 5833 ns, Total: 114791 ns
[2025-09-16T06:54:57.002+0000][185][info ][safepoint   ] Safepoint "ICBufferFull", Time since last: 375622459 ns, Reaching safepoint: 1865667 ns, Cleanup: 723625 ns, At safepoint: 145041 ns, Total: 2734333 ns
[2025-09-16T06:54:57.449+0000][185][info ][safepoint   ] Safepoint "ICBufferFull", Time since last: 447234584 ns, Reaching safepoint: 15083 ns, Cleanup: 113709 ns, At safepoint: 7916 ns, Total: 136708 ns
[2025-09-16T06:54:57.645+0000][185][info ][safepoint   ] Safepoint "ICBufferFull", Time since last: 195943167 ns, Reaching safepoint: 5917 ns, Cleanup: 176875 ns, At safepoint: 31375 ns, Total: 214167 ns
[2025-09-16T06:54:57.891+0000][185][info ][safepoint   ] Safepoint "ICBufferFull", Time since last: 244533041 ns, Reaching safepoint: 846334 ns, Cleanup: 258375 ns, At safepoint: 22416 ns, Total: 1127125 ns
[2025-09-16T06:54:58.003+0000][185][info ][gc,start    ] GC(14) Pause Young (Normal) (G1 Evacuation Pause)
[2025-09-16T06:54:58.003+0000][185][info ][gc,task     ] GC(14) Using 8 workers of 8 for evacuation
[2025-09-16T06:54:58.004+0000][185][debug][gc,age      ] GC(14) Desired survivor size 41943040 bytes, new threshold 6 (max threshold 15)
[2025-09-16T06:54:58.123+0000][185][info ][gc,phases   ] GC(14)   Pre Evacuate Collection Set: 1.18ms
[2025-09-16T06:54:58.123+0000][185][info ][gc,phases   ] GC(14)   Merge Heap Roots: 0.47ms
[2025-09-16T06:54:58.123+0000][185][info ][gc,phases   ] GC(14)   Evacuate Collection Set: 113.54ms
[2025-09-16T06:54:58.123+0000][185][info ][gc,phases   ] GC(14)   Post Evacuate Collection Set: 3.73ms
[2025-09-16T06:54:58.123+0000][185][info ][gc,phases   ] GC(14)   Other: 0.26ms
[2025-09-16T06:54:58.123+0000][185][trace][gc,age      ] GC(14) Age table with threshold 6 (max threshold 15)
[2025-09-16T06:54:58.123+0000][185][trace][gc,age      ] GC(14) - age   1:   44518344 bytes,   44518344 total
[2025-09-16T06:54:58.123+0000][185][trace][gc,age      ] GC(14) - age   2:    9376032 bytes,   53894376 total
[2025-09-16T06:54:58.123+0000][185][trace][gc,age      ] GC(14) - age   3:   10380160 bytes,   64274536 total
[2025-09-16T06:54:58.123+0000][185][trace][gc,age      ] GC(14) - age   4:    9604232 bytes,   73878768 total
[2025-09-16T06:54:58.123+0000][185][trace][gc,age      ] GC(14) - age   5:    8782128 bytes,   82660896 total
[2025-09-16T06:54:58.123+0000][185][trace][gc,age      ] GC(14) - age   6:      55192 bytes,   82716088 total
[2025-09-16T06:54:58.123+0000][185][info ][gc,heap     ] GC(14) Eden regions: 140->0(133)
[2025-09-16T06:54:58.123+0000][185][info ][gc,heap     ] GC(14) Survivor regions: 13->20(20)
[2025-09-16T06:54:58.123+0000][185][info ][gc,heap     ] GC(14) Old regions: 4->9
[2025-09-16T06:54:58.123+0000][185][info ][gc,heap     ] GC(14) Humongous regions: 2->2
[2025-09-16T06:54:58.123+0000][185][info ][gc,metaspace] GC(14) Metaspace: 138260K(142400K)->138260K(142400K) NonClass: 118659K(120896K)->118659K(120896K) Class: 19601K(21504K)->19601K(21504K)
[2025-09-16T06:54:58.123+0000][185][info ][gc          ] GC(14) Pause Young (Normal) (G1 Evacuation Pause) 632M->123M(1024M) 120.010ms
[2025-09-16T06:54:58.123+0000][185][info ][gc,cpu      ] GC(14) User=0.74s Sys=0.03s Real=0.12s
[2025-09-16T06:54:58.124+0000][185][info ][safepoint   ] Safepoint "G1CollectForAllocation", Time since last: 112120292 ns, Reaching safepoint: 8292 ns, Cleanup: 85458 ns, At safepoint: 120191417 ns, Total: 120285167 ns
[2025-09-16T06:54:58.209+0000][185][info ][gc,start    ] GC(15) Pause Young (Normal) (G1 Evacuation Pause)
[2025-09-16T06:54:58.209+0000][185][info ][gc,task     ] GC(15) Using 8 workers of 8 for evacuation
[2025-09-16T06:54:58.209+0000][185][debug][gc,age      ] GC(15) Desired survivor size 6291456 bytes, new threshold 1 (max threshold 15)
[2025-09-16T06:54:58.274+0000][185][info ][gc,phases   ] GC(15)   Pre Evacuate Collection Set: 0.23ms
[2025-09-16T06:54:58.274+0000][185][info ][gc,phases   ] GC(15)   Merge Heap Roots: 0.43ms
[2025-09-16T06:54:58.274+0000][185][info ][gc,phases   ] GC(15)   Evacuate Collection Set: 62.33ms
[2025-09-16T06:54:58.274+0000][185][info ][gc,phases   ] GC(15)   Post Evacuate Collection Set: 1.42ms
[2025-09-16T06:54:58.274+0000][185][info ][gc,phases   ] GC(15)   Other: 0.49ms
[2025-09-16T06:54:58.274+0000][185][trace][gc,age      ] GC(15) Age table with threshold 1 (max threshold 15)
[2025-09-16T06:54:58.274+0000][185][trace][gc,age      ] GC(15) - age   1:     193032 bytes,     193032 total
[2025-09-16T06:54:58.274+0000][185][info ][gc,heap     ] GC(15) Eden regions: 2->0(150)
[2025-09-16T06:54:58.274+0000][185][info ][gc,heap     ] GC(15) Survivor regions: 20->3(3)
[2025-09-16T06:54:58.274+0000][185][info ][gc,heap     ] GC(15) Old regions: 9->30
[2025-09-16T06:54:58.274+0000][185][info ][gc,heap     ] GC(15) Humongous regions: 2->2
[2025-09-16T06:54:58.274+0000][185][info ][gc,metaspace] GC(15) Metaspace: 138762K(142848K)->138762K(142848K) NonClass: 119090K(121280K)->119090K(121280K) Class: 19672K(21568K)->19672K(21568K)
[2025-09-16T06:54:58.274+0000][185][info ][gc          ] GC(15) Pause Young (Normal) (G1 Evacuation Pause) 131M->136M(1024M) 65.648ms
[2025-09-16T06:54:58.275+0000][185][info ][gc,cpu      ] GC(15) User=0.42s Sys=0.01s Real=0.06s
[2025-09-16T06:54:58.275+0000][185][info ][safepoint   ] Safepoint "G1CollectForAllocation", Time since last: 85173375 ns, Reaching safepoint: 22750 ns, Cleanup: 71958 ns, At safepoint: 65800209 ns, Total: 65894917 ns
[2025-09-16T06:54:58.464+0000][185][info ][safepoint   ] Safepoint "ICBufferFull", Time since last: 188671083 ns, Reaching safepoint: 520000 ns, Cleanup: 94458 ns, At safepoint: 438709 ns, Total: 1053167 ns
[2025-09-16T06:54:58.964+0000][185][info ][safepoint   ] Safepoint "ICBufferFull", Time since last: 499101875 ns, Reaching safepoint: 25708 ns, Cleanup: 83292 ns, At safepoint: 17792 ns, Total: 126792 ns
[2025-09-16T06:54:59.415+0000][185][info ][safepoint   ] Safepoint "ICBufferFull", Time since last: 450848208 ns, Reaching safepoint: 343625 ns, Cleanup: 168375 ns, At safepoint: 186292 ns, Total: 698292 ns
[2025-09-16T06:55:00.093+0000][185][info ][safepoint   ] Safepoint "ICBufferFull", Time since last: 676683375 ns, Reaching safepoint: 1175375 ns, Cleanup: 320708 ns, At safepoint: 22125 ns, Total: 1518208 ns
[2025-09-16T06:55:01.101+0000][185][info ][safepoint   ] Safepoint "Cleanup", Time since last: 1005896834 ns, Reaching safepoint: 1859542 ns, Cleanup: 123167 ns, At safepoint: 35541 ns, Total: 2018250 ns
[2025-09-16T06:55:01.781+0000][185][info ][safepoint   ] Safepoint "ICBufferFull", Time since last: 680068167 ns, Reaching safepoint: 22000 ns, Cleanup: 125250 ns, At safepoint: 28084 ns, Total: 175334 ns
[2025-09-16T06:55:02.533+0000][185][info ][safepoint   ] Safepoint "ICBufferFull", Time since last: 751548208 ns, Reaching safepoint: 20500 ns, Cleanup: 134625 ns, At safepoint: 181334 ns, Total: 336459 ns
[2025-09-16T06:55:03.538+0000][185][info ][safepoint   ] Safepoint "Cleanup", Time since last: 1004078667 ns, Reaching safepoint: 29375 ns, Cleanup: 70916 ns, At safepoint: 12667 ns, Total: 112958 ns
[2025-09-16T06:55:04.282+0000][185][info ][safepoint   ] Safepoint "ICBufferFull", Time since last: 744212625 ns, Reaching safepoint: 20625 ns, Cleanup: 311042 ns, At safepoint: 16250 ns, Total: 347917 ns
[2025-09-16T06:55:05.014+0000][185][info ][safepoint   ] Safepoint "ICBufferFull", Time since last: 731187167 ns, Reaching safepoint: 415333 ns, Cleanup: 232959 ns, At safepoint: 59458 ns, Total: 707750 ns
[2025-09-16T06:55:05.296+0000][185][info ][safepoint   ] Safepoint "ICBufferFull", Time since last: 280737000 ns, Reaching safepoint: 1179542 ns, Cleanup: 191292 ns, At safepoint: 24041 ns, Total: 1394875 ns
[2025-09-16T06:55:05.507+0000][185][info ][safepoint   ] Safepoint "ICBufferFull", Time since last: 210369167 ns, Reaching safepoint: 32000 ns, Cleanup: 369000 ns, At safepoint: 20958 ns, Total: 421958 ns
[2025-09-16T06:55:06.125+0000][185][info ][safepoint   ] Safepoint "ICBufferFull", Time since last: 617658167 ns, Reaching safepoint: 6250 ns, Cleanup: 476042 ns, At safepoint: 18917 ns, Total: 501209 ns
[2025-09-16T06:55:06.667+0000][185][info ][safepoint   ] Safepoint "ICBufferFull", Time since last: 541799208 ns, Reaching safepoint: 39042 ns, Cleanup: 136458 ns, At safepoint: 13750 ns, Total: 189250 ns
[2025-09-16T06:55:07.007+0000][185][info ][safepoint   ] Safepoint "ICBufferFull", Time since last: 340121084 ns, Reaching safepoint: 36625 ns, Cleanup: 161541 ns, At safepoint: 23292 ns, Total: 221458 ns
[2025-09-16T06:55:07.598+0000][185][info ][safepoint   ] Safepoint "ICBufferFull", Time since last: 590256875 ns, Reaching safepoint: 12709 ns, Cleanup: 155875 ns, At safepoint: 8875 ns, Total: 177459 ns
[2025-09-16T06:55:08.599+0000][185][info ][safepoint   ] Safepoint "Cleanup", Time since last: 1001053625 ns, Reaching safepoint: 180375 ns, Cleanup: 311584 ns, At safepoint: 24500 ns, Total: 516459 ns
[2025-09-16T06:55:09.601+0000][185][info ][safepoint   ] Safepoint "Cleanup", Time since last: 1001375000 ns, Reaching safepoint: 197917 ns, Cleanup: 70833 ns, At safepoint: 12375 ns, Total: 281125 ns
[2025-09-16T06:55:10.605+0000][185][info ][safepoint   ] Safepoint "Cleanup", Time since last: 1002285750 ns, Reaching safepoint: 426792 ns, Cleanup: 68083 ns, At safepoint: 752875 ns, Total: 1247750 ns
[2025-09-16T06:55:11.608+0000][185][info ][safepoint   ] Safepoint "Cleanup", Time since last: 1003150293 ns, Reaching safepoint: 41625 ns, Cleanup: 24125 ns, At safepoint: 8125 ns, Total: 73875 ns
[2025-09-16T06:55:13.613+0000][185][info ][safepoint   ] Safepoint "Cleanup", Time since last: 2005207667 ns, Reaching safepoint: 215209 ns, Cleanup: 81333 ns, At safepoint: 13042 ns, Total: 309584 ns
[2025-09-16T06:55:15.619+0000][185][info ][safepoint   ] Safepoint "Cleanup", Time since last: 2005725876 ns, Reaching safepoint: 73125 ns, Cleanup: 36041 ns, At safepoint: 6834 ns, Total: 116000 ns
[2025-09-16T06:55:16.621+0000][185][info ][safepoint   ] Safepoint "Cleanup", Time since last: 1001519542 ns, Reaching safepoint: 162291 ns, Cleanup: 25459 ns, At safepoint: 7333 ns, Total: 195083 ns
[2025-09-16T06:55:17.622+0000][185][info ][safepoint   ] Safepoint "Cleanup", Time since last: 1000841292 ns, Reaching safepoint: 193417 ns, Cleanup: 27416 ns, At safepoint: 5792 ns, Total: 226625 ns
[2025-09-16T06:55:18.625+0000][185][info ][safepoint   ] Safepoint "Cleanup", Time since last: 1002638709 ns, Reaching safepoint: 595708 ns, Cleanup: 89250 ns, At safepoint: 9000 ns, Total: 693958 ns
[2025-09-16T06:55:20.627+0000][185][info ][safepoint   ] Safepoint "Cleanup", Time since last: 2001876960 ns, Reaching safepoint: 179583 ns, Cleanup: 22958 ns, At safepoint: 9959 ns, Total: 212500 ns
[2025-09-16T06:55:21.853+0000][185][info ][safepoint   ] Safepoint "Cleanup", Time since last: 1225081958 ns, Reaching safepoint: 17209 ns, Cleanup: 12500 ns, At safepoint: 3958 ns, Total: 33667 ns
[2025-09-16T06:55:22.131+0000][185][info ][safepoint   ] Safepoint "ICBufferFull", Time since last: 277818625 ns, Reaching safepoint: 415750 ns, Cleanup: 95917 ns, At safepoint: 22917 ns, Total: 534584 ns
[2025-09-16T06:55:22.217+0000][185][info ][safepoint   ] Safepoint "ICBufferFull", Time since last: 85390916 ns, Reaching safepoint: 430167 ns, Cleanup: 138792 ns, At safepoint: 20125 ns, Total: 589084 ns
[2025-09-16T06:55:22.218+0000][185][info ][safepoint   ] Safepoint "ICBufferFull", Time since last: 194458 ns, Reaching safepoint: 647333 ns, Cleanup: 14125 ns, At safepoint: 27292 ns, Total: 688750 ns
[2025-09-16T06:55:22.257+0000][185][info ][safepoint   ] Safepoint "ICBufferFull", Time since last: 38009292 ns, Reaching safepoint: 976125 ns, Cleanup: 104125 ns, At safepoint: 27583 ns, Total: 1107833 ns
[2025-09-16T06:55:22.868+0000][185][info ][safepoint   ] Safepoint "ICBufferFull", Time since last: 610074000 ns, Reaching safepoint: 770584 ns, Cleanup: 114416 ns, At safepoint: 21375 ns, Total: 906375 ns
[2025-09-16T06:55:22.873+0000][185][info ][safepoint   ] Safepoint "ICBufferFull", Time since last: 4622000 ns, Reaching safepoint: 406500 ns, Cleanup: 33459 ns, At safepoint: 14541 ns, Total: 454500 ns
[2025-09-16T06:55:22.879+0000][185][info ][safepoint   ] Safepoint "ICBufferFull", Time since last: 4516500 ns, Reaching safepoint: 1247834 ns, Cleanup: 16875 ns, At safepoint: 10708 ns, Total: 1275417 ns
[2025-09-16T06:55:22.890+0000][185][info ][safepoint   ] Safepoint "ICBufferFull", Time since last: 10412792 ns, Reaching safepoint: 626250 ns, Cleanup: 25333 ns, At safepoint: 15500 ns, Total: 667083 ns
[2025-09-16T06:55:22.974+0000][185][info ][safepoint   ] Safepoint "ICBufferFull", Time since last: 82898458 ns, Reaching safepoint: 1254167 ns, Cleanup: 403667 ns, At safepoint: 28958 ns, Total: 1686792 ns
[2025-09-16T06:55:22.975+0000][185][info ][safepoint   ] Safepoint "ICBufferFull", Time since last: 880042 ns, Reaching safepoint: 51583 ns, Cleanup: 4625 ns, At safepoint: 18708 ns, Total: 74916 ns
[2025-09-16T06:55:22.976+0000][185][info ][safepoint   ] Safepoint "ICBufferFull", Time since last: 607750 ns, Reaching safepoint: 81625 ns, Cleanup: 2209 ns, At safepoint: 13833 ns, Total: 97667 ns
[2025-09-16T06:55:23.088+0000][185][info ][safepoint   ] Safepoint "ICBufferFull", Time since last: 111969625 ns, Reaching safepoint: 31583 ns, Cleanup: 219000 ns, At safepoint: 17292 ns, Total: 267875 ns
[2025-09-16T06:55:23.238+0000][185][info ][safepoint   ] Safepoint "ICBufferFull", Time since last: 149370917 ns, Reaching safepoint: 46208 ns, Cleanup: 482750 ns, At safepoint: 48417 ns, Total: 577375 ns
[2025-09-16T06:55:24.117+0000][185][info ][safepoint   ] Safepoint "ICBufferFull", Time since last: 877500750 ns, Reaching safepoint: 1066959 ns, Cleanup: 202208 ns, At safepoint: 37292 ns, Total: 1306459 ns
[2025-09-16T06:55:24.122+0000][185][info ][safepoint   ] Safepoint "ICBufferFull", Time since last: 1132958 ns, Reaching safepoint: 1548875 ns, Cleanup: 7167 ns, At safepoint: 2630250 ns, Total: 4186292 ns
[2025-09-16T06:55:24.126+0000][185][info ][safepoint   ] Safepoint "ICBufferFull", Time since last: 1500000 ns, Reaching safepoint: 1858750 ns, Cleanup: 26833 ns, At safepoint: 34583 ns, Total: 1920166 ns
[2025-09-16T06:55:24.130+0000][185][info ][safepoint   ] Safepoint "ICBufferFull", Time since last: 3681584 ns, Reaching safepoint: 242916 ns, Cleanup: 16959 ns, At safepoint: 34083 ns, Total: 293958 ns
[2025-09-16T06:55:24.136+0000][185][info ][safepoint   ] Safepoint "ICBufferFull", Time since last: 4480833 ns, Reaching safepoint: 1459959 ns, Cleanup: 21291 ns, At safepoint: 34917 ns, Total: 1516167 ns
[2025-09-16T06:55:24.142+0000][185][info ][gc,start    ] GC(16) Pause Young (Normal) (G1 Evacuation Pause)
[2025-09-16T06:55:24.144+0000][185][info ][gc,task     ] GC(16) Using 8 workers of 8 for evacuation
[2025-09-16T06:55:24.148+0000][185][debug][gc,age      ] GC(16) Desired survivor size 41943040 bytes, new threshold 15 (max threshold 15)
[2025-09-16T06:55:24.197+0000][185][info ][gc,phases   ] GC(16)   Pre Evacuate Collection Set: 3.27ms
[2025-09-16T06:55:24.197+0000][185][info ][gc,phases   ] GC(16)   Merge Heap Roots: 0.44ms
[2025-09-16T06:55:24.197+0000][185][info ][gc,phases   ] GC(16)   Evacuate Collection Set: 42.75ms
[2025-09-16T06:55:24.197+0000][185][info ][gc,phases   ] GC(16)   Post Evacuate Collection Set: 2.20ms
[2025-09-16T06:55:24.197+0000][185][info ][gc,phases   ] GC(16)   Other: 4.17ms
[2025-09-16T06:55:24.197+0000][185][trace][gc,age      ] GC(16) Age table with threshold 15 (max threshold 15)
[2025-09-16T06:55:24.197+0000][185][trace][gc,age      ] GC(16) - age   1:   21521424 bytes,   21521424 total
[2025-09-16T06:55:24.197+0000][185][trace][gc,age      ] GC(16) - age   2:     183560 bytes,   21704984 total
[2025-09-16T06:55:24.197+0000][185][info ][gc,heap     ] GC(16) Eden regions: 150->0(147)
[2025-09-16T06:55:24.197+0000][185][info ][gc,heap     ] GC(16) Survivor regions: 3->6(20)
[2025-09-16T06:55:24.197+0000][185][info ][gc,heap     ] GC(16) Old regions: 30->30
[2025-09-16T06:55:24.197+0000][185][info ][gc,heap     ] GC(16) Humongous regions: 2->2
[2025-09-16T06:55:24.197+0000][185][info ][gc,metaspace] GC(16) Metaspace: 150427K(154752K)->150427K(154752K) NonClass: 129089K(131456K)->129089K(131456K) Class: 21338K(23296K)->21338K(23296K)
[2025-09-16T06:55:24.197+0000][185][info ][gc          ] GC(16) Pause Young (Normal) (G1 Evacuation Pause) 736M->150M(1024M) 55.277ms
[2025-09-16T06:55:24.197+0000][185][info ][gc,cpu      ] GC(16) User=0.27s Sys=0.00s Real=0.06s
[2025-09-16T06:55:24.197+0000][185][info ][safepoint   ] Safepoint "G1CollectForAllocation", Time since last: 4897583 ns, Reaching safepoint: 1045084 ns, Cleanup: 9541 ns, At safepoint: 55733709 ns, Total: 56788334 ns
[2025-09-16T06:55:24.201+0000][185][info ][safepoint   ] Safepoint "ICBufferFull", Time since last: 3344791 ns, Reaching safepoint: 87792 ns, Cleanup: 26500 ns, At safepoint: 31167 ns, Total: 145459 ns
[2025-09-16T06:55:24.202+0000][185][info ][safepoint   ] Safepoint "ICBufferFull", Time since last: 634291 ns, Reaching safepoint: 207792 ns, Cleanup: 5000 ns, At safepoint: 106583 ns, Total: 319375 ns
[2025-09-16T06:55:24.209+0000][185][info ][safepoint   ] Safepoint "ICBufferFull", Time since last: 5742125 ns, Reaching safepoint: 1091334 ns, Cleanup: 60000 ns, At safepoint: 33958 ns, Total: 1185292 ns
[2025-09-16T06:55:24.275+0000][185][info ][safepoint   ] Safepoint "ICBufferFull", Time since last: 66185917 ns, Reaching safepoint: 11333 ns, Cleanup: 113167 ns, At safepoint: 14375 ns, Total: 138875 ns
[2025-09-16T06:55:24.453+0000][185][info ][safepoint   ] Safepoint "ICBufferFull", Time since last: 176649541 ns, Reaching safepoint: 1069042 ns, Cleanup: 254500 ns, At safepoint: 66125 ns, Total: 1389667 ns
[2025-09-16T06:55:24.547+0000][185][info ][safepoint   ] Safepoint "ICBufferFull", Time since last: 88789375 ns, Reaching safepoint: 856583 ns, Cleanup: 131417 ns, At safepoint: 3746167 ns, Total: 4734167 ns
[2025-09-16T06:55:24.683+0000][185][info ][safepoint   ] Safepoint "ICBufferFull", Time since last: 134115458 ns, Reaching safepoint: 2149375 ns, Cleanup: 136959 ns, At safepoint: 128916 ns, Total: 2415250 ns
[2025-09-16T06:55:24.687+0000][185][info ][safepoint   ] Safepoint "ICBufferFull", Time since last: 3833792 ns, Reaching safepoint: 52375 ns, Cleanup: 13375 ns, At safepoint: 24458 ns, Total: 90208 ns
[2025-09-16T06:55:24.832+0000][185][info ][safepoint   ] Safepoint "ICBufferFull", Time since last: 143688209 ns, Reaching safepoint: 1115708 ns, Cleanup: 93417 ns, At safepoint: 22958 ns, Total: 1232083 ns
[2025-09-16T06:55:24.963+0000][185][info ][safepoint   ] Safepoint "ICBufferFull", Time since last: 130331583 ns, Reaching safepoint: 341917 ns, Cleanup: 236083 ns, At safepoint: 26459 ns, Total: 604459 ns
[2025-09-16T06:55:25.131+0000][185][info ][safepoint   ] Safepoint "ICBufferFull", Time since last: 167082000 ns, Reaching safepoint: 63958 ns, Cleanup: 346083 ns, At safepoint: 51209 ns, Total: 461250 ns
[2025-09-16T06:55:25.219+0000][185][info ][gc,start    ] GC(17) Pause Young (Normal) (G1 Evacuation Pause)
[2025-09-16T06:55:25.219+0000][185][info ][gc,task     ] GC(17) Using 8 workers of 8 for evacuation
[2025-09-16T06:55:25.219+0000][185][debug][gc,age      ] GC(17) Desired survivor size 41943040 bytes, new threshold 15 (max threshold 15)
[2025-09-16T06:55:25.242+0000][185][info ][gc,phases   ] GC(17)   Pre Evacuate Collection Set: 0.26ms
[2025-09-16T06:55:25.242+0000][185][info ][gc,phases   ] GC(17)   Merge Heap Roots: 0.18ms
[2025-09-16T06:55:25.242+0000][185][info ][gc,phases   ] GC(17)   Evacuate Collection Set: 17.40ms
[2025-09-16T06:55:25.242+0000][185][info ][gc,phases   ] GC(17)   Post Evacuate Collection Set: 4.98ms
[2025-09-16T06:55:25.243+0000][185][info ][gc,phases   ] GC(17)   Other: 0.41ms
[2025-09-16T06:55:25.243+0000][185][trace][gc,age      ] GC(17) Age table with threshold 15 (max threshold 15)
[2025-09-16T06:55:25.243+0000][185][trace][gc,age      ] GC(17) - age   1:   12603504 bytes,   12603504 total
[2025-09-16T06:55:25.243+0000][185][trace][gc,age      ] GC(17) - age   2:   19117968 bytes,   31721472 total
[2025-09-16T06:55:25.243+0000][185][trace][gc,age      ] GC(17) - age   3:     183528 bytes,   31905000 total
[2025-09-16T06:55:25.243+0000][185][info ][gc,heap     ] GC(17) Eden regions: 147->0(144)
[2025-09-16T06:55:25.243+0000][185][info ][gc,heap     ] GC(17) Survivor regions: 6->9(20)
[2025-09-16T06:55:25.243+0000][185][info ][gc,heap     ] GC(17) Old regions: 30->30
[2025-09-16T06:55:25.243+0000][185][info ][gc,heap     ] GC(17) Humongous regions: 2->2
[2025-09-16T06:55:25.243+0000][185][info ][gc,metaspace] GC(17) Metaspace: 152533K(156864K)->152533K(156864K) NonClass: 130985K(133376K)->130985K(133376K) Class: 21548K(23488K)->21548K(23488K)
[2025-09-16T06:55:25.243+0000][185][info ][gc          ] GC(17) Pause Young (Normal) (G1 Evacuation Pause) 738M->161M(1024M) 24.270ms
[2025-09-16T06:55:25.243+0000][185][info ][gc,cpu      ] GC(17) User=0.12s Sys=0.00s Real=0.02s
[2025-09-16T06:55:25.243+0000][185][info ][safepoint   ] Safepoint "G1CollectForAllocation", Time since last: 88056291 ns, Reaching safepoint: 50209 ns, Cleanup: 71875 ns, At safepoint: 24410666 ns, Total: 24532750 ns
[2025-09-16T06:55:25.374+0000][185][info ][safepoint   ] Safepoint "ICBufferFull", Time since last: 130772792 ns, Reaching safepoint: 10750 ns, Cleanup: 186625 ns, At safepoint: 9542 ns, Total: 206917 ns
[2025-09-16T06:55:25.574+0000][185][info ][safepoint   ] Safepoint "ICBufferFull", Time since last: 199505625 ns, Reaching safepoint: 12083 ns, Cleanup: 120292 ns, At safepoint: 14625 ns, Total: 147000 ns
[2025-09-16T06:55:25.697+0000][185][info ][safepoint   ] Safepoint "ICBufferFull", Time since last: 121948833 ns, Reaching safepoint: 1195542 ns, Cleanup: 116792 ns, At safepoint: 43833 ns, Total: 1356167 ns
[2025-09-16T06:55:25.705+0000][185][info ][safepoint   ] Safepoint "ICBufferFull", Time since last: 6013000 ns, Reaching safepoint: 697625 ns, Cleanup: 8208 ns, At safepoint: 1535042 ns, Total: 2240875 ns
[2025-09-16T06:55:25.753+0000][185][info ][safepoint   ] Safepoint "ICBufferFull", Time since last: 47951083 ns, Reaching safepoint: 21542 ns, Cleanup: 81333 ns, At safepoint: 17125 ns, Total: 120000 ns
[2025-09-16T06:55:25.829+0000][185][info ][safepoint   ] Safepoint "ICBufferFull", Time since last: 75762875 ns, Reaching safepoint: 11542 ns, Cleanup: 99208 ns, At safepoint: 6292 ns, Total: 117042 ns
[2025-09-16T06:55:26.007+0000][185][info ][gc,start    ] GC(18) Pause Young (Concurrent Start) (CodeCache GC Threshold)
[2025-09-16T06:55:26.008+0000][185][info ][gc,task     ] GC(18) Using 8 workers of 8 for evacuation
[2025-09-16T06:55:26.008+0000][185][debug][gc,age      ] GC(18) Desired survivor size 41943040 bytes, new threshold 15 (max threshold 15)
[2025-09-16T06:55:26.024+0000][185][info ][gc,phases   ] GC(18)   Pre Evacuate Collection Set: 0.74ms
[2025-09-16T06:55:26.024+0000][185][info ][gc,phases   ] GC(18)   Merge Heap Roots: 0.21ms
[2025-09-16T06:55:26.024+0000][185][info ][gc,phases   ] GC(18)   Evacuate Collection Set: 12.77ms
[2025-09-16T06:55:26.024+0000][185][info ][gc,phases   ] GC(18)   Post Evacuate Collection Set: 1.28ms
[2025-09-16T06:55:26.024+0000][185][info ][gc,phases   ] GC(18)   Other: 0.71ms
[2025-09-16T06:55:26.024+0000][185][trace][gc,age      ] GC(18) Age table with threshold 15 (max threshold 15)
[2025-09-16T06:55:26.024+0000][185][trace][gc,age      ] GC(18) - age   1:    1997792 bytes,    1997792 total
[2025-09-16T06:55:26.024+0000][185][trace][gc,age      ] GC(18) - age   2:    5421376 bytes,    7419168 total
[2025-09-16T06:55:26.024+0000][185][trace][gc,age      ] GC(18) - age   3:   18955256 bytes,   26374424 total
[2025-09-16T06:55:26.024+0000][185][trace][gc,age      ] GC(18) - age   4:     183528 bytes,   26557952 total
[2025-09-16T06:55:26.024+0000][185][info ][gc,heap     ] GC(18) Eden regions: 33->0(146)
[2025-09-16T06:55:26.024+0000][185][info ][gc,heap     ] GC(18) Survivor regions: 9->7(20)
[2025-09-16T06:55:26.024+0000][185][info ][gc,heap     ] GC(18) Old regions: 30->30
[2025-09-16T06:55:26.024+0000][185][info ][gc,heap     ] GC(18) Humongous regions: 2->2
[2025-09-16T06:55:26.024+0000][185][info ][gc,metaspace] GC(18) Metaspace: 153500K(157888K)->153500K(157888K) NonClass: 131862K(134272K)->131862K(134272K) Class: 21637K(23616K)->21637K(23616K)
[2025-09-16T06:55:26.024+0000][185][info ][gc          ] GC(18) Pause Young (Concurrent Start) (CodeCache GC Threshold) 291M->154M(1024M) 16.509ms
[2025-09-16T06:55:26.024+0000][185][info ][gc          ] GC(19) Concurrent Mark Cycle
[2025-09-16T06:55:26.025+0000][185][info ][gc,marking  ] GC(19) Concurrent Scan Root Regions
[2025-09-16T06:55:26.025+0000][185][info ][gc,cpu      ] GC(18) User=0.07s Sys=0.00s Real=0.01s
[2025-09-16T06:55:26.025+0000][185][info ][safepoint   ] Safepoint "G1TryInitiateConcMark", Time since last: 177847958 ns, Reaching safepoint: 14792 ns, Cleanup: 103333 ns, At safepoint: 16844417 ns, Total: 16962542 ns
[2025-09-16T06:55:26.033+0000][185][info ][gc,marking  ] GC(19) Concurrent Scan Root Regions 7.974ms
[2025-09-16T06:55:26.033+0000][185][info ][gc,marking  ] GC(19) Concurrent Mark
[2025-09-16T06:55:26.033+0000][185][info ][gc,marking  ] GC(19) Concurrent Mark From Roots
[2025-09-16T06:55:26.033+0000][185][info ][gc,task     ] GC(19) Using 2 workers of 2 for marking
[2025-09-16T06:55:26.115+0000][185][info ][gc,marking  ] GC(19) Concurrent Mark From Roots 82.579ms
[2025-09-16T06:55:26.115+0000][185][info ][gc,marking  ] GC(19) Concurrent Preclean
[2025-09-16T06:55:26.116+0000][185][info ][gc,marking  ] GC(19) Concurrent Preclean 0.640ms
[2025-09-16T06:55:26.117+0000][185][info ][gc,start    ] GC(19) Pause Remark
[2025-09-16T06:55:26.183+0000][185][info ][gc          ] GC(19) Pause Remark 164M->164M(1024M) 66.899ms
[2025-09-16T06:55:26.184+0000][185][info ][gc,cpu      ] GC(19) User=0.38s Sys=0.00s Real=0.06s
[2025-09-16T06:55:26.184+0000][185][info ][safepoint   ] Safepoint "G1PauseRemark", Time since last: 91453958 ns, Reaching safepoint: 343167 ns, Cleanup: 48625 ns, At safepoint: 67582166 ns, Total: 67973958 ns
[2025-09-16T06:55:26.184+0000][185][info ][gc,marking  ] GC(19) Concurrent Mark 151.866ms
[2025-09-16T06:55:26.185+0000][185][info ][gc,marking  ] GC(19) Concurrent Rebuild Remembered Sets and Scrub Regions
[2025-09-16T06:55:26.211+0000][185][info ][gc,marking  ] GC(19) Concurrent Rebuild Remembered Sets and Scrub Regions 26.175ms
[2025-09-16T06:55:26.211+0000][185][info ][gc,start    ] GC(19) Pause Cleanup
[2025-09-16T06:55:26.212+0000][185][info ][gc          ] GC(19) Pause Cleanup 166M->166M(1024M) 0.330ms
[2025-09-16T06:55:26.212+0000][185][info ][gc,cpu      ] GC(19) User=0.00s Sys=0.00s Real=0.00s
[2025-09-16T06:55:26.212+0000][185][info ][safepoint   ] Safepoint "G1PauseCleanup", Time since last: 27278292 ns, Reaching safepoint: 34083 ns, Cleanup: 49750 ns, At safepoint: 482459 ns, Total: 566292 ns
[2025-09-16T06:55:26.212+0000][185][info ][gc,marking  ] GC(19) Concurrent Clear Claimed Marks
[2025-09-16T06:55:26.214+0000][185][info ][gc,marking  ] GC(19) Concurrent Clear Claimed Marks 1.766ms
[2025-09-16T06:55:26.214+0000][185][info ][gc,marking  ] GC(19) Concurrent Cleanup for Next Mark
[2025-09-16T06:55:26.222+0000][185][info ][gc,marking  ] GC(19) Concurrent Cleanup for Next Mark 8.302ms
[2025-09-16T06:55:26.223+0000][185][info ][gc          ] GC(19) Concurrent Mark Cycle 198.717ms
[2025-09-16T06:55:26.375+0000][185][info ][safepoint   ] Safepoint "ICBufferFull", Time since last: 163200375 ns, Reaching safepoint: 11166 ns, Cleanup: 125375 ns, At safepoint: 4292 ns, Total: 140833 ns
[2025-09-16T06:55:26.676+0000][185][info ][safepoint   ] Safepoint "ICBufferFull", Time since last: 300763917 ns, Reaching safepoint: 33416 ns, Cleanup: 82542 ns, At safepoint: 5958 ns, Total: 121916 ns
[2025-09-16T06:55:27.864+0000][185][info ][safepoint   ] Safepoint "Cleanup", Time since last: 1187647959 ns, Reaching safepoint: 14292 ns, Cleanup: 212458 ns, At safepoint: 17375 ns, Total: 244125 ns
[2025-09-16T06:55:27.985+0000][185][info ][safepoint   ] Safepoint "ICBufferFull", Time since last: 121183459 ns, Reaching safepoint: 10583 ns, Cleanup: 88417 ns, At safepoint: 29833 ns, Total: 128833 ns
[2025-09-16T06:55:28.309+0000][185][info ][safepoint   ] Safepoint "ICBufferFull", Time since last: 323332959 ns, Reaching safepoint: 21208 ns, Cleanup: 164583 ns, At safepoint: 12750 ns, Total: 198541 ns
[2025-09-16T06:55:28.534+0000][185][info ][safepoint   ] Safepoint "ICBufferFull", Time since last: 224490167 ns, Reaching safepoint: 11458 ns, Cleanup: 101792 ns, At safepoint: 7500 ns, Total: 120750 ns
[2025-09-16T06:55:28.744+0000][185][info ][safepoint   ] Safepoint "ICBufferFull", Time since last: 210775125 ns, Reaching safepoint: 12833 ns, Cleanup: 90375 ns, At safepoint: 6542 ns, Total: 109750 ns
[2025-09-16T06:55:28.925+0000][185][info ][safepoint   ] Safepoint "ICBufferFull", Time since last: 180276334 ns, Reaching safepoint: 37166 ns, Cleanup: 173917 ns, At safepoint: 50000 ns, Total: 261083 ns
[2025-09-16T06:55:29.553+0000][185][info ][safepoint   ] Safepoint "ICBufferFull", Time since last: 628015375 ns, Reaching safepoint: 77875 ns, Cleanup: 218542 ns, At safepoint: 25208 ns, Total: 321625 ns
[2025-09-16T06:55:31.013+0000][185][info ][safepoint   ] Safepoint "Cleanup", Time since last: 1459859918 ns, Reaching safepoint: 9375 ns, Cleanup: 53750 ns, At safepoint: 12250 ns, Total: 75375 ns
[2025-09-16T06:55:32.055+0000][185][info ][safepoint   ] Safepoint "Cleanup", Time since last: 1041845833 ns, Reaching safepoint: 29542 ns, Cleanup: 39958 ns, At safepoint: 6375 ns, Total: 75875 ns
[2025-09-16T06:55:33.062+0000][185][info ][safepoint   ] Safepoint "Cleanup", Time since last: 1007159084 ns, Reaching safepoint: 6000 ns, Cleanup: 124292 ns, At safepoint: 5958 ns, Total: 136250 ns
[2025-09-16T06:55:34.129+0000][185][info ][safepoint   ] Safepoint "Cleanup", Time since last: 1065933542 ns, Reaching safepoint: 83750 ns, Cleanup: 94084 ns, At safepoint: 8208 ns, Total: 186042 ns
[2025-09-16T06:55:35.130+0000][185][info ][safepoint   ] Safepoint "Cleanup", Time since last: 1000909292 ns, Reaching safepoint: 48500 ns, Cleanup: 70000 ns, At safepoint: 15875 ns, Total: 134375 ns
[2025-09-16T06:55:36.130+0000][185][info ][safepoint   ] Safepoint "Cleanup", Time since last: 1000707501 ns, Reaching safepoint: 82458 ns, Cleanup: 29917 ns, At safepoint: 12291 ns, Total: 124666 ns
[2025-09-16T06:55:36.493+0000][185][info ][safepoint   ] Safepoint "ICBufferFull", Time since last: 362889375 ns, Reaching safepoint: 26042 ns, Cleanup: 110667 ns, At safepoint: 7583 ns, Total: 144292 ns
[2025-09-16T06:55:36.654+0000][185][info ][safepoint   ] Safepoint "ICBufferFull", Time since last: 160144750 ns, Reaching safepoint: 28417 ns, Cleanup: 106458 ns, At safepoint: 12125 ns, Total: 147000 ns
[2025-09-16T06:55:36.819+0000][185][info ][safepoint   ] Safepoint "ICBufferFull", Time since last: 165582459 ns, Reaching safepoint: 20916 ns, Cleanup: 97834 ns, At safepoint: 15458 ns, Total: 134208 ns
[2025-09-16T06:55:37.021+0000][185][info ][safepoint   ] Safepoint "ICBufferFull", Time since last: 200787208 ns, Reaching safepoint: 63959 ns, Cleanup: 176000 ns, At safepoint: 11875 ns, Total: 251834 ns
[2025-09-16T06:55:38.023+0000][185][info ][safepoint   ] Safepoint "Cleanup", Time since last: 1001919000 ns, Reaching safepoint: 154542 ns, Cleanup: 180125 ns, At safepoint: 16250 ns, Total: 350917 ns
[2025-09-16T06:55:39.024+0000][185][info ][safepoint   ] Safepoint "Cleanup", Time since last: 1001083875 ns, Reaching safepoint: 107250 ns, Cleanup: 25750 ns, At safepoint: 9459 ns, Total: 142459 ns
[2025-09-16T06:55:40.026+0000][185][info ][safepoint   ] Safepoint "Cleanup", Time since last: 1001938750 ns, Reaching safepoint: 136209 ns, Cleanup: 40000 ns, At safepoint: 15416 ns, Total: 191625 ns
[2025-09-16T06:55:41.028+0000][185][info ][safepoint   ] Safepoint "Cleanup", Time since last: 1001375834 ns, Reaching safepoint: 39625 ns, Cleanup: 87958 ns, At safepoint: 11250 ns, Total: 138833 ns
[2025-09-16T06:55:42.029+0000][185][info ][safepoint   ] Safepoint "Cleanup", Time since last: 1001162667 ns, Reaching safepoint: 151709 ns, Cleanup: 78791 ns, At safepoint: 26167 ns, Total: 256667 ns
[2025-09-16T06:55:43.031+0000][185][info ][safepoint   ] Safepoint "Cleanup", Time since last: 1001306792 ns, Reaching safepoint: 172584 ns, Cleanup: 167333 ns, At safepoint: 15292 ns, Total: 355209 ns
[2025-09-16T06:55:44.032+0000][185][info ][safepoint   ] Safepoint "Cleanup", Time since last: 1001362417 ns, Reaching safepoint: 87708 ns, Cleanup: 121542 ns, At safepoint: 18250 ns, Total: 227500 ns
[2025-09-16T06:55:45.668+0000][185][info ][safepoint   ] Safepoint "Cleanup", Time since last: 1635262834 ns, Reaching safepoint: 121917 ns, Cleanup: 74208 ns, At safepoint: 21208 ns, Total: 217333 ns
[2025-09-16T06:55:46.669+0000][185][info ][safepoint   ] Safepoint "Cleanup", Time since last: 1000896167 ns, Reaching safepoint: 55084 ns, Cleanup: 44875 ns, At safepoint: 19083 ns, Total: 119042 ns
[2025-09-16T06:55:47.671+0000][185][info ][safepoint   ] Safepoint "Cleanup", Time since last: 1002177334 ns, Reaching safepoint: 77625 ns, Cleanup: 98416 ns, At safepoint: 22542 ns, Total: 198583 ns
[2025-09-16T06:55:48.673+0000][185][info ][safepoint   ] Safepoint "Cleanup", Time since last: 1001255417 ns, Reaching safepoint: 38959 ns, Cleanup: 17750 ns, At safepoint: 8333 ns, Total: 65042 ns
[2025-09-16T06:55:49.674+0000][185][info ][safepoint   ] Safepoint "Cleanup", Time since last: 1001255959 ns, Reaching safepoint: 116375 ns, Cleanup: 57541 ns, At safepoint: 19125 ns, Total: 193041 ns
[2025-09-16T06:55:50.676+0000][185][info ][safepoint   ] Safepoint "Cleanup", Time since last: 1001642168 ns, Reaching safepoint: 119125 ns, Cleanup: 36875 ns, At safepoint: 23083 ns, Total: 179083 ns
[2025-09-16T06:55:52.678+0000][185][info ][safepoint   ] Safepoint "Cleanup", Time since last: 2001684209 ns, Reaching safepoint: 31209 ns, Cleanup: 81750 ns, At safepoint: 12875 ns, Total: 125834 ns
[2025-09-16T06:55:54.681+0000][185][info ][safepoint   ] Safepoint "Cleanup", Time since last: 2002859500 ns, Reaching safepoint: 138375 ns, Cleanup: 75542 ns, At safepoint: 19500 ns, Total: 233417 ns
[2025-09-16T06:55:55.684+0000][185][info ][safepoint   ] Safepoint "Cleanup", Time since last: 1003374751 ns, Reaching safepoint: 83625 ns, Cleanup: 57041 ns, At safepoint: 26375 ns, Total: 167041 ns
[2025-09-16T06:55:56.686+0000][185][info ][safepoint   ] Safepoint "Cleanup", Time since last: 1001756500 ns, Reaching safepoint: 116875 ns, Cleanup: 63000 ns, At safepoint: 17625 ns, Total: 197500 ns
[2025-09-16T06:55:57.688+0000][185][info ][safepoint   ] Safepoint "Cleanup", Time since last: 1001208209 ns, Reaching safepoint: 40125 ns, Cleanup: 62125 ns, At safepoint: 16375 ns, Total: 118625 ns
[2025-09-16T06:55:58.307+0000][185][info ][safepoint   ] Safepoint "ICBufferFull", Time since last: 618083750 ns, Reaching safepoint: 824583 ns, Cleanup: 129542 ns, At safepoint: 11208 ns, Total: 965333 ns
[2025-09-16T06:56:00.290+0000][185][info ][safepoint   ] Safepoint "Cleanup", Time since last: 1982942251 ns, Reaching safepoint: 131667 ns, Cleanup: 149042 ns, At safepoint: 13375 ns, Total: 294084 ns
[2025-09-16T06:56:02.295+0000][185][info ][safepoint   ] Safepoint "Cleanup", Time since last: 2004554292 ns, Reaching safepoint: 86250 ns, Cleanup: 72292 ns, At safepoint: 20125 ns, Total: 178667 ns
[2025-09-16T06:56:03.300+0000][185][info ][safepoint   ] Safepoint "Cleanup", Time since last: 1004811250 ns, Reaching safepoint: 76459 ns, Cleanup: 80291 ns, At safepoint: 25292 ns, Total: 182042 ns
[2025-09-16T06:56:04.302+0000][185][info ][safepoint   ] Safepoint "Cleanup", Time since last: 1001821125 ns, Reaching safepoint: 66792 ns, Cleanup: 24958 ns, At safepoint: 16709 ns, Total: 108459 ns
[2025-09-16T06:56:05.303+0000][185][info ][safepoint   ] Safepoint "Cleanup", Time since last: 1000966792 ns, Reaching safepoint: 63583 ns, Cleanup: 57250 ns, At safepoint: 12167 ns, Total: 133000 ns
[2025-09-16T06:56:06.538+0000][185][info ][safepoint   ] Safepoint "Cleanup", Time since last: 1235569542 ns, Reaching safepoint: 8084 ns, Cleanup: 23916 ns, At safepoint: 9500 ns, Total: 41500 ns
[2025-09-16T06:56:06.902+0000][185][info ][safepoint   ] Safepoint "ICBufferFull", Time since last: 363131042 ns, Reaching safepoint: 16917 ns, Cleanup: 118083 ns, At safepoint: 18125 ns, Total: 153125 ns
[2025-09-16T06:56:07.946+0000][185][info ][safepoint   ] Safepoint "Cleanup", Time since last: 1044021417 ns, Reaching safepoint: 80500 ns, Cleanup: 154542 ns, At safepoint: 15750 ns, Total: 250792 ns
[2025-09-16T06:56:08.947+0000][185][info ][safepoint   ] Safepoint "Cleanup", Time since last: 1000842042 ns, Reaching safepoint: 20958 ns, Cleanup: 77792 ns, At safepoint: 11000 ns, Total: 109750 ns
[2025-09-16T06:56:09.950+0000][185][info ][safepoint   ] Safepoint "Cleanup", Time since last: 1001677250 ns, Reaching safepoint: 1042917 ns, Cleanup: 32333 ns, At safepoint: 13125 ns, Total: 1088375 ns
[2025-09-16T06:56:10.071+0000][185][info ][safepoint   ] Safepoint "ICBufferFull", Time since last: 121197084 ns, Reaching safepoint: 31500 ns, Cleanup: 64000 ns, At safepoint: 11375 ns, Total: 106875 ns
[2025-09-16T06:56:10.071+0000][185][info ][safepoint   ] Safepoint "ICBufferFull", Time since last: 188250 ns, Reaching safepoint: 6625 ns, Cleanup: 1292 ns, At safepoint: 10666 ns, Total: 18583 ns
[2025-09-16T06:56:10.071+0000][185][info ][safepoint   ] Safepoint "ICBufferFull", Time since last: 98084 ns, Reaching safepoint: 4750 ns, Cleanup: 1250 ns, At safepoint: 11625 ns, Total: 17625 ns
[2025-09-16T06:56:10.213+0000][185][info ][safepoint   ] Safepoint "ICBufferFull", Time since last: 140161666 ns, Reaching safepoint: 1313250 ns, Cleanup: 92500 ns, At safepoint: 20667 ns, Total: 1426417 ns
[2025-09-16T06:56:11.293+0000][185][info ][safepoint   ] Safepoint "Cleanup", Time since last: 1079848167 ns, Reaching safepoint: 16333 ns, Cleanup: 104125 ns, At safepoint: 8875 ns, Total: 129333 ns
[2025-09-16T06:56:12.294+0000][185][info ][safepoint   ] Safepoint "Cleanup", Time since last: 1001331584 ns, Reaching safepoint: 74417 ns, Cleanup: 48583 ns, At safepoint: 17125 ns, Total: 140125 ns
[2025-09-16T06:56:13.296+0000][185][info ][safepoint   ] Safepoint "Cleanup", Time since last: 1001557376 ns, Reaching safepoint: 80250 ns, Cleanup: 122000 ns, At safepoint: 17875 ns, Total: 220125 ns
[2025-09-16T06:56:14.297+0000][185][info ][safepoint   ] Safepoint "Cleanup", Time since last: 1000565459 ns, Reaching safepoint: 60125 ns, Cleanup: 31375 ns, At safepoint: 13000 ns, Total: 104500 ns
[2025-09-16T06:56:15.300+0000][185][info ][safepoint   ] Safepoint "Cleanup", Time since last: 1002788167 ns, Reaching safepoint: 94250 ns, Cleanup: 44208 ns, At safepoint: 12500 ns, Total: 150958 ns
[2025-09-16T06:56:16.301+0000][185][info ][safepoint   ] Safepoint "Cleanup", Time since last: 1001027750 ns, Reaching safepoint: 16500 ns, Cleanup: 10709 ns, At safepoint: 6541 ns, Total: 33750 ns
[2025-09-16T06:56:17.302+0000][185][info ][safepoint   ] Safepoint "Cleanup", Time since last: 1001242084 ns, Reaching safepoint: 45792 ns, Cleanup: 32375 ns, At safepoint: 5458 ns, Total: 83625 ns
[2025-09-16T06:56:17.559+0000][185][info ][safepoint   ] Safepoint "ICBufferFull", Time since last: 257318042 ns, Reaching safepoint: 28417 ns, Cleanup: 130875 ns, At safepoint: 19250 ns, Total: 178542 ns
[2025-09-16T06:56:18.561+0000][185][info ][safepoint   ] Safepoint "Cleanup", Time since last: 1000986917 ns, Reaching safepoint: 63542 ns, Cleanup: 53458 ns, At safepoint: 12333 ns, Total: 129333 ns
[2025-09-16T06:56:19.562+0000][185][info ][safepoint   ] Safepoint "Cleanup", Time since last: 1000867292 ns, Reaching safepoint: 75834 ns, Cleanup: 54166 ns, At safepoint: 24792 ns, Total: 154792 ns
[2025-09-16T06:56:22.345+0000][185][info ][safepoint   ] Safepoint "Cleanup", Time since last: 2783538835 ns, Reaching safepoint: 7166 ns, Cleanup: 56084 ns, At safepoint: 11875 ns, Total: 75125 ns
[2025-09-16T06:56:23.361+0000][185][info ][safepoint   ] Safepoint "Cleanup", Time since last: 1015229625 ns, Reaching safepoint: 233834 ns, Cleanup: 93750 ns, At safepoint: 74458 ns, Total: 402042 ns
[2025-09-16T06:56:24.362+0000][185][info ][safepoint   ] Safepoint "Cleanup", Time since last: 1000754542 ns, Reaching safepoint: 50875 ns, Cleanup: 153875 ns, At safepoint: 11500 ns, Total: 216250 ns
[2025-09-16T06:56:24.697+0000][185][info ][gc,start    ] GC(20) Pause Young (Prepare Mixed) (G1 Evacuation Pause)
[2025-09-16T06:56:24.697+0000][185][info ][gc,task     ] GC(20) Using 8 workers of 8 for evacuation
[2025-09-16T06:56:24.697+0000][185][debug][gc,age      ] GC(20) Desired survivor size 41943040 bytes, new threshold 15 (max threshold 15)
[2025-09-16T06:56:24.740+0000][185][info ][gc,phases   ] GC(20)   Pre Evacuate Collection Set: 0.43ms
[2025-09-16T06:56:24.740+0000][185][info ][gc,phases   ] GC(20)   Merge Heap Roots: 0.19ms
[2025-09-16T06:56:24.740+0000][185][info ][gc,phases   ] GC(20)   Evacuate Collection Set: 38.24ms
[2025-09-16T06:56:24.740+0000][185][info ][gc,phases   ] GC(20)   Post Evacuate Collection Set: 3.51ms
[2025-09-16T06:56:24.740+0000][185][info ][gc,phases   ] GC(20)   Other: 0.22ms
[2025-09-16T06:56:24.740+0000][185][trace][gc,age      ] GC(20) Age table with threshold 15 (max threshold 15)
[2025-09-16T06:56:24.740+0000][185][trace][gc,age      ] GC(20) - age   1:   12960728 bytes,   12960728 total
[2025-09-16T06:56:24.740+0000][185][trace][gc,age      ] GC(20) - age   2:     899632 bytes,   13860360 total
[2025-09-16T06:56:24.740+0000][185][trace][gc,age      ] GC(20) - age   3:    2115576 bytes,   15975936 total
[2025-09-16T06:56:24.740+0000][185][trace][gc,age      ] GC(20) - age   4:   18326520 bytes,   34302456 total
[2025-09-16T06:56:24.740+0000][185][trace][gc,age      ] GC(20) - age   5:     179856 bytes,   34482312 total
[2025-09-16T06:56:24.740+0000][185][info ][gc,heap     ] GC(20) Eden regions: 146->0(144)
[2025-09-16T06:56:24.740+0000][185][info ][gc,heap     ] GC(20) Survivor regions: 7->9(20)
[2025-09-16T06:56:24.740+0000][185][info ][gc,heap     ] GC(20) Old regions: 30->30
[2025-09-16T06:56:24.740+0000][185][info ][gc,heap     ] GC(20) Humongous regions: 2->2
[2025-09-16T06:56:24.740+0000][185][info ][gc,metaspace] GC(20) Metaspace: 156695K(161152K)->156695K(161152K) NonClass: 134829K(137280K)->134829K(137280K) Class: 21865K(23872K)->21865K(23872K)
[2025-09-16T06:56:24.740+0000][185][info ][gc          ] GC(20) Pause Young (Prepare Mixed) (G1 Evacuation Pause) 738M->162M(1024M) 43.440ms
[2025-09-16T06:56:24.740+0000][185][info ][gc,cpu      ] GC(20) User=0.29s Sys=0.00s Real=0.04s
[2025-09-16T06:56:24.741+0000][185][info ][safepoint   ] Safepoint "G1CollectForAllocation", Time since last: 334962167 ns, Reaching safepoint: 12542 ns, Cleanup: 74625 ns, At safepoint: 43654416 ns, Total: 43741583 ns
[2025-09-16T06:56:25.423+0000][185][info ][safepoint   ] Safepoint "ICBufferFull", Time since last: 682190459 ns, Reaching safepoint: 15375 ns, Cleanup: 130792 ns, At safepoint: 14875 ns, Total: 161042 ns
[2025-09-16T06:56:25.502+0000][185][info ][safepoint   ] Safepoint "ICBufferFull", Time since last: 78790333 ns, Reaching safepoint: 55042 ns, Cleanup: 184416 ns, At safepoint: 30167 ns, Total: 269625 ns
[2025-09-16T06:56:27.216+0000][185][info ][safepoint   ] Safepoint "Cleanup", Time since last: 1714617625 ns, Reaching safepoint: 22000 ns, Cleanup: 131458 ns, At safepoint: 8417 ns, Total: 161875 ns
[2025-09-16T06:56:28.217+0000][185][info ][safepoint   ] Safepoint "Cleanup", Time since last: 1000805959 ns, Reaching safepoint: 72000 ns, Cleanup: 71958 ns, At safepoint: 17500 ns, Total: 161458 ns
[2025-09-16T06:56:29.218+0000][185][info ][safepoint   ] Safepoint "Cleanup", Time since last: 1000943959 ns, Reaching safepoint: 105833 ns, Cleanup: 18583 ns, At safepoint: 12250 ns, Total: 136666 ns
[2025-09-16T06:56:30.220+0000][185][info ][safepoint   ] Safepoint "Cleanup", Time since last: 1001476751 ns, Reaching safepoint: 175708 ns, Cleanup: 32792 ns, At safepoint: 33041 ns, Total: 241541 ns
[2025-09-16T06:56:31.221+0000][185][info ][safepoint   ] Safepoint "Cleanup", Time since last: 1001336543 ns, Reaching safepoint: 82666 ns, Cleanup: 25334 ns, At safepoint: 20791 ns, Total: 128791 ns
[2025-09-16T06:56:32.065+0000][185][info ][safepoint   ] Safepoint "ICBufferFull", Time since last: 843270667 ns, Reaching safepoint: 67750 ns, Cleanup: 255917 ns, At safepoint: 23542 ns, Total: 347209 ns
[2025-09-16T06:56:33.067+0000][185][info ][safepoint   ] Safepoint "Cleanup", Time since last: 1001843542 ns, Reaching safepoint: 239250 ns, Cleanup: 244625 ns, At safepoint: 45792 ns, Total: 529667 ns
[2025-09-16T06:56:34.069+0000][185][info ][safepoint   ] Safepoint "Cleanup", Time since last: 1000969417 ns, Reaching safepoint: 85125 ns, Cleanup: 63541 ns, At safepoint: 22875 ns, Total: 171541 ns
[2025-09-16T06:56:35.070+0000][185][info ][safepoint   ] Safepoint "Cleanup", Time since last: 1001398959 ns, Reaching safepoint: 53792 ns, Cleanup: 41541 ns, At safepoint: 18334 ns, Total: 113667 ns
[2025-09-16T06:56:36.071+0000][185][info ][safepoint   ] Safepoint "Cleanup", Time since last: 1001125000 ns, Reaching safepoint: 73042 ns, Cleanup: 28750 ns, At safepoint: 15458 ns, Total: 117250 ns
[2025-09-16T06:56:38.005+0000][185][info ][safepoint   ] Safepoint "Cleanup", Time since last: 1933792335 ns, Reaching safepoint: 129875 ns, Cleanup: 262208 ns, At safepoint: 14792 ns, Total: 406875 ns
[2025-09-16T06:56:39.007+0000][185][info ][safepoint   ] Safepoint "Cleanup", Time since last: 1001569958 ns, Reaching safepoint: 74417 ns, Cleanup: 196167 ns, At safepoint: 26458 ns, Total: 297042 ns
[2025-09-16T06:56:40.009+0000][185][info ][safepoint   ] Safepoint "Cleanup", Time since last: 1000989334 ns, Reaching safepoint: 304041 ns, Cleanup: 95459 ns, At safepoint: 46000 ns, Total: 445500 ns
[2025-09-16T06:56:41.012+0000][185][info ][safepoint   ] Safepoint "Cleanup", Time since last: 1002875750 ns, Reaching safepoint: 143334 ns, Cleanup: 79041 ns, At safepoint: 33750 ns, Total: 256125 ns
[2025-09-16T06:56:43.014+0000][185][info ][safepoint   ] Safepoint "Cleanup", Time since last: 2002427626 ns, Reaching safepoint: 46834 ns, Cleanup: 95458 ns, At safepoint: 16250 ns, Total: 158542 ns
[2025-09-16T06:56:44.018+0000][185][info ][safepoint   ] Safepoint "Cleanup", Time since last: 1003218250 ns, Reaching safepoint: 45375 ns, Cleanup: 71750 ns, At safepoint: 12750 ns, Total: 129875 ns
[2025-09-16T06:56:45.888+0000][185][info ][safepoint   ] Safepoint "Cleanup", Time since last: 1868117710 ns, Reaching safepoint: 135708 ns, Cleanup: 81417 ns, At safepoint: 35583 ns, Total: 252708 ns
[2025-09-16T06:56:46.892+0000][185][info ][safepoint   ] Safepoint "Cleanup", Time since last: 1005098959 ns, Reaching safepoint: 71000 ns, Cleanup: 138583 ns, At safepoint: 18750 ns, Total: 228333 ns
[2025-09-16T06:56:47.895+0000][185][info ][safepoint   ] Safepoint "Cleanup", Time since last: 1003759667 ns, Reaching safepoint: 47334 ns, Cleanup: 68833 ns, At safepoint: 40667 ns, Total: 156834 ns
[2025-09-16T06:56:49.899+0000][185][info ][safepoint   ] Safepoint "Cleanup", Time since last: 2003237042 ns, Reaching safepoint: 358834 ns, Cleanup: 77500 ns, At safepoint: 22750 ns, Total: 459084 ns
[2025-09-16T06:56:50.902+0000][185][info ][safepoint   ] Safepoint "Cleanup", Time since last: 1003072333 ns, Reaching safepoint: 97834 ns, Cleanup: 59208 ns, At safepoint: 20875 ns, Total: 177917 ns
[2025-09-16T06:56:51.905+0000][185][info ][safepoint   ] Safepoint "Cleanup", Time since last: 1002098001 ns, Reaching safepoint: 113541 ns, Cleanup: 81792 ns, At safepoint: 23208 ns, Total: 218541 ns
[2025-09-16T06:56:52.907+0000][185][info ][safepoint   ] Safepoint "Cleanup", Time since last: 1002289417 ns, Reaching safepoint: 67000 ns, Cleanup: 70959 ns, At safepoint: 25083 ns, Total: 163042 ns
[2025-09-16T06:56:53.911+0000][185][info ][safepoint   ] Safepoint "Cleanup", Time since last: 1003847834 ns, Reaching safepoint: 164666 ns, Cleanup: 119375 ns, At safepoint: 24375 ns, Total: 308416 ns
[2025-09-16T06:56:54.914+0000][185][info ][safepoint   ] Safepoint "Cleanup", Time since last: 1002028168 ns, Reaching safepoint: 68250 ns, Cleanup: 75000 ns, At safepoint: 22708 ns, Total: 165958 ns
[2025-09-16T06:56:55.918+0000][185][info ][safepoint   ] Safepoint "Cleanup", Time since last: 1004464417 ns, Reaching safepoint: 263458 ns, Cleanup: 44500 ns, At safepoint: 18792 ns, Total: 326750 ns
[2025-09-16T06:56:56.921+0000][185][info ][safepoint   ] Safepoint "Cleanup", Time since last: 1002719958 ns, Reaching safepoint: 210250 ns, Cleanup: 55292 ns, At safepoint: 24292 ns, Total: 289834 ns
[2025-09-16T06:56:57.923+0000][185][info ][safepoint   ] Safepoint "Cleanup", Time since last: 1000932958 ns, Reaching safepoint: 48209 ns, Cleanup: 31750 ns, At safepoint: 10083 ns, Total: 90042 ns
[2025-09-16T06:56:58.924+0000][185][info ][safepoint   ] Safepoint "Cleanup", Time since last: 1000855792 ns, Reaching safepoint: 167584 ns, Cleanup: 202208 ns, At safepoint: 19417 ns, Total: 389209 ns
[2025-09-16T06:57:00.926+0000][185][info ][safepoint   ] Safepoint "Cleanup", Time since last: 2002300459 ns, Reaching safepoint: 128666 ns, Cleanup: 114042 ns, At safepoint: 22958 ns, Total: 265666 ns
[2025-09-16T06:57:01.927+0000][185][info ][safepoint   ] Safepoint "Cleanup", Time since last: 1000958084 ns, Reaching safepoint: 55292 ns, Cleanup: 40750 ns, At safepoint: 18750 ns, Total: 114792 ns
[2025-09-16T06:57:02.930+0000][185][info ][safepoint   ] Safepoint "Cleanup", Time since last: 1001897292 ns, Reaching safepoint: 385458 ns, Cleanup: 235500 ns, At safepoint: 27834 ns, Total: 648792 ns
[2025-09-16T06:57:03.931+0000][185][info ][safepoint   ] Safepoint "Cleanup", Time since last: 1001356792 ns, Reaching safepoint: 57708 ns, Cleanup: 25042 ns, At safepoint: 17542 ns, Total: 100292 ns
[2025-09-16T06:57:04.932+0000][185][info ][safepoint   ] Safepoint "Cleanup", Time since last: 1000693000 ns, Reaching safepoint: 199792 ns, Cleanup: 42208 ns, At safepoint: 73083 ns, Total: 315083 ns
[2025-09-16T06:57:05.990+0000][185][info ][safepoint   ] Safepoint "Cleanup", Time since last: 1057795043 ns, Reaching safepoint: 155791 ns, Cleanup: 76000 ns, At safepoint: 52459 ns, Total: 284250 ns
[2025-09-16T06:57:07.148+0000][185][info ][safepoint   ] Safepoint "Cleanup", Time since last: 1157073208 ns, Reaching safepoint: 28709 ns, Cleanup: 238791 ns, At safepoint: 10084 ns, Total: 277584 ns
[2025-09-16T06:57:08.737+0000][185][info ][safepoint   ] Safepoint "Cleanup", Time since last: 1588279042 ns, Reaching safepoint: 240959 ns, Cleanup: 170583 ns, At safepoint: 11333 ns, Total: 422875 ns
[2025-09-16T06:57:10.739+0000][185][info ][safepoint   ] Safepoint "Cleanup", Time since last: 2001902960 ns, Reaching safepoint: 39583 ns, Cleanup: 44083 ns, At safepoint: 11167 ns, Total: 94833 ns
[2025-09-16T06:57:11.740+0000][185][info ][safepoint   ] Safepoint "Cleanup", Time since last: 1001243542 ns, Reaching safepoint: 53500 ns, Cleanup: 23583 ns, At safepoint: 10417 ns, Total: 87500 ns
[2025-09-16T06:57:12.746+0000][185][info ][safepoint   ] Safepoint "Cleanup", Time since last: 1006188084 ns, Reaching safepoint: 66041 ns, Cleanup: 100750 ns, At safepoint: 17292 ns, Total: 184083 ns
[2025-09-16T06:57:14.390+0000][185][info ][safepoint   ] Safepoint "Cleanup", Time since last: 1643617043 ns, Reaching safepoint: 236875 ns, Cleanup: 46125 ns, At safepoint: 9916 ns, Total: 292916 ns
[2025-09-16T06:57:15.392+0000][185][info ][safepoint   ] Safepoint "Cleanup", Time since last: 1001205417 ns, Reaching safepoint: 353667 ns, Cleanup: 59167 ns, At safepoint: 31125 ns, Total: 443959 ns
[2025-09-16T06:57:16.394+0000][185][info ][safepoint   ] Safepoint "Cleanup", Time since last: 1001769542 ns, Reaching safepoint: 12708 ns, Cleanup: 31834 ns, At safepoint: 13625 ns, Total: 58167 ns
[2025-09-16T06:57:17.394+0000][185][info ][safepoint   ] Safepoint "Cleanup", Time since last: 1000381375 ns, Reaching safepoint: 21667 ns, Cleanup: 51958 ns, At safepoint: 12833 ns, Total: 86458 ns
[2025-09-16T06:57:18.395+0000][185][info ][safepoint   ] Safepoint "Cleanup", Time since last: 1001059751 ns, Reaching safepoint: 16958 ns, Cleanup: 34333 ns, At safepoint: 9959 ns, Total: 61250 ns
[2025-09-16T06:57:19.397+0000][185][info ][safepoint   ] Safepoint "Cleanup", Time since last: 1001397917 ns, Reaching safepoint: 57875 ns, Cleanup: 35458 ns, At safepoint: 19125 ns, Total: 112458 ns
[2025-09-16T06:57:20.398+0000][185][info ][safepoint   ] Safepoint "Cleanup", Time since last: 1001306251 ns, Reaching safepoint: 67333 ns, Cleanup: 70250 ns, At safepoint: 24292 ns, Total: 161875 ns
[2025-09-16T06:57:22.400+0000][185][info ][safepoint   ] Safepoint "Cleanup", Time since last: 2001834292 ns, Reaching safepoint: 27584 ns, Cleanup: 23416 ns, At safepoint: 20334 ns, Total: 71334 ns
[2025-09-16T06:57:24.404+0000][185][info ][safepoint   ] Safepoint "Cleanup", Time since last: 2003089084 ns, Reaching safepoint: 1002667 ns, Cleanup: 146375 ns, At safepoint: 30208 ns, Total: 1179250 ns
[2025-09-16T06:57:25.405+0000][185][info ][safepoint   ] Safepoint "Cleanup", Time since last: 1000748834 ns, Reaching safepoint: 196125 ns, Cleanup: 59458 ns, At safepoint: 24792 ns, Total: 280375 ns
[2025-09-16T06:57:27.407+0000][185][info ][safepoint   ] Safepoint "Cleanup", Time since last: 2002795709 ns, Reaching safepoint: 50833 ns, Cleanup: 29542 ns, At safepoint: 12416 ns, Total: 92791 ns
[2025-09-16T06:57:28.399+0000][185][info ][gc,start    ] GC(21) Pause Young (Mixed) (G1 Evacuation Pause)
[2025-09-16T06:57:28.399+0000][185][info ][gc,task     ] GC(21) Using 8 workers of 8 for evacuation
[2025-09-16T06:57:28.399+0000][185][debug][gc,age      ] GC(21) Desired survivor size 41943040 bytes, new threshold 15 (max threshold 15)
[2025-09-16T06:57:28.426+0000][185][info ][gc,phases   ] GC(21)   Pre Evacuate Collection Set: 0.63ms
[2025-09-16T06:57:28.426+0000][185][info ][gc,phases   ] GC(21)   Merge Heap Roots: 0.16ms
[2025-09-16T06:57:28.426+0000][185][info ][gc,phases   ] GC(21)   Evacuate Collection Set: 23.75ms
[2025-09-16T06:57:28.426+0000][185][info ][gc,phases   ] GC(21)   Post Evacuate Collection Set: 1.86ms
[2025-09-16T06:57:28.426+0000][185][info ][gc,phases   ] GC(21)   Other: 0.21ms
[2025-09-16T06:57:28.426+0000][185][trace][gc,age      ] GC(21) Age table with threshold 15 (max threshold 15)
[2025-09-16T06:57:28.426+0000][185][trace][gc,age      ] GC(21) - age   1:    5268968 bytes,    5268968 total
[2025-09-16T06:57:28.426+0000][185][trace][gc,age      ] GC(21) - age   2:    7194904 bytes,   12463872 total
[2025-09-16T06:57:28.426+0000][185][trace][gc,age      ] GC(21) - age   3:     610360 bytes,   13074232 total
[2025-09-16T06:57:28.426+0000][185][trace][gc,age      ] GC(21) - age   4:    2001144 bytes,   15075376 total
[2025-09-16T06:57:28.426+0000][185][trace][gc,age      ] GC(21) - age   5:   18149376 bytes,   33224752 total
[2025-09-16T06:57:28.426+0000][185][trace][gc,age      ] GC(21) - age   6:     179856 bytes,   33404608 total
[2025-09-16T06:57:28.426+0000][185][info ][gc,heap     ] GC(21) Eden regions: 144->0(143)
[2025-09-16T06:57:28.426+0000][185][info ][gc,heap     ] GC(21) Survivor regions: 9->10(20)
[2025-09-16T06:57:28.426+0000][185][info ][gc,heap     ] GC(21) Old regions: 30->30
[2025-09-16T06:57:28.427+0000][185][info ][gc,heap     ] GC(21) Humongous regions: 2->2
[2025-09-16T06:57:28.427+0000][185][info ][gc,metaspace] GC(21) Metaspace: 157675K(162176K)->157675K(162176K) NonClass: 135807K(138304K)->135807K(138304K) Class: 21868K(23872K)->21868K(23872K)
[2025-09-16T06:57:28.427+0000][185][info ][gc          ] GC(21) Pause Young (Mixed) (G1 Evacuation Pause) 738M->161M(1024M) 27.320ms
[2025-09-16T06:57:28.427+0000][185][info ][gc,cpu      ] GC(21) User=0.17s Sys=0.00s Real=0.03s
[2025-09-16T06:57:28.427+0000][185][info ][safepoint   ] Safepoint "G1CollectForAllocation", Time since last: 991663209 ns, Reaching safepoint: 9042 ns, Cleanup: 71625 ns, At safepoint: 27448625 ns, Total: 27529292 ns
[2025-09-16T06:57:29.437+0000][185][info ][safepoint   ] Safepoint "Cleanup", Time since last: 1009935209 ns, Reaching safepoint: 5583 ns, Cleanup: 101500 ns, At safepoint: 8417 ns, Total: 115500 ns
[2025-09-16T06:57:30.480+0000][185][info ][safepoint   ] Safepoint "Cleanup", Time since last: 1042697917 ns, Reaching safepoint: 49167 ns, Cleanup: 42833 ns, At safepoint: 15542 ns, Total: 107542 ns
[2025-09-16T06:57:31.480+0000][185][info ][safepoint   ] Safepoint "Cleanup", Time since last: 1000865583 ns, Reaching safepoint: 17042 ns, Cleanup: 19500 ns, At safepoint: 9333 ns, Total: 45875 ns
[2025-09-16T06:57:32.482+0000][185][info ][safepoint   ] Safepoint "Cleanup", Time since last: 1001193918 ns, Reaching safepoint: 16500 ns, Cleanup: 10333 ns, At safepoint: 7042 ns, Total: 33875 ns
[2025-09-16T06:57:35.485+0000][185][info ][safepoint   ] Safepoint "Cleanup", Time since last: 3002818418 ns, Reaching safepoint: 50875 ns, Cleanup: 26583 ns, At safepoint: 11917 ns, Total: 89375 ns
[2025-09-16T06:57:36.486+0000][185][info ][safepoint   ] Safepoint "Cleanup", Time since last: 1001083375 ns, Reaching safepoint: 36250 ns, Cleanup: 31625 ns, At safepoint: 33583 ns, Total: 101458 ns
[2025-09-16T06:57:37.762+0000][185][info ][safepoint   ] Safepoint "Cleanup", Time since last: 1276358043 ns, Reaching safepoint: 6708 ns, Cleanup: 84958 ns, At safepoint: 11459 ns, Total: 103125 ns
[2025-09-16T06:57:38.809+0000][185][info ][safepoint   ] Safepoint "Cleanup", Time since last: 1047138417 ns, Reaching safepoint: 19000 ns, Cleanup: 21667 ns, At safepoint: 7041 ns, Total: 47708 ns
[2025-09-16T06:57:39.810+0000][185][info ][safepoint   ] Safepoint "Cleanup", Time since last: 1000913042 ns, Reaching safepoint: 66334 ns, Cleanup: 31583 ns, At safepoint: 12750 ns, Total: 110667 ns
[2025-09-16T06:57:40.812+0000][185][info ][safepoint   ] Safepoint "Cleanup", Time since last: 1001152084 ns, Reaching safepoint: 97417 ns, Cleanup: 68291 ns, At safepoint: 22542 ns, Total: 188250 ns
[2025-09-16T06:57:42.814+0000][185][info ][safepoint   ] Safepoint "Cleanup", Time since last: 2001842459 ns, Reaching safepoint: 74083 ns, Cleanup: 34334 ns, At safepoint: 19208 ns, Total: 127625 ns
[2025-09-16T06:57:43.814+0000][185][info ][safepoint   ] Safepoint "Cleanup", Time since last: 1000551334 ns, Reaching safepoint: 36833 ns, Cleanup: 21750 ns, At safepoint: 10167 ns, Total: 68750 ns
[2025-09-16T06:57:44.815+0000][185][info ][safepoint   ] Safepoint "Cleanup", Time since last: 1000891667 ns, Reaching safepoint: 47792 ns, Cleanup: 29750 ns, At safepoint: 9916 ns, Total: 87458 ns
[2025-09-16T06:57:47.122+0000][185][info ][safepoint   ] Safepoint "Cleanup", Time since last: 2306698127 ns, Reaching safepoint: 67500 ns, Cleanup: 121333 ns, At safepoint: 27042 ns, Total: 215875 ns
[2025-09-16T06:57:48.124+0000][185][info ][safepoint   ] Safepoint "Cleanup", Time since last: 1001137833 ns, Reaching safepoint: 54334 ns, Cleanup: 48416 ns, At safepoint: 14334 ns, Total: 117084 ns
[2025-09-16T06:57:50.126+0000][185][info ][safepoint   ] Safepoint "Cleanup", Time since last: 2002046584 ns, Reaching safepoint: 56792 ns, Cleanup: 151500 ns, At safepoint: 16875 ns, Total: 225167 ns
[2025-09-16T06:57:51.129+0000][185][info ][safepoint   ] Safepoint "Cleanup", Time since last: 1002863292 ns, Reaching safepoint: 41083 ns, Cleanup: 38042 ns, At safepoint: 16041 ns, Total: 95166 ns
[2025-09-16T06:57:52.130+0000][185][info ][safepoint   ] Safepoint "Cleanup", Time since last: 1000778459 ns, Reaching safepoint: 27084 ns, Cleanup: 35583 ns, At safepoint: 14458 ns, Total: 77125 ns
[2025-09-16T06:57:53.131+0000][185][info ][safepoint   ] Safepoint "Cleanup", Time since last: 1000961542 ns, Reaching safepoint: 105625 ns, Cleanup: 55709 ns, At safepoint: 17583 ns, Total: 178917 ns
[2025-09-16T06:57:54.133+0000][185][info ][safepoint   ] Safepoint "Cleanup", Time since last: 1002064292 ns, Reaching safepoint: 25834 ns, Cleanup: 18083 ns, At safepoint: 11875 ns, Total: 55792 ns
[2025-09-16T06:57:55.134+0000][185][info ][safepoint   ] Safepoint "Cleanup", Time since last: 1000634584 ns, Reaching safepoint: 305125 ns, Cleanup: 54833 ns, At safepoint: 19708 ns, Total: 379666 ns
[2025-09-16T06:57:56.137+0000][185][info ][safepoint   ] Safepoint "Cleanup", Time since last: 1002096167 ns, Reaching safepoint: 331791 ns, Cleanup: 38167 ns, At safepoint: 15208 ns, Total: 385166 ns
[2025-09-16T06:57:57.139+0000][185][info ][safepoint   ] Safepoint "Cleanup", Time since last: 1001280501 ns, Reaching safepoint: 257375 ns, Cleanup: 60583 ns, At safepoint: 20125 ns, Total: 338083 ns
[2025-09-16T06:57:58.143+0000][185][info ][safepoint   ] Safepoint "Cleanup", Time since last: 1003577917 ns, Reaching safepoint: 86417 ns, Cleanup: 43583 ns, At safepoint: 142875 ns, Total: 272875 ns
[2025-09-16T06:57:59.148+0000][185][info ][safepoint   ] Safepoint "Cleanup", Time since last: 1005320501 ns, Reaching safepoint: 95250 ns, Cleanup: 61250 ns, At safepoint: 25375 ns, Total: 181875 ns
[2025-09-16T06:58:01.151+0000][185][info ][safepoint   ] Safepoint "Cleanup", Time since last: 2002108667 ns, Reaching safepoint: 117375 ns, Cleanup: 76334 ns, At safepoint: 28166 ns, Total: 221875 ns
[2025-09-16T06:58:02.151+0000][185][info ][safepoint   ] Safepoint "Cleanup", Time since last: 1000750876 ns, Reaching safepoint: 37291 ns, Cleanup: 35709 ns, At safepoint: 9166 ns, Total: 82166 ns
[2025-09-16T06:58:03.153+0000][185][info ][safepoint   ] Safepoint "Cleanup", Time since last: 1001007709 ns, Reaching safepoint: 129792 ns, Cleanup: 66750 ns, At safepoint: 15083 ns, Total: 211625 ns
[2025-09-16T06:58:05.155+0000][185][info ][safepoint   ] Safepoint "Cleanup", Time since last: 2002266168 ns, Reaching safepoint: 69250 ns, Cleanup: 168625 ns, At safepoint: 29125 ns, Total: 267000 ns
[2025-09-16T06:58:06.157+0000][185][info ][safepoint   ] Safepoint "Cleanup", Time since last: 1001635042 ns, Reaching safepoint: 29917 ns, Cleanup: 24000 ns, At safepoint: 12458 ns, Total: 66375 ns
[2025-09-16T06:58:07.158+0000][185][info ][safepoint   ] Safepoint "Cleanup", Time since last: 1001426667 ns, Reaching safepoint: 30625 ns, Cleanup: 17125 ns, At safepoint: 15375 ns, Total: 63125 ns
[2025-09-16T06:58:08.159+0000][185][info ][safepoint   ] Safepoint "Cleanup", Time since last: 1000796667 ns, Reaching safepoint: 19709 ns, Cleanup: 29625 ns, At safepoint: 5708 ns, Total: 55042 ns
[2025-09-16T06:58:12.163+0000][185][info ][safepoint   ] Safepoint "Cleanup", Time since last: 4003957169 ns, Reaching safepoint: 13250 ns, Cleanup: 12625 ns, At safepoint: 10875 ns, Total: 36750 ns
[2025-09-16T06:58:13.164+0000][185][info ][safepoint   ] Safepoint "Cleanup", Time since last: 1000939375 ns, Reaching safepoint: 100167 ns, Cleanup: 88333 ns, At safepoint: 30625 ns, Total: 219125 ns
[2025-09-16T06:58:15.167+0000][185][info ][safepoint   ] Safepoint "Cleanup", Time since last: 2002905709 ns, Reaching safepoint: 88459 ns, Cleanup: 49791 ns, At safepoint: 14834 ns, Total: 153084 ns
[2025-09-16T06:58:17.170+0000][185][info ][safepoint   ] Safepoint "Cleanup", Time since last: 2002181251 ns, Reaching safepoint: 94250 ns, Cleanup: 100458 ns, At safepoint: 23250 ns, Total: 217958 ns
[2025-09-16T06:58:18.171+0000][185][info ][safepoint   ] Safepoint "Cleanup", Time since last: 1001480709 ns, Reaching safepoint: 114208 ns, Cleanup: 77292 ns, At safepoint: 27666 ns, Total: 219166 ns
[2025-09-16T06:58:19.174+0000][185][info ][safepoint   ] Safepoint "Cleanup", Time since last: 1002241084 ns, Reaching safepoint: 112542 ns, Cleanup: 63917 ns, At safepoint: 28875 ns, Total: 205334 ns
[2025-09-16T06:58:22.179+0000][185][info ][safepoint   ] Safepoint "Cleanup", Time since last: 3004697043 ns, Reaching safepoint: 99708 ns, Cleanup: 50375 ns, At safepoint: 16417 ns, Total: 166500 ns
[2025-09-16T06:58:23.180+0000][185][info ][safepoint   ] Safepoint "Cleanup", Time since last: 1001249333 ns, Reaching safepoint: 146167 ns, Cleanup: 46042 ns, At safepoint: 18458 ns, Total: 210667 ns
[2025-09-16T06:58:24.181+0000][185][info ][safepoint   ] Safepoint "Cleanup", Time since last: 1001036959 ns, Reaching safepoint: 41958 ns, Cleanup: 66417 ns, At safepoint: 8458 ns, Total: 116833 ns
[2025-09-16T06:58:25.182+0000][185][info ][safepoint   ] Safepoint "Cleanup", Time since last: 1000899001 ns, Reaching safepoint: 61333 ns, Cleanup: 47042 ns, At safepoint: 18416 ns, Total: 126791 ns
[2025-09-16T06:58:26.185+0000][185][info ][safepoint   ] Safepoint "Cleanup", Time since last: 1002259167 ns, Reaching safepoint: 26750 ns, Cleanup: 15500 ns, At safepoint: 8375 ns, Total: 50625 ns
[2025-09-16T06:58:27.187+0000][185][info ][safepoint   ] Safepoint "Cleanup", Time since last: 1001719959 ns, Reaching safepoint: 67000 ns, Cleanup: 29041 ns, At safepoint: 14125 ns, Total: 110166 ns
[2025-09-16T06:58:28.187+0000][185][info ][safepoint   ] Safepoint "Cleanup", Time since last: 1000631084 ns, Reaching safepoint: 51959 ns, Cleanup: 83541 ns, At safepoint: 52417 ns, Total: 187917 ns
[2025-09-16T06:58:29.189+0000][185][info ][safepoint   ] Safepoint "Cleanup", Time since last: 1001165709 ns, Reaching safepoint: 106375 ns, Cleanup: 110250 ns, At safepoint: 16583 ns, Total: 233208 ns
[2025-09-16T06:58:31.401+0000][185][info ][safepoint   ] Safepoint "Cleanup", Time since last: 2211832543 ns, Reaching safepoint: 5041 ns, Cleanup: 35500 ns, At safepoint: 5917 ns, Total: 46458 ns
[2025-09-16T06:58:32.662+0000][185][info ][safepoint   ] Safepoint "Cleanup", Time since last: 1261072709 ns, Reaching safepoint: 20875 ns, Cleanup: 126292 ns, At safepoint: 5375 ns, Total: 152542 ns
[2025-09-16T06:58:33.664+0000][185][info ][safepoint   ] Safepoint "Cleanup", Time since last: 1001701750 ns, Reaching safepoint: 215000 ns, Cleanup: 30625 ns, At safepoint: 21917 ns, Total: 267542 ns
[2025-09-16T06:58:34.665+0000][185][info ][safepoint   ] Safepoint "Cleanup", Time since last: 1001476625 ns, Reaching safepoint: 48792 ns, Cleanup: 38833 ns, At safepoint: 21125 ns, Total: 108750 ns
[2025-09-16T06:58:37.668+0000][185][info ][safepoint   ] Safepoint "Cleanup", Time since last: 3001934918 ns, Reaching safepoint: 76917 ns, Cleanup: 55583 ns, At safepoint: 14709 ns, Total: 147209 ns
[2025-09-16T06:58:38.668+0000][185][info ][safepoint   ] Safepoint "Cleanup", Time since last: 1000715250 ns, Reaching safepoint: 39417 ns, Cleanup: 17458 ns, At safepoint: 8667 ns, Total: 65542 ns
[2025-09-16T06:58:40.671+0000][185][info ][safepoint   ] Safepoint "Cleanup", Time since last: 2002022542 ns, Reaching safepoint: 175834 ns, Cleanup: 49416 ns, At safepoint: 33250 ns, Total: 258500 ns
[2025-09-16T06:58:42.673+0000][185][info ][safepoint   ] Safepoint "Cleanup", Time since last: 2001730168 ns, Reaching safepoint: 966000 ns, Cleanup: 21583 ns, At safepoint: 18625 ns, Total: 1006208 ns
[2025-09-16T06:58:43.674+0000][185][info ][safepoint   ] Safepoint "Cleanup", Time since last: 1000970834 ns, Reaching safepoint: 105459 ns, Cleanup: 54208 ns, At safepoint: 22875 ns, Total: 182542 ns
[2025-09-16T06:58:46.134+0000][185][info ][safepoint   ] Safepoint "Cleanup", Time since last: 2458838084 ns, Reaching safepoint: 102334 ns, Cleanup: 71958 ns, At safepoint: 22125 ns, Total: 196417 ns
[2025-09-16T06:58:47.136+0000][185][info ][safepoint   ] Safepoint "Cleanup", Time since last: 1001974001 ns, Reaching safepoint: 68375 ns, Cleanup: 36458 ns, At safepoint: 27000 ns, Total: 131833 ns
[2025-09-16T06:58:48.137+0000][185][info ][safepoint   ] Safepoint "Cleanup", Time since last: 1000741792 ns, Reaching safepoint: 100500 ns, Cleanup: 52083 ns, At safepoint: 17000 ns, Total: 169583 ns
[2025-09-16T06:58:50.140+0000][185][info ][safepoint   ] Safepoint "Cleanup", Time since last: 2003029043 ns, Reaching safepoint: 17667 ns, Cleanup: 55500 ns, At safepoint: 5708 ns, Total: 78875 ns
[2025-09-16T06:58:52.143+0000][185][info ][safepoint   ] Safepoint "Cleanup", Time since last: 2002362126 ns, Reaching safepoint: 525250 ns, Cleanup: 86417 ns, At safepoint: 23125 ns, Total: 634792 ns
[2025-09-16T06:58:53.148+0000][185][info ][safepoint   ] Safepoint "Cleanup", Time since last: 1005100875 ns, Reaching safepoint: 115417 ns, Cleanup: 84666 ns, At safepoint: 34209 ns, Total: 234292 ns
[2025-09-16T06:58:54.150+0000][185][info ][safepoint   ] Safepoint "Cleanup", Time since last: 1002309917 ns, Reaching safepoint: 80167 ns, Cleanup: 28958 ns, At safepoint: 10958 ns, Total: 120083 ns
[2025-09-16T06:58:55.152+0000][185][info ][safepoint   ] Safepoint "Cleanup", Time since last: 1001424709 ns, Reaching safepoint: 102542 ns, Cleanup: 51125 ns, At safepoint: 19833 ns, Total: 173500 ns
[2025-09-16T06:58:56.154+0000][185][info ][safepoint   ] Safepoint "Cleanup", Time since last: 1001752500 ns, Reaching safepoint: 37250 ns, Cleanup: 20500 ns, At safepoint: 9667 ns, Total: 67417 ns
[2025-09-16T06:58:57.155+0000][185][info ][safepoint   ] Safepoint "Cleanup", Time since last: 1001327500 ns, Reaching safepoint: 64375 ns, Cleanup: 40875 ns, At safepoint: 16042 ns, Total: 121292 ns
[2025-09-16T06:58:58.156+0000][185][info ][safepoint   ] Safepoint "Cleanup", Time since last: 1000857333 ns, Reaching safepoint: 67000 ns, Cleanup: 50125 ns, At safepoint: 19667 ns, Total: 136792 ns
[2025-09-16T06:58:59.158+0000][185][info ][safepoint   ] Safepoint "Cleanup", Time since last: 1001118292 ns, Reaching safepoint: 37292 ns, Cleanup: 43667 ns, At safepoint: 66833 ns, Total: 147792 ns
[2025-09-16T06:59:02.161+0000][185][info ][safepoint   ] Safepoint "Cleanup", Time since last: 3003051668 ns, Reaching safepoint: 34292 ns, Cleanup: 19291 ns, At safepoint: 12959 ns, Total: 66542 ns
[2025-09-16T06:59:03.163+0000][185][info ][safepoint   ] Safepoint "Cleanup", Time since last: 1001232917 ns, Reaching safepoint: 659833 ns, Cleanup: 163209 ns, At safepoint: 33958 ns, Total: 857000 ns
[2025-09-16T06:59:05.165+0000][185][info ][safepoint   ] Safepoint "Cleanup", Time since last: 2002480376 ns, Reaching safepoint: 74208 ns, Cleanup: 38000 ns, At safepoint: 15875 ns, Total: 128083 ns
[2025-09-16T06:59:06.167+0000][185][info ][safepoint   ] Safepoint "Cleanup", Time since last: 1001140001 ns, Reaching safepoint: 27291 ns, Cleanup: 19584 ns, At safepoint: 10708 ns, Total: 57583 ns
[2025-09-16T06:59:07.168+0000][185][info ][safepoint   ] Safepoint "Cleanup", Time since last: 1000987875 ns, Reaching safepoint: 98750 ns, Cleanup: 46750 ns, At safepoint: 26959 ns, Total: 172459 ns
[2025-09-16T06:59:08.169+0000][185][info ][safepoint   ] Safepoint "Cleanup", Time since last: 1001621584 ns, Reaching safepoint: 32375 ns, Cleanup: 26083 ns, At safepoint: 11750 ns, Total: 70208 ns
[2025-09-16T06:59:11.173+0000][185][info ][safepoint   ] Safepoint "Cleanup", Time since last: 3003146293 ns, Reaching safepoint: 57458 ns, Cleanup: 38750 ns, At safepoint: 15834 ns, Total: 112042 ns
[2025-09-16T06:59:12.175+0000][185][info ][safepoint   ] Safepoint "Cleanup", Time since last: 1002220417 ns, Reaching safepoint: 79542 ns, Cleanup: 74958 ns, At safepoint: 47583 ns, Total: 202083 ns
[2025-09-16T06:59:13.176+0000][185][info ][safepoint   ] Safepoint "Cleanup", Time since last: 1001040417 ns, Reaching safepoint: 67000 ns, Cleanup: 38875 ns, At safepoint: 17042 ns, Total: 122917 ns
[2025-09-16T06:59:14.178+0000][185][info ][safepoint   ] Safepoint "Cleanup", Time since last: 1001878750 ns, Reaching safepoint: 90292 ns, Cleanup: 73500 ns, At safepoint: 28083 ns, Total: 191875 ns
[2025-09-16T06:59:15.180+0000][185][info ][safepoint   ] Safepoint "Cleanup", Time since last: 1001209334 ns, Reaching safepoint: 116292 ns, Cleanup: 61042 ns, At safepoint: 19916 ns, Total: 197250 ns
[2025-09-16T06:59:17.182+0000][185][info ][safepoint   ] Safepoint "Cleanup", Time since last: 2002616585 ns, Reaching safepoint: 13625 ns, Cleanup: 19291 ns, At safepoint: 4750 ns, Total: 37666 ns
[2025-09-16T06:59:18.184+0000][185][info ][safepoint   ] Safepoint "Cleanup", Time since last: 1001615542 ns, Reaching safepoint: 162209 ns, Cleanup: 54458 ns, At safepoint: 12583 ns, Total: 229250 ns
[2025-09-16T06:59:22.189+0000][185][info ][safepoint   ] Safepoint "Cleanup", Time since last: 4004416127 ns, Reaching safepoint: 153167 ns, Cleanup: 73750 ns, At safepoint: 22583 ns, Total: 249500 ns
[2025-09-16T06:59:23.191+0000][185][info ][safepoint   ] Safepoint "Cleanup", Time since last: 1001492709 ns, Reaching safepoint: 62583 ns, Cleanup: 35959 ns, At safepoint: 17458 ns, Total: 116000 ns
[2025-09-16T06:59:24.191+0000][185][info ][safepoint   ] Safepoint "Cleanup", Time since last: 1000743792 ns, Reaching safepoint: 39917 ns, Cleanup: 72958 ns, At safepoint: 14334 ns, Total: 127209 ns
[2025-09-16T06:59:25.192+0000][185][info ][safepoint   ] Safepoint "Cleanup", Time since last: 1000806833 ns, Reaching safepoint: 59959 ns, Cleanup: 52250 ns, At safepoint: 16833 ns, Total: 129042 ns
[2025-09-16T06:59:26.193+0000][185][info ][safepoint   ] Safepoint "Cleanup", Time since last: 1001040125 ns, Reaching safepoint: 201375 ns, Cleanup: 46459 ns, At safepoint: 18666 ns, Total: 266500 ns
[2025-09-16T06:59:27.195+0000][185][info ][safepoint   ] Safepoint "Cleanup", Time since last: 1001242834 ns, Reaching safepoint: 76250 ns, Cleanup: 190083 ns, At safepoint: 27834 ns, Total: 294167 ns
[2025-09-16T06:59:28.196+0000][185][info ][safepoint   ] Safepoint "Cleanup", Time since last: 1001344125 ns, Reaching safepoint: 48792 ns, Cleanup: 44625 ns, At safepoint: 12792 ns, Total: 106209 ns
[2025-09-16T06:59:31.199+0000][185][info ][safepoint   ] Safepoint "Cleanup", Time since last: 3002778501 ns, Reaching safepoint: 39208 ns, Cleanup: 12875 ns, At safepoint: 8500 ns, Total: 60583 ns
[2025-09-16T06:59:33.201+0000][185][info ][safepoint   ] Safepoint "Cleanup", Time since last: 2002011793 ns, Reaching safepoint: 60417 ns, Cleanup: 47916 ns, At safepoint: 7542 ns, Total: 115875 ns
[2025-09-16T06:59:34.428+0000][185][info ][safepoint   ] Safepoint "Cleanup", Time since last: 1227213125 ns, Reaching safepoint: 6917 ns, Cleanup: 18625 ns, At safepoint: 7042 ns, Total: 32584 ns
[2025-09-16T06:59:35.857+0000][185][info ][safepoint   ] Safepoint "Cleanup", Time since last: 1428704542 ns, Reaching safepoint: 68833 ns, Cleanup: 62542 ns, At safepoint: 22500 ns, Total: 153875 ns
[2025-09-16T06:59:36.858+0000][185][info ][safepoint   ] Safepoint "Cleanup", Time since last: 1000981167 ns, Reaching safepoint: 74125 ns, Cleanup: 35917 ns, At safepoint: 19375 ns, Total: 129417 ns
[2025-09-16T06:59:37.861+0000][185][info ][safepoint   ] Safepoint "Cleanup", Time since last: 1002390875 ns, Reaching safepoint: 88125 ns, Cleanup: 99000 ns, At safepoint: 13500 ns, Total: 200625 ns
[2025-09-16T06:59:38.863+0000][185][info ][safepoint   ] Safepoint "Cleanup", Time since last: 1000846543 ns, Reaching safepoint: 1117208 ns, Cleanup: 11000 ns, At safepoint: 10875 ns, Total: 1139083 ns
[2025-09-16T06:59:42.867+0000][185][info ][safepoint   ] Safepoint "Cleanup", Time since last: 4004035585 ns, Reaching safepoint: 48709 ns, Cleanup: 34958 ns, At safepoint: 16083 ns, Total: 99750 ns
[2025-09-16T06:59:48.154+0000][185][info ][safepoint   ] Safepoint "Cleanup", Time since last: 5286314378 ns, Reaching safepoint: 111791 ns, Cleanup: 89750 ns, At safepoint: 23709 ns, Total: 225250 ns
[2025-09-16T06:59:50.156+0000][185][info ][safepoint   ] Safepoint "Cleanup", Time since last: 2002219001 ns, Reaching safepoint: 95416 ns, Cleanup: 56084 ns, At safepoint: 14750 ns, Total: 166250 ns
[2025-09-16T06:59:52.159+0000][185][info ][safepoint   ] Safepoint "Cleanup", Time since last: 2002812917 ns, Reaching safepoint: 52584 ns, Cleanup: 56750 ns, At safepoint: 13250 ns, Total: 122584 ns
[2025-09-16T06:59:53.161+0000][185][info ][safepoint   ] Safepoint "Cleanup", Time since last: 1001677875 ns, Reaching safepoint: 105667 ns, Cleanup: 39250 ns, At safepoint: 31666 ns, Total: 176583 ns
[2025-09-16T06:59:57.165+0000][185][info ][safepoint   ] Safepoint "Cleanup", Time since last: 4004047501 ns, Reaching safepoint: 111292 ns, Cleanup: 125167 ns, At safepoint: 14875 ns, Total: 251334 ns
[2025-09-16T06:59:58.183+0000][185][info ][safepoint   ] Safepoint "Cleanup", Time since last: 1017625084 ns, Reaching safepoint: 40916 ns, Cleanup: 18875 ns, At safepoint: 16667 ns, Total: 76458 ns
[2025-09-16T06:59:59.184+0000][185][info ][safepoint   ] Safepoint "Cleanup", Time since last: 1001015875 ns, Reaching safepoint: 73917 ns, Cleanup: 60292 ns, At safepoint: 16250 ns, Total: 150459 ns
[2025-09-16T07:00:00.186+0000][185][info ][safepoint   ] Safepoint "Cleanup", Time since last: 1001110083 ns, Reaching safepoint: 43959 ns, Cleanup: 108541 ns, At safepoint: 40084 ns, Total: 192584 ns
[2025-09-16T07:00:02.188+0000][185][info ][safepoint   ] Safepoint "Cleanup", Time since last: 2002463251 ns, Reaching safepoint: 39375 ns, Cleanup: 50666 ns, At safepoint: 11250 ns, Total: 101291 ns
[2025-09-16T07:00:03.189+0000][185][info ][safepoint   ] Safepoint "Cleanup", Time since last: 1001058918 ns, Reaching safepoint: 76250 ns, Cleanup: 22083 ns, At safepoint: 13042 ns, Total: 111375 ns
[2025-09-16T07:00:05.191+0000][185][info ][safepoint   ] Safepoint "Cleanup", Time since last: 2001776917 ns, Reaching safepoint: 78584 ns, Cleanup: 43416 ns, At safepoint: 21000 ns, Total: 143000 ns
[2025-09-16T07:00:06.193+0000][185][info ][safepoint   ] Safepoint "Cleanup", Time since last: 1001289876 ns, Reaching safepoint: 73875 ns, Cleanup: 35458 ns, At safepoint: 21625 ns, Total: 130958 ns
[2025-09-16T07:00:07.194+0000][185][info ][safepoint   ] Safepoint "Cleanup", Time since last: 1001473250 ns, Reaching safepoint: 40000 ns, Cleanup: 25250 ns, At safepoint: 12750 ns, Total: 78000 ns
[2025-09-16T07:00:08.195+0000][185][info ][safepoint   ] Safepoint "Cleanup", Time since last: 1000868751 ns, Reaching safepoint: 12167 ns, Cleanup: 17541 ns, At safepoint: 7875 ns, Total: 37583 ns
[2025-09-16T07:00:09.196+0000][185][info ][safepoint   ] Safepoint "Cleanup", Time since last: 1001189501 ns, Reaching safepoint: 121166 ns, Cleanup: 56709 ns, At safepoint: 28166 ns, Total: 206041 ns
[2025-09-16T07:00:11.200+0000][185][info ][safepoint   ] Safepoint "Cleanup", Time since last: 2003673501 ns, Reaching safepoint: 42000 ns, Cleanup: 61584 ns, At safepoint: 65875 ns, Total: 169459 ns
[2025-09-16T07:00:12.201+0000][185][info ][safepoint   ] Safepoint "Cleanup", Time since last: 1000665125 ns, Reaching safepoint: 60792 ns, Cleanup: 47250 ns, At safepoint: 16625 ns, Total: 124667 ns
[2025-09-16T07:00:13.202+0000][185][info ][safepoint   ] Safepoint "Cleanup", Time since last: 1001212250 ns, Reaching safepoint: 71167 ns, Cleanup: 42125 ns, At safepoint: 16958 ns, Total: 130250 ns
[2025-09-16T07:00:16.206+0000][185][info ][safepoint   ] Safepoint "Cleanup", Time since last: 3003912460 ns, Reaching safepoint: 49708 ns, Cleanup: 48750 ns, At safepoint: 12417 ns, Total: 110875 ns
[2025-09-16T07:00:17.208+0000][185][info ][safepoint   ] Safepoint "Cleanup", Time since last: 1001600584 ns, Reaching safepoint: 75958 ns, Cleanup: 54667 ns, At safepoint: 19167 ns, Total: 149792 ns
[2025-09-16T07:00:18.915+0000][185][info ][safepoint   ] Safepoint "Cleanup", Time since last: 1706262500 ns, Reaching safepoint: 286292 ns, Cleanup: 198125 ns, At safepoint: 11125 ns, Total: 495542 ns
[2025-09-16T07:00:19.917+0000][185][info ][safepoint   ] Safepoint "Cleanup", Time since last: 1001441501 ns, Reaching safepoint: 68708 ns, Cleanup: 34000 ns, At safepoint: 14083 ns, Total: 116791 ns
[2025-09-16T07:00:20.917+0000][185][info ][safepoint   ] Safepoint "Cleanup", Time since last: 1000621209 ns, Reaching safepoint: 59500 ns, Cleanup: 31792 ns, At safepoint: 8125 ns, Total: 99417 ns
[2025-09-16T07:00:21.919+0000][185][info ][safepoint   ] Safepoint "Cleanup", Time since last: 1001182583 ns, Reaching safepoint: 50917 ns, Cleanup: 30167 ns, At safepoint: 13000 ns, Total: 94084 ns
[2025-09-16T07:00:22.921+0000][185][info ][safepoint   ] Safepoint "Cleanup", Time since last: 1002206209 ns, Reaching safepoint: 15291 ns, Cleanup: 20625 ns, At safepoint: 7167 ns, Total: 43083 ns
[2025-09-16T07:00:23.922+0000][185][info ][safepoint   ] Safepoint "Cleanup", Time since last: 1001522792 ns, Reaching safepoint: 39583 ns, Cleanup: 32209 ns, At safepoint: 14125 ns, Total: 85917 ns
[2025-09-16T07:00:24.923+0000][185][info ][safepoint   ] Safepoint "Cleanup", Time since last: 1000902667 ns, Reaching safepoint: 62167 ns, Cleanup: 75583 ns, At safepoint: 24542 ns, Total: 162292 ns
[2025-09-16T07:00:25.954+0000][185][info ][safepoint   ] Safepoint "Cleanup", Time since last: 1030892292 ns, Reaching safepoint: 8791 ns, Cleanup: 138625 ns, At safepoint: 8250 ns, Total: 155666 ns
[2025-09-16T07:00:26.975+0000][185][info ][safepoint   ] Safepoint "Cleanup", Time since last: 1020363167 ns, Reaching safepoint: 28959 ns, Cleanup: 35625 ns, At safepoint: 7041 ns, Total: 71625 ns
[2025-09-16T07:00:27.980+0000][185][info ][safepoint   ] Safepoint "Cleanup", Time since last: 1004375126 ns, Reaching safepoint: 5750 ns, Cleanup: 63791 ns, At safepoint: 8750 ns, Total: 78291 ns
[2025-09-16T07:00:29.023+0000][185][info ][safepoint   ] Safepoint "Cleanup", Time since last: 1042760668 ns, Reaching safepoint: 73791 ns, Cleanup: 120375 ns, At safepoint: 24459 ns, Total: 218625 ns
[2025-09-16T07:00:30.024+0000][185][info ][safepoint   ] Safepoint "Cleanup", Time since last: 1001042708 ns, Reaching safepoint: 80667 ns, Cleanup: 50542 ns, At safepoint: 33333 ns, Total: 164542 ns
[2025-09-16T07:00:33.027+0000][185][info ][safepoint   ] Safepoint "Cleanup", Time since last: 3003427085 ns, Reaching safepoint: 65375 ns, Cleanup: 25250 ns, At safepoint: 12375 ns, Total: 103000 ns
[2025-09-16T07:00:35.030+0000][185][info ][safepoint   ] Safepoint "Cleanup", Time since last: 2002107376 ns, Reaching safepoint: 216000 ns, Cleanup: 64000 ns, At safepoint: 31083 ns, Total: 311083 ns
[2025-09-16T07:00:37.440+0000][185][info ][safepoint   ] Safepoint "Cleanup", Time since last: 2410311918 ns, Reaching safepoint: 5083 ns, Cleanup: 48542 ns, At safepoint: 6583 ns, Total: 60208 ns
[2025-09-16T07:00:39.080+0000][185][info ][safepoint   ] Safepoint "Cleanup", Time since last: 1639700084 ns, Reaching safepoint: 63167 ns, Cleanup: 41250 ns, At safepoint: 9958 ns, Total: 114375 ns
[2025-09-16T07:00:43.085+0000][185][info ][safepoint   ] Safepoint "Cleanup", Time since last: 4004573461 ns, Reaching safepoint: 67458 ns, Cleanup: 57417 ns, At safepoint: 14791 ns, Total: 139666 ns
[2025-09-16T07:00:44.086+0000][185][info ][safepoint   ] Safepoint "Cleanup", Time since last: 1001034501 ns, Reaching safepoint: 78875 ns, Cleanup: 39416 ns, At safepoint: 28584 ns, Total: 146875 ns
[2025-09-16T07:00:46.354+0000][185][info ][safepoint   ] Safepoint "Cleanup", Time since last: 2267850459 ns, Reaching safepoint: 83417 ns, Cleanup: 62041 ns, At safepoint: 46292 ns, Total: 191750 ns
[2025-09-16T07:00:48.357+0000][185][info ][safepoint   ] Safepoint "Cleanup", Time since last: 2002609376 ns, Reaching safepoint: 155750 ns, Cleanup: 60083 ns, At safepoint: 33792 ns, Total: 249625 ns
[2025-09-16T07:00:51.360+0000][185][info ][safepoint   ] Safepoint "Cleanup", Time since last: 3003464960 ns, Reaching safepoint: 82333 ns, Cleanup: 14500 ns, At safepoint: 8209 ns, Total: 105042 ns
[2025-09-16T07:00:52.362+0000][185][info ][safepoint   ] Safepoint "Cleanup", Time since last: 1001911625 ns, Reaching safepoint: 119792 ns, Cleanup: 90291 ns, At safepoint: 23167 ns, Total: 233250 ns
[2025-09-16T07:00:53.365+0000][185][info ][safepoint   ] Safepoint "Cleanup", Time since last: 1002728751 ns, Reaching safepoint: 98833 ns, Cleanup: 64167 ns, At safepoint: 24958 ns, Total: 187958 ns
[2025-09-16T07:00:55.097+0000][185][info ][safepoint   ] Safepoint "Cleanup", Time since last: 1731190251 ns, Reaching safepoint: 51250 ns, Cleanup: 27625 ns, At safepoint: 12625 ns, Total: 91500 ns
[2025-09-16T07:00:57.101+0000][185][info ][safepoint   ] Safepoint "Cleanup", Time since last: 2004607750 ns, Reaching safepoint: 122042 ns, Cleanup: 61666 ns, At safepoint: 32750 ns, Total: 216458 ns
[2025-09-16T07:00:58.103+0000][185][info ][safepoint   ] Safepoint "Cleanup", Time since last: 1001362959 ns, Reaching safepoint: 79500 ns, Cleanup: 38458 ns, At safepoint: 13792 ns, Total: 131750 ns
[2025-09-16T07:01:02.108+0000][185][info ][safepoint   ] Safepoint "Cleanup", Time since last: 4005438502 ns, Reaching safepoint: 164542 ns, Cleanup: 49833 ns, At safepoint: 34250 ns, Total: 248625 ns
[2025-09-16T07:01:05.114+0000][185][info ][safepoint   ] Safepoint "Cleanup", Time since last: 3005760835 ns, Reaching safepoint: 100625 ns, Cleanup: 105000 ns, At safepoint: 28541 ns, Total: 234166 ns
[2025-09-16T07:01:08.116+0000][185][info ][safepoint   ] Safepoint "Cleanup", Time since last: 3002006335 ns, Reaching safepoint: 90042 ns, Cleanup: 47875 ns, At safepoint: 18250 ns, Total: 156167 ns
[2025-09-16T07:01:10.119+0000][185][info ][safepoint   ] Safepoint "Cleanup", Time since last: 2002717834 ns, Reaching safepoint: 127334 ns, Cleanup: 33833 ns, At safepoint: 19083 ns, Total: 180250 ns
[2025-09-16T07:01:11.122+0000][185][info ][safepoint   ] Safepoint "Cleanup", Time since last: 1002426251 ns, Reaching safepoint: 427708 ns, Cleanup: 89417 ns, At safepoint: 42250 ns, Total: 559375 ns
[2025-09-16T07:01:12.401+0000][185][info ][gc,start    ] GC(22) Pause Young (Concurrent Start) (CodeCache GC Threshold)
[2025-09-16T07:01:12.401+0000][185][info ][gc,task     ] GC(22) Using 8 workers of 8 for evacuation
[2025-09-16T07:01:12.402+0000][185][debug][gc,age      ] GC(22) Desired survivor size 41943040 bytes, new threshold 15 (max threshold 15)
[2025-09-16T07:01:12.495+0000][185][info ][gc,phases   ] GC(22)   Pre Evacuate Collection Set: 0.79ms
[2025-09-16T07:01:12.495+0000][185][info ][gc,phases   ] GC(22)   Merge Heap Roots: 0.13ms
[2025-09-16T07:01:12.495+0000][185][info ][gc,phases   ] GC(22)   Evacuate Collection Set: 88.68ms
[2025-09-16T07:01:12.495+0000][185][info ][gc,phases   ] GC(22)   Post Evacuate Collection Set: 3.74ms
[2025-09-16T07:01:12.495+0000][185][info ][gc,phases   ] GC(22)   Other: 0.40ms
[2025-09-16T07:01:12.495+0000][185][trace][gc,age      ] GC(22) Age table with threshold 15 (max threshold 15)
[2025-09-16T07:01:12.496+0000][185][trace][gc,age      ] GC(22) - age   1:    2591952 bytes,    2591952 total
[2025-09-16T07:01:12.496+0000][185][trace][gc,age      ] GC(22) - age   2:    1888736 bytes,    4480688 total
[2025-09-16T07:01:12.496+0000][185][trace][gc,age      ] GC(22) - age   3:    6591288 bytes,   11071976 total
[2025-09-16T07:01:12.496+0000][185][trace][gc,age      ] GC(22) - age   4:     514904 bytes,   11586880 total
[2025-09-16T07:01:12.496+0000][185][trace][gc,age      ] GC(22) - age   5:    1997408 bytes,   13584288 total
[2025-09-16T07:01:12.496+0000][185][trace][gc,age      ] GC(22) - age   6:   17617032 bytes,   31201320 total
[2025-09-16T07:01:12.496+0000][185][trace][gc,age      ] GC(22) - age   7:     179856 bytes,   31381176 total
[2025-09-16T07:01:12.496+0000][185][info ][gc,heap     ] GC(22) Eden regions: 98->0(144)
[2025-09-16T07:01:12.496+0000][185][info ][gc,heap     ] GC(22) Survivor regions: 10->9(20)
[2025-09-16T07:01:12.496+0000][185][info ][gc,heap     ] GC(22) Old regions: 30->30
[2025-09-16T07:01:12.496+0000][185][info ][gc,heap     ] GC(22) Humongous regions: 2->2
[2025-09-16T07:01:12.496+0000][185][info ][gc,metaspace] GC(22) Metaspace: 158961K(163520K)->158961K(163520K) NonClass: 137004K(139520K)->137004K(139520K) Class: 21956K(24000K)->21956K(24000K)
[2025-09-16T07:01:12.496+0000][185][info ][gc          ] GC(22) Pause Young (Concurrent Start) (CodeCache GC Threshold) 552M->160M(1024M) 95.313ms
[2025-09-16T07:01:12.496+0000][185][info ][gc          ] GC(23) Concurrent Mark Cycle
[2025-09-16T07:01:12.496+0000][185][info ][gc,marking  ] GC(23) Concurrent Scan Root Regions
[2025-09-16T07:01:12.496+0000][185][info ][gc,cpu      ] GC(22) User=0.67s Sys=0.04s Real=0.10s
[2025-09-16T07:01:12.496+0000][185][info ][safepoint   ] Safepoint "G1TryInitiateConcMark", Time since last: 1278334459 ns, Reaching safepoint: 23166 ns, Cleanup: 7209 ns, At safepoint: 95668208 ns, Total: 95698583 ns
[2025-09-16T07:01:12.505+0000][185][info ][gc,marking  ] GC(23) Concurrent Scan Root Regions 9.077ms
[2025-09-16T07:01:12.505+0000][185][info ][gc,marking  ] GC(23) Concurrent Mark
[2025-09-16T07:01:12.505+0000][185][info ][gc,marking  ] GC(23) Concurrent Mark From Roots
[2025-09-16T07:01:12.505+0000][185][info ][gc,task     ] GC(23) Using 2 workers of 2 for marking
[2025-09-16T07:01:12.570+0000][185][info ][gc,marking  ] GC(23) Concurrent Mark From Roots 64.256ms
[2025-09-16T07:01:12.570+0000][185][info ][gc,marking  ] GC(23) Concurrent Preclean
[2025-09-16T07:01:12.570+0000][185][info ][gc,marking  ] GC(23) Concurrent Preclean 0.377ms
[2025-09-16T07:01:12.570+0000][185][info ][gc,start    ] GC(23) Pause Remark
[2025-09-16T07:01:12.599+0000][185][info ][gc          ] GC(23) Pause Remark 161M->161M(1024M) 28.381ms
[2025-09-16T07:01:12.599+0000][185][info ][gc,cpu      ] GC(23) User=0.18s Sys=0.00s Real=0.03s
[2025-09-16T07:01:12.599+0000][185][info ][safepoint   ] Safepoint "G1PauseRemark", Time since last: 73963458 ns, Reaching safepoint: 15500 ns, Cleanup: 2542 ns, At safepoint: 28645042 ns, Total: 28663084 ns
[2025-09-16T07:01:12.599+0000][185][info ][gc,marking  ] GC(23) Concurrent Mark 93.712ms
[2025-09-16T07:01:12.599+0000][185][info ][gc,marking  ] GC(23) Concurrent Rebuild Remembered Sets and Scrub Regions
[2025-09-16T07:01:12.619+0000][185][info ][gc,marking  ] GC(23) Concurrent Rebuild Remembered Sets and Scrub Regions 20.310ms
[2025-09-16T07:01:12.620+0000][185][info ][gc,start    ] GC(23) Pause Cleanup
[2025-09-16T07:01:12.620+0000][185][info ][gc          ] GC(23) Pause Cleanup 161M->161M(1024M) 0.157ms
[2025-09-16T07:01:12.620+0000][185][info ][gc,cpu      ] GC(23) User=0.00s Sys=0.00s Real=0.00s
[2025-09-16T07:01:12.620+0000][185][info ][safepoint   ] Safepoint "G1PauseCleanup", Time since last: 20597500 ns, Reaching safepoint: 10333 ns, Cleanup: 77083 ns, At safepoint: 284959 ns, Total: 372375 ns
[2025-09-16T07:01:12.620+0000][185][info ][gc,marking  ] GC(23) Concurrent Clear Claimed Marks
[2025-09-16T07:01:12.620+0000][185][info ][gc,marking  ] GC(23) Concurrent Clear Claimed Marks 0.509ms
[2025-09-16T07:01:12.621+0000][185][info ][gc,marking  ] GC(23) Concurrent Cleanup for Next Mark
[2025-09-16T07:01:12.623+0000][185][info ][gc,marking  ] GC(23) Concurrent Cleanup for Next Mark 2.062ms
[2025-09-16T07:01:12.623+0000][185][info ][gc          ] GC(23) Concurrent Mark Cycle 126.549ms
[2025-09-16T07:01:13.623+0000][185][info ][safepoint   ] Safepoint "Cleanup", Time since last: 1002818959 ns, Reaching safepoint: 65291 ns, Cleanup: 23542 ns, At safepoint: 29750 ns, Total: 118583 ns
[2025-09-16T07:01:16.629+0000][185][info ][safepoint   ] Safepoint "Cleanup", Time since last: 3005801460 ns, Reaching safepoint: 19166 ns, Cleanup: 20209 ns, At safepoint: 5791 ns, Total: 45166 ns
[2025-09-16T07:01:17.632+0000][185][info ][safepoint   ] Safepoint "Cleanup", Time since last: 1002821501 ns, Reaching safepoint: 93791 ns, Cleanup: 77084 ns, At safepoint: 21416 ns, Total: 192291 ns
[2025-09-16T07:01:22.642+0000][185][info ][safepoint   ] Safepoint "Cleanup", Time since last: 5010011044 ns, Reaching safepoint: 116667 ns, Cleanup: 90958 ns, At safepoint: 24084 ns, Total: 231709 ns
[2025-09-16T07:01:24.649+0000][185][info ][safepoint   ] Safepoint "Cleanup", Time since last: 2007003167 ns, Reaching safepoint: 87500 ns, Cleanup: 84000 ns, At safepoint: 25417 ns, Total: 196917 ns
[2025-09-16T07:01:25.651+0000][185][info ][safepoint   ] Safepoint "Cleanup", Time since last: 1001835584 ns, Reaching safepoint: 63042 ns, Cleanup: 21958 ns, At safepoint: 30750 ns, Total: 115750 ns
[2025-09-16T07:01:26.653+0000][185][info ][safepoint   ] Safepoint "Cleanup", Time since last: 1001236958 ns, Reaching safepoint: 22541 ns, Cleanup: 21750 ns, At safepoint: 8000 ns, Total: 52291 ns
[2025-09-16T07:01:27.656+0000][185][info ][safepoint   ] Safepoint "Cleanup", Time since last: 1002773793 ns, Reaching safepoint: 119041 ns, Cleanup: 63000 ns, At safepoint: 34417 ns, Total: 216458 ns
[2025-09-16T07:01:31.664+0000][185][info ][safepoint   ] Safepoint "Cleanup", Time since last: 4008531502 ns, Reaching safepoint: 83750 ns, Cleanup: 76041 ns, At safepoint: 16584 ns, Total: 176375 ns
[2025-09-16T07:01:34.674+0000][185][info ][safepoint   ] Safepoint "Cleanup", Time since last: 3008907085 ns, Reaching safepoint: 80583 ns, Cleanup: 62833 ns, At safepoint: 26084 ns, Total: 169500 ns
[2025-09-16T07:01:37.683+0000][185][info ][safepoint   ] Safepoint "Cleanup", Time since last: 3009629918 ns, Reaching safepoint: 74625 ns, Cleanup: 61708 ns, At safepoint: 18125 ns, Total: 154458 ns
[2025-09-16T07:01:38.687+0000][185][info ][safepoint   ] Safepoint "Cleanup", Time since last: 1003478834 ns, Reaching safepoint: 110375 ns, Cleanup: 41917 ns, At safepoint: 19541 ns, Total: 171833 ns
[2025-09-16T07:01:40.461+0000][185][info ][safepoint   ] Safepoint "Cleanup", Time since last: 1774162376 ns, Reaching safepoint: 6958 ns, Cleanup: 29667 ns, At safepoint: 4542 ns, Total: 41167 ns
[2025-09-16T07:01:42.280+0000][185][info ][safepoint   ] Safepoint "Cleanup", Time since last: 1818981792 ns, Reaching safepoint: 81584 ns, Cleanup: 81416 ns, At safepoint: 22875 ns, Total: 185875 ns
[2025-09-16T07:01:43.282+0000][185][info ][safepoint   ] Safepoint "Cleanup", Time since last: 1001450542 ns, Reaching safepoint: 42084 ns, Cleanup: 41708 ns, At safepoint: 34833 ns, Total: 118625 ns
[2025-09-16T07:01:44.284+0000][185][info ][safepoint   ] Safepoint "Cleanup", Time since last: 1001958793 ns, Reaching safepoint: 35333 ns, Cleanup: 17292 ns, At safepoint: 9041 ns, Total: 61666 ns
[2025-09-16T07:01:45.286+0000][185][info ][safepoint   ] Safepoint "Cleanup", Time since last: 1001437001 ns, Reaching safepoint: 88416 ns, Cleanup: 43834 ns, At safepoint: 42250 ns, Total: 174500 ns
[2025-09-16T07:01:46.586+0000][185][info ][safepoint   ] Safepoint "Cleanup", Time since last: 1300390417 ns, Reaching safepoint: 66708 ns, Cleanup: 84542 ns, At safepoint: 35208 ns, Total: 186458 ns
[2025-09-16T07:01:47.592+0000][185][info ][safepoint   ] Safepoint "Cleanup", Time since last: 1006137334 ns, Reaching safepoint: 141958 ns, Cleanup: 58459 ns, At safepoint: 19500 ns, Total: 219917 ns
[2025-09-16T07:01:49.600+0000][185][info ][safepoint   ] Safepoint "Cleanup", Time since last: 2007822376 ns, Reaching safepoint: 121000 ns, Cleanup: 38166 ns, At safepoint: 16125 ns, Total: 175291 ns
[2025-09-16T07:01:52.607+0000][185][info ][safepoint   ] Safepoint "Cleanup", Time since last: 3006769335 ns, Reaching safepoint: 132667 ns, Cleanup: 79750 ns, At safepoint: 29208 ns, Total: 241625 ns
[2025-09-16T07:01:54.613+0000][185][info ][safepoint   ] Safepoint "Cleanup", Time since last: 2005413084 ns, Reaching safepoint: 81542 ns, Cleanup: 45792 ns, At safepoint: 17791 ns, Total: 145125 ns
[2025-09-16T07:01:55.616+0000][185][info ][safepoint   ] Safepoint "Cleanup", Time since last: 1003200626 ns, Reaching safepoint: 85292 ns, Cleanup: 43666 ns, At safepoint: 21667 ns, Total: 150625 ns
[2025-09-16T07:01:57.619+0000][185][info ][safepoint   ] Safepoint "Cleanup", Time since last: 2002582417 ns, Reaching safepoint: 57333 ns, Cleanup: 59500 ns, At safepoint: 48375 ns, Total: 165208 ns
[2025-09-16T07:01:58.620+0000][185][info ][safepoint   ] Safepoint "Cleanup", Time since last: 1000727084 ns, Reaching safepoint: 70750 ns, Cleanup: 46791 ns, At safepoint: 21125 ns, Total: 138666 ns
[2025-09-16T07:02:04.632+0000][185][info ][safepoint   ] Safepoint "Cleanup", Time since last: 6012172837 ns, Reaching safepoint: 282041 ns, Cleanup: 89375 ns, At safepoint: 31084 ns, Total: 402500 ns
[2025-09-16T07:02:07.639+0000][185][info ][safepoint   ] Safepoint "Cleanup", Time since last: 3006165959 ns, Reaching safepoint: 33584 ns, Cleanup: 22375 ns, At safepoint: 10125 ns, Total: 66084 ns
[2025-09-16T07:02:09.642+0000][185][info ][safepoint   ] Safepoint "Cleanup", Time since last: 2003642584 ns, Reaching safepoint: 118958 ns, Cleanup: 54792 ns, At safepoint: 23417 ns, Total: 197167 ns
[2025-09-16T07:02:10.649+0000][185][info ][safepoint   ] Safepoint "Cleanup", Time since last: 1006342500 ns, Reaching safepoint: 77750 ns, Cleanup: 96500 ns, At safepoint: 17292 ns, Total: 191542 ns
[2025-09-16T07:02:11.654+0000][185][info ][safepoint   ] Safepoint "Cleanup", Time since last: 1004903000 ns, Reaching safepoint: 81667 ns, Cleanup: 37417 ns, At safepoint: 17208 ns, Total: 136292 ns
[2025-09-16T07:02:12.655+0000][185][info ][safepoint   ] Safepoint "Cleanup", Time since last: 1001197792 ns, Reaching safepoint: 91667 ns, Cleanup: 78041 ns, At safepoint: 13250 ns, Total: 182958 ns
[2025-09-16T07:02:13.658+0000][185][info ][safepoint   ] Safepoint "Cleanup", Time since last: 1002298751 ns, Reaching safepoint: 89125 ns, Cleanup: 129000 ns, At safepoint: 17375 ns, Total: 235500 ns
[2025-09-16T07:02:16.662+0000][185][info ][safepoint   ] Safepoint "Cleanup", Time since last: 3003687585 ns, Reaching safepoint: 32458 ns, Cleanup: 20000 ns, At safepoint: 8833 ns, Total: 61291 ns
[2025-09-16T07:02:17.664+0000][185][info ][safepoint   ] Safepoint "Cleanup", Time since last: 1002031334 ns, Reaching safepoint: 52083 ns, Cleanup: 27542 ns, At safepoint: 14375 ns, Total: 94000 ns
[2025-09-16T07:02:22.672+0000][185][info ][safepoint   ] Safepoint "Cleanup", Time since last: 5007827586 ns, Reaching safepoint: 51583 ns, Cleanup: 110209 ns, At safepoint: 40208 ns, Total: 202000 ns
[2025-09-16T07:02:24.678+0000][185][info ][safepoint   ] Safepoint "Cleanup", Time since last: 2006124501 ns, Reaching safepoint: 86791 ns, Cleanup: 121334 ns, At safepoint: 32583 ns, Total: 240708 ns
[2025-09-16T07:02:27.688+0000][185][info ][safepoint   ] Safepoint "Cleanup", Time since last: 3009639835 ns, Reaching safepoint: 42541 ns, Cleanup: 90292 ns, At safepoint: 22583 ns, Total: 155416 ns
[2025-09-16T07:02:31.697+0000][185][info ][safepoint   ] Safepoint "Cleanup", Time since last: 4008725210 ns, Reaching safepoint: 46584 ns, Cleanup: 68875 ns, At safepoint: 34791 ns, Total: 150250 ns
[2025-09-16T07:02:32.698+0000][185][info ][safepoint   ] Safepoint "Cleanup", Time since last: 1001306459 ns, Reaching safepoint: 51375 ns, Cleanup: 70417 ns, At safepoint: 26458 ns, Total: 148250 ns
[2025-09-16T07:02:34.702+0000][185][info ][safepoint   ] Safepoint "Cleanup", Time since last: 2003499376 ns, Reaching safepoint: 122917 ns, Cleanup: 30583 ns, At safepoint: 25500 ns, Total: 179000 ns
[2025-09-16T07:02:35.703+0000][185][info ][safepoint   ] Safepoint "Cleanup", Time since last: 1001137167 ns, Reaching safepoint: 44542 ns, Cleanup: 32708 ns, At safepoint: 11834 ns, Total: 89084 ns
[2025-09-16T07:02:37.834+0000][185][info ][safepoint   ] Safepoint "Cleanup", Time since last: 2130996459 ns, Reaching safepoint: 12167 ns, Cleanup: 22833 ns, At safepoint: 6917 ns, Total: 41917 ns
[2025-09-16T07:02:40.840+0000][185][info ][safepoint   ] Safepoint "Cleanup", Time since last: 3005723043 ns, Reaching safepoint: 108417 ns, Cleanup: 29333 ns, At safepoint: 13292 ns, Total: 151042 ns
[2025-09-16T07:02:41.847+0000][185][info ][safepoint   ] Safepoint "Cleanup", Time since last: 1006161417 ns, Reaching safepoint: 95291 ns, Cleanup: 67500 ns, At safepoint: 32834 ns, Total: 195625 ns
[2025-09-16T07:02:42.850+0000][185][info ][safepoint   ] Safepoint "Cleanup", Time since last: 1002812542 ns, Reaching safepoint: 99833 ns, Cleanup: 84083 ns, At safepoint: 23500 ns, Total: 207416 ns
[2025-09-16T07:02:44.439+0000][185][info ][safepoint   ] Safepoint "Cleanup", Time since last: 1589602460 ns, Reaching safepoint: 10166 ns, Cleanup: 69334 ns, At safepoint: 11958 ns, Total: 91458 ns
[2025-09-16T07:02:45.490+0000][185][info ][safepoint   ] Safepoint "Cleanup", Time since last: 1050367625 ns, Reaching safepoint: 31500 ns, Cleanup: 22792 ns, At safepoint: 8375 ns, Total: 62667 ns
[2025-09-16T07:02:47.828+0000][185][info ][safepoint   ] Safepoint "Cleanup", Time since last: 2337943501 ns, Reaching safepoint: 37167 ns, Cleanup: 32917 ns, At safepoint: 10083 ns, Total: 80167 ns
[2025-09-16T07:02:48.828+0000][185][info ][safepoint   ] Safepoint "Cleanup", Time since last: 1000459084 ns, Reaching safepoint: 15250 ns, Cleanup: 14000 ns, At safepoint: 8208 ns, Total: 37458 ns
[2025-09-16T07:02:52.833+0000][185][info ][safepoint   ] Safepoint "Cleanup", Time since last: 4004937835 ns, Reaching safepoint: 84834 ns, Cleanup: 44750 ns, At safepoint: 34625 ns, Total: 164209 ns
[2025-09-16T07:02:54.837+0000][185][info ][safepoint   ] Safepoint "Cleanup", Time since last: 2003101584 ns, Reaching safepoint: 46125 ns, Cleanup: 26292 ns, At safepoint: 41833 ns, Total: 114250 ns
[2025-09-16T07:02:57.841+0000][185][info ][safepoint   ] Safepoint "Cleanup", Time since last: 3004509375 ns, Reaching safepoint: 93750 ns, Cleanup: 67667 ns, At safepoint: 29458 ns, Total: 190875 ns
[2025-09-16T07:02:59.843+0000][185][info ][safepoint   ] Safepoint "Cleanup", Time since last: 2001902668 ns, Reaching safepoint: 171958 ns, Cleanup: 53125 ns, At safepoint: 25667 ns, Total: 250750 ns
[2025-09-16T07:03:02.847+0000][185][info ][safepoint   ] Safepoint "Cleanup", Time since last: 3004073126 ns, Reaching safepoint: 63375 ns, Cleanup: 40209 ns, At safepoint: 16166 ns, Total: 119750 ns
[2025-09-16T07:03:07.853+0000][185][info ][safepoint   ] Safepoint "Cleanup", Time since last: 5005676919 ns, Reaching safepoint: 78792 ns, Cleanup: 65042 ns, At safepoint: 20083 ns, Total: 163917 ns
[2025-09-16T07:03:12.863+0000][185][info ][safepoint   ] Safepoint "Cleanup", Time since last: 5009454377 ns, Reaching safepoint: 121834 ns, Cleanup: 43000 ns, At safepoint: 16291 ns, Total: 181125 ns
[2025-09-16T07:03:16.867+0000][185][info ][safepoint   ] Safepoint "Cleanup", Time since last: 4004156877 ns, Reaching safepoint: 66167 ns, Cleanup: 33708 ns, At safepoint: 13709 ns, Total: 113584 ns
[2025-09-16T07:03:17.868+0000][185][info ][safepoint   ] Safepoint "Cleanup", Time since last: 1000897250 ns, Reaching safepoint: 71792 ns, Cleanup: 33792 ns, At safepoint: 18416 ns, Total: 124000 ns
[2025-09-16T07:03:22.874+0000][185][info ][safepoint   ] Safepoint "Cleanup", Time since last: 5006053836 ns, Reaching safepoint: 95875 ns, Cleanup: 38625 ns, At safepoint: 14792 ns, Total: 149292 ns
[2025-09-16T07:03:24.878+0000][185][info ][safepoint   ] Safepoint "Cleanup", Time since last: 2003246751 ns, Reaching safepoint: 86750 ns, Cleanup: 237833 ns, At safepoint: 23000 ns, Total: 347583 ns
[2025-09-16T07:03:26.885+0000][185][info ][safepoint   ] Safepoint "Cleanup", Time since last: 2007208126 ns, Reaching safepoint: 90666 ns, Cleanup: 73542 ns, At safepoint: 21417 ns, Total: 185625 ns
[2025-09-16T07:03:27.889+0000][185][info ][safepoint   ] Safepoint "Cleanup", Time since last: 1003998583 ns, Reaching safepoint: 67542 ns, Cleanup: 54375 ns, At safepoint: 20083 ns, Total: 142000 ns
[2025-09-16T07:03:31.898+0000][185][info ][safepoint   ] Safepoint "Cleanup", Time since last: 4008355544 ns, Reaching safepoint: 93167 ns, Cleanup: 45291 ns, At safepoint: 20042 ns, Total: 158500 ns
[2025-09-16T07:03:34.902+0000][185][info ][safepoint   ] Safepoint "Cleanup", Time since last: 3003943876 ns, Reaching safepoint: 67375 ns, Cleanup: 52709 ns, At safepoint: 18125 ns, Total: 138209 ns
[2025-09-16T07:03:37.905+0000][185][info ][safepoint   ] Safepoint "Cleanup", Time since last: 3002995918 ns, Reaching safepoint: 94958 ns, Cleanup: 53708 ns, At safepoint: 18667 ns, Total: 167333 ns
[2025-09-16T07:03:43.913+0000][185][info ][safepoint   ] Safepoint "Cleanup", Time since last: 6007263628 ns, Reaching safepoint: 91125 ns, Cleanup: 60208 ns, At safepoint: 13750 ns, Total: 165083 ns
[2025-09-16T07:03:46.493+0000][185][info ][safepoint   ] Safepoint "Cleanup", Time since last: 2580318502 ns, Reaching safepoint: 3041 ns, Cleanup: 20792 ns, At safepoint: 5208 ns, Total: 29041 ns
[2025-09-16T07:03:47.676+0000][185][info ][safepoint   ] Safepoint "Cleanup", Time since last: 1183127126 ns, Reaching safepoint: 90625 ns, Cleanup: 222083 ns, At safepoint: 22000 ns, Total: 334708 ns
[2025-09-16T07:03:48.678+0000][185][info ][safepoint   ] Safepoint "Cleanup", Time since last: 1001780084 ns, Reaching safepoint: 91542 ns, Cleanup: 54625 ns, At safepoint: 28625 ns, Total: 174792 ns
[2025-09-16T07:03:52.684+0000][185][info ][safepoint   ] Safepoint "Cleanup", Time since last: 4005402002 ns, Reaching safepoint: 93416 ns, Cleanup: 169917 ns, At safepoint: 30000 ns, Total: 293333 ns
[2025-09-16T07:03:55.688+0000][185][info ][safepoint   ] Safepoint "Cleanup", Time since last: 3003754793 ns, Reaching safepoint: 90292 ns, Cleanup: 46916 ns, At safepoint: 16667 ns, Total: 153875 ns
[2025-09-16T07:03:57.691+0000][185][info ][safepoint   ] Safepoint "Cleanup", Time since last: 2002043542 ns, Reaching safepoint: 218000 ns, Cleanup: 48833 ns, At safepoint: 23667 ns, Total: 290500 ns
[2025-09-16T07:03:58.693+0000][185][info ][safepoint   ] Safepoint "Cleanup", Time since last: 1002268542 ns, Reaching safepoint: 69375 ns, Cleanup: 70333 ns, At safepoint: 19250 ns, Total: 158958 ns
[2025-09-16T07:03:59.695+0000][185][info ][safepoint   ] Safepoint "Cleanup", Time since last: 1002082876 ns, Reaching safepoint: 65250 ns, Cleanup: 58958 ns, At safepoint: 23375 ns, Total: 147583 ns
[2025-09-16T07:04:00.696+0000][185][info ][safepoint   ] Safepoint "Cleanup", Time since last: 1000823834 ns, Reaching safepoint: 99625 ns, Cleanup: 53500 ns, At safepoint: 18500 ns, Total: 171625 ns
[2025-09-16T07:04:01.698+0000][185][info ][safepoint   ] Safepoint "Cleanup", Time since last: 1001356792 ns, Reaching safepoint: 90083 ns, Cleanup: 44625 ns, At safepoint: 22833 ns, Total: 157541 ns
[2025-09-16T07:04:04.700+0000][185][info ][safepoint   ] Safepoint "Cleanup", Time since last: 3002599169 ns, Reaching safepoint: 45958 ns, Cleanup: 34292 ns, At safepoint: 13500 ns, Total: 93750 ns
[2025-09-16T07:04:07.706+0000][185][info ][safepoint   ] Safepoint "Cleanup", Time since last: 3005623293 ns, Reaching safepoint: 93208 ns, Cleanup: 73208 ns, At safepoint: 20959 ns, Total: 187375 ns
[2025-09-16T07:04:09.710+0000][185][info ][safepoint   ] Safepoint "Cleanup", Time since last: 2003414876 ns, Reaching safepoint: 104291 ns, Cleanup: 76542 ns, At safepoint: 24000 ns, Total: 204833 ns
[2025-09-16T07:04:10.712+0000][185][info ][safepoint   ] Safepoint "Cleanup", Time since last: 1001744417 ns, Reaching safepoint: 77750 ns, Cleanup: 45625 ns, At safepoint: 16958 ns, Total: 140333 ns
[2025-09-16T07:04:12.716+0000][185][info ][safepoint   ] Safepoint "Cleanup", Time since last: 2004062501 ns, Reaching safepoint: 81209 ns, Cleanup: 46458 ns, At safepoint: 64000 ns, Total: 191667 ns
[2025-09-16T07:04:13.718+0000][185][info ][safepoint   ] Safepoint "Cleanup", Time since last: 1001543167 ns, Reaching safepoint: 91334 ns, Cleanup: 54375 ns, At safepoint: 21375 ns, Total: 167084 ns
[2025-09-16T07:04:16.728+0000][185][info ][safepoint   ] Safepoint "Cleanup", Time since last: 3010322209 ns, Reaching safepoint: 85042 ns, Cleanup: 31458 ns, At safepoint: 20584 ns, Total: 137084 ns
[2025-09-16T07:04:19.733+0000][185][info ][safepoint   ] Safepoint "Cleanup", Time since last: 3004816668 ns, Reaching safepoint: 76333 ns, Cleanup: 35042 ns, At safepoint: 23083 ns, Total: 134458 ns
[2025-09-16T07:04:22.738+0000][185][info ][safepoint   ] Safepoint "Cleanup", Time since last: 3004267627 ns, Reaching safepoint: 73333 ns, Cleanup: 31625 ns, At safepoint: 17000 ns, Total: 121958 ns
[2025-09-16T07:04:23.738+0000][185][info ][safepoint   ] Safepoint "Cleanup", Time since last: 1000579250 ns, Reaching safepoint: 100709 ns, Cleanup: 44833 ns, At safepoint: 19375 ns, Total: 164917 ns
[2025-09-16T07:04:24.740+0000][185][info ][safepoint   ] Safepoint "Cleanup", Time since last: 1001822042 ns, Reaching safepoint: 49167 ns, Cleanup: 79583 ns, At safepoint: 13500 ns, Total: 142250 ns
[2025-09-16T07:04:27.744+0000][185][info ][safepoint   ] Safepoint "Cleanup", Time since last: 3003264334 ns, Reaching safepoint: 87209 ns, Cleanup: 61125 ns, At safepoint: 9708 ns, Total: 158042 ns
[2025-09-16T07:04:34.751+0000][185][info ][safepoint   ] Safepoint "Cleanup", Time since last: 7007689003 ns, Reaching safepoint: 54834 ns, Cleanup: 31791 ns, At safepoint: 9375 ns, Total: 96000 ns
[2025-09-16T07:04:37.755+0000][185][info ][safepoint   ] Safepoint "Cleanup", Time since last: 3003667210 ns, Reaching safepoint: 81875 ns, Cleanup: 40875 ns, At safepoint: 13500 ns, Total: 136250 ns
[2025-09-16T07:04:39.757+0000][185][info ][safepoint   ] Safepoint "Cleanup", Time since last: 2001795168 ns, Reaching safepoint: 70041 ns, Cleanup: 71709 ns, At safepoint: 18583 ns, Total: 160333 ns
[2025-09-16T07:04:43.762+0000][185][info ][safepoint   ] Safepoint "Cleanup", Time since last: 4004171502 ns, Reaching safepoint: 76375 ns, Cleanup: 44250 ns, At safepoint: 15542 ns, Total: 136167 ns
[2025-09-16T07:04:48.051+0000][185][info ][safepoint   ] Safepoint "Cleanup", Time since last: 4288892585 ns, Reaching safepoint: 73625 ns, Cleanup: 61292 ns, At safepoint: 7333 ns, Total: 142250 ns
[2025-09-16T07:04:49.502+0000][185][info ][safepoint   ] Safepoint "Cleanup", Time since last: 1451629376 ns, Reaching safepoint: 4875 ns, Cleanup: 24291 ns, At safepoint: 9042 ns, Total: 38208 ns
[2025-09-16T07:04:50.828+0000][185][info ][safepoint   ] Safepoint "Cleanup", Time since last: 1325991417 ns, Reaching safepoint: 78042 ns, Cleanup: 122792 ns, At safepoint: 41750 ns, Total: 242584 ns
[2025-09-16T07:04:52.831+0000][185][info ][safepoint   ] Safepoint "Cleanup", Time since last: 2002638501 ns, Reaching safepoint: 71666 ns, Cleanup: 36459 ns, At safepoint: 18208 ns, Total: 126333 ns
[2025-09-16T07:04:54.833+0000][185][info ][safepoint   ] Safepoint "Cleanup", Time since last: 2002067001 ns, Reaching safepoint: 46458 ns, Cleanup: 34667 ns, At safepoint: 12833 ns, Total: 93958 ns
[2025-09-16T07:04:55.834+0000][185][info ][safepoint   ] Safepoint "Cleanup", Time since last: 1000690667 ns, Reaching safepoint: 77375 ns, Cleanup: 28917 ns, At safepoint: 24417 ns, Total: 130709 ns
[2025-09-16T07:04:56.833+0000][185][info ][safepoint   ] Safepoint "Cleanup", Time since last: 1000906208 ns, Reaching safepoint: 10833 ns, Cleanup: 28167 ns, At safepoint: 4833 ns, Total: 43833 ns
[2025-09-16T07:04:57.834+0000][185][info ][safepoint   ] Safepoint "Cleanup", Time since last: 1000981084 ns, Reaching safepoint: 50750 ns, Cleanup: 55875 ns, At safepoint: 12042 ns, Total: 118667 ns
[2025-09-16T07:04:58.835+0000][185][info ][safepoint   ] Safepoint "Cleanup", Time since last: 1000804334 ns, Reaching safepoint: 28041 ns, Cleanup: 26125 ns, At safepoint: 6334 ns, Total: 60500 ns
[2025-09-16T07:05:01.839+0000][185][info ][safepoint   ] Safepoint "Cleanup", Time since last: 3004503001 ns, Reaching safepoint: 57125 ns, Cleanup: 27750 ns, At safepoint: 14875 ns, Total: 99750 ns
[2025-09-16T07:05:02.841+0000][185][info ][safepoint   ] Safepoint "Cleanup", Time since last: 1001398667 ns, Reaching safepoint: 80959 ns, Cleanup: 31541 ns, At safepoint: 22792 ns, Total: 135292 ns
[2025-09-16T07:05:04.843+0000][185][info ][safepoint   ] Safepoint "Cleanup", Time since last: 2002154584 ns, Reaching safepoint: 67834 ns, Cleanup: 74083 ns, At safepoint: 15792 ns, Total: 157709 ns
[2025-09-16T07:05:06.846+0000][185][info ][safepoint   ] Safepoint "Cleanup", Time since last: 2002718709 ns, Reaching safepoint: 102125 ns, Cleanup: 54000 ns, At safepoint: 11458 ns, Total: 167583 ns
[2025-09-16T07:05:07.848+0000][185][info ][safepoint   ] Safepoint "Cleanup", Time since last: 1001847376 ns, Reaching safepoint: 50375 ns, Cleanup: 40083 ns, At safepoint: 11208 ns, Total: 101666 ns
[2025-09-16T07:05:09.850+0000][185][info ][safepoint   ] Safepoint "Cleanup", Time since last: 2002256126 ns, Reaching safepoint: 274042 ns, Cleanup: 78292 ns, At safepoint: 21791 ns, Total: 374125 ns
[2025-09-16T07:05:12.854+0000][185][info ][safepoint   ] Safepoint "Cleanup", Time since last: 3003760335 ns, Reaching safepoint: 78125 ns, Cleanup: 64458 ns, At safepoint: 18125 ns, Total: 160708 ns
[2025-09-16T07:05:16.863+0000][185][info ][safepoint   ] Safepoint "Cleanup", Time since last: 4008729502 ns, Reaching safepoint: 77209 ns, Cleanup: 34416 ns, At safepoint: 22084 ns, Total: 133709 ns
[2025-09-16T07:05:17.866+0000][185][info ][safepoint   ] Safepoint "Cleanup", Time since last: 1002417875 ns, Reaching safepoint: 62750 ns, Cleanup: 28625 ns, At safepoint: 13417 ns, Total: 104792 ns
[2025-09-16T07:05:21.872+0000][185][info ][safepoint   ] Safepoint "Cleanup", Time since last: 4006271835 ns, Reaching safepoint: 111833 ns, Cleanup: 50792 ns, At safepoint: 19917 ns, Total: 182542 ns
[2025-09-16T07:05:24.876+0000][185][info ][safepoint   ] Safepoint "Cleanup", Time since last: 3003462835 ns, Reaching safepoint: 44500 ns, Cleanup: 55208 ns, At safepoint: 17333 ns, Total: 117041 ns
[2025-09-16T07:05:25.878+0000][185][info ][safepoint   ] Safepoint "Cleanup", Time since last: 1002019417 ns, Reaching safepoint: 96959 ns, Cleanup: 52916 ns, At safepoint: 16584 ns, Total: 166459 ns
[2025-09-16T07:05:26.882+0000][185][info ][safepoint   ] Safepoint "Cleanup", Time since last: 1001516875 ns, Reaching safepoint: 61833 ns, Cleanup: 29000 ns, At safepoint: 9292 ns, Total: 100125 ns
[2025-09-16T07:05:27.885+0000][185][info ][safepoint   ] Safepoint "Cleanup", Time since last: 1002551250 ns, Reaching safepoint: 14334 ns, Cleanup: 14708 ns, At safepoint: 8167 ns, Total: 37209 ns
[2025-09-16T07:05:28.916+0000][185][info ][safepoint   ] Safepoint "Cleanup", Time since last: 1031006292 ns, Reaching safepoint: 3208 ns, Cleanup: 25792 ns, At safepoint: 8833 ns, Total: 37833 ns
[2025-09-16T07:05:29.954+0000][185][info ][safepoint   ] Safepoint "Cleanup", Time since last: 1037853376 ns, Reaching safepoint: 13375 ns, Cleanup: 15125 ns, At safepoint: 11916 ns, Total: 40416 ns
[2025-09-16T07:05:30.997+0000][185][info ][safepoint   ] Safepoint "Cleanup", Time since last: 1042968584 ns, Reaching safepoint: 43417 ns, Cleanup: 49458 ns, At safepoint: 11542 ns, Total: 104417 ns
[2025-09-16T07:05:31.997+0000][185][info ][safepoint   ] Safepoint "Cleanup", Time since last: 1000366792 ns, Reaching safepoint: 80417 ns, Cleanup: 60375 ns, At safepoint: 42708 ns, Total: 183500 ns
[2025-09-16T07:05:32.998+0000][185][info ][safepoint   ] Safepoint "Cleanup", Time since last: 1001012459 ns, Reaching safepoint: 50250 ns, Cleanup: 26041 ns, At safepoint: 10500 ns, Total: 86791 ns
[2025-09-16T07:05:35.005+0000][185][info ][safepoint   ] Safepoint "Cleanup", Time since last: 2006672710 ns, Reaching safepoint: 69791 ns, Cleanup: 121125 ns, At safepoint: 11667 ns, Total: 202583 ns
[2025-09-16T07:05:38.012+0000][185][info ][safepoint   ] Safepoint "Cleanup", Time since last: 3006328418 ns, Reaching safepoint: 45833 ns, Cleanup: 52417 ns, At safepoint: 13208 ns, Total: 111458 ns
[2025-09-16T07:05:39.012+0000][185][info ][safepoint   ] Safepoint "Cleanup", Time since last: 1000435293 ns, Reaching safepoint: 23833 ns, Cleanup: 9708 ns, At safepoint: 5250 ns, Total: 38791 ns
[2025-09-16T07:05:41.015+0000][185][info ][safepoint   ] Safepoint "Cleanup", Time since last: 2003106501 ns, Reaching safepoint: 91959 ns, Cleanup: 84625 ns, At safepoint: 14083 ns, Total: 190667 ns
[2025-09-16T07:05:43.018+0000][185][info ][safepoint   ] Safepoint "Cleanup", Time since last: 2002956584 ns, Reaching safepoint: 16125 ns, Cleanup: 26375 ns, At safepoint: 6334 ns, Total: 48834 ns
[2025-09-16T07:05:47.227+0000][185][info ][safepoint   ] Safepoint "Cleanup", Time since last: 4208765752 ns, Reaching safepoint: 89541 ns, Cleanup: 60875 ns, At safepoint: 17417 ns, Total: 167833 ns
[2025-09-16T07:05:48.230+0000][185][info ][safepoint   ] Safepoint "Cleanup", Time since last: 1002762209 ns, Reaching safepoint: 99041 ns, Cleanup: 48084 ns, At safepoint: 15333 ns, Total: 162458 ns
[2025-09-16T07:05:52.488+0000][185][info ][safepoint   ] Safepoint "Cleanup", Time since last: 4258216002 ns, Reaching safepoint: 5458 ns, Cleanup: 32000 ns, At safepoint: 6709 ns, Total: 44167 ns
[2025-09-16T07:05:54.084+0000][185][info ][safepoint   ] Safepoint "Cleanup", Time since last: 1595212834 ns, Reaching safepoint: 33083 ns, Cleanup: 78042 ns, At safepoint: 30458 ns, Total: 141583 ns
[2025-09-16T07:05:56.085+0000][185][info ][safepoint   ] Safepoint "Cleanup", Time since last: 2001285084 ns, Reaching safepoint: 68459 ns, Cleanup: 38916 ns, At safepoint: 14792 ns, Total: 122167 ns
[2025-09-16T07:05:57.800+0000][185][info ][safepoint   ] Safepoint "Cleanup", Time since last: 1714874125 ns, Reaching safepoint: 10750 ns, Cleanup: 18167 ns, At safepoint: 7208 ns, Total: 36125 ns
[2025-09-16T07:05:58.856+0000][185][info ][safepoint   ] Safepoint "Cleanup", Time since last: 1055894834 ns, Reaching safepoint: 17542 ns, Cleanup: 17708 ns, At safepoint: 6500 ns, Total: 41750 ns
[2025-09-16T07:05:59.858+0000][185][info ][safepoint   ] Safepoint "Cleanup", Time since last: 1001933167 ns, Reaching safepoint: 61459 ns, Cleanup: 22000 ns, At safepoint: 19208 ns, Total: 102667 ns
[2025-09-16T07:06:01.862+0000][185][info ][safepoint   ] Safepoint "Cleanup", Time since last: 2003880209 ns, Reaching safepoint: 60334 ns, Cleanup: 30500 ns, At safepoint: 10500 ns, Total: 101334 ns
[2025-09-16T07:06:02.864+0000][185][info ][safepoint   ] Safepoint "Cleanup", Time since last: 1000743833 ns, Reaching safepoint: 1228584 ns, Cleanup: 20666 ns, At safepoint: 18250 ns, Total: 1267500 ns
[2025-09-16T07:06:07.876+0000][185][info ][safepoint   ] Safepoint "Cleanup", Time since last: 5012264211 ns, Reaching safepoint: 104000 ns, Cleanup: 44208 ns, At safepoint: 26625 ns, Total: 174833 ns
[2025-09-16T07:06:12.883+0000][185][info ][safepoint   ] Safepoint "Cleanup", Time since last: 5006622586 ns, Reaching safepoint: 140250 ns, Cleanup: 79833 ns, At safepoint: 23875 ns, Total: 243958 ns
[2025-09-16T07:06:13.886+0000][185][info ][safepoint   ] Safepoint "Cleanup", Time since last: 1003223001 ns, Reaching safepoint: 71958 ns, Cleanup: 38084 ns, At safepoint: 16833 ns, Total: 126875 ns
[2025-09-16T07:06:14.889+0000][185][info ][safepoint   ] Safepoint "Cleanup", Time since last: 1002340792 ns, Reaching safepoint: 72167 ns, Cleanup: 50000 ns, At safepoint: 17666 ns, Total: 139833 ns
[2025-09-16T07:06:17.898+0000][185][info ][safepoint   ] Safepoint "Cleanup", Time since last: 3008733127 ns, Reaching safepoint: 158000 ns, Cleanup: 21250 ns, At safepoint: 23458 ns, Total: 202708 ns
[2025-09-16T07:06:21.905+0000][185][info ][safepoint   ] Safepoint "Cleanup", Time since last: 4007029377 ns, Reaching safepoint: 138792 ns, Cleanup: 48125 ns, At safepoint: 22750 ns, Total: 209667 ns
[2025-09-16T07:06:23.908+0000][185][info ][safepoint   ] Safepoint "Cleanup", Time since last: 2003172709 ns, Reaching safepoint: 85500 ns, Cleanup: 67708 ns, At safepoint: 13584 ns, Total: 166792 ns
[2025-09-16T07:06:24.911+0000][185][info ][safepoint   ] Safepoint "Cleanup", Time since last: 1002280209 ns, Reaching safepoint: 43375 ns, Cleanup: 62500 ns, At safepoint: 18166 ns, Total: 124041 ns
[2025-09-16T07:06:25.912+0000][185][info ][safepoint   ] Safepoint "Cleanup", Time since last: 1000746084 ns, Reaching safepoint: 79750 ns, Cleanup: 30083 ns, At safepoint: 38667 ns, Total: 148500 ns
[2025-09-16T07:06:26.913+0000][185][info ][safepoint   ] Safepoint "Cleanup", Time since last: 1001187750 ns, Reaching safepoint: 79167 ns, Cleanup: 33083 ns, At safepoint: 35375 ns, Total: 147625 ns
[2025-09-16T07:06:27.917+0000][185][info ][safepoint   ] Safepoint "Cleanup", Time since last: 1003512751 ns, Reaching safepoint: 79416 ns, Cleanup: 47209 ns, At safepoint: 19833 ns, Total: 146458 ns
[2025-09-16T07:06:32.925+0000][185][info ][safepoint   ] Safepoint "Cleanup", Time since last: 5008816252 ns, Reaching safepoint: 60959 ns, Cleanup: 39791 ns, At safepoint: 11375 ns, Total: 112125 ns
[2025-09-16T07:06:34.928+0000][185][info ][safepoint   ] Safepoint "Cleanup", Time since last: 2002220585 ns, Reaching safepoint: 90166 ns, Cleanup: 79875 ns, At safepoint: 20000 ns, Total: 190041 ns
[2025-09-16T07:06:37.938+0000][185][info ][safepoint   ] Safepoint "Cleanup", Time since last: 3009796752 ns, Reaching safepoint: 92208 ns, Cleanup: 36958 ns, At safepoint: 19459 ns, Total: 148625 ns
[2025-09-16T07:06:39.942+0000][185][info ][safepoint   ] Safepoint "Cleanup", Time since last: 2003939251 ns, Reaching safepoint: 111416 ns, Cleanup: 38125 ns, At safepoint: 18292 ns, Total: 167833 ns
[2025-09-16T07:06:41.947+0000][185][info ][safepoint   ] Safepoint "Cleanup", Time since last: 2004687959 ns, Reaching safepoint: 111250 ns, Cleanup: 53500 ns, At safepoint: 16167 ns, Total: 180917 ns
[2025-09-16T07:06:44.963+0000][185][info ][safepoint   ] Safepoint "Cleanup", Time since last: 3015900126 ns, Reaching safepoint: 73334 ns, Cleanup: 36750 ns, At safepoint: 12208 ns, Total: 122292 ns
[2025-09-16T07:06:47.467+0000][185][info ][safepoint   ] Safepoint "Cleanup", Time since last: 2504491043 ns, Reaching safepoint: 15583 ns, Cleanup: 18167 ns, At safepoint: 6458 ns, Total: 40208 ns
[2025-09-16T07:06:52.491+0000][185][info ][safepoint   ] Safepoint "Cleanup", Time since last: 5023505919 ns, Reaching safepoint: 25334 ns, Cleanup: 19333 ns, At safepoint: 7583 ns, Total: 52250 ns
[2025-09-16T07:06:54.500+0000][185][info ][safepoint   ] Safepoint "Cleanup", Time since last: 2008665293 ns, Reaching safepoint: 75417 ns, Cleanup: 40458 ns, At safepoint: 15208 ns, Total: 131083 ns
[2025-09-16T07:06:55.501+0000][185][info ][safepoint   ] Safepoint "Cleanup", Time since last: 1000888876 ns, Reaching safepoint: 15500 ns, Cleanup: 12791 ns, At safepoint: 20000 ns, Total: 48291 ns
[2025-09-16T07:06:57.307+0000][185][info ][safepoint   ] Safepoint "Cleanup", Time since last: 1805142251 ns, Reaching safepoint: 51416 ns, Cleanup: 125459 ns, At safepoint: 19250 ns, Total: 196125 ns
[2025-09-16T07:06:59.312+0000][185][info ][safepoint   ] Safepoint "Cleanup", Time since last: 2004738126 ns, Reaching safepoint: 139041 ns, Cleanup: 71125 ns, At safepoint: 20084 ns, Total: 230250 ns
[2025-09-16T07:07:03.327+0000][185][info ][safepoint   ] Safepoint "Cleanup", Time since last: 4015292418 ns, Reaching safepoint: 113792 ns, Cleanup: 38083 ns, At safepoint: 7209 ns, Total: 159084 ns
[2025-09-16T07:07:11.351+0000][185][info ][safepoint   ] Safepoint "Cleanup", Time since last: 8023599295 ns, Reaching safepoint: 246958 ns, Cleanup: 115625 ns, At safepoint: 19417 ns, Total: 382000 ns
[2025-09-16T07:07:13.363+0000][185][info ][safepoint   ] Safepoint "Cleanup", Time since last: 2011514001 ns, Reaching safepoint: 85125 ns, Cleanup: 61833 ns, At safepoint: 16875 ns, Total: 163833 ns
[2025-09-16T07:07:18.380+0000][185][info ][safepoint   ] Safepoint "Cleanup", Time since last: 5016927294 ns, Reaching safepoint: 95167 ns, Cleanup: 55250 ns, At safepoint: 13833 ns, Total: 164250 ns
[2025-09-16T07:07:23.412+0000][185][info ][safepoint   ] Safepoint "Cleanup", Time since last: 5032611419 ns, Reaching safepoint: 90500 ns, Cleanup: 39334 ns, At safepoint: 13291 ns, Total: 143125 ns
[2025-09-16T07:07:24.416+0000][185][info ][safepoint   ] Safepoint "Cleanup", Time since last: 1003327834 ns, Reaching safepoint: 78625 ns, Cleanup: 42875 ns, At safepoint: 32000 ns, Total: 153500 ns
[2025-09-16T07:07:27.427+0000][185][info ][safepoint   ] Safepoint "Cleanup", Time since last: 3010660918 ns, Reaching safepoint: 66667 ns, Cleanup: 29750 ns, At safepoint: 19458 ns, Total: 115875 ns
[2025-09-16T07:07:28.432+0000][185][info ][safepoint   ] Safepoint "Cleanup", Time since last: 1005515751 ns, Reaching safepoint: 91000 ns, Cleanup: 63416 ns, At safepoint: 12500 ns, Total: 166916 ns
[2025-09-16T07:07:32.439+0000][185][info ][safepoint   ] Safepoint "Cleanup", Time since last: 4006973377 ns, Reaching safepoint: 90208 ns, Cleanup: 39875 ns, At safepoint: 28125 ns, Total: 158208 ns
[2025-09-16T07:07:37.456+0000][185][info ][safepoint   ] Safepoint "Cleanup", Time since last: 5017006836 ns, Reaching safepoint: 22167 ns, Cleanup: 16667 ns, At safepoint: 7750 ns, Total: 46584 ns
[2025-09-16T07:07:38.459+0000][185][info ][safepoint   ] Safepoint "Cleanup", Time since last: 1002302667 ns, Reaching safepoint: 76208 ns, Cleanup: 52000 ns, At safepoint: 13208 ns, Total: 141416 ns
[2025-09-16T07:07:39.060+0000][185][info ][gc,start    ] GC(24) Pause Young (Prepare Mixed) (G1 Evacuation Pause)
[2025-09-16T07:07:39.060+0000][185][info ][gc,task     ] GC(24) Using 8 workers of 8 for evacuation
[2025-09-16T07:07:39.060+0000][185][debug][gc,age      ] GC(24) Desired survivor size 41943040 bytes, new threshold 15 (max threshold 15)
[2025-09-16T07:07:39.103+0000][185][info ][gc,phases   ] GC(24)   Pre Evacuate Collection Set: 0.60ms
[2025-09-16T07:07:39.103+0000][185][info ][gc,phases   ] GC(24)   Merge Heap Roots: 0.25ms
[2025-09-16T07:07:39.103+0000][185][info ][gc,phases   ] GC(24)   Evacuate Collection Set: 39.32ms
[2025-09-16T07:07:39.104+0000][185][info ][gc,phases   ] GC(24)   Post Evacuate Collection Set: 2.37ms
[2025-09-16T07:07:39.104+0000][185][info ][gc,phases   ] GC(24)   Other: 0.32ms
[2025-09-16T07:07:39.104+0000][185][trace][gc,age      ] GC(24) Age table with threshold 15 (max threshold 15)
[2025-09-16T07:07:39.104+0000][185][trace][gc,age      ] GC(24) - age   1:    1234424 bytes,    1234424 total
[2025-09-16T07:07:39.104+0000][185][trace][gc,age      ] GC(24) - age   2:    1393784 bytes,    2628208 total
[2025-09-16T07:07:39.104+0000][185][trace][gc,age      ] GC(24) - age   3:    1684840 bytes,    4313048 total
[2025-09-16T07:07:39.104+0000][185][trace][gc,age      ] GC(24) - age   4:    6438272 bytes,   10751320 total
[2025-09-16T07:07:39.104+0000][185][trace][gc,age      ] GC(24) - age   5:     514424 bytes,   11265744 total
[2025-09-16T07:07:39.104+0000][185][trace][gc,age      ] GC(24) - age   6:    1987200 bytes,   13252944 total
[2025-09-16T07:07:39.104+0000][185][trace][gc,age      ] GC(24) - age   7:   17565440 bytes,   30818384 total
[2025-09-16T07:07:39.104+0000][185][trace][gc,age      ] GC(24) - age   8:     179672 bytes,   30998056 total
[2025-09-16T07:07:39.104+0000][185][info ][gc,heap     ] GC(24) Eden regions: 144->0(144)
[2025-09-16T07:07:39.104+0000][185][info ][gc,heap     ] GC(24) Survivor regions: 9->9(20)
[2025-09-16T07:07:39.104+0000][185][info ][gc,heap     ] GC(24) Old regions: 30->30
[2025-09-16T07:07:39.104+0000][185][info ][gc,heap     ] GC(24) Humongous regions: 2->2
[2025-09-16T07:07:39.104+0000][185][info ][gc,metaspace] GC(24) Metaspace: 159683K(164224K)->159683K(164224K) NonClass: 137714K(140224K)->137714K(140224K) Class: 21968K(24000K)->21968K(24000K)
[2025-09-16T07:07:39.104+0000][185][info ][gc          ] GC(24) Pause Young (Prepare Mixed) (G1 Evacuation Pause) 736M->158M(1024M) 44.553ms
[2025-09-16T07:07:39.104+0000][185][info ][gc,cpu      ] GC(24) User=0.32s Sys=0.00s Real=0.04s
[2025-09-16T07:07:39.104+0000][185][info ][safepoint   ] Safepoint "G1CollectForAllocation", Time since last: 600681084 ns, Reaching safepoint: 18917 ns, Cleanup: 3708 ns, At safepoint: 44799958 ns, Total: 44822583 ns
[2025-09-16T07:07:41.115+0000][185][info ][safepoint   ] Safepoint "Cleanup", Time since last: 2010589001 ns, Reaching safepoint: 168625 ns, Cleanup: 57709 ns, At safepoint: 39083 ns, Total: 265417 ns
[2025-09-16T07:07:42.121+0000][185][info ][safepoint   ] Safepoint "Cleanup", Time since last: 1005707125 ns, Reaching safepoint: 101292 ns, Cleanup: 75000 ns, At safepoint: 29917 ns, Total: 206209 ns
[2025-09-16T07:07:43.124+0000][185][info ][safepoint   ] Safepoint "Cleanup", Time since last: 1002365375 ns, Reaching safepoint: 80042 ns, Cleanup: 38667 ns, At safepoint: 12625 ns, Total: 131334 ns
[2025-09-16T07:07:47.513+0000][185][info ][safepoint   ] Safepoint "Cleanup", Time since last: 4388735168 ns, Reaching safepoint: 70667 ns, Cleanup: 58583 ns, At safepoint: 14084 ns, Total: 143334 ns
[2025-09-16T07:07:49.517+0000][185][info ][safepoint   ] Safepoint "Cleanup", Time since last: 2004552584 ns, Reaching safepoint: 20750 ns, Cleanup: 18375 ns, At safepoint: 8167 ns, Total: 47292 ns
[2025-09-16T07:07:52.527+0000][185][info ][safepoint   ] Safepoint "Cleanup", Time since last: 3010011834 ns, Reaching safepoint: 21125 ns, Cleanup: 18459 ns, At safepoint: 8791 ns, Total: 48375 ns
[2025-09-16T07:07:53.528+0000][185][info ][safepoint   ] Safepoint "Cleanup", Time since last: 1000585084 ns, Reaching safepoint: 102917 ns, Cleanup: 55042 ns, At safepoint: 16000 ns, Total: 173959 ns
[2025-09-16T07:07:54.532+0000][185][info ][safepoint   ] Safepoint "Cleanup", Time since last: 1004192958 ns, Reaching safepoint: 73167 ns, Cleanup: 41500 ns, At safepoint: 16583 ns, Total: 131250 ns
[2025-09-16T07:07:57.552+0000][185][info ][safepoint   ] Safepoint "Cleanup", Time since last: 3020006918 ns, Reaching safepoint: 93583 ns, Cleanup: 49375 ns, At safepoint: 15709 ns, Total: 158667 ns
[2025-09-16T07:07:58.559+0000][185][info ][safepoint   ] Safepoint "Cleanup", Time since last: 1006825042 ns, Reaching safepoint: 6667 ns, Cleanup: 13208 ns, At safepoint: 7625 ns, Total: 27500 ns
[2025-09-16T07:07:59.560+0000][185][info ][safepoint   ] Safepoint "Cleanup", Time since last: 1000645542 ns, Reaching safepoint: 6833 ns, Cleanup: 32667 ns, At safepoint: 5875 ns, Total: 45375 ns
[2025-09-16T07:08:02.566+0000][185][info ][safepoint   ] Safepoint "Cleanup", Time since last: 3005641168 ns, Reaching safepoint: 103209 ns, Cleanup: 32666 ns, At safepoint: 15042 ns, Total: 150917 ns
[2025-09-16T07:08:04.568+0000][185][info ][safepoint   ] Safepoint "Cleanup", Time since last: 2002001501 ns, Reaching safepoint: 34375 ns, Cleanup: 22458 ns, At safepoint: 8042 ns, Total: 64875 ns
[2025-09-16T07:08:07.573+0000][185][info ][safepoint   ] Safepoint "Cleanup", Time since last: 3004684251 ns, Reaching safepoint: 70917 ns, Cleanup: 33167 ns, At safepoint: 13041 ns, Total: 117125 ns
[2025-09-16T07:08:09.576+0000][185][info ][safepoint   ] Safepoint "Cleanup", Time since last: 2003343168 ns, Reaching safepoint: 109500 ns, Cleanup: 57667 ns, At safepoint: 27916 ns, Total: 195083 ns
[2025-09-16T07:08:22.596+0000][185][info ][safepoint   ] Safepoint "Cleanup", Time since last: 13019998423 ns, Reaching safepoint: 143292 ns, Cleanup: 48333 ns, At safepoint: 13958 ns, Total: 205583 ns
[2025-09-16T07:08:24.601+0000][185][info ][safepoint   ] Safepoint "Cleanup", Time since last: 2004030835 ns, Reaching safepoint: 77333 ns, Cleanup: 66500 ns, At safepoint: 27500 ns, Total: 171333 ns
[2025-09-16T07:08:27.607+0000][185][info ][safepoint   ] Safepoint "Cleanup", Time since last: 3006066334 ns, Reaching safepoint: 210959 ns, Cleanup: 112125 ns, At safepoint: 30791 ns, Total: 353875 ns
[2025-09-16T07:08:38.640+0000][185][info ][safepoint   ] Safepoint "Cleanup", Time since last: 11032962839 ns, Reaching safepoint: 94291 ns, Cleanup: 70000 ns, At safepoint: 20417 ns, Total: 184708 ns
[2025-09-16T07:08:40.647+0000][185][info ][safepoint   ] Safepoint "Cleanup", Time since last: 2006931209 ns, Reaching safepoint: 74542 ns, Cleanup: 35792 ns, At safepoint: 14625 ns, Total: 124959 ns
[2025-09-16T07:08:43.653+0000][185][info ][safepoint   ] Safepoint "Cleanup", Time since last: 3005670251 ns, Reaching safepoint: 18000 ns, Cleanup: 27792 ns, At safepoint: 6583 ns, Total: 52375 ns
[2025-09-16T07:08:48.561+0000][185][info ][safepoint   ] Safepoint "Cleanup", Time since last: 4908018003 ns, Reaching safepoint: 65208 ns, Cleanup: 64125 ns, At safepoint: 16833 ns, Total: 146166 ns
[2025-09-16T07:08:52.574+0000][185][info ][safepoint   ] Safepoint "Cleanup", Time since last: 4012804585 ns, Reaching safepoint: 9792 ns, Cleanup: 7875 ns, At safepoint: 5458 ns, Total: 23125 ns
[2025-09-16T07:08:55.581+0000][185][info ][safepoint   ] Safepoint "Cleanup", Time since last: 3006711335 ns, Reaching safepoint: 24584 ns, Cleanup: 21791 ns, At safepoint: 33875 ns, Total: 80250 ns
[2025-09-16T07:08:57.585+0000][185][info ][safepoint   ] Safepoint "Cleanup", Time since last: 2004208084 ns, Reaching safepoint: 74125 ns, Cleanup: 66541 ns, At safepoint: 14167 ns, Total: 154833 ns
[2025-09-16T07:08:58.587+0000][185][info ][safepoint   ] Safepoint "Cleanup", Time since last: 1001607750 ns, Reaching safepoint: 64417 ns, Cleanup: 61333 ns, At safepoint: 16584 ns, Total: 142334 ns
[2025-09-16T07:09:01.548+0000][185][info ][safepoint   ] Safepoint "Cleanup", Time since last: 2960483668 ns, Reaching safepoint: 4791 ns, Cleanup: 10875 ns, At safepoint: 5459 ns, Total: 21125 ns
[2025-09-16T07:09:02.790+0000][185][info ][safepoint   ] Safepoint "Cleanup", Time since last: 1242019042 ns, Reaching safepoint: 70542 ns, Cleanup: 69958 ns, At safepoint: 19417 ns, Total: 159917 ns
[2025-09-16T07:09:04.794+0000][185][info ][safepoint   ] Safepoint "Cleanup", Time since last: 2004243667 ns, Reaching safepoint: 74709 ns, Cleanup: 36291 ns, At safepoint: 18417 ns, Total: 129417 ns
[2025-09-16T07:09:07.798+0000][185][info ][safepoint   ] Safepoint "Cleanup", Time since last: 3004144001 ns, Reaching safepoint: 98667 ns, Cleanup: 108042 ns, At safepoint: 20500 ns, Total: 227209 ns
[2025-09-16T07:09:10.808+0000][185][info ][safepoint   ] Safepoint "Cleanup", Time since last: 3009035209 ns, Reaching safepoint: 78709 ns, Cleanup: 30250 ns, At safepoint: 20625 ns, Total: 129584 ns
[2025-09-16T07:09:12.826+0000][185][info ][safepoint   ] Safepoint "Cleanup", Time since last: 2017799667 ns, Reaching safepoint: 72875 ns, Cleanup: 51417 ns, At safepoint: 20292 ns, Total: 144584 ns
[2025-09-16T07:09:13.834+0000][185][info ][safepoint   ] Safepoint "Cleanup", Time since last: 1007486959 ns, Reaching safepoint: 1293916 ns, Cleanup: 20167 ns, At safepoint: 20792 ns, Total: 1334875 ns
[2025-09-16T07:09:17.850+0000][185][info ][safepoint   ] Safepoint "Cleanup", Time since last: 4014965752 ns, Reaching safepoint: 72000 ns, Cleanup: 29416 ns, At safepoint: 73834 ns, Total: 175250 ns
[2025-09-16T07:09:21.860+0000][185][info ][safepoint   ] Safepoint "Cleanup", Time since last: 4010098960 ns, Reaching safepoint: 77916 ns, Cleanup: 40042 ns, At safepoint: 9875 ns, Total: 127833 ns
[2025-09-16T07:09:22.863+0000][185][info ][safepoint   ] Safepoint "Cleanup", Time since last: 1002702792 ns, Reaching safepoint: 67500 ns, Cleanup: 42042 ns, At safepoint: 30000 ns, Total: 139542 ns
[2025-09-16T07:09:24.866+0000][185][info ][safepoint   ] Safepoint "Cleanup", Time since last: 2002894459 ns, Reaching safepoint: 72750 ns, Cleanup: 102209 ns, At safepoint: 16791 ns, Total: 191750 ns
[2025-09-16T07:09:27.871+0000][185][info ][safepoint   ] Safepoint "Cleanup", Time since last: 3004977043 ns, Reaching safepoint: 68208 ns, Cleanup: 46375 ns, At safepoint: 15167 ns, Total: 129750 ns
[2025-09-16T07:09:30.876+0000][185][info ][safepoint   ] Safepoint "Cleanup", Time since last: 3004582959 ns, Reaching safepoint: 76709 ns, Cleanup: 41375 ns, At safepoint: 24958 ns, Total: 143042 ns
[2025-09-16T07:09:31.879+0000][185][info ][safepoint   ] Safepoint "Cleanup", Time since last: 1002887876 ns, Reaching safepoint: 62333 ns, Cleanup: 29375 ns, At safepoint: 17750 ns, Total: 109458 ns
[2025-09-16T07:09:34.885+0000][185][info ][safepoint   ] Safepoint "Cleanup", Time since last: 3006113376 ns, Reaching safepoint: 157334 ns, Cleanup: 38833 ns, At safepoint: 25000 ns, Total: 221167 ns
[2025-09-16T07:09:39.892+0000][185][info ][safepoint   ] Safepoint "Cleanup", Time since last: 5006402961 ns, Reaching safepoint: 437208 ns, Cleanup: 86667 ns, At safepoint: 19125 ns, Total: 543000 ns
[2025-09-16T07:09:48.652+0000][185][info ][safepoint   ] Safepoint "Cleanup", Time since last: 8759783587 ns, Reaching safepoint: 45834 ns, Cleanup: 46041 ns, At safepoint: 14542 ns, Total: 106417 ns
[2025-09-16T07:09:57.671+0000][185][info ][safepoint   ] Safepoint "Cleanup", Time since last: 9019573587 ns, Reaching safepoint: 147042 ns, Cleanup: 45500 ns, At safepoint: 23958 ns, Total: 216500 ns
[2025-09-16T07:09:59.679+0000][185][info ][safepoint   ] Safepoint "Cleanup", Time since last: 2007188542 ns, Reaching safepoint: 141375 ns, Cleanup: 51500 ns, At safepoint: 23792 ns, Total: 216667 ns
[2025-09-16T07:10:02.690+0000][185][info ][safepoint   ] Safepoint "Cleanup", Time since last: 3011338877 ns, Reaching safepoint: 85541 ns, Cleanup: 56292 ns, At safepoint: 23583 ns, Total: 165416 ns
[2025-09-16T07:10:04.589+0000][185][info ][safepoint   ] Safepoint "Cleanup", Time since last: 1898302126 ns, Reaching safepoint: 270542 ns, Cleanup: 17625 ns, At safepoint: 10750 ns, Total: 298917 ns
[2025-09-16T07:10:06.003+0000][185][info ][safepoint   ] Safepoint "Cleanup", Time since last: 1413090292 ns, Reaching safepoint: 1056459 ns, Cleanup: 80708 ns, At safepoint: 31417 ns, Total: 1168584 ns
[2025-09-16T07:10:08.007+0000][185][info ][safepoint   ] Safepoint "Cleanup", Time since last: 2003698292 ns, Reaching safepoint: 114375 ns, Cleanup: 38667 ns, At safepoint: 17625 ns, Total: 170667 ns
[2025-09-16T07:10:11.012+0000][185][info ][safepoint   ] Safepoint "Cleanup", Time since last: 3005330251 ns, Reaching safepoint: 309209 ns, Cleanup: 62500 ns, At safepoint: 26208 ns, Total: 397917 ns
[2025-09-16T07:10:14.020+0000][185][info ][safepoint   ] Safepoint "Cleanup", Time since last: 3007615460 ns, Reaching safepoint: 56208 ns, Cleanup: 47292 ns, At safepoint: 20708 ns, Total: 124208 ns
[2025-09-16T07:10:22.037+0000][185][info ][safepoint   ] Safepoint "Cleanup", Time since last: 8016538920 ns, Reaching safepoint: 13542 ns, Cleanup: 10958 ns, At safepoint: 4500 ns, Total: 29000 ns
[2025-09-16T07:10:23.039+0000][185][info ][safepoint   ] Safepoint "Cleanup", Time since last: 1002471043 ns, Reaching safepoint: 87166 ns, Cleanup: 60209 ns, At safepoint: 24500 ns, Total: 171875 ns
[2025-09-16T07:10:25.043+0000][185][info ][safepoint   ] Safepoint "Cleanup", Time since last: 2003431084 ns, Reaching safepoint: 70500 ns, Cleanup: 55500 ns, At safepoint: 11500 ns, Total: 137500 ns
[2025-09-16T07:10:26.051+0000][185][info ][safepoint   ] Safepoint "Cleanup", Time since last: 1007724042 ns, Reaching safepoint: 18208 ns, Cleanup: 81584 ns, At safepoint: 7458 ns, Total: 107250 ns
[2025-09-16T07:10:27.086+0000][185][info ][safepoint   ] Safepoint "Cleanup", Time since last: 1027373500 ns, Reaching safepoint: 65958 ns, Cleanup: 56083 ns, At safepoint: 15375 ns, Total: 137416 ns
[2025-09-16T07:10:28.088+0000][185][info ][safepoint   ] Safepoint "Cleanup", Time since last: 1001590209 ns, Reaching safepoint: 67667 ns, Cleanup: 47416 ns, At safepoint: 23459 ns, Total: 138542 ns
[2025-09-16T07:10:29.111+0000][185][info ][safepoint   ] Safepoint "Cleanup", Time since last: 1023445667 ns, Reaching safepoint: 5792 ns, Cleanup: 19625 ns, At safepoint: 1916 ns, Total: 27333 ns
[2025-09-16T07:10:30.127+0000][185][info ][safepoint   ] Safepoint "Cleanup", Time since last: 1015796751 ns, Reaching safepoint: 43750 ns, Cleanup: 21791 ns, At safepoint: 8250 ns, Total: 73791 ns
[2025-09-16T07:10:31.201+0000][185][info ][safepoint   ] Safepoint "Cleanup", Time since last: 1073764293 ns, Reaching safepoint: 39541 ns, Cleanup: 26459 ns, At safepoint: 8583 ns, Total: 74583 ns
[2025-09-16T07:10:35.208+0000][185][info ][safepoint   ] Safepoint "Cleanup", Time since last: 4007122877 ns, Reaching safepoint: 88541 ns, Cleanup: 40334 ns, At safepoint: 16125 ns, Total: 145000 ns
[2025-09-16T07:10:52.666+0000][185][info ][safepoint   ] Safepoint "Cleanup", Time since last: 17457246633 ns, Reaching safepoint: 87292 ns, Cleanup: 54458 ns, At safepoint: 21583 ns, Total: 163333 ns
[2025-09-16T07:10:58.645+0000][185][info ][safepoint   ] Safepoint "Cleanup", Time since last: 5973633961 ns, Reaching safepoint: 21416 ns, Cleanup: 30125 ns, At safepoint: 11625 ns, Total: 63166 ns
[2025-09-16T07:11:07.614+0000][185][info ][safepoint   ] Safepoint "Cleanup", Time since last: 8969431463 ns, Reaching safepoint: 6625 ns, Cleanup: 28458 ns, At safepoint: 10625 ns, Total: 45708 ns
[2025-09-16T07:11:08.335+0000][185][info ][safepoint   ] Safepoint "ICBufferFull", Time since last: 720580709 ns, Reaching safepoint: 10167 ns, Cleanup: 123583 ns, At safepoint: 10708 ns, Total: 144458 ns
[2025-09-16T07:11:10.336+0000][185][info ][safepoint   ] Safepoint "Cleanup", Time since last: 2000273293 ns, Reaching safepoint: 105583 ns, Cleanup: 626125 ns, At safepoint: 32500 ns, Total: 764208 ns
[2025-09-16T07:11:13.340+0000][185][info ][safepoint   ] Safepoint "Cleanup", Time since last: 3003266543 ns, Reaching safepoint: 93625 ns, Cleanup: 97167 ns, At safepoint: 29000 ns, Total: 219792 ns
[2025-09-16T07:11:16.344+0000][185][info ][safepoint   ] Safepoint "Cleanup", Time since last: 3003757460 ns, Reaching safepoint: 115208 ns, Cleanup: 40542 ns, At safepoint: 23083 ns, Total: 178833 ns
[2025-09-16T07:11:17.345+0000][185][info ][safepoint   ] Safepoint "Cleanup", Time since last: 1001200834 ns, Reaching safepoint: 92750 ns, Cleanup: 50208 ns, At safepoint: 19375 ns, Total: 162333 ns
[2025-09-16T07:11:20.350+0000][185][info ][safepoint   ] Safepoint "Cleanup", Time since last: 3005001627 ns, Reaching safepoint: 138125 ns, Cleanup: 43125 ns, At safepoint: 18458 ns, Total: 199708 ns
[2025-09-16T07:11:22.358+0000][185][info ][safepoint   ] Safepoint "Cleanup", Time since last: 2007800209 ns, Reaching safepoint: 170500 ns, Cleanup: 55167 ns, At safepoint: 20833 ns, Total: 246500 ns
[2025-09-16T07:11:23.361+0000][185][info ][safepoint   ] Safepoint "Cleanup", Time since last: 1002357376 ns, Reaching safepoint: 100125 ns, Cleanup: 74208 ns, At safepoint: 18542 ns, Total: 192875 ns
[2025-09-16T07:11:24.363+0000][185][info ][safepoint   ] Safepoint "Cleanup", Time since last: 1001978375 ns, Reaching safepoint: 60250 ns, Cleanup: 123500 ns, At safepoint: 34334 ns, Total: 218084 ns
[2025-09-16T07:11:27.372+0000][185][info ][safepoint   ] Safepoint "Cleanup", Time since last: 3008105708 ns, Reaching safepoint: 83500 ns, Cleanup: 53209 ns, At safepoint: 16500 ns, Total: 153209 ns
[2025-09-16T07:11:28.376+0000][185][info ][safepoint   ] Safepoint "Cleanup", Time since last: 1003902500 ns, Reaching safepoint: 73584 ns, Cleanup: 42791 ns, At safepoint: 16375 ns, Total: 132750 ns
[2025-09-16T07:11:35.401+0000][185][info ][safepoint   ] Safepoint "Cleanup", Time since last: 7025032212 ns, Reaching safepoint: 121708 ns, Cleanup: 41000 ns, At safepoint: 13209 ns, Total: 175917 ns
[2025-09-16T07:11:37.404+0000][185][info ][safepoint   ] Safepoint "Cleanup", Time since last: 2002842584 ns, Reaching safepoint: 22583 ns, Cleanup: 16834 ns, At safepoint: 7625 ns, Total: 47042 ns
[2025-09-16T07:11:38.405+0000][185][info ][safepoint   ] Safepoint "Cleanup", Time since last: 1001046542 ns, Reaching safepoint: 79416 ns, Cleanup: 91292 ns, At safepoint: 22958 ns, Total: 193666 ns
[2025-09-16T07:11:39.410+0000][185][info ][safepoint   ] Safepoint "Cleanup", Time since last: 1004421126 ns, Reaching safepoint: 195708 ns, Cleanup: 47667 ns, At safepoint: 31875 ns, Total: 275250 ns
[2025-09-16T07:11:40.413+0000][185][info ][safepoint   ] Safepoint "Cleanup", Time since last: 1002820917 ns, Reaching safepoint: 115792 ns, Cleanup: 92666 ns, At safepoint: 44250 ns, Total: 252708 ns
[2025-09-16T07:11:41.415+0000][185][info ][safepoint   ] Safepoint "Cleanup", Time since last: 1001905501 ns, Reaching safepoint: 105083 ns, Cleanup: 60208 ns, At safepoint: 21125 ns, Total: 186416 ns
[2025-09-16T07:11:55.747+0000][185][info ][safepoint   ] Safepoint "Cleanup", Time since last: 14331955257 ns, Reaching safepoint: 49792 ns, Cleanup: 44750 ns, At safepoint: 15750 ns, Total: 110292 ns
[2025-09-16T07:12:02.757+0000][185][info ][safepoint   ] Safepoint "Cleanup", Time since last: 7009630169 ns, Reaching safepoint: 233833 ns, Cleanup: 66084 ns, At safepoint: 22125 ns, Total: 322042 ns
[2025-09-16T07:12:04.760+0000][185][info ][safepoint   ] Safepoint "Cleanup", Time since last: 2002544167 ns, Reaching safepoint: 30084 ns, Cleanup: 21291 ns, At safepoint: 14750 ns, Total: 66125 ns
[2025-09-16T07:12:10.633+0000][185][info ][safepoint   ] Safepoint "Cleanup", Time since last: 5873301378 ns, Reaching safepoint: 5125 ns, Cleanup: 7792 ns, At safepoint: 6125 ns, Total: 19042 ns
[2025-09-16T07:12:12.536+0000][185][info ][safepoint   ] Safepoint "Cleanup", Time since last: 1903229542 ns, Reaching safepoint: 9292 ns, Cleanup: 57583 ns, At safepoint: 7667 ns, Total: 74542 ns
[2025-09-16T07:12:17.548+0000][185][info ][safepoint   ] Safepoint "Cleanup", Time since last: 5011911169 ns, Reaching safepoint: 78250 ns, Cleanup: 35250 ns, At safepoint: 14375 ns, Total: 127875 ns
[2025-09-16T07:12:20.562+0000][185][info ][safepoint   ] Safepoint "Cleanup", Time since last: 3013220626 ns, Reaching safepoint: 115042 ns, Cleanup: 76750 ns, At safepoint: 35667 ns, Total: 227459 ns
[2025-09-16T07:12:22.570+0000][185][info ][safepoint   ] Safepoint "Cleanup", Time since last: 2007782376 ns, Reaching safepoint: 44333 ns, Cleanup: 30875 ns, At safepoint: 12583 ns, Total: 87791 ns
[2025-09-16T07:12:24.578+0000][185][info ][safepoint   ] Safepoint "Cleanup", Time since last: 2008502876 ns, Reaching safepoint: 66584 ns, Cleanup: 58666 ns, At safepoint: 35000 ns, Total: 160250 ns
[2025-09-16T07:12:26.584+0000][185][info ][safepoint   ] Safepoint "Cleanup", Time since last: 2005603126 ns, Reaching safepoint: 97667 ns, Cleanup: 77750 ns, At safepoint: 30458 ns, Total: 205875 ns
[2025-09-16T07:12:27.588+0000][185][info ][safepoint   ] Safepoint "Cleanup", Time since last: 1003287542 ns, Reaching safepoint: 177708 ns, Cleanup: 161334 ns, At safepoint: 22750 ns, Total: 361792 ns
[2025-09-16T07:12:29.594+0000][185][info ][safepoint   ] Safepoint "Cleanup", Time since last: 2006216959 ns, Reaching safepoint: 89375 ns, Cleanup: 71917 ns, At safepoint: 12041 ns, Total: 173333 ns
[2025-09-16T07:12:30.596+0000][185][info ][safepoint   ] Safepoint "Cleanup", Time since last: 1001590459 ns, Reaching safepoint: 73417 ns, Cleanup: 45625 ns, At safepoint: 54833 ns, Total: 173875 ns
[2025-09-16T07:12:34.607+0000][185][info ][safepoint   ] Safepoint "Cleanup", Time since last: 4010787669 ns, Reaching safepoint: 11333 ns, Cleanup: 9375 ns, At safepoint: 5667 ns, Total: 26375 ns
[2025-09-16T07:12:35.609+0000][185][info ][safepoint   ] Safepoint "Cleanup", Time since last: 1001752584 ns, Reaching safepoint: 94000 ns, Cleanup: 49541 ns, At safepoint: 15125 ns, Total: 158666 ns
[2025-09-16T07:12:40.619+0000][185][info ][safepoint   ] Safepoint "Cleanup", Time since last: 5010619961 ns, Reaching safepoint: 63167 ns, Cleanup: 24416 ns, At safepoint: 11167 ns, Total: 98750 ns
[2025-09-16T07:12:46.634+0000][185][info ][safepoint   ] Safepoint "Cleanup", Time since last: 6014534878 ns, Reaching safepoint: 159542 ns, Cleanup: 23500 ns, At safepoint: 15791 ns, Total: 198833 ns
[2025-09-16T07:12:47.915+0000][185][info ][safepoint   ] Safepoint "Cleanup", Time since last: 1280807501 ns, Reaching safepoint: 83500 ns, Cleanup: 141750 ns, At safepoint: 24083 ns, Total: 249333 ns
[2025-09-16T07:12:52.925+0000][185][info ][safepoint   ] Safepoint "Cleanup", Time since last: 5009319586 ns, Reaching safepoint: 241750 ns, Cleanup: 15375 ns, At safepoint: 8792 ns, Total: 265917 ns
[2025-09-16T07:12:54.927+0000][185][info ][safepoint   ] Safepoint "Cleanup", Time since last: 2001761709 ns, Reaching safepoint: 19250 ns, Cleanup: 15083 ns, At safepoint: 8167 ns, Total: 42500 ns
[2025-09-16T07:12:55.930+0000][185][info ][safepoint   ] Safepoint "Cleanup", Time since last: 1003718417 ns, Reaching safepoint: 63958 ns, Cleanup: 43000 ns, At safepoint: 10500 ns, Total: 117458 ns
[2025-09-16T07:12:59.940+0000][185][info ][safepoint   ] Safepoint "Cleanup", Time since last: 4007807002 ns, Reaching safepoint: 876833 ns, Cleanup: 138959 ns, At safepoint: 30833 ns, Total: 1046625 ns
[2025-09-16T07:13:04.953+0000][185][info ][safepoint   ] Safepoint "Cleanup", Time since last: 5013241002 ns, Reaching safepoint: 40459 ns, Cleanup: 68083 ns, At safepoint: 35167 ns, Total: 143709 ns
[2025-09-16T07:13:05.055+0000][185][info ][safepoint   ] Safepoint "ICBufferFull", Time since last: 102117500 ns, Reaching safepoint: 7166 ns, Cleanup: 79375 ns, At safepoint: 9167 ns, Total: 95708 ns
[2025-09-16T07:13:05.056+0000][185][info ][safepoint   ] Safepoint "ICBufferFull", Time since last: 195250 ns, Reaching safepoint: 510583 ns, Cleanup: 3750 ns, At safepoint: 8959 ns, Total: 523292 ns
[2025-09-16T07:13:06.057+0000][185][info ][safepoint   ] Safepoint "Cleanup", Time since last: 1001077084 ns, Reaching safepoint: 136750 ns, Cleanup: 285083 ns, At safepoint: 40292 ns, Total: 462125 ns
[2025-09-16T07:13:07.061+0000][185][info ][safepoint   ] Safepoint "Cleanup", Time since last: 1002801458 ns, Reaching safepoint: 251709 ns, Cleanup: 55041 ns, At safepoint: 50834 ns, Total: 357584 ns
[2025-09-16T07:13:08.064+0000][185][info ][safepoint   ] Safepoint "Cleanup", Time since last: 1003113667 ns, Reaching safepoint: 93125 ns, Cleanup: 139666 ns, At safepoint: 14209 ns, Total: 247000 ns
[2025-09-16T07:13:10.066+0000][185][info ][safepoint   ] Safepoint "Cleanup", Time since last: 2001857042 ns, Reaching safepoint: 13417 ns, Cleanup: 12167 ns, At safepoint: 6125 ns, Total: 31709 ns
[2025-09-16T07:13:11.068+0000][185][info ][safepoint   ] Safepoint "Cleanup", Time since last: 1001811250 ns, Reaching safepoint: 23625 ns, Cleanup: 39959 ns, At safepoint: 8708 ns, Total: 72292 ns
[2025-09-16T07:13:12.071+0000][185][info ][safepoint   ] Safepoint "Cleanup", Time since last: 1003141375 ns, Reaching safepoint: 52125 ns, Cleanup: 26750 ns, At safepoint: 10667 ns, Total: 89542 ns
[2025-09-16T07:13:13.073+0000][185][info ][safepoint   ] Safepoint "Cleanup", Time since last: 1001433542 ns, Reaching safepoint: 110375 ns, Cleanup: 137959 ns, At safepoint: 24083 ns, Total: 272417 ns
[2025-09-16T07:13:13.694+0000][185][info ][safepoint   ] Safepoint "ICBufferFull", Time since last: 621216375 ns, Reaching safepoint: 19542 ns, Cleanup: 58500 ns, At safepoint: 9791 ns, Total: 87833 ns
[2025-09-16T07:13:14.695+0000][185][info ][safepoint   ] Safepoint "Cleanup", Time since last: 1000934709 ns, Reaching safepoint: 8042 ns, Cleanup: 106125 ns, At safepoint: 14500 ns, Total: 128667 ns
[2025-09-16T07:13:15.733+0000][185][info ][safepoint   ] Safepoint "Cleanup", Time since last: 1037950584 ns, Reaching safepoint: 17333 ns, Cleanup: 147500 ns, At safepoint: 11250 ns, Total: 176083 ns
[2025-09-16T07:13:17.739+0000][185][info ][safepoint   ] Safepoint "Cleanup", Time since last: 2005387376 ns, Reaching safepoint: 63208 ns, Cleanup: 23459 ns, At safepoint: 11500 ns, Total: 98167 ns
[2025-09-16T07:13:22.755+0000][185][info ][safepoint   ] Safepoint "Cleanup", Time since last: 5015327669 ns, Reaching safepoint: 493583 ns, Cleanup: 89792 ns, At safepoint: 19916 ns, Total: 603291 ns
[2025-09-16T07:13:24.765+0000][185][info ][safepoint   ] Safepoint "Cleanup", Time since last: 2010271001 ns, Reaching safepoint: 85667 ns, Cleanup: 87542 ns, At safepoint: 28958 ns, Total: 202167 ns
[2025-09-16T07:13:27.766+0000][185][info ][safepoint   ] Safepoint "Cleanup", Time since last: 3002861376 ns, Reaching safepoint: 91125 ns, Cleanup: 56250 ns, At safepoint: 19792 ns, Total: 167167 ns
[2025-09-16T07:13:31.774+0000][185][info ][safepoint   ] Safepoint "Cleanup", Time since last: 4008201918 ns, Reaching safepoint: 123250 ns, Cleanup: 20334 ns, At safepoint: 29833 ns, Total: 173417 ns
[2025-09-16T07:13:37.786+0000][185][info ][safepoint   ] Safepoint "Cleanup", Time since last: 6011168128 ns, Reaching safepoint: 747458 ns, Cleanup: 37000 ns, At safepoint: 9792 ns, Total: 794250 ns
[2025-09-16T07:13:40.791+0000][185][info ][safepoint   ] Safepoint "Cleanup", Time since last: 3004627210 ns, Reaching safepoint: 24625 ns, Cleanup: 17083 ns, At safepoint: 7167 ns, Total: 48875 ns
[2025-09-16T07:13:41.793+0000][185][info ][safepoint   ] Safepoint "Cleanup", Time since last: 1002184959 ns, Reaching safepoint: 102375 ns, Cleanup: 39125 ns, At safepoint: 13791 ns, Total: 155291 ns
[2025-09-16T07:13:42.795+0000][185][info ][safepoint   ] Safepoint "Cleanup", Time since last: 1001876501 ns, Reaching safepoint: 71416 ns, Cleanup: 40625 ns, At safepoint: 18792 ns, Total: 130833 ns
[2025-09-16T07:13:43.799+0000][185][info ][safepoint   ] Safepoint "Cleanup", Time since last: 1003304876 ns, Reaching safepoint: 136250 ns, Cleanup: 81375 ns, At safepoint: 27791 ns, Total: 245416 ns
[2025-09-16T07:13:44.803+0000][185][info ][safepoint   ] Safepoint "Cleanup", Time since last: 1004022876 ns, Reaching safepoint: 85500 ns, Cleanup: 85958 ns, At safepoint: 15125 ns, Total: 186583 ns
[2025-09-16T07:13:46.810+0000][185][info ][safepoint   ] Safepoint "Cleanup", Time since last: 2005605709 ns, Reaching safepoint: 1248375 ns, Cleanup: 34209 ns, At safepoint: 34625 ns, Total: 1317209 ns
[2025-09-16T07:13:52.966+0000][185][info ][safepoint   ] Safepoint "Cleanup", Time since last: 6156370253 ns, Reaching safepoint: 63458 ns, Cleanup: 42500 ns, At safepoint: 10208 ns, Total: 116166 ns
[2025-09-16T07:13:54.971+0000][185][info ][safepoint   ] Safepoint "Cleanup", Time since last: 2005200335 ns, Reaching safepoint: 21375 ns, Cleanup: 17291 ns, At safepoint: 5417 ns, Total: 44083 ns
[2025-09-16T07:13:55.973+0000][185][info ][safepoint   ] Safepoint "Cleanup", Time since last: 1001836584 ns, Reaching safepoint: 60250 ns, Cleanup: 43666 ns, At safepoint: 14584 ns, Total: 118500 ns
[2025-09-16T07:14:02.994+0000][185][info ][safepoint   ] Safepoint "Cleanup", Time since last: 7018368252 ns, Reaching safepoint: 46000 ns, Cleanup: 36000 ns, At safepoint: 10000 ns, Total: 92000 ns
[2025-09-16T07:14:04.170+0000][185][info ][gc,start    ] GC(25) Pause Young (Mixed) (G1 Evacuation Pause)
[2025-09-16T07:14:04.171+0000][185][info ][gc,task     ] GC(25) Using 8 workers of 8 for evacuation
[2025-09-16T07:14:04.171+0000][185][debug][gc,age      ] GC(25) Desired survivor size 41943040 bytes, new threshold 15 (max threshold 15)
[2025-09-16T07:14:04.221+0000][185][info ][gc,phases   ] GC(25)   Pre Evacuate Collection Set: 1.17ms
[2025-09-16T07:14:04.221+0000][185][info ][gc,phases   ] GC(25)   Merge Heap Roots: 0.30ms
[2025-09-16T07:14:04.221+0000][185][info ][gc,phases   ] GC(25)   Evacuate Collection Set: 45.24ms
[2025-09-16T07:14:04.221+0000][185][info ][gc,phases   ] GC(25)   Post Evacuate Collection Set: 3.03ms
[2025-09-16T07:14:04.221+0000][185][info ][gc,phases   ] GC(25)   Other: 0.44ms
[2025-09-16T07:14:04.221+0000][185][trace][gc,age      ] GC(25) Age table with threshold 15 (max threshold 15)
[2025-09-16T07:14:04.221+0000][185][trace][gc,age      ] GC(25) - age   1:    1479840 bytes,    1479840 total
[2025-09-16T07:14:04.221+0000][185][trace][gc,age      ] GC(25) - age   2:     449248 bytes,    1929088 total
[2025-09-16T07:14:04.221+0000][185][trace][gc,age      ] GC(25) - age   3:    1179480 bytes,    3108568 total
[2025-09-16T07:14:04.221+0000][185][trace][gc,age      ] GC(25) - age   4:    1606800 bytes,    4715368 total
[2025-09-16T07:14:04.221+0000][185][trace][gc,age      ] GC(25) - age   5:    6438272 bytes,   11153640 total
[2025-09-16T07:14:04.221+0000][185][trace][gc,age      ] GC(25) - age   6:     514424 bytes,   11668064 total
[2025-09-16T07:14:04.221+0000][185][trace][gc,age      ] GC(25) - age   7:    1987168 bytes,   13655232 total
[2025-09-16T07:14:04.222+0000][185][trace][gc,age      ] GC(25) - age   8:   17564688 bytes,   31219920 total
[2025-09-16T07:14:04.222+0000][185][trace][gc,age      ] GC(25) - age   9:     179672 bytes,   31399592 total
[2025-09-16T07:14:04.222+0000][185][info ][gc,heap     ] GC(25) Eden regions: 144->0(144)
[2025-09-16T07:14:04.222+0000][185][info ][gc,heap     ] GC(25) Survivor regions: 9->9(20)
[2025-09-16T07:14:04.222+0000][185][info ][gc,heap     ] GC(25) Old regions: 30->29
[2025-09-16T07:14:04.222+0000][185][info ][gc,heap     ] GC(25) Humongous regions: 2->2
[2025-09-16T07:14:04.222+0000][185][info ][gc,metaspace] GC(25) Metaspace: 161056K(165632K)->161056K(165632K) NonClass: 138896K(141440K)->138896K(141440K) Class: 22159K(24192K)->22159K(24192K)
[2025-09-16T07:14:04.222+0000][185][info ][gc          ] GC(25) Pause Young (Mixed) (G1 Evacuation Pause) 734M->158M(1024M) 51.719ms
[2025-09-16T07:14:04.222+0000][185][info ][gc,cpu      ] GC(25) User=0.37s Sys=0.00s Real=0.05s
[2025-09-16T07:14:04.222+0000][185][info ][safepoint   ] Safepoint "G1CollectForAllocation", Time since last: 1174977876 ns, Reaching safepoint: 685208 ns, Cleanup: 6458 ns, At safepoint: 52012542 ns, Total: 52704208 ns
[2025-09-16T07:14:07.229+0000][185][info ][safepoint   ] Safepoint "Cleanup", Time since last: 3007196085 ns, Reaching safepoint: 13708 ns, Cleanup: 9417 ns, At safepoint: 9750 ns, Total: 32875 ns
[2025-09-16T07:14:11.237+0000][185][info ][safepoint   ] Safepoint "Cleanup", Time since last: 4007453668 ns, Reaching safepoint: 43334 ns, Cleanup: 18125 ns, At safepoint: 9916 ns, Total: 71375 ns
[2025-09-16T07:14:13.239+0000][185][info ][safepoint   ] Safepoint "Cleanup", Time since last: 2002186126 ns, Reaching safepoint: 21917 ns, Cleanup: 19375 ns, At safepoint: 13792 ns, Total: 55084 ns
[2025-09-16T07:14:15.241+0000][185][info ][safepoint   ] Safepoint "Cleanup", Time since last: 2002022459 ns, Reaching safepoint: 82875 ns, Cleanup: 40750 ns, At safepoint: 24833 ns, Total: 148458 ns
[2025-09-16T07:14:16.648+0000][185][info ][safepoint   ] Safepoint "Cleanup", Time since last: 1407072626 ns, Reaching safepoint: 5208 ns, Cleanup: 15709 ns, At safepoint: 4583 ns, Total: 25500 ns
[2025-09-16T07:14:17.928+0000][185][info ][safepoint   ] Safepoint "Cleanup", Time since last: 1278583959 ns, Reaching safepoint: 1232625 ns, Cleanup: 261542 ns, At safepoint: 12541 ns, Total: 1506708 ns
[2025-09-16T07:14:21.934+0000][185][info ][safepoint   ] Safepoint "Cleanup", Time since last: 4005638252 ns, Reaching safepoint: 182500 ns, Cleanup: 22167 ns, At safepoint: 18500 ns, Total: 223167 ns
[2025-09-16T07:14:22.936+0000][185][info ][safepoint   ] Safepoint "Cleanup", Time since last: 1001466792 ns, Reaching safepoint: 80458 ns, Cleanup: 53084 ns, At safepoint: 50583 ns, Total: 184125 ns
[2025-09-16T07:14:24.938+0000][185][info ][safepoint   ] Safepoint "Cleanup", Time since last: 2002355001 ns, Reaching safepoint: 39667 ns, Cleanup: 27750 ns, At safepoint: 10083 ns, Total: 77500 ns
[2025-09-16T07:14:34.952+0000][185][info ][safepoint   ] Safepoint "Cleanup", Time since last: 10011607338 ns, Reaching safepoint: 1200166 ns, Cleanup: 57959 ns, At safepoint: 18166 ns, Total: 1276291 ns
[2025-09-16T07:14:56.966+0000][185][info ][safepoint   ] Safepoint "Cleanup", Time since last: 22014161927 ns, Reaching safepoint: 73209 ns, Cleanup: 26083 ns, At safepoint: 41208 ns, Total: 140500 ns
[2025-09-16T07:14:58.969+0000][185][info ][safepoint   ] Safepoint "Cleanup", Time since last: 2002525834 ns, Reaching safepoint: 75042 ns, Cleanup: 41208 ns, At safepoint: 20250 ns, Total: 136500 ns
[2025-09-16T07:14:59.970+0000][185][info ][safepoint   ] Safepoint "Cleanup", Time since last: 1001181334 ns, Reaching safepoint: 306375 ns, Cleanup: 78792 ns, At safepoint: 38042 ns, Total: 423209 ns
[2025-09-16T07:15:02.976+0000][185][info ][safepoint   ] Safepoint "Cleanup", Time since last: 3004701668 ns, Reaching safepoint: 447750 ns, Cleanup: 70125 ns, At safepoint: 49541 ns, Total: 567416 ns
[2025-09-16T07:15:05.980+0000][185][info ][safepoint   ] Safepoint "Cleanup", Time since last: 3004479043 ns, Reaching safepoint: 104625 ns, Cleanup: 58917 ns, At safepoint: 31792 ns, Total: 195334 ns
[2025-09-16T07:15:07.982+0000][185][info ][safepoint   ] Safepoint "Cleanup", Time since last: 2001707584 ns, Reaching safepoint: 223792 ns, Cleanup: 67166 ns, At safepoint: 55917 ns, Total: 346875 ns
[2025-09-16T07:15:09.986+0000][185][info ][safepoint   ] Safepoint "Cleanup", Time since last: 2003288959 ns, Reaching safepoint: 93875 ns, Cleanup: 57792 ns, At safepoint: 23042 ns, Total: 174709 ns
[2025-09-16T07:15:20.084+0000][185][info ][safepoint   ] Safepoint "Cleanup", Time since last: 10097482463 ns, Reaching safepoint: 46417 ns, Cleanup: 165000 ns, At safepoint: 11708 ns, Total: 223125 ns
[2025-09-16T07:15:21.127+0000][185][info ][safepoint   ] Safepoint "Cleanup", Time since last: 1043671417 ns, Reaching safepoint: 15958 ns, Cleanup: 66500 ns, At safepoint: 27709 ns, Total: 110167 ns
[2025-09-16T07:15:27.147+0000][185][info ][safepoint   ] Safepoint "Cleanup", Time since last: 6018904169 ns, Reaching safepoint: 198208 ns, Cleanup: 45042 ns, At safepoint: 13542 ns, Total: 256792 ns
[2025-09-16T07:15:29.161+0000][185][info ][safepoint   ] Safepoint "Cleanup", Time since last: 2014100459 ns, Reaching safepoint: 7292 ns, Cleanup: 23750 ns, At safepoint: 5791 ns, Total: 36833 ns
[2025-09-16T07:15:32.250+0000][185][info ][safepoint   ] Safepoint "Cleanup", Time since last: 3089071960 ns, Reaching safepoint: 82292 ns, Cleanup: 34916 ns, At safepoint: 22375 ns, Total: 139583 ns
[2025-09-16T07:15:33.252+0000][185][info ][safepoint   ] Safepoint "Cleanup", Time since last: 1001372084 ns, Reaching safepoint: 115334 ns, Cleanup: 48583 ns, At safepoint: 29542 ns, Total: 193459 ns
[2025-09-16T07:15:35.258+0000][185][info ][safepoint   ] Safepoint "Cleanup", Time since last: 2005652959 ns, Reaching safepoint: 226250 ns, Cleanup: 65541 ns, At safepoint: 44917 ns, Total: 336708 ns
[2025-09-16T07:15:38.263+0000][185][info ][safepoint   ] Safepoint "Cleanup", Time since last: 3005068210 ns, Reaching safepoint: 67542 ns, Cleanup: 29583 ns, At safepoint: 36708 ns, Total: 133833 ns
[2025-09-16T07:15:47.187+0000][185][info ][safepoint   ] Safepoint "Cleanup", Time since last: 8924118129 ns, Reaching safepoint: 92834 ns, Cleanup: 37166 ns, At safepoint: 15750 ns, Total: 145750 ns
[2025-09-16T07:15:50.198+0000][185][info ][safepoint   ] Safepoint "Cleanup", Time since last: 3010424210 ns, Reaching safepoint: 93625 ns, Cleanup: 113875 ns, At safepoint: 23125 ns, Total: 230625 ns
[2025-09-16T07:15:53.202+0000][185][info ][safepoint   ] Safepoint "Cleanup", Time since last: 3004236418 ns, Reaching safepoint: 274834 ns, Cleanup: 77375 ns, At safepoint: 31625 ns, Total: 383834 ns
[2025-09-16T07:15:54.204+0000][185][info ][safepoint   ] Safepoint "Cleanup", Time since last: 1001569417 ns, Reaching safepoint: 45583 ns, Cleanup: 25333 ns, At safepoint: 14500 ns, Total: 85416 ns
[2025-09-16T07:15:56.209+0000][185][info ][safepoint   ] Safepoint "Cleanup", Time since last: 2004190168 ns, Reaching safepoint: 210250 ns, Cleanup: 57250 ns, At safepoint: 55083 ns, Total: 322583 ns
[2025-09-16T07:15:57.724+0000][185][info ][safepoint   ] Safepoint "Cleanup", Time since last: 1515462667 ns, Reaching safepoint: 3417 ns, Cleanup: 6542 ns, At safepoint: 4208 ns, Total: 14167 ns
[2025-09-16T07:15:59.523+0000][185][info ][safepoint   ] Safepoint "Cleanup", Time since last: 1799083001 ns, Reaching safepoint: 66500 ns, Cleanup: 33833 ns, At safepoint: 15500 ns, Total: 115833 ns
[2025-09-16T07:16:03.539+0000][185][info ][safepoint   ] Safepoint "Cleanup", Time since last: 4014745169 ns, Reaching safepoint: 939041 ns, Cleanup: 94459 ns, At safepoint: 37166 ns, Total: 1070666 ns
[2025-09-16T07:16:05.548+0000][185][info ][safepoint   ] Safepoint "Cleanup", Time since last: 2009505626 ns, Reaching safepoint: 78250 ns, Cleanup: 46000 ns, At safepoint: 14667 ns, Total: 138917 ns
[2025-09-16T07:16:10.556+0000][185][info ][safepoint   ] Safepoint "Cleanup", Time since last: 5007232419 ns, Reaching safepoint: 40500 ns, Cleanup: 13958 ns, At safepoint: 5917 ns, Total: 60375 ns
[2025-09-16T07:16:11.558+0000][185][info ][safepoint   ] Safepoint "Cleanup", Time since last: 1002018584 ns, Reaching safepoint: 137916 ns, Cleanup: 62292 ns, At safepoint: 33583 ns, Total: 233791 ns
[2025-09-16T07:16:13.565+0000][185][info ][safepoint   ] Safepoint "Cleanup", Time since last: 2006589793 ns, Reaching safepoint: 22625 ns, Cleanup: 21833 ns, At safepoint: 19250 ns, Total: 63708 ns
[2025-09-16T07:16:22.682+0000][185][info ][safepoint   ] Safepoint "Cleanup", Time since last: 9117399463 ns, Reaching safepoint: 6000 ns, Cleanup: 33042 ns, At safepoint: 9666 ns, Total: 48708 ns
[2025-09-16T07:16:24.411+0000][185][info ][safepoint   ] Safepoint "Cleanup", Time since last: 1728469210 ns, Reaching safepoint: 16125 ns, Cleanup: 96250 ns, At safepoint: 12916 ns, Total: 125291 ns
[2025-09-16T07:16:41.447+0000][185][info ][safepoint   ] Safepoint "Cleanup", Time since last: 17036161466 ns, Reaching safepoint: 108708 ns, Cleanup: 42500 ns, At safepoint: 21334 ns, Total: 172542 ns
[2025-09-16T07:16:42.450+0000][185][info ][safepoint   ] Safepoint "Cleanup", Time since last: 1002128375 ns, Reaching safepoint: 244917 ns, Cleanup: 55625 ns, At safepoint: 39333 ns, Total: 339875 ns
[2025-09-16T07:16:43.451+0000][185][info ][safepoint   ] Safepoint "Cleanup", Time since last: 1001556292 ns, Reaching safepoint: 109792 ns, Cleanup: 106458 ns, At safepoint: 28792 ns, Total: 245042 ns
[2025-09-16T07:16:44.454+0000][185][info ][safepoint   ] Safepoint "Cleanup", Time since last: 1002225959 ns, Reaching safepoint: 111208 ns, Cleanup: 76292 ns, At safepoint: 26583 ns, Total: 214083 ns
[2025-09-16T07:16:45.455+0000][185][info ][safepoint   ] Safepoint "Cleanup", Time since last: 1001287584 ns, Reaching safepoint: 95042 ns, Cleanup: 67583 ns, At safepoint: 27500 ns, Total: 190125 ns
[2025-09-16T07:16:53.332+0000][185][info ][safepoint   ] Safepoint "Cleanup", Time since last: 7876502420 ns, Reaching safepoint: 105250 ns, Cleanup: 134917 ns, At safepoint: 30292 ns, Total: 270459 ns
[2025-09-16T07:17:00.360+0000][185][info ][safepoint   ] Safepoint "Cleanup", Time since last: 7026755794 ns, Reaching safepoint: 191333 ns, Cleanup: 71417 ns, At safepoint: 36667 ns, Total: 299417 ns
[2025-09-16T07:17:13.382+0000][185][info ][safepoint   ] Safepoint "Cleanup", Time since last: 13021031006 ns, Reaching safepoint: 761417 ns, Cleanup: 123875 ns, At safepoint: 34500 ns, Total: 919792 ns
[2025-09-16T07:17:23.414+0000][185][info ][safepoint   ] Safepoint "Cleanup", Time since last: 10032538088 ns, Reaching safepoint: 127458 ns, Cleanup: 43875 ns, At safepoint: 25292 ns, Total: 196625 ns
[2025-09-16T07:17:25.728+0000][185][info ][safepoint   ] Safepoint "Cleanup", Time since last: 2313535251 ns, Reaching safepoint: 267792 ns, Cleanup: 24083 ns, At safepoint: 14042 ns, Total: 305917 ns
[2025-09-16T07:17:27.618+0000][185][info ][safepoint   ] Safepoint "Cleanup", Time since last: 1889776917 ns, Reaching safepoint: 18750 ns, Cleanup: 72291 ns, At safepoint: 17792 ns, Total: 108833 ns
[2025-09-16T07:17:30.627+0000][185][info ][safepoint   ] Safepoint "Cleanup", Time since last: 3008563418 ns, Reaching safepoint: 320792 ns, Cleanup: 60042 ns, At safepoint: 35333 ns, Total: 416167 ns
[2025-09-16T07:17:52.272+0000][185][info ][safepoint   ] Safepoint "Cleanup", Time since last: 21645134010 ns, Reaching safepoint: 318834 ns, Cleanup: 46958 ns, At safepoint: 10542 ns, Total: 376334 ns
[2025-09-16T07:18:02.300+0000][185][info ][safepoint   ] Safepoint "Cleanup", Time since last: 10027996753 ns, Reaching safepoint: 136584 ns, Cleanup: 44750 ns, At safepoint: 34500 ns, Total: 215834 ns
[2025-09-16T07:18:10.326+0000][185][info ][safepoint   ] Safepoint "Cleanup", Time since last: 8026217379 ns, Reaching safepoint: 148041 ns, Cleanup: 48667 ns, At safepoint: 38000 ns, Total: 234708 ns
[2025-09-16T07:18:13.333+0000][185][info ][safepoint   ] Safepoint "Cleanup", Time since last: 3006000710 ns, Reaching safepoint: 27500 ns, Cleanup: 27416 ns, At safepoint: 12834 ns, Total: 67750 ns
[2025-09-16T07:18:24.378+0000][185][info ][safepoint   ] Safepoint "Cleanup", Time since last: 11042139797 ns, Reaching safepoint: 3581458 ns, Cleanup: 31750 ns, At safepoint: 22792 ns, Total: 3636000 ns
[2025-09-16T07:18:27.386+0000][185][info ][safepoint   ] Safepoint "Cleanup", Time since last: 3006846709 ns, Reaching safepoint: 466500 ns, Cleanup: 48833 ns, At safepoint: 26750 ns, Total: 542083 ns
[2025-09-16T07:18:28.391+0000][185][info ][safepoint   ] Safepoint "Cleanup", Time since last: 1003965084 ns, Reaching safepoint: 863042 ns, Cleanup: 26208 ns, At safepoint: 35875 ns, Total: 925125 ns
[2025-09-16T07:18:29.741+0000][185][info ][safepoint   ] Safepoint "Cleanup", Time since last: 1349329625 ns, Reaching safepoint: 57667 ns, Cleanup: 45583 ns, At safepoint: 12834 ns, Total: 116084 ns
[2025-09-16T07:18:30.827+0000][185][info ][safepoint   ] Safepoint "Cleanup", Time since last: 1086647875 ns, Reaching safepoint: 29375 ns, Cleanup: 94125 ns, At safepoint: 45042 ns, Total: 168542 ns
[2025-09-16T07:18:32.836+0000][185][info ][safepoint   ] Safepoint "Cleanup", Time since last: 2008190793 ns, Reaching safepoint: 130333 ns, Cleanup: 41875 ns, At safepoint: 22083 ns, Total: 194291 ns
[2025-09-16T07:18:43.859+0000][185][info ][safepoint   ] Safepoint "Cleanup", Time since last: 11023177297 ns, Reaching safepoint: 301042 ns, Cleanup: 38417 ns, At safepoint: 10708 ns, Total: 350167 ns
[2025-09-16T07:18:48.444+0000][185][info ][safepoint   ] Safepoint "Cleanup", Time since last: 4584261710 ns, Reaching safepoint: 101834 ns, Cleanup: 90583 ns, At safepoint: 16167 ns, Total: 208584 ns
[2025-09-16T07:18:54.459+0000][185][info ][safepoint   ] Safepoint "Cleanup", Time since last: 6014696961 ns, Reaching safepoint: 192500 ns, Cleanup: 66333 ns, At safepoint: 33542 ns, Total: 292375 ns
[2025-09-16T07:19:12.512+0000][185][info ][safepoint   ] Safepoint "Cleanup", Time since last: 18051269424 ns, Reaching safepoint: 919667 ns, Cleanup: 105292 ns, At safepoint: 35375 ns, Total: 1060334 ns
[2025-09-16T07:19:20.526+0000][185][info ][safepoint   ] Safepoint "Cleanup", Time since last: 8013635920 ns, Reaching safepoint: 123417 ns, Cleanup: 66666 ns, At safepoint: 21625 ns, Total: 211708 ns
[2025-09-16T07:19:23.536+0000][185][info ][safepoint   ] Safepoint "Cleanup", Time since last: 3009839752 ns, Reaching safepoint: 176833 ns, Cleanup: 170000 ns, At safepoint: 37250 ns, Total: 384083 ns
[2025-09-16T07:19:24.539+0000][185][info ][safepoint   ] Safepoint "Cleanup", Time since last: 1002764459 ns, Reaching safepoint: 107208 ns, Cleanup: 25042 ns, At safepoint: 18792 ns, Total: 151042 ns
[2025-09-16T07:19:25.541+0000][185][info ][safepoint   ] Safepoint "Cleanup", Time since last: 1002615750 ns, Reaching safepoint: 65667 ns, Cleanup: 39750 ns, At safepoint: 18250 ns, Total: 123667 ns
[2025-09-16T07:19:30.554+0000][185][info ][safepoint   ] Safepoint "Cleanup", Time since last: 5012394126 ns, Reaching safepoint: 21667 ns, Cleanup: 29958 ns, At safepoint: 65292 ns, Total: 116917 ns
[2025-09-16T07:19:31.726+0000][185][info ][safepoint   ] Safepoint "Cleanup", Time since last: 1172029250 ns, Reaching safepoint: 8459 ns, Cleanup: 9333 ns, At safepoint: 7708 ns, Total: 25500 ns
[2025-09-16T07:19:32.994+0000][185][info ][safepoint   ] Safepoint "Cleanup", Time since last: 1268563959 ns, Reaching safepoint: 21209 ns, Cleanup: 69416 ns, At safepoint: 12959 ns, Total: 103584 ns
[2025-09-16T07:19:37.002+0000][185][info ][safepoint   ] Safepoint "Cleanup", Time since last: 4006990668 ns, Reaching safepoint: 121417 ns, Cleanup: 33583 ns, At safepoint: 10375 ns, Total: 165375 ns
[2025-09-16T07:19:42.014+0000][185][info ][safepoint   ] Safepoint "Cleanup", Time since last: 5010773378 ns, Reaching safepoint: 1824375 ns, Cleanup: 108458 ns, At safepoint: 23125 ns, Total: 1955958 ns
[2025-09-16T07:19:46.025+0000][185][info ][safepoint   ] Safepoint "Cleanup", Time since last: 4010380085 ns, Reaching safepoint: 48375 ns, Cleanup: 13459 ns, At safepoint: 8500 ns, Total: 70334 ns
[2025-09-16T07:19:53.463+0000][185][info ][safepoint   ] Safepoint "Cleanup", Time since last: 7437639836 ns, Reaching safepoint: 149709 ns, Cleanup: 44166 ns, At safepoint: 17750 ns, Total: 211625 ns
[2025-09-16T07:20:00.476+0000][185][info ][safepoint   ] Safepoint "Cleanup", Time since last: 7012914878 ns, Reaching safepoint: 166833 ns, Cleanup: 51792 ns, At safepoint: 12416 ns, Total: 231041 ns
[2025-09-16T07:20:02.480+0000][185][info ][safepoint   ] Safepoint "Cleanup", Time since last: 2004089168 ns, Reaching safepoint: 60125 ns, Cleanup: 36000 ns, At safepoint: 16500 ns, Total: 112625 ns
[2025-09-16T07:20:05.490+0000][185][info ][safepoint   ] Safepoint "Cleanup", Time since last: 3009840293 ns, Reaching safepoint: 122917 ns, Cleanup: 67083 ns, At safepoint: 25500 ns, Total: 215500 ns
[2025-09-16T07:20:11.510+0000][185][info ][safepoint   ] Safepoint "Cleanup", Time since last: 6019338086 ns, Reaching safepoint: 157167 ns, Cleanup: 61750 ns, At safepoint: 26750 ns, Total: 245667 ns
[2025-09-16T07:20:23.547+0000][185][info ][safepoint   ] Safepoint "Cleanup", Time since last: 12032611506 ns, Reaching safepoint: 3844333 ns, Cleanup: 85167 ns, At safepoint: 28166 ns, Total: 3957666 ns
[2025-09-16T07:20:24.549+0000][185][info ][safepoint   ] Safepoint "Cleanup", Time since last: 1002145376 ns, Reaching safepoint: 97542 ns, Cleanup: 40083 ns, At safepoint: 23708 ns, Total: 161333 ns
[2025-09-16T07:20:31.750+0000][185][info ][safepoint   ] Safepoint "Cleanup", Time since last: 7201551044 ns, Reaching safepoint: 5625 ns, Cleanup: 7542 ns, At safepoint: 4208 ns, Total: 17375 ns
[2025-09-16T07:20:33.255+0000][185][info ][safepoint   ] Safepoint "Cleanup", Time since last: 1504571043 ns, Reaching safepoint: 83000 ns, Cleanup: 67791 ns, At safepoint: 14209 ns, Total: 165000 ns
[2025-09-16T07:20:34.770+0000][185][info ][safepoint   ] Safepoint "Cleanup", Time since last: 1515486626 ns, Reaching safepoint: 3625 ns, Cleanup: 11541 ns, At safepoint: 7292 ns, Total: 22458 ns
[2025-09-16T07:20:36.393+0000][185][info ][safepoint   ] Safepoint "Cleanup", Time since last: 1622124876 ns, Reaching safepoint: 39750 ns, Cleanup: 58000 ns, At safepoint: 12375 ns, Total: 110125 ns
[2025-09-16T07:20:45.424+0000][185][info ][safepoint   ] Safepoint "Cleanup", Time since last: 9024813171 ns, Reaching safepoint: 6382500 ns, Cleanup: 45500 ns, At safepoint: 23625 ns, Total: 6451625 ns
[2025-09-16T07:20:57.486+0000][185][info ][safepoint   ] Safepoint "Cleanup", Time since last: 12061153838 ns, Reaching safepoint: 174958 ns, Cleanup: 48000 ns, At safepoint: 31125 ns, Total: 254083 ns
[2025-09-16T07:20:59.283+0000][185][info ][safepoint   ] Safepoint "Cleanup", Time since last: 1797093751 ns, Reaching safepoint: 21958 ns, Cleanup: 46792 ns, At safepoint: 8292 ns, Total: 77042 ns
[2025-09-16T07:21:02.638+0000][185][info ][gc,start    ] GC(26) Pause Young (Normal) (G1 Evacuation Pause)
[2025-09-16T07:21:02.638+0000][185][info ][gc,task     ] GC(26) Using 8 workers of 8 for evacuation
[2025-09-16T07:21:02.638+0000][185][debug][gc,age      ] GC(26) Desired survivor size 41943040 bytes, new threshold 15 (max threshold 15)
[2025-09-16T07:21:02.725+0000][185][info ][gc,phases   ] GC(26)   Pre Evacuate Collection Set: 0.98ms
[2025-09-16T07:21:02.725+0000][185][info ][gc,phases   ] GC(26)   Merge Heap Roots: 0.30ms
[2025-09-16T07:21:02.725+0000][185][info ][gc,phases   ] GC(26)   Evacuate Collection Set: 78.34ms
[2025-09-16T07:21:02.725+0000][185][info ][gc,phases   ] GC(26)   Post Evacuate Collection Set: 6.67ms
[2025-09-16T07:21:02.725+0000][185][info ][gc,phases   ] GC(26)   Other: 0.39ms
[2025-09-16T07:21:02.725+0000][185][trace][gc,age      ] GC(26) Age table with threshold 15 (max threshold 15)
[2025-09-16T07:21:02.726+0000][185][trace][gc,age      ] GC(26) - age   1:     798416 bytes,     798416 total
[2025-09-16T07:21:02.726+0000][185][trace][gc,age      ] GC(26) - age   2:     826352 bytes,    1624768 total
[2025-09-16T07:21:02.726+0000][185][trace][gc,age      ] GC(26) - age   3:     312384 bytes,    1937152 total
[2025-09-16T07:21:02.726+0000][185][trace][gc,age      ] GC(26) - age   4:    1175192 bytes,    3112344 total
[2025-09-16T07:21:02.726+0000][185][trace][gc,age      ] GC(26) - age   5:    1589616 bytes,    4701960 total
[2025-09-16T07:21:02.726+0000][185][trace][gc,age      ] GC(26) - age   6:    6212480 bytes,   10914440 total
[2025-09-16T07:21:02.726+0000][185][trace][gc,age      ] GC(26) - age   7:     513200 bytes,   11427640 total
[2025-09-16T07:21:02.726+0000][185][trace][gc,age      ] GC(26) - age   8:    1965080 bytes,   13392720 total
[2025-09-16T07:21:02.726+0000][185][trace][gc,age      ] GC(26) - age   9:   17428888 bytes,   30821608 total
[2025-09-16T07:21:02.726+0000][185][trace][gc,age      ] GC(26) - age  10:     170440 bytes,   30992048 total
[2025-09-16T07:21:02.726+0000][185][info ][gc,heap     ] GC(26) Eden regions: 144->0(144)
[2025-09-16T07:21:02.726+0000][185][info ][gc,heap     ] GC(26) Survivor regions: 9->9(20)
[2025-09-16T07:21:02.726+0000][185][info ][gc,heap     ] GC(26) Old regions: 29->29
[2025-09-16T07:21:02.726+0000][185][info ][gc,heap     ] GC(26) Humongous regions: 2->2
[2025-09-16T07:21:02.726+0000][185][info ][gc,metaspace] GC(26) Metaspace: 161324K(165888K)->161324K(165888K) NonClass: 139164K(141696K)->139164K(141696K) Class: 22159K(24192K)->22159K(24192K)
[2025-09-16T07:21:02.726+0000][185][info ][gc          ] GC(26) Pause Young (Normal) (G1 Evacuation Pause) 734M->156M(1024M) 88.727ms
[2025-09-16T07:21:02.727+0000][185][info ][gc,cpu      ] GC(26) User=0.63s Sys=0.01s Real=0.09s
[2025-09-16T07:21:02.727+0000][185][info ][safepoint   ] Safepoint "G1CollectForAllocation", Time since last: 3354350085 ns, Reaching safepoint: 42250 ns, Cleanup: 9791 ns, At safepoint: 89087584 ns, Total: 89139625 ns
[2025-09-16T07:21:10.739+0000][185][info ][safepoint   ] Safepoint "Cleanup", Time since last: 8011806878 ns, Reaching safepoint: 275000 ns, Cleanup: 23459 ns, At safepoint: 8541 ns, Total: 307000 ns
[2025-09-16T07:21:17.747+0000][185][info ][safepoint   ] Safepoint "Cleanup", Time since last: 7007589670 ns, Reaching safepoint: 891167 ns, Cleanup: 56875 ns, At safepoint: 47542 ns, Total: 995584 ns
[2025-09-16T07:21:22.757+0000][185][info ][safepoint   ] Safepoint "Cleanup", Time since last: 5009719794 ns, Reaching safepoint: 22791 ns, Cleanup: 18792 ns, At safepoint: 13833 ns, Total: 55416 ns
[2025-09-16T07:21:24.761+0000][185][info ][safepoint   ] Safepoint "Cleanup", Time since last: 2003784001 ns, Reaching safepoint: 87167 ns, Cleanup: 126625 ns, At safepoint: 21292 ns, Total: 235084 ns
[2025-09-16T07:21:32.779+0000][185][info ][safepoint   ] Safepoint "Cleanup", Time since last: 8017829753 ns, Reaching safepoint: 291708 ns, Cleanup: 71167 ns, At safepoint: 18542 ns, Total: 381417 ns
[2025-09-16T07:21:35.788+0000][185][info ][safepoint   ] Safepoint "Cleanup", Time since last: 3008788876 ns, Reaching safepoint: 113583 ns, Cleanup: 75084 ns, At safepoint: 26416 ns, Total: 215083 ns
[2025-09-16T07:21:37.755+0000][185][info ][safepoint   ] Safepoint "Cleanup", Time since last: 1965855876 ns, Reaching safepoint: 1083584 ns, Cleanup: 7666 ns, At safepoint: 12125 ns, Total: 1103375 ns
[2025-09-16T07:21:39.632+0000][185][info ][safepoint   ] Safepoint "Cleanup", Time since last: 1876663501 ns, Reaching safepoint: 201584 ns, Cleanup: 96833 ns, At safepoint: 26792 ns, Total: 325209 ns
[2025-09-16T07:21:44.643+0000][185][info ][safepoint   ] Safepoint "Cleanup", Time since last: 5011262835 ns, Reaching safepoint: 86500 ns, Cleanup: 20209 ns, At safepoint: 11625 ns, Total: 118334 ns
[2025-09-16T07:22:03.731+0000][185][info ][safepoint   ] Safepoint "Cleanup", Time since last: 19085661216 ns, Reaching safepoint: 606625 ns, Cleanup: 182292 ns, At safepoint: 171666 ns, Total: 960583 ns
[2025-09-16T07:22:07.748+0000][185][info ][safepoint   ] Safepoint "Cleanup", Time since last: 4017790294 ns, Reaching safepoint: 78042 ns, Cleanup: 23541 ns, At safepoint: 22959 ns, Total: 124542 ns
[2025-09-16T07:22:12.762+0000][185][info ][safepoint   ] Safepoint "Cleanup", Time since last: 5013226419 ns, Reaching safepoint: 90958 ns, Cleanup: 32125 ns, At safepoint: 24250 ns, Total: 147333 ns
[2025-09-16T07:22:22.793+0000][185][info ][safepoint   ] Safepoint "Cleanup", Time since last: 10031094046 ns, Reaching safepoint: 141167 ns, Cleanup: 37958 ns, At safepoint: 14250 ns, Total: 193375 ns
[2025-09-16T07:22:37.829+0000][185][info ][safepoint   ] Safepoint "Cleanup", Time since last: 15035468174 ns, Reaching safepoint: 229125 ns, Cleanup: 46416 ns, At safepoint: 14500 ns, Total: 290041 ns
[2025-09-16T07:22:40.749+0000][185][info ][safepoint   ] Safepoint "Cleanup", Time since last: 2920695668 ns, Reaching safepoint: 9209 ns, Cleanup: 10958 ns, At safepoint: 13208 ns, Total: 33375 ns
[2025-09-16T07:22:41.799+0000][185][info ][safepoint   ] Safepoint "Cleanup", Time since last: 1049947126 ns, Reaching safepoint: 4250 ns, Cleanup: 11708 ns, At safepoint: 8334 ns, Total: 24292 ns
[2025-09-16T07:22:43.809+0000][185][info ][safepoint   ] Safepoint "Cleanup", Time since last: 2010124917 ns, Reaching safepoint: 68375 ns, Cleanup: 47625 ns, At safepoint: 27417 ns, Total: 143417 ns
[2025-09-16T07:22:47.821+0000][185][info ][safepoint   ] Safepoint "Cleanup", Time since last: 4010993127 ns, Reaching safepoint: 125416 ns, Cleanup: 55834 ns, At safepoint: 14333 ns, Total: 195583 ns
[2025-09-16T07:22:54.952+0000][185][info ][safepoint   ] Safepoint "Cleanup", Time since last: 7130305837 ns, Reaching safepoint: 512750 ns, Cleanup: 66041 ns, At safepoint: 19334 ns, Total: 598125 ns
[2025-09-16T07:23:12.992+0000][185][info ][safepoint   ] Safepoint "Cleanup", Time since last: 18039606466 ns, Reaching safepoint: 703959 ns, Cleanup: 98583 ns, At safepoint: 27917 ns, Total: 830459 ns
[2025-09-16T07:23:14.996+0000][185][info ][safepoint   ] Safepoint "Cleanup", Time since last: 2003594626 ns, Reaching safepoint: 35708 ns, Cleanup: 27083 ns, At safepoint: 9125 ns, Total: 71916 ns
[2025-09-16T07:23:22.005+0000][185][info ][safepoint   ] Safepoint "Cleanup", Time since last: 7008607254 ns, Reaching safepoint: 98958 ns, Cleanup: 17042 ns, At safepoint: 22000 ns, Total: 138000 ns
[2025-09-16T07:23:23.007+0000][185][info ][safepoint   ] Safepoint "Cleanup", Time since last: 1002152125 ns, Reaching safepoint: 89167 ns, Cleanup: 37292 ns, At safepoint: 34666 ns, Total: 161125 ns
[2025-09-16T07:23:25.010+0000][185][info ][safepoint   ] Safepoint "Cleanup", Time since last: 2003057001 ns, Reaching safepoint: 83542 ns, Cleanup: 82167 ns, At safepoint: 52291 ns, Total: 218000 ns
[2025-09-16T07:23:28.016+0000][185][info ][safepoint   ] Safepoint "Cleanup", Time since last: 3005483876 ns, Reaching safepoint: 101250 ns, Cleanup: 36709 ns, At safepoint: 25750 ns, Total: 163709 ns
[2025-09-16T07:23:40.847+0000][185][info ][safepoint   ] Safepoint "Cleanup", Time since last: 12831218089 ns, Reaching safepoint: 54708 ns, Cleanup: 25250 ns, At safepoint: 5750 ns, Total: 85708 ns
[2025-09-16T07:23:41.884+0000][185][info ][safepoint   ] Safepoint "Cleanup", Time since last: 1037083793 ns, Reaching safepoint: 27166 ns, Cleanup: 26334 ns, At safepoint: 9291 ns, Total: 62791 ns
[2025-09-16T07:23:43.021+0000][185][info ][safepoint   ] Safepoint "Cleanup", Time since last: 1137160917 ns, Reaching safepoint: 11084 ns, Cleanup: 50166 ns, At safepoint: 7084 ns, Total: 68334 ns
[2025-09-16T07:23:44.039+0000][185][info ][safepoint   ] Safepoint "Cleanup", Time since last: 1017595167 ns, Reaching safepoint: 4167 ns, Cleanup: 29625 ns, At safepoint: 7416 ns, Total: 41208 ns
[2025-09-16T07:23:58.031+0000][185][info ][safepoint   ] Safepoint "Cleanup", Time since last: 13990368340 ns, Reaching safepoint: 949458 ns, Cleanup: 84958 ns, At safepoint: 32459 ns, Total: 1066875 ns
[2025-09-16T07:24:08.073+0000][185][info ][safepoint   ] Safepoint "Cleanup", Time since last: 10041107171 ns, Reaching safepoint: 259250 ns, Cleanup: 37625 ns, At safepoint: 11708 ns, Total: 308583 ns
[2025-09-16T07:24:13.084+0000][185][info ][safepoint   ] Safepoint "Cleanup", Time since last: 5011335669 ns, Reaching safepoint: 59209 ns, Cleanup: 27291 ns, At safepoint: 16875 ns, Total: 103375 ns
[2025-09-16T07:24:23.108+0000][185][info ][safepoint   ] Safepoint "Cleanup", Time since last: 10023990047 ns, Reaching safepoint: 101042 ns, Cleanup: 31500 ns, At safepoint: 11708 ns, Total: 144250 ns
[2025-09-16T07:24:25.111+0000][185][info ][safepoint   ] Safepoint "Cleanup", Time since last: 2003195209 ns, Reaching safepoint: 103209 ns, Cleanup: 39041 ns, At safepoint: 22084 ns, Total: 164334 ns
[2025-09-16T07:24:27.118+0000][185][info ][safepoint   ] Safepoint "Cleanup", Time since last: 2006037083 ns, Reaching safepoint: 233667 ns, Cleanup: 80792 ns, At safepoint: 29833 ns, Total: 344292 ns
[2025-09-16T07:24:29.123+0000][185][info ][safepoint   ] Safepoint "Cleanup", Time since last: 2004488584 ns, Reaching safepoint: 627500 ns, Cleanup: 82958 ns, At safepoint: 18125 ns, Total: 728583 ns
[2025-09-16T07:24:30.126+0000][185][info ][safepoint   ] Safepoint "Cleanup", Time since last: 1003066043 ns, Reaching safepoint: 82458 ns, Cleanup: 32917 ns, At safepoint: 18166 ns, Total: 133541 ns
[2025-09-16T07:24:32.130+0000][185][info ][safepoint   ] Safepoint "Cleanup", Time since last: 2003538418 ns, Reaching safepoint: 80042 ns, Cleanup: 46541 ns, At safepoint: 9750 ns, Total: 136333 ns
[2025-09-16T07:24:33.133+0000][185][info ][safepoint   ] Safepoint "Cleanup", Time since last: 1002948876 ns, Reaching safepoint: 34500 ns, Cleanup: 21791 ns, At safepoint: 9084 ns, Total: 65375 ns
[2025-09-16T07:24:34.135+0000][185][info ][safepoint   ] Safepoint "Cleanup", Time since last: 1001694209 ns, Reaching safepoint: 101916 ns, Cleanup: 309167 ns, At safepoint: 16000 ns, Total: 427083 ns
[2025-09-16T07:24:35.137+0000][185][info ][safepoint   ] Safepoint "Cleanup", Time since last: 1002340084 ns, Reaching safepoint: 43750 ns, Cleanup: 17875 ns, At safepoint: 8125 ns, Total: 69750 ns
[2025-09-16T07:24:42.151+0000][185][info ][safepoint   ] Safepoint "Cleanup", Time since last: 7013245628 ns, Reaching safepoint: 76542 ns, Cleanup: 28625 ns, At safepoint: 12125 ns, Total: 117292 ns
[2025-09-16T07:24:43.866+0000][185][info ][safepoint   ] Safepoint "Cleanup", Time since last: 1715487792 ns, Reaching safepoint: 5042 ns, Cleanup: 20333 ns, At safepoint: 8542 ns, Total: 33917 ns
[2025-09-16T07:24:45.269+0000][185][info ][safepoint   ] Safepoint "Cleanup", Time since last: 1402307709 ns, Reaching safepoint: 52500 ns, Cleanup: 28583 ns, At safepoint: 15459 ns, Total: 96542 ns
[2025-09-16T07:24:46.837+0000][185][info ][safepoint   ] Safepoint "Cleanup", Time since last: 1568529750 ns, Reaching safepoint: 6250 ns, Cleanup: 10500 ns, At safepoint: 2959 ns, Total: 19709 ns
[2025-09-16T07:24:48.236+0000][185][info ][safepoint   ] Safepoint "Cleanup", Time since last: 1398448500 ns, Reaching safepoint: 10292 ns, Cleanup: 20417 ns, At safepoint: 7833 ns, Total: 38542 ns
[2025-09-16T07:24:58.263+0000][185][info ][safepoint   ] Safepoint "Cleanup", Time since last: 10026545004 ns, Reaching safepoint: 433542 ns, Cleanup: 104333 ns, At safepoint: 26417 ns, Total: 564292 ns
[2025-09-16T07:24:59.265+0000][185][info ][safepoint   ] Safepoint "Cleanup", Time since last: 1002438709 ns, Reaching safepoint: 19125 ns, Cleanup: 16250 ns, At safepoint: 10708 ns, Total: 46083 ns
[2025-09-16T07:25:20.309+0000][185][info ][safepoint   ] Safepoint "Cleanup", Time since last: 21043142843 ns, Reaching safepoint: 255750 ns, Cleanup: 44584 ns, At safepoint: 7958 ns, Total: 308292 ns
[2025-09-16T07:25:22.312+0000][185][info ][safepoint   ] Safepoint "Cleanup", Time since last: 2002790001 ns, Reaching safepoint: 71750 ns, Cleanup: 43250 ns, At safepoint: 17833 ns, Total: 132833 ns
[2025-09-16T07:25:23.316+0000][185][info ][safepoint   ] Safepoint "Cleanup", Time since last: 1003667834 ns, Reaching safepoint: 272000 ns, Cleanup: 37250 ns, At safepoint: 14292 ns, Total: 323542 ns
[2025-09-16T07:25:25.913+0000][185][info ][safepoint   ] Safepoint "Cleanup", Time since last: 2597011209 ns, Reaching safepoint: 9500 ns, Cleanup: 8000 ns, At safepoint: 6834 ns, Total: 24334 ns
[2025-09-16T07:25:27.436+0000][185][info ][safepoint   ] Safepoint "Cleanup", Time since last: 1522878458 ns, Reaching safepoint: 68583 ns, Cleanup: 72958 ns, At safepoint: 13625 ns, Total: 155166 ns
[2025-09-16T07:25:28.437+0000][185][info ][safepoint   ] Safepoint "Cleanup", Time since last: 1000929334 ns, Reaching safepoint: 131125 ns, Cleanup: 128500 ns, At safepoint: 33958 ns, Total: 293583 ns
[2025-09-16T07:25:31.888+0000][185][info ][safepoint   ] Safepoint "Cleanup", Time since last: 3450492085 ns, Reaching safepoint: 35042 ns, Cleanup: 55417 ns, At safepoint: 5416 ns, Total: 95875 ns
[2025-09-16T07:25:33.522+0000][185][info ][safepoint   ] Safepoint "Cleanup", Time since last: 1633864793 ns, Reaching safepoint: 39792 ns, Cleanup: 104416 ns, At safepoint: 11917 ns, Total: 156125 ns
[2025-09-16T07:25:41.538+0000][185][info ][safepoint   ] Safepoint "Cleanup", Time since last: 8015039629 ns, Reaching safepoint: 639583 ns, Cleanup: 50333 ns, At safepoint: 17542 ns, Total: 707458 ns
[2025-09-16T07:25:46.873+0000][185][info ][safepoint   ] Safepoint "Cleanup", Time since last: 5335461503 ns, Reaching safepoint: 6708 ns, Cleanup: 41375 ns, At safepoint: 13083 ns, Total: 61166 ns
[2025-09-16T07:25:48.367+0000][185][info ][safepoint   ] Safepoint "Cleanup", Time since last: 1493604959 ns, Reaching safepoint: 12084 ns, Cleanup: 34041 ns, At safepoint: 34750 ns, Total: 80875 ns
[2025-09-16T07:25:50.658+0000][185][info ][safepoint   ] Safepoint "Cleanup", Time since last: 2291630501 ns, Reaching safepoint: 4209 ns, Cleanup: 7583 ns, At safepoint: 2500 ns, Total: 14292 ns
[2025-09-16T07:25:51.663+0000][185][info ][safepoint   ] Safepoint "Cleanup", Time since last: 1004468542 ns, Reaching safepoint: 44417 ns, Cleanup: 33792 ns, At safepoint: 13541 ns, Total: 91750 ns
[2025-09-16T07:25:57.674+0000][185][info ][safepoint   ] Safepoint "Cleanup", Time since last: 6011004461 ns, Reaching safepoint: 506458 ns, Cleanup: 61875 ns, At safepoint: 27584 ns, Total: 595917 ns
[2025-09-16T07:25:59.096+0000][185][info ][safepoint   ] Safepoint "Cleanup", Time since last: 1421527709 ns, Reaching safepoint: 802083 ns, Cleanup: 52083 ns, At safepoint: 67542 ns, Total: 921708 ns
[2025-09-16T07:26:11.121+0000][185][info ][safepoint   ] Safepoint "Cleanup", Time since last: 12024670839 ns, Reaching safepoint: 147125 ns, Cleanup: 33584 ns, At safepoint: 21166 ns, Total: 201875 ns
[2025-09-16T07:26:24.143+0000][185][info ][safepoint   ] Safepoint "Cleanup", Time since last: 13022367465 ns, Reaching safepoint: 13583 ns, Cleanup: 9833 ns, At safepoint: 6792 ns, Total: 30208 ns
[2025-09-16T07:26:25.148+0000][185][info ][safepoint   ] Safepoint "Cleanup", Time since last: 1004706209 ns, Reaching safepoint: 71542 ns, Cleanup: 40041 ns, At safepoint: 15750 ns, Total: 127333 ns
[2025-09-16T07:26:32.162+0000][185][info ][safepoint   ] Safepoint "Cleanup", Time since last: 7012756170 ns, Reaching safepoint: 170750 ns, Cleanup: 35625 ns, At safepoint: 14750 ns, Total: 221125 ns
[2025-09-16T07:26:43.185+0000][185][info ][safepoint   ] Safepoint "Cleanup", Time since last: 11022492338 ns, Reaching safepoint: 40917 ns, Cleanup: 25042 ns, At safepoint: 10083 ns, Total: 76042 ns
[2025-09-16T07:26:49.913+0000][185][info ][safepoint   ] Safepoint "Cleanup", Time since last: 6727766795 ns, Reaching safepoint: 4416 ns, Cleanup: 9667 ns, At safepoint: 4542 ns, Total: 18625 ns
[2025-09-16T07:26:51.872+0000][185][info ][safepoint   ] Safepoint "Cleanup", Time since last: 1959453667 ns, Reaching safepoint: 37250 ns, Cleanup: 44250 ns, At safepoint: 17334 ns, Total: 98834 ns
[2025-09-16T07:26:52.872+0000][185][info ][safepoint   ] Safepoint "Cleanup", Time since last: 1000130167 ns, Reaching safepoint: 3958 ns, Cleanup: 8750 ns, At safepoint: 1958 ns, Total: 14666 ns
[2025-09-16T07:26:53.882+0000][185][info ][safepoint   ] Safepoint "Cleanup", Time since last: 1009841209 ns, Reaching safepoint: 6542 ns, Cleanup: 13750 ns, At safepoint: 7792 ns, Total: 28084 ns
[2025-09-16T07:26:55.854+0000][185][info ][gc,start    ] GC(27) Pause Young (Concurrent Start) (G1 Evacuation Pause)
[2025-09-16T07:26:55.854+0000][185][info ][gc,task     ] GC(27) Using 8 workers of 8 for evacuation
[2025-09-16T07:26:55.854+0000][185][debug][gc,age      ] GC(27) Desired survivor size 41943040 bytes, new threshold 15 (max threshold 15)
[2025-09-16T07:26:55.913+0000][185][info ][gc,phases   ] GC(27)   Pre Evacuate Collection Set: 4.42ms
[2025-09-16T07:26:55.913+0000][185][info ][gc,phases   ] GC(27)   Merge Heap Roots: 0.54ms
[2025-09-16T07:26:55.914+0000][185][info ][gc,phases   ] GC(27)   Evacuate Collection Set: 49.39ms
[2025-09-16T07:26:55.914+0000][185][info ][gc,phases   ] GC(27)   Post Evacuate Collection Set: 3.52ms
[2025-09-16T07:26:55.914+0000][185][info ][gc,phases   ] GC(27)   Other: 1.30ms
[2025-09-16T07:26:55.914+0000][185][trace][gc,age      ] GC(27) Age table with threshold 15 (max threshold 15)
[2025-09-16T07:26:55.914+0000][185][trace][gc,age      ] GC(27) - age   1:    1389240 bytes,    1389240 total
[2025-09-16T07:26:55.914+0000][185][trace][gc,age      ] GC(27) - age   2:      94600 bytes,    1483840 total
[2025-09-16T07:26:55.914+0000][185][trace][gc,age      ] GC(27) - age   3:     798312 bytes,    2282152 total
[2025-09-16T07:26:55.914+0000][185][trace][gc,age      ] GC(27) - age   4:     311992 bytes,    2594144 total
[2025-09-16T07:26:55.914+0000][185][trace][gc,age      ] GC(27) - age   5:    1171008 bytes,    3765152 total
[2025-09-16T07:26:55.914+0000][185][trace][gc,age      ] GC(27) - age   6:    1589152 bytes,    5354304 total
[2025-09-16T07:26:55.914+0000][185][trace][gc,age      ] GC(27) - age   7:    6195912 bytes,   11550216 total
[2025-09-16T07:26:55.914+0000][185][trace][gc,age      ] GC(27) - age   8:     513200 bytes,   12063416 total
[2025-09-16T07:26:55.915+0000][185][trace][gc,age      ] GC(27) - age   9:    1964936 bytes,   14028352 total
[2025-09-16T07:26:55.915+0000][185][trace][gc,age      ] GC(27) - age  10:   17428168 bytes,   31456520 total
[2025-09-16T07:26:55.915+0000][185][trace][gc,age      ] GC(27) - age  11:     170440 bytes,   31626960 total
[2025-09-16T07:26:55.915+0000][185][info ][gc,heap     ] GC(27) Eden regions: 144->0(144)
[2025-09-16T07:26:55.915+0000][185][info ][gc,heap     ] GC(27) Survivor regions: 9->9(20)
[2025-09-16T07:26:55.915+0000][185][info ][gc,heap     ] GC(27) Old regions: 29->29
[2025-09-16T07:26:55.915+0000][185][info ][gc,heap     ] GC(27) Humongous regions: 2->2
[2025-09-16T07:26:55.915+0000][185][info ][gc,metaspace] GC(27) Metaspace: 161565K(166208K)->161565K(166208K) NonClass: 139400K(141952K)->139400K(141952K) Class: 22165K(24256K)->22165K(24256K)
[2025-09-16T07:26:55.915+0000][185][info ][gc          ] GC(27) Pause Young (Concurrent Start) (G1 Evacuation Pause) 732M->158M(1024M) 61.628ms
[2025-09-16T07:26:55.915+0000][185][info ][gc          ] GC(28) Concurrent Mark Cycle
[2025-09-16T07:26:55.915+0000][185][info ][gc,marking  ] GC(28) Concurrent Scan Root Regions
[2025-09-16T07:26:55.915+0000][185][info ][gc,cpu      ] GC(27) User=0.41s Sys=0.01s Real=0.06s
[2025-09-16T07:26:55.919+0000][185][info ][safepoint   ] Safepoint "G1CollectForAllocation", Time since last: 1971366376 ns, Reaching safepoint: 33375 ns, Cleanup: 31833 ns, At safepoint: 65587208 ns, Total: 65652416 ns
[2025-09-16T07:26:55.932+0000][185][info ][gc,marking  ] GC(28) Concurrent Scan Root Regions 16.638ms
[2025-09-16T07:26:55.932+0000][185][info ][gc,marking  ] GC(28) Concurrent Mark
[2025-09-16T07:26:55.932+0000][185][info ][gc,marking  ] GC(28) Concurrent Mark From Roots
[2025-09-16T07:26:55.932+0000][185][info ][gc,task     ] GC(28) Using 2 workers of 2 for marking
[2025-09-16T07:26:55.997+0000][185][info ][gc,marking  ] GC(28) Concurrent Mark From Roots 65.251ms
[2025-09-16T07:26:55.998+0000][185][info ][gc,marking  ] GC(28) Concurrent Preclean
[2025-09-16T07:26:55.998+0000][185][info ][gc,marking  ] GC(28) Concurrent Preclean 0.861ms
[2025-09-16T07:26:55.999+0000][185][info ][gc,start    ] GC(28) Pause Remark
[2025-09-16T07:26:56.085+0000][185][info ][gc          ] GC(28) Pause Remark 163M->163M(1024M) 86.434ms
[2025-09-16T07:26:56.085+0000][185][info ][gc,cpu      ] GC(28) User=0.56s Sys=0.00s Real=0.09s
[2025-09-16T07:26:56.085+0000][185][info ][safepoint   ] Safepoint "G1PauseRemark", Time since last: 79443959 ns, Reaching safepoint: 13125 ns, Cleanup: 3000 ns, At safepoint: 86709166 ns, Total: 86725291 ns
[2025-09-16T07:26:56.085+0000][185][info ][gc,marking  ] GC(28) Concurrent Mark 153.292ms
[2025-09-16T07:26:56.086+0000][185][info ][gc,marking  ] GC(28) Concurrent Rebuild Remembered Sets and Scrub Regions
[2025-09-16T07:26:56.114+0000][185][info ][gc,marking  ] GC(28) Concurrent Rebuild Remembered Sets and Scrub Regions 27.970ms
[2025-09-16T07:26:56.114+0000][185][info ][gc,start    ] GC(28) Pause Cleanup
[2025-09-16T07:26:56.114+0000][185][info ][gc          ] GC(28) Pause Cleanup 163M->163M(1024M) 0.143ms
[2025-09-16T07:26:56.114+0000][185][info ][gc,cpu      ] GC(28) User=0.00s Sys=0.00s Real=0.00s
[2025-09-16T07:26:56.114+0000][185][info ][safepoint   ] Safepoint "G1PauseCleanup", Time since last: 28393042 ns, Reaching safepoint: 9750 ns, Cleanup: 67708 ns, At safepoint: 309709 ns, Total: 387167 ns
[2025-09-16T07:26:56.114+0000][185][info ][gc,marking  ] GC(28) Concurrent Clear Claimed Marks
[2025-09-16T07:26:56.114+0000][185][info ][gc,marking  ] GC(28) Concurrent Clear Claimed Marks 0.283ms
[2025-09-16T07:26:56.115+0000][185][info ][gc,marking  ] GC(28) Concurrent Cleanup for Next Mark
[2025-09-16T07:26:56.119+0000][185][info ][gc,marking  ] GC(28) Concurrent Cleanup for Next Mark 4.422ms
[2025-09-16T07:26:56.119+0000][185][info ][gc          ] GC(28) Concurrent Mark Cycle 203.663ms
[2025-09-16T07:26:57.116+0000][185][info ][safepoint   ] Safepoint "Cleanup", Time since last: 1001579333 ns, Reaching safepoint: 51750 ns, Cleanup: 33875 ns, At safepoint: 50959 ns, Total: 136584 ns
[2025-09-16T07:26:59.121+0000][185][info ][safepoint   ] Safepoint "Cleanup", Time since last: 2004663167 ns, Reaching safepoint: 353167 ns, Cleanup: 110541 ns, At safepoint: 28709 ns, Total: 492417 ns
[2025-09-16T07:27:05.136+0000][185][info ][safepoint   ] Safepoint "Cleanup", Time since last: 6014023253 ns, Reaching safepoint: 60416 ns, Cleanup: 40750 ns, At safepoint: 15959 ns, Total: 117125 ns
[2025-09-16T07:27:26.182+0000][185][info ][safepoint   ] Safepoint "Cleanup", Time since last: 21046452593 ns, Reaching safepoint: 85917 ns, Cleanup: 63250 ns, At safepoint: 15541 ns, Total: 164708 ns
[2025-09-16T07:27:37.210+0000][185][info ][safepoint   ] Safepoint "Cleanup", Time since last: 11028044880 ns, Reaching safepoint: 66458 ns, Cleanup: 63917 ns, At safepoint: 17208 ns, Total: 147583 ns
[2025-09-16T07:27:38.212+0000][185][info ][safepoint   ] Safepoint "Cleanup", Time since last: 1002090876 ns, Reaching safepoint: 88625 ns, Cleanup: 35083 ns, At safepoint: 19750 ns, Total: 143458 ns
[2025-09-16T07:27:44.220+0000][185][info ][safepoint   ] Safepoint "Cleanup", Time since last: 6007187920 ns, Reaching safepoint: 138125 ns, Cleanup: 71666 ns, At safepoint: 25459 ns, Total: 235250 ns
[2025-09-16T07:27:48.225+0000][185][info ][safepoint   ] Safepoint "Cleanup", Time since last: 4005451793 ns, Reaching safepoint: 92542 ns, Cleanup: 55375 ns, At safepoint: 24167 ns, Total: 172084 ns
[2025-09-16T07:27:52.822+0000][185][info ][safepoint   ] Safepoint "Cleanup", Time since last: 4596703002 ns, Reaching safepoint: 81250 ns, Cleanup: 27416 ns, At safepoint: 16834 ns, Total: 125500 ns
[2025-09-16T07:27:54.074+0000][185][info ][safepoint   ] Safepoint "Cleanup", Time since last: 1252064042 ns, Reaching safepoint: 65583 ns, Cleanup: 85917 ns, At safepoint: 29792 ns, Total: 181292 ns
[2025-09-16T07:27:55.118+0000][185][info ][safepoint   ] Safepoint "Cleanup", Time since last: 1043515000 ns, Reaching safepoint: 43709 ns, Cleanup: 38708 ns, At safepoint: 12208 ns, Total: 94625 ns
[2025-09-16T07:27:56.138+0000][185][info ][safepoint   ] Safepoint "Cleanup", Time since last: 1019570959 ns, Reaching safepoint: 4333 ns, Cleanup: 13084 ns, At safepoint: 4791 ns, Total: 22208 ns
[2025-09-16T07:27:57.152+0000][185][info ][safepoint   ] Safepoint "Cleanup", Time since last: 1013592042 ns, Reaching safepoint: 69750 ns, Cleanup: 57333 ns, At safepoint: 14125 ns, Total: 141208 ns
[2025-09-16T07:27:58.154+0000][185][info ][safepoint   ] Safepoint "Cleanup", Time since last: 1001733084 ns, Reaching safepoint: 81667 ns, Cleanup: 30708 ns, At safepoint: 15292 ns, Total: 127667 ns
[2025-09-16T07:28:10.186+0000][185][info ][safepoint   ] Safepoint "Cleanup", Time since last: 12031434130 ns, Reaching safepoint: 784625 ns, Cleanup: 118167 ns, At safepoint: 27583 ns, Total: 930375 ns
[2025-09-16T07:28:23.256+0000][185][info ][safepoint   ] Safepoint "Cleanup", Time since last: 13069208132 ns, Reaching safepoint: 122750 ns, Cleanup: 39916 ns, At safepoint: 21250 ns, Total: 183916 ns
[2025-09-16T07:28:24.257+0000][185][info ][safepoint   ] Safepoint "Cleanup", Time since last: 1001346459 ns, Reaching safepoint: 56458 ns, Cleanup: 36709 ns, At safepoint: 18416 ns, Total: 111583 ns
[2025-09-16T07:28:38.287+0000][185][info ][safepoint   ] Safepoint "Cleanup", Time since last: 14029796882 ns, Reaching safepoint: 355292 ns, Cleanup: 67708 ns, At safepoint: 33375 ns, Total: 456375 ns
[2025-09-16T07:28:42.295+0000][185][info ][safepoint   ] Safepoint "Cleanup", Time since last: 4007381752 ns, Reaching safepoint: 64750 ns, Cleanup: 38958 ns, At safepoint: 113125 ns, Total: 216833 ns
[2025-09-16T07:28:44.298+0000][185][info ][safepoint   ] Safepoint "Cleanup", Time since last: 2003674126 ns, Reaching safepoint: 144417 ns, Cleanup: 51458 ns, At safepoint: 30083 ns, Total: 225958 ns
[2025-09-16T07:28:55.947+0000][185][info ][safepoint   ] Safepoint "Cleanup", Time since last: 11648120798 ns, Reaching safepoint: 869833 ns, Cleanup: 8417 ns, At safepoint: 17250 ns, Total: 895500 ns
[2025-09-16T07:28:57.423+0000][185][info ][safepoint   ] Safepoint "Cleanup", Time since last: 1474342916 ns, Reaching safepoint: 117125 ns, Cleanup: 155875 ns, At safepoint: 51709 ns, Total: 324709 ns
[2025-09-16T07:28:58.932+0000][185][info ][safepoint   ] Safepoint "Cleanup", Time since last: 1508799334 ns, Reaching safepoint: 414708 ns, Cleanup: 8000 ns, At safepoint: 12917 ns, Total: 435625 ns
[2025-09-16T07:29:00.457+0000][185][info ][safepoint   ] Safepoint "Cleanup", Time since last: 1524997084 ns, Reaching safepoint: 35916 ns, Cleanup: 33292 ns, At safepoint: 18708 ns, Total: 87916 ns
[2025-09-16T07:29:03.460+0000][185][info ][safepoint   ] Safepoint "Cleanup", Time since last: 3003106585 ns, Reaching safepoint: 100667 ns, Cleanup: 45375 ns, At safepoint: 23375 ns, Total: 169417 ns
[2025-09-16T07:29:17.484+0000][185][info ][safepoint   ] Safepoint "Cleanup", Time since last: 14023063048 ns, Reaching safepoint: 299417 ns, Cleanup: 77083 ns, At safepoint: 29167 ns, Total: 405667 ns
[2025-09-16T07:29:28.511+0000][185][info ][safepoint   ] Safepoint "Cleanup", Time since last: 11026014879 ns, Reaching safepoint: 1628084 ns, Cleanup: 106291 ns, At safepoint: 18792 ns, Total: 1753167 ns
[2025-09-16T07:29:33.528+0000][185][info ][safepoint   ] Safepoint "Cleanup", Time since last: 5016717294 ns, Reaching safepoint: 166083 ns, Cleanup: 60792 ns, At safepoint: 31792 ns, Total: 258667 ns
[2025-09-16T07:29:43.539+0000][185][info ][safepoint   ] Safepoint "Cleanup", Time since last: 10010625004 ns, Reaching safepoint: 489375 ns, Cleanup: 122542 ns, At safepoint: 34917 ns, Total: 646834 ns
[2025-09-16T07:29:57.294+0000][185][info ][safepoint   ] Safepoint "Cleanup", Time since last: 13753919548 ns, Reaching safepoint: 77666 ns, Cleanup: 44084 ns, At safepoint: 47791 ns, Total: 169541 ns
[2025-09-16T07:29:58.910+0000][185][info ][safepoint   ] Safepoint "Cleanup", Time since last: 1616094001 ns, Reaching safepoint: 4708 ns, Cleanup: 8917 ns, At safepoint: 4583 ns, Total: 18208 ns
[2025-09-16T07:30:00.620+0000][185][info ][safepoint   ] Safepoint "Cleanup", Time since last: 1710120668 ns, Reaching safepoint: 76125 ns, Cleanup: 62792 ns, At safepoint: 15166 ns, Total: 154083 ns
[2025-09-16T07:30:02.683+0000][185][info ][safepoint   ] Safepoint "Cleanup", Time since last: 2062760709 ns, Reaching safepoint: 16459 ns, Cleanup: 28166 ns, At safepoint: 7875 ns, Total: 52500 ns
[2025-09-16T07:30:07.716+0000][185][info ][safepoint   ] Safepoint "Cleanup", Time since last: 5033064920 ns, Reaching safepoint: 67000 ns, Cleanup: 26166 ns, At safepoint: 18167 ns, Total: 111333 ns
[2025-09-16T07:30:12.722+0000][185][info ][safepoint   ] Safepoint "Cleanup", Time since last: 5004930002 ns, Reaching safepoint: 441750 ns, Cleanup: 28542 ns, At safepoint: 12667 ns, Total: 482959 ns
[2025-09-16T07:30:13.723+0000][185][info ][safepoint   ] Safepoint "Cleanup", Time since last: 1001215542 ns, Reaching safepoint: 65125 ns, Cleanup: 44083 ns, At safepoint: 19667 ns, Total: 128875 ns
[2025-09-16T07:30:14.726+0000][185][info ][safepoint   ] Safepoint "Cleanup", Time since last: 1002039542 ns, Reaching safepoint: 197958 ns, Cleanup: 52584 ns, At safepoint: 23000 ns, Total: 273542 ns
[2025-09-16T07:30:27.761+0000][185][info ][safepoint   ] Safepoint "Cleanup", Time since last: 13035614963 ns, Reaching safepoint: 494209 ns, Cleanup: 55041 ns, At safepoint: 24750 ns, Total: 574000 ns
[2025-09-16T07:30:29.765+0000][185][info ][safepoint   ] Safepoint "Cleanup", Time since last: 2003450626 ns, Reaching safepoint: 57667 ns, Cleanup: 23875 ns, At safepoint: 13542 ns, Total: 95084 ns
[2025-09-16T07:30:42.840+0000][185][info ][safepoint   ] Safepoint "Cleanup", Time since last: 13072329464 ns, Reaching safepoint: 2544209 ns, Cleanup: 66250 ns, At safepoint: 22166 ns, Total: 2632625 ns
[2025-09-16T07:30:57.880+0000][185][info ][safepoint   ] Safepoint "Cleanup", Time since last: 15037774215 ns, Reaching safepoint: 25500 ns, Cleanup: 39334 ns, At safepoint: 9458 ns, Total: 74292 ns
[2025-09-16T07:31:01.958+0000][185][info ][safepoint   ] Safepoint "Cleanup", Time since last: 4079339585 ns, Reaching safepoint: 55708 ns, Cleanup: 29250 ns, At safepoint: 7625 ns, Total: 92583 ns
[2025-09-16T07:31:02.970+0000][185][info ][safepoint   ] Safepoint "Cleanup", Time since last: 1012225293 ns, Reaching safepoint: 4250 ns, Cleanup: 33916 ns, At safepoint: 4834 ns, Total: 43000 ns
[2025-09-16T07:31:04.934+0000][185][info ][safepoint   ] Safepoint "Cleanup", Time since last: 1963513042 ns, Reaching safepoint: 3959 ns, Cleanup: 14875 ns, At safepoint: 7166 ns, Total: 26000 ns
[2025-09-16T07:31:05.953+0000][185][info ][safepoint   ] Safepoint "Cleanup", Time since last: 1018955001 ns, Reaching safepoint: 62958 ns, Cleanup: 38083 ns, At safepoint: 12917 ns, Total: 113958 ns
[2025-09-16T07:31:18.046+0000][185][info ][safepoint   ] Safepoint "Cleanup", Time since last: 12092813422 ns, Reaching safepoint: 437125 ns, Cleanup: 45542 ns, At safepoint: 16792 ns, Total: 499459 ns
[2025-09-16T07:31:23.053+0000][185][info ][safepoint   ] Safepoint "Cleanup", Time since last: 5006813502 ns, Reaching safepoint: 44209 ns, Cleanup: 26000 ns, At safepoint: 11416 ns, Total: 81625 ns
[2025-09-16T07:31:25.055+0000][185][info ][safepoint   ] Safepoint "Cleanup", Time since last: 2002346293 ns, Reaching safepoint: 77750 ns, Cleanup: 84750 ns, At safepoint: 17708 ns, Total: 180208 ns
[2025-09-16T07:31:33.073+0000][185][info ][safepoint   ] Safepoint "Cleanup", Time since last: 8017608629 ns, Reaching safepoint: 607333 ns, Cleanup: 62375 ns, At safepoint: 24042 ns, Total: 693750 ns
[2025-09-16T07:31:41.096+0000][185][info ][safepoint   ] Safepoint "Cleanup", Time since last: 8023051045 ns, Reaching safepoint: 75250 ns, Cleanup: 24125 ns, At safepoint: 19750 ns, Total: 119125 ns
[2025-09-16T07:31:42.100+0000][185][info ][safepoint   ] Safepoint "Cleanup", Time since last: 1003264584 ns, Reaching safepoint: 43958 ns, Cleanup: 22250 ns, At safepoint: 17417 ns, Total: 83625 ns
[2025-09-16T07:31:46.109+0000][185][info ][safepoint   ] Safepoint "Cleanup", Time since last: 4008630752 ns, Reaching safepoint: 150417 ns, Cleanup: 73916 ns, At safepoint: 31750 ns, Total: 256083 ns
[2025-09-16T07:31:48.116+0000][185][info ][safepoint   ] Safepoint "Cleanup", Time since last: 2006709501 ns, Reaching safepoint: 100542 ns, Cleanup: 93458 ns, At safepoint: 22042 ns, Total: 216042 ns
[2025-09-16T07:32:02.555+0000][185][info ][safepoint   ] Safepoint "Cleanup", Time since last: 14438553048 ns, Reaching safepoint: 127333 ns, Cleanup: 22167 ns, At safepoint: 9708 ns, Total: 159208 ns
[2025-09-16T07:32:03.558+0000][185][info ][safepoint   ] Safepoint "Cleanup", Time since last: 1002357542 ns, Reaching safepoint: 158000 ns, Cleanup: 119834 ns, At safepoint: 25708 ns, Total: 303542 ns
[2025-09-16T07:32:04.986+0000][185][info ][safepoint   ] Safepoint "Cleanup", Time since last: 1427588042 ns, Reaching safepoint: 414750 ns, Cleanup: 19875 ns, At safepoint: 6125 ns, Total: 440750 ns
[2025-09-16T07:32:06.199+0000][185][info ][safepoint   ] Safepoint "Cleanup", Time since last: 1213113417 ns, Reaching safepoint: 20959 ns, Cleanup: 62250 ns, At safepoint: 12083 ns, Total: 95292 ns
[2025-09-16T07:32:07.240+0000][185][info ][safepoint   ] Safepoint "Cleanup", Time since last: 1041327667 ns, Reaching safepoint: 45834 ns, Cleanup: 44458 ns, At safepoint: 15208 ns, Total: 105500 ns
[2025-09-16T07:32:08.251+0000][185][info ][safepoint   ] Safepoint "Cleanup", Time since last: 1010906209 ns, Reaching safepoint: 10708 ns, Cleanup: 25375 ns, At safepoint: 6709 ns, Total: 42792 ns
[2025-09-16T07:32:09.270+0000][185][info ][safepoint   ] Safepoint "Cleanup", Time since last: 1018511084 ns, Reaching safepoint: 69541 ns, Cleanup: 36625 ns, At safepoint: 16959 ns, Total: 123125 ns
[2025-09-16T07:32:21.300+0000][185][info ][safepoint   ] Safepoint "Cleanup", Time since last: 12029576839 ns, Reaching safepoint: 369666 ns, Cleanup: 39959 ns, At safepoint: 36250 ns, Total: 445875 ns
[2025-09-16T07:32:24.307+0000][185][info ][safepoint   ] Safepoint "Cleanup", Time since last: 3007056959 ns, Reaching safepoint: 149792 ns, Cleanup: 74292 ns, At safepoint: 17541 ns, Total: 241625 ns
[2025-09-16T07:32:28.317+0000][185][info ][safepoint   ] Safepoint "Cleanup", Time since last: 4011572585 ns, Reaching safepoint: 16750 ns, Cleanup: 13042 ns, At safepoint: 6500 ns, Total: 36292 ns
[2025-09-16T07:32:38.338+0000][185][info ][safepoint   ] Safepoint "Cleanup", Time since last: 10020437630 ns, Reaching safepoint: 33792 ns, Cleanup: 21708 ns, At safepoint: 12708 ns, Total: 68208 ns
[2025-09-16T07:32:58.937+0000][185][info ][gc,start    ] GC(29) Pause Young (Prepare Mixed) (G1 Evacuation Pause)
[2025-09-16T07:32:58.941+0000][185][info ][gc,task     ] GC(29) Using 8 workers of 8 for evacuation
[2025-09-16T07:32:58.941+0000][185][debug][gc,age      ] GC(29) Desired survivor size 41943040 bytes, new threshold 15 (max threshold 15)
[2025-09-16T07:32:59.024+0000][185][info ][gc,phases   ] GC(29)   Pre Evacuate Collection Set: 4.88ms
[2025-09-16T07:32:59.024+0000][185][info ][gc,phases   ] GC(29)   Merge Heap Roots: 7.43ms
[2025-09-16T07:32:59.025+0000][185][info ][gc,phases   ] GC(29)   Evacuate Collection Set: 62.74ms
[2025-09-16T07:32:59.025+0000][185][info ][gc,phases   ] GC(29)   Post Evacuate Collection Set: 7.57ms
[2025-09-16T07:32:59.025+0000][185][info ][gc,phases   ] GC(29)   Other: 0.55ms
[2025-09-16T07:32:59.025+0000][185][trace][gc,age      ] GC(29) Age table with threshold 15 (max threshold 15)
[2025-09-16T07:32:59.025+0000][185][trace][gc,age      ] GC(29) - age   1:     983032 bytes,     983032 total
[2025-09-16T07:32:59.025+0000][185][trace][gc,age      ] GC(29) - age   2:     389408 bytes,    1372440 total
[2025-09-16T07:32:59.025+0000][185][trace][gc,age      ] GC(29) - age   3:      77456 bytes,    1449896 total
[2025-09-16T07:32:59.025+0000][185][trace][gc,age      ] GC(29) - age   4:     790192 bytes,    2240088 total
[2025-09-16T07:32:59.025+0000][185][trace][gc,age      ] GC(29) - age   5:     311944 bytes,    2552032 total
[2025-09-16T07:32:59.026+0000][185][trace][gc,age      ] GC(29) - age   6:    1168752 bytes,    3720784 total
[2025-09-16T07:32:59.026+0000][185][trace][gc,age      ] GC(29) - age   7:    1588824 bytes,    5309608 total
[2025-09-16T07:32:59.026+0000][185][trace][gc,age      ] GC(29) - age   8:    6178784 bytes,   11488392 total
[2025-09-16T07:32:59.026+0000][185][trace][gc,age      ] GC(29) - age   9:     513200 bytes,   12001592 total
[2025-09-16T07:32:59.026+0000][185][trace][gc,age      ] GC(29) - age  10:    1964096 bytes,   13965688 total
[2025-09-16T07:32:59.026+0000][185][trace][gc,age      ] GC(29) - age  11:   17415768 bytes,   31381456 total
[2025-09-16T07:32:59.026+0000][185][trace][gc,age      ] GC(29) - age  12:     170152 bytes,   31551608 total
[2025-09-16T07:32:59.026+0000][185][info ][gc,heap     ] GC(29) Eden regions: 144->0(144)
[2025-09-16T07:32:59.026+0000][185][info ][gc,heap     ] GC(29) Survivor regions: 9->9(20)
[2025-09-16T07:32:59.026+0000][185][info ][gc,heap     ] GC(29) Old regions: 29->29
[2025-09-16T07:32:59.026+0000][185][info ][gc,heap     ] GC(29) Humongous regions: 2->2
[2025-09-16T07:32:59.026+0000][185][info ][gc,metaspace] GC(29) Metaspace: 159122K(166208K)->159122K(166208K) NonClass: 137641K(141952K)->137641K(141952K) Class: 21481K(24256K)->21481K(24256K)
[2025-09-16T07:32:59.026+0000][185][info ][gc          ] GC(29) Pause Young (Prepare Mixed) (G1 Evacuation Pause) 734M->156M(1024M) 89.119ms
[2025-09-16T07:32:59.026+0000][185][info ][gc,cpu      ] GC(29) User=0.52s Sys=0.00s Real=0.09s
[2025-09-16T07:32:59.026+0000][185][info ][safepoint   ] Safepoint "G1CollectForAllocation", Time since last: 20596354218 ns, Reaching safepoint: 1288833 ns, Cleanup: 22625 ns, At safepoint: 89360292 ns, Total: 90671750 ns
[2025-09-16T07:33:05.032+0000][185][info ][safepoint   ] Safepoint "Cleanup", Time since last: 6005832586 ns, Reaching safepoint: 96167 ns, Cleanup: 23291 ns, At safepoint: 19542 ns, Total: 139000 ns
[2025-09-16T07:33:07.965+0000][185][info ][safepoint   ] Safepoint "Cleanup", Time since last: 2933152668 ns, Reaching safepoint: 5250 ns, Cleanup: 10792 ns, At safepoint: 5083 ns, Total: 21125 ns
[2025-09-16T07:33:09.455+0000][185][info ][safepoint   ] Safepoint "Cleanup", Time since last: 1489504959 ns, Reaching safepoint: 46542 ns, Cleanup: 50208 ns, At safepoint: 16458 ns, Total: 113208 ns
[2025-09-16T07:33:11.469+0000][185][info ][safepoint   ] Safepoint "Cleanup", Time since last: 2014235168 ns, Reaching safepoint: 7958 ns, Cleanup: 38084 ns, At safepoint: 12041 ns, Total: 58083 ns
[2025-09-16T07:33:13.504+0000][185][info ][safepoint   ] Safepoint "Cleanup", Time since last: 2034190460 ns, Reaching safepoint: 120333 ns, Cleanup: 40667 ns, At safepoint: 14625 ns, Total: 175625 ns
[2025-09-16T07:33:24.520+0000][185][info ][safepoint   ] Safepoint "Cleanup", Time since last: 11016264463 ns, Reaching safepoint: 113709 ns, Cleanup: 40875 ns, At safepoint: 15875 ns, Total: 170459 ns
[2025-09-16T07:33:41.553+0000][185][info ][safepoint   ] Safepoint "Cleanup", Time since last: 17032700215 ns, Reaching safepoint: 134500 ns, Cleanup: 39000 ns, At safepoint: 19125 ns, Total: 192625 ns
[2025-09-16T07:33:43.561+0000][185][info ][safepoint   ] Safepoint "Cleanup", Time since last: 2008313335 ns, Reaching safepoint: 83416 ns, Cleanup: 26875 ns, At safepoint: 11584 ns, Total: 121875 ns
[2025-09-16T07:33:44.563+0000][185][info ][safepoint   ] Safepoint "Cleanup", Time since last: 1001780917 ns, Reaching safepoint: 17166 ns, Cleanup: 13834 ns, At safepoint: 6125 ns, Total: 37125 ns
[2025-09-16T07:33:50.856+0000][185][info ][safepoint   ] Safepoint "Cleanup", Time since last: 6292674378 ns, Reaching safepoint: 15958 ns, Cleanup: 19125 ns, At safepoint: 9333 ns, Total: 44416 ns
[2025-09-16T07:34:11.006+0000][185][info ][safepoint   ] Safepoint "Cleanup", Time since last: 20149138134 ns, Reaching safepoint: 6917 ns, Cleanup: 8583 ns, At safepoint: 7000 ns, Total: 22500 ns
[2025-09-16T07:34:12.750+0000][185][info ][safepoint   ] Safepoint "Cleanup", Time since last: 1743491043 ns, Reaching safepoint: 1098041 ns, Cleanup: 42125 ns, At safepoint: 50500 ns, Total: 1190666 ns
[2025-09-16T07:34:13.753+0000][185][info ][safepoint   ] Safepoint "Cleanup", Time since last: 1002492126 ns, Reaching safepoint: 91375 ns, Cleanup: 37208 ns, At safepoint: 32708 ns, Total: 161291 ns
[2025-09-16T07:34:14.765+0000][185][info ][safepoint   ] Safepoint "Cleanup", Time since last: 1012296543 ns, Reaching safepoint: 11916 ns, Cleanup: 16417 ns, At safepoint: 9000 ns, Total: 37333 ns
[2025-09-16T07:34:15.792+0000][185][info ][safepoint   ] Safepoint "Cleanup", Time since last: 1026911917 ns, Reaching safepoint: 86542 ns, Cleanup: 41708 ns, At safepoint: 15208 ns, Total: 143458 ns
[2025-09-16T07:34:23.806+0000][185][info ][safepoint   ] Safepoint "Cleanup", Time since last: 8013681046 ns, Reaching safepoint: 53000 ns, Cleanup: 20167 ns, At safepoint: 17125 ns, Total: 90292 ns
[2025-09-16T07:34:24.807+0000][185][info ][safepoint   ] Safepoint "Cleanup", Time since last: 1001235042 ns, Reaching safepoint: 116083 ns, Cleanup: 56458 ns, At safepoint: 37250 ns, Total: 209791 ns
[2025-09-16T07:34:27.813+0000][185][info ][safepoint   ] Safepoint "Cleanup", Time since last: 3005358793 ns, Reaching safepoint: 156875 ns, Cleanup: 37542 ns, At safepoint: 12875 ns, Total: 207292 ns
[2025-09-16T07:34:57.103+0000][185][info ][safepoint   ] Safepoint "Cleanup", Time since last: 29289169304 ns, Reaching safepoint: 430500 ns, Cleanup: 89750 ns, At safepoint: 183000 ns, Total: 703250 ns
[2025-09-16T07:35:13.130+0000][185][info ][safepoint   ] Safepoint "Cleanup", Time since last: 16026527758 ns, Reaching safepoint: 644708 ns, Cleanup: 83500 ns, At safepoint: 19709 ns, Total: 747917 ns
[2025-09-16T07:35:14.978+0000][185][info ][safepoint   ] Safepoint "Cleanup", Time since last: 1847508417 ns, Reaching safepoint: 5334 ns, Cleanup: 9500 ns, At safepoint: 2041 ns, Total: 16875 ns
[2025-09-16T07:35:18.032+0000][185][info ][safepoint   ] Safepoint "Cleanup", Time since last: 3054210543 ns, Reaching safepoint: 47500 ns, Cleanup: 38500 ns, At safepoint: 14584 ns, Total: 100584 ns
[2025-09-16T07:35:23.072+0000][185][info ][safepoint   ] Safepoint "Cleanup", Time since last: 5039609252 ns, Reaching safepoint: 25000 ns, Cleanup: 18167 ns, At safepoint: 18208 ns, Total: 61375 ns
[2025-09-16T07:35:25.076+0000][185][info ][safepoint   ] Safepoint "Cleanup", Time since last: 2003267168 ns, Reaching safepoint: 525041 ns, Cleanup: 57084 ns, At safepoint: 14000 ns, Total: 596125 ns
[2025-09-16T07:35:33.090+0000][185][info ][safepoint   ] Safepoint "Cleanup", Time since last: 8014502337 ns, Reaching safepoint: 20458 ns, Cleanup: 97292 ns, At safepoint: 7458 ns, Total: 125208 ns
[2025-09-16T07:35:35.093+0000][185][info ][safepoint   ] Safepoint "Cleanup", Time since last: 2003004751 ns, Reaching safepoint: 34417 ns, Cleanup: 21916 ns, At safepoint: 8584 ns, Total: 64917 ns
[2025-09-16T07:35:38.024+0000][185][info ][safepoint   ] Safepoint "Cleanup", Time since last: 2931133209 ns, Reaching safepoint: 5792 ns, Cleanup: 13500 ns, At safepoint: 5917 ns, Total: 25209 ns
[2025-09-16T07:35:39.147+0000][185][info ][safepoint   ] Safepoint "Cleanup", Time since last: 1122606084 ns, Reaching safepoint: 62791 ns, Cleanup: 41792 ns, At safepoint: 15125 ns, Total: 119708 ns
[2025-09-16T07:35:40.201+0000][185][info ][safepoint   ] Safepoint "Cleanup", Time since last: 1053444917 ns, Reaching safepoint: 36208 ns, Cleanup: 48459 ns, At safepoint: 16166 ns, Total: 100833 ns
[2025-09-16T07:35:43.206+0000][185][info ][safepoint   ] Safepoint "Cleanup", Time since last: 3003696293 ns, Reaching safepoint: 1349209 ns, Cleanup: 31583 ns, At safepoint: 9167 ns, Total: 1389959 ns
[2025-09-16T07:35:44.207+0000][185][info ][safepoint   ] Safepoint "Cleanup", Time since last: 1001177417 ns, Reaching safepoint: 47917 ns, Cleanup: 32916 ns, At safepoint: 13584 ns, Total: 94417 ns
[2025-09-16T07:35:52.327+0000][185][info ][safepoint   ] Safepoint "Cleanup", Time since last: 8119369545 ns, Reaching safepoint: 310625 ns, Cleanup: 60500 ns, At safepoint: 26292 ns, Total: 397417 ns
[2025-09-16T07:35:53.331+0000][185][info ][safepoint   ] Safepoint "Cleanup", Time since last: 1003672959 ns, Reaching safepoint: 78250 ns, Cleanup: 54375 ns, At safepoint: 24750 ns, Total: 157375 ns
[2025-09-16T07:35:56.334+0000][185][info ][safepoint   ] Safepoint "Cleanup", Time since last: 3003342418 ns, Reaching safepoint: 156041 ns, Cleanup: 42667 ns, At safepoint: 15042 ns, Total: 213750 ns
[2025-09-16T07:35:57.938+0000][185][info ][safepoint   ] Safepoint "Cleanup", Time since last: 1602929833 ns, Reaching safepoint: 5959 ns, Cleanup: 7708 ns, At safepoint: 7292 ns, Total: 20959 ns
[2025-09-16T07:35:59.595+0000][185][info ][safepoint   ] Safepoint "Cleanup", Time since last: 1657821209 ns, Reaching safepoint: 49333 ns, Cleanup: 54833 ns, At safepoint: 10959 ns, Total: 115125 ns
[2025-09-16T07:36:03.606+0000][185][info ][safepoint   ] Safepoint "Cleanup", Time since last: 4009913835 ns, Reaching safepoint: 72708 ns, Cleanup: 27500 ns, At safepoint: 15834 ns, Total: 116042 ns
[2025-09-16T07:36:14.625+0000][185][info ][safepoint   ] Safepoint "Cleanup", Time since last: 11019516796 ns, Reaching safepoint: 271042 ns, Cleanup: 63125 ns, At safepoint: 31000 ns, Total: 365167 ns
[2025-09-16T07:36:17.067+0000][185][info ][safepoint   ] Safepoint "Cleanup", Time since last: 2441326376 ns, Reaching safepoint: 3125 ns, Cleanup: 6167 ns, At safepoint: 4333 ns, Total: 13625 ns
[2025-09-16T07:36:18.351+0000][185][info ][safepoint   ] Safepoint "Cleanup", Time since last: 1284561876 ns, Reaching safepoint: 66500 ns, Cleanup: 60417 ns, At safepoint: 44500 ns, Total: 171417 ns
[2025-09-16T07:36:23.408+0000][185][info ][safepoint   ] Safepoint "Cleanup", Time since last: 5056137752 ns, Reaching safepoint: 112875 ns, Cleanup: 52583 ns, At safepoint: 24125 ns, Total: 189583 ns
[2025-09-16T07:36:24.413+0000][185][info ][safepoint   ] Safepoint "Cleanup", Time since last: 1004977251 ns, Reaching safepoint: 64166 ns, Cleanup: 34125 ns, At safepoint: 18709 ns, Total: 117000 ns
[2025-09-16T07:36:28.418+0000][185][info ][safepoint   ] Safepoint "Cleanup", Time since last: 4005440209 ns, Reaching safepoint: 67750 ns, Cleanup: 29875 ns, At safepoint: 15292 ns, Total: 112917 ns
[2025-09-16T07:36:41.436+0000][185][info ][safepoint   ] Safepoint "Cleanup", Time since last: 13017270881 ns, Reaching safepoint: 282833 ns, Cleanup: 37000 ns, At safepoint: 8167 ns, Total: 328000 ns
[2025-09-16T07:37:05.590+0000][185][info ][safepoint   ] Safepoint "Cleanup", Time since last: 24153247386 ns, Reaching safepoint: 819500 ns, Cleanup: 80333 ns, At safepoint: 25917 ns, Total: 925750 ns
[2025-09-16T07:37:20.083+0000][185][info ][safepoint   ] Safepoint "Cleanup", Time since last: 14492213423 ns, Reaching safepoint: 11292 ns, Cleanup: 15833 ns, At safepoint: 8250 ns, Total: 35375 ns
[2025-09-16T07:37:21.618+0000][185][info ][safepoint   ] Safepoint "Cleanup", Time since last: 1534990709 ns, Reaching safepoint: 70875 ns, Cleanup: 44250 ns, At safepoint: 14250 ns, Total: 129375 ns
[2025-09-16T07:37:23.053+0000][185][info ][safepoint   ] Safepoint "Cleanup", Time since last: 1435185376 ns, Reaching safepoint: 7667 ns, Cleanup: 27667 ns, At safepoint: 15916 ns, Total: 51250 ns
[2025-09-16T07:37:24.664+0000][185][info ][safepoint   ] Safepoint "Cleanup", Time since last: 1610709043 ns, Reaching safepoint: 31833 ns, Cleanup: 31542 ns, At safepoint: 12083 ns, Total: 75458 ns
[2025-09-16T07:37:26.667+0000][185][info ][safepoint   ] Safepoint "Cleanup", Time since last: 2003222667 ns, Reaching safepoint: 138958 ns, Cleanup: 52958 ns, At safepoint: 22125 ns, Total: 214041 ns
[2025-09-16T07:37:29.674+0000][185][info ][safepoint   ] Safepoint "Cleanup", Time since last: 3006437418 ns, Reaching safepoint: 29167 ns, Cleanup: 13667 ns, At safepoint: 10416 ns, Total: 53250 ns
[2025-09-16T07:37:45.699+0000][185][info ][safepoint   ] Safepoint "Cleanup", Time since last: 16025736675 ns, Reaching safepoint: 22500 ns, Cleanup: 7250 ns, At safepoint: 6416 ns, Total: 36166 ns
[2025-09-16T07:38:02.081+0000][185][info ][safepoint   ] Safepoint "Cleanup", Time since last: 16382042550 ns, Reaching safepoint: 7208 ns, Cleanup: 12333 ns, At safepoint: 5334 ns, Total: 24875 ns
[2025-09-16T07:38:04.010+0000][185][info ][safepoint   ] Safepoint "Cleanup", Time since last: 1928428084 ns, Reaching safepoint: 62958 ns, Cleanup: 203500 ns, At safepoint: 17083 ns, Total: 283541 ns
[2025-09-16T07:38:05.056+0000][185][info ][safepoint   ] Safepoint "Cleanup", Time since last: 1045790251 ns, Reaching safepoint: 5917 ns, Cleanup: 12958 ns, At safepoint: 8250 ns, Total: 27125 ns
[2025-09-16T07:38:05.207+0000][185][info ][gc,start    ] GC(30) Pause Young (Mixed) (G1 Evacuation Pause)
[2025-09-16T07:38:05.207+0000][185][info ][gc,task     ] GC(30) Using 8 workers of 8 for evacuation
[2025-09-16T07:38:05.207+0000][185][debug][gc,age      ] GC(30) Desired survivor size 41943040 bytes, new threshold 15 (max threshold 15)
[2025-09-16T07:38:05.246+0000][185][info ][gc,phases   ] GC(30)   Pre Evacuate Collection Set: 0.39ms
[2025-09-16T07:38:05.246+0000][185][info ][gc,phases   ] GC(30)   Merge Heap Roots: 0.20ms
[2025-09-16T07:38:05.246+0000][185][info ][gc,phases   ] GC(30)   Evacuate Collection Set: 35.47ms
[2025-09-16T07:38:05.246+0000][185][info ][gc,phases   ] GC(30)   Post Evacuate Collection Set: 2.56ms
[2025-09-16T07:38:05.246+0000][185][info ][gc,phases   ] GC(30)   Other: 0.22ms
[2025-09-16T07:38:05.246+0000][185][trace][gc,age      ] GC(30) Age table with threshold 15 (max threshold 15)
[2025-09-16T07:38:05.246+0000][185][trace][gc,age      ] GC(30) - age   1:    2772912 bytes,    2772912 total
[2025-09-16T07:38:05.246+0000][185][trace][gc,age      ] GC(30) - age   2:     136056 bytes,    2908968 total
[2025-09-16T07:38:05.246+0000][185][trace][gc,age      ] GC(30) - age   3:     337496 bytes,    3246464 total
[2025-09-16T07:38:05.246+0000][185][trace][gc,age      ] GC(30) - age   4:      71224 bytes,    3317688 total
[2025-09-16T07:38:05.246+0000][185][trace][gc,age      ] GC(30) - age   5:     467440 bytes,    3785128 total
[2025-09-16T07:38:05.246+0000][185][trace][gc,age      ] GC(30) - age   6:     290016 bytes,    4075144 total
[2025-09-16T07:38:05.246+0000][185][trace][gc,age      ] GC(30) - age   7:    1130544 bytes,    5205688 total
[2025-09-16T07:38:05.246+0000][185][trace][gc,age      ] GC(30) - age   8:    1588760 bytes,    6794448 total
[2025-09-16T07:38:05.246+0000][185][trace][gc,age      ] GC(30) - age   9:    6176664 bytes,   12971112 total
[2025-09-16T07:38:05.246+0000][185][trace][gc,age      ] GC(30) - age  10:     496488 bytes,   13467600 total
[2025-09-16T07:38:05.246+0000][185][trace][gc,age      ] GC(30) - age  11:    1931608 bytes,   15399208 total
[2025-09-16T07:38:05.246+0000][185][trace][gc,age      ] GC(30) - age  12:   17414104 bytes,   32813312 total
[2025-09-16T07:38:05.246+0000][185][trace][gc,age      ] GC(30) - age  13:     170152 bytes,   32983464 total
[2025-09-16T07:38:05.247+0000][185][info ][gc,heap     ] GC(30) Eden regions: 144->0(144)
[2025-09-16T07:38:05.247+0000][185][info ][gc,heap     ] GC(30) Survivor regions: 9->9(20)
[2025-09-16T07:38:05.247+0000][185][info ][gc,heap     ] GC(30) Old regions: 29->29
[2025-09-16T07:38:05.247+0000][185][info ][gc,heap     ] GC(30) Humongous regions: 2->2
[2025-09-16T07:38:05.247+0000][185][info ][gc,metaspace] GC(30) Metaspace: 159598K(166208K)->159598K(166208K) NonClass: 138077K(141952K)->138077K(141952K) Class: 21520K(24256K)->21520K(24256K)
[2025-09-16T07:38:05.247+0000][185][info ][gc          ] GC(30) Pause Young (Mixed) (G1 Evacuation Pause) 732M->158M(1024M) 39.974ms
[2025-09-16T07:38:05.247+0000][185][info ][gc,cpu      ] GC(30) User=0.25s Sys=0.00s Real=0.04s
[2025-09-16T07:38:05.247+0000][185][info ][safepoint   ] Safepoint "G1CollectForAllocation", Time since last: 149389875 ns, Reaching safepoint: 1206250 ns, Cleanup: 160792 ns, At safepoint: 40157875 ns, Total: 41524917 ns
[2025-09-16T07:38:06.008+0000][185][info ][safepoint   ] Safepoint "ICBufferFull", Time since last: 760515375 ns, Reaching safepoint: 11042 ns, Cleanup: 121666 ns, At safepoint: 7584 ns, Total: 140292 ns
[2025-09-16T07:38:07.924+0000][185][info ][safepoint   ] Safepoint "Cleanup", Time since last: 1916347251 ns, Reaching safepoint: 121458 ns, Cleanup: 94958 ns, At safepoint: 14167 ns, Total: 230583 ns
[2025-09-16T07:38:08.926+0000][185][info ][safepoint   ] Safepoint "Cleanup", Time since last: 1001520709 ns, Reaching safepoint: 34916 ns, Cleanup: 22042 ns, At safepoint: 24167 ns, Total: 81125 ns
[2025-09-16T07:38:11.974+0000][185][info ][safepoint   ] Safepoint "Cleanup", Time since last: 3047854626 ns, Reaching safepoint: 165667 ns, Cleanup: 78792 ns, At safepoint: 33750 ns, Total: 278209 ns
[2025-09-16T07:38:14.980+0000][185][info ][safepoint   ] Safepoint "Cleanup", Time since last: 3006246459 ns, Reaching safepoint: 58667 ns, Cleanup: 123750 ns, At safepoint: 16667 ns, Total: 199084 ns
[2025-09-16T07:38:18.993+0000][185][info ][safepoint   ] Safepoint "Cleanup", Time since last: 4012526377 ns, Reaching safepoint: 69291 ns, Cleanup: 45709 ns, At safepoint: 22458 ns, Total: 137458 ns
[2025-09-16T07:38:20.997+0000][185][info ][safepoint   ] Safepoint "Cleanup", Time since last: 2002559959 ns, Reaching safepoint: 1023500 ns, Cleanup: 49625 ns, At safepoint: 40750 ns, Total: 1113875 ns
[2025-09-16T07:38:23.000+0000][185][info ][safepoint   ] Safepoint "Cleanup", Time since last: 2002891709 ns, Reaching safepoint: 74042 ns, Cleanup: 17958 ns, At safepoint: 14542 ns, Total: 106542 ns
[2025-09-16T07:38:24.003+0000][185][info ][safepoint   ] Safepoint "Cleanup", Time since last: 1003094167 ns, Reaching safepoint: 4625 ns, Cleanup: 21209 ns, At safepoint: 7875 ns, Total: 33709 ns
[2025-09-16T07:38:25.010+0000][185][info ][safepoint   ] Safepoint "Cleanup", Time since last: 1006673125 ns, Reaching safepoint: 95542 ns, Cleanup: 74875 ns, At safepoint: 26291 ns, Total: 196708 ns
[2025-09-16T07:38:28.054+0000][185][info ][safepoint   ] Safepoint "Cleanup", Time since last: 3044111168 ns, Reaching safepoint: 4084 ns, Cleanup: 9708 ns, At safepoint: 1875 ns, Total: 15667 ns
[2025-09-16T07:38:35.132+0000][185][info ][safepoint   ] Safepoint "Cleanup", Time since last: 7077848795 ns, Reaching safepoint: 58125 ns, Cleanup: 68792 ns, At safepoint: 18875 ns, Total: 145792 ns
[2025-09-16T07:38:37.136+0000][185][info ][safepoint   ] Safepoint "Cleanup", Time since last: 2003686834 ns, Reaching safepoint: 96167 ns, Cleanup: 85458 ns, At safepoint: 27417 ns, Total: 209042 ns
[2025-09-16T07:38:44.144+0000][185][info ][safepoint   ] Safepoint "Cleanup", Time since last: 7007735211 ns, Reaching safepoint: 31792 ns, Cleanup: 22875 ns, At safepoint: 11208 ns, Total: 65875 ns
[2025-09-16T07:38:58.796+0000][185][info ][safepoint   ] Safepoint "Cleanup", Time since last: 14651228173 ns, Reaching safepoint: 269917 ns, Cleanup: 110750 ns, At safepoint: 28708 ns, Total: 409375 ns
[2025-09-16T07:39:12.821+0000][185][info ][safepoint   ] Safepoint "Cleanup", Time since last: 14024624424 ns, Reaching safepoint: 224000 ns, Cleanup: 57166 ns, At safepoint: 25667 ns, Total: 306833 ns
[2025-09-16T07:39:17.828+0000][185][info ][safepoint   ] Safepoint "Cleanup", Time since last: 5006985377 ns, Reaching safepoint: 80792 ns, Cleanup: 75375 ns, At safepoint: 27417 ns, Total: 183584 ns
[2025-09-16T07:39:18.829+0000][185][info ][safepoint   ] Safepoint "Cleanup", Time since last: 1001418583 ns, Reaching safepoint: 109084 ns, Cleanup: 110291 ns, At safepoint: 24584 ns, Total: 243959 ns
[2025-09-16T07:39:23.843+0000][185][info ][safepoint   ] Safepoint "Cleanup", Time since last: 5012967711 ns, Reaching safepoint: 125166 ns, Cleanup: 50584 ns, At safepoint: 22041 ns, Total: 197791 ns
[2025-09-16T07:39:26.094+0000][185][info ][safepoint   ] Safepoint "Cleanup", Time since last: 2251489543 ns, Reaching safepoint: 4458 ns, Cleanup: 9250 ns, At safepoint: 10709 ns, Total: 24417 ns
[2025-09-16T07:39:27.257+0000][185][info ][safepoint   ] Safepoint "Cleanup", Time since last: 1163039917 ns, Reaching safepoint: 98708 ns, Cleanup: 80125 ns, At safepoint: 28042 ns, Total: 206875 ns
[2025-09-16T07:39:29.072+0000][185][info ][safepoint   ] Safepoint "Cleanup", Time since last: 1814654292 ns, Reaching safepoint: 5500 ns, Cleanup: 7708 ns, At safepoint: 6625 ns, Total: 19833 ns
[2025-09-16T07:39:30.355+0000][185][info ][safepoint   ] Safepoint "Cleanup", Time since last: 1282999876 ns, Reaching safepoint: 85250 ns, Cleanup: 212292 ns, At safepoint: 21125 ns, Total: 318667 ns
[2025-09-16T07:39:32.360+0000][185][info ][safepoint   ] Safepoint "Cleanup", Time since last: 2004595792 ns, Reaching safepoint: 79000 ns, Cleanup: 34125 ns, At safepoint: 16584 ns, Total: 129709 ns
[2025-09-16T07:39:45.391+0000][185][info ][safepoint   ] Safepoint "Cleanup", Time since last: 13030431256 ns, Reaching safepoint: 200708 ns, Cleanup: 72000 ns, At safepoint: 36625 ns, Total: 309333 ns
[2025-09-16T07:39:48.400+0000][185][info ][safepoint   ] Safepoint "Cleanup", Time since last: 3008311627 ns, Reaching safepoint: 181708 ns, Cleanup: 59417 ns, At safepoint: 29625 ns, Total: 270750 ns
[2025-09-16T07:39:56.913+0000][185][info ][safepoint   ] Safepoint "Cleanup", Time since last: 8512632670 ns, Reaching safepoint: 143833 ns, Cleanup: 62917 ns, At safepoint: 24208 ns, Total: 230958 ns
[2025-09-16T07:39:57.916+0000][185][info ][safepoint   ] Safepoint "Cleanup", Time since last: 1003299793 ns, Reaching safepoint: 66666 ns, Cleanup: 29000 ns, At safepoint: 8625 ns, Total: 104291 ns
[2025-09-16T07:39:58.918+0000][185][info ][safepoint   ] Safepoint "Cleanup", Time since last: 1001941292 ns, Reaching safepoint: 91875 ns, Cleanup: 44084 ns, At safepoint: 23708 ns, Total: 159667 ns
[2025-09-16T07:40:08.941+0000][185][info ][safepoint   ] Safepoint "Cleanup", Time since last: 10022461880 ns, Reaching safepoint: 105541 ns, Cleanup: 43250 ns, At safepoint: 27042 ns, Total: 175833 ns
[2025-09-16T07:40:11.950+0000][185][info ][safepoint   ] Safepoint "Cleanup", Time since last: 3008647168 ns, Reaching safepoint: 233334 ns, Cleanup: 74958 ns, At safepoint: 36917 ns, Total: 345209 ns
[2025-09-16T07:40:12.952+0000][185][info ][safepoint   ] Safepoint "Cleanup", Time since last: 1002054833 ns, Reaching safepoint: 85500 ns, Cleanup: 34334 ns, At safepoint: 14333 ns, Total: 134167 ns
[2025-09-16T07:40:24.982+0000][185][info ][safepoint   ] Safepoint "Cleanup", Time since last: 12030146422 ns, Reaching safepoint: 76584 ns, Cleanup: 133750 ns, At safepoint: 14666 ns, Total: 225000 ns
[2025-09-16T07:40:26.122+0000][185][info ][safepoint   ] Safepoint "Cleanup", Time since last: 1140076084 ns, Reaching safepoint: 6292 ns, Cleanup: 13083 ns, At safepoint: 9167 ns, Total: 28542 ns
[2025-09-16T07:40:27.551+0000][185][info ][safepoint   ] Safepoint "Cleanup", Time since last: 1428181292 ns, Reaching safepoint: 120708 ns, Cleanup: 79000 ns, At safepoint: 14292 ns, Total: 214000 ns
[2025-09-16T07:40:28.634+0000][185][info ][safepoint   ] Safepoint "Cleanup", Time since last: 1082670626 ns, Reaching safepoint: 34625 ns, Cleanup: 27791 ns, At safepoint: 65584 ns, Total: 128000 ns
[2025-09-16T07:40:29.653+0000][185][info ][safepoint   ] Safepoint "Cleanup", Time since last: 1018982958 ns, Reaching safepoint: 9292 ns, Cleanup: 56833 ns, At safepoint: 11959 ns, Total: 78084 ns
[2025-09-16T07:40:32.106+0000][185][info ][safepoint   ] Safepoint "Cleanup", Time since last: 2453351459 ns, Reaching safepoint: 5792 ns, Cleanup: 29792 ns, At safepoint: 2416 ns, Total: 38000 ns
[2025-09-16T07:40:35.773+0000][185][info ][safepoint   ] Safepoint "Cleanup", Time since last: 3666899210 ns, Reaching safepoint: 67334 ns, Cleanup: 34500 ns, At safepoint: 108125 ns, Total: 209959 ns
[2025-09-16T07:40:38.806+0000][185][info ][safepoint   ] Safepoint "Cleanup", Time since last: 3033124626 ns, Reaching safepoint: 16625 ns, Cleanup: 19417 ns, At safepoint: 10166 ns, Total: 46208 ns
[2025-09-16T07:40:44.914+0000][185][info ][safepoint   ] Safepoint "Cleanup", Time since last: 6107234337 ns, Reaching safepoint: 102500 ns, Cleanup: 38125 ns, At safepoint: 19333 ns, Total: 159958 ns
[2025-09-16T07:40:58.022+0000][185][info ][safepoint   ] Safepoint "Cleanup", Time since last: 13107644547 ns, Reaching safepoint: 3667 ns, Cleanup: 9625 ns, At safepoint: 5000 ns, Total: 18292 ns
[2025-09-16T07:40:59.437+0000][185][info ][safepoint   ] Safepoint "Cleanup", Time since last: 1415152334 ns, Reaching safepoint: 61875 ns, Cleanup: 141791 ns, At safepoint: 14625 ns, Total: 218291 ns
[2025-09-16T07:41:02.444+0000][185][info ][safepoint   ] Safepoint "Cleanup", Time since last: 3007284585 ns, Reaching safepoint: 85125 ns, Cleanup: 42583 ns, At safepoint: 33125 ns, Total: 160833 ns
[2025-09-16T07:41:12.456+0000][185][info ][safepoint   ] Safepoint "Cleanup", Time since last: 10010322213 ns, Reaching safepoint: 908167 ns, Cleanup: 120333 ns, At safepoint: 97625 ns, Total: 1126125 ns
[2025-09-16T07:41:23.478+0000][185][info ][safepoint   ] Safepoint "Cleanup", Time since last: 11021703006 ns, Reaching safepoint: 234666 ns, Cleanup: 60792 ns, At safepoint: 22333 ns, Total: 317791 ns
[2025-09-16T07:41:24.480+0000][185][info ][safepoint   ] Safepoint "Cleanup", Time since last: 1001945626 ns, Reaching safepoint: 13667 ns, Cleanup: 11541 ns, At safepoint: 4292 ns, Total: 29500 ns
[2025-09-16T07:41:26.482+0000][185][info ][safepoint   ] Safepoint "Cleanup", Time since last: 2002274876 ns, Reaching safepoint: 102791 ns, Cleanup: 128625 ns, At safepoint: 23209 ns, Total: 254625 ns
[2025-09-16T07:41:28.484+0000][185][info ][safepoint   ] Safepoint "Cleanup", Time since last: 2002259667 ns, Reaching safepoint: 33417 ns, Cleanup: 23250 ns, At safepoint: 8250 ns, Total: 64917 ns
[2025-09-16T07:41:32.165+0000][185][info ][safepoint   ] Safepoint "Cleanup", Time since last: 3680982085 ns, Reaching safepoint: 5875 ns, Cleanup: 23750 ns, At safepoint: 5542 ns, Total: 35167 ns
[2025-09-16T07:41:34.112+0000][185][info ][safepoint   ] Safepoint "Cleanup", Time since last: 1946918084 ns, Reaching safepoint: 5875 ns, Cleanup: 157625 ns, At safepoint: 8041 ns, Total: 171541 ns
[2025-09-16T07:41:35.157+0000][185][info ][safepoint   ] Safepoint "Cleanup", Time since last: 1044248793 ns, Reaching safepoint: 5166 ns, Cleanup: 16875 ns, At safepoint: 8084 ns, Total: 30125 ns
[2025-09-16T07:41:36.168+0000][185][info ][safepoint   ] Safepoint "Cleanup", Time since last: 1011845000 ns, Reaching safepoint: 6125 ns, Cleanup: 15333 ns, At safepoint: 7250 ns, Total: 28708 ns
[2025-09-16T07:41:42.184+0000][185][info ][safepoint   ] Safepoint "Cleanup", Time since last: 6015290087 ns, Reaching safepoint: 299041 ns, Cleanup: 86834 ns, At safepoint: 39750 ns, Total: 425625 ns
[2025-09-16T07:41:59.382+0000][185][info ][safepoint   ] Safepoint "Cleanup", Time since last: 17197073257 ns, Reaching safepoint: 79959 ns, Cleanup: 44541 ns, At safepoint: 15417 ns, Total: 139917 ns
[2025-09-16T07:42:02.389+0000][185][info ][safepoint   ] Safepoint "Cleanup", Time since last: 3006480876 ns, Reaching safepoint: 36042 ns, Cleanup: 24667 ns, At safepoint: 18833 ns, Total: 79542 ns
[2025-09-16T07:42:23.443+0000][185][info ][safepoint   ] Safepoint "Cleanup", Time since last: 21054719260 ns, Reaching safepoint: 111750 ns, Cleanup: 43083 ns, At safepoint: 18084 ns, Total: 172917 ns
[2025-09-16T07:42:35.277+0000][185][info ][safepoint   ] Safepoint "Cleanup", Time since last: 11834159630 ns, Reaching safepoint: 5125 ns, Cleanup: 5041 ns, At safepoint: 1834 ns, Total: 12000 ns
[2025-09-16T07:42:36.315+0000][185][info ][safepoint   ] Safepoint "Cleanup", Time since last: 1037178958 ns, Reaching safepoint: 15417 ns, Cleanup: 94583 ns, At safepoint: 8334 ns, Total: 118334 ns
[2025-09-16T07:42:38.177+0000][185][info ][safepoint   ] Safepoint "Cleanup", Time since last: 1862205667 ns, Reaching safepoint: 6250 ns, Cleanup: 18084 ns, At safepoint: 8375 ns, Total: 32709 ns
[2025-09-16T07:42:39.389+0000][185][info ][safepoint   ] Safepoint "Cleanup", Time since last: 1211666125 ns, Reaching safepoint: 53834 ns, Cleanup: 37208 ns, At safepoint: 8500 ns, Total: 99542 ns
[2025-09-16T07:42:53.457+0000][185][info ][safepoint   ] Safepoint "Cleanup", Time since last: 14068444673 ns, Reaching safepoint: 76834 ns, Cleanup: 29125 ns, At safepoint: 15958 ns, Total: 121917 ns
[2025-09-16T07:42:54.463+0000][185][info ][safepoint   ] Safepoint "Cleanup", Time since last: 1006146917 ns, Reaching safepoint: 44542 ns, Cleanup: 34125 ns, At safepoint: 9750 ns, Total: 88417 ns
[2025-09-16T07:43:07.529+0000][185][info ][safepoint   ] Safepoint "Cleanup", Time since last: 13064957797 ns, Reaching safepoint: 157417 ns, Cleanup: 65042 ns, At safepoint: 19041 ns, Total: 241500 ns
[2025-09-16T07:43:14.164+0000][185][info ][gc,start    ] GC(31) Pause Young (Concurrent Start) (G1 Evacuation Pause)
[2025-09-16T07:43:14.165+0000][185][info ][gc,task     ] GC(31) Using 8 workers of 8 for evacuation
[2025-09-16T07:43:14.165+0000][185][debug][gc,age      ] GC(31) Desired survivor size 41943040 bytes, new threshold 15 (max threshold 15)
[2025-09-16T07:43:14.225+0000][185][info ][gc,phases   ] GC(31)   Pre Evacuate Collection Set: 2.10ms
[2025-09-16T07:43:14.225+0000][185][info ][gc,phases   ] GC(31)   Merge Heap Roots: 0.37ms
[2025-09-16T07:43:14.226+0000][185][info ][gc,phases   ] GC(31)   Evacuate Collection Set: 51.04ms
[2025-09-16T07:43:14.226+0000][185][info ][gc,phases   ] GC(31)   Post Evacuate Collection Set: 6.08ms
[2025-09-16T07:43:14.226+0000][185][info ][gc,phases   ] GC(31)   Other: 0.71ms
[2025-09-16T07:43:14.226+0000][185][trace][gc,age      ] GC(31) Age table with threshold 15 (max threshold 15)
[2025-09-16T07:43:14.226+0000][185][trace][gc,age      ] GC(31) - age   1:    1574824 bytes,    1574824 total
[2025-09-16T07:43:14.226+0000][185][trace][gc,age      ] GC(31) - age   2:     518336 bytes,    2093160 total
[2025-09-16T07:43:14.226+0000][185][trace][gc,age      ] GC(31) - age   3:      24704 bytes,    2117864 total
[2025-09-16T07:43:14.226+0000][185][trace][gc,age      ] GC(31) - age   4:     336816 bytes,    2454680 total
[2025-09-16T07:43:14.226+0000][185][trace][gc,age      ] GC(31) - age   5:      71160 bytes,    2525840 total
[2025-09-16T07:43:14.226+0000][185][trace][gc,age      ] GC(31) - age   6:     467408 bytes,    2993248 total
[2025-09-16T07:43:14.226+0000][185][trace][gc,age      ] GC(31) - age   7:     289888 bytes,    3283136 total
[2025-09-16T07:43:14.226+0000][185][trace][gc,age      ] GC(31) - age   8:    1116096 bytes,    4399232 total
[2025-09-16T07:43:14.226+0000][185][trace][gc,age      ] GC(31) - age   9:    1588456 bytes,    5987688 total
[2025-09-16T07:43:14.226+0000][185][trace][gc,age      ] GC(31) - age  10:    6031616 bytes,   12019304 total
[2025-09-16T07:43:14.226+0000][185][trace][gc,age      ] GC(31) - age  11:     494984 bytes,   12514288 total
[2025-09-16T07:43:14.226+0000][185][trace][gc,age      ] GC(31) - age  12:    1931232 bytes,   14445520 total
[2025-09-16T07:43:14.226+0000][185][trace][gc,age      ] GC(31) - age  13:   17414008 bytes,   31859528 total
[2025-09-16T07:43:14.227+0000][185][trace][gc,age      ] GC(31) - age  14:     170152 bytes,   32029680 total
[2025-09-16T07:43:14.227+0000][185][info ][gc,heap     ] GC(31) Eden regions: 144->0(144)
[2025-09-16T07:43:14.227+0000][185][info ][gc,heap     ] GC(31) Survivor regions: 9->9(20)
[2025-09-16T07:43:14.227+0000][185][info ][gc,heap     ] GC(31) Old regions: 29->29
[2025-09-16T07:43:14.227+0000][185][info ][gc,heap     ] GC(31) Humongous regions: 2->2
[2025-09-16T07:43:14.227+0000][185][info ][gc,metaspace] GC(31) Metaspace: 160263K(166208K)->160263K(166208K) NonClass: 138643K(141952K)->138643K(141952K) Class: 21619K(24256K)->21619K(24256K)
[2025-09-16T07:43:14.227+0000][185][info ][gc          ] GC(31) Pause Young (Concurrent Start) (G1 Evacuation Pause) 734M->158M(1024M) 62.692ms
[2025-09-16T07:43:14.227+0000][185][info ][gc          ] GC(32) Concurrent Mark Cycle
[2025-09-16T07:43:14.227+0000][185][info ][gc,marking  ] GC(32) Concurrent Scan Root Regions
[2025-09-16T07:43:14.227+0000][185][info ][gc,cpu      ] GC(31) User=0.42s Sys=0.00s Real=0.07s
[2025-09-16T07:43:14.227+0000][185][info ][safepoint   ] Safepoint "G1CollectForAllocation", Time since last: 6634687879 ns, Reaching safepoint: 152166 ns, Cleanup: 15334 ns, At safepoint: 63175583 ns, Total: 63343083 ns
[2025-09-16T07:43:14.240+0000][185][info ][gc,marking  ] GC(32) Concurrent Scan Root Regions 13.278ms
[2025-09-16T07:43:14.240+0000][185][info ][gc,marking  ] GC(32) Concurrent Mark
[2025-09-16T07:43:14.241+0000][185][info ][gc,marking  ] GC(32) Concurrent Mark From Roots
[2025-09-16T07:43:14.241+0000][185][info ][gc,task     ] GC(32) Using 2 workers of 2 for marking
[2025-09-16T07:43:14.299+0000][185][info ][gc,marking  ] GC(32) Concurrent Mark From Roots 58.081ms
[2025-09-16T07:43:14.299+0000][185][info ][gc,marking  ] GC(32) Concurrent Preclean
[2025-09-16T07:43:14.299+0000][185][info ][gc,marking  ] GC(32) Concurrent Preclean 0.340ms
[2025-09-16T07:43:14.299+0000][185][info ][gc,start    ] GC(32) Pause Remark
[2025-09-16T07:43:14.347+0000][185][info ][gc          ] GC(32) Pause Remark 162M->162M(1024M) 47.622ms
[2025-09-16T07:43:14.347+0000][185][info ][gc,cpu      ] GC(32) User=0.25s Sys=0.00s Real=0.05s
[2025-09-16T07:43:14.347+0000][185][info ][safepoint   ] Safepoint "G1PauseRemark", Time since last: 72069083 ns, Reaching safepoint: 55917 ns, Cleanup: 9000 ns, At safepoint: 47914333 ns, Total: 47979250 ns
[2025-09-16T07:43:14.347+0000][185][info ][gc,marking  ] GC(32) Concurrent Mark 106.947ms
[2025-09-16T07:43:14.347+0000][185][info ][gc,marking  ] GC(32) Concurrent Rebuild Remembered Sets and Scrub Regions
[2025-09-16T07:43:14.370+0000][185][info ][gc,marking  ] GC(32) Concurrent Rebuild Remembered Sets and Scrub Regions 22.873ms
[2025-09-16T07:43:14.371+0000][185][info ][gc,start    ] GC(32) Pause Cleanup
[2025-09-16T07:43:14.371+0000][185][info ][gc          ] GC(32) Pause Cleanup 162M->162M(1024M) 0.169ms
[2025-09-16T07:43:14.371+0000][185][info ][gc,cpu      ] GC(32) User=0.00s Sys=0.00s Real=0.00s
[2025-09-16T07:43:14.371+0000][185][info ][safepoint   ] Safepoint "G1PauseCleanup", Time since last: 23157500 ns, Reaching safepoint: 9375 ns, Cleanup: 94000 ns, At safepoint: 324125 ns, Total: 427500 ns
[2025-09-16T07:43:14.371+0000][185][info ][gc,marking  ] GC(32) Concurrent Clear Claimed Marks
[2025-09-16T07:43:14.371+0000][185][info ][gc,marking  ] GC(32) Concurrent Clear Claimed Marks 0.337ms
[2025-09-16T07:43:14.371+0000][185][info ][gc,marking  ] GC(32) Concurrent Cleanup for Next Mark
[2025-09-16T07:43:14.374+0000][185][info ][gc,marking  ] GC(32) Concurrent Cleanup for Next Mark 2.962ms
[2025-09-16T07:43:14.374+0000][185][info ][gc          ] GC(32) Concurrent Mark Cycle 147.406ms
[2025-09-16T07:43:27.409+0000][185][info ][safepoint   ] Safepoint "Cleanup", Time since last: 13038535047 ns, Reaching safepoint: 187542 ns, Cleanup: 78042 ns, At safepoint: 27208 ns, Total: 292792 ns
[2025-09-16T07:43:35.446+0000][185][info ][safepoint   ] Safepoint "Cleanup", Time since last: 8036190254 ns, Reaching safepoint: 67000 ns, Cleanup: 35791 ns, At safepoint: 13875 ns, Total: 116666 ns
[2025-09-16T07:43:38.204+0000][185][info ][safepoint   ] Safepoint "Cleanup", Time since last: 2758889960 ns, Reaching safepoint: 5417 ns, Cleanup: 19166 ns, At safepoint: 4959 ns, Total: 29542 ns
[2025-09-16T07:43:39.663+0000][185][info ][safepoint   ] Safepoint "Cleanup", Time since last: 1457801709 ns, Reaching safepoint: 152500 ns, Cleanup: 62541 ns, At safepoint: 15292 ns, Total: 230333 ns
[2025-09-16T07:43:41.225+0000][185][info ][safepoint   ] Safepoint "Cleanup", Time since last: 1562444209 ns, Reaching safepoint: 3500 ns, Cleanup: 5875 ns, At safepoint: 5125 ns, Total: 14500 ns
[2025-09-16T07:43:42.709+0000][185][info ][safepoint   ] Safepoint "Cleanup", Time since last: 1483750459 ns, Reaching safepoint: 100334 ns, Cleanup: 76708 ns, At safepoint: 32625 ns, Total: 209667 ns
[2025-09-16T07:44:13.698+0000][185][info ][safepoint   ] Safepoint "Cleanup", Time since last: 30988026472 ns, Reaching safepoint: 415709 ns, Cleanup: 129750 ns, At safepoint: 33833 ns, Total: 579292 ns
[2025-09-16T07:44:24.748+0000][185][info ][safepoint   ] Safepoint "Cleanup", Time since last: 11049317797 ns, Reaching safepoint: 91458 ns, Cleanup: 58000 ns, At safepoint: 26750 ns, Total: 176208 ns
[2025-09-16T07:44:41.263+0000][185][info ][safepoint   ] Safepoint "Cleanup", Time since last: 16514803591 ns, Reaching safepoint: 642667 ns, Cleanup: 12833 ns, At safepoint: 17625 ns, Total: 673125 ns
[2025-09-16T07:44:41.716+0000][185][info ][safepoint   ] Safepoint "ICBufferFull", Time since last: 452139834 ns, Reaching safepoint: 995500 ns, Cleanup: 163541 ns, At safepoint: 46375 ns, Total: 1205416 ns
[2025-09-16T07:44:41.765+0000][185][info ][safepoint   ] Safepoint "ICBufferFull", Time since last: 47981459 ns, Reaching safepoint: 850375 ns, Cleanup: 289250 ns, At safepoint: 100125 ns, Total: 1239750 ns
[2025-09-16T07:44:41.840+0000][185][info ][safepoint   ] Safepoint "ICBufferFull", Time since last: 73225833 ns, Reaching safepoint: 1134125 ns, Cleanup: 182250 ns, At safepoint: 22583 ns, Total: 1338958 ns
[2025-09-16T07:44:41.930+0000][185][info ][safepoint   ] Safepoint "ICBufferFull", Time since last: 89468667 ns, Reaching safepoint: 332708 ns, Cleanup: 141042 ns, At safepoint: 27208 ns, Total: 500958 ns
[2025-09-16T07:44:41.931+0000][185][info ][safepoint   ] Safepoint "ICBufferFull", Time since last: 501584 ns, Reaching safepoint: 325541 ns, Cleanup: 23750 ns, At safepoint: 36917 ns, Total: 386208 ns
[2025-09-16T07:44:43.017+0000][185][info ][safepoint   ] Safepoint "Cleanup", Time since last: 1085488042 ns, Reaching safepoint: 51542 ns, Cleanup: 204208 ns, At safepoint: 18042 ns, Total: 273792 ns
[2025-09-16T07:44:44.144+0000][185][info ][safepoint   ] Safepoint "Cleanup", Time since last: 1126791917 ns, Reaching safepoint: 17042 ns, Cleanup: 128125 ns, At safepoint: 14625 ns, Total: 159792 ns
[2025-09-16T07:44:46.047+0000][185][info ][safepoint   ] Safepoint "Cleanup", Time since last: 1903635459 ns, Reaching safepoint: 72292 ns, Cleanup: 85666 ns, At safepoint: 13375 ns, Total: 171333 ns
[2025-09-16T07:44:48.050+0000][185][info ][safepoint   ] Safepoint "Cleanup", Time since last: 2001844585 ns, Reaching safepoint: 246541 ns, Cleanup: 114167 ns, At safepoint: 18375 ns, Total: 379083 ns
[2025-09-16T07:44:49.058+0000][185][info ][safepoint   ] Safepoint "Cleanup", Time since last: 1008677126 ns, Reaching safepoint: 67208 ns, Cleanup: 98250 ns, At safepoint: 14750 ns, Total: 180208 ns
[2025-09-16T07:44:50.062+0000][185][info ][safepoint   ] Safepoint "Cleanup", Time since last: 1003964250 ns, Reaching safepoint: 60125 ns, Cleanup: 31542 ns, At safepoint: 14042 ns, Total: 105709 ns
[2025-09-16T07:44:51.070+0000][185][info ][safepoint   ] Safepoint "Cleanup", Time since last: 1007258584 ns, Reaching safepoint: 20583 ns, Cleanup: 17375 ns, At safepoint: 7792 ns, Total: 45750 ns
[2025-09-16T07:44:52.871+0000][185][info ][safepoint   ] Safepoint "Cleanup", Time since last: 1800716792 ns, Reaching safepoint: 72583 ns, Cleanup: 29125 ns, At safepoint: 20750 ns, Total: 122458 ns
[2025-09-16T07:44:54.881+0000][185][info ][safepoint   ] Safepoint "Cleanup", Time since last: 2009822918 ns, Reaching safepoint: 128583 ns, Cleanup: 38334 ns, At safepoint: 22500 ns, Total: 189417 ns
[2025-09-16T07:44:56.891+0000][185][info ][safepoint   ] Safepoint "Cleanup", Time since last: 2009995750 ns, Reaching safepoint: 203708 ns, Cleanup: 40792 ns, At safepoint: 16083 ns, Total: 260583 ns
[2025-09-16T07:44:57.897+0000][185][info ][safepoint   ] Safepoint "Cleanup", Time since last: 1005693376 ns, Reaching safepoint: 23500 ns, Cleanup: 12083 ns, At safepoint: 14208 ns, Total: 49791 ns
[2025-09-16T07:44:58.908+0000][185][info ][safepoint   ] Safepoint "Cleanup", Time since last: 1010892709 ns, Reaching safepoint: 84000 ns, Cleanup: 48834 ns, At safepoint: 25583 ns, Total: 158417 ns
[2025-09-16T07:45:02.925+0000][185][info ][safepoint   ] Safepoint "Cleanup", Time since last: 4016047627 ns, Reaching safepoint: 127583 ns, Cleanup: 626334 ns, At safepoint: 34625 ns, Total: 788542 ns
[2025-09-16T07:45:04.929+0000][185][info ][safepoint   ] Safepoint "Cleanup", Time since last: 2004243917 ns, Reaching safepoint: 59917 ns, Cleanup: 35541 ns, At safepoint: 15125 ns, Total: 110583 ns
[2025-09-16T07:45:06.933+0000][185][info ][safepoint   ] Safepoint "Cleanup", Time since last: 2003203835 ns, Reaching safepoint: 112958 ns, Cleanup: 69250 ns, At safepoint: 29000 ns, Total: 211208 ns
[2025-09-16T07:45:08.935+0000][185][info ][safepoint   ] Safepoint "Cleanup", Time since last: 2002186001 ns, Reaching safepoint: 78042 ns, Cleanup: 123916 ns, At safepoint: 75292 ns, Total: 277250 ns
[2025-09-16T07:45:09.940+0000][185][info ][safepoint   ] Safepoint "Cleanup", Time since last: 1004562001 ns, Reaching safepoint: 16916 ns, Cleanup: 13542 ns, At safepoint: 6958 ns, Total: 37416 ns
[2025-09-16T07:45:11.956+0000][185][info ][safepoint   ] Safepoint "Cleanup", Time since last: 2015822210 ns, Reaching safepoint: 86750 ns, Cleanup: 58791 ns, At safepoint: 20125 ns, Total: 165666 ns
[2025-09-16T07:45:17.970+0000][185][info ][safepoint   ] Safepoint "Cleanup", Time since last: 6013843586 ns, Reaching safepoint: 146334 ns, Cleanup: 49666 ns, At safepoint: 16667 ns, Total: 212667 ns
[2025-09-16T07:45:20.975+0000][185][info ][safepoint   ] Safepoint "Cleanup", Time since last: 3005011001 ns, Reaching safepoint: 78334 ns, Cleanup: 50708 ns, At safepoint: 49958 ns, Total: 179000 ns
[2025-09-16T07:45:24.983+0000][185][info ][safepoint   ] Safepoint "Cleanup", Time since last: 4007242252 ns, Reaching safepoint: 320167 ns, Cleanup: 65208 ns, At safepoint: 35000 ns, Total: 420375 ns
[2025-09-16T07:45:26.986+0000][185][info ][safepoint   ] Safepoint "Cleanup", Time since last: 2003059418 ns, Reaching safepoint: 106458 ns, Cleanup: 58042 ns, At safepoint: 28833 ns, Total: 193333 ns
[2025-09-16T07:45:32.995+0000][185][info ][safepoint   ] Safepoint "Cleanup", Time since last: 6009202378 ns, Reaching safepoint: 15917 ns, Cleanup: 16250 ns, At safepoint: 8791 ns, Total: 40958 ns
[2025-09-16T07:45:38.253+0000][185][info ][safepoint   ] Safepoint "Cleanup", Time since last: 5258036669 ns, Reaching safepoint: 7042 ns, Cleanup: 16458 ns, At safepoint: 6250 ns, Total: 29750 ns
[2025-09-16T07:45:39.287+0000][185][info ][safepoint   ] Safepoint "Cleanup", Time since last: 1033935251 ns, Reaching safepoint: 65333 ns, Cleanup: 33459 ns, At safepoint: 24875 ns, Total: 123667 ns
[2025-09-16T07:45:42.318+0000][185][info ][safepoint   ] Safepoint "Cleanup", Time since last: 3031400918 ns, Reaching safepoint: 73041 ns, Cleanup: 27917 ns, At safepoint: 14208 ns, Total: 115166 ns
[2025-09-16T07:45:43.321+0000][185][info ][safepoint   ] Safepoint "Cleanup", Time since last: 1002796792 ns, Reaching safepoint: 83209 ns, Cleanup: 32541 ns, At safepoint: 12125 ns, Total: 127875 ns
[2025-09-16T07:45:44.357+0000][185][info ][safepoint   ] Safepoint "Cleanup", Time since last: 1035913043 ns, Reaching safepoint: 3458 ns, Cleanup: 6292 ns, At safepoint: 5083 ns, Total: 14833 ns
[2025-09-16T07:45:45.389+0000][185][info ][safepoint   ] Safepoint "Cleanup", Time since last: 1031547250 ns, Reaching safepoint: 71875 ns, Cleanup: 25334 ns, At safepoint: 16958 ns, Total: 114167 ns
[2025-09-16T07:45:47.228+0000][185][info ][safepoint   ] Safepoint "Cleanup", Time since last: 1839136793 ns, Reaching safepoint: 8083 ns, Cleanup: 19875 ns, At safepoint: 10708 ns, Total: 38666 ns
[2025-09-16T07:45:48.472+0000][185][info ][safepoint   ] Safepoint "Cleanup", Time since last: 1243242876 ns, Reaching safepoint: 129750 ns, Cleanup: 64958 ns, At safepoint: 16292 ns, Total: 211000 ns
[2025-09-16T07:45:52.972+0000][185][info ][safepoint   ] Safepoint "Cleanup", Time since last: 4500705669 ns, Reaching safepoint: 70750 ns, Cleanup: 50000 ns, At safepoint: 23666 ns, Total: 144416 ns
[2025-09-16T07:45:54.982+0000][185][info ][safepoint   ] Safepoint "Cleanup", Time since last: 2009830418 ns, Reaching safepoint: 17958 ns, Cleanup: 16334 ns, At safepoint: 8500 ns, Total: 42792 ns
[2025-09-16T07:45:58.085+0000][185][info ][safepoint   ] Safepoint "Cleanup", Time since last: 3102090042 ns, Reaching safepoint: 7292 ns, Cleanup: 22500 ns, At safepoint: 9250 ns, Total: 39042 ns
[2025-09-16T07:46:06.450+0000][185][info ][safepoint   ] Safepoint "Cleanup", Time since last: 8364405462 ns, Reaching safepoint: 335542 ns, Cleanup: 125667 ns, At safepoint: 36791 ns, Total: 498000 ns
[2025-09-16T07:46:08.454+0000][185][info ][safepoint   ] Safepoint "Cleanup", Time since last: 2003513959 ns, Reaching safepoint: 112834 ns, Cleanup: 56416 ns, At safepoint: 29334 ns, Total: 198584 ns
[2025-09-16T07:46:17.479+0000][185][info ][safepoint   ] Safepoint "Cleanup", Time since last: 9025262671 ns, Reaching safepoint: 109791 ns, Cleanup: 77334 ns, At safepoint: 39500 ns, Total: 226625 ns
[2025-09-16T07:46:20.488+0000][185][info ][safepoint   ] Safepoint "Cleanup", Time since last: 3008997501 ns, Reaching safepoint: 134334 ns, Cleanup: 32500 ns, At safepoint: 24666 ns, Total: 191500 ns
[2025-09-16T07:46:24.495+0000][185][info ][safepoint   ] Safepoint "Cleanup", Time since last: 4005429169 ns, Reaching safepoint: 894583 ns, Cleanup: 62375 ns, At safepoint: 40208 ns, Total: 997166 ns
[2025-09-16T07:46:28.508+0000][185][info ][safepoint   ] Safepoint "Cleanup", Time since last: 4013116126 ns, Reaching safepoint: 112292 ns, Cleanup: 53292 ns, At safepoint: 29625 ns, Total: 195209 ns
[2025-09-16T07:46:41.547+0000][185][info ][safepoint   ] Safepoint "Cleanup", Time since last: 13038538256 ns, Reaching safepoint: 223458 ns, Cleanup: 68625 ns, At safepoint: 33084 ns, Total: 325167 ns
[2025-09-16T07:46:47.263+0000][185][info ][safepoint   ] Safepoint "Cleanup", Time since last: 5716228627 ns, Reaching safepoint: 5750 ns, Cleanup: 6667 ns, At safepoint: 5083 ns, Total: 17500 ns
[2025-09-16T07:46:48.711+0000][185][info ][safepoint   ] Safepoint "Cleanup", Time since last: 1447497626 ns, Reaching safepoint: 25333 ns, Cleanup: 48959 ns, At safepoint: 22625 ns, Total: 96917 ns
[2025-09-16T07:46:50.253+0000][185][info ][safepoint   ] Safepoint "Cleanup", Time since last: 1542074542 ns, Reaching safepoint: 6125 ns, Cleanup: 8750 ns, At safepoint: 7000 ns, Total: 21875 ns
[2025-09-16T07:46:51.764+0000][185][info ][safepoint   ] Safepoint "Cleanup", Time since last: 1511222793 ns, Reaching safepoint: 93625 ns, Cleanup: 41000 ns, At safepoint: 18416 ns, Total: 153041 ns
[2025-09-16T07:46:54.002+0000][185][info ][safepoint   ] Safepoint "Cleanup", Time since last: 2238040126 ns, Reaching safepoint: 110875 ns, Cleanup: 34084 ns, At safepoint: 16708 ns, Total: 161667 ns
[2025-09-16T07:46:55.004+0000][185][info ][safepoint   ] Safepoint "Cleanup", Time since last: 1001168375 ns, Reaching safepoint: 105417 ns, Cleanup: 43042 ns, At safepoint: 19583 ns, Total: 168042 ns
[2025-09-16T07:46:57.008+0000][185][info ][safepoint   ] Safepoint "Cleanup", Time since last: 2004061167 ns, Reaching safepoint: 136500 ns, Cleanup: 178541 ns, At safepoint: 34000 ns, Total: 349041 ns
[2025-09-16T07:47:03.019+0000][185][info ][safepoint   ] Safepoint "Cleanup", Time since last: 6010906712 ns, Reaching safepoint: 160541 ns, Cleanup: 38625 ns, At safepoint: 26917 ns, Total: 226083 ns
[2025-09-16T07:47:06.027+0000][185][info ][safepoint   ] Safepoint "Cleanup", Time since last: 3007069293 ns, Reaching safepoint: 83333 ns, Cleanup: 73167 ns, At safepoint: 20542 ns, Total: 177042 ns
[2025-09-16T07:47:08.034+0000][185][info ][safepoint   ] Safepoint "Cleanup", Time since last: 2006709667 ns, Reaching safepoint: 99500 ns, Cleanup: 41167 ns, At safepoint: 18542 ns, Total: 159209 ns
[2025-09-16T07:47:09.037+0000][185][info ][safepoint   ] Safepoint "Cleanup", Time since last: 1003366083 ns, Reaching safepoint: 55459 ns, Cleanup: 43416 ns, At safepoint: 18209 ns, Total: 117084 ns
[2025-09-16T07:47:10.040+0000][185][info ][safepoint   ] Safepoint "Cleanup", Time since last: 1002739875 ns, Reaching safepoint: 22417 ns, Cleanup: 13792 ns, At safepoint: 6750 ns, Total: 42959 ns
[2025-09-16T07:47:25.071+0000][185][info ][safepoint   ] Safepoint "Cleanup", Time since last: 15030724340 ns, Reaching safepoint: 252583 ns, Cleanup: 53292 ns, At safepoint: 53042 ns, Total: 358917 ns
[2025-09-16T07:47:29.092+0000][185][info ][safepoint   ] Safepoint "Cleanup", Time since last: 4020518209 ns, Reaching safepoint: 165208 ns, Cleanup: 216459 ns, At safepoint: 31000 ns, Total: 412667 ns
[2025-09-16T07:47:44.123+0000][185][info ][safepoint   ] Safepoint "Cleanup", Time since last: 15031680465 ns, Reaching safepoint: 46375 ns, Cleanup: 30084 ns, At safepoint: 10833 ns, Total: 87292 ns
[2025-09-16T07:47:50.299+0000][185][info ][safepoint   ] Safepoint "Cleanup", Time since last: 6175091711 ns, Reaching safepoint: 5625 ns, Cleanup: 14875 ns, At safepoint: 5750 ns, Total: 26250 ns
[2025-09-16T07:47:50.324+0000][185][info ][gc,start    ] GC(33) Pause Young (Prepare Mixed) (G1 Evacuation Pause)
[2025-09-16T07:47:50.324+0000][185][info ][gc,task     ] GC(33) Using 8 workers of 8 for evacuation
[2025-09-16T07:47:50.324+0000][185][debug][gc,age      ] GC(33) Desired survivor size 41943040 bytes, new threshold 15 (max threshold 15)
[2025-09-16T07:47:50.373+0000][185][info ][gc,phases   ] GC(33)   Pre Evacuate Collection Set: 0.75ms
[2025-09-16T07:47:50.373+0000][185][info ][gc,phases   ] GC(33)   Merge Heap Roots: 0.27ms
[2025-09-16T07:47:50.373+0000][185][info ][gc,phases   ] GC(33)   Evacuate Collection Set: 43.20ms
[2025-09-16T07:47:50.373+0000][185][info ][gc,phases   ] GC(33)   Post Evacuate Collection Set: 4.73ms
[2025-09-16T07:47:50.373+0000][185][info ][gc,phases   ] GC(33)   Other: 0.24ms
[2025-09-16T07:47:50.373+0000][185][trace][gc,age      ] GC(33) Age table with threshold 15 (max threshold 15)
[2025-09-16T07:47:50.373+0000][185][trace][gc,age      ] GC(33) - age   1:    2715648 bytes,    2715648 total
[2025-09-16T07:47:50.373+0000][185][trace][gc,age      ] GC(33) - age   2:     491008 bytes,    3206656 total
[2025-09-16T07:47:50.373+0000][185][trace][gc,age      ] GC(33) - age   3:     501752 bytes,    3708408 total
[2025-09-16T07:47:50.373+0000][185][trace][gc,age      ] GC(33) - age   4:      24640 bytes,    3733048 total
[2025-09-16T07:47:50.373+0000][185][trace][gc,age      ] GC(33) - age   5:     336752 bytes,    4069800 total
[2025-09-16T07:47:50.373+0000][185][trace][gc,age      ] GC(33) - age   6:      70808 bytes,    4140608 total
[2025-09-16T07:47:50.374+0000][185][trace][gc,age      ] GC(33) - age   7:     466760 bytes,    4607368 total
[2025-09-16T07:47:50.374+0000][185][trace][gc,age      ] GC(33) - age   8:     289720 bytes,    4897088 total
[2025-09-16T07:47:50.374+0000][185][trace][gc,age      ] GC(33) - age   9:    1114128 bytes,    6011216 total
[2025-09-16T07:47:50.374+0000][185][trace][gc,age      ] GC(33) - age  10:    1588424 bytes,    7599640 total
[2025-09-16T07:47:50.374+0000][185][trace][gc,age      ] GC(33) - age  11:    6026200 bytes,   13625840 total
[2025-09-16T07:47:50.374+0000][185][trace][gc,age      ] GC(33) - age  12:     457968 bytes,   14083808 total
[2025-09-16T07:47:50.374+0000][185][trace][gc,age      ] GC(33) - age  13:    1917152 bytes,   16000960 total
[2025-09-16T07:47:50.374+0000][185][trace][gc,age      ] GC(33) - age  14:   17372088 bytes,   33373048 total
[2025-09-16T07:47:50.374+0000][185][trace][gc,age      ] GC(33) - age  15:     170152 bytes,   33543200 total
[2025-09-16T07:47:50.374+0000][185][info ][gc,heap     ] GC(33) Eden regions: 144->0(144)
[2025-09-16T07:47:50.374+0000][185][info ][gc,heap     ] GC(33) Survivor regions: 9->9(20)
[2025-09-16T07:47:50.374+0000][185][info ][gc,heap     ] GC(33) Old regions: 29->29
[2025-09-16T07:47:50.374+0000][185][info ][gc,heap     ] GC(33) Humongous regions: 2->2
[2025-09-16T07:47:50.374+0000][185][info ][gc,metaspace] GC(33) Metaspace: 161949K(166528K)->161949K(166528K) NonClass: 139990K(142272K)->139990K(142272K) Class: 21958K(24256K)->21958K(24256K)
[2025-09-16T07:47:50.374+0000][185][info ][gc          ] GC(33) Pause Young (Prepare Mixed) (G1 Evacuation Pause) 734M->157M(1024M) 50.470ms
[2025-09-16T07:47:50.374+0000][185][info ][gc,cpu      ] GC(33) User=0.33s Sys=0.01s Real=0.05s
[2025-09-16T07:47:50.374+0000][185][info ][safepoint   ] Safepoint "G1CollectForAllocation", Time since last: 24997458 ns, Reaching safepoint: 9584 ns, Cleanup: 2208 ns, At safepoint: 50630792 ns, Total: 50642584 ns
[2025-09-16T07:47:51.992+0000][185][info ][safepoint   ] Safepoint "Cleanup", Time since last: 1617707751 ns, Reaching safepoint: 143416 ns, Cleanup: 36584 ns, At safepoint: 29041 ns, Total: 209041 ns
[2025-09-16T07:47:54.004+0000][185][info ][safepoint   ] Safepoint "Cleanup", Time since last: 2012222376 ns, Reaching safepoint: 13459 ns, Cleanup: 14166 ns, At safepoint: 11750 ns, Total: 39375 ns
[2025-09-16T07:47:59.054+0000][185][info ][safepoint   ] Safepoint "Cleanup", Time since last: 5049461294 ns, Reaching safepoint: 124708 ns, Cleanup: 43417 ns, At safepoint: 24291 ns, Total: 192416 ns
[2025-09-16T07:48:00.062+0000][185][info ][safepoint   ] Safepoint "Cleanup", Time since last: 1007638376 ns, Reaching safepoint: 30208 ns, Cleanup: 23792 ns, At safepoint: 10375 ns, Total: 64375 ns
[2025-09-16T07:48:03.067+0000][185][info ][safepoint   ] Safepoint "Cleanup", Time since last: 3005050710 ns, Reaching safepoint: 90375 ns, Cleanup: 82333 ns, At safepoint: 23583 ns, Total: 196291 ns
[2025-09-16T07:48:06.081+0000][185][info ][safepoint   ] Safepoint "Cleanup", Time since last: 3013582502 ns, Reaching safepoint: 237250 ns, Cleanup: 43791 ns, At safepoint: 33417 ns, Total: 314458 ns
[2025-09-16T07:48:21.142+0000][185][info ][safepoint   ] Safepoint "Cleanup", Time since last: 15059973424 ns, Reaching safepoint: 646958 ns, Cleanup: 105834 ns, At safepoint: 33291 ns, Total: 786083 ns
[2025-09-16T07:48:22.150+0000][185][info ][safepoint   ] Safepoint "Cleanup", Time since last: 1008270834 ns, Reaching safepoint: 120083 ns, Cleanup: 42709 ns, At safepoint: 15583 ns, Total: 178375 ns
[2025-09-16T07:48:24.158+0000][185][info ][safepoint   ] Safepoint "Cleanup", Time since last: 2007550876 ns, Reaching safepoint: 153667 ns, Cleanup: 93041 ns, At safepoint: 44125 ns, Total: 290833 ns
[2025-09-16T07:48:55.762+0000][185][info ][safepoint   ] Safepoint "Cleanup", Time since last: 3009772251 ns, Reaching safepoint: 90500 ns, Cleanup: 55834 ns, At safepoint: 21125 ns, Total: 167459 ns
[2025-09-16T07:48:56.770+0000][185][info ][safepoint   ] Safepoint "Cleanup", Time since last: 1003626709 ns, Reaching safepoint: 3587958 ns, Cleanup: 94625 ns, At safepoint: 45708 ns, Total: 3728291 ns
[2025-09-16T07:48:57.886+0000][185][info ][safepoint   ] Safepoint "Cleanup", Time since last: 1116581667 ns, Reaching safepoint: 4750 ns, Cleanup: 7334 ns, At safepoint: 5625 ns, Total: 17709 ns
[2025-09-16T07:48:59.805+0000][185][info ][safepoint   ] Safepoint "Cleanup", Time since last: 1918497584 ns, Reaching safepoint: 190625 ns, Cleanup: 50125 ns, At safepoint: 18667 ns, Total: 259417 ns
[2025-09-16T07:49:01.727+0000][185][info ][safepoint   ] Safepoint "Cleanup", Time since last: 1921990959 ns, Reaching safepoint: 4833 ns, Cleanup: 39875 ns, At safepoint: 4209 ns, Total: 48917 ns
[2025-09-16T07:49:03.501+0000][185][info ][safepoint   ] Safepoint "Cleanup", Time since last: 1773625042 ns, Reaching safepoint: 239833 ns, Cleanup: 35417 ns, At safepoint: 23250 ns, Total: 298500 ns
[2025-09-16T07:49:06.505+0000][185][info ][safepoint   ] Safepoint "Cleanup", Time since last: 3004102835 ns, Reaching safepoint: 36708 ns, Cleanup: 19625 ns, At safepoint: 10334 ns, Total: 66667 ns
[2025-09-16T07:49:07.616+0000][185][info ][safepoint   ] Safepoint "Cleanup", Time since last: 1110288917 ns, Reaching safepoint: 3250 ns, Cleanup: 13541 ns, At safepoint: 4917 ns, Total: 21708 ns
[2025-09-16T07:49:09.615+0000][185][info ][safepoint   ] Safepoint "Cleanup", Time since last: 1998687709 ns, Reaching safepoint: 81667 ns, Cleanup: 106958 ns, At safepoint: 14250 ns, Total: 202875 ns
[2025-09-16T07:49:10.618+0000][185][info ][safepoint   ] Safepoint "Cleanup", Time since last: 1003289209 ns, Reaching safepoint: 45417 ns, Cleanup: 24000 ns, At safepoint: 11083 ns, Total: 80500 ns
[2025-09-16T07:49:12.628+0000][185][info ][safepoint   ] Safepoint "Cleanup", Time since last: 2010179043 ns, Reaching safepoint: 101833 ns, Cleanup: 75125 ns, At safepoint: 17792 ns, Total: 194750 ns
[2025-09-16T07:49:13.670+0000][185][info ][safepoint   ] Safepoint "Cleanup", Time since last: 1041800542 ns, Reaching safepoint: 14000 ns, Cleanup: 9917 ns, At safepoint: 5291 ns, Total: 29208 ns
[2025-09-16T07:49:15.674+0000][185][info ][safepoint   ] Safepoint "Cleanup", Time since last: 2003859710 ns, Reaching safepoint: 76166 ns, Cleanup: 92542 ns, At safepoint: 21042 ns, Total: 189750 ns
[2025-09-16T07:49:25.055+0000][185][info ][safepoint   ] Safepoint "Cleanup", Time since last: 9380350296 ns, Reaching safepoint: 132916 ns, Cleanup: 51959 ns, At safepoint: 31916 ns, Total: 216791 ns
[2025-09-16T07:49:29.061+0000][185][info ][safepoint   ] Safepoint "Cleanup", Time since last: 4005809085 ns, Reaching safepoint: 203875 ns, Cleanup: 59166 ns, At safepoint: 30167 ns, Total: 293208 ns
[2025-09-16T07:49:31.066+0000][185][info ][safepoint   ] Safepoint "Cleanup", Time since last: 2005308668 ns, Reaching safepoint: 272041 ns, Cleanup: 21167 ns, At safepoint: 9375 ns, Total: 302583 ns
[2025-09-16T07:49:35.075+0000][185][info ][safepoint   ] Safepoint "Cleanup", Time since last: 4007384794 ns, Reaching safepoint: 918750 ns, Cleanup: 90625 ns, At safepoint: 39875 ns, Total: 1049250 ns
[2025-09-16T07:49:41.085+0000][185][info ][safepoint   ] Safepoint "Cleanup", Time since last: 6009421086 ns, Reaching safepoint: 607416 ns, Cleanup: 94792 ns, At safepoint: 27417 ns, Total: 729625 ns
[2025-09-16T07:49:53.125+0000][185][info ][safepoint   ] Safepoint "Cleanup", Time since last: 12037455130 ns, Reaching safepoint: 2065084 ns, Cleanup: 270000 ns, At safepoint: 29125 ns, Total: 2364209 ns
[2025-09-16T07:49:55.133+0000][185][info ][safepoint   ] Safepoint "Cleanup", Time since last: 2008139626 ns, Reaching safepoint: 118166 ns, Cleanup: 73959 ns, At safepoint: 25333 ns, Total: 217458 ns
[2025-09-16T07:54:13.791+0000][185][info ][safepoint   ] Safepoint "Cleanup", Time since last: 2004101209 ns, Reaching safepoint: 60666 ns, Cleanup: 40750 ns, At safepoint: 16792 ns, Total: 118208 ns
[2025-09-16T07:54:15.609+0000][185][info ][safepoint   ] Safepoint "Cleanup", Time since last: 1816937501 ns, Reaching safepoint: 58167 ns, Cleanup: 90333 ns, At safepoint: 16208 ns, Total: 164708 ns
[2025-09-16T07:54:18.397+0000][185][info ][safepoint   ] Safepoint "Cleanup", Time since last: 2788853043 ns, Reaching safepoint: 5250 ns, Cleanup: 34917 ns, At safepoint: 8958 ns, Total: 49125 ns
[2025-09-16T07:54:19.514+0000][185][info ][safepoint   ] Safepoint "Cleanup", Time since last: 1116928542 ns, Reaching safepoint: 39125 ns, Cleanup: 26584 ns, At safepoint: 14875 ns, Total: 80584 ns
[2025-09-16T07:54:41.846+0000][185][info ][safepoint   ] Safepoint "Cleanup", Time since last: 22330888094 ns, Reaching safepoint: 104291 ns, Cleanup: 48334 ns, At safepoint: 91208 ns, Total: 243833 ns
[2025-09-16T07:54:43.558+0000][185][info ][safepoint   ] Safepoint "Cleanup", Time since last: 1711272292 ns, Reaching safepoint: 8084 ns, Cleanup: 17583 ns, At safepoint: 9375 ns, Total: 35042 ns
[2025-09-16T07:54:45.627+0000][185][info ][safepoint   ] Safepoint "Cleanup", Time since last: 2069217793 ns, Reaching safepoint: 57208 ns, Cleanup: 29708 ns, At safepoint: 15292 ns, Total: 102208 ns
[2025-09-16T07:54:55.648+0000][185][info ][safepoint   ] Safepoint "Cleanup", Time since last: 10020991713 ns, Reaching safepoint: 100583 ns, Cleanup: 45834 ns, At safepoint: 58125 ns, Total: 204542 ns
[2025-09-16T07:54:58.655+0000][185][info ][safepoint   ] Safepoint "Cleanup", Time since last: 3007057293 ns, Reaching safepoint: 88291 ns, Cleanup: 52250 ns, At safepoint: 11000 ns, Total: 151541 ns
[2025-09-16T07:55:09.671+0000][185][info ][safepoint   ] Safepoint "Cleanup", Time since last: 11015006714 ns, Reaching safepoint: 458583 ns, Cleanup: 42167 ns, At safepoint: 16750 ns, Total: 517500 ns
[2025-09-16T07:55:17.575+0000][185][info ][safepoint   ] Safepoint "Cleanup", Time since last: 7903352587 ns, Reaching safepoint: 568458 ns, Cleanup: 22875 ns, At safepoint: 9250 ns, Total: 600583 ns
[2025-09-16T07:55:18.691+0000][185][info ][safepoint   ] Safepoint "Cleanup", Time since last: 1115933376 ns, Reaching safepoint: 10125 ns, Cleanup: 146083 ns, At safepoint: 21042 ns, Total: 177250 ns
[2025-09-16T07:55:19.922+0000][185][info ][safepoint   ] Safepoint "Cleanup", Time since last: 1230974042 ns, Reaching safepoint: 121083 ns, Cleanup: 76417 ns, At safepoint: 23542 ns, Total: 221042 ns
[2025-09-16T07:55:20.924+0000][185][info ][safepoint   ] Safepoint "Cleanup", Time since last: 1001366750 ns, Reaching safepoint: 67792 ns, Cleanup: 45208 ns, At safepoint: 16042 ns, Total: 129042 ns
[2025-09-16T07:55:21.926+0000][185][info ][safepoint   ] Safepoint "Cleanup", Time since last: 1001881500 ns, Reaching safepoint: 53167 ns, Cleanup: 29375 ns, At safepoint: 15250 ns, Total: 97792 ns
[2025-09-16T07:55:22.927+0000][185][info ][safepoint   ] Safepoint "Cleanup", Time since last: 1001276500 ns, Reaching safepoint: 17959 ns, Cleanup: 11416 ns, At safepoint: 7167 ns, Total: 36542 ns
[2025-09-16T07:55:23.929+0000][185][info ][safepoint   ] Safepoint "Cleanup", Time since last: 1002041251 ns, Reaching safepoint: 19791 ns, Cleanup: 21875 ns, At safepoint: 9917 ns, Total: 51583 ns
[2025-09-16T07:55:26.552+0000][185][info ][safepoint   ] Safepoint "Cleanup", Time since last: 2622807959 ns, Reaching safepoint: 7542 ns, Cleanup: 12250 ns, At safepoint: 5208 ns, Total: 25000 ns
[2025-09-16T07:55:28.330+0000][185][info ][safepoint   ] Safepoint "Cleanup", Time since last: 1778193501 ns, Reaching safepoint: 48875 ns, Cleanup: 166625 ns, At safepoint: 15542 ns, Total: 231042 ns
[2025-09-16T07:55:29.571+0000][185][info ][safepoint   ] Safepoint "Cleanup", Time since last: 1240555584 ns, Reaching safepoint: 5917 ns, Cleanup: 40083 ns, At safepoint: 7250 ns, Total: 53250 ns
[2025-09-16T07:55:31.439+0000][185][info ][safepoint   ] Safepoint "Cleanup", Time since last: 1868010084 ns, Reaching safepoint: 24917 ns, Cleanup: 69875 ns, At safepoint: 15708 ns, Total: 110500 ns
[2025-09-16T07:55:33.447+0000][185][info ][safepoint   ] Safepoint "Cleanup", Time since last: 2007626251 ns, Reaching safepoint: 90167 ns, Cleanup: 43041 ns, At safepoint: 18542 ns, Total: 151750 ns
[2025-09-16T07:55:43.918+0000][185][info ][safepoint   ] Safepoint "Cleanup", Time since last: 10470596213 ns, Reaching safepoint: 20958 ns, Cleanup: 40792 ns, At safepoint: 9166 ns, Total: 70916 ns
[2025-09-16T07:55:44.969+0000][185][info ][safepoint   ] Safepoint "Cleanup", Time since last: 1051396418 ns, Reaching safepoint: 157666 ns, Cleanup: 87042 ns, At safepoint: 18958 ns, Total: 263666 ns
[2025-09-16T07:55:47.978+0000][185][info ][safepoint   ] Safepoint "Cleanup", Time since last: 3008767377 ns, Reaching safepoint: 152916 ns, Cleanup: 32459 ns, At safepoint: 15708 ns, Total: 201083 ns
[2025-09-16T07:55:57.007+0000][185][info ][safepoint   ] Safepoint "Cleanup", Time since last: 9027709379 ns, Reaching safepoint: 581500 ns, Cleanup: 68292 ns, At safepoint: 25417 ns, Total: 675209 ns
[2025-09-16T07:55:58.012+0000][185][info ][safepoint   ] Safepoint "Cleanup", Time since last: 1004919292 ns, Reaching safepoint: 50917 ns, Cleanup: 24041 ns, At safepoint: 15042 ns, Total: 90000 ns
[2025-09-16T07:55:59.015+0000][185][info ][safepoint   ] Safepoint "Cleanup", Time since last: 1002999834 ns, Reaching safepoint: 94083 ns, Cleanup: 47750 ns, At safepoint: 26333 ns, Total: 168166 ns
[2025-09-16T07:56:02.021+0000][185][info ][safepoint   ] Safepoint "Cleanup", Time since last: 3006409335 ns, Reaching safepoint: 106042 ns, Cleanup: 41500 ns, At safepoint: 16416 ns, Total: 163958 ns
[2025-09-16T07:56:04.027+0000][185][info ][safepoint   ] Safepoint "Cleanup", Time since last: 2005192960 ns, Reaching safepoint: 83083 ns, Cleanup: 37417 ns, At safepoint: 16875 ns, Total: 137375 ns
[2025-09-16T07:56:06.035+0000][185][info ][safepoint   ] Safepoint "Cleanup", Time since last: 2008550417 ns, Reaching safepoint: 65375 ns, Cleanup: 47750 ns, At safepoint: 15084 ns, Total: 128209 ns
[2025-09-16T07:56:14.053+0000][185][info ][safepoint   ] Safepoint "Cleanup", Time since last: 8017682711 ns, Reaching safepoint: 172583 ns, Cleanup: 50209 ns, At safepoint: 28333 ns, Total: 251125 ns
[2025-09-16T07:56:20.589+0000][185][info ][safepoint   ] Safepoint "Cleanup", Time since last: 6535253628 ns, Reaching safepoint: 3792 ns, Cleanup: 7500 ns, At safepoint: 4875 ns, Total: 16167 ns
[2025-09-16T07:56:21.596+0000][185][info ][safepoint   ] Safepoint "Cleanup", Time since last: 1006846917 ns, Reaching safepoint: 15250 ns, Cleanup: 31500 ns, At safepoint: 17041 ns, Total: 63791 ns
[2025-09-16T07:56:22.642+0000][185][info ][safepoint   ] Safepoint "Cleanup", Time since last: 1045734876 ns, Reaching safepoint: 21958 ns, Cleanup: 224875 ns, At safepoint: 39334 ns, Total: 286167 ns
[2025-09-16T07:56:23.649+0000][185][info ][safepoint   ] Safepoint "Cleanup", Time since last: 1007562458 ns, Reaching safepoint: 53334 ns, Cleanup: 40875 ns, At safepoint: 11583 ns, Total: 105792 ns
[2025-09-16T07:56:27.657+0000][185][info ][safepoint   ] Safepoint "Cleanup", Time since last: 4007601960 ns, Reaching safepoint: 75167 ns, Cleanup: 220708 ns, At safepoint: 16209 ns, Total: 312084 ns
[2025-09-16T07:56:28.659+0000][185][info ][safepoint   ] Safepoint "Cleanup", Time since last: 1001437708 ns, Reaching safepoint: 27500 ns, Cleanup: 21542 ns, At safepoint: 11250 ns, Total: 60292 ns
[2025-09-16T07:56:34.678+0000][185][info ][safepoint   ] Safepoint "Cleanup", Time since last: 6019580878 ns, Reaching safepoint: 132875 ns, Cleanup: 107000 ns, At safepoint: 32708 ns, Total: 272583 ns
[2025-09-16T07:56:40.116+0000][185][info ][safepoint   ] Safepoint "Cleanup", Time since last: 5436170211 ns, Reaching safepoint: 1394667 ns, Cleanup: 134250 ns, At safepoint: 31125 ns, Total: 1560042 ns
[2025-09-16T07:56:54.149+0000][185][info ][safepoint   ] Safepoint "Cleanup", Time since last: 14031802840 ns, Reaching safepoint: 295125 ns, Cleanup: 56750 ns, At safepoint: 69375 ns, Total: 421250 ns
[2025-09-16T07:56:59.167+0000][185][info ][safepoint   ] Safepoint "Cleanup", Time since last: 5018314585 ns, Reaching safepoint: 84459 ns, Cleanup: 102208 ns, At safepoint: 17500 ns, Total: 204167 ns
[2025-09-16T07:57:04.175+0000][185][info ][safepoint   ] Safepoint "Cleanup", Time since last: 5007372836 ns, Reaching safepoint: 150500 ns, Cleanup: 33750 ns, At safepoint: 35875 ns, Total: 220125 ns
[2025-09-16T07:57:10.183+0000][185][info ][safepoint   ] Safepoint "Cleanup", Time since last: 6008204711 ns, Reaching safepoint: 56958 ns, Cleanup: 98000 ns, At safepoint: 19667 ns, Total: 174625 ns
[2025-09-16T07:57:14.194+0000][185][info ][safepoint   ] Safepoint "Cleanup", Time since last: 4011204626 ns, Reaching safepoint: 58417 ns, Cleanup: 27417 ns, At safepoint: 47916 ns, Total: 133750 ns
[2025-09-16T07:57:23.210+0000][185][info ][safepoint   ] Safepoint "Cleanup", Time since last: 9015840713 ns, Reaching safepoint: 19625 ns, Cleanup: 22000 ns, At safepoint: 14375 ns, Total: 56000 ns
[2025-09-16T07:57:24.816+0000][185][info ][safepoint   ] Safepoint "Cleanup", Time since last: 1605585084 ns, Reaching safepoint: 20875 ns, Cleanup: 50292 ns, At safepoint: 18541 ns, Total: 89708 ns
[2025-09-16T07:57:28.827+0000][185][info ][safepoint   ] Safepoint "Cleanup", Time since last: 4011143544 ns, Reaching safepoint: 70333 ns, Cleanup: 26750 ns, At safepoint: 52917 ns, Total: 150000 ns
[2025-09-16T07:57:51.378+0000][185][info ][safepoint   ] Safepoint "Cleanup", Time since last: 22550522176 ns, Reaching safepoint: 106000 ns, Cleanup: 94584 ns, At safepoint: 47916 ns, Total: 248500 ns
[2025-09-16T07:58:01.397+0000][185][info ][safepoint   ] Safepoint "Cleanup", Time since last: 10018264547 ns, Reaching safepoint: 83333 ns, Cleanup: 37125 ns, At safepoint: 13833 ns, Total: 134291 ns
[2025-09-16T07:58:03.406+0000][185][info ][safepoint   ] Safepoint "Cleanup", Time since last: 2009174418 ns, Reaching safepoint: 34875 ns, Cleanup: 28083 ns, At safepoint: 7667 ns, Total: 70625 ns
[2025-09-16T07:58:03.531+0000][185][info ][gc,start    ] GC(34) Pause Young (Mixed) (G1 Evacuation Pause)
[2025-09-16T07:58:03.532+0000][185][info ][gc,task     ] GC(34) Using 8 workers of 8 for evacuation
[2025-09-16T07:58:03.532+0000][185][debug][gc,age      ] GC(34) Desired survivor size 41943040 bytes, new threshold 15 (max threshold 15)
[2025-09-16T07:58:03.608+0000][185][info ][gc,phases   ] GC(34)   Pre Evacuate Collection Set: 1.85ms
[2025-09-16T07:58:03.608+0000][185][info ][gc,phases   ] GC(34)   Merge Heap Roots: 0.41ms
[2025-09-16T07:58:03.609+0000][185][info ][gc,phases   ] GC(34)   Evacuate Collection Set: 67.77ms
[2025-09-16T07:58:03.609+0000][185][info ][gc,phases   ] GC(34)   Post Evacuate Collection Set: 6.15ms
[2025-09-16T07:58:03.609+0000][185][info ][gc,phases   ] GC(34)   Other: 0.62ms
[2025-09-16T07:58:03.609+0000][185][trace][gc,age      ] GC(34) Age table with threshold 15 (max threshold 15)
[2025-09-16T07:58:03.609+0000][185][trace][gc,age      ] GC(34) - age   1:    1296592 bytes,    1296592 total
[2025-09-16T07:58:03.609+0000][185][trace][gc,age      ] GC(34) - age   2:    1373128 bytes,    2669720 total
[2025-09-16T07:58:03.609+0000][185][trace][gc,age      ] GC(34) - age   3:     405240 bytes,    3074960 total
[2025-09-16T07:58:03.609+0000][185][trace][gc,age      ] GC(34) - age   4:     427048 bytes,    3502008 total
[2025-09-16T07:58:03.609+0000][185][trace][gc,age      ] GC(34) - age   5:      24640 bytes,    3526648 total
[2025-09-16T07:58:03.609+0000][185][trace][gc,age      ] GC(34) - age   6:     336720 bytes,    3863368 total
[2025-09-16T07:58:03.609+0000][185][trace][gc,age      ] GC(34) - age   7:      70808 bytes,    3934176 total
[2025-09-16T07:58:03.609+0000][185][trace][gc,age      ] GC(34) - age   8:     417496 bytes,    4351672 total
[2025-09-16T07:58:03.609+0000][185][trace][gc,age      ] GC(34) - age   9:     288200 bytes,    4639872 total
[2025-09-16T07:58:03.609+0000][185][trace][gc,age      ] GC(34) - age  10:    1114096 bytes,    5753968 total
[2025-09-16T07:58:03.609+0000][185][trace][gc,age      ] GC(34) - age  11:    1588360 bytes,    7342328 total
[2025-09-16T07:58:03.609+0000][185][trace][gc,age      ] GC(34) - age  12:    6025872 bytes,   13368200 total
[2025-09-16T07:58:03.609+0000][185][trace][gc,age      ] GC(34) - age  13:     457968 bytes,   13826168 total
[2025-09-16T07:58:03.609+0000][185][trace][gc,age      ] GC(34) - age  14:    1917112 bytes,   15743280 total
[2025-09-16T07:58:03.609+0000][185][trace][gc,age      ] GC(34) - age  15:   17372088 bytes,   33115368 total
[2025-09-16T07:58:03.609+0000][185][info ][gc,heap     ] GC(34) Eden regions: 144->0(144)
[2025-09-16T07:58:03.609+0000][185][info ][gc,heap     ] GC(34) Survivor regions: 9->9(20)
[2025-09-16T07:58:03.609+0000][185][info ][gc,heap     ] GC(34) Old regions: 29->29
[2025-09-16T07:58:03.609+0000][185][info ][gc,heap     ] GC(34) Humongous regions: 2->2
[2025-09-16T07:58:03.609+0000][185][info ][gc,metaspace] GC(34) Metaspace: 162074K(166592K)->162074K(166592K) NonClass: 140113K(142336K)->140113K(142336K) Class: 21961K(24256K)->21961K(24256K)
[2025-09-16T07:58:03.610+0000][185][info ][gc          ] GC(34) Pause Young (Mixed) (G1 Evacuation Pause) 733M->157M(1024M) 78.578ms
[2025-09-16T07:58:03.610+0000][185][info ][gc,cpu      ] GC(34) User=0.54s Sys=0.00s Real=0.08s
[2025-09-16T07:58:03.610+0000][185][info ][safepoint   ] Safepoint "G1CollectForAllocation", Time since last: 124878583 ns, Reaching safepoint: 56917 ns, Cleanup: 9083 ns, At safepoint: 78826126 ns, Total: 78892126 ns
[2025-09-16T07:58:13.652+0000][185][info ][safepoint   ] Safepoint "Cleanup", Time since last: 10039855587 ns, Reaching safepoint: 2027625 ns, Cleanup: 55709 ns, At safepoint: 28666 ns, Total: 2112000 ns
[2025-09-16T07:58:20.668+0000][185][info ][safepoint   ] Safepoint "Cleanup", Time since last: 7016665212 ns, Reaching safepoint: 39792 ns, Cleanup: 17791 ns, At safepoint: 7459 ns, Total: 65042 ns
[2025-09-16T07:58:26.604+0000][185][info ][safepoint   ] Safepoint "Cleanup", Time since last: 5935211628 ns, Reaching safepoint: 5750 ns, Cleanup: 12208 ns, At safepoint: 10542 ns, Total: 28500 ns
[2025-09-16T07:58:28.020+0000][185][info ][safepoint   ] Safepoint "Cleanup", Time since last: 1416696375 ns, Reaching safepoint: 21750 ns, Cleanup: 31709 ns, At safepoint: 11875 ns, Total: 65334 ns
[2025-09-16T07:58:29.026+0000][185][info ][safepoint   ] Safepoint "Cleanup", Time since last: 1005401375 ns, Reaching safepoint: 99750 ns, Cleanup: 51250 ns, At safepoint: 25833 ns, Total: 176833 ns
[2025-09-16T07:58:32.034+0000][185][info ][safepoint   ] Safepoint "Cleanup", Time since last: 3008343793 ns, Reaching safepoint: 44834 ns, Cleanup: 28083 ns, At safepoint: 13292 ns, Total: 86209 ns
[2025-09-16T07:58:40.377+0000][185][info ][safepoint   ] Safepoint "Cleanup", Time since last: 8342402045 ns, Reaching safepoint: 87959 ns, Cleanup: 47083 ns, At safepoint: 21875 ns, Total: 156917 ns
[2025-09-16T07:58:56.399+0000][185][info ][safepoint   ] Safepoint "Cleanup", Time since last: 16022745799 ns, Reaching safepoint: 86250 ns, Cleanup: 61958 ns, At safepoint: 24542 ns, Total: 172750 ns
[2025-09-16T07:58:57.400+0000][185][info ][safepoint   ] Safepoint "Cleanup", Time since last: 1001695792 ns, Reaching safepoint: 82208 ns, Cleanup: 54834 ns, At safepoint: 25291 ns, Total: 162333 ns
[2025-09-16T07:59:10.419+0000][185][info ][safepoint   ] Safepoint "Cleanup", Time since last: 13017806715 ns, Reaching safepoint: 132916 ns, Cleanup: 62417 ns, At safepoint: 30917 ns, Total: 226250 ns
[2025-09-16T07:59:17.607+0000][185][info ][safepoint   ] Safepoint "Cleanup", Time since last: 7186836128 ns, Reaching safepoint: 26625 ns, Cleanup: 14708 ns, At safepoint: 5875 ns, Total: 47208 ns
[2025-09-16T07:59:19.178+0000][185][info ][safepoint   ] Safepoint "Cleanup", Time since last: 1570960459 ns, Reaching safepoint: 39167 ns, Cleanup: 30250 ns, At safepoint: 12958 ns, Total: 82375 ns
[2025-09-16T07:59:27.190+0000][185][info ][safepoint   ] Safepoint "Cleanup", Time since last: 8011420962 ns, Reaching safepoint: 39500 ns, Cleanup: 35334 ns, At safepoint: 10041 ns, Total: 84875 ns
[2025-09-16T07:59:29.593+0000][185][info ][safepoint   ] Safepoint "Cleanup", Time since last: 2403421752 ns, Reaching safepoint: 3916 ns, Cleanup: 6834 ns, At safepoint: 3958 ns, Total: 14708 ns
[2025-09-16T07:59:31.273+0000][185][info ][safepoint   ] Safepoint "Cleanup", Time since last: 1680089251 ns, Reaching safepoint: 19791 ns, Cleanup: 24125 ns, At safepoint: 8292 ns, Total: 52208 ns
[2025-09-16T07:59:32.286+0000][185][info ][safepoint   ] Safepoint "Cleanup", Time since last: 1012277792 ns, Reaching safepoint: 74084 ns, Cleanup: 43416 ns, At safepoint: 21875 ns, Total: 139375 ns
[2025-09-16T07:59:41.465+0000][185][info ][safepoint   ] Safepoint "Cleanup", Time since last: 9179268255 ns, Reaching safepoint: 96791 ns, Cleanup: 40250 ns, At safepoint: 16042 ns, Total: 153083 ns
[2025-09-16T07:59:42.467+0000][185][info ][safepoint   ] Safepoint "Cleanup", Time since last: 1002159541 ns, Reaching safepoint: 89542 ns, Cleanup: 72167 ns, At safepoint: 29625 ns, Total: 191334 ns
[2025-09-16T07:59:43.497+0000][185][info ][safepoint   ] Safepoint "Cleanup", Time since last: 1029425292 ns, Reaching safepoint: 3583 ns, Cleanup: 7625 ns, At safepoint: 4792 ns, Total: 16000 ns
[2025-09-16T07:59:44.529+0000][185][info ][safepoint   ] Safepoint "Cleanup", Time since last: 1032341542 ns, Reaching safepoint: 111042 ns, Cleanup: 56750 ns, At safepoint: 20958 ns, Total: 188750 ns
[2025-09-16T07:59:45.531+0000][185][info ][safepoint   ] Safepoint "Cleanup", Time since last: 1001656667 ns, Reaching safepoint: 116000 ns, Cleanup: 83084 ns, At safepoint: 35458 ns, Total: 234542 ns
[2025-09-16T07:59:48.536+0000][185][info ][safepoint   ] Safepoint "Cleanup", Time since last: 3004491043 ns, Reaching safepoint: 115417 ns, Cleanup: 38708 ns, At safepoint: 9458 ns, Total: 163583 ns
[2025-09-16T07:59:57.550+0000][185][info ][safepoint   ] Safepoint "Cleanup", Time since last: 9013699005 ns, Reaching safepoint: 742833 ns, Cleanup: 57958 ns, At safepoint: 22042 ns, Total: 822833 ns
[2025-09-16T08:00:03.563+0000][185][info ][safepoint   ] Safepoint "Cleanup", Time since last: 6012473753 ns, Reaching safepoint: 45500 ns, Cleanup: 37125 ns, At safepoint: 11125 ns, Total: 93750 ns
[2025-09-16T08:00:08.568+0000][185][info ][safepoint   ] Safepoint "Cleanup", Time since last: 5004722752 ns, Reaching safepoint: 15459 ns, Cleanup: 12416 ns, At safepoint: 6375 ns, Total: 34250 ns
[2025-09-16T08:00:09.569+0000][185][info ][safepoint   ] Safepoint "Cleanup", Time since last: 1001537501 ns, Reaching safepoint: 15500 ns, Cleanup: 11583 ns, At safepoint: 7125 ns, Total: 34208 ns
[2025-09-16T08:00:13.574+0000][185][info ][safepoint   ] Safepoint "Cleanup", Time since last: 4004810418 ns, Reaching safepoint: 37500 ns, Cleanup: 36959 ns, At safepoint: 10875 ns, Total: 85334 ns
[2025-09-16T08:00:28.593+0000][185][info ][safepoint   ] Safepoint "Cleanup", Time since last: 15018756257 ns, Reaching safepoint: 84791 ns, Cleanup: 53167 ns, At safepoint: 11917 ns, Total: 149875 ns
[2025-09-16T08:00:32.645+0000][185][info ][safepoint   ] Safepoint "Cleanup", Time since last: 4051296502 ns, Reaching safepoint: 5541 ns, Cleanup: 13584 ns, At safepoint: 9166 ns, Total: 28291 ns
[2025-09-16T08:00:34.460+0000][185][info ][safepoint   ] Safepoint "Cleanup", Time since last: 1815502960 ns, Reaching safepoint: 11958 ns, Cleanup: 37958 ns, At safepoint: 11542 ns, Total: 61458 ns
[2025-09-16T08:00:52.599+0000][185][info ][safepoint   ] Safepoint "Cleanup", Time since last: 18138421591 ns, Reaching safepoint: 126667 ns, Cleanup: 38041 ns, At safepoint: 22875 ns, Total: 187583 ns
[2025-09-16T08:01:06.618+0000][185][info ][safepoint   ] Safepoint "Cleanup", Time since last: 14019416257 ns, Reaching safepoint: 407542 ns, Cleanup: 49125 ns, At safepoint: 25166 ns, Total: 481833 ns
[2025-09-16T08:01:07.621+0000][185][info ][safepoint   ] Safepoint "Cleanup", Time since last: 1001212167 ns, Reaching safepoint: 957209 ns, Cleanup: 28458 ns, At safepoint: 18750 ns, Total: 1004417 ns
[2025-09-16T08:01:09.715+0000][185][info ][safepoint   ] Safepoint "Cleanup", Time since last: 2094027793 ns, Reaching safepoint: 103916 ns, Cleanup: 71709 ns, At safepoint: 16708 ns, Total: 192333 ns
[2025-09-16T08:01:11.716+0000][185][info ][safepoint   ] Safepoint "Cleanup", Time since last: 2001558501 ns, Reaching safepoint: 36917 ns, Cleanup: 22291 ns, At safepoint: 10000 ns, Total: 69208 ns
[2025-09-16T08:01:13.721+0000][185][info ][safepoint   ] Safepoint "Cleanup", Time since last: 2003204709 ns, Reaching safepoint: 1147917 ns, Cleanup: 41666 ns, At safepoint: 39209 ns, Total: 1228792 ns
[2025-09-16T08:01:18.726+0000][185][info ][safepoint   ] Safepoint "Cleanup", Time since last: 5004967627 ns, Reaching safepoint: 38375 ns, Cleanup: 18042 ns, At safepoint: 11916 ns, Total: 68333 ns
[2025-09-16T08:01:31.746+0000][185][info ][safepoint   ] Safepoint "Cleanup", Time since last: 13019516132 ns, Reaching safepoint: 182416 ns, Cleanup: 66750 ns, At safepoint: 39417 ns, Total: 288583 ns
[2025-09-16T08:01:32.748+0000][185][info ][safepoint   ] Safepoint "Cleanup", Time since last: 1002145792 ns, Reaching safepoint: 45417 ns, Cleanup: 27541 ns, At safepoint: 11917 ns, Total: 84875 ns
[2025-09-16T08:01:33.751+0000][185][info ][safepoint   ] Safepoint "Cleanup", Time since last: 1002252251 ns, Reaching safepoint: 84166 ns, Cleanup: 47125 ns, At safepoint: 23375 ns, Total: 154666 ns
[2025-09-16T08:01:35.629+0000][185][info ][safepoint   ] Safepoint "Cleanup", Time since last: 1878730751 ns, Reaching safepoint: 5500 ns, Cleanup: 16167 ns, At safepoint: 6541 ns, Total: 28208 ns
[2025-09-16T08:01:36.630+0000][185][info ][safepoint   ] Safepoint "Cleanup", Time since last: 1000797709 ns, Reaching safepoint: 5584 ns, Cleanup: 56916 ns, At safepoint: 13125 ns, Total: 75625 ns
[2025-09-16T08:01:37.657+0000][185][info ][safepoint   ] Safepoint "Cleanup", Time since last: 1026758376 ns, Reaching safepoint: 21375 ns, Cleanup: 38583 ns, At safepoint: 12792 ns, Total: 72750 ns
[2025-09-16T08:01:44.648+0000][185][info ][safepoint   ] Safepoint "Cleanup", Time since last: 6990100836 ns, Reaching safepoint: 420250 ns, Cleanup: 42416 ns, At safepoint: 12334 ns, Total: 475000 ns
[2025-09-16T08:01:53.668+0000][185][info ][safepoint   ] Safepoint "Cleanup", Time since last: 9019608962 ns, Reaching safepoint: 68167 ns, Cleanup: 45417 ns, At safepoint: 121958 ns, Total: 235542 ns
[2025-09-16T08:02:02.689+0000][185][info ][safepoint   ] Safepoint "Cleanup", Time since last: 9021694629 ns, Reaching safepoint: 64084 ns, Cleanup: 32791 ns, At safepoint: 15750 ns, Total: 112625 ns
[2025-09-16T08:02:14.723+0000][185][info ][safepoint   ] Safepoint "Cleanup", Time since last: 12033536380 ns, Reaching safepoint: 87000 ns, Cleanup: 77959 ns, At safepoint: 25375 ns, Total: 190334 ns
[2025-09-16T08:02:38.639+0000][185][info ][safepoint   ] Safepoint "Cleanup", Time since last: 23915317511 ns, Reaching safepoint: 553084 ns, Cleanup: 15750 ns, At safepoint: 9708 ns, Total: 578542 ns
[2025-09-16T08:02:39.830+0000][185][info ][safepoint   ] Safepoint "Cleanup", Time since last: 1191283709 ns, Reaching safepoint: 12125 ns, Cleanup: 85750 ns, At safepoint: 17083 ns, Total: 114958 ns
[2025-09-16T08:02:43.871+0000][185][info ][safepoint   ] Safepoint "Cleanup", Time since last: 4040072251 ns, Reaching safepoint: 17167 ns, Cleanup: 15375 ns, At safepoint: 8083 ns, Total: 40625 ns
[2025-09-16T08:03:08.906+0000][185][info ][safepoint   ] Safepoint "Cleanup", Time since last: 25034623470 ns, Reaching safepoint: 71042 ns, Cleanup: 36833 ns, At safepoint: 16500 ns, Total: 124375 ns
[2025-09-16T08:03:09.907+0000][185][info ][safepoint   ] Safepoint "Cleanup", Time since last: 1001675834 ns, Reaching safepoint: 98917 ns, Cleanup: 43916 ns, At safepoint: 27709 ns, Total: 170542 ns
[2025-09-16T08:03:13.911+0000][185][info ][safepoint   ] Safepoint "Cleanup", Time since last: 4003298709 ns, Reaching safepoint: 67000 ns, Cleanup: 35459 ns, At safepoint: 11250 ns, Total: 113709 ns
[2025-09-16T08:03:17.916+0000][185][info ][safepoint   ] Safepoint "Cleanup", Time since last: 4005039543 ns, Reaching safepoint: 90709 ns, Cleanup: 24750 ns, At safepoint: 14000 ns, Total: 129459 ns
[2025-09-16T08:03:29.941+0000][185][info ][safepoint   ] Safepoint "Cleanup", Time since last: 12024344755 ns, Reaching safepoint: 451625 ns, Cleanup: 84667 ns, At safepoint: 31667 ns, Total: 567959 ns
[2025-09-16T08:03:41.654+0000][185][info ][safepoint   ] Safepoint "Cleanup", Time since last: 11713729880 ns, Reaching safepoint: 5250 ns, Cleanup: 12750 ns, At safepoint: 5709 ns, Total: 23709 ns
[2025-09-16T08:03:43.070+0000][185][info ][safepoint   ] Safepoint "Cleanup", Time since last: 1415223208 ns, Reaching safepoint: 77167 ns, Cleanup: 67208 ns, At safepoint: 22584 ns, Total: 166959 ns
[2025-09-16T08:03:44.072+0000][185][info ][safepoint   ] Safepoint "Cleanup", Time since last: 1001614625 ns, Reaching safepoint: 81042 ns, Cleanup: 47333 ns, At safepoint: 20500 ns, Total: 148875 ns
[2025-09-16T08:04:21.157+0000][185][info ][safepoint   ] Safepoint "Cleanup", Time since last: 37085450351 ns, Reaching safepoint: 8000 ns, Cleanup: 18416 ns, At safepoint: 13167 ns, Total: 39583 ns
[2025-09-16T08:04:24.185+0000][185][info ][safepoint   ] Safepoint "Cleanup", Time since last: 3028136335 ns, Reaching safepoint: 51333 ns, Cleanup: 34125 ns, At safepoint: 7542 ns, Total: 93000 ns
[2025-09-16T08:04:27.194+0000][185][info ][safepoint   ] Safepoint "Cleanup", Time since last: 3008802501 ns, Reaching safepoint: 87542 ns, Cleanup: 67375 ns, At safepoint: 25375 ns, Total: 180292 ns
[2025-09-16T08:04:43.574+0000][185][info ][safepoint   ] Safepoint "Cleanup", Time since last: 16379020257 ns, Reaching safepoint: 43750 ns, Cleanup: 19792 ns, At safepoint: 9917 ns, Total: 73459 ns
[2025-09-16T08:04:44.646+0000][185][info ][safepoint   ] Safepoint "Cleanup", Time since last: 1072417833 ns, Reaching safepoint: 6292 ns, Cleanup: 9167 ns, At safepoint: 6250 ns, Total: 21709 ns
[2025-09-16T08:04:46.310+0000][185][info ][safepoint   ] Safepoint "Cleanup", Time since last: 1663884042 ns, Reaching safepoint: 18917 ns, Cleanup: 55000 ns, At safepoint: 13125 ns, Total: 87042 ns
[2025-09-16T08:04:48.319+0000][185][info ][safepoint   ] Safepoint "Cleanup", Time since last: 2008457876 ns, Reaching safepoint: 86583 ns, Cleanup: 38500 ns, At safepoint: 23834 ns, Total: 148917 ns
[2025-09-16T08:04:57.349+0000][185][info ][safepoint   ] Safepoint "Cleanup", Time since last: 9029346795 ns, Reaching safepoint: 751084 ns, Cleanup: 85333 ns, At safepoint: 21125 ns, Total: 857542 ns
[2025-09-16T08:05:08.250+0000][185][info ][gc,start    ] GC(35) Pause Young (Concurrent Start) (G1 Evacuation Pause)
[2025-09-16T08:05:08.252+0000][185][info ][gc,task     ] GC(35) Using 8 workers of 8 for evacuation
[2025-09-16T08:05:08.252+0000][185][debug][gc,age      ] GC(35) Desired survivor size 41943040 bytes, new threshold 15 (max threshold 15)
[2025-09-16T08:05:08.321+0000][185][info ][gc,phases   ] GC(35)   Pre Evacuate Collection Set: 1.79ms
[2025-09-16T08:05:08.322+0000][185][info ][gc,phases   ] GC(35)   Merge Heap Roots: 0.26ms
[2025-09-16T08:05:08.322+0000][185][info ][gc,phases   ] GC(35)   Evacuate Collection Set: 63.26ms
[2025-09-16T08:05:08.322+0000][185][info ][gc,phases   ] GC(35)   Post Evacuate Collection Set: 3.63ms
[2025-09-16T08:05:08.322+0000][185][info ][gc,phases   ] GC(35)   Other: 0.98ms
[2025-09-16T08:05:08.322+0000][185][trace][gc,age      ] GC(35) Age table with threshold 15 (max threshold 15)
[2025-09-16T08:05:08.322+0000][185][trace][gc,age      ] GC(35) - age   1:     760416 bytes,     760416 total
[2025-09-16T08:05:08.322+0000][185][trace][gc,age      ] GC(35) - age   2:     715184 bytes,    1475600 total
[2025-09-16T08:05:08.322+0000][185][trace][gc,age      ] GC(35) - age   3:    1311984 bytes,    2787584 total
[2025-09-16T08:05:08.322+0000][185][trace][gc,age      ] GC(35) - age   4:     349400 bytes,    3136984 total
[2025-09-16T08:05:08.322+0000][185][trace][gc,age      ] GC(35) - age   5:     420672 bytes,    3557656 total
[2025-09-16T08:05:08.322+0000][185][trace][gc,age      ] GC(35) - age   6:      24376 bytes,    3582032 total
[2025-09-16T08:05:08.322+0000][185][trace][gc,age      ] GC(35) - age   7:     336688 bytes,    3918720 total
[2025-09-16T08:05:08.322+0000][185][trace][gc,age      ] GC(35) - age   8:      70808 bytes,    3989528 total
[2025-09-16T08:05:08.322+0000][185][trace][gc,age      ] GC(35) - age   9:     417496 bytes,    4407024 total
[2025-09-16T08:05:08.322+0000][185][trace][gc,age      ] GC(35) - age  10:     288200 bytes,    4695224 total
[2025-09-16T08:05:08.322+0000][185][trace][gc,age      ] GC(35) - age  11:    1114064 bytes,    5809288 total
[2025-09-16T08:05:08.322+0000][185][trace][gc,age      ] GC(35) - age  12:    1588360 bytes,    7397648 total
[2025-09-16T08:05:08.322+0000][185][trace][gc,age      ] GC(35) - age  13:    6025832 bytes,   13423480 total
[2025-09-16T08:05:08.322+0000][185][trace][gc,age      ] GC(35) - age  14:     457968 bytes,   13881448 total
[2025-09-16T08:05:08.322+0000][185][trace][gc,age      ] GC(35) - age  15:    1917112 bytes,   15798560 total
[2025-09-16T08:05:08.322+0000][185][info ][gc,heap     ] GC(35) Eden regions: 144->0(148)
[2025-09-16T08:05:08.322+0000][185][info ][gc,heap     ] GC(35) Survivor regions: 9->5(20)
[2025-09-16T08:05:08.322+0000][185][info ][gc,heap     ] GC(35) Old regions: 29->33
[2025-09-16T08:05:08.323+0000][185][info ][gc,heap     ] GC(35) Humongous regions: 2->2
[2025-09-16T08:05:08.323+0000][185][info ][gc,metaspace] GC(35) Metaspace: 162278K(166656K)->162278K(166656K) NonClass: 140315K(142400K)->140315K(142400K) Class: 21962K(24256K)->21962K(24256K)
[2025-09-16T08:05:08.323+0000][185][info ][gc          ] GC(35) Pause Young (Concurrent Start) (G1 Evacuation Pause) 733M->157M(1024M) 72.626ms
[2025-09-16T08:05:08.323+0000][185][info ][gc          ] GC(36) Concurrent Mark Cycle
[2025-09-16T08:05:08.323+0000][185][info ][gc,marking  ] GC(36) Concurrent Scan Root Regions
[2025-09-16T08:05:08.323+0000][185][info ][gc,cpu      ] GC(35) User=0.51s Sys=0.00s Real=0.07s
[2025-09-16T08:05:08.323+0000][185][info ][safepoint   ] Safepoint "G1CollectForAllocation", Time since last: 10900291505 ns, Reaching safepoint: 240125 ns, Cleanup: 21834 ns, At safepoint: 73233000 ns, Total: 73494959 ns
[2025-09-16T08:05:08.340+0000][185][info ][gc,marking  ] GC(36) Concurrent Scan Root Regions 16.964ms
[2025-09-16T08:05:08.340+0000][185][info ][gc,marking  ] GC(36) Concurrent Mark
[2025-09-16T08:05:08.340+0000][185][info ][gc,marking  ] GC(36) Concurrent Mark From Roots
[2025-09-16T08:05:08.340+0000][185][info ][gc,task     ] GC(36) Using 2 workers of 2 for marking
[2025-09-16T08:05:08.399+0000][185][info ][gc,marking  ] GC(36) Concurrent Mark From Roots 59.477ms
[2025-09-16T08:05:08.400+0000][185][info ][gc,marking  ] GC(36) Concurrent Preclean
[2025-09-16T08:05:08.400+0000][185][info ][gc,marking  ] GC(36) Concurrent Preclean 0.318ms
[2025-09-16T08:05:08.400+0000][185][info ][gc,start    ] GC(36) Pause Remark
[2025-09-16T08:05:08.446+0000][185][info ][gc          ] GC(36) Pause Remark 160M->160M(1024M) 45.845ms
[2025-09-16T08:05:08.446+0000][185][info ][gc,cpu      ] GC(36) User=0.33s Sys=0.00s Real=0.04s
[2025-09-16T08:05:08.446+0000][185][info ][safepoint   ] Safepoint "G1PauseRemark", Time since last: 76946458 ns, Reaching safepoint: 30500 ns, Cleanup: 3708 ns, At safepoint: 46138500 ns, Total: 46172708 ns
[2025-09-16T08:05:08.446+0000][185][info ][gc,marking  ] GC(36) Concurrent Mark 106.383ms
[2025-09-16T08:05:08.446+0000][185][info ][gc,marking  ] GC(36) Concurrent Rebuild Remembered Sets and Scrub Regions
[2025-09-16T08:05:08.475+0000][185][info ][gc,marking  ] GC(36) Concurrent Rebuild Remembered Sets and Scrub Regions 28.265ms
[2025-09-16T08:05:08.475+0000][185][info ][gc,start    ] GC(36) Pause Cleanup
[2025-09-16T08:05:08.475+0000][185][info ][gc          ] GC(36) Pause Cleanup 160M->160M(1024M) 0.171ms
[2025-09-16T08:05:08.475+0000][185][info ][gc,cpu      ] GC(36) User=0.00s Sys=0.00s Real=0.00s
[2025-09-16T08:05:08.475+0000][185][info ][safepoint   ] Safepoint "G1PauseCleanup", Time since last: 28646542 ns, Reaching safepoint: 12042 ns, Cleanup: 63625 ns, At safepoint: 342708 ns, Total: 418375 ns
[2025-09-16T08:05:08.475+0000][185][info ][gc,marking  ] GC(36) Concurrent Clear Claimed Marks
[2025-09-16T08:05:08.476+0000][185][info ][gc,marking  ] GC(36) Concurrent Clear Claimed Marks 0.404ms
[2025-09-16T08:05:08.476+0000][185][info ][gc,marking  ] GC(36) Concurrent Cleanup for Next Mark
[2025-09-16T08:05:08.479+0000][185][info ][gc,marking  ] GC(36) Concurrent Cleanup for Next Mark 2.792ms
[2025-09-16T08:05:08.479+0000][185][info ][gc          ] GC(36) Concurrent Mark Cycle 155.908ms
[2025-09-16T08:05:09.478+0000][185][info ][safepoint   ] Safepoint "Cleanup", Time since last: 1002379376 ns, Reaching safepoint: 21833 ns, Cleanup: 56542 ns, At safepoint: 6875 ns, Total: 85250 ns
[2025-09-16T08:05:13.483+0000][185][info ][safepoint   ] Safepoint "Cleanup", Time since last: 4006596876 ns, Reaching safepoint: 110333 ns, Cleanup: 77125 ns, At safepoint: 19084 ns, Total: 206542 ns
[2025-09-16T08:05:27.510+0000][185][info ][safepoint   ] Safepoint "Cleanup", Time since last: 14025698465 ns, Reaching safepoint: 371625 ns, Cleanup: 80625 ns, At safepoint: 84166 ns, Total: 536416 ns
[2025-09-16T08:05:39.204+0000][185][info ][safepoint   ] Safepoint "Cleanup", Time since last: 11694264422 ns, Reaching safepoint: 26042 ns, Cleanup: 61125 ns, At safepoint: 18250 ns, Total: 105417 ns
[2025-09-16T08:05:48.450+0000][185][info ][safepoint   ] Safepoint "Cleanup", Time since last: 9244795421 ns, Reaching safepoint: 16917 ns, Cleanup: 22250 ns, At safepoint: 32250 ns, Total: 71417 ns
[2025-09-16T08:06:08.610+0000][185][info ][safepoint   ] Safepoint "Cleanup", Time since last: 20159573759 ns, Reaching safepoint: 465750 ns, Cleanup: 61792 ns, At safepoint: 26875 ns, Total: 554417 ns
[2025-09-16T08:06:09.614+0000][185][info ][safepoint   ] Safepoint "Cleanup", Time since last: 1003453709 ns, Reaching safepoint: 88125 ns, Cleanup: 45791 ns, At safepoint: 13959 ns, Total: 147875 ns
[2025-09-16T08:06:29.654+0000][185][info ][safepoint   ] Safepoint "Cleanup", Time since last: 20040186050 ns, Reaching safepoint: 17667 ns, Cleanup: 31375 ns, At safepoint: 9667 ns, Total: 58709 ns
[2025-09-16T08:06:44.403+0000][185][info ][safepoint   ] Safepoint "Cleanup", Time since last: 14747829047 ns, Reaching safepoint: 212125 ns, Cleanup: 57334 ns, At safepoint: 32083 ns, Total: 301542 ns
[2025-09-16T08:06:48.412+0000][185][info ][safepoint   ] Safepoint "Cleanup", Time since last: 4009474544 ns, Reaching safepoint: 123833 ns, Cleanup: 42958 ns, At safepoint: 18084 ns, Total: 184875 ns
[2025-09-16T08:06:50.678+0000][185][info ][safepoint   ] Safepoint "Cleanup", Time since last: 2266199459 ns, Reaching safepoint: 5083 ns, Cleanup: 7917 ns, At safepoint: 4792 ns, Total: 17792 ns
[2025-09-16T08:06:51.697+0000][185][info ][safepoint   ] Safepoint "Cleanup", Time since last: 1018155667 ns, Reaching safepoint: 63291 ns, Cleanup: 21417 ns, At safepoint: 9625 ns, Total: 94333 ns
[2025-09-16T08:06:57.778+0000][185][info ][safepoint   ] Safepoint "Cleanup", Time since last: 6079740503 ns, Reaching safepoint: 1255125 ns, Cleanup: 95542 ns, At safepoint: 56625 ns, Total: 1407292 ns
[2025-09-16T08:07:53.470+0000][185][info ][safepoint   ] Safepoint "Cleanup", Time since last: 55691921608 ns, Reaching safepoint: 215542 ns, Cleanup: 65333 ns, At safepoint: 77375 ns, Total: 358250 ns
[2025-09-16T08:07:54.991+0000][185][info ][safepoint   ] Safepoint "Cleanup", Time since last: 1521693084 ns, Reaching safepoint: 17750 ns, Cleanup: 35625 ns, At safepoint: 8208 ns, Total: 61583 ns
[2025-09-16T08:08:10.045+0000][185][info ][safepoint   ] Safepoint "Cleanup", Time since last: 15053108258 ns, Reaching safepoint: 34083 ns, Cleanup: 20917 ns, At safepoint: 17625 ns, Total: 72625 ns
[2025-09-16T08:08:57.234+0000][185][info ][safepoint   ] Safepoint "Cleanup", Time since last: 47189610854 ns, Reaching safepoint: 35333 ns, Cleanup: 18084 ns, At safepoint: 8208 ns, Total: 61625 ns
[2025-09-16T08:09:23.722+0000][185][info ][safepoint   ] Safepoint "Cleanup", Time since last: 26487970928 ns, Reaching safepoint: 41292 ns, Cleanup: 15500 ns, At safepoint: 10500 ns, Total: 67292 ns
[2025-09-16T08:09:25.312+0000][185][info ][safepoint   ] Safepoint "Cleanup", Time since last: 1589570584 ns, Reaching safepoint: 54958 ns, Cleanup: 35209 ns, At safepoint: 12750 ns, Total: 102917 ns
[2025-09-16T08:09:43.938+0000][185][info ][safepoint   ] Safepoint "Cleanup", Time since last: 18625191800 ns, Reaching safepoint: 4833 ns, Cleanup: 6792 ns, At safepoint: 2791 ns, Total: 14416 ns
[2025-09-16T08:09:59.734+0000][185][info ][safepoint   ] Safepoint "Cleanup", Time since last: 15796221050 ns, Reaching safepoint: 19625 ns, Cleanup: 17166 ns, At safepoint: 4667 ns, Total: 41458 ns
[2025-09-16T08:10:01.534+0000][185][info ][safepoint   ] Safepoint "Cleanup", Time since last: 1800122917 ns, Reaching safepoint: 16250 ns, Cleanup: 26667 ns, At safepoint: 23667 ns, Total: 66584 ns
[2025-09-16T08:10:13.567+0000][185][info ][safepoint   ] Safepoint "Cleanup", Time since last: 12033116422 ns, Reaching safepoint: 83500 ns, Cleanup: 27917 ns, At safepoint: 15875 ns, Total: 127292 ns
[2025-09-16T08:10:14.572+0000][185][info ][safepoint   ] Safepoint "Cleanup", Time since last: 1005126458 ns, Reaching safepoint: 69375 ns, Cleanup: 39292 ns, At safepoint: 16708 ns, Total: 125375 ns
[2025-09-16T08:10:43.955+0000][185][info ][safepoint   ] Safepoint "Cleanup", Time since last: 29381727264 ns, Reaching safepoint: 50833 ns, Cleanup: 42000 ns, At safepoint: 19334 ns, Total: 112167 ns
[2025-09-16T08:10:44.957+0000][185][info ][safepoint   ] Safepoint "Cleanup", Time since last: 1002139209 ns, Reaching safepoint: 67250 ns, Cleanup: 39833 ns, At safepoint: 18542 ns, Total: 125625 ns
[2025-09-16T08:10:47.966+0000][185][info ][safepoint   ] Safepoint "Cleanup", Time since last: 3008848168 ns, Reaching safepoint: 44208 ns, Cleanup: 38292 ns, At safepoint: 12291 ns, Total: 94791 ns
[2025-09-16T08:10:58.988+0000][185][info ][safepoint   ] Safepoint "Cleanup", Time since last: 11021556131 ns, Reaching safepoint: 373583 ns, Cleanup: 60167 ns, At safepoint: 32416 ns, Total: 466166 ns
[2025-09-16T08:10:59.995+0000][185][info ][safepoint   ] Safepoint "Cleanup", Time since last: 1007247501 ns, Reaching safepoint: 74291 ns, Cleanup: 176834 ns, At safepoint: 30333 ns, Total: 281458 ns
[2025-09-16T08:11:02.728+0000][185][info ][safepoint   ] Safepoint "Cleanup", Time since last: 2732976210 ns, Reaching safepoint: 6125 ns, Cleanup: 15625 ns, At safepoint: 7000 ns, Total: 28750 ns
[2025-09-16T08:11:03.983+0000][185][info ][safepoint   ] Safepoint "Cleanup", Time since last: 1254505084 ns, Reaching safepoint: 12208 ns, Cleanup: 34042 ns, At safepoint: 8750 ns, Total: 55000 ns
[2025-09-16T08:11:10.000+0000][185][info ][safepoint   ] Safepoint "Cleanup", Time since last: 6016640836 ns, Reaching safepoint: 54750 ns, Cleanup: 32083 ns, At safepoint: 24083 ns, Total: 110916 ns
[2025-09-16T08:11:44.015+0000][185][info ][safepoint   ] Safepoint "Cleanup", Time since last: 34014723474 ns, Reaching safepoint: 85375 ns, Cleanup: 75875 ns, At safepoint: 31500 ns, Total: 192750 ns
[2025-09-16T08:12:03.067+0000][185][info ][safepoint   ] Safepoint "Cleanup", Time since last: 19052116884 ns, Reaching safepoint: 80542 ns, Cleanup: 50208 ns, At safepoint: 23959 ns, Total: 154709 ns
[2025-09-16T08:12:04.073+0000][185][info ][safepoint   ] Safepoint "Cleanup", Time since last: 1005736875 ns, Reaching safepoint: 141958 ns, Cleanup: 34250 ns, At safepoint: 38917 ns, Total: 215125 ns
[2025-09-16T08:12:06.111+0000][185][info ][safepoint   ] Safepoint "Cleanup", Time since last: 2038176876 ns, Reaching safepoint: 79000 ns, Cleanup: 32083 ns, At safepoint: 15917 ns, Total: 127000 ns
[2025-09-16T08:12:07.159+0000][185][info ][safepoint   ] Safepoint "Cleanup", Time since last: 1047499167 ns, Reaching safepoint: 11958 ns, Cleanup: 14459 ns, At safepoint: 6458 ns, Total: 32875 ns
[2025-09-16T08:12:24.204+0000][185][info ][safepoint   ] Safepoint "Cleanup", Time since last: 17034416424 ns, Reaching safepoint: 10420167 ns, Cleanup: 36125 ns, At safepoint: 23792 ns, Total: 10480084 ns
[2025-09-16T08:12:38.728+0000][185][info ][gc,start    ] GC(37) Pause Young (Prepare Mixed) (G1 Evacuation Pause)
[2025-09-16T08:12:38.729+0000][185][info ][gc,task     ] GC(37) Using 8 workers of 8 for evacuation
[2025-09-16T08:12:38.729+0000][185][debug][gc,age      ] GC(37) Desired survivor size 41943040 bytes, new threshold 15 (max threshold 15)
[2025-09-16T08:12:38.784+0000][185][info ][gc,phases   ] GC(37)   Pre Evacuate Collection Set: 1.74ms
[2025-09-16T08:12:38.784+0000][185][info ][gc,phases   ] GC(37)   Merge Heap Roots: 0.47ms
[2025-09-16T08:12:38.785+0000][185][info ][gc,phases   ] GC(37)   Evacuate Collection Set: 48.88ms
[2025-09-16T08:12:38.785+0000][185][info ][gc,phases   ] GC(37)   Post Evacuate Collection Set: 3.52ms
[2025-09-16T08:12:38.785+0000][185][info ][gc,phases   ] GC(37)   Other: 0.64ms
[2025-09-16T08:12:38.785+0000][185][trace][gc,age      ] GC(37) Age table with threshold 15 (max threshold 15)
[2025-09-16T08:12:38.785+0000][185][trace][gc,age      ] GC(37) - age   1:     725576 bytes,     725576 total
[2025-09-16T08:12:38.785+0000][185][trace][gc,age      ] GC(37) - age   2:     128488 bytes,     854064 total
[2025-09-16T08:12:38.785+0000][185][trace][gc,age      ] GC(37) - age   3:     709776 bytes,    1563840 total
[2025-09-16T08:12:38.785+0000][185][trace][gc,age      ] GC(37) - age   4:    1148120 bytes,    2711960 total
[2025-09-16T08:12:38.785+0000][185][trace][gc,age      ] GC(37) - age   5:     348040 bytes,    3060000 total
[2025-09-16T08:12:38.785+0000][185][trace][gc,age      ] GC(37) - age   6:     420216 bytes,    3480216 total
[2025-09-16T08:12:38.785+0000][185][trace][gc,age      ] GC(37) - age   7:      24376 bytes,    3504592 total
[2025-09-16T08:12:38.785+0000][185][trace][gc,age      ] GC(37) - age   8:     336624 bytes,    3841216 total
[2025-09-16T08:12:38.785+0000][185][trace][gc,age      ] GC(37) - age   9:      70808 bytes,    3912024 total
[2025-09-16T08:12:38.785+0000][185][trace][gc,age      ] GC(37) - age  10:     417496 bytes,    4329520 total
[2025-09-16T08:12:38.786+0000][185][trace][gc,age      ] GC(37) - age  11:     288200 bytes,    4617720 total
[2025-09-16T08:12:38.786+0000][185][trace][gc,age      ] GC(37) - age  12:    1114064 bytes,    5731784 total
[2025-09-16T08:12:38.786+0000][185][trace][gc,age      ] GC(37) - age  13:    1588360 bytes,    7320144 total
[2025-09-16T08:12:38.786+0000][185][trace][gc,age      ] GC(37) - age  14:    6025832 bytes,   13345976 total
[2025-09-16T08:12:38.786+0000][185][trace][gc,age      ] GC(37) - age  15:     456448 bytes,   13802424 total
[2025-09-16T08:12:38.786+0000][185][info ][gc,heap     ] GC(37) Eden regions: 148->0(149)
[2025-09-16T08:12:38.786+0000][185][info ][gc,heap     ] GC(37) Survivor regions: 5->4(20)
[2025-09-16T08:12:38.786+0000][185][info ][gc,heap     ] GC(37) Old regions: 33->34
[2025-09-16T08:12:38.786+0000][185][info ][gc,heap     ] GC(37) Humongous regions: 2->2
[2025-09-16T08:12:38.786+0000][185][info ][gc,metaspace] GC(37) Metaspace: 162351K(166720K)->162351K(166720K) NonClass: 140387K(142464K)->140387K(142464K) Class: 21964K(24256K)->21964K(24256K)
[2025-09-16T08:12:38.786+0000][185][info ][gc          ] GC(37) Pause Young (Prepare Mixed) (G1 Evacuation Pause) 749M->157M(1024M) 58.249ms
[2025-09-16T08:12:38.786+0000][185][info ][gc,cpu      ] GC(37) User=0.39s Sys=0.00s Real=0.06s
[2025-09-16T08:12:38.786+0000][185][info ][safepoint   ] Safepoint "G1CollectForAllocation", Time since last: 14523985548 ns, Reaching safepoint: 34500 ns, Cleanup: 7125 ns, At safepoint: 58521459 ns, Total: 58563084 ns
[2025-09-16T08:12:39.787+0000][185][info ][safepoint   ] Safepoint "Cleanup", Time since last: 1000456250 ns, Reaching safepoint: 98958 ns, Cleanup: 48500 ns, At safepoint: 24334 ns, Total: 171792 ns
[2025-09-16T08:12:54.074+0000][185][info ][safepoint   ] Safepoint "Cleanup", Time since last: 14286728548 ns, Reaching safepoint: 143958 ns, Cleanup: 47458 ns, At safepoint: 21250 ns, Total: 212666 ns
[2025-09-16T08:13:08.772+0000][185][info ][safepoint   ] Safepoint "Cleanup", Time since last: 14698168049 ns, Reaching safepoint: 4500 ns, Cleanup: 6208 ns, At safepoint: 2084 ns, Total: 12792 ns
[2025-09-16T08:13:10.343+0000][185][info ][safepoint   ] Safepoint "Cleanup", Time since last: 1570449834 ns, Reaching safepoint: 21041 ns, Cleanup: 77417 ns, At safepoint: 12417 ns, Total: 110875 ns
[2025-09-16T08:13:18.357+0000][185][info ][safepoint   ] Safepoint "Cleanup", Time since last: 8013953378 ns, Reaching safepoint: 62458 ns, Cleanup: 24500 ns, At safepoint: 8542 ns, Total: 95500 ns
[2025-09-16T08:13:54.118+0000][185][info ][safepoint   ] Safepoint "Cleanup", Time since last: 35760296683 ns, Reaching safepoint: 200459 ns, Cleanup: 66166 ns, At safepoint: 38000 ns, Total: 304625 ns
[2025-09-16T08:13:59.130+0000][185][info ][safepoint   ] Safepoint "Cleanup", Time since last: 5011552211 ns, Reaching safepoint: 850458 ns, Cleanup: 55625 ns, At safepoint: 30875 ns, Total: 936958 ns
[2025-09-16T08:14:10.158+0000][185][info ][safepoint   ] Safepoint "Cleanup", Time since last: 11027275089 ns, Reaching safepoint: 164750 ns, Cleanup: 56875 ns, At safepoint: 23458 ns, Total: 245083 ns
[2025-09-16T08:14:11.813+0000][185][info ][safepoint   ] Safepoint "Cleanup", Time since last: 1655772793 ns, Reaching safepoint: 5500 ns, Cleanup: 12541 ns, At safepoint: 8292 ns, Total: 26333 ns
[2025-09-16T08:14:13.601+0000][185][info ][safepoint   ] Safepoint "Cleanup", Time since last: 1787256667 ns, Reaching safepoint: 13709 ns, Cleanup: 44916 ns, At safepoint: 13667 ns, Total: 72292 ns
[2025-09-16T08:14:14.609+0000][185][info ][safepoint   ] Safepoint "Cleanup", Time since last: 1008064750 ns, Reaching safepoint: 83584 ns, Cleanup: 37041 ns, At safepoint: 16000 ns, Total: 136625 ns
[2025-09-16T08:14:18.617+0000][185][info ][safepoint   ] Safepoint "Cleanup", Time since last: 4007125502 ns, Reaching safepoint: 121459 ns, Cleanup: 29958 ns, At safepoint: 15125 ns, Total: 166542 ns
[2025-09-16T08:14:27.650+0000][185][info ][safepoint   ] Safepoint "Cleanup", Time since last: 9033373213 ns, Reaching safepoint: 15458 ns, Cleanup: 35875 ns, At safepoint: 16458 ns, Total: 67791 ns
[2025-09-16T08:14:28.672+0000][185][info ][safepoint   ] Safepoint "Cleanup", Time since last: 1021476917 ns, Reaching safepoint: 528459 ns, Cleanup: 155125 ns, At safepoint: 59333 ns, Total: 742917 ns
[2025-09-16T08:14:33.680+0000][185][info ][safepoint   ] Safepoint "Cleanup", Time since last: 5007188252 ns, Reaching safepoint: 73875 ns, Cleanup: 40875 ns, At safepoint: 14792 ns, Total: 129542 ns
[2025-09-16T08:14:42.171+0000][185][info ][safepoint   ] Safepoint "Cleanup", Time since last: 8491655545 ns, Reaching safepoint: 103250 ns, Cleanup: 42833 ns, At safepoint: 27292 ns, Total: 173375 ns
[2025-09-16T08:14:43.174+0000][185][info ][safepoint   ] Safepoint "Cleanup", Time since last: 1002789959 ns, Reaching safepoint: 201458 ns, Cleanup: 123917 ns, At safepoint: 22708 ns, Total: 348083 ns
[2025-09-16T08:14:44.626+0000][185][info ][safepoint   ] Safepoint "Cleanup", Time since last: 1451443709 ns, Reaching safepoint: 26375 ns, Cleanup: 45042 ns, At safepoint: 10416 ns, Total: 81833 ns
[2025-09-16T08:14:57.658+0000][185][info ][safepoint   ] Safepoint "Cleanup", Time since last: 13030692715 ns, Reaching safepoint: 1110708 ns, Cleanup: 57084 ns, At safepoint: 29333 ns, Total: 1197125 ns
[2025-09-16T08:15:00.668+0000][185][info ][safepoint   ] Safepoint "Cleanup", Time since last: 3010362501 ns, Reaching safepoint: 148250 ns, Cleanup: 199084 ns, At safepoint: 28833 ns, Total: 376167 ns
[2025-09-16T08:15:07.678+0000][185][info ][safepoint   ] Safepoint "Cleanup", Time since last: 7009872753 ns, Reaching safepoint: 86459 ns, Cleanup: 47250 ns, At safepoint: 25125 ns, Total: 158834 ns
[2025-09-16T08:15:12.691+0000][185][info ][safepoint   ] Safepoint "Cleanup", Time since last: 5012207376 ns, Reaching safepoint: 113250 ns, Cleanup: 66208 ns, At safepoint: 22750 ns, Total: 202208 ns
[2025-09-16T08:15:15.839+0000][185][info ][safepoint   ] Safepoint "Cleanup", Time since last: 3147462835 ns, Reaching safepoint: 709417 ns, Cleanup: 42833 ns, At safepoint: 19334 ns, Total: 771584 ns
[2025-09-16T08:15:16.897+0000][185][info ][safepoint   ] Safepoint "Cleanup", Time since last: 1057965250 ns, Reaching safepoint: 16208 ns, Cleanup: 36084 ns, At safepoint: 14500 ns, Total: 66792 ns
[2025-09-16T08:15:23.909+0000][185][info ][safepoint   ] Safepoint "Cleanup", Time since last: 7011798253 ns, Reaching safepoint: 38167 ns, Cleanup: 14250 ns, At safepoint: 8125 ns, Total: 60542 ns
[2025-09-16T08:15:33.920+0000][185][info ][safepoint   ] Safepoint "Cleanup", Time since last: 10011075505 ns, Reaching safepoint: 23916 ns, Cleanup: 16084 ns, At safepoint: 12458 ns, Total: 52458 ns
[2025-09-16T08:15:54.312+0000][185][info ][safepoint   ] Safepoint "Cleanup", Time since last: 20391128675 ns, Reaching safepoint: 681125 ns, Cleanup: 45334 ns, At safepoint: 11958 ns, Total: 738417 ns
[2025-09-16T08:16:20.123+0000][185][info ][safepoint   ] Safepoint "Cleanup", Time since last: 25810128428 ns, Reaching safepoint: 147167 ns, Cleanup: 63458 ns, At safepoint: 29208 ns, Total: 239833 ns
[2025-09-16T08:16:39.156+0000][185][info ][safepoint   ] Safepoint "Cleanup", Time since last: 19033048259 ns, Reaching safepoint: 642750 ns, Cleanup: 98375 ns, At safepoint: 13917 ns, Total: 755042 ns
[2025-09-16T08:16:54.450+0000][185][info ][safepoint   ] Safepoint "Cleanup", Time since last: 15293913007 ns, Reaching safepoint: 46417 ns, Cleanup: 25333 ns, At safepoint: 9542 ns, Total: 81292 ns
[2025-09-16T08:17:20.835+0000][185][info ][safepoint   ] Safepoint "Cleanup", Time since last: 26384540720 ns, Reaching safepoint: 5125 ns, Cleanup: 14625 ns, At safepoint: 8667 ns, Total: 28417 ns
[2025-09-16T08:17:22.333+0000][185][info ][safepoint   ] Safepoint "Cleanup", Time since last: 1498110709 ns, Reaching safepoint: 12375 ns, Cleanup: 76166 ns, At safepoint: 9375 ns, Total: 97916 ns
[2025-09-16T08:17:49.698+0000][185][info ][safepoint   ] Safepoint "Cleanup", Time since last: 27364516638 ns, Reaching safepoint: 200875 ns, Cleanup: 83250 ns, At safepoint: 23792 ns, Total: 307917 ns
[2025-09-16T08:17:54.715+0000][185][info ][safepoint   ] Safepoint "Cleanup", Time since last: 5016734377 ns, Reaching safepoint: 286792 ns, Cleanup: 54041 ns, At safepoint: 11209 ns, Total: 352042 ns
[2025-09-16T08:18:09.738+0000][185][info ][safepoint   ] Safepoint "Cleanup", Time since last: 15022645840 ns, Reaching safepoint: 112584 ns, Cleanup: 39041 ns, At safepoint: 32042 ns, Total: 183667 ns
[2025-09-16T08:18:17.752+0000][185][info ][safepoint   ] Safepoint "Cleanup", Time since last: 8013438378 ns, Reaching safepoint: 120625 ns, Cleanup: 94500 ns, At safepoint: 34459 ns, Total: 249584 ns
[2025-09-16T08:18:23.765+0000][185][info ][safepoint   ] Safepoint "Cleanup", Time since last: 6012815544 ns, Reaching safepoint: 93292 ns, Cleanup: 81167 ns, At safepoint: 32625 ns, Total: 207084 ns
[2025-09-16T08:18:25.550+0000][185][info ][safepoint   ] Safepoint "Cleanup", Time since last: 1784645959 ns, Reaching safepoint: 15083 ns, Cleanup: 28667 ns, At safepoint: 9125 ns, Total: 52875 ns
[2025-09-16T08:18:35.585+0000][185][info ][safepoint   ] Safepoint "Cleanup", Time since last: 10034411380 ns, Reaching safepoint: 592291 ns, Cleanup: 30709 ns, At safepoint: 19833 ns, Total: 642833 ns
[2025-09-16T08:19:26.865+0000][185][info ][safepoint   ] Safepoint "Cleanup", Time since last: 51280100106 ns, Reaching safepoint: 45667 ns, Cleanup: 16375 ns, At safepoint: 5666 ns, Total: 67708 ns
[2025-09-16T08:19:28.768+0000][185][info ][safepoint   ] Safepoint "Cleanup", Time since last: 1902888209 ns, Reaching safepoint: 22334 ns, Cleanup: 45791 ns, At safepoint: 12375 ns, Total: 80500 ns
[2025-09-16T08:19:30.791+0000][185][info ][safepoint   ] Safepoint "Cleanup", Time since last: 2022790501 ns, Reaching safepoint: 17292 ns, Cleanup: 24208 ns, At safepoint: 9292 ns, Total: 50792 ns
[2025-09-16T08:19:43.782+0000][185][info ][gc,start    ] GC(38) Pause Young (Mixed) (G1 Evacuation Pause)
[2025-09-16T08:19:43.782+0000][185][info ][gc,task     ] GC(38) Using 8 workers of 8 for evacuation
[2025-09-16T08:19:43.782+0000][185][debug][gc,age      ] GC(38) Desired survivor size 41943040 bytes, new threshold 15 (max threshold 15)
[2025-09-16T08:19:43.830+0000][185][info ][gc,phases   ] GC(38)   Pre Evacuate Collection Set: 0.61ms
[2025-09-16T08:19:43.830+0000][185][info ][gc,phases   ] GC(38)   Merge Heap Roots: 0.21ms
[2025-09-16T08:19:43.830+0000][185][info ][gc,phases   ] GC(38)   Evacuate Collection Set: 43.51ms
[2025-09-16T08:19:43.830+0000][185][info ][gc,phases   ] GC(38)   Post Evacuate Collection Set: 3.60ms
[2025-09-16T08:19:43.830+0000][185][info ][gc,phases   ] GC(38)   Other: 0.19ms
[2025-09-16T08:19:43.831+0000][185][trace][gc,age      ] GC(38) Age table with threshold 15 (max threshold 15)
[2025-09-16T08:19:43.831+0000][185][trace][gc,age      ] GC(38) - age   1:    1730048 bytes,    1730048 total
[2025-09-16T08:19:43.831+0000][185][trace][gc,age      ] GC(38) - age   2:      42264 bytes,    1772312 total
[2025-09-16T08:19:43.831+0000][185][trace][gc,age      ] GC(38) - age   3:     109480 bytes,    1881792 total
[2025-09-16T08:19:43.831+0000][185][trace][gc,age      ] GC(38) - age   4:     668376 bytes,    2550168 total
[2025-09-16T08:19:43.831+0000][185][trace][gc,age      ] GC(38) - age   5:    1147792 bytes,    3697960 total
[2025-09-16T08:19:43.831+0000][185][trace][gc,age      ] GC(38) - age   6:     347736 bytes,    4045696 total
[2025-09-16T08:19:43.831+0000][185][trace][gc,age      ] GC(38) - age   7:     305120 bytes,    4350816 total
[2025-09-16T08:19:43.831+0000][185][trace][gc,age      ] GC(38) - age   8:      24376 bytes,    4375192 total
[2025-09-16T08:19:43.831+0000][185][trace][gc,age      ] GC(38) - age   9:     172680 bytes,    4547872 total
[2025-09-16T08:19:43.831+0000][185][trace][gc,age      ] GC(38) - age  10:      70808 bytes,    4618680 total
[2025-09-16T08:19:43.831+0000][185][trace][gc,age      ] GC(38) - age  11:     392864 bytes,    5011544 total
[2025-09-16T08:19:43.831+0000][185][trace][gc,age      ] GC(38) - age  12:     288200 bytes,    5299744 total
[2025-09-16T08:19:43.831+0000][185][trace][gc,age      ] GC(38) - age  13:    1114064 bytes,    6413808 total
[2025-09-16T08:19:43.831+0000][185][trace][gc,age      ] GC(38) - age  14:    1588032 bytes,    8001840 total
[2025-09-16T08:19:43.831+0000][185][trace][gc,age      ] GC(38) - age  15:    6025752 bytes,   14027592 total
[2025-09-16T08:19:43.831+0000][185][info ][gc,heap     ] GC(38) Eden regions: 149->0(149)
[2025-09-16T08:19:43.831+0000][185][info ][gc,heap     ] GC(38) Survivor regions: 4->4(20)
[2025-09-16T08:19:43.832+0000][185][info ][gc,heap     ] GC(38) Old regions: 34->34
[2025-09-16T08:19:43.832+0000][185][info ][gc,heap     ] GC(38) Humongous regions: 2->2
[2025-09-16T08:19:43.832+0000][185][info ][gc,metaspace] GC(38) Metaspace: 162477K(166720K)->162477K(166720K) NonClass: 140513K(142464K)->140513K(142464K) Class: 21964K(24256K)->21964K(24256K)
[2025-09-16T08:19:43.832+0000][185][info ][gc          ] GC(38) Pause Young (Mixed) (G1 Evacuation Pause) 753M->157M(1024M) 49.881ms
[2025-09-16T08:19:43.832+0000][185][info ][gc,cpu      ] GC(38) User=0.33s Sys=0.01s Real=0.05s
[2025-09-16T08:19:43.832+0000][185][info ][safepoint   ] Safepoint "G1CollectForAllocation", Time since last: 12990725005 ns, Reaching safepoint: 19459 ns, Cleanup: 19083 ns, At safepoint: 50195375 ns, Total: 50233917 ns
[2025-09-16T08:20:06.366+0000][185][info ][safepoint   ] Safepoint "Cleanup", Time since last: 22534107427 ns, Reaching safepoint: 364584 ns, Cleanup: 62833 ns, At safepoint: 18625 ns, Total: 446042 ns
[2025-09-16T08:20:10.372+0000][185][info ][safepoint   ] Safepoint "Cleanup", Time since last: 4005717919 ns, Reaching safepoint: 111916 ns, Cleanup: 37000 ns, At safepoint: 29959 ns, Total: 178875 ns
[2025-09-16T08:20:23.398+0000][185][info ][safepoint   ] Safepoint "Cleanup", Time since last: 13024404381 ns, Reaching safepoint: 562291 ns, Cleanup: 91500 ns, At safepoint: 16584 ns, Total: 670375 ns
[2025-09-16T08:20:29.889+0000][185][info ][safepoint   ] Safepoint "Cleanup", Time since last: 6491248794 ns, Reaching safepoint: 8334 ns, Cleanup: 15500 ns, At safepoint: 10000 ns, Total: 33834 ns
[2025-09-16T08:20:31.056+0000][185][info ][safepoint   ] Safepoint "Cleanup", Time since last: 1167046667 ns, Reaching safepoint: 7583 ns, Cleanup: 43417 ns, At safepoint: 14208 ns, Total: 65208 ns
[2025-09-16T08:20:45.073+0000][185][info ][safepoint   ] Safepoint "Cleanup", Time since last: 14016848423 ns, Reaching safepoint: 147417 ns, Cleanup: 37833 ns, At safepoint: 24083 ns, Total: 209333 ns
[2025-09-16T08:21:33.257+0000][185][info ][safepoint   ] Safepoint "Cleanup", Time since last: 48184138731 ns, Reaching safepoint: 69750 ns, Cleanup: 71375 ns, At safepoint: 18667 ns, Total: 159792 ns
[2025-09-16T08:21:35.312+0000][185][info ][safepoint   ] Safepoint "Cleanup", Time since last: 2053450417 ns, Reaching safepoint: 1430084 ns, Cleanup: 29000 ns, At safepoint: 24708 ns, Total: 1483792 ns
[2025-09-16T08:21:49.203+0000][185][info ][safepoint   ] Safepoint "Cleanup", Time since last: 13889551381 ns, Reaching safepoint: 413000 ns, Cleanup: 46083 ns, At safepoint: 24584 ns, Total: 483667 ns
[2025-09-16T08:21:54.216+0000][185][info ][safepoint   ] Safepoint "Cleanup", Time since last: 5013244419 ns, Reaching safepoint: 145500 ns, Cleanup: 56750 ns, At safepoint: 39333 ns, Total: 241583 ns
[2025-09-16T08:22:00.227+0000][185][info ][safepoint   ] Safepoint "Cleanup", Time since last: 6010392503 ns, Reaching safepoint: 17583 ns, Cleanup: 13583 ns, At safepoint: 14959 ns, Total: 46125 ns
[2025-09-16T08:23:10.381+0000][185][info ][safepoint   ] Safepoint "Cleanup", Time since last: 70154034491 ns, Reaching safepoint: 199041 ns, Cleanup: 35167 ns, At safepoint: 15083 ns, Total: 249291 ns
[2025-09-16T08:24:29.950+0000][185][info ][safepoint   ] Safepoint "Cleanup", Time since last: 79568140536 ns, Reaching safepoint: 34458 ns, Cleanup: 20500 ns, At safepoint: 9709 ns, Total: 64667 ns
[2025-09-16T08:24:31.875+0000][185][info ][safepoint   ] Safepoint "Cleanup", Time since last: 1925255667 ns, Reaching safepoint: 58917 ns, Cleanup: 59500 ns, At safepoint: 19083 ns, Total: 137500 ns
[2025-09-16T08:24:36.891+0000][185][info ][safepoint   ] Safepoint "Cleanup", Time since last: 5015640003 ns, Reaching safepoint: 102916 ns, Cleanup: 79584 ns, At safepoint: 15500 ns, Total: 198000 ns
[2025-09-16T08:24:39.900+0000][185][info ][safepoint   ] Safepoint "Cleanup", Time since last: 3009503168 ns, Reaching safepoint: 149000 ns, Cleanup: 34375 ns, At safepoint: 18666 ns, Total: 202041 ns
[2025-09-16T08:24:41.927+0000][185][info ][safepoint   ] Safepoint "Cleanup", Time since last: 2026535210 ns, Reaching safepoint: 8208 ns, Cleanup: 18375 ns, At safepoint: 6917 ns, Total: 33500 ns
[2025-09-16T08:24:42.943+0000][185][info ][safepoint   ] Safepoint "Cleanup", Time since last: 1014826624 ns, Reaching safepoint: 1049375 ns, Cleanup: 20250 ns, At safepoint: 13625 ns, Total: 1083250 ns
[2025-09-16T08:24:43.983+0000][185][info ][safepoint   ] Safepoint "Cleanup", Time since last: 1040028959 ns, Reaching safepoint: 4292 ns, Cleanup: 6833 ns, At safepoint: 2458 ns, Total: 13583 ns
[2025-09-16T08:24:44.984+0000][185][info ][safepoint   ] Safepoint "Cleanup", Time since last: 1001324834 ns, Reaching safepoint: 55917 ns, Cleanup: 28125 ns, At safepoint: 12666 ns, Total: 96708 ns
[2025-09-16T08:24:57.010+0000][185][info ][safepoint   ] Safepoint "Cleanup", Time since last: 12025091923 ns, Reaching safepoint: 88458 ns, Cleanup: 21834 ns, At safepoint: 10916 ns, Total: 121208 ns
[2025-09-16T08:25:27.016+0000][185][info ][safepoint   ] Safepoint "Cleanup", Time since last: 30006181639 ns, Reaching safepoint: 29417 ns, Cleanup: 76333 ns, At safepoint: 4417 ns, Total: 110167 ns
[2025-09-16T08:25:30.112+0000][185][info ][safepoint   ] Safepoint "Cleanup", Time since last: 3096428668 ns, Reaching safepoint: 9041 ns, Cleanup: 13709 ns, At safepoint: 2833 ns, Total: 25583 ns
[2025-09-16T08:26:10.291+0000][185][info ][safepoint   ] Safepoint "Cleanup", Time since last: 40178601935 ns, Reaching safepoint: 188792 ns, Cleanup: 63417 ns, At safepoint: 26958 ns, Total: 279167 ns
[2025-09-16T08:26:14.921+0000][185][info ][gc,start    ] GC(39) Pause Young (Concurrent Start) (G1 Evacuation Pause)
[2025-09-16T08:26:14.922+0000][185][info ][gc,task     ] GC(39) Using 8 workers of 8 for evacuation
[2025-09-16T08:26:14.922+0000][185][debug][gc,age      ] GC(39) Desired survivor size 41943040 bytes, new threshold 15 (max threshold 15)
[2025-09-16T08:26:14.967+0000][185][info ][gc,phases   ] GC(39)   Pre Evacuate Collection Set: 1.60ms
[2025-09-16T08:26:14.967+0000][185][info ][gc,phases   ] GC(39)   Merge Heap Roots: 0.30ms
[2025-09-16T08:26:14.967+0000][185][info ][gc,phases   ] GC(39)   Evacuate Collection Set: 39.42ms
[2025-09-16T08:26:14.967+0000][185][info ][gc,phases   ] GC(39)   Post Evacuate Collection Set: 3.04ms
[2025-09-16T08:26:14.967+0000][185][info ][gc,phases   ] GC(39)   Other: 0.88ms
[2025-09-16T08:26:14.967+0000][185][trace][gc,age      ] GC(39) Age table with threshold 15 (max threshold 15)
[2025-09-16T08:26:14.967+0000][185][trace][gc,age      ] GC(39) - age   1:    1230496 bytes,    1230496 total
[2025-09-16T08:26:14.968+0000][185][trace][gc,age      ] GC(39) - age   2:     394520 bytes,    1625016 total
[2025-09-16T08:26:14.968+0000][185][trace][gc,age      ] GC(39) - age   3:      17552 bytes,    1642568 total
[2025-09-16T08:26:14.968+0000][185][trace][gc,age      ] GC(39) - age   4:     106312 bytes,    1748880 total
[2025-09-16T08:26:14.968+0000][185][trace][gc,age      ] GC(39) - age   5:     565336 bytes,    2314216 total
[2025-09-16T08:26:14.968+0000][185][trace][gc,age      ] GC(39) - age   6:    1147728 bytes,    3461944 total
[2025-09-16T08:26:14.968+0000][185][trace][gc,age      ] GC(39) - age   7:     346216 bytes,    3808160 total
[2025-09-16T08:26:14.968+0000][185][trace][gc,age      ] GC(39) - age   8:     264256 bytes,    4072416 total
[2025-09-16T08:26:14.968+0000][185][trace][gc,age      ] GC(39) - age   9:      24376 bytes,    4096792 total
[2025-09-16T08:26:14.968+0000][185][trace][gc,age      ] GC(39) - age  10:     147912 bytes,    4244704 total
[2025-09-16T08:26:14.968+0000][185][trace][gc,age      ] GC(39) - age  11:      70808 bytes,    4315512 total
[2025-09-16T08:26:14.968+0000][185][trace][gc,age      ] GC(39) - age  12:     343576 bytes,    4659088 total
[2025-09-16T08:26:14.968+0000][185][trace][gc,age      ] GC(39) - age  13:     288200 bytes,    4947288 total
[2025-09-16T08:26:14.968+0000][185][trace][gc,age      ] GC(39) - age  14:    1114064 bytes,    6061352 total
[2025-09-16T08:26:14.968+0000][185][trace][gc,age      ] GC(39) - age  15:    1588032 bytes,    7649384 total
[2025-09-16T08:26:14.968+0000][185][info ][gc,heap     ] GC(39) Eden regions: 149->0(150)
[2025-09-16T08:26:14.968+0000][185][info ][gc,heap     ] GC(39) Survivor regions: 4->3(20)
[2025-09-16T08:26:14.969+0000][185][info ][gc,heap     ] GC(39) Old regions: 34->36
[2025-09-16T08:26:14.969+0000][185][info ][gc,heap     ] GC(39) Humongous regions: 2->2
[2025-09-16T08:26:14.969+0000][185][info ][gc,metaspace] GC(39) Metaspace: 162573K(166848K)->162573K(166848K) NonClass: 140609K(142592K)->140609K(142592K) Class: 21964K(24256K)->21964K(24256K)
[2025-09-16T08:26:14.969+0000][185][info ][gc          ] GC(39) Pause Young (Concurrent Start) (G1 Evacuation Pause) 753M->157M(1024M) 47.536ms
[2025-09-16T08:26:14.969+0000][185][info ][gc          ] GC(40) Concurrent Mark Cycle
[2025-09-16T08:26:14.969+0000][185][info ][gc,marking  ] GC(40) Concurrent Scan Root Regions
[2025-09-16T08:26:14.969+0000][185][info ][gc,cpu      ] GC(39) User=0.28s Sys=0.00s Real=0.04s
[2025-09-16T08:26:14.969+0000][185][info ][safepoint   ] Safepoint "G1CollectForAllocation", Time since last: 4629533502 ns, Reaching safepoint: 87458 ns, Cleanup: 10500 ns, At safepoint: 48037542 ns, Total: 48135500 ns
[2025-09-16T08:26:14.983+0000][185][info ][gc,marking  ] GC(40) Concurrent Scan Root Regions 13.610ms
[2025-09-16T08:26:14.983+0000][185][info ][gc,marking  ] GC(40) Concurrent Mark
[2025-09-16T08:26:14.983+0000][185][info ][gc,marking  ] GC(40) Concurrent Mark From Roots
[2025-09-16T08:26:14.983+0000][185][info ][gc,task     ] GC(40) Using 2 workers of 2 for marking
[2025-09-16T08:26:15.081+0000][185][info ][gc,marking  ] GC(40) Concurrent Mark From Roots 98.728ms
[2025-09-16T08:26:15.082+0000][185][info ][gc,marking  ] GC(40) Concurrent Preclean
[2025-09-16T08:26:15.082+0000][185][info ][gc,marking  ] GC(40) Concurrent Preclean 0.424ms
[2025-09-16T08:26:15.082+0000][185][info ][gc,start    ] GC(40) Pause Remark
[2025-09-16T08:26:15.242+0000][185][info ][gc          ] GC(40) Pause Remark 162M->162M(1024M) 159.583ms
[2025-09-16T08:26:15.242+0000][185][info ][gc,cpu      ] GC(40) User=0.94s Sys=0.04s Real=0.16s
[2025-09-16T08:26:15.242+0000][185][info ][safepoint   ] Safepoint "G1PauseRemark", Time since last: 112996792 ns, Reaching safepoint: 65541 ns, Cleanup: 14917 ns, At safepoint: 159957583 ns, Total: 160038041 ns
[2025-09-16T08:26:15.242+0000][185][info ][gc,marking  ] GC(40) Concurrent Mark 259.601ms
[2025-09-16T08:26:15.242+0000][185][info ][gc,marking  ] GC(40) Concurrent Rebuild Remembered Sets and Scrub Regions
[2025-09-16T08:26:15.281+0000][185][info ][gc,marking  ] GC(40) Concurrent Rebuild Remembered Sets and Scrub Regions 38.839ms
[2025-09-16T08:26:15.282+0000][185][info ][gc,start    ] GC(40) Pause Cleanup
[2025-09-16T08:26:15.282+0000][185][info ][gc          ] GC(40) Pause Cleanup 164M->164M(1024M) 0.182ms
[2025-09-16T08:26:15.282+0000][185][info ][gc,cpu      ] GC(40) User=0.00s Sys=0.00s Real=0.00s
[2025-09-16T08:26:15.282+0000][185][info ][safepoint   ] Safepoint "G1PauseCleanup", Time since last: 39303792 ns, Reaching safepoint: 9833 ns, Cleanup: 60750 ns, At safepoint: 352959 ns, Total: 423542 ns
[2025-09-16T08:26:15.282+0000][185][info ][gc,marking  ] GC(40) Concurrent Clear Claimed Marks
[2025-09-16T08:26:15.282+0000][185][info ][gc,marking  ] GC(40) Concurrent Clear Claimed Marks 0.374ms
[2025-09-16T08:26:15.283+0000][185][info ][gc,marking  ] GC(40) Concurrent Cleanup for Next Mark
[2025-09-16T08:26:15.289+0000][185][info ][gc,marking  ] GC(40) Concurrent Cleanup for Next Mark 6.175ms
[2025-09-16T08:26:15.289+0000][185][info ][gc          ] GC(40) Concurrent Mark Cycle 320.068ms
[2025-09-16T08:28:53.999+0000][185][info ][safepoint   ] Safepoint "Cleanup", Time since last: 158717049989 ns, Reaching safepoint: 34375 ns, Cleanup: 14541 ns, At safepoint: 7417 ns, Total: 56333 ns
[2025-09-16T08:28:55.893+0000][185][info ][safepoint   ] Safepoint "Cleanup", Time since last: 1893148959 ns, Reaching safepoint: 16625 ns, Cleanup: 45792 ns, At safepoint: 25750 ns, Total: 88167 ns
[2025-09-16T08:29:09.920+0000][185][info ][safepoint   ] Safepoint "Cleanup", Time since last: 14025621007 ns, Reaching safepoint: 1021666 ns, Cleanup: 120250 ns, At safepoint: 325834 ns, Total: 1467750 ns
[2025-09-16T08:29:33.021+0000][185][info ][safepoint   ] Safepoint "Cleanup", Time since last: 23100862677 ns, Reaching safepoint: 91791 ns, Cleanup: 26625 ns, At safepoint: 9375 ns, Total: 127791 ns
[2025-09-16T08:29:35.012+0000][185][info ][safepoint   ] Safepoint "Cleanup", Time since last: 1991231793 ns, Reaching safepoint: 77500 ns, Cleanup: 20250 ns, At safepoint: 12708 ns, Total: 110458 ns
[2025-09-16T08:29:42.027+0000][185][info ][safepoint   ] Safepoint "Cleanup", Time since last: 7015044587 ns, Reaching safepoint: 178750 ns, Cleanup: 49083 ns, At safepoint: 34209 ns, Total: 262042 ns
[2025-09-16T08:29:57.027+0000][185][info ][safepoint   ] Safepoint "Cleanup", Time since last: 15000198714 ns, Reaching safepoint: 47584 ns, Cleanup: 31208 ns, At safepoint: 7875 ns, Total: 86667 ns
[2025-09-16T08:29:58.071+0000][185][info ][safepoint   ] Safepoint "Cleanup", Time since last: 1042948834 ns, Reaching safepoint: 92000 ns, Cleanup: 87500 ns, At safepoint: 21333 ns, Total: 200833 ns
[2025-09-16T08:29:59.158+0000][185][info ][safepoint   ] Safepoint "Cleanup", Time since last: 1087202417 ns, Reaching safepoint: 9542 ns, Cleanup: 22375 ns, At safepoint: 10042 ns, Total: 41959 ns
[2025-09-16T08:30:10.182+0000][185][info ][safepoint   ] Safepoint "Cleanup", Time since last: 11023887296 ns, Reaching safepoint: 233959 ns, Cleanup: 49541 ns, At safepoint: 14042 ns, Total: 297542 ns
[2025-09-16T08:30:58.701+0000][185][info ][safepoint   ] Safepoint "Cleanup", Time since last: 48518394813 ns, Reaching safepoint: 105334 ns, Cleanup: 38125 ns, At safepoint: 12541 ns, Total: 156000 ns
[2025-09-16T08:31:00.017+0000][185][info ][safepoint   ] Safepoint "Cleanup", Time since last: 1314819834 ns, Reaching safepoint: 942959 ns, Cleanup: 28458 ns, At safepoint: 7875 ns, Total: 979292 ns
[2025-09-16T08:31:01.349+0000][185][info ][safepoint   ] Safepoint "Cleanup", Time since last: 1332133751 ns, Reaching safepoint: 14791 ns, Cleanup: 46834 ns, At safepoint: 12875 ns, Total: 74500 ns
[2025-09-16T08:31:04.360+0000][185][info ][safepoint   ] Safepoint "Cleanup", Time since last: 3011063584 ns, Reaching safepoint: 200625 ns, Cleanup: 31000 ns, At safepoint: 30042 ns, Total: 261667 ns
[2025-09-16T08:31:06.366+0000][185][info ][safepoint   ] Safepoint "Cleanup", Time since last: 2005525918 ns, Reaching safepoint: 186250 ns, Cleanup: 257958 ns, At safepoint: 22458 ns, Total: 466666 ns
[2025-09-16T08:31:40.441+0000][185][info ][safepoint   ] Safepoint "Cleanup", Time since last: 34073048808 ns, Reaching safepoint: 1234583 ns, Cleanup: 90375 ns, At safepoint: 32167 ns, Total: 1357125 ns
[2025-09-16T08:32:03.515+0000][185][info ][safepoint   ] Safepoint "Cleanup", Time since last: 23073754343 ns, Reaching safepoint: 5042 ns, Cleanup: 8083 ns, At safepoint: 11042 ns, Total: 24167 ns
[2025-09-16T08:32:04.535+0000][185][info ][safepoint   ] Safepoint "Cleanup", Time since last: 1020302209 ns, Reaching safepoint: 13125 ns, Cleanup: 24500 ns, At safepoint: 7458 ns, Total: 45083 ns
[2025-09-16T08:32:09.542+0000][185][info ][safepoint   ] Safepoint "Cleanup", Time since last: 5006797627 ns, Reaching safepoint: 61084 ns, Cleanup: 18416 ns, At safepoint: 19542 ns, Total: 99042 ns
[2025-09-16T08:32:14.551+0000][185][info ][safepoint   ] Safepoint "Cleanup", Time since last: 5008858169 ns, Reaching safepoint: 81125 ns, Cleanup: 44917 ns, At safepoint: 21166 ns, Total: 147208 ns
[2025-09-16T08:32:33.602+0000][185][info ][safepoint   ] Safepoint "Cleanup", Time since last: 19050564718 ns, Reaching safepoint: 368625 ns, Cleanup: 50125 ns, At safepoint: 29541 ns, Total: 448291 ns
[2025-09-16T08:33:03.924+0000][185][info ][safepoint   ] Safepoint "Cleanup", Time since last: 30321138556 ns, Reaching safepoint: 94125 ns, Cleanup: 36417 ns, At safepoint: 19291 ns, Total: 149833 ns
[2025-09-16T08:33:06.697+0000][185][info ][safepoint   ] Safepoint "Cleanup", Time since last: 2773877085 ns, Reaching safepoint: 11083 ns, Cleanup: 19209 ns, At safepoint: 9833 ns, Total: 40125 ns
[2025-09-16T08:33:14.756+0000][185][info ][safepoint   ] Safepoint "Cleanup", Time since last: 8058625420 ns, Reaching safepoint: 55333 ns, Cleanup: 20834 ns, At safepoint: 11125 ns, Total: 87292 ns
[2025-09-16T08:33:33.793+0000][185][info ][safepoint   ] Safepoint "Cleanup", Time since last: 19036308759 ns, Reaching safepoint: 324791 ns, Cleanup: 97792 ns, At safepoint: 17417 ns, Total: 440000 ns
[2025-09-16T08:33:38.507+0000][185][info ][gc,start    ] GC(41) Pause Young (Prepare Mixed) (G1 Evacuation Pause)
[2025-09-16T08:33:38.508+0000][185][info ][gc,task     ] GC(41) Using 8 workers of 8 for evacuation
[2025-09-16T08:33:38.508+0000][185][debug][gc,age      ] GC(41) Desired survivor size 41943040 bytes, new threshold 15 (max threshold 15)
[2025-09-16T08:33:38.562+0000][185][info ][gc,phases   ] GC(41)   Pre Evacuate Collection Set: 4.57ms
[2025-09-16T08:33:38.562+0000][185][info ][gc,phases   ] GC(41)   Merge Heap Roots: 0.57ms
[2025-09-16T08:33:38.562+0000][185][info ][gc,phases   ] GC(41)   Evacuate Collection Set: 41.63ms
[2025-09-16T08:33:38.562+0000][185][info ][gc,phases   ] GC(41)   Post Evacuate Collection Set: 6.35ms
[2025-09-16T08:33:38.562+0000][185][info ][gc,phases   ] GC(41)   Other: 0.95ms
[2025-09-16T08:33:38.562+0000][185][trace][gc,age      ] GC(41) Age table with threshold 15 (max threshold 15)
[2025-09-16T08:33:38.562+0000][185][trace][gc,age      ] GC(41) - age   1:    1248952 bytes,    1248952 total
[2025-09-16T08:33:38.562+0000][185][trace][gc,age      ] GC(41) - age   2:     382824 bytes,    1631776 total
[2025-09-16T08:33:38.563+0000][185][trace][gc,age      ] GC(41) - age   3:     272584 bytes,    1904360 total
[2025-09-16T08:33:38.563+0000][185][trace][gc,age      ] GC(41) - age   4:      17032 bytes,    1921392 total
[2025-09-16T08:33:38.563+0000][185][trace][gc,age      ] GC(41) - age   5:     106096 bytes,    2027488 total
[2025-09-16T08:33:38.563+0000][185][trace][gc,age      ] GC(41) - age   6:     540704 bytes,    2568192 total
[2025-09-16T08:33:38.563+0000][185][trace][gc,age      ] GC(41) - age   7:    1147632 bytes,    3715824 total
[2025-09-16T08:33:38.563+0000][185][trace][gc,age      ] GC(41) - age   8:     346216 bytes,    4062040 total
[2025-09-16T08:33:38.563+0000][185][trace][gc,age      ] GC(41) - age   9:     239584 bytes,    4301624 total
[2025-09-16T08:33:38.563+0000][185][trace][gc,age      ] GC(41) - age  10:      24376 bytes,    4326000 total
[2025-09-16T08:33:38.563+0000][185][trace][gc,age      ] GC(41) - age  11:     120984 bytes,    4446984 total
[2025-09-16T08:33:38.563+0000][185][trace][gc,age      ] GC(41) - age  12:      70808 bytes,    4517792 total
[2025-09-16T08:33:38.563+0000][185][trace][gc,age      ] GC(41) - age  13:     343576 bytes,    4861368 total
[2025-09-16T08:33:38.563+0000][185][trace][gc,age      ] GC(41) - age  14:     288200 bytes,    5149568 total
[2025-09-16T08:33:38.563+0000][185][trace][gc,age      ] GC(41) - age  15:    1113888 bytes,    6263456 total
[2025-09-16T08:33:38.563+0000][185][info ][gc,heap     ] GC(41) Eden regions: 150->0(151)
[2025-09-16T08:33:38.563+0000][185][info ][gc,heap     ] GC(41) Survivor regions: 3->2(20)
[2025-09-16T08:33:38.563+0000][185][info ][gc,heap     ] GC(41) Old regions: 36->36
[2025-09-16T08:33:38.563+0000][185][info ][gc,heap     ] GC(41) Humongous regions: 2->2
[2025-09-16T08:33:38.563+0000][185][info ][gc,metaspace] GC(41) Metaspace: 162606K(166848K)->162606K(166848K) NonClass: 140663K(142592K)->140663K(142592K) Class: 21942K(24256K)->21942K(24256K)
[2025-09-16T08:33:38.564+0000][185][info ][gc          ] GC(41) Pause Young (Prepare Mixed) (G1 Evacuation Pause) 757M->157M(1024M) 56.201ms
[2025-09-16T08:33:38.564+0000][185][info ][gc,cpu      ] GC(41) User=0.34s Sys=0.00s Real=0.06s
[2025-09-16T08:33:38.564+0000][185][info ][safepoint   ] Safepoint "G1CollectForAllocation", Time since last: 4714525710 ns, Reaching safepoint: 39167 ns, Cleanup: 7042 ns, At safepoint: 56441791 ns, Total: 56488000 ns
[2025-09-16T08:34:08.976+0000][185][info ][safepoint   ] Safepoint "Cleanup", Time since last: 30412026848 ns, Reaching safepoint: 175041 ns, Cleanup: 50750 ns, At safepoint: 70375 ns, Total: 296166 ns
[2025-09-16T08:34:10.909+0000][185][info ][safepoint   ] Safepoint "Cleanup", Time since last: 1933050418 ns, Reaching safepoint: 43333 ns, Cleanup: 51792 ns, At safepoint: 14208 ns, Total: 109333 ns
[2025-09-16T08:34:42.023+0000][185][info ][safepoint   ] Safepoint "Cleanup", Time since last: 31112731390 ns, Reaching safepoint: 106375 ns, Cleanup: 56625 ns, At safepoint: 109791 ns, Total: 272791 ns
[2025-09-16T08:35:13.125+0000][185][info ][safepoint   ] Safepoint "Cleanup", Time since last: 31101878430 ns, Reaching safepoint: 18459 ns, Cleanup: 26791 ns, At safepoint: 8750 ns, Total: 54000 ns
[2025-09-16T08:35:14.174+0000][185][info ][safepoint   ] Safepoint "Cleanup", Time since last: 1049050084 ns, Reaching safepoint: 30750 ns, Cleanup: 20417 ns, At safepoint: 9208 ns, Total: 60375 ns
[2025-09-16T08:35:15.181+0000][185][info ][safepoint   ] Safepoint "Cleanup", Time since last: 1006880501 ns, Reaching safepoint: 90291 ns, Cleanup: 44667 ns, At safepoint: 11792 ns, Total: 146750 ns
[2025-09-16T08:35:43.978+0000][185][info ][safepoint   ] Safepoint "Cleanup", Time since last: 28797708721 ns, Reaching safepoint: 100709 ns, Cleanup: 69791 ns, At safepoint: 33042 ns, Total: 203542 ns
[2025-09-16T08:37:10.075+0000][185][info ][safepoint   ] Safepoint "Cleanup", Time since last: 86094822207 ns, Reaching safepoint: 1135375 ns, Cleanup: 71375 ns, At safepoint: 23416 ns, Total: 1230166 ns
[2025-09-16T08:37:11.078+0000][185][info ][safepoint   ] Safepoint "Cleanup", Time since last: 1003005334 ns, Reaching safepoint: 88625 ns, Cleanup: 59334 ns, At safepoint: 17500 ns, Total: 165459 ns
[2025-09-16T08:37:18.160+0000][185][info ][safepoint   ] Safepoint "Cleanup", Time since last: 7081585336 ns, Reaching safepoint: 5208 ns, Cleanup: 16125 ns, At safepoint: 5709 ns, Total: 27042 ns
[2025-09-16T08:37:19.631+0000][185][info ][safepoint   ] Safepoint "Cleanup", Time since last: 1470541500 ns, Reaching safepoint: 17167 ns, Cleanup: 23083 ns, At safepoint: 17084 ns, Total: 57334 ns
[2025-09-16T08:37:54.271+0000][185][info ][safepoint   ] Safepoint "Cleanup", Time since last: 34640446266 ns, Reaching safepoint: 261708 ns, Cleanup: 87208 ns, At safepoint: 24209 ns, Total: 373125 ns
[2025-09-16T08:38:21.851+0000][185][info ][safepoint   ] Safepoint "Cleanup", Time since last: 27579760221 ns, Reaching safepoint: 27375 ns, Cleanup: 17167 ns, At safepoint: 8458 ns, Total: 53000 ns
[2025-09-16T08:38:22.851+0000][185][info ][safepoint   ] Safepoint "Cleanup", Time since last: 1000100750 ns, Reaching safepoint: 6000 ns, Cleanup: 20625 ns, At safepoint: 9625 ns, Total: 36250 ns
[2025-09-16T08:38:33.881+0000][185][info ][safepoint   ] Safepoint "Cleanup", Time since last: 11030027506 ns, Reaching safepoint: 89375 ns, Cleanup: 26375 ns, At safepoint: 15875 ns, Total: 131625 ns
[2025-09-16T08:39:04.378+0000][185][info ][safepoint   ] Safepoint "Cleanup", Time since last: 30495490972 ns, Reaching safepoint: 315583 ns, Cleanup: 82250 ns, At safepoint: 29250 ns, Total: 427083 ns
[2025-09-16T08:39:24.202+0000][185][info ][safepoint   ] Safepoint "Cleanup", Time since last: 19824471509 ns, Reaching safepoint: 3208 ns, Cleanup: 6500 ns, At safepoint: 5042 ns, Total: 14750 ns
[2025-09-16T08:39:26.068+0000][185][info ][safepoint   ] Safepoint "Cleanup", Time since last: 1865509418 ns, Reaching safepoint: 8375 ns, Cleanup: 5875 ns, At safepoint: 2166 ns, Total: 16416 ns
[2025-09-16T08:39:34.108+0000][185][info ][safepoint   ] Safepoint "Cleanup", Time since last: 8039696379 ns, Reaching safepoint: 804500 ns, Cleanup: 32084 ns, At safepoint: 19583 ns, Total: 856167 ns
[2025-09-16T08:39:36.134+0000][185][info ][safepoint   ] Safepoint "Cleanup", Time since last: 2025545167 ns, Reaching safepoint: 83292 ns, Cleanup: 71375 ns, At safepoint: 20792 ns, Total: 175459 ns
[2025-09-16T08:39:44.055+0000][185][info ][safepoint   ] Safepoint "Cleanup", Time since last: 7920477795 ns, Reaching safepoint: 6000 ns, Cleanup: 10375 ns, At safepoint: 7417 ns, Total: 23792 ns
[2025-09-16T08:40:28.319+0000][185][info ][safepoint   ] Safepoint "Cleanup", Time since last: 44264578978 ns, Reaching safepoint: 32417 ns, Cleanup: 13166 ns, At safepoint: 8167 ns, Total: 53750 ns
[2025-09-16T08:40:30.192+0000][185][info ][safepoint   ] Safepoint "Cleanup", Time since last: 1873049084 ns, Reaching safepoint: 24417 ns, Cleanup: 9042 ns, At safepoint: 3583 ns, Total: 37042 ns
[2025-09-16T08:40:31.395+0000][185][info ][safepoint   ] Safepoint "Cleanup", Time since last: 1202922667 ns, Reaching safepoint: 63084 ns, Cleanup: 37500 ns, At safepoint: 11041 ns, Total: 111625 ns
[2025-09-16T08:40:39.574+0000][185][info ][gc,start    ] GC(42) Pause Young (Mixed) (G1 Evacuation Pause)
[2025-09-16T08:40:39.575+0000][185][info ][gc,task     ] GC(42) Using 8 workers of 8 for evacuation
[2025-09-16T08:40:39.575+0000][185][debug][gc,age      ] GC(42) Desired survivor size 41943040 bytes, new threshold 15 (max threshold 15)
[2025-09-16T08:40:39.632+0000][185][info ][gc,phases   ] GC(42)   Pre Evacuate Collection Set: 1.33ms
[2025-09-16T08:40:39.632+0000][185][info ][gc,phases   ] GC(42)   Merge Heap Roots: 0.42ms
[2025-09-16T08:40:39.632+0000][185][info ][gc,phases   ] GC(42)   Evacuate Collection Set: 48.62ms
[2025-09-16T08:40:39.632+0000][185][info ][gc,phases   ] GC(42)   Post Evacuate Collection Set: 6.21ms
[2025-09-16T08:40:39.632+0000][185][info ][gc,phases   ] GC(42)   Other: 0.56ms
[2025-09-16T08:40:39.632+0000][185][trace][gc,age      ] GC(42) Age table with threshold 15 (max threshold 15)
[2025-09-16T08:40:39.633+0000][185][trace][gc,age      ] GC(42) - age   1:    1401264 bytes,    1401264 total
[2025-09-16T08:40:39.633+0000][185][trace][gc,age      ] GC(42) - age   2:     388392 bytes,    1789656 total
[2025-09-16T08:40:39.633+0000][185][trace][gc,age      ] GC(42) - age   3:     272064 bytes,    2061720 total
[2025-09-16T08:40:39.633+0000][185][trace][gc,age      ] GC(42) - age   4:     223032 bytes,    2284752 total
[2025-09-16T08:40:39.633+0000][185][trace][gc,age      ] GC(42) - age   5:      16776 bytes,    2301528 total
[2025-09-16T08:40:39.633+0000][185][trace][gc,age      ] GC(42) - age   6:     105920 bytes,    2407448 total
[2025-09-16T08:40:39.633+0000][185][trace][gc,age      ] GC(42) - age   7:     540440 bytes,    2947888 total
[2025-09-16T08:40:39.633+0000][185][trace][gc,age      ] GC(42) - age   8:    1147600 bytes,    4095488 total
[2025-09-16T08:40:39.633+0000][185][trace][gc,age      ] GC(42) - age   9:     346216 bytes,    4441704 total
[2025-09-16T08:40:39.633+0000][185][trace][gc,age      ] GC(42) - age  10:     165688 bytes,    4607392 total
[2025-09-16T08:40:39.633+0000][185][trace][gc,age      ] GC(42) - age  11:      24376 bytes,    4631768 total
[2025-09-16T08:40:39.633+0000][185][trace][gc,age      ] GC(42) - age  12:     120984 bytes,    4752752 total
[2025-09-16T08:40:39.633+0000][185][trace][gc,age      ] GC(42) - age  13:      70808 bytes,    4823560 total
[2025-09-16T08:40:39.633+0000][185][trace][gc,age      ] GC(42) - age  14:     343576 bytes,    5167136 total
[2025-09-16T08:40:39.633+0000][185][trace][gc,age      ] GC(42) - age  15:     288200 bytes,    5455336 total
[2025-09-16T08:40:39.633+0000][185][info ][gc,heap     ] GC(42) Eden regions: 151->0(151)
[2025-09-16T08:40:39.633+0000][185][info ][gc,heap     ] GC(42) Survivor regions: 2->2(20)
[2025-09-16T08:40:39.633+0000][185][info ][gc,heap     ] GC(42) Old regions: 36->36
[2025-09-16T08:40:39.633+0000][185][info ][gc,heap     ] GC(42) Humongous regions: 2->2
[2025-09-16T08:40:39.633+0000][185][info ][gc,metaspace] GC(42) Metaspace: 162715K(166912K)->162715K(166912K) NonClass: 140772K(142656K)->140772K(142656K) Class: 21942K(24256K)->21942K(24256K)
[2025-09-16T08:40:39.634+0000][185][info ][gc          ] GC(42) Pause Young (Mixed) (G1 Evacuation Pause) 761M->156M(1024M) 59.924ms
[2025-09-16T08:40:39.634+0000][185][info ][gc,cpu      ] GC(42) User=0.36s Sys=0.00s Real=0.06s
[2025-09-16T08:40:39.634+0000][185][info ][safepoint   ] Safepoint "G1CollectForAllocation", Time since last: 8178001712 ns, Reaching safepoint: 63250 ns, Cleanup: 11834 ns, At safepoint: 60218375 ns, Total: 60293459 ns
[2025-09-16T08:41:30.634+0000][185][info ][safepoint   ] Safepoint "Cleanup", Time since last: 51000088064 ns, Reaching safepoint: 14500 ns, Cleanup: 38417 ns, At safepoint: 7917 ns, Total: 60834 ns
[2025-09-16T08:41:52.916+0000][185][info ][safepoint   ] Safepoint "Cleanup", Time since last: 22282135426 ns, Reaching safepoint: 118542 ns, Cleanup: 19333 ns, At safepoint: 8750 ns, Total: 146625 ns
[2025-09-16T08:41:57.926+0000][185][info ][safepoint   ] Safepoint "Cleanup", Time since last: 5009040961 ns, Reaching safepoint: 141333 ns, Cleanup: 52750 ns, At safepoint: 23834 ns, Total: 217917 ns
[2025-09-16T08:41:59.930+0000][185][info ][safepoint   ] Safepoint "Cleanup", Time since last: 2004306751 ns, Reaching safepoint: 88916 ns, Cleanup: 53584 ns, At safepoint: 22041 ns, Total: 164541 ns
[2025-09-16T08:42:09.946+0000][185][info ][safepoint   ] Safepoint "Cleanup", Time since last: 10015575755 ns, Reaching safepoint: 99833 ns, Cleanup: 34750 ns, At safepoint: 16792 ns, Total: 151375 ns
[2025-09-16T08:42:59.030+0000][185][info ][safepoint   ] Safepoint "Cleanup", Time since last: 49083966105 ns, Reaching safepoint: 449458 ns, Cleanup: 70500 ns, At safepoint: 22250 ns, Total: 542208 ns
[2025-09-16T08:43:05.040+0000][185][info ][safepoint   ] Safepoint "Cleanup", Time since last: 6009472003 ns, Reaching safepoint: 69000 ns, Cleanup: 55292 ns, At safepoint: 16750 ns, Total: 141042 ns
[2025-09-16T08:43:10.046+0000][185][info ][safepoint   ] Safepoint "Cleanup", Time since last: 5006299502 ns, Reaching safepoint: 78000 ns, Cleanup: 81667 ns, At safepoint: 64000 ns, Total: 223667 ns
[2025-09-16T08:43:22.073+0000][185][info ][safepoint   ] Safepoint "Cleanup", Time since last: 12026432505 ns, Reaching safepoint: 94167 ns, Cleanup: 53000 ns, At safepoint: 25166 ns, Total: 172333 ns
[2025-09-16T08:43:36.246+0000][185][info ][safepoint   ] Safepoint "Cleanup", Time since last: 14172851549 ns, Reaching safepoint: 31000 ns, Cleanup: 11042 ns, At safepoint: 9083 ns, Total: 51125 ns
[2025-09-16T08:43:38.074+0000][185][info ][safepoint   ] Safepoint "Cleanup", Time since last: 1827533292 ns, Reaching safepoint: 15334 ns, Cleanup: 40583 ns, At safepoint: 7792 ns, Total: 63709 ns
[2025-09-16T08:44:45.980+0000][185][info ][safepoint   ] Safepoint "Cleanup", Time since last: 67905983696 ns, Reaching safepoint: 105917 ns, Cleanup: 49875 ns, At safepoint: 20667 ns, Total: 176459 ns
[2025-09-16T08:45:10.023+0000][185][info ][safepoint   ] Safepoint "Cleanup", Time since last: 24043108219 ns, Reaching safepoint: 285584 ns, Cleanup: 47916 ns, At safepoint: 35250 ns, Total: 368750 ns
[2025-09-16T08:45:49.504+0000][185][info ][safepoint   ] Safepoint "Cleanup", Time since last: 39479245852 ns, Reaching safepoint: 54750 ns, Cleanup: 22125 ns, At safepoint: 8292 ns, Total: 85167 ns
[2025-09-16T08:46:04.521+0000][185][info ][safepoint   ] Safepoint "Cleanup", Time since last: 15017018215 ns, Reaching safepoint: 95458 ns, Cleanup: 56292 ns, At safepoint: 25125 ns, Total: 176875 ns
[2025-09-16T08:46:09.526+0000][185][info ][safepoint   ] Safepoint "Cleanup", Time since last: 5005187419 ns, Reaching safepoint: 15042 ns, Cleanup: 14416 ns, At safepoint: 5584 ns, Total: 35042 ns
[2025-09-16T08:46:15.539+0000][185][info ][safepoint   ] Safepoint "Cleanup", Time since last: 6012565960 ns, Reaching safepoint: 96292 ns, Cleanup: 57042 ns, At safepoint: 28375 ns, Total: 181709 ns
[2025-09-16T08:46:30.559+0000][185][info ][safepoint   ] Safepoint "Cleanup", Time since last: 15019772340 ns, Reaching safepoint: 662375 ns, Cleanup: 39000 ns, At safepoint: 16333 ns, Total: 717708 ns
[2025-09-16T08:46:45.636+0000][185][info ][safepoint   ] Safepoint "Cleanup", Time since last: 15076925591 ns, Reaching safepoint: 8958 ns, Cleanup: 16000 ns, At safepoint: 9375 ns, Total: 34333 ns
[2025-09-16T08:47:09.731+0000][185][info ][safepoint   ] Safepoint "Cleanup", Time since last: 24094007095 ns, Reaching safepoint: 592333 ns, Cleanup: 33125 ns, At safepoint: 21792 ns, Total: 647250 ns
[2025-09-16T08:47:48.315+0000][185][info ][safepoint   ] Safepoint "Cleanup", Time since last: 38583902350 ns, Reaching safepoint: 38167 ns, Cleanup: 15833 ns, At safepoint: 4292 ns, Total: 58292 ns
[2025-09-16T08:47:58.120+0000][185][info ][gc,start    ] GC(43) Pause Young (Concurrent Start) (G1 Evacuation Pause)
[2025-09-16T08:47:58.121+0000][185][info ][gc,task     ] GC(43) Using 8 workers of 8 for evacuation
[2025-09-16T08:47:58.121+0000][185][debug][gc,age      ] GC(43) Desired survivor size 41943040 bytes, new threshold 15 (max threshold 15)
[2025-09-16T08:47:58.162+0000][185][info ][gc,phases   ] GC(43)   Pre Evacuate Collection Set: 1.84ms
[2025-09-16T08:47:58.162+0000][185][info ][gc,phases   ] GC(43)   Merge Heap Roots: 0.35ms
[2025-09-16T08:47:58.162+0000][185][info ][gc,phases   ] GC(43)   Evacuate Collection Set: 34.96ms
[2025-09-16T08:47:58.162+0000][185][info ][gc,phases   ] GC(43)   Post Evacuate Collection Set: 2.55ms
[2025-09-16T08:47:58.162+0000][185][info ][gc,phases   ] GC(43)   Other: 0.64ms
[2025-09-16T08:47:58.162+0000][185][trace][gc,age      ] GC(43) Age table with threshold 15 (max threshold 15)
[2025-09-16T08:47:58.162+0000][185][trace][gc,age      ] GC(43) - age   1:    1339560 bytes,    1339560 total
[2025-09-16T08:47:58.162+0000][185][trace][gc,age      ] GC(43) - age   2:     379200 bytes,    1718760 total
[2025-09-16T08:47:58.162+0000][185][trace][gc,age      ] GC(43) - age   3:     337464 bytes,    2056224 total
[2025-09-16T08:47:58.162+0000][185][trace][gc,age      ] GC(43) - age   4:     122680 bytes,    2178904 total
[2025-09-16T08:47:58.162+0000][185][trace][gc,age      ] GC(43) - age   5:     173768 bytes,    2352672 total
[2025-09-16T08:47:58.162+0000][185][trace][gc,age      ] GC(43) - age   6:      16648 bytes,    2369320 total
[2025-09-16T08:47:58.162+0000][185][trace][gc,age      ] GC(43) - age   7:     105728 bytes,    2475048 total
[2025-09-16T08:47:58.162+0000][185][trace][gc,age      ] GC(43) - age   8:     491088 bytes,    2966136 total
[2025-09-16T08:47:58.163+0000][185][trace][gc,age      ] GC(43) - age   9:    1131448 bytes,    4097584 total
[2025-09-16T08:47:58.163+0000][185][trace][gc,age      ] GC(43) - age  10:     346216 bytes,    4443800 total
[2025-09-16T08:47:58.163+0000][185][trace][gc,age      ] GC(43) - age  11:     165688 bytes,    4609488 total
[2025-09-16T08:47:58.163+0000][185][trace][gc,age      ] GC(43) - age  12:      24376 bytes,    4633864 total
[2025-09-16T08:47:58.163+0000][185][trace][gc,age      ] GC(43) - age  13:      96312 bytes,    4730176 total
[2025-09-16T08:47:58.163+0000][185][trace][gc,age      ] GC(43) - age  14:      70808 bytes,    4800984 total
[2025-09-16T08:47:58.163+0000][185][trace][gc,age      ] GC(43) - age  15:     318944 bytes,    5119928 total
[2025-09-16T08:47:58.163+0000][185][info ][gc,heap     ] GC(43) Eden regions: 151->0(151)
[2025-09-16T08:47:58.163+0000][185][info ][gc,heap     ] GC(43) Survivor regions: 2->2(20)
[2025-09-16T08:47:58.163+0000][185][info ][gc,heap     ] GC(43) Old regions: 36->36
[2025-09-16T08:47:58.163+0000][185][info ][gc,heap     ] GC(43) Humongous regions: 2->2
[2025-09-16T08:47:58.163+0000][185][info ][gc,metaspace] GC(43) Metaspace: 162766K(166912K)->162766K(166912K) NonClass: 140824K(142656K)->140824K(142656K) Class: 21942K(24256K)->21942K(24256K)
[2025-09-16T08:47:58.163+0000][185][info ][gc          ] GC(43) Pause Young (Concurrent Start) (G1 Evacuation Pause) 760M->156M(1024M) 43.023ms
[2025-09-16T08:47:58.163+0000][185][info ][gc          ] GC(44) Concurrent Mark Cycle
[2025-09-16T08:47:58.163+0000][185][info ][gc,marking  ] GC(44) Concurrent Scan Root Regions
[2025-09-16T08:47:58.163+0000][185][info ][gc,cpu      ] GC(43) User=0.22s Sys=0.00s Real=0.04s
[2025-09-16T08:47:58.164+0000][185][info ][safepoint   ] Safepoint "G1CollectForAllocation", Time since last: 9805231713 ns, Reaching safepoint: 123125 ns, Cleanup: 17125 ns, At safepoint: 43637625 ns, Total: 43777875 ns
[2025-09-16T08:47:58.172+0000][185][info ][gc,marking  ] GC(44) Concurrent Scan Root Regions 8.773ms
[2025-09-16T08:47:58.172+0000][185][info ][gc,marking  ] GC(44) Concurrent Mark
[2025-09-16T08:47:58.172+0000][185][info ][gc,marking  ] GC(44) Concurrent Mark From Roots
[2025-09-16T08:47:58.172+0000][185][info ][gc,task     ] GC(44) Using 2 workers of 2 for marking
[2025-09-16T08:47:58.253+0000][185][info ][gc,marking  ] GC(44) Concurrent Mark From Roots 80.791ms
[2025-09-16T08:47:58.253+0000][185][info ][gc,marking  ] GC(44) Concurrent Preclean
[2025-09-16T08:47:58.254+0000][185][info ][gc,marking  ] GC(44) Concurrent Preclean 0.381ms
[2025-09-16T08:47:58.254+0000][185][info ][gc,start    ] GC(44) Pause Remark
[2025-09-16T08:47:58.331+0000][185][info ][gc          ] GC(44) Pause Remark 157M->157M(1024M) 77.458ms
[2025-09-16T08:47:58.331+0000][185][info ][gc,cpu      ] GC(44) User=0.56s Sys=0.00s Real=0.08s
[2025-09-16T08:47:58.332+0000][185][info ][safepoint   ] Safepoint "G1PauseRemark", Time since last: 90105958 ns, Reaching safepoint: 16292 ns, Cleanup: 2542 ns, At safepoint: 77764041 ns, Total: 77782875 ns
[2025-09-16T08:47:58.332+0000][185][info ][gc,marking  ] GC(44) Concurrent Mark 159.327ms
[2025-09-16T08:47:58.332+0000][185][info ][gc,marking  ] GC(44) Concurrent Rebuild Remembered Sets and Scrub Regions
[2025-09-16T08:47:58.365+0000][185][info ][gc,marking  ] GC(44) Concurrent Rebuild Remembered Sets and Scrub Regions 33.467ms
[2025-09-16T08:47:58.365+0000][185][info ][gc,start    ] GC(44) Pause Cleanup
[2025-09-16T08:47:58.366+0000][185][info ][gc          ] GC(44) Pause Cleanup 157M->157M(1024M) 0.165ms
[2025-09-16T08:47:58.366+0000][185][info ][gc,cpu      ] GC(44) User=0.00s Sys=0.00s Real=0.00s
[2025-09-16T08:47:58.366+0000][185][info ][safepoint   ] Safepoint "G1PauseCleanup", Time since last: 33762625 ns, Reaching safepoint: 8542 ns, Cleanup: 14875 ns, At safepoint: 335417 ns, Total: 358834 ns
[2025-09-16T08:47:58.366+0000][185][info ][gc,marking  ] GC(44) Concurrent Clear Claimed Marks
[2025-09-16T08:47:58.366+0000][185][info ][gc,marking  ] GC(44) Concurrent Clear Claimed Marks 0.278ms
[2025-09-16T08:47:58.366+0000][185][info ][gc,marking  ] GC(44) Concurrent Cleanup for Next Mark
[2025-09-16T08:47:58.369+0000][185][info ][gc,marking  ] GC(44) Concurrent Cleanup for Next Mark 2.957ms
[2025-09-16T08:47:58.369+0000][185][info ][gc          ] GC(44) Concurrent Mark Cycle 205.723ms
[2025-09-16T08:47:59.367+0000][185][info ][safepoint   ] Safepoint "Cleanup", Time since last: 1001045709 ns, Reaching safepoint: 20291 ns, Cleanup: 16334 ns, At safepoint: 6500 ns, Total: 43125 ns
[2025-09-16T08:49:01.092+0000][185][info ][safepoint   ] Safepoint "Cleanup", Time since last: 61723903861 ns, Reaching safepoint: 461791 ns, Cleanup: 58459 ns, At safepoint: 33333 ns, Total: 553583 ns
[2025-09-16T08:49:34.137+0000][185][info ][safepoint   ] Safepoint "Cleanup", Time since last: 33044337640 ns, Reaching safepoint: 827084 ns, Cleanup: 64583 ns, At safepoint: 32417 ns, Total: 924084 ns
[2025-09-16T08:49:39.143+0000][185][info ][safepoint   ] Safepoint "Cleanup", Time since last: 5005994877 ns, Reaching safepoint: 71834 ns, Cleanup: 42125 ns, At safepoint: 36541 ns, Total: 150500 ns
[2025-09-16T08:49:40.156+0000][185][info ][safepoint   ] Safepoint "Cleanup", Time since last: 1012777376 ns, Reaching safepoint: 17041 ns, Cleanup: 26667 ns, At safepoint: 9792 ns, Total: 53500 ns
[2025-09-16T08:50:10.314+0000][185][info ][safepoint   ] Safepoint "Cleanup", Time since last: 30157355222 ns, Reaching safepoint: 246958 ns, Cleanup: 47292 ns, At safepoint: 22666 ns, Total: 316916 ns
[2025-09-16T08:52:00.391+0000][185][info ][safepoint   ] Safepoint "Cleanup", Time since last: 110077567342 ns, Reaching safepoint: 37833 ns, Cleanup: 14875 ns, At safepoint: 4417 ns, Total: 57125 ns
[2025-09-16T08:52:09.658+0000][185][info ][safepoint   ] Safepoint "Cleanup", Time since last: 9266679338 ns, Reaching safepoint: 97333 ns, Cleanup: 14875 ns, At safepoint: 8208 ns, Total: 120416 ns
[2025-09-16T08:52:34.704+0000][185][info ][safepoint   ] Safepoint "Cleanup", Time since last: 25043601220 ns, Reaching safepoint: 1761417 ns, Cleanup: 54500 ns, At safepoint: 31875 ns, Total: 1847792 ns
[2025-09-16T08:53:03.801+0000][185][info ][safepoint   ] Safepoint "Cleanup", Time since last: 29096888054 ns, Reaching safepoint: 551917 ns, Cleanup: 54375 ns, At safepoint: 15167 ns, Total: 621459 ns
[2025-09-16T08:53:09.861+0000][185][info ][safepoint   ] Safepoint "Cleanup", Time since last: 6059023169 ns, Reaching safepoint: 63875 ns, Cleanup: 26250 ns, At safepoint: 25167 ns, Total: 115292 ns
[2025-09-16T08:54:47.196+0000][185][info ][safepoint   ] Safepoint "Cleanup", Time since last: 97334499586 ns, Reaching safepoint: 126834 ns, Cleanup: 107708 ns, At safepoint: 20500 ns, Total: 255042 ns
[2025-09-16T08:54:50.202+0000][185][info ][safepoint   ] Safepoint "Cleanup", Time since last: 3006049918 ns, Reaching safepoint: 52000 ns, Cleanup: 30917 ns, At safepoint: 62250 ns, Total: 145167 ns
[2025-09-16T08:54:57.222+0000][185][info ][safepoint   ] Safepoint "Cleanup", Time since last: 7019422503 ns, Reaching safepoint: 107875 ns, Cleanup: 56708 ns, At safepoint: 20750 ns, Total: 185333 ns
[2025-09-16T08:54:59.247+0000][185][info ][safepoint   ] Safepoint "Cleanup", Time since last: 2025506960 ns, Reaching safepoint: 45708 ns, Cleanup: 24833 ns, At safepoint: 11750 ns, Total: 82291 ns
[2025-09-16T08:55:09.411+0000][185][info ][safepoint   ] Safepoint "Cleanup", Time since last: 10163526839 ns, Reaching safepoint: 5666 ns, Cleanup: 10959 ns, At safepoint: 6833 ns, Total: 23458 ns
[2025-09-16T08:55:10.418+0000][185][info ][safepoint   ] Safepoint "Cleanup", Time since last: 1007493167 ns, Reaching safepoint: 6833 ns, Cleanup: 9542 ns, At safepoint: 8375 ns, Total: 24750 ns
[2025-09-16T08:55:27.402+0000][185][info ][gc,start    ] GC(45) Pause Young (Prepare Mixed) (G1 Evacuation Pause)
[2025-09-16T08:55:27.403+0000][185][info ][gc,task     ] GC(45) Using 8 workers of 8 for evacuation
[2025-09-16T08:55:27.403+0000][185][debug][gc,age      ] GC(45) Desired survivor size 41943040 bytes, new threshold 15 (max threshold 15)
[2025-09-16T08:55:27.423+0000][185][info ][gc,phases   ] GC(45)   Pre Evacuate Collection Set: 0.96ms
[2025-09-16T08:55:27.423+0000][185][info ][gc,phases   ] GC(45)   Merge Heap Roots: 0.36ms
[2025-09-16T08:55:27.423+0000][185][info ][gc,phases   ] GC(45)   Evacuate Collection Set: 15.33ms
[2025-09-16T08:55:27.423+0000][185][info ][gc,phases   ] GC(45)   Post Evacuate Collection Set: 2.65ms
[2025-09-16T08:55:27.423+0000][185][info ][gc,phases   ] GC(45)   Other: 0.39ms
[2025-09-16T08:55:27.423+0000][185][trace][gc,age      ] GC(45) Age table with threshold 15 (max threshold 15)
[2025-09-16T08:55:27.423+0000][185][trace][gc,age      ] GC(45) - age   1:     829240 bytes,     829240 total
[2025-09-16T08:55:27.423+0000][185][trace][gc,age      ] GC(45) - age   2:     530424 bytes,    1359664 total
[2025-09-16T08:55:27.423+0000][185][trace][gc,age      ] GC(45) - age   3:     369560 bytes,    1729224 total
[2025-09-16T08:55:27.423+0000][185][trace][gc,age      ] GC(45) - age   4:     305000 bytes,    2034224 total
[2025-09-16T08:55:27.423+0000][185][trace][gc,age      ] GC(45) - age   5:     122488 bytes,    2156712 total
[2025-09-16T08:55:27.423+0000][185][trace][gc,age      ] GC(45) - age   6:     173504 bytes,    2330216 total
[2025-09-16T08:55:27.423+0000][185][trace][gc,age      ] GC(45) - age   7:      16648 bytes,    2346864 total
[2025-09-16T08:55:27.424+0000][185][trace][gc,age      ] GC(45) - age   8:     105664 bytes,    2452528 total
[2025-09-16T08:55:27.424+0000][185][trace][gc,age      ] GC(45) - age   9:     490984 bytes,    2943512 total
[2025-09-16T08:55:27.424+0000][185][trace][gc,age      ] GC(45) - age  10:    1120928 bytes,    4064440 total
[2025-09-16T08:55:27.424+0000][185][trace][gc,age      ] GC(45) - age  11:     346216 bytes,    4410656 total
[2025-09-16T08:55:27.424+0000][185][trace][gc,age      ] GC(45) - age  12:     165688 bytes,    4576344 total
[2025-09-16T08:55:27.424+0000][185][trace][gc,age      ] GC(45) - age  13:      24376 bytes,    4600720 total
[2025-09-16T08:55:27.424+0000][185][trace][gc,age      ] GC(45) - age  14:      96312 bytes,    4697032 total
[2025-09-16T08:55:27.424+0000][185][trace][gc,age      ] GC(45) - age  15:      70808 bytes,    4767840 total
[2025-09-16T08:55:27.424+0000][185][info ][gc,heap     ] GC(45) Eden regions: 151->0(151)
[2025-09-16T08:55:27.424+0000][185][info ][gc,heap     ] GC(45) Survivor regions: 2->2(20)
[2025-09-16T08:55:27.424+0000][185][info ][gc,heap     ] GC(45) Old regions: 36->36
[2025-09-16T08:55:27.424+0000][185][info ][gc,heap     ] GC(45) Humongous regions: 2->2
[2025-09-16T08:55:27.424+0000][185][info ][gc,metaspace] GC(45) Metaspace: 162686K(166912K)->162686K(166912K) NonClass: 140775K(142656K)->140775K(142656K) Class: 21910K(24256K)->21910K(24256K)
[2025-09-16T08:55:27.424+0000][185][info ][gc          ] GC(45) Pause Young (Prepare Mixed) (G1 Evacuation Pause) 760M->157M(1024M) 22.124ms
[2025-09-16T08:55:27.425+0000][185][info ][gc,cpu      ] GC(45) User=0.13s Sys=0.00s Real=0.02s
[2025-09-16T08:55:27.425+0000][185][info ][safepoint   ] Safepoint "G1CollectForAllocation", Time since last: 16983853883 ns, Reaching safepoint: 150500 ns, Cleanup: 8792 ns, At safepoint: 22391083 ns, Total: 22550375 ns
[2025-09-16T08:55:27.594+0000][185][info ][safepoint   ] Safepoint "ICBufferFull", Time since last: 169151875 ns, Reaching safepoint: 31750 ns, Cleanup: 111167 ns, At safepoint: 18666 ns, Total: 161583 ns
[2025-09-16T08:55:27.595+0000][185][info ][safepoint   ] Safepoint "ICBufferFull", Time since last: 507250 ns, Reaching safepoint: 263459 ns, Cleanup: 1625 ns, At safepoint: 26125 ns, Total: 291209 ns
[2025-09-16T08:55:27.640+0000][185][info ][safepoint   ] Safepoint "ICBufferFull", Time since last: 44621166 ns, Reaching safepoint: 16917 ns, Cleanup: 174083 ns, At safepoint: 12584 ns, Total: 203584 ns
[2025-09-16T08:55:29.538+0000][185][info ][safepoint   ] Safepoint "Cleanup", Time since last: 1897970917 ns, Reaching safepoint: 35584 ns, Cleanup: 245958 ns, At safepoint: 19875 ns, Total: 301417 ns
[2025-09-16T08:55:30.543+0000][185][info ][safepoint   ] Safepoint "Cleanup", Time since last: 1005181125 ns, Reaching safepoint: 3167 ns, Cleanup: 54417 ns, At safepoint: 7333 ns, Total: 64917 ns
[2025-09-16T08:55:31.559+0000][185][info ][safepoint   ] Safepoint "Cleanup", Time since last: 1015114209 ns, Reaching safepoint: 99167 ns, Cleanup: 174000 ns, At safepoint: 21041 ns, Total: 294208 ns
[2025-09-16T08:55:33.615+0000][185][info ][safepoint   ] Safepoint "Cleanup", Time since last: 2056454751 ns, Reaching safepoint: 86750 ns, Cleanup: 50542 ns, At safepoint: 31583 ns, Total: 168875 ns
[2025-09-16T08:55:34.617+0000][185][info ][safepoint   ] Safepoint "Cleanup", Time since last: 1001863917 ns, Reaching safepoint: 115042 ns, Cleanup: 67042 ns, At safepoint: 30791 ns, Total: 212875 ns
[2025-09-16T08:55:36.620+0000][185][info ][safepoint   ] Safepoint "Cleanup", Time since last: 2003037335 ns, Reaching safepoint: 66833 ns, Cleanup: 39875 ns, At safepoint: 13250 ns, Total: 119958 ns
[2025-09-16T08:55:37.623+0000][185][info ][safepoint   ] Safepoint "Cleanup", Time since last: 1001335875 ns, Reaching safepoint: 1272625 ns, Cleanup: 17250 ns, At safepoint: 7875 ns, Total: 1297750 ns
[2025-09-16T08:55:38.624+0000][185][info ][safepoint   ] Safepoint "Cleanup", Time since last: 1000814918 ns, Reaching safepoint: 102541 ns, Cleanup: 145584 ns, At safepoint: 24791 ns, Total: 272916 ns
[2025-09-16T08:55:39.626+0000][185][info ][safepoint   ] Safepoint "Cleanup", Time since last: 1001668584 ns, Reaching safepoint: 15792 ns, Cleanup: 9375 ns, At safepoint: 5666 ns, Total: 30833 ns
[2025-09-16T08:55:42.631+0000][185][info ][safepoint   ] Safepoint "Cleanup", Time since last: 3004863085 ns, Reaching safepoint: 103417 ns, Cleanup: 32666 ns, At safepoint: 24042 ns, Total: 160125 ns
[2025-09-16T08:55:44.633+0000][185][info ][safepoint   ] Safepoint "Cleanup", Time since last: 2002092084 ns, Reaching safepoint: 70083 ns, Cleanup: 42917 ns, At safepoint: 23542 ns, Total: 136542 ns
[2025-09-16T08:55:45.862+0000][185][info ][safepoint   ] Safepoint "Cleanup", Time since last: 1224966500 ns, Reaching safepoint: 997000 ns, Cleanup: 2515167 ns, At safepoint: 16000 ns, Total: 3528167 ns
[2025-09-16T08:55:46.874+0000][185][info ][safepoint   ] Safepoint "Cleanup", Time since last: 1012372042 ns, Reaching safepoint: 76750 ns, Cleanup: 222625 ns, At safepoint: 9292 ns, Total: 308667 ns
[2025-09-16T08:55:47.876+0000][185][info ][safepoint   ] Safepoint "Cleanup", Time since last: 1001477084 ns, Reaching safepoint: 38666 ns, Cleanup: 116000 ns, At safepoint: 11417 ns, Total: 166083 ns
[2025-09-16T08:55:48.877+0000][185][info ][safepoint   ] Safepoint "Cleanup", Time since last: 1001146042 ns, Reaching safepoint: 39917 ns, Cleanup: 28291 ns, At safepoint: 10500 ns, Total: 78708 ns
[2025-09-16T08:55:50.373+0000][185][info ][safepoint   ] Safepoint "Cleanup", Time since last: 1495161835 ns, Reaching safepoint: 117625 ns, Cleanup: 281666 ns, At safepoint: 15125 ns, Total: 414416 ns
[2025-09-16T08:55:51.378+0000][185][info ][safepoint   ] Safepoint "Cleanup", Time since last: 1004633709 ns, Reaching safepoint: 476917 ns, Cleanup: 229250 ns, At safepoint: 47000 ns, Total: 753167 ns
[2025-09-16T08:55:52.381+0000][185][info ][safepoint   ] Safepoint "Cleanup", Time since last: 1002269375 ns, Reaching safepoint: 71875 ns, Cleanup: 93583 ns, At safepoint: 23084 ns, Total: 188542 ns
[2025-09-16T08:55:55.391+0000][185][info ][safepoint   ] Safepoint "Cleanup", Time since last: 3009768251 ns, Reaching safepoint: 96084 ns, Cleanup: 77250 ns, At safepoint: 20458 ns, Total: 193792 ns
[2025-09-16T08:55:56.936+0000][185][info ][safepoint   ] Safepoint "Cleanup", Time since last: 1545709959 ns, Reaching safepoint: 13667 ns, Cleanup: 61708 ns, At safepoint: 7792 ns, Total: 83167 ns
[2025-09-16T08:55:58.033+0000][185][info ][safepoint   ] Safepoint "Cleanup", Time since last: 1096145667 ns, Reaching safepoint: 71167 ns, Cleanup: 42291 ns, At safepoint: 19417 ns, Total: 132875 ns
[2025-09-16T08:56:00.040+0000][185][info ][safepoint   ] Safepoint "Cleanup", Time since last: 2007272667 ns, Reaching safepoint: 112417 ns, Cleanup: 68833 ns, At safepoint: 26542 ns, Total: 207792 ns
[2025-09-16T08:56:01.182+0000][185][info ][safepoint   ] Safepoint "Cleanup", Time since last: 1142110626 ns, Reaching safepoint: 22125 ns, Cleanup: 54416 ns, At safepoint: 12042 ns, Total: 88583 ns
[2025-09-16T08:56:07.202+0000][185][info ][safepoint   ] Safepoint "Cleanup", Time since last: 6019838545 ns, Reaching safepoint: 71083 ns, Cleanup: 49500 ns, At safepoint: 17792 ns, Total: 138375 ns
[2025-09-16T08:56:08.206+0000][185][info ][safepoint   ] Safepoint "Cleanup", Time since last: 1003141708 ns, Reaching safepoint: 110000 ns, Cleanup: 69084 ns, At safepoint: 26000 ns, Total: 205084 ns
[2025-09-16T08:56:10.215+0000][185][info ][safepoint   ] Safepoint "Cleanup", Time since last: 2009288084 ns, Reaching safepoint: 76667 ns, Cleanup: 62500 ns, At safepoint: 18875 ns, Total: 158042 ns
[2025-09-16T08:56:11.619+0000][185][info ][safepoint   ] Safepoint "Cleanup", Time since last: 1403707000 ns, Reaching safepoint: 5917 ns, Cleanup: 9292 ns, At safepoint: 2375 ns, Total: 17584 ns
[2025-09-16T08:56:12.757+0000][185][info ][safepoint   ] Safepoint "Cleanup", Time since last: 1137385292 ns, Reaching safepoint: 5750 ns, Cleanup: 180125 ns, At safepoint: 13666 ns, Total: 199541 ns
[2025-09-16T08:56:13.792+0000][185][info ][safepoint   ] Safepoint "Cleanup", Time since last: 1035350334 ns, Reaching safepoint: 13833 ns, Cleanup: 142625 ns, At safepoint: 18000 ns, Total: 174458 ns
[2025-09-16T08:56:14.798+0000][185][info ][safepoint   ] Safepoint "Cleanup", Time since last: 1005454001 ns, Reaching safepoint: 85500 ns, Cleanup: 52208 ns, At safepoint: 26834 ns, Total: 164542 ns
[2025-09-16T08:56:17.800+0000][185][info ][safepoint   ] Safepoint "Cleanup", Time since last: 3002271793 ns, Reaching safepoint: 27000 ns, Cleanup: 34041 ns, At safepoint: 6792 ns, Total: 67833 ns
[2025-09-16T08:56:18.802+0000][185][info ][safepoint   ] Safepoint "Cleanup", Time since last: 1001390917 ns, Reaching safepoint: 144542 ns, Cleanup: 93041 ns, At safepoint: 28375 ns, Total: 265958 ns
[2025-09-16T08:56:24.809+0000][185][info ][safepoint   ] Safepoint "Cleanup", Time since last: 6006397087 ns, Reaching safepoint: 412875 ns, Cleanup: 63375 ns, At safepoint: 35916 ns, Total: 512166 ns
[2025-09-16T08:56:30.817+0000][185][info ][safepoint   ] Safepoint "Cleanup", Time since last: 6007680628 ns, Reaching safepoint: 45417 ns, Cleanup: 154083 ns, At safepoint: 11292 ns, Total: 210792 ns
[2025-09-16T08:56:33.823+0000][185][info ][safepoint   ] Safepoint "Cleanup", Time since last: 3005888626 ns, Reaching safepoint: 94042 ns, Cleanup: 68833 ns, At safepoint: 25417 ns, Total: 188292 ns
[2025-09-16T08:56:34.825+0000][185][info ][safepoint   ] Safepoint "Cleanup", Time since last: 1001577584 ns, Reaching safepoint: 104833 ns, Cleanup: 64542 ns, At safepoint: 27333 ns, Total: 196708 ns
[2025-09-16T08:56:35.827+0000][185][info ][safepoint   ] Safepoint "Cleanup", Time since last: 1002055209 ns, Reaching safepoint: 130042 ns, Cleanup: 64708 ns, At safepoint: 26667 ns, Total: 221417 ns
[2025-09-16T08:56:36.829+0000][185][info ][safepoint   ] Safepoint "Cleanup", Time since last: 1001511542 ns, Reaching safepoint: 95166 ns, Cleanup: 31542 ns, At safepoint: 26042 ns, Total: 152750 ns
[2025-09-16T08:56:37.829+0000][185][info ][safepoint   ] Safepoint "Cleanup", Time since last: 1000693875 ns, Reaching safepoint: 100584 ns, Cleanup: 32500 ns, At safepoint: 15916 ns, Total: 149000 ns
[2025-09-16T08:56:38.832+0000][185][info ][safepoint   ] Safepoint "Cleanup", Time since last: 1002026001 ns, Reaching safepoint: 73666 ns, Cleanup: 75959 ns, At safepoint: 26291 ns, Total: 175916 ns
[2025-09-16T08:56:39.833+0000][185][info ][safepoint   ] Safepoint "Cleanup", Time since last: 1001655459 ns, Reaching safepoint: 15083 ns, Cleanup: 28917 ns, At safepoint: 6708 ns, Total: 50708 ns
[2025-09-16T08:56:40.835+0000][185][info ][safepoint   ] Safepoint "Cleanup", Time since last: 1001383709 ns, Reaching safepoint: 113334 ns, Cleanup: 115666 ns, At safepoint: 69084 ns, Total: 298084 ns
[2025-09-16T08:56:42.837+0000][185][info ][safepoint   ] Safepoint "Cleanup", Time since last: 2002376417 ns, Reaching safepoint: 97792 ns, Cleanup: 77333 ns, At safepoint: 19208 ns, Total: 194333 ns
[2025-09-16T08:56:47.461+0000][185][info ][safepoint   ] Safepoint "Cleanup", Time since last: 4623755294 ns, Reaching safepoint: 65708 ns, Cleanup: 52417 ns, At safepoint: 17708 ns, Total: 135833 ns
[2025-09-16T08:56:48.463+0000][185][info ][safepoint   ] Safepoint "Cleanup", Time since last: 1001843918 ns, Reaching safepoint: 21208 ns, Cleanup: 14458 ns, At safepoint: 12334 ns, Total: 48000 ns
[2025-09-16T08:56:49.465+0000][185][info ][safepoint   ] Safepoint "Cleanup", Time since last: 1001427875 ns, Reaching safepoint: 86500 ns, Cleanup: 60875 ns, At safepoint: 17542 ns, Total: 164917 ns
[2025-09-16T08:56:51.468+0000][185][info ][safepoint   ] Safepoint "Cleanup", Time since last: 2003274167 ns, Reaching safepoint: 25542 ns, Cleanup: 14000 ns, At safepoint: 13042 ns, Total: 52584 ns
[2025-09-16T08:56:57.474+0000][185][info ][safepoint   ] Safepoint "Cleanup", Time since last: 6005668419 ns, Reaching safepoint: 81834 ns, Cleanup: 27416 ns, At safepoint: 12000 ns, Total: 121250 ns
[2025-09-16T08:56:58.477+0000][185][info ][safepoint   ] Safepoint "Cleanup", Time since last: 1003217292 ns, Reaching safepoint: 74834 ns, Cleanup: 46875 ns, At safepoint: 16375 ns, Total: 138084 ns
[2025-09-16T08:57:00.480+0000][185][info ][safepoint   ] Safepoint "Cleanup", Time since last: 2002629542 ns, Reaching safepoint: 91042 ns, Cleanup: 46375 ns, At safepoint: 18958 ns, Total: 156375 ns
[2025-09-16T08:57:09.489+0000][185][info ][safepoint   ] Safepoint "Cleanup", Time since last: 9009062838 ns, Reaching safepoint: 59500 ns, Cleanup: 31458 ns, At safepoint: 24042 ns, Total: 115000 ns
[2025-09-16T08:57:15.442+0000][185][info ][safepoint   ] Safepoint "Cleanup", Time since last: 5953402377 ns, Reaching safepoint: 7709 ns, Cleanup: 32875 ns, At safepoint: 7083 ns, Total: 47667 ns
[2025-09-16T08:57:16.762+0000][185][info ][safepoint   ] Safepoint "Cleanup", Time since last: 1318748084 ns, Reaching safepoint: 800500 ns, Cleanup: 61375 ns, At safepoint: 11708 ns, Total: 873583 ns
[2025-09-16T08:57:18.001+0000][185][info ][safepoint   ] Safepoint "Cleanup", Time since last: 1238889834 ns, Reaching safepoint: 67625 ns, Cleanup: 46000 ns, At safepoint: 15125 ns, Total: 128750 ns
[2025-09-16T08:57:19.491+0000][185][info ][safepoint   ] Safepoint "Cleanup", Time since last: 1489981876 ns, Reaching safepoint: 2666 ns, Cleanup: 12000 ns, At safepoint: 4542 ns, Total: 19208 ns
[2025-09-16T08:57:30.500+0000][185][info ][safepoint   ] Safepoint "Cleanup", Time since last: 11008832630 ns, Reaching safepoint: 16875 ns, Cleanup: 23709 ns, At safepoint: 9250 ns, Total: 49834 ns
[2025-09-16T08:57:31.501+0000][185][info ][safepoint   ] Safepoint "Cleanup", Time since last: 1000974209 ns, Reaching safepoint: 59791 ns, Cleanup: 68917 ns, At safepoint: 20833 ns, Total: 149541 ns
[2025-09-16T08:57:32.502+0000][185][info ][safepoint   ] Safepoint "Cleanup", Time since last: 1000874876 ns, Reaching safepoint: 110041 ns, Cleanup: 64042 ns, At safepoint: 26750 ns, Total: 200833 ns
[2025-09-16T08:57:37.517+0000][185][info ][safepoint   ] Safepoint "Cleanup", Time since last: 5014226002 ns, Reaching safepoint: 85375 ns, Cleanup: 64750 ns, At safepoint: 20667 ns, Total: 170792 ns
[2025-09-16T08:57:44.541+0000][185][info ][safepoint   ] Safepoint "Cleanup", Time since last: 7023126919 ns, Reaching safepoint: 522458 ns, Cleanup: 66375 ns, At safepoint: 25459 ns, Total: 614292 ns
[2025-09-16T08:57:57.507+0000][185][info ][safepoint   ] Safepoint "Cleanup", Time since last: 12965645631 ns, Reaching safepoint: 114542 ns, Cleanup: 48250 ns, At safepoint: 28875 ns, Total: 191667 ns
[2025-09-16T08:58:04.534+0000][185][info ][safepoint   ] Safepoint "Cleanup", Time since last: 7027104253 ns, Reaching safepoint: 99958 ns, Cleanup: 47584 ns, At safepoint: 23833 ns, Total: 171375 ns
[2025-09-16T08:58:05.536+0000][185][info ][safepoint   ] Safepoint "Cleanup", Time since last: 1002175709 ns, Reaching safepoint: 101041 ns, Cleanup: 70125 ns, At safepoint: 14209 ns, Total: 185375 ns
[2025-09-16T08:58:06.540+0000][185][info ][safepoint   ] Safepoint "Cleanup", Time since last: 1003908000 ns, Reaching safepoint: 84000 ns, Cleanup: 82000 ns, At safepoint: 16917 ns, Total: 182917 ns
[2025-09-16T08:58:10.551+0000][185][info ][safepoint   ] Safepoint "Cleanup", Time since last: 4010309668 ns, Reaching safepoint: 111084 ns, Cleanup: 55500 ns, At safepoint: 18541 ns, Total: 185125 ns
[2025-09-16T08:58:15.561+0000][185][info ][safepoint   ] Safepoint "Cleanup", Time since last: 5010009294 ns, Reaching safepoint: 74916 ns, Cleanup: 46167 ns, At safepoint: 21500 ns, Total: 142583 ns
[2025-09-16T08:58:18.455+0000][185][info ][safepoint   ] Safepoint "Cleanup", Time since last: 2893881793 ns, Reaching safepoint: 6250 ns, Cleanup: 14958 ns, At safepoint: 13417 ns, Total: 34625 ns
[2025-09-16T08:58:20.207+0000][185][info ][safepoint   ] Safepoint "Cleanup", Time since last: 1752646751 ns, Reaching safepoint: 5375 ns, Cleanup: 30041 ns, At safepoint: 9709 ns, Total: 45125 ns
[2025-09-16T08:58:25.222+0000][185][info ][safepoint   ] Safepoint "Cleanup", Time since last: 5014649086 ns, Reaching safepoint: 85916 ns, Cleanup: 27375 ns, At safepoint: 18542 ns, Total: 131833 ns
[2025-09-16T08:58:28.230+0000][185][info ][safepoint   ] Safepoint "Cleanup", Time since last: 3008099543 ns, Reaching safepoint: 87708 ns, Cleanup: 49542 ns, At safepoint: 15667 ns, Total: 152917 ns
[2025-09-16T08:58:31.235+0000][185][info ][safepoint   ] Safepoint "Cleanup", Time since last: 3003908459 ns, Reaching safepoint: 97959 ns, Cleanup: 200875 ns, At safepoint: 15833 ns, Total: 314667 ns
[2025-09-16T08:58:36.433+0000][185][info ][gc,start    ] GC(46) Pause Young (Mixed) (G1 Evacuation Pause)
[2025-09-16T08:58:36.433+0000][185][info ][gc,task     ] GC(46) Using 8 workers of 8 for evacuation
[2025-09-16T08:58:36.433+0000][185][debug][gc,age      ] GC(46) Desired survivor size 41943040 bytes, new threshold 15 (max threshold 15)
[2025-09-16T08:58:36.465+0000][185][info ][gc,phases   ] GC(46)   Pre Evacuate Collection Set: 0.92ms
[2025-09-16T08:58:36.465+0000][185][info ][gc,phases   ] GC(46)   Merge Heap Roots: 0.39ms
[2025-09-16T08:58:36.465+0000][185][info ][gc,phases   ] GC(46)   Evacuate Collection Set: 27.28ms
[2025-09-16T08:58:36.465+0000][185][info ][gc,phases   ] GC(46)   Post Evacuate Collection Set: 2.70ms
[2025-09-16T08:58:36.466+0000][185][info ][gc,phases   ] GC(46)   Other: 0.43ms
[2025-09-16T08:58:36.466+0000][185][trace][gc,age      ] GC(46) Age table with threshold 15 (max threshold 15)
[2025-09-16T08:58:36.466+0000][185][trace][gc,age      ] GC(46) - age   1:    2880904 bytes,    2880904 total
[2025-09-16T08:58:36.466+0000][185][trace][gc,age      ] GC(46) - age   2:      36616 bytes,    2917520 total
[2025-09-16T08:58:36.466+0000][185][trace][gc,age      ] GC(46) - age   3:     528488 bytes,    3446008 total
[2025-09-16T08:58:36.466+0000][185][trace][gc,age      ] GC(46) - age   4:     366384 bytes,    3812392 total
[2025-09-16T08:58:36.466+0000][185][trace][gc,age      ] GC(46) - age   5:     304832 bytes,    4117224 total
[2025-09-16T08:58:36.466+0000][185][trace][gc,age      ] GC(46) - age   6:     121824 bytes,    4239048 total
[2025-09-16T08:58:36.466+0000][185][trace][gc,age      ] GC(46) - age   7:     173472 bytes,    4412520 total
[2025-09-16T08:58:36.466+0000][185][trace][gc,age      ] GC(46) - age   8:      16424 bytes,    4428944 total
[2025-09-16T08:58:36.466+0000][185][trace][gc,age      ] GC(46) - age   9:      27632 bytes,    4456576 total
[2025-09-16T08:58:36.466+0000][185][trace][gc,age      ] GC(46) - age  10:     129016 bytes,    4585592 total
[2025-09-16T08:58:36.466+0000][185][trace][gc,age      ] GC(46) - age  11:    1043752 bytes,    5629344 total
[2025-09-16T08:58:36.466+0000][185][trace][gc,age      ] GC(46) - age  12:     345624 bytes,    5974968 total
[2025-09-16T08:58:36.466+0000][185][trace][gc,age      ] GC(46) - age  13:     165464 bytes,    6140432 total
[2025-09-16T08:58:36.466+0000][185][trace][gc,age      ] GC(46) - age  14:      24376 bytes,    6164808 total
[2025-09-16T08:58:36.466+0000][185][trace][gc,age      ] GC(46) - age  15:      96312 bytes,    6261120 total
[2025-09-16T08:58:36.467+0000][185][info ][gc,heap     ] GC(46) Eden regions: 151->0(151)
[2025-09-16T08:58:36.467+0000][185][info ][gc,heap     ] GC(46) Survivor regions: 2->2(20)
[2025-09-16T08:58:36.467+0000][185][info ][gc,heap     ] GC(46) Old regions: 36->36
[2025-09-16T08:58:36.467+0000][185][info ][gc,heap     ] GC(46) Humongous regions: 2->2
[2025-09-16T08:58:36.467+0000][185][info ][gc,metaspace] GC(46) Metaspace: 163243K(167104K)->163243K(167104K) NonClass: 141223K(142848K)->141223K(142848K) Class: 22019K(24256K)->22019K(24256K)
[2025-09-16T08:58:36.467+0000][185][info ][gc          ] GC(46) Pause Young (Mixed) (G1 Evacuation Pause) 761M->157M(1024M) 33.891ms
[2025-09-16T08:58:36.467+0000][185][info ][gc,cpu      ] GC(46) User=0.23s Sys=0.00s Real=0.04s
[2025-09-16T08:58:36.467+0000][185][info ][safepoint   ] Safepoint "G1CollectForAllocation", Time since last: 5198192753 ns, Reaching safepoint: 22291 ns, Cleanup: 6042 ns, At safepoint: 34139250 ns, Total: 34167583 ns
[2025-09-16T08:58:38.471+0000][185][info ][safepoint   ] Safepoint "Cleanup", Time since last: 2004135751 ns, Reaching safepoint: 107875 ns, Cleanup: 62208 ns, At safepoint: 28708 ns, Total: 198791 ns
[2025-09-16T08:58:41.475+0000][185][info ][safepoint   ] Safepoint "Cleanup", Time since last: 3003796294 ns, Reaching safepoint: 114291 ns, Cleanup: 74500 ns, At safepoint: 33917 ns, Total: 222708 ns
[2025-09-16T08:58:57.704+0000][185][info ][safepoint   ] Safepoint "Cleanup", Time since last: 16228529174 ns, Reaching safepoint: 114500 ns, Cleanup: 37167 ns, At safepoint: 109708 ns, Total: 261375 ns
[2025-09-16T08:59:03.712+0000][185][info ][safepoint   ] Safepoint "Cleanup", Time since last: 6007367253 ns, Reaching safepoint: 59708 ns, Cleanup: 29250 ns, At safepoint: 20125 ns, Total: 109083 ns
[2025-09-16T08:59:22.360+0000][185][info ][safepoint   ] Safepoint "Cleanup", Time since last: 18648281675 ns, Reaching safepoint: 18833 ns, Cleanup: 30125 ns, At safepoint: 19542 ns, Total: 68500 ns
[2025-09-16T08:59:23.406+0000][185][info ][safepoint   ] Safepoint "Cleanup", Time since last: 1045736376 ns, Reaching safepoint: 12000 ns, Cleanup: 13125 ns, At safepoint: 9375 ns, Total: 34500 ns
[2025-09-16T08:59:29.416+0000][185][info ][safepoint   ] Safepoint "Cleanup", Time since last: 6009839461 ns, Reaching safepoint: 143333 ns, Cleanup: 19250 ns, At safepoint: 12250 ns, Total: 174833 ns
[2025-09-16T08:59:30.418+0000][185][info ][safepoint   ] Safepoint "Cleanup", Time since last: 1002457751 ns, Reaching safepoint: 97833 ns, Cleanup: 34083 ns, At safepoint: 25584 ns, Total: 157500 ns
[2025-09-16T08:59:31.419+0000][185][info ][safepoint   ] Safepoint "Cleanup", Time since last: 1000861875 ns, Reaching safepoint: 56167 ns, Cleanup: 44541 ns, At safepoint: 19167 ns, Total: 119875 ns
[2025-09-16T08:59:43.453+0000][185][info ][safepoint   ] Safepoint "Cleanup", Time since last: 12033284464 ns, Reaching safepoint: 12541 ns, Cleanup: 136167 ns, At safepoint: 42000 ns, Total: 190708 ns
[2025-09-16T08:59:58.750+0000][185][info ][safepoint   ] Safepoint "Cleanup", Time since last: 15295898132 ns, Reaching safepoint: 220750 ns, Cleanup: 52459 ns, At safepoint: 29375 ns, Total: 302584 ns
[2025-09-16T09:00:06.772+0000][185][info ][safepoint   ] Safepoint "Cleanup", Time since last: 8022330503 ns, Reaching safepoint: 74709 ns, Cleanup: 49125 ns, At safepoint: 21000 ns, Total: 144834 ns
[2025-09-16T09:00:09.778+0000][185][info ][safepoint   ] Safepoint "Cleanup", Time since last: 3005736126 ns, Reaching safepoint: 14542 ns, Cleanup: 12791 ns, At safepoint: 6792 ns, Total: 34125 ns
[2025-09-16T09:00:12.786+0000][185][info ][safepoint   ] Safepoint "Cleanup", Time since last: 3008232793 ns, Reaching safepoint: 352500 ns, Cleanup: 55750 ns, At safepoint: 31583 ns, Total: 439833 ns
[2025-09-16T09:00:13.790+0000][185][info ][safepoint   ] Safepoint "Cleanup", Time since last: 1003579792 ns, Reaching safepoint: 84875 ns, Cleanup: 68084 ns, At safepoint: 21541 ns, Total: 174500 ns
[2025-09-16T09:00:14.848+0000][185][info ][safepoint   ] Safepoint "Cleanup", Time since last: 1056591584 ns, Reaching safepoint: 996042 ns, Cleanup: 30167 ns, At safepoint: 16958 ns, Total: 1043167 ns
[2025-09-16T09:00:24.500+0000][185][info ][safepoint   ] Safepoint "Cleanup", Time since last: 9652405379 ns, Reaching safepoint: 5709 ns, Cleanup: 7708 ns, At safepoint: 8083 ns, Total: 21500 ns
[2025-09-16T09:00:25.529+0000][185][info ][safepoint   ] Safepoint "Cleanup", Time since last: 1029114918 ns, Reaching safepoint: 82416 ns, Cleanup: 60500 ns, At safepoint: 18334 ns, Total: 161250 ns
[2025-09-16T09:00:26.650+0000][185][info ][safepoint   ] Safepoint "Cleanup", Time since last: 1120642875 ns, Reaching safepoint: 25417 ns, Cleanup: 75667 ns, At safepoint: 19458 ns, Total: 120542 ns
[2025-09-16T09:00:31.665+0000][185][info ][safepoint   ] Safepoint "Cleanup", Time since last: 5014428461 ns, Reaching safepoint: 111041 ns, Cleanup: 86167 ns, At safepoint: 33375 ns, Total: 230583 ns
[2025-09-16T09:00:39.680+0000][185][info ][safepoint   ] Safepoint "Cleanup", Time since last: 8014411920 ns, Reaching safepoint: 147084 ns, Cleanup: 43083 ns, At safepoint: 76667 ns, Total: 266834 ns
[2025-09-16T09:01:00.832+0000][185][info ][safepoint   ] Safepoint "Cleanup", Time since last: 21152509926 ns, Reaching safepoint: 109833 ns, Cleanup: 53625 ns, At safepoint: 34084 ns, Total: 197542 ns
[2025-09-16T09:01:03.837+0000][185][info ][safepoint   ] Safepoint "Cleanup", Time since last: 3004723793 ns, Reaching safepoint: 109792 ns, Cleanup: 90541 ns, At safepoint: 27917 ns, Total: 228250 ns
[2025-09-16T09:01:27.818+0000][185][info ][safepoint   ] Safepoint "Cleanup", Time since last: 23980479052 ns, Reaching safepoint: 18334 ns, Cleanup: 39291 ns, At safepoint: 8209 ns, Total: 65834 ns
[2025-09-16T09:01:28.865+0000][185][info ][safepoint   ] Safepoint "Cleanup", Time since last: 1047042709 ns, Reaching safepoint: 41666 ns, Cleanup: 160125 ns, At safepoint: 16167 ns, Total: 217958 ns
[2025-09-16T09:01:31.873+0000][185][info ][safepoint   ] Safepoint "Cleanup", Time since last: 3007736376 ns, Reaching safepoint: 75834 ns, Cleanup: 51583 ns, At safepoint: 16250 ns, Total: 143667 ns
[2025-09-16T09:01:32.876+0000][185][info ][safepoint   ] Safepoint "Cleanup", Time since last: 1002808167 ns, Reaching safepoint: 88833 ns, Cleanup: 59625 ns, At safepoint: 23375 ns, Total: 171833 ns
[2025-09-16T09:01:40.894+0000][185][info ][safepoint   ] Safepoint "Cleanup", Time since last: 8018008463 ns, Reaching safepoint: 96750 ns, Cleanup: 36583 ns, At safepoint: 16042 ns, Total: 149375 ns
[2025-09-16T09:01:41.896+0000][185][info ][safepoint   ] Safepoint "Cleanup", Time since last: 1001570708 ns, Reaching safepoint: 31750 ns, Cleanup: 36709 ns, At safepoint: 18500 ns, Total: 86959 ns
[2025-09-16T09:01:53.864+0000][185][info ][safepoint   ] Safepoint "Cleanup", Time since last: 11968183422 ns, Reaching safepoint: 260958 ns, Cleanup: 57583 ns, At safepoint: 25750 ns, Total: 344291 ns
[2025-09-16T09:02:21.950+0000][185][info ][safepoint   ] Safepoint "Cleanup", Time since last: 28085110263 ns, Reaching safepoint: 903583 ns, Cleanup: 40250 ns, At safepoint: 23500 ns, Total: 967333 ns
[2025-09-16T09:02:22.958+0000][185][info ][safepoint   ] Safepoint "Cleanup", Time since last: 1007019459 ns, Reaching safepoint: 111542 ns, Cleanup: 98458 ns, At safepoint: 21625 ns, Total: 231625 ns
[2025-09-16T09:03:04.140+0000][185][info ][safepoint   ] Safepoint "Cleanup", Time since last: 41181232311 ns, Reaching safepoint: 317375 ns, Cleanup: 71375 ns, At safepoint: 31667 ns, Total: 420417 ns
[2025-09-16T09:03:32.220+0000][185][info ][safepoint   ] Safepoint "Cleanup", Time since last: 28080372929 ns, Reaching safepoint: 141375 ns, Cleanup: 82292 ns, At safepoint: 19042 ns, Total: 242709 ns
[2025-09-16T09:03:33.553+0000][185][info ][safepoint   ] Safepoint "Cleanup", Time since last: 1332803834 ns, Reaching safepoint: 5250 ns, Cleanup: 10125 ns, At safepoint: 2000 ns, Total: 17375 ns
[2025-09-16T09:03:35.351+0000][185][info ][safepoint   ] Safepoint "Cleanup", Time since last: 1797573626 ns, Reaching safepoint: 19583 ns, Cleanup: 39542 ns, At safepoint: 12791 ns, Total: 71916 ns
[2025-09-16T09:04:10.148+0000][185][info ][safepoint   ] Safepoint "Cleanup", Time since last: 34796292100 ns, Reaching safepoint: 482416 ns, Cleanup: 80709 ns, At safepoint: 23916 ns, Total: 587041 ns
[2025-09-16T09:04:13.153+0000][185][info ][safepoint   ] Safepoint "Cleanup", Time since last: 3004832959 ns, Reaching safepoint: 92875 ns, Cleanup: 50750 ns, At safepoint: 18375 ns, Total: 162000 ns
[2025-09-16T09:04:32.204+0000][185][info ][safepoint   ] Safepoint "Cleanup", Time since last: 19050570009 ns, Reaching safepoint: 125709 ns, Cleanup: 81041 ns, At safepoint: 27209 ns, Total: 233959 ns
[2025-09-16T09:04:36.584+0000][185][info ][safepoint   ] Safepoint "Cleanup", Time since last: 4380005919 ns, Reaching safepoint: 554041 ns, Cleanup: 10875 ns, At safepoint: 11125 ns, Total: 576041 ns
[2025-09-16T09:04:38.575+0000][185][info ][safepoint   ] Safepoint "Cleanup", Time since last: 1990791918 ns, Reaching safepoint: 15167 ns, Cleanup: 16416 ns, At safepoint: 11875 ns, Total: 43458 ns
[2025-09-16T09:04:43.570+0000][185][info ][safepoint   ] Safepoint "Cleanup", Time since last: 4994240002 ns, Reaching safepoint: 78417 ns, Cleanup: 92917 ns, At safepoint: 27333 ns, Total: 198667 ns
[2025-09-16T09:05:14.457+0000][185][info ][safepoint   ] Safepoint "Cleanup", Time since last: 30886659806 ns, Reaching safepoint: 59958 ns, Cleanup: 70167 ns, At safepoint: 12541 ns, Total: 142666 ns
[2025-09-16T09:05:18.547+0000][185][info ][gc,start    ] GC(47) Pause Young (Concurrent Start) (G1 Evacuation Pause)
[2025-09-16T09:05:18.548+0000][185][info ][gc,task     ] GC(47) Using 8 workers of 8 for evacuation
[2025-09-16T09:05:18.548+0000][185][debug][gc,age      ] GC(47) Desired survivor size 41943040 bytes, new threshold 15 (max threshold 15)
[2025-09-16T09:05:18.580+0000][185][info ][gc,phases   ] GC(47)   Pre Evacuate Collection Set: 1.45ms
[2025-09-16T09:05:18.580+0000][185][info ][gc,phases   ] GC(47)   Merge Heap Roots: 0.28ms
[2025-09-16T09:05:18.580+0000][185][info ][gc,phases   ] GC(47)   Evacuate Collection Set: 26.03ms
[2025-09-16T09:05:18.580+0000][185][info ][gc,phases   ] GC(47)   Post Evacuate Collection Set: 3.71ms
[2025-09-16T09:05:18.581+0000][185][info ][gc,phases   ] GC(47)   Other: 1.05ms
[2025-09-16T09:05:18.581+0000][185][trace][gc,age      ] GC(47) Age table with threshold 15 (max threshold 15)
[2025-09-16T09:05:18.581+0000][185][trace][gc,age      ] GC(47) - age   1:    1044112 bytes,    1044112 total
[2025-09-16T09:05:18.581+0000][185][trace][gc,age      ] GC(47) - age   2:    2337512 bytes,    3381624 total
[2025-09-16T09:05:18.581+0000][185][trace][gc,age      ] GC(47) - age   3:      11480 bytes,    3393104 total
[2025-09-16T09:05:18.581+0000][185][trace][gc,age      ] GC(47) - age   4:     523368 bytes,    3916472 total
[2025-09-16T09:05:18.581+0000][185][trace][gc,age      ] GC(47) - age   5:     365728 bytes,    4282200 total
[2025-09-16T09:05:18.581+0000][185][trace][gc,age      ] GC(47) - age   6:     304832 bytes,    4587032 total
[2025-09-16T09:05:18.581+0000][185][trace][gc,age      ] GC(47) - age   7:     121560 bytes,    4708592 total
[2025-09-16T09:05:18.581+0000][185][trace][gc,age      ] GC(47) - age   8:     173472 bytes,    4882064 total
[2025-09-16T09:05:18.581+0000][185][trace][gc,age      ] GC(47) - age   9:      16424 bytes,    4898488 total
[2025-09-16T09:05:18.581+0000][185][trace][gc,age      ] GC(47) - age  10:      27224 bytes,    4925712 total
[2025-09-16T09:05:18.581+0000][185][trace][gc,age      ] GC(47) - age  11:     129016 bytes,    5054728 total
[2025-09-16T09:05:18.581+0000][185][trace][gc,age      ] GC(47) - age  12:    1042480 bytes,    6097208 total
[2025-09-16T09:05:18.581+0000][185][trace][gc,age      ] GC(47) - age  13:     345624 bytes,    6442832 total
[2025-09-16T09:05:18.581+0000][185][trace][gc,age      ] GC(47) - age  14:     165464 bytes,    6608296 total
[2025-09-16T09:05:18.581+0000][185][trace][gc,age      ] GC(47) - age  15:      24376 bytes,    6632672 total
[2025-09-16T09:05:18.581+0000][185][info ][gc,heap     ] GC(47) Eden regions: 151->0(151)
[2025-09-16T09:05:18.581+0000][185][info ][gc,heap     ] GC(47) Survivor regions: 2->2(20)
[2025-09-16T09:05:18.582+0000][185][info ][gc,heap     ] GC(47) Old regions: 36->36
[2025-09-16T09:05:18.582+0000][185][info ][gc,heap     ] GC(47) Humongous regions: 2->2
[2025-09-16T09:05:18.582+0000][185][info ][gc,metaspace] GC(47) Metaspace: 163362K(167296K)->163362K(167296K) NonClass: 141342K(143040K)->141342K(143040K) Class: 22019K(24256K)->22019K(24256K)
[2025-09-16T09:05:18.582+0000][185][info ][gc          ] GC(47) Pause Young (Concurrent Start) (G1 Evacuation Pause) 761M->158M(1024M) 34.737ms
[2025-09-16T09:05:18.582+0000][185][info ][gc          ] GC(48) Concurrent Mark Cycle
[2025-09-16T09:05:18.582+0000][185][info ][gc,marking  ] GC(48) Concurrent Scan Root Regions
[2025-09-16T09:05:18.582+0000][185][info ][gc,cpu      ] GC(47) User=0.18s Sys=0.00s Real=0.04s
[2025-09-16T09:05:18.582+0000][185][info ][safepoint   ] Safepoint "G1CollectForAllocation", Time since last: 4090159294 ns, Reaching safepoint: 83708 ns, Cleanup: 8500 ns, At safepoint: 35275542 ns, Total: 35367750 ns
[2025-09-16T09:05:18.588+0000][185][info ][gc,marking  ] GC(48) Concurrent Scan Root Regions 5.747ms
[2025-09-16T09:05:18.588+0000][185][info ][gc,marking  ] GC(48) Concurrent Mark
[2025-09-16T09:05:18.588+0000][185][info ][gc,marking  ] GC(48) Concurrent Mark From Roots
[2025-09-16T09:05:18.588+0000][185][info ][gc,task     ] GC(48) Using 2 workers of 2 for marking
[2025-09-16T09:05:18.671+0000][185][info ][gc,marking  ] GC(48) Concurrent Mark From Roots 82.991ms
[2025-09-16T09:05:18.671+0000][185][info ][gc,marking  ] GC(48) Concurrent Preclean
[2025-09-16T09:05:18.671+0000][185][info ][gc,marking  ] GC(48) Concurrent Preclean 0.409ms
[2025-09-16T09:05:18.672+0000][185][info ][gc,start    ] GC(48) Pause Remark
[2025-09-16T09:05:18.762+0000][185][info ][gc          ] GC(48) Pause Remark 162M->162M(1024M) 90.372ms
[2025-09-16T09:05:18.762+0000][185][info ][gc,cpu      ] GC(48) User=0.62s Sys=0.00s Real=0.09s
[2025-09-16T09:05:18.762+0000][185][info ][safepoint   ] Safepoint "G1PauseRemark", Time since last: 89355167 ns, Reaching safepoint: 34333 ns, Cleanup: 3208 ns, At safepoint: 90709334 ns, Total: 90746875 ns
[2025-09-16T09:05:18.766+0000][185][info ][gc,marking  ] GC(48) Concurrent Mark 177.773ms
[2025-09-16T09:05:18.766+0000][185][info ][gc,marking  ] GC(48) Concurrent Rebuild Remembered Sets and Scrub Regions
[2025-09-16T09:05:18.795+0000][185][info ][gc,marking  ] GC(48) Concurrent Rebuild Remembered Sets and Scrub Regions 29.769ms
[2025-09-16T09:05:18.796+0000][185][info ][gc,start    ] GC(48) Pause Cleanup
[2025-09-16T09:05:18.796+0000][185][info ][gc          ] GC(48) Pause Cleanup 162M->162M(1024M) 0.170ms
[2025-09-16T09:05:18.796+0000][185][info ][gc,cpu      ] GC(48) User=0.00s Sys=0.00s Real=0.00s
[2025-09-16T09:05:18.796+0000][185][info ][safepoint   ] Safepoint "G1PauseCleanup", Time since last: 33369500 ns, Reaching safepoint: 9250 ns, Cleanup: 23500 ns, At safepoint: 325708 ns, Total: 358458 ns
[2025-09-16T09:05:18.796+0000][185][info ][gc,marking  ] GC(48) Concurrent Clear Claimed Marks
[2025-09-16T09:05:18.796+0000][185][info ][gc,marking  ] GC(48) Concurrent Clear Claimed Marks 0.196ms
[2025-09-16T09:05:18.796+0000][185][info ][gc,marking  ] GC(48) Concurrent Cleanup for Next Mark
[2025-09-16T09:05:18.801+0000][185][info ][gc,marking  ] GC(48) Concurrent Cleanup for Next Mark 4.454ms
[2025-09-16T09:05:18.801+0000][185][info ][gc          ] GC(48) Concurrent Mark Cycle 218.889ms
[2025-09-16T09:05:33.834+0000][185][info ][safepoint   ] Safepoint "Cleanup", Time since last: 15037758216 ns, Reaching safepoint: 385541 ns, Cleanup: 68084 ns, At safepoint: 29750 ns, Total: 483375 ns
[2025-09-16T09:05:38.846+0000][185][info ][safepoint   ] Safepoint "Cleanup", Time since last: 5011510752 ns, Reaching safepoint: 73000 ns, Cleanup: 38167 ns, At safepoint: 29458 ns, Total: 140625 ns
[2025-09-16T09:05:49.316+0000][185][info ][safepoint   ] Safepoint "Cleanup", Time since last: 10469888546 ns, Reaching safepoint: 101292 ns, Cleanup: 58791 ns, At safepoint: 28500 ns, Total: 188583 ns
[2025-09-16T09:05:53.320+0000][185][info ][safepoint   ] Safepoint "Cleanup", Time since last: 4004370919 ns, Reaching safepoint: 102417 ns, Cleanup: 28375 ns, At safepoint: 20541 ns, Total: 151333 ns
[2025-09-16T09:06:04.343+0000][185][info ][safepoint   ] Safepoint "Cleanup", Time since last: 11022178714 ns, Reaching safepoint: 383541 ns, Cleanup: 73042 ns, At safepoint: 37750 ns, Total: 494333 ns
[2025-09-16T09:06:29.397+0000][185][info ][safepoint   ] Safepoint "Cleanup", Time since last: 25054197094 ns, Reaching safepoint: 81417 ns, Cleanup: 29333 ns, At safepoint: 13459 ns, Total: 124209 ns
[2025-09-16T09:06:32.401+0000][185][info ][safepoint   ] Safepoint "Cleanup", Time since last: 3003306251 ns, Reaching safepoint: 124459 ns, Cleanup: 78708 ns, At safepoint: 22375 ns, Total: 225542 ns
[2025-09-16T09:06:43.048+0000][185][info ][safepoint   ] Safepoint "Cleanup", Time since last: 10646637255 ns, Reaching safepoint: 4125 ns, Cleanup: 5750 ns, At safepoint: 1708 ns, Total: 11583 ns
[2025-09-16T09:06:51.527+0000][185][info ][safepoint   ] Safepoint "Cleanup", Time since last: 8478187462 ns, Reaching safepoint: 124709 ns, Cleanup: 101125 ns, At safepoint: 28958 ns, Total: 254792 ns
[2025-09-16T09:07:01.546+0000][185][info ][safepoint   ] Safepoint "Cleanup", Time since last: 10019187463 ns, Reaching safepoint: 143625 ns, Cleanup: 65875 ns, At safepoint: 74042 ns, Total: 283542 ns
[2025-09-16T09:07:09.557+0000][185][info ][safepoint   ] Safepoint "Cleanup", Time since last: 8010506962 ns, Reaching safepoint: 31542 ns, Cleanup: 8875 ns, At safepoint: 6541 ns, Total: 46958 ns
[2025-09-16T09:07:10.559+0000][185][info ][safepoint   ] Safepoint "Cleanup", Time since last: 1002340251 ns, Reaching safepoint: 175916 ns, Cleanup: 52459 ns, At safepoint: 25916 ns, Total: 254291 ns
[2025-09-16T09:07:15.570+0000][185][info ][safepoint   ] Safepoint "Cleanup", Time since last: 5010855585 ns, Reaching safepoint: 61375 ns, Cleanup: 31750 ns, At safepoint: 30167 ns, Total: 123292 ns
[2025-09-16T09:07:30.596+0000][185][info ][safepoint   ] Safepoint "Cleanup", Time since last: 15026188549 ns, Reaching safepoint: 85041 ns, Cleanup: 20000 ns, At safepoint: 8084 ns, Total: 113125 ns
[2025-09-16T09:07:32.607+0000][185][info ][safepoint   ] Safepoint "Cleanup", Time since last: 2010365167 ns, Reaching safepoint: 100584 ns, Cleanup: 104958 ns, At safepoint: 26500 ns, Total: 232042 ns
[2025-09-16T09:07:43.623+0000][185][info ][safepoint   ] Safepoint "Cleanup", Time since last: 11016182880 ns, Reaching safepoint: 76291 ns, Cleanup: 25750 ns, At safepoint: 13834 ns, Total: 115875 ns
[2025-09-16T09:07:45.620+0000][185][info ][safepoint   ] Safepoint "Cleanup", Time since last: 1996706792 ns, Reaching safepoint: 6042 ns, Cleanup: 17208 ns, At safepoint: 9042 ns, Total: 32292 ns
[2025-09-16T09:07:47.272+0000][185][info ][safepoint   ] Safepoint "Cleanup", Time since last: 1652478584 ns, Reaching safepoint: 18125 ns, Cleanup: 28542 ns, At safepoint: 12791 ns, Total: 59458 ns
[2025-09-16T09:08:02.089+0000][185][info ][safepoint   ] Safepoint "Cleanup", Time since last: 14816633299 ns, Reaching safepoint: 96750 ns, Cleanup: 35458 ns, At safepoint: 14459 ns, Total: 146667 ns
[2025-09-16T09:08:10.106+0000][185][info ][safepoint   ] Safepoint "Cleanup", Time since last: 8017186295 ns, Reaching safepoint: 121084 ns, Cleanup: 23666 ns, At safepoint: 33625 ns, Total: 178375 ns
[2025-09-16T09:08:12.109+0000][185][info ][safepoint   ] Safepoint "Cleanup", Time since last: 2002219501 ns, Reaching safepoint: 24709 ns, Cleanup: 21791 ns, At safepoint: 9125 ns, Total: 55625 ns
[2025-09-16T09:08:16.179+0000][185][info ][safepoint   ] Safepoint "Cleanup", Time since last: 4070270376 ns, Reaching safepoint: 56000 ns, Cleanup: 27084 ns, At safepoint: 13666 ns, Total: 96750 ns
[2025-09-16T09:08:22.190+0000][185][info ][safepoint   ] Safepoint "Cleanup", Time since last: 6010966212 ns, Reaching safepoint: 94333 ns, Cleanup: 70750 ns, At safepoint: 37000 ns, Total: 202083 ns
[2025-09-16T09:08:32.212+0000][185][info ][safepoint   ] Safepoint "Cleanup", Time since last: 10021637505 ns, Reaching safepoint: 14500 ns, Cleanup: 17750 ns, At safepoint: 7791 ns, Total: 40041 ns
[2025-09-16T09:08:49.449+0000][185][info ][safepoint   ] Safepoint "Cleanup", Time since last: 17236676383 ns, Reaching safepoint: 44666 ns, Cleanup: 32917 ns, At safepoint: 17250 ns, Total: 94833 ns
[2025-09-16T09:09:09.555+0000][185][info ][safepoint   ] Safepoint "Cleanup", Time since last: 20105641635 ns, Reaching safepoint: 220083 ns, Cleanup: 21958 ns, At safepoint: 9917 ns, Total: 251958 ns
[2025-09-16T09:09:12.558+0000][185][info ][safepoint   ] Safepoint "Cleanup", Time since last: 3003213668 ns, Reaching safepoint: 85167 ns, Cleanup: 36500 ns, At safepoint: 29125 ns, Total: 150792 ns
[2025-09-16T09:09:43.639+0000][185][info ][safepoint   ] Safepoint "Cleanup", Time since last: 31080293013 ns, Reaching safepoint: 21750 ns, Cleanup: 25125 ns, At safepoint: 7625 ns, Total: 54500 ns
[2025-09-16T09:09:51.647+0000][185][info ][safepoint   ] Safepoint "Cleanup", Time since last: 8007545629 ns, Reaching safepoint: 7125 ns, Cleanup: 14833 ns, At safepoint: 9583 ns, Total: 31541 ns
[2025-09-16T09:10:06.789+0000][185][info ][safepoint   ] Safepoint "Cleanup", Time since last: 15141769758 ns, Reaching safepoint: 109833 ns, Cleanup: 49167 ns, At safepoint: 23333 ns, Total: 182333 ns
[2025-09-16T09:10:14.515+0000][185][info ][safepoint   ] Safepoint "Cleanup", Time since last: 7726471045 ns, Reaching safepoint: 7583 ns, Cleanup: 11917 ns, At safepoint: 7583 ns, Total: 27083 ns
[2025-09-16T09:10:16.402+0000][185][info ][safepoint   ] Safepoint "Cleanup", Time since last: 1887100334 ns, Reaching safepoint: 271750 ns, Cleanup: 39750 ns, At safepoint: 16750 ns, Total: 328250 ns
[2025-09-16T09:10:19.406+0000][185][info ][safepoint   ] Safepoint "Cleanup", Time since last: 3003401793 ns, Reaching safepoint: 60834 ns, Cleanup: 33875 ns, At safepoint: 16125 ns, Total: 110834 ns
[2025-09-16T09:10:27.611+0000][185][info ][safepoint   ] Safepoint "Cleanup", Time since last: 8205410045 ns, Reaching safepoint: 5625 ns, Cleanup: 17792 ns, At safepoint: 8750 ns, Total: 32167 ns
[2025-09-16T09:10:30.944+0000][185][info ][safepoint   ] Safepoint "Cleanup", Time since last: 3333140835 ns, Reaching safepoint: 9917 ns, Cleanup: 14750 ns, At safepoint: 5750 ns, Total: 30417 ns
[2025-09-16T09:10:45.459+0000][185][info ][safepoint   ] Safepoint "Cleanup", Time since last: 14514253548 ns, Reaching safepoint: 14958 ns, Cleanup: 22042 ns, At safepoint: 13916 ns, Total: 50916 ns
[2025-09-16T09:10:49.601+0000][185][info ][safepoint   ] Safepoint "Cleanup", Time since last: 4142234419 ns, Reaching safepoint: 252917 ns, Cleanup: 53916 ns, At safepoint: 47334 ns, Total: 354167 ns
[2025-09-16T09:10:54.668+0000][185][info ][safepoint   ] Safepoint "Cleanup", Time since last: 5066698169 ns, Reaching safepoint: 3583 ns, Cleanup: 7625 ns, At safepoint: 4750 ns, Total: 15958 ns
[2025-09-16T09:10:56.062+0000][185][info ][safepoint   ] Safepoint "Cleanup", Time since last: 1394507751 ns, Reaching safepoint: 11583 ns, Cleanup: 30917 ns, At safepoint: 11250 ns, Total: 53750 ns
[2025-09-16T09:10:59.071+0000][185][info ][safepoint   ] Safepoint "Cleanup", Time since last: 3007218668 ns, Reaching safepoint: 1066458 ns, Cleanup: 81000 ns, At safepoint: 44334 ns, Total: 1191792 ns
[2025-09-16T09:11:19.112+0000][185][info ][safepoint   ] Safepoint "Cleanup", Time since last: 20040490300 ns, Reaching safepoint: 81208 ns, Cleanup: 40959 ns, At safepoint: 19166 ns, Total: 141333 ns
[2025-09-16T09:11:23.125+0000][185][info ][safepoint   ] Safepoint "Cleanup", Time since last: 4013439502 ns, Reaching safepoint: 126167 ns, Cleanup: 70750 ns, At safepoint: 30375 ns, Total: 227292 ns
[2025-09-16T09:11:32.892+0000][185][info ][gc,start    ] GC(49) Pause Young (Prepare Mixed) (G1 Evacuation Pause)
[2025-09-16T09:11:32.893+0000][185][info ][gc,task     ] GC(49) Using 8 workers of 8 for evacuation
[2025-09-16T09:11:32.893+0000][185][debug][gc,age      ] GC(49) Desired survivor size 41943040 bytes, new threshold 15 (max threshold 15)
[2025-09-16T09:11:32.942+0000][185][info ][gc,phases   ] GC(49)   Pre Evacuate Collection Set: 1.70ms
[2025-09-16T09:11:32.943+0000][185][info ][gc,phases   ] GC(49)   Merge Heap Roots: 0.99ms
[2025-09-16T09:11:32.943+0000][185][info ][gc,phases   ] GC(49)   Evacuate Collection Set: 35.70ms
[2025-09-16T09:11:32.943+0000][185][info ][gc,phases   ] GC(49)   Post Evacuate Collection Set: 10.66ms
[2025-09-16T09:11:32.943+0000][185][info ][gc,phases   ] GC(49)   Other: 0.53ms
[2025-09-16T09:11:32.943+0000][185][trace][gc,age      ] GC(49) Age table with threshold 15 (max threshold 15)
[2025-09-16T09:11:32.943+0000][185][trace][gc,age      ] GC(49) - age   1:     736680 bytes,     736680 total
[2025-09-16T09:11:32.943+0000][185][trace][gc,age      ] GC(49) - age   2:     175696 bytes,     912376 total
[2025-09-16T09:11:32.943+0000][185][trace][gc,age      ] GC(49) - age   3:    2318208 bytes,    3230584 total
[2025-09-16T09:11:32.943+0000][185][trace][gc,age      ] GC(49) - age   4:      10840 bytes,    3241424 total
[2025-09-16T09:11:32.943+0000][185][trace][gc,age      ] GC(49) - age   5:     523304 bytes,    3764728 total
[2025-09-16T09:11:32.943+0000][185][trace][gc,age      ] GC(49) - age   6:     349504 bytes,    4114232 total
[2025-09-16T09:11:32.943+0000][185][trace][gc,age      ] GC(49) - age   7:     304768 bytes,    4419000 total
[2025-09-16T09:11:32.943+0000][185][trace][gc,age      ] GC(49) - age   8:     121560 bytes,    4540560 total
[2025-09-16T09:11:32.943+0000][185][trace][gc,age      ] GC(49) - age   9:     173472 bytes,    4714032 total
[2025-09-16T09:11:32.944+0000][185][trace][gc,age      ] GC(49) - age  10:      16424 bytes,    4730456 total
[2025-09-16T09:11:32.944+0000][185][trace][gc,age      ] GC(49) - age  11:      27224 bytes,    4757680 total
[2025-09-16T09:11:32.944+0000][185][trace][gc,age      ] GC(49) - age  12:     129016 bytes,    4886696 total
[2025-09-16T09:11:32.944+0000][185][trace][gc,age      ] GC(49) - age  13:    1042424 bytes,    5929120 total
[2025-09-16T09:11:32.944+0000][185][trace][gc,age      ] GC(49) - age  14:     345624 bytes,    6274744 total
[2025-09-16T09:11:32.944+0000][185][trace][gc,age      ] GC(49) - age  15:     165200 bytes,    6439944 total
[2025-09-16T09:11:32.944+0000][185][info ][gc,heap     ] GC(49) Eden regions: 151->0(151)
[2025-09-16T09:11:32.944+0000][185][info ][gc,heap     ] GC(49) Survivor regions: 2->2(20)
[2025-09-16T09:11:32.944+0000][185][info ][gc,heap     ] GC(49) Old regions: 36->36
[2025-09-16T09:11:32.944+0000][185][info ][gc,heap     ] GC(49) Humongous regions: 2->2
[2025-09-16T09:11:32.944+0000][185][info ][gc,metaspace] GC(49) Metaspace: 163401K(167296K)->163401K(167296K) NonClass: 141396K(143040K)->141396K(143040K) Class: 22004K(24256K)->22004K(24256K)
[2025-09-16T09:11:32.945+0000][185][info ][gc          ] GC(49) Pause Young (Prepare Mixed) (G1 Evacuation Pause) 762M->158M(1024M) 52.677ms
[2025-09-16T09:11:32.945+0000][185][info ][gc,cpu      ] GC(49) User=0.31s Sys=0.00s Real=0.05s
[2025-09-16T09:11:32.945+0000][185][info ][safepoint   ] Safepoint "G1CollectForAllocation", Time since last: 9765689338 ns, Reaching safepoint: 689750 ns, Cleanup: 33541 ns, At safepoint: 53052959 ns, Total: 53776250 ns
[2025-09-16T09:11:33.948+0000][185][info ][safepoint   ] Safepoint "Cleanup", Time since last: 1002583000 ns, Reaching safepoint: 55084 ns, Cleanup: 36416 ns, At safepoint: 20667 ns, Total: 112167 ns
[2025-09-16T09:11:38.961+0000][185][info ][safepoint   ] Safepoint "Cleanup", Time since last: 5012814127 ns, Reaching safepoint: 71667 ns, Cleanup: 50125 ns, At safepoint: 21208 ns, Total: 143000 ns
[2025-09-16T09:11:58.224+0000][185][info ][safepoint   ] Safepoint "Cleanup", Time since last: 19263889176 ns, Reaching safepoint: 80667 ns, Cleanup: 75250 ns, At safepoint: 13750 ns, Total: 169667 ns
[2025-09-16T09:11:59.275+0000][185][info ][safepoint   ] Safepoint "Cleanup", Time since last: 1050809083 ns, Reaching safepoint: 18709 ns, Cleanup: 94166 ns, At safepoint: 8875 ns, Total: 121750 ns
[2025-09-16T09:12:15.319+0000][185][info ][safepoint   ] Safepoint "Cleanup", Time since last: 16042536174 ns, Reaching safepoint: 177417 ns, Cleanup: 165416 ns, At safepoint: 120792 ns, Total: 463625 ns
[2025-09-16T09:12:18.927+0000][185][info ][safepoint   ] Safepoint "Cleanup", Time since last: 3608459210 ns, Reaching safepoint: 3833 ns, Cleanup: 9042 ns, At safepoint: 6792 ns, Total: 19667 ns
[2025-09-16T09:12:19.935+0000][185][info ][safepoint   ] Safepoint "Cleanup", Time since last: 1006815625 ns, Reaching safepoint: 584875 ns, Cleanup: 9042 ns, At safepoint: 10125 ns, Total: 604042 ns
[2025-09-16T09:12:33.946+0000][185][info ][safepoint   ] Safepoint "Cleanup", Time since last: 14011198340 ns, Reaching safepoint: 32458 ns, Cleanup: 19834 ns, At safepoint: 27125 ns, Total: 79417 ns
[2025-09-16T09:12:34.948+0000][185][info ][safepoint   ] Safepoint "Cleanup", Time since last: 1001244125 ns, Reaching safepoint: 136125 ns, Cleanup: 78917 ns, At safepoint: 38666 ns, Total: 253708 ns
[2025-09-16T09:12:38.961+0000][185][info ][safepoint   ] Safepoint "Cleanup", Time since last: 4013192002 ns, Reaching safepoint: 187875 ns, Cleanup: 33375 ns, At safepoint: 32625 ns, Total: 253875 ns
[2025-09-16T09:13:00.687+0000][185][info ][safepoint   ] Safepoint "Cleanup", Time since last: 21725335135 ns, Reaching safepoint: 45459 ns, Cleanup: 13666 ns, At safepoint: 9875 ns, Total: 69000 ns
[2025-09-16T09:13:02.530+0000][185][info ][safepoint   ] Safepoint "Cleanup", Time since last: 1843368501 ns, Reaching safepoint: 14917 ns, Cleanup: 18458 ns, At safepoint: 7084 ns, Total: 40459 ns
[2025-09-16T09:13:19.563+0000][185][info ][safepoint   ] Safepoint "Cleanup", Time since last: 17032404215 ns, Reaching safepoint: 658834 ns, Cleanup: 52750 ns, At safepoint: 24000 ns, Total: 735584 ns
[2025-09-16T09:14:04.695+0000][185][info ][safepoint   ] Safepoint "Cleanup", Time since last: 45132390604 ns, Reaching safepoint: 82292 ns, Cleanup: 46125 ns, At safepoint: 21833 ns, Total: 150250 ns
[2025-09-16T09:14:34.843+0000][185][info ][safepoint   ] Safepoint "Cleanup", Time since last: 30147223389 ns, Reaching safepoint: 479833 ns, Cleanup: 27667 ns, At safepoint: 12750 ns, Total: 520250 ns
[2025-09-16T09:14:43.869+0000][185][info ][safepoint   ] Safepoint "Cleanup", Time since last: 9025385420 ns, Reaching safepoint: 88416 ns, Cleanup: 52000 ns, At safepoint: 15167 ns, Total: 155583 ns
[2025-09-16T09:15:09.982+0000][185][info ][safepoint   ] Safepoint "Cleanup", Time since last: 26113159679 ns, Reaching safepoint: 180417 ns, Cleanup: 38791 ns, At safepoint: 14167 ns, Total: 233375 ns
[2025-09-16T09:15:14.588+0000][185][info ][safepoint   ] Safepoint "Cleanup", Time since last: 4605234126 ns, Reaching safepoint: 13959 ns, Cleanup: 18083 ns, At safepoint: 15250 ns, Total: 47292 ns
[2025-09-16T09:15:18.121+0000][185][info ][safepoint   ] Safepoint "Cleanup", Time since last: 3532697752 ns, Reaching safepoint: 4875 ns, Cleanup: 47666 ns, At safepoint: 7417 ns, Total: 59958 ns
[2025-09-16T09:15:20.045+0000][185][info ][safepoint   ] Safepoint "Cleanup", Time since last: 1923456959 ns, Reaching safepoint: 425750 ns, Cleanup: 95500 ns, At safepoint: 20125 ns, Total: 541375 ns
[2025-09-16T09:15:30.694+0000][185][info ][safepoint   ] Safepoint "Cleanup", Time since last: 10648620505 ns, Reaching safepoint: 109167 ns, Cleanup: 123958 ns, At safepoint: 5500 ns, Total: 238625 ns
[2025-09-16T09:15:32.397+0000][185][info ][safepoint   ] Safepoint "Cleanup", Time since last: 1702823001 ns, Reaching safepoint: 5792 ns, Cleanup: 80333 ns, At safepoint: 17959 ns, Total: 104084 ns
[2025-09-16T09:15:32.964+0000][185][info ][gc,heap,exit] Heap
[2025-09-16T09:15:32.964+0000][185][info ][gc,heap,exit]  garbage-first heap   total reserved 1048576K, committed 1048576K, used 581917K [0x00000000c0000000, 0x0000000100000000)
[2025-09-16T09:15:32.964+0000][185][info ][gc,heap,exit]   region size 4096K, 105 young (430080K), 2 survivors (8192K)
[2025-09-16T09:15:32.964+0000][185][info ][gc,heap,exit]  Metaspace       used 163830K, committed 167616K, reserved 1245184K
[2025-09-16T09:15:32.964+0000][185][info ][gc,heap,exit]   class space    used 22103K, committed 24256K, reserved 1048576K
