[2025-08-24T10:18:50.578+0000][121][info][gc,init] CardTable entry size: 512
[2025-08-24T10:18:50.578+0000][121][info][gc     ] Using G1
[2025-08-24T10:18:50.964+0000][121][info][gc,init] Version: 22.0.1+8-16 (release)
[2025-08-24T10:18:50.965+0000][121][info][gc,init] CPUs: 8 total, 8 available
[2025-08-24T10:18:50.965+0000][121][info][gc,init] Memory: 7837M
[2025-08-24T10:18:50.965+0000][121][info][gc,init] Large Page Support: Disabled
[2025-08-24T10:18:50.965+0000][121][info][gc,init] NUMA Support: Disabled
[2025-08-24T10:18:50.965+0000][121][info][gc,init] Compressed Oops: Enabled (32-bit)
[2025-08-24T10:18:50.965+0000][121][info][gc,init] Heap Region Size: 4M
[2025-08-24T10:18:50.965+0000][121][info][gc,init] Heap Min Capacity: 1G
[2025-08-24T10:18:50.965+0000][121][info][gc,init] Heap Initial Capacity: 1G
[2025-08-24T10:18:50.965+0000][121][info][gc,init] Heap Max Capacity: 1G
[2025-08-24T10:18:50.965+0000][121][info][gc,init] Pre-touch: Enabled
[2025-08-24T10:18:50.965+0000][121][info][gc,init] Parallel Workers: 8
[2025-08-24T10:18:50.965+0000][121][info][gc,init] Concurrent Workers: 2
[2025-08-24T10:18:50.965+0000][121][info][gc,init] Concurrent Refinement Workers: 8
[2025-08-24T10:18:50.965+0000][121][info][gc,init] Periodic GC: Disabled
[2025-08-24T10:18:50.976+0000][121][info][gc,metaspace] CDS archive(s) mapped at: [0x0000003800000000-0x0000003800c80000-0x0000003800c80000), size 13107200, SharedBaseAddress: 0x0000003800000000, ArchiveRelocationMode: 1.
[2025-08-24T10:18:50.976+0000][121][info][gc,metaspace] Compressed class space mapped at: 0x0000003801000000-0x0000003841000000, reserved size: 1073741824
[2025-08-24T10:18:50.976+0000][121][info][gc,metaspace] Narrow klass base: 0x0000003800000000, Narrow klass shift: 0, Narrow klass range: 0x100000000
[2025-08-24T10:18:51.022+0000][121][info][safepoint   ] Safepoint "ICBufferFull", Time since last: 43688583 ns, Reaching safepoint: 1500 ns, Cleanup: 49625 ns, At safepoint: 3459 ns, Total: 54584 ns
[2025-08-24T10:18:51.097+0000][121][info][safepoint   ] Safepoint "ICBufferFull", Time since last: 74751416 ns, Reaching safepoint: 2084 ns, Cleanup: 60125 ns, At safepoint: 5958 ns, Total: 68167 ns
[2025-08-24T10:18:51.176+0000][121][info][safepoint   ] Safepoint "ICBufferFull", Time since last: 78342458 ns, Reaching safepoint: 851667 ns, Cleanup: 100708 ns, At safepoint: 10625 ns, Total: 963000 ns
[2025-08-24T10:18:51.236+0000][121][info][safepoint   ] Safepoint "ICBufferFull", Time since last: 59649750 ns, Reaching safepoint: 1834 ns, Cleanup: 151375 ns, At safepoint: 9333 ns, Total: 162542 ns
[2025-08-24T10:18:51.249+0000][121][info][gc,start    ] GC(0) Pause Young (Normal) (G1 Evacuation Pause)
[2025-08-24T10:18:51.249+0000][121][info][gc,task     ] GC(0) Using 8 workers of 8 for evacuation
[2025-08-24T10:18:51.249+0000][121][debug][gc,age      ] GC(0) Desired survivor size 4194304 bytes, new threshold 15 (max threshold 15)
[2025-08-24T10:18:51.251+0000][121][info ][gc,phases   ] GC(0)   Pre Evacuate Collection Set: 0.15ms
[2025-08-24T10:18:51.251+0000][121][info ][gc,phases   ] GC(0)   Merge Heap Roots: 0.10ms
[2025-08-24T10:18:51.251+0000][121][info ][gc,phases   ] GC(0)   Evacuate Collection Set: 1.10ms
[2025-08-24T10:18:51.251+0000][121][info ][gc,phases   ] GC(0)   Post Evacuate Collection Set: 0.31ms
[2025-08-24T10:18:51.251+0000][121][info ][gc,phases   ] GC(0)   Other: 0.16ms
[2025-08-24T10:18:51.251+0000][121][trace][gc,age      ] GC(0) Age table with threshold 15 (max threshold 15)
[2025-08-24T10:18:51.251+0000][121][trace][gc,age      ] GC(0) - age   1:    4675840 bytes,    4675840 total
[2025-08-24T10:18:51.251+0000][121][info ][gc,heap     ] GC(0) Eden regions: 12->0(22)
[2025-08-24T10:18:51.251+0000][121][info ][gc,heap     ] GC(0) Survivor regions: 0->2(2)
[2025-08-24T10:18:51.251+0000][121][info ][gc,heap     ] GC(0) Old regions: 1->1
[2025-08-24T10:18:51.251+0000][121][info ][gc,heap     ] GC(0) Humongous regions: 0->0
[2025-08-24T10:18:51.251+0000][121][info ][gc,metaspace] GC(0) Metaspace: 7252K(7488K)->7252K(7488K) NonClass: 6385K(6528K)->6385K(6528K) Class: 867K(960K)->867K(960K)
[2025-08-24T10:18:51.251+0000][121][info ][gc          ] GC(0) Pause Young (Normal) (G1 Evacuation Pause) 49M->5M(1024M) 2.450ms
[2025-08-24T10:18:51.251+0000][121][info ][gc,cpu      ] GC(0) User=0.00s Sys=0.00s Real=0.01s
[2025-08-24T10:18:51.251+0000][121][info ][safepoint   ] Safepoint "G1CollectForAllocation", Time since last: 12309875 ns, Reaching safepoint: 1583 ns, Cleanup: 16042 ns, At safepoint: 2538333 ns, Total: 2555958 ns
[2025-08-24T10:18:51.325+0000][121][info ][safepoint   ] Safepoint "ICBufferFull", Time since last: 72950875 ns, Reaching safepoint: 1346917 ns, Cleanup: 80917 ns, At safepoint: 5458 ns, Total: 1433292 ns
[2025-08-24T10:18:51.362+0000][121][info ][safepoint   ] Safepoint "ICBufferFull", Time since last: 36581417 ns, Reaching safepoint: 1750 ns, Cleanup: 75375 ns, At safepoint: 3541 ns, Total: 80666 ns
[2025-08-24T10:18:51.457+0000][121][info ][safepoint   ] Safepoint "ICBufferFull", Time since last: 95135459 ns, Reaching safepoint: 2000 ns, Cleanup: 112708 ns, At safepoint: 11042 ns, Total: 125750 ns
[2025-08-24T10:18:51.728+0000][121][info ][safepoint   ] Safepoint "ICBufferFull", Time since last: 270952250 ns, Reaching safepoint: 2125 ns, Cleanup: 90250 ns, At safepoint: 9250 ns, Total: 101625 ns
[2025-08-24T10:18:51.865+0000][121][info ][safepoint   ] Safepoint "ICBufferFull", Time since last: 136705958 ns, Reaching safepoint: 2709 ns, Cleanup: 70416 ns, At safepoint: 15750 ns, Total: 88875 ns
[2025-08-24T10:18:52.284+0000][121][info ][safepoint   ] Safepoint "ICBufferFull", Time since last: 418209251 ns, Reaching safepoint: 2791 ns, Cleanup: 81167 ns, At safepoint: 18000 ns, Total: 101958 ns
[2025-08-24T10:18:52.309+0000][121][info ][gc,start    ] GC(1) Pause Young (Normal) (G1 Evacuation Pause)
[2025-08-24T10:18:52.309+0000][121][info ][gc,task     ] GC(1) Using 8 workers of 8 for evacuation
[2025-08-24T10:18:52.310+0000][121][debug][gc,age      ] GC(1) Desired survivor size 6291456 bytes, new threshold 15 (max threshold 15)
[2025-08-24T10:18:52.314+0000][121][info ][gc,phases   ] GC(1)   Pre Evacuate Collection Set: 0.17ms
[2025-08-24T10:18:52.314+0000][121][info ][gc,phases   ] GC(1)   Merge Heap Roots: 0.13ms
[2025-08-24T10:18:52.314+0000][121][info ][gc,phases   ] GC(1)   Evacuate Collection Set: 3.01ms
[2025-08-24T10:18:52.314+0000][121][info ][gc,phases   ] GC(1)   Post Evacuate Collection Set: 0.84ms
[2025-08-24T10:18:52.314+0000][121][info ][gc,phases   ] GC(1)   Other: 0.21ms
[2025-08-24T10:18:52.314+0000][121][trace][gc,age      ] GC(1) Age table with threshold 15 (max threshold 15)
[2025-08-24T10:18:52.314+0000][121][trace][gc,age      ] GC(1) - age   1:    4966632 bytes,    4966632 total
[2025-08-24T10:18:52.314+0000][121][trace][gc,age      ] GC(1) - age   2:    4604344 bytes,    9570976 total
[2025-08-24T10:18:52.314+0000][121][info ][gc,heap     ] GC(1) Eden regions: 22->0(41)
[2025-08-24T10:18:52.314+0000][121][info ][gc,heap     ] GC(1) Survivor regions: 2->3(3)
[2025-08-24T10:18:52.314+0000][121][info ][gc,heap     ] GC(1) Old regions: 1->1
[2025-08-24T10:18:52.314+0000][121][info ][gc,heap     ] GC(1) Humongous regions: 0->0
[2025-08-24T10:18:52.314+0000][121][info ][gc,metaspace] GC(1) Metaspace: 20192K(20800K)->20192K(20800K) NonClass: 17875K(18240K)->17875K(18240K) Class: 2317K(2560K)->2317K(2560K)
[2025-08-24T10:18:52.314+0000][121][info ][gc          ] GC(1) Pause Young (Normal) (G1 Evacuation Pause) 93M->10M(1024M) 5.079ms
[2025-08-24T10:18:52.314+0000][121][info ][gc,cpu      ] GC(1) User=0.03s Sys=0.00s Real=0.01s
[2025-08-24T10:18:52.314+0000][121][info ][safepoint   ] Safepoint "G1CollectForAllocation", Time since last: 24961250 ns, Reaching safepoint: 702208 ns, Cleanup: 11334 ns, At safepoint: 5212458 ns, Total: 5926000 ns
[2025-08-24T10:18:52.405+0000][121][info ][safepoint   ] Safepoint "ICBufferFull", Time since last: 90818708 ns, Reaching safepoint: 2417 ns, Cleanup: 80417 ns, At safepoint: 10208 ns, Total: 93042 ns
[2025-08-24T10:18:52.407+0000][121][info ][gc,start    ] GC(2) Pause Young (Concurrent Start) (Metadata GC Threshold)
[2025-08-24T10:18:52.408+0000][121][info ][gc,task     ] GC(2) Using 8 workers of 8 for evacuation
[2025-08-24T10:18:52.408+0000][121][debug][gc,age      ] GC(2) Desired survivor size 12582912 bytes, new threshold 15 (max threshold 15)
[2025-08-24T10:18:52.414+0000][121][info ][gc,phases   ] GC(2)   Pre Evacuate Collection Set: 0.28ms
[2025-08-24T10:18:52.415+0000][121][info ][gc,phases   ] GC(2)   Merge Heap Roots: 0.11ms
[2025-08-24T10:18:52.415+0000][121][info ][gc,phases   ] GC(2)   Evacuate Collection Set: 4.60ms
[2025-08-24T10:18:52.415+0000][121][info ][gc,phases   ] GC(2)   Post Evacuate Collection Set: 1.33ms
[2025-08-24T10:18:52.416+0000][121][info ][gc,phases   ] GC(2)   Other: 0.42ms
[2025-08-24T10:18:52.416+0000][121][trace][gc,age      ] GC(2) Age table with threshold 15 (max threshold 15)
[2025-08-24T10:18:52.416+0000][121][trace][gc,age      ] GC(2) - age   1:     474456 bytes,     474456 total
[2025-08-24T10:18:52.416+0000][121][trace][gc,age      ] GC(2) - age   2:    4060752 bytes,    4535208 total
[2025-08-24T10:18:52.416+0000][121][trace][gc,age      ] GC(2) - age   3:    4588616 bytes,    9123824 total
[2025-08-24T10:18:52.416+0000][121][info ][gc,heap     ] GC(2) Eden regions: 5->0(78)
[2025-08-24T10:18:52.416+0000][121][info ][gc,heap     ] GC(2) Survivor regions: 3->3(6)
[2025-08-24T10:18:52.416+0000][121][info ][gc,heap     ] GC(2) Old regions: 1->1
[2025-08-24T10:18:52.417+0000][121][info ][gc,heap     ] GC(2) Humongous regions: 0->0
[2025-08-24T10:18:52.417+0000][121][info ][gc,metaspace] GC(2) Metaspace: 20861K(21504K)->20861K(21504K) NonClass: 18434K(18816K)->18434K(18816K) Class: 2427K(2688K)->2427K(2688K)
[2025-08-24T10:18:52.417+0000][121][info ][gc          ] GC(2) Pause Young (Concurrent Start) (Metadata GC Threshold) 30M->10M(1024M) 9.375ms
[2025-08-24T10:18:52.417+0000][121][info ][gc,cpu      ] GC(2) User=0.04s Sys=0.00s Real=0.01s
[2025-08-24T10:18:52.417+0000][121][info ][safepoint   ] Safepoint "CollectForMetadataAllocation", Time since last: 886250 ns, Reaching safepoint: 1055208 ns, Cleanup: 1834 ns, At safepoint: 9869166 ns, Total: 10926208 ns
[2025-08-24T10:18:52.419+0000][121][info ][gc          ] GC(3) Concurrent Mark Cycle
[2025-08-24T10:18:52.421+0000][121][info ][gc,marking  ] GC(3) Concurrent Scan Root Regions
[2025-08-24T10:18:52.431+0000][121][info ][gc,marking  ] GC(3) Concurrent Scan Root Regions 10.214ms
[2025-08-24T10:18:52.432+0000][121][info ][gc,marking  ] GC(3) Concurrent Mark
[2025-08-24T10:18:52.432+0000][121][info ][gc,marking  ] GC(3) Concurrent Mark From Roots
[2025-08-24T10:18:52.432+0000][121][info ][gc,task     ] GC(3) Using 2 workers of 2 for marking
[2025-08-24T10:18:52.435+0000][121][info ][gc,marking  ] GC(3) Concurrent Mark From Roots 2.886ms
[2025-08-24T10:18:52.435+0000][121][info ][gc,marking  ] GC(3) Concurrent Preclean
[2025-08-24T10:18:52.436+0000][121][info ][gc,marking  ] GC(3) Concurrent Preclean 0.114ms
[2025-08-24T10:18:52.436+0000][121][info ][gc,start    ] GC(3) Pause Remark
[2025-08-24T10:18:52.438+0000][121][info ][gc          ] GC(3) Pause Remark 13M->13M(1024M) 2.715ms
[2025-08-24T10:18:52.439+0000][121][info ][gc,cpu      ] GC(3) User=0.01s Sys=0.01s Real=0.00s
[2025-08-24T10:18:52.439+0000][121][info ][safepoint   ] Safepoint "G1PauseRemark", Time since last: 18457042 ns, Reaching safepoint: 6375 ns, Cleanup: 61042 ns, At safepoint: 3103333 ns, Total: 3170750 ns
[2025-08-24T10:18:52.439+0000][121][info ][gc,marking  ] GC(3) Concurrent Mark 7.351ms
[2025-08-24T10:18:52.439+0000][121][info ][gc,marking  ] GC(3) Concurrent Rebuild Remembered Sets and Scrub Regions
[2025-08-24T10:18:52.440+0000][121][info ][gc,marking  ] GC(3) Concurrent Rebuild Remembered Sets and Scrub Regions 0.653ms
[2025-08-24T10:18:52.441+0000][121][info ][gc,start    ] GC(3) Pause Cleanup
[2025-08-24T10:18:52.441+0000][121][info ][gc          ] GC(3) Pause Cleanup 13M->13M(1024M) 0.220ms
[2025-08-24T10:18:52.441+0000][121][info ][gc,cpu      ] GC(3) User=0.01s Sys=0.00s Real=0.00s
[2025-08-24T10:18:52.441+0000][121][info ][safepoint   ] Safepoint "G1PauseCleanup", Time since last: 1658833 ns, Reaching safepoint: 6167 ns, Cleanup: 12500 ns, At safepoint: 475750 ns, Total: 494417 ns
[2025-08-24T10:18:52.445+0000][121][info ][gc,marking  ] GC(3) Concurrent Clear Claimed Marks
[2025-08-24T10:18:52.446+0000][121][info ][gc,marking  ] GC(3) Concurrent Clear Claimed Marks 0.291ms
[2025-08-24T10:18:52.446+0000][121][info ][gc,marking  ] GC(3) Concurrent Cleanup for Next Mark
[2025-08-24T10:18:52.447+0000][121][info ][gc,marking  ] GC(3) Concurrent Cleanup for Next Mark 1.068ms
[2025-08-24T10:18:52.447+0000][121][info ][gc          ] GC(3) Concurrent Mark Cycle 28.173ms
[2025-08-24T10:18:52.556+0000][121][info ][safepoint   ] Safepoint "ICBufferFull", Time since last: 114923000 ns, Reaching safepoint: 3000 ns, Cleanup: 59125 ns, At safepoint: 4500 ns, Total: 66625 ns
[2025-08-24T10:18:52.611+0000][121][info ][safepoint   ] Safepoint "ICBufferFull", Time since last: 55019583 ns, Reaching safepoint: 4792 ns, Cleanup: 83250 ns, At safepoint: 10167 ns, Total: 98209 ns
[2025-08-24T10:18:52.724+0000][121][info ][safepoint   ] Safepoint "ICBufferFull", Time since last: 113235000 ns, Reaching safepoint: 2666 ns, Cleanup: 92792 ns, At safepoint: 13917 ns, Total: 109375 ns
[2025-08-24T10:18:52.880+0000][121][info ][safepoint   ] Safepoint "ICBufferFull", Time since last: 155717833 ns, Reaching safepoint: 1875 ns, Cleanup: 84792 ns, At safepoint: 8958 ns, Total: 95625 ns
[2025-08-24T10:18:52.982+0000][121][info ][safepoint   ] Safepoint "ICBufferFull", Time since last: 101323792 ns, Reaching safepoint: 2708 ns, Cleanup: 100917 ns, At safepoint: 15333 ns, Total: 118958 ns
[2025-08-24T10:18:53.021+0000][121][info ][gc,start    ] GC(4) Pause Young (Prepare Mixed) (G1 Evacuation Pause)
[2025-08-24T10:18:53.021+0000][121][info ][gc,task     ] GC(4) Using 8 workers of 8 for evacuation
[2025-08-24T10:18:53.022+0000][121][debug][gc,age      ] GC(4) Desired survivor size 23068672 bytes, new threshold 15 (max threshold 15)
[2025-08-24T10:18:53.029+0000][121][info ][gc,phases   ] GC(4)   Pre Evacuate Collection Set: 0.12ms
[2025-08-24T10:18:53.029+0000][121][info ][gc,phases   ] GC(4)   Merge Heap Roots: 0.08ms
[2025-08-24T10:18:53.029+0000][121][info ][gc,phases   ] GC(4)   Evacuate Collection Set: 6.05ms
[2025-08-24T10:18:53.029+0000][121][info ][gc,phases   ] GC(4)   Post Evacuate Collection Set: 0.87ms
[2025-08-24T10:18:53.029+0000][121][info ][gc,phases   ] GC(4)   Other: 0.14ms
[2025-08-24T10:18:53.029+0000][121][trace][gc,age      ] GC(4) Age table with threshold 15 (max threshold 15)
[2025-08-24T10:18:53.029+0000][121][trace][gc,age      ] GC(4) - age   1:    6566016 bytes,    6566016 total
[2025-08-24T10:18:53.029+0000][121][trace][gc,age      ] GC(4) - age   2:     423928 bytes,    6989944 total
[2025-08-24T10:18:53.029+0000][121][trace][gc,age      ] GC(4) - age   3:    4027792 bytes,   11017736 total
[2025-08-24T10:18:53.029+0000][121][trace][gc,age      ] GC(4) - age   4:    4587520 bytes,   15605256 total
[2025-08-24T10:18:53.029+0000][121][info ][gc,heap     ] GC(4) Eden regions: 78->0(149)
[2025-08-24T10:18:53.029+0000][121][info ][gc,heap     ] GC(4) Survivor regions: 3->4(11)
[2025-08-24T10:18:53.029+0000][121][info ][gc,heap     ] GC(4) Old regions: 1->1
[2025-08-24T10:18:53.029+0000][121][info ][gc,heap     ] GC(4) Humongous regions: 0->0
[2025-08-24T10:18:53.029+0000][121][info ][gc,metaspace] GC(4) Metaspace: 29000K(29824K)->29000K(29824K) NonClass: 25653K(26112K)->25653K(26112K) Class: 3347K(3712K)->3347K(3712K)
[2025-08-24T10:18:53.029+0000][121][info ][gc          ] GC(4) Pause Young (Prepare Mixed) (G1 Evacuation Pause) 322M->17M(1024M) 7.997ms
[2025-08-24T10:18:53.029+0000][121][info ][gc,cpu      ] GC(4) User=0.04s Sys=0.00s Real=0.00s
[2025-08-24T10:18:53.029+0000][121][info ][safepoint   ] Safepoint "G1CollectForAllocation", Time since last: 39565542 ns, Reaching safepoint: 2708 ns, Cleanup: 56292 ns, At safepoint: 8090417 ns, Total: 8149417 ns
[2025-08-24T10:18:53.135+0000][121][info ][safepoint   ] Safepoint "ICBufferFull", Time since last: 105019708 ns, Reaching safepoint: 874083 ns, Cleanup: 104834 ns, At safepoint: 8125 ns, Total: 987042 ns
[2025-08-24T10:18:53.226+0000][121][info ][safepoint   ] Safepoint "ICBufferFull", Time since last: 90173166 ns, Reaching safepoint: 2125 ns, Cleanup: 85209 ns, At safepoint: 5125 ns, Total: 92459 ns
[2025-08-24T10:18:53.432+0000][121][info ][safepoint   ] Safepoint "ICBufferFull", Time since last: 206583333 ns, Reaching safepoint: 2750 ns, Cleanup: 97000 ns, At safepoint: 5375 ns, Total: 105125 ns
[2025-08-24T10:18:53.545+0000][121][info ][gc,start    ] GC(5) Pause Young (Mixed) (Metadata GC Threshold)
[2025-08-24T10:18:53.545+0000][121][info ][gc,task     ] GC(5) Using 8 workers of 8 for evacuation
[2025-08-24T10:18:53.545+0000][121][debug][gc,age      ] GC(5) Desired survivor size 41943040 bytes, new threshold 15 (max threshold 15)
[2025-08-24T10:18:53.556+0000][121][info ][gc,phases   ] GC(5)   Pre Evacuate Collection Set: 0.14ms
[2025-08-24T10:18:53.556+0000][121][info ][gc,phases   ] GC(5)   Merge Heap Roots: 0.09ms
[2025-08-24T10:18:53.556+0000][121][info ][gc,phases   ] GC(5)   Evacuate Collection Set: 9.42ms
[2025-08-24T10:18:53.556+0000][121][info ][gc,phases   ] GC(5)   Post Evacuate Collection Set: 0.90ms
[2025-08-24T10:18:53.556+0000][121][info ][gc,phases   ] GC(5)   Other: 0.17ms
[2025-08-24T10:18:53.556+0000][121][trace][gc,age      ] GC(5) Age table with threshold 15 (max threshold 15)
[2025-08-24T10:18:53.556+0000][121][trace][gc,age      ] GC(5) - age   1:    8183448 bytes,    8183448 total
[2025-08-24T10:18:53.556+0000][121][trace][gc,age      ] GC(5) - age   2:    5942128 bytes,   14125576 total
[2025-08-24T10:18:53.556+0000][121][trace][gc,age      ] GC(5) - age   3:     423808 bytes,   14549384 total
[2025-08-24T10:18:53.556+0000][121][trace][gc,age      ] GC(5) - age   4:    4026256 bytes,   18575640 total
[2025-08-24T10:18:53.556+0000][121][trace][gc,age      ] GC(5) - age   5:    4587392 bytes,   23163032 total
[2025-08-24T10:18:53.556+0000][121][info ][gc,heap     ] GC(5) Eden regions: 135->0(147)
[2025-08-24T10:18:53.556+0000][121][info ][gc,heap     ] GC(5) Survivor regions: 4->6(20)
[2025-08-24T10:18:53.556+0000][121][info ][gc,heap     ] GC(5) Old regions: 1->1
[2025-08-24T10:18:53.556+0000][121][info ][gc,heap     ] GC(5) Humongous regions: 0->0
[2025-08-24T10:18:53.556+0000][121][info ][gc,metaspace] GC(5) Metaspace: 35394K(36288K)->35394K(36288K) NonClass: 31305K(31808K)->31305K(31808K) Class: 4089K(4480K)->4089K(4480K)
[2025-08-24T10:18:53.556+0000][121][info ][gc          ] GC(5) Pause Young (Mixed) (Metadata GC Threshold) 555M->24M(1024M) 11.559ms
[2025-08-24T10:18:53.556+0000][121][info ][gc,cpu      ] GC(5) User=0.06s Sys=0.00s Real=0.01s
[2025-08-24T10:18:53.556+0000][121][info ][safepoint   ] Safepoint "CollectForMetadataAllocation", Time since last: 112161708 ns, Reaching safepoint: 2209 ns, Cleanup: 115833 ns, At safepoint: 11734084 ns, Total: 11852126 ns
[2025-08-24T10:18:53.564+0000][121][info ][gc,start    ] GC(6) Pause Young (Concurrent Start) (Metadata GC Threshold)
[2025-08-24T10:18:53.564+0000][121][info ][gc,task     ] GC(6) Using 8 workers of 8 for evacuation
[2025-08-24T10:18:53.564+0000][121][debug][gc,age      ] GC(6) Desired survivor size 41943040 bytes, new threshold 15 (max threshold 15)
[2025-08-24T10:18:53.571+0000][121][info ][gc,phases   ] GC(6)   Pre Evacuate Collection Set: 0.15ms
[2025-08-24T10:18:53.571+0000][121][info ][gc,phases   ] GC(6)   Merge Heap Roots: 0.07ms
[2025-08-24T10:18:53.571+0000][121][info ][gc,phases   ] GC(6)   Evacuate Collection Set: 5.43ms
[2025-08-24T10:18:53.571+0000][121][info ][gc,phases   ] GC(6)   Post Evacuate Collection Set: 0.67ms
[2025-08-24T10:18:53.571+0000][121][info ][gc,phases   ] GC(6)   Other: 0.17ms
[2025-08-24T10:18:53.571+0000][121][trace][gc,age      ] GC(6) Age table with threshold 15 (max threshold 15)
[2025-08-24T10:18:53.571+0000][121][trace][gc,age      ] GC(6) - age   1:      54192 bytes,      54192 total
[2025-08-24T10:18:53.571+0000][121][trace][gc,age      ] GC(6) - age   2:    8168056 bytes,    8222248 total
[2025-08-24T10:18:53.571+0000][121][trace][gc,age      ] GC(6) - age   3:    5942128 bytes,   14164376 total
[2025-08-24T10:18:53.571+0000][121][trace][gc,age      ] GC(6) - age   4:     423808 bytes,   14588184 total
[2025-08-24T10:18:53.571+0000][121][trace][gc,age      ] GC(6) - age   5:    4025408 bytes,   18613592 total
[2025-08-24T10:18:53.571+0000][121][trace][gc,age      ] GC(6) - age   6:    4587296 bytes,   23200888 total
[2025-08-24T10:18:53.571+0000][121][info ][gc,heap     ] GC(6) Eden regions: 1->0(147)
[2025-08-24T10:18:53.571+0000][121][info ][gc,heap     ] GC(6) Survivor regions: 6->6(20)
[2025-08-24T10:18:53.571+0000][121][info ][gc,heap     ] GC(6) Old regions: 1->1
[2025-08-24T10:18:53.571+0000][121][info ][gc,heap     ] GC(6) Humongous regions: 0->0
[2025-08-24T10:18:53.571+0000][121][info ][gc,metaspace] GC(6) Metaspace: 35647K(36608K)->35647K(36608K) NonClass: 31520K(32064K)->31520K(32064K) Class: 4126K(4544K)->4126K(4544K)
[2025-08-24T10:18:53.571+0000][121][info ][gc          ] GC(6) Pause Young (Concurrent Start) (Metadata GC Threshold) 28M->24M(1024M) 7.212ms
[2025-08-24T10:18:53.571+0000][121][info ][gc,cpu      ] GC(6) User=0.03s Sys=0.00s Real=0.01s
[2025-08-24T10:18:53.571+0000][121][info ][gc          ] GC(7) Concurrent Mark Cycle
[2025-08-24T10:18:53.571+0000][121][info ][gc,marking  ] GC(7) Concurrent Scan Root Regions
[2025-08-24T10:18:53.571+0000][121][info ][safepoint   ] Safepoint "CollectForMetadataAllocation", Time since last: 7710416 ns, Reaching safepoint: 1792 ns, Cleanup: 1000 ns, At safepoint: 7384167 ns, Total: 7386959 ns
[2025-08-24T10:18:53.575+0000][121][info ][gc,marking  ] GC(7) Concurrent Scan Root Regions 3.054ms
[2025-08-24T10:18:53.578+0000][121][info ][gc,marking  ] GC(7) Concurrent Mark
[2025-08-24T10:18:53.579+0000][121][info ][gc,marking  ] GC(7) Concurrent Mark From Roots
[2025-08-24T10:18:53.580+0000][121][info ][gc,task     ] GC(7) Using 2 workers of 2 for marking
[2025-08-24T10:18:53.581+0000][121][info ][gc,marking  ] GC(7) Concurrent Mark From Roots 2.185ms
[2025-08-24T10:18:53.582+0000][121][info ][gc,marking  ] GC(7) Concurrent Preclean
[2025-08-24T10:18:53.582+0000][121][info ][gc,marking  ] GC(7) Concurrent Preclean 0.479ms
[2025-08-24T10:18:53.583+0000][121][info ][gc,start    ] GC(7) Pause Remark
[2025-08-24T10:18:53.586+0000][121][info ][gc          ] GC(7) Pause Remark 34M->34M(1024M) 2.231ms
[2025-08-24T10:18:53.586+0000][121][info ][gc,cpu      ] GC(7) User=0.01s Sys=0.00s Real=0.00s
[2025-08-24T10:18:53.586+0000][121][info ][safepoint   ] Safepoint "G1PauseRemark", Time since last: 11164833 ns, Reaching safepoint: 696542 ns, Cleanup: 14125 ns, At safepoint: 2342250 ns, Total: 3052917 ns
[2025-08-24T10:18:53.586+0000][121][info ][gc,marking  ] GC(7) Concurrent Mark 7.597ms
[2025-08-24T10:18:53.586+0000][121][info ][gc,marking  ] GC(7) Concurrent Rebuild Remembered Sets and Scrub Regions
[2025-08-24T10:18:53.586+0000][121][info ][gc,marking  ] GC(7) Concurrent Rebuild Remembered Sets and Scrub Regions 0.387ms
[2025-08-24T10:18:53.587+0000][121][info ][gc,start    ] GC(7) Pause Cleanup
[2025-08-24T10:18:53.588+0000][121][info ][gc          ] GC(7) Pause Cleanup 36M->36M(1024M) 0.123ms
[2025-08-24T10:18:53.588+0000][121][info ][gc,cpu      ] GC(7) User=0.00s Sys=0.00s Real=0.00s
[2025-08-24T10:18:53.588+0000][121][info ][safepoint   ] Safepoint "G1PauseCleanup", Time since last: 506791 ns, Reaching safepoint: 1235125 ns, Cleanup: 5209 ns, At safepoint: 208375 ns, Total: 1448709 ns
[2025-08-24T10:18:53.588+0000][121][info ][gc,marking  ] GC(7) Concurrent Clear Claimed Marks
[2025-08-24T10:18:53.588+0000][121][info ][gc,marking  ] GC(7) Concurrent Clear Claimed Marks 0.036ms
[2025-08-24T10:18:53.588+0000][121][info ][gc,marking  ] GC(7) Concurrent Cleanup for Next Mark
[2025-08-24T10:18:53.588+0000][121][info ][gc,marking  ] GC(7) Concurrent Cleanup for Next Mark 0.323ms
[2025-08-24T10:18:53.588+0000][121][info ][gc          ] GC(7) Concurrent Mark Cycle 16.753ms
[2025-08-24T10:18:54.046+0000][121][info ][safepoint   ] Safepoint "ICBufferFull", Time since last: 458522125 ns, Reaching safepoint: 2208 ns, Cleanup: 80958 ns, At safepoint: 4625 ns, Total: 87791 ns
[2025-08-24T10:18:54.184+0000][121][info ][gc,start    ] GC(8) Pause Young (Normal) (G1 Evacuation Pause)
[2025-08-24T10:18:54.184+0000][121][info ][gc,task     ] GC(8) Using 8 workers of 8 for evacuation
[2025-08-24T10:18:54.184+0000][121][debug][gc,age      ] GC(8) Desired survivor size 41943040 bytes, new threshold 15 (max threshold 15)
[2025-08-24T10:18:54.196+0000][121][info ][gc,phases   ] GC(8)   Pre Evacuate Collection Set: 0.11ms
[2025-08-24T10:18:54.196+0000][121][info ][gc,phases   ] GC(8)   Merge Heap Roots: 0.08ms
[2025-08-24T10:18:54.196+0000][121][info ][gc,phases   ] GC(8)   Evacuate Collection Set: 11.00ms
[2025-08-24T10:18:54.196+0000][121][info ][gc,phases   ] GC(8)   Post Evacuate Collection Set: 1.09ms
[2025-08-24T10:18:54.196+0000][121][info ][gc,phases   ] GC(8)   Other: 0.12ms
[2025-08-24T10:18:54.196+0000][121][trace][gc,age      ] GC(8) Age table with threshold 15 (max threshold 15)
[2025-08-24T10:18:54.196+0000][121][trace][gc,age      ] GC(8) - age   1:   11370968 bytes,   11370968 total
[2025-08-24T10:18:54.196+0000][121][trace][gc,age      ] GC(8) - age   2:      47864 bytes,   11418832 total
[2025-08-24T10:18:54.196+0000][121][trace][gc,age      ] GC(8) - age   3:    8155416 bytes,   19574248 total
[2025-08-24T10:18:54.197+0000][121][trace][gc,age      ] GC(8) - age   4:    5934328 bytes,   25508576 total
[2025-08-24T10:18:54.197+0000][121][trace][gc,age      ] GC(8) - age   5:     403824 bytes,   25912400 total
[2025-08-24T10:18:54.197+0000][121][trace][gc,age      ] GC(8) - age   6:    4018440 bytes,   29930840 total
[2025-08-24T10:18:54.197+0000][121][trace][gc,age      ] GC(8) - age   7:    4580512 bytes,   34511352 total
[2025-08-24T10:18:54.197+0000][121][info ][gc,heap     ] GC(8) Eden regions: 147->0(143)
[2025-08-24T10:18:54.197+0000][121][info ][gc,heap     ] GC(8) Survivor regions: 6->10(20)
[2025-08-24T10:18:54.197+0000][121][info ][gc,heap     ] GC(8) Old regions: 1->1
[2025-08-24T10:18:54.197+0000][121][info ][gc,heap     ] GC(8) Humongous regions: 0->0
[2025-08-24T10:18:54.197+0000][121][info ][gc,metaspace] GC(8) Metaspace: 38310K(39424K)->38310K(39424K) NonClass: 33818K(34496K)->33818K(34496K) Class: 4491K(4928K)->4491K(4928K)
[2025-08-24T10:18:54.197+0000][121][info ][gc          ] GC(8) Pause Young (Normal) (G1 Evacuation Pause) 612M->37M(1024M) 13.276ms
[2025-08-24T10:18:54.197+0000][121][info ][gc,cpu      ] GC(8) User=0.06s Sys=0.01s Real=0.01s
[2025-08-24T10:18:54.197+0000][121][info ][safepoint   ] Safepoint "G1CollectForAllocation", Time since last: 137202125 ns, Reaching safepoint: 2459 ns, Cleanup: 48250 ns, At safepoint: 13360125 ns, Total: 13410834 ns
[2025-08-24T10:18:54.402+0000][121][info ][safepoint   ] Safepoint "ICBufferFull", Time since last: 204842125 ns, Reaching safepoint: 524042 ns, Cleanup: 189208 ns, At safepoint: 16333 ns, Total: 729583 ns
[2025-08-24T10:18:54.483+0000][121][info ][safepoint   ] Safepoint "ICBufferFull", Time since last: 78786042 ns, Reaching safepoint: 1129708 ns, Cleanup: 242042 ns, At safepoint: 10542 ns, Total: 1382292 ns
[2025-08-24T10:18:54.603+0000][121][info ][safepoint   ] Safepoint "ICBufferFull", Time since last: 120386291 ns, Reaching safepoint: 2584 ns, Cleanup: 200041 ns, At safepoint: 5042 ns, Total: 207667 ns
[2025-08-24T10:18:54.937+0000][121][info ][safepoint   ] Safepoint "ICBufferFull", Time since last: 333306458 ns, Reaching safepoint: 783084 ns, Cleanup: 135291 ns, At safepoint: 52417 ns, Total: 970792 ns
[2025-08-24T10:18:54.982+0000][121][info ][safepoint   ] Safepoint "ICBufferFull", Time since last: 44026334 ns, Reaching safepoint: 2583 ns, Cleanup: 82667 ns, At safepoint: 7041 ns, Total: 92291 ns
[2025-08-24T10:18:55.259+0000][121][info ][safepoint   ] Safepoint "ICBufferFull", Time since last: 277283334 ns, Reaching safepoint: 2041 ns, Cleanup: 54834 ns, At safepoint: 9958 ns, Total: 66833 ns
[2025-08-24T10:18:55.340+0000][121][info ][gc,start    ] GC(9) Pause Young (Concurrent Start) (Metadata GC Threshold)
[2025-08-24T10:18:55.341+0000][121][info ][gc,task     ] GC(9) Using 8 workers of 8 for evacuation
[2025-08-24T10:18:55.341+0000][121][debug][gc,age      ] GC(9) Desired survivor size 41943040 bytes, new threshold 15 (max threshold 15)
[2025-08-24T10:18:55.351+0000][121][info ][gc,phases   ] GC(9)   Pre Evacuate Collection Set: 0.12ms
[2025-08-24T10:18:55.351+0000][121][info ][gc,phases   ] GC(9)   Merge Heap Roots: 0.06ms
[2025-08-24T10:18:55.351+0000][121][info ][gc,phases   ] GC(9)   Evacuate Collection Set: 9.03ms
[2025-08-24T10:18:55.352+0000][121][info ][gc,phases   ] GC(9)   Post Evacuate Collection Set: 1.35ms
[2025-08-24T10:18:55.352+0000][121][info ][gc,phases   ] GC(9)   Other: 0.17ms
[2025-08-24T10:18:55.352+0000][121][trace][gc,age      ] GC(9) Age table with threshold 15 (max threshold 15)
[2025-08-24T10:18:55.352+0000][121][trace][gc,age      ] GC(9) - age   1:   10340688 bytes,   10340688 total
[2025-08-24T10:18:55.352+0000][121][trace][gc,age      ] GC(9) - age   2:    8861824 bytes,   19202512 total
[2025-08-24T10:18:55.352+0000][121][trace][gc,age      ] GC(9) - age   3:      46312 bytes,   19248824 total
[2025-08-24T10:18:55.352+0000][121][trace][gc,age      ] GC(9) - age   4:    8114624 bytes,   27363448 total
[2025-08-24T10:18:55.352+0000][121][trace][gc,age      ] GC(9) - age   5:    5749248 bytes,   33112696 total
[2025-08-24T10:18:55.352+0000][121][trace][gc,age      ] GC(9) - age   6:     400264 bytes,   33512960 total
[2025-08-24T10:18:55.352+0000][121][trace][gc,age      ] GC(9) - age   7:    3980880 bytes,   37493840 total
[2025-08-24T10:18:55.352+0000][121][trace][gc,age      ] GC(9) - age   8:    4571456 bytes,   42065296 total
[2025-08-24T10:18:55.352+0000][121][info ][gc,heap     ] GC(9) Eden regions: 134->0(142)
[2025-08-24T10:18:55.352+0000][121][info ][gc,heap     ] GC(9) Survivor regions: 10->11(20)
[2025-08-24T10:18:55.352+0000][121][info ][gc,heap     ] GC(9) Old regions: 1->1
[2025-08-24T10:18:55.352+0000][121][info ][gc,heap     ] GC(9) Humongous regions: 0->0
[2025-08-24T10:18:55.352+0000][121][info ][gc,metaspace] GC(9) Metaspace: 59976K(61440K)->59976K(61440K) NonClass: 52401K(53312K)->52401K(53312K) Class: 7574K(8128K)->7574K(8128K)
[2025-08-24T10:18:55.352+0000][121][info ][gc          ] GC(9) Pause Young (Concurrent Start) (Metadata GC Threshold) 571M->44M(1024M) 11.834ms
[2025-08-24T10:18:55.352+0000][121][info ][gc,cpu      ] GC(9) User=0.06s Sys=0.00s Real=0.01s
[2025-08-24T10:18:55.352+0000][121][info ][gc          ] GC(10) Concurrent Mark Cycle
[2025-08-24T10:18:55.352+0000][121][info ][gc,marking  ] GC(10) Concurrent Scan Root Regions
[2025-08-24T10:18:55.352+0000][121][info ][safepoint   ] Safepoint "CollectForMetadataAllocation", Time since last: 81385875 ns, Reaching safepoint: 2167 ns, Cleanup: 35833 ns, At safepoint: 12023750 ns, Total: 12061750 ns
[2025-08-24T10:18:55.359+0000][121][info ][gc,marking  ] GC(10) Concurrent Scan Root Regions 6.835ms
[2025-08-24T10:18:55.359+0000][121][info ][gc,marking  ] GC(10) Concurrent Mark
[2025-08-24T10:18:55.360+0000][121][info ][gc,marking  ] GC(10) Concurrent Mark From Roots
[2025-08-24T10:18:55.360+0000][121][info ][gc,task     ] GC(10) Using 2 workers of 2 for marking
[2025-08-24T10:18:55.359+0000][121][info ][safepoint   ] Safepoint "CollectForMetadataAllocation", Time since last: 7026917 ns, Reaching safepoint: 2000 ns, Cleanup: 1250 ns, At safepoint: 64250 ns, Total: 67500 ns
[2025-08-24T10:18:55.361+0000][121][info ][gc,marking  ] GC(10) Concurrent Mark From Roots 1.024ms
[2025-08-24T10:18:55.361+0000][121][info ][gc,marking  ] GC(10) Concurrent Preclean
[2025-08-24T10:18:55.361+0000][121][info ][gc,marking  ] GC(10) Concurrent Preclean 0.041ms
[2025-08-24T10:18:55.361+0000][121][info ][gc,start    ] GC(10) Pause Remark
[2025-08-24T10:18:55.363+0000][121][info ][gc          ] GC(10) Pause Remark 50M->50M(1024M) 2.597ms
[2025-08-24T10:18:55.363+0000][121][info ][gc,cpu      ] GC(10) User=0.02s Sys=0.00s Real=0.00s
[2025-08-24T10:18:55.363+0000][121][info ][safepoint   ] Safepoint "G1PauseRemark", Time since last: 1231583 ns, Reaching safepoint: 1625 ns, Cleanup: 625 ns, At safepoint: 2697083 ns, Total: 2699333 ns
[2025-08-24T10:18:55.364+0000][121][info ][gc,marking  ] GC(10) Concurrent Mark 4.029ms
[2025-08-24T10:18:55.364+0000][121][info ][gc,marking  ] GC(10) Concurrent Rebuild Remembered Sets and Scrub Regions
[2025-08-24T10:18:55.364+0000][121][info ][gc,marking  ] GC(10) Concurrent Rebuild Remembered Sets and Scrub Regions 0.406ms
[2025-08-24T10:18:55.364+0000][121][info ][gc,start    ] GC(10) Pause Cleanup
[2025-08-24T10:18:55.364+0000][121][info ][gc          ] GC(10) Pause Cleanup 50M->50M(1024M) 0.096ms
[2025-08-24T10:18:55.364+0000][121][info ][gc,cpu      ] GC(10) User=0.00s Sys=0.00s Real=0.00s
[2025-08-24T10:18:55.364+0000][121][info ][safepoint   ] Safepoint "G1PauseCleanup", Time since last: 597959 ns, Reaching safepoint: 107000 ns, Cleanup: 10083 ns, At safepoint: 196708 ns, Total: 313791 ns
[2025-08-24T10:18:55.364+0000][121][info ][gc,marking  ] GC(10) Concurrent Clear Claimed Marks
[2025-08-24T10:18:55.364+0000][121][info ][gc,marking  ] GC(10) Concurrent Clear Claimed Marks 0.052ms
[2025-08-24T10:18:55.364+0000][121][info ][gc,marking  ] GC(10) Concurrent Cleanup for Next Mark
[2025-08-24T10:18:55.365+0000][121][info ][gc,marking  ] GC(10) Concurrent Cleanup for Next Mark 0.295ms
[2025-08-24T10:18:55.365+0000][121][info ][gc          ] GC(10) Concurrent Mark Cycle 12.527ms
[2025-08-24T10:18:55.692+0000][121][info ][safepoint   ] Safepoint "ICBufferFull", Time since last: 327401251 ns, Reaching safepoint: 2916 ns, Cleanup: 109959 ns, At safepoint: 12166 ns, Total: 125041 ns
[2025-08-24T10:18:55.795+0000][121][info ][safepoint   ] Safepoint "ICBufferFull", Time since last: 103095792 ns, Reaching safepoint: 3000 ns, Cleanup: 89750 ns, At safepoint: 5583 ns, Total: 98333 ns
[2025-08-24T10:18:56.315+0000][121][info ][safepoint   ] Safepoint "ICBufferFull", Time since last: 519527959 ns, Reaching safepoint: 3041 ns, Cleanup: 84084 ns, At safepoint: 5250 ns, Total: 92375 ns
[2025-08-24T10:18:56.449+0000][121][info ][safepoint   ] Safepoint "ICBufferFull", Time since last: 133748375 ns, Reaching safepoint: 6041 ns, Cleanup: 94584 ns, At safepoint: 13541 ns, Total: 114166 ns
[2025-08-24T10:18:56.971+0000][121][info ][gc,start    ] GC(11) Pause Young (Normal) (G1 Evacuation Pause)
[2025-08-24T10:18:56.971+0000][121][info ][gc,task     ] GC(11) Using 8 workers of 8 for evacuation
[2025-08-24T10:18:56.971+0000][121][debug][gc,age      ] GC(11) Desired survivor size 41943040 bytes, new threshold 8 (max threshold 15)
[2025-08-24T10:18:56.992+0000][121][info ][gc,phases   ] GC(11)   Pre Evacuate Collection Set: 0.19ms
[2025-08-24T10:18:56.992+0000][121][info ][gc,phases   ] GC(11)   Merge Heap Roots: 0.09ms
[2025-08-24T10:18:56.992+0000][121][info ][gc,phases   ] GC(11)   Evacuate Collection Set: 18.12ms
[2025-08-24T10:18:56.992+0000][121][info ][gc,phases   ] GC(11)   Post Evacuate Collection Set: 2.14ms
[2025-08-24T10:18:56.992+0000][121][info ][gc,phases   ] GC(11)   Other: 0.18ms
[2025-08-24T10:18:56.992+0000][121][trace][gc,age      ] GC(11) Age table with threshold 8 (max threshold 15)
[2025-08-24T10:18:56.992+0000][121][trace][gc,age      ] GC(11) - age   1:   10822760 bytes,   10822760 total
[2025-08-24T10:18:56.992+0000][121][trace][gc,age      ] GC(11) - age   2:    9881808 bytes,   20704568 total
[2025-08-24T10:18:56.992+0000][121][trace][gc,age      ] GC(11) - age   3:    8813008 bytes,   29517576 total
[2025-08-24T10:18:56.992+0000][121][trace][gc,age      ] GC(11) - age   4:      46184 bytes,   29563760 total
[2025-08-24T10:18:56.992+0000][121][trace][gc,age      ] GC(11) - age   5:    8103336 bytes,   37667096 total
[2025-08-24T10:18:56.992+0000][121][trace][gc,age      ] GC(11) - age   6:    5725056 bytes,   43392152 total
[2025-08-24T10:18:56.992+0000][121][trace][gc,age      ] GC(11) - age   7:     397864 bytes,   43790016 total
[2025-08-24T10:18:56.992+0000][121][trace][gc,age      ] GC(11) - age   8:    3973488 bytes,   47763504 total
[2025-08-24T10:18:56.992+0000][121][info ][gc,heap     ] GC(11) Eden regions: 142->0(140)
[2025-08-24T10:18:56.992+0000][121][info ][gc,heap     ] GC(11) Survivor regions: 11->13(20)
[2025-08-24T10:18:56.992+0000][121][info ][gc,heap     ] GC(11) Old regions: 1->2
[2025-08-24T10:18:56.993+0000][121][info ][gc,heap     ] GC(11) Humongous regions: 0->0
[2025-08-24T10:18:56.993+0000][121][info ][gc,metaspace] GC(11) Metaspace: 75263K(77120K)->75263K(77120K) NonClass: 65175K(66304K)->65175K(66304K) Class: 10088K(10816K)->10088K(10816K)
[2025-08-24T10:18:56.993+0000][121][info ][gc          ] GC(11) Pause Young (Normal) (G1 Evacuation Pause) 612M->56M(1024M) 21.887ms
[2025-08-24T10:18:56.993+0000][121][info ][gc,cpu      ] GC(11) User=0.11s Sys=0.01s Real=0.02s
[2025-08-24T10:18:56.993+0000][121][info ][safepoint   ] Safepoint "G1CollectForAllocation", Time since last: 521847084 ns, Reaching safepoint: 7125 ns, Cleanup: 92875 ns, At safepoint: 21989917 ns, Total: 22089917 ns
[2025-08-24T10:18:57.220+0000][121][info ][safepoint   ] Safepoint "ICBufferFull", Time since last: 227539000 ns, Reaching safepoint: 135375 ns, Cleanup: 75833 ns, At safepoint: 9833 ns, Total: 221041 ns
[2025-08-24T10:18:57.348+0000][121][info ][safepoint   ] Safepoint "ICBufferFull", Time since last: 127093542 ns, Reaching safepoint: 2583 ns, Cleanup: 70709 ns, At safepoint: 4083 ns, Total: 77375 ns
[2025-08-24T10:18:57.759+0000][121][info ][safepoint   ] Safepoint "ICBufferFull", Time since last: 410984709 ns, Reaching safepoint: 2666 ns, Cleanup: 119125 ns, At safepoint: 10375 ns, Total: 132166 ns
[2025-08-24T10:18:58.091+0000][121][info ][safepoint   ] Safepoint "ICBufferFull", Time since last: 332001042 ns, Reaching safepoint: 3417 ns, Cleanup: 93958 ns, At safepoint: 6250 ns, Total: 103625 ns
[2025-08-24T10:18:58.257+0000][121][info ][gc,start    ] GC(12) Pause Young (Concurrent Start) (Metadata GC Threshold)
[2025-08-24T10:18:58.257+0000][121][info ][gc,task     ] GC(12) Using 8 workers of 8 for evacuation
[2025-08-24T10:18:58.257+0000][121][debug][gc,age      ] GC(12) Desired survivor size 41943040 bytes, new threshold 6 (max threshold 15)
[2025-08-24T10:18:58.278+0000][121][info ][gc,phases   ] GC(12)   Pre Evacuate Collection Set: 0.17ms
[2025-08-24T10:18:58.278+0000][121][info ][gc,phases   ] GC(12)   Merge Heap Roots: 0.07ms
[2025-08-24T10:18:58.278+0000][121][info ][gc,phases   ] GC(12)   Evacuate Collection Set: 18.95ms
[2025-08-24T10:18:58.278+0000][121][info ][gc,phases   ] GC(12)   Post Evacuate Collection Set: 1.42ms
[2025-08-24T10:18:58.278+0000][121][info ][gc,phases   ] GC(12)   Other: 0.21ms
[2025-08-24T10:18:58.278+0000][121][trace][gc,age      ] GC(12) Age table with threshold 6 (max threshold 15)
[2025-08-24T10:18:58.278+0000][121][trace][gc,age      ] GC(12) - age   1:    9790112 bytes,    9790112 total
[2025-08-24T10:18:58.278+0000][121][trace][gc,age      ] GC(12) - age   2:   10449992 bytes,   20240104 total
[2025-08-24T10:18:58.278+0000][121][trace][gc,age      ] GC(12) - age   3:    9715608 bytes,   29955712 total
[2025-08-24T10:18:58.278+0000][121][trace][gc,age      ] GC(12) - age   4:    8795360 bytes,   38751072 total
[2025-08-24T10:18:58.278+0000][121][trace][gc,age      ] GC(12) - age   5:      45928 bytes,   38797000 total
[2025-08-24T10:18:58.279+0000][121][trace][gc,age      ] GC(12) - age   6:    8078104 bytes,   46875104 total
[2025-08-24T10:18:58.279+0000][121][info ][gc,heap     ] GC(12) Eden regions: 84->0(140)
[2025-08-24T10:18:58.279+0000][121][info ][gc,heap     ] GC(12) Survivor regions: 13->13(20)
[2025-08-24T10:18:58.279+0000][121][info ][gc,heap     ] GC(12) Old regions: 2->4
[2025-08-24T10:18:58.279+0000][121][info ][gc,heap     ] GC(12) Humongous regions: 0->0
[2025-08-24T10:18:58.279+0000][121][info ][gc,metaspace] GC(12) Metaspace: 100984K(103040K)->100984K(103040K) NonClass: 87350K(88576K)->87350K(88576K) Class: 13633K(14464K)->13633K(14464K)
[2025-08-24T10:18:58.279+0000][121][info ][gc          ] GC(12) Pause Young (Concurrent Start) (Metadata GC Threshold) 390M->66M(1024M) 21.591ms
[2025-08-24T10:18:58.279+0000][121][info ][gc,cpu      ] GC(12) User=0.13s Sys=0.00s Real=0.02s
[2025-08-24T10:18:58.279+0000][121][info ][safepoint   ] Safepoint "CollectForMetadataAllocation", Time since last: 166209000 ns, Reaching safepoint: 3208 ns, Cleanup: 22250 ns, At safepoint: 21801000 ns, Total: 21826458 ns
[2025-08-24T10:18:58.279+0000][121][info ][gc          ] GC(13) Concurrent Mark Cycle
[2025-08-24T10:18:58.279+0000][121][info ][gc,marking  ] GC(13) Concurrent Scan Root Regions
[2025-08-24T10:18:58.291+0000][121][info ][safepoint   ] Safepoint "CollectForMetadataAllocation", Time since last: 11757042 ns, Reaching safepoint: 2792 ns, Cleanup: 22208 ns, At safepoint: 52083 ns, Total: 77083 ns
[2025-08-24T10:18:58.295+0000][121][info ][gc,marking  ] GC(13) Concurrent Scan Root Regions 15.998ms
[2025-08-24T10:18:58.295+0000][121][info ][gc,marking  ] GC(13) Concurrent Mark
[2025-08-24T10:18:58.295+0000][121][info ][gc,marking  ] GC(13) Concurrent Mark From Roots
[2025-08-24T10:18:58.295+0000][121][info ][gc,task     ] GC(13) Using 2 workers of 2 for marking
[2025-08-24T10:18:58.295+0000][121][info ][safepoint   ] Safepoint "CollectForMetadataAllocation", Time since last: 4480667 ns, Reaching safepoint: 2250 ns, Cleanup: 875 ns, At safepoint: 52958 ns, Total: 56083 ns
[2025-08-24T10:18:58.297+0000][121][info ][gc,marking  ] GC(13) Concurrent Mark From Roots 2.251ms
[2025-08-24T10:18:58.298+0000][121][info ][gc,marking  ] GC(13) Concurrent Preclean
[2025-08-24T10:18:58.298+0000][121][info ][gc,marking  ] GC(13) Concurrent Preclean 0.069ms
[2025-08-24T10:18:58.298+0000][121][info ][gc,start    ] GC(13) Pause Remark
[2025-08-24T10:18:58.301+0000][121][info ][gc          ] GC(13) Pause Remark 73M->73M(1024M) 3.553ms
[2025-08-24T10:18:58.301+0000][121][info ][gc,cpu      ] GC(13) User=0.02s Sys=0.00s Real=0.01s
[2025-08-24T10:18:58.301+0000][121][info ][safepoint   ] Safepoint "G1PauseRemark", Time since last: 2358459 ns, Reaching safepoint: 1958 ns, Cleanup: 750 ns, At safepoint: 3669333 ns, Total: 3672041 ns
[2025-08-24T10:18:58.301+0000][121][info ][gc,marking  ] GC(13) Concurrent Mark 6.258ms
[2025-08-24T10:18:58.301+0000][121][info ][gc,marking  ] GC(13) Concurrent Rebuild Remembered Sets and Scrub Regions
[2025-08-24T10:18:58.303+0000][121][info ][gc,marking  ] GC(13) Concurrent Rebuild Remembered Sets and Scrub Regions 1.174ms
[2025-08-24T10:18:58.303+0000][121][info ][gc,start    ] GC(13) Pause Cleanup
[2025-08-24T10:18:58.303+0000][121][info ][gc          ] GC(13) Pause Cleanup 73M->73M(1024M) 0.058ms
[2025-08-24T10:18:58.303+0000][121][info ][gc,cpu      ] GC(13) User=0.00s Sys=0.00s Real=0.00s
[2025-08-24T10:18:58.304+0000][121][info ][safepoint   ] Safepoint "G1PauseCleanup", Time since last: 1311000 ns, Reaching safepoint: 759084 ns, Cleanup: 9500 ns, At safepoint: 144958 ns, Total: 913542 ns
[2025-08-24T10:18:58.304+0000][121][info ][gc,marking  ] GC(13) Concurrent Clear Claimed Marks
[2025-08-24T10:18:58.304+0000][121][info ][gc,marking  ] GC(13) Concurrent Clear Claimed Marks 0.058ms
[2025-08-24T10:18:58.304+0000][121][info ][gc,marking  ] GC(13) Concurrent Cleanup for Next Mark
[2025-08-24T10:18:58.306+0000][121][info ][gc,marking  ] GC(13) Concurrent Cleanup for Next Mark 2.572ms
[2025-08-24T10:18:58.306+0000][121][info ][gc          ] GC(13) Concurrent Mark Cycle 27.511ms
[2025-08-24T10:18:58.487+0000][121][info ][safepoint   ] Safepoint "ICBufferFull", Time since last: 182378125 ns, Reaching safepoint: 555125 ns, Cleanup: 80250 ns, At safepoint: 8334 ns, Total: 643709 ns
[2025-08-24T10:18:58.749+0000][121][info ][safepoint   ] Safepoint "ICBufferFull", Time since last: 262809041 ns, Reaching safepoint: 3167 ns, Cleanup: 88542 ns, At safepoint: 13291 ns, Total: 105000 ns
[2025-08-24T10:18:59.031+0000][121][info ][safepoint   ] Safepoint "ICBufferFull", Time since last: 281589334 ns, Reaching safepoint: 7916 ns, Cleanup: 198417 ns, At safepoint: 7917 ns, Total: 214250 ns
[2025-08-24T10:18:59.238+0000][121][info ][safepoint   ] Safepoint "ICBufferFull", Time since last: 206802292 ns, Reaching safepoint: 5291 ns, Cleanup: 74709 ns, At safepoint: 5083 ns, Total: 85083 ns
[2025-08-24T10:18:59.279+0000][121][info ][safepoint   ] Safepoint "ICBufferFull", Time since last: 41149958 ns, Reaching safepoint: 2500 ns, Cleanup: 97500 ns, At safepoint: 13667 ns, Total: 113667 ns
[2025-08-24T10:18:59.323+0000][121][info ][safepoint   ] Safepoint "ICBufferFull", Time since last: 43616833 ns, Reaching safepoint: 2625 ns, Cleanup: 59167 ns, At safepoint: 11917 ns, Total: 73709 ns
[2025-08-24T10:18:59.346+0000][121][info ][safepoint   ] Safepoint "ICBufferFull", Time since last: 22725875 ns, Reaching safepoint: 5458 ns, Cleanup: 74917 ns, At safepoint: 9791 ns, Total: 90166 ns
[2025-08-24T10:18:59.414+0000][121][info ][safepoint   ] Safepoint "ICBufferFull", Time since last: 67869959 ns, Reaching safepoint: 3333 ns, Cleanup: 68083 ns, At safepoint: 5375 ns, Total: 76791 ns
[2025-08-24T10:18:59.487+0000][121][info ][safepoint   ] Safepoint "ICBufferFull", Time since last: 72802917 ns, Reaching safepoint: 2250 ns, Cleanup: 77125 ns, At safepoint: 9000 ns, Total: 88375 ns
[2025-08-24T10:18:59.684+0000][121][info ][safepoint   ] Safepoint "ICBufferFull", Time since last: 197322792 ns, Reaching safepoint: 285833 ns, Cleanup: 78292 ns, At safepoint: 14625 ns, Total: 378750 ns
[2025-08-24T10:18:59.743+0000][121][info ][safepoint   ] Safepoint "ICBufferFull", Time since last: 58859708 ns, Reaching safepoint: 3833 ns, Cleanup: 121959 ns, At safepoint: 18500 ns, Total: 144292 ns
[2025-08-24T10:18:59.825+0000][121][info ][safepoint   ] Safepoint "ICBufferFull", Time since last: 80964917 ns, Reaching safepoint: 8250 ns, Cleanup: 115958 ns, At safepoint: 20458 ns, Total: 144666 ns
[2025-08-24T10:18:59.825+0000][121][info ][safepoint   ] Safepoint "ICBufferFull", Time since last: 377000 ns, Reaching safepoint: 492084 ns, Cleanup: 4291 ns, At safepoint: 12250 ns, Total: 508625 ns
[2025-08-24T10:18:59.932+0000][121][info ][safepoint   ] Safepoint "ICBufferFull", Time since last: 106245084 ns, Reaching safepoint: 4125 ns, Cleanup: 93708 ns, At safepoint: 13083 ns, Total: 110916 ns
[2025-08-24T10:19:00.018+0000][121][info ][safepoint   ] Safepoint "ICBufferFull", Time since last: 86046542 ns, Reaching safepoint: 505500 ns, Cleanup: 96167 ns, At safepoint: 17333 ns, Total: 619000 ns
[2025-08-24T10:19:00.159+0000][121][info ][safepoint   ] Safepoint "ICBufferFull", Time since last: 139019958 ns, Reaching safepoint: 938750 ns, Cleanup: 96167 ns, At safepoint: 421500 ns, Total: 1456417 ns
[2025-08-24T10:19:00.162+0000][121][info ][safepoint   ] Safepoint "ICBufferFull", Time since last: 1416542 ns, Reaching safepoint: 1170833 ns, Cleanup: 8458 ns, At safepoint: 210375 ns, Total: 1389666 ns
[2025-08-24T10:19:00.275+0000][121][info ][safepoint   ] Safepoint "ICBufferFull", Time since last: 113474375 ns, Reaching safepoint: 5250 ns, Cleanup: 99125 ns, At safepoint: 5542 ns, Total: 109917 ns
[2025-08-24T10:19:00.360+0000][121][info ][safepoint   ] Safepoint "ICBufferFull", Time since last: 83003042 ns, Reaching safepoint: 1208666 ns, Cleanup: 76750 ns, At safepoint: 27584 ns, Total: 1313000 ns
[2025-08-24T10:19:00.473+0000][121][info ][safepoint   ] Safepoint "ICBufferFull", Time since last: 111717833 ns, Reaching safepoint: 1278542 ns, Cleanup: 109750 ns, At safepoint: 16083 ns, Total: 1404375 ns
[2025-08-24T10:19:00.551+0000][121][info ][safepoint   ] Safepoint "ICBufferFull", Time since last: 78377209 ns, Reaching safepoint: 26166 ns, Cleanup: 78042 ns, At safepoint: 13625 ns, Total: 117833 ns
[2025-08-24T10:19:00.656+0000][121][info ][safepoint   ] Safepoint "ICBufferFull", Time since last: 103833958 ns, Reaching safepoint: 326334 ns, Cleanup: 85083 ns, At safepoint: 20875 ns, Total: 432292 ns
[2025-08-24T10:19:00.747+0000][121][info ][safepoint   ] Safepoint "ICBufferFull", Time since last: 90179167 ns, Reaching safepoint: 668916 ns, Cleanup: 96250 ns, At safepoint: 17584 ns, Total: 782750 ns
[2025-08-24T10:19:00.801+0000][121][info ][gc,start    ] GC(14) Pause Young (Normal) (G1 Evacuation Pause)
[2025-08-24T10:19:00.801+0000][121][info ][gc,task     ] GC(14) Using 8 workers of 8 for evacuation
[2025-08-24T10:19:00.801+0000][121][debug][gc,age      ] GC(14) Desired survivor size 41943040 bytes, new threshold 6 (max threshold 15)
[2025-08-24T10:19:00.825+0000][121][info ][gc,phases   ] GC(14)   Pre Evacuate Collection Set: 0.15ms
[2025-08-24T10:19:00.825+0000][121][info ][gc,phases   ] GC(14)   Merge Heap Roots: 0.10ms
[2025-08-24T10:19:00.825+0000][121][info ][gc,phases   ] GC(14)   Evacuate Collection Set: 21.30ms
[2025-08-24T10:19:00.825+0000][121][info ][gc,phases   ] GC(14)   Post Evacuate Collection Set: 2.03ms
[2025-08-24T10:19:00.825+0000][121][info ][gc,phases   ] GC(14)   Other: 0.30ms
[2025-08-24T10:19:00.825+0000][121][trace][gc,age      ] GC(14) Age table with threshold 6 (max threshold 15)
[2025-08-24T10:19:00.825+0000][121][trace][gc,age      ] GC(14) - age   1:   28900664 bytes,   28900664 total
[2025-08-24T10:19:00.826+0000][121][trace][gc,age      ] GC(14) - age   2:    9349152 bytes,   38249816 total
[2025-08-24T10:19:00.826+0000][121][trace][gc,age      ] GC(14) - age   3:   10375368 bytes,   48625184 total
[2025-08-24T10:19:00.826+0000][121][trace][gc,age      ] GC(14) - age   4:    9607728 bytes,   58232912 total
[2025-08-24T10:19:00.826+0000][121][trace][gc,age      ] GC(14) - age   5:    8789800 bytes,   67022712 total
[2025-08-24T10:19:00.826+0000][121][trace][gc,age      ] GC(14) - age   6:      45864 bytes,   67068576 total
[2025-08-24T10:19:00.826+0000][121][info ][gc,heap     ] GC(14) Eden regions: 140->0(135)
[2025-08-24T10:19:00.826+0000][121][info ][gc,heap     ] GC(14) Survivor regions: 13->18(20)
[2025-08-24T10:19:00.826+0000][121][info ][gc,heap     ] GC(14) Old regions: 4->7
[2025-08-24T10:19:00.826+0000][121][info ][gc,heap     ] GC(14) Humongous regions: 2->2
[2025-08-24T10:19:00.826+0000][121][info ][gc,metaspace] GC(14) Metaspace: 139301K(143360K)->139301K(143360K) NonClass: 119496K(121728K)->119496K(121728K) Class: 19804K(21632K)->19804K(21632K)
[2025-08-24T10:19:00.826+0000][121][info ][gc          ] GC(14) Pause Young (Normal) (G1 Evacuation Pause) 634M->104M(1024M) 24.598ms
[2025-08-24T10:19:00.826+0000][121][info ][gc,cpu      ] GC(14) User=0.15s Sys=0.01s Real=0.02s
[2025-08-24T10:19:00.826+0000][121][info ][safepoint   ] Safepoint "G1CollectForAllocation", Time since last: 54619125 ns, Reaching safepoint: 17291 ns, Cleanup: 78084 ns, At safepoint: 24820791 ns, Total: 24916166 ns
[2025-08-24T10:19:00.937+0000][121][info ][safepoint   ] Safepoint "ICBufferFull", Time since last: 111240375 ns, Reaching safepoint: 26917 ns, Cleanup: 99667 ns, At safepoint: 14291 ns, Total: 140875 ns
[2025-08-24T10:19:01.088+0000][121][info ][safepoint   ] Safepoint "ICBufferFull", Time since last: 150715167 ns, Reaching safepoint: 6458 ns, Cleanup: 79834 ns, At safepoint: 6333 ns, Total: 92625 ns
[2025-08-24T10:19:01.178+0000][121][info ][safepoint   ] Safepoint "ICBufferFull", Time since last: 88147042 ns, Reaching safepoint: 1195875 ns, Cleanup: 94541 ns, At safepoint: 17584 ns, Total: 1308000 ns
[2025-08-24T10:19:01.243+0000][121][info ][safepoint   ] Safepoint "ICBufferFull", Time since last: 64317833 ns, Reaching safepoint: 421875 ns, Cleanup: 91875 ns, At safepoint: 14709 ns, Total: 528459 ns
[2025-08-24T10:19:01.319+0000][121][info ][safepoint   ] Safepoint "ICBufferFull", Time since last: 76631500 ns, Reaching safepoint: 9125 ns, Cleanup: 129833 ns, At safepoint: 8625 ns, Total: 147583 ns
[2025-08-24T10:19:01.415+0000][121][info ][safepoint   ] Safepoint "ICBufferFull", Time since last: 95865458 ns, Reaching safepoint: 210000 ns, Cleanup: 91709 ns, At safepoint: 10583 ns, Total: 312292 ns
[2025-08-24T10:19:01.456+0000][121][info ][safepoint   ] Safepoint "ICBufferFull", Time since last: 40130458 ns, Reaching safepoint: 5084 ns, Cleanup: 68791 ns, At safepoint: 10792 ns, Total: 84667 ns
[2025-08-24T10:19:02.630+0000][121][info ][safepoint   ] Safepoint "ICBufferFull", Time since last: 1174512459 ns, Reaching safepoint: 16292 ns, Cleanup: 244916 ns, At safepoint: 6917 ns, Total: 268125 ns
[2025-08-24T10:19:02.892+0000][121][info ][safepoint   ] Safepoint "ICBufferFull", Time since last: 257534083 ns, Reaching safepoint: 3772334 ns, Cleanup: 87791 ns, At safepoint: 52334 ns, Total: 3912459 ns
[2025-08-24T10:19:02.894+0000][121][info ][safepoint   ] Safepoint "ICBufferFull", Time since last: 1977166 ns, Reaching safepoint: 463959 ns, Cleanup: 14666 ns, At safepoint: 26042 ns, Total: 504667 ns
[2025-08-24T10:19:02.896+0000][121][info ][safepoint   ] Safepoint "ICBufferFull", Time since last: 422833 ns, Reaching safepoint: 626250 ns, Cleanup: 15334 ns, At safepoint: 35875 ns, Total: 677459 ns
[2025-08-24T10:19:03.087+0000][121][info ][safepoint   ] Safepoint "ICBufferFull", Time since last: 191655458 ns, Reaching safepoint: 9333 ns, Cleanup: 84417 ns, At safepoint: 12750 ns, Total: 106500 ns
[2025-08-24T10:19:04.090+0000][121][info ][safepoint   ] Safepoint "Cleanup", Time since last: 1002305584 ns, Reaching safepoint: 46000 ns, Cleanup: 140875 ns, At safepoint: 15750 ns, Total: 202625 ns
[2025-08-24T10:19:06.092+0000][121][info ][safepoint   ] Safepoint "Cleanup", Time since last: 2001672334 ns, Reaching safepoint: 17167 ns, Cleanup: 128958 ns, At safepoint: 7500 ns, Total: 153625 ns
[2025-08-24T10:19:07.550+0000][121][info ][safepoint   ] Safepoint "Cleanup", Time since last: 1457753043 ns, Reaching safepoint: 52291 ns, Cleanup: 195000 ns, At safepoint: 25125 ns, Total: 272416 ns
[2025-08-24T10:19:08.552+0000][121][info ][safepoint   ] Safepoint "Cleanup", Time since last: 1001787251 ns, Reaching safepoint: 59833 ns, Cleanup: 58875 ns, At safepoint: 14667 ns, Total: 133375 ns
[2025-08-24T10:19:09.553+0000][121][info ][safepoint   ] Safepoint "Cleanup", Time since last: 1000844500 ns, Reaching safepoint: 60000 ns, Cleanup: 372083 ns, At safepoint: 49625 ns, Total: 481708 ns
[2025-08-24T10:19:10.556+0000][121][info ][safepoint   ] Safepoint "Cleanup", Time since last: 1001911084 ns, Reaching safepoint: 719459 ns, Cleanup: 55000 ns, At safepoint: 52666 ns, Total: 827125 ns
[2025-08-24T10:19:11.562+0000][121][info ][safepoint   ] Safepoint "Cleanup", Time since last: 1005766792 ns, Reaching safepoint: 979209 ns, Cleanup: 55125 ns, At safepoint: 17291 ns, Total: 1051625 ns
[2025-08-24T10:19:11.832+0000][121][info ][safepoint   ] Safepoint "ICBufferFull", Time since last: 269387417 ns, Reaching safepoint: 13625 ns, Cleanup: 132375 ns, At safepoint: 7584 ns, Total: 153584 ns
[2025-08-24T10:19:13.780+0000][121][info ][safepoint   ] Safepoint "Cleanup", Time since last: 1947485167 ns, Reaching safepoint: 75292 ns, Cleanup: 241917 ns, At safepoint: 21416 ns, Total: 338625 ns
[2025-08-24T10:19:14.781+0000][121][info ][safepoint   ] Safepoint "Cleanup", Time since last: 1000851834 ns, Reaching safepoint: 67333 ns, Cleanup: 136834 ns, At safepoint: 28416 ns, Total: 232583 ns
[2025-08-24T10:19:15.783+0000][121][info ][safepoint   ] Safepoint "Cleanup", Time since last: 1002051167 ns, Reaching safepoint: 62417 ns, Cleanup: 76167 ns, At safepoint: 39125 ns, Total: 177709 ns
[2025-08-24T10:19:16.272+0000][121][info ][safepoint   ] Safepoint "ICBufferFull", Time since last: 488603542 ns, Reaching safepoint: 15041 ns, Cleanup: 144709 ns, At safepoint: 16416 ns, Total: 176166 ns
[2025-08-24T10:19:17.845+0000][121][info ][safepoint   ] Safepoint "Cleanup", Time since last: 1572707293 ns, Reaching safepoint: 11333 ns, Cleanup: 101333 ns, At safepoint: 11542 ns, Total: 124208 ns
[2025-08-24T10:19:19.847+0000][121][info ][safepoint   ] Safepoint "Cleanup", Time since last: 2001862543 ns, Reaching safepoint: 291916 ns, Cleanup: 45792 ns, At safepoint: 13292 ns, Total: 351000 ns
[2025-08-24T10:19:20.848+0000][121][info ][safepoint   ] Safepoint "Cleanup", Time since last: 1001463167 ns, Reaching safepoint: 21667 ns, Cleanup: 35583 ns, At safepoint: 25708 ns, Total: 82958 ns
[2025-08-24T10:19:21.850+0000][121][info ][safepoint   ] Safepoint "Cleanup", Time since last: 1001069751 ns, Reaching safepoint: 45833 ns, Cleanup: 52375 ns, At safepoint: 13458 ns, Total: 111666 ns
[2025-08-24T10:19:22.851+0000][121][info ][safepoint   ] Safepoint "Cleanup", Time since last: 1000993042 ns, Reaching safepoint: 61125 ns, Cleanup: 97375 ns, At safepoint: 22125 ns, Total: 180625 ns
[2025-08-24T10:19:23.861+0000][121][info ][safepoint   ] Safepoint "Cleanup", Time since last: 1001782251 ns, Reaching safepoint: 8012917 ns, Cleanup: 30875 ns, At safepoint: 26500 ns, Total: 8070292 ns
[2025-08-24T10:19:23.934+0000][121][info ][safepoint   ] Safepoint "ICBufferFull", Time since last: 73234208 ns, Reaching safepoint: 7250 ns, Cleanup: 169458 ns, At safepoint: 5459 ns, Total: 182167 ns
[2025-08-24T10:19:24.128+0000][121][info ][safepoint   ] Safepoint "ICBufferFull", Time since last: 193755875 ns, Reaching safepoint: 9250 ns, Cleanup: 137458 ns, At safepoint: 7500 ns, Total: 154208 ns
[2025-08-24T10:19:25.561+0000][121][info ][safepoint   ] Safepoint "Cleanup", Time since last: 1433031334 ns, Reaching safepoint: 68292 ns, Cleanup: 144083 ns, At safepoint: 14167 ns, Total: 226542 ns
[2025-08-24T10:19:26.562+0000][121][info ][safepoint   ] Safepoint "Cleanup", Time since last: 1001194500 ns, Reaching safepoint: 73083 ns, Cleanup: 117459 ns, At safepoint: 26333 ns, Total: 216875 ns
[2025-08-24T10:19:27.564+0000][121][info ][safepoint   ] Safepoint "Cleanup", Time since last: 1000841125 ns, Reaching safepoint: 107459 ns, Cleanup: 163541 ns, At safepoint: 41709 ns, Total: 312709 ns
[2025-08-24T10:19:29.567+0000][121][info ][safepoint   ] Safepoint "Cleanup", Time since last: 2002919292 ns, Reaching safepoint: 159667 ns, Cleanup: 85042 ns, At safepoint: 21833 ns, Total: 266542 ns
[2025-08-24T10:19:30.569+0000][121][info ][safepoint   ] Safepoint "Cleanup", Time since last: 1001639334 ns, Reaching safepoint: 62917 ns, Cleanup: 261250 ns, At safepoint: 9916 ns, Total: 334083 ns
[2025-08-24T10:19:31.570+0000][121][info ][safepoint   ] Safepoint "Cleanup", Time since last: 1000957667 ns, Reaching safepoint: 92250 ns, Cleanup: 117334 ns, At safepoint: 34708 ns, Total: 244292 ns
[2025-08-24T10:19:32.572+0000][121][info ][safepoint   ] Safepoint "Cleanup", Time since last: 1001385125 ns, Reaching safepoint: 63834 ns, Cleanup: 54958 ns, At safepoint: 21792 ns, Total: 140584 ns
[2025-08-24T10:19:33.574+0000][121][info ][safepoint   ] Safepoint "Cleanup", Time since last: 1002131417 ns, Reaching safepoint: 59125 ns, Cleanup: 66250 ns, At safepoint: 20500 ns, Total: 145875 ns
[2025-08-24T10:19:34.576+0000][121][info ][safepoint   ] Safepoint "Cleanup", Time since last: 1001673542 ns, Reaching safepoint: 89833 ns, Cleanup: 85417 ns, At safepoint: 36792 ns, Total: 212042 ns
[2025-08-24T10:19:35.578+0000][121][info ][safepoint   ] Safepoint "Cleanup", Time since last: 1001946459 ns, Reaching safepoint: 166041 ns, Cleanup: 34667 ns, At safepoint: 13250 ns, Total: 213958 ns
[2025-08-24T10:19:36.580+0000][121][info ][safepoint   ] Safepoint "Cleanup", Time since last: 1002079417 ns, Reaching safepoint: 52500 ns, Cleanup: 61333 ns, At safepoint: 12417 ns, Total: 126250 ns
[2025-08-24T10:19:38.583+0000][121][info ][safepoint   ] Safepoint "Cleanup", Time since last: 2002668209 ns, Reaching safepoint: 97542 ns, Cleanup: 65375 ns, At safepoint: 40875 ns, Total: 203792 ns
[2025-08-24T10:19:39.585+0000][121][info ][safepoint   ] Safepoint "Cleanup", Time since last: 1002006501 ns, Reaching safepoint: 40583 ns, Cleanup: 48292 ns, At safepoint: 10833 ns, Total: 99708 ns
[2025-08-24T10:19:40.587+0000][121][info ][safepoint   ] Safepoint "Cleanup", Time since last: 1001971792 ns, Reaching safepoint: 79750 ns, Cleanup: 107000 ns, At safepoint: 38708 ns, Total: 225458 ns
[2025-08-24T10:19:41.589+0000][121][info ][safepoint   ] Safepoint "Cleanup", Time since last: 1001582376 ns, Reaching safepoint: 81416 ns, Cleanup: 98667 ns, At safepoint: 21500 ns, Total: 201583 ns
[2025-08-24T10:19:42.590+0000][121][info ][safepoint   ] Safepoint "Cleanup", Time since last: 1001273584 ns, Reaching safepoint: 75708 ns, Cleanup: 70959 ns, At safepoint: 17083 ns, Total: 163750 ns
[2025-08-24T10:19:43.592+0000][121][info ][safepoint   ] Safepoint "Cleanup", Time since last: 1000904209 ns, Reaching safepoint: 288541 ns, Cleanup: 99125 ns, At safepoint: 31542 ns, Total: 419208 ns
[2025-08-24T10:19:44.594+0000][121][info ][safepoint   ] Safepoint "Cleanup", Time since last: 1001774209 ns, Reaching safepoint: 85333 ns, Cleanup: 62917 ns, At safepoint: 14458 ns, Total: 162708 ns
[2025-08-24T10:19:45.595+0000][121][info ][safepoint   ] Safepoint "Cleanup", Time since last: 1001221084 ns, Reaching safepoint: 73042 ns, Cleanup: 104333 ns, At safepoint: 40292 ns, Total: 217667 ns
[2025-08-24T10:19:46.596+0000][121][info ][safepoint   ] Safepoint "Cleanup", Time since last: 1001148334 ns, Reaching safepoint: 80458 ns, Cleanup: 69167 ns, At safepoint: 26500 ns, Total: 176125 ns
[2025-08-24T10:19:47.598+0000][121][info ][safepoint   ] Safepoint "Cleanup", Time since last: 1000913375 ns, Reaching safepoint: 77875 ns, Cleanup: 46292 ns, At safepoint: 25750 ns, Total: 149917 ns
[2025-08-24T10:19:48.599+0000][121][info ][safepoint   ] Safepoint "Cleanup", Time since last: 1001194083 ns, Reaching safepoint: 61709 ns, Cleanup: 49791 ns, At safepoint: 14709 ns, Total: 126209 ns
[2025-08-24T10:19:50.602+0000][121][info ][safepoint   ] Safepoint "Cleanup", Time since last: 2002630042 ns, Reaching safepoint: 29459 ns, Cleanup: 29500 ns, At safepoint: 9291 ns, Total: 68250 ns
[2025-08-24T10:19:51.666+0000][121][info ][safepoint   ] Safepoint "Cleanup", Time since last: 1063834376 ns, Reaching safepoint: 152333 ns, Cleanup: 704042 ns, At safepoint: 25458 ns, Total: 881833 ns
[2025-08-24T10:19:54.669+0000][121][info ][safepoint   ] Safepoint "Cleanup", Time since last: 3002976543 ns, Reaching safepoint: 67042 ns, Cleanup: 64833 ns, At safepoint: 21792 ns, Total: 153667 ns
[2025-08-24T10:19:55.671+0000][121][info ][safepoint   ] Safepoint "Cleanup", Time since last: 1001461251 ns, Reaching safepoint: 48708 ns, Cleanup: 42292 ns, At safepoint: 14500 ns, Total: 105500 ns
[2025-08-24T10:19:56.672+0000][121][info ][safepoint   ] Safepoint "Cleanup", Time since last: 1001387582 ns, Reaching safepoint: 87334 ns, Cleanup: 75541 ns, At safepoint: 20625 ns, Total: 183500 ns
[2025-08-24T10:19:57.673+0000][121][info ][safepoint   ] Safepoint "Cleanup", Time since last: 1000657792 ns, Reaching safepoint: 56959 ns, Cleanup: 58500 ns, At safepoint: 18125 ns, Total: 133584 ns
[2025-08-24T10:19:58.675+0000][121][info ][safepoint   ] Safepoint "Cleanup", Time since last: 1001180834 ns, Reaching safepoint: 120375 ns, Cleanup: 115416 ns, At safepoint: 25000 ns, Total: 260791 ns
[2025-08-24T10:20:00.677+0000][121][info ][safepoint   ] Safepoint "Cleanup", Time since last: 2002517793 ns, Reaching safepoint: 85500 ns, Cleanup: 112083 ns, At safepoint: 24542 ns, Total: 222125 ns
[2025-08-24T10:20:01.679+0000][121][info ][safepoint   ] Safepoint "Cleanup", Time since last: 1001472042 ns, Reaching safepoint: 61625 ns, Cleanup: 131583 ns, At safepoint: 17250 ns, Total: 210458 ns
[2025-08-24T10:20:02.681+0000][121][info ][safepoint   ] Safepoint "Cleanup", Time since last: 1001647959 ns, Reaching safepoint: 105167 ns, Cleanup: 155833 ns, At safepoint: 42834 ns, Total: 303834 ns
[2025-08-24T10:20:03.682+0000][121][info ][safepoint   ] Safepoint "Cleanup", Time since last: 1001168792 ns, Reaching safepoint: 65750 ns, Cleanup: 229000 ns, At safepoint: 32791 ns, Total: 327541 ns
[2025-08-24T10:20:06.686+0000][121][info ][safepoint   ] Safepoint "Cleanup", Time since last: 3003872752 ns, Reaching safepoint: 79666 ns, Cleanup: 73792 ns, At safepoint: 20333 ns, Total: 173791 ns
[2025-08-24T10:20:08.689+0000][121][info ][safepoint   ] Safepoint "Cleanup", Time since last: 2002209626 ns, Reaching safepoint: 70875 ns, Cleanup: 82167 ns, At safepoint: 27917 ns, Total: 180959 ns
[2025-08-24T10:20:09.691+0000][121][info ][safepoint   ] Safepoint "Cleanup", Time since last: 1001691417 ns, Reaching safepoint: 73875 ns, Cleanup: 62583 ns, At safepoint: 16750 ns, Total: 153208 ns
[2025-08-24T10:20:10.693+0000][121][info ][safepoint   ] Safepoint "Cleanup", Time since last: 1001832292 ns, Reaching safepoint: 77250 ns, Cleanup: 41834 ns, At safepoint: 18625 ns, Total: 137709 ns
[2025-08-24T10:20:11.694+0000][121][info ][safepoint   ] Safepoint "Cleanup", Time since last: 1001468875 ns, Reaching safepoint: 36250 ns, Cleanup: 39834 ns, At safepoint: 12875 ns, Total: 88959 ns
[2025-08-24T10:20:12.696+0000][121][info ][safepoint   ] Safepoint "Cleanup", Time since last: 1001197208 ns, Reaching safepoint: 62417 ns, Cleanup: 60958 ns, At safepoint: 24709 ns, Total: 148084 ns
[2025-08-24T10:20:15.700+0000][121][info ][safepoint   ] Safepoint "Cleanup", Time since last: 3003966834 ns, Reaching safepoint: 106875 ns, Cleanup: 67709 ns, At safepoint: 20291 ns, Total: 194875 ns
[2025-08-24T10:20:16.702+0000][121][info ][safepoint   ] Safepoint "Cleanup", Time since last: 1002030501 ns, Reaching safepoint: 62833 ns, Cleanup: 60334 ns, At safepoint: 48875 ns, Total: 172042 ns
[2025-08-24T10:20:18.705+0000][121][info ][safepoint   ] Safepoint "Cleanup", Time since last: 2002287542 ns, Reaching safepoint: 98375 ns, Cleanup: 358834 ns, At safepoint: 28000 ns, Total: 485209 ns
[2025-08-24T10:20:20.707+0000][121][info ][safepoint   ] Safepoint "Cleanup", Time since last: 2002486917 ns, Reaching safepoint: 90917 ns, Cleanup: 54583 ns, At safepoint: 20542 ns, Total: 166042 ns
[2025-08-24T10:20:21.708+0000][121][info ][safepoint   ] Safepoint "Cleanup", Time since last: 1000819625 ns, Reaching safepoint: 62792 ns, Cleanup: 188458 ns, At safepoint: 28250 ns, Total: 279500 ns
[2025-08-24T10:20:22.710+0000][121][info ][safepoint   ] Safepoint "Cleanup", Time since last: 1001510959 ns, Reaching safepoint: 76042 ns, Cleanup: 39875 ns, At safepoint: 16791 ns, Total: 132708 ns
[2025-08-24T10:20:23.712+0000][121][info ][safepoint   ] Safepoint "Cleanup", Time since last: 1001285084 ns, Reaching safepoint: 95417 ns, Cleanup: 64667 ns, At safepoint: 23166 ns, Total: 183250 ns
[2025-08-24T10:20:24.714+0000][121][info ][safepoint   ] Safepoint "Cleanup", Time since last: 1001575376 ns, Reaching safepoint: 165708 ns, Cleanup: 130833 ns, At safepoint: 36417 ns, Total: 332958 ns
[2025-08-24T10:20:25.715+0000][121][info ][safepoint   ] Safepoint "Cleanup", Time since last: 1001552459 ns, Reaching safepoint: 80042 ns, Cleanup: 48250 ns, At safepoint: 19583 ns, Total: 147875 ns
[2025-08-24T10:20:26.715+0000][121][info ][safepoint   ] Safepoint "Cleanup", Time since last: 1000853167 ns, Reaching safepoint: 52208 ns, Cleanup: 77458 ns, At safepoint: 14750 ns, Total: 144416 ns
[2025-08-24T10:20:26.932+0000][121][info ][safepoint   ] Safepoint "ICBufferFull", Time since last: 216610459 ns, Reaching safepoint: 10500 ns, Cleanup: 93666 ns, At safepoint: 16667 ns, Total: 120833 ns
[2025-08-24T10:20:28.781+0000][121][info ][safepoint   ] Safepoint "Cleanup", Time since last: 1849168209 ns, Reaching safepoint: 53709 ns, Cleanup: 164541 ns, At safepoint: 16125 ns, Total: 234375 ns
[2025-08-24T10:20:30.784+0000][121][info ][safepoint   ] Safepoint "Cleanup", Time since last: 2002660585 ns, Reaching safepoint: 81166 ns, Cleanup: 166000 ns, At safepoint: 25667 ns, Total: 272833 ns
[2025-08-24T10:20:31.787+0000][121][info ][safepoint   ] Safepoint "Cleanup", Time since last: 1002377459 ns, Reaching safepoint: 62333 ns, Cleanup: 130042 ns, At safepoint: 19458 ns, Total: 211833 ns
[2025-08-24T10:20:32.788+0000][121][info ][safepoint   ] Safepoint "Cleanup", Time since last: 1001346334 ns, Reaching safepoint: 26125 ns, Cleanup: 26542 ns, At safepoint: 12208 ns, Total: 64875 ns
[2025-08-24T10:20:33.790+0000][121][info ][safepoint   ] Safepoint "Cleanup", Time since last: 1000999709 ns, Reaching safepoint: 76166 ns, Cleanup: 70917 ns, At safepoint: 14625 ns, Total: 161708 ns
[2025-08-24T10:20:35.791+0000][121][info ][safepoint   ] Safepoint "Cleanup", Time since last: 2001630376 ns, Reaching safepoint: 89667 ns, Cleanup: 56708 ns, At safepoint: 19875 ns, Total: 166250 ns
[2025-08-24T10:20:36.793+0000][121][info ][safepoint   ] Safepoint "Cleanup", Time since last: 1000668792 ns, Reaching safepoint: 269917 ns, Cleanup: 239250 ns, At safepoint: 32500 ns, Total: 541667 ns
[2025-08-24T10:20:39.798+0000][121][info ][safepoint   ] Safepoint "Cleanup", Time since last: 3004739376 ns, Reaching safepoint: 207459 ns, Cleanup: 77791 ns, At safepoint: 264792 ns, Total: 550042 ns
[2025-08-24T10:20:40.799+0000][121][info ][safepoint   ] Safepoint "Cleanup", Time since last: 1001443750 ns, Reaching safepoint: 43875 ns, Cleanup: 38875 ns, At safepoint: 14667 ns, Total: 97417 ns
[2025-08-24T10:20:41.801+0000][121][info ][safepoint   ] Safepoint "Cleanup", Time since last: 1001154501 ns, Reaching safepoint: 56500 ns, Cleanup: 53750 ns, At safepoint: 17000 ns, Total: 127250 ns
[2025-08-24T10:20:42.802+0000][121][info ][safepoint   ] Safepoint "Cleanup", Time since last: 1001225167 ns, Reaching safepoint: 253875 ns, Cleanup: 67000 ns, At safepoint: 22916 ns, Total: 343791 ns
[2025-08-24T10:20:45.805+0000][121][info ][safepoint   ] Safepoint "Cleanup", Time since last: 3003055127 ns, Reaching safepoint: 100166 ns, Cleanup: 53417 ns, At safepoint: 20375 ns, Total: 173958 ns
[2025-08-24T10:20:46.807+0000][121][info ][safepoint   ] Safepoint "Cleanup", Time since last: 1000891834 ns, Reaching safepoint: 106417 ns, Cleanup: 81125 ns, At safepoint: 31875 ns, Total: 219417 ns
[2025-08-24T10:20:47.808+0000][121][info ][safepoint   ] Safepoint "Cleanup", Time since last: 1001623000 ns, Reaching safepoint: 39500 ns, Cleanup: 27917 ns, At safepoint: 14083 ns, Total: 81500 ns
[2025-08-24T10:20:48.809+0000][121][info ][safepoint   ] Safepoint "Cleanup", Time since last: 1001074292 ns, Reaching safepoint: 15459 ns, Cleanup: 15791 ns, At safepoint: 8500 ns, Total: 39750 ns
[2025-08-24T10:20:49.811+0000][121][info ][safepoint   ] Safepoint "Cleanup", Time since last: 1001143542 ns, Reaching safepoint: 117542 ns, Cleanup: 39042 ns, At safepoint: 7041 ns, Total: 163625 ns
[2025-08-24T10:20:50.812+0000][121][info ][safepoint   ] Safepoint "Cleanup", Time since last: 1001458168 ns, Reaching safepoint: 76625 ns, Cleanup: 67958 ns, At safepoint: 17375 ns, Total: 161958 ns
[2025-08-24T10:20:51.832+0000][121][info ][safepoint   ] Safepoint "Cleanup", Time since last: 1019464250 ns, Reaching safepoint: 62334 ns, Cleanup: 172000 ns, At safepoint: 64333 ns, Total: 298667 ns
[2025-08-24T10:20:52.834+0000][121][info ][safepoint   ] Safepoint "Cleanup", Time since last: 1001882375 ns, Reaching safepoint: 54500 ns, Cleanup: 74542 ns, At safepoint: 17750 ns, Total: 146792 ns
[2025-08-24T10:20:54.837+0000][121][info ][safepoint   ] Safepoint "Cleanup", Time since last: 2002656001 ns, Reaching safepoint: 59417 ns, Cleanup: 114166 ns, At safepoint: 17000 ns, Total: 190583 ns
[2025-08-24T10:20:55.839+0000][121][info ][safepoint   ] Safepoint "Cleanup", Time since last: 1001762543 ns, Reaching safepoint: 68791 ns, Cleanup: 60334 ns, At safepoint: 20458 ns, Total: 149583 ns
[2025-08-24T10:20:56.841+0000][121][info ][safepoint   ] Safepoint "Cleanup", Time since last: 1001531541 ns, Reaching safepoint: 64792 ns, Cleanup: 67125 ns, At safepoint: 16333 ns, Total: 148250 ns
[2025-08-24T10:20:57.843+0000][121][info ][safepoint   ] Safepoint "Cleanup", Time since last: 1001601918 ns, Reaching safepoint: 83666 ns, Cleanup: 90959 ns, At safepoint: 14875 ns, Total: 189500 ns
[2025-08-24T10:20:59.845+0000][121][info ][safepoint   ] Safepoint "Cleanup", Time since last: 2002227917 ns, Reaching safepoint: 13292 ns, Cleanup: 12458 ns, At safepoint: 6042 ns, Total: 31792 ns
[2025-08-24T10:21:00.848+0000][121][info ][safepoint   ] Safepoint "Cleanup", Time since last: 1002267042 ns, Reaching safepoint: 84625 ns, Cleanup: 181917 ns, At safepoint: 30291 ns, Total: 296833 ns
[2025-08-24T10:21:01.849+0000][121][info ][safepoint   ] Safepoint "Cleanup", Time since last: 1001265709 ns, Reaching safepoint: 67542 ns, Cleanup: 106083 ns, At safepoint: 17750 ns, Total: 191375 ns
[2025-08-24T10:21:02.851+0000][121][info ][safepoint   ] Safepoint "Cleanup", Time since last: 1001552667 ns, Reaching safepoint: 56959 ns, Cleanup: 187958 ns, At safepoint: 21208 ns, Total: 266125 ns
[2025-08-24T10:21:03.852+0000][121][info ][safepoint   ] Safepoint "Cleanup", Time since last: 1000920459 ns, Reaching safepoint: 63917 ns, Cleanup: 103500 ns, At safepoint: 16083 ns, Total: 183500 ns
[2025-08-24T10:21:04.853+0000][121][info ][safepoint   ] Safepoint "Cleanup", Time since last: 1001072792 ns, Reaching safepoint: 77000 ns, Cleanup: 70459 ns, At safepoint: 21625 ns, Total: 169084 ns
[2025-08-24T10:21:05.855+0000][121][info ][safepoint   ] Safepoint "Cleanup", Time since last: 1001434792 ns, Reaching safepoint: 70583 ns, Cleanup: 55917 ns, At safepoint: 18916 ns, Total: 145416 ns
[2025-08-24T10:21:06.857+0000][121][info ][safepoint   ] Safepoint "Cleanup", Time since last: 1002168459 ns, Reaching safepoint: 69709 ns, Cleanup: 250458 ns, At safepoint: 27583 ns, Total: 347750 ns
[2025-08-24T10:21:07.859+0000][121][info ][safepoint   ] Safepoint "Cleanup", Time since last: 1001267376 ns, Reaching safepoint: 159791 ns, Cleanup: 109000 ns, At safepoint: 18750 ns, Total: 287541 ns
[2025-08-24T10:21:09.861+0000][121][info ][safepoint   ] Safepoint "Cleanup", Time since last: 2001704418 ns, Reaching safepoint: 90792 ns, Cleanup: 43583 ns, At safepoint: 11917 ns, Total: 146292 ns
[2025-08-24T10:21:11.863+0000][121][info ][safepoint   ] Safepoint "Cleanup", Time since last: 2002039334 ns, Reaching safepoint: 49083 ns, Cleanup: 31584 ns, At safepoint: 20458 ns, Total: 101125 ns
[2025-08-24T10:21:12.865+0000][121][info ][safepoint   ] Safepoint "Cleanup", Time since last: 1001481625 ns, Reaching safepoint: 48875 ns, Cleanup: 654959 ns, At safepoint: 25958 ns, Total: 729792 ns
[2025-08-24T10:21:14.869+0000][121][info ][safepoint   ] Safepoint "Cleanup", Time since last: 2002478001 ns, Reaching safepoint: 1184500 ns, Cleanup: 17500 ns, At safepoint: 22500 ns, Total: 1224500 ns
[2025-08-24T10:21:15.871+0000][121][info ][safepoint   ] Safepoint "Cleanup", Time since last: 1002188917 ns, Reaching safepoint: 184167 ns, Cleanup: 51375 ns, At safepoint: 21166 ns, Total: 256708 ns
[2025-08-24T10:21:16.874+0000][121][info ][safepoint   ] Safepoint "Cleanup", Time since last: 1002383626 ns, Reaching safepoint: 78500 ns, Cleanup: 58333 ns, At safepoint: 23209 ns, Total: 160042 ns
[2025-08-24T10:21:17.877+0000][121][info ][safepoint   ] Safepoint "Cleanup", Time since last: 1001937458 ns, Reaching safepoint: 1007167 ns, Cleanup: 41708 ns, At safepoint: 31042 ns, Total: 1079917 ns
[2025-08-24T10:21:17.888+0000][121][info ][gc,start    ] GC(15) Pause Young (Concurrent Start) (CodeCache GC Threshold)
[2025-08-24T10:21:17.889+0000][121][info ][gc,task     ] GC(15) Using 8 workers of 8 for evacuation
[2025-08-24T10:21:17.889+0000][121][debug][gc,age      ] GC(15) Desired survivor size 41943040 bytes, new threshold 3 (max threshold 15)
[2025-08-24T10:21:17.972+0000][121][info ][gc,phases   ] GC(15)   Pre Evacuate Collection Set: 1.12ms
[2025-08-24T10:21:17.973+0000][121][info ][gc,phases   ] GC(15)   Merge Heap Roots: 0.25ms
[2025-08-24T10:21:17.973+0000][121][info ][gc,phases   ] GC(15)   Evacuate Collection Set: 78.80ms
[2025-08-24T10:21:17.973+0000][121][info ][gc,phases   ] GC(15)   Post Evacuate Collection Set: 3.19ms
[2025-08-24T10:21:17.973+0000][121][info ][gc,phases   ] GC(15)   Other: 0.54ms
[2025-08-24T10:21:17.973+0000][121][trace][gc,age      ] GC(15) Age table with threshold 3 (max threshold 15)
[2025-08-24T10:21:17.973+0000][121][trace][gc,age      ] GC(15) - age   1:   14389992 bytes,   14389992 total
[2025-08-24T10:21:17.973+0000][121][trace][gc,age      ] GC(15) - age   2:   27221784 bytes,   41611776 total
[2025-08-24T10:21:17.973+0000][121][trace][gc,age      ] GC(15) - age   3:    9346008 bytes,   50957784 total
[2025-08-24T10:21:17.973+0000][121][info ][gc,heap     ] GC(15) Eden regions: 121->0(139)
[2025-08-24T10:21:17.973+0000][121][info ][gc,heap     ] GC(15) Survivor regions: 18->14(20)
[2025-08-24T10:21:17.973+0000][121][info ][gc,heap     ] GC(15) Old regions: 7->14
[2025-08-24T10:21:17.973+0000][121][info ][gc,heap     ] GC(15) Humongous regions: 2->2
[2025-08-24T10:21:17.973+0000][121][info ][gc,metaspace] GC(15) Metaspace: 149574K(153920K)->149574K(153920K) NonClass: 128532K(130944K)->128532K(130944K) Class: 21041K(22976K)->21041K(22976K)
[2025-08-24T10:21:17.973+0000][121][info ][gc          ] GC(15) Pause Young (Concurrent Start) (CodeCache GC Threshold) 587M->118M(1024M) 84.791ms
[2025-08-24T10:21:17.973+0000][121][info ][gc          ] GC(16) Concurrent Mark Cycle
[2025-08-24T10:21:17.973+0000][121][info ][gc,marking  ] GC(16) Concurrent Scan Root Regions
[2025-08-24T10:21:17.973+0000][121][info ][gc,cpu      ] GC(15) User=0.62s Sys=0.00s Real=0.09s
[2025-08-24T10:21:17.974+0000][121][info ][safepoint   ] Safepoint "G1TryInitiateConcMark", Time since last: 11342417 ns, Reaching safepoint: 20750 ns, Cleanup: 7000 ns, At safepoint: 85408791 ns, Total: 85436541 ns
[2025-08-24T10:21:17.989+0000][121][info ][gc,marking  ] GC(16) Concurrent Scan Root Regions 15.701ms
[2025-08-24T10:21:17.989+0000][121][info ][gc,marking  ] GC(16) Concurrent Mark
[2025-08-24T10:21:17.989+0000][121][info ][gc,marking  ] GC(16) Concurrent Mark From Roots
[2025-08-24T10:21:17.989+0000][121][info ][gc,task     ] GC(16) Using 2 workers of 2 for marking
[2025-08-24T10:21:17.997+0000][121][info ][gc,marking  ] GC(16) Concurrent Mark From Roots 7.934ms
[2025-08-24T10:21:17.997+0000][121][info ][gc,marking  ] GC(16) Concurrent Preclean
[2025-08-24T10:21:17.997+0000][121][info ][gc,marking  ] GC(16) Concurrent Preclean 0.086ms
[2025-08-24T10:21:17.997+0000][121][info ][gc,start    ] GC(16) Pause Remark
[2025-08-24T10:21:18.049+0000][121][info ][gc          ] GC(16) Pause Remark 125M->125M(1024M) 52.080ms
[2025-08-24T10:21:18.049+0000][121][info ][gc,cpu      ] GC(16) User=0.38s Sys=0.00s Real=0.05s
[2025-08-24T10:21:18.050+0000][121][info ][safepoint   ] Safepoint "G1PauseRemark", Time since last: 23596001 ns, Reaching safepoint: 10125 ns, Cleanup: 1875 ns, At safepoint: 52310875 ns, Total: 52322875 ns
[2025-08-24T10:21:18.050+0000][121][info ][gc,marking  ] GC(16) Concurrent Mark 60.587ms
[2025-08-24T10:21:18.050+0000][121][info ][gc,marking  ] GC(16) Concurrent Rebuild Remembered Sets and Scrub Regions
[2025-08-24T10:21:18.059+0000][121][info ][gc,marking  ] GC(16) Concurrent Rebuild Remembered Sets and Scrub Regions 9.564ms
[2025-08-24T10:21:18.060+0000][121][info ][gc,start    ] GC(16) Pause Cleanup
[2025-08-24T10:21:18.060+0000][121][info ][gc          ] GC(16) Pause Cleanup 126M->126M(1024M) 0.121ms
[2025-08-24T10:21:18.060+0000][121][info ][gc,cpu      ] GC(16) User=0.00s Sys=0.00s Real=0.00s
[2025-08-24T10:21:18.060+0000][121][info ][safepoint   ] Safepoint "G1PauseCleanup", Time since last: 9837166 ns, Reaching safepoint: 203542 ns, Cleanup: 12042 ns, At safepoint: 228583 ns, Total: 444167 ns
[2025-08-24T10:21:18.060+0000][121][info ][gc,marking  ] GC(16) Concurrent Clear Claimed Marks
[2025-08-24T10:21:18.060+0000][121][info ][gc,marking  ] GC(16) Concurrent Clear Claimed Marks 0.284ms
[2025-08-24T10:21:18.060+0000][121][info ][gc,marking  ] GC(16) Concurrent Cleanup for Next Mark
[2025-08-24T10:21:18.065+0000][121][info ][gc,marking  ] GC(16) Concurrent Cleanup for Next Mark 4.807ms
[2025-08-24T10:21:18.065+0000][121][info ][gc          ] GC(16) Concurrent Mark Cycle 91.965ms
[2025-08-24T10:21:20.062+0000][121][info ][safepoint   ] Safepoint "Cleanup", Time since last: 2001803459 ns, Reaching safepoint: 68583 ns, Cleanup: 34625 ns, At safepoint: 14500 ns, Total: 117708 ns
[2025-08-24T10:21:22.065+0000][121][info ][safepoint   ] Safepoint "Cleanup", Time since last: 2002565710 ns, Reaching safepoint: 116000 ns, Cleanup: 39583 ns, At safepoint: 19417 ns, Total: 175000 ns
[2025-08-24T10:21:23.066+0000][121][info ][safepoint   ] Safepoint "Cleanup", Time since last: 1001320375 ns, Reaching safepoint: 100250 ns, Cleanup: 59917 ns, At safepoint: 14542 ns, Total: 174709 ns
[2025-08-24T10:21:24.067+0000][121][info ][safepoint   ] Safepoint "Cleanup", Time since last: 1000675833 ns, Reaching safepoint: 168292 ns, Cleanup: 136708 ns, At safepoint: 40584 ns, Total: 345584 ns
[2025-08-24T10:21:26.070+0000][121][info ][safepoint   ] Safepoint "Cleanup", Time since last: 2002756751 ns, Reaching safepoint: 81000 ns, Cleanup: 50416 ns, At safepoint: 14334 ns, Total: 145750 ns
[2025-08-24T10:21:27.072+0000][121][info ][safepoint   ] Safepoint "Cleanup", Time since last: 1001308375 ns, Reaching safepoint: 85042 ns, Cleanup: 132375 ns, At safepoint: 57750 ns, Total: 275167 ns
[2025-08-24T10:21:28.074+0000][121][info ][safepoint   ] Safepoint "Cleanup", Time since last: 1002150042 ns, Reaching safepoint: 79750 ns, Cleanup: 47666 ns, At safepoint: 26834 ns, Total: 154250 ns
[2025-08-24T10:21:29.908+0000][121][info ][safepoint   ] Safepoint "Cleanup", Time since last: 1833844667 ns, Reaching safepoint: 4750 ns, Cleanup: 42625 ns, At safepoint: 5917 ns, Total: 53292 ns
[2025-08-24T10:21:30.935+0000][121][info ][safepoint   ] Safepoint "Cleanup", Time since last: 1027122250 ns, Reaching safepoint: 22042 ns, Cleanup: 245708 ns, At safepoint: 17084 ns, Total: 284834 ns
[2025-08-24T10:21:32.064+0000][121][info ][safepoint   ] Safepoint "Cleanup", Time since last: 1128544084 ns, Reaching safepoint: 19250 ns, Cleanup: 69666 ns, At safepoint: 18625 ns, Total: 107541 ns
[2025-08-24T10:21:33.065+0000][121][info ][safepoint   ] Safepoint "Cleanup", Time since last: 1001337084 ns, Reaching safepoint: 44583 ns, Cleanup: 95834 ns, At safepoint: 15958 ns, Total: 156375 ns
[2025-08-24T10:21:36.069+0000][121][info ][safepoint   ] Safepoint "Cleanup", Time since last: 3003652460 ns, Reaching safepoint: 39958 ns, Cleanup: 33500 ns, At safepoint: 13708 ns, Total: 87166 ns
[2025-08-24T10:21:37.071+0000][121][info ][safepoint   ] Safepoint "Cleanup", Time since last: 1001787251 ns, Reaching safepoint: 47917 ns, Cleanup: 69333 ns, At safepoint: 22208 ns, Total: 139458 ns
[2025-08-24T10:21:39.073+0000][121][info ][safepoint   ] Safepoint "Cleanup", Time since last: 2001845543 ns, Reaching safepoint: 150542 ns, Cleanup: 77458 ns, At safepoint: 22083 ns, Total: 250083 ns
[2025-08-24T10:21:40.075+0000][121][info ][safepoint   ] Safepoint "Cleanup", Time since last: 1001538876 ns, Reaching safepoint: 9708 ns, Cleanup: 13875 ns, At safepoint: 3417 ns, Total: 27000 ns
[2025-08-24T10:21:42.077+0000][121][info ][safepoint   ] Safepoint "Cleanup", Time since last: 2002331334 ns, Reaching safepoint: 65292 ns, Cleanup: 87708 ns, At safepoint: 18125 ns, Total: 171125 ns
[2025-08-24T10:21:43.078+0000][121][info ][safepoint   ] Safepoint "Cleanup", Time since last: 1000696000 ns, Reaching safepoint: 90042 ns, Cleanup: 44208 ns, At safepoint: 17625 ns, Total: 151875 ns
[2025-08-24T10:21:45.080+0000][121][info ][safepoint   ] Safepoint "Cleanup", Time since last: 2002418251 ns, Reaching safepoint: 60709 ns, Cleanup: 52625 ns, At safepoint: 15625 ns, Total: 128959 ns
[2025-08-24T10:21:46.082+0000][121][info ][safepoint   ] Safepoint "Cleanup", Time since last: 1001307625 ns, Reaching safepoint: 50792 ns, Cleanup: 34917 ns, At safepoint: 16250 ns, Total: 101959 ns
[2025-08-24T10:21:47.083+0000][121][info ][safepoint   ] Safepoint "Cleanup", Time since last: 1000839542 ns, Reaching safepoint: 74625 ns, Cleanup: 45041 ns, At safepoint: 25667 ns, Total: 145333 ns
[2025-08-24T10:21:48.084+0000][121][info ][safepoint   ] Safepoint "Cleanup", Time since last: 1000922334 ns, Reaching safepoint: 86792 ns, Cleanup: 70958 ns, At safepoint: 17667 ns, Total: 175417 ns
[2025-08-24T10:21:50.088+0000][121][info ][safepoint   ] Safepoint "Cleanup", Time since last: 2004159001 ns, Reaching safepoint: 43083 ns, Cleanup: 43583 ns, At safepoint: 10625 ns, Total: 97291 ns
[2025-08-24T10:21:52.058+0000][121][info ][safepoint   ] Safepoint "Cleanup", Time since last: 1969710668 ns, Reaching safepoint: 64458 ns, Cleanup: 54750 ns, At safepoint: 35250 ns, Total: 154458 ns
[2025-08-24T10:21:54.061+0000][121][info ][safepoint   ] Safepoint "Cleanup", Time since last: 2002610584 ns, Reaching safepoint: 184000 ns, Cleanup: 52625 ns, At safepoint: 32084 ns, Total: 268709 ns
[2025-08-24T10:21:56.064+0000][121][info ][safepoint   ] Safepoint "Cleanup", Time since last: 2003354042 ns, Reaching safepoint: 23792 ns, Cleanup: 13917 ns, At safepoint: 13000 ns, Total: 50709 ns
[2025-08-24T10:21:57.066+0000][121][info ][safepoint   ] Safepoint "Cleanup", Time since last: 1001412750 ns, Reaching safepoint: 67250 ns, Cleanup: 60416 ns, At safepoint: 37000 ns, Total: 164666 ns
[2025-08-24T10:21:58.067+0000][121][info ][safepoint   ] Safepoint "Cleanup", Time since last: 1000751626 ns, Reaching safepoint: 77500 ns, Cleanup: 65208 ns, At safepoint: 29750 ns, Total: 172458 ns
[2025-08-24T10:21:59.069+0000][121][info ][safepoint   ] Safepoint "Cleanup", Time since last: 1002205542 ns, Reaching safepoint: 77542 ns, Cleanup: 120875 ns, At safepoint: 26166 ns, Total: 224583 ns
[2025-08-24T10:22:00.071+0000][121][info ][safepoint   ] Safepoint "Cleanup", Time since last: 1001367084 ns, Reaching safepoint: 54917 ns, Cleanup: 38583 ns, At safepoint: 11709 ns, Total: 105209 ns
[2025-08-24T10:22:01.072+0000][121][info ][safepoint   ] Safepoint "Cleanup", Time since last: 1001396375 ns, Reaching safepoint: 89250 ns, Cleanup: 81375 ns, At safepoint: 23000 ns, Total: 193625 ns
[2025-08-24T10:22:02.074+0000][121][info ][safepoint   ] Safepoint "Cleanup", Time since last: 1001341334 ns, Reaching safepoint: 74208 ns, Cleanup: 77500 ns, At safepoint: 19834 ns, Total: 171542 ns
[2025-08-24T10:22:03.076+0000][121][info ][safepoint   ] Safepoint "Cleanup", Time since last: 1001541083 ns, Reaching safepoint: 72084 ns, Cleanup: 219500 ns, At safepoint: 22916 ns, Total: 314500 ns
[2025-08-24T10:22:06.079+0000][121][info ][safepoint   ] Safepoint "Cleanup", Time since last: 3002877835 ns, Reaching safepoint: 73458 ns, Cleanup: 85292 ns, At safepoint: 18583 ns, Total: 177333 ns
[2025-08-24T10:22:07.080+0000][121][info ][safepoint   ] Safepoint "Cleanup", Time since last: 1001321501 ns, Reaching safepoint: 150750 ns, Cleanup: 199708 ns, At safepoint: 27584 ns, Total: 378042 ns
[2025-08-24T10:22:10.086+0000][121][info ][safepoint   ] Safepoint "Cleanup", Time since last: 3004968543 ns, Reaching safepoint: 189750 ns, Cleanup: 36791 ns, At safepoint: 19000 ns, Total: 245541 ns
[2025-08-24T10:22:11.087+0000][121][info ][safepoint   ] Safepoint "Cleanup", Time since last: 1001602459 ns, Reaching safepoint: 46000 ns, Cleanup: 45292 ns, At safepoint: 10000 ns, Total: 101292 ns
[2025-08-24T10:22:12.089+0000][121][info ][safepoint   ] Safepoint "Cleanup", Time since last: 1001961750 ns, Reaching safepoint: 49959 ns, Cleanup: 46958 ns, At safepoint: 18292 ns, Total: 115209 ns
[2025-08-24T10:22:15.093+0000][121][info ][safepoint   ] Safepoint "Cleanup", Time since last: 3003456293 ns, Reaching safepoint: 40708 ns, Cleanup: 33792 ns, At safepoint: 13125 ns, Total: 87625 ns
[2025-08-24T10:22:17.096+0000][121][info ][safepoint   ] Safepoint "Cleanup", Time since last: 2002728001 ns, Reaching safepoint: 73750 ns, Cleanup: 104791 ns, At safepoint: 23000 ns, Total: 201541 ns
[2025-08-24T10:22:18.097+0000][121][info ][safepoint   ] Safepoint "Cleanup", Time since last: 1000965543 ns, Reaching safepoint: 42208 ns, Cleanup: 97292 ns, At safepoint: 16416 ns, Total: 155916 ns
[2025-08-24T10:22:20.100+0000][121][info ][safepoint   ] Safepoint "Cleanup", Time since last: 2002557126 ns, Reaching safepoint: 93375 ns, Cleanup: 93417 ns, At safepoint: 30083 ns, Total: 216875 ns
[2025-08-24T10:22:21.101+0000][121][info ][safepoint   ] Safepoint "Cleanup", Time since last: 1001530917 ns, Reaching safepoint: 69334 ns, Cleanup: 70541 ns, At safepoint: 45417 ns, Total: 185292 ns
[2025-08-24T10:22:22.103+0000][121][info ][safepoint   ] Safepoint "Cleanup", Time since last: 1001089542 ns, Reaching safepoint: 47917 ns, Cleanup: 48708 ns, At safepoint: 20583 ns, Total: 117208 ns
[2025-08-24T10:22:23.105+0000][121][info ][safepoint   ] Safepoint "Cleanup", Time since last: 1001017126 ns, Reaching safepoint: 1005667 ns, Cleanup: 45125 ns, At safepoint: 38583 ns, Total: 1089375 ns
[2025-08-24T10:22:24.106+0000][121][info ][safepoint   ] Safepoint "Cleanup", Time since last: 1000840250 ns, Reaching safepoint: 77417 ns, Cleanup: 36417 ns, At safepoint: 21541 ns, Total: 135375 ns
[2025-08-24T10:22:27.109+0000][121][info ][safepoint   ] Safepoint "Cleanup", Time since last: 3002756252 ns, Reaching safepoint: 47500 ns, Cleanup: 40333 ns, At safepoint: 14958 ns, Total: 102791 ns
[2025-08-24T10:22:28.110+0000][121][info ][safepoint   ] Safepoint "Cleanup", Time since last: 1001426542 ns, Reaching safepoint: 66959 ns, Cleanup: 30958 ns, At safepoint: 18583 ns, Total: 116500 ns
[2025-08-24T10:22:30.113+0000][121][info ][safepoint   ] Safepoint "Cleanup", Time since last: 2002867335 ns, Reaching safepoint: 57416 ns, Cleanup: 149250 ns, At safepoint: 17834 ns, Total: 224500 ns
[2025-08-24T10:22:31.115+0000][121][info ][safepoint   ] Safepoint "Cleanup", Time since last: 1001420958 ns, Reaching safepoint: 48000 ns, Cleanup: 41875 ns, At safepoint: 14875 ns, Total: 104750 ns
[2025-08-24T10:22:32.116+0000][121][info ][safepoint   ] Safepoint "Cleanup", Time since last: 1000753543 ns, Reaching safepoint: 33750 ns, Cleanup: 45708 ns, At safepoint: 10458 ns, Total: 89916 ns
[2025-08-24T10:22:33.240+0000][121][info ][safepoint   ] Safepoint "Cleanup", Time since last: 1124503501 ns, Reaching safepoint: 6458 ns, Cleanup: 122000 ns, At safepoint: 9875 ns, Total: 138333 ns
[2025-08-24T10:22:34.277+0000][121][info ][safepoint   ] Safepoint "Cleanup", Time since last: 1036678917 ns, Reaching safepoint: 16084 ns, Cleanup: 54083 ns, At safepoint: 13500 ns, Total: 83667 ns
[2025-08-24T10:22:36.280+0000][121][info ][safepoint   ] Safepoint "Cleanup", Time since last: 2002631501 ns, Reaching safepoint: 70333 ns, Cleanup: 47500 ns, At safepoint: 20959 ns, Total: 138792 ns
[2025-08-24T10:22:37.281+0000][121][info ][safepoint   ] Safepoint "Cleanup", Time since last: 1001087833 ns, Reaching safepoint: 45417 ns, Cleanup: 31458 ns, At safepoint: 15125 ns, Total: 92000 ns
[2025-08-24T10:22:38.282+0000][121][info ][safepoint   ] Safepoint "Cleanup", Time since last: 1000597334 ns, Reaching safepoint: 46959 ns, Cleanup: 35375 ns, At safepoint: 14750 ns, Total: 97084 ns
[2025-08-24T10:22:39.283+0000][121][info ][safepoint   ] Safepoint "Cleanup", Time since last: 1001325542 ns, Reaching safepoint: 80333 ns, Cleanup: 27375 ns, At safepoint: 16250 ns, Total: 123958 ns
[2025-08-24T10:22:40.285+0000][121][info ][safepoint   ] Safepoint "Cleanup", Time since last: 1001705292 ns, Reaching safepoint: 68833 ns, Cleanup: 34209 ns, At safepoint: 20166 ns, Total: 123208 ns
[2025-08-24T10:22:42.288+0000][121][info ][safepoint   ] Safepoint "Cleanup", Time since last: 2002718376 ns, Reaching safepoint: 107917 ns, Cleanup: 61208 ns, At safepoint: 46792 ns, Total: 215917 ns
[2025-08-24T10:22:43.290+0000][121][info ][safepoint   ] Safepoint "Cleanup", Time since last: 1002013709 ns, Reaching safepoint: 56500 ns, Cleanup: 33500 ns, At safepoint: 15083 ns, Total: 105083 ns
[2025-08-24T10:22:48.296+0000][121][info ][safepoint   ] Safepoint "Cleanup", Time since last: 5005579794 ns, Reaching safepoint: 85792 ns, Cleanup: 39375 ns, At safepoint: 14500 ns, Total: 139667 ns
[2025-08-24T10:22:51.280+0000][121][info ][safepoint   ] Safepoint "Cleanup", Time since last: 2984514960 ns, Reaching safepoint: 20125 ns, Cleanup: 43291 ns, At safepoint: 9792 ns, Total: 73208 ns
[2025-08-24T10:22:52.282+0000][121][info ][safepoint   ] Safepoint "Cleanup", Time since last: 1001288792 ns, Reaching safepoint: 54000 ns, Cleanup: 22500 ns, At safepoint: 16000 ns, Total: 92500 ns
[2025-08-24T10:22:53.283+0000][121][info ][safepoint   ] Safepoint "Cleanup", Time since last: 1000977459 ns, Reaching safepoint: 216375 ns, Cleanup: 41167 ns, At safepoint: 55166 ns, Total: 312708 ns
[2025-08-24T10:22:54.285+0000][121][info ][safepoint   ] Safepoint "Cleanup", Time since last: 1001588543 ns, Reaching safepoint: 54333 ns, Cleanup: 28583 ns, At safepoint: 18792 ns, Total: 101708 ns
[2025-08-24T10:23:00.296+0000][121][info ][safepoint   ] Safepoint "Cleanup", Time since last: 6012062752 ns, Reaching safepoint: 73375 ns, Cleanup: 45083 ns, At safepoint: 14875 ns, Total: 133333 ns
[2025-08-24T10:23:01.298+0000][121][info ][safepoint   ] Safepoint "Cleanup", Time since last: 1001870084 ns, Reaching safepoint: 50375 ns, Cleanup: 43542 ns, At safepoint: 25292 ns, Total: 119209 ns
[2025-08-24T10:23:02.300+0000][121][info ][safepoint   ] Safepoint "Cleanup", Time since last: 1001137167 ns, Reaching safepoint: 10750 ns, Cleanup: 60541 ns, At safepoint: 7542 ns, Total: 78833 ns
[2025-08-24T10:23:03.301+0000][121][info ][safepoint   ] Safepoint "Cleanup", Time since last: 1001409834 ns, Reaching safepoint: 44583 ns, Cleanup: 17000 ns, At safepoint: 10042 ns, Total: 71625 ns
[2025-08-24T10:23:06.304+0000][121][info ][safepoint   ] Safepoint "Cleanup", Time since last: 3002965668 ns, Reaching safepoint: 20000 ns, Cleanup: 64542 ns, At safepoint: 23500 ns, Total: 108042 ns
[2025-08-24T10:23:07.305+0000][121][info ][safepoint   ] Safepoint "Cleanup", Time since last: 1001004792 ns, Reaching safepoint: 81583 ns, Cleanup: 48500 ns, At safepoint: 15958 ns, Total: 146041 ns
[2025-08-24T10:23:09.307+0000][121][info ][safepoint   ] Safepoint "Cleanup", Time since last: 2001819960 ns, Reaching safepoint: 92416 ns, Cleanup: 39625 ns, At safepoint: 15542 ns, Total: 147583 ns
[2025-08-24T10:23:10.308+0000][121][info ][safepoint   ] Safepoint "Cleanup", Time since last: 1000818709 ns, Reaching safepoint: 152791 ns, Cleanup: 63125 ns, At safepoint: 26292 ns, Total: 242208 ns
[2025-08-24T10:23:11.309+0000][121][info ][safepoint   ] Safepoint "Cleanup", Time since last: 1000704667 ns, Reaching safepoint: 18667 ns, Cleanup: 23833 ns, At safepoint: 17417 ns, Total: 59917 ns
[2025-08-24T10:23:14.926+0000][121][info ][safepoint   ] Safepoint "Cleanup", Time since last: 3617255168 ns, Reaching safepoint: 5709 ns, Cleanup: 87250 ns, At safepoint: 13000 ns, Total: 105959 ns
[2025-08-24T10:23:16.414+0000][121][info ][safepoint   ] Safepoint "Cleanup", Time since last: 1486566625 ns, Reaching safepoint: 79709 ns, Cleanup: 720458 ns, At safepoint: 35000 ns, Total: 835167 ns
[2025-08-24T10:23:17.480+0000][121][info ][safepoint   ] Safepoint "Cleanup", Time since last: 1066163501 ns, Reaching safepoint: 74333 ns, Cleanup: 36542 ns, At safepoint: 25750 ns, Total: 136625 ns
[2025-08-24T10:23:18.481+0000][121][info ][safepoint   ] Safepoint "Cleanup", Time since last: 1001050042 ns, Reaching safepoint: 65583 ns, Cleanup: 120375 ns, At safepoint: 27000 ns, Total: 212958 ns
[2025-08-24T10:23:20.483+0000][121][info ][safepoint   ] Safepoint "Cleanup", Time since last: 2001840626 ns, Reaching safepoint: 75250 ns, Cleanup: 48875 ns, At safepoint: 29417 ns, Total: 153542 ns
[2025-08-24T10:23:21.485+0000][121][info ][safepoint   ] Safepoint "Cleanup", Time since last: 1001016583 ns, Reaching safepoint: 61042 ns, Cleanup: 64625 ns, At safepoint: 45000 ns, Total: 170667 ns
[2025-08-24T10:23:23.487+0000][121][info ][safepoint   ] Safepoint "Cleanup", Time since last: 2002555626 ns, Reaching safepoint: 54542 ns, Cleanup: 46208 ns, At safepoint: 15083 ns, Total: 115833 ns
[2025-08-24T10:23:24.490+0000][121][info ][safepoint   ] Safepoint "Cleanup", Time since last: 1002263584 ns, Reaching safepoint: 92125 ns, Cleanup: 78667 ns, At safepoint: 17500 ns, Total: 188292 ns
[2025-08-24T10:23:27.494+0000][121][info ][safepoint   ] Safepoint "Cleanup", Time since last: 3003766125 ns, Reaching safepoint: 87750 ns, Cleanup: 155042 ns, At safepoint: 36667 ns, Total: 279459 ns
[2025-08-24T10:23:28.496+0000][121][info ][safepoint   ] Safepoint "Cleanup", Time since last: 1001572584 ns, Reaching safepoint: 37583 ns, Cleanup: 26750 ns, At safepoint: 12292 ns, Total: 76625 ns
[2025-08-24T10:23:30.498+0000][121][info ][safepoint   ] Safepoint "Cleanup", Time since last: 2001619500 ns, Reaching safepoint: 71792 ns, Cleanup: 93208 ns, At safepoint: 25167 ns, Total: 190167 ns
[2025-08-24T10:23:31.499+0000][121][info ][safepoint   ] Safepoint "Cleanup", Time since last: 1001334334 ns, Reaching safepoint: 77375 ns, Cleanup: 207583 ns, At safepoint: 23542 ns, Total: 308500 ns
[2025-08-24T10:23:32.501+0000][121][info ][safepoint   ] Safepoint "Cleanup", Time since last: 1001746292 ns, Reaching safepoint: 36708 ns, Cleanup: 19584 ns, At safepoint: 22583 ns, Total: 78875 ns
[2025-08-24T10:23:33.503+0000][121][info ][safepoint   ] Safepoint "Cleanup", Time since last: 1001631917 ns, Reaching safepoint: 201584 ns, Cleanup: 101291 ns, At safepoint: 38042 ns, Total: 340917 ns
[2025-08-24T10:23:35.946+0000][121][info ][safepoint   ] Safepoint "Cleanup", Time since last: 2442704418 ns, Reaching safepoint: 4166 ns, Cleanup: 31375 ns, At safepoint: 5375 ns, Total: 40916 ns
[2025-08-24T10:23:36.580+0000][121][info ][safepoint   ] Safepoint "ICBufferFull", Time since last: 633895334 ns, Reaching safepoint: 7333 ns, Cleanup: 96292 ns, At safepoint: 7500 ns, Total: 111125 ns
[2025-08-24T10:23:36.607+0000][121][info ][safepoint   ] Safepoint "ICBufferFull", Time since last: 27370125 ns, Reaching safepoint: 4875 ns, Cleanup: 117792 ns, At safepoint: 2333 ns, Total: 125000 ns
[2025-08-24T10:23:38.583+0000][121][info ][safepoint   ] Safepoint "Cleanup", Time since last: 1975297793 ns, Reaching safepoint: 67083 ns, Cleanup: 120458 ns, At safepoint: 21667 ns, Total: 209208 ns
[2025-08-24T10:23:39.584+0000][121][info ][safepoint   ] Safepoint "Cleanup", Time since last: 1000778792 ns, Reaching safepoint: 116333 ns, Cleanup: 76709 ns, At safepoint: 31750 ns, Total: 224792 ns
[2025-08-24T10:23:40.586+0000][121][info ][safepoint   ] Safepoint "Cleanup", Time since last: 1002170417 ns, Reaching safepoint: 106958 ns, Cleanup: 55084 ns, At safepoint: 24583 ns, Total: 186625 ns
[2025-08-24T10:23:41.588+0000][121][info ][safepoint   ] Safepoint "Cleanup", Time since last: 1001341834 ns, Reaching safepoint: 211166 ns, Cleanup: 111584 ns, At safepoint: 19750 ns, Total: 342500 ns
[2025-08-24T10:23:43.590+0000][121][info ][safepoint   ] Safepoint "Cleanup", Time since last: 2001844417 ns, Reaching safepoint: 41000 ns, Cleanup: 57125 ns, At safepoint: 28167 ns, Total: 126292 ns
[2025-08-24T10:23:45.593+0000][121][info ][safepoint   ] Safepoint "Cleanup", Time since last: 2002906543 ns, Reaching safepoint: 99375 ns, Cleanup: 68041 ns, At safepoint: 22500 ns, Total: 189916 ns
[2025-08-24T10:23:46.674+0000][121][info ][safepoint   ] Safepoint "Cleanup", Time since last: 1080662751 ns, Reaching safepoint: 48875 ns, Cleanup: 132458 ns, At safepoint: 17167 ns, Total: 198500 ns
[2025-08-24T10:23:47.675+0000][121][info ][safepoint   ] Safepoint "Cleanup", Time since last: 1000831459 ns, Reaching safepoint: 19000 ns, Cleanup: 47625 ns, At safepoint: 15125 ns, Total: 81750 ns
[2025-08-24T10:23:48.830+0000][121][info ][safepoint   ] Safepoint "Cleanup", Time since last: 1155476125 ns, Reaching safepoint: 18417 ns, Cleanup: 181292 ns, At safepoint: 22375 ns, Total: 222084 ns
[2025-08-24T10:23:49.732+0000][121][info ][gc,heap,exit] Heap
[2025-08-24T10:23:49.733+0000][121][info ][gc,heap,exit]  garbage-first heap   total reserved 1048576K, committed 1048576K, used 373359K [0x00000000c0000000, 0x0000000100000000)
[2025-08-24T10:23:49.733+0000][121][info ][gc,heap,exit]   region size 4096K, 76 young (311296K), 14 survivors (57344K)
[2025-08-24T10:23:49.733+0000][121][info ][gc,heap,exit]  Metaspace       used 151099K, committed 155456K, reserved 1245184K
[2025-08-24T10:23:49.733+0000][121][info ][gc,heap,exit]   class space    used 21135K, committed 23104K, reserved 1048576K
