[2025-08-24T16:26:59.023+0000][175][info][gc,init] CardTable entry size: 512
[2025-08-24T16:26:59.029+0000][175][info][gc     ] Using G1
[2025-08-24T16:26:59.732+0000][175][info][gc,init] Version: 22.0.1+8-16 (release)
[2025-08-24T16:26:59.732+0000][175][info][gc,init] CPUs: 8 total, 8 available
[2025-08-24T16:26:59.732+0000][175][info][gc,init] Memory: 7837M
[2025-08-24T16:26:59.733+0000][175][info][gc,init] Large Page Support: Disabled
[2025-08-24T16:26:59.733+0000][175][info][gc,init] NUMA Support: Disabled
[2025-08-24T16:26:59.733+0000][175][info][gc,init] Compressed Oops: Enabled (32-bit)
[2025-08-24T16:26:59.733+0000][175][info][gc,init] Heap Region Size: 4M
[2025-08-24T16:26:59.733+0000][175][info][gc,init] Heap Min Capacity: 1G
[2025-08-24T16:26:59.733+0000][175][info][gc,init] Heap Initial Capacity: 1G
[2025-08-24T16:26:59.733+0000][175][info][gc,init] Heap Max Capacity: 1G
[2025-08-24T16:26:59.733+0000][175][info][gc,init] Pre-touch: Enabled
[2025-08-24T16:26:59.733+0000][175][info][gc,init] Parallel Workers: 8
[2025-08-24T16:26:59.733+0000][175][info][gc,init] Concurrent Workers: 2
[2025-08-24T16:26:59.733+0000][175][info][gc,init] Concurrent Refinement Workers: 8
[2025-08-24T16:26:59.733+0000][175][info][gc,init] Periodic GC: Disabled
[2025-08-24T16:26:59.758+0000][175][info][gc,metaspace] CDS archive(s) mapped at: [0x000000f800000000-0x000000f800c80000-0x000000f800c80000), size 13107200, SharedBaseAddress: 0x000000f800000000, ArchiveRelocationMode: 1.
[2025-08-24T16:26:59.758+0000][175][info][gc,metaspace] Compressed class space mapped at: 0x000000f801000000-0x000000f841000000, reserved size: 1073741824
[2025-08-24T16:26:59.758+0000][175][info][gc,metaspace] Narrow klass base: 0x000000f800000000, Narrow klass shift: 0, Narrow klass range: 0x100000000
[2025-08-24T16:26:59.891+0000][175][info][safepoint   ] Safepoint "ICBufferFull", Time since last: 129812792 ns, Reaching safepoint: 3042 ns, Cleanup: 106541 ns, At safepoint: 6000 ns, Total: 115583 ns
[2025-08-24T16:26:59.985+0000][175][info][safepoint   ] Safepoint "ICBufferFull", Time since last: 93306834 ns, Reaching safepoint: 669458 ns, Cleanup: 67500 ns, At safepoint: 7250 ns, Total: 744208 ns
[2025-08-24T16:27:00.081+0000][175][info][safepoint   ] Safepoint "ICBufferFull", Time since last: 95451875 ns, Reaching safepoint: 488125 ns, Cleanup: 66292 ns, At safepoint: 11458 ns, Total: 565875 ns
[2025-08-24T16:27:00.169+0000][175][info][safepoint   ] Safepoint "ICBufferFull", Time since last: 87520959 ns, Reaching safepoint: 1791 ns, Cleanup: 88500 ns, At safepoint: 5584 ns, Total: 95875 ns
[2025-08-24T16:27:00.178+0000][175][info][gc,start    ] GC(0) Pause Young (Normal) (G1 Evacuation Pause)
[2025-08-24T16:27:00.178+0000][175][info][gc,task     ] GC(0) Using 8 workers of 8 for evacuation
[2025-08-24T16:27:00.178+0000][175][debug][gc,age      ] GC(0) Desired survivor size 4194304 bytes, new threshold 15 (max threshold 15)
[2025-08-24T16:27:00.181+0000][175][info ][gc,phases   ] GC(0)   Pre Evacuate Collection Set: 0.12ms
[2025-08-24T16:27:00.181+0000][175][info ][gc,phases   ] GC(0)   Merge Heap Roots: 0.07ms
[2025-08-24T16:27:00.181+0000][175][info ][gc,phases   ] GC(0)   Evacuate Collection Set: 1.42ms
[2025-08-24T16:27:00.181+0000][175][info ][gc,phases   ] GC(0)   Post Evacuate Collection Set: 0.33ms
[2025-08-24T16:27:00.181+0000][175][info ][gc,phases   ] GC(0)   Other: 0.38ms
[2025-08-24T16:27:00.181+0000][175][trace][gc,age      ] GC(0) Age table with threshold 15 (max threshold 15)
[2025-08-24T16:27:00.181+0000][175][trace][gc,age      ] GC(0) - age   1:    4693088 bytes,    4693088 total
[2025-08-24T16:27:00.181+0000][175][info ][gc,heap     ] GC(0) Eden regions: 12->0(22)
[2025-08-24T16:27:00.181+0000][175][info ][gc,heap     ] GC(0) Survivor regions: 0->2(2)
[2025-08-24T16:27:00.181+0000][175][info ][gc,heap     ] GC(0) Old regions: 1->1
[2025-08-24T16:27:00.181+0000][175][info ][gc,heap     ] GC(0) Humongous regions: 0->0
[2025-08-24T16:27:00.181+0000][175][info ][gc,metaspace] GC(0) Metaspace: 7275K(7488K)->7275K(7488K) NonClass: 6408K(6528K)->6408K(6528K) Class: 866K(960K)->866K(960K)
[2025-08-24T16:27:00.181+0000][175][info ][gc          ] GC(0) Pause Young (Normal) (G1 Evacuation Pause) 49M->5M(1024M) 2.893ms
[2025-08-24T16:27:00.181+0000][175][info ][gc,cpu      ] GC(0) User=0.01s Sys=0.00s Real=0.00s
[2025-08-24T16:27:00.181+0000][175][info ][safepoint   ] Safepoint "G1CollectForAllocation", Time since last: 9687458 ns, Reaching safepoint: 1625 ns, Cleanup: 9292 ns, At safepoint: 2968041 ns, Total: 2978958 ns
[2025-08-24T16:27:00.246+0000][175][info ][safepoint   ] Safepoint "ICBufferFull", Time since last: 64487500 ns, Reaching safepoint: 162209 ns, Cleanup: 75791 ns, At safepoint: 11625 ns, Total: 249625 ns
[2025-08-24T16:27:00.293+0000][175][info ][safepoint   ] Safepoint "ICBufferFull", Time since last: 46838792 ns, Reaching safepoint: 1792 ns, Cleanup: 71000 ns, At safepoint: 4291 ns, Total: 77083 ns
[2025-08-24T16:27:00.420+0000][175][info ][safepoint   ] Safepoint "ICBufferFull", Time since last: 126121209 ns, Reaching safepoint: 854000 ns, Cleanup: 77125 ns, At safepoint: 7625 ns, Total: 938750 ns
[2025-08-24T16:27:00.918+0000][175][info ][safepoint   ] Safepoint "ICBufferFull", Time since last: 498183167 ns, Reaching safepoint: 1625 ns, Cleanup: 96750 ns, At safepoint: 3666 ns, Total: 102041 ns
[2025-08-24T16:27:00.949+0000][175][info ][safepoint   ] Safepoint "ICBufferFull", Time since last: 30439167 ns, Reaching safepoint: 191000 ns, Cleanup: 62208 ns, At safepoint: 9459 ns, Total: 262667 ns
[2025-08-24T16:27:01.089+0000][175][info ][safepoint   ] Safepoint "ICBufferFull", Time since last: 140172875 ns, Reaching safepoint: 2541 ns, Cleanup: 80292 ns, At safepoint: 4458 ns, Total: 87291 ns
[2025-08-24T16:27:01.205+0000][175][info ][gc,start    ] GC(1) Pause Young (Normal) (G1 Evacuation Pause)
[2025-08-24T16:27:01.205+0000][175][info ][gc,task     ] GC(1) Using 8 workers of 8 for evacuation
[2025-08-24T16:27:01.205+0000][175][debug][gc,age      ] GC(1) Desired survivor size 6291456 bytes, new threshold 15 (max threshold 15)
[2025-08-24T16:27:01.210+0000][175][info ][gc,phases   ] GC(1)   Pre Evacuate Collection Set: 0.13ms
[2025-08-24T16:27:01.210+0000][175][info ][gc,phases   ] GC(1)   Merge Heap Roots: 0.09ms
[2025-08-24T16:27:01.210+0000][175][info ][gc,phases   ] GC(1)   Evacuate Collection Set: 3.48ms
[2025-08-24T16:27:01.210+0000][175][info ][gc,phases   ] GC(1)   Post Evacuate Collection Set: 0.96ms
[2025-08-24T16:27:01.210+0000][175][info ][gc,phases   ] GC(1)   Other: 0.17ms
[2025-08-24T16:27:01.210+0000][175][trace][gc,age      ] GC(1) Age table with threshold 15 (max threshold 15)
[2025-08-24T16:27:01.210+0000][175][trace][gc,age      ] GC(1) - age   1:    4923848 bytes,    4923848 total
[2025-08-24T16:27:01.210+0000][175][trace][gc,age      ] GC(1) - age   2:    4602648 bytes,    9526496 total
[2025-08-24T16:27:01.210+0000][175][info ][gc,heap     ] GC(1) Eden regions: 22->0(42)
[2025-08-24T16:27:01.210+0000][175][info ][gc,heap     ] GC(1) Survivor regions: 2->3(3)
[2025-08-24T16:27:01.210+0000][175][info ][gc,heap     ] GC(1) Old regions: 1->1
[2025-08-24T16:27:01.211+0000][175][info ][gc,heap     ] GC(1) Humongous regions: 0->0
[2025-08-24T16:27:01.211+0000][175][info ][gc,metaspace] GC(1) Metaspace: 20214K(20864K)->20214K(20864K) NonClass: 17897K(18304K)->17897K(18304K) Class: 2317K(2560K)->2317K(2560K)
[2025-08-24T16:27:01.211+0000][175][info ][gc          ] GC(1) Pause Young (Normal) (G1 Evacuation Pause) 93M->10M(1024M) 5.537ms
[2025-08-24T16:27:01.211+0000][175][info ][gc,cpu      ] GC(1) User=0.02s Sys=0.00s Real=0.01s
[2025-08-24T16:27:01.211+0000][175][info ][safepoint   ] Safepoint "G1CollectForAllocation", Time since last: 115019042 ns, Reaching safepoint: 817125 ns, Cleanup: 79250 ns, At safepoint: 5653792 ns, Total: 6550167 ns
[2025-08-24T16:27:01.328+0000][175][info ][gc,start    ] GC(2) Pause Young (Concurrent Start) (Metadata GC Threshold)
[2025-08-24T16:27:01.328+0000][175][info ][gc,task     ] GC(2) Using 8 workers of 8 for evacuation
[2025-08-24T16:27:01.328+0000][175][debug][gc,age      ] GC(2) Desired survivor size 12582912 bytes, new threshold 15 (max threshold 15)
[2025-08-24T16:27:01.333+0000][175][info ][gc,phases   ] GC(2)   Pre Evacuate Collection Set: 0.11ms
[2025-08-24T16:27:01.333+0000][175][info ][gc,phases   ] GC(2)   Merge Heap Roots: 0.07ms
[2025-08-24T16:27:01.333+0000][175][info ][gc,phases   ] GC(2)   Evacuate Collection Set: 3.88ms
[2025-08-24T16:27:01.333+0000][175][info ][gc,phases   ] GC(2)   Post Evacuate Collection Set: 0.64ms
[2025-08-24T16:27:01.333+0000][175][info ][gc,phases   ] GC(2)   Other: 0.16ms
[2025-08-24T16:27:01.333+0000][175][trace][gc,age      ] GC(2) Age table with threshold 15 (max threshold 15)
[2025-08-24T16:27:01.333+0000][175][trace][gc,age      ] GC(2) - age   1:     431704 bytes,     431704 total
[2025-08-24T16:27:01.333+0000][175][trace][gc,age      ] GC(2) - age   2:    4062336 bytes,    4494040 total
[2025-08-24T16:27:01.333+0000][175][trace][gc,age      ] GC(2) - age   3:    4586920 bytes,    9080960 total
[2025-08-24T16:27:01.333+0000][175][info ][gc,heap     ] GC(2) Eden regions: 6->0(81)
[2025-08-24T16:27:01.333+0000][175][info ][gc,heap     ] GC(2) Survivor regions: 3->3(6)
[2025-08-24T16:27:01.333+0000][175][info ][gc,heap     ] GC(2) Old regions: 1->1
[2025-08-24T16:27:01.333+0000][175][info ][gc,heap     ] GC(2) Humongous regions: 0->0
[2025-08-24T16:27:01.333+0000][175][info ][gc,metaspace] GC(2) Metaspace: 20833K(21504K)->20833K(21504K) NonClass: 18420K(18816K)->18420K(18816K) Class: 2412K(2688K)->2412K(2688K)
[2025-08-24T16:27:01.333+0000][175][info ][gc          ] GC(2) Pause Young (Concurrent Start) (Metadata GC Threshold) 32M->10M(1024M) 5.339ms
[2025-08-24T16:27:01.333+0000][175][info ][gc,cpu      ] GC(2) User=0.02s Sys=0.00s Real=0.00s
[2025-08-24T16:27:01.333+0000][175][info ][gc          ] GC(3) Concurrent Mark Cycle
[2025-08-24T16:27:01.333+0000][175][info ][gc,marking  ] GC(3) Concurrent Scan Root Regions
[2025-08-24T16:27:01.333+0000][175][info ][safepoint   ] Safepoint "CollectForMetadataAllocation", Time since last: 116956958 ns, Reaching safepoint: 2250 ns, Cleanup: 50417 ns, At safepoint: 5524458 ns, Total: 5577125 ns
[2025-08-24T16:27:01.336+0000][175][info ][gc,marking  ] GC(3) Concurrent Scan Root Regions 2.170ms
[2025-08-24T16:27:01.336+0000][175][info ][gc,marking  ] GC(3) Concurrent Mark
[2025-08-24T16:27:01.336+0000][175][info ][gc,marking  ] GC(3) Concurrent Mark From Roots
[2025-08-24T16:27:01.336+0000][175][info ][gc,task     ] GC(3) Using 2 workers of 2 for marking
[2025-08-24T16:27:01.337+0000][175][info ][gc,marking  ] GC(3) Concurrent Mark From Roots 1.132ms
[2025-08-24T16:27:01.337+0000][175][info ][gc,marking  ] GC(3) Concurrent Preclean
[2025-08-24T16:27:01.337+0000][175][info ][gc,marking  ] GC(3) Concurrent Preclean 0.104ms
[2025-08-24T16:27:01.338+0000][175][info ][gc,start    ] GC(3) Pause Remark
[2025-08-24T16:27:01.340+0000][175][info ][gc          ] GC(3) Pause Remark 13M->13M(1024M) 1.650ms
[2025-08-24T16:27:01.340+0000][175][info ][gc,cpu      ] GC(3) User=0.01s Sys=0.00s Real=0.00s
[2025-08-24T16:27:01.340+0000][175][info ][safepoint   ] Safepoint "G1PauseRemark", Time since last: 4243250 ns, Reaching safepoint: 383667 ns, Cleanup: 9875 ns, At safepoint: 1723000 ns, Total: 2116542 ns
[2025-08-24T16:27:01.343+0000][175][info ][gc,marking  ] GC(3) Concurrent Mark 6.983ms
[2025-08-24T16:27:01.343+0000][175][info ][gc,marking  ] GC(3) Concurrent Rebuild Remembered Sets and Scrub Regions
[2025-08-24T16:27:01.343+0000][175][info ][gc,marking  ] GC(3) Concurrent Rebuild Remembered Sets and Scrub Regions 0.414ms
[2025-08-24T16:27:01.344+0000][175][info ][gc,start    ] GC(3) Pause Cleanup
[2025-08-24T16:27:01.344+0000][175][info ][gc          ] GC(3) Pause Cleanup 13M->13M(1024M) 0.116ms
[2025-08-24T16:27:01.344+0000][175][info ][gc,cpu      ] GC(3) User=0.00s Sys=0.00s Real=0.00s
[2025-08-24T16:27:01.344+0000][175][info ][safepoint   ] Safepoint "G1PauseCleanup", Time since last: 3890041 ns, Reaching safepoint: 379917 ns, Cleanup: 5833 ns, At safepoint: 199542 ns, Total: 585292 ns
[2025-08-24T16:27:01.345+0000][175][info ][gc,marking  ] GC(3) Concurrent Clear Claimed Marks
[2025-08-24T16:27:01.345+0000][175][info ][gc,marking  ] GC(3) Concurrent Clear Claimed Marks 0.171ms
[2025-08-24T16:27:01.345+0000][175][info ][gc,marking  ] GC(3) Concurrent Cleanup for Next Mark
[2025-08-24T16:27:01.346+0000][175][info ][gc,marking  ] GC(3) Concurrent Cleanup for Next Mark 0.598ms
[2025-08-24T16:27:01.346+0000][175][info ][gc          ] GC(3) Concurrent Mark Cycle 12.563ms
[2025-08-24T16:27:01.475+0000][175][info ][safepoint   ] Safepoint "ICBufferFull", Time since last: 130459084 ns, Reaching safepoint: 7125 ns, Cleanup: 134416 ns, At safepoint: 8500 ns, Total: 150041 ns
[2025-08-24T16:27:01.597+0000][175][info ][safepoint   ] Safepoint "ICBufferFull", Time since last: 122350375 ns, Reaching safepoint: 2334 ns, Cleanup: 72666 ns, At safepoint: 8584 ns, Total: 83584 ns
[2025-08-24T16:27:01.919+0000][175][info ][safepoint   ] Safepoint "ICBufferFull", Time since last: 322231833 ns, Reaching safepoint: 2708 ns, Cleanup: 95709 ns, At safepoint: 6291 ns, Total: 104708 ns
[2025-08-24T16:27:01.989+0000][175][info ][safepoint   ] Safepoint "ICBufferFull", Time since last: 68911834 ns, Reaching safepoint: 534583 ns, Cleanup: 73875 ns, At safepoint: 8250 ns, Total: 616708 ns
[2025-08-24T16:27:02.105+0000][175][info ][gc,start    ] GC(4) Pause Young (Prepare Mixed) (G1 Evacuation Pause)
[2025-08-24T16:27:02.105+0000][175][info ][gc,task     ] GC(4) Using 8 workers of 8 for evacuation
[2025-08-24T16:27:02.105+0000][175][debug][gc,age      ] GC(4) Desired survivor size 23068672 bytes, new threshold 15 (max threshold 15)
[2025-08-24T16:27:02.112+0000][175][info ][gc,phases   ] GC(4)   Pre Evacuate Collection Set: 0.14ms
[2025-08-24T16:27:02.112+0000][175][info ][gc,phases   ] GC(4)   Merge Heap Roots: 0.07ms
[2025-08-24T16:27:02.112+0000][175][info ][gc,phases   ] GC(4)   Evacuate Collection Set: 5.59ms
[2025-08-24T16:27:02.112+0000][175][info ][gc,phases   ] GC(4)   Post Evacuate Collection Set: 0.85ms
[2025-08-24T16:27:02.112+0000][175][info ][gc,phases   ] GC(4)   Other: 0.12ms
[2025-08-24T16:27:02.112+0000][175][trace][gc,age      ] GC(4) Age table with threshold 15 (max threshold 15)
[2025-08-24T16:27:02.112+0000][175][trace][gc,age      ] GC(4) - age   1:    6434896 bytes,    6434896 total
[2025-08-24T16:27:02.113+0000][175][trace][gc,age      ] GC(4) - age   2:     408960 bytes,    6843856 total
[2025-08-24T16:27:02.113+0000][175][trace][gc,age      ] GC(4) - age   3:    4029168 bytes,   10873024 total
[2025-08-24T16:27:02.113+0000][175][trace][gc,age      ] GC(4) - age   4:    4585696 bytes,   15458720 total
[2025-08-24T16:27:02.113+0000][175][info ][gc,heap     ] GC(4) Eden regions: 81->0(149)
[2025-08-24T16:27:02.113+0000][175][info ][gc,heap     ] GC(4) Survivor regions: 3->4(11)
[2025-08-24T16:27:02.113+0000][175][info ][gc,heap     ] GC(4) Old regions: 1->1
[2025-08-24T16:27:02.113+0000][175][info ][gc,heap     ] GC(4) Humongous regions: 0->0
[2025-08-24T16:27:02.113+0000][175][info ][gc,metaspace] GC(4) Metaspace: 29011K(29824K)->29011K(29824K) NonClass: 25665K(26112K)->25665K(26112K) Class: 3346K(3712K)->3346K(3712K)
[2025-08-24T16:27:02.113+0000][175][info ][gc          ] GC(4) Pause Young (Prepare Mixed) (G1 Evacuation Pause) 334M->16M(1024M) 7.470ms
[2025-08-24T16:27:02.113+0000][175][info ][gc,cpu      ] GC(4) User=0.04s Sys=0.00s Real=0.01s
[2025-08-24T16:27:02.113+0000][175][info ][safepoint   ] Safepoint "G1CollectForAllocation", Time since last: 116207833 ns, Reaching safepoint: 3042 ns, Cleanup: 88458 ns, At safepoint: 7615792 ns, Total: 7707292 ns
[2025-08-24T16:27:02.246+0000][175][info ][safepoint   ] Safepoint "ICBufferFull", Time since last: 133254417 ns, Reaching safepoint: 2542 ns, Cleanup: 188083 ns, At safepoint: 9625 ns, Total: 200250 ns
[2025-08-24T16:27:02.302+0000][175][info ][safepoint   ] Safepoint "ICBufferFull", Time since last: 55649208 ns, Reaching safepoint: 2584 ns, Cleanup: 80416 ns, At safepoint: 9292 ns, Total: 92292 ns
[2025-08-24T16:27:02.431+0000][175][info ][safepoint   ] Safepoint "ICBufferFull", Time since last: 128809458 ns, Reaching safepoint: 2584 ns, Cleanup: 69500 ns, At safepoint: 4291 ns, Total: 76375 ns
[2025-08-24T16:27:02.594+0000][175][info ][safepoint   ] Safepoint "ICBufferFull", Time since last: 163029125 ns, Reaching safepoint: 1584 ns, Cleanup: 61958 ns, At safepoint: 2000 ns, Total: 65542 ns
[2025-08-24T16:27:02.768+0000][175][info ][safepoint   ] Safepoint "ICBufferFull", Time since last: 173381500 ns, Reaching safepoint: 347875 ns, Cleanup: 111000 ns, At safepoint: 13458 ns, Total: 472333 ns
[2025-08-24T16:27:02.786+0000][175][info ][gc,start    ] GC(5) Pause Young (Mixed) (Metadata GC Threshold)
[2025-08-24T16:27:02.786+0000][175][info ][gc,task     ] GC(5) Using 8 workers of 8 for evacuation
[2025-08-24T16:27:02.786+0000][175][debug][gc,age      ] GC(5) Desired survivor size 41943040 bytes, new threshold 15 (max threshold 15)
[2025-08-24T16:27:02.797+0000][175][info ][gc,phases   ] GC(5)   Pre Evacuate Collection Set: 0.12ms
[2025-08-24T16:27:02.797+0000][175][info ][gc,phases   ] GC(5)   Merge Heap Roots: 0.04ms
[2025-08-24T16:27:02.797+0000][175][info ][gc,phases   ] GC(5)   Evacuate Collection Set: 9.05ms
[2025-08-24T16:27:02.797+0000][175][info ][gc,phases   ] GC(5)   Post Evacuate Collection Set: 1.39ms
[2025-08-24T16:27:02.797+0000][175][info ][gc,phases   ] GC(5)   Other: 0.15ms
[2025-08-24T16:27:02.798+0000][175][trace][gc,age      ] GC(5) Age table with threshold 15 (max threshold 15)
[2025-08-24T16:27:02.798+0000][175][trace][gc,age      ] GC(5) - age   1:    8164632 bytes,    8164632 total
[2025-08-24T16:27:02.798+0000][175][trace][gc,age      ] GC(5) - age   2:    5955432 bytes,   14120064 total
[2025-08-24T16:27:02.798+0000][175][trace][gc,age      ] GC(5) - age   3:     408840 bytes,   14528904 total
[2025-08-24T16:27:02.798+0000][175][trace][gc,age      ] GC(5) - age   4:    4027632 bytes,   18556536 total
[2025-08-24T16:27:02.798+0000][175][trace][gc,age      ] GC(5) - age   5:    4585568 bytes,   23142104 total
[2025-08-24T16:27:02.798+0000][175][info ][gc,heap     ] GC(5) Eden regions: 132->0(146)
[2025-08-24T16:27:02.798+0000][175][info ][gc,heap     ] GC(5) Survivor regions: 4->7(20)
[2025-08-24T16:27:02.798+0000][175][info ][gc,heap     ] GC(5) Old regions: 1->1
[2025-08-24T16:27:02.798+0000][175][info ][gc,heap     ] GC(5) Humongous regions: 0->0
[2025-08-24T16:27:02.798+0000][175][info ][gc,metaspace] GC(5) Metaspace: 35095K(35968K)->35095K(35968K) NonClass: 31056K(31552K)->31056K(31552K) Class: 4038K(4416K)->4038K(4416K)
[2025-08-24T16:27:02.798+0000][175][info ][gc          ] GC(5) Pause Young (Mixed) (Metadata GC Threshold) 542M->26M(1024M) 11.559ms
[2025-08-24T16:27:02.798+0000][175][info ][gc,cpu      ] GC(5) User=0.05s Sys=0.00s Real=0.02s
[2025-08-24T16:27:02.798+0000][175][info ][safepoint   ] Safepoint "CollectForMetadataAllocation", Time since last: 18410792 ns, Reaching safepoint: 2792 ns, Cleanup: 8333 ns, At safepoint: 11730667 ns, Total: 11741792 ns
[2025-08-24T16:27:02.804+0000][175][info ][gc,start    ] GC(6) Pause Young (Concurrent Start) (Metadata GC Threshold)
[2025-08-24T16:27:02.804+0000][175][info ][gc,task     ] GC(6) Using 8 workers of 8 for evacuation
[2025-08-24T16:27:02.804+0000][175][debug][gc,age      ] GC(6) Desired survivor size 41943040 bytes, new threshold 15 (max threshold 15)
[2025-08-24T16:27:02.811+0000][175][info ][gc,phases   ] GC(6)   Pre Evacuate Collection Set: 0.17ms
[2025-08-24T16:27:02.811+0000][175][info ][gc,phases   ] GC(6)   Merge Heap Roots: 0.02ms
[2025-08-24T16:27:02.811+0000][175][info ][gc,phases   ] GC(6)   Evacuate Collection Set: 5.76ms
[2025-08-24T16:27:02.811+0000][175][info ][gc,phases   ] GC(6)   Post Evacuate Collection Set: 0.61ms
[2025-08-24T16:27:02.811+0000][175][info ][gc,phases   ] GC(6)   Other: 0.14ms
[2025-08-24T16:27:02.811+0000][175][trace][gc,age      ] GC(6) Age table with threshold 15 (max threshold 15)
[2025-08-24T16:27:02.811+0000][175][trace][gc,age      ] GC(6) - age   1:      29768 bytes,      29768 total
[2025-08-24T16:27:02.811+0000][175][trace][gc,age      ] GC(6) - age   2:    8150880 bytes,    8180648 total
[2025-08-24T16:27:02.811+0000][175][trace][gc,age      ] GC(6) - age   3:    5955400 bytes,   14136048 total
[2025-08-24T16:27:02.811+0000][175][trace][gc,age      ] GC(6) - age   4:     408840 bytes,   14544888 total
[2025-08-24T16:27:02.811+0000][175][trace][gc,age      ] GC(6) - age   5:    4027632 bytes,   18572520 total
[2025-08-24T16:27:02.811+0000][175][trace][gc,age      ] GC(6) - age   6:    4585568 bytes,   23158088 total
[2025-08-24T16:27:02.811+0000][175][info ][gc,heap     ] GC(6) Eden regions: 1->0(146)
[2025-08-24T16:27:02.811+0000][175][info ][gc,heap     ] GC(6) Survivor regions: 7->7(20)
[2025-08-24T16:27:02.811+0000][175][info ][gc,heap     ] GC(6) Old regions: 1->1
[2025-08-24T16:27:02.811+0000][175][info ][gc,heap     ] GC(6) Humongous regions: 0->0
[2025-08-24T16:27:02.811+0000][175][info ][gc,metaspace] GC(6) Metaspace: 35403K(36288K)->35403K(36288K) NonClass: 31314K(31808K)->31314K(31808K) Class: 4088K(4480K)->4088K(4480K)
[2025-08-24T16:27:02.811+0000][175][info ][gc          ] GC(6) Pause Young (Concurrent Start) (Metadata GC Threshold) 29M->25M(1024M) 7.372ms
[2025-08-24T16:27:02.812+0000][175][info ][gc,cpu      ] GC(6) User=0.03s Sys=0.00s Real=0.01s
[2025-08-24T16:27:02.812+0000][175][info ][gc          ] GC(7) Concurrent Mark Cycle
[2025-08-24T16:27:02.812+0000][175][info ][gc,marking  ] GC(7) Concurrent Scan Root Regions
[2025-08-24T16:27:02.812+0000][175][info ][safepoint   ] Safepoint "CollectForMetadataAllocation", Time since last: 6007125 ns, Reaching safepoint: 1625 ns, Cleanup: 5250 ns, At safepoint: 7556583 ns, Total: 7563458 ns
[2025-08-24T16:27:02.815+0000][175][info ][gc,marking  ] GC(7) Concurrent Scan Root Regions 2.900ms
[2025-08-24T16:27:02.815+0000][175][info ][gc,marking  ] GC(7) Concurrent Mark
[2025-08-24T16:27:02.816+0000][175][info ][gc,marking  ] GC(7) Concurrent Mark From Roots
[2025-08-24T16:27:02.816+0000][175][info ][gc,task     ] GC(7) Using 2 workers of 2 for marking
[2025-08-24T16:27:02.817+0000][175][info ][gc,marking  ] GC(7) Concurrent Mark From Roots 0.847ms
[2025-08-24T16:27:02.817+0000][175][info ][gc,marking  ] GC(7) Concurrent Preclean
[2025-08-24T16:27:02.817+0000][175][info ][gc,marking  ] GC(7) Concurrent Preclean 0.046ms
[2025-08-24T16:27:02.818+0000][175][info ][gc,start    ] GC(7) Pause Remark
[2025-08-24T16:27:02.820+0000][175][info ][gc          ] GC(7) Pause Remark 27M->27M(1024M) 2.318ms
[2025-08-24T16:27:02.820+0000][175][info ][gc,cpu      ] GC(7) User=0.01s Sys=0.01s Real=0.00s
[2025-08-24T16:27:02.820+0000][175][info ][safepoint   ] Safepoint "G1PauseRemark", Time since last: 5684125 ns, Reaching safepoint: 476917 ns, Cleanup: 6583 ns, At safepoint: 2415833 ns, Total: 2899333 ns
[2025-08-24T16:27:02.823+0000][175][info ][gc,marking  ] GC(7) Concurrent Mark 7.709ms
[2025-08-24T16:27:02.823+0000][175][info ][gc,marking  ] GC(7) Concurrent Rebuild Remembered Sets and Scrub Regions
[2025-08-24T16:27:02.823+0000][175][info ][gc,marking  ] GC(7) Concurrent Rebuild Remembered Sets and Scrub Regions 0.451ms
[2025-08-24T16:27:02.823+0000][175][info ][gc,start    ] GC(7) Pause Cleanup
[2025-08-24T16:27:02.824+0000][175][info ][gc          ] GC(7) Pause Cleanup 27M->27M(1024M) 0.107ms
[2025-08-24T16:27:02.824+0000][175][info ][gc,cpu      ] GC(7) User=0.00s Sys=0.00s Real=0.00s
[2025-08-24T16:27:02.824+0000][175][info ][safepoint   ] Safepoint "G1PauseCleanup", Time since last: 3253459 ns, Reaching safepoint: 1583 ns, Cleanup: 5625 ns, At safepoint: 186208 ns, Total: 193416 ns
[2025-08-24T16:27:02.824+0000][175][info ][gc,marking  ] GC(7) Concurrent Clear Claimed Marks
[2025-08-24T16:27:02.824+0000][175][info ][gc,marking  ] GC(7) Concurrent Clear Claimed Marks 0.069ms
[2025-08-24T16:27:02.824+0000][175][info ][gc,marking  ] GC(7) Concurrent Cleanup for Next Mark
[2025-08-24T16:27:02.824+0000][175][info ][gc,marking  ] GC(7) Concurrent Cleanup for Next Mark 0.311ms
[2025-08-24T16:27:02.824+0000][175][info ][gc          ] GC(7) Concurrent Mark Cycle 12.917ms
[2025-08-24T16:27:03.144+0000][175][info ][safepoint   ] Safepoint "ICBufferFull", Time since last: 320307417 ns, Reaching safepoint: 2584 ns, Cleanup: 120416 ns, At safepoint: 10375 ns, Total: 133375 ns
[2025-08-24T16:27:03.728+0000][175][info ][safepoint   ] Safepoint "ICBufferFull", Time since last: 583792667 ns, Reaching safepoint: 4834 ns, Cleanup: 100791 ns, At safepoint: 10250 ns, Total: 115875 ns
[2025-08-24T16:27:03.760+0000][175][info ][gc,start    ] GC(8) Pause Young (Normal) (G1 Evacuation Pause)
[2025-08-24T16:27:03.760+0000][175][info ][gc,task     ] GC(8) Using 8 workers of 8 for evacuation
[2025-08-24T16:27:03.760+0000][175][debug][gc,age      ] GC(8) Desired survivor size 41943040 bytes, new threshold 15 (max threshold 15)
[2025-08-24T16:27:03.775+0000][175][info ][gc,phases   ] GC(8)   Pre Evacuate Collection Set: 0.13ms
[2025-08-24T16:27:03.775+0000][175][info ][gc,phases   ] GC(8)   Merge Heap Roots: 0.10ms
[2025-08-24T16:27:03.775+0000][175][info ][gc,phases   ] GC(8)   Evacuate Collection Set: 13.68ms
[2025-08-24T16:27:03.775+0000][175][info ][gc,phases   ] GC(8)   Post Evacuate Collection Set: 1.15ms
[2025-08-24T16:27:03.775+0000][175][info ][gc,phases   ] GC(8)   Other: 0.10ms
[2025-08-24T16:27:03.775+0000][175][trace][gc,age      ] GC(8) Age table with threshold 15 (max threshold 15)
[2025-08-24T16:27:03.775+0000][175][trace][gc,age      ] GC(8) - age   1:    9907032 bytes,    9907032 total
[2025-08-24T16:27:03.775+0000][175][trace][gc,age      ] GC(8) - age   2:      23704 bytes,    9930736 total
[2025-08-24T16:27:03.776+0000][175][trace][gc,age      ] GC(8) - age   3:    8131984 bytes,   18062720 total
[2025-08-24T16:27:03.776+0000][175][trace][gc,age      ] GC(8) - age   4:    5947536 bytes,   24010256 total
[2025-08-24T16:27:03.776+0000][175][trace][gc,age      ] GC(8) - age   5:     388888 bytes,   24399144 total
[2025-08-24T16:27:03.776+0000][175][trace][gc,age      ] GC(8) - age   6:    4019848 bytes,   28418992 total
[2025-08-24T16:27:03.776+0000][175][trace][gc,age      ] GC(8) - age   7:    4578784 bytes,   32997776 total
[2025-08-24T16:27:03.776+0000][175][info ][gc,heap     ] GC(8) Eden regions: 146->0(144)
[2025-08-24T16:27:03.776+0000][175][info ][gc,heap     ] GC(8) Survivor regions: 7->9(20)
[2025-08-24T16:27:03.776+0000][175][info ][gc,heap     ] GC(8) Old regions: 1->1
[2025-08-24T16:27:03.776+0000][175][info ][gc,heap     ] GC(8) Humongous regions: 0->0
[2025-08-24T16:27:03.776+0000][175][info ][gc,metaspace] GC(8) Metaspace: 38312K(39360K)->38312K(39360K) NonClass: 33821K(34432K)->33821K(34432K) Class: 4491K(4928K)->4491K(4928K)
[2025-08-24T16:27:03.776+0000][175][info ][gc          ] GC(8) Pause Young (Normal) (G1 Evacuation Pause) 609M->34M(1024M) 16.007ms
[2025-08-24T16:27:03.776+0000][175][info ][gc,cpu      ] GC(8) User=0.07s Sys=0.00s Real=0.01s
[2025-08-24T16:27:03.776+0000][175][info ][safepoint   ] Safepoint "G1CollectForAllocation", Time since last: 31775834 ns, Reaching safepoint: 2458 ns, Cleanup: 37667 ns, At safepoint: 16116000 ns, Total: 16156125 ns
[2025-08-24T16:27:04.088+0000][175][info ][safepoint   ] Safepoint "ICBufferFull", Time since last: 311653375 ns, Reaching safepoint: 2541 ns, Cleanup: 128792 ns, At safepoint: 9917 ns, Total: 141250 ns
[2025-08-24T16:27:04.212+0000][175][info ][safepoint   ] Safepoint "ICBufferFull", Time since last: 123960666 ns, Reaching safepoint: 2334 ns, Cleanup: 92750 ns, At safepoint: 4208 ns, Total: 99292 ns
[2025-08-24T16:27:04.361+0000][175][info ][safepoint   ] Safepoint "ICBufferFull", Time since last: 148407250 ns, Reaching safepoint: 707917 ns, Cleanup: 66917 ns, At safepoint: 8000 ns, Total: 782834 ns
[2025-08-24T16:27:04.627+0000][175][info ][safepoint   ] Safepoint "ICBufferFull", Time since last: 265654625 ns, Reaching safepoint: 2291 ns, Cleanup: 140250 ns, At safepoint: 6084 ns, Total: 148625 ns
[2025-08-24T16:27:04.796+0000][175][info ][safepoint   ] Safepoint "ICBufferFull", Time since last: 169401791 ns, Reaching safepoint: 2750 ns, Cleanup: 71667 ns, At safepoint: 7458 ns, Total: 81875 ns
[2025-08-24T16:27:04.976+0000][175][info ][safepoint   ] Safepoint "ICBufferFull", Time since last: 179237209 ns, Reaching safepoint: 2458 ns, Cleanup: 85834 ns, At safepoint: 4125 ns, Total: 92417 ns
[2025-08-24T16:27:05.246+0000][175][info ][gc,start    ] GC(9) Pause Young (Concurrent Start) (Metadata GC Threshold)
[2025-08-24T16:27:05.246+0000][175][info ][gc,task     ] GC(9) Using 8 workers of 8 for evacuation
[2025-08-24T16:27:05.246+0000][175][debug][gc,age      ] GC(9) Desired survivor size 41943040 bytes, new threshold 15 (max threshold 15)
[2025-08-24T16:27:05.259+0000][175][info ][gc,phases   ] GC(9)   Pre Evacuate Collection Set: 0.17ms
[2025-08-24T16:27:05.259+0000][175][info ][gc,phases   ] GC(9)   Merge Heap Roots: 0.06ms
[2025-08-24T16:27:05.259+0000][175][info ][gc,phases   ] GC(9)   Evacuate Collection Set: 9.63ms
[2025-08-24T16:27:05.259+0000][175][info ][gc,phases   ] GC(9)   Post Evacuate Collection Set: 2.11ms
[2025-08-24T16:27:05.259+0000][175][info ][gc,phases   ] GC(9)   Other: 0.21ms
[2025-08-24T16:27:05.259+0000][175][trace][gc,age      ] GC(9) Age table with threshold 15 (max threshold 15)
[2025-08-24T16:27:05.259+0000][175][trace][gc,age      ] GC(9) - age   1:   10148512 bytes,   10148512 total
[2025-08-24T16:27:05.259+0000][175][trace][gc,age      ] GC(9) - age   2:    8908624 bytes,   19057136 total
[2025-08-24T16:27:05.259+0000][175][trace][gc,age      ] GC(9) - age   3:      23704 bytes,   19080840 total
[2025-08-24T16:27:05.259+0000][175][trace][gc,age      ] GC(9) - age   4:    8092880 bytes,   27173720 total
[2025-08-24T16:27:05.259+0000][175][trace][gc,age      ] GC(9) - age   5:    5763104 bytes,   32936824 total
[2025-08-24T16:27:05.259+0000][175][trace][gc,age      ] GC(9) - age   6:     385680 bytes,   33322504 total
[2025-08-24T16:27:05.259+0000][175][trace][gc,age      ] GC(9) - age   7:    3991664 bytes,   37314168 total
[2025-08-24T16:27:05.259+0000][175][trace][gc,age      ] GC(9) - age   8:    4572928 bytes,   41887096 total
[2025-08-24T16:27:05.259+0000][175][info ][gc,heap     ] GC(9) Eden regions: 134->0(142)
[2025-08-24T16:27:05.259+0000][175][info ][gc,heap     ] GC(9) Survivor regions: 9->11(20)
[2025-08-24T16:27:05.259+0000][175][info ][gc,heap     ] GC(9) Old regions: 1->1
[2025-08-24T16:27:05.259+0000][175][info ][gc,heap     ] GC(9) Humongous regions: 0->0
[2025-08-24T16:27:05.259+0000][175][info ][gc,metaspace] GC(9) Metaspace: 59380K(60800K)->59380K(60800K) NonClass: 51899K(52800K)->51899K(52800K) Class: 7480K(8000K)->7480K(8000K)
[2025-08-24T16:27:05.259+0000][175][info ][gc          ] GC(9) Pause Young (Concurrent Start) (Metadata GC Threshold) 568M->43M(1024M) 13.032ms
[2025-08-24T16:27:05.259+0000][175][info ][gc,cpu      ] GC(9) User=0.06s Sys=0.01s Real=0.02s
[2025-08-24T16:27:05.259+0000][175][info ][gc          ] GC(10) Concurrent Mark Cycle
[2025-08-24T16:27:05.260+0000][175][info ][gc,marking  ] GC(10) Concurrent Scan Root Regions
[2025-08-24T16:27:05.260+0000][175][info ][safepoint   ] Safepoint "CollectForMetadataAllocation", Time since last: 270522166 ns, Reaching safepoint: 2459 ns, Cleanup: 77291 ns, At safepoint: 13308250 ns, Total: 13388000 ns
[2025-08-24T16:27:05.266+0000][175][info ][gc,marking  ] GC(10) Concurrent Scan Root Regions 6.406ms
[2025-08-24T16:27:05.267+0000][175][info ][gc,marking  ] GC(10) Concurrent Mark
[2025-08-24T16:27:05.268+0000][175][info ][gc,marking  ] GC(10) Concurrent Mark From Roots
[2025-08-24T16:27:05.268+0000][175][info ][gc,task     ] GC(10) Using 2 workers of 2 for marking
[2025-08-24T16:27:05.268+0000][175][info ][gc,marking  ] GC(10) Concurrent Mark From Roots 0.778ms
[2025-08-24T16:27:05.268+0000][175][info ][gc,marking  ] GC(10) Concurrent Preclean
[2025-08-24T16:27:05.268+0000][175][info ][gc,marking  ] GC(10) Concurrent Preclean 0.032ms
[2025-08-24T16:27:05.269+0000][175][info ][gc,start    ] GC(10) Pause Remark
[2025-08-24T16:27:05.272+0000][175][info ][gc          ] GC(10) Pause Remark 47M->47M(1024M) 3.182ms
[2025-08-24T16:27:05.272+0000][175][info ][gc,cpu      ] GC(10) User=0.01s Sys=0.00s Real=0.00s
[2025-08-24T16:27:05.272+0000][175][info ][safepoint   ] Safepoint "G1PauseRemark", Time since last: 8880625 ns, Reaching safepoint: 404334 ns, Cleanup: 2666 ns, At safepoint: 3337750 ns, Total: 3744750 ns
[2025-08-24T16:27:05.272+0000][175][info ][gc,marking  ] GC(10) Concurrent Mark 4.842ms
[2025-08-24T16:27:05.272+0000][175][info ][gc,marking  ] GC(10) Concurrent Rebuild Remembered Sets and Scrub Regions
[2025-08-24T16:27:05.273+0000][175][info ][gc,marking  ] GC(10) Concurrent Rebuild Remembered Sets and Scrub Regions 0.438ms
[2025-08-24T16:27:05.274+0000][175][info ][gc,start    ] GC(10) Pause Cleanup
[2025-08-24T16:27:05.274+0000][175][info ][gc          ] GC(10) Pause Cleanup 47M->47M(1024M) 0.101ms
[2025-08-24T16:27:05.274+0000][175][info ][gc,cpu      ] GC(10) User=0.00s Sys=0.00s Real=0.00s
[2025-08-24T16:27:05.274+0000][175][info ][safepoint   ] Safepoint "G1PauseCleanup", Time since last: 720375 ns, Reaching safepoint: 1135084 ns, Cleanup: 14000 ns, At safepoint: 177041 ns, Total: 1326125 ns
[2025-08-24T16:27:05.274+0000][175][info ][gc,marking  ] GC(10) Concurrent Clear Claimed Marks
[2025-08-24T16:27:05.274+0000][175][info ][gc,marking  ] GC(10) Concurrent Clear Claimed Marks 0.051ms
[2025-08-24T16:27:05.274+0000][175][info ][gc,marking  ] GC(10) Concurrent Cleanup for Next Mark
[2025-08-24T16:27:05.276+0000][175][info ][gc,marking  ] GC(10) Concurrent Cleanup for Next Mark 1.423ms
[2025-08-24T16:27:05.276+0000][175][info ][gc          ] GC(10) Concurrent Mark Cycle 16.471ms
[2025-08-24T16:27:05.609+0000][175][info ][safepoint   ] Safepoint "ICBufferFull", Time since last: 334951084 ns, Reaching safepoint: 2625 ns, Cleanup: 68625 ns, At safepoint: 7625 ns, Total: 78875 ns
[2025-08-24T16:27:05.745+0000][175][info ][safepoint   ] Safepoint "ICBufferFull", Time since last: 135954708 ns, Reaching safepoint: 3000 ns, Cleanup: 137084 ns, At safepoint: 8416 ns, Total: 148500 ns
[2025-08-24T16:27:06.216+0000][175][info ][safepoint   ] Safepoint "ICBufferFull", Time since last: 470599334 ns, Reaching safepoint: 5541 ns, Cleanup: 104875 ns, At safepoint: 9125 ns, Total: 119541 ns
[2025-08-24T16:27:06.649+0000][175][info ][safepoint   ] Safepoint "ICBufferFull", Time since last: 433075501 ns, Reaching safepoint: 3458 ns, Cleanup: 90208 ns, At safepoint: 10542 ns, Total: 104208 ns
[2025-08-24T16:27:06.727+0000][175][info ][safepoint   ] Safepoint "ICBufferFull", Time since last: 78087708 ns, Reaching safepoint: 2125 ns, Cleanup: 78500 ns, At safepoint: 4584 ns, Total: 85209 ns
[2025-08-24T16:27:07.123+0000][175][info ][gc,start    ] GC(11) Pause Young (Normal) (G1 Evacuation Pause)
[2025-08-24T16:27:07.123+0000][175][info ][gc,task     ] GC(11) Using 8 workers of 8 for evacuation
[2025-08-24T16:27:07.123+0000][175][debug][gc,age      ] GC(11) Desired survivor size 41943040 bytes, new threshold 15 (max threshold 15)
[2025-08-24T16:27:07.143+0000][175][info ][gc,phases   ] GC(11)   Pre Evacuate Collection Set: 0.15ms
[2025-08-24T16:27:07.143+0000][175][info ][gc,phases   ] GC(11)   Merge Heap Roots: 0.14ms
[2025-08-24T16:27:07.143+0000][175][info ][gc,phases   ] GC(11)   Evacuate Collection Set: 15.72ms
[2025-08-24T16:27:07.143+0000][175][info ][gc,phases   ] GC(11)   Post Evacuate Collection Set: 3.01ms
[2025-08-24T16:27:07.143+0000][175][info ][gc,phases   ] GC(11)   Other: 0.19ms
[2025-08-24T16:27:07.143+0000][175][trace][gc,age      ] GC(11) Age table with threshold 15 (max threshold 15)
[2025-08-24T16:27:07.143+0000][175][trace][gc,age      ] GC(11) - age   1:   11011760 bytes,   11011760 total
[2025-08-24T16:27:07.143+0000][175][trace][gc,age      ] GC(11) - age   2:    9657464 bytes,   20669224 total
[2025-08-24T16:27:07.143+0000][175][trace][gc,age      ] GC(11) - age   3:    8858528 bytes,   29527752 total
[2025-08-24T16:27:07.143+0000][175][trace][gc,age      ] GC(11) - age   4:      23640 bytes,   29551392 total
[2025-08-24T16:27:07.143+0000][175][trace][gc,age      ] GC(11) - age   5:    8079896 bytes,   37631288 total
[2025-08-24T16:27:07.143+0000][175][trace][gc,age      ] GC(11) - age   6:    5737984 bytes,   43369272 total
[2025-08-24T16:27:07.143+0000][175][trace][gc,age      ] GC(11) - age   7:     382832 bytes,   43752104 total
[2025-08-24T16:27:07.143+0000][175][trace][gc,age      ] GC(11) - age   8:    3975088 bytes,   47727192 total
[2025-08-24T16:27:07.143+0000][175][trace][gc,age      ] GC(11) - age   9:    4565056 bytes,   52292248 total
[2025-08-24T16:27:07.143+0000][175][info ][gc,heap     ] GC(11) Eden regions: 142->0(139)
[2025-08-24T16:27:07.143+0000][175][info ][gc,heap     ] GC(11) Survivor regions: 11->14(20)
[2025-08-24T16:27:07.143+0000][175][info ][gc,heap     ] GC(11) Old regions: 1->1
[2025-08-24T16:27:07.143+0000][175][info ][gc,heap     ] GC(11) Humongous regions: 0->0
[2025-08-24T16:27:07.144+0000][175][info ][gc,metaspace] GC(11) Metaspace: 75267K(77184K)->75267K(77184K) NonClass: 65180K(66368K)->65180K(66368K) Class: 10086K(10816K)->10086K(10816K)
[2025-08-24T16:27:07.144+0000][175][info ][gc          ] GC(11) Pause Young (Normal) (G1 Evacuation Pause) 611M->54M(1024M) 20.412ms
[2025-08-24T16:27:07.144+0000][175][info ][gc,cpu      ] GC(11) User=0.11s Sys=0.00s Real=0.02s
[2025-08-24T16:27:07.144+0000][175][info ][safepoint   ] Safepoint "G1CollectForAllocation", Time since last: 395700917 ns, Reaching safepoint: 2666 ns, Cleanup: 49334 ns, At safepoint: 20540250 ns, Total: 20592250 ns
[2025-08-24T16:27:07.423+0000][175][info ][safepoint   ] Safepoint "ICBufferFull", Time since last: 278905541 ns, Reaching safepoint: 14125 ns, Cleanup: 100625 ns, At safepoint: 4834 ns, Total: 119584 ns
[2025-08-24T16:27:07.642+0000][175][info ][safepoint   ] Safepoint "ICBufferFull", Time since last: 219655125 ns, Reaching safepoint: 3625 ns, Cleanup: 90375 ns, At safepoint: 6333 ns, Total: 100333 ns
[2025-08-24T16:27:07.995+0000][175][info ][safepoint   ] Safepoint "ICBufferFull", Time since last: 352247584 ns, Reaching safepoint: 2708 ns, Cleanup: 95625 ns, At safepoint: 5542 ns, Total: 103875 ns
[2025-08-24T16:27:08.339+0000][175][info ][safepoint   ] Safepoint "ICBufferFull", Time since last: 344049125 ns, Reaching safepoint: 2708 ns, Cleanup: 118500 ns, At safepoint: 9042 ns, Total: 130250 ns
[2025-08-24T16:27:08.677+0000][175][info ][gc,start    ] GC(12) Pause Young (Concurrent Start) (Metadata GC Threshold)
[2025-08-24T16:27:08.681+0000][175][info ][gc,task     ] GC(12) Using 8 workers of 8 for evacuation
[2025-08-24T16:27:08.681+0000][175][debug][gc,age      ] GC(12) Desired survivor size 41943040 bytes, new threshold 6 (max threshold 15)
[2025-08-24T16:27:08.708+0000][175][info ][gc,phases   ] GC(12)   Pre Evacuate Collection Set: 2.93ms
[2025-08-24T16:27:08.709+0000][175][info ][gc,phases   ] GC(12)   Merge Heap Roots: 0.07ms
[2025-08-24T16:27:08.709+0000][175][info ][gc,phases   ] GC(12)   Evacuate Collection Set: 21.86ms
[2025-08-24T16:27:08.709+0000][175][info ][gc,phases   ] GC(12)   Post Evacuate Collection Set: 2.11ms
[2025-08-24T16:27:08.709+0000][175][info ][gc,phases   ] GC(12)   Other: 0.18ms
[2025-08-24T16:27:08.709+0000][175][trace][gc,age      ] GC(12) Age table with threshold 6 (max threshold 15)
[2025-08-24T16:27:08.709+0000][175][trace][gc,age      ] GC(12) - age   1:    9549264 bytes,    9549264 total
[2025-08-24T16:27:08.709+0000][175][trace][gc,age      ] GC(12) - age   2:   10663952 bytes,   20213216 total
[2025-08-24T16:27:08.709+0000][175][trace][gc,age      ] GC(12) - age   3:    9497760 bytes,   29710976 total
[2025-08-24T16:27:08.709+0000][175][trace][gc,age      ] GC(12) - age   4:    8842360 bytes,   38553336 total
[2025-08-24T16:27:08.710+0000][175][trace][gc,age      ] GC(12) - age   5:      23288 bytes,   38576624 total
[2025-08-24T16:27:08.710+0000][175][trace][gc,age      ] GC(12) - age   6:    8055080 bytes,   46631704 total
[2025-08-24T16:27:08.710+0000][175][info ][gc,heap     ] GC(12) Eden regions: 79->0(141)
[2025-08-24T16:27:08.710+0000][175][info ][gc,heap     ] GC(12) Survivor regions: 14->12(20)
[2025-08-24T16:27:08.710+0000][175][info ][gc,heap     ] GC(12) Old regions: 1->4
[2025-08-24T16:27:08.710+0000][175][info ][gc,heap     ] GC(12) Humongous regions: 0->0
[2025-08-24T16:27:08.710+0000][175][info ][gc,metaspace] GC(12) Metaspace: 99562K(101696K)->99562K(101696K) NonClass: 86136K(87360K)->86136K(87360K) Class: 13426K(14336K)->13426K(14336K)
[2025-08-24T16:27:08.710+0000][175][info ][gc          ] GC(12) Pause Young (Concurrent Start) (Metadata GC Threshold) 370M->63M(1024M) 33.395ms
[2025-08-24T16:27:08.710+0000][175][info ][gc,cpu      ] GC(12) User=0.15s Sys=0.00s Real=0.03s
[2025-08-24T16:27:08.710+0000][175][info ][gc          ] GC(13) Concurrent Mark Cycle
[2025-08-24T16:27:08.713+0000][175][info ][gc,marking  ] GC(13) Concurrent Scan Root Regions
[2025-08-24T16:27:08.713+0000][175][info ][safepoint   ] Safepoint "CollectForMetadataAllocation", Time since last: 337803292 ns, Reaching safepoint: 3208 ns, Cleanup: 89250 ns, At safepoint: 36054875 ns, Total: 36147333 ns
[2025-08-24T16:27:08.726+0000][175][info ][gc,marking  ] GC(13) Concurrent Scan Root Regions 13.358ms
[2025-08-24T16:27:08.726+0000][175][info ][gc,marking  ] GC(13) Concurrent Mark
[2025-08-24T16:27:08.726+0000][175][info ][gc,marking  ] GC(13) Concurrent Mark From Roots
[2025-08-24T16:27:08.726+0000][175][info ][gc,task     ] GC(13) Using 2 workers of 2 for marking
[2025-08-24T16:27:08.728+0000][175][info ][gc,marking  ] GC(13) Concurrent Mark From Roots 1.259ms
[2025-08-24T16:27:08.728+0000][175][info ][gc,marking  ] GC(13) Concurrent Preclean
[2025-08-24T16:27:08.728+0000][175][info ][gc,marking  ] GC(13) Concurrent Preclean 0.034ms
[2025-08-24T16:27:08.728+0000][175][info ][gc,start    ] GC(13) Pause Remark
[2025-08-24T16:27:08.732+0000][175][info ][gc          ] GC(13) Pause Remark 67M->67M(1024M) 4.632ms
[2025-08-24T16:27:08.733+0000][175][info ][gc,cpu      ] GC(13) User=0.02s Sys=0.00s Real=0.00s
[2025-08-24T16:27:08.733+0000][175][info ][safepoint   ] Safepoint "G1PauseRemark", Time since last: 14700125 ns, Reaching safepoint: 2750 ns, Cleanup: 8542 ns, At safepoint: 5213541 ns, Total: 5224833 ns
[2025-08-24T16:27:08.733+0000][175][info ][gc,marking  ] GC(13) Concurrent Mark 6.696ms
[2025-08-24T16:27:08.733+0000][175][info ][gc,marking  ] GC(13) Concurrent Rebuild Remembered Sets and Scrub Regions
[2025-08-24T16:27:08.735+0000][175][info ][gc,marking  ] GC(13) Concurrent Rebuild Remembered Sets and Scrub Regions 1.823ms
[2025-08-24T16:27:08.736+0000][175][info ][gc,start    ] GC(13) Pause Cleanup
[2025-08-24T16:27:08.736+0000][175][info ][gc          ] GC(13) Pause Cleanup 67M->67M(1024M) 0.046ms
[2025-08-24T16:27:08.739+0000][175][info ][gc,cpu      ] GC(13) User=0.00s Sys=0.00s Real=0.01s
[2025-08-24T16:27:08.739+0000][175][info ][safepoint   ] Safepoint "G1PauseCleanup", Time since last: 1988667 ns, Reaching safepoint: 909250 ns, Cleanup: 10625 ns, At safepoint: 3044042 ns, Total: 3963917 ns
[2025-08-24T16:27:08.739+0000][175][info ][gc,marking  ] GC(13) Concurrent Clear Claimed Marks
[2025-08-24T16:27:08.739+0000][175][info ][gc,marking  ] GC(13) Concurrent Clear Claimed Marks 0.132ms
[2025-08-24T16:27:08.739+0000][175][info ][gc,marking  ] GC(13) Concurrent Cleanup for Next Mark
[2025-08-24T16:27:08.740+0000][175][info ][gc,marking  ] GC(13) Concurrent Cleanup for Next Mark 0.630ms
[2025-08-24T16:27:08.740+0000][175][info ][gc          ] GC(13) Concurrent Mark Cycle 29.342ms
[2025-08-24T16:27:09.059+0000][175][info ][safepoint   ] Safepoint "ICBufferFull", Time since last: 319278958 ns, Reaching safepoint: 833708 ns, Cleanup: 86334 ns, At safepoint: 10791 ns, Total: 930833 ns
[2025-08-24T16:27:09.380+0000][175][info ][safepoint   ] Safepoint "ICBufferFull", Time since last: 320542334 ns, Reaching safepoint: 244417 ns, Cleanup: 91458 ns, At safepoint: 9875 ns, Total: 345750 ns
[2025-08-24T16:27:09.693+0000][175][info ][safepoint   ] Safepoint "ICBufferFull", Time since last: 312702792 ns, Reaching safepoint: 2875 ns, Cleanup: 84041 ns, At safepoint: 5125 ns, Total: 92041 ns
[2025-08-24T16:27:09.892+0000][175][info ][safepoint   ] Safepoint "ICBufferFull", Time since last: 198443334 ns, Reaching safepoint: 844333 ns, Cleanup: 83334 ns, At safepoint: 12291 ns, Total: 939958 ns
[2025-08-24T16:27:09.964+0000][175][info ][safepoint   ] Safepoint "ICBufferFull", Time since last: 71497417 ns, Reaching safepoint: 2417 ns, Cleanup: 69583 ns, At safepoint: 4917 ns, Total: 76917 ns
[2025-08-24T16:27:10.001+0000][175][info ][safepoint   ] Safepoint "ICBufferFull", Time since last: 36854291 ns, Reaching safepoint: 270667 ns, Cleanup: 63542 ns, At safepoint: 11958 ns, Total: 346167 ns
[2025-08-24T16:27:10.034+0000][175][info ][safepoint   ] Safepoint "ICBufferFull", Time since last: 33028375 ns, Reaching safepoint: 3000 ns, Cleanup: 83708 ns, At safepoint: 5375 ns, Total: 92083 ns
[2025-08-24T16:27:10.098+0000][175][info ][safepoint   ] Safepoint "ICBufferFull", Time since last: 63754209 ns, Reaching safepoint: 62208 ns, Cleanup: 77042 ns, At safepoint: 8708 ns, Total: 147958 ns
[2025-08-24T16:27:10.112+0000][175][info ][safepoint   ] Safepoint "ICBufferFull", Time since last: 14048167 ns, Reaching safepoint: 2666 ns, Cleanup: 66500 ns, At safepoint: 12167 ns, Total: 81333 ns
[2025-08-24T16:27:10.165+0000][175][info ][safepoint   ] Safepoint "ICBufferFull", Time since last: 52789375 ns, Reaching safepoint: 2750 ns, Cleanup: 73625 ns, At safepoint: 7792 ns, Total: 84167 ns
[2025-08-24T16:27:10.200+0000][175][info ][safepoint   ] Safepoint "ICBufferFull", Time since last: 34530666 ns, Reaching safepoint: 3584 ns, Cleanup: 74916 ns, At safepoint: 8417 ns, Total: 86917 ns
[2025-08-24T16:27:10.309+0000][175][info ][safepoint   ] Safepoint "ICBufferFull", Time since last: 109711417 ns, Reaching safepoint: 3000 ns, Cleanup: 68791 ns, At safepoint: 4584 ns, Total: 76375 ns
[2025-08-24T16:27:10.401+0000][175][info ][safepoint   ] Safepoint "ICBufferFull", Time since last: 91212291 ns, Reaching safepoint: 10667 ns, Cleanup: 102333 ns, At safepoint: 20292 ns, Total: 133292 ns
[2025-08-24T16:27:10.485+0000][175][info ][safepoint   ] Safepoint "ICBufferFull", Time since last: 84099042 ns, Reaching safepoint: 4166 ns, Cleanup: 85750 ns, At safepoint: 9625 ns, Total: 99541 ns
[2025-08-24T16:27:10.508+0000][175][info ][safepoint   ] Safepoint "ICBufferFull", Time since last: 22707625 ns, Reaching safepoint: 3959 ns, Cleanup: 68791 ns, At safepoint: 8584 ns, Total: 81334 ns
[2025-08-24T16:27:10.697+0000][175][info ][safepoint   ] Safepoint "ICBufferFull", Time since last: 188373167 ns, Reaching safepoint: 785458 ns, Cleanup: 110583 ns, At safepoint: 12125 ns, Total: 908166 ns
[2025-08-24T16:27:10.758+0000][175][info ][safepoint   ] Safepoint "ICBufferFull", Time since last: 59884542 ns, Reaching safepoint: 978875 ns, Cleanup: 192750 ns, At safepoint: 40042 ns, Total: 1211667 ns
[2025-08-24T16:27:10.904+0000][175][info ][safepoint   ] Safepoint "ICBufferFull", Time since last: 146006833 ns, Reaching safepoint: 5375 ns, Cleanup: 78792 ns, At safepoint: 8958 ns, Total: 93125 ns
[2025-08-24T16:27:11.074+0000][175][info ][safepoint   ] Safepoint "ICBufferFull", Time since last: 169130125 ns, Reaching safepoint: 670292 ns, Cleanup: 110208 ns, At safepoint: 15417 ns, Total: 795917 ns
[2025-08-24T16:27:11.119+0000][175][info ][safepoint   ] Safepoint "ICBufferFull", Time since last: 45234791 ns, Reaching safepoint: 6750 ns, Cleanup: 76125 ns, At safepoint: 18917 ns, Total: 101792 ns
[2025-08-24T16:27:11.206+0000][175][info ][gc,start    ] GC(14) Pause Young (Normal) (G1 Evacuation Pause)
[2025-08-24T16:27:11.206+0000][175][info ][gc,task     ] GC(14) Using 8 workers of 8 for evacuation
[2025-08-24T16:27:11.206+0000][175][debug][gc,age      ] GC(14) Desired survivor size 41943040 bytes, new threshold 6 (max threshold 15)
[2025-08-24T16:27:11.250+0000][175][info ][gc,phases   ] GC(14)   Pre Evacuate Collection Set: 0.19ms
[2025-08-24T16:27:11.250+0000][175][info ][gc,phases   ] GC(14)   Merge Heap Roots: 0.15ms
[2025-08-24T16:27:11.250+0000][175][info ][gc,phases   ] GC(14)   Evacuate Collection Set: 40.42ms
[2025-08-24T16:27:11.250+0000][175][info ][gc,phases   ] GC(14)   Post Evacuate Collection Set: 2.75ms
[2025-08-24T16:27:11.250+0000][175][info ][gc,phases   ] GC(14)   Other: 0.24ms
[2025-08-24T16:27:11.250+0000][175][trace][gc,age      ] GC(14) Age table with threshold 6 (max threshold 15)
[2025-08-24T16:27:11.250+0000][175][trace][gc,age      ] GC(14) - age   1:   46536224 bytes,   46536224 total
[2025-08-24T16:27:11.250+0000][175][trace][gc,age      ] GC(14) - age   2:    8667936 bytes,   55204160 total
[2025-08-24T16:27:11.250+0000][175][trace][gc,age      ] GC(14) - age   3:   10325624 bytes,   65529784 total
[2025-08-24T16:27:11.250+0000][175][trace][gc,age      ] GC(14) - age   4:    8938288 bytes,   74468072 total
[2025-08-24T16:27:11.250+0000][175][trace][gc,age      ] GC(14) - age   5:    8796504 bytes,   83264576 total
[2025-08-24T16:27:11.250+0000][175][trace][gc,age      ] GC(14) - age   6:      23288 bytes,   83287864 total
[2025-08-24T16:27:11.250+0000][175][info ][gc,heap     ] GC(14) Eden regions: 141->0(133)
[2025-08-24T16:27:11.250+0000][175][info ][gc,heap     ] GC(14) Survivor regions: 12->20(20)
[2025-08-24T16:27:11.250+0000][175][info ][gc,heap     ] GC(14) Old regions: 4->9
[2025-08-24T16:27:11.250+0000][175][info ][gc,heap     ] GC(14) Humongous regions: 2->2
[2025-08-24T16:27:11.250+0000][175][info ][gc,metaspace] GC(14) Metaspace: 138201K(142336K)->138201K(142336K) NonClass: 118567K(120832K)->118567K(120832K) Class: 19633K(21504K)->19633K(21504K)
[2025-08-24T16:27:11.250+0000][175][info ][gc          ] GC(14) Pause Young (Normal) (G1 Evacuation Pause) 635M->120M(1024M) 44.772ms
[2025-08-24T16:27:11.250+0000][175][info ][gc,cpu      ] GC(14) User=0.23s Sys=0.01s Real=0.05s
[2025-08-24T16:27:11.251+0000][175][info ][safepoint   ] Safepoint "G1CollectForAllocation", Time since last: 86131333 ns, Reaching safepoint: 14459 ns, Cleanup: 111125 ns, At safepoint: 44942792 ns, Total: 45068376 ns
[2025-08-24T16:27:11.252+0000][175][info ][gc,start    ] GC(15) Pause Young (Normal) (G1 Evacuation Pause)
[2025-08-24T16:27:11.252+0000][175][info ][gc,task     ] GC(15) Using 8 workers of 8 for evacuation
[2025-08-24T16:27:11.252+0000][175][debug][gc,age      ] GC(15) Desired survivor size 6291456 bytes, new threshold 1 (max threshold 15)
[2025-08-24T16:27:11.295+0000][175][info ][gc,phases   ] GC(15)   Pre Evacuate Collection Set: 0.10ms
[2025-08-24T16:27:11.296+0000][175][info ][gc,phases   ] GC(15)   Merge Heap Roots: 0.24ms
[2025-08-24T16:27:11.296+0000][175][info ][gc,phases   ] GC(15)   Evacuate Collection Set: 41.78ms
[2025-08-24T16:27:11.296+0000][175][info ][gc,phases   ] GC(15)   Post Evacuate Collection Set: 1.21ms
[2025-08-24T16:27:11.296+0000][175][info ][gc,phases   ] GC(15)   Other: 0.12ms
[2025-08-24T16:27:11.296+0000][175][trace][gc,age      ] GC(15) Age table with threshold 1 (max threshold 15)
[2025-08-24T16:27:11.296+0000][175][trace][gc,age      ] GC(15) - age   1:       4896 bytes,       4896 total
[2025-08-24T16:27:11.296+0000][175][info ][gc,heap     ] GC(15) Eden regions: 1->0(151)
[2025-08-24T16:27:11.296+0000][175][info ][gc,heap     ] GC(15) Survivor regions: 20->2(3)
[2025-08-24T16:27:11.296+0000][175][info ][gc,heap     ] GC(15) Old regions: 9->30
[2025-08-24T16:27:11.296+0000][175][info ][gc,heap     ] GC(15) Humongous regions: 2->2
[2025-08-24T16:27:11.296+0000][175][info ][gc,metaspace] GC(15) Metaspace: 138201K(142336K)->138201K(142336K) NonClass: 118567K(120832K)->118567K(120832K) Class: 19633K(21504K)->19633K(21504K)
[2025-08-24T16:27:11.296+0000][175][info ][gc          ] GC(15) Pause Young (Normal) (G1 Evacuation Pause) 124M->130M(1024M) 44.085ms
[2025-08-24T16:27:11.296+0000][175][info ][gc,cpu      ] GC(15) User=0.29s Sys=0.00s Real=0.04s
[2025-08-24T16:27:11.296+0000][175][info ][safepoint   ] Safepoint "G1CollectForAllocation", Time since last: 521833 ns, Reaching safepoint: 703167 ns, Cleanup: 8750 ns, At safepoint: 44224000 ns, Total: 44935917 ns
[2025-08-24T16:27:11.406+0000][175][info ][safepoint   ] Safepoint "ICBufferFull", Time since last: 109291958 ns, Reaching safepoint: 606833 ns, Cleanup: 74959 ns, At safepoint: 19375 ns, Total: 701167 ns
[2025-08-24T16:27:11.477+0000][175][info ][safepoint   ] Safepoint "ICBufferFull", Time since last: 71040708 ns, Reaching safepoint: 5750 ns, Cleanup: 60500 ns, At safepoint: 12917 ns, Total: 79167 ns
[2025-08-24T16:27:11.569+0000][175][info ][safepoint   ] Safepoint "ICBufferFull", Time since last: 91322875 ns, Reaching safepoint: 5833 ns, Cleanup: 82292 ns, At safepoint: 9458 ns, Total: 97583 ns
[2025-08-24T16:27:11.644+0000][175][info ][safepoint   ] Safepoint "ICBufferFull", Time since last: 75407042 ns, Reaching safepoint: 6958 ns, Cleanup: 70542 ns, At safepoint: 9375 ns, Total: 86875 ns
[2025-08-24T16:27:11.730+0000][175][info ][safepoint   ] Safepoint "ICBufferFull", Time since last: 86235583 ns, Reaching safepoint: 6208 ns, Cleanup: 79250 ns, At safepoint: 6292 ns, Total: 91750 ns
[2025-08-24T16:27:11.852+0000][175][info ][safepoint   ] Safepoint "ICBufferFull", Time since last: 121082375 ns, Reaching safepoint: 32833 ns, Cleanup: 341875 ns, At safepoint: 11542 ns, Total: 386250 ns
[2025-08-24T16:27:11.937+0000][175][info ][safepoint   ] Safepoint "ICBufferFull", Time since last: 83890834 ns, Reaching safepoint: 1101166 ns, Cleanup: 69500 ns, At safepoint: 14750 ns, Total: 1185416 ns
[2025-08-24T16:27:12.034+0000][175][info ][safepoint   ] Safepoint "ICBufferFull", Time since last: 96929625 ns, Reaching safepoint: 6959 ns, Cleanup: 103833 ns, At safepoint: 10208 ns, Total: 121000 ns
[2025-08-24T16:27:12.101+0000][175][info ][safepoint   ] Safepoint "ICBufferFull", Time since last: 67013292 ns, Reaching safepoint: 6667 ns, Cleanup: 82500 ns, At safepoint: 9833 ns, Total: 99000 ns
[2025-08-24T16:27:13.102+0000][175][info ][safepoint   ] Safepoint "Cleanup", Time since last: 1000977459 ns, Reaching safepoint: 19583 ns, Cleanup: 35500 ns, At safepoint: 8625 ns, Total: 63708 ns
[2025-08-24T16:27:14.103+0000][175][info ][safepoint   ] Safepoint "Cleanup", Time since last: 1000649084 ns, Reaching safepoint: 6833 ns, Cleanup: 8917 ns, At safepoint: 3500 ns, Total: 19250 ns
[2025-08-24T16:27:15.106+0000][175][info ][safepoint   ] Safepoint "Cleanup", Time since last: 1002036959 ns, Reaching safepoint: 1192041 ns, Cleanup: 13000 ns, At safepoint: 14792 ns, Total: 1219833 ns
[2025-08-24T16:27:16.107+0000][175][info ][safepoint   ] Safepoint "Cleanup", Time since last: 1000956042 ns, Reaching safepoint: 7917 ns, Cleanup: 38791 ns, At safepoint: 6959 ns, Total: 53667 ns
[2025-08-24T16:27:18.109+0000][175][info ][safepoint   ] Safepoint "Cleanup", Time since last: 2001956376 ns, Reaching safepoint: 13750 ns, Cleanup: 11208 ns, At safepoint: 13125 ns, Total: 38083 ns
[2025-08-24T16:27:19.110+0000][175][info ][safepoint   ] Safepoint "Cleanup", Time since last: 1001239167 ns, Reaching safepoint: 15042 ns, Cleanup: 30625 ns, At safepoint: 7958 ns, Total: 53625 ns
[2025-08-24T16:27:20.111+0000][175][info ][safepoint   ] Safepoint "Cleanup", Time since last: 1000474667 ns, Reaching safepoint: 7917 ns, Cleanup: 10167 ns, At safepoint: 5208 ns, Total: 23292 ns
[2025-08-24T16:27:21.111+0000][175][info ][safepoint   ] Safepoint "Cleanup", Time since last: 1000246209 ns, Reaching safepoint: 15250 ns, Cleanup: 19833 ns, At safepoint: 17417 ns, Total: 52500 ns
[2025-08-24T16:27:22.113+0000][175][info ][safepoint   ] Safepoint "Cleanup", Time since last: 1001369875 ns, Reaching safepoint: 9584 ns, Cleanup: 17750 ns, At safepoint: 5208 ns, Total: 32542 ns
[2025-08-24T16:27:23.113+0000][175][info ][safepoint   ] Safepoint "Cleanup", Time since last: 1000647875 ns, Reaching safepoint: 34042 ns, Cleanup: 17083 ns, At safepoint: 7125 ns, Total: 58250 ns
[2025-08-24T16:27:24.114+0000][175][info ][safepoint   ] Safepoint "Cleanup", Time since last: 1001016793 ns, Reaching safepoint: 32625 ns, Cleanup: 13875 ns, At safepoint: 7750 ns, Total: 54250 ns
[2025-08-24T16:27:25.115+0000][175][info ][safepoint   ] Safepoint "Cleanup", Time since last: 1000527792 ns, Reaching safepoint: 285958 ns, Cleanup: 28917 ns, At safepoint: 8375 ns, Total: 323250 ns
[2025-08-24T16:27:26.116+0000][175][info ][safepoint   ] Safepoint "Cleanup", Time since last: 1001209333 ns, Reaching safepoint: 21917 ns, Cleanup: 26208 ns, At safepoint: 11292 ns, Total: 59417 ns
[2025-08-24T16:27:28.118+0000][175][info ][safepoint   ] Safepoint "Cleanup", Time since last: 2001576792 ns, Reaching safepoint: 17584 ns, Cleanup: 28541 ns, At safepoint: 8875 ns, Total: 55000 ns
[2025-08-24T16:27:31.122+0000][175][info ][safepoint   ] Safepoint "Cleanup", Time since last: 3003683877 ns, Reaching safepoint: 7458 ns, Cleanup: 12333 ns, At safepoint: 3125 ns, Total: 22916 ns
[2025-08-24T16:27:33.126+0000][175][info ][safepoint   ] Safepoint "Cleanup", Time since last: 2004133335 ns, Reaching safepoint: 10708 ns, Cleanup: 30208 ns, At safepoint: 8625 ns, Total: 49541 ns
[2025-08-24T16:27:36.130+0000][175][info ][safepoint   ] Safepoint "Cleanup", Time since last: 3003544460 ns, Reaching safepoint: 13958 ns, Cleanup: 10667 ns, At safepoint: 7958 ns, Total: 32583 ns
[2025-08-24T16:27:38.132+0000][175][info ][safepoint   ] Safepoint "Cleanup", Time since last: 2002680043 ns, Reaching safepoint: 8667 ns, Cleanup: 10291 ns, At safepoint: 3709 ns, Total: 22667 ns
[2025-08-24T16:27:40.135+0000][175][info ][safepoint   ] Safepoint "Cleanup", Time since last: 2002870876 ns, Reaching safepoint: 8458 ns, Cleanup: 12083 ns, At safepoint: 3084 ns, Total: 23625 ns
[2025-08-24T16:27:41.137+0000][175][info ][safepoint   ] Safepoint "Cleanup", Time since last: 1001630833 ns, Reaching safepoint: 9792 ns, Cleanup: 56833 ns, At safepoint: 4792 ns, Total: 71417 ns
[2025-08-24T16:27:42.138+0000][175][info ][safepoint   ] Safepoint "Cleanup", Time since last: 1001646167 ns, Reaching safepoint: 7417 ns, Cleanup: 26792 ns, At safepoint: 6416 ns, Total: 40625 ns
[2025-08-24T16:27:43.139+0000][175][info ][safepoint   ] Safepoint "Cleanup", Time since last: 1000687959 ns, Reaching safepoint: 24583 ns, Cleanup: 18334 ns, At safepoint: 10750 ns, Total: 53667 ns
[2025-08-24T16:27:45.141+0000][175][info ][safepoint   ] Safepoint "Cleanup", Time since last: 2001784709 ns, Reaching safepoint: 54000 ns, Cleanup: 19292 ns, At safepoint: 15666 ns, Total: 88958 ns
[2025-08-24T16:27:46.142+0000][175][info ][safepoint   ] Safepoint "Cleanup", Time since last: 1000636959 ns, Reaching safepoint: 19250 ns, Cleanup: 14334 ns, At safepoint: 5000 ns, Total: 38584 ns
[2025-08-24T16:27:47.145+0000][175][info ][safepoint   ] Safepoint "Cleanup", Time since last: 1003092583 ns, Reaching safepoint: 20250 ns, Cleanup: 30500 ns, At safepoint: 7334 ns, Total: 58084 ns
[2025-08-24T16:27:52.153+0000][175][info ][safepoint   ] Safepoint "Cleanup", Time since last: 5007837502 ns, Reaching safepoint: 21625 ns, Cleanup: 24125 ns, At safepoint: 10708 ns, Total: 56458 ns
[2025-08-24T16:27:55.158+0000][175][info ][safepoint   ] Safepoint "Cleanup", Time since last: 3004920752 ns, Reaching safepoint: 9708 ns, Cleanup: 17625 ns, At safepoint: 7542 ns, Total: 34875 ns
[2025-08-24T16:27:56.159+0000][175][info ][safepoint   ] Safepoint "Cleanup", Time since last: 1000981916 ns, Reaching safepoint: 19833 ns, Cleanup: 15709 ns, At safepoint: 6500 ns, Total: 42042 ns
[2025-08-24T16:27:57.161+0000][175][info ][safepoint   ] Safepoint "Cleanup", Time since last: 1001747000 ns, Reaching safepoint: 44792 ns, Cleanup: 15333 ns, At safepoint: 8208 ns, Total: 68333 ns
[2025-08-24T16:27:58.162+0000][175][info ][safepoint   ] Safepoint "Cleanup", Time since last: 1001601418 ns, Reaching safepoint: 8791 ns, Cleanup: 54209 ns, At safepoint: 2958 ns, Total: 65958 ns
[2025-08-24T16:28:02.978+0000][175][info ][safepoint   ] Safepoint "Cleanup", Time since last: 4815005336 ns, Reaching safepoint: 179500 ns, Cleanup: 41833 ns, At safepoint: 22000 ns, Total: 243333 ns
[2025-08-24T16:28:04.981+0000][175][info ][safepoint   ] Safepoint "Cleanup", Time since last: 2002969376 ns, Reaching safepoint: 77500 ns, Cleanup: 41667 ns, At safepoint: 22291 ns, Total: 141458 ns
[2025-08-24T16:28:08.988+0000][175][info ][safepoint   ] Safepoint "Cleanup", Time since last: 4007166335 ns, Reaching safepoint: 58584 ns, Cleanup: 17250 ns, At safepoint: 10166 ns, Total: 86000 ns
[2025-08-24T16:28:10.991+0000][175][info ][safepoint   ] Safepoint "Cleanup", Time since last: 2002593126 ns, Reaching safepoint: 13292 ns, Cleanup: 27083 ns, At safepoint: 7125 ns, Total: 47500 ns
[2025-08-24T16:28:11.992+0000][175][info ][safepoint   ] Safepoint "Cleanup", Time since last: 1001685501 ns, Reaching safepoint: 14250 ns, Cleanup: 15042 ns, At safepoint: 5500 ns, Total: 34792 ns
[2025-08-24T16:28:18.002+0000][175][info ][safepoint   ] Safepoint "Cleanup", Time since last: 6009460961 ns, Reaching safepoint: 9875 ns, Cleanup: 9541 ns, At safepoint: 5417 ns, Total: 24833 ns
[2025-08-24T16:28:21.006+0000][175][info ][safepoint   ] Safepoint "Cleanup", Time since last: 3004409960 ns, Reaching safepoint: 50833 ns, Cleanup: 34833 ns, At safepoint: 8250 ns, Total: 93916 ns
[2025-08-24T16:28:23.008+0000][175][info ][safepoint   ] Safepoint "Cleanup", Time since last: 2002050085 ns, Reaching safepoint: 30375 ns, Cleanup: 21000 ns, At safepoint: 9916 ns, Total: 61291 ns
[2025-08-24T16:28:28.012+0000][175][info ][safepoint   ] Safepoint "Cleanup", Time since last: 5004386836 ns, Reaching safepoint: 45583 ns, Cleanup: 19208 ns, At safepoint: 5167 ns, Total: 69958 ns
[2025-08-24T16:28:33.019+0000][175][info ][safepoint   ] Safepoint "Cleanup", Time since last: 5006489419 ns, Reaching safepoint: 54917 ns, Cleanup: 12625 ns, At safepoint: 7000 ns, Total: 74542 ns
[2025-08-24T16:28:38.023+0000][175][info ][safepoint   ] Safepoint "Cleanup", Time since last: 5004359002 ns, Reaching safepoint: 9167 ns, Cleanup: 14000 ns, At safepoint: 6833 ns, Total: 30000 ns
[2025-08-24T16:28:41.027+0000][175][info ][safepoint   ] Safepoint "Cleanup", Time since last: 3003371710 ns, Reaching safepoint: 13083 ns, Cleanup: 22542 ns, At safepoint: 14083 ns, Total: 49708 ns
[2025-08-24T16:28:42.028+0000][175][info ][safepoint   ] Safepoint "Cleanup", Time since last: 1001535376 ns, Reaching safepoint: 10208 ns, Cleanup: 26458 ns, At safepoint: 7042 ns, Total: 43708 ns
[2025-08-24T16:28:50.039+0000][175][info ][safepoint   ] Safepoint "Cleanup", Time since last: 8010971462 ns, Reaching safepoint: 52625 ns, Cleanup: 14417 ns, At safepoint: 5666 ns, Total: 72708 ns
[2025-08-24T16:28:53.043+0000][175][info ][safepoint   ] Safepoint "Cleanup", Time since last: 3003457960 ns, Reaching safepoint: 57292 ns, Cleanup: 22375 ns, At safepoint: 14000 ns, Total: 93667 ns
[2025-08-24T16:28:55.047+0000][175][info ][safepoint   ] Safepoint "Cleanup", Time since last: 2003687376 ns, Reaching safepoint: 28958 ns, Cleanup: 18208 ns, At safepoint: 6834 ns, Total: 54000 ns
[2025-08-24T16:28:57.049+0000][175][info ][safepoint   ] Safepoint "Cleanup", Time since last: 2002355708 ns, Reaching safepoint: 25042 ns, Cleanup: 18958 ns, At safepoint: 6250 ns, Total: 50250 ns
[2025-08-24T16:28:58.051+0000][175][info ][safepoint   ] Safepoint "Cleanup", Time since last: 1001708043 ns, Reaching safepoint: 14500 ns, Cleanup: 14583 ns, At safepoint: 4333 ns, Total: 33416 ns
[2025-08-24T16:29:00.054+0000][175][info ][safepoint   ] Safepoint "Cleanup", Time since last: 2002966334 ns, Reaching safepoint: 33875 ns, Cleanup: 13709 ns, At safepoint: 5208 ns, Total: 52792 ns
[2025-08-24T16:29:09.066+0000][175][info ][safepoint   ] Safepoint "Cleanup", Time since last: 9011913504 ns, Reaching safepoint: 42834 ns, Cleanup: 21958 ns, At safepoint: 10667 ns, Total: 75459 ns
[2025-08-24T16:29:10.068+0000][175][info ][safepoint   ] Safepoint "Cleanup", Time since last: 1001960542 ns, Reaching safepoint: 9667 ns, Cleanup: 10333 ns, At safepoint: 3125 ns, Total: 23125 ns
[2025-08-24T16:29:11.069+0000][175][info ][safepoint   ] Safepoint "Cleanup", Time since last: 1001349625 ns, Reaching safepoint: 18542 ns, Cleanup: 60833 ns, At safepoint: 8417 ns, Total: 87792 ns
[2025-08-24T16:29:12.071+0000][175][info ][safepoint   ] Safepoint "Cleanup", Time since last: 1001533042 ns, Reaching safepoint: 11334 ns, Cleanup: 13625 ns, At safepoint: 5916 ns, Total: 30875 ns
[2025-08-24T16:29:13.071+0000][175][info ][safepoint   ] Safepoint "Cleanup", Time since last: 1000748084 ns, Reaching safepoint: 19750 ns, Cleanup: 23583 ns, At safepoint: 7167 ns, Total: 50500 ns
[2025-08-24T16:29:16.077+0000][175][info ][safepoint   ] Safepoint "Cleanup", Time since last: 3005921001 ns, Reaching safepoint: 79209 ns, Cleanup: 12750 ns, At safepoint: 5291 ns, Total: 97250 ns
[2025-08-24T16:29:27.097+0000][175][info ][safepoint   ] Safepoint "Cleanup", Time since last: 11019423755 ns, Reaching safepoint: 25958 ns, Cleanup: 18583 ns, At safepoint: 8542 ns, Total: 53083 ns
[2025-08-24T16:29:35.105+0000][175][info ][safepoint   ] Safepoint "Cleanup", Time since last: 8008398254 ns, Reaching safepoint: 79083 ns, Cleanup: 29834 ns, At safepoint: 7125 ns, Total: 116042 ns
[2025-08-24T16:29:38.111+0000][175][info ][safepoint   ] Safepoint "Cleanup", Time since last: 3005926584 ns, Reaching safepoint: 27292 ns, Cleanup: 32417 ns, At safepoint: 9958 ns, Total: 69667 ns
[2025-08-24T16:29:41.115+0000][175][info ][safepoint   ] Safepoint "Cleanup", Time since last: 3003166251 ns, Reaching safepoint: 9292 ns, Cleanup: 16833 ns, At safepoint: 9042 ns, Total: 35167 ns
[2025-08-24T16:29:42.116+0000][175][info ][safepoint   ] Safepoint "Cleanup", Time since last: 1001080626 ns, Reaching safepoint: 18083 ns, Cleanup: 17167 ns, At safepoint: 5625 ns, Total: 40875 ns
[2025-08-24T16:29:43.118+0000][175][info ][safepoint   ] Safepoint "Cleanup", Time since last: 1002166792 ns, Reaching safepoint: 31583 ns, Cleanup: 13292 ns, At safepoint: 8250 ns, Total: 53125 ns
[2025-08-24T16:29:50.128+0000][175][info ][safepoint   ] Safepoint "Cleanup", Time since last: 7009632295 ns, Reaching safepoint: 113375 ns, Cleanup: 60958 ns, At safepoint: 17667 ns, Total: 192000 ns
[2025-08-24T16:29:57.136+0000][175][info ][safepoint   ] Safepoint "Cleanup", Time since last: 7007611503 ns, Reaching safepoint: 12583 ns, Cleanup: 13333 ns, At safepoint: 4750 ns, Total: 30666 ns
[2025-08-24T16:29:58.138+0000][175][info ][safepoint   ] Safepoint "Cleanup", Time since last: 1002236584 ns, Reaching safepoint: 82584 ns, Cleanup: 79833 ns, At safepoint: 22625 ns, Total: 185042 ns
[2025-08-24T16:30:00.089+0000][175][info ][safepoint   ] Safepoint "Cleanup", Time since last: 1950633959 ns, Reaching safepoint: 76667 ns, Cleanup: 24375 ns, At safepoint: 15292 ns, Total: 116334 ns
[2025-08-24T16:30:01.091+0000][175][info ][safepoint   ] Safepoint "Cleanup", Time since last: 1002238417 ns, Reaching safepoint: 10125 ns, Cleanup: 13666 ns, At safepoint: 3500 ns, Total: 27291 ns
[2025-08-24T16:30:09.104+0000][175][info ][safepoint   ] Safepoint "Cleanup", Time since last: 8012477254 ns, Reaching safepoint: 12458 ns, Cleanup: 12709 ns, At safepoint: 4000 ns, Total: 29167 ns
[2025-08-24T16:30:10.105+0000][175][info ][safepoint   ] Safepoint "Cleanup", Time since last: 1001336167 ns, Reaching safepoint: 21167 ns, Cleanup: 29791 ns, At safepoint: 6667 ns, Total: 57625 ns
[2025-08-24T16:30:11.106+0000][175][info ][safepoint   ] Safepoint "Cleanup", Time since last: 1000572500 ns, Reaching safepoint: 8500 ns, Cleanup: 17250 ns, At safepoint: 5834 ns, Total: 31584 ns
[2025-08-24T16:30:13.108+0000][175][info ][safepoint   ] Safepoint "Cleanup", Time since last: 2001969709 ns, Reaching safepoint: 9708 ns, Cleanup: 12167 ns, At safepoint: 8208 ns, Total: 30083 ns
[2025-08-24T16:30:27.125+0000][175][info ][safepoint   ] Safepoint "Cleanup", Time since last: 14017217173 ns, Reaching safepoint: 126125 ns, Cleanup: 14583 ns, At safepoint: 8000 ns, Total: 148708 ns
[2025-08-24T16:30:31.130+0000][175][info ][safepoint   ] Safepoint "Cleanup", Time since last: 4005596961 ns, Reaching safepoint: 39583 ns, Cleanup: 11333 ns, At safepoint: 6125 ns, Total: 57041 ns
[2025-08-24T16:30:33.132+0000][175][info ][safepoint   ] Safepoint "Cleanup", Time since last: 2001720376 ns, Reaching safepoint: 10792 ns, Cleanup: 14583 ns, At safepoint: 3709 ns, Total: 29084 ns
[2025-08-24T16:30:41.144+0000][175][info ][safepoint   ] Safepoint "Cleanup", Time since last: 8011564503 ns, Reaching safepoint: 201750 ns, Cleanup: 103917 ns, At safepoint: 25500 ns, Total: 331167 ns
[2025-08-24T16:30:42.145+0000][175][info ][safepoint   ] Safepoint "Cleanup", Time since last: 1001180709 ns, Reaching safepoint: 9042 ns, Cleanup: 16208 ns, At safepoint: 4833 ns, Total: 30083 ns
[2025-08-24T16:30:50.155+0000][175][info ][safepoint   ] Safepoint "Cleanup", Time since last: 8009623921 ns, Reaching safepoint: 36666 ns, Cleanup: 13334 ns, At safepoint: 5166 ns, Total: 55166 ns
[2025-08-24T16:30:51.157+0000][175][info ][safepoint   ] Safepoint "Cleanup", Time since last: 1001663626 ns, Reaching safepoint: 47625 ns, Cleanup: 44292 ns, At safepoint: 17416 ns, Total: 109333 ns
[2025-08-24T16:30:53.158+0000][175][info ][safepoint   ] Safepoint "Cleanup", Time since last: 2001411460 ns, Reaching safepoint: 151750 ns, Cleanup: 51916 ns, At safepoint: 16792 ns, Total: 220458 ns
[2025-08-24T16:30:57.164+0000][175][info ][safepoint   ] Safepoint "Cleanup", Time since last: 4005531917 ns, Reaching safepoint: 203625 ns, Cleanup: 41334 ns, At safepoint: 11875 ns, Total: 256834 ns
[2025-08-24T16:31:11.185+0000][175][info ][safepoint   ] Safepoint "Cleanup", Time since last: 14020682048 ns, Reaching safepoint: 61417 ns, Cleanup: 19458 ns, At safepoint: 7250 ns, Total: 88125 ns
[2025-08-24T16:31:23.202+0000][175][info ][safepoint   ] Safepoint "Cleanup", Time since last: 12017457548 ns, Reaching safepoint: 119708 ns, Cleanup: 42542 ns, At safepoint: 13333 ns, Total: 175583 ns
[2025-08-24T16:31:28.209+0000][175][info ][safepoint   ] Safepoint "Cleanup", Time since last: 5006651502 ns, Reaching safepoint: 64208 ns, Cleanup: 26167 ns, At safepoint: 9750 ns, Total: 100125 ns
[2025-08-24T16:31:41.228+0000][175][info ][safepoint   ] Safepoint "Cleanup", Time since last: 13018893048 ns, Reaching safepoint: 284625 ns, Cleanup: 19625 ns, At safepoint: 11500 ns, Total: 315750 ns
[2025-08-24T16:31:42.230+0000][175][info ][safepoint   ] Safepoint "Cleanup", Time since last: 1001858459 ns, Reaching safepoint: 11708 ns, Cleanup: 13667 ns, At safepoint: 7000 ns, Total: 32375 ns
[2025-08-24T16:31:57.251+0000][175][info ][safepoint   ] Safepoint "Cleanup", Time since last: 15020785548 ns, Reaching safepoint: 157458 ns, Cleanup: 33209 ns, At safepoint: 17125 ns, Total: 207792 ns
[2025-08-24T16:31:58.253+0000][175][info ][safepoint   ] Safepoint "Cleanup", Time since last: 1002167459 ns, Reaching safepoint: 14791 ns, Cleanup: 14459 ns, At safepoint: 5750 ns, Total: 35000 ns
[2025-08-24T16:32:08.259+0000][175][info ][safepoint   ] Safepoint "Cleanup", Time since last: 10005652296 ns, Reaching safepoint: 10958 ns, Cleanup: 12875 ns, At safepoint: 3459 ns, Total: 27292 ns
[2025-08-24T16:32:11.264+0000][175][info ][safepoint   ] Safepoint "Cleanup", Time since last: 3004582001 ns, Reaching safepoint: 35292 ns, Cleanup: 110916 ns, At safepoint: 13000 ns, Total: 159208 ns
[2025-08-24T16:32:12.267+0000][175][info ][safepoint   ] Safepoint "Cleanup", Time since last: 1003327334 ns, Reaching safepoint: 10959 ns, Cleanup: 13541 ns, At safepoint: 5209 ns, Total: 29709 ns
[2025-08-24T16:32:13.556+0000][175][info ][safepoint   ] Safepoint "Cleanup", Time since last: 1288966375 ns, Reaching safepoint: 110292 ns, Cleanup: 326917 ns, At safepoint: 17291 ns, Total: 454500 ns
[2025-08-24T16:32:20.563+0000][175][info ][safepoint   ] Safepoint "Cleanup", Time since last: 7006734129 ns, Reaching safepoint: 78375 ns, Cleanup: 28291 ns, At safepoint: 10542 ns, Total: 117208 ns
[2025-08-24T16:32:27.572+0000][175][info ][safepoint   ] Safepoint "Cleanup", Time since last: 7008880378 ns, Reaching safepoint: 44125 ns, Cleanup: 47000 ns, At safepoint: 11666 ns, Total: 102791 ns
[2025-08-24T16:32:34.584+0000][175][info ][safepoint   ] Safepoint "Cleanup", Time since last: 7011656087 ns, Reaching safepoint: 18708 ns, Cleanup: 10375 ns, At safepoint: 3834 ns, Total: 32917 ns
[2025-08-24T16:32:38.591+0000][175][info ][safepoint   ] Safepoint "Cleanup", Time since last: 4007387085 ns, Reaching safepoint: 17625 ns, Cleanup: 22458 ns, At safepoint: 11084 ns, Total: 51167 ns
[2025-08-24T16:32:40.594+0000][175][info ][safepoint   ] Safepoint "Cleanup", Time since last: 2002405376 ns, Reaching safepoint: 40125 ns, Cleanup: 27666 ns, At safepoint: 13667 ns, Total: 81458 ns
[2025-08-24T16:32:41.595+0000][175][info ][safepoint   ] Safepoint "Cleanup", Time since last: 1001375167 ns, Reaching safepoint: 10833 ns, Cleanup: 32250 ns, At safepoint: 5292 ns, Total: 48375 ns
[2025-08-24T16:33:10.280+0000][175][info ][safepoint   ] Safepoint "Cleanup", Time since last: 28685212721 ns, Reaching safepoint: 92083 ns, Cleanup: 37584 ns, At safepoint: 11708 ns, Total: 141375 ns
[2025-08-24T16:33:11.282+0000][175][info ][safepoint   ] Safepoint "Cleanup", Time since last: 1001539667 ns, Reaching safepoint: 25625 ns, Cleanup: 24917 ns, At safepoint: 6917 ns, Total: 57459 ns
[2025-08-24T16:33:12.283+0000][175][info ][safepoint   ] Safepoint "Cleanup", Time since last: 1000752542 ns, Reaching safepoint: 11833 ns, Cleanup: 18292 ns, At safepoint: 6375 ns, Total: 36500 ns
[2025-08-24T16:33:27.307+0000][175][info ][safepoint   ] Safepoint "Cleanup", Time since last: 15024208465 ns, Reaching safepoint: 164750 ns, Cleanup: 36542 ns, At safepoint: 8958 ns, Total: 210250 ns
[2025-08-24T16:33:37.330+0000][175][info ][safepoint   ] Safepoint "Cleanup", Time since last: 10020662421 ns, Reaching safepoint: 1803167 ns, Cleanup: 128625 ns, At safepoint: 61625 ns, Total: 1993417 ns
[2025-08-24T16:33:41.338+0000][175][info ][safepoint   ] Safepoint "Cleanup", Time since last: 4007876919 ns, Reaching safepoint: 50416 ns, Cleanup: 57709 ns, At safepoint: 15416 ns, Total: 123541 ns
[2025-08-24T16:34:12.399+0000][175][info ][safepoint   ] Safepoint "Cleanup", Time since last: 31061645681 ns, Reaching safepoint: 11792 ns, Cleanup: 20625 ns, At safepoint: 4500 ns, Total: 36917 ns
[2025-08-24T16:34:20.408+0000][175][info ][safepoint   ] Safepoint "Cleanup", Time since last: 8008056504 ns, Reaching safepoint: 24666 ns, Cleanup: 18542 ns, At safepoint: 9333 ns, Total: 52541 ns
[2025-08-24T16:34:27.416+0000][175][info ][safepoint   ] Safepoint "Cleanup", Time since last: 7008259503 ns, Reaching safepoint: 138542 ns, Cleanup: 39000 ns, At safepoint: 15958 ns, Total: 193500 ns
[2025-08-24T16:34:38.431+0000][175][info ][safepoint   ] Safepoint "Cleanup", Time since last: 11015492797 ns, Reaching safepoint: 43833 ns, Cleanup: 15667 ns, At safepoint: 6625 ns, Total: 66125 ns
[2025-08-24T16:34:40.437+0000][175][info ][safepoint   ] Safepoint "Cleanup", Time since last: 2005427001 ns, Reaching safepoint: 9791 ns, Cleanup: 10709 ns, At safepoint: 4625 ns, Total: 25125 ns
[2025-08-24T16:34:41.438+0000][175][info ][safepoint   ] Safepoint "Cleanup", Time since last: 1001161625 ns, Reaching safepoint: 48167 ns, Cleanup: 240875 ns, At safepoint: 20083 ns, Total: 309125 ns
[2025-08-24T16:34:57.459+0000][175][info ][safepoint   ] Safepoint "Cleanup", Time since last: 16021177132 ns, Reaching safepoint: 33209 ns, Cleanup: 16000 ns, At safepoint: 4166 ns, Total: 53375 ns
[2025-08-24T16:35:03.526+0000][175][info ][safepoint   ] Safepoint "Cleanup", Time since last: 6066900920 ns, Reaching safepoint: 13250 ns, Cleanup: 15583 ns, At safepoint: 5750 ns, Total: 34583 ns
[2025-08-24T16:35:10.536+0000][175][info ][safepoint   ] Safepoint "Cleanup", Time since last: 7009196295 ns, Reaching safepoint: 9750 ns, Cleanup: 16708 ns, At safepoint: 3917 ns, Total: 30375 ns
[2025-08-24T16:35:11.536+0000][175][info ][safepoint   ] Safepoint "Cleanup", Time since last: 1000795584 ns, Reaching safepoint: 10042 ns, Cleanup: 17333 ns, At safepoint: 4208 ns, Total: 31583 ns
[2025-08-24T16:35:28.561+0000][175][info ][safepoint   ] Safepoint "Cleanup", Time since last: 17024589258 ns, Reaching safepoint: 47916 ns, Cleanup: 15500 ns, At safepoint: 5834 ns, Total: 69250 ns
[2025-08-24T16:35:41.580+0000][175][info ][safepoint   ] Safepoint "Cleanup", Time since last: 13019117923 ns, Reaching safepoint: 41041 ns, Cleanup: 23084 ns, At safepoint: 5500 ns, Total: 69625 ns
[2025-08-24T16:35:42.581+0000][175][info ][safepoint   ] Safepoint "Cleanup", Time since last: 1001073708 ns, Reaching safepoint: 73375 ns, Cleanup: 56417 ns, At safepoint: 14000 ns, Total: 143792 ns
[2025-08-24T16:36:11.693+0000][175][info ][safepoint   ] Safepoint "Cleanup", Time since last: 29111702597 ns, Reaching safepoint: 123291 ns, Cleanup: 22459 ns, At safepoint: 8625 ns, Total: 154375 ns
[2025-08-24T16:36:12.695+0000][175][info ][safepoint   ] Safepoint "Cleanup", Time since last: 1001883792 ns, Reaching safepoint: 53166 ns, Cleanup: 40959 ns, At safepoint: 14500 ns, Total: 108625 ns
[2025-08-24T16:36:27.715+0000][175][info ][safepoint   ] Safepoint "Cleanup", Time since last: 15023549090 ns, Reaching safepoint: 56958 ns, Cleanup: 14709 ns, At safepoint: 8583 ns, Total: 80250 ns
[2025-08-24T16:36:40.730+0000][175][info ][safepoint   ] Safepoint "Cleanup", Time since last: 13015175423 ns, Reaching safepoint: 11042 ns, Cleanup: 10791 ns, At safepoint: 4875 ns, Total: 26708 ns
[2025-08-24T16:36:41.734+0000][175][info ][safepoint   ] Safepoint "Cleanup", Time since last: 1003518001 ns, Reaching safepoint: 9833 ns, Cleanup: 6583 ns, At safepoint: 4250 ns, Total: 20666 ns
[2025-08-24T16:36:42.735+0000][175][info ][safepoint   ] Safepoint "Cleanup", Time since last: 1001163293 ns, Reaching safepoint: 17791 ns, Cleanup: 20667 ns, At safepoint: 5333 ns, Total: 43791 ns
[2025-08-24T16:36:55.752+0000][175][info ][safepoint   ] Safepoint "Cleanup", Time since last: 13016661423 ns, Reaching safepoint: 33417 ns, Cleanup: 9041 ns, At safepoint: 4459 ns, Total: 46917 ns
[2025-08-24T16:36:57.759+0000][175][info ][safepoint   ] Safepoint "Cleanup", Time since last: 2004018959 ns, Reaching safepoint: 12750 ns, Cleanup: 15125 ns, At safepoint: 6041 ns, Total: 33916 ns
[2025-08-24T16:37:03.818+0000][175][info ][safepoint   ] Safepoint "Cleanup", Time since last: 6058559087 ns, Reaching safepoint: 21666 ns, Cleanup: 24542 ns, At safepoint: 8792 ns, Total: 55000 ns
[2025-08-24T16:37:09.824+0000][175][info ][safepoint   ] Safepoint "Cleanup", Time since last: 6005922836 ns, Reaching safepoint: 13166 ns, Cleanup: 17625 ns, At safepoint: 18959 ns, Total: 49750 ns
[2025-08-24T16:37:10.825+0000][175][info ][safepoint   ] Safepoint "Cleanup", Time since last: 1000939125 ns, Reaching safepoint: 79959 ns, Cleanup: 41541 ns, At safepoint: 15584 ns, Total: 137084 ns
[2025-08-24T16:37:11.834+0000][175][info ][safepoint   ] Safepoint "Cleanup", Time since last: 1008647250 ns, Reaching safepoint: 81667 ns, Cleanup: 239625 ns, At safepoint: 48750 ns, Total: 370042 ns
[2025-08-24T16:37:12.836+0000][175][info ][safepoint   ] Safepoint "Cleanup", Time since last: 1002303417 ns, Reaching safepoint: 13292 ns, Cleanup: 25000 ns, At safepoint: 5458 ns, Total: 43750 ns
[2025-08-24T16:37:27.862+0000][175][info ][safepoint   ] Safepoint "Cleanup", Time since last: 15025711298 ns, Reaching safepoint: 36000 ns, Cleanup: 14958 ns, At safepoint: 4292 ns, Total: 55250 ns
[2025-08-24T16:37:38.874+0000][175][info ][safepoint   ] Safepoint "Cleanup", Time since last: 11012370964 ns, Reaching safepoint: 25083 ns, Cleanup: 16375 ns, At safepoint: 13333 ns, Total: 54791 ns
[2025-08-24T16:37:40.878+0000][175][info ][safepoint   ] Safepoint "Cleanup", Time since last: 2003901710 ns, Reaching safepoint: 11791 ns, Cleanup: 12959 ns, At safepoint: 4666 ns, Total: 29416 ns
[2025-08-24T16:37:42.892+0000][175][info ][safepoint   ] Safepoint "Cleanup", Time since last: 2013373376 ns, Reaching safepoint: 20625 ns, Cleanup: 10000 ns, At safepoint: 3667 ns, Total: 34292 ns
[2025-08-24T16:37:52.914+0000][175][info ][safepoint   ] Safepoint "Cleanup", Time since last: 10021911796 ns, Reaching safepoint: 156875 ns, Cleanup: 22459 ns, At safepoint: 9541 ns, Total: 188875 ns
[2025-08-24T16:38:09.008+0000][175][info ][safepoint   ] Safepoint "Cleanup", Time since last: 16095016840 ns, Reaching safepoint: 13792 ns, Cleanup: 15167 ns, At safepoint: 5500 ns, Total: 34459 ns
[2025-08-24T16:38:28.037+0000][175][info ][safepoint   ] Safepoint "Cleanup", Time since last: 19028311799 ns, Reaching safepoint: 187542 ns, Cleanup: 51375 ns, At safepoint: 53000 ns, Total: 291917 ns
[2025-08-24T16:38:34.048+0000][175][info ][safepoint   ] Safepoint "Cleanup", Time since last: 6010556211 ns, Reaching safepoint: 56292 ns, Cleanup: 52625 ns, At safepoint: 22500 ns, Total: 131417 ns
[2025-08-24T16:38:42.062+0000][175][info ][safepoint   ] Safepoint "Cleanup", Time since last: 8013600629 ns, Reaching safepoint: 39542 ns, Cleanup: 21875 ns, At safepoint: 9500 ns, Total: 70917 ns
[2025-08-24T16:39:12.258+0000][175][info ][safepoint   ] Safepoint "Cleanup", Time since last: 30196782222 ns, Reaching safepoint: 14791 ns, Cleanup: 18875 ns, At safepoint: 3625 ns, Total: 37291 ns
[2025-08-24T16:39:41.302+0000][175][info ][safepoint   ] Safepoint "Cleanup", Time since last: 29044191972 ns, Reaching safepoint: 25708 ns, Cleanup: 14875 ns, At safepoint: 10375 ns, Total: 50958 ns
[2025-08-24T16:39:42.305+0000][175][info ][safepoint   ] Safepoint "Cleanup", Time since last: 1002493418 ns, Reaching safepoint: 44666 ns, Cleanup: 24959 ns, At safepoint: 15458 ns, Total: 85083 ns
[2025-08-24T16:40:11.503+0000][175][info ][safepoint   ] Safepoint "Cleanup", Time since last: 29197876680 ns, Reaching safepoint: 7791 ns, Cleanup: 9334 ns, At safepoint: 2958 ns, Total: 20083 ns
[2025-08-24T16:40:12.504+0000][175][info ][safepoint   ] Safepoint "Cleanup", Time since last: 1000604834 ns, Reaching safepoint: 44958 ns, Cleanup: 37292 ns, At safepoint: 9541 ns, Total: 91791 ns
[2025-08-24T16:40:16.512+0000][175][info ][safepoint   ] Safepoint "Cleanup", Time since last: 4008379919 ns, Reaching safepoint: 21458 ns, Cleanup: 33625 ns, At safepoint: 7667 ns, Total: 62750 ns
[2025-08-24T16:40:23.524+0000][175][info ][safepoint   ] Safepoint "Cleanup", Time since last: 7011748920 ns, Reaching safepoint: 17083 ns, Cleanup: 9875 ns, At safepoint: 3125 ns, Total: 30083 ns
[2025-08-24T16:40:28.528+0000][175][info ][safepoint   ] Safepoint "Cleanup", Time since last: 5004378793 ns, Reaching safepoint: 44792 ns, Cleanup: 27167 ns, At safepoint: 10125 ns, Total: 82084 ns
[2025-08-24T16:40:33.536+0000][175][info ][safepoint   ] Safepoint "Cleanup", Time since last: 5007340460 ns, Reaching safepoint: 23417 ns, Cleanup: 8667 ns, At safepoint: 3166 ns, Total: 35250 ns
[2025-08-24T16:40:39.544+0000][175][info ][safepoint   ] Safepoint "Cleanup", Time since last: 6007964462 ns, Reaching safepoint: 9333 ns, Cleanup: 11167 ns, At safepoint: 2750 ns, Total: 23250 ns
[2025-08-24T16:40:40.544+0000][175][info ][safepoint   ] Safepoint "Cleanup", Time since last: 1000699333 ns, Reaching safepoint: 15625 ns, Cleanup: 16834 ns, At safepoint: 6000 ns, Total: 38459 ns
[2025-08-24T16:40:42.547+0000][175][info ][safepoint   ] Safepoint "Cleanup", Time since last: 2002439751 ns, Reaching safepoint: 15208 ns, Cleanup: 19833 ns, At safepoint: 7209 ns, Total: 42250 ns
[2025-08-24T16:40:43.548+0000][175][info ][safepoint   ] Safepoint "Cleanup", Time since last: 1001515292 ns, Reaching safepoint: 9083 ns, Cleanup: 9500 ns, At safepoint: 2959 ns, Total: 21542 ns
[2025-08-24T16:41:11.707+0000][175][info ][safepoint   ] Safepoint "Cleanup", Time since last: 28154269970 ns, Reaching safepoint: 3246750 ns, Cleanup: 775084 ns, At safepoint: 833833 ns, Total: 4855667 ns
[2025-08-24T16:41:23.725+0000][175][info ][safepoint   ] Safepoint "Cleanup", Time since last: 12018121756 ns, Reaching safepoint: 13958 ns, Cleanup: 17458 ns, At safepoint: 8750 ns, Total: 40166 ns
[2025-08-24T16:41:28.735+0000][175][info ][safepoint   ] Safepoint "Cleanup", Time since last: 5009688461 ns, Reaching safepoint: 12416 ns, Cleanup: 19417 ns, At safepoint: 5250 ns, Total: 37083 ns
[2025-08-24T16:41:33.741+0000][175][info ][safepoint   ] Safepoint "Cleanup", Time since last: 5006401711 ns, Reaching safepoint: 31625 ns, Cleanup: 17708 ns, At safepoint: 5625 ns, Total: 54958 ns
[2025-08-24T16:41:38.747+0000][175][info ][safepoint   ] Safepoint "Cleanup", Time since last: 5005480878 ns, Reaching safepoint: 21208 ns, Cleanup: 16875 ns, At safepoint: 7417 ns, Total: 45500 ns
[2025-08-24T16:41:53.763+0000][175][info ][safepoint   ] Safepoint "Cleanup", Time since last: 15015922965 ns, Reaching safepoint: 48083 ns, Cleanup: 49625 ns, At safepoint: 12792 ns, Total: 110500 ns
[2025-08-24T16:42:10.760+0000][175][info ][safepoint   ] Safepoint "Cleanup", Time since last: 16997439049 ns, Reaching safepoint: 7459 ns, Cleanup: 7791 ns, At safepoint: 4000 ns, Total: 19250 ns
[2025-08-24T16:42:13.764+0000][175][info ][safepoint   ] Safepoint "Cleanup", Time since last: 3003526335 ns, Reaching safepoint: 27083 ns, Cleanup: 18584 ns, At safepoint: 11833 ns, Total: 57500 ns
[2025-08-24T16:42:23.779+0000][175][info ][safepoint   ] Safepoint "Cleanup", Time since last: 10015275921 ns, Reaching safepoint: 19709 ns, Cleanup: 13250 ns, At safepoint: 5708 ns, Total: 38667 ns
[2025-08-24T16:42:41.802+0000][175][info ][safepoint   ] Safepoint "Cleanup", Time since last: 18023347924 ns, Reaching safepoint: 23584 ns, Cleanup: 10916 ns, At safepoint: 3917 ns, Total: 38417 ns
[2025-08-24T16:42:52.820+0000][175][info ][safepoint   ] Safepoint "Cleanup", Time since last: 11018124880 ns, Reaching safepoint: 152750 ns, Cleanup: 24584 ns, At safepoint: 13250 ns, Total: 190584 ns
[2025-08-24T16:42:58.831+0000][175][info ][safepoint   ] Safepoint "Cleanup", Time since last: 6009923877 ns, Reaching safepoint: 12375 ns, Cleanup: 12958 ns, At safepoint: 3625 ns, Total: 28958 ns
[2025-08-24T16:43:09.943+0000][175][info ][safepoint   ] Safepoint "Cleanup", Time since last: 11112700589 ns, Reaching safepoint: 32958 ns, Cleanup: 14333 ns, At safepoint: 4500 ns, Total: 51791 ns
[2025-08-24T16:43:10.944+0000][175][info ][safepoint   ] Safepoint "Cleanup", Time since last: 1001038918 ns, Reaching safepoint: 10125 ns, Cleanup: 8333 ns, At safepoint: 15542 ns, Total: 34000 ns
[2025-08-24T16:43:11.946+0000][175][info ][safepoint   ] Safepoint "Cleanup", Time since last: 1001863292 ns, Reaching safepoint: 8791 ns, Cleanup: 9375 ns, At safepoint: 3334 ns, Total: 21500 ns
[2025-08-24T16:43:30.970+0000][175][info ][safepoint   ] Safepoint "Cleanup", Time since last: 19023208675 ns, Reaching safepoint: 22917 ns, Cleanup: 25708 ns, At safepoint: 8084 ns, Total: 56709 ns
[2025-08-24T16:43:40.984+0000][175][info ][safepoint   ] Safepoint "Cleanup", Time since last: 10013907129 ns, Reaching safepoint: 63042 ns, Cleanup: 36000 ns, At safepoint: 13833 ns, Total: 112875 ns
[2025-08-24T16:44:03.138+0000][175][info ][safepoint   ] Safepoint "Cleanup", Time since last: 22154894219 ns, Reaching safepoint: 14958 ns, Cleanup: 17375 ns, At safepoint: 12792 ns, Total: 45125 ns
[2025-08-24T16:44:04.141+0000][175][info ][safepoint   ] Safepoint "Cleanup", Time since last: 1002999959 ns, Reaching safepoint: 9208 ns, Cleanup: 11083 ns, At safepoint: 3209 ns, Total: 23500 ns
[2025-08-24T16:44:12.151+0000][175][info ][safepoint   ] Safepoint "Cleanup", Time since last: 8009754462 ns, Reaching safepoint: 15500 ns, Cleanup: 28250 ns, At safepoint: 6500 ns, Total: 50250 ns
[2025-08-24T16:44:41.188+0000][175][info ][safepoint   ] Safepoint "Cleanup", Time since last: 29036984055 ns, Reaching safepoint: 7125 ns, Cleanup: 7542 ns, At safepoint: 2583 ns, Total: 17250 ns
[2025-08-24T16:44:50.060+0000][175][info ][safepoint   ] Safepoint "Cleanup", Time since last: 8871604754 ns, Reaching safepoint: 378042 ns, Cleanup: 46917 ns, At safepoint: 309208 ns, Total: 734167 ns
[2025-08-24T16:44:51.163+0000][175][info ][safepoint   ] Safepoint "Cleanup", Time since last: 1101774417 ns, Reaching safepoint: 34167 ns, Cleanup: 311250 ns, At safepoint: 21417 ns, Total: 366834 ns
[2025-08-24T16:44:52.089+0000][175][info ][gc,heap,exit] Heap
[2025-08-24T16:44:52.090+0000][175][info ][gc,heap,exit]  garbage-first heap   total reserved 1048576K, committed 1048576K, used 704298K [0x00000000c0000000, 0x0000000100000000)
[2025-08-24T16:44:52.091+0000][175][info ][gc,heap,exit]   region size 4096K, 142 young (581632K), 2 survivors (8192K)
[2025-08-24T16:44:52.093+0000][175][info ][gc,heap,exit]  Metaspace       used 141960K, committed 146112K, reserved 1179648K
[2025-08-24T16:44:52.093+0000][175][info ][gc,heap,exit]   class space    used 20061K, committed 21952K, reserved 1048576K
