[2025-08-24T11:02:07.455+0000][175][info][gc,init] CardTable entry size: 512
[2025-08-24T11:02:07.455+0000][175][info][gc     ] Using G1
[2025-08-24T11:02:07.758+0000][175][info][gc,init] Version: 22.0.1+8-16 (release)
[2025-08-24T11:02:07.758+0000][175][info][gc,init] CPUs: 8 total, 8 available
[2025-08-24T11:02:07.758+0000][175][info][gc,init] Memory: 7837M
[2025-08-24T11:02:07.758+0000][175][info][gc,init] Large Page Support: Disabled
[2025-08-24T11:02:07.758+0000][175][info][gc,init] NUMA Support: Disabled
[2025-08-24T11:02:07.758+0000][175][info][gc,init] Compressed Oops: Enabled (32-bit)
[2025-08-24T11:02:07.758+0000][175][info][gc,init] Heap Region Size: 4M
[2025-08-24T11:02:07.758+0000][175][info][gc,init] Heap Min Capacity: 1G
[2025-08-24T11:02:07.758+0000][175][info][gc,init] Heap Initial Capacity: 1G
[2025-08-24T11:02:07.758+0000][175][info][gc,init] Heap Max Capacity: 1G
[2025-08-24T11:02:07.758+0000][175][info][gc,init] Pre-touch: Enabled
[2025-08-24T11:02:07.758+0000][175][info][gc,init] Parallel Workers: 8
[2025-08-24T11:02:07.759+0000][175][info][gc,init] Concurrent Workers: 2
[2025-08-24T11:02:07.759+0000][175][info][gc,init] Concurrent Refinement Workers: 8
[2025-08-24T11:02:07.759+0000][175][info][gc,init] Periodic GC: Disabled
[2025-08-24T11:02:07.767+0000][175][info][gc,metaspace] CDS archive(s) mapped at: [0x00001f8000000000-0x00001f8000c80000-0x00001f8000c80000), size 13107200, SharedBaseAddress: 0x00001f8000000000, ArchiveRelocationMode: 1.
[2025-08-24T11:02:07.767+0000][175][info][gc,metaspace] Compressed class space mapped at: 0x00001f8001000000-0x00001f8041000000, reserved size: 1073741824
[2025-08-24T11:02:07.767+0000][175][info][gc,metaspace] Narrow klass base: 0x00001f8000000000, Narrow klass shift: 0, Narrow klass range: 0x100000000
[2025-08-24T11:02:07.814+0000][175][info][safepoint   ] Safepoint "ICBufferFull", Time since last: 44976458 ns, Reaching safepoint: 2167 ns, Cleanup: 51292 ns, At safepoint: 21041 ns, Total: 74500 ns
[2025-08-24T11:02:07.876+0000][175][info][safepoint   ] Safepoint "ICBufferFull", Time since last: 61772125 ns, Reaching safepoint: 2125 ns, Cleanup: 46459 ns, At safepoint: 14208 ns, Total: 62792 ns
[2025-08-24T11:02:07.951+0000][175][info][safepoint   ] Safepoint "ICBufferFull", Time since last: 74565792 ns, Reaching safepoint: 572250 ns, Cleanup: 52083 ns, At safepoint: 9667 ns, Total: 634000 ns
[2025-08-24T11:02:08.008+0000][175][info][safepoint   ] Safepoint "ICBufferFull", Time since last: 56439750 ns, Reaching safepoint: 2000 ns, Cleanup: 82166 ns, At safepoint: 14167 ns, Total: 98333 ns
[2025-08-24T11:02:08.024+0000][175][info][gc,start    ] GC(0) Pause Young (Normal) (G1 Evacuation Pause)
[2025-08-24T11:02:08.024+0000][175][info][gc,task     ] GC(0) Using 8 workers of 8 for evacuation
[2025-08-24T11:02:08.024+0000][175][debug][gc,age      ] GC(0) Desired survivor size 4194304 bytes, new threshold 15 (max threshold 15)
[2025-08-24T11:02:08.026+0000][175][info ][gc,phases   ] GC(0)   Pre Evacuate Collection Set: 0.13ms
[2025-08-24T11:02:08.026+0000][175][info ][gc,phases   ] GC(0)   Merge Heap Roots: 0.10ms
[2025-08-24T11:02:08.026+0000][175][info ][gc,phases   ] GC(0)   Evacuate Collection Set: 1.12ms
[2025-08-24T11:02:08.026+0000][175][info ][gc,phases   ] GC(0)   Post Evacuate Collection Set: 0.32ms
[2025-08-24T11:02:08.026+0000][175][info ][gc,phases   ] GC(0)   Other: 0.15ms
[2025-08-24T11:02:08.026+0000][175][trace][gc,age      ] GC(0) Age table with threshold 15 (max threshold 15)
[2025-08-24T11:02:08.026+0000][175][trace][gc,age      ] GC(0) - age   1:    4675112 bytes,    4675112 total
[2025-08-24T11:02:08.026+0000][175][info ][gc,heap     ] GC(0) Eden regions: 12->0(22)
[2025-08-24T11:02:08.026+0000][175][info ][gc,heap     ] GC(0) Survivor regions: 0->2(2)
[2025-08-24T11:02:08.026+0000][175][info ][gc,heap     ] GC(0) Old regions: 1->1
[2025-08-24T11:02:08.026+0000][175][info ][gc,heap     ] GC(0) Humongous regions: 0->0
[2025-08-24T11:02:08.026+0000][175][info ][gc,metaspace] GC(0) Metaspace: 7257K(7488K)->7257K(7488K) NonClass: 6389K(6528K)->6389K(6528K) Class: 867K(960K)->867K(960K)
[2025-08-24T11:02:08.026+0000][175][info ][gc          ] GC(0) Pause Young (Normal) (G1 Evacuation Pause) 49M->5M(1024M) 2.501ms
[2025-08-24T11:02:08.026+0000][175][info ][gc,cpu      ] GC(0) User=0.00s Sys=0.00s Real=0.00s
[2025-08-24T11:02:08.026+0000][175][info ][safepoint   ] Safepoint "G1CollectForAllocation", Time since last: 16173708 ns, Reaching safepoint: 1792 ns, Cleanup: 26542 ns, At safepoint: 2576958 ns, Total: 2605292 ns
[2025-08-24T11:02:08.094+0000][175][info ][safepoint   ] Safepoint "ICBufferFull", Time since last: 67381209 ns, Reaching safepoint: 1791 ns, Cleanup: 76167 ns, At safepoint: 5458 ns, Total: 83416 ns
[2025-08-24T11:02:08.171+0000][175][info ][safepoint   ] Safepoint "ICBufferFull", Time since last: 77072042 ns, Reaching safepoint: 1875 ns, Cleanup: 67583 ns, At safepoint: 4042 ns, Total: 73500 ns
[2025-08-24T11:02:08.238+0000][175][info ][safepoint   ] Safepoint "ICBufferFull", Time since last: 66425208 ns, Reaching safepoint: 1959 ns, Cleanup: 91666 ns, At safepoint: 4167 ns, Total: 97792 ns
[2025-08-24T11:02:08.449+0000][175][info ][safepoint   ] Safepoint "ICBufferFull", Time since last: 211748542 ns, Reaching safepoint: 2291 ns, Cleanup: 58875 ns, At safepoint: 5750 ns, Total: 66916 ns
[2025-08-24T11:02:08.515+0000][175][info ][safepoint   ] Safepoint "ICBufferFull", Time since last: 65473792 ns, Reaching safepoint: 2167 ns, Cleanup: 60458 ns, At safepoint: 10333 ns, Total: 72958 ns
[2025-08-24T11:02:08.652+0000][175][info ][safepoint   ] Safepoint "ICBufferFull", Time since last: 136890917 ns, Reaching safepoint: 2792 ns, Cleanup: 73916 ns, At safepoint: 5250 ns, Total: 81958 ns
[2025-08-24T11:02:08.694+0000][175][info ][gc,start    ] GC(1) Pause Young (Normal) (G1 Evacuation Pause)
[2025-08-24T11:02:08.695+0000][175][info ][gc,task     ] GC(1) Using 8 workers of 8 for evacuation
[2025-08-24T11:02:08.695+0000][175][debug][gc,age      ] GC(1) Desired survivor size 6291456 bytes, new threshold 15 (max threshold 15)
[2025-08-24T11:02:08.699+0000][175][info ][gc,phases   ] GC(1)   Pre Evacuate Collection Set: 0.17ms
[2025-08-24T11:02:08.699+0000][175][info ][gc,phases   ] GC(1)   Merge Heap Roots: 0.11ms
[2025-08-24T11:02:08.699+0000][175][info ][gc,phases   ] GC(1)   Evacuate Collection Set: 3.58ms
[2025-08-24T11:02:08.700+0000][175][info ][gc,phases   ] GC(1)   Post Evacuate Collection Set: 0.76ms
[2025-08-24T11:02:08.700+0000][175][info ][gc,phases   ] GC(1)   Other: 0.15ms
[2025-08-24T11:02:08.700+0000][175][trace][gc,age      ] GC(1) Age table with threshold 15 (max threshold 15)
[2025-08-24T11:02:08.700+0000][175][trace][gc,age      ] GC(1) - age   1:    4977888 bytes,    4977888 total
[2025-08-24T11:02:08.700+0000][175][trace][gc,age      ] GC(1) - age   2:    4603648 bytes,    9581536 total
[2025-08-24T11:02:08.700+0000][175][info ][gc,heap     ] GC(1) Eden regions: 22->0(42)
[2025-08-24T11:02:08.700+0000][175][info ][gc,heap     ] GC(1) Survivor regions: 2->3(3)
[2025-08-24T11:02:08.700+0000][175][info ][gc,heap     ] GC(1) Old regions: 1->1
[2025-08-24T11:02:08.700+0000][175][info ][gc,heap     ] GC(1) Humongous regions: 0->0
[2025-08-24T11:02:08.700+0000][175][info ][gc,metaspace] GC(1) Metaspace: 20145K(20800K)->20145K(20800K) NonClass: 17827K(18240K)->17827K(18240K) Class: 2317K(2560K)->2317K(2560K)
[2025-08-24T11:02:08.700+0000][175][info ][gc          ] GC(1) Pause Young (Normal) (G1 Evacuation Pause) 93M->10M(1024M) 5.510ms
[2025-08-24T11:02:08.700+0000][175][info ][gc,cpu      ] GC(1) User=0.03s Sys=0.00s Real=0.00s
[2025-08-24T11:02:08.700+0000][175][info ][safepoint   ] Safepoint "G1CollectForAllocation", Time since last: 42492292 ns, Reaching safepoint: 2667 ns, Cleanup: 41916 ns, At safepoint: 5620667 ns, Total: 5665250 ns
[2025-08-24T11:02:08.764+0000][175][info ][gc,start    ] GC(2) Pause Young (Concurrent Start) (Metadata GC Threshold)
[2025-08-24T11:02:08.764+0000][175][info ][gc,task     ] GC(2) Using 8 workers of 8 for evacuation
[2025-08-24T11:02:08.764+0000][175][debug][gc,age      ] GC(2) Desired survivor size 12582912 bytes, new threshold 15 (max threshold 15)
[2025-08-24T11:02:08.768+0000][175][info ][gc,phases   ] GC(2)   Pre Evacuate Collection Set: 0.17ms
[2025-08-24T11:02:08.768+0000][175][info ][gc,phases   ] GC(2)   Merge Heap Roots: 0.06ms
[2025-08-24T11:02:08.768+0000][175][info ][gc,phases   ] GC(2)   Evacuate Collection Set: 3.06ms
[2025-08-24T11:02:08.769+0000][175][info ][gc,phases   ] GC(2)   Post Evacuate Collection Set: 0.60ms
[2025-08-24T11:02:08.769+0000][175][info ][gc,phases   ] GC(2)   Other: 0.21ms
[2025-08-24T11:02:08.769+0000][175][trace][gc,age      ] GC(2) Age table with threshold 15 (max threshold 15)
[2025-08-24T11:02:08.769+0000][175][trace][gc,age      ] GC(2) - age   1:     504656 bytes,     504656 total
[2025-08-24T11:02:08.769+0000][175][trace][gc,age      ] GC(2) - age   2:    4061432 bytes,    4566088 total
[2025-08-24T11:02:08.769+0000][175][trace][gc,age      ] GC(2) - age   3:    4587920 bytes,    9154008 total
[2025-08-24T11:02:08.769+0000][175][info ][gc,heap     ] GC(2) Eden regions: 6->0(81)
[2025-08-24T11:02:08.769+0000][175][info ][gc,heap     ] GC(2) Survivor regions: 3->3(6)
[2025-08-24T11:02:08.769+0000][175][info ][gc,heap     ] GC(2) Old regions: 1->1
[2025-08-24T11:02:08.769+0000][175][info ][gc,heap     ] GC(2) Humongous regions: 0->0
[2025-08-24T11:02:08.769+0000][175][info ][gc,metaspace] GC(2) Metaspace: 20847K(21504K)->20847K(21504K) NonClass: 18420K(18816K)->18420K(18816K) Class: 2427K(2688K)->2427K(2688K)
[2025-08-24T11:02:08.769+0000][175][info ][gc          ] GC(2) Pause Young (Concurrent Start) (Metadata GC Threshold) 32M->10M(1024M) 4.735ms
[2025-08-24T11:02:08.769+0000][175][info ][gc,cpu      ] GC(2) User=0.02s Sys=0.01s Real=0.00s
[2025-08-24T11:02:08.769+0000][175][info ][gc          ] GC(3) Concurrent Mark Cycle
[2025-08-24T11:02:08.769+0000][175][info ][gc,marking  ] GC(3) Concurrent Scan Root Regions
[2025-08-24T11:02:08.769+0000][175][info ][safepoint   ] Safepoint "CollectForMetadataAllocation", Time since last: 63261209 ns, Reaching safepoint: 768458 ns, Cleanup: 65375 ns, At safepoint: 4896417 ns, Total: 5730250 ns
[2025-08-24T11:02:08.771+0000][175][info ][gc,marking  ] GC(3) Concurrent Scan Root Regions 2.293ms
[2025-08-24T11:02:08.771+0000][175][info ][gc,marking  ] GC(3) Concurrent Mark
[2025-08-24T11:02:08.771+0000][175][info ][gc,marking  ] GC(3) Concurrent Mark From Roots
[2025-08-24T11:02:08.771+0000][175][info ][gc,task     ] GC(3) Using 2 workers of 2 for marking
[2025-08-24T11:02:08.772+0000][175][info ][gc,marking  ] GC(3) Concurrent Mark From Roots 0.868ms
[2025-08-24T11:02:08.772+0000][175][info ][gc,marking  ] GC(3) Concurrent Preclean
[2025-08-24T11:02:08.772+0000][175][info ][gc,marking  ] GC(3) Concurrent Preclean 0.026ms
[2025-08-24T11:02:08.773+0000][175][info ][gc,start    ] GC(3) Pause Remark
[2025-08-24T11:02:08.775+0000][175][info ][gc          ] GC(3) Pause Remark 13M->13M(1024M) 1.604ms
[2025-08-24T11:02:08.775+0000][175][info ][gc,cpu      ] GC(3) User=0.00s Sys=0.00s Real=0.00s
[2025-08-24T11:02:08.775+0000][175][info ][safepoint   ] Safepoint "G1PauseRemark", Time since last: 3392500 ns, Reaching safepoint: 621791 ns, Cleanup: 6459 ns, At safepoint: 1708333 ns, Total: 2336583 ns
[2025-08-24T11:02:08.778+0000][175][info ][gc,marking  ] GC(3) Concurrent Mark 6.944ms
[2025-08-24T11:02:08.779+0000][175][info ][gc,marking  ] GC(3) Concurrent Rebuild Remembered Sets and Scrub Regions
[2025-08-24T11:02:08.779+0000][175][info ][gc,marking  ] GC(3) Concurrent Rebuild Remembered Sets and Scrub Regions 0.705ms
[2025-08-24T11:02:08.780+0000][175][info ][gc,start    ] GC(3) Pause Cleanup
[2025-08-24T11:02:08.780+0000][175][info ][gc          ] GC(3) Pause Cleanup 13M->13M(1024M) 0.160ms
[2025-08-24T11:02:08.780+0000][175][info ][gc,cpu      ] GC(3) User=0.00s Sys=0.00s Real=0.00s
[2025-08-24T11:02:08.780+0000][175][info ][safepoint   ] Safepoint "G1PauseCleanup", Time since last: 4816000 ns, Reaching safepoint: 420167 ns, Cleanup: 19041 ns, At safepoint: 314042 ns, Total: 753250 ns
[2025-08-24T11:02:08.783+0000][175][info ][gc,marking  ] GC(3) Concurrent Clear Claimed Marks
[2025-08-24T11:02:08.784+0000][175][info ][gc,marking  ] GC(3) Concurrent Clear Claimed Marks 1.267ms
[2025-08-24T11:02:08.784+0000][175][info ][gc,marking  ] GC(3) Concurrent Cleanup for Next Mark
[2025-08-24T11:02:08.785+0000][175][info ][gc,marking  ] GC(3) Concurrent Cleanup for Next Mark 0.934ms
[2025-08-24T11:02:08.786+0000][175][info ][gc          ] GC(3) Concurrent Mark Cycle 16.663ms
[2025-08-24T11:02:08.866+0000][175][info ][safepoint   ] Safepoint "ICBufferFull", Time since last: 85885917 ns, Reaching safepoint: 2541 ns, Cleanup: 68542 ns, At safepoint: 4542 ns, Total: 75625 ns
[2025-08-24T11:02:08.933+0000][175][info ][safepoint   ] Safepoint "ICBufferFull", Time since last: 66000666 ns, Reaching safepoint: 791459 ns, Cleanup: 87333 ns, At safepoint: 11417 ns, Total: 890209 ns
[2025-08-24T11:02:09.029+0000][175][info ][safepoint   ] Safepoint "ICBufferFull", Time since last: 95876541 ns, Reaching safepoint: 2375 ns, Cleanup: 79375 ns, At safepoint: 5792 ns, Total: 87542 ns
[2025-08-24T11:02:09.164+0000][175][info ][safepoint   ] Safepoint "ICBufferFull", Time since last: 133953708 ns, Reaching safepoint: 1075417 ns, Cleanup: 143542 ns, At safepoint: 14458 ns, Total: 1233417 ns
[2025-08-24T11:02:09.265+0000][175][info ][safepoint   ] Safepoint "ICBufferFull", Time since last: 100768500 ns, Reaching safepoint: 2875 ns, Cleanup: 85292 ns, At safepoint: 5416 ns, Total: 93583 ns
[2025-08-24T11:02:09.287+0000][175][info ][gc,start    ] GC(4) Pause Young (Prepare Mixed) (G1 Evacuation Pause)
[2025-08-24T11:02:09.288+0000][175][info ][gc,task     ] GC(4) Using 8 workers of 8 for evacuation
[2025-08-24T11:02:09.288+0000][175][debug][gc,age      ] GC(4) Desired survivor size 23068672 bytes, new threshold 15 (max threshold 15)
[2025-08-24T11:02:09.293+0000][175][info ][gc,phases   ] GC(4)   Pre Evacuate Collection Set: 0.13ms
[2025-08-24T11:02:09.293+0000][175][info ][gc,phases   ] GC(4)   Merge Heap Roots: 0.09ms
[2025-08-24T11:02:09.293+0000][175][info ][gc,phases   ] GC(4)   Evacuate Collection Set: 4.36ms
[2025-08-24T11:02:09.293+0000][175][info ][gc,phases   ] GC(4)   Post Evacuate Collection Set: 0.85ms
[2025-08-24T11:02:09.293+0000][175][info ][gc,phases   ] GC(4)   Other: 0.15ms
[2025-08-24T11:02:09.293+0000][175][trace][gc,age      ] GC(4) Age table with threshold 15 (max threshold 15)
[2025-08-24T11:02:09.293+0000][175][trace][gc,age      ] GC(4) - age   1:    6704800 bytes,    6704800 total
[2025-08-24T11:02:09.293+0000][175][trace][gc,age      ] GC(4) - age   2:     424640 bytes,    7129440 total
[2025-08-24T11:02:09.293+0000][175][trace][gc,age      ] GC(4) - age   3:    4028504 bytes,   11157944 total
[2025-08-24T11:02:09.293+0000][175][trace][gc,age      ] GC(4) - age   4:    4586728 bytes,   15744672 total
[2025-08-24T11:02:09.294+0000][175][info ][gc,heap     ] GC(4) Eden regions: 81->0(149)
[2025-08-24T11:02:09.294+0000][175][info ][gc,heap     ] GC(4) Survivor regions: 3->4(11)
[2025-08-24T11:02:09.294+0000][175][info ][gc,heap     ] GC(4) Old regions: 1->1
[2025-08-24T11:02:09.294+0000][175][info ][gc,heap     ] GC(4) Humongous regions: 0->0
[2025-08-24T11:02:09.294+0000][175][info ][gc,metaspace] GC(4) Metaspace: 28965K(29824K)->28965K(29824K) NonClass: 25618K(26112K)->25618K(26112K) Class: 3347K(3712K)->3347K(3712K)
[2025-08-24T11:02:09.294+0000][175][info ][gc          ] GC(4) Pause Young (Prepare Mixed) (G1 Evacuation Pause) 334M->17M(1024M) 6.301ms
[2025-08-24T11:02:09.294+0000][175][info ][gc,cpu      ] GC(4) User=0.03s Sys=0.00s Real=0.01s
[2025-08-24T11:02:09.294+0000][175][info ][safepoint   ] Safepoint "G1CollectForAllocation", Time since last: 22135417 ns, Reaching safepoint: 6625 ns, Cleanup: 29542 ns, At safepoint: 6390291 ns, Total: 6426458 ns
[2025-08-24T11:02:09.377+0000][175][info ][safepoint   ] Safepoint "ICBufferFull", Time since last: 82978042 ns, Reaching safepoint: 2208 ns, Cleanup: 100000 ns, At safepoint: 3500 ns, Total: 105708 ns
[2025-08-24T11:02:09.455+0000][175][info ][safepoint   ] Safepoint "ICBufferFull", Time since last: 77958917 ns, Reaching safepoint: 2334 ns, Cleanup: 70375 ns, At safepoint: 4458 ns, Total: 77167 ns
[2025-08-24T11:02:09.643+0000][175][info ][safepoint   ] Safepoint "ICBufferFull", Time since last: 187630292 ns, Reaching safepoint: 2041 ns, Cleanup: 88375 ns, At safepoint: 7459 ns, Total: 97875 ns
[2025-08-24T11:02:09.748+0000][175][info ][gc,start    ] GC(5) Pause Young (Mixed) (Metadata GC Threshold)
[2025-08-24T11:02:09.748+0000][175][info ][gc,task     ] GC(5) Using 8 workers of 8 for evacuation
[2025-08-24T11:02:09.748+0000][175][debug][gc,age      ] GC(5) Desired survivor size 41943040 bytes, new threshold 15 (max threshold 15)
[2025-08-24T11:02:09.755+0000][175][info ][gc,phases   ] GC(5)   Pre Evacuate Collection Set: 0.13ms
[2025-08-24T11:02:09.755+0000][175][info ][gc,phases   ] GC(5)   Merge Heap Roots: 0.06ms
[2025-08-24T11:02:09.755+0000][175][info ][gc,phases   ] GC(5)   Evacuate Collection Set: 5.86ms
[2025-08-24T11:02:09.755+0000][175][info ][gc,phases   ] GC(5)   Post Evacuate Collection Set: 0.83ms
[2025-08-24T11:02:09.755+0000][175][info ][gc,phases   ] GC(5)   Other: 0.15ms
[2025-08-24T11:02:09.755+0000][175][trace][gc,age      ] GC(5) Age table with threshold 15 (max threshold 15)
[2025-08-24T11:02:09.755+0000][175][trace][gc,age      ] GC(5) - age   1:    8189584 bytes,    8189584 total
[2025-08-24T11:02:09.755+0000][175][trace][gc,age      ] GC(5) - age   2:    5942064 bytes,   14131648 total
[2025-08-24T11:02:09.755+0000][175][trace][gc,age      ] GC(5) - age   3:     424520 bytes,   14556168 total
[2025-08-24T11:02:09.755+0000][175][trace][gc,age      ] GC(5) - age   4:    4026936 bytes,   18583104 total
[2025-08-24T11:02:09.756+0000][175][trace][gc,age      ] GC(5) - age   5:    4586728 bytes,   23169832 total
[2025-08-24T11:02:09.756+0000][175][info ][gc,heap     ] GC(5) Eden regions: 131->0(147)
[2025-08-24T11:02:09.756+0000][175][info ][gc,heap     ] GC(5) Survivor regions: 4->6(20)
[2025-08-24T11:02:09.756+0000][175][info ][gc,heap     ] GC(5) Old regions: 1->1
[2025-08-24T11:02:09.756+0000][175][info ][gc,heap     ] GC(5) Humongous regions: 0->0
[2025-08-24T11:02:09.756+0000][175][info ][gc,metaspace] GC(5) Metaspace: 35215K(36096K)->35215K(36096K) NonClass: 31151K(31680K)->31151K(31680K) Class: 4063K(4416K)->4063K(4416K)
[2025-08-24T11:02:09.756+0000][175][info ][gc          ] GC(5) Pause Young (Mixed) (Metadata GC Threshold) 539M->24M(1024M) 7.927ms
[2025-08-24T11:02:09.756+0000][175][info ][gc,cpu      ] GC(5) User=0.04s Sys=0.00s Real=0.01s
[2025-08-24T11:02:09.756+0000][175][info ][safepoint   ] Safepoint "CollectForMetadataAllocation", Time since last: 105131000 ns, Reaching safepoint: 2000 ns, Cleanup: 101875 ns, At safepoint: 8116125 ns, Total: 8220000 ns
[2025-08-24T11:02:09.762+0000][175][info ][gc,start    ] GC(6) Pause Young (Concurrent Start) (Metadata GC Threshold)
[2025-08-24T11:02:09.762+0000][175][info ][gc,task     ] GC(6) Using 8 workers of 8 for evacuation
[2025-08-24T11:02:09.763+0000][175][debug][gc,age      ] GC(6) Desired survivor size 41943040 bytes, new threshold 15 (max threshold 15)
[2025-08-24T11:02:09.769+0000][175][info ][gc,phases   ] GC(6)   Pre Evacuate Collection Set: 0.14ms
[2025-08-24T11:02:09.769+0000][175][info ][gc,phases   ] GC(6)   Merge Heap Roots: 0.03ms
[2025-08-24T11:02:09.769+0000][175][info ][gc,phases   ] GC(6)   Evacuate Collection Set: 5.00ms
[2025-08-24T11:02:09.769+0000][175][info ][gc,phases   ] GC(6)   Post Evacuate Collection Set: 0.83ms
[2025-08-24T11:02:09.769+0000][175][info ][gc,phases   ] GC(6)   Other: 0.16ms
[2025-08-24T11:02:09.769+0000][175][trace][gc,age      ] GC(6) Age table with threshold 15 (max threshold 15)
[2025-08-24T11:02:09.769+0000][175][trace][gc,age      ] GC(6) - age   1:      48624 bytes,      48624 total
[2025-08-24T11:02:09.769+0000][175][trace][gc,age      ] GC(6) - age   2:    8159520 bytes,    8208144 total
[2025-08-24T11:02:09.769+0000][175][trace][gc,age      ] GC(6) - age   3:    5942032 bytes,   14150176 total
[2025-08-24T11:02:09.769+0000][175][trace][gc,age      ] GC(6) - age   4:     424520 bytes,   14574696 total
[2025-08-24T11:02:09.769+0000][175][trace][gc,age      ] GC(6) - age   5:    4026936 bytes,   18601632 total
[2025-08-24T11:02:09.769+0000][175][trace][gc,age      ] GC(6) - age   6:    4586728 bytes,   23188360 total
[2025-08-24T11:02:09.769+0000][175][info ][gc,heap     ] GC(6) Eden regions: 1->0(146)
[2025-08-24T11:02:09.769+0000][175][info ][gc,heap     ] GC(6) Survivor regions: 6->7(20)
[2025-08-24T11:02:09.769+0000][175][info ][gc,heap     ] GC(6) Old regions: 1->1
[2025-08-24T11:02:09.769+0000][175][info ][gc,heap     ] GC(6) Humongous regions: 0->0
[2025-08-24T11:02:09.769+0000][175][info ][gc,metaspace] GC(6) Metaspace: 35532K(36416K)->35532K(36416K) NonClass: 31417K(31936K)->31417K(31936K) Class: 4114K(4480K)->4114K(4480K)
[2025-08-24T11:02:09.769+0000][175][info ][gc          ] GC(6) Pause Young (Concurrent Start) (Metadata GC Threshold) 28M->25M(1024M) 6.834ms
[2025-08-24T11:02:09.769+0000][175][info ][gc,cpu      ] GC(6) User=0.03s Sys=0.00s Real=0.00s
[2025-08-24T11:02:09.769+0000][175][info ][gc          ] GC(7) Concurrent Mark Cycle
[2025-08-24T11:02:09.769+0000][175][info ][gc,marking  ] GC(7) Concurrent Scan Root Regions
[2025-08-24T11:02:09.769+0000][175][info ][safepoint   ] Safepoint "CollectForMetadataAllocation", Time since last: 6437250 ns, Reaching safepoint: 1458 ns, Cleanup: 958 ns, At safepoint: 6992917 ns, Total: 6995333 ns
[2025-08-24T11:02:09.773+0000][175][info ][gc,marking  ] GC(7) Concurrent Scan Root Regions 3.124ms
[2025-08-24T11:02:09.775+0000][175][info ][gc,marking  ] GC(7) Concurrent Mark
[2025-08-24T11:02:09.776+0000][175][info ][gc,marking  ] GC(7) Concurrent Mark From Roots
[2025-08-24T11:02:09.777+0000][175][info ][gc,task     ] GC(7) Using 2 workers of 2 for marking
[2025-08-24T11:02:09.778+0000][175][info ][safepoint   ] Safepoint "CollectForMetadataAllocation", Time since last: 8825708 ns, Reaching safepoint: 40959 ns, Cleanup: 13000 ns, At safepoint: 71291 ns, Total: 125250 ns
[2025-08-24T11:02:09.778+0000][175][info ][safepoint   ] Safepoint "CollectForMetadataAllocation", Time since last: 82125 ns, Reaching safepoint: 16584 ns, Cleanup: 1208 ns, At safepoint: 9333 ns, Total: 27125 ns
[2025-08-24T11:02:09.779+0000][175][info ][gc,marking  ] GC(7) Concurrent Mark From Roots 2.868ms
[2025-08-24T11:02:09.779+0000][175][info ][gc,marking  ] GC(7) Concurrent Preclean
[2025-08-24T11:02:09.779+0000][175][info ][gc,marking  ] GC(7) Concurrent Preclean 0.050ms
[2025-08-24T11:02:09.780+0000][175][info ][gc,start    ] GC(7) Pause Remark
[2025-08-24T11:02:09.782+0000][175][info ][gc          ] GC(7) Pause Remark 29M->29M(1024M) 1.912ms
[2025-08-24T11:02:09.782+0000][175][info ][gc,cpu      ] GC(7) User=0.01s Sys=0.00s Real=0.01s
[2025-08-24T11:02:09.782+0000][175][info ][safepoint   ] Safepoint "G1PauseRemark", Time since last: 517250 ns, Reaching safepoint: 1171000 ns, Cleanup: 1625 ns, At safepoint: 2014167 ns, Total: 3186792 ns
[2025-08-24T11:02:09.782+0000][175][info ][gc,marking  ] GC(7) Concurrent Mark 6.838ms
[2025-08-24T11:02:09.782+0000][175][info ][gc,marking  ] GC(7) Concurrent Rebuild Remembered Sets and Scrub Regions
[2025-08-24T11:02:09.783+0000][175][info ][gc,marking  ] GC(7) Concurrent Rebuild Remembered Sets and Scrub Regions 0.365ms
[2025-08-24T11:02:09.783+0000][175][info ][gc,start    ] GC(7) Pause Cleanup
[2025-08-24T11:02:09.783+0000][175][info ][gc          ] GC(7) Pause Cleanup 31M->31M(1024M) 0.117ms
[2025-08-24T11:02:09.783+0000][175][info ][gc,cpu      ] GC(7) User=0.00s Sys=0.00s Real=0.00s
[2025-08-24T11:02:09.783+0000][175][info ][safepoint   ] Safepoint "G1PauseCleanup", Time since last: 497583 ns, Reaching safepoint: 333792 ns, Cleanup: 5625 ns, At safepoint: 195000 ns, Total: 534417 ns
[2025-08-24T11:02:09.783+0000][175][info ][gc,marking  ] GC(7) Concurrent Clear Claimed Marks
[2025-08-24T11:02:09.783+0000][175][info ][gc,marking  ] GC(7) Concurrent Clear Claimed Marks 0.047ms
[2025-08-24T11:02:09.783+0000][175][info ][gc,marking  ] GC(7) Concurrent Cleanup for Next Mark
[2025-08-24T11:02:09.784+0000][175][info ][gc,marking  ] GC(7) Concurrent Cleanup for Next Mark 0.283ms
[2025-08-24T11:02:09.784+0000][175][info ][gc          ] GC(7) Concurrent Mark Cycle 14.396ms
[2025-08-24T11:02:10.104+0000][175][info ][safepoint   ] Safepoint "ICBufferFull", Time since last: 320635583 ns, Reaching safepoint: 2250 ns, Cleanup: 72917 ns, At safepoint: 4250 ns, Total: 79417 ns
[2025-08-24T11:02:10.206+0000][175][info ][gc,start    ] GC(8) Pause Young (Normal) (G1 Evacuation Pause)
[2025-08-24T11:02:10.206+0000][175][info ][gc,task     ] GC(8) Using 8 workers of 8 for evacuation
[2025-08-24T11:02:10.206+0000][175][debug][gc,age      ] GC(8) Desired survivor size 41943040 bytes, new threshold 15 (max threshold 15)
[2025-08-24T11:02:10.213+0000][175][info ][gc,phases   ] GC(8)   Pre Evacuate Collection Set: 0.20ms
[2025-08-24T11:02:10.214+0000][175][info ][gc,phases   ] GC(8)   Merge Heap Roots: 0.07ms
[2025-08-24T11:02:10.214+0000][175][info ][gc,phases   ] GC(8)   Evacuate Collection Set: 5.89ms
[2025-08-24T11:02:10.214+0000][175][info ][gc,phases   ] GC(8)   Post Evacuate Collection Set: 1.03ms
[2025-08-24T11:02:10.214+0000][175][info ][gc,phases   ] GC(8)   Other: 0.21ms
[2025-08-24T11:02:10.214+0000][175][trace][gc,age      ] GC(8) Age table with threshold 15 (max threshold 15)
[2025-08-24T11:02:10.214+0000][175][trace][gc,age      ] GC(8) - age   1:   10170976 bytes,   10170976 total
[2025-08-24T11:02:10.214+0000][175][trace][gc,age      ] GC(8) - age   2:      37648 bytes,   10208624 total
[2025-08-24T11:02:10.214+0000][175][trace][gc,age      ] GC(8) - age   3:    8145832 bytes,   18354456 total
[2025-08-24T11:02:10.214+0000][175][trace][gc,age      ] GC(8) - age   4:    5934072 bytes,   24288528 total
[2025-08-24T11:02:10.214+0000][175][trace][gc,age      ] GC(8) - age   5:     404536 bytes,   24693064 total
[2025-08-24T11:02:10.214+0000][175][trace][gc,age      ] GC(8) - age   6:    4019088 bytes,   28712152 total
[2025-08-24T11:02:10.214+0000][175][trace][gc,age      ] GC(8) - age   7:    4579848 bytes,   33292000 total
[2025-08-24T11:02:10.214+0000][175][info ][gc,heap     ] GC(8) Eden regions: 146->0(144)
[2025-08-24T11:02:10.214+0000][175][info ][gc,heap     ] GC(8) Survivor regions: 7->9(20)
[2025-08-24T11:02:10.214+0000][175][info ][gc,heap     ] GC(8) Old regions: 1->1
[2025-08-24T11:02:10.214+0000][175][info ][gc,heap     ] GC(8) Humongous regions: 0->0
[2025-08-24T11:02:10.214+0000][175][info ][gc,metaspace] GC(8) Metaspace: 38293K(39424K)->38293K(39424K) NonClass: 33801K(34496K)->33801K(34496K) Class: 4491K(4928K)->4491K(4928K)
[2025-08-24T11:02:10.214+0000][175][info ][gc          ] GC(8) Pause Young (Normal) (G1 Evacuation Pause) 609M->34M(1024M) 8.309ms
[2025-08-24T11:02:10.214+0000][175][info ][gc,cpu      ] GC(8) User=0.04s Sys=0.00s Real=0.01s
[2025-08-24T11:02:10.214+0000][175][info ][safepoint   ] Safepoint "G1CollectForAllocation", Time since last: 101902792 ns, Reaching safepoint: 2583 ns, Cleanup: 60250 ns, At safepoint: 8423167 ns, Total: 8486000 ns
[2025-08-24T11:02:10.392+0000][175][info ][safepoint   ] Safepoint "ICBufferFull", Time since last: 177815375 ns, Reaching safepoint: 2333 ns, Cleanup: 82917 ns, At safepoint: 4542 ns, Total: 89792 ns
[2025-08-24T11:02:10.439+0000][175][info ][safepoint   ] Safepoint "ICBufferFull", Time since last: 46229208 ns, Reaching safepoint: 515542 ns, Cleanup: 60875 ns, At safepoint: 11708 ns, Total: 588125 ns
[2025-08-24T11:02:10.569+0000][175][info ][safepoint   ] Safepoint "ICBufferFull", Time since last: 130178417 ns, Reaching safepoint: 2291 ns, Cleanup: 63792 ns, At safepoint: 10500 ns, Total: 76583 ns
[2025-08-24T11:02:10.791+0000][175][info ][safepoint   ] Safepoint "ICBufferFull", Time since last: 221228125 ns, Reaching safepoint: 7792 ns, Cleanup: 141208 ns, At safepoint: 13875 ns, Total: 162875 ns
[2025-08-24T11:02:10.906+0000][175][info ][safepoint   ] Safepoint "ICBufferFull", Time since last: 114841042 ns, Reaching safepoint: 1958 ns, Cleanup: 66125 ns, At safepoint: 4875 ns, Total: 72958 ns
[2025-08-24T11:02:11.061+0000][175][info ][safepoint   ] Safepoint "ICBufferFull", Time since last: 155337584 ns, Reaching safepoint: 2083 ns, Cleanup: 132375 ns, At safepoint: 5875 ns, Total: 140333 ns
[2025-08-24T11:02:11.267+0000][175][info ][gc,start    ] GC(9) Pause Young (Concurrent Start) (Metadata GC Threshold)
[2025-08-24T11:02:11.267+0000][175][info ][gc,task     ] GC(9) Using 8 workers of 8 for evacuation
[2025-08-24T11:02:11.267+0000][175][debug][gc,age      ] GC(9) Desired survivor size 41943040 bytes, new threshold 15 (max threshold 15)
[2025-08-24T11:02:11.279+0000][175][info ][gc,phases   ] GC(9)   Pre Evacuate Collection Set: 0.13ms
[2025-08-24T11:02:11.279+0000][175][info ][gc,phases   ] GC(9)   Merge Heap Roots: 0.07ms
[2025-08-24T11:02:11.279+0000][175][info ][gc,phases   ] GC(9)   Evacuate Collection Set: 9.91ms
[2025-08-24T11:02:11.279+0000][175][info ][gc,phases   ] GC(9)   Post Evacuate Collection Set: 1.69ms
[2025-08-24T11:02:11.279+0000][175][info ][gc,phases   ] GC(9)   Other: 0.19ms
[2025-08-24T11:02:11.279+0000][175][trace][gc,age      ] GC(9) Age table with threshold 15 (max threshold 15)
[2025-08-24T11:02:11.279+0000][175][trace][gc,age      ] GC(9) - age   1:   10348232 bytes,   10348232 total
[2025-08-24T11:02:11.279+0000][175][trace][gc,age      ] GC(9) - age   2:    8879880 bytes,   19228112 total
[2025-08-24T11:02:11.279+0000][175][trace][gc,age      ] GC(9) - age   3:      37424 bytes,   19265536 total
[2025-08-24T11:02:11.279+0000][175][trace][gc,age      ] GC(9) - age   4:    8105256 bytes,   27370792 total
[2025-08-24T11:02:11.279+0000][175][trace][gc,age      ] GC(9) - age   5:    5748744 bytes,   33119536 total
[2025-08-24T11:02:11.279+0000][175][trace][gc,age      ] GC(9) - age   6:     400976 bytes,   33520512 total
[2025-08-24T11:02:11.279+0000][175][trace][gc,age      ] GC(9) - age   7:    3981496 bytes,   37502008 total
[2025-08-24T11:02:11.279+0000][175][trace][gc,age      ] GC(9) - age   8:    4570792 bytes,   42072800 total
[2025-08-24T11:02:11.279+0000][175][info ][gc,heap     ] GC(9) Eden regions: 135->0(142)
[2025-08-24T11:02:11.279+0000][175][info ][gc,heap     ] GC(9) Survivor regions: 9->11(20)
[2025-08-24T11:02:11.279+0000][175][info ][gc,heap     ] GC(9) Old regions: 1->1
[2025-08-24T11:02:11.279+0000][175][info ][gc,heap     ] GC(9) Humongous regions: 0->0
[2025-08-24T11:02:11.279+0000][175][info ][gc,metaspace] GC(9) Metaspace: 59921K(61376K)->59921K(61376K) NonClass: 52352K(53248K)->52352K(53248K) Class: 7569K(8128K)->7569K(8128K)
[2025-08-24T11:02:11.279+0000][175][info ][gc          ] GC(9) Pause Young (Concurrent Start) (Metadata GC Threshold) 574M->44M(1024M) 12.786ms
[2025-08-24T11:02:11.279+0000][175][info ][gc,cpu      ] GC(9) User=0.07s Sys=0.01s Real=0.01s
[2025-08-24T11:02:11.279+0000][175][info ][gc          ] GC(10) Concurrent Mark Cycle
[2025-08-24T11:02:11.280+0000][175][info ][gc,marking  ] GC(10) Concurrent Scan Root Regions
[2025-08-24T11:02:11.280+0000][175][info ][safepoint   ] Safepoint "CollectForMetadataAllocation", Time since last: 205531292 ns, Reaching safepoint: 2083 ns, Cleanup: 55458 ns, At safepoint: 12971209 ns, Total: 13028750 ns
[2025-08-24T11:02:11.285+0000][175][info ][gc,marking  ] GC(10) Concurrent Scan Root Regions 5.254ms
[2025-08-24T11:02:11.287+0000][175][info ][gc,marking  ] GC(10) Concurrent Mark
[2025-08-24T11:02:11.287+0000][175][info ][gc,marking  ] GC(10) Concurrent Mark From Roots
[2025-08-24T11:02:11.287+0000][175][info ][gc,task     ] GC(10) Using 2 workers of 2 for marking
[2025-08-24T11:02:11.287+0000][175][info ][safepoint   ] Safepoint "CollectForMetadataAllocation", Time since last: 7078333 ns, Reaching safepoint: 2375 ns, Cleanup: 1583 ns, At safepoint: 60459 ns, Total: 64417 ns
[2025-08-24T11:02:11.288+0000][175][info ][gc,marking  ] GC(10) Concurrent Mark From Roots 0.817ms
[2025-08-24T11:02:11.291+0000][175][info ][gc,marking  ] GC(10) Concurrent Preclean
[2025-08-24T11:02:11.292+0000][175][info ][gc,marking  ] GC(10) Concurrent Preclean 0.765ms
[2025-08-24T11:02:11.292+0000][175][info ][gc,start    ] GC(10) Pause Remark
[2025-08-24T11:02:11.294+0000][175][info ][gc          ] GC(10) Pause Remark 50M->50M(1024M) 2.580ms
[2025-08-24T11:02:11.295+0000][175][info ][gc,cpu      ] GC(10) User=0.01s Sys=0.00s Real=0.00s
[2025-08-24T11:02:11.295+0000][175][info ][safepoint   ] Safepoint "G1PauseRemark", Time since last: 5056375 ns, Reaching safepoint: 1875 ns, Cleanup: 750 ns, At safepoint: 2753583 ns, Total: 2756208 ns
[2025-08-24T11:02:11.295+0000][175][info ][gc,marking  ] GC(10) Concurrent Mark 7.940ms
[2025-08-24T11:02:11.295+0000][175][info ][gc,marking  ] GC(10) Concurrent Rebuild Remembered Sets and Scrub Regions
[2025-08-24T11:02:11.295+0000][175][info ][gc,marking  ] GC(10) Concurrent Rebuild Remembered Sets and Scrub Regions 0.407ms
[2025-08-24T11:02:11.295+0000][175][info ][gc,start    ] GC(10) Pause Cleanup
[2025-08-24T11:02:11.295+0000][175][info ][gc          ] GC(10) Pause Cleanup 50M->50M(1024M) 0.112ms
[2025-08-24T11:02:11.295+0000][175][info ][gc,cpu      ] GC(10) User=0.00s Sys=0.00s Real=0.00s
[2025-08-24T11:02:11.295+0000][175][info ][safepoint   ] Safepoint "G1PauseCleanup", Time since last: 537500 ns, Reaching safepoint: 1542 ns, Cleanup: 7750 ns, At safepoint: 206250 ns, Total: 215542 ns
[2025-08-24T11:02:11.295+0000][175][info ][gc,marking  ] GC(10) Concurrent Clear Claimed Marks
[2025-08-24T11:02:11.295+0000][175][info ][gc,marking  ] GC(10) Concurrent Clear Claimed Marks 0.053ms
[2025-08-24T11:02:11.295+0000][175][info ][gc,marking  ] GC(10) Concurrent Cleanup for Next Mark
[2025-08-24T11:02:11.296+0000][175][info ][gc,marking  ] GC(10) Concurrent Cleanup for Next Mark 0.271ms
[2025-08-24T11:02:11.296+0000][175][info ][gc          ] GC(10) Concurrent Mark Cycle 16.268ms
[2025-08-24T11:02:11.711+0000][175][info ][safepoint   ] Safepoint "ICBufferFull", Time since last: 415225125 ns, Reaching safepoint: 2500 ns, Cleanup: 100250 ns, At safepoint: 5792 ns, Total: 108542 ns
[2025-08-24T11:02:11.823+0000][175][info ][safepoint   ] Safepoint "ICBufferFull", Time since last: 112272041 ns, Reaching safepoint: 3000 ns, Cleanup: 80667 ns, At safepoint: 5417 ns, Total: 89084 ns
[2025-08-24T11:02:12.315+0000][175][info ][safepoint   ] Safepoint "ICBufferFull", Time since last: 491603083 ns, Reaching safepoint: 2375 ns, Cleanup: 86542 ns, At safepoint: 11042 ns, Total: 99959 ns
[2025-08-24T11:02:12.403+0000][175][info ][safepoint   ] Safepoint "ICBufferFull", Time since last: 87270708 ns, Reaching safepoint: 1282542 ns, Cleanup: 86708 ns, At safepoint: 12958 ns, Total: 1382208 ns
[2025-08-24T11:02:12.642+0000][175][info ][gc,start    ] GC(11) Pause Young (Normal) (G1 Evacuation Pause)
[2025-08-24T11:02:12.642+0000][175][info ][gc,task     ] GC(11) Using 8 workers of 8 for evacuation
[2025-08-24T11:02:12.642+0000][175][debug][gc,age      ] GC(11) Desired survivor size 41943040 bytes, new threshold 8 (max threshold 15)
[2025-08-24T11:02:12.655+0000][175][info ][gc,phases   ] GC(11)   Pre Evacuate Collection Set: 0.15ms
[2025-08-24T11:02:12.656+0000][175][info ][gc,phases   ] GC(11)   Merge Heap Roots: 0.09ms
[2025-08-24T11:02:12.656+0000][175][info ][gc,phases   ] GC(11)   Evacuate Collection Set: 11.32ms
[2025-08-24T11:02:12.656+0000][175][info ][gc,phases   ] GC(11)   Post Evacuate Collection Set: 1.71ms
[2025-08-24T11:02:12.656+0000][175][info ][gc,phases   ] GC(11)   Other: 0.12ms
[2025-08-24T11:02:12.656+0000][175][trace][gc,age      ] GC(11) Age table with threshold 8 (max threshold 15)
[2025-08-24T11:02:12.656+0000][175][trace][gc,age      ] GC(11) - age   1:   10824424 bytes,   10824424 total
[2025-08-24T11:02:12.656+0000][175][trace][gc,age      ] GC(11) - age   2:    9879776 bytes,   20704200 total
[2025-08-24T11:02:12.656+0000][175][trace][gc,age      ] GC(11) - age   3:    8831000 bytes,   29535200 total
[2025-08-24T11:02:12.656+0000][175][trace][gc,age      ] GC(11) - age   4:      37360 bytes,   29572560 total
[2025-08-24T11:02:12.656+0000][175][trace][gc,age      ] GC(11) - age   5:    8093968 bytes,   37666528 total
[2025-08-24T11:02:12.656+0000][175][trace][gc,age      ] GC(11) - age   6:    5724552 bytes,   43391080 total
[2025-08-24T11:02:12.656+0000][175][trace][gc,age      ] GC(11) - age   7:     398576 bytes,   43789656 total
[2025-08-24T11:02:12.656+0000][175][trace][gc,age      ] GC(11) - age   8:    3974104 bytes,   47763760 total
[2025-08-24T11:02:12.656+0000][175][info ][gc,heap     ] GC(11) Eden regions: 142->0(140)
[2025-08-24T11:02:12.656+0000][175][info ][gc,heap     ] GC(11) Survivor regions: 11->13(20)
[2025-08-24T11:02:12.656+0000][175][info ][gc,heap     ] GC(11) Old regions: 1->2
[2025-08-24T11:02:12.656+0000][175][info ][gc,heap     ] GC(11) Humongous regions: 0->0
[2025-08-24T11:02:12.656+0000][175][info ][gc,metaspace] GC(11) Metaspace: 75234K(77056K)->75234K(77056K) NonClass: 65146K(66240K)->65146K(66240K) Class: 10088K(10816K)->10088K(10816K)
[2025-08-24T11:02:12.656+0000][175][info ][gc          ] GC(11) Pause Young (Normal) (G1 Evacuation Pause) 612M->56M(1024M) 14.397ms
[2025-08-24T11:02:12.656+0000][175][info ][gc,cpu      ] GC(11) User=0.09s Sys=0.00s Real=0.01s
[2025-08-24T11:02:12.656+0000][175][info ][safepoint   ] Safepoint "G1CollectForAllocation", Time since last: 238450917 ns, Reaching safepoint: 2958 ns, Cleanup: 59417 ns, At safepoint: 14510667 ns, Total: 14573042 ns
[2025-08-24T11:02:12.852+0000][175][info ][safepoint   ] Safepoint "ICBufferFull", Time since last: 194569083 ns, Reaching safepoint: 1218875 ns, Cleanup: 130917 ns, At safepoint: 8750 ns, Total: 1358542 ns
[2025-08-24T11:02:12.955+0000][175][info ][safepoint   ] Safepoint "ICBufferFull", Time since last: 102705042 ns, Reaching safepoint: 2791 ns, Cleanup: 75667 ns, At safepoint: 5042 ns, Total: 83500 ns
[2025-08-24T11:02:13.133+0000][175][info ][safepoint   ] Safepoint "ICBufferFull", Time since last: 177812708 ns, Reaching safepoint: 2625 ns, Cleanup: 67375 ns, At safepoint: 7958 ns, Total: 77958 ns
[2025-08-24T11:02:13.487+0000][175][info ][safepoint   ] Safepoint "ICBufferFull", Time since last: 353989375 ns, Reaching safepoint: 3250 ns, Cleanup: 127584 ns, At safepoint: 6291 ns, Total: 137125 ns
[2025-08-24T11:02:13.724+0000][175][info ][gc,start    ] GC(12) Pause Young (Concurrent Start) (Metadata GC Threshold)
[2025-08-24T11:02:13.724+0000][175][info ][gc,task     ] GC(12) Using 8 workers of 8 for evacuation
[2025-08-24T11:02:13.725+0000][175][debug][gc,age      ] GC(12) Desired survivor size 41943040 bytes, new threshold 6 (max threshold 15)
[2025-08-24T11:02:13.741+0000][175][info ][gc,phases   ] GC(12)   Pre Evacuate Collection Set: 0.14ms
[2025-08-24T11:02:13.741+0000][175][info ][gc,phases   ] GC(12)   Merge Heap Roots: 0.08ms
[2025-08-24T11:02:13.741+0000][175][info ][gc,phases   ] GC(12)   Evacuate Collection Set: 14.39ms
[2025-08-24T11:02:13.741+0000][175][info ][gc,phases   ] GC(12)   Post Evacuate Collection Set: 1.58ms
[2025-08-24T11:02:13.741+0000][175][info ][gc,phases   ] GC(12)   Other: 0.29ms
[2025-08-24T11:02:13.741+0000][175][trace][gc,age      ] GC(12) Age table with threshold 6 (max threshold 15)
[2025-08-24T11:02:13.741+0000][175][trace][gc,age      ] GC(12) - age   1:    9832480 bytes,    9832480 total
[2025-08-24T11:02:13.741+0000][175][trace][gc,age      ] GC(12) - age   2:   10452424 bytes,   20284904 total
[2025-08-24T11:02:13.741+0000][175][trace][gc,age      ] GC(12) - age   3:    9713512 bytes,   29998416 total
[2025-08-24T11:02:13.741+0000][175][trace][gc,age      ] GC(12) - age   4:    8813256 bytes,   38811672 total
[2025-08-24T11:02:13.741+0000][175][trace][gc,age      ] GC(12) - age   5:      37104 bytes,   38848776 total
[2025-08-24T11:02:13.741+0000][175][trace][gc,age      ] GC(12) - age   6:    8068832 bytes,   46917608 total
[2025-08-24T11:02:13.741+0000][175][info ][gc,heap     ] GC(12) Eden regions: 85->0(140)
[2025-08-24T11:02:13.741+0000][175][info ][gc,heap     ] GC(12) Survivor regions: 13->13(20)
[2025-08-24T11:02:13.741+0000][175][info ][gc,heap     ] GC(12) Old regions: 2->4
[2025-08-24T11:02:13.741+0000][175][info ][gc,heap     ] GC(12) Humongous regions: 0->0
[2025-08-24T11:02:13.742+0000][175][info ][gc,metaspace] GC(12) Metaspace: 101237K(103296K)->101237K(103296K) NonClass: 87557K(88768K)->87557K(88768K) Class: 13679K(14528K)->13679K(14528K)
[2025-08-24T11:02:13.742+0000][175][info ][gc          ] GC(12) Pause Young (Concurrent Start) (Metadata GC Threshold) 394M->67M(1024M) 17.315ms
[2025-08-24T11:02:13.742+0000][175][info ][gc,cpu      ] GC(12) User=0.11s Sys=0.01s Real=0.02s
[2025-08-24T11:02:13.742+0000][175][info ][safepoint   ] Safepoint "CollectForMetadataAllocation", Time since last: 237033209 ns, Reaching safepoint: 2833 ns, Cleanup: 68959 ns, At safepoint: 17557416 ns, Total: 17629208 ns
[2025-08-24T11:02:13.742+0000][175][info ][gc          ] GC(13) Concurrent Mark Cycle
[2025-08-24T11:02:13.742+0000][175][info ][gc,marking  ] GC(13) Concurrent Scan Root Regions
[2025-08-24T11:02:13.751+0000][175][info ][safepoint   ] Safepoint "CollectForMetadataAllocation", Time since last: 8672792 ns, Reaching safepoint: 3250 ns, Cleanup: 10292 ns, At safepoint: 61000 ns, Total: 74542 ns
[2025-08-24T11:02:13.752+0000][175][info ][gc,marking  ] GC(13) Concurrent Scan Root Regions 10.369ms
[2025-08-24T11:02:13.753+0000][175][info ][gc,marking  ] GC(13) Concurrent Mark
[2025-08-24T11:02:13.753+0000][175][info ][gc,marking  ] GC(13) Concurrent Mark From Roots
[2025-08-24T11:02:13.753+0000][175][info ][gc,task     ] GC(13) Using 2 workers of 2 for marking
[2025-08-24T11:02:13.754+0000][175][info ][safepoint   ] Safepoint "CollectForMetadataAllocation", Time since last: 3626458 ns, Reaching safepoint: 30000 ns, Cleanup: 2000 ns, At safepoint: 69667 ns, Total: 101667 ns
[2025-08-24T11:02:13.755+0000][175][info ][gc,marking  ] GC(13) Concurrent Mark From Roots 2.873ms
[2025-08-24T11:02:13.756+0000][175][info ][gc,marking  ] GC(13) Concurrent Preclean
[2025-08-24T11:02:13.756+0000][175][info ][gc,marking  ] GC(13) Concurrent Preclean 0.044ms
[2025-08-24T11:02:13.756+0000][175][info ][gc,start    ] GC(13) Pause Remark
[2025-08-24T11:02:13.759+0000][175][info ][gc          ] GC(13) Pause Remark 71M->71M(1024M) 3.434ms
[2025-08-24T11:02:13.759+0000][175][info ][gc,cpu      ] GC(13) User=0.02s Sys=0.00s Real=0.00s
[2025-08-24T11:02:13.759+0000][175][info ][safepoint   ] Safepoint "G1PauseRemark", Time since last: 1361250 ns, Reaching safepoint: 316916 ns, Cleanup: 1292 ns, At safepoint: 3541375 ns, Total: 3859583 ns
[2025-08-24T11:02:13.760+0000][175][info ][gc,marking  ] GC(13) Concurrent Mark 7.020ms
[2025-08-24T11:02:13.760+0000][175][info ][gc,marking  ] GC(13) Concurrent Rebuild Remembered Sets and Scrub Regions
[2025-08-24T11:02:13.761+0000][175][info ][gc,marking  ] GC(13) Concurrent Rebuild Remembered Sets and Scrub Regions 1.329ms
[2025-08-24T11:02:13.762+0000][175][info ][gc,start    ] GC(13) Pause Cleanup
[2025-08-24T11:02:13.762+0000][175][info ][gc          ] GC(13) Pause Cleanup 73M->73M(1024M) 0.077ms
[2025-08-24T11:02:13.762+0000][175][info ][gc,cpu      ] GC(13) User=0.00s Sys=0.00s Real=0.00s
[2025-08-24T11:02:13.762+0000][175][info ][safepoint   ] Safepoint "G1PauseCleanup", Time since last: 1492500 ns, Reaching safepoint: 1230042 ns, Cleanup: 21916 ns, At safepoint: 170167 ns, Total: 1422125 ns
[2025-08-24T11:02:13.762+0000][175][info ][gc,marking  ] GC(13) Concurrent Clear Claimed Marks
[2025-08-24T11:02:13.762+0000][175][info ][gc,marking  ] GC(13) Concurrent Clear Claimed Marks 0.056ms
[2025-08-24T11:02:13.763+0000][175][info ][gc,marking  ] GC(13) Concurrent Cleanup for Next Mark
[2025-08-24T11:02:13.763+0000][175][info ][gc,marking  ] GC(13) Concurrent Cleanup for Next Mark 0.276ms
[2025-08-24T11:02:13.763+0000][175][info ][gc          ] GC(13) Concurrent Mark Cycle 21.154ms
[2025-08-24T11:02:13.911+0000][175][info ][safepoint   ] Safepoint "ICBufferFull", Time since last: 148069167 ns, Reaching safepoint: 2916 ns, Cleanup: 63834 ns, At safepoint: 7166 ns, Total: 73916 ns
[2025-08-24T11:02:14.131+0000][175][info ][safepoint   ] Safepoint "ICBufferFull", Time since last: 219782542 ns, Reaching safepoint: 752625 ns, Cleanup: 89042 ns, At safepoint: 16166 ns, Total: 857833 ns
[2025-08-24T11:02:14.397+0000][175][info ][safepoint   ] Safepoint "ICBufferFull", Time since last: 265912251 ns, Reaching safepoint: 2666 ns, Cleanup: 112875 ns, At safepoint: 2792 ns, Total: 118333 ns
[2025-08-24T11:02:14.519+0000][175][info ][safepoint   ] Safepoint "ICBufferFull", Time since last: 121918667 ns, Reaching safepoint: 2416 ns, Cleanup: 77917 ns, At safepoint: 4292 ns, Total: 84625 ns
[2025-08-24T11:02:14.565+0000][175][info ][safepoint   ] Safepoint "ICBufferFull", Time since last: 45180125 ns, Reaching safepoint: 651125 ns, Cleanup: 71375 ns, At safepoint: 31791 ns, Total: 754291 ns
[2025-08-24T11:02:14.600+0000][175][info ][safepoint   ] Safepoint "ICBufferFull", Time since last: 33886750 ns, Reaching safepoint: 1103584 ns, Cleanup: 69375 ns, At safepoint: 13250 ns, Total: 1186209 ns
[2025-08-24T11:02:14.625+0000][175][info ][safepoint   ] Safepoint "ICBufferFull", Time since last: 24559750 ns, Reaching safepoint: 2916 ns, Cleanup: 63834 ns, At safepoint: 9625 ns, Total: 76375 ns
[2025-08-24T11:02:14.648+0000][175][info ][safepoint   ] Safepoint "ICBufferFull", Time since last: 22592750 ns, Reaching safepoint: 3166 ns, Cleanup: 65084 ns, At safepoint: 5000 ns, Total: 73250 ns
[2025-08-24T11:02:14.714+0000][175][info ][safepoint   ] Safepoint "ICBufferFull", Time since last: 66786375 ns, Reaching safepoint: 2708 ns, Cleanup: 77208 ns, At safepoint: 9625 ns, Total: 89541 ns
[2025-08-24T11:02:14.780+0000][175][info ][safepoint   ] Safepoint "ICBufferFull", Time since last: 66025209 ns, Reaching safepoint: 2791 ns, Cleanup: 70334 ns, At safepoint: 3375 ns, Total: 76500 ns
[2025-08-24T11:02:14.868+0000][175][info ][safepoint   ] Safepoint "ICBufferFull", Time since last: 87115708 ns, Reaching safepoint: 323750 ns, Cleanup: 79708 ns, At safepoint: 8959 ns, Total: 412417 ns
[2025-08-24T11:02:14.978+0000][175][info ][safepoint   ] Safepoint "ICBufferFull", Time since last: 110355041 ns, Reaching safepoint: 3459 ns, Cleanup: 91583 ns, At safepoint: 3625 ns, Total: 98667 ns
[2025-08-24T11:02:14.996+0000][175][info ][safepoint   ] Safepoint "ICBufferFull", Time since last: 16397500 ns, Reaching safepoint: 1331083 ns, Cleanup: 110084 ns, At safepoint: 22041 ns, Total: 1463208 ns
[2025-08-24T11:02:15.096+0000][175][info ][safepoint   ] Safepoint "ICBufferFull", Time since last: 98977626 ns, Reaching safepoint: 751791 ns, Cleanup: 81375 ns, At safepoint: 21125 ns, Total: 854291 ns
[2025-08-24T11:02:15.149+0000][175][info ][safepoint   ] Safepoint "ICBufferFull", Time since last: 52192625 ns, Reaching safepoint: 692334 ns, Cleanup: 72666 ns, At safepoint: 21417 ns, Total: 786417 ns
[2025-08-24T11:02:15.262+0000][175][info ][safepoint   ] Safepoint "ICBufferFull", Time since last: 113037125 ns, Reaching safepoint: 4750 ns, Cleanup: 66833 ns, At safepoint: 4417 ns, Total: 76000 ns
[2025-08-24T11:02:15.372+0000][175][info ][safepoint   ] Safepoint "ICBufferFull", Time since last: 109708417 ns, Reaching safepoint: 5166 ns, Cleanup: 73167 ns, At safepoint: 11417 ns, Total: 89750 ns
[2025-08-24T11:02:15.465+0000][175][info ][safepoint   ] Safepoint "ICBufferFull", Time since last: 91788125 ns, Reaching safepoint: 1360083 ns, Cleanup: 79917 ns, At safepoint: 16250 ns, Total: 1456250 ns
[2025-08-24T11:02:15.534+0000][175][info ][safepoint   ] Safepoint "ICBufferFull", Time since last: 68191708 ns, Reaching safepoint: 577625 ns, Cleanup: 89083 ns, At safepoint: 8750 ns, Total: 675458 ns
[2025-08-24T11:02:15.641+0000][175][info ][safepoint   ] Safepoint "ICBufferFull", Time since last: 106839834 ns, Reaching safepoint: 5916 ns, Cleanup: 76167 ns, At safepoint: 7667 ns, Total: 89750 ns
[2025-08-24T11:02:15.716+0000][175][info ][safepoint   ] Safepoint "ICBufferFull", Time since last: 74977083 ns, Reaching safepoint: 5750 ns, Cleanup: 64917 ns, At safepoint: 6916 ns, Total: 77583 ns
[2025-08-24T11:02:15.805+0000][175][info ][safepoint   ] Safepoint "ICBufferFull", Time since last: 88313876 ns, Reaching safepoint: 7750 ns, Cleanup: 81708 ns, At safepoint: 6375 ns, Total: 95833 ns
[2025-08-24T11:02:15.940+0000][175][info ][safepoint   ] Safepoint "ICBufferFull", Time since last: 134894458 ns, Reaching safepoint: 558834 ns, Cleanup: 73500 ns, At safepoint: 8791 ns, Total: 641125 ns
[2025-08-24T11:02:15.943+0000][175][info ][gc,start    ] GC(14) Pause Young (Normal) (G1 Evacuation Pause)
[2025-08-24T11:02:15.943+0000][175][info ][gc,task     ] GC(14) Using 8 workers of 8 for evacuation
[2025-08-24T11:02:15.943+0000][175][debug][gc,age      ] GC(14) Desired survivor size 41943040 bytes, new threshold 6 (max threshold 15)
[2025-08-24T11:02:15.964+0000][175][info ][gc,phases   ] GC(14)   Pre Evacuate Collection Set: 0.32ms
[2025-08-24T11:02:15.964+0000][175][info ][gc,phases   ] GC(14)   Merge Heap Roots: 0.09ms
[2025-08-24T11:02:15.964+0000][175][info ][gc,phases   ] GC(14)   Evacuate Collection Set: 18.57ms
[2025-08-24T11:02:15.964+0000][175][info ][gc,phases   ] GC(14)   Post Evacuate Collection Set: 2.34ms
[2025-08-24T11:02:15.964+0000][175][info ][gc,phases   ] GC(14)   Other: 0.15ms
[2025-08-24T11:02:15.964+0000][175][trace][gc,age      ] GC(14) Age table with threshold 6 (max threshold 15)
[2025-08-24T11:02:15.965+0000][175][trace][gc,age      ] GC(14) - age   1:   31208920 bytes,   31208920 total
[2025-08-24T11:02:15.965+0000][175][trace][gc,age      ] GC(14) - age   2:    9417288 bytes,   40626208 total
[2025-08-24T11:02:15.965+0000][175][trace][gc,age      ] GC(14) - age   3:   10378008 bytes,   51004216 total
[2025-08-24T11:02:15.965+0000][175][trace][gc,age      ] GC(14) - age   4:    9605520 bytes,   60609736 total
[2025-08-24T11:02:15.965+0000][175][trace][gc,age      ] GC(14) - age   5:    8807696 bytes,   69417432 total
[2025-08-24T11:02:15.965+0000][175][trace][gc,age      ] GC(14) - age   6:      37040 bytes,   69454472 total
[2025-08-24T11:02:15.965+0000][175][info ][gc,heap     ] GC(14) Eden regions: 140->0(134)
[2025-08-24T11:02:15.965+0000][175][info ][gc,heap     ] GC(14) Survivor regions: 13->19(20)
[2025-08-24T11:02:15.965+0000][175][info ][gc,heap     ] GC(14) Old regions: 4->7
[2025-08-24T11:02:15.965+0000][175][info ][gc,heap     ] GC(14) Humongous regions: 2->2
[2025-08-24T11:02:15.965+0000][175][info ][gc,metaspace] GC(14) Metaspace: 137521K(141568K)->137521K(141568K) NonClass: 118025K(120256K)->118025K(120256K) Class: 19495K(21312K)->19495K(21312K)
[2025-08-24T11:02:15.965+0000][175][info ][gc          ] GC(14) Pause Young (Normal) (G1 Evacuation Pause) 635M->106M(1024M) 22.197ms
[2025-08-24T11:02:15.965+0000][175][info ][gc,cpu      ] GC(14) User=0.12s Sys=0.00s Real=0.02s
[2025-08-24T11:02:15.965+0000][175][info ][safepoint   ] Safepoint "G1CollectForAllocation", Time since last: 2515959 ns, Reaching safepoint: 4791 ns, Cleanup: 22292 ns, At safepoint: 22344000 ns, Total: 22371083 ns
[2025-08-24T11:02:16.031+0000][175][info ][safepoint   ] Safepoint "ICBufferFull", Time since last: 65585333 ns, Reaching safepoint: 5500 ns, Cleanup: 88709 ns, At safepoint: 4291 ns, Total: 98500 ns
[2025-08-24T11:02:16.168+0000][175][info ][safepoint   ] Safepoint "ICBufferFull", Time since last: 136752000 ns, Reaching safepoint: 608250 ns, Cleanup: 104625 ns, At safepoint: 9959 ns, Total: 722834 ns
[2025-08-24T11:02:17.171+0000][175][info ][safepoint   ] Safepoint "Cleanup", Time since last: 1002120334 ns, Reaching safepoint: 64416 ns, Cleanup: 318917 ns, At safepoint: 27750 ns, Total: 411083 ns
[2025-08-24T11:02:18.175+0000][175][info ][safepoint   ] Safepoint "Cleanup", Time since last: 1003797042 ns, Reaching safepoint: 31875 ns, Cleanup: 34208 ns, At safepoint: 14709 ns, Total: 80792 ns
[2025-08-24T11:02:19.178+0000][175][info ][safepoint   ] Safepoint "Cleanup", Time since last: 1003064500 ns, Reaching safepoint: 41583 ns, Cleanup: 134750 ns, At safepoint: 20417 ns, Total: 196750 ns
[2025-08-24T11:02:20.552+0000][175][info ][safepoint   ] Safepoint "Cleanup", Time since last: 1373737209 ns, Reaching safepoint: 32833 ns, Cleanup: 92667 ns, At safepoint: 10792 ns, Total: 136292 ns
[2025-08-24T11:02:22.554+0000][175][info ][safepoint   ] Safepoint "Cleanup", Time since last: 2002640959 ns, Reaching safepoint: 41042 ns, Cleanup: 55958 ns, At safepoint: 20958 ns, Total: 117958 ns
[2025-08-24T11:02:23.559+0000][175][info ][safepoint   ] Safepoint "Cleanup", Time since last: 1003558334 ns, Reaching safepoint: 1137834 ns, Cleanup: 24833 ns, At safepoint: 22083 ns, Total: 1184750 ns
[2025-08-24T11:02:24.561+0000][175][info ][safepoint   ] Safepoint "Cleanup", Time since last: 1001484417 ns, Reaching safepoint: 44917 ns, Cleanup: 57708 ns, At safepoint: 15542 ns, Total: 118167 ns
[2025-08-24T11:02:25.568+0000][175][info ][safepoint   ] Safepoint "Cleanup", Time since last: 1006681376 ns, Reaching safepoint: 40500 ns, Cleanup: 27666 ns, At safepoint: 17250 ns, Total: 85416 ns
[2025-08-24T11:02:26.570+0000][175][info ][safepoint   ] Safepoint "Cleanup", Time since last: 1002041626 ns, Reaching safepoint: 44791 ns, Cleanup: 39334 ns, At safepoint: 36958 ns, Total: 121083 ns
[2025-08-24T11:02:28.576+0000][175][info ][safepoint   ] Safepoint "Cleanup", Time since last: 2004353583 ns, Reaching safepoint: 1098542 ns, Cleanup: 56667 ns, At safepoint: 42000 ns, Total: 1197209 ns
[2025-08-24T11:02:29.577+0000][175][info ][safepoint   ] Safepoint "Cleanup", Time since last: 1001775625 ns, Reaching safepoint: 53375 ns, Cleanup: 47417 ns, At safepoint: 20125 ns, Total: 120917 ns
[2025-08-24T11:02:30.579+0000][175][info ][safepoint   ] Safepoint "Cleanup", Time since last: 1001631875 ns, Reaching safepoint: 40542 ns, Cleanup: 38167 ns, At safepoint: 54875 ns, Total: 133584 ns
[2025-08-24T11:02:33.584+0000][175][info ][safepoint   ] Safepoint "Cleanup", Time since last: 3004731418 ns, Reaching safepoint: 56333 ns, Cleanup: 28917 ns, At safepoint: 45541 ns, Total: 130791 ns
[2025-08-24T11:02:35.590+0000][175][info ][safepoint   ] Safepoint "Cleanup", Time since last: 2005419376 ns, Reaching safepoint: 116709 ns, Cleanup: 69625 ns, At safepoint: 20250 ns, Total: 206584 ns
[2025-08-24T11:02:40.598+0000][175][info ][safepoint   ] Safepoint "Cleanup", Time since last: 5008138169 ns, Reaching safepoint: 74666 ns, Cleanup: 81167 ns, At safepoint: 16833 ns, Total: 172666 ns
[2025-08-24T11:02:41.600+0000][175][info ][safepoint   ] Safepoint "Cleanup", Time since last: 1002110584 ns, Reaching safepoint: 9625 ns, Cleanup: 47292 ns, At safepoint: 3708 ns, Total: 60625 ns
[2025-08-24T11:02:43.606+0000][175][info ][safepoint   ] Safepoint "Cleanup", Time since last: 2005412668 ns, Reaching safepoint: 44083 ns, Cleanup: 44167 ns, At safepoint: 15875 ns, Total: 104125 ns
[2025-08-24T11:02:45.611+0000][175][info ][safepoint   ] Safepoint "Cleanup", Time since last: 2005226209 ns, Reaching safepoint: 14917 ns, Cleanup: 46833 ns, At safepoint: 8417 ns, Total: 70167 ns
[2025-08-24T11:02:46.613+0000][175][info ][safepoint   ] Safepoint "Cleanup", Time since last: 1001507667 ns, Reaching safepoint: 51875 ns, Cleanup: 385792 ns, At safepoint: 29666 ns, Total: 467333 ns
[2025-08-24T11:02:50.620+0000][175][info ][safepoint   ] Safepoint "Cleanup", Time since last: 4006405127 ns, Reaching safepoint: 162000 ns, Cleanup: 69292 ns, At safepoint: 18041 ns, Total: 249333 ns
[2025-08-24T11:02:53.628+0000][175][info ][safepoint   ] Safepoint "Cleanup", Time since last: 3007788835 ns, Reaching safepoint: 54042 ns, Cleanup: 45667 ns, At safepoint: 15500 ns, Total: 115209 ns
[2025-08-24T11:02:59.635+0000][175][info ][safepoint   ] Safepoint "Cleanup", Time since last: 6007743168 ns, Reaching safepoint: 67750 ns, Cleanup: 46542 ns, At safepoint: 16167 ns, Total: 130459 ns
[2025-08-24T11:03:00.637+0000][175][info ][safepoint   ] Safepoint "Cleanup", Time since last: 1000946375 ns, Reaching safepoint: 79167 ns, Cleanup: 64000 ns, At safepoint: 26833 ns, Total: 170000 ns
[2025-08-24T11:03:02.640+0000][175][info ][safepoint   ] Safepoint "Cleanup", Time since last: 2003478085 ns, Reaching safepoint: 105750 ns, Cleanup: 50875 ns, At safepoint: 54791 ns, Total: 211416 ns
[2025-08-24T11:03:03.642+0000][175][info ][safepoint   ] Safepoint "Cleanup", Time since last: 1001808126 ns, Reaching safepoint: 78125 ns, Cleanup: 109708 ns, At safepoint: 33292 ns, Total: 221125 ns
[2025-08-24T11:03:14.597+0000][175][info ][safepoint   ] Safepoint "Cleanup", Time since last: 10954524838 ns, Reaching safepoint: 61125 ns, Cleanup: 52667 ns, At safepoint: 24000 ns, Total: 137792 ns
[2025-08-24T11:03:15.599+0000][175][info ][safepoint   ] Safepoint "Cleanup", Time since last: 1001876500 ns, Reaching safepoint: 78167 ns, Cleanup: 107333 ns, At safepoint: 28542 ns, Total: 214042 ns
[2025-08-24T11:03:16.602+0000][175][info ][safepoint   ] Safepoint "Cleanup", Time since last: 1002645376 ns, Reaching safepoint: 72458 ns, Cleanup: 76417 ns, At safepoint: 11833 ns, Total: 160708 ns
[2025-08-24T11:03:18.607+0000][175][info ][safepoint   ] Safepoint "Cleanup", Time since last: 2004684876 ns, Reaching safepoint: 24958 ns, Cleanup: 24709 ns, At safepoint: 9458 ns, Total: 59125 ns
[2025-08-24T11:03:21.610+0000][175][info ][safepoint   ] Safepoint "Cleanup", Time since last: 3003365918 ns, Reaching safepoint: 117208 ns, Cleanup: 40167 ns, At safepoint: 14583 ns, Total: 171958 ns
[2025-08-24T11:03:23.613+0000][175][info ][safepoint   ] Safepoint "Cleanup", Time since last: 2002642668 ns, Reaching safepoint: 72667 ns, Cleanup: 37666 ns, At safepoint: 15875 ns, Total: 126208 ns
[2025-08-24T11:03:25.617+0000][175][info ][safepoint   ] Safepoint "Cleanup", Time since last: 2003938210 ns, Reaching safepoint: 74416 ns, Cleanup: 59625 ns, At safepoint: 24500 ns, Total: 158541 ns
[2025-08-24T11:03:27.621+0000][175][info ][safepoint   ] Safepoint "Cleanup", Time since last: 2003332417 ns, Reaching safepoint: 71333 ns, Cleanup: 50125 ns, At safepoint: 26209 ns, Total: 147667 ns
[2025-08-24T11:03:31.628+0000][175][info ][safepoint   ] Safepoint "Cleanup", Time since last: 4006689335 ns, Reaching safepoint: 81750 ns, Cleanup: 46208 ns, At safepoint: 15208 ns, Total: 143166 ns
[2025-08-24T11:03:37.637+0000][175][info ][safepoint   ] Safepoint "Cleanup", Time since last: 6009493295 ns, Reaching safepoint: 67792 ns, Cleanup: 64666 ns, At safepoint: 14709 ns, Total: 147167 ns
[2025-08-24T11:03:43.647+0000][175][info ][safepoint   ] Safepoint "Cleanup", Time since last: 6009610919 ns, Reaching safepoint: 63958 ns, Cleanup: 46917 ns, At safepoint: 15917 ns, Total: 126792 ns
[2025-08-24T11:03:44.650+0000][175][info ][safepoint   ] Safepoint "Cleanup", Time since last: 1002565625 ns, Reaching safepoint: 51667 ns, Cleanup: 46250 ns, At safepoint: 13833 ns, Total: 111750 ns
[2025-08-24T11:03:45.651+0000][175][info ][safepoint   ] Safepoint "Cleanup", Time since last: 1001070084 ns, Reaching safepoint: 71000 ns, Cleanup: 99458 ns, At safepoint: 23959 ns, Total: 194417 ns
[2025-08-24T11:03:46.654+0000][175][info ][safepoint   ] Safepoint "Cleanup", Time since last: 1002491584 ns, Reaching safepoint: 59833 ns, Cleanup: 122333 ns, At safepoint: 21792 ns, Total: 203958 ns
[2025-08-24T11:03:48.595+0000][175][info ][safepoint   ] Safepoint "Cleanup", Time since last: 1941320584 ns, Reaching safepoint: 16959 ns, Cleanup: 314000 ns, At safepoint: 15916 ns, Total: 346875 ns
[2025-08-24T11:03:49.605+0000][175][info ][gc,heap,exit] Heap
[2025-08-24T11:03:49.606+0000][175][info ][gc,heap,exit]  garbage-first heap   total reserved 1048576K, committed 1048576K, used 267009K [0x00000000c0000000, 0x0000000100000000)
[2025-08-24T11:03:49.607+0000][175][info ][gc,heap,exit]   region size 4096K, 58 young (237568K), 19 survivors (77824K)
[2025-08-24T11:03:49.608+0000][175][info ][gc,heap,exit]  Metaspace       used 140994K, committed 145088K, reserved 1179648K
[2025-08-24T11:03:49.608+0000][175][info ][gc,heap,exit]   class space    used 19976K, committed 21824K, reserved 1048576K
