[2025-09-17T06:38:34.629+0000][187][info][gc,init] CardTable entry size: 512
[2025-09-17T06:38:34.630+0000][187][info][gc     ] Using G1
[2025-09-17T06:38:35.087+0000][187][info][gc,init] Version: 22.0.1+8-16 (release)
[2025-09-17T06:38:35.087+0000][187][info][gc,init] CPUs: 8 total, 8 available
[2025-09-17T06:38:35.088+0000][187][info][gc,init] Memory: 7837M
[2025-09-17T06:38:35.088+0000][187][info][gc,init] Large Page Support: Disabled
[2025-09-17T06:38:35.088+0000][187][info][gc,init] NUMA Support: Disabled
[2025-09-17T06:38:35.088+0000][187][info][gc,init] Compressed Oops: Enabled (32-bit)
[2025-09-17T06:38:35.088+0000][187][info][gc,init] Heap Region Size: 4M
[2025-09-17T06:38:35.088+0000][187][info][gc,init] Heap Min Capacity: 1G
[2025-09-17T06:38:35.088+0000][187][info][gc,init] Heap Initial Capacity: 1G
[2025-09-17T06:38:35.088+0000][187][info][gc,init] Heap Max Capacity: 1G
[2025-09-17T06:38:35.088+0000][187][info][gc,init] Pre-touch: Enabled
[2025-09-17T06:38:35.088+0000][187][info][gc,init] Parallel Workers: 8
[2025-09-17T06:38:35.088+0000][187][info][gc,init] Concurrent Workers: 2
[2025-09-17T06:38:35.088+0000][187][info][gc,init] Concurrent Refinement Workers: 8
[2025-09-17T06:38:35.088+0000][187][info][gc,init] Periodic GC: Disabled
[2025-09-17T06:38:35.119+0000][187][info][gc,metaspace] CDS archive(s) mapped at: [0x0000007c00000000-0x0000007c00c80000-0x0000007c00c80000), size 13107200, SharedBaseAddress: 0x0000007c00000000, ArchiveRelocationMode: 1.
[2025-09-17T06:38:35.119+0000][187][info][gc,metaspace] Compressed class space mapped at: 0x0000007c01000000-0x0000007c41000000, reserved size: 1073741824
[2025-09-17T06:38:35.119+0000][187][info][gc,metaspace] Narrow klass base: 0x0000007c00000000, Narrow klass shift: 0, Narrow klass range: 0x100000000
[2025-09-17T06:38:35.180+0000][187][info][safepoint   ] Safepoint "ICBufferFull", Time since last: 57164041 ns, Reaching safepoint: 767709 ns, Cleanup: 63666 ns, At safepoint: 17042 ns, Total: 848417 ns
[2025-09-17T06:38:35.279+0000][187][info][safepoint   ] Safepoint "ICBufferFull", Time since last: 99230875 ns, Reaching safepoint: 2542 ns, Cleanup: 78250 ns, At safepoint: 10333 ns, Total: 91125 ns
[2025-09-17T06:38:35.376+0000][187][info][safepoint   ] Safepoint "ICBufferFull", Time since last: 95710792 ns, Reaching safepoint: 720291 ns, Cleanup: 54709 ns, At safepoint: 7500 ns, Total: 782500 ns
[2025-09-17T06:38:35.482+0000][187][info][safepoint   ] Safepoint "ICBufferFull", Time since last: 105959833 ns, Reaching safepoint: 2458 ns, Cleanup: 243084 ns, At safepoint: 12500 ns, Total: 258042 ns
[2025-09-17T06:38:35.491+0000][187][info][gc,start    ] GC(0) Pause Young (Normal) (G1 Evacuation Pause)
[2025-09-17T06:38:35.491+0000][187][info][gc,task     ] GC(0) Using 8 workers of 8 for evacuation
[2025-09-17T06:38:35.491+0000][187][debug][gc,age      ] GC(0) Desired survivor size 4194304 bytes, new threshold 15 (max threshold 15)
[2025-09-17T06:38:35.493+0000][187][info ][gc,phases   ] GC(0)   Pre Evacuate Collection Set: 0.14ms
[2025-09-17T06:38:35.493+0000][187][info ][gc,phases   ] GC(0)   Merge Heap Roots: 0.08ms
[2025-09-17T06:38:35.494+0000][187][info ][gc,phases   ] GC(0)   Evacuate Collection Set: 1.49ms
[2025-09-17T06:38:35.494+0000][187][info ][gc,phases   ] GC(0)   Post Evacuate Collection Set: 0.31ms
[2025-09-17T06:38:35.494+0000][187][info ][gc,phases   ] GC(0)   Other: 0.15ms
[2025-09-17T06:38:35.494+0000][187][trace][gc,age      ] GC(0) Age table with threshold 15 (max threshold 15)
[2025-09-17T06:38:35.494+0000][187][trace][gc,age      ] GC(0) - age   1:    4676912 bytes,    4676912 total
[2025-09-17T06:38:35.494+0000][187][info ][gc,heap     ] GC(0) Eden regions: 12->0(22)
[2025-09-17T06:38:35.494+0000][187][info ][gc,heap     ] GC(0) Survivor regions: 0->2(2)
[2025-09-17T06:38:35.494+0000][187][info ][gc,heap     ] GC(0) Old regions: 1->1
[2025-09-17T06:38:35.494+0000][187][info ][gc,heap     ] GC(0) Humongous regions: 0->0
[2025-09-17T06:38:35.494+0000][187][info ][gc,metaspace] GC(0) Metaspace: 7239K(7488K)->7239K(7488K) NonClass: 6373K(6528K)->6373K(6528K) Class: 865K(960K)->865K(960K)
[2025-09-17T06:38:35.494+0000][187][info ][gc          ] GC(0) Pause Young (Normal) (G1 Evacuation Pause) 49M->5M(1024M) 2.947ms
[2025-09-17T06:38:35.494+0000][187][info ][gc,cpu      ] GC(0) User=0.00s Sys=0.00s Real=0.01s
[2025-09-17T06:38:35.494+0000][187][info ][safepoint   ] Safepoint "G1CollectForAllocation", Time since last: 9280416 ns, Reaching safepoint: 1334 ns, Cleanup: 8416 ns, At safepoint: 3033750 ns, Total: 3043500 ns
[2025-09-17T06:38:35.600+0000][187][info ][safepoint   ] Safepoint "ICBufferFull", Time since last: 104553584 ns, Reaching safepoint: 977333 ns, Cleanup: 125083 ns, At safepoint: 7709 ns, Total: 1110125 ns
[2025-09-17T06:38:35.709+0000][187][info ][safepoint   ] Safepoint "ICBufferFull", Time since last: 109006250 ns, Reaching safepoint: 3125 ns, Cleanup: 81250 ns, At safepoint: 7541 ns, Total: 91916 ns
[2025-09-17T06:38:35.829+0000][187][info ][safepoint   ] Safepoint "ICBufferFull", Time since last: 119516959 ns, Reaching safepoint: 110875 ns, Cleanup: 90958 ns, At safepoint: 6750 ns, Total: 208583 ns
[2025-09-17T06:38:36.244+0000][187][info ][safepoint   ] Safepoint "ICBufferFull", Time since last: 414457792 ns, Reaching safepoint: 536000 ns, Cleanup: 99542 ns, At safepoint: 10625 ns, Total: 646167 ns
[2025-09-17T06:38:36.511+0000][187][info ][safepoint   ] Safepoint "ICBufferFull", Time since last: 267032708 ns, Reaching safepoint: 2625 ns, Cleanup: 78625 ns, At safepoint: 13500 ns, Total: 94750 ns
[2025-09-17T06:38:36.713+0000][187][info ][safepoint   ] Safepoint "ICBufferFull", Time since last: 201737375 ns, Reaching safepoint: 2792 ns, Cleanup: 104500 ns, At safepoint: 10375 ns, Total: 117667 ns
[2025-09-17T06:38:36.911+0000][187][info ][gc,start    ] GC(1) Pause Young (Normal) (G1 Evacuation Pause)
[2025-09-17T06:38:36.911+0000][187][info ][gc,task     ] GC(1) Using 8 workers of 8 for evacuation
[2025-09-17T06:38:36.911+0000][187][debug][gc,age      ] GC(1) Desired survivor size 6291456 bytes, new threshold 15 (max threshold 15)
[2025-09-17T06:38:36.918+0000][187][info ][gc,phases   ] GC(1)   Pre Evacuate Collection Set: 0.18ms
[2025-09-17T06:38:36.918+0000][187][info ][gc,phases   ] GC(1)   Merge Heap Roots: 0.07ms
[2025-09-17T06:38:36.918+0000][187][info ][gc,phases   ] GC(1)   Evacuate Collection Set: 4.31ms
[2025-09-17T06:38:36.918+0000][187][info ][gc,phases   ] GC(1)   Post Evacuate Collection Set: 2.02ms
[2025-09-17T06:38:36.918+0000][187][info ][gc,phases   ] GC(1)   Other: 0.15ms
[2025-09-17T06:38:36.918+0000][187][trace][gc,age      ] GC(1) Age table with threshold 15 (max threshold 15)
[2025-09-17T06:38:36.918+0000][187][trace][gc,age      ] GC(1) - age   1:    4944528 bytes,    4944528 total
[2025-09-17T06:38:36.918+0000][187][trace][gc,age      ] GC(1) - age   2:    4604672 bytes,    9549200 total
[2025-09-17T06:38:36.918+0000][187][info ][gc,heap     ] GC(1) Eden regions: 22->0(40)
[2025-09-17T06:38:36.918+0000][187][info ][gc,heap     ] GC(1) Survivor regions: 2->3(3)
[2025-09-17T06:38:36.918+0000][187][info ][gc,heap     ] GC(1) Old regions: 1->1
[2025-09-17T06:38:36.918+0000][187][info ][gc,heap     ] GC(1) Humongous regions: 0->0
[2025-09-17T06:38:36.918+0000][187][info ][gc,metaspace] GC(1) Metaspace: 20189K(20800K)->20189K(20800K) NonClass: 17871K(18240K)->17871K(18240K) Class: 2317K(2560K)->2317K(2560K)
[2025-09-17T06:38:36.918+0000][187][info ][gc          ] GC(1) Pause Young (Normal) (G1 Evacuation Pause) 93M->10M(1024M) 7.441ms
[2025-09-17T06:38:36.918+0000][187][info ][gc,cpu      ] GC(1) User=0.03s Sys=0.00s Real=0.01s
[2025-09-17T06:38:36.918+0000][187][info ][safepoint   ] Safepoint "G1CollectForAllocation", Time since last: 198065042 ns, Reaching safepoint: 2541 ns, Cleanup: 45542 ns, At safepoint: 7556833 ns, Total: 7604916 ns
[2025-09-17T06:38:37.015+0000][187][info ][gc,start    ] GC(2) Pause Young (Concurrent Start) (Metadata GC Threshold)
[2025-09-17T06:38:37.015+0000][187][info ][gc,task     ] GC(2) Using 8 workers of 8 for evacuation
[2025-09-17T06:38:37.015+0000][187][debug][gc,age      ] GC(2) Desired survivor size 12582912 bytes, new threshold 15 (max threshold 15)
[2025-09-17T06:38:37.019+0000][187][info ][gc,phases   ] GC(2)   Pre Evacuate Collection Set: 0.09ms
[2025-09-17T06:38:37.019+0000][187][info ][gc,phases   ] GC(2)   Merge Heap Roots: 0.04ms
[2025-09-17T06:38:37.019+0000][187][info ][gc,phases   ] GC(2)   Evacuate Collection Set: 2.73ms
[2025-09-17T06:38:37.019+0000][187][info ][gc,phases   ] GC(2)   Post Evacuate Collection Set: 0.57ms
[2025-09-17T06:38:37.019+0000][187][info ][gc,phases   ] GC(2)   Other: 0.14ms
[2025-09-17T06:38:37.019+0000][187][trace][gc,age      ] GC(2) Age table with threshold 15 (max threshold 15)
[2025-09-17T06:38:37.019+0000][187][trace][gc,age      ] GC(2) - age   1:     424064 bytes,     424064 total
[2025-09-17T06:38:37.019+0000][187][trace][gc,age      ] GC(2) - age   2:    4063120 bytes,    4487184 total
[2025-09-17T06:38:37.019+0000][187][trace][gc,age      ] GC(2) - age   3:    4588512 bytes,    9075696 total
[2025-09-17T06:38:37.019+0000][187][info ][gc,heap     ] GC(2) Eden regions: 5->0(75)
[2025-09-17T06:38:37.019+0000][187][info ][gc,heap     ] GC(2) Survivor regions: 3->3(6)
[2025-09-17T06:38:37.019+0000][187][info ][gc,heap     ] GC(2) Old regions: 1->1
[2025-09-17T06:38:37.019+0000][187][info ][gc,heap     ] GC(2) Humongous regions: 0->0
[2025-09-17T06:38:37.019+0000][187][info ][gc,metaspace] GC(2) Metaspace: 20813K(21504K)->20813K(21504K) NonClass: 18402K(18816K)->18402K(18816K) Class: 2410K(2688K)->2410K(2688K)
[2025-09-17T06:38:37.019+0000][187][info ][gc          ] GC(2) Pause Young (Concurrent Start) (Metadata GC Threshold) 30M->11M(1024M) 4.421ms
[2025-09-17T06:38:37.019+0000][187][info ][gc,cpu      ] GC(2) User=0.02s Sys=0.00s Real=0.00s
[2025-09-17T06:38:37.019+0000][187][info ][gc          ] GC(3) Concurrent Mark Cycle
[2025-09-17T06:38:37.020+0000][187][info ][gc,marking  ] GC(3) Concurrent Scan Root Regions
[2025-09-17T06:38:37.019+0000][187][info ][safepoint   ] Safepoint "CollectForMetadataAllocation", Time since last: 96481542 ns, Reaching safepoint: 2583 ns, Cleanup: 65584 ns, At safepoint: 4564500 ns, Total: 4632667 ns
[2025-09-17T06:38:37.021+0000][187][info ][gc,marking  ] GC(3) Concurrent Scan Root Regions 1.830ms
[2025-09-17T06:38:37.024+0000][187][info ][gc,marking  ] GC(3) Concurrent Mark
[2025-09-17T06:38:37.025+0000][187][info ][gc,marking  ] GC(3) Concurrent Mark From Roots
[2025-09-17T06:38:37.025+0000][187][info ][gc,task     ] GC(3) Using 2 workers of 2 for marking
[2025-09-17T06:38:37.025+0000][187][info ][gc,marking  ] GC(3) Concurrent Mark From Roots 0.872ms
[2025-09-17T06:38:37.026+0000][187][info ][gc,marking  ] GC(3) Concurrent Preclean
[2025-09-17T06:38:37.026+0000][187][info ][gc,marking  ] GC(3) Concurrent Preclean 0.052ms
[2025-09-17T06:38:37.029+0000][187][info ][gc,start    ] GC(3) Pause Remark
[2025-09-17T06:38:37.030+0000][187][info ][gc          ] GC(3) Pause Remark 14M->14M(1024M) 1.527ms
[2025-09-17T06:38:37.030+0000][187][info ][gc,cpu      ] GC(3) User=0.00s Sys=0.00s Real=0.00s
[2025-09-17T06:38:37.030+0000][187][info ][safepoint   ] Safepoint "G1PauseRemark", Time since last: 8055166 ns, Reaching safepoint: 1243792 ns, Cleanup: 11000 ns, At safepoint: 1607208 ns, Total: 2862000 ns
[2025-09-17T06:38:37.032+0000][187][info ][gc,marking  ] GC(3) Concurrent Mark 7.426ms
[2025-09-17T06:38:37.032+0000][187][info ][gc,marking  ] GC(3) Concurrent Rebuild Remembered Sets and Scrub Regions
[2025-09-17T06:38:37.032+0000][187][info ][gc,marking  ] GC(3) Concurrent Rebuild Remembered Sets and Scrub Regions 0.402ms
[2025-09-17T06:38:37.034+0000][187][info ][gc,start    ] GC(3) Pause Cleanup
[2025-09-17T06:38:37.034+0000][187][info ][gc          ] GC(3) Pause Cleanup 14M->14M(1024M) 0.137ms
[2025-09-17T06:38:37.034+0000][187][info ][gc,cpu      ] GC(3) User=0.00s Sys=0.00s Real=0.00s
[2025-09-17T06:38:37.034+0000][187][info ][safepoint   ] Safepoint "G1PauseCleanup", Time since last: 2338959 ns, Reaching safepoint: 918000 ns, Cleanup: 8291 ns, At safepoint: 204542 ns, Total: 1130833 ns
[2025-09-17T06:38:37.034+0000][187][info ][gc,marking  ] GC(3) Concurrent Clear Claimed Marks
[2025-09-17T06:38:37.034+0000][187][info ][gc,marking  ] GC(3) Concurrent Clear Claimed Marks 0.166ms
[2025-09-17T06:38:37.035+0000][187][info ][gc,marking  ] GC(3) Concurrent Cleanup for Next Mark
[2025-09-17T06:38:37.036+0000][187][info ][gc,marking  ] GC(3) Concurrent Cleanup for Next Mark 0.460ms
[2025-09-17T06:38:37.036+0000][187][info ][gc          ] GC(3) Concurrent Mark Cycle 16.640ms
[2025-09-17T06:38:37.170+0000][187][info ][safepoint   ] Safepoint "ICBufferFull", Time since last: 135540167 ns, Reaching safepoint: 108750 ns, Cleanup: 77708 ns, At safepoint: 11208 ns, Total: 197666 ns
[2025-09-17T06:38:37.341+0000][187][info ][safepoint   ] Safepoint "ICBufferFull", Time since last: 171395001 ns, Reaching safepoint: 3666 ns, Cleanup: 105959 ns, At safepoint: 10666 ns, Total: 120291 ns
[2025-09-17T06:38:37.471+0000][187][info ][safepoint   ] Safepoint "ICBufferFull", Time since last: 128448959 ns, Reaching safepoint: 1158166 ns, Cleanup: 74125 ns, At safepoint: 10917 ns, Total: 1243208 ns
[2025-09-17T06:38:37.723+0000][187][info ][safepoint   ] Safepoint "ICBufferFull", Time since last: 251241833 ns, Reaching safepoint: 719792 ns, Cleanup: 209333 ns, At safepoint: 31417 ns, Total: 960542 ns
[2025-09-17T06:38:38.214+0000][187][info ][safepoint   ] Safepoint "ICBufferFull", Time since last: 491677291 ns, Reaching safepoint: 2500 ns, Cleanup: 104959 ns, At safepoint: 9291 ns, Total: 116750 ns
[2025-09-17T06:38:38.246+0000][187][info ][gc,start    ] GC(4) Pause Young (Prepare Mixed) (G1 Evacuation Pause)
[2025-09-17T06:38:38.246+0000][187][info ][gc,task     ] GC(4) Using 8 workers of 8 for evacuation
[2025-09-17T06:38:38.246+0000][187][debug][gc,age      ] GC(4) Desired survivor size 20971520 bytes, new threshold 15 (max threshold 15)
[2025-09-17T06:38:38.255+0000][187][info ][gc,phases   ] GC(4)   Pre Evacuate Collection Set: 0.20ms
[2025-09-17T06:38:38.255+0000][187][info ][gc,phases   ] GC(4)   Merge Heap Roots: 0.09ms
[2025-09-17T06:38:38.256+0000][187][info ][gc,phases   ] GC(4)   Evacuate Collection Set: 6.99ms
[2025-09-17T06:38:38.256+0000][187][info ][gc,phases   ] GC(4)   Post Evacuate Collection Set: 1.67ms
[2025-09-17T06:38:38.256+0000][187][info ][gc,phases   ] GC(4)   Other: 0.16ms
[2025-09-17T06:38:38.256+0000][187][trace][gc,age      ] GC(4) Age table with threshold 15 (max threshold 15)
[2025-09-17T06:38:38.256+0000][187][trace][gc,age      ] GC(4) - age   1:    6459760 bytes,    6459760 total
[2025-09-17T06:38:38.256+0000][187][trace][gc,age      ] GC(4) - age   2:     406688 bytes,    6866448 total
[2025-09-17T06:38:38.256+0000][187][trace][gc,age      ] GC(4) - age   3:    4029856 bytes,   10896304 total
[2025-09-17T06:38:38.256+0000][187][trace][gc,age      ] GC(4) - age   4:    4587352 bytes,   15483656 total
[2025-09-17T06:38:38.256+0000][187][info ][gc,heap     ] GC(4) Eden regions: 75->0(149)
[2025-09-17T06:38:38.256+0000][187][info ][gc,heap     ] GC(4) Survivor regions: 3->4(10)
[2025-09-17T06:38:38.256+0000][187][info ][gc,heap     ] GC(4) Old regions: 1->1
[2025-09-17T06:38:38.256+0000][187][info ][gc,heap     ] GC(4) Humongous regions: 0->0
[2025-09-17T06:38:38.256+0000][187][info ][gc,metaspace] GC(4) Metaspace: 28961K(29824K)->28961K(29824K) NonClass: 25616K(26112K)->25616K(26112K) Class: 3344K(3712K)->3344K(3712K)
[2025-09-17T06:38:38.256+0000][187][info ][gc          ] GC(4) Pause Young (Prepare Mixed) (G1 Evacuation Pause) 311M->16M(1024M) 10.189ms
[2025-09-17T06:38:38.256+0000][187][info ][gc,cpu      ] GC(4) User=0.05s Sys=0.00s Real=0.01s
[2025-09-17T06:38:38.256+0000][187][info ][safepoint   ] Safepoint "G1CollectForAllocation", Time since last: 31985000 ns, Reaching safepoint: 2875 ns, Cleanup: 24375 ns, At safepoint: 10351834 ns, Total: 10379084 ns
[2025-09-17T06:38:38.453+0000][187][info ][safepoint   ] Safepoint "ICBufferFull", Time since last: 196653333 ns, Reaching safepoint: 9125 ns, Cleanup: 285333 ns, At safepoint: 13000 ns, Total: 307458 ns
[2025-09-17T06:38:38.750+0000][187][info ][safepoint   ] Safepoint "ICBufferFull", Time since last: 296988251 ns, Reaching safepoint: 3250 ns, Cleanup: 120041 ns, At safepoint: 9167 ns, Total: 132458 ns
[2025-09-17T06:38:39.409+0000][187][info ][safepoint   ] Safepoint "ICBufferFull", Time since last: 658622459 ns, Reaching safepoint: 2375 ns, Cleanup: 116666 ns, At safepoint: 5875 ns, Total: 124916 ns
[2025-09-17T06:38:39.702+0000][187][info ][gc,start    ] GC(5) Pause Young (Mixed) (Metadata GC Threshold)
[2025-09-17T06:38:39.702+0000][187][info ][gc,task     ] GC(5) Using 8 workers of 8 for evacuation
[2025-09-17T06:38:39.702+0000][187][debug][gc,age      ] GC(5) Desired survivor size 41943040 bytes, new threshold 15 (max threshold 15)
[2025-09-17T06:38:39.721+0000][187][info ][gc,phases   ] GC(5)   Pre Evacuate Collection Set: 0.34ms
[2025-09-17T06:38:39.721+0000][187][info ][gc,phases   ] GC(5)   Merge Heap Roots: 0.22ms
[2025-09-17T06:38:39.721+0000][187][info ][gc,phases   ] GC(5)   Evacuate Collection Set: 16.13ms
[2025-09-17T06:38:39.721+0000][187][info ][gc,phases   ] GC(5)   Post Evacuate Collection Set: 1.37ms
[2025-09-17T06:38:39.721+0000][187][info ][gc,phases   ] GC(5)   Other: 0.39ms
[2025-09-17T06:38:39.721+0000][187][trace][gc,age      ] GC(5) Age table with threshold 15 (max threshold 15)
[2025-09-17T06:38:39.721+0000][187][trace][gc,age      ] GC(5) - age   1:    8412600 bytes,    8412600 total
[2025-09-17T06:38:39.721+0000][187][trace][gc,age      ] GC(5) - age   2:    5730576 bytes,   14143176 total
[2025-09-17T06:38:39.721+0000][187][trace][gc,age      ] GC(5) - age   3:     406568 bytes,   14549744 total
[2025-09-17T06:38:39.721+0000][187][trace][gc,age      ] GC(5) - age   4:    4028320 bytes,   18578064 total
[2025-09-17T06:38:39.721+0000][187][trace][gc,age      ] GC(5) - age   5:    4587256 bytes,   23165320 total
[2025-09-17T06:38:39.721+0000][187][info ][gc,heap     ] GC(5) Eden regions: 138->0(147)
[2025-09-17T06:38:39.721+0000][187][info ][gc,heap     ] GC(5) Survivor regions: 4->6(20)
[2025-09-17T06:38:39.721+0000][187][info ][gc,heap     ] GC(5) Old regions: 1->1
[2025-09-17T06:38:39.721+0000][187][info ][gc,heap     ] GC(5) Humongous regions: 0->0
[2025-09-17T06:38:39.722+0000][187][info ][gc,metaspace] GC(5) Metaspace: 35365K(36288K)->35365K(36288K) NonClass: 31279K(31808K)->31279K(31808K) Class: 4086K(4480K)->4086K(4480K)
[2025-09-17T06:38:39.722+0000][187][info ][gc          ] GC(5) Pause Young (Mixed) (Metadata GC Threshold) 568M->24M(1024M) 20.041ms
[2025-09-17T06:38:39.722+0000][187][info ][gc,cpu      ] GC(5) User=0.08s Sys=0.01s Real=0.02s
[2025-09-17T06:38:39.722+0000][187][info ][safepoint   ] Safepoint "CollectForMetadataAllocation", Time since last: 292221084 ns, Reaching safepoint: 2791 ns, Cleanup: 153625 ns, At safepoint: 20830375 ns, Total: 20986791 ns
[2025-09-17T06:38:39.739+0000][187][info ][gc,start    ] GC(6) Pause Young (Concurrent Start) (Metadata GC Threshold)
[2025-09-17T06:38:39.739+0000][187][info ][gc,task     ] GC(6) Using 8 workers of 8 for evacuation
[2025-09-17T06:38:39.739+0000][187][debug][gc,age      ] GC(6) Desired survivor size 41943040 bytes, new threshold 15 (max threshold 15)
[2025-09-17T06:38:39.751+0000][187][info ][gc,phases   ] GC(6)   Pre Evacuate Collection Set: 0.29ms
[2025-09-17T06:38:39.751+0000][187][info ][gc,phases   ] GC(6)   Merge Heap Roots: 0.09ms
[2025-09-17T06:38:39.751+0000][187][info ][gc,phases   ] GC(6)   Evacuate Collection Set: 10.21ms
[2025-09-17T06:38:39.751+0000][187][info ][gc,phases   ] GC(6)   Post Evacuate Collection Set: 1.31ms
[2025-09-17T06:38:39.751+0000][187][info ][gc,phases   ] GC(6)   Other: 0.20ms
[2025-09-17T06:38:39.752+0000][187][trace][gc,age      ] GC(6) Age table with threshold 15 (max threshold 15)
[2025-09-17T06:38:39.752+0000][187][trace][gc,age      ] GC(6) - age   1:      74352 bytes,      74352 total
[2025-09-17T06:38:39.752+0000][187][trace][gc,age      ] GC(6) - age   2:    8394864 bytes,    8469216 total
[2025-09-17T06:38:39.752+0000][187][trace][gc,age      ] GC(6) - age   3:    5730544 bytes,   14199760 total
[2025-09-17T06:38:39.752+0000][187][trace][gc,age      ] GC(6) - age   4:     406568 bytes,   14606328 total
[2025-09-17T06:38:39.752+0000][187][trace][gc,age      ] GC(6) - age   5:    4027472 bytes,   18633800 total
[2025-09-17T06:38:39.752+0000][187][trace][gc,age      ] GC(6) - age   6:    4587160 bytes,   23220960 total
[2025-09-17T06:38:39.752+0000][187][info ][gc,heap     ] GC(6) Eden regions: 1->0(147)
[2025-09-17T06:38:39.752+0000][187][info ][gc,heap     ] GC(6) Survivor regions: 6->6(20)
[2025-09-17T06:38:39.752+0000][187][info ][gc,heap     ] GC(6) Old regions: 1->1
[2025-09-17T06:38:39.752+0000][187][info ][gc,heap     ] GC(6) Humongous regions: 0->0
[2025-09-17T06:38:39.752+0000][187][info ][gc,metaspace] GC(6) Metaspace: 35689K(36608K)->35689K(36608K) NonClass: 31556K(32064K)->31556K(32064K) Class: 4133K(4544K)->4133K(4544K)
[2025-09-17T06:38:39.752+0000][187][info ][gc          ] GC(6) Pause Young (Concurrent Start) (Metadata GC Threshold) 28M->24M(1024M) 13.159ms
[2025-09-17T06:38:39.752+0000][187][info ][gc,cpu      ] GC(6) User=0.04s Sys=0.00s Real=0.02s
[2025-09-17T06:38:39.752+0000][187][info ][gc          ] GC(7) Concurrent Mark Cycle
[2025-09-17T06:38:39.753+0000][187][info ][gc,marking  ] GC(7) Concurrent Scan Root Regions
[2025-09-17T06:38:39.752+0000][187][info ][safepoint   ] Safepoint "CollectForMetadataAllocation", Time since last: 16638792 ns, Reaching safepoint: 2500 ns, Cleanup: 11250 ns, At safepoint: 13407875 ns, Total: 13421625 ns
[2025-09-17T06:38:39.756+0000][187][info ][gc,marking  ] GC(7) Concurrent Scan Root Regions 3.660ms
[2025-09-17T06:38:39.757+0000][187][info ][gc,marking  ] GC(7) Concurrent Mark
[2025-09-17T06:38:39.757+0000][187][info ][gc,marking  ] GC(7) Concurrent Mark From Roots
[2025-09-17T06:38:39.757+0000][187][info ][gc,task     ] GC(7) Using 2 workers of 2 for marking
[2025-09-17T06:38:39.758+0000][187][info ][gc,marking  ] GC(7) Concurrent Mark From Roots 0.878ms
[2025-09-17T06:38:39.758+0000][187][info ][gc,marking  ] GC(7) Concurrent Preclean
[2025-09-17T06:38:39.758+0000][187][info ][gc,marking  ] GC(7) Concurrent Preclean 0.074ms
[2025-09-17T06:38:39.760+0000][187][info ][gc,start    ] GC(7) Pause Remark
[2025-09-17T06:38:39.765+0000][187][info ][gc          ] GC(7) Pause Remark 28M->28M(1024M) 5.109ms
[2025-09-17T06:38:39.765+0000][187][info ][gc,cpu      ] GC(7) User=0.01s Sys=0.00s Real=0.01s
[2025-09-17T06:38:39.765+0000][187][info ][safepoint   ] Safepoint "G1PauseRemark", Time since last: 6530042 ns, Reaching safepoint: 806500 ns, Cleanup: 7916 ns, At safepoint: 5279709 ns, Total: 6094125 ns
[2025-09-17T06:38:39.767+0000][187][info ][gc,marking  ] GC(7) Concurrent Mark 9.572ms
[2025-09-17T06:38:39.767+0000][187][info ][gc,marking  ] GC(7) Concurrent Rebuild Remembered Sets and Scrub Regions
[2025-09-17T06:38:39.768+0000][187][info ][gc,marking  ] GC(7) Concurrent Rebuild Remembered Sets and Scrub Regions 0.953ms
[2025-09-17T06:38:39.770+0000][187][info ][gc,start    ] GC(7) Pause Cleanup
[2025-09-17T06:38:39.770+0000][187][info ][gc          ] GC(7) Pause Cleanup 28M->28M(1024M) 0.316ms
[2025-09-17T06:38:39.770+0000][187][info ][gc,cpu      ] GC(7) User=0.00s Sys=0.00s Real=0.00s
[2025-09-17T06:38:39.770+0000][187][info ][safepoint   ] Safepoint "G1PauseCleanup", Time since last: 3636541 ns, Reaching safepoint: 1093542 ns, Cleanup: 7250 ns, At safepoint: 420083 ns, Total: 1520875 ns
[2025-09-17T06:38:39.772+0000][187][info ][gc,marking  ] GC(7) Concurrent Clear Claimed Marks
[2025-09-17T06:38:39.772+0000][187][info ][gc,marking  ] GC(7) Concurrent Clear Claimed Marks 0.122ms
[2025-09-17T06:38:39.772+0000][187][info ][gc,marking  ] GC(7) Concurrent Cleanup for Next Mark
[2025-09-17T06:38:39.782+0000][187][info ][gc,marking  ] GC(7) Concurrent Cleanup for Next Mark 9.407ms
[2025-09-17T06:38:39.782+0000][187][info ][gc          ] GC(7) Concurrent Mark Cycle 29.624ms
[2025-09-17T06:38:40.371+0000][187][info ][safepoint   ] Safepoint "ICBufferFull", Time since last: 599802251 ns, Reaching safepoint: 846416 ns, Cleanup: 130875 ns, At safepoint: 15167 ns, Total: 992458 ns
[2025-09-17T06:38:40.732+0000][187][info ][gc,start    ] GC(8) Pause Young (Normal) (G1 Evacuation Pause)
[2025-09-17T06:38:40.732+0000][187][info ][gc,task     ] GC(8) Using 8 workers of 8 for evacuation
[2025-09-17T06:38:40.732+0000][187][debug][gc,age      ] GC(8) Desired survivor size 41943040 bytes, new threshold 15 (max threshold 15)
[2025-09-17T06:38:40.754+0000][187][info ][gc,phases   ] GC(8)   Pre Evacuate Collection Set: 0.14ms
[2025-09-17T06:38:40.754+0000][187][info ][gc,phases   ] GC(8)   Merge Heap Roots: 0.09ms
[2025-09-17T06:38:40.754+0000][187][info ][gc,phases   ] GC(8)   Evacuate Collection Set: 19.77ms
[2025-09-17T06:38:40.754+0000][187][info ][gc,phases   ] GC(8)   Post Evacuate Collection Set: 1.50ms
[2025-09-17T06:38:40.754+0000][187][info ][gc,phases   ] GC(8)   Other: 0.11ms
[2025-09-17T06:38:40.754+0000][187][trace][gc,age      ] GC(8) Age table with threshold 15 (max threshold 15)
[2025-09-17T06:38:40.755+0000][187][trace][gc,age      ] GC(8) - age   1:   10924608 bytes,   10924608 total
[2025-09-17T06:38:40.755+0000][187][trace][gc,age      ] GC(8) - age   2:      57256 bytes,   10981864 total
[2025-09-17T06:38:40.755+0000][187][trace][gc,age      ] GC(8) - age   3:    8383392 bytes,   19365256 total
[2025-09-17T06:38:40.755+0000][187][trace][gc,age      ] GC(8) - age   4:    5722856 bytes,   25088112 total
[2025-09-17T06:38:40.755+0000][187][trace][gc,age      ] GC(8) - age   5:     386712 bytes,   25474824 total
[2025-09-17T06:38:40.755+0000][187][trace][gc,age      ] GC(8) - age   6:    4020472 bytes,   29495296 total
[2025-09-17T06:38:40.755+0000][187][trace][gc,age      ] GC(8) - age   7:    4580344 bytes,   34075640 total
[2025-09-17T06:38:40.755+0000][187][info ][gc,heap     ] GC(8) Eden regions: 147->0(144)
[2025-09-17T06:38:40.755+0000][187][info ][gc,heap     ] GC(8) Survivor regions: 6->9(20)
[2025-09-17T06:38:40.755+0000][187][info ][gc,heap     ] GC(8) Old regions: 1->1
[2025-09-17T06:38:40.755+0000][187][info ][gc,heap     ] GC(8) Humongous regions: 0->0
[2025-09-17T06:38:40.755+0000][187][info ][gc,metaspace] GC(8) Metaspace: 38301K(39424K)->38301K(39424K) NonClass: 33809K(34496K)->33809K(34496K) Class: 4491K(4928K)->4491K(4928K)
[2025-09-17T06:38:40.755+0000][187][info ][gc          ] GC(8) Pause Young (Normal) (G1 Evacuation Pause) 612M->36M(1024M) 23.114ms
[2025-09-17T06:38:40.755+0000][187][info ][gc,cpu      ] GC(8) User=0.10s Sys=0.00s Real=0.02s
[2025-09-17T06:38:40.755+0000][187][info ][safepoint   ] Safepoint "G1CollectForAllocation", Time since last: 361026667 ns, Reaching safepoint: 2708 ns, Cleanup: 66875 ns, At safepoint: 23244000 ns, Total: 23313583 ns
[2025-09-17T06:38:41.119+0000][187][info ][safepoint   ] Safepoint "ICBufferFull", Time since last: 363406584 ns, Reaching safepoint: 2416 ns, Cleanup: 113375 ns, At safepoint: 14084 ns, Total: 129875 ns
[2025-09-17T06:38:41.264+0000][187][info ][safepoint   ] Safepoint "ICBufferFull", Time since last: 144737375 ns, Reaching safepoint: 2583 ns, Cleanup: 108917 ns, At safepoint: 9625 ns, Total: 121125 ns
[2025-09-17T06:38:41.660+0000][187][info ][safepoint   ] Safepoint "ICBufferFull", Time since last: 395231667 ns, Reaching safepoint: 3416 ns, Cleanup: 739667 ns, At safepoint: 24417 ns, Total: 767500 ns
[2025-09-17T06:38:42.408+0000][187][info ][safepoint   ] Safepoint "ICBufferFull", Time since last: 747788958 ns, Reaching safepoint: 2959 ns, Cleanup: 150583 ns, At safepoint: 6042 ns, Total: 159584 ns
[2025-09-17T06:38:42.614+0000][187][info ][safepoint   ] Safepoint "ICBufferFull", Time since last: 206532000 ns, Reaching safepoint: 4875 ns, Cleanup: 78583 ns, At safepoint: 7208 ns, Total: 90666 ns
[2025-09-17T06:38:43.123+0000][187][info ][safepoint   ] Safepoint "ICBufferFull", Time since last: 508621834 ns, Reaching safepoint: 6708 ns, Cleanup: 168084 ns, At safepoint: 27666 ns, Total: 202458 ns
[2025-09-17T06:38:43.500+0000][187][info ][gc,start    ] GC(9) Pause Young (Concurrent Start) (Metadata GC Threshold)
[2025-09-17T06:38:43.501+0000][187][info ][gc,task     ] GC(9) Using 8 workers of 8 for evacuation
[2025-09-17T06:38:43.501+0000][187][debug][gc,age      ] GC(9) Desired survivor size 41943040 bytes, new threshold 15 (max threshold 15)
[2025-09-17T06:38:43.537+0000][187][info ][gc,phases   ] GC(9)   Pre Evacuate Collection Set: 0.83ms
[2025-09-17T06:38:43.537+0000][187][info ][gc,phases   ] GC(9)   Merge Heap Roots: 0.17ms
[2025-09-17T06:38:43.537+0000][187][info ][gc,phases   ] GC(9)   Evacuate Collection Set: 30.62ms
[2025-09-17T06:38:43.537+0000][187][info ][gc,phases   ] GC(9)   Post Evacuate Collection Set: 3.53ms
[2025-09-17T06:38:43.537+0000][187][info ][gc,phases   ] GC(9)   Other: 1.02ms
[2025-09-17T06:38:43.537+0000][187][trace][gc,age      ] GC(9) Age table with threshold 15 (max threshold 15)
[2025-09-17T06:38:43.537+0000][187][trace][gc,age      ] GC(9) - age   1:   10281848 bytes,   10281848 total
[2025-09-17T06:38:43.537+0000][187][trace][gc,age      ] GC(9) - age   2:    8853840 bytes,   19135688 total
[2025-09-17T06:38:43.537+0000][187][trace][gc,age      ] GC(9) - age   3:      55704 bytes,   19191392 total
[2025-09-17T06:38:43.537+0000][187][trace][gc,age      ] GC(9) - age   4:    8341368 bytes,   27532760 total
[2025-09-17T06:38:43.537+0000][187][trace][gc,age      ] GC(9) - age   5:    5539008 bytes,   33071768 total
[2025-09-17T06:38:43.537+0000][187][trace][gc,age      ] GC(9) - age   6:     383056 bytes,   33454824 total
[2025-09-17T06:38:43.538+0000][187][trace][gc,age      ] GC(9) - age   7:    3982976 bytes,   37437800 total
[2025-09-17T06:38:43.538+0000][187][trace][gc,age      ] GC(9) - age   8:    4571096 bytes,   42008896 total
[2025-09-17T06:38:43.538+0000][187][info ][gc,heap     ] GC(9) Eden regions: 135->0(142)
[2025-09-17T06:38:43.538+0000][187][info ][gc,heap     ] GC(9) Survivor regions: 9->11(20)
[2025-09-17T06:38:43.538+0000][187][info ][gc,heap     ] GC(9) Old regions: 1->1
[2025-09-17T06:38:43.538+0000][187][info ][gc,heap     ] GC(9) Humongous regions: 0->0
[2025-09-17T06:38:43.538+0000][187][info ][gc,metaspace] GC(9) Metaspace: 59652K(61120K)->59652K(61120K) NonClass: 52123K(53056K)->52123K(53056K) Class: 7528K(8064K)->7528K(8064K)
[2025-09-17T06:38:43.538+0000][187][info ][gc          ] GC(9) Pause Young (Concurrent Start) (Metadata GC Threshold) 574M->44M(1024M) 37.947ms
[2025-09-17T06:38:43.538+0000][187][info ][gc,cpu      ] GC(9) User=0.14s Sys=0.00s Real=0.04s
[2025-09-17T06:38:43.538+0000][187][info ][gc          ] GC(10) Concurrent Mark Cycle
[2025-09-17T06:38:43.538+0000][187][info ][gc,marking  ] GC(10) Concurrent Scan Root Regions
[2025-09-17T06:38:43.538+0000][187][info ][safepoint   ] Safepoint "CollectForMetadataAllocation", Time since last: 376041001 ns, Reaching safepoint: 625125 ns, Cleanup: 141416 ns, At safepoint: 38398792 ns, Total: 39165333 ns
[2025-09-17T06:38:43.557+0000][187][info ][gc,marking  ] GC(10) Concurrent Scan Root Regions 18.470ms
[2025-09-17T06:38:43.559+0000][187][info ][gc,marking  ] GC(10) Concurrent Mark
[2025-09-17T06:38:43.560+0000][187][info ][gc,marking  ] GC(10) Concurrent Mark From Roots
[2025-09-17T06:38:43.563+0000][187][info ][gc,task     ] GC(10) Using 2 workers of 2 for marking
[2025-09-17T06:38:43.585+0000][187][info ][gc,marking  ] GC(10) Concurrent Mark From Roots 24.521ms
[2025-09-17T06:38:43.585+0000][187][info ][gc,marking  ] GC(10) Concurrent Preclean
[2025-09-17T06:38:43.588+0000][187][info ][gc,marking  ] GC(10) Concurrent Preclean 2.710ms
[2025-09-17T06:38:43.588+0000][187][info ][gc,start    ] GC(10) Pause Remark
[2025-09-17T06:38:43.597+0000][187][info ][gc          ] GC(10) Pause Remark 49M->49M(1024M) 9.363ms
[2025-09-17T06:38:43.597+0000][187][info ][gc,cpu      ] GC(10) User=0.02s Sys=0.00s Real=0.01s
[2025-09-17T06:38:43.598+0000][187][info ][safepoint   ] Safepoint "G1PauseRemark", Time since last: 49518042 ns, Reaching safepoint: 2958 ns, Cleanup: 17000 ns, At safepoint: 9729833 ns, Total: 9749791 ns
[2025-09-17T06:38:43.598+0000][187][info ][gc,marking  ] GC(10) Concurrent Mark 39.485ms
[2025-09-17T06:38:43.600+0000][187][info ][gc,marking  ] GC(10) Concurrent Rebuild Remembered Sets and Scrub Regions
[2025-09-17T06:38:43.600+0000][187][info ][gc,marking  ] GC(10) Concurrent Rebuild Remembered Sets and Scrub Regions 0.696ms
[2025-09-17T06:38:43.603+0000][187][info ][gc,start    ] GC(10) Pause Cleanup
[2025-09-17T06:38:43.603+0000][187][info ][gc          ] GC(10) Pause Cleanup 49M->49M(1024M) 0.526ms
[2025-09-17T06:38:43.604+0000][187][info ][gc,cpu      ] GC(10) User=0.01s Sys=0.00s Real=0.00s
[2025-09-17T06:38:43.604+0000][187][info ][safepoint   ] Safepoint "G1PauseCleanup", Time since last: 5003500 ns, Reaching safepoint: 7334 ns, Cleanup: 20583 ns, At safepoint: 1397458 ns, Total: 1425375 ns
[2025-09-17T06:38:43.605+0000][187][info ][gc,marking  ] GC(10) Concurrent Clear Claimed Marks
[2025-09-17T06:38:43.605+0000][187][info ][gc,marking  ] GC(10) Concurrent Clear Claimed Marks 0.254ms
[2025-09-17T06:38:43.606+0000][187][info ][gc,marking  ] GC(10) Concurrent Cleanup for Next Mark
[2025-09-17T06:38:43.619+0000][187][info ][gc,marking  ] GC(10) Concurrent Cleanup for Next Mark 12.817ms
[2025-09-17T06:38:43.619+0000][187][info ][gc          ] GC(10) Concurrent Mark Cycle 80.658ms
[2025-09-17T06:38:44.277+0000][187][info ][safepoint   ] Safepoint "ICBufferFull", Time since last: 673311459 ns, Reaching safepoint: 2375 ns, Cleanup: 101250 ns, At safepoint: 8792 ns, Total: 112417 ns
[2025-09-17T06:38:44.418+0000][187][info ][safepoint   ] Safepoint "ICBufferFull", Time since last: 140727708 ns, Reaching safepoint: 7167 ns, Cleanup: 233958 ns, At safepoint: 15542 ns, Total: 256667 ns
[2025-09-17T06:38:45.209+0000][187][info ][safepoint   ] Safepoint "ICBufferFull", Time since last: 789959875 ns, Reaching safepoint: 270417 ns, Cleanup: 102583 ns, At safepoint: 12958 ns, Total: 385958 ns
[2025-09-17T06:38:45.367+0000][187][info ][safepoint   ] Safepoint "ICBufferFull", Time since last: 157708959 ns, Reaching safepoint: 2333 ns, Cleanup: 82625 ns, At safepoint: 7375 ns, Total: 92333 ns
[2025-09-17T06:38:45.809+0000][187][info ][gc,start    ] GC(11) Pause Young (Normal) (G1 Evacuation Pause)
[2025-09-17T06:38:45.810+0000][187][info ][gc,task     ] GC(11) Using 8 workers of 8 for evacuation
[2025-09-17T06:38:45.810+0000][187][debug][gc,age      ] GC(11) Desired survivor size 41943040 bytes, new threshold 8 (max threshold 15)
[2025-09-17T06:38:45.834+0000][187][info ][gc,phases   ] GC(11)   Pre Evacuate Collection Set: 0.29ms
[2025-09-17T06:38:45.834+0000][187][info ][gc,phases   ] GC(11)   Merge Heap Roots: 0.09ms
[2025-09-17T06:38:45.834+0000][187][info ][gc,phases   ] GC(11)   Evacuate Collection Set: 20.94ms
[2025-09-17T06:38:45.834+0000][187][info ][gc,phases   ] GC(11)   Post Evacuate Collection Set: 2.04ms
[2025-09-17T06:38:45.834+0000][187][info ][gc,phases   ] GC(11)   Other: 0.80ms
[2025-09-17T06:38:45.834+0000][187][trace][gc,age      ] GC(11) Age table with threshold 8 (max threshold 15)
[2025-09-17T06:38:45.834+0000][187][trace][gc,age      ] GC(11) - age   1:   10835160 bytes,   10835160 total
[2025-09-17T06:38:45.834+0000][187][trace][gc,age      ] GC(11) - age   2:    9835288 bytes,   20670448 total
[2025-09-17T06:38:45.834+0000][187][trace][gc,age      ] GC(11) - age   3:    8804800 bytes,   29475248 total
[2025-09-17T06:38:45.834+0000][187][trace][gc,age      ] GC(11) - age   4:      55576 bytes,   29530824 total
[2025-09-17T06:38:45.834+0000][187][trace][gc,age      ] GC(11) - age   5:    8329352 bytes,   37860176 total
[2025-09-17T06:38:45.834+0000][187][trace][gc,age      ] GC(11) - age   6:    5515512 bytes,   43375688 total
[2025-09-17T06:38:45.834+0000][187][trace][gc,age      ] GC(11) - age   7:     380688 bytes,   43756376 total
[2025-09-17T06:38:45.834+0000][187][trace][gc,age      ] GC(11) - age   8:    3975584 bytes,   47731960 total
[2025-09-17T06:38:45.834+0000][187][info ][gc,heap     ] GC(11) Eden regions: 142->0(140)
[2025-09-17T06:38:45.834+0000][187][info ][gc,heap     ] GC(11) Survivor regions: 11->13(20)
[2025-09-17T06:38:45.834+0000][187][info ][gc,heap     ] GC(11) Old regions: 1->2
[2025-09-17T06:38:45.834+0000][187][info ][gc,heap     ] GC(11) Humongous regions: 0->0
[2025-09-17T06:38:45.834+0000][187][info ][gc,metaspace] GC(11) Metaspace: 75224K(77056K)->75224K(77056K) NonClass: 65136K(66240K)->65136K(66240K) Class: 10088K(10816K)->10088K(10816K)
[2025-09-17T06:38:45.834+0000][187][info ][gc          ] GC(11) Pause Young (Normal) (G1 Evacuation Pause) 612M->57M(1024M) 25.504ms
[2025-09-17T06:38:45.834+0000][187][info ][gc,cpu      ] GC(11) User=0.11s Sys=0.01s Real=0.03s
[2025-09-17T06:38:45.835+0000][187][info ][safepoint   ] Safepoint "G1CollectForAllocation", Time since last: 442241875 ns, Reaching safepoint: 3292 ns, Cleanup: 55750 ns, At safepoint: 25633875 ns, Total: 25692917 ns
[2025-09-17T06:38:46.126+0000][187][info ][safepoint   ] Safepoint "ICBufferFull", Time since last: 291489542 ns, Reaching safepoint: 2791 ns, Cleanup: 81834 ns, At safepoint: 3750 ns, Total: 88375 ns
[2025-09-17T06:38:46.233+0000][187][info ][safepoint   ] Safepoint "ICBufferFull", Time since last: 106379458 ns, Reaching safepoint: 2375 ns, Cleanup: 77875 ns, At safepoint: 4792 ns, Total: 85042 ns
[2025-09-17T06:38:46.461+0000][187][info ][safepoint   ] Safepoint "ICBufferFull", Time since last: 228124542 ns, Reaching safepoint: 2750 ns, Cleanup: 99625 ns, At safepoint: 11625 ns, Total: 114000 ns
[2025-09-17T06:38:47.268+0000][187][info ][safepoint   ] Safepoint "ICBufferFull", Time since last: 806754375 ns, Reaching safepoint: 7167 ns, Cleanup: 166583 ns, At safepoint: 9083 ns, Total: 182833 ns
[2025-09-17T06:38:47.781+0000][187][info ][gc,start    ] GC(12) Pause Young (Concurrent Start) (Metadata GC Threshold)
[2025-09-17T06:38:47.781+0000][187][info ][gc,task     ] GC(12) Using 8 workers of 8 for evacuation
[2025-09-17T06:38:47.781+0000][187][debug][gc,age      ] GC(12) Desired survivor size 41943040 bytes, new threshold 6 (max threshold 15)
[2025-09-17T06:38:47.802+0000][187][info ][gc,phases   ] GC(12)   Pre Evacuate Collection Set: 0.21ms
[2025-09-17T06:38:47.802+0000][187][info ][gc,phases   ] GC(12)   Merge Heap Roots: 0.10ms
[2025-09-17T06:38:47.802+0000][187][info ][gc,phases   ] GC(12)   Evacuate Collection Set: 18.55ms
[2025-09-17T06:38:47.802+0000][187][info ][gc,phases   ] GC(12)   Post Evacuate Collection Set: 1.74ms
[2025-09-17T06:38:47.802+0000][187][info ][gc,phases   ] GC(12)   Other: 0.24ms
[2025-09-17T06:38:47.802+0000][187][trace][gc,age      ] GC(12) Age table with threshold 6 (max threshold 15)
[2025-09-17T06:38:47.802+0000][187][trace][gc,age      ] GC(12) - age   1:    9707232 bytes,    9707232 total
[2025-09-17T06:38:47.802+0000][187][trace][gc,age      ] GC(12) - age   2:   10496632 bytes,   20203864 total
[2025-09-17T06:38:47.802+0000][187][trace][gc,age      ] GC(12) - age   3:    9669808 bytes,   29873672 total
[2025-09-17T06:38:47.802+0000][187][trace][gc,age      ] GC(12) - age   4:    8788552 bytes,   38662224 total
[2025-09-17T06:38:47.802+0000][187][trace][gc,age      ] GC(12) - age   5:      55256 bytes,   38717480 total
[2025-09-17T06:38:47.802+0000][187][trace][gc,age      ] GC(12) - age   6:    8304152 bytes,   47021632 total
[2025-09-17T06:38:47.802+0000][187][info ][gc,heap     ] GC(12) Eden regions: 81->0(140)
[2025-09-17T06:38:47.802+0000][187][info ][gc,heap     ] GC(12) Survivor regions: 13->13(20)
[2025-09-17T06:38:47.802+0000][187][info ][gc,heap     ] GC(12) Old regions: 2->4
[2025-09-17T06:38:47.802+0000][187][info ][gc,heap     ] GC(12) Humongous regions: 0->0
[2025-09-17T06:38:47.802+0000][187][info ][gc,metaspace] GC(12) Metaspace: 100215K(102336K)->100215K(102336K) NonClass: 86695K(87936K)->86695K(87936K) Class: 13519K(14400K)->13519K(14400K)
[2025-09-17T06:38:47.803+0000][187][info ][gc          ] GC(12) Pause Young (Concurrent Start) (Metadata GC Threshold) 381M->66M(1024M) 21.669ms
[2025-09-17T06:38:47.803+0000][187][info ][gc,cpu      ] GC(12) User=0.11s Sys=0.01s Real=0.02s
[2025-09-17T06:38:47.803+0000][187][info ][safepoint   ] Safepoint "CollectForMetadataAllocation", Time since last: 513001084 ns, Reaching safepoint: 2750 ns, Cleanup: 74708 ns, At safepoint: 21871000 ns, Total: 21948458 ns
[2025-09-17T06:38:47.803+0000][187][info ][gc          ] GC(13) Concurrent Mark Cycle
[2025-09-17T06:38:47.803+0000][187][info ][gc,marking  ] GC(13) Concurrent Scan Root Regions
[2025-09-17T06:38:47.814+0000][187][info ][gc,marking  ] GC(13) Concurrent Scan Root Regions 10.993ms
[2025-09-17T06:38:47.814+0000][187][info ][gc,marking  ] GC(13) Concurrent Mark
[2025-09-17T06:38:47.814+0000][187][info ][gc,marking  ] GC(13) Concurrent Mark From Roots
[2025-09-17T06:38:47.814+0000][187][info ][gc,task     ] GC(13) Using 2 workers of 2 for marking
[2025-09-17T06:38:47.817+0000][187][info ][gc,marking  ] GC(13) Concurrent Mark From Roots 3.266ms
[2025-09-17T06:38:47.818+0000][187][info ][gc,marking  ] GC(13) Concurrent Preclean
[2025-09-17T06:38:47.818+0000][187][info ][gc,marking  ] GC(13) Concurrent Preclean 0.147ms
[2025-09-17T06:38:47.819+0000][187][info ][gc,start    ] GC(13) Pause Remark
[2025-09-17T06:38:47.824+0000][187][info ][gc          ] GC(13) Pause Remark 70M->70M(1024M) 5.757ms
[2025-09-17T06:38:47.825+0000][187][info ][gc,cpu      ] GC(13) User=0.02s Sys=0.00s Real=0.01s
[2025-09-17T06:38:47.825+0000][187][info ][safepoint   ] Safepoint "G1PauseRemark", Time since last: 15157542 ns, Reaching safepoint: 821458 ns, Cleanup: 7459 ns, At safepoint: 5877875 ns, Total: 6706792 ns
[2025-09-17T06:38:47.825+0000][187][info ][gc,marking  ] GC(13) Concurrent Mark 10.634ms
[2025-09-17T06:38:47.825+0000][187][info ][gc,marking  ] GC(13) Concurrent Rebuild Remembered Sets and Scrub Regions
[2025-09-17T06:38:47.832+0000][187][info ][gc,marking  ] GC(13) Concurrent Rebuild Remembered Sets and Scrub Regions 6.753ms
[2025-09-17T06:38:47.833+0000][187][info ][gc,start    ] GC(13) Pause Cleanup
[2025-09-17T06:38:47.833+0000][187][info ][gc          ] GC(13) Pause Cleanup 71M->71M(1024M) 0.290ms
[2025-09-17T06:38:47.833+0000][187][info ][gc,cpu      ] GC(13) User=0.00s Sys=0.00s Real=0.00s
[2025-09-17T06:38:47.834+0000][187][info ][safepoint   ] Safepoint "G1PauseCleanup", Time since last: 7225416 ns, Reaching safepoint: 895667 ns, Cleanup: 24500 ns, At safepoint: 1022833 ns, Total: 1943000 ns
[2025-09-17T06:38:47.834+0000][187][info ][gc,marking  ] GC(13) Concurrent Clear Claimed Marks
[2025-09-17T06:38:47.834+0000][187][info ][gc,marking  ] GC(13) Concurrent Clear Claimed Marks 0.378ms
[2025-09-17T06:38:47.835+0000][187][info ][gc,marking  ] GC(13) Concurrent Cleanup for Next Mark
[2025-09-17T06:38:47.838+0000][187][info ][gc,marking  ] GC(13) Concurrent Cleanup for Next Mark 3.658ms
[2025-09-17T06:38:47.838+0000][187][info ][gc          ] GC(13) Concurrent Mark Cycle 35.791ms
[2025-09-17T06:38:48.133+0000][187][info ][safepoint   ] Safepoint "ICBufferFull", Time since last: 298978209 ns, Reaching safepoint: 3583 ns, Cleanup: 87750 ns, At safepoint: 6292 ns, Total: 97625 ns
[2025-09-17T06:38:48.439+0000][187][info ][safepoint   ] Safepoint "ICBufferFull", Time since last: 306235667 ns, Reaching safepoint: 3208 ns, Cleanup: 75458 ns, At safepoint: 8292 ns, Total: 86958 ns
[2025-09-17T06:38:48.875+0000][187][info ][safepoint   ] Safepoint "ICBufferFull", Time since last: 435753917 ns, Reaching safepoint: 3125 ns, Cleanup: 83500 ns, At safepoint: 4583 ns, Total: 91208 ns
[2025-09-17T06:38:49.041+0000][187][info ][safepoint   ] Safepoint "ICBufferFull", Time since last: 152449833 ns, Reaching safepoint: 13312209 ns, Cleanup: 116041 ns, At safepoint: 15542 ns, Total: 13443792 ns
[2025-09-17T06:38:49.106+0000][187][info ][safepoint   ] Safepoint "ICBufferFull", Time since last: 65194667 ns, Reaching safepoint: 2542 ns, Cleanup: 84125 ns, At safepoint: 10625 ns, Total: 97292 ns
[2025-09-17T06:38:49.160+0000][187][info ][safepoint   ] Safepoint "ICBufferFull", Time since last: 52914750 ns, Reaching safepoint: 653958 ns, Cleanup: 100125 ns, At safepoint: 7208 ns, Total: 761291 ns
[2025-09-17T06:38:49.216+0000][187][info ][safepoint   ] Safepoint "ICBufferFull", Time since last: 55941917 ns, Reaching safepoint: 8042 ns, Cleanup: 141208 ns, At safepoint: 13667 ns, Total: 162917 ns
[2025-09-17T06:38:49.299+0000][187][info ][safepoint   ] Safepoint "ICBufferFull", Time since last: 83368083 ns, Reaching safepoint: 7042 ns, Cleanup: 155291 ns, At safepoint: 14209 ns, Total: 176542 ns
[2025-09-17T06:38:49.368+0000][187][info ][safepoint   ] Safepoint "ICBufferFull", Time since last: 67912375 ns, Reaching safepoint: 4000 ns, Cleanup: 92083 ns, At safepoint: 10333 ns, Total: 106416 ns
[2025-09-17T06:38:49.455+0000][187][info ][safepoint   ] Safepoint "ICBufferFull", Time since last: 86397917 ns, Reaching safepoint: 956667 ns, Cleanup: 86416 ns, At safepoint: 16209 ns, Total: 1059292 ns
[2025-09-17T06:38:49.487+0000][187][info ][safepoint   ] Safepoint "ICBufferFull", Time since last: 31964375 ns, Reaching safepoint: 8166 ns, Cleanup: 131750 ns, At safepoint: 22209 ns, Total: 162125 ns
[2025-09-17T06:38:49.619+0000][187][info ][safepoint   ] Safepoint "ICBufferFull", Time since last: 131329291 ns, Reaching safepoint: 3250 ns, Cleanup: 121917 ns, At safepoint: 12875 ns, Total: 138042 ns
[2025-09-17T06:38:49.721+0000][187][info ][safepoint   ] Safepoint "ICBufferFull", Time since last: 102163625 ns, Reaching safepoint: 4042 ns, Cleanup: 105166 ns, At safepoint: 14042 ns, Total: 123250 ns
[2025-09-17T06:38:49.919+0000][187][info ][safepoint   ] Safepoint "ICBufferFull", Time since last: 198400959 ns, Reaching safepoint: 4291 ns, Cleanup: 104875 ns, At safepoint: 15042 ns, Total: 124208 ns
[2025-09-17T06:38:49.953+0000][187][info ][safepoint   ] Safepoint "ICBufferFull", Time since last: 32680875 ns, Reaching safepoint: 660292 ns, Cleanup: 94666 ns, At safepoint: 20584 ns, Total: 775542 ns
[2025-09-17T06:38:50.161+0000][187][info ][safepoint   ] Safepoint "ICBufferFull", Time since last: 207017708 ns, Reaching safepoint: 1017000 ns, Cleanup: 83083 ns, At safepoint: 19834 ns, Total: 1119917 ns
[2025-09-17T06:38:50.215+0000][187][info ][safepoint   ] Safepoint "ICBufferFull", Time since last: 53961875 ns, Reaching safepoint: 5333 ns, Cleanup: 104167 ns, At safepoint: 16125 ns, Total: 125625 ns
[2025-09-17T06:38:50.335+0000][187][info ][safepoint   ] Safepoint "ICBufferFull", Time since last: 118912500 ns, Reaching safepoint: 705333 ns, Cleanup: 472500 ns, At safepoint: 24583 ns, Total: 1202416 ns
[2025-09-17T06:38:50.577+0000][187][info ][safepoint   ] Safepoint "ICBufferFull", Time since last: 242020209 ns, Reaching safepoint: 5792 ns, Cleanup: 66083 ns, At safepoint: 10792 ns, Total: 82667 ns
[2025-09-17T06:38:50.891+0000][187][info ][safepoint   ] Safepoint "ICBufferFull", Time since last: 313209583 ns, Reaching safepoint: 17583 ns, Cleanup: 184959 ns, At safepoint: 10541 ns, Total: 213083 ns
[2025-09-17T06:38:50.972+0000][187][info ][safepoint   ] Safepoint "ICBufferFull", Time since last: 80231417 ns, Reaching safepoint: 931333 ns, Cleanup: 69334 ns, At safepoint: 23500 ns, Total: 1024167 ns
[2025-09-17T06:38:50.976+0000][187][info ][gc,start    ] GC(14) Pause Young (Prepare Mixed) (G1 Evacuation Pause)
[2025-09-17T06:38:50.976+0000][187][info ][gc,task     ] GC(14) Using 8 workers of 8 for evacuation
[2025-09-17T06:38:50.976+0000][187][debug][gc,age      ] GC(14) Desired survivor size 41943040 bytes, new threshold 6 (max threshold 15)
[2025-09-17T06:38:51.038+0000][187][info ][gc,phases   ] GC(14)   Pre Evacuate Collection Set: 0.16ms
[2025-09-17T06:38:51.038+0000][187][info ][gc,phases   ] GC(14)   Merge Heap Roots: 0.10ms
[2025-09-17T06:38:51.038+0000][187][info ][gc,phases   ] GC(14)   Evacuate Collection Set: 57.65ms
[2025-09-17T06:38:51.038+0000][187][info ][gc,phases   ] GC(14)   Post Evacuate Collection Set: 4.05ms
[2025-09-17T06:38:51.038+0000][187][info ][gc,phases   ] GC(14)   Other: 0.13ms
[2025-09-17T06:38:51.038+0000][187][trace][gc,age      ] GC(14) Age table with threshold 6 (max threshold 15)
[2025-09-17T06:38:51.038+0000][187][trace][gc,age      ] GC(14) - age   1:   46052600 bytes,   46052600 total
[2025-09-17T06:38:51.038+0000][187][trace][gc,age      ] GC(14) - age   2:    8983952 bytes,   55036552 total
[2025-09-17T06:38:51.038+0000][187][trace][gc,age      ] GC(14) - age   3:   10369112 bytes,   65405664 total
[2025-09-17T06:38:51.038+0000][187][trace][gc,age      ] GC(14) - age   4:    9278088 bytes,   74683752 total
[2025-09-17T06:38:51.038+0000][187][trace][gc,age      ] GC(14) - age   5:    8740112 bytes,   83423864 total
[2025-09-17T06:38:51.039+0000][187][trace][gc,age      ] GC(14) - age   6:      55096 bytes,   83478960 total
[2025-09-17T06:38:51.039+0000][187][info ][gc,heap     ] GC(14) Eden regions: 140->0(133)
[2025-09-17T06:38:51.039+0000][187][info ][gc,heap     ] GC(14) Survivor regions: 13->20(20)
[2025-09-17T06:38:51.039+0000][187][info ][gc,heap     ] GC(14) Old regions: 4->9
[2025-09-17T06:38:51.039+0000][187][info ][gc,heap     ] GC(14) Humongous regions: 2->2
[2025-09-17T06:38:51.039+0000][187][info ][gc,metaspace] GC(14) Metaspace: 138937K(143040K)->138937K(143040K) NonClass: 119249K(121472K)->119249K(121472K) Class: 19688K(21568K)->19688K(21568K)
[2025-09-17T06:38:51.039+0000][187][info ][gc          ] GC(14) Pause Young (Prepare Mixed) (G1 Evacuation Pause) 634M->120M(1024M) 63.022ms
[2025-09-17T06:38:51.039+0000][187][info ][gc,cpu      ] GC(14) User=0.36s Sys=0.01s Real=0.06s
[2025-09-17T06:38:51.039+0000][187][info ][safepoint   ] Safepoint "G1CollectForAllocation", Time since last: 3555083 ns, Reaching safepoint: 199458 ns, Cleanup: 3917 ns, At safepoint: 63167000 ns, Total: 63370375 ns
[2025-09-17T06:38:51.100+0000][187][info ][gc,start    ] GC(15) Pause Young (Mixed) (G1 Evacuation Pause)
[2025-09-17T06:38:51.100+0000][187][info ][gc,task     ] GC(15) Using 8 workers of 8 for evacuation
[2025-09-17T06:38:51.100+0000][187][debug][gc,age      ] GC(15) Desired survivor size 6291456 bytes, new threshold 1 (max threshold 15)
[2025-09-17T06:38:51.169+0000][187][info ][gc,phases   ] GC(15)   Pre Evacuate Collection Set: 0.11ms
[2025-09-17T06:38:51.169+0000][187][info ][gc,phases   ] GC(15)   Merge Heap Roots: 0.20ms
[2025-09-17T06:38:51.169+0000][187][info ][gc,phases   ] GC(15)   Evacuate Collection Set: 66.33ms
[2025-09-17T06:38:51.169+0000][187][info ][gc,phases   ] GC(15)   Post Evacuate Collection Set: 2.56ms
[2025-09-17T06:38:51.169+0000][187][info ][gc,phases   ] GC(15)   Other: 0.10ms
[2025-09-17T06:38:51.169+0000][187][trace][gc,age      ] GC(15) Age table with threshold 1 (max threshold 15)
[2025-09-17T06:38:51.170+0000][187][trace][gc,age      ] GC(15) - age   1:     468488 bytes,     468488 total
[2025-09-17T06:38:51.170+0000][187][info ][gc,heap     ] GC(15) Eden regions: 2->0(150)
[2025-09-17T06:38:51.170+0000][187][info ][gc,heap     ] GC(15) Survivor regions: 20->3(3)
[2025-09-17T06:38:51.170+0000][187][info ][gc,heap     ] GC(15) Old regions: 9->30
[2025-09-17T06:38:51.170+0000][187][info ][gc,heap     ] GC(15) Humongous regions: 2->2
[2025-09-17T06:38:51.170+0000][187][info ][gc,metaspace] GC(15) Metaspace: 139341K(143488K)->139341K(143488K) NonClass: 119583K(121856K)->119583K(121856K) Class: 19757K(21632K)->19757K(21632K)
[2025-09-17T06:38:51.170+0000][187][info ][gc          ] GC(15) Pause Young (Mixed) (G1 Evacuation Pause) 128M->137M(1024M) 69.932ms
[2025-09-17T06:38:51.170+0000][187][info ][gc,cpu      ] GC(15) User=0.41s Sys=0.02s Real=0.07s
[2025-09-17T06:38:51.170+0000][187][info ][safepoint   ] Safepoint "G1CollectForAllocation", Time since last: 60079125 ns, Reaching safepoint: 888125 ns, Cleanup: 26917 ns, At safepoint: 70559792 ns, Total: 71474834 ns
[2025-09-17T06:38:51.286+0000][187][info ][safepoint   ] Safepoint "ICBufferFull", Time since last: 115825875 ns, Reaching safepoint: 6291 ns, Cleanup: 102167 ns, At safepoint: 11583 ns, Total: 120041 ns
[2025-09-17T06:38:51.447+0000][187][info ][safepoint   ] Safepoint "ICBufferFull", Time since last: 160539584 ns, Reaching safepoint: 6333 ns, Cleanup: 78000 ns, At safepoint: 10500 ns, Total: 94833 ns
[2025-09-17T06:38:51.585+0000][187][info ][safepoint   ] Safepoint "ICBufferFull", Time since last: 137476625 ns, Reaching safepoint: 28000 ns, Cleanup: 76792 ns, At safepoint: 22416 ns, Total: 127208 ns
[2025-09-17T06:38:51.675+0000][187][info ][safepoint   ] Safepoint "ICBufferFull", Time since last: 88871917 ns, Reaching safepoint: 217125 ns, Cleanup: 288667 ns, At safepoint: 1233000 ns, Total: 1738792 ns
[2025-09-17T06:38:51.768+0000][187][info ][safepoint   ] Safepoint "ICBufferFull", Time since last: 92703375 ns, Reaching safepoint: 34958 ns, Cleanup: 194167 ns, At safepoint: 19750 ns, Total: 248875 ns
[2025-09-17T06:38:51.956+0000][187][info ][safepoint   ] Safepoint "ICBufferFull", Time since last: 187275167 ns, Reaching safepoint: 394708 ns, Cleanup: 557250 ns, At safepoint: 52417 ns, Total: 1004375 ns
[2025-09-17T06:38:52.079+0000][187][info ][safepoint   ] Safepoint "ICBufferFull", Time since last: 122147583 ns, Reaching safepoint: 87458 ns, Cleanup: 124709 ns, At safepoint: 13833 ns, Total: 226000 ns
[2025-09-17T06:38:52.384+0000][187][info ][safepoint   ] Safepoint "ICBufferFull", Time since last: 304783292 ns, Reaching safepoint: 19666 ns, Cleanup: 178334 ns, At safepoint: 18416 ns, Total: 216416 ns
[2025-09-17T06:38:52.667+0000][187][info ][safepoint   ] Safepoint "ICBufferFull", Time since last: 283222251 ns, Reaching safepoint: 11166 ns, Cleanup: 118750 ns, At safepoint: 8875 ns, Total: 138791 ns
[2025-09-17T06:38:52.836+0000][187][info ][safepoint   ] Safepoint "ICBufferFull", Time since last: 168645000 ns, Reaching safepoint: 59959 ns, Cleanup: 258000 ns, At safepoint: 38083 ns, Total: 356042 ns
[2025-09-17T06:38:52.980+0000][187][info ][safepoint   ] Safepoint "ICBufferFull", Time since last: 144105500 ns, Reaching safepoint: 7250 ns, Cleanup: 91500 ns, At safepoint: 4042 ns, Total: 102792 ns
[2025-09-17T06:38:53.380+0000][187][info ][safepoint   ] Safepoint "ICBufferFull", Time since last: 399816208 ns, Reaching safepoint: 25584 ns, Cleanup: 147375 ns, At safepoint: 12291 ns, Total: 185250 ns
[2025-09-17T06:38:53.723+0000][187][info ][safepoint   ] Safepoint "ICBufferFull", Time since last: 341684209 ns, Reaching safepoint: 715416 ns, Cleanup: 77375 ns, At safepoint: 22209 ns, Total: 815000 ns
[2025-09-17T06:38:53.970+0000][187][info ][safepoint   ] Safepoint "ICBufferFull", Time since last: 247386375 ns, Reaching safepoint: 8333 ns, Cleanup: 77750 ns, At safepoint: 5542 ns, Total: 91625 ns
[2025-09-17T06:38:54.075+0000][187][info ][safepoint   ] Safepoint "ICBufferFull", Time since last: 104907542 ns, Reaching safepoint: 8666 ns, Cleanup: 99834 ns, At safepoint: 6000 ns, Total: 114500 ns
[2025-09-17T06:38:55.076+0000][187][info ][safepoint   ] Safepoint "Cleanup", Time since last: 1000311292 ns, Reaching safepoint: 214208 ns, Cleanup: 489458 ns, At safepoint: 9250 ns, Total: 712916 ns
[2025-09-17T06:38:57.079+0000][187][info ][safepoint   ] Safepoint "Cleanup", Time since last: 2002493835 ns, Reaching safepoint: 398000 ns, Cleanup: 35125 ns, At safepoint: 16000 ns, Total: 449125 ns
[2025-09-17T06:38:58.080+0000][187][info ][safepoint   ] Safepoint "Cleanup", Time since last: 1000320375 ns, Reaching safepoint: 26208 ns, Cleanup: 70625 ns, At safepoint: 8084 ns, Total: 104917 ns
[2025-09-17T06:38:59.083+0000][187][info ][safepoint   ] Safepoint "Cleanup", Time since last: 1003012750 ns, Reaching safepoint: 104834 ns, Cleanup: 34875 ns, At safepoint: 8958 ns, Total: 148667 ns
[2025-09-17T06:39:00.084+0000][187][info ][safepoint   ] Safepoint "Cleanup", Time since last: 1000951375 ns, Reaching safepoint: 39709 ns, Cleanup: 100916 ns, At safepoint: 8417 ns, Total: 149042 ns
[2025-09-17T06:39:01.085+0000][187][info ][safepoint   ] Safepoint "Cleanup", Time since last: 1000860501 ns, Reaching safepoint: 68791 ns, Cleanup: 12750 ns, At safepoint: 8875 ns, Total: 90416 ns
[2025-09-17T06:39:02.086+0000][187][info ][safepoint   ] Safepoint "Cleanup", Time since last: 1000908667 ns, Reaching safepoint: 105334 ns, Cleanup: 34125 ns, At safepoint: 14708 ns, Total: 154167 ns
[2025-09-17T06:39:03.087+0000][187][info ][safepoint   ] Safepoint "Cleanup", Time since last: 1000631751 ns, Reaching safepoint: 98541 ns, Cleanup: 46542 ns, At safepoint: 9833 ns, Total: 154916 ns
[2025-09-17T06:39:04.088+0000][187][info ][safepoint   ] Safepoint "Cleanup", Time since last: 1000888667 ns, Reaching safepoint: 127417 ns, Cleanup: 36833 ns, At safepoint: 16209 ns, Total: 180459 ns
[2025-09-17T06:39:04.775+0000][187][info ][safepoint   ] Safepoint "ICBufferFull", Time since last: 687244542 ns, Reaching safepoint: 30041 ns, Cleanup: 191792 ns, At safepoint: 16375 ns, Total: 238208 ns
[2025-09-17T06:39:04.962+0000][187][info ][safepoint   ] Safepoint "ICBufferFull", Time since last: 186716208 ns, Reaching safepoint: 35667 ns, Cleanup: 135833 ns, At safepoint: 31000 ns, Total: 202500 ns
[2025-09-17T06:39:05.041+0000][187][info ][safepoint   ] Safepoint "ICBufferFull", Time since last: 78034959 ns, Reaching safepoint: 46666 ns, Cleanup: 115750 ns, At safepoint: 19334 ns, Total: 181750 ns
[2025-09-17T06:39:05.085+0000][187][info ][safepoint   ] Safepoint "ICBufferFull", Time since last: 43386833 ns, Reaching safepoint: 764042 ns, Cleanup: 103708 ns, At safepoint: 25833 ns, Total: 893583 ns
[2025-09-17T06:39:05.738+0000][187][info ][safepoint   ] Safepoint "ICBufferFull", Time since last: 652111626 ns, Reaching safepoint: 877541 ns, Cleanup: 121542 ns, At safepoint: 20750 ns, Total: 1019833 ns
[2025-09-17T06:39:05.971+0000][187][info ][safepoint   ] Safepoint "ICBufferFull", Time since last: 233145750 ns, Reaching safepoint: 9542 ns, Cleanup: 143042 ns, At safepoint: 13750 ns, Total: 166334 ns
[2025-09-17T06:39:06.019+0000][187][info ][gc,start    ] GC(16) Pause Young (Normal) (G1 Evacuation Pause)
[2025-09-17T06:39:06.020+0000][187][info ][gc,task     ] GC(16) Using 8 workers of 8 for evacuation
[2025-09-17T06:39:06.022+0000][187][debug][gc,age      ] GC(16) Desired survivor size 41943040 bytes, new threshold 15 (max threshold 15)
[2025-09-17T06:39:06.074+0000][187][info ][gc,phases   ] GC(16)   Pre Evacuate Collection Set: 2.24ms
[2025-09-17T06:39:06.076+0000][187][info ][gc,phases   ] GC(16)   Merge Heap Roots: 1.60ms
[2025-09-17T06:39:06.076+0000][187][info ][gc,phases   ] GC(16)   Evacuate Collection Set: 43.27ms
[2025-09-17T06:39:06.076+0000][187][info ][gc,phases   ] GC(16)   Post Evacuate Collection Set: 4.54ms
[2025-09-17T06:39:06.076+0000][187][info ][gc,phases   ] GC(16)   Other: 2.18ms
[2025-09-17T06:39:06.076+0000][187][trace][gc,age      ] GC(16) Age table with threshold 15 (max threshold 15)
[2025-09-17T06:39:06.076+0000][187][trace][gc,age      ] GC(16) - age   1:   21808008 bytes,   21808008 total
[2025-09-17T06:39:06.076+0000][187][trace][gc,age      ] GC(16) - age   2:     439488 bytes,   22247496 total
[2025-09-17T06:39:06.076+0000][187][info ][gc,heap     ] GC(16) Eden regions: 150->0(147)
[2025-09-17T06:39:06.076+0000][187][info ][gc,heap     ] GC(16) Survivor regions: 3->6(20)
[2025-09-17T06:39:06.076+0000][187][info ][gc,heap     ] GC(16) Old regions: 30->30
[2025-09-17T06:39:06.076+0000][187][info ][gc,heap     ] GC(16) Humongous regions: 2->2
[2025-09-17T06:39:06.076+0000][187][info ][gc,metaspace] GC(16) Metaspace: 149450K(153728K)->149450K(153728K) NonClass: 128249K(130624K)->128249K(130624K) Class: 21200K(23104K)->21200K(23104K)
[2025-09-17T06:39:06.076+0000][187][info ][gc          ] GC(16) Pause Young (Normal) (G1 Evacuation Pause) 737M->149M(1024M) 57.689ms
[2025-09-17T06:39:06.076+0000][187][info ][gc,cpu      ] GC(16) User=0.26s Sys=0.00s Real=0.06s
[2025-09-17T06:39:06.076+0000][187][info ][safepoint   ] Safepoint "G1CollectForAllocation", Time since last: 45815250 ns, Reaching safepoint: 11416 ns, Cleanup: 962125 ns, At safepoint: 58149334 ns, Total: 59122875 ns
[2025-09-17T06:39:07.039+0000][187][info ][safepoint   ] Safepoint "ICBufferFull", Time since last: 961547375 ns, Reaching safepoint: 986917 ns, Cleanup: 394541 ns, At safepoint: 32459 ns, Total: 1413917 ns
[2025-09-17T06:39:07.106+0000][187][info ][safepoint   ] Safepoint "ICBufferFull", Time since last: 63279958 ns, Reaching safepoint: 3242833 ns, Cleanup: 155292 ns, At safepoint: 37625 ns, Total: 3435750 ns
[2025-09-17T06:39:07.186+0000][187][info ][safepoint   ] Safepoint "ICBufferFull", Time since last: 79410667 ns, Reaching safepoint: 402125 ns, Cleanup: 157916 ns, At safepoint: 21459 ns, Total: 581500 ns
[2025-09-17T06:39:07.371+0000][187][info ][safepoint   ] Safepoint "ICBufferFull", Time since last: 185121125 ns, Reaching safepoint: 11333 ns, Cleanup: 134125 ns, At safepoint: 17459 ns, Total: 162917 ns
[2025-09-17T06:39:07.469+0000][187][info ][safepoint   ] Safepoint "ICBufferFull", Time since last: 96707458 ns, Reaching safepoint: 886458 ns, Cleanup: 250042 ns, At safepoint: 18500 ns, Total: 1155000 ns
[2025-09-17T06:39:07.607+0000][187][info ][safepoint   ] Safepoint "ICBufferFull", Time since last: 137040542 ns, Reaching safepoint: 745375 ns, Cleanup: 201541 ns, At safepoint: 35542 ns, Total: 982458 ns
[2025-09-17T06:39:07.735+0000][187][info ][safepoint   ] Safepoint "ICBufferFull", Time since last: 126528625 ns, Reaching safepoint: 1410458 ns, Cleanup: 186584 ns, At safepoint: 45708 ns, Total: 1642750 ns
[2025-09-17T06:39:07.854+0000][187][info ][safepoint   ] Safepoint "ICBufferFull", Time since last: 117489583 ns, Reaching safepoint: 1192459 ns, Cleanup: 100916 ns, At safepoint: 15875 ns, Total: 1309250 ns
[2025-09-17T06:39:08.116+0000][187][info ][gc,start    ] GC(17) Pause Young (Normal) (G1 Evacuation Pause)
[2025-09-17T06:39:08.117+0000][187][info ][gc,task     ] GC(17) Using 8 workers of 8 for evacuation
[2025-09-17T06:39:08.117+0000][187][debug][gc,age      ] GC(17) Desired survivor size 41943040 bytes, new threshold 15 (max threshold 15)
[2025-09-17T06:39:08.139+0000][187][info ][gc,phases   ] GC(17)   Pre Evacuate Collection Set: 0.20ms
[2025-09-17T06:39:08.139+0000][187][info ][gc,phases   ] GC(17)   Merge Heap Roots: 0.13ms
[2025-09-17T06:39:08.139+0000][187][info ][gc,phases   ] GC(17)   Evacuate Collection Set: 18.20ms
[2025-09-17T06:39:08.139+0000][187][info ][gc,phases   ] GC(17)   Post Evacuate Collection Set: 2.80ms
[2025-09-17T06:39:08.139+0000][187][info ][gc,phases   ] GC(17)   Other: 0.14ms
[2025-09-17T06:39:08.139+0000][187][trace][gc,age      ] GC(17) Age table with threshold 15 (max threshold 15)
[2025-09-17T06:39:08.139+0000][187][trace][gc,age      ] GC(17) - age   1:   10068008 bytes,   10068008 total
[2025-09-17T06:39:08.139+0000][187][trace][gc,age      ] GC(17) - age   2:   20686960 bytes,   30754968 total
[2025-09-17T06:39:08.139+0000][187][trace][gc,age      ] GC(17) - age   3:     439360 bytes,   31194328 total
[2025-09-17T06:39:08.139+0000][187][info ][gc,heap     ] GC(17) Eden regions: 147->0(144)
[2025-09-17T06:39:08.139+0000][187][info ][gc,heap     ] GC(17) Survivor regions: 6->9(20)
[2025-09-17T06:39:08.139+0000][187][info ][gc,heap     ] GC(17) Old regions: 30->30
[2025-09-17T06:39:08.139+0000][187][info ][gc,heap     ] GC(17) Humongous regions: 2->2
[2025-09-17T06:39:08.139+0000][187][info ][gc,metaspace] GC(17) Metaspace: 151933K(156224K)->151933K(156224K) NonClass: 130468K(132800K)->130468K(132800K) Class: 21464K(23424K)->21464K(23424K)
[2025-09-17T06:39:08.139+0000][187][info ][gc          ] GC(17) Pause Young (Normal) (G1 Evacuation Pause) 737M->159M(1024M) 23.169ms
[2025-09-17T06:39:08.139+0000][187][info ][gc,cpu      ] GC(17) User=0.15s Sys=0.00s Real=0.02s
[2025-09-17T06:39:08.139+0000][187][info ][safepoint   ] Safepoint "G1CollectForAllocation", Time since last: 260157792 ns, Reaching safepoint: 26625 ns, Cleanup: 88500 ns, At safepoint: 23357875 ns, Total: 23473000 ns
[2025-09-17T06:39:08.435+0000][187][info ][safepoint   ] Safepoint "ICBufferFull", Time since last: 295521291 ns, Reaching safepoint: 6209 ns, Cleanup: 131958 ns, At safepoint: 10542 ns, Total: 148709 ns
[2025-09-17T06:39:08.592+0000][187][info ][safepoint   ] Safepoint "ICBufferFull", Time since last: 156641542 ns, Reaching safepoint: 14083 ns, Cleanup: 78333 ns, At safepoint: 11625 ns, Total: 104041 ns
[2025-09-17T06:39:09.054+0000][187][info ][safepoint   ] Safepoint "ICBufferFull", Time since last: 461303292 ns, Reaching safepoint: 244375 ns, Cleanup: 283750 ns, At safepoint: 14083 ns, Total: 542208 ns
[2025-09-17T06:39:09.213+0000][187][info ][safepoint   ] Safepoint "ICBufferFull", Time since last: 159552750 ns, Reaching safepoint: 9125 ns, Cleanup: 88250 ns, At safepoint: 11084 ns, Total: 108459 ns
[2025-09-17T06:39:09.517+0000][187][info ][safepoint   ] Safepoint "ICBufferFull", Time since last: 303147917 ns, Reaching safepoint: 6083 ns, Cleanup: 546042 ns, At safepoint: 9583 ns, Total: 561708 ns
[2025-09-17T06:39:10.162+0000][187][info ][gc,start    ] GC(18) Pause Young (Concurrent Start) (CodeCache GC Threshold)
[2025-09-17T06:39:10.163+0000][187][info ][gc,task     ] GC(18) Using 8 workers of 8 for evacuation
[2025-09-17T06:39:10.163+0000][187][debug][gc,age      ] GC(18) Desired survivor size 41943040 bytes, new threshold 15 (max threshold 15)
[2025-09-17T06:39:10.189+0000][187][info ][gc,phases   ] GC(18)   Pre Evacuate Collection Set: 2.97ms
[2025-09-17T06:39:10.189+0000][187][info ][gc,phases   ] GC(18)   Merge Heap Roots: 0.10ms
[2025-09-17T06:39:10.189+0000][187][info ][gc,phases   ] GC(18)   Evacuate Collection Set: 20.79ms
[2025-09-17T06:39:10.189+0000][187][info ][gc,phases   ] GC(18)   Post Evacuate Collection Set: 1.48ms
[2025-09-17T06:39:10.189+0000][187][info ][gc,phases   ] GC(18)   Other: 0.91ms
[2025-09-17T06:39:10.189+0000][187][trace][gc,age      ] GC(18) Age table with threshold 15 (max threshold 15)
[2025-09-17T06:39:10.189+0000][187][trace][gc,age      ] GC(18) - age   1:    4593208 bytes,    4593208 total
[2025-09-17T06:39:10.189+0000][187][trace][gc,age      ] GC(18) - age   2:    2597776 bytes,    7190984 total
[2025-09-17T06:39:10.189+0000][187][trace][gc,age      ] GC(18) - age   3:   20561656 bytes,   27752640 total
[2025-09-17T06:39:10.189+0000][187][trace][gc,age      ] GC(18) - age   4:     439360 bytes,   28192000 total
[2025-09-17T06:39:10.190+0000][187][info ][gc,heap     ] GC(18) Eden regions: 38->0(145)
[2025-09-17T06:39:10.190+0000][187][info ][gc,heap     ] GC(18) Survivor regions: 9->8(20)
[2025-09-17T06:39:10.190+0000][187][info ][gc,heap     ] GC(18) Old regions: 30->30
[2025-09-17T06:39:10.190+0000][187][info ][gc,heap     ] GC(18) Humongous regions: 2->2
[2025-09-17T06:39:10.190+0000][187][info ][gc,metaspace] GC(18) Metaspace: 152720K(157056K)->152720K(157056K) NonClass: 131188K(133568K)->131188K(133568K) Class: 21531K(23488K)->21531K(23488K)
[2025-09-17T06:39:10.190+0000][187][info ][gc          ] GC(18) Pause Young (Concurrent Start) (CodeCache GC Threshold) 308M->155M(1024M) 28.111ms
[2025-09-17T06:39:10.190+0000][187][info ][gc          ] GC(19) Concurrent Mark Cycle
[2025-09-17T06:39:10.190+0000][187][info ][gc,marking  ] GC(19) Concurrent Scan Root Regions
[2025-09-17T06:39:10.190+0000][187][info ][gc,cpu      ] GC(18) User=0.15s Sys=0.00s Real=0.03s
[2025-09-17T06:39:10.190+0000][187][info ][safepoint   ] Safepoint "G1TryInitiateConcMark", Time since last: 644204917 ns, Reaching safepoint: 212958 ns, Cleanup: 102209 ns, At safepoint: 28697375 ns, Total: 29012542 ns
[2025-09-17T06:39:10.208+0000][187][info ][gc,marking  ] GC(19) Concurrent Scan Root Regions 18.512ms
[2025-09-17T06:39:10.209+0000][187][info ][gc,marking  ] GC(19) Concurrent Mark
[2025-09-17T06:39:10.209+0000][187][info ][gc,marking  ] GC(19) Concurrent Mark From Roots
[2025-09-17T06:39:10.209+0000][187][info ][gc,task     ] GC(19) Using 2 workers of 2 for marking
[2025-09-17T06:39:10.313+0000][187][info ][gc,marking  ] GC(19) Concurrent Mark From Roots 103.872ms
[2025-09-17T06:39:10.313+0000][187][info ][gc,marking  ] GC(19) Concurrent Preclean
[2025-09-17T06:39:10.313+0000][187][info ][gc,marking  ] GC(19) Concurrent Preclean 0.497ms
[2025-09-17T06:39:10.313+0000][187][info ][gc,start    ] GC(19) Pause Remark
[2025-09-17T06:39:10.399+0000][187][info ][gc          ] GC(19) Pause Remark 162M->162M(1024M) 85.210ms
[2025-09-17T06:39:10.399+0000][187][info ][gc,cpu      ] GC(19) User=0.51s Sys=0.03s Real=0.08s
[2025-09-17T06:39:10.399+0000][187][info ][safepoint   ] Safepoint "G1PauseRemark", Time since last: 123057541 ns, Reaching safepoint: 26709 ns, Cleanup: 39000 ns, At safepoint: 85434166 ns, Total: 85499875 ns
[2025-09-17T06:39:10.399+0000][187][info ][gc,marking  ] GC(19) Concurrent Mark 190.380ms
[2025-09-17T06:39:10.399+0000][187][info ][gc,marking  ] GC(19) Concurrent Rebuild Remembered Sets and Scrub Regions
[2025-09-17T06:39:10.439+0000][187][info ][gc,marking  ] GC(19) Concurrent Rebuild Remembered Sets and Scrub Regions 39.559ms
[2025-09-17T06:39:10.439+0000][187][info ][gc,start    ] GC(19) Pause Cleanup
[2025-09-17T06:39:10.440+0000][187][info ][gc          ] GC(19) Pause Cleanup 163M->163M(1024M) 0.209ms
[2025-09-17T06:39:10.440+0000][187][info ][gc,cpu      ] GC(19) User=0.01s Sys=0.00s Real=0.00s
[2025-09-17T06:39:10.440+0000][187][info ][safepoint   ] Safepoint "G1PauseCleanup", Time since last: 40313167 ns, Reaching safepoint: 326708 ns, Cleanup: 25875 ns, At safepoint: 392667 ns, Total: 745250 ns
[2025-09-17T06:39:10.440+0000][187][info ][gc,marking  ] GC(19) Concurrent Clear Claimed Marks
[2025-09-17T06:39:10.441+0000][187][info ][gc,marking  ] GC(19) Concurrent Clear Claimed Marks 0.537ms
[2025-09-17T06:39:10.441+0000][187][info ][gc,marking  ] GC(19) Concurrent Cleanup for Next Mark
[2025-09-17T06:39:10.448+0000][187][info ][gc,marking  ] GC(19) Concurrent Cleanup for Next Mark 7.618ms
[2025-09-17T06:39:10.448+0000][187][info ][gc          ] GC(19) Concurrent Mark Cycle 258.717ms
[2025-09-17T06:39:10.625+0000][187][info ][safepoint   ] Safepoint "ICBufferFull", Time since last: 185115042 ns, Reaching safepoint: 16583 ns, Cleanup: 76958 ns, At safepoint: 5917 ns, Total: 99458 ns
[2025-09-17T06:39:11.223+0000][187][info ][safepoint   ] Safepoint "ICBufferFull", Time since last: 597830209 ns, Reaching safepoint: 9375 ns, Cleanup: 138541 ns, At safepoint: 5167 ns, Total: 153083 ns
[2025-09-17T06:39:11.440+0000][187][info ][safepoint   ] Safepoint "ICBufferFull", Time since last: 216462542 ns, Reaching safepoint: 8167 ns, Cleanup: 93125 ns, At safepoint: 5958 ns, Total: 107250 ns
[2025-09-17T06:39:12.558+0000][187][info ][safepoint   ] Safepoint "Cleanup", Time since last: 1118181417 ns, Reaching safepoint: 61833 ns, Cleanup: 82625 ns, At safepoint: 18625 ns, Total: 163083 ns
[2025-09-17T06:39:13.559+0000][187][info ][safepoint   ] Safepoint "Cleanup", Time since last: 1000486793 ns, Reaching safepoint: 46875 ns, Cleanup: 22958 ns, At safepoint: 12125 ns, Total: 81958 ns
[2025-09-17T06:39:14.560+0000][187][info ][safepoint   ] Safepoint "Cleanup", Time since last: 1000952000 ns, Reaching safepoint: 41042 ns, Cleanup: 127625 ns, At safepoint: 14542 ns, Total: 183209 ns
[2025-09-17T06:39:15.561+0000][187][info ][safepoint   ] Safepoint "Cleanup", Time since last: 1001361750 ns, Reaching safepoint: 79500 ns, Cleanup: 103792 ns, At safepoint: 14125 ns, Total: 197417 ns
[2025-09-17T06:39:16.194+0000][187][info ][safepoint   ] Safepoint "ICBufferFull", Time since last: 632817417 ns, Reaching safepoint: 7666 ns, Cleanup: 119084 ns, At safepoint: 6000 ns, Total: 132750 ns
[2025-09-17T06:39:16.213+0000][187][info ][safepoint   ] Safepoint "ICBufferFull", Time since last: 19183041 ns, Reaching safepoint: 6500 ns, Cleanup: 121709 ns, At safepoint: 5833 ns, Total: 134042 ns
[2025-09-17T06:39:17.143+0000][187][info ][safepoint   ] Safepoint "ICBufferFull", Time since last: 929303459 ns, Reaching safepoint: 61292 ns, Cleanup: 98416 ns, At safepoint: 8625 ns, Total: 168333 ns
[2025-09-17T06:39:18.167+0000][187][info ][safepoint   ] Safepoint "Cleanup", Time since last: 1023891001 ns, Reaching safepoint: 232416 ns, Cleanup: 186667 ns, At safepoint: 34583 ns, Total: 453666 ns
[2025-09-17T06:39:19.169+0000][187][info ][safepoint   ] Safepoint "Cleanup", Time since last: 1001272209 ns, Reaching safepoint: 117959 ns, Cleanup: 36208 ns, At safepoint: 14708 ns, Total: 168875 ns
[2025-09-17T06:39:20.150+0000][187][info ][safepoint   ] Safepoint "ICBufferFull", Time since last: 979775084 ns, Reaching safepoint: 1098917 ns, Cleanup: 110833 ns, At safepoint: 21917 ns, Total: 1231667 ns
[2025-09-17T06:39:21.151+0000][187][info ][safepoint   ] Safepoint "Cleanup", Time since last: 1001131458 ns, Reaching safepoint: 87917 ns, Cleanup: 115125 ns, At safepoint: 21042 ns, Total: 224084 ns
[2025-09-17T06:39:21.854+0000][187][info ][safepoint   ] Safepoint "ICBufferFull", Time since last: 702613584 ns, Reaching safepoint: 5750 ns, Cleanup: 106791 ns, At safepoint: 6125 ns, Total: 118666 ns
[2025-09-17T06:39:23.519+0000][187][info ][safepoint   ] Safepoint "Cleanup", Time since last: 1664848084 ns, Reaching safepoint: 84959 ns, Cleanup: 199958 ns, At safepoint: 24125 ns, Total: 309042 ns
[2025-09-17T06:39:24.607+0000][187][info ][safepoint   ] Safepoint "ICBufferFull", Time since last: 1087353084 ns, Reaching safepoint: 80208 ns, Cleanup: 115958 ns, At safepoint: 17500 ns, Total: 213666 ns
[2025-09-17T06:39:24.607+0000][187][info ][safepoint   ] Safepoint "ICBufferFull", Time since last: 481042 ns, Reaching safepoint: 5833 ns, Cleanup: 4417 ns, At safepoint: 9292 ns, Total: 19542 ns
[2025-09-17T06:39:26.144+0000][187][info ][safepoint   ] Safepoint "ICBufferFull", Time since last: 1536467042 ns, Reaching safepoint: 38334 ns, Cleanup: 66375 ns, At safepoint: 9666 ns, Total: 114375 ns
[2025-09-17T06:39:26.347+0000][187][info ][safepoint   ] Safepoint "ICBufferFull", Time since last: 203433292 ns, Reaching safepoint: 11042 ns, Cleanup: 107916 ns, At safepoint: 15250 ns, Total: 134208 ns
[2025-09-17T06:39:26.493+0000][187][info ][safepoint   ] Safepoint "ICBufferFull", Time since last: 145634084 ns, Reaching safepoint: 14250 ns, Cleanup: 63208 ns, At safepoint: 16625 ns, Total: 94083 ns
[2025-09-17T06:39:27.494+0000][187][info ][safepoint   ] Safepoint "Cleanup", Time since last: 1000880001 ns, Reaching safepoint: 62291 ns, Cleanup: 123667 ns, At safepoint: 18458 ns, Total: 204416 ns
[2025-09-17T06:39:29.496+0000][187][info ][safepoint   ] Safepoint "Cleanup", Time since last: 2001586543 ns, Reaching safepoint: 116916 ns, Cleanup: 57292 ns, At safepoint: 15708 ns, Total: 189916 ns
[2025-09-17T06:39:30.497+0000][187][info ][safepoint   ] Safepoint "Cleanup", Time since last: 1001294668 ns, Reaching safepoint: 12166 ns, Cleanup: 63250 ns, At safepoint: 8125 ns, Total: 83541 ns
[2025-09-17T06:39:32.499+0000][187][info ][safepoint   ] Safepoint "Cleanup", Time since last: 2001372043 ns, Reaching safepoint: 54500 ns, Cleanup: 67708 ns, At safepoint: 12250 ns, Total: 134458 ns
[2025-09-17T06:39:34.446+0000][187][info ][safepoint   ] Safepoint "Cleanup", Time since last: 1946947376 ns, Reaching safepoint: 70334 ns, Cleanup: 231541 ns, At safepoint: 20209 ns, Total: 322084 ns
[2025-09-17T06:39:35.693+0000][187][info ][safepoint   ] Safepoint "Cleanup", Time since last: 1246647208 ns, Reaching safepoint: 79959 ns, Cleanup: 237583 ns, At safepoint: 23292 ns, Total: 340834 ns
[2025-09-17T06:39:36.695+0000][187][info ][safepoint   ] Safepoint "Cleanup", Time since last: 1001721292 ns, Reaching safepoint: 82458 ns, Cleanup: 47542 ns, At safepoint: 19125 ns, Total: 149125 ns
[2025-09-17T06:39:37.699+0000][187][info ][safepoint   ] Safepoint "Cleanup", Time since last: 1004219709 ns, Reaching safepoint: 62000 ns, Cleanup: 79708 ns, At safepoint: 9042 ns, Total: 150750 ns
[2025-09-17T06:39:38.701+0000][187][info ][safepoint   ] Safepoint "Cleanup", Time since last: 1001290458 ns, Reaching safepoint: 47791 ns, Cleanup: 57375 ns, At safepoint: 14250 ns, Total: 119416 ns
[2025-09-17T06:39:39.703+0000][187][info ][safepoint   ] Safepoint "Cleanup", Time since last: 1001899417 ns, Reaching safepoint: 14875 ns, Cleanup: 12125 ns, At safepoint: 4959 ns, Total: 31959 ns
[2025-09-17T06:39:40.704+0000][187][info ][safepoint   ] Safepoint "Cleanup", Time since last: 1000946959 ns, Reaching safepoint: 33208 ns, Cleanup: 117417 ns, At safepoint: 9166 ns, Total: 159791 ns
[2025-09-17T06:39:41.705+0000][187][info ][safepoint   ] Safepoint "Cleanup", Time since last: 1001154042 ns, Reaching safepoint: 76000 ns, Cleanup: 46834 ns, At safepoint: 14291 ns, Total: 137125 ns
[2025-09-17T06:39:42.706+0000][187][info ][safepoint   ] Safepoint "Cleanup", Time since last: 1000576334 ns, Reaching safepoint: 42125 ns, Cleanup: 26958 ns, At safepoint: 8750 ns, Total: 77833 ns
[2025-09-17T06:39:43.707+0000][187][info ][safepoint   ] Safepoint "Cleanup", Time since last: 1001363959 ns, Reaching safepoint: 92625 ns, Cleanup: 19959 ns, At safepoint: 11750 ns, Total: 124334 ns
[2025-09-17T06:39:44.709+0000][187][info ][safepoint   ] Safepoint "Cleanup", Time since last: 1002110083 ns, Reaching safepoint: 72875 ns, Cleanup: 76792 ns, At safepoint: 23000 ns, Total: 172667 ns
[2025-09-17T06:39:45.713+0000][187][info ][safepoint   ] Safepoint "Cleanup", Time since last: 1003242834 ns, Reaching safepoint: 62958 ns, Cleanup: 60250 ns, At safepoint: 14542 ns, Total: 137750 ns
[2025-09-17T06:39:46.714+0000][187][info ][safepoint   ] Safepoint "Cleanup", Time since last: 1000820625 ns, Reaching safepoint: 32792 ns, Cleanup: 29125 ns, At safepoint: 7958 ns, Total: 69875 ns
[2025-09-17T06:39:47.715+0000][187][info ][safepoint   ] Safepoint "Cleanup", Time since last: 1000943543 ns, Reaching safepoint: 70708 ns, Cleanup: 104625 ns, At safepoint: 15042 ns, Total: 190375 ns
[2025-09-17T06:39:48.716+0000][187][info ][safepoint   ] Safepoint "Cleanup", Time since last: 1000951708 ns, Reaching safepoint: 18292 ns, Cleanup: 13583 ns, At safepoint: 6584 ns, Total: 38459 ns
[2025-09-17T06:39:50.719+0000][187][info ][safepoint   ] Safepoint "Cleanup", Time since last: 2002679084 ns, Reaching safepoint: 35542 ns, Cleanup: 57250 ns, At safepoint: 15083 ns, Total: 107875 ns
[2025-09-17T06:39:51.721+0000][187][info ][safepoint   ] Safepoint "Cleanup", Time since last: 1001768209 ns, Reaching safepoint: 359208 ns, Cleanup: 125792 ns, At safepoint: 37833 ns, Total: 522833 ns
[2025-09-17T06:39:51.911+0000][187][info ][safepoint   ] Safepoint "ICBufferFull", Time since last: 190363417 ns, Reaching safepoint: 11083 ns, Cleanup: 97584 ns, At safepoint: 11083 ns, Total: 119750 ns
[2025-09-17T06:39:53.004+0000][187][info ][safepoint   ] Safepoint "ICBufferFull", Time since last: 1093005375 ns, Reaching safepoint: 17875 ns, Cleanup: 112584 ns, At safepoint: 6666 ns, Total: 137125 ns
[2025-09-17T06:39:53.421+0000][187][info ][gc,start    ] GC(20) Pause Young (Prepare Mixed) (G1 Evacuation Pause)
[2025-09-17T06:39:53.421+0000][187][info ][gc,task     ] GC(20) Using 8 workers of 8 for evacuation
[2025-09-17T06:39:53.421+0000][187][debug][gc,age      ] GC(20) Desired survivor size 41943040 bytes, new threshold 15 (max threshold 15)
[2025-09-17T06:39:53.456+0000][187][info ][gc,phases   ] GC(20)   Pre Evacuate Collection Set: 0.44ms
[2025-09-17T06:39:53.456+0000][187][info ][gc,phases   ] GC(20)   Merge Heap Roots: 0.18ms
[2025-09-17T06:39:53.456+0000][187][info ][gc,phases   ] GC(20)   Evacuate Collection Set: 31.93ms
[2025-09-17T06:39:53.456+0000][187][info ][gc,phases   ] GC(20)   Post Evacuate Collection Set: 2.52ms
[2025-09-17T06:39:53.456+0000][187][info ][gc,phases   ] GC(20)   Other: 0.23ms
[2025-09-17T06:39:53.456+0000][187][trace][gc,age      ] GC(20) Age table with threshold 15 (max threshold 15)
[2025-09-17T06:39:53.456+0000][187][trace][gc,age      ] GC(20) - age   1:    9043792 bytes,    9043792 total
[2025-09-17T06:39:53.456+0000][187][trace][gc,age      ] GC(20) - age   2:    4087088 bytes,   13130880 total
[2025-09-17T06:39:53.456+0000][187][trace][gc,age      ] GC(20) - age   3:    2526480 bytes,   15657360 total
[2025-09-17T06:39:53.456+0000][187][trace][gc,age      ] GC(20) - age   4:   19485440 bytes,   35142800 total
[2025-09-17T06:39:53.457+0000][187][trace][gc,age      ] GC(20) - age   5:     325904 bytes,   35468704 total
[2025-09-17T06:39:53.457+0000][187][info ][gc,heap     ] GC(20) Eden regions: 145->0(143)
[2025-09-17T06:39:53.457+0000][187][info ][gc,heap     ] GC(20) Survivor regions: 8->10(20)
[2025-09-17T06:39:53.457+0000][187][info ][gc,heap     ] GC(20) Old regions: 30->30
[2025-09-17T06:39:53.457+0000][187][info ][gc,heap     ] GC(20) Humongous regions: 2->2
[2025-09-17T06:39:53.457+0000][187][info ][gc,metaspace] GC(20) Metaspace: 155667K(160000K)->155667K(160000K) NonClass: 133895K(136256K)->133895K(136256K) Class: 21772K(23744K)->21772K(23744K)
[2025-09-17T06:39:53.457+0000][187][info ][gc          ] GC(20) Pause Young (Prepare Mixed) (G1 Evacuation Pause) 735M->162M(1024M) 36.064ms
[2025-09-17T06:39:53.457+0000][187][info ][gc,cpu      ] GC(20) User=0.26s Sys=0.00s Real=0.04s
[2025-09-17T06:39:53.457+0000][187][info ][safepoint   ] Safepoint "G1CollectForAllocation", Time since last: 416018542 ns, Reaching safepoint: 42584 ns, Cleanup: 92208 ns, At safepoint: 36255292 ns, Total: 36390084 ns
[2025-09-17T06:39:54.575+0000][187][info ][safepoint   ] Safepoint "Cleanup", Time since last: 1117790708 ns, Reaching safepoint: 72125 ns, Cleanup: 207792 ns, At safepoint: 13000 ns, Total: 292917 ns
[2025-09-17T06:39:55.576+0000][187][info ][safepoint   ] Safepoint "Cleanup", Time since last: 1000551501 ns, Reaching safepoint: 71166 ns, Cleanup: 82584 ns, At safepoint: 15750 ns, Total: 169500 ns
[2025-09-17T06:39:56.581+0000][187][info ][safepoint   ] Safepoint "Cleanup", Time since last: 1005311500 ns, Reaching safepoint: 32583 ns, Cleanup: 39667 ns, At safepoint: 8208 ns, Total: 80458 ns
[2025-09-17T06:39:57.583+0000][187][info ][safepoint   ] Safepoint "Cleanup", Time since last: 1002058751 ns, Reaching safepoint: 76500 ns, Cleanup: 30833 ns, At safepoint: 12792 ns, Total: 120125 ns
[2025-09-17T06:39:58.586+0000][187][info ][safepoint   ] Safepoint "Cleanup", Time since last: 1001280209 ns, Reaching safepoint: 1149958 ns, Cleanup: 49125 ns, At safepoint: 33917 ns, Total: 1233000 ns
[2025-09-17T06:39:59.587+0000][187][info ][safepoint   ] Safepoint "Cleanup", Time since last: 1000796959 ns, Reaching safepoint: 71000 ns, Cleanup: 94375 ns, At safepoint: 19875 ns, Total: 185250 ns
[2025-09-17T06:40:00.148+0000][187][info ][safepoint   ] Safepoint "ICBufferFull", Time since last: 560996958 ns, Reaching safepoint: 10125 ns, Cleanup: 69292 ns, At safepoint: 9083 ns, Total: 88500 ns
[2025-09-17T06:40:01.149+0000][187][info ][safepoint   ] Safepoint "Cleanup", Time since last: 1000862959 ns, Reaching safepoint: 78375 ns, Cleanup: 68167 ns, At safepoint: 18000 ns, Total: 164542 ns
[2025-09-17T06:40:02.150+0000][187][info ][safepoint   ] Safepoint "Cleanup", Time since last: 1001365042 ns, Reaching safepoint: 64333 ns, Cleanup: 22250 ns, At safepoint: 20667 ns, Total: 107250 ns
[2025-09-17T06:40:03.152+0000][187][info ][safepoint   ] Safepoint "Cleanup", Time since last: 1001318042 ns, Reaching safepoint: 44542 ns, Cleanup: 103666 ns, At safepoint: 14084 ns, Total: 162292 ns
[2025-09-17T06:40:05.157+0000][187][info ][safepoint   ] Safepoint "Cleanup", Time since last: 2004626501 ns, Reaching safepoint: 19958 ns, Cleanup: 76458 ns, At safepoint: 17500 ns, Total: 113916 ns
[2025-09-17T06:40:05.207+0000][187][info ][safepoint   ] Safepoint "ICBufferFull", Time since last: 50506750 ns, Reaching safepoint: 11375 ns, Cleanup: 108167 ns, At safepoint: 7625 ns, Total: 127167 ns
[2025-09-17T06:40:06.285+0000][187][info ][safepoint   ] Safepoint "Cleanup", Time since last: 1077521167 ns, Reaching safepoint: 107167 ns, Cleanup: 179125 ns, At safepoint: 19333 ns, Total: 305625 ns
[2025-09-17T06:40:07.041+0000][187][info ][safepoint   ] Safepoint "ICBufferFull", Time since last: 755525500 ns, Reaching safepoint: 11250 ns, Cleanup: 78625 ns, At safepoint: 10375 ns, Total: 100250 ns
[2025-09-17T06:40:08.042+0000][187][info ][safepoint   ] Safepoint "Cleanup", Time since last: 1001223084 ns, Reaching safepoint: 33375 ns, Cleanup: 53333 ns, At safepoint: 8542 ns, Total: 95250 ns
[2025-09-17T06:40:08.319+0000][187][info ][safepoint   ] Safepoint "ICBufferFull", Time since last: 276584292 ns, Reaching safepoint: 10250 ns, Cleanup: 98958 ns, At safepoint: 5333 ns, Total: 114541 ns
[2025-09-17T06:40:08.762+0000][187][info ][safepoint   ] Safepoint "ICBufferFull", Time since last: 443644876 ns, Reaching safepoint: 11083 ns, Cleanup: 125208 ns, At safepoint: 3750 ns, Total: 140041 ns
[2025-09-17T06:40:10.759+0000][187][info ][safepoint   ] Safepoint "Cleanup", Time since last: 1996606543 ns, Reaching safepoint: 94000 ns, Cleanup: 108542 ns, At safepoint: 15750 ns, Total: 218292 ns
[2025-09-17T06:40:11.761+0000][187][info ][safepoint   ] Safepoint "Cleanup", Time since last: 1001452500 ns, Reaching safepoint: 141000 ns, Cleanup: 64583 ns, At safepoint: 17459 ns, Total: 223042 ns
[2025-09-17T06:40:12.762+0000][187][info ][safepoint   ] Safepoint "Cleanup", Time since last: 1000607833 ns, Reaching safepoint: 79750 ns, Cleanup: 153000 ns, At safepoint: 18750 ns, Total: 251500 ns
[2025-09-17T06:40:13.764+0000][187][info ][safepoint   ] Safepoint "Cleanup", Time since last: 1000742209 ns, Reaching safepoint: 1039459 ns, Cleanup: 37250 ns, At safepoint: 22291 ns, Total: 1099000 ns
[2025-09-17T06:40:14.765+0000][187][info ][safepoint   ] Safepoint "Cleanup", Time since last: 1001075334 ns, Reaching safepoint: 15917 ns, Cleanup: 85916 ns, At safepoint: 6417 ns, Total: 108250 ns
[2025-09-17T06:40:15.766+0000][187][info ][safepoint   ] Safepoint "Cleanup", Time since last: 1000649376 ns, Reaching safepoint: 32083 ns, Cleanup: 49333 ns, At safepoint: 8084 ns, Total: 89500 ns
[2025-09-17T06:40:16.770+0000][187][info ][safepoint   ] Safepoint "Cleanup", Time since last: 1004649917 ns, Reaching safepoint: 122250 ns, Cleanup: 117583 ns, At safepoint: 34000 ns, Total: 273833 ns
[2025-09-17T06:40:17.772+0000][187][info ][safepoint   ] Safepoint "Cleanup", Time since last: 1001388126 ns, Reaching safepoint: 134208 ns, Cleanup: 99750 ns, At safepoint: 29500 ns, Total: 263458 ns
[2025-09-17T06:40:18.774+0000][187][info ][safepoint   ] Safepoint "Cleanup", Time since last: 1001349250 ns, Reaching safepoint: 18084 ns, Cleanup: 10583 ns, At safepoint: 8042 ns, Total: 36709 ns
[2025-09-17T06:40:19.775+0000][187][info ][safepoint   ] Safepoint "Cleanup", Time since last: 1001043209 ns, Reaching safepoint: 144291 ns, Cleanup: 159459 ns, At safepoint: 28875 ns, Total: 332625 ns
[2025-09-17T06:40:20.776+0000][187][info ][safepoint   ] Safepoint "Cleanup", Time since last: 1000621208 ns, Reaching safepoint: 100209 ns, Cleanup: 103416 ns, At safepoint: 12334 ns, Total: 215959 ns
[2025-09-17T06:40:21.777+0000][187][info ][safepoint   ] Safepoint "Cleanup", Time since last: 1000794958 ns, Reaching safepoint: 52375 ns, Cleanup: 87042 ns, At safepoint: 21375 ns, Total: 160792 ns
[2025-09-17T06:40:23.679+0000][187][info ][safepoint   ] Safepoint "Cleanup", Time since last: 1901998751 ns, Reaching safepoint: 72542 ns, Cleanup: 268166 ns, At safepoint: 29334 ns, Total: 370042 ns
[2025-09-17T06:40:24.681+0000][187][info ][safepoint   ] Safepoint "Cleanup", Time since last: 1001619167 ns, Reaching safepoint: 86625 ns, Cleanup: 60625 ns, At safepoint: 11417 ns, Total: 158667 ns
[2025-09-17T06:40:25.682+0000][187][info ][safepoint   ] Safepoint "Cleanup", Time since last: 1000809583 ns, Reaching safepoint: 44125 ns, Cleanup: 47875 ns, At safepoint: 9250 ns, Total: 101250 ns
[2025-09-17T06:40:26.683+0000][187][info ][safepoint   ] Safepoint "Cleanup", Time since last: 1000963792 ns, Reaching safepoint: 48875 ns, Cleanup: 62000 ns, At safepoint: 14792 ns, Total: 125667 ns
[2025-09-17T06:40:27.684+0000][187][info ][safepoint   ] Safepoint "Cleanup", Time since last: 1001002709 ns, Reaching safepoint: 37000 ns, Cleanup: 26250 ns, At safepoint: 7792 ns, Total: 71042 ns
[2025-09-17T06:40:29.686+0000][187][info ][safepoint   ] Safepoint "Cleanup", Time since last: 2001622501 ns, Reaching safepoint: 45041 ns, Cleanup: 45542 ns, At safepoint: 8292 ns, Total: 98875 ns
[2025-09-17T06:40:31.688+0000][187][info ][safepoint   ] Safepoint "Cleanup", Time since last: 2002150667 ns, Reaching safepoint: 42667 ns, Cleanup: 23833 ns, At safepoint: 9625 ns, Total: 76125 ns
[2025-09-17T06:40:32.690+0000][187][info ][safepoint   ] Safepoint "Cleanup", Time since last: 1001787709 ns, Reaching safepoint: 96958 ns, Cleanup: 99375 ns, At safepoint: 17084 ns, Total: 213417 ns
[2025-09-17T06:40:34.692+0000][187][info ][safepoint   ] Safepoint "Cleanup", Time since last: 2002300251 ns, Reaching safepoint: 35500 ns, Cleanup: 18333 ns, At safepoint: 8375 ns, Total: 62208 ns
[2025-09-17T06:40:35.841+0000][187][info ][safepoint   ] Safepoint "Cleanup", Time since last: 1148385334 ns, Reaching safepoint: 107666 ns, Cleanup: 90667 ns, At safepoint: 20917 ns, Total: 219250 ns
[2025-09-17T06:40:36.842+0000][187][info ][safepoint   ] Safepoint "Cleanup", Time since last: 1001404625 ns, Reaching safepoint: 88459 ns, Cleanup: 71500 ns, At safepoint: 53458 ns, Total: 213417 ns
[2025-09-17T06:40:37.844+0000][187][info ][safepoint   ] Safepoint "Cleanup", Time since last: 1001532917 ns, Reaching safepoint: 70000 ns, Cleanup: 97542 ns, At safepoint: 15333 ns, Total: 182875 ns
[2025-09-17T06:40:38.846+0000][187][info ][safepoint   ] Safepoint "Cleanup", Time since last: 1001544417 ns, Reaching safepoint: 48458 ns, Cleanup: 60250 ns, At safepoint: 12959 ns, Total: 121667 ns
[2025-09-17T06:40:39.847+0000][187][info ][safepoint   ] Safepoint "Cleanup", Time since last: 1000719875 ns, Reaching safepoint: 133417 ns, Cleanup: 51041 ns, At safepoint: 13667 ns, Total: 198125 ns
[2025-09-17T06:40:40.848+0000][187][info ][safepoint   ] Safepoint "Cleanup", Time since last: 1000722251 ns, Reaching safepoint: 30041 ns, Cleanup: 42750 ns, At safepoint: 9750 ns, Total: 82541 ns
[2025-09-17T06:40:41.849+0000][187][info ][safepoint   ] Safepoint "Cleanup", Time since last: 1000978626 ns, Reaching safepoint: 80583 ns, Cleanup: 56917 ns, At safepoint: 20291 ns, Total: 157791 ns
[2025-09-17T06:40:42.850+0000][187][info ][safepoint   ] Safepoint "Cleanup", Time since last: 1000893293 ns, Reaching safepoint: 50083 ns, Cleanup: 59292 ns, At safepoint: 17583 ns, Total: 126958 ns
[2025-09-17T06:40:43.851+0000][187][info ][safepoint   ] Safepoint "Cleanup", Time since last: 1000966042 ns, Reaching safepoint: 48625 ns, Cleanup: 26542 ns, At safepoint: 13583 ns, Total: 88750 ns
[2025-09-17T06:40:44.852+0000][187][info ][safepoint   ] Safepoint "Cleanup", Time since last: 1000817500 ns, Reaching safepoint: 92709 ns, Cleanup: 88000 ns, At safepoint: 25375 ns, Total: 206084 ns
[2025-09-17T06:40:45.853+0000][187][info ][safepoint   ] Safepoint "Cleanup", Time since last: 1000881209 ns, Reaching safepoint: 16291 ns, Cleanup: 66334 ns, At safepoint: 8125 ns, Total: 90750 ns
[2025-09-17T06:40:47.854+0000][187][info ][safepoint   ] Safepoint "Cleanup", Time since last: 2001255209 ns, Reaching safepoint: 84208 ns, Cleanup: 35584 ns, At safepoint: 33416 ns, Total: 153208 ns
[2025-09-17T06:40:48.856+0000][187][info ][safepoint   ] Safepoint "Cleanup", Time since last: 1001450751 ns, Reaching safepoint: 66166 ns, Cleanup: 47084 ns, At safepoint: 12791 ns, Total: 126041 ns
[2025-09-17T06:40:49.857+0000][187][info ][safepoint   ] Safepoint "Cleanup", Time since last: 1000861001 ns, Reaching safepoint: 101458 ns, Cleanup: 47834 ns, At safepoint: 60583 ns, Total: 209875 ns
[2025-09-17T06:40:50.858+0000][187][info ][safepoint   ] Safepoint "Cleanup", Time since last: 1000761667 ns, Reaching safepoint: 228417 ns, Cleanup: 125625 ns, At safepoint: 39458 ns, Total: 393500 ns
[2025-09-17T06:40:51.860+0000][187][info ][safepoint   ] Safepoint "Cleanup", Time since last: 1000849042 ns, Reaching safepoint: 725042 ns, Cleanup: 33708 ns, At safepoint: 36417 ns, Total: 795167 ns
[2025-09-17T06:40:53.118+0000][187][info ][safepoint   ] Safepoint "Cleanup", Time since last: 1258372917 ns, Reaching safepoint: 14833 ns, Cleanup: 44500 ns, At safepoint: 11542 ns, Total: 70875 ns
[2025-09-17T06:40:54.119+0000][187][info ][safepoint   ] Safepoint "Cleanup", Time since last: 1000695459 ns, Reaching safepoint: 189500 ns, Cleanup: 81500 ns, At safepoint: 24917 ns, Total: 295917 ns
[2025-09-17T06:40:55.121+0000][187][info ][safepoint   ] Safepoint "Cleanup", Time since last: 1001970833 ns, Reaching safepoint: 142459 ns, Cleanup: 40666 ns, At safepoint: 14917 ns, Total: 198042 ns
[2025-09-17T06:40:56.123+0000][187][info ][safepoint   ] Safepoint "Cleanup", Time since last: 1001263334 ns, Reaching safepoint: 51583 ns, Cleanup: 26334 ns, At safepoint: 13833 ns, Total: 91750 ns
[2025-09-17T06:40:57.124+0000][187][info ][safepoint   ] Safepoint "Cleanup", Time since last: 1001098834 ns, Reaching safepoint: 46333 ns, Cleanup: 23875 ns, At safepoint: 16375 ns, Total: 86583 ns
[2025-09-17T06:41:00.127+0000][187][info ][safepoint   ] Safepoint "Cleanup", Time since last: 3002912460 ns, Reaching safepoint: 61916 ns, Cleanup: 50959 ns, At safepoint: 16666 ns, Total: 129541 ns
[2025-09-17T06:41:01.128+0000][187][info ][safepoint   ] Safepoint "Cleanup", Time since last: 1001094626 ns, Reaching safepoint: 68792 ns, Cleanup: 28416 ns, At safepoint: 22250 ns, Total: 119458 ns
[2025-09-17T06:41:03.132+0000][187][info ][safepoint   ] Safepoint "Cleanup", Time since last: 2003228918 ns, Reaching safepoint: 226958 ns, Cleanup: 67334 ns, At safepoint: 20791 ns, Total: 315083 ns
[2025-09-17T06:41:05.134+0000][187][info ][safepoint   ] Safepoint "Cleanup", Time since last: 2002106834 ns, Reaching safepoint: 108875 ns, Cleanup: 43750 ns, At safepoint: 17250 ns, Total: 169875 ns
[2025-09-17T06:41:06.135+0000][187][info ][safepoint   ] Safepoint "Cleanup", Time since last: 1000839501 ns, Reaching safepoint: 61708 ns, Cleanup: 44667 ns, At safepoint: 7208 ns, Total: 113583 ns
[2025-09-17T06:41:07.136+0000][187][info ][safepoint   ] Safepoint "Cleanup", Time since last: 1000797417 ns, Reaching safepoint: 29625 ns, Cleanup: 70084 ns, At safepoint: 10500 ns, Total: 110209 ns
[2025-09-17T06:41:08.138+0000][187][info ][safepoint   ] Safepoint "Cleanup", Time since last: 1001847708 ns, Reaching safepoint: 113375 ns, Cleanup: 60334 ns, At safepoint: 19875 ns, Total: 193584 ns
[2025-09-17T06:41:09.139+0000][187][info ][safepoint   ] Safepoint "Cleanup", Time since last: 1000890375 ns, Reaching safepoint: 15833 ns, Cleanup: 28084 ns, At safepoint: 4958 ns, Total: 48875 ns
[2025-09-17T06:41:11.142+0000][187][info ][safepoint   ] Safepoint "Cleanup", Time since last: 2002085584 ns, Reaching safepoint: 169959 ns, Cleanup: 150916 ns, At safepoint: 23834 ns, Total: 344709 ns
[2025-09-17T06:41:11.922+0000][187][info ][safepoint   ] Safepoint "ICBufferFull", Time since last: 780605750 ns, Reaching safepoint: 7042 ns, Cleanup: 142000 ns, At safepoint: 9500 ns, Total: 158542 ns
[2025-09-17T06:41:13.923+0000][187][info ][safepoint   ] Safepoint "Cleanup", Time since last: 2000468751 ns, Reaching safepoint: 91791 ns, Cleanup: 170292 ns, At safepoint: 18125 ns, Total: 280208 ns
[2025-09-17T06:41:14.925+0000][187][info ][safepoint   ] Safepoint "Cleanup", Time since last: 1001447209 ns, Reaching safepoint: 153083 ns, Cleanup: 264917 ns, At safepoint: 42000 ns, Total: 460000 ns
[2025-09-17T06:41:15.926+0000][187][info ][safepoint   ] Safepoint "Cleanup", Time since last: 1000950000 ns, Reaching safepoint: 14667 ns, Cleanup: 37125 ns, At safepoint: 7167 ns, Total: 58959 ns
[2025-09-17T06:41:16.927+0000][187][info ][safepoint   ] Safepoint "Cleanup", Time since last: 1001110667 ns, Reaching safepoint: 92291 ns, Cleanup: 50875 ns, At safepoint: 25959 ns, Total: 169125 ns
[2025-09-17T06:41:18.930+0000][187][info ][safepoint   ] Safepoint "Cleanup", Time since last: 2002833876 ns, Reaching safepoint: 102625 ns, Cleanup: 76250 ns, At safepoint: 20416 ns, Total: 199291 ns
[2025-09-17T06:41:20.932+0000][187][info ][safepoint   ] Safepoint "Cleanup", Time since last: 2001876793 ns, Reaching safepoint: 155167 ns, Cleanup: 142291 ns, At safepoint: 24792 ns, Total: 322250 ns
[2025-09-17T06:41:21.934+0000][187][info ][safepoint   ] Safepoint "Cleanup", Time since last: 1001528876 ns, Reaching safepoint: 38333 ns, Cleanup: 21750 ns, At safepoint: 15042 ns, Total: 75125 ns
[2025-09-17T06:41:22.935+0000][187][info ][safepoint   ] Safepoint "Cleanup", Time since last: 1001026792 ns, Reaching safepoint: 103500 ns, Cleanup: 42375 ns, At safepoint: 15833 ns, Total: 161708 ns
[2025-09-17T06:41:23.937+0000][187][info ][safepoint   ] Safepoint "Cleanup", Time since last: 1001754667 ns, Reaching safepoint: 40208 ns, Cleanup: 31334 ns, At safepoint: 11708 ns, Total: 83250 ns
[2025-09-17T06:41:24.938+0000][187][info ][safepoint   ] Safepoint "Cleanup", Time since last: 1000877209 ns, Reaching safepoint: 32833 ns, Cleanup: 20375 ns, At safepoint: 10709 ns, Total: 63917 ns
[2025-09-17T06:41:25.939+0000][187][info ][safepoint   ] Safepoint "Cleanup", Time since last: 1000868958 ns, Reaching safepoint: 34209 ns, Cleanup: 12875 ns, At safepoint: 7166 ns, Total: 54250 ns
[2025-09-17T06:41:26.940+0000][187][info ][safepoint   ] Safepoint "Cleanup", Time since last: 1001139251 ns, Reaching safepoint: 76625 ns, Cleanup: 52750 ns, At safepoint: 16667 ns, Total: 146042 ns
[2025-09-17T06:41:29.944+0000][187][info ][safepoint   ] Safepoint "Cleanup", Time since last: 3003393709 ns, Reaching safepoint: 61584 ns, Cleanup: 47958 ns, At safepoint: 34583 ns, Total: 144125 ns
[2025-09-17T06:41:30.946+0000][187][info ][safepoint   ] Safepoint "Cleanup", Time since last: 1002176917 ns, Reaching safepoint: 135417 ns, Cleanup: 60167 ns, At safepoint: 35625 ns, Total: 231209 ns
[2025-09-17T06:41:32.949+0000][187][info ][safepoint   ] Safepoint "Cleanup", Time since last: 2003121834 ns, Reaching safepoint: 75250 ns, Cleanup: 85042 ns, At safepoint: 13333 ns, Total: 173625 ns
[2025-09-17T06:41:33.951+0000][187][info ][safepoint   ] Safepoint "Cleanup", Time since last: 1000900042 ns, Reaching safepoint: 81750 ns, Cleanup: 77542 ns, At safepoint: 18250 ns, Total: 177542 ns
[2025-09-17T06:41:36.047+0000][187][info ][safepoint   ] Safepoint "Cleanup", Time since last: 2096642668 ns, Reaching safepoint: 79166 ns, Cleanup: 95042 ns, At safepoint: 19333 ns, Total: 193541 ns
[2025-09-17T06:41:37.049+0000][187][info ][safepoint   ] Safepoint "Cleanup", Time since last: 1001779167 ns, Reaching safepoint: 27167 ns, Cleanup: 41125 ns, At safepoint: 9667 ns, Total: 77959 ns
[2025-09-17T06:41:38.050+0000][187][info ][safepoint   ] Safepoint "Cleanup", Time since last: 1000857167 ns, Reaching safepoint: 64500 ns, Cleanup: 28291 ns, At safepoint: 11500 ns, Total: 104291 ns
[2025-09-17T06:41:39.053+0000][187][info ][safepoint   ] Safepoint "Cleanup", Time since last: 1002934251 ns, Reaching safepoint: 97458 ns, Cleanup: 45042 ns, At safepoint: 16583 ns, Total: 159083 ns
[2025-09-17T06:41:40.056+0000][187][info ][safepoint   ] Safepoint "Cleanup", Time since last: 1002245417 ns, Reaching safepoint: 106625 ns, Cleanup: 44459 ns, At safepoint: 21625 ns, Total: 172709 ns
[2025-09-17T06:41:41.058+0000][187][info ][safepoint   ] Safepoint "Cleanup", Time since last: 1002252292 ns, Reaching safepoint: 153833 ns, Cleanup: 46583 ns, At safepoint: 20959 ns, Total: 221375 ns
[2025-09-17T06:41:42.060+0000][187][info ][safepoint   ] Safepoint "Cleanup", Time since last: 1001137417 ns, Reaching safepoint: 137916 ns, Cleanup: 88875 ns, At safepoint: 22375 ns, Total: 249166 ns
[2025-09-17T06:41:43.061+0000][187][info ][safepoint   ] Safepoint "Cleanup", Time since last: 1001289668 ns, Reaching safepoint: 15916 ns, Cleanup: 27834 ns, At safepoint: 7833 ns, Total: 51583 ns
[2025-09-17T06:41:44.062+0000][187][info ][safepoint   ] Safepoint "Cleanup", Time since last: 1001355834 ns, Reaching safepoint: 84666 ns, Cleanup: 39792 ns, At safepoint: 14417 ns, Total: 138875 ns
[2025-09-17T06:41:45.063+0000][187][info ][safepoint   ] Safepoint "Cleanup", Time since last: 1000750084 ns, Reaching safepoint: 85833 ns, Cleanup: 69042 ns, At safepoint: 21500 ns, Total: 176375 ns
[2025-09-17T06:41:46.065+0000][187][info ][safepoint   ] Safepoint "Cleanup", Time since last: 1001877042 ns, Reaching safepoint: 88125 ns, Cleanup: 54291 ns, At safepoint: 17334 ns, Total: 159750 ns
[2025-09-17T06:41:48.068+0000][187][info ][safepoint   ] Safepoint "Cleanup", Time since last: 2002687959 ns, Reaching safepoint: 140958 ns, Cleanup: 76667 ns, At safepoint: 22000 ns, Total: 239625 ns
[2025-09-17T06:41:49.070+0000][187][info ][safepoint   ] Safepoint "Cleanup", Time since last: 1001815792 ns, Reaching safepoint: 108458 ns, Cleanup: 90292 ns, At safepoint: 30583 ns, Total: 229333 ns
[2025-09-17T06:41:50.072+0000][187][info ][safepoint   ] Safepoint "Cleanup", Time since last: 1002128834 ns, Reaching safepoint: 24250 ns, Cleanup: 17209 ns, At safepoint: 8500 ns, Total: 49959 ns
[2025-09-17T06:41:51.073+0000][187][info ][safepoint   ] Safepoint "Cleanup", Time since last: 1000466583 ns, Reaching safepoint: 109084 ns, Cleanup: 62083 ns, At safepoint: 15333 ns, Total: 186500 ns
[2025-09-17T06:41:52.076+0000][187][info ][safepoint   ] Safepoint "Cleanup", Time since last: 1002623626 ns, Reaching safepoint: 127500 ns, Cleanup: 54167 ns, At safepoint: 18166 ns, Total: 199833 ns
[2025-09-17T06:41:53.077+0000][187][info ][safepoint   ] Safepoint "Cleanup", Time since last: 1000866334 ns, Reaching safepoint: 94208 ns, Cleanup: 20584 ns, At safepoint: 10083 ns, Total: 124875 ns
[2025-09-17T06:41:54.079+0000][187][info ][safepoint   ] Safepoint "Cleanup", Time since last: 1001424126 ns, Reaching safepoint: 82750 ns, Cleanup: 78500 ns, At safepoint: 12375 ns, Total: 173625 ns
[2025-09-17T06:41:55.080+0000][187][info ][safepoint   ] Safepoint "Cleanup", Time since last: 1001510833 ns, Reaching safepoint: 114209 ns, Cleanup: 42166 ns, At safepoint: 20709 ns, Total: 177084 ns
[2025-09-17T06:41:56.081+0000][187][info ][safepoint   ] Safepoint "Cleanup", Time since last: 1000765834 ns, Reaching safepoint: 172208 ns, Cleanup: 49000 ns, At safepoint: 22375 ns, Total: 243583 ns
[2025-09-17T06:41:57.082+0000][187][info ][safepoint   ] Safepoint "Cleanup", Time since last: 1000946334 ns, Reaching safepoint: 116375 ns, Cleanup: 66083 ns, At safepoint: 18000 ns, Total: 200458 ns
[2025-09-17T06:41:58.084+0000][187][info ][safepoint   ] Safepoint "Cleanup", Time since last: 1001770959 ns, Reaching safepoint: 96208 ns, Cleanup: 73167 ns, At safepoint: 15958 ns, Total: 185333 ns
[2025-09-17T06:41:59.086+0000][187][info ][safepoint   ] Safepoint "Cleanup", Time since last: 1001697709 ns, Reaching safepoint: 101917 ns, Cleanup: 86208 ns, At safepoint: 17542 ns, Total: 205667 ns
[2025-09-17T06:42:00.087+0000][187][info ][safepoint   ] Safepoint "Cleanup", Time since last: 1000797375 ns, Reaching safepoint: 95792 ns, Cleanup: 67250 ns, At safepoint: 17625 ns, Total: 180667 ns
[2025-09-17T06:42:01.088+0000][187][info ][safepoint   ] Safepoint "Cleanup", Time since last: 1000815500 ns, Reaching safepoint: 123875 ns, Cleanup: 100417 ns, At safepoint: 21250 ns, Total: 245542 ns
[2025-09-17T06:42:03.091+0000][187][info ][safepoint   ] Safepoint "Cleanup", Time since last: 2003159168 ns, Reaching safepoint: 18291 ns, Cleanup: 19834 ns, At safepoint: 5708 ns, Total: 43833 ns
[2025-09-17T06:42:04.092+0000][187][info ][safepoint   ] Safepoint "Cleanup", Time since last: 1000832542 ns, Reaching safepoint: 99042 ns, Cleanup: 36541 ns, At safepoint: 17209 ns, Total: 152792 ns
[2025-09-17T06:42:06.095+0000][187][info ][safepoint   ] Safepoint "Cleanup", Time since last: 2002565334 ns, Reaching safepoint: 90333 ns, Cleanup: 57459 ns, At safepoint: 18833 ns, Total: 166625 ns
[2025-09-17T06:42:07.097+0000][187][info ][safepoint   ] Safepoint "Cleanup", Time since last: 1001341917 ns, Reaching safepoint: 18292 ns, Cleanup: 72166 ns, At safepoint: 9209 ns, Total: 99667 ns
[2025-09-17T06:42:08.098+0000][187][info ][safepoint   ] Safepoint "Cleanup", Time since last: 1001524583 ns, Reaching safepoint: 68542 ns, Cleanup: 39417 ns, At safepoint: 14083 ns, Total: 122042 ns
[2025-09-17T06:42:09.100+0000][187][info ][safepoint   ] Safepoint "Cleanup", Time since last: 1001100542 ns, Reaching safepoint: 93333 ns, Cleanup: 131500 ns, At safepoint: 24750 ns, Total: 249583 ns
[2025-09-17T06:42:11.102+0000][187][info ][safepoint   ] Safepoint "Cleanup", Time since last: 2002212043 ns, Reaching safepoint: 35292 ns, Cleanup: 27166 ns, At safepoint: 8834 ns, Total: 71292 ns
[2025-09-17T06:42:12.103+0000][187][info ][safepoint   ] Safepoint "Cleanup", Time since last: 1001063250 ns, Reaching safepoint: 201750 ns, Cleanup: 107584 ns, At safepoint: 26416 ns, Total: 335750 ns
[2025-09-17T06:42:13.106+0000][187][info ][safepoint   ] Safepoint "Cleanup", Time since last: 1002149834 ns, Reaching safepoint: 23167 ns, Cleanup: 21458 ns, At safepoint: 7833 ns, Total: 52458 ns
[2025-09-17T06:42:14.108+0000][187][info ][safepoint   ] Safepoint "Cleanup", Time since last: 1002018542 ns, Reaching safepoint: 63084 ns, Cleanup: 25166 ns, At safepoint: 12459 ns, Total: 100709 ns
[2025-09-17T06:42:15.113+0000][187][info ][safepoint   ] Safepoint "Cleanup", Time since last: 1004891209 ns, Reaching safepoint: 4208 ns, Cleanup: 111500 ns, At safepoint: 12542 ns, Total: 128250 ns
[2025-09-17T06:42:16.113+0000][187][info ][safepoint   ] Safepoint "Cleanup", Time since last: 1000251875 ns, Reaching safepoint: 12875 ns, Cleanup: 178458 ns, At safepoint: 17417 ns, Total: 208750 ns
[2025-09-17T06:42:17.117+0000][187][info ][safepoint   ] Safepoint "Cleanup", Time since last: 1003483042 ns, Reaching safepoint: 110834 ns, Cleanup: 74666 ns, At safepoint: 20959 ns, Total: 206459 ns
[2025-09-17T06:42:18.120+0000][187][info ][safepoint   ] Safepoint "Cleanup", Time since last: 1002828167 ns, Reaching safepoint: 181791 ns, Cleanup: 178500 ns, At safepoint: 35959 ns, Total: 396250 ns
[2025-09-17T06:42:21.124+0000][187][info ][safepoint   ] Safepoint "Cleanup", Time since last: 3003428168 ns, Reaching safepoint: 147333 ns, Cleanup: 53667 ns, At safepoint: 32541 ns, Total: 233541 ns
[2025-09-17T06:42:22.125+0000][187][info ][safepoint   ] Safepoint "Cleanup", Time since last: 1001196751 ns, Reaching safepoint: 72583 ns, Cleanup: 40959 ns, At safepoint: 22041 ns, Total: 135583 ns
[2025-09-17T06:42:24.127+0000][187][info ][safepoint   ] Safepoint "Cleanup", Time since last: 2002105460 ns, Reaching safepoint: 89958 ns, Cleanup: 127000 ns, At safepoint: 20458 ns, Total: 237416 ns
[2025-09-17T06:42:25.130+0000][187][info ][safepoint   ] Safepoint "Cleanup", Time since last: 1001877459 ns, Reaching safepoint: 111208 ns, Cleanup: 111834 ns, At safepoint: 20416 ns, Total: 243458 ns
[2025-09-17T06:42:26.131+0000][187][info ][safepoint   ] Safepoint "Cleanup", Time since last: 1001543793 ns, Reaching safepoint: 27916 ns, Cleanup: 31792 ns, At safepoint: 10333 ns, Total: 70041 ns
[2025-09-17T06:42:27.132+0000][187][info ][safepoint   ] Safepoint "Cleanup", Time since last: 1000893792 ns, Reaching safepoint: 39375 ns, Cleanup: 22750 ns, At safepoint: 6292 ns, Total: 68417 ns
[2025-09-17T06:42:29.135+0000][187][info ][safepoint   ] Safepoint "Cleanup", Time since last: 2002292584 ns, Reaching safepoint: 52459 ns, Cleanup: 39875 ns, At safepoint: 15250 ns, Total: 107584 ns
[2025-09-17T06:42:30.137+0000][187][info ][safepoint   ] Safepoint "Cleanup", Time since last: 1002243125 ns, Reaching safepoint: 121542 ns, Cleanup: 87250 ns, At safepoint: 16208 ns, Total: 225000 ns
[2025-09-17T06:42:31.139+0000][187][info ][safepoint   ] Safepoint "Cleanup", Time since last: 1001555042 ns, Reaching safepoint: 103459 ns, Cleanup: 51666 ns, At safepoint: 18417 ns, Total: 173542 ns
[2025-09-17T06:42:32.791+0000][187][info ][gc,start    ] GC(21) Pause Young (Mixed) (G1 Evacuation Pause)
[2025-09-17T06:42:32.793+0000][187][info ][gc,task     ] GC(21) Using 8 workers of 8 for evacuation
[2025-09-17T06:42:32.793+0000][187][debug][gc,age      ] GC(21) Desired survivor size 41943040 bytes, new threshold 15 (max threshold 15)
[2025-09-17T06:42:32.856+0000][187][info ][gc,phases   ] GC(21)   Pre Evacuate Collection Set: 1.07ms
[2025-09-17T06:42:32.856+0000][187][info ][gc,phases   ] GC(21)   Merge Heap Roots: 0.35ms
[2025-09-17T06:42:32.856+0000][187][info ][gc,phases   ] GC(21)   Evacuate Collection Set: 55.29ms
[2025-09-17T06:42:32.856+0000][187][info ][gc,phases   ] GC(21)   Post Evacuate Collection Set: 5.89ms
[2025-09-17T06:42:32.856+0000][187][info ][gc,phases   ] GC(21)   Other: 0.49ms
[2025-09-17T06:42:32.856+0000][187][trace][gc,age      ] GC(21) Age table with threshold 15 (max threshold 15)
[2025-09-17T06:42:32.856+0000][187][trace][gc,age      ] GC(21) - age   1:    2198672 bytes,    2198672 total
[2025-09-17T06:42:32.856+0000][187][trace][gc,age      ] GC(21) - age   2:    3369968 bytes,    5568640 total
[2025-09-17T06:42:32.856+0000][187][trace][gc,age      ] GC(21) - age   3:    3854448 bytes,    9423088 total
[2025-09-17T06:42:32.856+0000][187][trace][gc,age      ] GC(21) - age   4:    2131048 bytes,   11554136 total
[2025-09-17T06:42:32.856+0000][187][trace][gc,age      ] GC(21) - age   5:   19228008 bytes,   30782144 total
[2025-09-17T06:42:32.856+0000][187][trace][gc,age      ] GC(21) - age   6:     313072 bytes,   31095216 total
[2025-09-17T06:42:32.856+0000][187][info ][gc,heap     ] GC(21) Eden regions: 143->0(144)
[2025-09-17T06:42:32.856+0000][187][info ][gc,heap     ] GC(21) Survivor regions: 10->9(20)
[2025-09-17T06:42:32.856+0000][187][info ][gc,heap     ] GC(21) Old regions: 30->29
[2025-09-17T06:42:32.856+0000][187][info ][gc,heap     ] GC(21) Humongous regions: 2->2
[2025-09-17T06:42:32.857+0000][187][info ][gc,metaspace] GC(21) Metaspace: 157384K(161728K)->157384K(161728K) NonClass: 135602K(137984K)->135602K(137984K) Class: 21782K(23744K)->21782K(23744K)
[2025-09-17T06:42:32.857+0000][187][info ][gc          ] GC(21) Pause Young (Mixed) (G1 Evacuation Pause) 734M->156M(1024M) 65.544ms
[2025-09-17T06:42:32.857+0000][187][info ][gc,cpu      ] GC(21) User=0.46s Sys=0.00s Real=0.07s
[2025-09-17T06:42:32.857+0000][187][info ][safepoint   ] Safepoint "G1CollectForAllocation", Time since last: 1652112459 ns, Reaching safepoint: 64167 ns, Cleanup: 44166 ns, At safepoint: 65855709 ns, Total: 65964042 ns
[2025-09-17T06:42:33.862+0000][187][info ][safepoint   ] Safepoint "Cleanup", Time since last: 1005264417 ns, Reaching safepoint: 76542 ns, Cleanup: 41583 ns, At safepoint: 16083 ns, Total: 134208 ns
[2025-09-17T06:42:34.866+0000][187][info ][safepoint   ] Safepoint "Cleanup", Time since last: 1003091917 ns, Reaching safepoint: 103417 ns, Cleanup: 59042 ns, At safepoint: 18083 ns, Total: 180542 ns
[2025-09-17T06:42:36.161+0000][187][info ][safepoint   ] Safepoint "Cleanup", Time since last: 1295761584 ns, Reaching safepoint: 13083 ns, Cleanup: 116250 ns, At safepoint: 15500 ns, Total: 144833 ns
[2025-09-17T06:42:37.179+0000][187][info ][safepoint   ] Safepoint "Cleanup", Time since last: 1017089959 ns, Reaching safepoint: 139958 ns, Cleanup: 105667 ns, At safepoint: 22375 ns, Total: 268000 ns
[2025-09-17T06:42:38.180+0000][187][info ][safepoint   ] Safepoint "Cleanup", Time since last: 1001192333 ns, Reaching safepoint: 59792 ns, Cleanup: 20792 ns, At safepoint: 23791 ns, Total: 104375 ns
[2025-09-17T06:42:39.211+0000][187][info ][safepoint   ] Safepoint "Cleanup", Time since last: 1030808542 ns, Reaching safepoint: 9167 ns, Cleanup: 72583 ns, At safepoint: 9750 ns, Total: 91500 ns
[2025-09-17T06:42:40.234+0000][187][info ][safepoint   ] Safepoint "Cleanup", Time since last: 1023318626 ns, Reaching safepoint: 42958 ns, Cleanup: 23334 ns, At safepoint: 12291 ns, Total: 78583 ns
[2025-09-17T06:42:41.577+0000][187][info ][safepoint   ] Safepoint "Cleanup", Time since last: 1342841793 ns, Reaching safepoint: 21750 ns, Cleanup: 29500 ns, At safepoint: 7166 ns, Total: 58416 ns
[2025-09-17T06:42:43.582+0000][187][info ][safepoint   ] Safepoint "Cleanup", Time since last: 2004827585 ns, Reaching safepoint: 192458 ns, Cleanup: 88125 ns, At safepoint: 40708 ns, Total: 321291 ns
[2025-09-17T06:42:45.586+0000][187][info ][safepoint   ] Safepoint "Cleanup", Time since last: 2003498459 ns, Reaching safepoint: 55334 ns, Cleanup: 39916 ns, At safepoint: 15125 ns, Total: 110375 ns
[2025-09-17T06:42:47.591+0000][187][info ][safepoint   ] Safepoint "Cleanup", Time since last: 2005056293 ns, Reaching safepoint: 69333 ns, Cleanup: 36167 ns, At safepoint: 14708 ns, Total: 120208 ns
[2025-09-17T06:42:49.595+0000][187][info ][safepoint   ] Safepoint "Cleanup", Time since last: 2003241918 ns, Reaching safepoint: 118917 ns, Cleanup: 69208 ns, At safepoint: 30375 ns, Total: 218500 ns
[2025-09-17T06:42:53.603+0000][187][info ][safepoint   ] Safepoint "Cleanup", Time since last: 4008809169 ns, Reaching safepoint: 58458 ns, Cleanup: 31958 ns, At safepoint: 14959 ns, Total: 105375 ns
[2025-09-17T06:42:54.605+0000][187][info ][safepoint   ] Safepoint "Cleanup", Time since last: 1001950667 ns, Reaching safepoint: 22333 ns, Cleanup: 20500 ns, At safepoint: 8208 ns, Total: 51041 ns
[2025-09-17T06:42:55.607+0000][187][info ][safepoint   ] Safepoint "Cleanup", Time since last: 1001426084 ns, Reaching safepoint: 53042 ns, Cleanup: 33958 ns, At safepoint: 15209 ns, Total: 102209 ns
[2025-09-17T06:43:02.618+0000][187][info ][safepoint   ] Safepoint "Cleanup", Time since last: 7011249461 ns, Reaching safepoint: 159042 ns, Cleanup: 62542 ns, At safepoint: 23916 ns, Total: 245500 ns
[2025-09-17T06:43:04.625+0000][187][info ][safepoint   ] Safepoint "Cleanup", Time since last: 2006150793 ns, Reaching safepoint: 45250 ns, Cleanup: 34792 ns, At safepoint: 48958 ns, Total: 129000 ns
[2025-09-17T06:43:05.626+0000][187][info ][safepoint   ] Safepoint "Cleanup", Time since last: 1001252084 ns, Reaching safepoint: 87958 ns, Cleanup: 35542 ns, At safepoint: 18041 ns, Total: 141541 ns
[2025-09-17T06:43:07.631+0000][187][info ][safepoint   ] Safepoint "Cleanup", Time since last: 2004482543 ns, Reaching safepoint: 108708 ns, Cleanup: 175417 ns, At safepoint: 16833 ns, Total: 300958 ns
[2025-09-17T06:43:08.633+0000][187][info ][safepoint   ] Safepoint "Cleanup", Time since last: 1001311667 ns, Reaching safepoint: 100333 ns, Cleanup: 37209 ns, At safepoint: 28750 ns, Total: 166292 ns
[2025-09-17T06:43:09.638+0000][187][info ][safepoint   ] Safepoint "Cleanup", Time since last: 1004782833 ns, Reaching safepoint: 101000 ns, Cleanup: 94459 ns, At safepoint: 42208 ns, Total: 237667 ns
[2025-09-17T06:43:10.641+0000][187][info ][safepoint   ] Safepoint "Cleanup", Time since last: 1003536500 ns, Reaching safepoint: 20500 ns, Cleanup: 15459 ns, At safepoint: 6958 ns, Total: 42917 ns
[2025-09-17T06:43:11.642+0000][187][info ][safepoint   ] Safepoint "Cleanup", Time since last: 1000953959 ns, Reaching safepoint: 58458 ns, Cleanup: 25500 ns, At safepoint: 11625 ns, Total: 95583 ns
[2025-09-17T06:43:12.644+0000][187][info ][safepoint   ] Safepoint "Cleanup", Time since last: 1001727084 ns, Reaching safepoint: 104125 ns, Cleanup: 56792 ns, At safepoint: 21916 ns, Total: 182833 ns
[2025-09-17T06:43:14.647+0000][187][info ][safepoint   ] Safepoint "Cleanup", Time since last: 2002522043 ns, Reaching safepoint: 111667 ns, Cleanup: 57125 ns, At safepoint: 29541 ns, Total: 198333 ns
[2025-09-17T06:43:15.650+0000][187][info ][safepoint   ] Safepoint "Cleanup", Time since last: 1002257751 ns, Reaching safepoint: 95167 ns, Cleanup: 100541 ns, At safepoint: 30000 ns, Total: 225708 ns
[2025-09-17T06:43:16.652+0000][187][info ][safepoint   ] Safepoint "Cleanup", Time since last: 1002096126 ns, Reaching safepoint: 96125 ns, Cleanup: 45750 ns, At safepoint: 20625 ns, Total: 162500 ns
[2025-09-17T06:43:18.281+0000][187][info ][safepoint   ] Safepoint "Cleanup", Time since last: 1628710917 ns, Reaching safepoint: 291292 ns, Cleanup: 431958 ns, At safepoint: 53917 ns, Total: 777167 ns
[2025-09-17T06:43:19.389+0000][187][info ][safepoint   ] Safepoint "Cleanup", Time since last: 1107984667 ns, Reaching safepoint: 19875 ns, Cleanup: 120208 ns, At safepoint: 7875 ns, Total: 147958 ns
[2025-09-17T06:43:20.394+0000][187][info ][safepoint   ] Safepoint "Cleanup", Time since last: 1004714334 ns, Reaching safepoint: 50833 ns, Cleanup: 41542 ns, At safepoint: 12167 ns, Total: 104542 ns
[2025-09-17T06:43:23.406+0000][187][info ][safepoint   ] Safepoint "Cleanup", Time since last: 3011591376 ns, Reaching safepoint: 125750 ns, Cleanup: 45209 ns, At safepoint: 24125 ns, Total: 195084 ns
[2025-09-17T06:43:24.411+0000][187][info ][safepoint   ] Safepoint "Cleanup", Time since last: 1004394083 ns, Reaching safepoint: 69500 ns, Cleanup: 46792 ns, At safepoint: 17542 ns, Total: 133834 ns
[2025-09-17T06:43:25.415+0000][187][info ][safepoint   ] Safepoint "Cleanup", Time since last: 1004121084 ns, Reaching safepoint: 52791 ns, Cleanup: 43125 ns, At safepoint: 24500 ns, Total: 120416 ns
[2025-09-17T06:43:28.439+0000][187][info ][safepoint   ] Safepoint "Cleanup", Time since last: 3023961127 ns, Reaching safepoint: 140458 ns, Cleanup: 78333 ns, At safepoint: 30959 ns, Total: 249750 ns
[2025-09-17T06:43:29.443+0000][187][info ][safepoint   ] Safepoint "Cleanup", Time since last: 1004139083 ns, Reaching safepoint: 91084 ns, Cleanup: 43875 ns, At safepoint: 44125 ns, Total: 179084 ns
[2025-09-17T06:43:30.444+0000][187][info ][safepoint   ] Safepoint "Cleanup", Time since last: 1000851709 ns, Reaching safepoint: 41500 ns, Cleanup: 35916 ns, At safepoint: 14917 ns, Total: 92333 ns
[2025-09-17T06:43:32.446+0000][187][info ][safepoint   ] Safepoint "Cleanup", Time since last: 2001883501 ns, Reaching safepoint: 80750 ns, Cleanup: 48917 ns, At safepoint: 49958 ns, Total: 179625 ns
[2025-09-17T06:43:34.450+0000][187][info ][safepoint   ] Safepoint "Cleanup", Time since last: 2003118959 ns, Reaching safepoint: 78917 ns, Cleanup: 81291 ns, At safepoint: 20959 ns, Total: 181167 ns
[2025-09-17T06:43:36.280+0000][187][info ][safepoint   ] Safepoint "Cleanup", Time since last: 1830516376 ns, Reaching safepoint: 102791 ns, Cleanup: 39542 ns, At safepoint: 16042 ns, Total: 158375 ns
[2025-09-17T06:43:39.287+0000][187][info ][safepoint   ] Safepoint "Cleanup", Time since last: 3007022417 ns, Reaching safepoint: 24291 ns, Cleanup: 15084 ns, At safepoint: 9916 ns, Total: 49291 ns
[2025-09-17T06:43:40.289+0000][187][info ][safepoint   ] Safepoint "Cleanup", Time since last: 1001776918 ns, Reaching safepoint: 99333 ns, Cleanup: 56917 ns, At safepoint: 23083 ns, Total: 179333 ns
[2025-09-17T06:43:42.292+0000][187][info ][safepoint   ] Safepoint "Cleanup", Time since last: 2002191168 ns, Reaching safepoint: 103500 ns, Cleanup: 75666 ns, At safepoint: 24917 ns, Total: 204083 ns
[2025-09-17T06:43:44.295+0000][187][info ][safepoint   ] Safepoint "Cleanup", Time since last: 2003200751 ns, Reaching safepoint: 86750 ns, Cleanup: 35542 ns, At safepoint: 11458 ns, Total: 133750 ns
[2025-09-17T06:43:45.297+0000][187][info ][safepoint   ] Safepoint "Cleanup", Time since last: 1001950042 ns, Reaching safepoint: 98833 ns, Cleanup: 49334 ns, At safepoint: 17916 ns, Total: 166083 ns
[2025-09-17T06:43:49.306+0000][187][info ][safepoint   ] Safepoint "Cleanup", Time since last: 4008514794 ns, Reaching safepoint: 101875 ns, Cleanup: 31542 ns, At safepoint: 23750 ns, Total: 157167 ns
[2025-09-17T06:43:50.308+0000][187][info ][safepoint   ] Safepoint "Cleanup", Time since last: 1002510333 ns, Reaching safepoint: 26042 ns, Cleanup: 26167 ns, At safepoint: 15291 ns, Total: 67500 ns
[2025-09-17T06:43:51.315+0000][187][info ][safepoint   ] Safepoint "Cleanup", Time since last: 1006033918 ns, Reaching safepoint: 22333 ns, Cleanup: 89458 ns, At safepoint: 15792 ns, Total: 127583 ns
[2025-09-17T06:43:53.319+0000][187][info ][safepoint   ] Safepoint "Cleanup", Time since last: 2004008793 ns, Reaching safepoint: 155708 ns, Cleanup: 35500 ns, At safepoint: 24750 ns, Total: 215958 ns
[2025-09-17T06:43:55.323+0000][187][info ][safepoint   ] Safepoint "Cleanup", Time since last: 2004288834 ns, Reaching safepoint: 94042 ns, Cleanup: 35583 ns, At safepoint: 27042 ns, Total: 156667 ns
[2025-09-17T06:43:57.326+0000][187][info ][safepoint   ] Safepoint "Cleanup", Time since last: 2002232584 ns, Reaching safepoint: 108375 ns, Cleanup: 63208 ns, At safepoint: 22167 ns, Total: 193750 ns
[2025-09-17T06:43:58.327+0000][187][info ][safepoint   ] Safepoint "Cleanup", Time since last: 1001764917 ns, Reaching safepoint: 24000 ns, Cleanup: 36209 ns, At safepoint: 7166 ns, Total: 67375 ns
[2025-09-17T06:43:59.332+0000][187][info ][safepoint   ] Safepoint "Cleanup", Time since last: 1003961209 ns, Reaching safepoint: 47792 ns, Cleanup: 50833 ns, At safepoint: 12208 ns, Total: 110833 ns
[2025-09-17T06:44:00.336+0000][187][info ][safepoint   ] Safepoint "Cleanup", Time since last: 1004338626 ns, Reaching safepoint: 58083 ns, Cleanup: 114625 ns, At safepoint: 12667 ns, Total: 185375 ns
[2025-09-17T06:44:02.342+0000][187][info ][safepoint   ] Safepoint "Cleanup", Time since last: 2006249376 ns, Reaching safepoint: 77125 ns, Cleanup: 43500 ns, At safepoint: 22375 ns, Total: 143000 ns
[2025-09-17T06:44:05.356+0000][187][info ][safepoint   ] Safepoint "Cleanup", Time since last: 3013703001 ns, Reaching safepoint: 36084 ns, Cleanup: 53791 ns, At safepoint: 10875 ns, Total: 100750 ns
[2025-09-17T06:44:06.360+0000][187][info ][safepoint   ] Safepoint "Cleanup", Time since last: 1003947167 ns, Reaching safepoint: 84875 ns, Cleanup: 159417 ns, At safepoint: 29917 ns, Total: 274209 ns
[2025-09-17T06:44:07.364+0000][187][info ][safepoint   ] Safepoint "Cleanup", Time since last: 1003078959 ns, Reaching safepoint: 92708 ns, Cleanup: 82875 ns, At safepoint: 21750 ns, Total: 197333 ns
[2025-09-17T06:44:08.371+0000][187][info ][safepoint   ] Safepoint "Cleanup", Time since last: 1007236208 ns, Reaching safepoint: 80125 ns, Cleanup: 29750 ns, At safepoint: 13292 ns, Total: 123167 ns
[2025-09-17T06:44:09.373+0000][187][info ][safepoint   ] Safepoint "Cleanup", Time since last: 1001702584 ns, Reaching safepoint: 65375 ns, Cleanup: 31167 ns, At safepoint: 13583 ns, Total: 110125 ns
[2025-09-17T06:44:10.376+0000][187][info ][safepoint   ] Safepoint "Cleanup", Time since last: 1002640625 ns, Reaching safepoint: 139834 ns, Cleanup: 92416 ns, At safepoint: 31125 ns, Total: 263375 ns
[2025-09-17T06:44:11.382+0000][187][info ][safepoint   ] Safepoint "Cleanup", Time since last: 1005420501 ns, Reaching safepoint: 21333 ns, Cleanup: 21583 ns, At safepoint: 9625 ns, Total: 52541 ns
[2025-09-17T06:44:13.384+0000][187][info ][safepoint   ] Safepoint "Cleanup", Time since last: 2002305960 ns, Reaching safepoint: 124500 ns, Cleanup: 31208 ns, At safepoint: 18792 ns, Total: 174500 ns
[2025-09-17T06:44:15.394+0000][187][info ][safepoint   ] Safepoint "Cleanup", Time since last: 2009299751 ns, Reaching safepoint: 142666 ns, Cleanup: 84959 ns, At safepoint: 22333 ns, Total: 249958 ns
[2025-09-17T06:44:16.395+0000][187][info ][safepoint   ] Safepoint "Cleanup", Time since last: 1000897001 ns, Reaching safepoint: 65625 ns, Cleanup: 116208 ns, At safepoint: 27792 ns, Total: 209625 ns
[2025-09-17T06:44:17.398+0000][187][info ][safepoint   ] Safepoint "Cleanup", Time since last: 1003460542 ns, Reaching safepoint: 66083 ns, Cleanup: 18125 ns, At safepoint: 8500 ns, Total: 92708 ns
[2025-09-17T06:44:18.401+0000][187][info ][safepoint   ] Safepoint "Cleanup", Time since last: 1002874875 ns, Reaching safepoint: 122084 ns, Cleanup: 132416 ns, At safepoint: 41667 ns, Total: 296167 ns
[2025-09-17T06:44:19.410+0000][187][info ][safepoint   ] Safepoint "Cleanup", Time since last: 1008388459 ns, Reaching safepoint: 83625 ns, Cleanup: 46333 ns, At safepoint: 19917 ns, Total: 149875 ns
[2025-09-17T06:44:20.555+0000][187][info ][safepoint   ] Safepoint "Cleanup", Time since last: 1144686959 ns, Reaching safepoint: 5125 ns, Cleanup: 66333 ns, At safepoint: 8584 ns, Total: 80042 ns
[2025-09-17T06:44:21.587+0000][187][info ][safepoint   ] Safepoint "Cleanup", Time since last: 1032455208 ns, Reaching safepoint: 5917 ns, Cleanup: 52042 ns, At safepoint: 9500 ns, Total: 67459 ns
[2025-09-17T06:44:22.589+0000][187][info ][safepoint   ] Safepoint "Cleanup", Time since last: 1002109167 ns, Reaching safepoint: 38833 ns, Cleanup: 26083 ns, At safepoint: 15459 ns, Total: 80375 ns
[2025-09-17T06:44:23.592+0000][187][info ][safepoint   ] Safepoint "Cleanup", Time since last: 1002917750 ns, Reaching safepoint: 35334 ns, Cleanup: 31125 ns, At safepoint: 12583 ns, Total: 79042 ns
[2025-09-17T06:44:24.594+0000][187][info ][safepoint   ] Safepoint "Cleanup", Time since last: 1001453834 ns, Reaching safepoint: 43541 ns, Cleanup: 23459 ns, At safepoint: 12041 ns, Total: 79041 ns
[2025-09-17T06:44:25.596+0000][187][info ][safepoint   ] Safepoint "Cleanup", Time since last: 1002378209 ns, Reaching safepoint: 50167 ns, Cleanup: 42958 ns, At safepoint: 14292 ns, Total: 107417 ns
[2025-09-17T06:44:29.604+0000][187][info ][safepoint   ] Safepoint "Cleanup", Time since last: 4007008169 ns, Reaching safepoint: 141458 ns, Cleanup: 37250 ns, At safepoint: 38833 ns, Total: 217541 ns
[2025-09-17T06:44:30.606+0000][187][info ][safepoint   ] Safepoint "Cleanup", Time since last: 1002598334 ns, Reaching safepoint: 82375 ns, Cleanup: 12667 ns, At safepoint: 6625 ns, Total: 101667 ns
[2025-09-17T06:44:34.614+0000][187][info ][safepoint   ] Safepoint "Cleanup", Time since last: 4007340877 ns, Reaching safepoint: 148125 ns, Cleanup: 36958 ns, At safepoint: 23792 ns, Total: 208875 ns
[2025-09-17T06:44:36.302+0000][187][info ][safepoint   ] Safepoint "Cleanup", Time since last: 1687882209 ns, Reaching safepoint: 85750 ns, Cleanup: 47041 ns, At safepoint: 22584 ns, Total: 155375 ns
[2025-09-17T06:44:38.305+0000][187][info ][safepoint   ] Safepoint "Cleanup", Time since last: 2002963459 ns, Reaching safepoint: 66250 ns, Cleanup: 38333 ns, At safepoint: 16292 ns, Total: 120875 ns
[2025-09-17T06:44:40.312+0000][187][info ][safepoint   ] Safepoint "Cleanup", Time since last: 2005960251 ns, Reaching safepoint: 94666 ns, Cleanup: 85542 ns, At safepoint: 41958 ns, Total: 222166 ns
[2025-09-17T06:44:42.315+0000][187][info ][safepoint   ] Safepoint "Cleanup", Time since last: 2003234293 ns, Reaching safepoint: 116083 ns, Cleanup: 36459 ns, At safepoint: 20708 ns, Total: 173250 ns
[2025-09-17T06:44:44.317+0000][187][info ][safepoint   ] Safepoint "Cleanup", Time since last: 2002232084 ns, Reaching safepoint: 91292 ns, Cleanup: 34208 ns, At safepoint: 16084 ns, Total: 141584 ns
[2025-09-17T06:44:50.984+0000][187][info ][safepoint   ] Safepoint "Cleanup", Time since last: 6666480253 ns, Reaching safepoint: 107583 ns, Cleanup: 93500 ns, At safepoint: 22708 ns, Total: 223791 ns
[2025-09-17T06:44:51.986+0000][187][info ][safepoint   ] Safepoint "Cleanup", Time since last: 1001873626 ns, Reaching safepoint: 99458 ns, Cleanup: 50000 ns, At safepoint: 19459 ns, Total: 168917 ns
[2025-09-17T06:44:54.995+0000][187][info ][safepoint   ] Safepoint "Cleanup", Time since last: 3008586793 ns, Reaching safepoint: 94250 ns, Cleanup: 66125 ns, At safepoint: 20875 ns, Total: 181250 ns
[2025-09-17T06:44:56.002+0000][187][info ][safepoint   ] Safepoint "Cleanup", Time since last: 1006498500 ns, Reaching safepoint: 90792 ns, Cleanup: 73666 ns, At safepoint: 19959 ns, Total: 184417 ns
[2025-09-17T06:44:57.003+0000][187][info ][safepoint   ] Safepoint "Cleanup", Time since last: 1001490792 ns, Reaching safepoint: 47000 ns, Cleanup: 29000 ns, At safepoint: 10500 ns, Total: 86500 ns
[2025-09-17T06:45:00.009+0000][187][info ][safepoint   ] Safepoint "Cleanup", Time since last: 3005838210 ns, Reaching safepoint: 76041 ns, Cleanup: 57000 ns, At safepoint: 14584 ns, Total: 147625 ns
[2025-09-17T06:45:01.010+0000][187][info ][safepoint   ] Safepoint "Cleanup", Time since last: 1001047667 ns, Reaching safepoint: 176708 ns, Cleanup: 50167 ns, At safepoint: 22667 ns, Total: 249542 ns
[2025-09-17T06:45:03.019+0000][187][info ][safepoint   ] Safepoint "Cleanup", Time since last: 2008034625 ns, Reaching safepoint: 94542 ns, Cleanup: 79958 ns, At safepoint: 44375 ns, Total: 218875 ns
[2025-09-17T06:45:08.033+0000][187][info ][safepoint   ] Safepoint "Cleanup", Time since last: 5014550377 ns, Reaching safepoint: 103875 ns, Cleanup: 139000 ns, At safepoint: 24792 ns, Total: 267667 ns
[2025-09-17T06:45:09.035+0000][187][info ][safepoint   ] Safepoint "Cleanup", Time since last: 1001719375 ns, Reaching safepoint: 23333 ns, Cleanup: 17209 ns, At safepoint: 15041 ns, Total: 55583 ns
[2025-09-17T06:45:11.052+0000][187][info ][safepoint   ] Safepoint "Cleanup", Time since last: 2013770751 ns, Reaching safepoint: 2417875 ns, Cleanup: 61125 ns, At safepoint: 33625 ns, Total: 2512625 ns
[2025-09-17T06:45:12.055+0000][187][info ][safepoint   ] Safepoint "Cleanup", Time since last: 1003358751 ns, Reaching safepoint: 99541 ns, Cleanup: 67584 ns, At safepoint: 23083 ns, Total: 190208 ns
[2025-09-17T06:45:15.061+0000][187][info ][safepoint   ] Safepoint "Cleanup", Time since last: 3005525168 ns, Reaching safepoint: 116959 ns, Cleanup: 88666 ns, At safepoint: 27792 ns, Total: 233417 ns
[2025-09-17T06:45:16.063+0000][187][info ][safepoint   ] Safepoint "Cleanup", Time since last: 1002011000 ns, Reaching safepoint: 84625 ns, Cleanup: 81375 ns, At safepoint: 23750 ns, Total: 189750 ns
[2025-09-17T06:45:17.064+0000][187][info ][safepoint   ] Safepoint "Cleanup", Time since last: 1001000626 ns, Reaching safepoint: 79250 ns, Cleanup: 43333 ns, At safepoint: 18292 ns, Total: 140875 ns
[2025-09-17T06:45:20.072+0000][187][info ][safepoint   ] Safepoint "Cleanup", Time since last: 3007732668 ns, Reaching safepoint: 95708 ns, Cleanup: 77584 ns, At safepoint: 22541 ns, Total: 195833 ns
[2025-09-17T06:45:21.075+0000][187][info ][safepoint   ] Safepoint "Cleanup", Time since last: 1002586042 ns, Reaching safepoint: 87334 ns, Cleanup: 122541 ns, At safepoint: 19667 ns, Total: 229542 ns
[2025-09-17T06:45:23.077+0000][187][info ][safepoint   ] Safepoint "Cleanup", Time since last: 2001805709 ns, Reaching safepoint: 63750 ns, Cleanup: 31375 ns, At safepoint: 15750 ns, Total: 110875 ns
[2025-09-17T06:45:24.836+0000][187][info ][safepoint   ] Safepoint "Cleanup", Time since last: 1758738168 ns, Reaching safepoint: 11542 ns, Cleanup: 150833 ns, At safepoint: 19708 ns, Total: 182083 ns
[2025-09-17T06:45:25.840+0000][187][info ][safepoint   ] Safepoint "Cleanup", Time since last: 1004001834 ns, Reaching safepoint: 74542 ns, Cleanup: 75416 ns, At safepoint: 18584 ns, Total: 168542 ns
[2025-09-17T06:45:26.841+0000][187][info ][safepoint   ] Safepoint "Cleanup", Time since last: 1001044167 ns, Reaching safepoint: 114792 ns, Cleanup: 112750 ns, At safepoint: 20625 ns, Total: 248167 ns
[2025-09-17T06:45:29.847+0000][187][info ][safepoint   ] Safepoint "Cleanup", Time since last: 3005790751 ns, Reaching safepoint: 101583 ns, Cleanup: 63542 ns, At safepoint: 16750 ns, Total: 181875 ns
[2025-09-17T06:45:30.849+0000][187][info ][safepoint   ] Safepoint "Cleanup", Time since last: 1001772125 ns, Reaching safepoint: 79875 ns, Cleanup: 27542 ns, At safepoint: 10792 ns, Total: 118209 ns
[2025-09-17T06:45:33.854+0000][187][info ][safepoint   ] Safepoint "Cleanup", Time since last: 3004546293 ns, Reaching safepoint: 96958 ns, Cleanup: 25834 ns, At safepoint: 11166 ns, Total: 133958 ns
[2025-09-17T06:45:34.857+0000][187][info ][safepoint   ] Safepoint "Cleanup", Time since last: 1002948709 ns, Reaching safepoint: 122583 ns, Cleanup: 60917 ns, At safepoint: 19833 ns, Total: 203333 ns
[2025-09-17T06:45:36.396+0000][187][info ][safepoint   ] Safepoint "Cleanup", Time since last: 1539092001 ns, Reaching safepoint: 59375 ns, Cleanup: 70917 ns, At safepoint: 10833 ns, Total: 141125 ns
[2025-09-17T06:45:37.400+0000][187][info ][safepoint   ] Safepoint "Cleanup", Time since last: 1003941709 ns, Reaching safepoint: 95667 ns, Cleanup: 28416 ns, At safepoint: 21750 ns, Total: 145833 ns
[2025-09-17T06:45:38.402+0000][187][info ][safepoint   ] Safepoint "Cleanup", Time since last: 1001758167 ns, Reaching safepoint: 97167 ns, Cleanup: 78375 ns, At safepoint: 22416 ns, Total: 197958 ns
[2025-09-17T06:45:40.407+0000][187][info ][safepoint   ] Safepoint "Cleanup", Time since last: 2004960043 ns, Reaching safepoint: 83000 ns, Cleanup: 36625 ns, At safepoint: 27042 ns, Total: 146667 ns
[2025-09-17T06:45:44.417+0000][187][info ][safepoint   ] Safepoint "Cleanup", Time since last: 4009854918 ns, Reaching safepoint: 153084 ns, Cleanup: 74333 ns, At safepoint: 27833 ns, Total: 255250 ns
[2025-09-17T06:45:47.433+0000][187][info ][safepoint   ] Safepoint "Cleanup", Time since last: 3015294585 ns, Reaching safepoint: 72667 ns, Cleanup: 41208 ns, At safepoint: 21167 ns, Total: 135042 ns
[2025-09-17T06:45:50.447+0000][187][info ][safepoint   ] Safepoint "Cleanup", Time since last: 3013763793 ns, Reaching safepoint: 110583 ns, Cleanup: 81833 ns, At safepoint: 26709 ns, Total: 219125 ns
[2025-09-17T06:45:51.453+0000][187][info ][safepoint   ] Safepoint "Cleanup", Time since last: 1006191375 ns, Reaching safepoint: 25167 ns, Cleanup: 13042 ns, At safepoint: 6125 ns, Total: 44334 ns
[2025-09-17T06:45:52.456+0000][187][info ][safepoint   ] Safepoint "Cleanup", Time since last: 1002467125 ns, Reaching safepoint: 146500 ns, Cleanup: 55875 ns, At safepoint: 31583 ns, Total: 233958 ns
[2025-09-17T06:45:53.460+0000][187][info ][safepoint   ] Safepoint "Cleanup", Time since last: 1003768793 ns, Reaching safepoint: 37708 ns, Cleanup: 30417 ns, At safepoint: 10208 ns, Total: 78333 ns
[2025-09-17T06:45:55.469+0000][187][info ][safepoint   ] Safepoint "Cleanup", Time since last: 2009422126 ns, Reaching safepoint: 51333 ns, Cleanup: 37084 ns, At safepoint: 16458 ns, Total: 104875 ns
[2025-09-17T06:45:58.476+0000][187][info ][safepoint   ] Safepoint "Cleanup", Time since last: 3006882251 ns, Reaching safepoint: 14542 ns, Cleanup: 10458 ns, At safepoint: 5959 ns, Total: 30959 ns
[2025-09-17T06:46:00.245+0000][187][info ][gc,start    ] GC(22) Pause Young (Concurrent Start) (CodeCache GC Threshold)
[2025-09-17T06:46:00.245+0000][187][info ][gc,task     ] GC(22) Using 8 workers of 8 for evacuation
[2025-09-17T06:46:00.245+0000][187][debug][gc,age      ] GC(22) Desired survivor size 41943040 bytes, new threshold 15 (max threshold 15)
[2025-09-17T06:46:00.294+0000][187][info ][gc,phases   ] GC(22)   Pre Evacuate Collection Set: 1.24ms
[2025-09-17T06:46:00.294+0000][187][info ][gc,phases   ] GC(22)   Merge Heap Roots: 0.42ms
[2025-09-17T06:46:00.294+0000][187][info ][gc,phases   ] GC(22)   Evacuate Collection Set: 42.19ms
[2025-09-17T06:46:00.294+0000][187][info ][gc,phases   ] GC(22)   Post Evacuate Collection Set: 3.77ms
[2025-09-17T06:46:00.294+0000][187][info ][gc,phases   ] GC(22)   Other: 0.79ms
[2025-09-17T06:46:00.294+0000][187][trace][gc,age      ] GC(22) Age table with threshold 15 (max threshold 15)
[2025-09-17T06:46:00.294+0000][187][trace][gc,age      ] GC(22) - age   1:    1760632 bytes,    1760632 total
[2025-09-17T06:46:00.295+0000][187][trace][gc,age      ] GC(22) - age   2:    1389392 bytes,    3150024 total
[2025-09-17T06:46:00.295+0000][187][trace][gc,age      ] GC(22) - age   3:    3352488 bytes,    6502512 total
[2025-09-17T06:46:00.295+0000][187][trace][gc,age      ] GC(22) - age   4:    3590504 bytes,   10093016 total
[2025-09-17T06:46:00.295+0000][187][trace][gc,age      ] GC(22) - age   5:    2126464 bytes,   12219480 total
[2025-09-17T06:46:00.295+0000][187][trace][gc,age      ] GC(22) - age   6:   18654584 bytes,   30874064 total
[2025-09-17T06:46:00.295+0000][187][trace][gc,age      ] GC(22) - age   7:     290400 bytes,   31164464 total
[2025-09-17T06:46:00.295+0000][187][info ][gc,heap     ] GC(22) Eden regions: 85->0(144)
[2025-09-17T06:46:00.295+0000][187][info ][gc,heap     ] GC(22) Survivor regions: 9->9(20)
[2025-09-17T06:46:00.295+0000][187][info ][gc,heap     ] GC(22) Old regions: 29->29
[2025-09-17T06:46:00.295+0000][187][info ][gc,heap     ] GC(22) Humongous regions: 2->2
[2025-09-17T06:46:00.295+0000][187][info ][gc,metaspace] GC(22) Metaspace: 158414K(162816K)->158414K(162816K) NonClass: 136591K(139008K)->136591K(139008K) Class: 21822K(23808K)->21822K(23808K)
[2025-09-17T06:46:00.295+0000][187][info ][gc          ] GC(22) Pause Young (Concurrent Start) (CodeCache GC Threshold) 495M->155M(1024M) 50.492ms
[2025-09-17T06:46:00.295+0000][187][info ][gc          ] GC(23) Concurrent Mark Cycle
[2025-09-17T06:46:00.295+0000][187][info ][gc,marking  ] GC(23) Concurrent Scan Root Regions
[2025-09-17T06:46:00.295+0000][187][info ][gc,cpu      ] GC(22) User=0.35s Sys=0.00s Real=0.05s
[2025-09-17T06:46:00.297+0000][187][info ][safepoint   ] Safepoint "G1TryInitiateConcMark", Time since last: 1768544875 ns, Reaching safepoint: 90542 ns, Cleanup: 8208 ns, At safepoint: 52050625 ns, Total: 52149375 ns
[2025-09-17T06:46:00.315+0000][187][info ][gc,marking  ] GC(23) Concurrent Scan Root Regions 19.141ms
[2025-09-17T06:46:00.315+0000][187][info ][gc,marking  ] GC(23) Concurrent Mark
[2025-09-17T06:46:00.315+0000][187][info ][gc,marking  ] GC(23) Concurrent Mark From Roots
[2025-09-17T06:46:00.315+0000][187][info ][gc,task     ] GC(23) Using 2 workers of 2 for marking
[2025-09-17T06:46:00.383+0000][187][info ][gc,marking  ] GC(23) Concurrent Mark From Roots 68.039ms
[2025-09-17T06:46:00.383+0000][187][info ][gc,marking  ] GC(23) Concurrent Preclean
[2025-09-17T06:46:00.383+0000][187][info ][gc,marking  ] GC(23) Concurrent Preclean 0.345ms
[2025-09-17T06:46:00.383+0000][187][info ][gc,start    ] GC(23) Pause Remark
[2025-09-17T06:46:00.410+0000][187][info ][gc          ] GC(23) Pause Remark 159M->159M(1024M) 26.731ms
[2025-09-17T06:46:00.410+0000][187][info ][gc,cpu      ] GC(23) User=0.16s Sys=0.00s Real=0.03s
[2025-09-17T06:46:00.410+0000][187][info ][safepoint   ] Safepoint "G1PauseRemark", Time since last: 86709876 ns, Reaching safepoint: 25250 ns, Cleanup: 11458 ns, At safepoint: 27000167 ns, Total: 27036875 ns
[2025-09-17T06:46:00.410+0000][187][info ][gc,marking  ] GC(23) Concurrent Mark 95.810ms
[2025-09-17T06:46:00.411+0000][187][info ][gc,marking  ] GC(23) Concurrent Rebuild Remembered Sets and Scrub Regions
[2025-09-17T06:46:00.433+0000][187][info ][gc,marking  ] GC(23) Concurrent Rebuild Remembered Sets and Scrub Regions 22.815ms
[2025-09-17T06:46:00.434+0000][187][info ][gc,start    ] GC(23) Pause Cleanup
[2025-09-17T06:46:00.434+0000][187][info ][gc          ] GC(23) Pause Cleanup 159M->159M(1024M) 0.175ms
[2025-09-17T06:46:00.434+0000][187][info ][gc,cpu      ] GC(23) User=0.00s Sys=0.00s Real=0.00s
[2025-09-17T06:46:00.434+0000][187][info ][safepoint   ] Safepoint "G1PauseCleanup", Time since last: 23092333 ns, Reaching safepoint: 9292 ns, Cleanup: 93166 ns, At safepoint: 408750 ns, Total: 511208 ns
[2025-09-17T06:46:00.434+0000][187][info ][gc,marking  ] GC(23) Concurrent Clear Claimed Marks
[2025-09-17T06:46:00.435+0000][187][info ][gc,marking  ] GC(23) Concurrent Clear Claimed Marks 0.495ms
[2025-09-17T06:46:00.435+0000][187][info ][gc,marking  ] GC(23) Concurrent Cleanup for Next Mark
[2025-09-17T06:46:00.438+0000][187][info ][gc,marking  ] GC(23) Concurrent Cleanup for Next Mark 3.509ms
[2025-09-17T06:46:00.438+0000][187][info ][gc          ] GC(23) Concurrent Mark Cycle 142.866ms
[2025-09-17T06:46:05.461+0000][187][info ][safepoint   ] Safepoint "Cleanup", Time since last: 5026964378 ns, Reaching safepoint: 102375 ns, Cleanup: 59500 ns, At safepoint: 27041 ns, Total: 188916 ns
[2025-09-17T06:46:07.470+0000][187][info ][safepoint   ] Safepoint "Cleanup", Time since last: 2008495876 ns, Reaching safepoint: 32042 ns, Cleanup: 59667 ns, At safepoint: 37666 ns, Total: 129375 ns
[2025-09-17T06:46:13.477+0000][187][info ][safepoint   ] Safepoint "Cleanup", Time since last: 6007011336 ns, Reaching safepoint: 173000 ns, Cleanup: 83333 ns, At safepoint: 28500 ns, Total: 284833 ns
[2025-09-17T06:46:14.481+0000][187][info ][safepoint   ] Safepoint "Cleanup", Time since last: 1003496834 ns, Reaching safepoint: 81833 ns, Cleanup: 42667 ns, At safepoint: 31750 ns, Total: 156250 ns
[2025-09-17T06:46:15.482+0000][187][info ][safepoint   ] Safepoint "Cleanup", Time since last: 1001055084 ns, Reaching safepoint: 81416 ns, Cleanup: 41459 ns, At safepoint: 18250 ns, Total: 141125 ns
[2025-09-17T06:46:16.483+0000][187][info ][safepoint   ] Safepoint "Cleanup", Time since last: 1000718375 ns, Reaching safepoint: 107292 ns, Cleanup: 53167 ns, At safepoint: 21208 ns, Total: 181667 ns
[2025-09-17T06:46:17.487+0000][187][info ][safepoint   ] Safepoint "Cleanup", Time since last: 1003946250 ns, Reaching safepoint: 27500 ns, Cleanup: 22959 ns, At safepoint: 18916 ns, Total: 69375 ns
[2025-09-17T06:46:20.513+0000][187][info ][safepoint   ] Safepoint "Cleanup", Time since last: 3026215377 ns, Reaching safepoint: 30958 ns, Cleanup: 29333 ns, At safepoint: 18042 ns, Total: 78333 ns
[2025-09-17T06:46:23.520+0000][187][info ][safepoint   ] Safepoint "Cleanup", Time since last: 3006862043 ns, Reaching safepoint: 162500 ns, Cleanup: 84375 ns, At safepoint: 18584 ns, Total: 265459 ns
[2025-09-17T06:46:24.522+0000][187][info ][safepoint   ] Safepoint "Cleanup", Time since last: 1001725167 ns, Reaching safepoint: 107875 ns, Cleanup: 61000 ns, At safepoint: 25083 ns, Total: 193958 ns
[2025-09-17T06:46:25.530+0000][187][info ][safepoint   ] Safepoint "Cleanup", Time since last: 1007525667 ns, Reaching safepoint: 82792 ns, Cleanup: 58208 ns, At safepoint: 16250 ns, Total: 157250 ns
[2025-09-17T06:46:27.054+0000][187][info ][safepoint   ] Safepoint "Cleanup", Time since last: 1523785834 ns, Reaching safepoint: 9292 ns, Cleanup: 44083 ns, At safepoint: 10292 ns, Total: 63667 ns
[2025-09-17T06:46:28.116+0000][187][info ][safepoint   ] Safepoint "Cleanup", Time since last: 1062528667 ns, Reaching safepoint: 25583 ns, Cleanup: 46459 ns, At safepoint: 12583 ns, Total: 84625 ns
[2025-09-17T06:46:30.122+0000][187][info ][safepoint   ] Safepoint "Cleanup", Time since last: 2005014168 ns, Reaching safepoint: 73041 ns, Cleanup: 90250 ns, At safepoint: 13584 ns, Total: 176875 ns
[2025-09-17T06:46:31.130+0000][187][info ][safepoint   ] Safepoint "Cleanup", Time since last: 1008316250 ns, Reaching safepoint: 80084 ns, Cleanup: 34958 ns, At safepoint: 21125 ns, Total: 136167 ns
[2025-09-17T06:46:35.139+0000][187][info ][safepoint   ] Safepoint "Cleanup", Time since last: 4008777002 ns, Reaching safepoint: 96500 ns, Cleanup: 88833 ns, At safepoint: 40417 ns, Total: 225750 ns
[2025-09-17T06:46:36.496+0000][187][info ][safepoint   ] Safepoint "Cleanup", Time since last: 1356772542 ns, Reaching safepoint: 97417 ns, Cleanup: 97000 ns, At safepoint: 37250 ns, Total: 231667 ns
[2025-09-17T06:46:38.501+0000][187][info ][safepoint   ] Safepoint "Cleanup", Time since last: 2004214958 ns, Reaching safepoint: 143625 ns, Cleanup: 34084 ns, At safepoint: 25416 ns, Total: 203125 ns
[2025-09-17T06:46:40.504+0000][187][info ][safepoint   ] Safepoint "Cleanup", Time since last: 2003482668 ns, Reaching safepoint: 82208 ns, Cleanup: 40542 ns, At safepoint: 18250 ns, Total: 141000 ns
[2025-09-17T06:46:41.507+0000][187][info ][safepoint   ] Safepoint "Cleanup", Time since last: 1002301834 ns, Reaching safepoint: 130958 ns, Cleanup: 50959 ns, At safepoint: 77375 ns, Total: 259292 ns
[2025-09-17T06:46:44.510+0000][187][info ][safepoint   ] Safepoint "Cleanup", Time since last: 3002728834 ns, Reaching safepoint: 74584 ns, Cleanup: 29666 ns, At safepoint: 23084 ns, Total: 127334 ns
[2025-09-17T06:46:45.518+0000][187][info ][safepoint   ] Safepoint "Cleanup", Time since last: 1008568833 ns, Reaching safepoint: 94292 ns, Cleanup: 45625 ns, At safepoint: 19625 ns, Total: 159542 ns
[2025-09-17T06:46:50.530+0000][187][info ][safepoint   ] Safepoint "Cleanup", Time since last: 5011992127 ns, Reaching safepoint: 42334 ns, Cleanup: 33000 ns, At safepoint: 16625 ns, Total: 91959 ns
[2025-09-17T06:46:55.538+0000][187][info ][safepoint   ] Safepoint "Cleanup", Time since last: 5007626086 ns, Reaching safepoint: 45583 ns, Cleanup: 27250 ns, At safepoint: 13042 ns, Total: 85875 ns
[2025-09-17T06:46:57.542+0000][187][info ][safepoint   ] Safepoint "Cleanup", Time since last: 2003774126 ns, Reaching safepoint: 88833 ns, Cleanup: 56542 ns, At safepoint: 50041 ns, Total: 195416 ns
[2025-09-17T06:47:00.550+0000][187][info ][safepoint   ] Safepoint "Cleanup", Time since last: 3007670752 ns, Reaching safepoint: 29708 ns, Cleanup: 23000 ns, At safepoint: 10333 ns, Total: 63041 ns
[2025-09-17T06:47:01.551+0000][187][info ][safepoint   ] Safepoint "Cleanup", Time since last: 1001143917 ns, Reaching safepoint: 48209 ns, Cleanup: 52166 ns, At safepoint: 13334 ns, Total: 113709 ns
[2025-09-17T06:47:05.559+0000][187][info ][safepoint   ] Safepoint "Cleanup", Time since last: 4007407293 ns, Reaching safepoint: 468834 ns, Cleanup: 69916 ns, At safepoint: 32125 ns, Total: 570875 ns
[2025-09-17T06:47:07.561+0000][187][info ][safepoint   ] Safepoint "Cleanup", Time since last: 2002081835 ns, Reaching safepoint: 16166 ns, Cleanup: 19917 ns, At safepoint: 7333 ns, Total: 43416 ns
[2025-09-17T06:47:10.567+0000][187][info ][safepoint   ] Safepoint "Cleanup", Time since last: 3005751626 ns, Reaching safepoint: 14709 ns, Cleanup: 37708 ns, At safepoint: 10333 ns, Total: 62750 ns
[2025-09-17T06:47:13.575+0000][187][info ][safepoint   ] Safepoint "Cleanup", Time since last: 3007566085 ns, Reaching safepoint: 172209 ns, Cleanup: 64000 ns, At safepoint: 24916 ns, Total: 261125 ns
[2025-09-17T06:47:15.580+0000][187][info ][safepoint   ] Safepoint "Cleanup", Time since last: 2005063751 ns, Reaching safepoint: 99417 ns, Cleanup: 49708 ns, At safepoint: 22292 ns, Total: 171417 ns
[2025-09-17T06:47:16.583+0000][187][info ][safepoint   ] Safepoint "Cleanup", Time since last: 1002207167 ns, Reaching safepoint: 91833 ns, Cleanup: 41875 ns, At safepoint: 13250 ns, Total: 146958 ns
[2025-09-17T06:47:17.586+0000][187][info ][safepoint   ] Safepoint "Cleanup", Time since last: 1003646751 ns, Reaching safepoint: 126458 ns, Cleanup: 37250 ns, At safepoint: 25750 ns, Total: 189458 ns
[2025-09-17T06:47:20.591+0000][187][info ][safepoint   ] Safepoint "Cleanup", Time since last: 3004508127 ns, Reaching safepoint: 12708 ns, Cleanup: 20292 ns, At safepoint: 9541 ns, Total: 42541 ns
[2025-09-17T06:47:22.595+0000][187][info ][safepoint   ] Safepoint "Cleanup", Time since last: 2004147251 ns, Reaching safepoint: 92625 ns, Cleanup: 66000 ns, At safepoint: 18792 ns, Total: 177417 ns
[2025-09-17T06:47:26.615+0000][187][info ][safepoint   ] Safepoint "Cleanup", Time since last: 4019416793 ns, Reaching safepoint: 81542 ns, Cleanup: 15083 ns, At safepoint: 8375 ns, Total: 105000 ns
[2025-09-17T06:47:27.620+0000][187][info ][safepoint   ] Safepoint "Cleanup", Time since last: 1005408293 ns, Reaching safepoint: 154583 ns, Cleanup: 37208 ns, At safepoint: 34917 ns, Total: 226708 ns
[2025-09-17T06:47:29.305+0000][187][info ][safepoint   ] Safepoint "Cleanup", Time since last: 1684376542 ns, Reaching safepoint: 5000 ns, Cleanup: 44334 ns, At safepoint: 7000 ns, Total: 56334 ns
[2025-09-17T06:47:30.311+0000][187][info ][safepoint   ] Safepoint "Cleanup", Time since last: 1006361167 ns, Reaching safepoint: 3000 ns, Cleanup: 39791 ns, At safepoint: 8250 ns, Total: 51041 ns
[2025-09-17T06:47:31.311+0000][187][info ][safepoint   ] Safepoint "Cleanup", Time since last: 1000090251 ns, Reaching safepoint: 5500 ns, Cleanup: 23458 ns, At safepoint: 9250 ns, Total: 38208 ns
[2025-09-17T06:47:32.313+0000][187][info ][safepoint   ] Safepoint "Cleanup", Time since last: 1001598042 ns, Reaching safepoint: 11000 ns, Cleanup: 8750 ns, At safepoint: 5334 ns, Total: 25084 ns
[2025-09-17T06:47:38.273+0000][187][info ][safepoint   ] Safepoint "Cleanup", Time since last: 5959900252 ns, Reaching safepoint: 6458 ns, Cleanup: 15583 ns, At safepoint: 6834 ns, Total: 28875 ns
[2025-09-17T06:47:39.295+0000][187][info ][safepoint   ] Safepoint "Cleanup", Time since last: 1021247917 ns, Reaching safepoint: 49833 ns, Cleanup: 82875 ns, At safepoint: 14667 ns, Total: 147375 ns
[2025-09-17T06:47:40.308+0000][187][info ][safepoint   ] Safepoint "Cleanup", Time since last: 1013219459 ns, Reaching safepoint: 3875 ns, Cleanup: 36666 ns, At safepoint: 6417 ns, Total: 46958 ns
[2025-09-17T06:47:41.405+0000][187][info ][safepoint   ] Safepoint "Cleanup", Time since last: 1097511834 ns, Reaching safepoint: 18958 ns, Cleanup: 32250 ns, At safepoint: 8667 ns, Total: 59875 ns
[2025-09-17T06:47:42.407+0000][187][info ][safepoint   ] Safepoint "Cleanup", Time since last: 1001098417 ns, Reaching safepoint: 69542 ns, Cleanup: 43833 ns, At safepoint: 14000 ns, Total: 127375 ns
[2025-09-17T06:47:45.413+0000][187][info ][safepoint   ] Safepoint "Cleanup", Time since last: 3005842876 ns, Reaching safepoint: 71834 ns, Cleanup: 40416 ns, At safepoint: 15375 ns, Total: 127625 ns
[2025-09-17T06:47:47.417+0000][187][info ][safepoint   ] Safepoint "Cleanup", Time since last: 2003801335 ns, Reaching safepoint: 115833 ns, Cleanup: 64375 ns, At safepoint: 47458 ns, Total: 227666 ns
[2025-09-17T06:47:50.422+0000][187][info ][safepoint   ] Safepoint "Cleanup", Time since last: 3005083543 ns, Reaching safepoint: 105417 ns, Cleanup: 55708 ns, At safepoint: 28625 ns, Total: 189750 ns
[2025-09-17T06:47:52.426+0000][187][info ][safepoint   ] Safepoint "Cleanup", Time since last: 2003723835 ns, Reaching safepoint: 94208 ns, Cleanup: 36000 ns, At safepoint: 13417 ns, Total: 143625 ns
[2025-09-17T06:47:53.428+0000][187][info ][safepoint   ] Safepoint "Cleanup", Time since last: 1001657334 ns, Reaching safepoint: 62125 ns, Cleanup: 52000 ns, At safepoint: 11416 ns, Total: 125541 ns
[2025-09-17T06:47:55.433+0000][187][info ][safepoint   ] Safepoint "Cleanup", Time since last: 2004910918 ns, Reaching safepoint: 112875 ns, Cleanup: 29041 ns, At safepoint: 18750 ns, Total: 160666 ns
[2025-09-17T06:47:59.443+0000][187][info ][safepoint   ] Safepoint "Cleanup", Time since last: 4009866086 ns, Reaching safepoint: 101291 ns, Cleanup: 41000 ns, At safepoint: 21167 ns, Total: 163458 ns
[2025-09-17T06:48:00.444+0000][187][info ][safepoint   ] Safepoint "Cleanup", Time since last: 1001451667 ns, Reaching safepoint: 42459 ns, Cleanup: 27041 ns, At safepoint: 35209 ns, Total: 104709 ns
[2025-09-17T06:48:02.447+0000][187][info ][safepoint   ] Safepoint "Cleanup", Time since last: 2002552917 ns, Reaching safepoint: 69250 ns, Cleanup: 29167 ns, At safepoint: 12958 ns, Total: 111375 ns
[2025-09-17T06:48:05.455+0000][187][info ][safepoint   ] Safepoint "Cleanup", Time since last: 3007995835 ns, Reaching safepoint: 95042 ns, Cleanup: 153333 ns, At safepoint: 21167 ns, Total: 269542 ns
[2025-09-17T06:48:07.459+0000][187][info ][safepoint   ] Safepoint "Cleanup", Time since last: 2003351584 ns, Reaching safepoint: 72208 ns, Cleanup: 197042 ns, At safepoint: 32375 ns, Total: 301625 ns
[2025-09-17T06:48:08.461+0000][187][info ][safepoint   ] Safepoint "Cleanup", Time since last: 1001729125 ns, Reaching safepoint: 95375 ns, Cleanup: 44042 ns, At safepoint: 17791 ns, Total: 157208 ns
[2025-09-17T06:48:09.462+0000][187][info ][safepoint   ] Safepoint "Cleanup", Time since last: 1001529959 ns, Reaching safepoint: 98875 ns, Cleanup: 59625 ns, At safepoint: 34959 ns, Total: 193459 ns
[2025-09-17T06:48:10.466+0000][187][info ][safepoint   ] Safepoint "Cleanup", Time since last: 1003408208 ns, Reaching safepoint: 96334 ns, Cleanup: 51250 ns, At safepoint: 29333 ns, Total: 176917 ns
[2025-09-17T06:48:14.472+0000][187][info ][safepoint   ] Safepoint "Cleanup", Time since last: 4005668960 ns, Reaching safepoint: 206834 ns, Cleanup: 48791 ns, At safepoint: 30542 ns, Total: 286167 ns
[2025-09-17T06:48:15.474+0000][187][info ][safepoint   ] Safepoint "Cleanup", Time since last: 1001351667 ns, Reaching safepoint: 100417 ns, Cleanup: 44666 ns, At safepoint: 21875 ns, Total: 166958 ns
[2025-09-17T06:48:20.479+0000][187][info ][safepoint   ] Safepoint "Cleanup", Time since last: 5004819503 ns, Reaching safepoint: 115708 ns, Cleanup: 23208 ns, At safepoint: 12292 ns, Total: 151208 ns
[2025-09-17T06:48:21.480+0000][187][info ][safepoint   ] Safepoint "Cleanup", Time since last: 1000972209 ns, Reaching safepoint: 82958 ns, Cleanup: 44500 ns, At safepoint: 22250 ns, Total: 149708 ns
[2025-09-17T06:48:22.481+0000][187][info ][safepoint   ] Safepoint "Cleanup", Time since last: 1000933167 ns, Reaching safepoint: 143209 ns, Cleanup: 89791 ns, At safepoint: 19500 ns, Total: 252500 ns
[2025-09-17T06:48:25.495+0000][187][info ][safepoint   ] Safepoint "Cleanup", Time since last: 3014032127 ns, Reaching safepoint: 92833 ns, Cleanup: 101709 ns, At safepoint: 31291 ns, Total: 225833 ns
[2025-09-17T06:48:30.518+0000][187][info ][safepoint   ] Safepoint "Cleanup", Time since last: 5022916211 ns, Reaching safepoint: 86667 ns, Cleanup: 73916 ns, At safepoint: 18917 ns, Total: 179500 ns
[2025-09-17T06:48:32.319+0000][187][info ][safepoint   ] Safepoint "Cleanup", Time since last: 1800869001 ns, Reaching safepoint: 4666 ns, Cleanup: 18459 ns, At safepoint: 5375 ns, Total: 28500 ns
[2025-09-17T06:48:33.556+0000][187][info ][safepoint   ] Safepoint "Cleanup", Time since last: 1236462084 ns, Reaching safepoint: 8166 ns, Cleanup: 97584 ns, At safepoint: 15166 ns, Total: 120916 ns
[2025-09-17T06:48:35.560+0000][187][info ][safepoint   ] Safepoint "Cleanup", Time since last: 2003783460 ns, Reaching safepoint: 164166 ns, Cleanup: 59625 ns, At safepoint: 16417 ns, Total: 240208 ns
[2025-09-17T06:48:38.879+0000][187][info ][safepoint   ] Safepoint "Cleanup", Time since last: 3319564292 ns, Reaching safepoint: 51334 ns, Cleanup: 17833 ns, At safepoint: 6625 ns, Total: 75792 ns
[2025-09-17T06:48:39.882+0000][187][info ][safepoint   ] Safepoint "Cleanup", Time since last: 1002474792 ns, Reaching safepoint: 71750 ns, Cleanup: 43083 ns, At safepoint: 17667 ns, Total: 132500 ns
[2025-09-17T06:48:40.884+0000][187][info ][safepoint   ] Safepoint "Cleanup", Time since last: 1002347084 ns, Reaching safepoint: 48000 ns, Cleanup: 47333 ns, At safepoint: 14375 ns, Total: 109708 ns
[2025-09-17T06:48:41.886+0000][187][info ][safepoint   ] Safepoint "Cleanup", Time since last: 1001380376 ns, Reaching safepoint: 176750 ns, Cleanup: 37291 ns, At safepoint: 22292 ns, Total: 236333 ns
[2025-09-17T06:48:43.893+0000][187][info ][safepoint   ] Safepoint "Cleanup", Time since last: 2006364709 ns, Reaching safepoint: 176542 ns, Cleanup: 50792 ns, At safepoint: 32250 ns, Total: 259584 ns
[2025-09-17T06:48:50.903+0000][187][info ][safepoint   ] Safepoint "Cleanup", Time since last: 7010446420 ns, Reaching safepoint: 110000 ns, Cleanup: 79250 ns, At safepoint: 14000 ns, Total: 203250 ns
[2025-09-17T06:48:52.912+0000][187][info ][safepoint   ] Safepoint "Cleanup", Time since last: 2008792501 ns, Reaching safepoint: 99208 ns, Cleanup: 40042 ns, At safepoint: 18416 ns, Total: 157666 ns
[2025-09-17T06:48:55.916+0000][187][info ][safepoint   ] Safepoint "Cleanup", Time since last: 3003388752 ns, Reaching safepoint: 44916 ns, Cleanup: 39917 ns, At safepoint: 13417 ns, Total: 98250 ns
[2025-09-17T06:48:59.922+0000][187][info ][safepoint   ] Safepoint "Cleanup", Time since last: 4006141127 ns, Reaching safepoint: 77125 ns, Cleanup: 70083 ns, At safepoint: 16375 ns, Total: 163583 ns
[2025-09-17T06:49:00.928+0000][187][info ][safepoint   ] Safepoint "Cleanup", Time since last: 1005504500 ns, Reaching safepoint: 109334 ns, Cleanup: 94416 ns, At safepoint: 28875 ns, Total: 232625 ns
[2025-09-17T06:49:04.937+0000][187][info ][safepoint   ] Safepoint "Cleanup", Time since last: 4009147461 ns, Reaching safepoint: 120416 ns, Cleanup: 66209 ns, At safepoint: 28250 ns, Total: 214875 ns
[2025-09-17T06:49:07.943+0000][187][info ][safepoint   ] Safepoint "Cleanup", Time since last: 3006042793 ns, Reaching safepoint: 191291 ns, Cleanup: 37042 ns, At safepoint: 18375 ns, Total: 246708 ns
[2025-09-17T06:49:11.956+0000][187][info ][safepoint   ] Safepoint "Cleanup", Time since last: 4012858252 ns, Reaching safepoint: 16583 ns, Cleanup: 19708 ns, At safepoint: 5959 ns, Total: 42250 ns
[2025-09-17T06:49:15.970+0000][187][info ][safepoint   ] Safepoint "Cleanup", Time since last: 4013855793 ns, Reaching safepoint: 74167 ns, Cleanup: 37750 ns, At safepoint: 19833 ns, Total: 131750 ns
[2025-09-17T06:49:17.979+0000][187][info ][safepoint   ] Safepoint "Cleanup", Time since last: 2008191626 ns, Reaching safepoint: 99125 ns, Cleanup: 68292 ns, At safepoint: 26042 ns, Total: 193459 ns
[2025-09-17T06:49:20.990+0000][187][info ][safepoint   ] Safepoint "Cleanup", Time since last: 3010624293 ns, Reaching safepoint: 197041 ns, Cleanup: 73584 ns, At safepoint: 28916 ns, Total: 299541 ns
[2025-09-17T06:49:22.995+0000][187][info ][safepoint   ] Safepoint "Cleanup", Time since last: 2005505751 ns, Reaching safepoint: 160459 ns, Cleanup: 40958 ns, At safepoint: 24083 ns, Total: 225500 ns
[2025-09-17T06:49:23.997+0000][187][info ][safepoint   ] Safepoint "Cleanup", Time since last: 1001301042 ns, Reaching safepoint: 80834 ns, Cleanup: 43500 ns, At safepoint: 19041 ns, Total: 143375 ns
[2025-09-17T06:49:26.009+0000][187][info ][safepoint   ] Safepoint "Cleanup", Time since last: 2012023210 ns, Reaching safepoint: 84333 ns, Cleanup: 102125 ns, At safepoint: 21125 ns, Total: 207583 ns
[2025-09-17T06:49:27.012+0000][187][info ][safepoint   ] Safepoint "Cleanup", Time since last: 1001224917 ns, Reaching safepoint: 1358542 ns, Cleanup: 29583 ns, At safepoint: 23167 ns, Total: 1411292 ns
[2025-09-17T06:49:30.018+0000][187][info ][safepoint   ] Safepoint "Cleanup", Time since last: 3006039210 ns, Reaching safepoint: 84125 ns, Cleanup: 43666 ns, At safepoint: 14500 ns, Total: 142291 ns
[2025-09-17T06:49:33.029+0000][187][info ][safepoint   ] Safepoint "Cleanup", Time since last: 3010679502 ns, Reaching safepoint: 273500 ns, Cleanup: 58250 ns, At safepoint: 32791 ns, Total: 364541 ns
[2025-09-17T06:49:35.043+0000][187][info ][safepoint   ] Safepoint "Cleanup", Time since last: 2013871710 ns, Reaching safepoint: 373416 ns, Cleanup: 78834 ns, At safepoint: 36750 ns, Total: 489000 ns
[2025-09-17T06:49:36.816+0000][187][info ][safepoint   ] Safepoint "Cleanup", Time since last: 1772304126 ns, Reaching safepoint: 15208 ns, Cleanup: 151125 ns, At safepoint: 11083 ns, Total: 177416 ns
[2025-09-17T06:49:45.851+0000][187][info ][safepoint   ] Safepoint "Cleanup", Time since last: 9035359588 ns, Reaching safepoint: 235791 ns, Cleanup: 77167 ns, At safepoint: 32792 ns, Total: 345750 ns
[2025-09-17T06:49:46.855+0000][187][info ][safepoint   ] Safepoint "Cleanup", Time since last: 1003329750 ns, Reaching safepoint: 120042 ns, Cleanup: 45416 ns, At safepoint: 23417 ns, Total: 188875 ns
[2025-09-17T06:49:47.857+0000][187][info ][safepoint   ] Safepoint "Cleanup", Time since last: 1001792667 ns, Reaching safepoint: 69459 ns, Cleanup: 74291 ns, At safepoint: 19000 ns, Total: 162750 ns
[2025-09-17T06:49:55.873+0000][187][info ][safepoint   ] Safepoint "Cleanup", Time since last: 8015934087 ns, Reaching safepoint: 163459 ns, Cleanup: 75375 ns, At safepoint: 46958 ns, Total: 285792 ns
[2025-09-17T06:50:00.894+0000][187][info ][safepoint   ] Safepoint "Cleanup", Time since last: 5021037044 ns, Reaching safepoint: 29875 ns, Cleanup: 32667 ns, At safepoint: 9083 ns, Total: 71625 ns
[2025-09-17T06:50:02.905+0000][187][info ][safepoint   ] Safepoint "Cleanup", Time since last: 2010522626 ns, Reaching safepoint: 132792 ns, Cleanup: 60250 ns, At safepoint: 20250 ns, Total: 213292 ns
[2025-09-17T06:50:05.915+0000][187][info ][safepoint   ] Safepoint "Cleanup", Time since last: 3009794543 ns, Reaching safepoint: 92000 ns, Cleanup: 49000 ns, At safepoint: 24750 ns, Total: 165750 ns
[2025-09-17T06:50:07.923+0000][187][info ][safepoint   ] Safepoint "Cleanup", Time since last: 2007595626 ns, Reaching safepoint: 158250 ns, Cleanup: 85041 ns, At safepoint: 22000 ns, Total: 265291 ns
[2025-09-17T06:50:10.932+0000][187][info ][safepoint   ] Safepoint "Cleanup", Time since last: 3009109626 ns, Reaching safepoint: 133500 ns, Cleanup: 65625 ns, At safepoint: 20750 ns, Total: 219875 ns
[2025-09-17T06:50:11.936+0000][187][info ][safepoint   ] Safepoint "Cleanup", Time since last: 1003307834 ns, Reaching safepoint: 255916 ns, Cleanup: 55584 ns, At safepoint: 24416 ns, Total: 335916 ns
[2025-09-17T06:50:15.949+0000][187][info ][safepoint   ] Safepoint "Cleanup", Time since last: 4012240711 ns, Reaching safepoint: 127041 ns, Cleanup: 96667 ns, At safepoint: 35917 ns, Total: 259625 ns
[2025-09-17T06:50:20.963+0000][187][info ][safepoint   ] Safepoint "Cleanup", Time since last: 5014258669 ns, Reaching safepoint: 101166 ns, Cleanup: 53625 ns, At safepoint: 22459 ns, Total: 177250 ns
[2025-09-17T06:50:21.967+0000][187][info ][safepoint   ] Safepoint "Cleanup", Time since last: 1003706625 ns, Reaching safepoint: 63333 ns, Cleanup: 32500 ns, At safepoint: 16292 ns, Total: 112125 ns
[2025-09-17T06:50:25.975+0000][187][info ][safepoint   ] Safepoint "Cleanup", Time since last: 4008142294 ns, Reaching safepoint: 108500 ns, Cleanup: 85750 ns, At safepoint: 50625 ns, Total: 244875 ns
[2025-09-17T06:50:26.977+0000][187][info ][safepoint   ] Safepoint "Cleanup", Time since last: 1001490042 ns, Reaching safepoint: 84250 ns, Cleanup: 41042 ns, At safepoint: 16958 ns, Total: 142250 ns
[2025-09-17T06:50:30.996+0000][187][info ][safepoint   ] Safepoint "Cleanup", Time since last: 4018780752 ns, Reaching safepoint: 86875 ns, Cleanup: 49708 ns, At safepoint: 14125 ns, Total: 150708 ns
[2025-09-17T06:50:35.004+0000][187][info ][safepoint   ] Safepoint "Cleanup", Time since last: 4008243169 ns, Reaching safepoint: 106375 ns, Cleanup: 54875 ns, At safepoint: 20625 ns, Total: 181875 ns
[2025-09-17T06:50:36.007+0000][187][info ][safepoint   ] Safepoint "Cleanup", Time since last: 1002177875 ns, Reaching safepoint: 109500 ns, Cleanup: 50459 ns, At safepoint: 16166 ns, Total: 176125 ns
[2025-09-17T06:50:37.051+0000][187][info ][safepoint   ] Safepoint "Cleanup", Time since last: 1044664459 ns, Reaching safepoint: 94625 ns, Cleanup: 65458 ns, At safepoint: 17500 ns, Total: 177583 ns
[2025-09-17T06:50:38.353+0000][187][info ][safepoint   ] Safepoint "Cleanup", Time since last: 1301357542 ns, Reaching safepoint: 4667 ns, Cleanup: 12125 ns, At safepoint: 5041 ns, Total: 21833 ns
[2025-09-17T06:50:40.079+0000][187][info ][safepoint   ] Safepoint "Cleanup", Time since last: 1724477459 ns, Reaching safepoint: 1688584 ns, Cleanup: 97750 ns, At safepoint: 22000 ns, Total: 1808334 ns
[2025-09-17T06:50:41.083+0000][187][info ][safepoint   ] Safepoint "Cleanup", Time since last: 1003602167 ns, Reaching safepoint: 78125 ns, Cleanup: 44208 ns, At safepoint: 17209 ns, Total: 139542 ns
[2025-09-17T06:50:42.084+0000][187][info ][safepoint   ] Safepoint "Cleanup", Time since last: 1001170750 ns, Reaching safepoint: 92042 ns, Cleanup: 43750 ns, At safepoint: 17250 ns, Total: 153042 ns
[2025-09-17T06:50:43.087+0000][187][info ][safepoint   ] Safepoint "Cleanup", Time since last: 1002630334 ns, Reaching safepoint: 96208 ns, Cleanup: 38750 ns, At safepoint: 20042 ns, Total: 155000 ns
[2025-09-17T06:50:46.091+0000][187][info ][safepoint   ] Safepoint "Cleanup", Time since last: 3003864793 ns, Reaching safepoint: 111458 ns, Cleanup: 49042 ns, At safepoint: 27833 ns, Total: 188333 ns
[2025-09-17T06:50:47.093+0000][187][info ][safepoint   ] Safepoint "Cleanup", Time since last: 1001549125 ns, Reaching safepoint: 94584 ns, Cleanup: 55875 ns, At safepoint: 16291 ns, Total: 166750 ns
[2025-09-17T06:50:51.098+0000][187][info ][safepoint   ] Safepoint "Cleanup", Time since last: 4005011627 ns, Reaching safepoint: 115209 ns, Cleanup: 49791 ns, At safepoint: 23834 ns, Total: 188834 ns
[2025-09-17T06:50:56.105+0000][187][info ][safepoint   ] Safepoint "Cleanup", Time since last: 5007238044 ns, Reaching safepoint: 106875 ns, Cleanup: 29000 ns, At safepoint: 15458 ns, Total: 151333 ns
[2025-09-17T06:51:01.116+0000][187][info ][safepoint   ] Safepoint "Cleanup", Time since last: 5010015961 ns, Reaching safepoint: 331625 ns, Cleanup: 125750 ns, At safepoint: 37083 ns, Total: 494458 ns
[2025-09-17T06:51:02.117+0000][187][info ][safepoint   ] Safepoint "Cleanup", Time since last: 1001085167 ns, Reaching safepoint: 95959 ns, Cleanup: 61750 ns, At safepoint: 15000 ns, Total: 172709 ns
[2025-09-17T06:51:03.120+0000][187][info ][safepoint   ] Safepoint "Cleanup", Time since last: 1002448083 ns, Reaching safepoint: 84792 ns, Cleanup: 66667 ns, At safepoint: 15041 ns, Total: 166500 ns
[2025-09-17T06:51:07.124+0000][187][info ][safepoint   ] Safepoint "Cleanup", Time since last: 4004057502 ns, Reaching safepoint: 14250 ns, Cleanup: 27667 ns, At safepoint: 10458 ns, Total: 52375 ns
[2025-09-17T06:51:11.129+0000][187][info ][safepoint   ] Safepoint "Cleanup", Time since last: 4004665710 ns, Reaching safepoint: 168791 ns, Cleanup: 124375 ns, At safepoint: 48334 ns, Total: 341500 ns
[2025-09-17T06:51:12.130+0000][187][info ][safepoint   ] Safepoint "Cleanup", Time since last: 1001217167 ns, Reaching safepoint: 101916 ns, Cleanup: 58084 ns, At safepoint: 19958 ns, Total: 179958 ns
[2025-09-17T06:51:15.135+0000][187][info ][safepoint   ] Safepoint "Cleanup", Time since last: 3005394418 ns, Reaching safepoint: 83375 ns, Cleanup: 56042 ns, At safepoint: 14167 ns, Total: 153584 ns
[2025-09-17T06:51:21.144+0000][187][info ][safepoint   ] Safepoint "Cleanup", Time since last: 6008362294 ns, Reaching safepoint: 100542 ns, Cleanup: 157708 ns, At safepoint: 28667 ns, Total: 286917 ns
[2025-09-17T06:51:25.150+0000][187][info ][safepoint   ] Safepoint "Cleanup", Time since last: 4005506418 ns, Reaching safepoint: 102209 ns, Cleanup: 55833 ns, At safepoint: 21875 ns, Total: 179917 ns
[2025-09-17T06:51:26.152+0000][187][info ][safepoint   ] Safepoint "Cleanup", Time since last: 1001612584 ns, Reaching safepoint: 95625 ns, Cleanup: 47583 ns, At safepoint: 15167 ns, Total: 158375 ns
[2025-09-17T06:51:28.154+0000][187][info ][safepoint   ] Safepoint "Cleanup", Time since last: 2002484917 ns, Reaching safepoint: 101834 ns, Cleanup: 96750 ns, At safepoint: 9500 ns, Total: 208084 ns
[2025-09-17T06:51:30.162+0000][187][info ][safepoint   ] Safepoint "Cleanup", Time since last: 2007412126 ns, Reaching safepoint: 20583 ns, Cleanup: 20167 ns, At safepoint: 10500 ns, Total: 51250 ns
[2025-09-17T06:51:39.216+0000][187][info ][safepoint   ] Safepoint "Cleanup", Time since last: 9054399837 ns, Reaching safepoint: 123208 ns, Cleanup: 120875 ns, At safepoint: 21500 ns, Total: 265583 ns
[2025-09-17T06:51:42.298+0000][187][info ][safepoint   ] Safepoint "Cleanup", Time since last: 3081177418 ns, Reaching safepoint: 12875 ns, Cleanup: 80959 ns, At safepoint: 19916 ns, Total: 113750 ns
[2025-09-17T06:51:43.349+0000][187][info ][safepoint   ] Safepoint "Cleanup", Time since last: 1051284126 ns, Reaching safepoint: 11375 ns, Cleanup: 33083 ns, At safepoint: 12125 ns, Total: 56583 ns
[2025-09-17T06:51:47.359+0000][187][info ][safepoint   ] Safepoint "Cleanup", Time since last: 4009652835 ns, Reaching safepoint: 52709 ns, Cleanup: 17708 ns, At safepoint: 11333 ns, Total: 81750 ns
[2025-09-17T06:51:50.362+0000][187][info ][safepoint   ] Safepoint "Cleanup", Time since last: 3003327627 ns, Reaching safepoint: 20041 ns, Cleanup: 11167 ns, At safepoint: 17542 ns, Total: 48750 ns
[2025-09-17T06:51:56.369+0000][187][info ][safepoint   ] Safepoint "Cleanup", Time since last: 6006178086 ns, Reaching safepoint: 193000 ns, Cleanup: 31000 ns, At safepoint: 21167 ns, Total: 245167 ns
[2025-09-17T06:52:00.376+0000][187][info ][safepoint   ] Safepoint "Cleanup", Time since last: 4007770585 ns, Reaching safepoint: 68166 ns, Cleanup: 26417 ns, At safepoint: 12208 ns, Total: 106791 ns
[2025-09-17T06:52:05.393+0000][187][info ][safepoint   ] Safepoint "Cleanup", Time since last: 5016359128 ns, Reaching safepoint: 25750 ns, Cleanup: 19000 ns, At safepoint: 17250 ns, Total: 62000 ns
[2025-09-17T06:52:06.395+0000][187][info ][safepoint   ] Safepoint "Cleanup", Time since last: 1001896584 ns, Reaching safepoint: 65125 ns, Cleanup: 35750 ns, At safepoint: 18291 ns, Total: 119166 ns
[2025-09-17T06:52:07.397+0000][187][info ][safepoint   ] Safepoint "Cleanup", Time since last: 1001800626 ns, Reaching safepoint: 86667 ns, Cleanup: 67458 ns, At safepoint: 13292 ns, Total: 167417 ns
[2025-09-17T06:52:08.402+0000][187][info ][safepoint   ] Safepoint "Cleanup", Time since last: 1004075791 ns, Reaching safepoint: 421709 ns, Cleanup: 13416 ns, At safepoint: 27417 ns, Total: 462542 ns
[2025-09-17T06:52:09.403+0000][187][info ][safepoint   ] Safepoint "Cleanup", Time since last: 1000936209 ns, Reaching safepoint: 52875 ns, Cleanup: 21541 ns, At safepoint: 12834 ns, Total: 87250 ns
[2025-09-17T06:52:10.405+0000][187][info ][safepoint   ] Safepoint "Cleanup", Time since last: 1002035125 ns, Reaching safepoint: 19709 ns, Cleanup: 20791 ns, At safepoint: 7417 ns, Total: 47917 ns
[2025-09-17T06:52:15.409+0000][187][info ][safepoint   ] Safepoint "Cleanup", Time since last: 5004250669 ns, Reaching safepoint: 79250 ns, Cleanup: 23500 ns, At safepoint: 13833 ns, Total: 116583 ns
[2025-09-17T06:52:17.414+0000][187][info ][safepoint   ] Safepoint "Cleanup", Time since last: 2004127710 ns, Reaching safepoint: 12791 ns, Cleanup: 15167 ns, At safepoint: 5375 ns, Total: 33333 ns
[2025-09-17T06:52:20.422+0000][187][info ][safepoint   ] Safepoint "Cleanup", Time since last: 3008233918 ns, Reaching safepoint: 104458 ns, Cleanup: 42959 ns, At safepoint: 22250 ns, Total: 169667 ns
[2025-09-17T06:52:22.424+0000][187][info ][safepoint   ] Safepoint "Cleanup", Time since last: 2002031834 ns, Reaching safepoint: 95667 ns, Cleanup: 54375 ns, At safepoint: 18416 ns, Total: 168458 ns
[2025-09-17T06:52:23.429+0000][187][info ][safepoint   ] Safepoint "Cleanup", Time since last: 1004643418 ns, Reaching safepoint: 14125 ns, Cleanup: 11166 ns, At safepoint: 7292 ns, Total: 32583 ns
[2025-09-17T06:52:26.433+0000][187][info ][safepoint   ] Safepoint "Cleanup", Time since last: 3004382210 ns, Reaching safepoint: 104416 ns, Cleanup: 74542 ns, At safepoint: 23083 ns, Total: 202041 ns
[2025-09-17T06:52:30.440+0000][187][info ][safepoint   ] Safepoint "Cleanup", Time since last: 4006596294 ns, Reaching safepoint: 100833 ns, Cleanup: 41625 ns, At safepoint: 13042 ns, Total: 155500 ns
[2025-09-17T06:52:35.448+0000][187][info ][safepoint   ] Safepoint "Cleanup", Time since last: 5007631586 ns, Reaching safepoint: 81625 ns, Cleanup: 50666 ns, At safepoint: 15209 ns, Total: 147500 ns
[2025-09-17T06:52:38.367+0000][187][info ][safepoint   ] Safepoint "Cleanup", Time since last: 2918578708 ns, Reaching safepoint: 4834 ns, Cleanup: 10625 ns, At safepoint: 5333 ns, Total: 20792 ns
[2025-09-17T06:52:39.498+0000][187][info ][safepoint   ] Safepoint "Cleanup", Time since last: 1131274667 ns, Reaching safepoint: 41334 ns, Cleanup: 33333 ns, At safepoint: 11375 ns, Total: 86042 ns
[2025-09-17T06:52:41.197+0000][187][info ][safepoint   ] Safepoint "Cleanup", Time since last: 1698539751 ns, Reaching safepoint: 22333 ns, Cleanup: 53917 ns, At safepoint: 10625 ns, Total: 86875 ns
[2025-09-17T06:52:42.200+0000][187][info ][safepoint   ] Safepoint "Cleanup", Time since last: 1002739000 ns, Reaching safepoint: 70208 ns, Cleanup: 62125 ns, At safepoint: 10959 ns, Total: 143292 ns
[2025-09-17T06:52:43.201+0000][187][info ][safepoint   ] Safepoint "Cleanup", Time since last: 1001437875 ns, Reaching safepoint: 22500 ns, Cleanup: 11625 ns, At safepoint: 8000 ns, Total: 42125 ns
[2025-09-17T06:52:44.366+0000][187][info ][safepoint   ] Safepoint "Cleanup", Time since last: 1164997584 ns, Reaching safepoint: 5250 ns, Cleanup: 22542 ns, At safepoint: 10458 ns, Total: 38250 ns
[2025-09-17T06:52:45.612+0000][187][info ][safepoint   ] Safepoint "Cleanup", Time since last: 1245376334 ns, Reaching safepoint: 18708 ns, Cleanup: 136500 ns, At safepoint: 13084 ns, Total: 168292 ns
[2025-09-17T06:52:47.620+0000][187][info ][safepoint   ] Safepoint "Cleanup", Time since last: 2007601084 ns, Reaching safepoint: 69875 ns, Cleanup: 32333 ns, At safepoint: 12667 ns, Total: 114875 ns
[2025-09-17T06:52:49.622+0000][187][info ][safepoint   ] Safepoint "Cleanup", Time since last: 2001796293 ns, Reaching safepoint: 59708 ns, Cleanup: 25250 ns, At safepoint: 14292 ns, Total: 99250 ns
[2025-09-17T06:52:50.624+0000][187][info ][safepoint   ] Safepoint "Cleanup", Time since last: 1002501417 ns, Reaching safepoint: 98291 ns, Cleanup: 97792 ns, At safepoint: 17292 ns, Total: 213375 ns
[2025-09-17T06:52:53.630+0000][187][info ][safepoint   ] Safepoint "Cleanup", Time since last: 3005037001 ns, Reaching safepoint: 173209 ns, Cleanup: 37791 ns, At safepoint: 46542 ns, Total: 257542 ns
[2025-09-17T06:52:56.339+0000][187][info ][gc,start    ] GC(24) Pause Young (Prepare Mixed) (G1 Evacuation Pause)
[2025-09-17T06:52:56.339+0000][187][info ][gc,task     ] GC(24) Using 8 workers of 8 for evacuation
[2025-09-17T06:52:56.339+0000][187][debug][gc,age      ] GC(24) Desired survivor size 41943040 bytes, new threshold 15 (max threshold 15)
[2025-09-17T06:52:56.392+0000][187][info ][gc,phases   ] GC(24)   Pre Evacuate Collection Set: 1.22ms
[2025-09-17T06:52:56.392+0000][187][info ][gc,phases   ] GC(24)   Merge Heap Roots: 0.43ms
[2025-09-17T06:52:56.392+0000][187][info ][gc,phases   ] GC(24)   Evacuate Collection Set: 45.16ms
[2025-09-17T06:52:56.392+0000][187][info ][gc,phases   ] GC(24)   Post Evacuate Collection Set: 5.35ms
[2025-09-17T06:52:56.392+0000][187][info ][gc,phases   ] GC(24)   Other: 0.62ms
[2025-09-17T06:52:56.392+0000][187][trace][gc,age      ] GC(24) Age table with threshold 15 (max threshold 15)
[2025-09-17T06:52:56.392+0000][187][trace][gc,age      ] GC(24) - age   1:     810104 bytes,     810104 total
[2025-09-17T06:52:56.392+0000][187][trace][gc,age      ] GC(24) - age   2:    1199352 bytes,    2009456 total
[2025-09-17T06:52:56.392+0000][187][trace][gc,age      ] GC(24) - age   3:    1388248 bytes,    3397704 total
[2025-09-17T06:52:56.392+0000][187][trace][gc,age      ] GC(24) - age   4:    3348688 bytes,    6746392 total
[2025-09-17T06:52:56.392+0000][187][trace][gc,age      ] GC(24) - age   5:    3589160 bytes,   10335552 total
[2025-09-17T06:52:56.393+0000][187][trace][gc,age      ] GC(24) - age   6:    2117040 bytes,   12452592 total
[2025-09-17T06:52:56.393+0000][187][trace][gc,age      ] GC(24) - age   7:   18610072 bytes,   31062664 total
[2025-09-17T06:52:56.393+0000][187][trace][gc,age      ] GC(24) - age   8:     224192 bytes,   31286856 total
[2025-09-17T06:52:56.393+0000][187][info ][gc,heap     ] GC(24) Eden regions: 144->0(144)
[2025-09-17T06:52:56.393+0000][187][info ][gc,heap     ] GC(24) Survivor regions: 9->9(20)
[2025-09-17T06:52:56.393+0000][187][info ][gc,heap     ] GC(24) Old regions: 29->29
[2025-09-17T06:52:56.393+0000][187][info ][gc,heap     ] GC(24) Humongous regions: 2->2
[2025-09-17T06:52:56.393+0000][187][info ][gc,metaspace] GC(24) Metaspace: 159126K(163520K)->159126K(163520K) NonClass: 137290K(139648K)->137290K(139648K) Class: 21835K(23872K)->21835K(23872K)
[2025-09-17T06:52:56.393+0000][187][info ][gc          ] GC(24) Pause Young (Prepare Mixed) (G1 Evacuation Pause) 731M->155M(1024M) 54.448ms
[2025-09-17T06:52:56.393+0000][187][info ][gc,cpu      ] GC(24) User=0.38s Sys=0.01s Real=0.05s
[2025-09-17T06:52:56.393+0000][187][info ][safepoint   ] Safepoint "G1CollectForAllocation", Time since last: 2708534668 ns, Reaching safepoint: 190417 ns, Cleanup: 30750 ns, At safepoint: 54758166 ns, Total: 54979333 ns
[2025-09-17T06:53:03.402+0000][187][info ][safepoint   ] Safepoint "Cleanup", Time since last: 7008325879 ns, Reaching safepoint: 17958 ns, Cleanup: 14375 ns, At safepoint: 16833 ns, Total: 49166 ns
[2025-09-17T06:53:05.409+0000][187][info ][safepoint   ] Safepoint "Cleanup", Time since last: 2007374876 ns, Reaching safepoint: 76875 ns, Cleanup: 30584 ns, At safepoint: 11625 ns, Total: 119084 ns
[2025-09-17T06:53:06.419+0000][187][info ][safepoint   ] Safepoint "Cleanup", Time since last: 1009402083 ns, Reaching safepoint: 85334 ns, Cleanup: 62500 ns, At safepoint: 16250 ns, Total: 164084 ns
[2025-09-17T06:53:07.424+0000][187][info ][safepoint   ] Safepoint "Cleanup", Time since last: 1004588209 ns, Reaching safepoint: 132041 ns, Cleanup: 204459 ns, At safepoint: 29541 ns, Total: 366041 ns
[2025-09-17T06:53:10.431+0000][187][info ][safepoint   ] Safepoint "Cleanup", Time since last: 3007263835 ns, Reaching safepoint: 98041 ns, Cleanup: 59375 ns, At safepoint: 21792 ns, Total: 179208 ns
[2025-09-17T06:53:13.440+0000][187][info ][safepoint   ] Safepoint "Cleanup", Time since last: 3008955710 ns, Reaching safepoint: 46833 ns, Cleanup: 17583 ns, At safepoint: 11417 ns, Total: 75833 ns
[2025-09-17T06:53:21.465+0000][187][info ][safepoint   ] Safepoint "Cleanup", Time since last: 8025029504 ns, Reaching safepoint: 125042 ns, Cleanup: 32250 ns, At safepoint: 21208 ns, Total: 178500 ns
[2025-09-17T06:53:23.469+0000][187][info ][safepoint   ] Safepoint "Cleanup", Time since last: 2004229168 ns, Reaching safepoint: 15250 ns, Cleanup: 18041 ns, At safepoint: 5875 ns, Total: 39166 ns
[2025-09-17T06:53:25.476+0000][187][info ][safepoint   ] Safepoint "Cleanup", Time since last: 2007223626 ns, Reaching safepoint: 90167 ns, Cleanup: 45875 ns, At safepoint: 23500 ns, Total: 159542 ns
[2025-09-17T06:53:32.491+0000][187][info ][safepoint   ] Safepoint "Cleanup", Time since last: 7014765003 ns, Reaching safepoint: 26500 ns, Cleanup: 6750 ns, At safepoint: 7375 ns, Total: 40625 ns
[2025-09-17T06:53:42.362+0000][187][info ][safepoint   ] Safepoint "Cleanup", Time since last: 9870148629 ns, Reaching safepoint: 322000 ns, Cleanup: 72875 ns, At safepoint: 24625 ns, Total: 419500 ns
[2025-09-17T06:53:45.371+0000][187][info ][safepoint   ] Safepoint "Cleanup", Time since last: 3009167460 ns, Reaching safepoint: 154166 ns, Cleanup: 34709 ns, At safepoint: 14666 ns, Total: 203541 ns
[2025-09-17T06:53:47.378+0000][187][info ][safepoint   ] Safepoint "Cleanup", Time since last: 2003073418 ns, Reaching safepoint: 3986833 ns, Cleanup: 37417 ns, At safepoint: 19750 ns, Total: 4044000 ns
[2025-09-17T06:53:48.861+0000][187][info ][safepoint   ] Safepoint "Cleanup", Time since last: 1482290626 ns, Reaching safepoint: 19750 ns, Cleanup: 99916 ns, At safepoint: 17542 ns, Total: 137208 ns
[2025-09-17T06:53:50.866+0000][187][info ][safepoint   ] Safepoint "Cleanup", Time since last: 2005255293 ns, Reaching safepoint: 15166 ns, Cleanup: 21792 ns, At safepoint: 9500 ns, Total: 46458 ns
[2025-09-17T06:53:51.870+0000][187][info ][safepoint   ] Safepoint "Cleanup", Time since last: 1003416417 ns, Reaching safepoint: 87542 ns, Cleanup: 38333 ns, At safepoint: 26667 ns, Total: 152542 ns
[2025-09-17T06:53:53.873+0000][187][info ][safepoint   ] Safepoint "Cleanup", Time since last: 2002778001 ns, Reaching safepoint: 49041 ns, Cleanup: 29209 ns, At safepoint: 12166 ns, Total: 90416 ns
[2025-09-17T06:53:54.876+0000][187][info ][safepoint   ] Safepoint "Cleanup", Time since last: 1003616501 ns, Reaching safepoint: 116000 ns, Cleanup: 49708 ns, At safepoint: 28542 ns, Total: 194250 ns
[2025-09-17T06:54:07.907+0000][187][info ][safepoint   ] Safepoint "Cleanup", Time since last: 13030714631 ns, Reaching safepoint: 133458 ns, Cleanup: 111875 ns, At safepoint: 33584 ns, Total: 278917 ns
[2025-09-17T06:54:15.926+0000][187][info ][safepoint   ] Safepoint "Cleanup", Time since last: 8018308711 ns, Reaching safepoint: 353708 ns, Cleanup: 49042 ns, At safepoint: 25542 ns, Total: 428292 ns
[2025-09-17T06:54:19.944+0000][187][info ][safepoint   ] Safepoint "Cleanup", Time since last: 4017127710 ns, Reaching safepoint: 86750 ns, Cleanup: 43375 ns, At safepoint: 15916 ns, Total: 146041 ns
[2025-09-17T06:54:20.947+0000][187][info ][safepoint   ] Safepoint "Cleanup", Time since last: 1002922918 ns, Reaching safepoint: 32041 ns, Cleanup: 12834 ns, At safepoint: 12833 ns, Total: 57708 ns
[2025-09-17T06:54:24.952+0000][187][info ][safepoint   ] Safepoint "Cleanup", Time since last: 4004982585 ns, Reaching safepoint: 195334 ns, Cleanup: 59166 ns, At safepoint: 26625 ns, Total: 281125 ns
[2025-09-17T06:54:26.964+0000][187][info ][safepoint   ] Safepoint "Cleanup", Time since last: 2012458418 ns, Reaching safepoint: 98625 ns, Cleanup: 66125 ns, At safepoint: 27750 ns, Total: 192500 ns
[2025-09-17T06:54:30.984+0000][187][info ][safepoint   ] Safepoint "Cleanup", Time since last: 4019599085 ns, Reaching safepoint: 91917 ns, Cleanup: 62791 ns, At safepoint: 21334 ns, Total: 176042 ns
[2025-09-17T06:54:38.389+0000][187][info ][safepoint   ] Safepoint "Cleanup", Time since last: 7404672253 ns, Reaching safepoint: 48083 ns, Cleanup: 66625 ns, At safepoint: 19875 ns, Total: 134583 ns
[2025-09-17T06:54:45.404+0000][187][info ][safepoint   ] Safepoint "Cleanup", Time since last: 7014760295 ns, Reaching safepoint: 70208 ns, Cleanup: 16875 ns, At safepoint: 14959 ns, Total: 102042 ns
[2025-09-17T06:54:50.404+0000][187][info ][safepoint   ] Safepoint "Cleanup", Time since last: 5000303960 ns, Reaching safepoint: 5084 ns, Cleanup: 12583 ns, At safepoint: 5458 ns, Total: 23125 ns
[2025-09-17T06:54:52.122+0000][187][info ][safepoint   ] Safepoint "Cleanup", Time since last: 1717457668 ns, Reaching safepoint: 16000 ns, Cleanup: 73500 ns, At safepoint: 20917 ns, Total: 110417 ns
[2025-09-17T06:54:54.130+0000][187][info ][safepoint   ] Safepoint "Cleanup", Time since last: 2008387917 ns, Reaching safepoint: 93083 ns, Cleanup: 60125 ns, At safepoint: 14292 ns, Total: 167500 ns
[2025-09-17T06:54:56.134+0000][187][info ][safepoint   ] Safepoint "Cleanup", Time since last: 2003714668 ns, Reaching safepoint: 64291 ns, Cleanup: 19375 ns, At safepoint: 17459 ns, Total: 101125 ns
[2025-09-17T06:54:57.143+0000][187][info ][safepoint   ] Safepoint "Cleanup", Time since last: 1008715875 ns, Reaching safepoint: 82084 ns, Cleanup: 30166 ns, At safepoint: 35209 ns, Total: 147459 ns
[2025-09-17T06:55:01.149+0000][187][info ][safepoint   ] Safepoint "Cleanup", Time since last: 4005455752 ns, Reaching safepoint: 127583 ns, Cleanup: 74750 ns, At safepoint: 23125 ns, Total: 225458 ns
[2025-09-17T06:55:02.151+0000][187][info ][safepoint   ] Safepoint "Cleanup", Time since last: 1001607750 ns, Reaching safepoint: 117917 ns, Cleanup: 57625 ns, At safepoint: 29458 ns, Total: 205000 ns
[2025-09-17T06:55:03.152+0000][187][info ][safepoint   ] Safepoint "Cleanup", Time since last: 1001720626 ns, Reaching safepoint: 54625 ns, Cleanup: 37583 ns, At safepoint: 14917 ns, Total: 107125 ns
[2025-09-17T06:55:05.155+0000][187][info ][safepoint   ] Safepoint "Cleanup", Time since last: 2002471751 ns, Reaching safepoint: 66166 ns, Cleanup: 41375 ns, At safepoint: 11584 ns, Total: 119125 ns
[2025-09-17T06:55:06.157+0000][187][info ][safepoint   ] Safepoint "Cleanup", Time since last: 1001620834 ns, Reaching safepoint: 143875 ns, Cleanup: 60625 ns, At safepoint: 28041 ns, Total: 232541 ns
[2025-09-17T06:55:07.160+0000][187][info ][safepoint   ] Safepoint "Cleanup", Time since last: 1002828792 ns, Reaching safepoint: 20375 ns, Cleanup: 19542 ns, At safepoint: 5875 ns, Total: 45792 ns
[2025-09-17T06:55:08.162+0000][187][info ][safepoint   ] Safepoint "Cleanup", Time since last: 1002075208 ns, Reaching safepoint: 567667 ns, Cleanup: 30375 ns, At safepoint: 31542 ns, Total: 629584 ns
[2025-09-17T06:55:10.167+0000][187][info ][safepoint   ] Safepoint "Cleanup", Time since last: 2004052709 ns, Reaching safepoint: 100583 ns, Cleanup: 54667 ns, At safepoint: 18166 ns, Total: 173416 ns
[2025-09-17T06:55:12.169+0000][187][info ][safepoint   ] Safepoint "Cleanup", Time since last: 2002607543 ns, Reaching safepoint: 128917 ns, Cleanup: 29916 ns, At safepoint: 16584 ns, Total: 175417 ns
[2025-09-17T06:55:13.172+0000][187][info ][safepoint   ] Safepoint "Cleanup", Time since last: 1002298875 ns, Reaching safepoint: 152542 ns, Cleanup: 67875 ns, At safepoint: 26083 ns, Total: 246500 ns
[2025-09-17T06:55:15.178+0000][187][info ][safepoint   ] Safepoint "Cleanup", Time since last: 2005999001 ns, Reaching safepoint: 163750 ns, Cleanup: 70667 ns, At safepoint: 15875 ns, Total: 250292 ns
[2025-09-17T06:55:16.180+0000][187][info ][safepoint   ] Safepoint "Cleanup", Time since last: 1001964459 ns, Reaching safepoint: 82916 ns, Cleanup: 50292 ns, At safepoint: 15792 ns, Total: 149000 ns
[2025-09-17T06:55:17.182+0000][187][info ][safepoint   ] Safepoint "Cleanup", Time since last: 1001695042 ns, Reaching safepoint: 88000 ns, Cleanup: 77583 ns, At safepoint: 31500 ns, Total: 197083 ns
[2025-09-17T06:55:21.196+0000][187][info ][safepoint   ] Safepoint "Cleanup", Time since last: 4013778877 ns, Reaching safepoint: 112375 ns, Cleanup: 76333 ns, At safepoint: 27209 ns, Total: 215917 ns
[2025-09-17T06:55:22.205+0000][187][info ][safepoint   ] Safepoint "Cleanup", Time since last: 1007373959 ns, Reaching safepoint: 874208 ns, Cleanup: 61708 ns, At safepoint: 68875 ns, Total: 1004791 ns
[2025-09-17T06:55:23.206+0000][187][info ][safepoint   ] Safepoint "Cleanup", Time since last: 1001414417 ns, Reaching safepoint: 97625 ns, Cleanup: 83667 ns, At safepoint: 26500 ns, Total: 207792 ns
[2025-09-17T06:55:24.213+0000][187][info ][safepoint   ] Safepoint "Cleanup", Time since last: 1006765709 ns, Reaching safepoint: 20667 ns, Cleanup: 20083 ns, At safepoint: 12750 ns, Total: 53500 ns
[2025-09-17T06:55:30.229+0000][187][info ][safepoint   ] Safepoint "Cleanup", Time since last: 6015804919 ns, Reaching safepoint: 76500 ns, Cleanup: 40792 ns, At safepoint: 13125 ns, Total: 130417 ns
[2025-09-17T06:55:35.236+0000][187][info ][safepoint   ] Safepoint "Cleanup", Time since last: 5006481544 ns, Reaching safepoint: 104333 ns, Cleanup: 94834 ns, At safepoint: 29416 ns, Total: 228583 ns
[2025-09-17T06:55:38.505+0000][187][info ][safepoint   ] Safepoint "Cleanup", Time since last: 3269248334 ns, Reaching safepoint: 73417 ns, Cleanup: 50167 ns, At safepoint: 17916 ns, Total: 141500 ns
[2025-09-17T06:55:40.512+0000][187][info ][safepoint   ] Safepoint "Cleanup", Time since last: 2006109876 ns, Reaching safepoint: 81584 ns, Cleanup: 36791 ns, At safepoint: 16000 ns, Total: 134375 ns
[2025-09-17T06:55:50.534+0000][187][info ][safepoint   ] Safepoint "Cleanup", Time since last: 10021996588 ns, Reaching safepoint: 78084 ns, Cleanup: 50041 ns, At safepoint: 22959 ns, Total: 151084 ns
[2025-09-17T06:55:53.432+0000][187][info ][safepoint   ] Safepoint "Cleanup", Time since last: 2897006043 ns, Reaching safepoint: 1077958 ns, Cleanup: 6542 ns, At safepoint: 12625 ns, Total: 1097125 ns
[2025-09-17T06:55:55.349+0000][187][info ][safepoint   ] Safepoint "Cleanup", Time since last: 1916673917 ns, Reaching safepoint: 10250 ns, Cleanup: 121292 ns, At safepoint: 11667 ns, Total: 143209 ns
[2025-09-17T06:55:58.358+0000][187][info ][safepoint   ] Safepoint "Cleanup", Time since last: 3009525209 ns, Reaching safepoint: 96792 ns, Cleanup: 45417 ns, At safepoint: 26750 ns, Total: 168959 ns
[2025-09-17T06:56:00.364+0000][187][info ][safepoint   ] Safepoint "Cleanup", Time since last: 2005981959 ns, Reaching safepoint: 83333 ns, Cleanup: 36375 ns, At safepoint: 16292 ns, Total: 136000 ns
[2025-09-17T06:56:03.372+0000][187][info ][safepoint   ] Safepoint "Cleanup", Time since last: 3007736002 ns, Reaching safepoint: 131250 ns, Cleanup: 120291 ns, At safepoint: 23584 ns, Total: 275125 ns
[2025-09-17T06:56:06.377+0000][187][info ][safepoint   ] Safepoint "Cleanup", Time since last: 3004141334 ns, Reaching safepoint: 68042 ns, Cleanup: 29292 ns, At safepoint: 12166 ns, Total: 109500 ns
[2025-09-17T06:56:07.378+0000][187][info ][safepoint   ] Safepoint "Cleanup", Time since last: 1001392209 ns, Reaching safepoint: 81875 ns, Cleanup: 70250 ns, At safepoint: 18417 ns, Total: 170542 ns
[2025-09-17T06:56:09.388+0000][187][info ][safepoint   ] Safepoint "Cleanup", Time since last: 2009398084 ns, Reaching safepoint: 119000 ns, Cleanup: 33791 ns, At safepoint: 30834 ns, Total: 183625 ns
[2025-09-17T06:56:12.392+0000][187][info ][safepoint   ] Safepoint "Cleanup", Time since last: 3004152043 ns, Reaching safepoint: 112042 ns, Cleanup: 19583 ns, At safepoint: 12708 ns, Total: 144333 ns
[2025-09-17T06:56:16.404+0000][187][info ][safepoint   ] Safepoint "Cleanup", Time since last: 4011361960 ns, Reaching safepoint: 107625 ns, Cleanup: 29167 ns, At safepoint: 44333 ns, Total: 181125 ns
[2025-09-17T06:56:21.417+0000][187][info ][safepoint   ] Safepoint "Cleanup", Time since last: 5013103420 ns, Reaching safepoint: 26041 ns, Cleanup: 16542 ns, At safepoint: 10083 ns, Total: 52666 ns
[2025-09-17T06:56:35.459+0000][187][info ][safepoint   ] Safepoint "Cleanup", Time since last: 14041616465 ns, Reaching safepoint: 88000 ns, Cleanup: 44334 ns, At safepoint: 13916 ns, Total: 146250 ns
[2025-09-17T06:56:37.633+0000][187][info ][safepoint   ] Safepoint "Cleanup", Time since last: 2174040668 ns, Reaching safepoint: 95917 ns, Cleanup: 64875 ns, At safepoint: 16666 ns, Total: 177458 ns
[2025-09-17T06:56:47.658+0000][187][info ][safepoint   ] Safepoint "Cleanup", Time since last: 10025228337 ns, Reaching safepoint: 142000 ns, Cleanup: 45084 ns, At safepoint: 26125 ns, Total: 213209 ns
[2025-09-17T06:56:55.670+0000][187][info ][safepoint   ] Safepoint "Cleanup", Time since last: 8011334379 ns, Reaching safepoint: 121416 ns, Cleanup: 48459 ns, At safepoint: 25916 ns, Total: 195791 ns
[2025-09-17T06:56:57.475+0000][187][info ][safepoint   ] Safepoint "Cleanup", Time since last: 1804455459 ns, Reaching safepoint: 71834 ns, Cleanup: 64333 ns, At safepoint: 34167 ns, Total: 170334 ns
[2025-09-17T06:56:58.562+0000][187][info ][safepoint   ] Safepoint "Cleanup", Time since last: 1087605250 ns, Reaching safepoint: 19125 ns, Cleanup: 62209 ns, At safepoint: 12583 ns, Total: 93917 ns
[2025-09-17T06:57:10.603+0000][187][info ][safepoint   ] Safepoint "Cleanup", Time since last: 12040798755 ns, Reaching safepoint: 55708 ns, Cleanup: 20625 ns, At safepoint: 10750 ns, Total: 87083 ns
[2025-09-17T06:57:13.611+0000][187][info ][safepoint   ] Safepoint "Cleanup", Time since last: 3007584752 ns, Reaching safepoint: 202625 ns, Cleanup: 28791 ns, At safepoint: 15834 ns, Total: 247250 ns
[2025-09-17T06:57:15.612+0000][187][info ][safepoint   ] Safepoint "Cleanup", Time since last: 2000909334 ns, Reaching safepoint: 92500 ns, Cleanup: 65208 ns, At safepoint: 19292 ns, Total: 177000 ns
[2025-09-17T06:57:20.633+0000][187][info ][safepoint   ] Safepoint "Cleanup", Time since last: 5021125586 ns, Reaching safepoint: 170916 ns, Cleanup: 40292 ns, At safepoint: 19875 ns, Total: 231083 ns
[2025-09-17T06:57:25.653+0000][187][info ][safepoint   ] Safepoint "Cleanup", Time since last: 5019337503 ns, Reaching safepoint: 71125 ns, Cleanup: 39041 ns, At safepoint: 12375 ns, Total: 122541 ns
[2025-09-17T06:57:27.661+0000][187][info ][safepoint   ] Safepoint "Cleanup", Time since last: 2008024668 ns, Reaching safepoint: 54833 ns, Cleanup: 47833 ns, At safepoint: 19584 ns, Total: 122250 ns
[2025-09-17T06:57:35.443+0000][187][info ][safepoint   ] Safepoint "Cleanup", Time since last: 7781905462 ns, Reaching safepoint: 4750 ns, Cleanup: 11292 ns, At safepoint: 6416 ns, Total: 22458 ns
[2025-09-17T06:57:36.661+0000][187][info ][safepoint   ] Safepoint "Cleanup", Time since last: 1217816126 ns, Reaching safepoint: 16791 ns, Cleanup: 82000 ns, At safepoint: 12875 ns, Total: 111666 ns
[2025-09-17T06:57:38.442+0000][187][info ][safepoint   ] Safepoint "Cleanup", Time since last: 1780449917 ns, Reaching safepoint: 5417 ns, Cleanup: 9666 ns, At safepoint: 6250 ns, Total: 21333 ns
[2025-09-17T06:57:39.729+0000][187][info ][safepoint   ] Safepoint "Cleanup", Time since last: 1286982501 ns, Reaching safepoint: 120042 ns, Cleanup: 64750 ns, At safepoint: 45250 ns, Total: 230042 ns
[2025-09-17T06:57:40.984+0000][187][info ][safepoint   ] Safepoint "Cleanup", Time since last: 1255520625 ns, Reaching safepoint: 4250 ns, Cleanup: 7750 ns, At safepoint: 4959 ns, Total: 16959 ns
[2025-09-17T06:57:41.986+0000][187][info ][safepoint   ] Safepoint "Cleanup", Time since last: 1001500125 ns, Reaching safepoint: 20750 ns, Cleanup: 11750 ns, At safepoint: 7500 ns, Total: 40000 ns
[2025-09-17T06:57:45.991+0000][187][info ][safepoint   ] Safepoint "Cleanup", Time since last: 4004759127 ns, Reaching safepoint: 114542 ns, Cleanup: 81125 ns, At safepoint: 20791 ns, Total: 216458 ns
[2025-09-17T06:57:46.993+0000][187][info ][safepoint   ] Safepoint "Cleanup", Time since last: 1001954084 ns, Reaching safepoint: 151625 ns, Cleanup: 38542 ns, At safepoint: 19583 ns, Total: 209750 ns
[2025-09-17T06:57:47.995+0000][187][info ][safepoint   ] Safepoint "Cleanup", Time since last: 1001779126 ns, Reaching safepoint: 201083 ns, Cleanup: 43250 ns, At safepoint: 24917 ns, Total: 269250 ns
[2025-09-17T06:57:50.999+0000][187][info ][safepoint   ] Safepoint "Cleanup", Time since last: 3003763751 ns, Reaching safepoint: 77125 ns, Cleanup: 42042 ns, At safepoint: 9833 ns, Total: 129000 ns
[2025-09-17T06:57:58.011+0000][187][info ][safepoint   ] Safepoint "Cleanup", Time since last: 7011405628 ns, Reaching safepoint: 110167 ns, Cleanup: 53167 ns, At safepoint: 47583 ns, Total: 210917 ns
[2025-09-17T06:57:59.458+0000][187][info ][safepoint   ] Safepoint "Cleanup", Time since last: 1447368626 ns, Reaching safepoint: 8708 ns, Cleanup: 21667 ns, At safepoint: 13541 ns, Total: 43916 ns
[2025-09-17T06:58:00.921+0000][187][info ][safepoint   ] Safepoint "Cleanup", Time since last: 1462928668 ns, Reaching safepoint: 13208 ns, Cleanup: 91125 ns, At safepoint: 12250 ns, Total: 116583 ns
[2025-09-17T06:58:05.936+0000][187][info ][safepoint   ] Safepoint "Cleanup", Time since last: 5014771252 ns, Reaching safepoint: 127500 ns, Cleanup: 68792 ns, At safepoint: 36458 ns, Total: 232750 ns
[2025-09-17T06:58:07.939+0000][187][info ][safepoint   ] Safepoint "Cleanup", Time since last: 2002814626 ns, Reaching safepoint: 53459 ns, Cleanup: 71833 ns, At safepoint: 23292 ns, Total: 148584 ns
[2025-09-17T06:58:10.943+0000][187][info ][safepoint   ] Safepoint "Cleanup", Time since last: 3003840376 ns, Reaching safepoint: 34083 ns, Cleanup: 19417 ns, At safepoint: 16375 ns, Total: 69875 ns
[2025-09-17T06:58:17.960+0000][187][info ][safepoint   ] Safepoint "Cleanup", Time since last: 7017142211 ns, Reaching safepoint: 96334 ns, Cleanup: 53708 ns, At safepoint: 16375 ns, Total: 166417 ns
[2025-09-17T06:58:21.971+0000][187][info ][safepoint   ] Safepoint "Cleanup", Time since last: 4010824877 ns, Reaching safepoint: 112333 ns, Cleanup: 50917 ns, At safepoint: 20625 ns, Total: 183875 ns
[2025-09-17T06:58:26.987+0000][187][info ][safepoint   ] Safepoint "Cleanup", Time since last: 5015800544 ns, Reaching safepoint: 112666 ns, Cleanup: 54459 ns, At safepoint: 15291 ns, Total: 182416 ns
[2025-09-17T06:58:30.993+0000][187][info ][safepoint   ] Safepoint "Cleanup", Time since last: 4005651127 ns, Reaching safepoint: 108125 ns, Cleanup: 19250 ns, At safepoint: 12459 ns, Total: 139834 ns
[2025-09-17T06:58:31.998+0000][187][info ][safepoint   ] Safepoint "Cleanup", Time since last: 1004681625 ns, Reaching safepoint: 158125 ns, Cleanup: 60834 ns, At safepoint: 21916 ns, Total: 240875 ns
[2025-09-17T06:58:50.709+0000][187][info ][safepoint   ] Safepoint "Cleanup", Time since last: 18710732925 ns, Reaching safepoint: 93292 ns, Cleanup: 122125 ns, At safepoint: 28000 ns, Total: 243417 ns
[2025-09-17T06:58:52.714+0000][187][info ][safepoint   ] Safepoint "Cleanup", Time since last: 2004766459 ns, Reaching safepoint: 132250 ns, Cleanup: 70958 ns, At safepoint: 19667 ns, Total: 222875 ns
[2025-09-17T06:58:53.716+0000][187][info ][safepoint   ] Safepoint "Cleanup", Time since last: 1001621417 ns, Reaching safepoint: 22917 ns, Cleanup: 20542 ns, At safepoint: 12208 ns, Total: 55667 ns
[2025-09-17T06:58:57.723+0000][187][info ][safepoint   ] Safepoint "Cleanup", Time since last: 4007362627 ns, Reaching safepoint: 120833 ns, Cleanup: 46542 ns, At safepoint: 20917 ns, Total: 188292 ns
[2025-09-17T06:59:02.496+0000][187][info ][safepoint   ] Safepoint "Cleanup", Time since last: 4772365918 ns, Reaching safepoint: 5000 ns, Cleanup: 12084 ns, At safepoint: 5750 ns, Total: 22834 ns
[2025-09-17T06:59:04.135+0000][187][info ][safepoint   ] Safepoint "Cleanup", Time since last: 1639172917 ns, Reaching safepoint: 10375 ns, Cleanup: 116792 ns, At safepoint: 24250 ns, Total: 151417 ns
[2025-09-17T06:59:07.144+0000][187][info ][safepoint   ] Safepoint "Cleanup", Time since last: 3008567710 ns, Reaching safepoint: 48375 ns, Cleanup: 21625 ns, At safepoint: 14458 ns, Total: 84458 ns
[2025-09-17T06:59:08.148+0000][187][info ][safepoint   ] Safepoint "Cleanup", Time since last: 1004238125 ns, Reaching safepoint: 120083 ns, Cleanup: 56125 ns, At safepoint: 15167 ns, Total: 191375 ns
[2025-09-17T06:59:11.153+0000][187][info ][safepoint   ] Safepoint "Cleanup", Time since last: 3004996543 ns, Reaching safepoint: 110375 ns, Cleanup: 15666 ns, At safepoint: 7917 ns, Total: 133958 ns
[2025-09-17T06:59:21.172+0000][187][info ][safepoint   ] Safepoint "Cleanup", Time since last: 10017944963 ns, Reaching safepoint: 194167 ns, Cleanup: 27541 ns, At safepoint: 50292 ns, Total: 272000 ns
[2025-09-17T06:59:22.172+0000][187][info ][safepoint   ] Safepoint "Cleanup", Time since last: 1000572376 ns, Reaching safepoint: 17333 ns, Cleanup: 16792 ns, At safepoint: 5083 ns, Total: 39208 ns
[2025-09-17T06:59:25.177+0000][187][info ][safepoint   ] Safepoint "Cleanup", Time since last: 3005035043 ns, Reaching safepoint: 63083 ns, Cleanup: 27584 ns, At safepoint: 28916 ns, Total: 119583 ns
[2025-09-17T06:59:31.187+0000][187][info ][safepoint   ] Safepoint "Cleanup", Time since last: 6009553628 ns, Reaching safepoint: 34500 ns, Cleanup: 33083 ns, At safepoint: 25084 ns, Total: 92667 ns
[2025-09-17T06:59:32.191+0000][187][info ][safepoint   ] Safepoint "Cleanup", Time since last: 1002281209 ns, Reaching safepoint: 1268458 ns, Cleanup: 18125 ns, At safepoint: 11417 ns, Total: 1298000 ns
[2025-09-17T06:59:37.803+0000][187][info ][safepoint   ] Safepoint "Cleanup", Time since last: 5612390252 ns, Reaching safepoint: 97000 ns, Cleanup: 83917 ns, At safepoint: 14625 ns, Total: 195542 ns
[2025-09-17T06:59:40.826+0000][187][info ][safepoint   ] Safepoint "Cleanup", Time since last: 3023064042 ns, Reaching safepoint: 103667 ns, Cleanup: 54083 ns, At safepoint: 18000 ns, Total: 175750 ns
[2025-09-17T06:59:45.852+0000][187][info ][safepoint   ] Safepoint "Cleanup", Time since last: 5025140086 ns, Reaching safepoint: 17917 ns, Cleanup: 13125 ns, At safepoint: 6167 ns, Total: 37209 ns
[2025-09-17T06:59:46.853+0000][187][info ][safepoint   ] Safepoint "Cleanup", Time since last: 1001555000 ns, Reaching safepoint: 87375 ns, Cleanup: 46417 ns, At safepoint: 26791 ns, Total: 160583 ns
[2025-09-17T06:59:50.878+0000][187][info ][safepoint   ] Safepoint "Cleanup", Time since last: 4024830627 ns, Reaching safepoint: 124709 ns, Cleanup: 36500 ns, At safepoint: 27166 ns, Total: 188375 ns
[2025-09-17T06:59:53.884+0000][187][info ][safepoint   ] Safepoint "Cleanup", Time since last: 3005836627 ns, Reaching safepoint: 109500 ns, Cleanup: 46916 ns, At safepoint: 26625 ns, Total: 183041 ns
[2025-09-17T06:59:56.898+0000][187][info ][safepoint   ] Safepoint "Cleanup", Time since last: 3013109418 ns, Reaching safepoint: 30042 ns, Cleanup: 30458 ns, At safepoint: 12709 ns, Total: 73209 ns
[2025-09-17T07:00:00.918+0000][187][info ][safepoint   ] Safepoint "Cleanup", Time since last: 4019843210 ns, Reaching safepoint: 105083 ns, Cleanup: 50875 ns, At safepoint: 26375 ns, Total: 182333 ns
[2025-09-17T07:00:05.504+0000][187][info ][safepoint   ] Safepoint "Cleanup", Time since last: 4586284919 ns, Reaching safepoint: 5334 ns, Cleanup: 5541 ns, At safepoint: 5709 ns, Total: 16584 ns
[2025-09-17T07:00:06.335+0000][187][info ][gc,start    ] GC(25) Pause Young (Mixed) (G1 Evacuation Pause)
[2025-09-17T07:00:06.335+0000][187][info ][gc,task     ] GC(25) Using 8 workers of 8 for evacuation
[2025-09-17T07:00:06.335+0000][187][debug][gc,age      ] GC(25) Desired survivor size 41943040 bytes, new threshold 15 (max threshold 15)
[2025-09-17T07:00:06.382+0000][187][info ][gc,phases   ] GC(25)   Pre Evacuate Collection Set: 0.58ms
[2025-09-17T07:00:06.382+0000][187][info ][gc,phases   ] GC(25)   Merge Heap Roots: 0.19ms
[2025-09-17T07:00:06.382+0000][187][info ][gc,phases   ] GC(25)   Evacuate Collection Set: 41.33ms
[2025-09-17T07:00:06.382+0000][187][info ][gc,phases   ] GC(25)   Post Evacuate Collection Set: 4.55ms
[2025-09-17T07:00:06.382+0000][187][info ][gc,phases   ] GC(25)   Other: 0.30ms
[2025-09-17T07:00:06.382+0000][187][trace][gc,age      ] GC(25) Age table with threshold 15 (max threshold 15)
[2025-09-17T07:00:06.382+0000][187][trace][gc,age      ] GC(25) - age   1:     903664 bytes,     903664 total
[2025-09-17T07:00:06.382+0000][187][trace][gc,age      ] GC(25) - age   2:     149464 bytes,    1053128 total
[2025-09-17T07:00:06.382+0000][187][trace][gc,age      ] GC(25) - age   3:    1178736 bytes,    2231864 total
[2025-09-17T07:00:06.382+0000][187][trace][gc,age      ] GC(25) - age   4:    1388248 bytes,    3620112 total
[2025-09-17T07:00:06.382+0000][187][trace][gc,age      ] GC(25) - age   5:    3348168 bytes,    6968280 total
[2025-09-17T07:00:06.382+0000][187][trace][gc,age      ] GC(25) - age   6:    3589032 bytes,   10557312 total
[2025-09-17T07:00:06.382+0000][187][trace][gc,age      ] GC(25) - age   7:    2116896 bytes,   12674208 total
[2025-09-17T07:00:06.382+0000][187][trace][gc,age      ] GC(25) - age   8:   18609392 bytes,   31283600 total
[2025-09-17T07:00:06.382+0000][187][trace][gc,age      ] GC(25) - age   9:     224192 bytes,   31507792 total
[2025-09-17T07:00:06.382+0000][187][info ][gc,heap     ] GC(25) Eden regions: 144->0(144)
[2025-09-17T07:00:06.382+0000][187][info ][gc,heap     ] GC(25) Survivor regions: 9->9(20)
[2025-09-17T07:00:06.382+0000][187][info ][gc,heap     ] GC(25) Old regions: 29->29
[2025-09-17T07:00:06.382+0000][187][info ][gc,heap     ] GC(25) Humongous regions: 2->2
[2025-09-17T07:00:06.383+0000][187][info ][gc,metaspace] GC(25) Metaspace: 159481K(163904K)->159481K(163904K) NonClass: 137640K(140032K)->137640K(140032K) Class: 21840K(23872K)->21840K(23872K)
[2025-09-17T07:00:06.383+0000][187][info ][gc          ] GC(25) Pause Young (Mixed) (G1 Evacuation Pause) 731M->155M(1024M) 48.049ms
[2025-09-17T07:00:06.383+0000][187][info ][gc,cpu      ] GC(25) User=0.33s Sys=0.01s Real=0.05s
[2025-09-17T07:00:06.383+0000][187][info ][safepoint   ] Safepoint "G1CollectForAllocation", Time since last: 830618083 ns, Reaching safepoint: 8917 ns, Cleanup: 44833 ns, At safepoint: 48234209 ns, Total: 48287959 ns
[2025-09-17T07:00:07.392+0000][187][info ][safepoint   ] Safepoint "Cleanup", Time since last: 1008834292 ns, Reaching safepoint: 10791 ns, Cleanup: 26500 ns, At safepoint: 8834 ns, Total: 46125 ns
[2025-09-17T07:00:11.404+0000][187][info ][safepoint   ] Safepoint "Cleanup", Time since last: 4010809751 ns, Reaching safepoint: 685500 ns, Cleanup: 120000 ns, At safepoint: 36792 ns, Total: 842292 ns
[2025-09-17T07:00:25.434+0000][187][info ][safepoint   ] Safepoint "Cleanup", Time since last: 14030453465 ns, Reaching safepoint: 80208 ns, Cleanup: 25000 ns, At safepoint: 16292 ns, Total: 121500 ns
[2025-09-17T07:00:35.471+0000][187][info ][safepoint   ] Safepoint "Cleanup", Time since last: 10036591546 ns, Reaching safepoint: 95542 ns, Cleanup: 43792 ns, At safepoint: 25333 ns, Total: 164667 ns
[2025-09-17T07:00:37.974+0000][187][info ][safepoint   ] Safepoint "Cleanup", Time since last: 2503231001 ns, Reaching safepoint: 105625 ns, Cleanup: 46500 ns, At safepoint: 23042 ns, Total: 175167 ns
[2025-09-17T07:00:38.976+0000][187][info ][safepoint   ] Safepoint "Cleanup", Time since last: 1001619958 ns, Reaching safepoint: 82667 ns, Cleanup: 37542 ns, At safepoint: 16333 ns, Total: 136542 ns
[2025-09-17T07:00:40.989+0000][187][info ][safepoint   ] Safepoint "Cleanup", Time since last: 2012621626 ns, Reaching safepoint: 89792 ns, Cleanup: 33041 ns, At safepoint: 15250 ns, Total: 138083 ns
[2025-09-17T07:00:45.011+0000][187][info ][safepoint   ] Safepoint "Cleanup", Time since last: 4022380377 ns, Reaching safepoint: 154833 ns, Cleanup: 92417 ns, At safepoint: 25625 ns, Total: 272875 ns
[2025-09-17T07:00:46.024+0000][187][info ][safepoint   ] Safepoint "Cleanup", Time since last: 1012065792 ns, Reaching safepoint: 351625 ns, Cleanup: 72709 ns, At safepoint: 28583 ns, Total: 452917 ns
[2025-09-17T07:00:48.033+0000][187][info ][safepoint   ] Safepoint "Cleanup", Time since last: 2008598459 ns, Reaching safepoint: 173417 ns, Cleanup: 76333 ns, At safepoint: 29834 ns, Total: 279584 ns
[2025-09-17T07:01:03.068+0000][187][info ][safepoint   ] Safepoint "Cleanup", Time since last: 15035596173 ns, Reaching safepoint: 183917 ns, Cleanup: 54000 ns, At safepoint: 23750 ns, Total: 261667 ns
[2025-09-17T07:01:07.073+0000][187][info ][safepoint   ] Safepoint "Cleanup", Time since last: 4004721960 ns, Reaching safepoint: 37667 ns, Cleanup: 16542 ns, At safepoint: 30625 ns, Total: 84834 ns
[2025-09-17T07:01:08.079+0000][187][info ][safepoint   ] Safepoint "Cleanup", Time since last: 1005619000 ns, Reaching safepoint: 93083 ns, Cleanup: 62750 ns, At safepoint: 22875 ns, Total: 178708 ns
[2025-09-17T07:01:09.556+0000][187][info ][safepoint   ] Safepoint "Cleanup", Time since last: 1476154667 ns, Reaching safepoint: 46291 ns, Cleanup: 72959 ns, At safepoint: 21708 ns, Total: 140958 ns
[2025-09-17T07:01:10.613+0000][187][info ][safepoint   ] Safepoint "Cleanup", Time since last: 1056854917 ns, Reaching safepoint: 24500 ns, Cleanup: 57584 ns, At safepoint: 4166 ns, Total: 86250 ns
[2025-09-17T07:01:11.616+0000][187][info ][safepoint   ] Safepoint "Cleanup", Time since last: 1003085042 ns, Reaching safepoint: 112250 ns, Cleanup: 55542 ns, At safepoint: 31625 ns, Total: 199417 ns
[2025-09-17T07:01:46.026+0000][187][info ][safepoint   ] Safepoint "Cleanup", Time since last: 34410130641 ns, Reaching safepoint: 111250 ns, Cleanup: 51667 ns, At safepoint: 73375 ns, Total: 236292 ns
[2025-09-17T07:01:51.041+0000][187][info ][safepoint   ] Safepoint "Cleanup", Time since last: 5013010627 ns, Reaching safepoint: 1436917 ns, Cleanup: 86875 ns, At safepoint: 52333 ns, Total: 1576125 ns
[2025-09-17T07:01:53.049+0000][187][info ][safepoint   ] Safepoint "Cleanup", Time since last: 2007805751 ns, Reaching safepoint: 80000 ns, Cleanup: 28750 ns, At safepoint: 15459 ns, Total: 124209 ns
[2025-09-17T07:01:56.065+0000][187][info ][safepoint   ] Safepoint "Cleanup", Time since last: 3016154418 ns, Reaching safepoint: 154333 ns, Cleanup: 46333 ns, At safepoint: 30792 ns, Total: 231458 ns
[2025-09-17T07:01:58.069+0000][187][info ][safepoint   ] Safepoint "Cleanup", Time since last: 2003105376 ns, Reaching safepoint: 100875 ns, Cleanup: 78625 ns, At safepoint: 22917 ns, Total: 202417 ns
[2025-09-17T07:02:06.080+0000][187][info ][safepoint   ] Safepoint "Cleanup", Time since last: 8011444420 ns, Reaching safepoint: 89000 ns, Cleanup: 39083 ns, At safepoint: 15500 ns, Total: 143583 ns
[2025-09-17T07:02:07.082+0000][187][info ][safepoint   ] Safepoint "Cleanup", Time since last: 1001944834 ns, Reaching safepoint: 23125 ns, Cleanup: 14292 ns, At safepoint: 11167 ns, Total: 48584 ns
[2025-09-17T07:02:11.566+0000][187][info ][safepoint   ] Safepoint "Cleanup", Time since last: 4483308585 ns, Reaching safepoint: 5666 ns, Cleanup: 9125 ns, At safepoint: 8000 ns, Total: 22791 ns
[2025-09-17T07:02:12.804+0000][187][info ][safepoint   ] Safepoint "Cleanup", Time since last: 1237831084 ns, Reaching safepoint: 19875 ns, Cleanup: 82292 ns, At safepoint: 14417 ns, Total: 116584 ns
[2025-09-17T07:02:20.818+0000][187][info ][safepoint   ] Safepoint "Cleanup", Time since last: 8014009962 ns, Reaching safepoint: 198500 ns, Cleanup: 51583 ns, At safepoint: 29834 ns, Total: 279917 ns
[2025-09-17T07:02:23.824+0000][187][info ][safepoint   ] Safepoint "Cleanup", Time since last: 3006017834 ns, Reaching safepoint: 97459 ns, Cleanup: 18458 ns, At safepoint: 13208 ns, Total: 129125 ns
[2025-09-17T07:02:25.826+0000][187][info ][safepoint   ] Safepoint "Cleanup", Time since last: 2001811376 ns, Reaching safepoint: 294584 ns, Cleanup: 59833 ns, At safepoint: 43917 ns, Total: 398334 ns
[2025-09-17T07:02:32.838+0000][187][info ][safepoint   ] Safepoint "Cleanup", Time since last: 7011174211 ns, Reaching safepoint: 235584 ns, Cleanup: 89458 ns, At safepoint: 26333 ns, Total: 351375 ns
[2025-09-17T07:02:34.841+0000][187][info ][safepoint   ] Safepoint "Cleanup", Time since last: 2003430751 ns, Reaching safepoint: 84709 ns, Cleanup: 121791 ns, At safepoint: 30167 ns, Total: 236667 ns
[2025-09-17T07:02:35.844+0000][187][info ][safepoint   ] Safepoint "Cleanup", Time since last: 1002498625 ns, Reaching safepoint: 85417 ns, Cleanup: 46000 ns, At safepoint: 19958 ns, Total: 151375 ns
[2025-09-17T07:02:38.569+0000][187][info ][safepoint   ] Safepoint "Cleanup", Time since last: 2724619084 ns, Reaching safepoint: 6250 ns, Cleanup: 14667 ns, At safepoint: 6625 ns, Total: 27542 ns
[2025-09-17T07:02:39.899+0000][187][info ][safepoint   ] Safepoint "Cleanup", Time since last: 1330498625 ns, Reaching safepoint: 82375 ns, Cleanup: 51000 ns, At safepoint: 15500 ns, Total: 148875 ns
[2025-09-17T07:02:40.926+0000][187][info ][safepoint   ] Safepoint "Cleanup", Time since last: 1026505126 ns, Reaching safepoint: 7458 ns, Cleanup: 37583 ns, At safepoint: 20000 ns, Total: 65041 ns
[2025-09-17T07:02:41.966+0000][187][info ][safepoint   ] Safepoint "Cleanup", Time since last: 1039354084 ns, Reaching safepoint: 73375 ns, Cleanup: 35917 ns, At safepoint: 17583 ns, Total: 126875 ns
[2025-09-17T07:02:56.998+0000][187][info ][safepoint   ] Safepoint "Cleanup", Time since last: 15031637466 ns, Reaching safepoint: 917250 ns, Cleanup: 28208 ns, At safepoint: 23458 ns, Total: 968916 ns
[2025-09-17T07:03:01.004+0000][187][info ][safepoint   ] Safepoint "Cleanup", Time since last: 4005263002 ns, Reaching safepoint: 217334 ns, Cleanup: 35916 ns, At safepoint: 34500 ns, Total: 287750 ns
[2025-09-17T07:03:06.013+0000][187][info ][safepoint   ] Safepoint "Cleanup", Time since last: 5008901128 ns, Reaching safepoint: 92041 ns, Cleanup: 64875 ns, At safepoint: 28709 ns, Total: 185625 ns
[2025-09-17T07:03:08.015+0000][187][info ][safepoint   ] Safepoint "Cleanup", Time since last: 2002451751 ns, Reaching safepoint: 81250 ns, Cleanup: 76125 ns, At safepoint: 32958 ns, Total: 190333 ns
[2025-09-17T07:03:14.606+0000][187][info ][safepoint   ] Safepoint "Cleanup", Time since last: 6589898503 ns, Reaching safepoint: 753958 ns, Cleanup: 26625 ns, At safepoint: 10209 ns, Total: 790792 ns
[2025-09-17T07:03:16.087+0000][187][info ][safepoint   ] Safepoint "Cleanup", Time since last: 1480485042 ns, Reaching safepoint: 310333 ns, Cleanup: 82209 ns, At safepoint: 18875 ns, Total: 411417 ns
[2025-09-17T07:03:24.109+0000][187][info ][safepoint   ] Safepoint "Cleanup", Time since last: 8021553712 ns, Reaching safepoint: 60250 ns, Cleanup: 21791 ns, At safepoint: 11000 ns, Total: 93041 ns
[2025-09-17T07:03:29.118+0000][187][info ][safepoint   ] Safepoint "Cleanup", Time since last: 5008514669 ns, Reaching safepoint: 279834 ns, Cleanup: 86250 ns, At safepoint: 46166 ns, Total: 412250 ns
[2025-09-17T07:03:36.125+0000][187][info ][safepoint   ] Safepoint "Cleanup", Time since last: 7007430212 ns, Reaching safepoint: 113458 ns, Cleanup: 134917 ns, At safepoint: 29208 ns, Total: 277583 ns
[2025-09-17T07:03:43.125+0000][187][info ][safepoint   ] Safepoint "Cleanup", Time since last: 6999742878 ns, Reaching safepoint: 176500 ns, Cleanup: 64625 ns, At safepoint: 23000 ns, Total: 264125 ns
[2025-09-17T07:03:45.133+0000][187][info ][safepoint   ] Safepoint "Cleanup", Time since last: 2007088418 ns, Reaching safepoint: 142291 ns, Cleanup: 37959 ns, At safepoint: 27625 ns, Total: 207875 ns
[2025-09-17T07:03:51.147+0000][187][info ][safepoint   ] Safepoint "Cleanup", Time since last: 6014236294 ns, Reaching safepoint: 18167 ns, Cleanup: 19125 ns, At safepoint: 15833 ns, Total: 53125 ns
[2025-09-17T07:04:11.171+0000][187][info ][safepoint   ] Safepoint "Cleanup", Time since last: 20023993551 ns, Reaching safepoint: 187375 ns, Cleanup: 37667 ns, At safepoint: 11666 ns, Total: 236708 ns
[2025-09-17T07:04:13.173+0000][187][info ][safepoint   ] Safepoint "Cleanup", Time since last: 2002053793 ns, Reaching safepoint: 79292 ns, Cleanup: 32958 ns, At safepoint: 17958 ns, Total: 130208 ns
[2025-09-17T07:04:15.176+0000][187][info ][safepoint   ] Safepoint "Cleanup", Time since last: 2002879376 ns, Reaching safepoint: 88917 ns, Cleanup: 25916 ns, At safepoint: 13250 ns, Total: 128083 ns
[2025-09-17T07:04:17.574+0000][187][info ][safepoint   ] Safepoint "Cleanup", Time since last: 2397665543 ns, Reaching safepoint: 6167 ns, Cleanup: 5708 ns, At safepoint: 4459 ns, Total: 16334 ns
[2025-09-17T07:04:19.324+0000][187][info ][safepoint   ] Safepoint "Cleanup", Time since last: 1750013459 ns, Reaching safepoint: 18291 ns, Cleanup: 47709 ns, At safepoint: 8541 ns, Total: 74541 ns
[2025-09-17T07:04:21.328+0000][187][info ][safepoint   ] Safepoint "Cleanup", Time since last: 2004067960 ns, Reaching safepoint: 14250 ns, Cleanup: 15041 ns, At safepoint: 8084 ns, Total: 37375 ns
[2025-09-17T07:04:24.338+0000][187][info ][safepoint   ] Safepoint "Cleanup", Time since last: 3009501835 ns, Reaching safepoint: 138291 ns, Cleanup: 40292 ns, At safepoint: 32167 ns, Total: 210750 ns
[2025-09-17T07:04:25.342+0000][187][info ][safepoint   ] Safepoint "Cleanup", Time since last: 1003862292 ns, Reaching safepoint: 91333 ns, Cleanup: 35333 ns, At safepoint: 25750 ns, Total: 152416 ns
[2025-09-17T07:04:39.175+0000][187][info ][safepoint   ] Safepoint "Cleanup", Time since last: 13832457423 ns, Reaching safepoint: 74583 ns, Cleanup: 55458 ns, At safepoint: 23584 ns, Total: 153625 ns
[2025-09-17T07:04:43.182+0000][187][info ][safepoint   ] Safepoint "Cleanup", Time since last: 4006602252 ns, Reaching safepoint: 240791 ns, Cleanup: 90667 ns, At safepoint: 41667 ns, Total: 373125 ns
[2025-09-17T07:04:51.199+0000][187][info ][safepoint   ] Safepoint "Cleanup", Time since last: 8017437128 ns, Reaching safepoint: 25375 ns, Cleanup: 13584 ns, At safepoint: 9458 ns, Total: 48417 ns
[2025-09-17T07:05:07.244+0000][187][info ][safepoint   ] Safepoint "Cleanup", Time since last: 16044472049 ns, Reaching safepoint: 114042 ns, Cleanup: 44792 ns, At safepoint: 20791 ns, Total: 179625 ns
[2025-09-17T07:05:13.263+0000][187][info ][safepoint   ] Safepoint "Cleanup", Time since last: 6018778753 ns, Reaching safepoint: 95250 ns, Cleanup: 41333 ns, At safepoint: 31000 ns, Total: 167583 ns
[2025-09-17T07:05:20.632+0000][187][info ][safepoint   ] Safepoint "Cleanup", Time since last: 7368539962 ns, Reaching safepoint: 6291 ns, Cleanup: 13625 ns, At safepoint: 6125 ns, Total: 26041 ns
[2025-09-17T07:05:22.586+0000][187][info ][safepoint   ] Safepoint "Cleanup", Time since last: 1953035126 ns, Reaching safepoint: 931459 ns, Cleanup: 86708 ns, At safepoint: 31792 ns, Total: 1049959 ns
[2025-09-17T07:05:23.590+0000][187][info ][safepoint   ] Safepoint "Cleanup", Time since last: 1004412667 ns, Reaching safepoint: 89041 ns, Cleanup: 31959 ns, At safepoint: 12583 ns, Total: 133583 ns
[2025-09-17T07:05:25.596+0000][187][info ][safepoint   ] Safepoint "Cleanup", Time since last: 2004504209 ns, Reaching safepoint: 752250 ns, Cleanup: 28292 ns, At safepoint: 18333 ns, Total: 798875 ns
[2025-09-17T07:05:33.614+0000][187][info ][safepoint   ] Safepoint "Cleanup", Time since last: 8018390046 ns, Reaching safepoint: 212167 ns, Cleanup: 71625 ns, At safepoint: 24833 ns, Total: 308625 ns
[2025-09-17T07:05:51.267+0000][187][info ][safepoint   ] Safepoint "Cleanup", Time since last: 17652339175 ns, Reaching safepoint: 38541 ns, Cleanup: 12875 ns, At safepoint: 6792 ns, Total: 58208 ns
[2025-09-17T07:05:57.276+0000][187][info ][safepoint   ] Safepoint "Cleanup", Time since last: 6009518128 ns, Reaching safepoint: 169083 ns, Cleanup: 34584 ns, At safepoint: 21916 ns, Total: 225583 ns
[2025-09-17T07:05:58.279+0000][187][info ][safepoint   ] Safepoint "Cleanup", Time since last: 1002114167 ns, Reaching safepoint: 84792 ns, Cleanup: 93083 ns, At safepoint: 10834 ns, Total: 188709 ns
[2025-09-17T07:05:59.281+0000][187][info ][safepoint   ] Safepoint "Cleanup", Time since last: 1001982459 ns, Reaching safepoint: 105291 ns, Cleanup: 58792 ns, At safepoint: 13958 ns, Total: 178041 ns
[2025-09-17T07:06:01.284+0000][187][info ][safepoint   ] Safepoint "Cleanup", Time since last: 2002596209 ns, Reaching safepoint: 69875 ns, Cleanup: 19125 ns, At safepoint: 17959 ns, Total: 106959 ns
[2025-09-17T07:06:07.309+0000][187][info ][safepoint   ] Safepoint "Cleanup", Time since last: 6024778794 ns, Reaching safepoint: 167084 ns, Cleanup: 54750 ns, At safepoint: 27250 ns, Total: 249084 ns
[2025-09-17T07:06:12.317+0000][187][info ][safepoint   ] Safepoint "Cleanup", Time since last: 5007736168 ns, Reaching safepoint: 82500 ns, Cleanup: 12000 ns, At safepoint: 12875 ns, Total: 107375 ns
[2025-09-17T07:06:16.327+0000][187][info ][safepoint   ] Safepoint "Cleanup", Time since last: 4009805960 ns, Reaching safepoint: 120250 ns, Cleanup: 47292 ns, At safepoint: 13875 ns, Total: 181417 ns
[2025-09-17T07:06:17.329+0000][187][info ][safepoint   ] Safepoint "Cleanup", Time since last: 1002316917 ns, Reaching safepoint: 117542 ns, Cleanup: 84542 ns, At safepoint: 28750 ns, Total: 230834 ns
[2025-09-17T07:06:23.631+0000][187][info ][safepoint   ] Safepoint "Cleanup", Time since last: 6301331253 ns, Reaching safepoint: 5083 ns, Cleanup: 7792 ns, At safepoint: 9083 ns, Total: 21958 ns
[2025-09-17T07:06:24.761+0000][187][info ][safepoint   ] Safepoint "Cleanup", Time since last: 1130329750 ns, Reaching safepoint: 67625 ns, Cleanup: 54584 ns, At safepoint: 8333 ns, Total: 130542 ns
[2025-09-17T07:06:25.797+0000][187][info ][safepoint   ] Safepoint "Cleanup", Time since last: 1035148376 ns, Reaching safepoint: 61000 ns, Cleanup: 38791 ns, At safepoint: 23042 ns, Total: 122833 ns
[2025-09-17T07:06:26.799+0000][187][info ][safepoint   ] Safepoint "Cleanup", Time since last: 1002148334 ns, Reaching safepoint: 108416 ns, Cleanup: 76042 ns, At safepoint: 13417 ns, Total: 197875 ns
[2025-09-17T07:06:28.802+0000][187][info ][safepoint   ] Safepoint "Cleanup", Time since last: 2002719501 ns, Reaching safepoint: 106333 ns, Cleanup: 131375 ns, At safepoint: 19292 ns, Total: 257000 ns
[2025-09-17T07:06:30.809+0000][187][info ][safepoint   ] Safepoint "Cleanup", Time since last: 2007214167 ns, Reaching safepoint: 169250 ns, Cleanup: 41334 ns, At safepoint: 22958 ns, Total: 233542 ns
[2025-09-17T07:06:37.337+0000][187][info ][safepoint   ] Safepoint "Cleanup", Time since last: 6527578420 ns, Reaching safepoint: 32833 ns, Cleanup: 129000 ns, At safepoint: 28583 ns, Total: 190416 ns
[2025-09-17T07:06:41.352+0000][187][info ][safepoint   ] Safepoint "Cleanup", Time since last: 4015129127 ns, Reaching safepoint: 64042 ns, Cleanup: 17250 ns, At safepoint: 7125 ns, Total: 88417 ns
[2025-09-17T07:06:51.364+0000][187][info ][safepoint   ] Safepoint "Cleanup", Time since last: 10012194379 ns, Reaching safepoint: 73250 ns, Cleanup: 40417 ns, At safepoint: 10583 ns, Total: 124250 ns
[2025-09-17T07:06:52.366+0000][187][info ][safepoint   ] Safepoint "Cleanup", Time since last: 1001187459 ns, Reaching safepoint: 23417 ns, Cleanup: 13083 ns, At safepoint: 8209 ns, Total: 44709 ns
[2025-09-17T07:06:56.371+0000][187][info ][safepoint   ] Safepoint "Cleanup", Time since last: 4004786251 ns, Reaching safepoint: 380125 ns, Cleanup: 72417 ns, At safepoint: 32000 ns, Total: 484542 ns
[2025-09-17T07:07:01.385+0000][187][info ][safepoint   ] Safepoint "Cleanup", Time since last: 5014020503 ns, Reaching safepoint: 27750 ns, Cleanup: 14708 ns, At safepoint: 6333 ns, Total: 48791 ns
[2025-09-17T07:07:07.390+0000][187][info ][safepoint   ] Safepoint "Cleanup", Time since last: 6005357086 ns, Reaching safepoint: 93875 ns, Cleanup: 37834 ns, At safepoint: 18291 ns, Total: 150000 ns
[2025-09-17T07:07:09.401+0000][187][info ][safepoint   ] Safepoint "Cleanup", Time since last: 2010235001 ns, Reaching safepoint: 97583 ns, Cleanup: 39167 ns, At safepoint: 14791 ns, Total: 151541 ns
[2025-09-17T07:07:26.439+0000][187][info ][safepoint   ] Safepoint "Cleanup", Time since last: 17037439300 ns, Reaching safepoint: 149917 ns, Cleanup: 59250 ns, At safepoint: 77333 ns, Total: 286500 ns
[2025-09-17T07:07:27.041+0000][187][info ][gc,start    ] GC(26) Pause Young (Normal) (G1 Evacuation Pause)
[2025-09-17T07:07:27.041+0000][187][info ][gc,task     ] GC(26) Using 8 workers of 8 for evacuation
[2025-09-17T07:07:27.041+0000][187][debug][gc,age      ] GC(26) Desired survivor size 41943040 bytes, new threshold 15 (max threshold 15)
[2025-09-17T07:07:27.086+0000][187][info ][gc,phases   ] GC(26)   Pre Evacuate Collection Set: 0.79ms
[2025-09-17T07:07:27.086+0000][187][info ][gc,phases   ] GC(26)   Merge Heap Roots: 0.26ms
[2025-09-17T07:07:27.086+0000][187][info ][gc,phases   ] GC(26)   Evacuate Collection Set: 40.27ms
[2025-09-17T07:07:27.086+0000][187][info ][gc,phases   ] GC(26)   Post Evacuate Collection Set: 3.31ms
[2025-09-17T07:07:27.087+0000][187][info ][gc,phases   ] GC(26)   Other: 0.29ms
[2025-09-17T07:07:27.087+0000][187][trace][gc,age      ] GC(26) Age table with threshold 15 (max threshold 15)
[2025-09-17T07:07:27.087+0000][187][trace][gc,age      ] GC(26) - age   1:    1053896 bytes,    1053896 total
[2025-09-17T07:07:27.087+0000][187][trace][gc,age      ] GC(26) - age   2:      94552 bytes,    1148448 total
[2025-09-17T07:07:27.087+0000][187][trace][gc,age      ] GC(26) - age   3:     148704 bytes,    1297152 total
[2025-09-17T07:07:27.087+0000][187][trace][gc,age      ] GC(26) - age   4:    1178600 bytes,    2475752 total
[2025-09-17T07:07:27.087+0000][187][trace][gc,age      ] GC(26) - age   5:    1388216 bytes,    3863968 total
[2025-09-17T07:07:27.087+0000][187][trace][gc,age      ] GC(26) - age   6:    3172936 bytes,    7036904 total
[2025-09-17T07:07:27.087+0000][187][trace][gc,age      ] GC(26) - age   7:    3565408 bytes,   10602312 total
[2025-09-17T07:07:27.087+0000][187][trace][gc,age      ] GC(26) - age   8:    2093520 bytes,   12695832 total
[2025-09-17T07:07:27.087+0000][187][trace][gc,age      ] GC(26) - age   9:   18492528 bytes,   31188360 total
[2025-09-17T07:07:27.087+0000][187][trace][gc,age      ] GC(26) - age  10:     224192 bytes,   31412552 total
[2025-09-17T07:07:27.087+0000][187][info ][gc,heap     ] GC(26) Eden regions: 144->0(144)
[2025-09-17T07:07:27.087+0000][187][info ][gc,heap     ] GC(26) Survivor regions: 9->9(20)
[2025-09-17T07:07:27.087+0000][187][info ][gc,heap     ] GC(26) Old regions: 29->29
[2025-09-17T07:07:27.087+0000][187][info ][gc,heap     ] GC(26) Humongous regions: 2->2
[2025-09-17T07:07:27.087+0000][187][info ][gc,metaspace] GC(26) Metaspace: 159737K(164160K)->159737K(164160K) NonClass: 137897K(140288K)->137897K(140288K) Class: 21840K(23872K)->21840K(23872K)
[2025-09-17T07:07:27.087+0000][187][info ][gc          ] GC(26) Pause Young (Normal) (G1 Evacuation Pause) 731M->155M(1024M) 46.259ms
[2025-09-17T07:07:27.087+0000][187][info ][gc,cpu      ] GC(26) User=0.30s Sys=0.00s Real=0.04s
[2025-09-17T07:07:27.088+0000][187][info ][safepoint   ] Safepoint "G1CollectForAllocation", Time since last: 602438000 ns, Reaching safepoint: 11959 ns, Cleanup: 36916 ns, At safepoint: 46440334 ns, Total: 46489209 ns
[2025-09-17T07:07:31.107+0000][187][info ][safepoint   ] Safepoint "Cleanup", Time since last: 4019731418 ns, Reaching safepoint: 119167 ns, Cleanup: 34875 ns, At safepoint: 24792 ns, Total: 178834 ns
[2025-09-17T07:07:38.643+0000][187][info ][safepoint   ] Safepoint "Cleanup", Time since last: 7535787253 ns, Reaching safepoint: 20958 ns, Cleanup: 22625 ns, At safepoint: 8334 ns, Total: 51917 ns
[2025-09-17T07:07:40.164+0000][187][info ][safepoint   ] Safepoint "Cleanup", Time since last: 1520912417 ns, Reaching safepoint: 54917 ns, Cleanup: 67083 ns, At safepoint: 13750 ns, Total: 135750 ns
[2025-09-17T07:07:41.678+0000][187][info ][safepoint   ] Safepoint "Cleanup", Time since last: 1513325959 ns, Reaching safepoint: 30000 ns, Cleanup: 44458 ns, At safepoint: 22917 ns, Total: 97375 ns
[2025-09-17T07:07:50.701+0000][187][info ][safepoint   ] Safepoint "Cleanup", Time since last: 9022644504 ns, Reaching safepoint: 273250 ns, Cleanup: 49584 ns, At safepoint: 13458 ns, Total: 336292 ns
[2025-09-17T07:07:51.708+0000][187][info ][safepoint   ] Safepoint "Cleanup", Time since last: 1007137167 ns, Reaching safepoint: 159375 ns, Cleanup: 99625 ns, At safepoint: 36959 ns, Total: 295959 ns
[2025-09-17T07:07:54.713+0000][187][info ][safepoint   ] Safepoint "Cleanup", Time since last: 3004763084 ns, Reaching safepoint: 75250 ns, Cleanup: 38000 ns, At safepoint: 21500 ns, Total: 134750 ns
[2025-09-17T07:07:55.716+0000][187][info ][safepoint   ] Safepoint "Cleanup", Time since last: 1002769292 ns, Reaching safepoint: 191375 ns, Cleanup: 73709 ns, At safepoint: 18583 ns, Total: 283667 ns
[2025-09-17T07:07:57.726+0000][187][info ][safepoint   ] Safepoint "Cleanup", Time since last: 2009765584 ns, Reaching safepoint: 137167 ns, Cleanup: 32042 ns, At safepoint: 37291 ns, Total: 206500 ns
[2025-09-17T07:07:58.733+0000][187][info ][safepoint   ] Safepoint "Cleanup", Time since last: 1005679251 ns, Reaching safepoint: 1178583 ns, Cleanup: 52500 ns, At safepoint: 36375 ns, Total: 1267458 ns
[2025-09-17T07:08:02.740+0000][187][info ][safepoint   ] Safepoint "Cleanup", Time since last: 4006236627 ns, Reaching safepoint: 105709 ns, Cleanup: 47500 ns, At safepoint: 29500 ns, Total: 182709 ns
[2025-09-17T07:08:05.743+0000][187][info ][safepoint   ] Safepoint "Cleanup", Time since last: 3003241501 ns, Reaching safepoint: 95708 ns, Cleanup: 55917 ns, At safepoint: 19167 ns, Total: 170792 ns
[2025-09-17T07:08:07.756+0000][187][info ][safepoint   ] Safepoint "Cleanup", Time since last: 2011737626 ns, Reaching safepoint: 1383250 ns, Cleanup: 75708 ns, At safepoint: 47458 ns, Total: 1506416 ns
[2025-09-17T07:08:15.780+0000][187][info ][safepoint   ] Safepoint "Cleanup", Time since last: 8023213337 ns, Reaching safepoint: 264250 ns, Cleanup: 49000 ns, At safepoint: 37916 ns, Total: 351166 ns
[2025-09-17T07:08:17.786+0000][187][info ][safepoint   ] Safepoint "Cleanup", Time since last: 2005458876 ns, Reaching safepoint: 75875 ns, Cleanup: 59584 ns, At safepoint: 13958 ns, Total: 149417 ns
[2025-09-17T07:08:20.801+0000][187][info ][safepoint   ] Safepoint "Cleanup", Time since last: 3015132710 ns, Reaching safepoint: 99958 ns, Cleanup: 79208 ns, At safepoint: 20625 ns, Total: 199791 ns
[2025-09-17T07:08:25.811+0000][187][info ][safepoint   ] Safepoint "Cleanup", Time since last: 5009867336 ns, Reaching safepoint: 147750 ns, Cleanup: 40542 ns, At safepoint: 24417 ns, Total: 212709 ns
[2025-09-17T07:08:29.670+0000][187][info ][safepoint   ] Safepoint "Cleanup", Time since last: 3858655168 ns, Reaching safepoint: 5042 ns, Cleanup: 14250 ns, At safepoint: 6208 ns, Total: 25500 ns
[2025-09-17T07:08:31.434+0000][187][info ][safepoint   ] Safepoint "Cleanup", Time since last: 1764233001 ns, Reaching safepoint: 4458 ns, Cleanup: 29500 ns, At safepoint: 4959 ns, Total: 38917 ns
[2025-09-17T07:08:42.566+0000][187][info ][safepoint   ] Safepoint "Cleanup", Time since last: 11131497754 ns, Reaching safepoint: 146250 ns, Cleanup: 39125 ns, At safepoint: 21333 ns, Total: 206708 ns
[2025-09-17T07:08:50.595+0000][187][info ][safepoint   ] Safepoint "Cleanup", Time since last: 8028840962 ns, Reaching safepoint: 93125 ns, Cleanup: 37084 ns, At safepoint: 18916 ns, Total: 149125 ns
[2025-09-17T07:08:57.618+0000][187][info ][safepoint   ] Safepoint "Cleanup", Time since last: 7022841504 ns, Reaching safepoint: 37208 ns, Cleanup: 25042 ns, At safepoint: 13291 ns, Total: 75541 ns
[2025-09-17T07:09:03.642+0000][187][info ][safepoint   ] Safepoint "Cleanup", Time since last: 6023671795 ns, Reaching safepoint: 225833 ns, Cleanup: 72542 ns, At safepoint: 28000 ns, Total: 326375 ns
[2025-09-17T07:09:07.652+0000][187][info ][safepoint   ] Safepoint "Cleanup", Time since last: 4010363919 ns, Reaching safepoint: 152791 ns, Cleanup: 47792 ns, At safepoint: 16958 ns, Total: 217541 ns
[2025-09-17T07:09:20.683+0000][187][info ][safepoint   ] Safepoint "Cleanup", Time since last: 13031187714 ns, Reaching safepoint: 35875 ns, Cleanup: 14042 ns, At safepoint: 11083 ns, Total: 61000 ns
[2025-09-17T07:09:22.687+0000][187][info ][safepoint   ] Safepoint "Cleanup", Time since last: 2003376418 ns, Reaching safepoint: 150041 ns, Cleanup: 51959 ns, At safepoint: 19791 ns, Total: 221791 ns
[2025-09-17T07:09:25.699+0000][187][info ][safepoint   ] Safepoint "Cleanup", Time since last: 3011589877 ns, Reaching safepoint: 83541 ns, Cleanup: 41750 ns, At safepoint: 20792 ns, Total: 146083 ns
[2025-09-17T07:09:29.706+0000][187][info ][safepoint   ] Safepoint "Cleanup", Time since last: 4007334419 ns, Reaching safepoint: 64083 ns, Cleanup: 25250 ns, At safepoint: 17333 ns, Total: 106666 ns
[2025-09-17T07:09:30.708+0000][187][info ][safepoint   ] Safepoint "Cleanup", Time since last: 1001134251 ns, Reaching safepoint: 71208 ns, Cleanup: 50375 ns, At safepoint: 16959 ns, Total: 138542 ns
[2025-09-17T07:09:32.695+0000][187][info ][safepoint   ] Safepoint "Cleanup", Time since last: 1987339667 ns, Reaching safepoint: 4708 ns, Cleanup: 20709 ns, At safepoint: 8416 ns, Total: 33833 ns
[2025-09-17T07:09:34.620+0000][187][info ][safepoint   ] Safepoint "Cleanup", Time since last: 1924783835 ns, Reaching safepoint: 27458 ns, Cleanup: 69917 ns, At safepoint: 14125 ns, Total: 111500 ns
[2025-09-17T07:09:35.623+0000][187][info ][safepoint   ] Safepoint "Cleanup", Time since last: 1003392417 ns, Reaching safepoint: 162833 ns, Cleanup: 57500 ns, At safepoint: 34459 ns, Total: 254792 ns
[2025-09-17T07:09:45.819+0000][187][info ][safepoint   ] Safepoint "Cleanup", Time since last: 10195750379 ns, Reaching safepoint: 217708 ns, Cleanup: 65792 ns, At safepoint: 35750 ns, Total: 319250 ns
[2025-09-17T07:09:55.833+0000][187][info ][safepoint   ] Safepoint "Cleanup", Time since last: 10013804005 ns, Reaching safepoint: 113958 ns, Cleanup: 61167 ns, At safepoint: 23917 ns, Total: 199042 ns
[2025-09-17T07:10:00.841+0000][187][info ][safepoint   ] Safepoint "Cleanup", Time since last: 5007511710 ns, Reaching safepoint: 132875 ns, Cleanup: 47709 ns, At safepoint: 21333 ns, Total: 201917 ns
[2025-09-17T07:10:02.849+0000][187][info ][safepoint   ] Safepoint "Cleanup", Time since last: 2007129126 ns, Reaching safepoint: 161042 ns, Cleanup: 42458 ns, At safepoint: 31208 ns, Total: 234708 ns
[2025-09-17T07:10:05.860+0000][187][info ][safepoint   ] Safepoint "Cleanup", Time since last: 3011548377 ns, Reaching safepoint: 130000 ns, Cleanup: 36625 ns, At safepoint: 19875 ns, Total: 186500 ns
[2025-09-17T07:10:10.870+0000][187][info ][safepoint   ] Safepoint "Cleanup", Time since last: 5009467751 ns, Reaching safepoint: 226459 ns, Cleanup: 68125 ns, At safepoint: 36625 ns, Total: 331209 ns
[2025-09-17T07:10:11.872+0000][187][info ][safepoint   ] Safepoint "Cleanup", Time since last: 1001159292 ns, Reaching safepoint: 135292 ns, Cleanup: 43250 ns, At safepoint: 21208 ns, Total: 199750 ns
[2025-09-17T07:10:18.893+0000][187][info ][safepoint   ] Safepoint "Cleanup", Time since last: 7020878670 ns, Reaching safepoint: 114042 ns, Cleanup: 34083 ns, At safepoint: 26458 ns, Total: 174583 ns
[2025-09-17T07:10:36.740+0000][187][info ][safepoint   ] Safepoint "Cleanup", Time since last: 17846605550 ns, Reaching safepoint: 207917 ns, Cleanup: 141208 ns, At safepoint: 20584 ns, Total: 369709 ns
[2025-09-17T07:10:37.827+0000][187][info ][safepoint   ] Safepoint "Cleanup", Time since last: 1087109000 ns, Reaching safepoint: 21625 ns, Cleanup: 35084 ns, At safepoint: 7833 ns, Total: 64542 ns
[2025-09-17T07:10:38.945+0000][187][info ][safepoint   ] Safepoint "Cleanup", Time since last: 1117762667 ns, Reaching safepoint: 93041 ns, Cleanup: 41500 ns, At safepoint: 23250 ns, Total: 157791 ns
[2025-09-17T07:10:41.960+0000][187][info ][safepoint   ] Safepoint "Cleanup", Time since last: 3014046710 ns, Reaching safepoint: 205000 ns, Cleanup: 64667 ns, At safepoint: 75708 ns, Total: 345375 ns
[2025-09-17T07:10:48.983+0000][187][info ][safepoint   ] Safepoint "Cleanup", Time since last: 7023555129 ns, Reaching safepoint: 169458 ns, Cleanup: 41917 ns, At safepoint: 33083 ns, Total: 244458 ns
[2025-09-17T07:10:50.991+0000][187][info ][safepoint   ] Safepoint "Cleanup", Time since last: 2007257626 ns, Reaching safepoint: 128625 ns, Cleanup: 45667 ns, At safepoint: 22541 ns, Total: 196833 ns
[2025-09-17T07:10:56.011+0000][187][info ][safepoint   ] Safepoint "Cleanup", Time since last: 5020325253 ns, Reaching safepoint: 117083 ns, Cleanup: 64958 ns, At safepoint: 29792 ns, Total: 211833 ns
[2025-09-17T07:11:06.049+0000][187][info ][safepoint   ] Safepoint "Cleanup", Time since last: 10037573130 ns, Reaching safepoint: 211791 ns, Cleanup: 80875 ns, At safepoint: 25167 ns, Total: 317833 ns
[2025-09-17T07:11:08.056+0000][187][info ][safepoint   ] Safepoint "Cleanup", Time since last: 2006927459 ns, Reaching safepoint: 124542 ns, Cleanup: 43250 ns, At safepoint: 13000 ns, Total: 180792 ns
[2025-09-17T07:11:09.058+0000][187][info ][safepoint   ] Safepoint "Cleanup", Time since last: 1001127666 ns, Reaching safepoint: 121334 ns, Cleanup: 49791 ns, At safepoint: 28042 ns, Total: 199167 ns
[2025-09-17T07:11:15.087+0000][187][info ][safepoint   ] Safepoint "Cleanup", Time since last: 6029002128 ns, Reaching safepoint: 138000 ns, Cleanup: 40625 ns, At safepoint: 21666 ns, Total: 200291 ns
[2025-09-17T07:11:29.133+0000][187][info ][safepoint   ] Safepoint "Cleanup", Time since last: 14046358299 ns, Reaching safepoint: 66916 ns, Cleanup: 34167 ns, At safepoint: 17250 ns, Total: 118333 ns
[2025-09-17T07:11:39.054+0000][187][info ][safepoint   ] Safepoint "Cleanup", Time since last: 9920417338 ns, Reaching safepoint: 5333 ns, Cleanup: 7083 ns, At safepoint: 5042 ns, Total: 17458 ns
[2025-09-17T07:11:40.087+0000][187][info ][safepoint   ] Safepoint "Cleanup", Time since last: 1033248750 ns, Reaching safepoint: 24709 ns, Cleanup: 62541 ns, At safepoint: 12875 ns, Total: 100125 ns
[2025-09-17T07:11:48.110+0000][187][info ][safepoint   ] Safepoint "Cleanup", Time since last: 8022239838 ns, Reaching safepoint: 159416 ns, Cleanup: 28750 ns, At safepoint: 29209 ns, Total: 217375 ns
[2025-09-17T07:11:55.132+0000][187][info ][safepoint   ] Safepoint "Cleanup", Time since last: 7022764961 ns, Reaching safepoint: 94709 ns, Cleanup: 35333 ns, At safepoint: 37250 ns, Total: 167292 ns
[2025-09-17T07:11:58.137+0000][187][info ][safepoint   ] Safepoint "Cleanup", Time since last: 3004055585 ns, Reaching safepoint: 96166 ns, Cleanup: 103750 ns, At safepoint: 22875 ns, Total: 222791 ns
[2025-09-17T07:11:59.144+0000][187][info ][safepoint   ] Safepoint "Cleanup", Time since last: 1006654084 ns, Reaching safepoint: 124625 ns, Cleanup: 43292 ns, At safepoint: 40541 ns, Total: 208458 ns
[2025-09-17T07:12:01.152+0000][187][info ][safepoint   ] Safepoint "Cleanup", Time since last: 2008101460 ns, Reaching safepoint: 17291 ns, Cleanup: 16875 ns, At safepoint: 9917 ns, Total: 44083 ns
[2025-09-17T07:12:07.165+0000][187][info ][safepoint   ] Safepoint "Cleanup", Time since last: 6012871961 ns, Reaching safepoint: 204459 ns, Cleanup: 47791 ns, At safepoint: 24042 ns, Total: 276292 ns
[2025-09-17T07:12:08.167+0000][187][info ][safepoint   ] Safepoint "Cleanup", Time since last: 1001656292 ns, Reaching safepoint: 93542 ns, Cleanup: 65041 ns, At safepoint: 23334 ns, Total: 181917 ns
[2025-09-17T07:12:12.176+0000][187][info ][safepoint   ] Safepoint "Cleanup", Time since last: 4009165751 ns, Reaching safepoint: 237334 ns, Cleanup: 45791 ns, At safepoint: 22375 ns, Total: 305500 ns
[2025-09-17T07:12:21.206+0000][187][info ][safepoint   ] Safepoint "Cleanup", Time since last: 9029784005 ns, Reaching safepoint: 100041 ns, Cleanup: 83667 ns, At safepoint: 17542 ns, Total: 201250 ns
[2025-09-17T07:12:23.213+0000][187][info ][safepoint   ] Safepoint "Cleanup", Time since last: 2006159334 ns, Reaching safepoint: 127458 ns, Cleanup: 42167 ns, At safepoint: 22250 ns, Total: 191875 ns
[2025-09-17T07:12:24.214+0000][187][info ][safepoint   ] Safepoint "Cleanup", Time since last: 1001514584 ns, Reaching safepoint: 23125 ns, Cleanup: 14250 ns, At safepoint: 9750 ns, Total: 47125 ns
[2025-09-17T07:12:31.228+0000][187][info ][safepoint   ] Safepoint "Cleanup", Time since last: 7013513045 ns, Reaching safepoint: 92750 ns, Cleanup: 50500 ns, At safepoint: 24083 ns, Total: 167333 ns
[2025-09-17T07:12:35.728+0000][187][info ][safepoint   ] Safepoint "Cleanup", Time since last: 4500007877 ns, Reaching safepoint: 3250 ns, Cleanup: 8250 ns, At safepoint: 4625 ns, Total: 16125 ns
[2025-09-17T07:12:37.282+0000][187][info ][safepoint   ] Safepoint "Cleanup", Time since last: 1554277126 ns, Reaching safepoint: 59250 ns, Cleanup: 53375 ns, At safepoint: 15375 ns, Total: 128000 ns
[2025-09-17T07:12:38.747+0000][187][info ][safepoint   ] Safepoint "Cleanup", Time since last: 1464470792 ns, Reaching safepoint: 3542 ns, Cleanup: 6125 ns, At safepoint: 7750 ns, Total: 17417 ns
[2025-09-17T07:12:40.360+0000][187][info ][safepoint   ] Safepoint "Cleanup", Time since last: 1613152167 ns, Reaching safepoint: 116000 ns, Cleanup: 75833 ns, At safepoint: 22959 ns, Total: 214792 ns
[2025-09-17T07:12:41.646+0000][187][info ][safepoint   ] Safepoint "Cleanup", Time since last: 1285706750 ns, Reaching safepoint: 5750 ns, Cleanup: 27375 ns, At safepoint: 8084 ns, Total: 41209 ns
[2025-09-17T07:12:43.456+0000][187][info ][safepoint   ] Safepoint "Cleanup", Time since last: 1810095042 ns, Reaching safepoint: 79125 ns, Cleanup: 71584 ns, At safepoint: 19750 ns, Total: 170459 ns
[2025-09-17T07:12:45.461+0000][187][info ][safepoint   ] Safepoint "Cleanup", Time since last: 2004867292 ns, Reaching safepoint: 125792 ns, Cleanup: 45417 ns, At safepoint: 31958 ns, Total: 203167 ns
[2025-09-17T07:12:46.464+0000][187][info ][safepoint   ] Safepoint "Cleanup", Time since last: 1002350209 ns, Reaching safepoint: 78833 ns, Cleanup: 37167 ns, At safepoint: 20166 ns, Total: 136166 ns
[2025-09-17T07:12:49.468+0000][187][info ][safepoint   ] Safepoint "Cleanup", Time since last: 3004400252 ns, Reaching safepoint: 125833 ns, Cleanup: 48167 ns, At safepoint: 21458 ns, Total: 195458 ns
[2025-09-17T07:13:07.517+0000][187][info ][safepoint   ] Safepoint "Cleanup", Time since last: 18048066842 ns, Reaching safepoint: 346917 ns, Cleanup: 43375 ns, At safepoint: 19541 ns, Total: 409833 ns
[2025-09-17T07:13:29.601+0000][187][info ][safepoint   ] Safepoint "Cleanup", Time since last: 22083486510 ns, Reaching safepoint: 90500 ns, Cleanup: 40167 ns, At safepoint: 11958 ns, Total: 142625 ns
[2025-09-17T07:13:44.768+0000][187][info ][safepoint   ] Safepoint "Cleanup", Time since last: 15166454923 ns, Reaching safepoint: 956375 ns, Cleanup: 18125 ns, At safepoint: 16875 ns, Total: 991375 ns
[2025-09-17T07:13:46.674+0000][187][info ][safepoint   ] Safepoint "Cleanup", Time since last: 1905960001 ns, Reaching safepoint: 61125 ns, Cleanup: 78125 ns, At safepoint: 30167 ns, Total: 169417 ns
[2025-09-17T07:13:47.676+0000][187][info ][safepoint   ] Safepoint "Cleanup", Time since last: 1001947375 ns, Reaching safepoint: 115750 ns, Cleanup: 37750 ns, At safepoint: 18709 ns, Total: 172209 ns
[2025-09-17T07:13:50.681+0000][187][info ][safepoint   ] Safepoint "Cleanup", Time since last: 3004246501 ns, Reaching safepoint: 256917 ns, Cleanup: 87583 ns, At safepoint: 35917 ns, Total: 380417 ns
[2025-09-17T07:13:57.694+0000][187][info ][safepoint   ] Safepoint "Cleanup", Time since last: 7012417086 ns, Reaching safepoint: 81667 ns, Cleanup: 38708 ns, At safepoint: 22959 ns, Total: 143334 ns
[2025-09-17T07:14:02.701+0000][187][info ][safepoint   ] Safepoint "Cleanup", Time since last: 5007250877 ns, Reaching safepoint: 49958 ns, Cleanup: 13750 ns, At safepoint: 8584 ns, Total: 72292 ns
[2025-09-17T07:14:05.492+0000][187][info ][gc,start    ] GC(27) Pause Young (Concurrent Start) (G1 Evacuation Pause)
[2025-09-17T07:14:05.493+0000][187][info ][gc,task     ] GC(27) Using 8 workers of 8 for evacuation
[2025-09-17T07:14:05.493+0000][187][debug][gc,age      ] GC(27) Desired survivor size 41943040 bytes, new threshold 15 (max threshold 15)
[2025-09-17T07:14:05.564+0000][187][info ][gc,phases   ] GC(27)   Pre Evacuate Collection Set: 1.57ms
[2025-09-17T07:14:05.565+0000][187][info ][gc,phases   ] GC(27)   Merge Heap Roots: 0.25ms
[2025-09-17T07:14:05.565+0000][187][info ][gc,phases   ] GC(27)   Evacuate Collection Set: 63.19ms
[2025-09-17T07:14:05.565+0000][187][info ][gc,phases   ] GC(27)   Post Evacuate Collection Set: 5.50ms
[2025-09-17T07:14:05.565+0000][187][info ][gc,phases   ] GC(27)   Other: 0.78ms
[2025-09-17T07:14:05.565+0000][187][trace][gc,age      ] GC(27) Age table with threshold 15 (max threshold 15)
[2025-09-17T07:14:05.565+0000][187][trace][gc,age      ] GC(27) - age   1:     844200 bytes,     844200 total
[2025-09-17T07:14:05.565+0000][187][trace][gc,age      ] GC(27) - age   2:      71744 bytes,     915944 total
[2025-09-17T07:14:05.565+0000][187][trace][gc,age      ] GC(27) - age   3:      83200 bytes,     999144 total
[2025-09-17T07:14:05.565+0000][187][trace][gc,age      ] GC(27) - age   4:     148216 bytes,    1147360 total
[2025-09-17T07:14:05.565+0000][187][trace][gc,age      ] GC(27) - age   5:    1178600 bytes,    2325960 total
[2025-09-17T07:14:05.565+0000][187][trace][gc,age      ] GC(27) - age   6:    1388216 bytes,    3714176 total
[2025-09-17T07:14:05.565+0000][187][trace][gc,age      ] GC(27) - age   7:    3172544 bytes,    6886720 total
[2025-09-17T07:14:05.565+0000][187][trace][gc,age      ] GC(27) - age   8:    3548576 bytes,   10435296 total
[2025-09-17T07:14:05.565+0000][187][trace][gc,age      ] GC(27) - age   9:    2076824 bytes,   12512120 total
[2025-09-17T07:14:05.565+0000][187][trace][gc,age      ] GC(27) - age  10:   18492064 bytes,   31004184 total
[2025-09-17T07:14:05.565+0000][187][trace][gc,age      ] GC(27) - age  11:     224192 bytes,   31228376 total
[2025-09-17T07:14:05.565+0000][187][info ][gc,heap     ] GC(27) Eden regions: 144->0(144)
[2025-09-17T07:14:05.565+0000][187][info ][gc,heap     ] GC(27) Survivor regions: 9->9(20)
[2025-09-17T07:14:05.565+0000][187][info ][gc,heap     ] GC(27) Old regions: 29->29
[2025-09-17T07:14:05.565+0000][187][info ][gc,heap     ] GC(27) Humongous regions: 2->2
[2025-09-17T07:14:05.565+0000][187][info ][gc,metaspace] GC(27) Metaspace: 159935K(164288K)->159935K(164288K) NonClass: 138094K(140416K)->138094K(140416K) Class: 21841K(23872K)->21841K(23872K)
[2025-09-17T07:14:05.565+0000][187][info ][gc          ] GC(27) Pause Young (Concurrent Start) (G1 Evacuation Pause) 731M->155M(1024M) 73.714ms
[2025-09-17T07:14:05.565+0000][187][info ][gc          ] GC(28) Concurrent Mark Cycle
[2025-09-17T07:14:05.565+0000][187][info ][gc,marking  ] GC(28) Concurrent Scan Root Regions
[2025-09-17T07:14:05.565+0000][187][info ][gc,cpu      ] GC(27) User=0.52s Sys=0.00s Real=0.07s
[2025-09-17T07:14:05.569+0000][187][info ][safepoint   ] Safepoint "G1CollectForAllocation", Time since last: 2790401793 ns, Reaching safepoint: 89625 ns, Cleanup: 12208 ns, At safepoint: 77392292 ns, Total: 77494125 ns
[2025-09-17T07:14:05.575+0000][187][info ][gc,marking  ] GC(28) Concurrent Scan Root Regions 9.685ms
[2025-09-17T07:14:05.575+0000][187][info ][gc,marking  ] GC(28) Concurrent Mark
[2025-09-17T07:14:05.575+0000][187][info ][gc,marking  ] GC(28) Concurrent Mark From Roots
[2025-09-17T07:14:05.575+0000][187][info ][gc,task     ] GC(28) Using 2 workers of 2 for marking
[2025-09-17T07:14:05.646+0000][187][info ][gc,marking  ] GC(28) Concurrent Mark From Roots 71.174ms
[2025-09-17T07:14:05.647+0000][187][info ][gc,marking  ] GC(28) Concurrent Preclean
[2025-09-17T07:14:05.648+0000][187][info ][gc,marking  ] GC(28) Concurrent Preclean 0.940ms
[2025-09-17T07:14:05.648+0000][187][info ][gc,start    ] GC(28) Pause Remark
[2025-09-17T07:14:05.724+0000][187][info ][gc          ] GC(28) Pause Remark 158M->158M(1024M) 76.144ms
[2025-09-17T07:14:05.724+0000][187][info ][gc,cpu      ] GC(28) User=0.48s Sys=0.01s Real=0.08s
[2025-09-17T07:14:05.724+0000][187][info ][safepoint   ] Safepoint "G1PauseRemark", Time since last: 78830792 ns, Reaching safepoint: 44416 ns, Cleanup: 12500 ns, At safepoint: 76518834 ns, Total: 76575750 ns
[2025-09-17T07:14:05.724+0000][187][info ][gc,marking  ] GC(28) Concurrent Mark 149.232ms
[2025-09-17T07:14:05.725+0000][187][info ][gc,marking  ] GC(28) Concurrent Rebuild Remembered Sets and Scrub Regions
[2025-09-17T07:14:05.761+0000][187][info ][gc,marking  ] GC(28) Concurrent Rebuild Remembered Sets and Scrub Regions 36.714ms
[2025-09-17T07:14:05.765+0000][187][info ][gc,start    ] GC(28) Pause Cleanup
[2025-09-17T07:14:05.766+0000][187][info ][gc          ] GC(28) Pause Cleanup 161M->161M(1024M) 0.156ms
[2025-09-17T07:14:05.766+0000][187][info ][gc,cpu      ] GC(28) User=0.00s Sys=0.00s Real=0.00s
[2025-09-17T07:14:05.766+0000][187][info ][safepoint   ] Safepoint "G1PauseCleanup", Time since last: 37243041 ns, Reaching safepoint: 3890750 ns, Cleanup: 64417 ns, At safepoint: 352333 ns, Total: 4307500 ns
[2025-09-17T07:14:05.766+0000][187][info ][gc,marking  ] GC(28) Concurrent Clear Claimed Marks
[2025-09-17T07:14:05.766+0000][187][info ][gc,marking  ] GC(28) Concurrent Clear Claimed Marks 0.169ms
[2025-09-17T07:14:05.766+0000][187][info ][gc,marking  ] GC(28) Concurrent Cleanup for Next Mark
[2025-09-17T07:14:05.768+0000][187][info ][gc,marking  ] GC(28) Concurrent Cleanup for Next Mark 2.341ms
[2025-09-17T07:14:05.768+0000][187][info ][gc          ] GC(28) Concurrent Mark Cycle 203.054ms
[2025-09-17T07:14:06.768+0000][187][info ][safepoint   ] Safepoint "Cleanup", Time since last: 1001607667 ns, Reaching safepoint: 79750 ns, Cleanup: 34709 ns, At safepoint: 20416 ns, Total: 134875 ns
[2025-09-17T07:14:08.771+0000][187][info ][safepoint   ] Safepoint "Cleanup", Time since last: 2002752792 ns, Reaching safepoint: 66667 ns, Cleanup: 35417 ns, At safepoint: 18958 ns, Total: 121042 ns
[2025-09-17T07:14:13.783+0000][187][info ][safepoint   ] Safepoint "Cleanup", Time since last: 5011823336 ns, Reaching safepoint: 294125 ns, Cleanup: 51041 ns, At safepoint: 26625 ns, Total: 371791 ns
[2025-09-17T07:14:23.801+0000][187][info ][safepoint   ] Safepoint "Cleanup", Time since last: 10017608339 ns, Reaching safepoint: 95541 ns, Cleanup: 24584 ns, At safepoint: 12166 ns, Total: 132291 ns
[2025-09-17T07:14:29.810+0000][187][info ][safepoint   ] Safepoint "Cleanup", Time since last: 6009575170 ns, Reaching safepoint: 83666 ns, Cleanup: 32125 ns, At safepoint: 14500 ns, Total: 130291 ns
[2025-09-17T07:14:47.748+0000][187][info ][safepoint   ] Safepoint "Cleanup", Time since last: 17937910883 ns, Reaching safepoint: 7042 ns, Cleanup: 21000 ns, At safepoint: 16833 ns, Total: 44875 ns
[2025-09-17T07:14:48.905+0000][187][info ][safepoint   ] Safepoint "Cleanup", Time since last: 1156337751 ns, Reaching safepoint: 73250 ns, Cleanup: 22416 ns, At safepoint: 31000 ns, Total: 126666 ns
[2025-09-17T07:14:49.945+0000][187][info ][safepoint   ] Safepoint "Cleanup", Time since last: 1040167167 ns, Reaching safepoint: 310000 ns, Cleanup: 37750 ns, At safepoint: 40084 ns, Total: 387834 ns
[2025-09-17T07:15:08.980+0000][187][info ][safepoint   ] Safepoint "Cleanup", Time since last: 19034737008 ns, Reaching safepoint: 368625 ns, Cleanup: 42916 ns, At safepoint: 26417 ns, Total: 437958 ns
[2025-09-17T07:15:10.984+0000][187][info ][safepoint   ] Safepoint "Cleanup", Time since last: 2003184751 ns, Reaching safepoint: 98375 ns, Cleanup: 39208 ns, At safepoint: 32625 ns, Total: 170208 ns
[2025-09-17T07:15:13.989+0000][187][info ][safepoint   ] Safepoint "Cleanup", Time since last: 3004215169 ns, Reaching safepoint: 368208 ns, Cleanup: 61833 ns, At safepoint: 36959 ns, Total: 467000 ns
[2025-09-17T07:15:19.997+0000][187][info ][safepoint   ] Safepoint "Cleanup", Time since last: 6008796794 ns, Reaching safepoint: 103750 ns, Cleanup: 70208 ns, At safepoint: 17834 ns, Total: 191792 ns
[2025-09-17T07:15:28.011+0000][187][info ][safepoint   ] Safepoint "Cleanup", Time since last: 8012919879 ns, Reaching safepoint: 226958 ns, Cleanup: 68583 ns, At safepoint: 28042 ns, Total: 323583 ns
[2025-09-17T07:15:30.014+0000][187][info ][safepoint   ] Safepoint "Cleanup", Time since last: 2002835668 ns, Reaching safepoint: 87333 ns, Cleanup: 50250 ns, At safepoint: 18417 ns, Total: 156000 ns
[2025-09-17T07:15:41.386+0000][187][info ][safepoint   ] Safepoint "Cleanup", Time since last: 11372208421 ns, Reaching safepoint: 126708 ns, Cleanup: 91167 ns, At safepoint: 30916 ns, Total: 248791 ns
[2025-09-17T07:15:49.414+0000][187][info ][safepoint   ] Safepoint "Cleanup", Time since last: 8027271921 ns, Reaching safepoint: 83750 ns, Cleanup: 36500 ns, At safepoint: 21333 ns, Total: 141583 ns
[2025-09-17T07:15:50.758+0000][187][info ][safepoint   ] Safepoint "Cleanup", Time since last: 1344885042 ns, Reaching safepoint: 4167 ns, Cleanup: 16042 ns, At safepoint: 8166 ns, Total: 28375 ns
[2025-09-17T07:15:52.198+0000][187][info ][safepoint   ] Safepoint "Cleanup", Time since last: 1438890584 ns, Reaching safepoint: 119000 ns, Cleanup: 68334 ns, At safepoint: 24666 ns, Total: 212000 ns
[2025-09-17T07:15:56.203+0000][187][info ][safepoint   ] Safepoint "Cleanup", Time since last: 4004662377 ns, Reaching safepoint: 395667 ns, Cleanup: 68042 ns, At safepoint: 35541 ns, Total: 499250 ns
[2025-09-17T07:15:58.206+0000][187][info ][safepoint   ] Safepoint "Cleanup", Time since last: 2003036335 ns, Reaching safepoint: 127208 ns, Cleanup: 40333 ns, At safepoint: 36834 ns, Total: 204375 ns
[2025-09-17T07:16:07.231+0000][187][info ][safepoint   ] Safepoint "Cleanup", Time since last: 9025316421 ns, Reaching safepoint: 106916 ns, Cleanup: 34334 ns, At safepoint: 21041 ns, Total: 162291 ns
[2025-09-17T07:16:08.235+0000][187][info ][safepoint   ] Safepoint "Cleanup", Time since last: 1003417251 ns, Reaching safepoint: 80666 ns, Cleanup: 53042 ns, At safepoint: 79792 ns, Total: 213500 ns
[2025-09-17T07:16:12.240+0000][187][info ][safepoint   ] Safepoint "Cleanup", Time since last: 4004191918 ns, Reaching safepoint: 243208 ns, Cleanup: 74792 ns, At safepoint: 27375 ns, Total: 345375 ns
[2025-09-17T07:16:25.259+0000][187][info ][safepoint   ] Safepoint "Cleanup", Time since last: 13018823506 ns, Reaching safepoint: 153250 ns, Cleanup: 41375 ns, At safepoint: 32833 ns, Total: 227458 ns
[2025-09-17T07:16:41.473+0000][187][info ][safepoint   ] Safepoint "Cleanup", Time since last: 16213829008 ns, Reaching safepoint: 93708 ns, Cleanup: 55667 ns, At safepoint: 17458 ns, Total: 166833 ns
[2025-09-17T07:16:48.485+0000][187][info ][safepoint   ] Safepoint "Cleanup", Time since last: 7011918420 ns, Reaching safepoint: 144042 ns, Cleanup: 28625 ns, At safepoint: 14916 ns, Total: 187583 ns
[2025-09-17T07:16:51.490+0000][187][info ][safepoint   ] Safepoint "Cleanup", Time since last: 3004308002 ns, Reaching safepoint: 58916 ns, Cleanup: 32292 ns, At safepoint: 15500 ns, Total: 106708 ns
[2025-09-17T07:16:53.807+0000][187][info ][safepoint   ] Safepoint "Cleanup", Time since last: 2316952251 ns, Reaching safepoint: 3209 ns, Cleanup: 6375 ns, At safepoint: 4833 ns, Total: 14417 ns
[2025-09-17T07:16:55.421+0000][187][info ][safepoint   ] Safepoint "Cleanup", Time since last: 1614215834 ns, Reaching safepoint: 96333 ns, Cleanup: 50375 ns, At safepoint: 12084 ns, Total: 158792 ns
[2025-09-17T07:16:59.426+0000][187][info ][safepoint   ] Safepoint "Cleanup", Time since last: 4004557960 ns, Reaching safepoint: 46917 ns, Cleanup: 11708 ns, At safepoint: 15125 ns, Total: 73750 ns
[2025-09-17T07:17:06.437+0000][187][info ][safepoint   ] Safepoint "Cleanup", Time since last: 7011490503 ns, Reaching safepoint: 123917 ns, Cleanup: 51375 ns, At safepoint: 21292 ns, Total: 196584 ns
[2025-09-17T07:17:07.438+0000][187][info ][safepoint   ] Safepoint "Cleanup", Time since last: 1001056083 ns, Reaching safepoint: 24167 ns, Cleanup: 17083 ns, At safepoint: 10750 ns, Total: 52000 ns
[2025-09-17T07:17:11.449+0000][187][info ][safepoint   ] Safepoint "Cleanup", Time since last: 4009962085 ns, Reaching safepoint: 422833 ns, Cleanup: 82500 ns, At safepoint: 31959 ns, Total: 537292 ns
[2025-09-17T07:17:38.791+0000][187][info ][safepoint   ] Safepoint "Cleanup", Time since last: 27342191970 ns, Reaching safepoint: 16042 ns, Cleanup: 30125 ns, At safepoint: 6583 ns, Total: 52750 ns
[2025-09-17T07:17:40.573+0000][187][info ][safepoint   ] Safepoint "Cleanup", Time since last: 1781545918 ns, Reaching safepoint: 106250 ns, Cleanup: 64833 ns, At safepoint: 24875 ns, Total: 195958 ns
[2025-09-17T07:17:41.637+0000][187][info ][safepoint   ] Safepoint "Cleanup", Time since last: 1063915126 ns, Reaching safepoint: 13083 ns, Cleanup: 14375 ns, At safepoint: 3250 ns, Total: 30708 ns
[2025-09-17T07:17:44.642+0000][187][info ][safepoint   ] Safepoint "Cleanup", Time since last: 3005145668 ns, Reaching safepoint: 97167 ns, Cleanup: 27625 ns, At safepoint: 31458 ns, Total: 156250 ns
[2025-09-17T07:17:45.644+0000][187][info ][safepoint   ] Safepoint "Cleanup", Time since last: 1001632001 ns, Reaching safepoint: 19416 ns, Cleanup: 47750 ns, At safepoint: 11625 ns, Total: 78791 ns
[2025-09-17T07:17:49.652+0000][187][info ][safepoint   ] Safepoint "Cleanup", Time since last: 4008194544 ns, Reaching safepoint: 88417 ns, Cleanup: 46625 ns, At safepoint: 42875 ns, Total: 177917 ns
[2025-09-17T07:17:54.661+0000][187][info ][safepoint   ] Safepoint "Cleanup", Time since last: 5008444919 ns, Reaching safepoint: 161500 ns, Cleanup: 58208 ns, At safepoint: 35208 ns, Total: 254916 ns
[2025-09-17T07:17:57.678+0000][187][info ][safepoint   ] Safepoint "Cleanup", Time since last: 3017044085 ns, Reaching safepoint: 15958 ns, Cleanup: 42042 ns, At safepoint: 18542 ns, Total: 76542 ns
[2025-09-17T07:18:03.738+0000][187][info ][safepoint   ] Safepoint "Cleanup", Time since last: 6059563378 ns, Reaching safepoint: 118083 ns, Cleanup: 40250 ns, At safepoint: 37667 ns, Total: 196000 ns
[2025-09-17T07:18:07.757+0000][187][info ][safepoint   ] Safepoint "Cleanup", Time since last: 4018826085 ns, Reaching safepoint: 213750 ns, Cleanup: 73458 ns, At safepoint: 33292 ns, Total: 320500 ns
[2025-09-17T07:18:20.788+0000][187][info ][safepoint   ] Safepoint "Cleanup", Time since last: 13030128380 ns, Reaching safepoint: 629375 ns, Cleanup: 21958 ns, At safepoint: 21542 ns, Total: 672875 ns
[2025-09-17T07:18:39.791+0000][187][info ][safepoint   ] Safepoint "Cleanup", Time since last: 19002327092 ns, Reaching safepoint: 138500 ns, Cleanup: 71417 ns, At safepoint: 17583 ns, Total: 227500 ns
[2025-09-17T07:18:50.813+0000][187][info ][safepoint   ] Safepoint "Cleanup", Time since last: 11022243630 ns, Reaching safepoint: 29542 ns, Cleanup: 19000 ns, At safepoint: 12291 ns, Total: 60833 ns
[2025-09-17T07:18:57.826+0000][187][info ][safepoint   ] Safepoint "Cleanup", Time since last: 7011857920 ns, Reaching safepoint: 250167 ns, Cleanup: 74208 ns, At safepoint: 53834 ns, Total: 378209 ns
[2025-09-17T07:18:59.827+0000][187][info ][safepoint   ] Safepoint "Cleanup", Time since last: 2001398126 ns, Reaching safepoint: 5125 ns, Cleanup: 4916 ns, At safepoint: 2125 ns, Total: 12166 ns
[2025-09-17T07:19:00.861+0000][187][info ][safepoint   ] Safepoint "Cleanup", Time since last: 1033600126 ns, Reaching safepoint: 69000 ns, Cleanup: 53000 ns, At safepoint: 18417 ns, Total: 140417 ns
[2025-09-17T07:19:01.934+0000][187][info ][safepoint   ] Safepoint "Cleanup", Time since last: 1073582667 ns, Reaching safepoint: 20500 ns, Cleanup: 20750 ns, At safepoint: 8875 ns, Total: 50125 ns
[2025-09-17T07:19:07.954+0000][187][info ][safepoint   ] Safepoint "Cleanup", Time since last: 6019286378 ns, Reaching safepoint: 90875 ns, Cleanup: 64666 ns, At safepoint: 26209 ns, Total: 181750 ns
[2025-09-17T07:19:08.955+0000][187][info ][safepoint   ] Safepoint "Cleanup", Time since last: 1001819333 ns, Reaching safepoint: 14000 ns, Cleanup: 12458 ns, At safepoint: 8334 ns, Total: 34792 ns
[2025-09-17T07:19:14.973+0000][187][info ][safepoint   ] Safepoint "Cleanup", Time since last: 6017333961 ns, Reaching safepoint: 103750 ns, Cleanup: 18083 ns, At safepoint: 10667 ns, Total: 132500 ns
[2025-09-17T07:19:17.982+0000][187][info ][safepoint   ] Safepoint "Cleanup", Time since last: 3008867918 ns, Reaching safepoint: 108083 ns, Cleanup: 78375 ns, At safepoint: 65125 ns, Total: 251583 ns
[2025-09-17T07:19:18.986+0000][187][info ][safepoint   ] Safepoint "Cleanup", Time since last: 1003893459 ns, Reaching safepoint: 317709 ns, Cleanup: 42333 ns, At safepoint: 39042 ns, Total: 399084 ns
[2025-09-17T07:19:19.989+0000][187][info ][safepoint   ] Safepoint "Cleanup", Time since last: 1003020333 ns, Reaching safepoint: 79500 ns, Cleanup: 22084 ns, At safepoint: 12333 ns, Total: 113917 ns
[2025-09-17T07:19:24.001+0000][187][info ][safepoint   ] Safepoint "Cleanup", Time since last: 4011924460 ns, Reaching safepoint: 70167 ns, Cleanup: 17625 ns, At safepoint: 11708 ns, Total: 99500 ns
[2025-09-17T07:19:35.041+0000][187][info ][safepoint   ] Safepoint "Cleanup", Time since last: 11039628172 ns, Reaching safepoint: 166584 ns, Cleanup: 50625 ns, At safepoint: 18833 ns, Total: 236042 ns
[2025-09-17T07:19:49.036+0000][187][info ][safepoint   ] Safepoint "Cleanup", Time since last: 13994750881 ns, Reaching safepoint: 106834 ns, Cleanup: 69083 ns, At safepoint: 24250 ns, Total: 200167 ns
[2025-09-17T07:19:52.049+0000][187][info ][safepoint   ] Safepoint "Cleanup", Time since last: 3012878418 ns, Reaching safepoint: 27042 ns, Cleanup: 34583 ns, At safepoint: 18250 ns, Total: 79875 ns
[2025-09-17T07:19:59.084+0000][187][info ][safepoint   ] Safepoint "Cleanup", Time since last: 7034969753 ns, Reaching safepoint: 83084 ns, Cleanup: 49125 ns, At safepoint: 20958 ns, Total: 153167 ns
[2025-09-17T07:20:02.861+0000][187][info ][safepoint   ] Safepoint "Cleanup", Time since last: 3776284085 ns, Reaching safepoint: 3834 ns, Cleanup: 8041 ns, At safepoint: 7084 ns, Total: 18959 ns
[2025-09-17T07:20:04.112+0000][187][info ][safepoint   ] Safepoint "Cleanup", Time since last: 1251005833 ns, Reaching safepoint: 104834 ns, Cleanup: 132000 ns, At safepoint: 31416 ns, Total: 268250 ns
[2025-09-17T07:20:07.122+0000][187][info ][safepoint   ] Safepoint "Cleanup", Time since last: 3009912085 ns, Reaching safepoint: 63292 ns, Cleanup: 35250 ns, At safepoint: 12000 ns, Total: 110542 ns
[2025-09-17T07:20:19.157+0000][187][info ][safepoint   ] Safepoint "Cleanup", Time since last: 12034355005 ns, Reaching safepoint: 561000 ns, Cleanup: 162292 ns, At safepoint: 22541 ns, Total: 745833 ns
[2025-09-17T07:20:21.169+0000][187][info ][safepoint   ] Safepoint "Cleanup", Time since last: 2012142251 ns, Reaching safepoint: 107875 ns, Cleanup: 42292 ns, At safepoint: 20875 ns, Total: 171042 ns
[2025-09-17T07:20:24.184+0000][187][info ][safepoint   ] Safepoint "Cleanup", Time since last: 3014795918 ns, Reaching safepoint: 168375 ns, Cleanup: 52875 ns, At safepoint: 20792 ns, Total: 242042 ns
[2025-09-17T07:20:26.188+0000][187][info ][safepoint   ] Safepoint "Cleanup", Time since last: 2003208459 ns, Reaching safepoint: 41292 ns, Cleanup: 21500 ns, At safepoint: 7625 ns, Total: 70417 ns
[2025-09-17T07:20:27.190+0000][187][info ][safepoint   ] Safepoint "Cleanup", Time since last: 1002629458 ns, Reaching safepoint: 50042 ns, Cleanup: 26917 ns, At safepoint: 14250 ns, Total: 91209 ns
[2025-09-17T07:20:29.197+0000][187][info ][safepoint   ] Safepoint "Cleanup", Time since last: 2006365459 ns, Reaching safepoint: 241167 ns, Cleanup: 44458 ns, At safepoint: 30083 ns, Total: 315708 ns
[2025-09-17T07:20:31.202+0000][187][info ][safepoint   ] Safepoint "Cleanup", Time since last: 2004646876 ns, Reaching safepoint: 88459 ns, Cleanup: 52000 ns, At safepoint: 15458 ns, Total: 155917 ns
[2025-09-17T07:20:42.045+0000][187][info ][safepoint   ] Safepoint "Cleanup", Time since last: 10846818630 ns, Reaching safepoint: 120541 ns, Cleanup: 36084 ns, At safepoint: 19333 ns, Total: 175958 ns
[2025-09-17T07:20:56.091+0000][187][info ][safepoint   ] Safepoint "Cleanup", Time since last: 14045381215 ns, Reaching safepoint: 413292 ns, Cleanup: 51333 ns, At safepoint: 27667 ns, Total: 492292 ns
[2025-09-17T07:21:00.552+0000][187][info ][gc,start    ] GC(29) Pause Young (Prepare Mixed) (G1 Evacuation Pause)
[2025-09-17T07:21:00.552+0000][187][info ][gc,task     ] GC(29) Using 8 workers of 8 for evacuation
[2025-09-17T07:21:00.552+0000][187][debug][gc,age      ] GC(29) Desired survivor size 41943040 bytes, new threshold 15 (max threshold 15)
[2025-09-17T07:21:00.622+0000][187][info ][gc,phases   ] GC(29)   Pre Evacuate Collection Set: 1.35ms
[2025-09-17T07:21:00.623+0000][187][info ][gc,phases   ] GC(29)   Merge Heap Roots: 0.46ms
[2025-09-17T07:21:00.623+0000][187][info ][gc,phases   ] GC(29)   Evacuate Collection Set: 60.68ms
[2025-09-17T07:21:00.623+0000][187][info ][gc,phases   ] GC(29)   Post Evacuate Collection Set: 7.22ms
[2025-09-17T07:21:00.623+0000][187][info ][gc,phases   ] GC(29)   Other: 0.44ms
[2025-09-17T07:21:00.623+0000][187][trace][gc,age      ] GC(29) Age table with threshold 15 (max threshold 15)
[2025-09-17T07:21:00.623+0000][187][trace][gc,age      ] GC(29) - age   1:    1148192 bytes,    1148192 total
[2025-09-17T07:21:00.623+0000][187][trace][gc,age      ] GC(29) - age   2:     117000 bytes,    1265192 total
[2025-09-17T07:21:00.623+0000][187][trace][gc,age      ] GC(29) - age   3:      70616 bytes,    1335808 total
[2025-09-17T07:21:00.623+0000][187][trace][gc,age      ] GC(29) - age   4:      80808 bytes,    1416616 total
[2025-09-17T07:21:00.623+0000][187][trace][gc,age      ] GC(29) - age   5:     147968 bytes,    1564584 total
[2025-09-17T07:21:00.623+0000][187][trace][gc,age      ] GC(29) - age   6:    1177592 bytes,    2742176 total
[2025-09-17T07:21:00.623+0000][187][trace][gc,age      ] GC(29) - age   7:    1387744 bytes,    4129920 total
[2025-09-17T07:21:00.623+0000][187][trace][gc,age      ] GC(29) - age   8:    3163368 bytes,    7293288 total
[2025-09-17T07:21:00.623+0000][187][trace][gc,age      ] GC(29) - age   9:    3547432 bytes,   10840720 total
[2025-09-17T07:21:00.623+0000][187][trace][gc,age      ] GC(29) - age  10:    2072888 bytes,   12913608 total
[2025-09-17T07:21:00.623+0000][187][trace][gc,age      ] GC(29) - age  11:   18480160 bytes,   31393768 total
[2025-09-17T07:21:00.623+0000][187][trace][gc,age      ] GC(29) - age  12:     224192 bytes,   31617960 total
[2025-09-17T07:21:00.623+0000][187][info ][gc,heap     ] GC(29) Eden regions: 144->0(144)
[2025-09-17T07:21:00.623+0000][187][info ][gc,heap     ] GC(29) Survivor regions: 9->9(20)
[2025-09-17T07:21:00.623+0000][187][info ][gc,heap     ] GC(29) Old regions: 29->29
[2025-09-17T07:21:00.623+0000][187][info ][gc,heap     ] GC(29) Humongous regions: 2->2
[2025-09-17T07:21:00.623+0000][187][info ][gc,metaspace] GC(29) Metaspace: 157461K(164288K)->157461K(164288K) NonClass: 136303K(140416K)->136303K(140416K) Class: 21158K(23872K)->21158K(23872K)
[2025-09-17T07:21:00.624+0000][187][info ][gc          ] GC(29) Pause Young (Prepare Mixed) (G1 Evacuation Pause) 731M->155M(1024M) 71.717ms
[2025-09-17T07:21:00.624+0000][187][info ][gc,cpu      ] GC(29) User=0.51s Sys=0.01s Real=0.07s
[2025-09-17T07:21:00.624+0000][187][info ][safepoint   ] Safepoint "G1CollectForAllocation", Time since last: 4460518377 ns, Reaching safepoint: 72458 ns, Cleanup: 32750 ns, At safepoint: 72023375 ns, Total: 72128583 ns
[2025-09-17T07:21:05.627+0000][187][info ][safepoint   ] Safepoint "Cleanup", Time since last: 5003665502 ns, Reaching safepoint: 66459 ns, Cleanup: 24625 ns, At safepoint: 18375 ns, Total: 109459 ns
[2025-09-17T07:21:07.348+0000][187][info ][safepoint   ] Safepoint "Cleanup", Time since last: 1719848376 ns, Reaching safepoint: 102250 ns, Cleanup: 81166 ns, At safepoint: 24459 ns, Total: 207875 ns
[2025-09-17T07:21:09.346+0000][187][info ][safepoint   ] Safepoint "Cleanup", Time since last: 2004123125 ns, Reaching safepoint: 121958 ns, Cleanup: 24959 ns, At safepoint: 29208 ns, Total: 176125 ns
[2025-09-17T07:21:10.354+0000][187][info ][safepoint   ] Safepoint "Cleanup", Time since last: 1007668625 ns, Reaching safepoint: 237875 ns, Cleanup: 61959 ns, At safepoint: 26250 ns, Total: 326084 ns
[2025-09-17T07:21:11.355+0000][187][info ][safepoint   ] Safepoint "Cleanup", Time since last: 1001666375 ns, Reaching safepoint: 89459 ns, Cleanup: 43250 ns, At safepoint: 20083 ns, Total: 152792 ns
[2025-09-17T07:21:18.378+0000][187][info ][safepoint   ] Safepoint "Cleanup", Time since last: 7022893670 ns, Reaching safepoint: 102625 ns, Cleanup: 40792 ns, At safepoint: 29583 ns, Total: 173000 ns
[2025-09-17T07:21:20.382+0000][187][info ][safepoint   ] Safepoint "Cleanup", Time since last: 2003097584 ns, Reaching safepoint: 108042 ns, Cleanup: 51750 ns, At safepoint: 33125 ns, Total: 192917 ns
[2025-09-17T07:21:21.384+0000][187][info ][safepoint   ] Safepoint "Cleanup", Time since last: 1002553667 ns, Reaching safepoint: 84875 ns, Cleanup: 43250 ns, At safepoint: 16292 ns, Total: 144417 ns
[2025-09-17T07:21:40.270+0000][187][info ][safepoint   ] Safepoint "Cleanup", Time since last: 18886526217 ns, Reaching safepoint: 198875 ns, Cleanup: 63083 ns, At safepoint: 34958 ns, Total: 296916 ns
[2025-09-17T07:21:46.290+0000][187][info ][safepoint   ] Safepoint "Cleanup", Time since last: 6019937878 ns, Reaching safepoint: 48459 ns, Cleanup: 24041 ns, At safepoint: 11667 ns, Total: 84167 ns
[2025-09-17T07:21:54.304+0000][187][info ][safepoint   ] Safepoint "Cleanup", Time since last: 8012897754 ns, Reaching safepoint: 145250 ns, Cleanup: 58625 ns, At safepoint: 95916 ns, Total: 299791 ns
[2025-09-17T07:21:59.314+0000][187][info ][safepoint   ] Safepoint "Cleanup", Time since last: 5010458253 ns, Reaching safepoint: 138958 ns, Cleanup: 64042 ns, At safepoint: 23708 ns, Total: 226708 ns
[2025-09-17T07:22:09.568+0000][187][info ][safepoint   ] Safepoint "Cleanup", Time since last: 10253978338 ns, Reaching safepoint: 4625 ns, Cleanup: 7333 ns, At safepoint: 9083 ns, Total: 21041 ns
[2025-09-17T07:22:15.586+0000][187][info ][safepoint   ] Safepoint "Cleanup", Time since last: 6017730587 ns, Reaching safepoint: 66583 ns, Cleanup: 68500 ns, At safepoint: 17625 ns, Total: 152708 ns
[2025-09-17T07:22:39.509+0000][187][info ][safepoint   ] Safepoint "Cleanup", Time since last: 23922835719 ns, Reaching safepoint: 91416 ns, Cleanup: 85750 ns, At safepoint: 22584 ns, Total: 199750 ns
[2025-09-17T07:22:40.794+0000][187][info ][safepoint   ] Safepoint "Cleanup", Time since last: 1285300792 ns, Reaching safepoint: 4917 ns, Cleanup: 11333 ns, At safepoint: 8125 ns, Total: 24375 ns
[2025-09-17T07:22:51.370+0000][187][info ][safepoint   ] Safepoint "Cleanup", Time since last: 10575325047 ns, Reaching safepoint: 85541 ns, Cleanup: 46292 ns, At safepoint: 19667 ns, Total: 151500 ns
[2025-09-17T07:22:56.379+0000][187][info ][safepoint   ] Safepoint "Cleanup", Time since last: 5009169752 ns, Reaching safepoint: 103375 ns, Cleanup: 54083 ns, At safepoint: 25125 ns, Total: 182583 ns
[2025-09-17T07:23:00.389+0000][187][info ][safepoint   ] Safepoint "Cleanup", Time since last: 4009236336 ns, Reaching safepoint: 286083 ns, Cleanup: 45792 ns, At safepoint: 28000 ns, Total: 359875 ns
[2025-09-17T07:23:07.403+0000][187][info ][safepoint   ] Safepoint "Cleanup", Time since last: 7014616878 ns, Reaching safepoint: 92500 ns, Cleanup: 29375 ns, At safepoint: 20667 ns, Total: 142542 ns
[2025-09-17T07:23:11.419+0000][187][info ][safepoint   ] Safepoint "Cleanup", Time since last: 4015012876 ns, Reaching safepoint: 356250 ns, Cleanup: 150833 ns, At safepoint: 39167 ns, Total: 546250 ns
[2025-09-17T07:23:12.859+0000][187][info ][safepoint   ] Safepoint "Cleanup", Time since last: 1440184084 ns, Reaching safepoint: 5375 ns, Cleanup: 29125 ns, At safepoint: 10583 ns, Total: 45083 ns
[2025-09-17T07:23:41.544+0000][187][info ][safepoint   ] Safepoint "Cleanup", Time since last: 28684918930 ns, Reaching safepoint: 124958 ns, Cleanup: 53209 ns, At safepoint: 21500 ns, Total: 199667 ns
[2025-09-17T07:23:45.551+0000][187][info ][safepoint   ] Safepoint "Cleanup", Time since last: 4006270127 ns, Reaching safepoint: 86666 ns, Cleanup: 37084 ns, At safepoint: 12000 ns, Total: 135750 ns
[2025-09-17T07:23:50.558+0000][187][info ][safepoint   ] Safepoint "Cleanup", Time since last: 5007326585 ns, Reaching safepoint: 37750 ns, Cleanup: 20959 ns, At safepoint: 17958 ns, Total: 76667 ns
[2025-09-17T07:23:53.563+0000][187][info ][safepoint   ] Safepoint "Cleanup", Time since last: 3004448001 ns, Reaching safepoint: 291750 ns, Cleanup: 65750 ns, At safepoint: 33625 ns, Total: 391125 ns
[2025-09-17T07:24:05.577+0000][187][info ][safepoint   ] Safepoint "Cleanup", Time since last: 12012916714 ns, Reaching safepoint: 1411709 ns, Cleanup: 24916 ns, At safepoint: 54917 ns, Total: 1491542 ns
[2025-09-17T07:24:06.581+0000][187][info ][safepoint   ] Safepoint "Cleanup", Time since last: 1004023042 ns, Reaching safepoint: 69084 ns, Cleanup: 25958 ns, At safepoint: 12167 ns, Total: 107209 ns
[2025-09-17T07:24:07.584+0000][187][info ][safepoint   ] Safepoint "Cleanup", Time since last: 1002151333 ns, Reaching safepoint: 109000 ns, Cleanup: 95542 ns, At safepoint: 26208 ns, Total: 230750 ns
[2025-09-17T07:24:14.913+0000][187][info ][safepoint   ] Safepoint "Cleanup", Time since last: 7328904170 ns, Reaching safepoint: 4583 ns, Cleanup: 5334 ns, At safepoint: 6333 ns, Total: 16250 ns
[2025-09-17T07:24:16.106+0000][187][info ][safepoint   ] Safepoint "Cleanup", Time since last: 1192850250 ns, Reaching safepoint: 112042 ns, Cleanup: 135583 ns, At safepoint: 88000 ns, Total: 335625 ns
[2025-09-17T07:24:21.111+0000][187][info ][safepoint   ] Safepoint "Cleanup", Time since last: 5005007045 ns, Reaching safepoint: 30750 ns, Cleanup: 12416 ns, At safepoint: 9250 ns, Total: 52416 ns
[2025-09-17T07:24:31.125+0000][187][info ][safepoint   ] Safepoint "Cleanup", Time since last: 10013128505 ns, Reaching safepoint: 395417 ns, Cleanup: 60333 ns, At safepoint: 20292 ns, Total: 476042 ns
[2025-09-17T07:24:36.133+0000][187][info ][safepoint   ] Safepoint "Cleanup", Time since last: 5007961794 ns, Reaching safepoint: 192250 ns, Cleanup: 92500 ns, At safepoint: 30000 ns, Total: 314750 ns
[2025-09-17T07:24:40.672+0000][187][info ][safepoint   ] Safepoint "Cleanup", Time since last: 4539289043 ns, Reaching safepoint: 102834 ns, Cleanup: 86291 ns, At safepoint: 25167 ns, Total: 214292 ns
[2025-09-17T07:25:15.741+0000][187][info ][safepoint   ] Safepoint "Cleanup", Time since last: 35067969349 ns, Reaching safepoint: 74792 ns, Cleanup: 30333 ns, At safepoint: 20250 ns, Total: 125375 ns
[2025-09-17T07:25:17.942+0000][187][info ][safepoint   ] Safepoint "Cleanup", Time since last: 2201233835 ns, Reaching safepoint: 4375 ns, Cleanup: 5666 ns, At safepoint: 6584 ns, Total: 16625 ns
[2025-09-17T07:25:19.347+0000][187][info ][safepoint   ] Safepoint "Cleanup", Time since last: 1405068750 ns, Reaching safepoint: 92209 ns, Cleanup: 99000 ns, At safepoint: 13791 ns, Total: 205000 ns
[2025-09-17T07:26:07.954+0000][187][info ][safepoint   ] Safepoint "Cleanup", Time since last: 48604101231 ns, Reaching safepoint: 2818875 ns, Cleanup: 82250 ns, At safepoint: 23834 ns, Total: 2924959 ns
[2025-09-17T07:26:08.957+0000][187][info ][safepoint   ] Safepoint "Cleanup", Time since last: 1002226000 ns, Reaching safepoint: 63125 ns, Cleanup: 17708 ns, At safepoint: 7583 ns, Total: 88416 ns
[2025-09-17T07:26:20.966+0000][187][info ][safepoint   ] Safepoint "Cleanup", Time since last: 12009194173 ns, Reaching safepoint: 5375 ns, Cleanup: 12625 ns, At safepoint: 11541 ns, Total: 29541 ns
[2025-09-17T07:26:22.616+0000][187][info ][safepoint   ] Safepoint "Cleanup", Time since last: 1649633960 ns, Reaching safepoint: 95375 ns, Cleanup: 39791 ns, At safepoint: 17459 ns, Total: 152625 ns
[2025-09-17T07:27:06.028+0000][187][info ][safepoint   ] Safepoint "Cleanup", Time since last: 43411802228 ns, Reaching safepoint: 42292 ns, Cleanup: 22125 ns, At safepoint: 6875 ns, Total: 71292 ns
[2025-09-17T07:27:08.031+0000][187][info ][safepoint   ] Safepoint "Cleanup", Time since last: 2003136584 ns, Reaching safepoint: 202458 ns, Cleanup: 118959 ns, At safepoint: 26750 ns, Total: 348167 ns
[2025-09-17T07:27:23.982+0000][187][info ][safepoint   ] Safepoint "Cleanup", Time since last: 15951137423 ns, Reaching safepoint: 5208 ns, Cleanup: 6750 ns, At safepoint: 3792 ns, Total: 15750 ns
[2025-09-17T07:27:30.794+0000][187][info ][safepoint   ] Safepoint "Cleanup", Time since last: 6811114878 ns, Reaching safepoint: 199708 ns, Cleanup: 44542 ns, At safepoint: 31625 ns, Total: 275875 ns
[2025-09-17T07:27:30.948+0000][187][info ][gc,start    ] GC(30) Pause Young (Mixed) (G1 Evacuation Pause)
[2025-09-17T07:27:30.948+0000][187][info ][gc,task     ] GC(30) Using 8 workers of 8 for evacuation
[2025-09-17T07:27:30.948+0000][187][debug][gc,age      ] GC(30) Desired survivor size 41943040 bytes, new threshold 15 (max threshold 15)
[2025-09-17T07:27:30.988+0000][187][info ][gc,phases   ] GC(30)   Pre Evacuate Collection Set: 0.64ms
[2025-09-17T07:27:30.988+0000][187][info ][gc,phases   ] GC(30)   Merge Heap Roots: 0.19ms
[2025-09-17T07:27:30.988+0000][187][info ][gc,phases   ] GC(30)   Evacuate Collection Set: 35.89ms
[2025-09-17T07:27:30.988+0000][187][info ][gc,phases   ] GC(30)   Post Evacuate Collection Set: 2.78ms
[2025-09-17T07:27:30.988+0000][187][info ][gc,phases   ] GC(30)   Other: 0.26ms
[2025-09-17T07:27:30.988+0000][187][trace][gc,age      ] GC(30) Age table with threshold 15 (max threshold 15)
[2025-09-17T07:27:30.988+0000][187][trace][gc,age      ] GC(30) - age   1:     987264 bytes,     987264 total
[2025-09-17T07:27:30.988+0000][187][trace][gc,age      ] GC(30) - age   2:     102472 bytes,    1089736 total
[2025-09-17T07:27:30.988+0000][187][trace][gc,age      ] GC(30) - age   3:      99488 bytes,    1189224 total
[2025-09-17T07:27:30.988+0000][187][trace][gc,age      ] GC(30) - age   4:      70360 bytes,    1259584 total
[2025-09-17T07:27:30.988+0000][187][trace][gc,age      ] GC(30) - age   5:      80680 bytes,    1340264 total
[2025-09-17T07:27:30.988+0000][187][trace][gc,age      ] GC(30) - age   6:     147968 bytes,    1488232 total
[2025-09-17T07:27:30.988+0000][187][trace][gc,age      ] GC(30) - age   7:    1177504 bytes,    2665736 total
[2025-09-17T07:27:30.988+0000][187][trace][gc,age      ] GC(30) - age   8:    1387744 bytes,    4053480 total
[2025-09-17T07:27:30.988+0000][187][trace][gc,age      ] GC(30) - age   9:    3163368 bytes,    7216848 total
[2025-09-17T07:27:30.988+0000][187][trace][gc,age      ] GC(30) - age  10:    3547288 bytes,   10764136 total
[2025-09-17T07:27:30.988+0000][187][trace][gc,age      ] GC(30) - age  11:    2072800 bytes,   12836936 total
[2025-09-17T07:27:30.988+0000][187][trace][gc,age      ] GC(30) - age  12:   18479744 bytes,   31316680 total
[2025-09-17T07:27:30.989+0000][187][trace][gc,age      ] GC(30) - age  13:     224192 bytes,   31540872 total
[2025-09-17T07:27:30.989+0000][187][info ][gc,heap     ] GC(30) Eden regions: 144->0(144)
[2025-09-17T07:27:30.989+0000][187][info ][gc,heap     ] GC(30) Survivor regions: 9->9(20)
[2025-09-17T07:27:30.989+0000][187][info ][gc,heap     ] GC(30) Old regions: 29->29
[2025-09-17T07:27:30.989+0000][187][info ][gc,heap     ] GC(30) Humongous regions: 2->2
[2025-09-17T07:27:30.989+0000][187][info ][gc,metaspace] GC(30) Metaspace: 157617K(164288K)->157617K(164288K) NonClass: 136456K(140416K)->136456K(140416K) Class: 21160K(23872K)->21160K(23872K)
[2025-09-17T07:27:30.989+0000][187][info ][gc          ] GC(30) Pause Young (Mixed) (G1 Evacuation Pause) 731M->153M(1024M) 40.718ms
[2025-09-17T07:27:30.989+0000][187][info ][gc,cpu      ] GC(30) User=0.29s Sys=0.00s Real=0.04s
[2025-09-17T07:27:30.989+0000][187][info ][safepoint   ] Safepoint "G1CollectForAllocation", Time since last: 154270625 ns, Reaching safepoint: 21167 ns, Cleanup: 3833 ns, At safepoint: 40865542 ns, Total: 40890542 ns
[2025-09-17T07:27:31.990+0000][187][info ][safepoint   ] Safepoint "Cleanup", Time since last: 1001380542 ns, Reaching safepoint: 64917 ns, Cleanup: 39000 ns, At safepoint: 15333 ns, Total: 119250 ns
[2025-09-17T07:27:35.966+0000][187][info ][safepoint   ] Safepoint "Cleanup", Time since last: 3976037252 ns, Reaching safepoint: 6750 ns, Cleanup: 34667 ns, At safepoint: 7250 ns, Total: 48667 ns
[2025-09-17T07:27:36.115+0000][187][info ][safepoint   ] Safepoint "ICBufferFull", Time since last: 148117125 ns, Reaching safepoint: 8041 ns, Cleanup: 126667 ns, At safepoint: 11208 ns, Total: 145916 ns
[2025-09-17T07:27:37.885+0000][187][info ][safepoint   ] Safepoint "Cleanup", Time since last: 1770181585 ns, Reaching safepoint: 141458 ns, Cleanup: 379792 ns, At safepoint: 32708 ns, Total: 553958 ns
[2025-09-17T07:27:38.975+0000][187][info ][safepoint   ] Safepoint "Cleanup", Time since last: 1090012458 ns, Reaching safepoint: 5750 ns, Cleanup: 9792 ns, At safepoint: 7458 ns, Total: 23000 ns
[2025-09-17T07:27:40.071+0000][187][info ][safepoint   ] Safepoint "Cleanup", Time since last: 1095409167 ns, Reaching safepoint: 4500 ns, Cleanup: 70625 ns, At safepoint: 7959 ns, Total: 83084 ns
[2025-09-17T07:27:41.250+0000][187][info ][safepoint   ] Safepoint "Cleanup", Time since last: 1179519000 ns, Reaching safepoint: 11208 ns, Cleanup: 78334 ns, At safepoint: 10250 ns, Total: 99792 ns
[2025-09-17T07:27:46.259+0000][187][info ][safepoint   ] Safepoint "Cleanup", Time since last: 5008818377 ns, Reaching safepoint: 29709 ns, Cleanup: 13750 ns, At safepoint: 10500 ns, Total: 53959 ns
[2025-09-17T07:27:51.264+0000][187][info ][safepoint   ] Safepoint "Cleanup", Time since last: 5005235502 ns, Reaching safepoint: 103917 ns, Cleanup: 28500 ns, At safepoint: 57375 ns, Total: 189792 ns
[2025-09-17T07:27:54.270+0000][187][info ][safepoint   ] Safepoint "Cleanup", Time since last: 3005449126 ns, Reaching safepoint: 69208 ns, Cleanup: 59625 ns, At safepoint: 25917 ns, Total: 154750 ns
[2025-09-17T07:27:55.271+0000][187][info ][safepoint   ] Safepoint "Cleanup", Time since last: 1000827625 ns, Reaching safepoint: 81250 ns, Cleanup: 51959 ns, At safepoint: 22875 ns, Total: 156084 ns
[2025-09-17T07:28:00.278+0000][187][info ][safepoint   ] Safepoint "Cleanup", Time since last: 5006978544 ns, Reaching safepoint: 282792 ns, Cleanup: 72750 ns, At safepoint: 33541 ns, Total: 389083 ns
[2025-09-17T07:28:01.285+0000][187][info ][safepoint   ] Safepoint "Cleanup", Time since last: 1005998751 ns, Reaching safepoint: 77708 ns, Cleanup: 54292 ns, At safepoint: 81916 ns, Total: 213916 ns
[2025-09-17T07:28:06.299+0000][187][info ][safepoint   ] Safepoint "Cleanup", Time since last: 5014024419 ns, Reaching safepoint: 81250 ns, Cleanup: 119042 ns, At safepoint: 17542 ns, Total: 217834 ns
[2025-09-17T07:28:07.302+0000][187][info ][safepoint   ] Safepoint "Cleanup", Time since last: 1002792834 ns, Reaching safepoint: 78041 ns, Cleanup: 122375 ns, At safepoint: 37709 ns, Total: 238125 ns
[2025-09-17T07:28:11.311+0000][187][info ][safepoint   ] Safepoint "Cleanup", Time since last: 4008011292 ns, Reaching safepoint: 113834 ns, Cleanup: 73166 ns, At safepoint: 25292 ns, Total: 212292 ns
[2025-09-17T07:28:12.313+0000][187][info ][safepoint   ] Safepoint "Cleanup", Time since last: 1002487917 ns, Reaching safepoint: 135125 ns, Cleanup: 78458 ns, At safepoint: 17917 ns, Total: 231500 ns
[2025-09-17T07:28:16.319+0000][187][info ][safepoint   ] Safepoint "Cleanup", Time since last: 4005339585 ns, Reaching safepoint: 106459 ns, Cleanup: 51000 ns, At safepoint: 16750 ns, Total: 174209 ns
[2025-09-17T07:28:17.419+0000][187][info ][safepoint   ] Safepoint "Cleanup", Time since last: 1099909875 ns, Reaching safepoint: 4250 ns, Cleanup: 67417 ns, At safepoint: 8583 ns, Total: 80250 ns
[2025-09-17T07:28:18.427+0000][187][info ][safepoint   ] Safepoint "Cleanup", Time since last: 1008023626 ns, Reaching safepoint: 66083 ns, Cleanup: 39875 ns, At safepoint: 15167 ns, Total: 121125 ns
[2025-09-17T07:28:21.439+0000][187][info ][safepoint   ] Safepoint "Cleanup", Time since last: 3012336876 ns, Reaching safepoint: 53583 ns, Cleanup: 22042 ns, At safepoint: 12208 ns, Total: 87833 ns
[2025-09-17T07:28:25.447+0000][187][info ][safepoint   ] Safepoint "Cleanup", Time since last: 4007994461 ns, Reaching safepoint: 108541 ns, Cleanup: 56709 ns, At safepoint: 21208 ns, Total: 186458 ns
[2025-09-17T07:28:26.448+0000][187][info ][safepoint   ] Safepoint "Cleanup", Time since last: 1000727584 ns, Reaching safepoint: 24166 ns, Cleanup: 52167 ns, At safepoint: 10917 ns, Total: 87250 ns
[2025-09-17T07:28:28.139+0000][187][info ][safepoint   ] Safepoint "Cleanup", Time since last: 1690888751 ns, Reaching safepoint: 18083 ns, Cleanup: 129042 ns, At safepoint: 12791 ns, Total: 159916 ns
[2025-09-17T07:28:29.186+0000][187][info ][safepoint   ] Safepoint "Cleanup", Time since last: 1046690001 ns, Reaching safepoint: 196083 ns, Cleanup: 67292 ns, At safepoint: 28375 ns, Total: 291750 ns
[2025-09-17T07:28:31.191+0000][187][info ][safepoint   ] Safepoint "Cleanup", Time since last: 2002878417 ns, Reaching safepoint: 1497667 ns, Cleanup: 19292 ns, At safepoint: 30375 ns, Total: 1547334 ns
[2025-09-17T07:28:42.139+0000][187][info ][safepoint   ] Safepoint "Cleanup", Time since last: 10948491463 ns, Reaching safepoint: 20416 ns, Cleanup: 13500 ns, At safepoint: 8542 ns, Total: 42458 ns
[2025-09-17T07:28:50.156+0000][187][info ][safepoint   ] Safepoint "Cleanup", Time since last: 8017162170 ns, Reaching safepoint: 109167 ns, Cleanup: 69000 ns, At safepoint: 17667 ns, Total: 195834 ns
[2025-09-17T07:28:51.160+0000][187][info ][safepoint   ] Safepoint "Cleanup", Time since last: 1003001000 ns, Reaching safepoint: 50167 ns, Cleanup: 32083 ns, At safepoint: 15667 ns, Total: 97917 ns
[2025-09-17T07:28:53.162+0000][187][info ][safepoint   ] Safepoint "Cleanup", Time since last: 2002647417 ns, Reaching safepoint: 49584 ns, Cleanup: 95458 ns, At safepoint: 18542 ns, Total: 163584 ns
[2025-09-17T07:29:01.179+0000][187][info ][safepoint   ] Safepoint "Cleanup", Time since last: 8017044712 ns, Reaching safepoint: 22042 ns, Cleanup: 10625 ns, At safepoint: 6208 ns, Total: 38875 ns
[2025-09-17T07:29:11.202+0000][187][info ][safepoint   ] Safepoint "Cleanup", Time since last: 10021992171 ns, Reaching safepoint: 289000 ns, Cleanup: 70083 ns, At safepoint: 39583 ns, Total: 398666 ns
[2025-09-17T07:29:18.214+0000][187][info ][safepoint   ] Safepoint "Cleanup", Time since last: 7011775087 ns, Reaching safepoint: 142000 ns, Cleanup: 38208 ns, At safepoint: 26209 ns, Total: 206417 ns
[2025-09-17T07:29:24.224+0000][187][info ][safepoint   ] Safepoint "Cleanup", Time since last: 6009413794 ns, Reaching safepoint: 132917 ns, Cleanup: 28417 ns, At safepoint: 21500 ns, Total: 182834 ns
[2025-09-17T07:29:30.039+0000][187][info ][safepoint   ] Safepoint "Cleanup", Time since last: 5815715544 ns, Reaching safepoint: 8667 ns, Cleanup: 33041 ns, At safepoint: 16209 ns, Total: 57917 ns
[2025-09-17T07:29:31.383+0000][187][info ][safepoint   ] Safepoint "Cleanup", Time since last: 1343401417 ns, Reaching safepoint: 155125 ns, Cleanup: 101417 ns, At safepoint: 19500 ns, Total: 276042 ns
[2025-09-17T07:29:42.181+0000][187][info ][safepoint   ] Safepoint "Cleanup", Time since last: 10798274755 ns, Reaching safepoint: 34666 ns, Cleanup: 18667 ns, At safepoint: 7833 ns, Total: 61166 ns
[2025-09-17T07:29:55.210+0000][187][info ][safepoint   ] Safepoint "Cleanup", Time since last: 13028513506 ns, Reaching safepoint: 105792 ns, Cleanup: 45167 ns, At safepoint: 19833 ns, Total: 170792 ns
[2025-09-17T07:30:07.236+0000][187][info ][safepoint   ] Safepoint "Cleanup", Time since last: 12025545381 ns, Reaching safepoint: 83667 ns, Cleanup: 23000 ns, At safepoint: 15333 ns, Total: 122000 ns
[2025-09-17T07:30:26.276+0000][187][info ][safepoint   ] Safepoint "Cleanup", Time since last: 19039290342 ns, Reaching safepoint: 956125 ns, Cleanup: 84333 ns, At safepoint: 40500 ns, Total: 1080958 ns
[2025-09-17T07:30:33.062+0000][187][info ][safepoint   ] Safepoint "Cleanup", Time since last: 6786142379 ns, Reaching safepoint: 5708 ns, Cleanup: 6875 ns, At safepoint: 5125 ns, Total: 17708 ns
[2025-09-17T07:30:34.628+0000][187][info ][safepoint   ] Safepoint "Cleanup", Time since last: 1565305417 ns, Reaching safepoint: 233084 ns, Cleanup: 87708 ns, At safepoint: 25458 ns, Total: 346250 ns
[2025-09-17T07:30:37.638+0000][187][info ][safepoint   ] Safepoint "Cleanup", Time since last: 3010155127 ns, Reaching safepoint: 103458 ns, Cleanup: 44750 ns, At safepoint: 21083 ns, Total: 169291 ns
[2025-09-17T07:30:52.263+0000][187][info ][safepoint   ] Safepoint "Cleanup", Time since last: 14625056715 ns, Reaching safepoint: 18292 ns, Cleanup: 20917 ns, At safepoint: 5791 ns, Total: 45000 ns
[2025-09-17T07:30:54.268+0000][187][info ][safepoint   ] Safepoint "Cleanup", Time since last: 2003895793 ns, Reaching safepoint: 193917 ns, Cleanup: 51166 ns, At safepoint: 40459 ns, Total: 285542 ns
[2025-09-17T07:30:57.273+0000][187][info ][safepoint   ] Safepoint "Cleanup", Time since last: 3005391084 ns, Reaching safepoint: 104875 ns, Cleanup: 50334 ns, At safepoint: 19791 ns, Total: 175000 ns
[2025-09-17T07:31:02.279+0000][187][info ][safepoint   ] Safepoint "Cleanup", Time since last: 5005734461 ns, Reaching safepoint: 100750 ns, Cleanup: 19042 ns, At safepoint: 8125 ns, Total: 127917 ns
[2025-09-17T07:31:07.285+0000][187][info ][safepoint   ] Safepoint "Cleanup", Time since last: 5005729961 ns, Reaching safepoint: 190541 ns, Cleanup: 52459 ns, At safepoint: 31291 ns, Total: 274291 ns
[2025-09-17T07:31:11.290+0000][187][info ][safepoint   ] Safepoint "Cleanup", Time since last: 4004494876 ns, Reaching safepoint: 92542 ns, Cleanup: 72083 ns, At safepoint: 29333 ns, Total: 193958 ns
[2025-09-17T07:31:33.332+0000][187][info ][safepoint   ] Safepoint "Cleanup", Time since last: 22041806261 ns, Reaching safepoint: 33292 ns, Cleanup: 16541 ns, At safepoint: 8834 ns, Total: 58667 ns
[2025-09-17T07:31:36.057+0000][187][info ][safepoint   ] Safepoint "Cleanup", Time since last: 2725567584 ns, Reaching safepoint: 5625 ns, Cleanup: 7167 ns, At safepoint: 2917 ns, Total: 15709 ns
[2025-09-17T07:31:37.884+0000][187][info ][safepoint   ] Safepoint "Cleanup", Time since last: 1826302709 ns, Reaching safepoint: 53416 ns, Cleanup: 47875 ns, At safepoint: 21917 ns, Total: 123208 ns
[2025-09-17T07:31:41.477+0000][187][info ][safepoint   ] Safepoint "Cleanup", Time since last: 3592928543 ns, Reaching safepoint: 422125 ns, Cleanup: 123083 ns, At safepoint: 28250 ns, Total: 573458 ns
[2025-09-17T07:31:45.497+0000][187][info ][safepoint   ] Safepoint "Cleanup", Time since last: 4019588877 ns, Reaching safepoint: 190375 ns, Cleanup: 39333 ns, At safepoint: 18958 ns, Total: 248666 ns
[2025-09-17T07:31:57.539+0000][187][info ][safepoint   ] Safepoint "Cleanup", Time since last: 12041734631 ns, Reaching safepoint: 80875 ns, Cleanup: 30334 ns, At safepoint: 21416 ns, Total: 132625 ns
[2025-09-17T07:32:02.548+0000][187][info ][safepoint   ] Safepoint "Cleanup", Time since last: 5008981794 ns, Reaching safepoint: 101750 ns, Cleanup: 50709 ns, At safepoint: 28250 ns, Total: 180709 ns
[2025-09-17T07:32:05.565+0000][187][info ][safepoint   ] Safepoint "Cleanup", Time since last: 3016675709 ns, Reaching safepoint: 127250 ns, Cleanup: 76417 ns, At safepoint: 23875 ns, Total: 227542 ns
[2025-09-17T07:32:07.571+0000][187][info ][safepoint   ] Safepoint "Cleanup", Time since last: 2005685834 ns, Reaching safepoint: 153000 ns, Cleanup: 35959 ns, At safepoint: 17000 ns, Total: 205959 ns
[2025-09-17T07:32:09.577+0000][187][info ][safepoint   ] Safepoint "Cleanup", Time since last: 2005788625 ns, Reaching safepoint: 180583 ns, Cleanup: 32542 ns, At safepoint: 35500 ns, Total: 248625 ns
[2025-09-17T07:32:11.587+0000][187][info ][safepoint   ] Safepoint "Cleanup", Time since last: 2009843459 ns, Reaching safepoint: 131000 ns, Cleanup: 88792 ns, At safepoint: 23416 ns, Total: 243208 ns
[2025-09-17T07:32:16.613+0000][187][info ][safepoint   ] Safepoint "Cleanup", Time since last: 5025274961 ns, Reaching safepoint: 81708 ns, Cleanup: 131959 ns, At safepoint: 30916 ns, Total: 244583 ns
[2025-09-17T07:32:26.639+0000][187][info ][safepoint   ] Safepoint "Cleanup", Time since last: 10025232922 ns, Reaching safepoint: 382375 ns, Cleanup: 255458 ns, At safepoint: 33333 ns, Total: 671166 ns
[2025-09-17T07:32:35.656+0000][187][info ][safepoint   ] Safepoint "Cleanup", Time since last: 9017398213 ns, Reaching safepoint: 130667 ns, Cleanup: 47458 ns, At safepoint: 23500 ns, Total: 201625 ns
[2025-09-17T07:32:36.663+0000][187][info ][safepoint   ] Safepoint "Cleanup", Time since last: 1006237501 ns, Reaching safepoint: 69541 ns, Cleanup: 97709 ns, At safepoint: 17041 ns, Total: 184291 ns
[2025-09-17T07:32:39.093+0000][187][info ][safepoint   ] Safepoint "Cleanup", Time since last: 2430670959 ns, Reaching safepoint: 4375 ns, Cleanup: 7417 ns, At safepoint: 2375 ns, Total: 14167 ns
[2025-09-17T07:32:40.108+0000][187][info ][safepoint   ] Safepoint "Cleanup", Time since last: 1014577042 ns, Reaching safepoint: 20084 ns, Cleanup: 61291 ns, At safepoint: 13459 ns, Total: 94834 ns
[2025-09-17T07:32:41.622+0000][187][info ][safepoint   ] Safepoint "Cleanup", Time since last: 1514153417 ns, Reaching safepoint: 158333 ns, Cleanup: 66000 ns, At safepoint: 13459 ns, Total: 237792 ns
[2025-09-17T07:32:42.626+0000][187][info ][safepoint   ] Safepoint "Cleanup", Time since last: 1003027417 ns, Reaching safepoint: 104125 ns, Cleanup: 104666 ns, At safepoint: 23417 ns, Total: 232208 ns
[2025-09-17T07:32:52.000+0000][187][info ][safepoint   ] Safepoint "Cleanup", Time since last: 9374221671 ns, Reaching safepoint: 85750 ns, Cleanup: 30792 ns, At safepoint: 12125 ns, Total: 128667 ns
[2025-09-17T07:32:57.005+0000][187][info ][safepoint   ] Safepoint "Cleanup", Time since last: 5005039794 ns, Reaching safepoint: 139625 ns, Cleanup: 59667 ns, At safepoint: 24041 ns, Total: 223333 ns
[2025-09-17T07:32:58.008+0000][187][info ][safepoint   ] Safepoint "Cleanup", Time since last: 1002946334 ns, Reaching safepoint: 98708 ns, Cleanup: 48375 ns, At safepoint: 14959 ns, Total: 162042 ns
[2025-09-17T07:33:06.024+0000][187][info ][safepoint   ] Safepoint "Cleanup", Time since last: 8015224087 ns, Reaching safepoint: 116500 ns, Cleanup: 75000 ns, At safepoint: 28917 ns, Total: 220417 ns
[2025-09-17T07:33:08.027+0000][187][info ][safepoint   ] Safepoint "Cleanup", Time since last: 2003225709 ns, Reaching safepoint: 82250 ns, Cleanup: 53625 ns, At safepoint: 15958 ns, Total: 151833 ns
[2025-09-17T07:33:11.032+0000][187][info ][safepoint   ] Safepoint "Cleanup", Time since last: 3005606085 ns, Reaching safepoint: 163125 ns, Cleanup: 34791 ns, At safepoint: 17375 ns, Total: 215291 ns
[2025-09-17T07:33:12.044+0000][187][info ][safepoint   ] Safepoint "Cleanup", Time since last: 1011591751 ns, Reaching safepoint: 121291 ns, Cleanup: 55250 ns, At safepoint: 21084 ns, Total: 197625 ns
[2025-09-17T07:33:27.081+0000][187][info ][safepoint   ] Safepoint "Cleanup", Time since last: 15037078674 ns, Reaching safepoint: 538291 ns, Cleanup: 44417 ns, At safepoint: 30958 ns, Total: 613666 ns
[2025-09-17T07:33:42.129+0000][187][info ][safepoint   ] Safepoint "Cleanup", Time since last: 15048285799 ns, Reaching safepoint: 56833 ns, Cleanup: 27917 ns, At safepoint: 11291 ns, Total: 96041 ns
[2025-09-17T07:33:43.375+0000][187][info ][safepoint   ] Safepoint "Cleanup", Time since last: 1245631126 ns, Reaching safepoint: 53750 ns, Cleanup: 225375 ns, At safepoint: 18666 ns, Total: 297791 ns
[2025-09-17T07:33:46.347+0000][187][info ][gc,start    ] GC(31) Pause Young (Concurrent Start) (G1 Evacuation Pause)
[2025-09-17T07:33:46.347+0000][187][info ][gc,task     ] GC(31) Using 8 workers of 8 for evacuation
[2025-09-17T07:33:46.347+0000][187][debug][gc,age      ] GC(31) Desired survivor size 41943040 bytes, new threshold 15 (max threshold 15)
[2025-09-17T07:33:46.402+0000][187][info ][gc,phases   ] GC(31)   Pre Evacuate Collection Set: 1.88ms
[2025-09-17T07:33:46.402+0000][187][info ][gc,phases   ] GC(31)   Merge Heap Roots: 0.38ms
[2025-09-17T07:33:46.402+0000][187][info ][gc,phases   ] GC(31)   Evacuate Collection Set: 48.06ms
[2025-09-17T07:33:46.402+0000][187][info ][gc,phases   ] GC(31)   Post Evacuate Collection Set: 3.29ms
[2025-09-17T07:33:46.403+0000][187][info ][gc,phases   ] GC(31)   Other: 1.68ms
[2025-09-17T07:33:46.403+0000][187][trace][gc,age      ] GC(31) Age table with threshold 15 (max threshold 15)
[2025-09-17T07:33:46.403+0000][187][trace][gc,age      ] GC(31) - age   1:    1047440 bytes,    1047440 total
[2025-09-17T07:33:46.403+0000][187][trace][gc,age      ] GC(31) - age   2:      43112 bytes,    1090552 total
[2025-09-17T07:33:46.403+0000][187][trace][gc,age      ] GC(31) - age   3:      75952 bytes,    1166504 total
[2025-09-17T07:33:46.403+0000][187][trace][gc,age      ] GC(31) - age   4:      19216 bytes,    1185720 total
[2025-09-17T07:33:46.403+0000][187][trace][gc,age      ] GC(31) - age   5:      70264 bytes,    1255984 total
[2025-09-17T07:33:46.403+0000][187][trace][gc,age      ] GC(31) - age   6:      80648 bytes,    1336632 total
[2025-09-17T07:33:46.403+0000][187][trace][gc,age      ] GC(31) - age   7:     147944 bytes,    1484576 total
[2025-09-17T07:33:46.403+0000][187][trace][gc,age      ] GC(31) - age   8:     965704 bytes,    2450280 total
[2025-09-17T07:33:46.403+0000][187][trace][gc,age      ] GC(31) - age   9:    1322592 bytes,    3772872 total
[2025-09-17T07:33:46.403+0000][187][trace][gc,age      ] GC(31) - age  10:    2886160 bytes,    6659032 total
[2025-09-17T07:33:46.403+0000][187][trace][gc,age      ] GC(31) - age  11:    3542512 bytes,   10201544 total
[2025-09-17T07:33:46.403+0000][187][trace][gc,age      ] GC(31) - age  12:    2056256 bytes,   12257800 total
[2025-09-17T07:33:46.403+0000][187][trace][gc,age      ] GC(31) - age  13:   18479624 bytes,   30737424 total
[2025-09-17T07:33:46.403+0000][187][trace][gc,age      ] GC(31) - age  14:     224192 bytes,   30961616 total
[2025-09-17T07:33:46.403+0000][187][info ][gc,heap     ] GC(31) Eden regions: 144->0(144)
[2025-09-17T07:33:46.403+0000][187][info ][gc,heap     ] GC(31) Survivor regions: 9->9(20)
[2025-09-17T07:33:46.403+0000][187][info ][gc,heap     ] GC(31) Old regions: 29->29
[2025-09-17T07:33:46.403+0000][187][info ][gc,heap     ] GC(31) Humongous regions: 2->2
[2025-09-17T07:33:46.404+0000][187][info ][gc,metaspace] GC(31) Metaspace: 157942K(164288K)->157942K(164288K) NonClass: 136742K(140416K)->136742K(140416K) Class: 21200K(23872K)->21200K(23872K)
[2025-09-17T07:33:46.404+0000][187][info ][gc          ] GC(31) Pause Young (Concurrent Start) (G1 Evacuation Pause) 729M->153M(1024M) 57.057ms
[2025-09-17T07:33:46.404+0000][187][info ][gc,cpu      ] GC(31) User=0.36s Sys=0.01s Real=0.06s
[2025-09-17T07:33:46.404+0000][187][info ][gc          ] GC(32) Concurrent Mark Cycle
[2025-09-17T07:33:46.407+0000][187][info ][gc,marking  ] GC(32) Concurrent Scan Root Regions
[2025-09-17T07:33:46.404+0000][187][info ][safepoint   ] Safepoint "G1CollectForAllocation", Time since last: 2971105877 ns, Reaching safepoint: 71292 ns, Cleanup: 10916 ns, At safepoint: 57341875 ns, Total: 57424083 ns
[2025-09-17T07:33:46.417+0000][187][info ][gc,marking  ] GC(32) Concurrent Scan Root Regions 9.606ms
[2025-09-17T07:33:46.417+0000][187][info ][gc,marking  ] GC(32) Concurrent Mark
[2025-09-17T07:33:46.417+0000][187][info ][gc,marking  ] GC(32) Concurrent Mark From Roots
[2025-09-17T07:33:46.417+0000][187][info ][gc,task     ] GC(32) Using 2 workers of 2 for marking
[2025-09-17T07:33:46.474+0000][187][info ][gc,marking  ] GC(32) Concurrent Mark From Roots 57.196ms
[2025-09-17T07:33:46.474+0000][187][info ][gc,marking  ] GC(32) Concurrent Preclean
[2025-09-17T07:33:46.475+0000][187][info ][gc,marking  ] GC(32) Concurrent Preclean 0.485ms
[2025-09-17T07:33:46.475+0000][187][info ][gc,start    ] GC(32) Pause Remark
[2025-09-17T07:33:46.513+0000][187][info ][gc          ] GC(32) Pause Remark 155M->155M(1024M) 38.417ms
[2025-09-17T07:33:46.513+0000][187][info ][gc,cpu      ] GC(32) User=0.18s Sys=0.02s Real=0.04s
[2025-09-17T07:33:46.513+0000][187][info ][safepoint   ] Safepoint "G1PauseRemark", Time since last: 70877542 ns, Reaching safepoint: 14792 ns, Cleanup: 2833 ns, At safepoint: 38646292 ns, Total: 38663917 ns
[2025-09-17T07:33:46.513+0000][187][info ][gc,marking  ] GC(32) Concurrent Mark 96.690ms
[2025-09-17T07:33:46.513+0000][187][info ][gc,marking  ] GC(32) Concurrent Rebuild Remembered Sets and Scrub Regions
[2025-09-17T07:33:46.540+0000][187][info ][gc,marking  ] GC(32) Concurrent Rebuild Remembered Sets and Scrub Regions 26.473ms
[2025-09-17T07:33:46.540+0000][187][info ][gc,start    ] GC(32) Pause Cleanup
[2025-09-17T07:33:46.540+0000][187][info ][gc          ] GC(32) Pause Cleanup 155M->155M(1024M) 0.152ms
[2025-09-17T07:33:46.540+0000][187][info ][gc,cpu      ] GC(32) User=0.00s Sys=0.00s Real=0.00s
[2025-09-17T07:33:46.540+0000][187][info ][safepoint   ] Safepoint "G1PauseCleanup", Time since last: 26707041 ns, Reaching safepoint: 8750 ns, Cleanup: 76000 ns, At safepoint: 286500 ns, Total: 371250 ns
[2025-09-17T07:33:46.540+0000][187][info ][gc,marking  ] GC(32) Concurrent Clear Claimed Marks
[2025-09-17T07:33:46.541+0000][187][info ][gc,marking  ] GC(32) Concurrent Clear Claimed Marks 0.307ms
[2025-09-17T07:33:46.541+0000][187][info ][gc,marking  ] GC(32) Concurrent Cleanup for Next Mark
[2025-09-17T07:33:46.544+0000][187][info ][gc,marking  ] GC(32) Concurrent Cleanup for Next Mark 3.296ms
[2025-09-17T07:33:46.544+0000][187][info ][gc          ] GC(32) Concurrent Mark Cycle 140.535ms
[2025-09-17T07:33:49.544+0000][187][info ][safepoint   ] Safepoint "Cleanup", Time since last: 3003901168 ns, Reaching safepoint: 98584 ns, Cleanup: 47500 ns, At safepoint: 19166 ns, Total: 165250 ns
[2025-09-17T07:33:54.554+0000][187][info ][safepoint   ] Safepoint "Cleanup", Time since last: 5009291128 ns, Reaching safepoint: 254333 ns, Cleanup: 70542 ns, At safepoint: 37083 ns, Total: 361958 ns
[2025-09-17T07:34:10.595+0000][187][info ][safepoint   ] Safepoint "Cleanup", Time since last: 16038686674 ns, Reaching safepoint: 432583 ns, Cleanup: 79375 ns, At safepoint: 47625 ns, Total: 559583 ns
[2025-09-17T07:34:21.613+0000][187][info ][safepoint   ] Safepoint "Cleanup", Time since last: 11018012172 ns, Reaching safepoint: 169917 ns, Cleanup: 56042 ns, At safepoint: 38416 ns, Total: 264375 ns
[2025-09-17T07:34:39.654+0000][187][info ][safepoint   ] Safepoint "Cleanup", Time since last: 18038082300 ns, Reaching safepoint: 2892000 ns, Cleanup: 86041 ns, At safepoint: 27584 ns, Total: 3005625 ns
[2025-09-17T07:34:41.960+0000][187][info ][safepoint   ] Safepoint "Cleanup", Time since last: 2305209251 ns, Reaching safepoint: 108416 ns, Cleanup: 32584 ns, At safepoint: 14291 ns, Total: 155291 ns
[2025-09-17T07:34:45.533+0000][187][info ][safepoint   ] Safepoint "Cleanup", Time since last: 3573130335 ns, Reaching safepoint: 5625 ns, Cleanup: 46834 ns, At safepoint: 6125 ns, Total: 58584 ns
[2025-09-17T07:34:47.570+0000][187][info ][safepoint   ] Safepoint "Cleanup", Time since last: 2036743126 ns, Reaching safepoint: 16166 ns, Cleanup: 26750 ns, At safepoint: 10917 ns, Total: 53833 ns
[2025-09-17T07:34:52.581+0000][187][info ][safepoint   ] Safepoint "Cleanup", Time since last: 5011360878 ns, Reaching safepoint: 105083 ns, Cleanup: 39375 ns, At safepoint: 25208 ns, Total: 169666 ns
[2025-09-17T07:34:53.585+0000][187][info ][safepoint   ] Safepoint "Cleanup", Time since last: 1003858042 ns, Reaching safepoint: 22667 ns, Cleanup: 17792 ns, At safepoint: 7916 ns, Total: 48375 ns
[2025-09-17T07:34:54.587+0000][187][info ][safepoint   ] Safepoint "Cleanup", Time since last: 1001774209 ns, Reaching safepoint: 83708 ns, Cleanup: 75542 ns, At safepoint: 19792 ns, Total: 179042 ns
[2025-09-17T07:34:55.588+0000][187][info ][safepoint   ] Safepoint "Cleanup", Time since last: 1000941834 ns, Reaching safepoint: 65458 ns, Cleanup: 29000 ns, At safepoint: 15750 ns, Total: 110208 ns
[2025-09-17T07:35:07.603+0000][187][info ][safepoint   ] Safepoint "Cleanup", Time since last: 12014655881 ns, Reaching safepoint: 195625 ns, Cleanup: 52833 ns, At safepoint: 20000 ns, Total: 268458 ns
[2025-09-17T07:35:11.609+0000][187][info ][safepoint   ] Safepoint "Cleanup", Time since last: 4005703751 ns, Reaching safepoint: 176334 ns, Cleanup: 86500 ns, At safepoint: 53041 ns, Total: 315875 ns
[2025-09-17T07:35:48.123+0000][187][info ][safepoint   ] Safepoint "Cleanup", Time since last: 36513629475 ns, Reaching safepoint: 5584 ns, Cleanup: 20416 ns, At safepoint: 6917 ns, Total: 32917 ns
[2025-09-17T07:35:49.743+0000][187][info ][safepoint   ] Safepoint "Cleanup", Time since last: 1620766959 ns, Reaching safepoint: 10083 ns, Cleanup: 43667 ns, At safepoint: 12042 ns, Total: 65792 ns
[2025-09-17T07:35:51.748+0000][187][info ][safepoint   ] Safepoint "Cleanup", Time since last: 2004594334 ns, Reaching safepoint: 94667 ns, Cleanup: 39208 ns, At safepoint: 22333 ns, Total: 156208 ns
[2025-09-17T07:35:57.755+0000][187][info ][safepoint   ] Safepoint "Cleanup", Time since last: 6006560462 ns, Reaching safepoint: 390458 ns, Cleanup: 35542 ns, At safepoint: 12541 ns, Total: 438541 ns
[2025-09-17T07:36:07.769+0000][187][info ][safepoint   ] Safepoint "Cleanup", Time since last: 10012943755 ns, Reaching safepoint: 389042 ns, Cleanup: 58708 ns, At safepoint: 22792 ns, Total: 470542 ns
[2025-09-17T07:36:11.773+0000][187][info ][safepoint   ] Safepoint "Cleanup", Time since last: 4004128917 ns, Reaching safepoint: 327959 ns, Cleanup: 32208 ns, At safepoint: 20708 ns, Total: 380875 ns
[2025-09-17T07:36:23.786+0000][187][info ][safepoint   ] Safepoint "Cleanup", Time since last: 12012077673 ns, Reaching safepoint: 447500 ns, Cleanup: 106250 ns, At safepoint: 24041 ns, Total: 577791 ns
[2025-09-17T07:36:28.792+0000][187][info ][safepoint   ] Safepoint "Cleanup", Time since last: 5005748961 ns, Reaching safepoint: 31625 ns, Cleanup: 25875 ns, At safepoint: 18333 ns, Total: 75833 ns
[2025-09-17T07:36:41.262+0000][187][info ][safepoint   ] Safepoint "Cleanup", Time since last: 12470222922 ns, Reaching safepoint: 6625 ns, Cleanup: 12500 ns, At safepoint: 6750 ns, Total: 25875 ns
[2025-09-17T07:36:51.143+0000][187][info ][safepoint   ] Safepoint "Cleanup", Time since last: 9880607505 ns, Reaching safepoint: 15833 ns, Cleanup: 28834 ns, At safepoint: 10666 ns, Total: 55333 ns
[2025-09-17T07:36:52.956+0000][187][info ][safepoint   ] Safepoint "Cleanup", Time since last: 1813549710 ns, Reaching safepoint: 43958 ns, Cleanup: 40792 ns, At safepoint: 21375 ns, Total: 106125 ns
[2025-09-17T07:37:07.996+0000][187][info ][safepoint   ] Safepoint "Cleanup", Time since last: 15038098632 ns, Reaching safepoint: 1039875 ns, Cleanup: 115750 ns, At safepoint: 35000 ns, Total: 1190625 ns
[2025-09-17T07:37:13.008+0000][187][info ][safepoint   ] Safepoint "Cleanup", Time since last: 5011594543 ns, Reaching safepoint: 293042 ns, Cleanup: 90542 ns, At safepoint: 52375 ns, Total: 435959 ns
[2025-09-17T07:37:20.022+0000][187][info ][safepoint   ] Safepoint "Cleanup", Time since last: 7013539253 ns, Reaching safepoint: 1058375 ns, Cleanup: 108500 ns, At safepoint: 15208 ns, Total: 1182083 ns
[2025-09-17T07:37:22.027+0000][187][info ][safepoint   ] Safepoint "Cleanup", Time since last: 2004898043 ns, Reaching safepoint: 69625 ns, Cleanup: 37792 ns, At safepoint: 17041 ns, Total: 124458 ns
[2025-09-17T07:37:25.032+0000][187][info ][safepoint   ] Safepoint "Cleanup", Time since last: 3004294293 ns, Reaching safepoint: 70625 ns, Cleanup: 19667 ns, At safepoint: 13000 ns, Total: 103292 ns
[2025-09-17T07:37:42.154+0000][187][info ][safepoint   ] Safepoint "Cleanup", Time since last: 17121556133 ns, Reaching safepoint: 50166 ns, Cleanup: 30250 ns, At safepoint: 8375 ns, Total: 88791 ns
[2025-09-17T07:37:44.095+0000][187][info ][safepoint   ] Safepoint "Cleanup", Time since last: 1941011959 ns, Reaching safepoint: 47334 ns, Cleanup: 32916 ns, At safepoint: 12917 ns, Total: 93167 ns
[2025-09-17T07:37:47.099+0000][187][info ][safepoint   ] Safepoint "Cleanup", Time since last: 3003427002 ns, Reaching safepoint: 191833 ns, Cleanup: 25708 ns, At safepoint: 14209 ns, Total: 231750 ns
[2025-09-17T07:37:52.107+0000][187][info ][safepoint   ] Safepoint "Cleanup", Time since last: 5008325502 ns, Reaching safepoint: 33958 ns, Cleanup: 40084 ns, At safepoint: 16500 ns, Total: 90542 ns
[2025-09-17T07:37:55.173+0000][187][info ][safepoint   ] Safepoint "Cleanup", Time since last: 3065535876 ns, Reaching safepoint: 44333 ns, Cleanup: 17417 ns, At safepoint: 8875 ns, Total: 70625 ns
[2025-09-17T07:37:56.212+0000][187][info ][safepoint   ] Safepoint "Cleanup", Time since last: 1038796001 ns, Reaching safepoint: 791166 ns, Cleanup: 45917 ns, At safepoint: 16667 ns, Total: 853750 ns
[2025-09-17T07:38:03.245+0000][187][info ][safepoint   ] Safepoint "Cleanup", Time since last: 7032749253 ns, Reaching safepoint: 30292 ns, Cleanup: 16583 ns, At safepoint: 4042 ns, Total: 50917 ns
[2025-09-17T07:38:04.300+0000][187][info ][safepoint   ] Safepoint "Cleanup", Time since last: 1054933417 ns, Reaching safepoint: 74875 ns, Cleanup: 166333 ns, At safepoint: 14000 ns, Total: 255208 ns
[2025-09-17T07:38:06.142+0000][187][info ][safepoint   ] Safepoint "Cleanup", Time since last: 1841670084 ns, Reaching safepoint: 4292 ns, Cleanup: 23583 ns, At safepoint: 5584 ns, Total: 33459 ns
[2025-09-17T07:38:06.336+0000][187][info ][safepoint   ] Safepoint "ICBufferFull", Time since last: 190021458 ns, Reaching safepoint: 3545958 ns, Cleanup: 125584 ns, At safepoint: 30291 ns, Total: 3701833 ns
[2025-09-17T07:38:06.410+0000][187][info ][safepoint   ] Safepoint "ICBufferFull", Time since last: 74016167 ns, Reaching safepoint: 12542 ns, Cleanup: 163958 ns, At safepoint: 22500 ns, Total: 199000 ns
[2025-09-17T07:38:06.413+0000][187][info ][safepoint   ] Safepoint "ICBufferFull", Time since last: 1811458 ns, Reaching safepoint: 1374292 ns, Cleanup: 75583 ns, At safepoint: 93542 ns, Total: 1543417 ns
[2025-09-17T07:38:06.496+0000][187][info ][safepoint   ] Safepoint "ICBufferFull", Time since last: 78928583 ns, Reaching safepoint: 3311334 ns, Cleanup: 117458 ns, At safepoint: 24583 ns, Total: 3453375 ns
[2025-09-17T07:38:06.500+0000][187][info ][safepoint   ] Safepoint "ICBufferFull", Time since last: 4094292 ns, Reaching safepoint: 15000 ns, Cleanup: 22167 ns, At safepoint: 15083 ns, Total: 52250 ns
[2025-09-17T07:38:06.552+0000][187][info ][safepoint   ] Safepoint "ICBufferFull", Time since last: 51398042 ns, Reaching safepoint: 889708 ns, Cleanup: 102667 ns, At safepoint: 19666 ns, Total: 1012041 ns
[2025-09-17T07:38:06.578+0000][187][info ][safepoint   ] Safepoint "ICBufferFull", Time since last: 25141667 ns, Reaching safepoint: 904500 ns, Cleanup: 89625 ns, At safepoint: 24250 ns, Total: 1018375 ns
[2025-09-17T07:38:06.960+0000][187][info ][safepoint   ] Safepoint "ICBufferFull", Time since last: 381787042 ns, Reaching safepoint: 11792 ns, Cleanup: 115416 ns, At safepoint: 8625 ns, Total: 135833 ns
[2025-09-17T07:38:07.633+0000][187][info ][safepoint   ] Safepoint "ICBufferFull", Time since last: 672431751 ns, Reaching safepoint: 10208 ns, Cleanup: 102792 ns, At safepoint: 7916 ns, Total: 120916 ns
[2025-09-17T07:38:08.646+0000][187][info ][safepoint   ] Safepoint "Cleanup", Time since last: 1012785750 ns, Reaching safepoint: 238500 ns, Cleanup: 62625 ns, At safepoint: 37959 ns, Total: 339084 ns
[2025-09-17T07:38:09.647+0000][187][info ][safepoint   ] Safepoint "Cleanup", Time since last: 1001715875 ns, Reaching safepoint: 44625 ns, Cleanup: 121083 ns, At safepoint: 15792 ns, Total: 181500 ns
[2025-09-17T07:38:11.649+0000][187][info ][safepoint   ] Safepoint "Cleanup", Time since last: 2001617918 ns, Reaching safepoint: 98333 ns, Cleanup: 90458 ns, At safepoint: 20000 ns, Total: 208791 ns
[2025-09-17T07:38:13.085+0000][187][info ][safepoint   ] Safepoint "Cleanup", Time since last: 1435547751 ns, Reaching safepoint: 93333 ns, Cleanup: 131792 ns, At safepoint: 17792 ns, Total: 242917 ns
[2025-09-17T07:38:15.088+0000][187][info ][safepoint   ] Safepoint "Cleanup", Time since last: 2002487417 ns, Reaching safepoint: 278792 ns, Cleanup: 87083 ns, At safepoint: 27209 ns, Total: 393084 ns
[2025-09-17T07:38:16.090+0000][187][info ][safepoint   ] Safepoint "Cleanup", Time since last: 1001824792 ns, Reaching safepoint: 32291 ns, Cleanup: 37792 ns, At safepoint: 14292 ns, Total: 84375 ns
[2025-09-17T07:38:21.100+0000][187][info ][safepoint   ] Safepoint "Cleanup", Time since last: 5009891627 ns, Reaching safepoint: 168208 ns, Cleanup: 17667 ns, At safepoint: 12000 ns, Total: 197875 ns
[2025-09-17T07:38:25.103+0000][187][info ][safepoint   ] Safepoint "Cleanup", Time since last: 4003009085 ns, Reaching safepoint: 45459 ns, Cleanup: 74833 ns, At safepoint: 25292 ns, Total: 145584 ns
[2025-09-17T07:38:26.105+0000][187][info ][safepoint   ] Safepoint "Cleanup", Time since last: 1002375000 ns, Reaching safepoint: 19542 ns, Cleanup: 21292 ns, At safepoint: 10708 ns, Total: 51542 ns
[2025-09-17T07:38:28.113+0000][187][info ][safepoint   ] Safepoint "Cleanup", Time since last: 2007679417 ns, Reaching safepoint: 48834 ns, Cleanup: 121333 ns, At safepoint: 26833 ns, Total: 197000 ns
[2025-09-17T07:38:31.120+0000][187][info ][safepoint   ] Safepoint "Cleanup", Time since last: 3007011419 ns, Reaching safepoint: 20125 ns, Cleanup: 40041 ns, At safepoint: 8292 ns, Total: 68458 ns
[2025-09-17T07:38:33.126+0000][187][info ][safepoint   ] Safepoint "Cleanup", Time since last: 2004372751 ns, Reaching safepoint: 1024667 ns, Cleanup: 38208 ns, At safepoint: 28875 ns, Total: 1091750 ns
[2025-09-17T07:38:34.127+0000][187][info ][safepoint   ] Safepoint "Cleanup", Time since last: 1000953625 ns, Reaching safepoint: 104167 ns, Cleanup: 93792 ns, At safepoint: 26666 ns, Total: 224625 ns
[2025-09-17T07:38:36.133+0000][187][info ][safepoint   ] Safepoint "Cleanup", Time since last: 2004792210 ns, Reaching safepoint: 936916 ns, Cleanup: 14875 ns, At safepoint: 27709 ns, Total: 979500 ns
[2025-09-17T07:38:38.136+0000][187][info ][safepoint   ] Safepoint "Cleanup", Time since last: 2003167834 ns, Reaching safepoint: 48792 ns, Cleanup: 55250 ns, At safepoint: 15583 ns, Total: 119625 ns
[2025-09-17T07:38:39.138+0000][187][info ][safepoint   ] Safepoint "Cleanup", Time since last: 1001977583 ns, Reaching safepoint: 21208 ns, Cleanup: 33834 ns, At safepoint: 13208 ns, Total: 68250 ns
[2025-09-17T07:38:46.582+0000][187][info ][safepoint   ] Safepoint "Cleanup", Time since last: 7443577170 ns, Reaching safepoint: 39250 ns, Cleanup: 29875 ns, At safepoint: 18125 ns, Total: 87250 ns
[2025-09-17T07:38:50.588+0000][187][info ][safepoint   ] Safepoint "Cleanup", Time since last: 4005846377 ns, Reaching safepoint: 21542 ns, Cleanup: 19333 ns, At safepoint: 30209 ns, Total: 71084 ns
[2025-09-17T07:38:51.590+0000][187][info ][safepoint   ] Safepoint "Cleanup", Time since last: 1001639417 ns, Reaching safepoint: 20458 ns, Cleanup: 18333 ns, At safepoint: 7667 ns, Total: 46458 ns
[2025-09-17T07:38:53.592+0000][187][info ][safepoint   ] Safepoint "Cleanup", Time since last: 2002816334 ns, Reaching safepoint: 43375 ns, Cleanup: 17834 ns, At safepoint: 13875 ns, Total: 75084 ns
[2025-09-17T07:38:56.596+0000][187][info ][safepoint   ] Safepoint "Cleanup", Time since last: 3003500043 ns, Reaching safepoint: 51541 ns, Cleanup: 24584 ns, At safepoint: 23666 ns, Total: 99791 ns
[2025-09-17T07:38:57.777+0000][187][info ][safepoint   ] Safepoint "Cleanup", Time since last: 1180395668 ns, Reaching safepoint: 308458 ns, Cleanup: 95375 ns, At safepoint: 15667 ns, Total: 419500 ns
[2025-09-17T07:38:58.817+0000][187][info ][safepoint   ] Safepoint "Cleanup", Time since last: 1040056958 ns, Reaching safepoint: 19709 ns, Cleanup: 66083 ns, At safepoint: 4792 ns, Total: 90584 ns
[2025-09-17T07:39:00.840+0000][187][info ][safepoint   ] Safepoint "Cleanup", Time since last: 2022378292 ns, Reaching safepoint: 81834 ns, Cleanup: 42083 ns, At safepoint: 17833 ns, Total: 141750 ns
[2025-09-17T07:39:01.842+0000][187][info ][safepoint   ] Safepoint "Cleanup", Time since last: 1002529501 ns, Reaching safepoint: 303250 ns, Cleanup: 36958 ns, At safepoint: 40000 ns, Total: 380208 ns
[2025-09-17T07:39:02.844+0000][187][info ][safepoint   ] Safepoint "Cleanup", Time since last: 1001395001 ns, Reaching safepoint: 75375 ns, Cleanup: 31666 ns, At safepoint: 22959 ns, Total: 130000 ns
[2025-09-17T07:39:03.845+0000][187][info ][safepoint   ] Safepoint "Cleanup", Time since last: 1001291292 ns, Reaching safepoint: 44792 ns, Cleanup: 22750 ns, At safepoint: 20000 ns, Total: 87542 ns
[2025-09-17T07:39:05.848+0000][187][info ][safepoint   ] Safepoint "Cleanup", Time since last: 2002269917 ns, Reaching safepoint: 112125 ns, Cleanup: 43417 ns, At safepoint: 20958 ns, Total: 176500 ns
[2025-09-17T07:39:06.852+0000][187][info ][safepoint   ] Safepoint "Cleanup", Time since last: 1003726167 ns, Reaching safepoint: 71625 ns, Cleanup: 31542 ns, At safepoint: 16167 ns, Total: 119334 ns
[2025-09-17T07:39:07.853+0000][187][info ][safepoint   ] Safepoint "Cleanup", Time since last: 1001509167 ns, Reaching safepoint: 39291 ns, Cleanup: 77625 ns, At safepoint: 19250 ns, Total: 136166 ns
[2025-09-17T07:39:12.164+0000][187][info ][safepoint   ] Safepoint "Cleanup", Time since last: 4310633544 ns, Reaching safepoint: 12333 ns, Cleanup: 16000 ns, At safepoint: 8875 ns, Total: 37208 ns
[2025-09-17T07:39:13.900+0000][187][info ][safepoint   ] Safepoint "Cleanup", Time since last: 1736013334 ns, Reaching safepoint: 58750 ns, Cleanup: 81583 ns, At safepoint: 14875 ns, Total: 155208 ns
[2025-09-17T07:39:15.906+0000][187][info ][safepoint   ] Safepoint "Cleanup", Time since last: 2005653793 ns, Reaching safepoint: 213500 ns, Cleanup: 65958 ns, At safepoint: 26584 ns, Total: 306042 ns
[2025-09-17T07:39:16.912+0000][187][info ][safepoint   ] Safepoint "Cleanup", Time since last: 1005337458 ns, Reaching safepoint: 83834 ns, Cleanup: 33541 ns, At safepoint: 19084 ns, Total: 136459 ns
[2025-09-17T07:39:17.918+0000][187][info ][safepoint   ] Safepoint "Cleanup", Time since last: 1006186000 ns, Reaching safepoint: 80500 ns, Cleanup: 46584 ns, At safepoint: 16208 ns, Total: 143292 ns
[2025-09-17T07:39:31.935+0000][187][info ][safepoint   ] Safepoint "Cleanup", Time since last: 14017140673 ns, Reaching safepoint: 401875 ns, Cleanup: 20250 ns, At safepoint: 11000 ns, Total: 433125 ns
[2025-09-17T07:39:37.947+0000][187][info ][safepoint   ] Safepoint "Cleanup", Time since last: 6011297461 ns, Reaching safepoint: 57042 ns, Cleanup: 40000 ns, At safepoint: 13542 ns, Total: 110584 ns
[2025-09-17T07:39:46.828+0000][187][info ][safepoint   ] Safepoint "Cleanup", Time since last: 8881037628 ns, Reaching safepoint: 170958 ns, Cleanup: 69250 ns, At safepoint: 51250 ns, Total: 291458 ns
[2025-09-17T07:39:51.676+0000][187][info ][gc,start    ] GC(33) Pause Young (Prepare Mixed) (G1 Evacuation Pause)
[2025-09-17T07:39:51.677+0000][187][info ][gc,task     ] GC(33) Using 8 workers of 8 for evacuation
[2025-09-17T07:39:51.678+0000][187][debug][gc,age      ] GC(33) Desired survivor size 41943040 bytes, new threshold 15 (max threshold 15)
[2025-09-17T07:39:51.760+0000][187][info ][gc,phases   ] GC(33)   Pre Evacuate Collection Set: 2.25ms
[2025-09-17T07:39:51.761+0000][187][info ][gc,phases   ] GC(33)   Merge Heap Roots: 0.62ms
[2025-09-17T07:39:51.761+0000][187][info ][gc,phases   ] GC(33)   Evacuate Collection Set: 74.26ms
[2025-09-17T07:39:51.761+0000][187][info ][gc,phases   ] GC(33)   Post Evacuate Collection Set: 5.06ms
[2025-09-17T07:39:51.761+0000][187][info ][gc,phases   ] GC(33)   Other: 0.86ms
[2025-09-17T07:39:51.761+0000][187][trace][gc,age      ] GC(33) Age table with threshold 15 (max threshold 15)
[2025-09-17T07:39:51.761+0000][187][trace][gc,age      ] GC(33) - age   1:    2506112 bytes,    2506112 total
[2025-09-17T07:39:51.761+0000][187][trace][gc,age      ] GC(33) - age   2:     289400 bytes,    2795512 total
[2025-09-17T07:39:51.761+0000][187][trace][gc,age      ] GC(33) - age   3:      25352 bytes,    2820864 total
[2025-09-17T07:39:51.761+0000][187][trace][gc,age      ] GC(33) - age   4:      72792 bytes,    2893656 total
[2025-09-17T07:39:51.761+0000][187][trace][gc,age      ] GC(33) - age   5:      19088 bytes,    2912744 total
[2025-09-17T07:39:51.761+0000][187][trace][gc,age      ] GC(33) - age   6:      70216 bytes,    2982960 total
[2025-09-17T07:39:51.761+0000][187][trace][gc,age      ] GC(33) - age   7:      80584 bytes,    3063544 total
[2025-09-17T07:39:51.761+0000][187][trace][gc,age      ] GC(33) - age   8:     132872 bytes,    3196416 total
[2025-09-17T07:39:51.762+0000][187][trace][gc,age      ] GC(33) - age   9:     920664 bytes,    4117080 total
[2025-09-17T07:39:51.762+0000][187][trace][gc,age      ] GC(33) - age  10:    1321432 bytes,    5438512 total
[2025-09-17T07:39:51.762+0000][187][trace][gc,age      ] GC(33) - age  11:    2884800 bytes,    8323312 total
[2025-09-17T07:39:51.762+0000][187][trace][gc,age      ] GC(33) - age  12:    3540120 bytes,   11863432 total
[2025-09-17T07:39:51.762+0000][187][trace][gc,age      ] GC(33) - age  13:    2056096 bytes,   13919528 total
[2025-09-17T07:39:51.762+0000][187][trace][gc,age      ] GC(33) - age  14:   18478640 bytes,   32398168 total
[2025-09-17T07:39:51.762+0000][187][trace][gc,age      ] GC(33) - age  15:     224192 bytes,   32622360 total
[2025-09-17T07:39:51.762+0000][187][info ][gc,heap     ] GC(33) Eden regions: 144->0(144)
[2025-09-17T07:39:51.762+0000][187][info ][gc,heap     ] GC(33) Survivor regions: 9->9(20)
[2025-09-17T07:39:51.762+0000][187][info ][gc,heap     ] GC(33) Old regions: 29->29
[2025-09-17T07:39:51.762+0000][187][info ][gc,heap     ] GC(33) Humongous regions: 2->2
[2025-09-17T07:39:51.762+0000][187][info ][gc,metaspace] GC(33) Metaspace: 159722K(164480K)->159722K(164480K) NonClass: 138200K(140608K)->138200K(140608K) Class: 21522K(23872K)->21522K(23872K)
[2025-09-17T07:39:51.762+0000][187][info ][gc          ] GC(33) Pause Young (Prepare Mixed) (G1 Evacuation Pause) 729M->153M(1024M) 85.643ms
[2025-09-17T07:39:51.762+0000][187][info ][gc,cpu      ] GC(33) User=0.61s Sys=0.00s Real=0.09s
[2025-09-17T07:39:51.762+0000][187][info ][safepoint   ] Safepoint "G1CollectForAllocation", Time since last: 4847583794 ns, Reaching safepoint: 655792 ns, Cleanup: 57583 ns, At safepoint: 86076667 ns, Total: 86790042 ns
[2025-09-17T07:39:54.773+0000][187][info ][safepoint   ] Safepoint "Cleanup", Time since last: 3010481543 ns, Reaching safepoint: 96917 ns, Cleanup: 74833 ns, At safepoint: 28709 ns, Total: 200459 ns
[2025-09-17T07:39:57.777+0000][187][info ][safepoint   ] Safepoint "Cleanup", Time since last: 3004233709 ns, Reaching safepoint: 87584 ns, Cleanup: 51750 ns, At safepoint: 22416 ns, Total: 161750 ns
[2025-09-17T07:40:00.207+0000][187][info ][safepoint   ] Safepoint "Cleanup", Time since last: 2430026501 ns, Reaching safepoint: 23334 ns, Cleanup: 15000 ns, At safepoint: 9416 ns, Total: 47750 ns
[2025-09-17T07:40:02.076+0000][187][info ][safepoint   ] Safepoint "Cleanup", Time since last: 1868914668 ns, Reaching safepoint: 5958 ns, Cleanup: 61959 ns, At safepoint: 12666 ns, Total: 80583 ns
[2025-09-17T07:40:04.086+0000][187][info ][safepoint   ] Safepoint "Cleanup", Time since last: 2009268085 ns, Reaching safepoint: 129958 ns, Cleanup: 49667 ns, At safepoint: 25458 ns, Total: 205083 ns
[2025-09-17T07:40:05.329+0000][187][info ][safepoint   ] Safepoint "Cleanup", Time since last: 1243591334 ns, Reaching safepoint: 4417 ns, Cleanup: 13000 ns, At safepoint: 3666 ns, Total: 21083 ns
[2025-09-17T07:40:07.336+0000][187][info ][safepoint   ] Safepoint "Cleanup", Time since last: 2006502460 ns, Reaching safepoint: 114208 ns, Cleanup: 53792 ns, At safepoint: 23750 ns, Total: 191750 ns
[2025-09-17T07:40:08.342+0000][187][info ][safepoint   ] Safepoint "Cleanup", Time since last: 1005496125 ns, Reaching safepoint: 74625 ns, Cleanup: 39375 ns, At safepoint: 19958 ns, Total: 133958 ns
[2025-09-17T07:40:11.347+0000][187][info ][safepoint   ] Safepoint "Cleanup", Time since last: 3004766042 ns, Reaching safepoint: 239375 ns, Cleanup: 57125 ns, At safepoint: 19750 ns, Total: 316250 ns
[2025-09-17T07:40:12.348+0000][187][info ][safepoint   ] Safepoint "Cleanup", Time since last: 1000747918 ns, Reaching safepoint: 76875 ns, Cleanup: 124000 ns, At safepoint: 22791 ns, Total: 223666 ns
[2025-09-17T07:40:56.928+0000][187][info ][safepoint   ] Safepoint "Cleanup", Time since last: 44578860271 ns, Reaching safepoint: 578500 ns, Cleanup: 174750 ns, At safepoint: 28958 ns, Total: 782208 ns
[2025-09-17T07:41:03.261+0000][187][info ][safepoint   ] Safepoint "Cleanup", Time since last: 6332418045 ns, Reaching safepoint: 586166 ns, Cleanup: 65917 ns, At safepoint: 49708 ns, Total: 701791 ns
[2025-09-17T07:41:04.378+0000][187][info ][safepoint   ] Safepoint "Cleanup", Time since last: 1117489584 ns, Reaching safepoint: 37875 ns, Cleanup: 15917 ns, At safepoint: 18375 ns, Total: 72167 ns
[2025-09-17T07:41:05.484+0000][187][info ][safepoint   ] Safepoint "Cleanup", Time since last: 1105873459 ns, Reaching safepoint: 4875 ns, Cleanup: 7791 ns, At safepoint: 2292 ns, Total: 14958 ns
[2025-09-17T07:41:21.505+0000][187][info ][safepoint   ] Safepoint "Cleanup", Time since last: 16019684299 ns, Reaching safepoint: 910833 ns, Cleanup: 102500 ns, At safepoint: 28167 ns, Total: 1041500 ns
[2025-09-17T07:41:23.510+0000][187][info ][safepoint   ] Safepoint "Cleanup", Time since last: 2004840918 ns, Reaching safepoint: 567125 ns, Cleanup: 50000 ns, At safepoint: 49666 ns, Total: 666791 ns
[2025-09-17T07:41:41.537+0000][187][info ][safepoint   ] Safepoint "Cleanup", Time since last: 18025101592 ns, Reaching safepoint: 1075791 ns, Cleanup: 107042 ns, At safepoint: 24000 ns, Total: 1206833 ns
[2025-09-17T07:42:06.204+0000][187][info ][safepoint   ] Safepoint "Cleanup", Time since last: 24666818678 ns, Reaching safepoint: 37500 ns, Cleanup: 61959 ns, At safepoint: 9000 ns, Total: 108459 ns
[2025-09-17T07:42:07.640+0000][187][info ][safepoint   ] Safepoint "Cleanup", Time since last: 1436183750 ns, Reaching safepoint: 18875 ns, Cleanup: 70542 ns, At safepoint: 14292 ns, Total: 103709 ns
[2025-09-17T07:42:22.794+0000][187][info ][safepoint   ] Safepoint "Cleanup", Time since last: 15153393340 ns, Reaching safepoint: 173042 ns, Cleanup: 75500 ns, At safepoint: 8083 ns, Total: 256625 ns
[2025-09-17T07:42:24.705+0000][187][info ][safepoint   ] Safepoint "Cleanup", Time since last: 1910947376 ns, Reaching safepoint: 319458 ns, Cleanup: 74000 ns, At safepoint: 20667 ns, Total: 414125 ns
[2025-09-17T07:42:28.733+0000][187][info ][safepoint   ] Safepoint "Cleanup", Time since last: 4027614877 ns, Reaching safepoint: 368375 ns, Cleanup: 33500 ns, At safepoint: 17166 ns, Total: 419041 ns
[2025-09-17T07:42:34.519+0000][187][info ][safepoint   ] Safepoint "Cleanup", Time since last: 5785764420 ns, Reaching safepoint: 230000 ns, Cleanup: 49666 ns, At safepoint: 18959 ns, Total: 298625 ns
[2025-09-17T07:42:36.059+0000][187][info ][safepoint   ] Safepoint "Cleanup", Time since last: 1538620001 ns, Reaching safepoint: 35750 ns, Cleanup: 592166 ns, At safepoint: 23209 ns, Total: 651125 ns
[2025-09-17T07:42:36.750+0000][187][info ][gc,heap,exit] Heap
[2025-09-17T07:42:36.751+0000][187][info ][gc,heap,exit]  garbage-first heap   total reserved 1048576K, committed 1048576K, used 409515K [0x00000000c0000000, 0x0000000100000000)
[2025-09-17T07:42:36.751+0000][187][info ][gc,heap,exit]   region size 4096K, 71 young (290816K), 9 survivors (36864K)
[2025-09-17T07:42:36.751+0000][187][info ][gc,heap,exit]  Metaspace       used 160212K, committed 164544K, reserved 1245184K
[2025-09-17T07:42:36.751+0000][187][info ][gc,heap,exit]   class space    used 21619K, committed 23872K, reserved 1048576K
