[2025-08-24T10:24:02.509+0000][121][info][gc,init] CardTable entry size: 512
[2025-08-24T10:24:02.509+0000][121][info][gc     ] Using G1
[2025-08-24T10:24:02.787+0000][121][info][gc,init] Version: 22.0.1+8-16 (release)
[2025-08-24T10:24:02.788+0000][121][info][gc,init] CPUs: 8 total, 8 available
[2025-08-24T10:24:02.788+0000][121][info][gc,init] Memory: 7837M
[2025-08-24T10:24:02.788+0000][121][info][gc,init] Large Page Support: Disabled
[2025-08-24T10:24:02.788+0000][121][info][gc,init] NUMA Support: Disabled
[2025-08-24T10:24:02.788+0000][121][info][gc,init] Compressed Oops: Enabled (32-bit)
[2025-08-24T10:24:02.788+0000][121][info][gc,init] Heap Region Size: 4M
[2025-08-24T10:24:02.788+0000][121][info][gc,init] Heap Min Capacity: 1G
[2025-08-24T10:24:02.788+0000][121][info][gc,init] Heap Initial Capacity: 1G
[2025-08-24T10:24:02.788+0000][121][info][gc,init] Heap Max Capacity: 1G
[2025-08-24T10:24:02.788+0000][121][info][gc,init] Pre-touch: Enabled
[2025-08-24T10:24:02.788+0000][121][info][gc,init] Parallel Workers: 8
[2025-08-24T10:24:02.788+0000][121][info][gc,init] Concurrent Workers: 2
[2025-08-24T10:24:02.788+0000][121][info][gc,init] Concurrent Refinement Workers: 8
[2025-08-24T10:24:02.788+0000][121][info][gc,init] Periodic GC: Disabled
[2025-08-24T10:24:02.796+0000][121][info][gc,metaspace] CDS archive(s) mapped at: [0x00007ff800000000-0x00007ff800c80000-0x00007ff800c80000), size 13107200, SharedBaseAddress: 0x00007ff800000000, ArchiveRelocationMode: 1.
[2025-08-24T10:24:02.796+0000][121][info][gc,metaspace] Compressed class space mapped at: 0x00007ff801000000-0x00007ff841000000, reserved size: 1073741824
[2025-08-24T10:24:02.796+0000][121][info][gc,metaspace] Narrow klass base: 0x00007ff800000000, Narrow klass shift: 0, Narrow klass range: 0x100000000
[2025-08-24T10:24:02.840+0000][121][info][safepoint   ] Safepoint "ICBufferFull", Time since last: 41608583 ns, Reaching safepoint: 2125 ns, Cleanup: 53834 ns, At safepoint: 6583 ns, Total: 62542 ns
[2025-08-24T10:24:02.890+0000][121][info][safepoint   ] Safepoint "ICBufferFull", Time since last: 50206167 ns, Reaching safepoint: 2083 ns, Cleanup: 47875 ns, At safepoint: 6917 ns, Total: 56875 ns
[2025-08-24T10:24:02.982+0000][121][info][safepoint   ] Safepoint "ICBufferFull", Time since last: 90794166 ns, Reaching safepoint: 754792 ns, Cleanup: 162083 ns, At safepoint: 9917 ns, Total: 926792 ns
[2025-08-24T10:24:03.034+0000][121][info][safepoint   ] Safepoint "ICBufferFull", Time since last: 52018333 ns, Reaching safepoint: 1792 ns, Cleanup: 94458 ns, At safepoint: 6709 ns, Total: 102959 ns
[2025-08-24T10:24:03.057+0000][121][info][gc,start    ] GC(0) Pause Young (Normal) (G1 Evacuation Pause)
[2025-08-24T10:24:03.058+0000][121][info][gc,task     ] GC(0) Using 8 workers of 8 for evacuation
[2025-08-24T10:24:03.058+0000][121][debug][gc,age      ] GC(0) Desired survivor size 4194304 bytes, new threshold 15 (max threshold 15)
[2025-08-24T10:24:03.059+0000][121][info ][gc,phases   ] GC(0)   Pre Evacuate Collection Set: 0.12ms
[2025-08-24T10:24:03.059+0000][121][info ][gc,phases   ] GC(0)   Merge Heap Roots: 0.08ms
[2025-08-24T10:24:03.060+0000][121][info ][gc,phases   ] GC(0)   Evacuate Collection Set: 1.17ms
[2025-08-24T10:24:03.060+0000][121][info ][gc,phases   ] GC(0)   Post Evacuate Collection Set: 0.35ms
[2025-08-24T10:24:03.060+0000][121][info ][gc,phases   ] GC(0)   Other: 0.16ms
[2025-08-24T10:24:03.060+0000][121][trace][gc,age      ] GC(0) Age table with threshold 15 (max threshold 15)
[2025-08-24T10:24:03.060+0000][121][trace][gc,age      ] GC(0) - age   1:    4675864 bytes,    4675864 total
[2025-08-24T10:24:03.060+0000][121][info ][gc,heap     ] GC(0) Eden regions: 12->0(22)
[2025-08-24T10:24:03.060+0000][121][info ][gc,heap     ] GC(0) Survivor regions: 0->2(2)
[2025-08-24T10:24:03.060+0000][121][info ][gc,heap     ] GC(0) Old regions: 1->1
[2025-08-24T10:24:03.060+0000][121][info ][gc,heap     ] GC(0) Humongous regions: 0->0
[2025-08-24T10:24:03.060+0000][121][info ][gc,metaspace] GC(0) Metaspace: 7267K(7488K)->7267K(7488K) NonClass: 6399K(6528K)->6399K(6528K) Class: 867K(960K)->867K(960K)
[2025-08-24T10:24:03.060+0000][121][info ][gc          ] GC(0) Pause Young (Normal) (G1 Evacuation Pause) 49M->5M(1024M) 2.471ms
[2025-08-24T10:24:03.060+0000][121][info ][gc,cpu      ] GC(0) User=0.01s Sys=0.00s Real=0.01s
[2025-08-24T10:24:03.060+0000][121][info ][safepoint   ] Safepoint "G1CollectForAllocation", Time since last: 23706916 ns, Reaching safepoint: 1167 ns, Cleanup: 46542 ns, At safepoint: 2555083 ns, Total: 2602792 ns
[2025-08-24T10:24:03.137+0000][121][info ][safepoint   ] Safepoint "ICBufferFull", Time since last: 76609958 ns, Reaching safepoint: 1709 ns, Cleanup: 85708 ns, At safepoint: 3500 ns, Total: 90917 ns
[2025-08-24T10:24:03.185+0000][121][info ][safepoint   ] Safepoint "ICBufferFull", Time since last: 48266708 ns, Reaching safepoint: 1834 ns, Cleanup: 65625 ns, At safepoint: 3583 ns, Total: 71042 ns
[2025-08-24T10:24:03.291+0000][121][info ][safepoint   ] Safepoint "ICBufferFull", Time since last: 105743500 ns, Reaching safepoint: 485958 ns, Cleanup: 87125 ns, At safepoint: 7084 ns, Total: 580167 ns
[2025-08-24T10:24:03.535+0000][121][info ][safepoint   ] Safepoint "ICBufferFull", Time since last: 243185125 ns, Reaching safepoint: 2750 ns, Cleanup: 128792 ns, At safepoint: 5916 ns, Total: 137458 ns
[2025-08-24T10:24:03.650+0000][121][info ][safepoint   ] Safepoint "ICBufferFull", Time since last: 114963334 ns, Reaching safepoint: 1791 ns, Cleanup: 65125 ns, At safepoint: 2625 ns, Total: 69541 ns
[2025-08-24T10:24:03.819+0000][121][info ][safepoint   ] Safepoint "ICBufferFull", Time since last: 169067042 ns, Reaching safepoint: 583875 ns, Cleanup: 78292 ns, At safepoint: 11208 ns, Total: 673375 ns
[2025-08-24T10:24:03.859+0000][121][info ][gc,start    ] GC(1) Pause Young (Normal) (G1 Evacuation Pause)
[2025-08-24T10:24:03.859+0000][121][info ][gc,task     ] GC(1) Using 8 workers of 8 for evacuation
[2025-08-24T10:24:03.859+0000][121][debug][gc,age      ] GC(1) Desired survivor size 6291456 bytes, new threshold 15 (max threshold 15)
[2025-08-24T10:24:03.865+0000][121][info ][gc,phases   ] GC(1)   Pre Evacuate Collection Set: 0.12ms
[2025-08-24T10:24:03.865+0000][121][info ][gc,phases   ] GC(1)   Merge Heap Roots: 0.06ms
[2025-08-24T10:24:03.865+0000][121][info ][gc,phases   ] GC(1)   Evacuate Collection Set: 4.42ms
[2025-08-24T10:24:03.865+0000][121][info ][gc,phases   ] GC(1)   Post Evacuate Collection Set: 0.87ms
[2025-08-24T10:24:03.865+0000][121][info ][gc,phases   ] GC(1)   Other: 0.15ms
[2025-08-24T10:24:03.865+0000][121][trace][gc,age      ] GC(1) Age table with threshold 15 (max threshold 15)
[2025-08-24T10:24:03.865+0000][121][trace][gc,age      ] GC(1) - age   1:    4982632 bytes,    4982632 total
[2025-08-24T10:24:03.865+0000][121][trace][gc,age      ] GC(1) - age   2:    4604432 bytes,    9587064 total
[2025-08-24T10:24:03.865+0000][121][info ][gc,heap     ] GC(1) Eden regions: 22->0(41)
[2025-08-24T10:24:03.865+0000][121][info ][gc,heap     ] GC(1) Survivor regions: 2->3(3)
[2025-08-24T10:24:03.865+0000][121][info ][gc,heap     ] GC(1) Old regions: 1->1
[2025-08-24T10:24:03.865+0000][121][info ][gc,heap     ] GC(1) Humongous regions: 0->0
[2025-08-24T10:24:03.865+0000][121][info ][gc,metaspace] GC(1) Metaspace: 20190K(20800K)->20190K(20800K) NonClass: 17873K(18240K)->17873K(18240K) Class: 2317K(2560K)->2317K(2560K)
[2025-08-24T10:24:03.865+0000][121][info ][gc          ] GC(1) Pause Young (Normal) (G1 Evacuation Pause) 93M->10M(1024M) 6.402ms
[2025-08-24T10:24:03.865+0000][121][info ][gc,cpu      ] GC(1) User=0.03s Sys=0.01s Real=0.00s
[2025-08-24T10:24:03.865+0000][121][info ][safepoint   ] Safepoint "G1CollectForAllocation", Time since last: 39422000 ns, Reaching safepoint: 2667 ns, Cleanup: 35875 ns, At safepoint: 6496666 ns, Total: 6535208 ns
[2025-08-24T10:24:03.929+0000][121][info ][gc,start    ] GC(2) Pause Young (Concurrent Start) (Metadata GC Threshold)
[2025-08-24T10:24:03.929+0000][121][info ][gc,task     ] GC(2) Using 8 workers of 8 for evacuation
[2025-08-24T10:24:03.930+0000][121][debug][gc,age      ] GC(2) Desired survivor size 12582912 bytes, new threshold 15 (max threshold 15)
[2025-08-24T10:24:03.933+0000][121][info ][gc,phases   ] GC(2)   Pre Evacuate Collection Set: 0.12ms
[2025-08-24T10:24:03.933+0000][121][info ][gc,phases   ] GC(2)   Merge Heap Roots: 0.04ms
[2025-08-24T10:24:03.933+0000][121][info ][gc,phases   ] GC(2)   Evacuate Collection Set: 2.96ms
[2025-08-24T10:24:03.933+0000][121][info ][gc,phases   ] GC(2)   Post Evacuate Collection Set: 0.50ms
[2025-08-24T10:24:03.934+0000][121][info ][gc,phases   ] GC(2)   Other: 0.25ms
[2025-08-24T10:24:03.934+0000][121][trace][gc,age      ] GC(2) Age table with threshold 15 (max threshold 15)
[2025-08-24T10:24:03.934+0000][121][trace][gc,age      ] GC(2) - age   1:     474192 bytes,     474192 total
[2025-08-24T10:24:03.934+0000][121][trace][gc,age      ] GC(2) - age   2:    4060608 bytes,    4534800 total
[2025-08-24T10:24:03.934+0000][121][trace][gc,age      ] GC(2) - age   3:    4588704 bytes,    9123504 total
[2025-08-24T10:24:03.934+0000][121][info ][gc,heap     ] GC(2) Eden regions: 6->0(82)
[2025-08-24T10:24:03.934+0000][121][info ][gc,heap     ] GC(2) Survivor regions: 3->3(6)
[2025-08-24T10:24:03.934+0000][121][info ][gc,heap     ] GC(2) Old regions: 1->1
[2025-08-24T10:24:03.934+0000][121][info ][gc,heap     ] GC(2) Humongous regions: 0->0
[2025-08-24T10:24:03.934+0000][121][info ][gc,metaspace] GC(2) Metaspace: 20868K(21504K)->20868K(21504K) NonClass: 18441K(18816K)->18441K(18816K) Class: 2426K(2688K)->2426K(2688K)
[2025-08-24T10:24:03.934+0000][121][info ][gc          ] GC(2) Pause Young (Concurrent Start) (Metadata GC Threshold) 32M->10M(1024M) 4.469ms
[2025-08-24T10:24:03.934+0000][121][info ][gc,cpu      ] GC(2) User=0.02s Sys=0.00s Real=0.00s
[2025-08-24T10:24:03.934+0000][121][info ][gc          ] GC(3) Concurrent Mark Cycle
[2025-08-24T10:24:03.934+0000][121][info ][gc,marking  ] GC(3) Concurrent Scan Root Regions
[2025-08-24T10:24:03.934+0000][121][info ][safepoint   ] Safepoint "CollectForMetadataAllocation", Time since last: 63358209 ns, Reaching safepoint: 502875 ns, Cleanup: 71000 ns, At safepoint: 4636000 ns, Total: 5209875 ns
[2025-08-24T10:24:03.936+0000][121][info ][gc,marking  ] GC(3) Concurrent Scan Root Regions 2.140ms
[2025-08-24T10:24:03.938+0000][121][info ][gc,marking  ] GC(3) Concurrent Mark
[2025-08-24T10:24:03.938+0000][121][info ][gc,marking  ] GC(3) Concurrent Mark From Roots
[2025-08-24T10:24:03.939+0000][121][info ][gc,task     ] GC(3) Using 2 workers of 2 for marking
[2025-08-24T10:24:03.941+0000][121][info ][gc,marking  ] GC(3) Concurrent Mark From Roots 2.179ms
[2025-08-24T10:24:03.941+0000][121][info ][gc,marking  ] GC(3) Concurrent Preclean
[2025-08-24T10:24:03.941+0000][121][info ][gc,marking  ] GC(3) Concurrent Preclean 0.309ms
[2025-08-24T10:24:03.943+0000][121][info ][gc,start    ] GC(3) Pause Remark
[2025-08-24T10:24:03.945+0000][121][info ][gc          ] GC(3) Pause Remark 13M->13M(1024M) 2.542ms
[2025-08-24T10:24:03.945+0000][121][info ][gc,cpu      ] GC(3) User=0.01s Sys=0.00s Real=0.00s
[2025-08-24T10:24:03.945+0000][121][info ][safepoint   ] Safepoint "G1PauseRemark", Time since last: 7350333 ns, Reaching safepoint: 1273583 ns, Cleanup: 18792 ns, At safepoint: 2681208 ns, Total: 3973583 ns
[2025-08-24T10:24:03.945+0000][121][info ][gc,marking  ] GC(3) Concurrent Mark 7.087ms
[2025-08-24T10:24:03.946+0000][121][info ][gc,marking  ] GC(3) Concurrent Rebuild Remembered Sets and Scrub Regions
[2025-08-24T10:24:03.946+0000][121][info ][gc,marking  ] GC(3) Concurrent Rebuild Remembered Sets and Scrub Regions 0.631ms
[2025-08-24T10:24:03.947+0000][121][info ][gc,start    ] GC(3) Pause Cleanup
[2025-08-24T10:24:03.948+0000][121][info ][gc          ] GC(3) Pause Cleanup 14M->14M(1024M) 0.089ms
[2025-08-24T10:24:03.948+0000][121][info ][gc,cpu      ] GC(3) User=0.00s Sys=0.00s Real=0.00s
[2025-08-24T10:24:03.948+0000][121][info ][safepoint   ] Safepoint "G1PauseCleanup", Time since last: 1058000 ns, Reaching safepoint: 1098000 ns, Cleanup: 2042 ns, At safepoint: 231958 ns, Total: 1332000 ns
[2025-08-24T10:24:03.950+0000][121][info ][gc,marking  ] GC(3) Concurrent Clear Claimed Marks
[2025-08-24T10:24:03.951+0000][121][info ][gc,marking  ] GC(3) Concurrent Clear Claimed Marks 0.814ms
[2025-08-24T10:24:03.951+0000][121][info ][gc,marking  ] GC(3) Concurrent Cleanup for Next Mark
[2025-08-24T10:24:03.951+0000][121][info ][gc,marking  ] GC(3) Concurrent Cleanup for Next Mark 0.591ms
[2025-08-24T10:24:03.955+0000][121][info ][gc          ] GC(3) Concurrent Mark Cycle 20.889ms
[2025-08-24T10:24:04.052+0000][121][info ][safepoint   ] Safepoint "ICBufferFull", Time since last: 103958084 ns, Reaching safepoint: 749292 ns, Cleanup: 79666 ns, At safepoint: 11792 ns, Total: 840750 ns
[2025-08-24T10:24:04.110+0000][121][info ][safepoint   ] Safepoint "ICBufferFull", Time since last: 57780250 ns, Reaching safepoint: 5792 ns, Cleanup: 167750 ns, At safepoint: 9208 ns, Total: 182750 ns
[2025-08-24T10:24:04.214+0000][121][info ][safepoint   ] Safepoint "ICBufferFull", Time since last: 103434083 ns, Reaching safepoint: 442750 ns, Cleanup: 95334 ns, At safepoint: 13375 ns, Total: 551459 ns
[2025-08-24T10:24:04.524+0000][121][info ][safepoint   ] Safepoint "ICBufferFull", Time since last: 309472541 ns, Reaching safepoint: 2875 ns, Cleanup: 126250 ns, At safepoint: 24417 ns, Total: 153542 ns
[2025-08-24T10:24:04.743+0000][121][info ][safepoint   ] Safepoint "ICBufferFull", Time since last: 218968209 ns, Reaching safepoint: 253500 ns, Cleanup: 82541 ns, At safepoint: 11667 ns, Total: 347708 ns
[2025-08-24T10:24:04.785+0000][121][info ][gc,start    ] GC(4) Pause Young (Prepare Mixed) (G1 Evacuation Pause)
[2025-08-24T10:24:04.786+0000][121][info ][gc,task     ] GC(4) Using 8 workers of 8 for evacuation
[2025-08-24T10:24:04.787+0000][121][debug][gc,age      ] GC(4) Desired survivor size 23068672 bytes, new threshold 15 (max threshold 15)
[2025-08-24T10:24:04.796+0000][121][info ][gc,phases   ] GC(4)   Pre Evacuate Collection Set: 0.22ms
[2025-08-24T10:24:04.796+0000][121][info ][gc,phases   ] GC(4)   Merge Heap Roots: 0.15ms
[2025-08-24T10:24:04.796+0000][121][info ][gc,phases   ] GC(4)   Evacuate Collection Set: 7.40ms
[2025-08-24T10:24:04.796+0000][121][info ][gc,phases   ] GC(4)   Post Evacuate Collection Set: 1.17ms
[2025-08-24T10:24:04.796+0000][121][info ][gc,phases   ] GC(4)   Other: 1.33ms
[2025-08-24T10:24:04.796+0000][121][trace][gc,age      ] GC(4) Age table with threshold 15 (max threshold 15)
[2025-08-24T10:24:04.797+0000][121][trace][gc,age      ] GC(4) - age   1:    6793072 bytes,    6793072 total
[2025-08-24T10:24:04.797+0000][121][trace][gc,age      ] GC(4) - age   2:     423664 bytes,    7216736 total
[2025-08-24T10:24:04.797+0000][121][trace][gc,age      ] GC(4) - age   3:    4027712 bytes,   11244448 total
[2025-08-24T10:24:04.797+0000][121][trace][gc,age      ] GC(4) - age   4:    4587512 bytes,   15831960 total
[2025-08-24T10:24:04.797+0000][121][info ][gc,heap     ] GC(4) Eden regions: 82->0(148)
[2025-08-24T10:24:04.797+0000][121][info ][gc,heap     ] GC(4) Survivor regions: 3->5(11)
[2025-08-24T10:24:04.797+0000][121][info ][gc,heap     ] GC(4) Old regions: 1->1
[2025-08-24T10:24:04.797+0000][121][info ][gc,heap     ] GC(4) Humongous regions: 0->0
[2025-08-24T10:24:04.797+0000][121][info ][gc,metaspace] GC(4) Metaspace: 28976K(29824K)->28976K(29824K) NonClass: 25629K(26112K)->25629K(26112K) Class: 3346K(3712K)->3346K(3712K)
[2025-08-24T10:24:04.797+0000][121][info ][gc          ] GC(4) Pause Young (Prepare Mixed) (G1 Evacuation Pause) 338M->17M(1024M) 12.183ms
[2025-08-24T10:24:04.797+0000][121][info ][gc,cpu      ] GC(4) User=0.04s Sys=0.01s Real=0.01s
[2025-08-24T10:24:04.797+0000][121][info ][safepoint   ] Safepoint "G1CollectForAllocation", Time since last: 41085375 ns, Reaching safepoint: 3750 ns, Cleanup: 71542 ns, At safepoint: 12336916 ns, Total: 12412208 ns
[2025-08-24T10:24:04.901+0000][121][info ][safepoint   ] Safepoint "ICBufferFull", Time since last: 103852959 ns, Reaching safepoint: 3291 ns, Cleanup: 78000 ns, At safepoint: 4334 ns, Total: 85625 ns
[2025-08-24T10:24:04.976+0000][121][info ][safepoint   ] Safepoint "ICBufferFull", Time since last: 75437041 ns, Reaching safepoint: 2250 ns, Cleanup: 88959 ns, At safepoint: 7041 ns, Total: 98250 ns
[2025-08-24T10:24:05.171+0000][121][info ][safepoint   ] Safepoint "ICBufferFull", Time since last: 194757584 ns, Reaching safepoint: 2333 ns, Cleanup: 82750 ns, At safepoint: 3917 ns, Total: 89000 ns
[2025-08-24T10:24:05.227+0000][121][info ][safepoint   ] Safepoint "ICBufferFull", Time since last: 55454416 ns, Reaching safepoint: 2584 ns, Cleanup: 75916 ns, At safepoint: 3875 ns, Total: 82375 ns
[2025-08-24T10:24:05.277+0000][121][info ][gc,start    ] GC(5) Pause Young (Mixed) (Metadata GC Threshold)
[2025-08-24T10:24:05.277+0000][121][info ][gc,task     ] GC(5) Using 8 workers of 8 for evacuation
[2025-08-24T10:24:05.278+0000][121][debug][gc,age      ] GC(5) Desired survivor size 41943040 bytes, new threshold 15 (max threshold 15)
[2025-08-24T10:24:05.284+0000][121][info ][gc,phases   ] GC(5)   Pre Evacuate Collection Set: 0.14ms
[2025-08-24T10:24:05.284+0000][121][info ][gc,phases   ] GC(5)   Merge Heap Roots: 0.08ms
[2025-08-24T10:24:05.284+0000][121][info ][gc,phases   ] GC(5)   Evacuate Collection Set: 5.55ms
[2025-08-24T10:24:05.284+0000][121][info ][gc,phases   ] GC(5)   Post Evacuate Collection Set: 0.83ms
[2025-08-24T10:24:05.284+0000][121][info ][gc,phases   ] GC(5)   Other: 0.15ms
[2025-08-24T10:24:05.284+0000][121][trace][gc,age      ] GC(5) Age table with threshold 15 (max threshold 15)
[2025-08-24T10:24:05.284+0000][121][trace][gc,age      ] GC(5) - age   1:    8184992 bytes,    8184992 total
[2025-08-24T10:24:05.285+0000][121][trace][gc,age      ] GC(5) - age   2:    5942336 bytes,   14127328 total
[2025-08-24T10:24:05.285+0000][121][trace][gc,age      ] GC(5) - age   3:     423544 bytes,   14550872 total
[2025-08-24T10:24:05.285+0000][121][trace][gc,age      ] GC(5) - age   4:    4026176 bytes,   18577048 total
[2025-08-24T10:24:05.285+0000][121][trace][gc,age      ] GC(5) - age   5:    4587512 bytes,   23164560 total
[2025-08-24T10:24:05.285+0000][121][info ][gc,heap     ] GC(5) Eden regions: 131->0(147)
[2025-08-24T10:24:05.285+0000][121][info ][gc,heap     ] GC(5) Survivor regions: 5->6(20)
[2025-08-24T10:24:05.285+0000][121][info ][gc,heap     ] GC(5) Old regions: 1->1
[2025-08-24T10:24:05.285+0000][121][info ][gc,heap     ] GC(5) Humongous regions: 0->0
[2025-08-24T10:24:05.285+0000][121][info ][gc,metaspace] GC(5) Metaspace: 35381K(36288K)->35381K(36288K) NonClass: 31291K(31808K)->31291K(31808K) Class: 4089K(4480K)->4089K(4480K)
[2025-08-24T10:24:05.285+0000][121][info ][gc          ] GC(5) Pause Young (Mixed) (Metadata GC Threshold) 541M->24M(1024M) 7.439ms
[2025-08-24T10:24:05.285+0000][121][info ][gc,cpu      ] GC(5) User=0.04s Sys=0.00s Real=0.01s
[2025-08-24T10:24:05.285+0000][121][info ][safepoint   ] Safepoint "CollectForMetadataAllocation", Time since last: 50571292 ns, Reaching safepoint: 2125 ns, Cleanup: 22042 ns, At safepoint: 7568416 ns, Total: 7592583 ns
[2025-08-24T10:24:05.293+0000][121][info ][gc,start    ] GC(6) Pause Young (Concurrent Start) (Metadata GC Threshold)
[2025-08-24T10:24:05.293+0000][121][info ][gc,task     ] GC(6) Using 8 workers of 8 for evacuation
[2025-08-24T10:24:05.293+0000][121][debug][gc,age      ] GC(6) Desired survivor size 41943040 bytes, new threshold 15 (max threshold 15)
[2025-08-24T10:24:05.298+0000][121][info ][gc,phases   ] GC(6)   Pre Evacuate Collection Set: 0.14ms
[2025-08-24T10:24:05.298+0000][121][info ][gc,phases   ] GC(6)   Merge Heap Roots: 0.05ms
[2025-08-24T10:24:05.298+0000][121][info ][gc,phases   ] GC(6)   Evacuate Collection Set: 3.95ms
[2025-08-24T10:24:05.298+0000][121][info ][gc,phases   ] GC(6)   Post Evacuate Collection Set: 0.75ms
[2025-08-24T10:24:05.298+0000][121][info ][gc,phases   ] GC(6)   Other: 0.16ms
[2025-08-24T10:24:05.298+0000][121][trace][gc,age      ] GC(6) Age table with threshold 15 (max threshold 15)
[2025-08-24T10:24:05.298+0000][121][trace][gc,age      ] GC(6) - age   1:      65264 bytes,      65264 total
[2025-08-24T10:24:05.298+0000][121][trace][gc,age      ] GC(6) - age   2:    8165672 bytes,    8230936 total
[2025-08-24T10:24:05.298+0000][121][trace][gc,age      ] GC(6) - age   3:    5942336 bytes,   14173272 total
[2025-08-24T10:24:05.298+0000][121][trace][gc,age      ] GC(6) - age   4:     423544 bytes,   14596816 total
[2025-08-24T10:24:05.298+0000][121][trace][gc,age      ] GC(6) - age   5:    4025328 bytes,   18622144 total
[2025-08-24T10:24:05.298+0000][121][trace][gc,age      ] GC(6) - age   6:    4587416 bytes,   23209560 total
[2025-08-24T10:24:05.298+0000][121][info ][gc,heap     ] GC(6) Eden regions: 1->0(146)
[2025-08-24T10:24:05.298+0000][121][info ][gc,heap     ] GC(6) Survivor regions: 6->7(20)
[2025-08-24T10:24:05.298+0000][121][info ][gc,heap     ] GC(6) Old regions: 1->1
[2025-08-24T10:24:05.298+0000][121][info ][gc,heap     ] GC(6) Humongous regions: 0->0
[2025-08-24T10:24:05.299+0000][121][info ][gc,metaspace] GC(6) Metaspace: 35705K(36608K)->35705K(36608K) NonClass: 31570K(32064K)->31570K(32064K) Class: 4135K(4544K)->4135K(4544K)
[2025-08-24T10:24:05.299+0000][121][info ][gc          ] GC(6) Pause Young (Concurrent Start) (Metadata GC Threshold) 28M->25M(1024M) 5.691ms
[2025-08-24T10:24:05.299+0000][121][info ][gc,cpu      ] GC(6) User=0.03s Sys=0.00s Real=0.01s
[2025-08-24T10:24:05.299+0000][121][info ][gc          ] GC(7) Concurrent Mark Cycle
[2025-08-24T10:24:05.299+0000][121][info ][gc,marking  ] GC(7) Concurrent Scan Root Regions
[2025-08-24T10:24:05.299+0000][121][info ][safepoint   ] Safepoint "CollectForMetadataAllocation", Time since last: 7978625 ns, Reaching safepoint: 1334 ns, Cleanup: 1000 ns, At safepoint: 5884416 ns, Total: 5886750 ns
[2025-08-24T10:24:05.302+0000][121][info ][gc,marking  ] GC(7) Concurrent Scan Root Regions 2.891ms
[2025-08-24T10:24:05.302+0000][121][info ][gc,marking  ] GC(7) Concurrent Mark
[2025-08-24T10:24:05.303+0000][121][info ][gc,marking  ] GC(7) Concurrent Mark From Roots
[2025-08-24T10:24:05.303+0000][121][info ][gc,task     ] GC(7) Using 2 workers of 2 for marking
[2025-08-24T10:24:05.303+0000][121][info ][gc,marking  ] GC(7) Concurrent Mark From Roots 0.834ms
[2025-08-24T10:24:05.303+0000][121][info ][gc,marking  ] GC(7) Concurrent Preclean
[2025-08-24T10:24:05.303+0000][121][info ][gc,marking  ] GC(7) Concurrent Preclean 0.045ms
[2025-08-24T10:24:05.304+0000][121][info ][gc,start    ] GC(7) Pause Remark
[2025-08-24T10:24:05.307+0000][121][info ][gc          ] GC(7) Pause Remark 29M->29M(1024M) 2.112ms
[2025-08-24T10:24:05.307+0000][121][info ][gc,cpu      ] GC(7) User=0.01s Sys=0.00s Real=0.00s
[2025-08-24T10:24:05.307+0000][121][info ][safepoint   ] Safepoint "G1PauseRemark", Time since last: 4792084 ns, Reaching safepoint: 897208 ns, Cleanup: 16625 ns, At safepoint: 2219542 ns, Total: 3133375 ns
[2025-08-24T10:24:05.307+0000][121][info ][gc,marking  ] GC(7) Concurrent Mark 4.244ms
[2025-08-24T10:24:05.307+0000][121][info ][gc,marking  ] GC(7) Concurrent Rebuild Remembered Sets and Scrub Regions
[2025-08-24T10:24:05.307+0000][121][info ][gc,marking  ] GC(7) Concurrent Rebuild Remembered Sets and Scrub Regions 0.382ms
[2025-08-24T10:24:05.309+0000][121][info ][gc,start    ] GC(7) Pause Cleanup
[2025-08-24T10:24:05.309+0000][121][info ][gc          ] GC(7) Pause Cleanup 29M->29M(1024M) 0.100ms
[2025-08-24T10:24:05.309+0000][121][info ][gc,cpu      ] GC(7) User=0.00s Sys=0.00s Real=0.00s
[2025-08-24T10:24:05.309+0000][121][info ][safepoint   ] Safepoint "G1PauseCleanup", Time since last: 519208 ns, Reaching safepoint: 1358042 ns, Cleanup: 15375 ns, At safepoint: 200541 ns, Total: 1573958 ns
[2025-08-24T10:24:05.309+0000][121][info ][gc,marking  ] GC(7) Concurrent Clear Claimed Marks
[2025-08-24T10:24:05.309+0000][121][info ][gc,marking  ] GC(7) Concurrent Clear Claimed Marks 0.056ms
[2025-08-24T10:24:05.309+0000][121][info ][gc,marking  ] GC(7) Concurrent Cleanup for Next Mark
[2025-08-24T10:24:05.310+0000][121][info ][gc,marking  ] GC(7) Concurrent Cleanup for Next Mark 0.638ms
[2025-08-24T10:24:05.310+0000][121][info ][gc          ] GC(7) Concurrent Mark Cycle 10.942ms
[2025-08-24T10:24:05.619+0000][121][info ][safepoint   ] Safepoint "ICBufferFull", Time since last: 310185292 ns, Reaching safepoint: 2500 ns, Cleanup: 89084 ns, At safepoint: 6750 ns, Total: 98334 ns
[2025-08-24T10:24:05.783+0000][121][info ][gc,start    ] GC(8) Pause Young (Normal) (G1 Evacuation Pause)
[2025-08-24T10:24:05.783+0000][121][info ][gc,task     ] GC(8) Using 8 workers of 8 for evacuation
[2025-08-24T10:24:05.783+0000][121][debug][gc,age      ] GC(8) Desired survivor size 41943040 bytes, new threshold 15 (max threshold 15)
[2025-08-24T10:24:05.796+0000][121][info ][gc,phases   ] GC(8)   Pre Evacuate Collection Set: 0.13ms
[2025-08-24T10:24:05.796+0000][121][info ][gc,phases   ] GC(8)   Merge Heap Roots: 0.07ms
[2025-08-24T10:24:05.796+0000][121][info ][gc,phases   ] GC(8)   Evacuate Collection Set: 11.00ms
[2025-08-24T10:24:05.796+0000][121][info ][gc,phases   ] GC(8)   Post Evacuate Collection Set: 1.36ms
[2025-08-24T10:24:05.796+0000][121][info ][gc,phases   ] GC(8)   Other: 0.16ms
[2025-08-24T10:24:05.796+0000][121][trace][gc,age      ] GC(8) Age table with threshold 15 (max threshold 15)
[2025-08-24T10:24:05.796+0000][121][trace][gc,age      ] GC(8) - age   1:   10099104 bytes,   10099104 total
[2025-08-24T10:24:05.796+0000][121][trace][gc,age      ] GC(8) - age   2:      58832 bytes,   10157936 total
[2025-08-24T10:24:05.796+0000][121][trace][gc,age      ] GC(8) - age   3:    8155168 bytes,   18313104 total
[2025-08-24T10:24:05.796+0000][121][trace][gc,age      ] GC(8) - age   4:    5934440 bytes,   24247544 total
[2025-08-24T10:24:05.796+0000][121][trace][gc,age      ] GC(8) - age   5:     403560 bytes,   24651104 total
[2025-08-24T10:24:05.796+0000][121][trace][gc,age      ] GC(8) - age   6:    4018296 bytes,   28669400 total
[2025-08-24T10:24:05.796+0000][121][trace][gc,age      ] GC(8) - age   7:    4580664 bytes,   33250064 total
[2025-08-24T10:24:05.796+0000][121][info ][gc,heap     ] GC(8) Eden regions: 146->0(144)
[2025-08-24T10:24:05.796+0000][121][info ][gc,heap     ] GC(8) Survivor regions: 7->9(20)
[2025-08-24T10:24:05.796+0000][121][info ][gc,heap     ] GC(8) Old regions: 1->1
[2025-08-24T10:24:05.796+0000][121][info ][gc,heap     ] GC(8) Humongous regions: 0->0
[2025-08-24T10:24:05.796+0000][121][info ][gc,metaspace] GC(8) Metaspace: 38303K(39360K)->38303K(39360K) NonClass: 33811K(34432K)->33811K(34432K) Class: 4491K(4928K)->4491K(4928K)
[2025-08-24T10:24:05.796+0000][121][info ][gc          ] GC(8) Pause Young (Normal) (G1 Evacuation Pause) 609M->36M(1024M) 13.698ms
[2025-08-24T10:24:05.796+0000][121][info ][gc,cpu      ] GC(8) User=0.07s Sys=0.00s Real=0.01s
[2025-08-24T10:24:05.796+0000][121][info ][safepoint   ] Safepoint "G1CollectForAllocation", Time since last: 163464166 ns, Reaching safepoint: 3459 ns, Cleanup: 121125 ns, At safepoint: 13829333 ns, Total: 13953917 ns
[2025-08-24T10:24:06.000+0000][121][info ][safepoint   ] Safepoint "ICBufferFull", Time since last: 203350083 ns, Reaching safepoint: 2542 ns, Cleanup: 85292 ns, At safepoint: 7791 ns, Total: 95625 ns
[2025-08-24T10:24:06.050+0000][121][info ][safepoint   ] Safepoint "ICBufferFull", Time since last: 48340084 ns, Reaching safepoint: 1279625 ns, Cleanup: 86375 ns, At safepoint: 7583 ns, Total: 1373583 ns
[2025-08-24T10:24:06.185+0000][121][info ][safepoint   ] Safepoint "ICBufferFull", Time since last: 135601250 ns, Reaching safepoint: 2459 ns, Cleanup: 75000 ns, At safepoint: 5250 ns, Total: 82709 ns
[2025-08-24T10:24:06.445+0000][121][info ][safepoint   ] Safepoint "ICBufferFull", Time since last: 259284208 ns, Reaching safepoint: 2083 ns, Cleanup: 59584 ns, At safepoint: 4291 ns, Total: 65958 ns
[2025-08-24T10:24:06.520+0000][121][info ][safepoint   ] Safepoint "ICBufferFull", Time since last: 75505542 ns, Reaching safepoint: 2292 ns, Cleanup: 75041 ns, At safepoint: 7417 ns, Total: 84750 ns
[2025-08-24T10:24:06.714+0000][121][info ][safepoint   ] Safepoint "ICBufferFull", Time since last: 194124958 ns, Reaching safepoint: 2459 ns, Cleanup: 77000 ns, At safepoint: 5041 ns, Total: 84500 ns
[2025-08-24T10:24:06.972+0000][121][info ][gc,start    ] GC(9) Pause Young (Concurrent Start) (Metadata GC Threshold)
[2025-08-24T10:24:06.972+0000][121][info ][gc,task     ] GC(9) Using 8 workers of 8 for evacuation
[2025-08-24T10:24:06.972+0000][121][debug][gc,age      ] GC(9) Desired survivor size 41943040 bytes, new threshold 15 (max threshold 15)
[2025-08-24T10:24:06.986+0000][121][info ][gc,phases   ] GC(9)   Pre Evacuate Collection Set: 0.14ms
[2025-08-24T10:24:06.987+0000][121][info ][gc,phases   ] GC(9)   Merge Heap Roots: 0.07ms
[2025-08-24T10:24:06.987+0000][121][info ][gc,phases   ] GC(9)   Evacuate Collection Set: 12.38ms
[2025-08-24T10:24:06.987+0000][121][info ][gc,phases   ] GC(9)   Post Evacuate Collection Set: 1.43ms
[2025-08-24T10:24:06.987+0000][121][info ][gc,phases   ] GC(9)   Other: 0.26ms
[2025-08-24T10:24:06.987+0000][121][trace][gc,age      ] GC(9) Age table with threshold 15 (max threshold 15)
[2025-08-24T10:24:06.987+0000][121][trace][gc,age      ] GC(9) - age   1:   10312760 bytes,   10312760 total
[2025-08-24T10:24:06.987+0000][121][trace][gc,age      ] GC(9) - age   2:    8850576 bytes,   19163336 total
[2025-08-24T10:24:06.987+0000][121][trace][gc,age      ] GC(9) - age   3:      57280 bytes,   19220616 total
[2025-08-24T10:24:06.987+0000][121][trace][gc,age      ] GC(9) - age   4:    8114592 bytes,   27335208 total
[2025-08-24T10:24:06.987+0000][121][trace][gc,age      ] GC(9) - age   5:    5749112 bytes,   33084320 total
[2025-08-24T10:24:06.987+0000][121][trace][gc,age      ] GC(9) - age   6:     400000 bytes,   33484320 total
[2025-08-24T10:24:06.987+0000][121][trace][gc,age      ] GC(9) - age   7:    3980704 bytes,   37465024 total
[2025-08-24T10:24:06.987+0000][121][trace][gc,age      ] GC(9) - age   8:    4571576 bytes,   42036600 total
[2025-08-24T10:24:06.987+0000][121][info ][gc,heap     ] GC(9) Eden regions: 135->0(141)
[2025-08-24T10:24:06.987+0000][121][info ][gc,heap     ] GC(9) Survivor regions: 9->12(20)
[2025-08-24T10:24:06.987+0000][121][info ][gc,heap     ] GC(9) Old regions: 1->1
[2025-08-24T10:24:06.987+0000][121][info ][gc,heap     ] GC(9) Humongous regions: 0->0
[2025-08-24T10:24:06.987+0000][121][info ][gc,metaspace] GC(9) Metaspace: 59784K(61248K)->59784K(61248K) NonClass: 52232K(53120K)->52232K(53120K) Class: 7551K(8128K)->7551K(8128K)
[2025-08-24T10:24:06.987+0000][121][info ][gc          ] GC(9) Pause Young (Concurrent Start) (Metadata GC Threshold) 574M->46M(1024M) 15.073ms
[2025-08-24T10:24:06.987+0000][121][info ][gc,cpu      ] GC(9) User=0.09s Sys=0.01s Real=0.01s
[2025-08-24T10:24:06.987+0000][121][info ][gc          ] GC(10) Concurrent Mark Cycle
[2025-08-24T10:24:06.987+0000][121][info ][gc,marking  ] GC(10) Concurrent Scan Root Regions
[2025-08-24T10:24:06.987+0000][121][info ][safepoint   ] Safepoint "CollectForMetadataAllocation", Time since last: 257467626 ns, Reaching safepoint: 2125 ns, Cleanup: 48500 ns, At safepoint: 15267166 ns, Total: 15317791 ns
[2025-08-24T10:24:06.992+0000][121][info ][gc,marking  ] GC(10) Concurrent Scan Root Regions 4.718ms
[2025-08-24T10:24:06.994+0000][121][info ][gc,marking  ] GC(10) Concurrent Mark
[2025-08-24T10:24:06.995+0000][121][info ][gc,marking  ] GC(10) Concurrent Mark From Roots
[2025-08-24T10:24:06.996+0000][121][info ][gc,task     ] GC(10) Using 2 workers of 2 for marking
[2025-08-24T10:24:06.997+0000][121][info ][gc,marking  ] GC(10) Concurrent Mark From Roots 1.747ms
[2025-08-24T10:24:06.997+0000][121][info ][gc,marking  ] GC(10) Concurrent Preclean
[2025-08-24T10:24:06.998+0000][121][info ][gc,marking  ] GC(10) Concurrent Preclean 0.261ms
[2025-08-24T10:24:06.998+0000][121][info ][safepoint   ] Safepoint "CollectForMetadataAllocation", Time since last: 10494542 ns, Reaching safepoint: 2458 ns, Cleanup: 1584 ns, At safepoint: 146833 ns, Total: 150875 ns
[2025-08-24T10:24:06.998+0000][121][info ][gc,start    ] GC(10) Pause Remark
[2025-08-24T10:24:07.001+0000][121][info ][gc          ] GC(10) Pause Remark 52M->52M(1024M) 2.525ms
[2025-08-24T10:24:07.001+0000][121][info ][gc,cpu      ] GC(10) User=0.01s Sys=0.00s Real=0.00s
[2025-08-24T10:24:07.001+0000][121][info ][safepoint   ] Safepoint "G1PauseRemark", Time since last: 82833 ns, Reaching safepoint: 271209 ns, Cleanup: 1291 ns, At safepoint: 2649709 ns, Total: 2922209 ns
[2025-08-24T10:24:07.005+0000][121][info ][gc,marking  ] GC(10) Concurrent Mark 11.215ms
[2025-08-24T10:24:07.005+0000][121][info ][gc,marking  ] GC(10) Concurrent Rebuild Remembered Sets and Scrub Regions
[2025-08-24T10:24:07.006+0000][121][info ][gc,marking  ] GC(10) Concurrent Rebuild Remembered Sets and Scrub Regions 0.655ms
[2025-08-24T10:24:07.008+0000][121][info ][gc,start    ] GC(10) Pause Cleanup
[2025-08-24T10:24:07.009+0000][121][info ][gc          ] GC(10) Pause Cleanup 54M->54M(1024M) 0.105ms
[2025-08-24T10:24:07.009+0000][121][info ][gc,cpu      ] GC(10) User=0.00s Sys=0.00s Real=0.00s
[2025-08-24T10:24:07.009+0000][121][info ][safepoint   ] Safepoint "G1PauseCleanup", Time since last: 6511791 ns, Reaching safepoint: 1029042 ns, Cleanup: 9917 ns, At safepoint: 197416 ns, Total: 1236375 ns
[2025-08-24T10:24:07.012+0000][121][info ][gc,marking  ] GC(10) Concurrent Clear Claimed Marks
[2025-08-24T10:24:07.013+0000][121][info ][gc,marking  ] GC(10) Concurrent Clear Claimed Marks 1.032ms
[2025-08-24T10:24:07.014+0000][121][info ][gc,marking  ] GC(10) Concurrent Cleanup for Next Mark
[2025-08-24T10:24:07.014+0000][121][info ][gc,marking  ] GC(10) Concurrent Cleanup for Next Mark 0.460ms
[2025-08-24T10:24:07.014+0000][121][info ][gc          ] GC(10) Concurrent Mark Cycle 27.314ms
[2025-08-24T10:24:07.308+0000][121][info ][safepoint   ] Safepoint "ICBufferFull", Time since last: 297916209 ns, Reaching safepoint: 889875 ns, Cleanup: 162083 ns, At safepoint: 18125 ns, Total: 1070083 ns
[2025-08-24T10:24:07.417+0000][121][info ][safepoint   ] Safepoint "ICBufferFull", Time since last: 109068875 ns, Reaching safepoint: 649083 ns, Cleanup: 87625 ns, At safepoint: 9084 ns, Total: 745792 ns
[2025-08-24T10:24:07.941+0000][121][info ][safepoint   ] Safepoint "ICBufferFull", Time since last: 521877583 ns, Reaching safepoint: 1170292 ns, Cleanup: 137125 ns, At safepoint: 12792 ns, Total: 1320209 ns
[2025-08-24T10:24:08.048+0000][121][info ][safepoint   ] Safepoint "ICBufferFull", Time since last: 107664250 ns, Reaching safepoint: 2416 ns, Cleanup: 88792 ns, At safepoint: 7792 ns, Total: 99000 ns
[2025-08-24T10:24:08.461+0000][121][info ][gc,start    ] GC(11) Pause Young (Normal) (G1 Evacuation Pause)
[2025-08-24T10:24:08.461+0000][121][info ][gc,task     ] GC(11) Using 8 workers of 8 for evacuation
[2025-08-24T10:24:08.461+0000][121][debug][gc,age      ] GC(11) Desired survivor size 41943040 bytes, new threshold 8 (max threshold 15)
[2025-08-24T10:24:08.482+0000][121][info ][gc,phases   ] GC(11)   Pre Evacuate Collection Set: 0.21ms
[2025-08-24T10:24:08.482+0000][121][info ][gc,phases   ] GC(11)   Merge Heap Roots: 0.12ms
[2025-08-24T10:24:08.482+0000][121][info ][gc,phases   ] GC(11)   Evacuate Collection Set: 18.40ms
[2025-08-24T10:24:08.482+0000][121][info ][gc,phases   ] GC(11)   Post Evacuate Collection Set: 2.31ms
[2025-08-24T10:24:08.482+0000][121][info ][gc,phases   ] GC(11)   Other: 0.15ms
[2025-08-24T10:24:08.482+0000][121][trace][gc,age      ] GC(11) Age table with threshold 8 (max threshold 15)
[2025-08-24T10:24:08.482+0000][121][trace][gc,age      ] GC(11) - age   1:   10812600 bytes,   10812600 total
[2025-08-24T10:24:08.482+0000][121][trace][gc,age      ] GC(11) - age   2:    9864808 bytes,   20677408 total
[2025-08-24T10:24:08.482+0000][121][trace][gc,age      ] GC(11) - age   3:    8801760 bytes,   29479168 total
[2025-08-24T10:24:08.482+0000][121][trace][gc,age      ] GC(11) - age   4:      57152 bytes,   29536320 total
[2025-08-24T10:24:08.482+0000][121][trace][gc,age      ] GC(11) - age   5:    8103304 bytes,   37639624 total
[2025-08-24T10:24:08.482+0000][121][trace][gc,age      ] GC(11) - age   6:    5724920 bytes,   43364544 total
[2025-08-24T10:24:08.483+0000][121][trace][gc,age      ] GC(11) - age   7:     397600 bytes,   43762144 total
[2025-08-24T10:24:08.483+0000][121][trace][gc,age      ] GC(11) - age   8:    3973312 bytes,   47735456 total
[2025-08-24T10:24:08.483+0000][121][info ][gc,heap     ] GC(11) Eden regions: 141->0(140)
[2025-08-24T10:24:08.483+0000][121][info ][gc,heap     ] GC(11) Survivor regions: 12->13(20)
[2025-08-24T10:24:08.483+0000][121][info ][gc,heap     ] GC(11) Old regions: 1->2
[2025-08-24T10:24:08.483+0000][121][info ][gc,heap     ] GC(11) Humongous regions: 0->0
[2025-08-24T10:24:08.483+0000][121][info ][gc,metaspace] GC(11) Metaspace: 75239K(77120K)->75239K(77120K) NonClass: 65150K(66304K)->65150K(66304K) Class: 10088K(10816K)->10088K(10816K)
[2025-08-24T10:24:08.483+0000][121][info ][gc          ] GC(11) Pause Young (Normal) (G1 Evacuation Pause) 610M->54M(1024M) 22.271ms
[2025-08-24T10:24:08.483+0000][121][info ][gc,cpu      ] GC(11) User=0.11s Sys=0.01s Real=0.02s
[2025-08-24T10:24:08.483+0000][121][info ][safepoint   ] Safepoint "G1CollectForAllocation", Time since last: 412090917 ns, Reaching safepoint: 2750 ns, Cleanup: 77250 ns, At safepoint: 22389833 ns, Total: 22469833 ns
[2025-08-24T10:24:08.704+0000][121][info ][safepoint   ] Safepoint "ICBufferFull", Time since last: 219385500 ns, Reaching safepoint: 1087333 ns, Cleanup: 70459 ns, At safepoint: 5875 ns, Total: 1163667 ns
[2025-08-24T10:24:08.885+0000][121][info ][safepoint   ] Safepoint "ICBufferFull", Time since last: 181770041 ns, Reaching safepoint: 2334 ns, Cleanup: 75458 ns, At safepoint: 16292 ns, Total: 94084 ns
[2025-08-24T10:24:09.051+0000][121][info ][safepoint   ] Safepoint "ICBufferFull", Time since last: 165967583 ns, Reaching safepoint: 2875 ns, Cleanup: 70500 ns, At safepoint: 5167 ns, Total: 78542 ns
[2025-08-24T10:24:09.380+0000][121][info ][safepoint   ] Safepoint "ICBufferFull", Time since last: 328512125 ns, Reaching safepoint: 2750 ns, Cleanup: 93833 ns, At safepoint: 7125 ns, Total: 103708 ns
[2025-08-24T10:24:09.591+0000][121][info ][gc,start    ] GC(12) Pause Young (Concurrent Start) (Metadata GC Threshold)
[2025-08-24T10:24:09.592+0000][121][info ][gc,task     ] GC(12) Using 8 workers of 8 for evacuation
[2025-08-24T10:24:09.592+0000][121][debug][gc,age      ] GC(12) Desired survivor size 41943040 bytes, new threshold 6 (max threshold 15)
[2025-08-24T10:24:09.606+0000][121][info ][gc,phases   ] GC(12)   Pre Evacuate Collection Set: 0.18ms
[2025-08-24T10:24:09.606+0000][121][info ][gc,phases   ] GC(12)   Merge Heap Roots: 0.11ms
[2025-08-24T10:24:09.606+0000][121][info ][gc,phases   ] GC(12)   Evacuate Collection Set: 12.50ms
[2025-08-24T10:24:09.606+0000][121][info ][gc,phases   ] GC(12)   Post Evacuate Collection Set: 1.38ms
[2025-08-24T10:24:09.606+0000][121][info ][gc,phases   ] GC(12)   Other: 0.23ms
[2025-08-24T10:24:09.606+0000][121][trace][gc,age      ] GC(12) Age table with threshold 6 (max threshold 15)
[2025-08-24T10:24:09.606+0000][121][trace][gc,age      ] GC(12) - age   1:    9740416 bytes,    9740416 total
[2025-08-24T10:24:09.606+0000][121][trace][gc,age      ] GC(12) - age   2:   10466776 bytes,   20207192 total
[2025-08-24T10:24:09.606+0000][121][trace][gc,age      ] GC(12) - age   3:    9699632 bytes,   29906824 total
[2025-08-24T10:24:09.606+0000][121][trace][gc,age      ] GC(12) - age   4:    8785392 bytes,   38692216 total
[2025-08-24T10:24:09.607+0000][121][trace][gc,age      ] GC(12) - age   5:      56864 bytes,   38749080 total
[2025-08-24T10:24:09.607+0000][121][trace][gc,age      ] GC(12) - age   6:    8078072 bytes,   46827152 total
[2025-08-24T10:24:09.607+0000][121][info ][gc,heap     ] GC(12) Eden regions: 81->0(140)
[2025-08-24T10:24:09.607+0000][121][info ][gc,heap     ] GC(12) Survivor regions: 13->13(20)
[2025-08-24T10:24:09.607+0000][121][info ][gc,heap     ] GC(12) Old regions: 2->4
[2025-08-24T10:24:09.607+0000][121][info ][gc,heap     ] GC(12) Humongous regions: 0->0
[2025-08-24T10:24:09.607+0000][121][info ][gc,metaspace] GC(12) Metaspace: 100593K(102720K)->100593K(102720K) NonClass: 87013K(88256K)->87013K(88256K) Class: 13580K(14464K)->13580K(14464K)
[2025-08-24T10:24:09.607+0000][121][info ][gc          ] GC(12) Pause Young (Concurrent Start) (Metadata GC Threshold) 378M->65M(1024M) 15.258ms
[2025-08-24T10:24:09.607+0000][121][info ][gc,cpu      ] GC(12) User=0.09s Sys=0.01s Real=0.01s
[2025-08-24T10:24:09.607+0000][121][info ][gc          ] GC(13) Concurrent Mark Cycle
[2025-08-24T10:24:09.607+0000][121][info ][gc,marking  ] GC(13) Concurrent Scan Root Regions
[2025-08-24T10:24:09.607+0000][121][info ][safepoint   ] Safepoint "CollectForMetadataAllocation", Time since last: 211364584 ns, Reaching safepoint: 7458 ns, Cleanup: 60458 ns, At safepoint: 15508334 ns, Total: 15576250 ns
[2025-08-24T10:24:09.616+0000][121][info ][safepoint   ] Safepoint "CollectForMetadataAllocation", Time since last: 9153291 ns, Reaching safepoint: 2459 ns, Cleanup: 5166 ns, At safepoint: 38917 ns, Total: 46542 ns
[2025-08-24T10:24:09.616+0000][121][info ][gc,marking  ] GC(13) Concurrent Scan Root Regions 9.422ms
[2025-08-24T10:24:09.620+0000][121][info ][gc,marking  ] GC(13) Concurrent Mark
[2025-08-24T10:24:09.621+0000][121][info ][gc,marking  ] GC(13) Concurrent Mark From Roots
[2025-08-24T10:24:09.621+0000][121][info ][gc,task     ] GC(13) Using 2 workers of 2 for marking
[2025-08-24T10:24:09.624+0000][121][info ][gc,marking  ] GC(13) Concurrent Mark From Roots 3.439ms
[2025-08-24T10:24:09.625+0000][121][info ][gc,marking  ] GC(13) Concurrent Preclean
[2025-08-24T10:24:09.625+0000][121][info ][gc,marking  ] GC(13) Concurrent Preclean 0.216ms
[2025-08-24T10:24:09.626+0000][121][info ][gc,start    ] GC(13) Pause Remark
[2025-08-24T10:24:09.630+0000][121][info ][gc          ] GC(13) Pause Remark 71M->71M(1024M) 3.396ms
[2025-08-24T10:24:09.630+0000][121][info ][gc,cpu      ] GC(13) User=0.02s Sys=0.00s Real=0.01s
[2025-08-24T10:24:09.630+0000][121][info ][safepoint   ] Safepoint "G1PauseRemark", Time since last: 9107875 ns, Reaching safepoint: 1166000 ns, Cleanup: 19375 ns, At safepoint: 3493459 ns, Total: 4678834 ns
[2025-08-24T10:24:09.633+0000][121][info ][gc,marking  ] GC(13) Concurrent Mark 12.850ms
[2025-08-24T10:24:09.636+0000][121][info ][gc,marking  ] GC(13) Concurrent Rebuild Remembered Sets and Scrub Regions
[2025-08-24T10:24:09.637+0000][121][info ][gc,marking  ] GC(13) Concurrent Rebuild Remembered Sets and Scrub Regions 1.187ms
[2025-08-24T10:24:09.641+0000][121][info ][gc,start    ] GC(13) Pause Cleanup
[2025-08-24T10:24:09.642+0000][121][info ][gc          ] GC(13) Pause Cleanup 75M->75M(1024M) 0.066ms
[2025-08-24T10:24:09.642+0000][121][info ][gc,cpu      ] GC(13) User=0.00s Sys=0.00s Real=0.00s
[2025-08-24T10:24:09.642+0000][121][info ][safepoint   ] Safepoint "G1PauseCleanup", Time since last: 10053500 ns, Reaching safepoint: 1434416 ns, Cleanup: 21459 ns, At safepoint: 167541 ns, Total: 1623416 ns
[2025-08-24T10:24:09.645+0000][121][info ][gc,marking  ] GC(13) Concurrent Clear Claimed Marks
[2025-08-24T10:24:09.646+0000][121][info ][gc,marking  ] GC(13) Concurrent Clear Claimed Marks 0.507ms
[2025-08-24T10:24:09.646+0000][121][info ][gc,marking  ] GC(13) Concurrent Cleanup for Next Mark
[2025-08-24T10:24:09.646+0000][121][info ][gc,marking  ] GC(13) Concurrent Cleanup for Next Mark 0.378ms
[2025-08-24T10:24:09.646+0000][121][info ][gc          ] GC(13) Concurrent Mark Cycle 39.509ms
[2025-08-24T10:24:09.808+0000][121][info ][safepoint   ] Safepoint "ICBufferFull", Time since last: 166258167 ns, Reaching safepoint: 3167 ns, Cleanup: 63708 ns, At safepoint: 4042 ns, Total: 70917 ns
[2025-08-24T10:24:10.099+0000][121][info ][safepoint   ] Safepoint "ICBufferFull", Time since last: 290837458 ns, Reaching safepoint: 2458 ns, Cleanup: 73292 ns, At safepoint: 5417 ns, Total: 81167 ns
[2025-08-24T10:24:10.349+0000][121][info ][safepoint   ] Safepoint "ICBufferFull", Time since last: 250473208 ns, Reaching safepoint: 2542 ns, Cleanup: 68833 ns, At safepoint: 3000 ns, Total: 74375 ns
[2025-08-24T10:24:10.436+0000][121][info ][safepoint   ] Safepoint "ICBufferFull", Time since last: 86924334 ns, Reaching safepoint: 2541 ns, Cleanup: 72417 ns, At safepoint: 4083 ns, Total: 79041 ns
[2025-08-24T10:24:10.487+0000][121][info ][safepoint   ] Safepoint "ICBufferFull", Time since last: 50621917 ns, Reaching safepoint: 191458 ns, Cleanup: 67167 ns, At safepoint: 13667 ns, Total: 272292 ns
[2025-08-24T10:24:10.507+0000][121][info ][safepoint   ] Safepoint "ICBufferFull", Time since last: 19382791 ns, Reaching safepoint: 2250 ns, Cleanup: 48792 ns, At safepoint: 4292 ns, Total: 55334 ns
[2025-08-24T10:24:10.526+0000][121][info ][safepoint   ] Safepoint "ICBufferFull", Time since last: 19234208 ns, Reaching safepoint: 7542 ns, Cleanup: 94208 ns, At safepoint: 14250 ns, Total: 116000 ns
[2025-08-24T10:24:10.607+0000][121][info ][safepoint   ] Safepoint "ICBufferFull", Time since last: 80647000 ns, Reaching safepoint: 3000 ns, Cleanup: 93583 ns, At safepoint: 5375 ns, Total: 101958 ns
[2025-08-24T10:24:10.628+0000][121][info ][safepoint   ] Safepoint "ICBufferFull", Time since last: 21021959 ns, Reaching safepoint: 3125 ns, Cleanup: 70916 ns, At safepoint: 5167 ns, Total: 79208 ns
[2025-08-24T10:24:10.687+0000][121][info ][safepoint   ] Safepoint "ICBufferFull", Time since last: 58788333 ns, Reaching safepoint: 569209 ns, Cleanup: 85416 ns, At safepoint: 10459 ns, Total: 665084 ns
[2025-08-24T10:24:10.876+0000][121][info ][safepoint   ] Safepoint "ICBufferFull", Time since last: 188271666 ns, Reaching safepoint: 3125 ns, Cleanup: 83917 ns, At safepoint: 6292 ns, Total: 93334 ns
[2025-08-24T10:24:10.984+0000][121][info ][safepoint   ] Safepoint "ICBufferFull", Time since last: 108195583 ns, Reaching safepoint: 274958 ns, Cleanup: 113209 ns, At safepoint: 13041 ns, Total: 401208 ns
[2025-08-24T10:24:11.031+0000][121][info ][safepoint   ] Safepoint "ICBufferFull", Time since last: 46406417 ns, Reaching safepoint: 3584 ns, Cleanup: 74125 ns, At safepoint: 4500 ns, Total: 82209 ns
[2025-08-24T10:24:11.107+0000][121][info ][safepoint   ] Safepoint "ICBufferFull", Time since last: 76435791 ns, Reaching safepoint: 3625 ns, Cleanup: 73792 ns, At safepoint: 9333 ns, Total: 86750 ns
[2025-08-24T10:24:11.138+0000][121][info ][safepoint   ] Safepoint "ICBufferFull", Time since last: 30515875 ns, Reaching safepoint: 9584 ns, Cleanup: 82791 ns, At safepoint: 24250 ns, Total: 116625 ns
[2025-08-24T10:24:11.240+0000][121][info ][safepoint   ] Safepoint "ICBufferFull", Time since last: 102103500 ns, Reaching safepoint: 5250 ns, Cleanup: 72417 ns, At safepoint: 5000 ns, Total: 82667 ns
[2025-08-24T10:24:11.326+0000][121][info ][safepoint   ] Safepoint "ICBufferFull", Time since last: 85773083 ns, Reaching safepoint: 16042 ns, Cleanup: 74542 ns, At safepoint: 6083 ns, Total: 96667 ns
[2025-08-24T10:24:11.420+0000][121][info ][safepoint   ] Safepoint "ICBufferFull", Time since last: 93820833 ns, Reaching safepoint: 5209 ns, Cleanup: 59708 ns, At safepoint: 10625 ns, Total: 75542 ns
[2025-08-24T10:24:11.491+0000][121][info ][safepoint   ] Safepoint "ICBufferFull", Time since last: 70436708 ns, Reaching safepoint: 6042 ns, Cleanup: 77458 ns, At safepoint: 13792 ns, Total: 97292 ns
[2025-08-24T10:24:11.574+0000][121][info ][safepoint   ] Safepoint "ICBufferFull", Time since last: 83072375 ns, Reaching safepoint: 23458 ns, Cleanup: 78875 ns, At safepoint: 15209 ns, Total: 117542 ns
[2025-08-24T10:24:11.574+0000][121][info ][safepoint   ] Safepoint "ICBufferFull", Time since last: 279541 ns, Reaching safepoint: 238459 ns, Cleanup: 3916 ns, At safepoint: 12334 ns, Total: 254709 ns
[2025-08-24T10:24:11.664+0000][121][info ][safepoint   ] Safepoint "ICBufferFull", Time since last: 87919291 ns, Reaching safepoint: 1259750 ns, Cleanup: 180792 ns, At safepoint: 11417 ns, Total: 1451959 ns
[2025-08-24T10:24:11.714+0000][121][info ][gc,start    ] GC(14) Pause Young (Normal) (G1 Evacuation Pause)
[2025-08-24T10:24:11.714+0000][121][info ][gc,task     ] GC(14) Using 8 workers of 8 for evacuation
[2025-08-24T10:24:11.714+0000][121][debug][gc,age      ] GC(14) Desired survivor size 41943040 bytes, new threshold 6 (max threshold 15)
[2025-08-24T10:24:11.737+0000][121][info ][gc,phases   ] GC(14)   Pre Evacuate Collection Set: 0.19ms
[2025-08-24T10:24:11.738+0000][121][info ][gc,phases   ] GC(14)   Merge Heap Roots: 0.10ms
[2025-08-24T10:24:11.738+0000][121][info ][gc,phases   ] GC(14)   Evacuate Collection Set: 20.97ms
[2025-08-24T10:24:11.738+0000][121][info ][gc,phases   ] GC(14)   Post Evacuate Collection Set: 2.11ms
[2025-08-24T10:24:11.738+0000][121][info ][gc,phases   ] GC(14)   Other: 0.15ms
[2025-08-24T10:24:11.738+0000][121][trace][gc,age      ] GC(14) Age table with threshold 6 (max threshold 15)
[2025-08-24T10:24:11.738+0000][121][trace][gc,age      ] GC(14) - age   1:   29377016 bytes,   29377016 total
[2025-08-24T10:24:11.738+0000][121][trace][gc,age      ] GC(14) - age   2:    9323624 bytes,   38700640 total
[2025-08-24T10:24:11.738+0000][121][trace][gc,age      ] GC(14) - age   3:   10392080 bytes,   49092720 total
[2025-08-24T10:24:11.738+0000][121][trace][gc,age      ] GC(14) - age   4:    9590672 bytes,   58683392 total
[2025-08-24T10:24:11.738+0000][121][trace][gc,age      ] GC(14) - age   5:    8778584 bytes,   67461976 total
[2025-08-24T10:24:11.738+0000][121][trace][gc,age      ] GC(14) - age   6:      56800 bytes,   67518776 total
[2025-08-24T10:24:11.738+0000][121][info ][gc,heap     ] GC(14) Eden regions: 140->0(135)
[2025-08-24T10:24:11.738+0000][121][info ][gc,heap     ] GC(14) Survivor regions: 13->18(20)
[2025-08-24T10:24:11.738+0000][121][info ][gc,heap     ] GC(14) Old regions: 4->7
[2025-08-24T10:24:11.738+0000][121][info ][gc,heap     ] GC(14) Humongous regions: 2->2
[2025-08-24T10:24:11.738+0000][121][info ][gc,metaspace] GC(14) Metaspace: 139198K(143360K)->139198K(143360K) NonClass: 119382K(121664K)->119382K(121664K) Class: 19815K(21696K)->19815K(21696K)
[2025-08-24T10:24:11.738+0000][121][info ][gc          ] GC(14) Pause Young (Normal) (G1 Evacuation Pause) 633M->101M(1024M) 24.258ms
[2025-08-24T10:24:11.738+0000][121][info ][gc,cpu      ] GC(14) User=0.16s Sys=0.01s Real=0.02s
[2025-08-24T10:24:11.738+0000][121][info ][safepoint   ] Safepoint "G1CollectForAllocation", Time since last: 50136000 ns, Reaching safepoint: 31500 ns, Cleanup: 58666 ns, At safepoint: 24415751 ns, Total: 24505917 ns
[2025-08-24T10:24:11.821+0000][121][info ][safepoint   ] Safepoint "ICBufferFull", Time since last: 82177333 ns, Reaching safepoint: 798083 ns, Cleanup: 110000 ns, At safepoint: 20209 ns, Total: 928292 ns
[2025-08-24T10:24:11.822+0000][121][info ][safepoint   ] Safepoint "ICBufferFull", Time since last: 588291 ns, Reaching safepoint: 11875 ns, Cleanup: 19875 ns, At safepoint: 11292 ns, Total: 43042 ns
[2025-08-24T10:24:11.919+0000][121][info ][safepoint   ] Safepoint "ICBufferFull", Time since last: 96899292 ns, Reaching safepoint: 28833 ns, Cleanup: 78125 ns, At safepoint: 28042 ns, Total: 135000 ns
[2025-08-24T10:24:12.017+0000][121][info ][safepoint   ] Safepoint "ICBufferFull", Time since last: 96434375 ns, Reaching safepoint: 943791 ns, Cleanup: 140042 ns, At safepoint: 14500 ns, Total: 1098333 ns
[2025-08-24T10:24:12.105+0000][121][info ][safepoint   ] Safepoint "ICBufferFull", Time since last: 88410708 ns, Reaching safepoint: 24792 ns, Cleanup: 77333 ns, At safepoint: 15792 ns, Total: 117917 ns
[2025-08-24T10:24:12.164+0000][121][info ][safepoint   ] Safepoint "ICBufferFull", Time since last: 58756875 ns, Reaching safepoint: 9042 ns, Cleanup: 110000 ns, At safepoint: 13083 ns, Total: 132125 ns
[2025-08-24T10:24:12.243+0000][121][info ][safepoint   ] Safepoint "ICBufferFull", Time since last: 79189333 ns, Reaching safepoint: 7042 ns, Cleanup: 93417 ns, At safepoint: 9958 ns, Total: 110417 ns
[2025-08-24T10:24:12.357+0000][121][info ][safepoint   ] Safepoint "ICBufferFull", Time since last: 113352083 ns, Reaching safepoint: 4459 ns, Cleanup: 99000 ns, At safepoint: 7541 ns, Total: 111000 ns
[2025-08-24T10:24:12.623+0000][121][info ][safepoint   ] Safepoint "ICBufferFull", Time since last: 264700792 ns, Reaching safepoint: 962709 ns, Cleanup: 113958 ns, At safepoint: 39125 ns, Total: 1115792 ns
[2025-08-24T10:24:12.659+0000][121][info ][safepoint   ] Safepoint "ICBufferFull", Time since last: 36457292 ns, Reaching safepoint: 200083 ns, Cleanup: 81375 ns, At safepoint: 26208 ns, Total: 307666 ns
[2025-08-24T10:24:13.227+0000][121][info ][safepoint   ] Safepoint "ICBufferFull", Time since last: 566922876 ns, Reaching safepoint: 63041 ns, Cleanup: 239542 ns, At safepoint: 11250 ns, Total: 313833 ns
[2025-08-24T10:24:14.419+0000][121][info ][safepoint   ] Safepoint "Cleanup", Time since last: 1191967834 ns, Reaching safepoint: 52833 ns, Cleanup: 372958 ns, At safepoint: 17167 ns, Total: 442958 ns
[2025-08-24T10:24:15.420+0000][121][info ][safepoint   ] Safepoint "Cleanup", Time since last: 1001285792 ns, Reaching safepoint: 11959 ns, Cleanup: 16708 ns, At safepoint: 7750 ns, Total: 36417 ns
[2025-08-24T10:24:16.423+0000][121][info ][safepoint   ] Safepoint "Cleanup", Time since last: 1002289250 ns, Reaching safepoint: 123334 ns, Cleanup: 254333 ns, At safepoint: 65333 ns, Total: 443000 ns
[2025-08-24T10:24:17.492+0000][121][info ][safepoint   ] Safepoint "Cleanup", Time since last: 1068259001 ns, Reaching safepoint: 56417 ns, Cleanup: 184041 ns, At safepoint: 13792 ns, Total: 254250 ns
[2025-08-24T10:24:18.493+0000][121][info ][safepoint   ] Safepoint "Cleanup", Time since last: 1000895542 ns, Reaching safepoint: 57083 ns, Cleanup: 78459 ns, At safepoint: 15833 ns, Total: 151375 ns
[2025-08-24T10:24:19.494+0000][121][info ][safepoint   ] Safepoint "Cleanup", Time since last: 1000872917 ns, Reaching safepoint: 62042 ns, Cleanup: 216000 ns, At safepoint: 18333 ns, Total: 296375 ns
[2025-08-24T10:24:20.496+0000][121][info ][safepoint   ] Safepoint "Cleanup", Time since last: 1001833376 ns, Reaching safepoint: 67875 ns, Cleanup: 29708 ns, At safepoint: 13625 ns, Total: 111208 ns
[2025-08-24T10:24:20.972+0000][121][info ][safepoint   ] Safepoint "ICBufferFull", Time since last: 476351709 ns, Reaching safepoint: 12750 ns, Cleanup: 97500 ns, At safepoint: 9583 ns, Total: 119833 ns
[2025-08-24T10:24:21.646+0000][121][info ][safepoint   ] Safepoint "ICBufferFull", Time since last: 674154375 ns, Reaching safepoint: 6625 ns, Cleanup: 90917 ns, At safepoint: 9292 ns, Total: 106834 ns
[2025-08-24T10:24:22.883+0000][121][info ][safepoint   ] Safepoint "ICBufferFull", Time since last: 1235980833 ns, Reaching safepoint: 20250 ns, Cleanup: 177542 ns, At safepoint: 30833 ns, Total: 228625 ns
[2025-08-24T10:24:23.884+0000][121][info ][safepoint   ] Safepoint "Cleanup", Time since last: 1000849584 ns, Reaching safepoint: 235125 ns, Cleanup: 110500 ns, At safepoint: 24292 ns, Total: 369917 ns
[2025-08-24T10:24:24.886+0000][121][info ][safepoint   ] Safepoint "Cleanup", Time since last: 1002315000 ns, Reaching safepoint: 106084 ns, Cleanup: 165416 ns, At safepoint: 20792 ns, Total: 292292 ns
[2025-08-24T10:24:25.888+0000][121][info ][safepoint   ] Safepoint "Cleanup", Time since last: 1001069959 ns, Reaching safepoint: 75458 ns, Cleanup: 261750 ns, At safepoint: 20917 ns, Total: 358125 ns
[2025-08-24T10:24:27.691+0000][121][info ][safepoint   ] Safepoint "Cleanup", Time since last: 1802609834 ns, Reaching safepoint: 14458 ns, Cleanup: 84583 ns, At safepoint: 5917 ns, Total: 104958 ns
[2025-08-24T10:24:28.692+0000][121][info ][safepoint   ] Safepoint "Cleanup", Time since last: 1001127584 ns, Reaching safepoint: 135875 ns, Cleanup: 45083 ns, At safepoint: 14125 ns, Total: 195083 ns
[2025-08-24T10:24:30.695+0000][121][info ][safepoint   ] Safepoint "Cleanup", Time since last: 2002612335 ns, Reaching safepoint: 27583 ns, Cleanup: 65333 ns, At safepoint: 9042 ns, Total: 101958 ns
[2025-08-24T10:24:31.696+0000][121][info ][safepoint   ] Safepoint "Cleanup", Time since last: 1001063084 ns, Reaching safepoint: 77958 ns, Cleanup: 153625 ns, At safepoint: 22917 ns, Total: 254500 ns
[2025-08-24T10:24:32.698+0000][121][info ][safepoint   ] Safepoint "Cleanup", Time since last: 1001486917 ns, Reaching safepoint: 63333 ns, Cleanup: 108500 ns, At safepoint: 11125 ns, Total: 182958 ns
[2025-08-24T10:24:33.699+0000][121][info ][safepoint   ] Safepoint "Cleanup", Time since last: 1000715626 ns, Reaching safepoint: 64666 ns, Cleanup: 57375 ns, At safepoint: 16167 ns, Total: 138208 ns
[2025-08-24T10:24:36.689+0000][121][info ][safepoint   ] Safepoint "ICBufferFull", Time since last: 2990399960 ns, Reaching safepoint: 8791 ns, Cleanup: 128792 ns, At safepoint: 10500 ns, Total: 148083 ns
[2025-08-24T10:24:36.888+0000][121][info ][safepoint   ] Safepoint "ICBufferFull", Time since last: 198335959 ns, Reaching safepoint: 7666 ns, Cleanup: 76167 ns, At safepoint: 4292 ns, Total: 88125 ns
[2025-08-24T10:24:38.514+0000][121][info ][safepoint   ] Safepoint "Cleanup", Time since last: 1626018625 ns, Reaching safepoint: 42667 ns, Cleanup: 140417 ns, At safepoint: 20125 ns, Total: 203209 ns
[2025-08-24T10:24:39.515+0000][121][info ][safepoint   ] Safepoint "Cleanup", Time since last: 1000989625 ns, Reaching safepoint: 59917 ns, Cleanup: 33041 ns, At safepoint: 12250 ns, Total: 105208 ns
[2025-08-24T10:24:40.516+0000][121][info ][safepoint   ] Safepoint "Cleanup", Time since last: 1001212084 ns, Reaching safepoint: 63292 ns, Cleanup: 138250 ns, At safepoint: 52792 ns, Total: 254334 ns
[2025-08-24T10:24:41.518+0000][121][info ][safepoint   ] Safepoint "Cleanup", Time since last: 1001557125 ns, Reaching safepoint: 63042 ns, Cleanup: 171375 ns, At safepoint: 10500 ns, Total: 244917 ns
[2025-08-24T10:24:42.520+0000][121][info ][safepoint   ] Safepoint "Cleanup", Time since last: 1001376375 ns, Reaching safepoint: 24917 ns, Cleanup: 58750 ns, At safepoint: 7958 ns, Total: 91625 ns
[2025-08-24T10:24:43.522+0000][121][info ][safepoint   ] Safepoint "Cleanup", Time since last: 1001536459 ns, Reaching safepoint: 64667 ns, Cleanup: 175250 ns, At safepoint: 22041 ns, Total: 261958 ns
[2025-08-24T10:24:45.524+0000][121][info ][safepoint   ] Safepoint "Cleanup", Time since last: 2002021085 ns, Reaching safepoint: 90458 ns, Cleanup: 85625 ns, At safepoint: 60458 ns, Total: 236541 ns
[2025-08-24T10:24:46.525+0000][121][info ][safepoint   ] Safepoint "Cleanup", Time since last: 1000983042 ns, Reaching safepoint: 53250 ns, Cleanup: 96292 ns, At safepoint: 15167 ns, Total: 164709 ns
[2025-08-24T10:24:47.526+0000][121][info ][safepoint   ] Safepoint "Cleanup", Time since last: 1000801250 ns, Reaching safepoint: 129125 ns, Cleanup: 69750 ns, At safepoint: 8125 ns, Total: 207000 ns
[2025-08-24T10:24:48.527+0000][121][info ][safepoint   ] Safepoint "Cleanup", Time since last: 1000629834 ns, Reaching safepoint: 90583 ns, Cleanup: 48834 ns, At safepoint: 16708 ns, Total: 156125 ns
[2025-08-24T10:24:49.528+0000][121][info ][safepoint   ] Safepoint "Cleanup", Time since last: 1001239959 ns, Reaching safepoint: 96917 ns, Cleanup: 92708 ns, At safepoint: 21167 ns, Total: 210792 ns
[2025-08-24T10:24:50.530+0000][121][info ][safepoint   ] Safepoint "Cleanup", Time since last: 1001480167 ns, Reaching safepoint: 45250 ns, Cleanup: 56083 ns, At safepoint: 14625 ns, Total: 115958 ns
[2025-08-24T10:24:51.532+0000][121][info ][safepoint   ] Safepoint "Cleanup", Time since last: 1001945751 ns, Reaching safepoint: 63000 ns, Cleanup: 25458 ns, At safepoint: 7375 ns, Total: 95833 ns
[2025-08-24T10:24:52.533+0000][121][info ][safepoint   ] Safepoint "Cleanup", Time since last: 1000775292 ns, Reaching safepoint: 27375 ns, Cleanup: 40417 ns, At safepoint: 11333 ns, Total: 79125 ns
[2025-08-24T10:24:53.534+0000][121][info ][safepoint   ] Safepoint "Cleanup", Time since last: 1001133667 ns, Reaching safepoint: 67750 ns, Cleanup: 49958 ns, At safepoint: 19000 ns, Total: 136708 ns
[2025-08-24T10:24:55.537+0000][121][info ][safepoint   ] Safepoint "Cleanup", Time since last: 2002638960 ns, Reaching safepoint: 38875 ns, Cleanup: 55208 ns, At safepoint: 9792 ns, Total: 103875 ns
[2025-08-24T10:24:56.539+0000][121][info ][safepoint   ] Safepoint "Cleanup", Time since last: 1002213291 ns, Reaching safepoint: 11375 ns, Cleanup: 18792 ns, At safepoint: 5625 ns, Total: 35792 ns
[2025-08-24T10:24:57.540+0000][121][info ][safepoint   ] Safepoint "Cleanup", Time since last: 1001153083 ns, Reaching safepoint: 132625 ns, Cleanup: 101167 ns, At safepoint: 21625 ns, Total: 255417 ns
[2025-08-24T10:24:58.543+0000][121][info ][safepoint   ] Safepoint "Cleanup", Time since last: 1002889001 ns, Reaching safepoint: 114916 ns, Cleanup: 145917 ns, At safepoint: 26750 ns, Total: 287583 ns
[2025-08-24T10:24:59.545+0000][121][info ][safepoint   ] Safepoint "Cleanup", Time since last: 1001713167 ns, Reaching safepoint: 29542 ns, Cleanup: 29541 ns, At safepoint: 9000 ns, Total: 68083 ns
[2025-08-24T10:25:00.547+0000][121][info ][safepoint   ] Safepoint "Cleanup", Time since last: 1001229126 ns, Reaching safepoint: 57250 ns, Cleanup: 53958 ns, At safepoint: 12333 ns, Total: 123541 ns
[2025-08-24T10:25:01.548+0000][121][info ][safepoint   ] Safepoint "Cleanup", Time since last: 1000865543 ns, Reaching safepoint: 17416 ns, Cleanup: 59709 ns, At safepoint: 8375 ns, Total: 85500 ns
[2025-08-24T10:25:03.512+0000][121][info ][safepoint   ] Safepoint "Cleanup", Time since last: 1964123084 ns, Reaching safepoint: 26625 ns, Cleanup: 163500 ns, At safepoint: 11375 ns, Total: 201500 ns
[2025-08-24T10:25:04.513+0000][121][info ][safepoint   ] Safepoint "Cleanup", Time since last: 1000594875 ns, Reaching safepoint: 57917 ns, Cleanup: 86792 ns, At safepoint: 24000 ns, Total: 168709 ns
[2025-08-24T10:25:05.514+0000][121][info ][safepoint   ] Safepoint "Cleanup", Time since last: 1000852292 ns, Reaching safepoint: 74708 ns, Cleanup: 76167 ns, At safepoint: 19833 ns, Total: 170708 ns
[2025-08-24T10:25:06.819+0000][121][info ][safepoint   ] Safepoint "Cleanup", Time since last: 1305491626 ns, Reaching safepoint: 6333 ns, Cleanup: 99375 ns, At safepoint: 4042 ns, Total: 109750 ns
[2025-08-24T10:25:07.843+0000][121][info ][safepoint   ] Safepoint "Cleanup", Time since last: 1023205834 ns, Reaching safepoint: 77750 ns, Cleanup: 324083 ns, At safepoint: 42750 ns, Total: 444583 ns
[2025-08-24T10:25:09.846+0000][121][info ][safepoint   ] Safepoint "Cleanup", Time since last: 2002737668 ns, Reaching safepoint: 44291 ns, Cleanup: 37417 ns, At safepoint: 19250 ns, Total: 100958 ns
[2025-08-24T10:25:10.847+0000][121][info ][safepoint   ] Safepoint "Cleanup", Time since last: 1001140542 ns, Reaching safepoint: 92375 ns, Cleanup: 74500 ns, At safepoint: 22917 ns, Total: 189792 ns
[2025-08-24T10:25:11.849+0000][121][info ][safepoint   ] Safepoint "Cleanup", Time since last: 1002002834 ns, Reaching safepoint: 89125 ns, Cleanup: 70875 ns, At safepoint: 20583 ns, Total: 180583 ns
[2025-08-24T10:25:12.851+0000][121][info ][safepoint   ] Safepoint "Cleanup", Time since last: 1001688042 ns, Reaching safepoint: 76667 ns, Cleanup: 180666 ns, At safepoint: 12709 ns, Total: 270042 ns
[2025-08-24T10:25:13.853+0000][121][info ][safepoint   ] Safepoint "Cleanup", Time since last: 1001882792 ns, Reaching safepoint: 78250 ns, Cleanup: 29042 ns, At safepoint: 12375 ns, Total: 119667 ns
[2025-08-24T10:25:15.856+0000][121][info ][safepoint   ] Safepoint "Cleanup", Time since last: 2002285542 ns, Reaching safepoint: 80125 ns, Cleanup: 89917 ns, At safepoint: 15791 ns, Total: 185833 ns
[2025-08-24T10:25:17.858+0000][121][info ][safepoint   ] Safepoint "Cleanup", Time since last: 2001974293 ns, Reaching safepoint: 138625 ns, Cleanup: 46958 ns, At safepoint: 19459 ns, Total: 205042 ns
[2025-08-24T10:25:18.860+0000][121][info ][safepoint   ] Safepoint "Cleanup", Time since last: 1001756625 ns, Reaching safepoint: 50042 ns, Cleanup: 50583 ns, At safepoint: 10375 ns, Total: 111000 ns
[2025-08-24T10:25:19.861+0000][121][info ][safepoint   ] Safepoint "Cleanup", Time since last: 1000792751 ns, Reaching safepoint: 72208 ns, Cleanup: 35292 ns, At safepoint: 10208 ns, Total: 117708 ns
[2025-08-24T10:25:21.627+0000][121][info ][safepoint   ] Safepoint "ICBufferFull", Time since last: 1766664043 ns, Reaching safepoint: 19666 ns, Cleanup: 172792 ns, At safepoint: 9083 ns, Total: 201541 ns
[2025-08-24T10:25:22.629+0000][121][info ][safepoint   ] Safepoint "Cleanup", Time since last: 1001450209 ns, Reaching safepoint: 57417 ns, Cleanup: 60375 ns, At safepoint: 12250 ns, Total: 130042 ns
[2025-08-24T10:25:23.631+0000][121][info ][safepoint   ] Safepoint "Cleanup", Time since last: 1001644667 ns, Reaching safepoint: 72625 ns, Cleanup: 112292 ns, At safepoint: 15333 ns, Total: 200250 ns
[2025-08-24T10:25:24.631+0000][121][info ][safepoint   ] Safepoint "Cleanup", Time since last: 1000489167 ns, Reaching safepoint: 12750 ns, Cleanup: 18500 ns, At safepoint: 10458 ns, Total: 41708 ns
[2025-08-24T10:25:25.633+0000][121][info ][safepoint   ] Safepoint "Cleanup", Time since last: 1001063126 ns, Reaching safepoint: 63958 ns, Cleanup: 29208 ns, At safepoint: 12125 ns, Total: 105291 ns
[2025-08-24T10:25:27.634+0000][121][info ][safepoint   ] Safepoint "Cleanup", Time since last: 2001480167 ns, Reaching safepoint: 19167 ns, Cleanup: 37333 ns, At safepoint: 12875 ns, Total: 69375 ns
[2025-08-24T10:25:28.636+0000][121][info ][safepoint   ] Safepoint "Cleanup", Time since last: 1001406126 ns, Reaching safepoint: 48500 ns, Cleanup: 26333 ns, At safepoint: 15333 ns, Total: 90166 ns
[2025-08-24T10:25:30.638+0000][121][info ][safepoint   ] Safepoint "Cleanup", Time since last: 2002198876 ns, Reaching safepoint: 9042 ns, Cleanup: 29375 ns, At safepoint: 6833 ns, Total: 45250 ns
[2025-08-24T10:25:31.639+0000][121][info ][safepoint   ] Safepoint "Cleanup", Time since last: 1001016584 ns, Reaching safepoint: 12167 ns, Cleanup: 25416 ns, At safepoint: 5125 ns, Total: 42708 ns
[2025-08-24T10:25:32.640+0000][121][info ][safepoint   ] Safepoint "Cleanup", Time since last: 1000688834 ns, Reaching safepoint: 48042 ns, Cleanup: 55333 ns, At safepoint: 18000 ns, Total: 121375 ns
[2025-08-24T10:25:33.640+0000][121][info ][safepoint   ] Safepoint "Cleanup", Time since last: 1000636501 ns, Reaching safepoint: 10416 ns, Cleanup: 21667 ns, At safepoint: 3958 ns, Total: 36041 ns
[2025-08-24T10:25:35.643+0000][121][info ][safepoint   ] Safepoint "Cleanup", Time since last: 2002825960 ns, Reaching safepoint: 45791 ns, Cleanup: 41125 ns, At safepoint: 5792 ns, Total: 92708 ns
[2025-08-24T10:25:36.645+0000][121][info ][safepoint   ] Safepoint "Cleanup", Time since last: 1001391500 ns, Reaching safepoint: 66584 ns, Cleanup: 22750 ns, At safepoint: 13833 ns, Total: 103167 ns
[2025-08-24T10:25:37.647+0000][121][info ][safepoint   ] Safepoint "Cleanup", Time since last: 1001753251 ns, Reaching safepoint: 75833 ns, Cleanup: 180458 ns, At safepoint: 29125 ns, Total: 285416 ns
[2025-08-24T10:25:38.648+0000][121][info ][safepoint   ] Safepoint "Cleanup", Time since last: 1000659126 ns, Reaching safepoint: 79291 ns, Cleanup: 31667 ns, At safepoint: 22792 ns, Total: 133750 ns
[2025-08-24T10:25:39.648+0000][121][info ][safepoint   ] Safepoint "Cleanup", Time since last: 1000738625 ns, Reaching safepoint: 13625 ns, Cleanup: 90292 ns, At safepoint: 17417 ns, Total: 121334 ns
[2025-08-24T10:25:39.774+0000][121][info ][safepoint   ] Safepoint "ICBufferFull", Time since last: 125312791 ns, Reaching safepoint: 8209 ns, Cleanup: 78375 ns, At safepoint: 9916 ns, Total: 96500 ns
[2025-08-24T10:25:40.744+0000][121][info ][safepoint   ] Safepoint "ICBufferFull", Time since last: 969832584 ns, Reaching safepoint: 8625 ns, Cleanup: 136917 ns, At safepoint: 7000 ns, Total: 152542 ns
[2025-08-24T10:25:42.745+0000][121][info ][safepoint   ] Safepoint "Cleanup", Time since last: 2001029084 ns, Reaching safepoint: 13125 ns, Cleanup: 116375 ns, At safepoint: 7250 ns, Total: 136750 ns
[2025-08-24T10:25:43.746+0000][121][info ][safepoint   ] Safepoint "Cleanup", Time since last: 1000831834 ns, Reaching safepoint: 42833 ns, Cleanup: 82542 ns, At safepoint: 15916 ns, Total: 141291 ns
[2025-08-24T10:25:45.749+0000][121][info ][safepoint   ] Safepoint "Cleanup", Time since last: 2003073668 ns, Reaching safepoint: 109417 ns, Cleanup: 243750 ns, At safepoint: 30416 ns, Total: 383583 ns
[2025-08-24T10:25:47.753+0000][121][info ][safepoint   ] Safepoint "Cleanup", Time since last: 2003306168 ns, Reaching safepoint: 78292 ns, Cleanup: 42166 ns, At safepoint: 14625 ns, Total: 135083 ns
[2025-08-24T10:25:48.755+0000][121][info ][safepoint   ] Safepoint "Cleanup", Time since last: 1002202709 ns, Reaching safepoint: 99625 ns, Cleanup: 39917 ns, At safepoint: 43667 ns, Total: 183209 ns
[2025-08-24T10:25:50.758+0000][121][info ][safepoint   ] Safepoint "Cleanup", Time since last: 2002216500 ns, Reaching safepoint: 100959 ns, Cleanup: 94000 ns, At safepoint: 32458 ns, Total: 227417 ns
[2025-08-24T10:25:51.760+0000][121][info ][safepoint   ] Safepoint "Cleanup", Time since last: 1001739042 ns, Reaching safepoint: 50875 ns, Cleanup: 185292 ns, At safepoint: 11583 ns, Total: 247750 ns
[2025-08-24T10:25:52.761+0000][121][info ][safepoint   ] Safepoint "Cleanup", Time since last: 1000736334 ns, Reaching safepoint: 49875 ns, Cleanup: 67625 ns, At safepoint: 14250 ns, Total: 131750 ns
[2025-08-24T10:25:53.762+0000][121][info ][safepoint   ] Safepoint "Cleanup", Time since last: 1001379876 ns, Reaching safepoint: 63583 ns, Cleanup: 104375 ns, At safepoint: 31833 ns, Total: 199791 ns
[2025-08-24T10:25:54.763+0000][121][info ][safepoint   ] Safepoint "Cleanup", Time since last: 1000383667 ns, Reaching safepoint: 33209 ns, Cleanup: 49500 ns, At safepoint: 8458 ns, Total: 91167 ns
[2025-08-24T10:25:57.766+0000][121][info ][safepoint   ] Safepoint "Cleanup", Time since last: 3003171585 ns, Reaching safepoint: 221458 ns, Cleanup: 186333 ns, At safepoint: 127667 ns, Total: 535458 ns
[2025-08-24T10:25:58.769+0000][121][info ][safepoint   ] Safepoint "Cleanup", Time since last: 1002690667 ns, Reaching safepoint: 71333 ns, Cleanup: 68250 ns, At safepoint: 35667 ns, Total: 175250 ns
[2025-08-24T10:25:59.771+0000][121][info ][safepoint   ] Safepoint "Cleanup", Time since last: 1001879709 ns, Reaching safepoint: 97625 ns, Cleanup: 49708 ns, At safepoint: 83625 ns, Total: 230958 ns
[2025-08-24T10:26:00.773+0000][121][info ][safepoint   ] Safepoint "Cleanup", Time since last: 1001206417 ns, Reaching safepoint: 26542 ns, Cleanup: 145333 ns, At safepoint: 16750 ns, Total: 188625 ns
[2025-08-24T10:26:01.775+0000][121][info ][safepoint   ] Safepoint "Cleanup", Time since last: 1002685417 ns, Reaching safepoint: 54167 ns, Cleanup: 32542 ns, At safepoint: 11125 ns, Total: 97834 ns
[2025-08-24T10:26:03.686+0000][121][info ][safepoint   ] Safepoint "Cleanup", Time since last: 1910058792 ns, Reaching safepoint: 15625 ns, Cleanup: 103375 ns, At safepoint: 10875 ns, Total: 129875 ns
[2025-08-24T10:26:04.687+0000][121][info ][safepoint   ] Safepoint "Cleanup", Time since last: 1000757959 ns, Reaching safepoint: 162833 ns, Cleanup: 191292 ns, At safepoint: 38792 ns, Total: 392917 ns
[2025-08-24T10:26:06.692+0000][121][info ][safepoint   ] Safepoint "Cleanup", Time since last: 2005487834 ns, Reaching safepoint: 15708 ns, Cleanup: 47709 ns, At safepoint: 7041 ns, Total: 70458 ns
[2025-08-24T10:26:07.694+0000][121][info ][safepoint   ] Safepoint "Cleanup", Time since last: 1001348709 ns, Reaching safepoint: 69667 ns, Cleanup: 114292 ns, At safepoint: 20458 ns, Total: 204417 ns
[2025-08-24T10:26:08.696+0000][121][info ][safepoint   ] Safepoint "Cleanup", Time since last: 1001776334 ns, Reaching safepoint: 67083 ns, Cleanup: 41792 ns, At safepoint: 19583 ns, Total: 128458 ns
[2025-08-24T10:26:09.698+0000][121][info ][safepoint   ] Safepoint "Cleanup", Time since last: 1001712417 ns, Reaching safepoint: 32459 ns, Cleanup: 35750 ns, At safepoint: 7958 ns, Total: 76167 ns
[2025-08-24T10:26:10.698+0000][121][info ][safepoint   ] Safepoint "Cleanup", Time since last: 1000751334 ns, Reaching safepoint: 71416 ns, Cleanup: 59125 ns, At safepoint: 19875 ns, Total: 150416 ns
[2025-08-24T10:26:11.700+0000][121][info ][safepoint   ] Safepoint "Cleanup", Time since last: 1001482667 ns, Reaching safepoint: 96125 ns, Cleanup: 65667 ns, At safepoint: 44542 ns, Total: 206334 ns
[2025-08-24T10:26:12.702+0000][121][info ][safepoint   ] Safepoint "Cleanup", Time since last: 1001482834 ns, Reaching safepoint: 38833 ns, Cleanup: 82833 ns, At safepoint: 9875 ns, Total: 131541 ns
[2025-08-24T10:26:14.704+0000][121][info ][safepoint   ] Safepoint "Cleanup", Time since last: 2001845210 ns, Reaching safepoint: 56875 ns, Cleanup: 16833 ns, At safepoint: 13000 ns, Total: 86708 ns
[2025-08-24T10:26:15.706+0000][121][info ][safepoint   ] Safepoint "Cleanup", Time since last: 1002280667 ns, Reaching safepoint: 21625 ns, Cleanup: 20167 ns, At safepoint: 9166 ns, Total: 50958 ns
[2025-08-24T10:26:17.709+0000][121][info ][safepoint   ] Safepoint "Cleanup", Time since last: 2002476210 ns, Reaching safepoint: 107458 ns, Cleanup: 48958 ns, At safepoint: 18667 ns, Total: 175083 ns
[2025-08-24T10:26:20.714+0000][121][info ][safepoint   ] Safepoint "Cleanup", Time since last: 3004948210 ns, Reaching safepoint: 135916 ns, Cleanup: 68542 ns, At safepoint: 17792 ns, Total: 222250 ns
[2025-08-24T10:26:21.715+0000][121][info ][safepoint   ] Safepoint "Cleanup", Time since last: 1001348375 ns, Reaching safepoint: 9959 ns, Cleanup: 144833 ns, At safepoint: 5542 ns, Total: 160334 ns
[2025-08-24T10:26:22.717+0000][121][info ][safepoint   ] Safepoint "Cleanup", Time since last: 1001220167 ns, Reaching safepoint: 114000 ns, Cleanup: 213083 ns, At safepoint: 49833 ns, Total: 376916 ns
[2025-08-24T10:26:24.720+0000][121][info ][safepoint   ] Safepoint "Cleanup", Time since last: 2002933376 ns, Reaching safepoint: 23959 ns, Cleanup: 74416 ns, At safepoint: 8750 ns, Total: 107125 ns
[2025-08-24T10:26:25.428+0000][121][info ][gc,start    ] GC(15) Pause Young (Concurrent Start) (CodeCache GC Threshold)
[2025-08-24T10:26:25.429+0000][121][info ][gc,task     ] GC(15) Using 8 workers of 8 for evacuation
[2025-08-24T10:26:25.429+0000][121][debug][gc,age      ] GC(15) Desired survivor size 41943040 bytes, new threshold 3 (max threshold 15)
[2025-08-24T10:26:25.516+0000][121][info ][gc,phases   ] GC(15)   Pre Evacuate Collection Set: 1.04ms
[2025-08-24T10:26:25.517+0000][121][info ][gc,phases   ] GC(15)   Merge Heap Roots: 0.33ms
[2025-08-24T10:26:25.517+0000][121][info ][gc,phases   ] GC(15)   Evacuate Collection Set: 80.93ms
[2025-08-24T10:26:25.517+0000][121][info ][gc,phases   ] GC(15)   Post Evacuate Collection Set: 4.82ms
[2025-08-24T10:26:25.517+0000][121][info ][gc,phases   ] GC(15)   Other: 0.54ms
[2025-08-24T10:26:25.517+0000][121][trace][gc,age      ] GC(15) Age table with threshold 3 (max threshold 15)
[2025-08-24T10:26:25.517+0000][121][trace][gc,age      ] GC(15) - age   1:   14751376 bytes,   14751376 total
[2025-08-24T10:26:25.517+0000][121][trace][gc,age      ] GC(15) - age   2:   26721592 bytes,   41472968 total
[2025-08-24T10:26:25.517+0000][121][trace][gc,age      ] GC(15) - age   3:    9320480 bytes,   50793448 total
[2025-08-24T10:26:25.517+0000][121][info ][gc,heap     ] GC(15) Eden regions: 130->0(139)
[2025-08-24T10:26:25.517+0000][121][info ][gc,heap     ] GC(15) Survivor regions: 18->14(20)
[2025-08-24T10:26:25.517+0000][121][info ][gc,heap     ] GC(15) Old regions: 7->14
[2025-08-24T10:26:25.517+0000][121][info ][gc,heap     ] GC(15) Humongous regions: 2->2
[2025-08-24T10:26:25.517+0000][121][info ][gc,metaspace] GC(15) Metaspace: 149684K(154048K)->149684K(154048K) NonClass: 128596K(131008K)->128596K(131008K) Class: 21087K(23040K)->21087K(23040K)
[2025-08-24T10:26:25.517+0000][121][info ][gc          ] GC(15) Pause Young (Concurrent Start) (CodeCache GC Threshold) 621M->116M(1024M) 88.873ms
[2025-08-24T10:26:25.517+0000][121][info ][gc,cpu      ] GC(15) User=0.63s Sys=0.01s Real=0.08s
[2025-08-24T10:26:25.517+0000][121][info ][gc          ] GC(16) Concurrent Mark Cycle
[2025-08-24T10:26:25.517+0000][121][info ][gc,marking  ] GC(16) Concurrent Scan Root Regions
[2025-08-24T10:26:25.517+0000][121][info ][safepoint   ] Safepoint "G1TryInitiateConcMark", Time since last: 708201959 ns, Reaching safepoint: 49208 ns, Cleanup: 6292 ns, At safepoint: 89182333 ns, Total: 89237833 ns
[2025-08-24T10:26:25.533+0000][121][info ][gc,marking  ] GC(16) Concurrent Scan Root Regions 15.425ms
[2025-08-24T10:26:25.533+0000][121][info ][gc,marking  ] GC(16) Concurrent Mark
[2025-08-24T10:26:25.533+0000][121][info ][gc,marking  ] GC(16) Concurrent Mark From Roots
[2025-08-24T10:26:25.533+0000][121][info ][gc,task     ] GC(16) Using 2 workers of 2 for marking
[2025-08-24T10:26:25.541+0000][121][info ][gc,marking  ] GC(16) Concurrent Mark From Roots 7.637ms
[2025-08-24T10:26:25.541+0000][121][info ][gc,marking  ] GC(16) Concurrent Preclean
[2025-08-24T10:26:25.541+0000][121][info ][gc,marking  ] GC(16) Concurrent Preclean 0.114ms
[2025-08-24T10:26:25.541+0000][121][info ][gc,start    ] GC(16) Pause Remark
[2025-08-24T10:26:25.583+0000][121][info ][gc          ] GC(16) Pause Remark 118M->118M(1024M) 41.659ms
[2025-08-24T10:26:25.583+0000][121][info ][gc,cpu      ] GC(16) User=0.29s Sys=0.00s Real=0.04s
[2025-08-24T10:26:25.583+0000][121][info ][safepoint   ] Safepoint "G1PauseRemark", Time since last: 23492334 ns, Reaching safepoint: 23250 ns, Cleanup: 2750 ns, At safepoint: 41968458 ns, Total: 41994458 ns
[2025-08-24T10:26:25.583+0000][121][info ][gc,marking  ] GC(16) Concurrent Mark 50.008ms
[2025-08-24T10:26:25.583+0000][121][info ][gc,marking  ] GC(16) Concurrent Rebuild Remembered Sets and Scrub Regions
[2025-08-24T10:26:25.592+0000][121][info ][gc,marking  ] GC(16) Concurrent Rebuild Remembered Sets and Scrub Regions 9.093ms
[2025-08-24T10:26:25.594+0000][121][info ][gc,start    ] GC(16) Pause Cleanup
[2025-08-24T10:26:25.594+0000][121][info ][gc          ] GC(16) Pause Cleanup 118M->118M(1024M) 0.201ms
[2025-08-24T10:26:25.594+0000][121][info ][gc,cpu      ] GC(16) User=0.00s Sys=0.00s Real=0.00s
[2025-08-24T10:26:25.594+0000][121][info ][safepoint   ] Safepoint "G1PauseCleanup", Time since last: 9293708 ns, Reaching safepoint: 1219542 ns, Cleanup: 20333 ns, At safepoint: 333875 ns, Total: 1573750 ns
[2025-08-24T10:26:25.594+0000][121][info ][gc,marking  ] GC(16) Concurrent Clear Claimed Marks
[2025-08-24T10:26:25.594+0000][121][info ][gc,marking  ] GC(16) Concurrent Clear Claimed Marks 0.408ms
[2025-08-24T10:26:25.594+0000][121][info ][gc,marking  ] GC(16) Concurrent Cleanup for Next Mark
[2025-08-24T10:26:25.598+0000][121][info ][gc,marking  ] GC(16) Concurrent Cleanup for Next Mark 4.106ms
[2025-08-24T10:26:25.599+0000][121][info ][gc          ] GC(16) Concurrent Mark Cycle 81.198ms
[2025-08-24T10:26:27.596+0000][121][info ][safepoint   ] Safepoint "Cleanup", Time since last: 2002604876 ns, Reaching safepoint: 36625 ns, Cleanup: 12375 ns, At safepoint: 8583 ns, Total: 57583 ns
[2025-08-24T10:26:29.003+0000][121][info ][safepoint   ] Safepoint "Cleanup", Time since last: 1406540376 ns, Reaching safepoint: 258833 ns, Cleanup: 136959 ns, At safepoint: 22000 ns, Total: 417792 ns
[2025-08-24T10:26:30.004+0000][121][info ][safepoint   ] Safepoint "Cleanup", Time since last: 1000827625 ns, Reaching safepoint: 26542 ns, Cleanup: 15333 ns, At safepoint: 8250 ns, Total: 50125 ns
[2025-08-24T10:26:31.006+0000][121][info ][safepoint   ] Safepoint "Cleanup", Time since last: 1001667292 ns, Reaching safepoint: 65125 ns, Cleanup: 45042 ns, At safepoint: 38000 ns, Total: 148167 ns
[2025-08-24T10:26:32.007+0000][121][info ][safepoint   ] Safepoint "Cleanup", Time since last: 1001230542 ns, Reaching safepoint: 70459 ns, Cleanup: 73125 ns, At safepoint: 38833 ns, Total: 182417 ns
[2025-08-24T10:26:33.008+0000][121][info ][safepoint   ] Safepoint "Cleanup", Time since last: 1000825500 ns, Reaching safepoint: 90167 ns, Cleanup: 47958 ns, At safepoint: 31167 ns, Total: 169292 ns
[2025-08-24T10:26:34.009+0000][121][info ][safepoint   ] Safepoint "Cleanup", Time since last: 1001192917 ns, Reaching safepoint: 28875 ns, Cleanup: 38000 ns, At safepoint: 21542 ns, Total: 88417 ns
[2025-08-24T10:26:35.011+0000][121][info ][safepoint   ] Safepoint "Cleanup", Time since last: 1001711584 ns, Reaching safepoint: 29000 ns, Cleanup: 42875 ns, At safepoint: 23583 ns, Total: 95458 ns
[2025-08-24T10:26:37.014+0000][121][info ][safepoint   ] Safepoint "Cleanup", Time since last: 2002213209 ns, Reaching safepoint: 58959 ns, Cleanup: 148166 ns, At safepoint: 22917 ns, Total: 230042 ns
[2025-08-24T10:26:38.015+0000][121][info ][safepoint   ] Safepoint "Cleanup", Time since last: 1001341625 ns, Reaching safepoint: 67209 ns, Cleanup: 103750 ns, At safepoint: 33291 ns, Total: 204250 ns
[2025-08-24T10:26:40.017+0000][121][info ][safepoint   ] Safepoint "Cleanup", Time since last: 2001626835 ns, Reaching safepoint: 13458 ns, Cleanup: 11708 ns, At safepoint: 5917 ns, Total: 31083 ns
[2025-08-24T10:26:41.018+0000][121][info ][safepoint   ] Safepoint "Cleanup", Time since last: 1001190792 ns, Reaching safepoint: 13125 ns, Cleanup: 45083 ns, At safepoint: 11334 ns, Total: 69542 ns
[2025-08-24T10:26:42.019+0000][121][info ][safepoint   ] Safepoint "Cleanup", Time since last: 1001053375 ns, Reaching safepoint: 81917 ns, Cleanup: 69000 ns, At safepoint: 18333 ns, Total: 169250 ns
[2025-08-24T10:26:42.903+0000][121][info ][safepoint   ] Safepoint "ICBufferFull", Time since last: 883598709 ns, Reaching safepoint: 10250 ns, Cleanup: 132750 ns, At safepoint: 7625 ns, Total: 150625 ns
[2025-08-24T10:26:43.934+0000][121][info ][safepoint   ] Safepoint "Cleanup", Time since last: 1030921501 ns, Reaching safepoint: 19583 ns, Cleanup: 111125 ns, At safepoint: 17208 ns, Total: 147916 ns
[2025-08-24T10:26:45.939+0000][121][info ][safepoint   ] Safepoint "Cleanup", Time since last: 2005092209 ns, Reaching safepoint: 87459 ns, Cleanup: 81083 ns, At safepoint: 22167 ns, Total: 190709 ns
[2025-08-24T10:26:47.945+0000][121][info ][safepoint   ] Safepoint "Cleanup", Time since last: 2005569751 ns, Reaching safepoint: 86750 ns, Cleanup: 104625 ns, At safepoint: 28291 ns, Total: 219666 ns
[2025-08-24T10:26:48.948+0000][121][info ][safepoint   ] Safepoint "Cleanup", Time since last: 1002288793 ns, Reaching safepoint: 90541 ns, Cleanup: 38250 ns, At safepoint: 18917 ns, Total: 147708 ns
[2025-08-24T10:26:49.949+0000][121][info ][safepoint   ] Safepoint "Cleanup", Time since last: 1001499459 ns, Reaching safepoint: 159875 ns, Cleanup: 46000 ns, At safepoint: 12708 ns, Total: 218583 ns
[2025-08-24T10:26:51.953+0000][121][info ][safepoint   ] Safepoint "Cleanup", Time since last: 2003014418 ns, Reaching safepoint: 90625 ns, Cleanup: 31916 ns, At safepoint: 23584 ns, Total: 146125 ns
[2025-08-24T10:26:52.954+0000][121][info ][safepoint   ] Safepoint "Cleanup", Time since last: 1001749167 ns, Reaching safepoint: 58958 ns, Cleanup: 51042 ns, At safepoint: 12042 ns, Total: 122042 ns
[2025-08-24T10:26:57.959+0000][121][info ][safepoint   ] Safepoint "Cleanup", Time since last: 5004760960 ns, Reaching safepoint: 76917 ns, Cleanup: 72875 ns, At safepoint: 23958 ns, Total: 173750 ns
[2025-08-24T10:26:58.962+0000][121][info ][safepoint   ] Safepoint "Cleanup", Time since last: 1002613375 ns, Reaching safepoint: 133500 ns, Cleanup: 77542 ns, At safepoint: 56167 ns, Total: 267209 ns
[2025-08-24T10:26:59.964+0000][121][info ][safepoint   ] Safepoint "Cleanup", Time since last: 1001848667 ns, Reaching safepoint: 71917 ns, Cleanup: 87625 ns, At safepoint: 24708 ns, Total: 184250 ns
[2025-08-24T10:27:00.966+0000][121][info ][safepoint   ] Safepoint "Cleanup", Time since last: 1001927459 ns, Reaching safepoint: 68583 ns, Cleanup: 43000 ns, At safepoint: 21417 ns, Total: 133000 ns
[2025-08-24T10:27:01.967+0000][121][info ][safepoint   ] Safepoint "Cleanup", Time since last: 1000509333 ns, Reaching safepoint: 70584 ns, Cleanup: 61875 ns, At safepoint: 21416 ns, Total: 153875 ns
[2025-08-24T10:27:03.762+0000][121][info ][safepoint   ] Safepoint "Cleanup", Time since last: 1795056168 ns, Reaching safepoint: 76917 ns, Cleanup: 249000 ns, At safepoint: 19583 ns, Total: 345500 ns
[2025-08-24T10:27:05.766+0000][121][info ][safepoint   ] Safepoint "Cleanup", Time since last: 2003638209 ns, Reaching safepoint: 60584 ns, Cleanup: 36958 ns, At safepoint: 12333 ns, Total: 109875 ns
[2025-08-24T10:27:06.769+0000][121][info ][safepoint   ] Safepoint "Cleanup", Time since last: 1002800917 ns, Reaching safepoint: 43250 ns, Cleanup: 41459 ns, At safepoint: 13916 ns, Total: 98625 ns
[2025-08-24T10:27:07.771+0000][121][info ][safepoint   ] Safepoint "Cleanup", Time since last: 1001408001 ns, Reaching safepoint: 62500 ns, Cleanup: 75792 ns, At safepoint: 16750 ns, Total: 155042 ns
[2025-08-24T10:27:08.773+0000][121][info ][safepoint   ] Safepoint "Cleanup", Time since last: 1001877375 ns, Reaching safepoint: 99292 ns, Cleanup: 56416 ns, At safepoint: 29042 ns, Total: 184750 ns
[2025-08-24T10:27:09.774+0000][121][info ][safepoint   ] Safepoint "Cleanup", Time since last: 1001489834 ns, Reaching safepoint: 71917 ns, Cleanup: 79791 ns, At safepoint: 65584 ns, Total: 217292 ns
[2025-08-24T10:27:10.777+0000][121][info ][safepoint   ] Safepoint "Cleanup", Time since last: 1001983500 ns, Reaching safepoint: 81083 ns, Cleanup: 82334 ns, At safepoint: 20541 ns, Total: 183958 ns
[2025-08-24T10:27:11.778+0000][121][info ][safepoint   ] Safepoint "Cleanup", Time since last: 1001633626 ns, Reaching safepoint: 68042 ns, Cleanup: 159458 ns, At safepoint: 21167 ns, Total: 248667 ns
[2025-08-24T10:27:12.780+0000][121][info ][safepoint   ] Safepoint "Cleanup", Time since last: 1001645875 ns, Reaching safepoint: 37792 ns, Cleanup: 38166 ns, At safepoint: 12792 ns, Total: 88750 ns
[2025-08-24T10:27:13.781+0000][121][info ][safepoint   ] Safepoint "Cleanup", Time since last: 1000945084 ns, Reaching safepoint: 109000 ns, Cleanup: 76958 ns, At safepoint: 25000 ns, Total: 210958 ns
[2025-08-24T10:27:15.784+0000][121][info ][safepoint   ] Safepoint "Cleanup", Time since last: 2003032293 ns, Reaching safepoint: 81041 ns, Cleanup: 42834 ns, At safepoint: 17625 ns, Total: 141500 ns
[2025-08-24T10:27:17.788+0000][121][info ][safepoint   ] Safepoint "Cleanup", Time since last: 2003520667 ns, Reaching safepoint: 79625 ns, Cleanup: 114417 ns, At safepoint: 44708 ns, Total: 238750 ns
[2025-08-24T10:27:18.790+0000][121][info ][safepoint   ] Safepoint "Cleanup", Time since last: 1001594293 ns, Reaching safepoint: 32458 ns, Cleanup: 28667 ns, At safepoint: 9083 ns, Total: 70208 ns
[2025-08-24T10:27:20.793+0000][121][info ][safepoint   ] Safepoint "Cleanup", Time since last: 2002710084 ns, Reaching safepoint: 128292 ns, Cleanup: 124166 ns, At safepoint: 24000 ns, Total: 276458 ns
[2025-08-24T10:27:21.797+0000][121][info ][safepoint   ] Safepoint "Cleanup", Time since last: 1003609168 ns, Reaching safepoint: 65291 ns, Cleanup: 72917 ns, At safepoint: 20708 ns, Total: 158916 ns
[2025-08-24T10:27:24.800+0000][121][info ][safepoint   ] Safepoint "Cleanup", Time since last: 3003565293 ns, Reaching safepoint: 70417 ns, Cleanup: 64250 ns, At safepoint: 14667 ns, Total: 149334 ns
[2025-08-24T10:27:25.803+0000][121][info ][safepoint   ] Safepoint "Cleanup", Time since last: 1002649000 ns, Reaching safepoint: 73917 ns, Cleanup: 35792 ns, At safepoint: 13375 ns, Total: 123084 ns
[2025-08-24T10:27:27.805+0000][121][info ][safepoint   ] Safepoint "Cleanup", Time since last: 2001942417 ns, Reaching safepoint: 40291 ns, Cleanup: 49667 ns, At safepoint: 12625 ns, Total: 102583 ns
[2025-08-24T10:27:28.806+0000][121][info ][safepoint   ] Safepoint "Cleanup", Time since last: 1000622417 ns, Reaching safepoint: 15375 ns, Cleanup: 17042 ns, At safepoint: 9375 ns, Total: 41792 ns
[2025-08-24T10:27:29.807+0000][121][info ][safepoint   ] Safepoint "Cleanup", Time since last: 1001235792 ns, Reaching safepoint: 211291 ns, Cleanup: 55709 ns, At safepoint: 22250 ns, Total: 289250 ns
[2025-08-24T10:27:32.811+0000][121][info ][safepoint   ] Safepoint "Cleanup", Time since last: 3003567585 ns, Reaching safepoint: 205958 ns, Cleanup: 127417 ns, At safepoint: 31583 ns, Total: 364958 ns
[2025-08-24T10:27:33.814+0000][121][info ][safepoint   ] Safepoint "Cleanup", Time since last: 1002066125 ns, Reaching safepoint: 68500 ns, Cleanup: 66834 ns, At safepoint: 12833 ns, Total: 148167 ns
[2025-08-24T10:27:34.815+0000][121][info ][safepoint   ] Safepoint "Cleanup", Time since last: 1001299126 ns, Reaching safepoint: 19416 ns, Cleanup: 13334 ns, At safepoint: 6750 ns, Total: 39500 ns
[2025-08-24T10:27:36.818+0000][121][info ][safepoint   ] Safepoint "Cleanup", Time since last: 2003120000 ns, Reaching safepoint: 53875 ns, Cleanup: 42917 ns, At safepoint: 18833 ns, Total: 115625 ns
[2025-08-24T10:27:37.820+0000][121][info ][safepoint   ] Safepoint "Cleanup", Time since last: 1001794209 ns, Reaching safepoint: 75334 ns, Cleanup: 47125 ns, At safepoint: 15333 ns, Total: 137792 ns
[2025-08-24T10:27:39.823+0000][121][info ][safepoint   ] Safepoint "Cleanup", Time since last: 2002358793 ns, Reaching safepoint: 79916 ns, Cleanup: 48792 ns, At safepoint: 24750 ns, Total: 153458 ns
[2025-08-24T10:27:40.824+0000][121][info ][safepoint   ] Safepoint "Cleanup", Time since last: 1001453084 ns, Reaching safepoint: 82375 ns, Cleanup: 60833 ns, At safepoint: 17042 ns, Total: 160250 ns
[2025-08-24T10:27:41.826+0000][121][info ][safepoint   ] Safepoint "Cleanup", Time since last: 1001303334 ns, Reaching safepoint: 69083 ns, Cleanup: 89250 ns, At safepoint: 24708 ns, Total: 183041 ns
[2025-08-24T10:27:42.827+0000][121][info ][safepoint   ] Safepoint "Cleanup", Time since last: 1001350417 ns, Reaching safepoint: 73625 ns, Cleanup: 55875 ns, At safepoint: 15584 ns, Total: 145084 ns
[2025-08-24T10:27:43.829+0000][121][info ][safepoint   ] Safepoint "Cleanup", Time since last: 1001864875 ns, Reaching safepoint: 84625 ns, Cleanup: 34208 ns, At safepoint: 19167 ns, Total: 138000 ns
[2025-08-24T10:27:45.667+0000][121][info ][safepoint   ] Safepoint "Cleanup", Time since last: 1837665001 ns, Reaching safepoint: 5958 ns, Cleanup: 52875 ns, At safepoint: 2292 ns, Total: 61125 ns
[2025-08-24T10:27:46.139+0000][121][info ][safepoint   ] Safepoint "ICBufferFull", Time since last: 471494292 ns, Reaching safepoint: 8542 ns, Cleanup: 94458 ns, At safepoint: 7250 ns, Total: 110250 ns
[2025-08-24T10:27:48.131+0000][121][info ][safepoint   ] Safepoint "Cleanup", Time since last: 1991928334 ns, Reaching safepoint: 108750 ns, Cleanup: 103000 ns, At safepoint: 29917 ns, Total: 241667 ns
[2025-08-24T10:27:49.133+0000][121][info ][safepoint   ] Safepoint "Cleanup", Time since last: 1002296375 ns, Reaching safepoint: 83584 ns, Cleanup: 122916 ns, At safepoint: 37000 ns, Total: 243500 ns
[2025-08-24T10:27:52.137+0000][121][info ][safepoint   ] Safepoint "Cleanup", Time since last: 3004097085 ns, Reaching safepoint: 63792 ns, Cleanup: 24250 ns, At safepoint: 10333 ns, Total: 98375 ns
[2025-08-24T10:27:53.138+0000][121][info ][safepoint   ] Safepoint "Cleanup", Time since last: 1000793542 ns, Reaching safepoint: 11542 ns, Cleanup: 10292 ns, At safepoint: 3541 ns, Total: 25375 ns
[2025-08-24T10:27:55.141+0000][121][info ][safepoint   ] Safepoint "Cleanup", Time since last: 2002264168 ns, Reaching safepoint: 152667 ns, Cleanup: 89875 ns, At safepoint: 40166 ns, Total: 282708 ns
[2025-08-24T10:27:57.144+0000][121][info ][safepoint   ] Safepoint "Cleanup", Time since last: 2003477834 ns, Reaching safepoint: 63708 ns, Cleanup: 28292 ns, At safepoint: 20542 ns, Total: 112542 ns
[2025-08-24T10:27:58.146+0000][121][info ][safepoint   ] Safepoint "Cleanup", Time since last: 1000918208 ns, Reaching safepoint: 101209 ns, Cleanup: 106375 ns, At safepoint: 33458 ns, Total: 241042 ns
[2025-08-24T10:28:00.148+0000][121][info ][safepoint   ] Safepoint "Cleanup", Time since last: 2002458834 ns, Reaching safepoint: 30584 ns, Cleanup: 16458 ns, At safepoint: 6708 ns, Total: 53750 ns
[2025-08-24T10:28:01.149+0000][121][info ][safepoint   ] Safepoint "Cleanup", Time since last: 1001220917 ns, Reaching safepoint: 66000 ns, Cleanup: 35667 ns, At safepoint: 12250 ns, Total: 113917 ns
[2025-08-24T10:28:02.875+0000][121][info ][safepoint   ] Safepoint "Cleanup", Time since last: 1724998293 ns, Reaching safepoint: 22000 ns, Cleanup: 128958 ns, At safepoint: 18083 ns, Total: 169041 ns
[2025-08-24T10:28:03.876+0000][121][info ][safepoint   ] Safepoint "Cleanup", Time since last: 1001817626 ns, Reaching safepoint: 87166 ns, Cleanup: 34417 ns, At safepoint: 19750 ns, Total: 141333 ns
[2025-08-24T10:28:04.879+0000][121][info ][safepoint   ] Safepoint "Cleanup", Time since last: 1002121126 ns, Reaching safepoint: 73791 ns, Cleanup: 55167 ns, At safepoint: 27208 ns, Total: 156166 ns
[2025-08-24T10:28:06.661+0000][121][info ][safepoint   ] Safepoint "Cleanup", Time since last: 1782421126 ns, Reaching safepoint: 5250 ns, Cleanup: 22208 ns, At safepoint: 2125 ns, Total: 29583 ns
[2025-08-24T10:28:08.211+0000][121][info ][safepoint   ] Safepoint "Cleanup", Time since last: 1549272584 ns, Reaching safepoint: 116500 ns, Cleanup: 621459 ns, At safepoint: 52375 ns, Total: 790334 ns
[2025-08-24T10:28:10.215+0000][121][info ][safepoint   ] Safepoint "Cleanup", Time since last: 2003251334 ns, Reaching safepoint: 60958 ns, Cleanup: 66459 ns, At safepoint: 16625 ns, Total: 144042 ns
[2025-08-24T10:28:11.216+0000][121][info ][safepoint   ] Safepoint "Cleanup", Time since last: 1001301209 ns, Reaching safepoint: 87708 ns, Cleanup: 81750 ns, At safepoint: 24750 ns, Total: 194208 ns
[2025-08-24T10:28:12.219+0000][121][info ][safepoint   ] Safepoint "Cleanup", Time since last: 1002907375 ns, Reaching safepoint: 80042 ns, Cleanup: 92375 ns, At safepoint: 22833 ns, Total: 195250 ns
[2025-08-24T10:28:13.220+0000][121][info ][safepoint   ] Safepoint "Cleanup", Time since last: 1000732959 ns, Reaching safepoint: 76875 ns, Cleanup: 112000 ns, At safepoint: 21084 ns, Total: 209959 ns
[2025-08-24T10:28:15.658+0000][121][info ][safepoint   ] Safepoint "Cleanup", Time since last: 2437457084 ns, Reaching safepoint: 4167 ns, Cleanup: 34000 ns, At safepoint: 7166 ns, Total: 45333 ns
[2025-08-24T10:28:17.285+0000][121][info ][safepoint   ] Safepoint "Cleanup", Time since last: 1626599418 ns, Reaching safepoint: 111958 ns, Cleanup: 312208 ns, At safepoint: 24875 ns, Total: 449041 ns
[2025-08-24T10:28:18.353+0000][121][info ][safepoint   ] Safepoint "Cleanup", Time since last: 1068152418 ns, Reaching safepoint: 15333 ns, Cleanup: 119125 ns, At safepoint: 9833 ns, Total: 144291 ns
[2025-08-24T10:28:19.375+0000][121][info ][safepoint   ] Safepoint "Cleanup", Time since last: 1021507001 ns, Reaching safepoint: 54750 ns, Cleanup: 21375 ns, At safepoint: 6708 ns, Total: 82833 ns
[2025-08-24T10:28:20.376+0000][121][info ][safepoint   ] Safepoint "Cleanup", Time since last: 1001325042 ns, Reaching safepoint: 118750 ns, Cleanup: 40667 ns, At safepoint: 12667 ns, Total: 172084 ns
[2025-08-24T10:28:29.141+0000][121][info ][safepoint   ] Safepoint "Cleanup", Time since last: 8766594378 ns, Reaching safepoint: 19792 ns, Cleanup: 93000 ns, At safepoint: 45583 ns, Total: 158375 ns
[2025-08-24T10:28:30.251+0000][121][info ][safepoint   ] Safepoint "Cleanup", Time since last: 1109154792 ns, Reaching safepoint: 13500 ns, Cleanup: 192625 ns, At safepoint: 11250 ns, Total: 217375 ns
[2025-08-24T10:28:31.136+0000][121][info ][gc,heap,exit] Heap
[2025-08-24T10:28:31.136+0000][121][info ][gc,heap,exit]  garbage-first heap   total reserved 1048576K, committed 1048576K, used 341848K [0x00000000c0000000, 0x0000000100000000)
[2025-08-24T10:28:31.136+0000][121][info ][gc,heap,exit]   region size 4096K, 69 young (282624K), 14 survivors (57344K)
[2025-08-24T10:28:31.136+0000][121][info ][gc,heap,exit]  Metaspace       used 151056K, committed 155456K, reserved 1245184K
[2025-08-24T10:28:31.136+0000][121][info ][gc,heap,exit]   class space    used 21188K, committed 23168K, reserved 1048576K
