[2025-08-24T16:21:29.614+0000][165][info][gc,init] CardTable entry size: 512
[2025-08-24T16:21:29.614+0000][165][info][gc     ] Using G1
[2025-08-24T16:21:30.139+0000][165][info][gc,init] Version: 22.0.1+8-16 (release)
[2025-08-24T16:21:30.139+0000][165][info][gc,init] CPUs: 8 total, 8 available
[2025-08-24T16:21:30.139+0000][165][info][gc,init] Memory: 7837M
[2025-08-24T16:21:30.139+0000][165][info][gc,init] Large Page Support: Disabled
[2025-08-24T16:21:30.139+0000][165][info][gc,init] NUMA Support: Disabled
[2025-08-24T16:21:30.139+0000][165][info][gc,init] Compressed Oops: Enabled (32-bit)
[2025-08-24T16:21:30.139+0000][165][info][gc,init] Heap Region Size: 4M
[2025-08-24T16:21:30.139+0000][165][info][gc,init] Heap Min Capacity: 1G
[2025-08-24T16:21:30.139+0000][165][info][gc,init] Heap Initial Capacity: 1G
[2025-08-24T16:21:30.139+0000][165][info][gc,init] Heap Max Capacity: 1G
[2025-08-24T16:21:30.140+0000][165][info][gc,init] Pre-touch: Enabled
[2025-08-24T16:21:30.140+0000][165][info][gc,init] Parallel Workers: 8
[2025-08-24T16:21:30.140+0000][165][info][gc,init] Concurrent Workers: 2
[2025-08-24T16:21:30.140+0000][165][info][gc,init] Concurrent Refinement Workers: 8
[2025-08-24T16:21:30.140+0000][165][info][gc,init] Periodic GC: Disabled
[2025-08-24T16:21:30.160+0000][165][info][gc,metaspace] CDS archive(s) mapped at: [0x0000020000000000-0x0000020000c80000-0x0000020000c80000), size 13107200, SharedBaseAddress: 0x0000020000000000, ArchiveRelocationMode: 1.
[2025-08-24T16:21:30.160+0000][165][info][gc,metaspace] Compressed class space mapped at: 0x0000020001000000-0x0000020041000000, reserved size: 1073741824
[2025-08-24T16:21:30.160+0000][165][info][gc,metaspace] Narrow klass base: 0x0000020000000000, Narrow klass shift: 0, Narrow klass range: 0x100000000
[2025-08-24T16:21:30.222+0000][165][info][safepoint   ] Safepoint "ICBufferFull", Time since last: 55510459 ns, Reaching safepoint: 1916 ns, Cleanup: 57750 ns, At safepoint: 6292 ns, Total: 65958 ns
[2025-08-24T16:21:30.303+0000][165][info][safepoint   ] Safepoint "ICBufferFull", Time since last: 81278167 ns, Reaching safepoint: 2125 ns, Cleanup: 85958 ns, At safepoint: 4625 ns, Total: 92708 ns
[2025-08-24T16:21:30.388+0000][165][info][safepoint   ] Safepoint "ICBufferFull", Time since last: 85155917 ns, Reaching safepoint: 1541 ns, Cleanup: 56834 ns, At safepoint: 7125 ns, Total: 65500 ns
[2025-08-24T16:21:30.434+0000][165][info][gc,start    ] GC(0) Pause Young (Normal) (G1 Evacuation Pause)
[2025-08-24T16:21:30.434+0000][165][info][gc,task     ] GC(0) Using 8 workers of 8 for evacuation
[2025-08-24T16:21:30.434+0000][165][debug][gc,age      ] GC(0) Desired survivor size 4194304 bytes, new threshold 15 (max threshold 15)
[2025-08-24T16:21:30.436+0000][165][info ][gc,phases   ] GC(0)   Pre Evacuate Collection Set: 0.09ms
[2025-08-24T16:21:30.436+0000][165][info ][gc,phases   ] GC(0)   Merge Heap Roots: 0.06ms
[2025-08-24T16:21:30.436+0000][165][info ][gc,phases   ] GC(0)   Evacuate Collection Set: 1.07ms
[2025-08-24T16:21:30.436+0000][165][info ][gc,phases   ] GC(0)   Post Evacuate Collection Set: 0.26ms
[2025-08-24T16:21:30.436+0000][165][info ][gc,phases   ] GC(0)   Other: 0.09ms
[2025-08-24T16:21:30.436+0000][165][trace][gc,age      ] GC(0) Age table with threshold 15 (max threshold 15)
[2025-08-24T16:21:30.436+0000][165][trace][gc,age      ] GC(0) - age   1:    4674664 bytes,    4674664 total
[2025-08-24T16:21:30.436+0000][165][info ][gc,heap     ] GC(0) Eden regions: 12->0(22)
[2025-08-24T16:21:30.436+0000][165][info ][gc,heap     ] GC(0) Survivor regions: 0->2(2)
[2025-08-24T16:21:30.436+0000][165][info ][gc,heap     ] GC(0) Old regions: 1->1
[2025-08-24T16:21:30.436+0000][165][info ][gc,heap     ] GC(0) Humongous regions: 0->0
[2025-08-24T16:21:30.436+0000][165][info ][gc,metaspace] GC(0) Metaspace: 7262K(7488K)->7262K(7488K) NonClass: 6394K(6528K)->6394K(6528K) Class: 867K(960K)->867K(960K)
[2025-08-24T16:21:30.436+0000][165][info ][gc          ] GC(0) Pause Young (Normal) (G1 Evacuation Pause) 49M->5M(1024M) 1.985ms
[2025-08-24T16:21:30.436+0000][165][info ][gc,cpu      ] GC(0) User=0.01s Sys=0.00s Real=0.00s
[2025-08-24T16:21:30.436+0000][165][info ][safepoint   ] Safepoint "G1CollectForAllocation", Time since last: 45900166 ns, Reaching safepoint: 1709 ns, Cleanup: 48250 ns, At safepoint: 2078333 ns, Total: 2128292 ns
[2025-08-24T16:21:30.507+0000][165][info ][safepoint   ] Safepoint "ICBufferFull", Time since last: 70879667 ns, Reaching safepoint: 232583 ns, Cleanup: 85708 ns, At safepoint: 7084 ns, Total: 325375 ns
[2025-08-24T16:21:30.569+0000][165][info ][safepoint   ] Safepoint "ICBufferFull", Time since last: 61096291 ns, Reaching safepoint: 2042 ns, Cleanup: 58167 ns, At safepoint: 2791 ns, Total: 63000 ns
[2025-08-24T16:21:30.689+0000][165][info ][safepoint   ] Safepoint "ICBufferFull", Time since last: 120739750 ns, Reaching safepoint: 2625 ns, Cleanup: 104917 ns, At safepoint: 4792 ns, Total: 112334 ns
[2025-08-24T16:21:31.087+0000][165][info ][safepoint   ] Safepoint "ICBufferFull", Time since last: 397811958 ns, Reaching safepoint: 2000 ns, Cleanup: 74500 ns, At safepoint: 7209 ns, Total: 83709 ns
[2025-08-24T16:21:31.179+0000][165][info ][safepoint   ] Safepoint "ICBufferFull", Time since last: 91133333 ns, Reaching safepoint: 879792 ns, Cleanup: 109208 ns, At safepoint: 8292 ns, Total: 997292 ns
[2025-08-24T16:21:31.294+0000][165][info ][safepoint   ] Safepoint "ICBufferFull", Time since last: 114031750 ns, Reaching safepoint: 3041 ns, Cleanup: 80167 ns, At safepoint: 4708 ns, Total: 87916 ns
[2025-08-24T16:21:31.336+0000][165][info ][gc,start    ] GC(1) Pause Young (Normal) (G1 Evacuation Pause)
[2025-08-24T16:21:31.336+0000][165][info ][gc,task     ] GC(1) Using 8 workers of 8 for evacuation
[2025-08-24T16:21:31.337+0000][165][debug][gc,age      ] GC(1) Desired survivor size 6291456 bytes, new threshold 15 (max threshold 15)
[2025-08-24T16:21:31.341+0000][165][info ][gc,phases   ] GC(1)   Pre Evacuate Collection Set: 0.17ms
[2025-08-24T16:21:31.341+0000][165][info ][gc,phases   ] GC(1)   Merge Heap Roots: 0.06ms
[2025-08-24T16:21:31.341+0000][165][info ][gc,phases   ] GC(1)   Evacuate Collection Set: 2.89ms
[2025-08-24T16:21:31.341+0000][165][info ][gc,phases   ] GC(1)   Post Evacuate Collection Set: 0.98ms
[2025-08-24T16:21:31.341+0000][165][info ][gc,phases   ] GC(1)   Other: 0.17ms
[2025-08-24T16:21:31.341+0000][165][trace][gc,age      ] GC(1) Age table with threshold 15 (max threshold 15)
[2025-08-24T16:21:31.341+0000][165][trace][gc,age      ] GC(1) - age   1:    4954800 bytes,    4954800 total
[2025-08-24T16:21:31.341+0000][165][trace][gc,age      ] GC(1) - age   2:    4603168 bytes,    9557968 total
[2025-08-24T16:21:31.341+0000][165][info ][gc,heap     ] GC(1) Eden regions: 22->0(42)
[2025-08-24T16:21:31.341+0000][165][info ][gc,heap     ] GC(1) Survivor regions: 2->3(3)
[2025-08-24T16:21:31.341+0000][165][info ][gc,heap     ] GC(1) Old regions: 1->1
[2025-08-24T16:21:31.341+0000][165][info ][gc,heap     ] GC(1) Humongous regions: 0->0
[2025-08-24T16:21:31.341+0000][165][info ][gc,metaspace] GC(1) Metaspace: 20206K(20864K)->20206K(20864K) NonClass: 17889K(18304K)->17889K(18304K) Class: 2317K(2560K)->2317K(2560K)
[2025-08-24T16:21:31.341+0000][165][info ][gc          ] GC(1) Pause Young (Normal) (G1 Evacuation Pause) 93M->10M(1024M) 5.110ms
[2025-08-24T16:21:31.342+0000][165][info ][gc,cpu      ] GC(1) User=0.02s Sys=0.00s Real=0.00s
[2025-08-24T16:21:31.342+0000][165][info ][safepoint   ] Safepoint "G1CollectForAllocation", Time since last: 41705875 ns, Reaching safepoint: 1044959 ns, Cleanup: 34625 ns, At safepoint: 5300416 ns, Total: 6380000 ns
[2025-08-24T16:21:31.414+0000][165][info ][gc,start    ] GC(2) Pause Young (Concurrent Start) (Metadata GC Threshold)
[2025-08-24T16:21:31.414+0000][165][info ][gc,task     ] GC(2) Using 8 workers of 8 for evacuation
[2025-08-24T16:21:31.414+0000][165][debug][gc,age      ] GC(2) Desired survivor size 12582912 bytes, new threshold 15 (max threshold 15)
[2025-08-24T16:21:31.418+0000][165][info ][gc,phases   ] GC(2)   Pre Evacuate Collection Set: 0.14ms
[2025-08-24T16:21:31.418+0000][165][info ][gc,phases   ] GC(2)   Merge Heap Roots: 0.03ms
[2025-08-24T16:21:31.418+0000][165][info ][gc,phases   ] GC(2)   Evacuate Collection Set: 3.00ms
[2025-08-24T16:21:31.418+0000][165][info ][gc,phases   ] GC(2)   Post Evacuate Collection Set: 0.43ms
[2025-08-24T16:21:31.418+0000][165][info ][gc,phases   ] GC(2)   Other: 0.14ms
[2025-08-24T16:21:31.418+0000][165][trace][gc,age      ] GC(2) Age table with threshold 15 (max threshold 15)
[2025-08-24T16:21:31.418+0000][165][trace][gc,age      ] GC(2) - age   1:     424112 bytes,     424112 total
[2025-08-24T16:21:31.418+0000][165][trace][gc,age      ] GC(2) - age   2:    4061800 bytes,    4485912 total
[2025-08-24T16:21:31.418+0000][165][trace][gc,age      ] GC(2) - age   3:    4587440 bytes,    9073352 total
[2025-08-24T16:21:31.418+0000][165][info ][gc,heap     ] GC(2) Eden regions: 6->0(81)
[2025-08-24T16:21:31.418+0000][165][info ][gc,heap     ] GC(2) Survivor regions: 3->3(6)
[2025-08-24T16:21:31.418+0000][165][info ][gc,heap     ] GC(2) Old regions: 1->1
[2025-08-24T16:21:31.418+0000][165][info ][gc,heap     ] GC(2) Humongous regions: 0->0
[2025-08-24T16:21:31.418+0000][165][info ][gc,metaspace] GC(2) Metaspace: 20815K(21504K)->20815K(21504K) NonClass: 18405K(18816K)->18405K(18816K) Class: 2410K(2688K)->2410K(2688K)
[2025-08-24T16:21:31.418+0000][165][info ][gc          ] GC(2) Pause Young (Concurrent Start) (Metadata GC Threshold) 32M->10M(1024M) 4.210ms
[2025-08-24T16:21:31.418+0000][165][info ][gc,cpu      ] GC(2) User=0.02s Sys=0.00s Real=0.01s
[2025-08-24T16:21:31.418+0000][165][info ][gc          ] GC(3) Concurrent Mark Cycle
[2025-08-24T16:21:31.418+0000][165][info ][gc,marking  ] GC(3) Concurrent Scan Root Regions
[2025-08-24T16:21:31.418+0000][165][info ][safepoint   ] Safepoint "CollectForMetadataAllocation", Time since last: 72199084 ns, Reaching safepoint: 2125 ns, Cleanup: 39833 ns, At safepoint: 4354042 ns, Total: 4396000 ns
[2025-08-24T16:21:31.421+0000][165][info ][gc,marking  ] GC(3) Concurrent Scan Root Regions 2.559ms
[2025-08-24T16:21:31.424+0000][165][info ][gc,marking  ] GC(3) Concurrent Mark
[2025-08-24T16:21:31.424+0000][165][info ][gc,marking  ] GC(3) Concurrent Mark From Roots
[2025-08-24T16:21:31.424+0000][165][info ][gc,task     ] GC(3) Using 2 workers of 2 for marking
[2025-08-24T16:21:31.426+0000][165][info ][gc,marking  ] GC(3) Concurrent Mark From Roots 1.179ms
[2025-08-24T16:21:31.426+0000][165][info ][gc,marking  ] GC(3) Concurrent Preclean
[2025-08-24T16:21:31.426+0000][165][info ][gc,marking  ] GC(3) Concurrent Preclean 0.052ms
[2025-08-24T16:21:31.427+0000][165][info ][gc,start    ] GC(3) Pause Remark
[2025-08-24T16:21:31.429+0000][165][info ][gc          ] GC(3) Pause Remark 13M->13M(1024M) 1.883ms
[2025-08-24T16:21:31.429+0000][165][info ][gc,cpu      ] GC(3) User=0.00s Sys=0.00s Real=0.00s
[2025-08-24T16:21:31.429+0000][165][info ][safepoint   ] Safepoint "G1PauseRemark", Time since last: 8102000 ns, Reaching safepoint: 1179875 ns, Cleanup: 16208 ns, At safepoint: 1976584 ns, Total: 3172667 ns
[2025-08-24T16:21:31.434+0000][165][info ][gc,marking  ] GC(3) Concurrent Mark 10.054ms
[2025-08-24T16:21:31.434+0000][165][info ][gc,marking  ] GC(3) Concurrent Rebuild Remembered Sets and Scrub Regions
[2025-08-24T16:21:31.435+0000][165][info ][gc,marking  ] GC(3) Concurrent Rebuild Remembered Sets and Scrub Regions 0.494ms
[2025-08-24T16:21:31.435+0000][165][info ][gc,start    ] GC(3) Pause Cleanup
[2025-08-24T16:21:31.435+0000][165][info ][gc          ] GC(3) Pause Cleanup 15M->15M(1024M) 0.118ms
[2025-08-24T16:21:31.435+0000][165][info ][gc,cpu      ] GC(3) User=0.00s Sys=0.00s Real=0.00s
[2025-08-24T16:21:31.435+0000][165][info ][safepoint   ] Safepoint "G1PauseCleanup", Time since last: 5579625 ns, Reaching safepoint: 4666 ns, Cleanup: 23000 ns, At safepoint: 208000 ns, Total: 235666 ns
[2025-08-24T16:21:31.435+0000][165][info ][gc,marking  ] GC(3) Concurrent Clear Claimed Marks
[2025-08-24T16:21:31.435+0000][165][info ][gc,marking  ] GC(3) Concurrent Clear Claimed Marks 0.089ms
[2025-08-24T16:21:31.436+0000][165][info ][gc,marking  ] GC(3) Concurrent Cleanup for Next Mark
[2025-08-24T16:21:31.436+0000][165][info ][gc,marking  ] GC(3) Concurrent Cleanup for Next Mark 0.581ms
[2025-08-24T16:21:31.436+0000][165][info ][gc          ] GC(3) Concurrent Mark Cycle 18.094ms
[2025-08-24T16:21:31.549+0000][165][info ][safepoint   ] Safepoint "ICBufferFull", Time since last: 113228834 ns, Reaching safepoint: 2333 ns, Cleanup: 82917 ns, At safepoint: 7500 ns, Total: 92750 ns
[2025-08-24T16:21:31.674+0000][165][info ][safepoint   ] Safepoint "ICBufferFull", Time since last: 124987041 ns, Reaching safepoint: 673959 ns, Cleanup: 66750 ns, At safepoint: 10458 ns, Total: 751167 ns
[2025-08-24T16:21:31.833+0000][165][info ][safepoint   ] Safepoint "ICBufferFull", Time since last: 158772708 ns, Reaching safepoint: 2625 ns, Cleanup: 105667 ns, At safepoint: 17708 ns, Total: 126000 ns
[2025-08-24T16:21:31.987+0000][165][info ][safepoint   ] Safepoint "ICBufferFull", Time since last: 153541000 ns, Reaching safepoint: 2334 ns, Cleanup: 85000 ns, At safepoint: 5875 ns, Total: 93209 ns
[2025-08-24T16:21:32.096+0000][165][info ][gc,start    ] GC(4) Pause Young (Prepare Mixed) (G1 Evacuation Pause)
[2025-08-24T16:21:32.096+0000][165][info ][gc,task     ] GC(4) Using 8 workers of 8 for evacuation
[2025-08-24T16:21:32.096+0000][165][debug][gc,age      ] GC(4) Desired survivor size 23068672 bytes, new threshold 15 (max threshold 15)
[2025-08-24T16:21:32.103+0000][165][info ][gc,phases   ] GC(4)   Pre Evacuate Collection Set: 0.13ms
[2025-08-24T16:21:32.103+0000][165][info ][gc,phases   ] GC(4)   Merge Heap Roots: 0.07ms
[2025-08-24T16:21:32.103+0000][165][info ][gc,phases   ] GC(4)   Evacuate Collection Set: 5.73ms
[2025-08-24T16:21:32.103+0000][165][info ][gc,phases   ] GC(4)   Post Evacuate Collection Set: 0.78ms
[2025-08-24T16:21:32.103+0000][165][info ][gc,phases   ] GC(4)   Other: 0.11ms
[2025-08-24T16:21:32.103+0000][165][trace][gc,age      ] GC(4) Age table with threshold 15 (max threshold 15)
[2025-08-24T16:21:32.103+0000][165][trace][gc,age      ] GC(4) - age   1:    5995304 bytes,    5995304 total
[2025-08-24T16:21:32.103+0000][165][trace][gc,age      ] GC(4) - age   2:     406672 bytes,    6401976 total
[2025-08-24T16:21:32.103+0000][165][trace][gc,age      ] GC(4) - age   3:    4028568 bytes,   10430544 total
[2025-08-24T16:21:32.103+0000][165][trace][gc,age      ] GC(4) - age   4:    4586312 bytes,   15016856 total
[2025-08-24T16:21:32.103+0000][165][info ][gc,heap     ] GC(4) Eden regions: 81->0(149)
[2025-08-24T16:21:32.103+0000][165][info ][gc,heap     ] GC(4) Survivor regions: 3->4(11)
[2025-08-24T16:21:32.103+0000][165][info ][gc,heap     ] GC(4) Old regions: 1->1
[2025-08-24T16:21:32.103+0000][165][info ][gc,heap     ] GC(4) Humongous regions: 0->0
[2025-08-24T16:21:32.103+0000][165][info ][gc,metaspace] GC(4) Metaspace: 29009K(29824K)->29009K(29824K) NonClass: 25662K(26112K)->25662K(26112K) Class: 3346K(3712K)->3346K(3712K)
[2025-08-24T16:21:32.103+0000][165][info ][gc          ] GC(4) Pause Young (Prepare Mixed) (G1 Evacuation Pause) 334M->16M(1024M) 7.294ms
[2025-08-24T16:21:32.103+0000][165][info ][gc,cpu      ] GC(4) User=0.04s Sys=0.00s Real=0.01s
[2025-08-24T16:21:32.103+0000][165][info ][safepoint   ] Safepoint "G1CollectForAllocation", Time since last: 108927333 ns, Reaching safepoint: 2792 ns, Cleanup: 72166 ns, At safepoint: 7365625 ns, Total: 7440583 ns
[2025-08-24T16:21:32.260+0000][165][info ][safepoint   ] Safepoint "ICBufferFull", Time since last: 156969751 ns, Reaching safepoint: 3375 ns, Cleanup: 127000 ns, At safepoint: 5125 ns, Total: 135500 ns
[2025-08-24T16:21:32.397+0000][165][info ][safepoint   ] Safepoint "ICBufferFull", Time since last: 136222333 ns, Reaching safepoint: 2125 ns, Cleanup: 78500 ns, At safepoint: 8875 ns, Total: 89500 ns
[2025-08-24T16:21:32.589+0000][165][info ][safepoint   ] Safepoint "ICBufferFull", Time since last: 191927708 ns, Reaching safepoint: 2084 ns, Cleanup: 72333 ns, At safepoint: 5000 ns, Total: 79417 ns
[2025-08-24T16:21:32.753+0000][165][info ][gc,start    ] GC(5) Pause Young (Mixed) (Metadata GC Threshold)
[2025-08-24T16:21:32.753+0000][165][info ][gc,task     ] GC(5) Using 8 workers of 8 for evacuation
[2025-08-24T16:21:32.753+0000][165][debug][gc,age      ] GC(5) Desired survivor size 41943040 bytes, new threshold 15 (max threshold 15)
[2025-08-24T16:21:32.759+0000][165][info ][gc,phases   ] GC(5)   Pre Evacuate Collection Set: 0.10ms
[2025-08-24T16:21:32.760+0000][165][info ][gc,phases   ] GC(5)   Merge Heap Roots: 0.08ms
[2025-08-24T16:21:32.760+0000][165][info ][gc,phases   ] GC(5)   Evacuate Collection Set: 5.52ms
[2025-08-24T16:21:32.760+0000][165][info ][gc,phases   ] GC(5)   Post Evacuate Collection Set: 0.78ms
[2025-08-24T16:21:32.760+0000][165][info ][gc,phases   ] GC(5)   Other: 0.14ms
[2025-08-24T16:21:32.760+0000][165][trace][gc,age      ] GC(5) Age table with threshold 15 (max threshold 15)
[2025-08-24T16:21:32.760+0000][165][trace][gc,age      ] GC(5) - age   1:    8182968 bytes,    8182968 total
[2025-08-24T16:21:32.760+0000][165][trace][gc,age      ] GC(5) - age   2:    5957296 bytes,   14140264 total
[2025-08-24T16:21:32.760+0000][165][trace][gc,age      ] GC(5) - age   3:     406552 bytes,   14546816 total
[2025-08-24T16:21:32.760+0000][165][trace][gc,age      ] GC(5) - age   4:    4027000 bytes,   18573816 total
[2025-08-24T16:21:32.760+0000][165][trace][gc,age      ] GC(5) - age   5:    4586280 bytes,   23160096 total
[2025-08-24T16:21:32.760+0000][165][info ][gc,heap     ] GC(5) Eden regions: 132->0(147)
[2025-08-24T16:21:32.760+0000][165][info ][gc,heap     ] GC(5) Survivor regions: 4->6(20)
[2025-08-24T16:21:32.760+0000][165][info ][gc,heap     ] GC(5) Old regions: 1->1
[2025-08-24T16:21:32.760+0000][165][info ][gc,heap     ] GC(5) Humongous regions: 0->0
[2025-08-24T16:21:32.760+0000][165][info ][gc,metaspace] GC(5) Metaspace: 35382K(36288K)->35382K(36288K) NonClass: 31296K(31808K)->31296K(31808K) Class: 4086K(4480K)->4086K(4480K)
[2025-08-24T16:21:32.760+0000][165][info ][gc          ] GC(5) Pause Young (Mixed) (Metadata GC Threshold) 544M->24M(1024M) 7.170ms
[2025-08-24T16:21:32.760+0000][165][info ][gc,cpu      ] GC(5) User=0.04s Sys=0.00s Real=0.01s
[2025-08-24T16:21:32.760+0000][165][info ][safepoint   ] Safepoint "CollectForMetadataAllocation", Time since last: 163950292 ns, Reaching safepoint: 2041 ns, Cleanup: 98667 ns, At safepoint: 7287000 ns, Total: 7387708 ns
[2025-08-24T16:21:32.766+0000][165][info ][gc,start    ] GC(6) Pause Young (Concurrent Start) (Metadata GC Threshold)
[2025-08-24T16:21:32.766+0000][165][info ][gc,task     ] GC(6) Using 8 workers of 8 for evacuation
[2025-08-24T16:21:32.767+0000][165][debug][gc,age      ] GC(6) Desired survivor size 41943040 bytes, new threshold 15 (max threshold 15)
[2025-08-24T16:21:32.773+0000][165][info ][gc,phases   ] GC(6)   Pre Evacuate Collection Set: 0.15ms
[2025-08-24T16:21:32.773+0000][165][info ][gc,phases   ] GC(6)   Merge Heap Roots: 0.05ms
[2025-08-24T16:21:32.773+0000][165][info ][gc,phases   ] GC(6)   Evacuate Collection Set: 5.61ms
[2025-08-24T16:21:32.773+0000][165][info ][gc,phases   ] GC(6)   Post Evacuate Collection Set: 0.81ms
[2025-08-24T16:21:32.773+0000][165][info ][gc,phases   ] GC(6)   Other: 0.18ms
[2025-08-24T16:21:32.773+0000][165][trace][gc,age      ] GC(6) Age table with threshold 15 (max threshold 15)
[2025-08-24T16:21:32.773+0000][165][trace][gc,age      ] GC(6) - age   1:      64088 bytes,      64088 total
[2025-08-24T16:21:32.774+0000][165][trace][gc,age      ] GC(6) - age   2:    8167552 bytes,    8231640 total
[2025-08-24T16:21:32.774+0000][165][trace][gc,age      ] GC(6) - age   3:    5957264 bytes,   14188904 total
[2025-08-24T16:21:32.774+0000][165][trace][gc,age      ] GC(6) - age   4:     406552 bytes,   14595456 total
[2025-08-24T16:21:32.774+0000][165][trace][gc,age      ] GC(6) - age   5:    4026152 bytes,   18621608 total
[2025-08-24T16:21:32.774+0000][165][trace][gc,age      ] GC(6) - age   6:    4586184 bytes,   23207792 total
[2025-08-24T16:21:32.774+0000][165][info ][gc,heap     ] GC(6) Eden regions: 1->0(146)
[2025-08-24T16:21:32.774+0000][165][info ][gc,heap     ] GC(6) Survivor regions: 6->7(20)
[2025-08-24T16:21:32.774+0000][165][info ][gc,heap     ] GC(6) Old regions: 1->1
[2025-08-24T16:21:32.774+0000][165][info ][gc,heap     ] GC(6) Humongous regions: 0->0
[2025-08-24T16:21:32.774+0000][165][info ][gc,metaspace] GC(6) Metaspace: 35635K(36608K)->35635K(36608K) NonClass: 31511K(32064K)->31511K(32064K) Class: 4123K(4544K)->4123K(4544K)
[2025-08-24T16:21:32.774+0000][165][info ][gc          ] GC(6) Pause Young (Concurrent Start) (Metadata GC Threshold) 28M->25M(1024M) 7.506ms
[2025-08-24T16:21:32.774+0000][165][info ][gc,cpu      ] GC(6) User=0.04s Sys=0.01s Real=0.00s
[2025-08-24T16:21:32.774+0000][165][info ][gc          ] GC(7) Concurrent Mark Cycle
[2025-08-24T16:21:32.774+0000][165][info ][gc,marking  ] GC(7) Concurrent Scan Root Regions
[2025-08-24T16:21:32.774+0000][165][info ][safepoint   ] Safepoint "CollectForMetadataAllocation", Time since last: 6353875 ns, Reaching safepoint: 2333 ns, Cleanup: 10125 ns, At safepoint: 7680375 ns, Total: 7692833 ns
[2025-08-24T16:21:32.777+0000][165][info ][gc,marking  ] GC(7) Concurrent Scan Root Regions 3.061ms
[2025-08-24T16:21:32.777+0000][165][info ][gc,marking  ] GC(7) Concurrent Mark
[2025-08-24T16:21:32.778+0000][165][info ][gc,marking  ] GC(7) Concurrent Mark From Roots
[2025-08-24T16:21:32.778+0000][165][info ][gc,task     ] GC(7) Using 2 workers of 2 for marking
[2025-08-24T16:21:32.779+0000][165][info ][gc,marking  ] GC(7) Concurrent Mark From Roots 0.855ms
[2025-08-24T16:21:32.779+0000][165][info ][gc,marking  ] GC(7) Concurrent Preclean
[2025-08-24T16:21:32.779+0000][165][info ][gc,marking  ] GC(7) Concurrent Preclean 0.270ms
[2025-08-24T16:21:32.779+0000][165][info ][gc,start    ] GC(7) Pause Remark
[2025-08-24T16:21:32.783+0000][165][info ][gc          ] GC(7) Pause Remark 29M->29M(1024M) 3.839ms
[2025-08-24T16:21:32.783+0000][165][info ][gc,cpu      ] GC(7) User=0.01s Sys=0.00s Real=0.00s
[2025-08-24T16:21:32.784+0000][165][info ][safepoint   ] Safepoint "G1PauseRemark", Time since last: 5106792 ns, Reaching safepoint: 1917 ns, Cleanup: 5458 ns, At safepoint: 4437208 ns, Total: 4444583 ns
[2025-08-24T16:21:32.784+0000][165][info ][gc,marking  ] GC(7) Concurrent Mark 7.067ms
[2025-08-24T16:21:32.785+0000][165][info ][gc,marking  ] GC(7) Concurrent Rebuild Remembered Sets and Scrub Regions
[2025-08-24T16:21:32.785+0000][165][info ][gc,marking  ] GC(7) Concurrent Rebuild Remembered Sets and Scrub Regions 0.542ms
[2025-08-24T16:21:32.786+0000][165][info ][gc,start    ] GC(7) Pause Cleanup
[2025-08-24T16:21:32.786+0000][165][info ][gc          ] GC(7) Pause Cleanup 29M->29M(1024M) 0.151ms
[2025-08-24T16:21:32.786+0000][165][info ][gc,cpu      ] GC(7) User=0.00s Sys=0.00s Real=0.00s
[2025-08-24T16:21:32.787+0000][165][info ][safepoint   ] Safepoint "G1PauseCleanup", Time since last: 1751292 ns, Reaching safepoint: 904750 ns, Cleanup: 11708 ns, At safepoint: 256917 ns, Total: 1173375 ns
[2025-08-24T16:21:32.790+0000][165][info ][gc,marking  ] GC(7) Concurrent Clear Claimed Marks
[2025-08-24T16:21:32.790+0000][165][info ][gc,marking  ] GC(7) Concurrent Clear Claimed Marks 0.191ms
[2025-08-24T16:21:32.790+0000][165][info ][gc,marking  ] GC(7) Concurrent Cleanup for Next Mark
[2025-08-24T16:21:32.790+0000][165][info ][gc,marking  ] GC(7) Concurrent Cleanup for Next Mark 0.486ms
[2025-08-24T16:21:32.790+0000][165][info ][gc          ] GC(7) Concurrent Mark Cycle 16.432ms
[2025-08-24T16:21:33.169+0000][165][info ][safepoint   ] Safepoint "ICBufferFull", Time since last: 380851125 ns, Reaching safepoint: 1103750 ns, Cleanup: 148042 ns, At safepoint: 24000 ns, Total: 1275792 ns
[2025-08-24T16:21:33.408+0000][165][info ][safepoint   ] Safepoint "ICBufferFull", Time since last: 239196292 ns, Reaching safepoint: 2708 ns, Cleanup: 93208 ns, At safepoint: 8084 ns, Total: 104000 ns
[2025-08-24T16:21:33.524+0000][165][info ][gc,start    ] GC(8) Pause Young (Normal) (G1 Evacuation Pause)
[2025-08-24T16:21:33.524+0000][165][info ][gc,task     ] GC(8) Using 8 workers of 8 for evacuation
[2025-08-24T16:21:33.524+0000][165][debug][gc,age      ] GC(8) Desired survivor size 41943040 bytes, new threshold 15 (max threshold 15)
[2025-08-24T16:21:33.534+0000][165][info ][gc,phases   ] GC(8)   Pre Evacuate Collection Set: 0.25ms
[2025-08-24T16:21:33.534+0000][165][info ][gc,phases   ] GC(8)   Merge Heap Roots: 0.12ms
[2025-08-24T16:21:33.534+0000][165][info ][gc,phases   ] GC(8)   Evacuate Collection Set: 8.81ms
[2025-08-24T16:21:33.534+0000][165][info ][gc,phases   ] GC(8)   Post Evacuate Collection Set: 1.06ms
[2025-08-24T16:21:33.534+0000][165][info ][gc,phases   ] GC(8)   Other: 0.21ms
[2025-08-24T16:21:33.534+0000][165][trace][gc,age      ] GC(8) Age table with threshold 15 (max threshold 15)
[2025-08-24T16:21:33.535+0000][165][trace][gc,age      ] GC(8) - age   1:    9942120 bytes,    9942120 total
[2025-08-24T16:21:33.535+0000][165][trace][gc,age      ] GC(8) - age   2:      45424 bytes,    9987544 total
[2025-08-24T16:21:33.535+0000][165][trace][gc,age      ] GC(8) - age   3:    8154224 bytes,   18141768 total
[2025-08-24T16:21:33.535+0000][165][trace][gc,age      ] GC(8) - age   4:    5949336 bytes,   24091104 total
[2025-08-24T16:21:33.535+0000][165][trace][gc,age      ] GC(8) - age   5:     386632 bytes,   24477736 total
[2025-08-24T16:21:33.535+0000][165][trace][gc,age      ] GC(8) - age   6:    4019184 bytes,   28496920 total
[2025-08-24T16:21:33.535+0000][165][trace][gc,age      ] GC(8) - age   7:    4579368 bytes,   33076288 total
[2025-08-24T16:21:33.535+0000][165][info ][gc,heap     ] GC(8) Eden regions: 146->0(144)
[2025-08-24T16:21:33.535+0000][165][info ][gc,heap     ] GC(8) Survivor regions: 7->9(20)
[2025-08-24T16:21:33.535+0000][165][info ][gc,heap     ] GC(8) Old regions: 1->1
[2025-08-24T16:21:33.535+0000][165][info ][gc,heap     ] GC(8) Humongous regions: 0->0
[2025-08-24T16:21:33.535+0000][165][info ][gc,metaspace] GC(8) Metaspace: 38317K(39424K)->38317K(39424K) NonClass: 33825K(34496K)->33825K(34496K) Class: 4491K(4928K)->4491K(4928K)
[2025-08-24T16:21:33.535+0000][165][info ][gc          ] GC(8) Pause Young (Normal) (G1 Evacuation Pause) 609M->36M(1024M) 11.147ms
[2025-08-24T16:21:33.535+0000][165][info ][gc,cpu      ] GC(8) User=0.06s Sys=0.01s Real=0.01s
[2025-08-24T16:21:33.535+0000][165][info ][safepoint   ] Safepoint "G1CollectForAllocation", Time since last: 115710833 ns, Reaching safepoint: 2792 ns, Cleanup: 36292 ns, At safepoint: 11253583 ns, Total: 11292667 ns
[2025-08-24T16:21:33.749+0000][165][info ][safepoint   ] Safepoint "ICBufferFull", Time since last: 213862833 ns, Reaching safepoint: 3084 ns, Cleanup: 108666 ns, At safepoint: 7375 ns, Total: 119125 ns
[2025-08-24T16:21:33.849+0000][165][info ][safepoint   ] Safepoint "ICBufferFull", Time since last: 100152375 ns, Reaching safepoint: 2125 ns, Cleanup: 74125 ns, At safepoint: 4292 ns, Total: 80542 ns
[2025-08-24T16:21:33.968+0000][165][info ][safepoint   ] Safepoint "ICBufferFull", Time since last: 119157750 ns, Reaching safepoint: 2167 ns, Cleanup: 90291 ns, At safepoint: 9750 ns, Total: 102208 ns
[2025-08-24T16:21:34.190+0000][165][info ][safepoint   ] Safepoint "ICBufferFull", Time since last: 221670959 ns, Reaching safepoint: 3000 ns, Cleanup: 76791 ns, At safepoint: 7167 ns, Total: 86958 ns
[2025-08-24T16:21:34.427+0000][165][info ][safepoint   ] Safepoint "ICBufferFull", Time since last: 236212209 ns, Reaching safepoint: 6208 ns, Cleanup: 145958 ns, At safepoint: 8334 ns, Total: 160500 ns
[2025-08-24T16:21:34.586+0000][165][info ][safepoint   ] Safepoint "ICBufferFull", Time since last: 159055166 ns, Reaching safepoint: 3000 ns, Cleanup: 140917 ns, At safepoint: 4208 ns, Total: 148125 ns
[2025-08-24T16:21:34.837+0000][165][info ][safepoint   ] Safepoint "ICBufferFull", Time since last: 250702834 ns, Reaching safepoint: 2583 ns, Cleanup: 60000 ns, At safepoint: 4417 ns, Total: 67000 ns
[2025-08-24T16:21:34.903+0000][165][info ][gc,start    ] GC(9) Pause Young (Concurrent Start) (Metadata GC Threshold)
[2025-08-24T16:21:34.903+0000][165][info ][gc,task     ] GC(9) Using 8 workers of 8 for evacuation
[2025-08-24T16:21:34.903+0000][165][debug][gc,age      ] GC(9) Desired survivor size 41943040 bytes, new threshold 15 (max threshold 15)
[2025-08-24T16:21:34.917+0000][165][info ][gc,phases   ] GC(9)   Pre Evacuate Collection Set: 0.12ms
[2025-08-24T16:21:34.917+0000][165][info ][gc,phases   ] GC(9)   Merge Heap Roots: 0.04ms
[2025-08-24T16:21:34.917+0000][165][info ][gc,phases   ] GC(9)   Evacuate Collection Set: 12.05ms
[2025-08-24T16:21:34.917+0000][165][info ][gc,phases   ] GC(9)   Post Evacuate Collection Set: 1.25ms
[2025-08-24T16:21:34.917+0000][165][info ][gc,phases   ] GC(9)   Other: 0.15ms
[2025-08-24T16:21:34.917+0000][165][trace][gc,age      ] GC(9) Age table with threshold 15 (max threshold 15)
[2025-08-24T16:21:34.917+0000][165][trace][gc,age      ] GC(9) - age   1:   10289352 bytes,   10289352 total
[2025-08-24T16:21:34.917+0000][165][trace][gc,age      ] GC(9) - age   2:    8864776 bytes,   19154128 total
[2025-08-24T16:21:34.917+0000][165][trace][gc,age      ] GC(9) - age   3:      43872 bytes,   19198000 total
[2025-08-24T16:21:34.917+0000][165][trace][gc,age      ] GC(9) - age   4:    8113648 bytes,   27311648 total
[2025-08-24T16:21:34.917+0000][165][trace][gc,age      ] GC(9) - age   5:    5763976 bytes,   33075624 total
[2025-08-24T16:21:34.917+0000][165][trace][gc,age      ] GC(9) - age   6:     383104 bytes,   33458728 total
[2025-08-24T16:21:34.918+0000][165][trace][gc,age      ] GC(9) - age   7:    3981592 bytes,   37440320 total
[2025-08-24T16:21:34.918+0000][165][trace][gc,age      ] GC(9) - age   8:    4570344 bytes,   42010664 total
[2025-08-24T16:21:34.918+0000][165][info ][gc,heap     ] GC(9) Eden regions: 136->0(141)
[2025-08-24T16:21:34.918+0000][165][info ][gc,heap     ] GC(9) Survivor regions: 9->12(20)
[2025-08-24T16:21:34.918+0000][165][info ][gc,heap     ] GC(9) Old regions: 1->1
[2025-08-24T16:21:34.918+0000][165][info ][gc,heap     ] GC(9) Humongous regions: 0->0
[2025-08-24T16:21:34.918+0000][165][info ][gc,metaspace] GC(9) Metaspace: 59752K(61248K)->59752K(61248K) NonClass: 52208K(53184K)->52208K(53184K) Class: 7543K(8064K)->7543K(8064K)
[2025-08-24T16:21:34.918+0000][165][info ][gc          ] GC(9) Pause Young (Concurrent Start) (Metadata GC Threshold) 578M->45M(1024M) 14.436ms
[2025-08-24T16:21:34.918+0000][165][info ][gc,cpu      ] GC(9) User=0.09s Sys=0.00s Real=0.02s
[2025-08-24T16:21:34.918+0000][165][info ][gc          ] GC(10) Concurrent Mark Cycle
[2025-08-24T16:21:34.918+0000][165][info ][gc,marking  ] GC(10) Concurrent Scan Root Regions
[2025-08-24T16:21:34.918+0000][165][info ][safepoint   ] Safepoint "CollectForMetadataAllocation", Time since last: 66761917 ns, Reaching safepoint: 2125 ns, Cleanup: 15208 ns, At safepoint: 14644292 ns, Total: 14661625 ns
[2025-08-24T16:21:34.923+0000][165][info ][gc,marking  ] GC(10) Concurrent Scan Root Regions 4.920ms
[2025-08-24T16:21:34.923+0000][165][info ][gc,marking  ] GC(10) Concurrent Mark
[2025-08-24T16:21:34.923+0000][165][info ][gc,marking  ] GC(10) Concurrent Mark From Roots
[2025-08-24T16:21:34.924+0000][165][info ][gc,task     ] GC(10) Using 2 workers of 2 for marking
[2025-08-24T16:21:34.924+0000][165][info ][gc,marking  ] GC(10) Concurrent Mark From Roots 0.806ms
[2025-08-24T16:21:34.924+0000][165][info ][gc,marking  ] GC(10) Concurrent Preclean
[2025-08-24T16:21:34.924+0000][165][info ][gc,marking  ] GC(10) Concurrent Preclean 0.042ms
[2025-08-24T16:21:34.925+0000][165][info ][gc,start    ] GC(10) Pause Remark
[2025-08-24T16:21:34.927+0000][165][info ][gc          ] GC(10) Pause Remark 48M->48M(1024M) 2.672ms
[2025-08-24T16:21:34.927+0000][165][info ][gc,cpu      ] GC(10) User=0.01s Sys=0.00s Real=0.01s
[2025-08-24T16:21:34.927+0000][165][info ][safepoint   ] Safepoint "G1PauseRemark", Time since last: 6551083 ns, Reaching safepoint: 2667 ns, Cleanup: 5666 ns, At safepoint: 2749250 ns, Total: 2757583 ns
[2025-08-24T16:21:34.927+0000][165][info ][gc,marking  ] GC(10) Concurrent Mark 3.873ms
[2025-08-24T16:21:34.927+0000][165][info ][gc,marking  ] GC(10) Concurrent Rebuild Remembered Sets and Scrub Regions
[2025-08-24T16:21:34.928+0000][165][info ][gc,marking  ] GC(10) Concurrent Rebuild Remembered Sets and Scrub Regions 0.361ms
[2025-08-24T16:21:34.928+0000][165][info ][gc,start    ] GC(10) Pause Cleanup
[2025-08-24T16:21:34.929+0000][165][info ][gc          ] GC(10) Pause Cleanup 48M->48M(1024M) 0.112ms
[2025-08-24T16:21:34.929+0000][165][info ][gc,cpu      ] GC(10) User=0.00s Sys=0.00s Real=0.00s
[2025-08-24T16:21:34.929+0000][165][info ][safepoint   ] Safepoint "G1PauseCleanup", Time since last: 492167 ns, Reaching safepoint: 637042 ns, Cleanup: 25958 ns, At safepoint: 178042 ns, Total: 841042 ns
[2025-08-24T16:21:34.929+0000][165][info ][gc,marking  ] GC(10) Concurrent Clear Claimed Marks
[2025-08-24T16:21:34.929+0000][165][info ][gc,marking  ] GC(10) Concurrent Clear Claimed Marks 0.036ms
[2025-08-24T16:21:34.929+0000][165][info ][gc,marking  ] GC(10) Concurrent Cleanup for Next Mark
[2025-08-24T16:21:34.929+0000][165][info ][gc,marking  ] GC(10) Concurrent Cleanup for Next Mark 0.416ms
[2025-08-24T16:21:34.929+0000][165][info ][gc          ] GC(10) Concurrent Mark Cycle 11.329ms
[2025-08-24T16:21:35.238+0000][165][info ][safepoint   ] Safepoint "ICBufferFull", Time since last: 308887791 ns, Reaching safepoint: 2584 ns, Cleanup: 88291 ns, At safepoint: 6792 ns, Total: 97667 ns
[2025-08-24T16:21:35.463+0000][165][info ][safepoint   ] Safepoint "ICBufferFull", Time since last: 224874208 ns, Reaching safepoint: 2750 ns, Cleanup: 82667 ns, At safepoint: 11250 ns, Total: 96667 ns
[2025-08-24T16:21:35.810+0000][165][info ][safepoint   ] Safepoint "ICBufferFull", Time since last: 347632042 ns, Reaching safepoint: 2625 ns, Cleanup: 104875 ns, At safepoint: 5292 ns, Total: 112792 ns
[2025-08-24T16:21:35.968+0000][165][info ][safepoint   ] Safepoint "ICBufferFull", Time since last: 157247500 ns, Reaching safepoint: 2833 ns, Cleanup: 74583 ns, At safepoint: 4709 ns, Total: 82125 ns
[2025-08-24T16:21:36.230+0000][165][info ][gc,start    ] GC(11) Pause Young (Normal) (G1 Evacuation Pause)
[2025-08-24T16:21:36.231+0000][165][info ][gc,task     ] GC(11) Using 8 workers of 8 for evacuation
[2025-08-24T16:21:36.231+0000][165][debug][gc,age      ] GC(11) Desired survivor size 41943040 bytes, new threshold 8 (max threshold 15)
[2025-08-24T16:21:36.245+0000][165][info ][gc,phases   ] GC(11)   Pre Evacuate Collection Set: 0.16ms
[2025-08-24T16:21:36.245+0000][165][info ][gc,phases   ] GC(11)   Merge Heap Roots: 0.11ms
[2025-08-24T16:21:36.245+0000][165][info ][gc,phases   ] GC(11)   Evacuate Collection Set: 11.99ms
[2025-08-24T16:21:36.245+0000][165][info ][gc,phases   ] GC(11)   Post Evacuate Collection Set: 1.70ms
[2025-08-24T16:21:36.245+0000][165][info ][gc,phases   ] GC(11)   Other: 0.17ms
[2025-08-24T16:21:36.245+0000][165][trace][gc,age      ] GC(11) Age table with threshold 8 (max threshold 15)
[2025-08-24T16:21:36.245+0000][165][trace][gc,age      ] GC(11) - age   1:   10842272 bytes,   10842272 total
[2025-08-24T16:21:36.245+0000][165][trace][gc,age      ] GC(11) - age   2:    9848376 bytes,   20690648 total
[2025-08-24T16:21:36.245+0000][165][trace][gc,age      ] GC(11) - age   3:    8815736 bytes,   29506384 total
[2025-08-24T16:21:36.245+0000][165][trace][gc,age      ] GC(11) - age   4:      43744 bytes,   29550128 total
[2025-08-24T16:21:36.245+0000][165][trace][gc,age      ] GC(11) - age   5:    8102360 bytes,   37652488 total
[2025-08-24T16:21:36.245+0000][165][trace][gc,age      ] GC(11) - age   6:    5739752 bytes,   43392240 total
[2025-08-24T16:21:36.245+0000][165][trace][gc,age      ] GC(11) - age   7:     380736 bytes,   43772976 total
[2025-08-24T16:21:36.245+0000][165][trace][gc,age      ] GC(11) - age   8:    3974200 bytes,   47747176 total
[2025-08-24T16:21:36.245+0000][165][info ][gc,heap     ] GC(11) Eden regions: 141->0(140)
[2025-08-24T16:21:36.245+0000][165][info ][gc,heap     ] GC(11) Survivor regions: 12->13(20)
[2025-08-24T16:21:36.245+0000][165][info ][gc,heap     ] GC(11) Old regions: 1->2
[2025-08-24T16:21:36.245+0000][165][info ][gc,heap     ] GC(11) Humongous regions: 0->0
[2025-08-24T16:21:36.245+0000][165][info ][gc,metaspace] GC(11) Metaspace: 75247K(77120K)->75247K(77120K) NonClass: 65161K(66304K)->65161K(66304K) Class: 10086K(10816K)->10086K(10816K)
[2025-08-24T16:21:36.245+0000][165][info ][gc          ] GC(11) Pause Young (Normal) (G1 Evacuation Pause) 609M->55M(1024M) 14.963ms
[2025-08-24T16:21:36.245+0000][165][info ][gc,cpu      ] GC(11) User=0.09s Sys=0.00s Real=0.01s
[2025-08-24T16:21:36.245+0000][165][info ][safepoint   ] Safepoint "G1CollectForAllocation", Time since last: 262708500 ns, Reaching safepoint: 2958 ns, Cleanup: 64625 ns, At safepoint: 15053333 ns, Total: 15120916 ns
[2025-08-24T16:21:36.464+0000][165][info ][safepoint   ] Safepoint "ICBufferFull", Time since last: 218456501 ns, Reaching safepoint: 3000 ns, Cleanup: 130333 ns, At safepoint: 5333 ns, Total: 138666 ns
[2025-08-24T16:21:36.587+0000][165][info ][safepoint   ] Safepoint "ICBufferFull", Time since last: 123278334 ns, Reaching safepoint: 2666 ns, Cleanup: 71792 ns, At safepoint: 4458 ns, Total: 78916 ns
[2025-08-24T16:21:36.907+0000][165][info ][safepoint   ] Safepoint "ICBufferFull", Time since last: 319889625 ns, Reaching safepoint: 2917 ns, Cleanup: 83500 ns, At safepoint: 5667 ns, Total: 92084 ns
[2025-08-24T16:21:37.145+0000][165][info ][safepoint   ] Safepoint "ICBufferFull", Time since last: 237765458 ns, Reaching safepoint: 2709 ns, Cleanup: 101958 ns, At safepoint: 4917 ns, Total: 109584 ns
[2025-08-24T16:21:37.355+0000][165][info ][safepoint   ] Safepoint "ICBufferFull", Time since last: 209770958 ns, Reaching safepoint: 3292 ns, Cleanup: 77708 ns, At safepoint: 5208 ns, Total: 86208 ns
[2025-08-24T16:21:37.461+0000][165][info ][gc,start    ] GC(12) Pause Young (Concurrent Start) (Metadata GC Threshold)
[2025-08-24T16:21:37.461+0000][165][info ][gc,task     ] GC(12) Using 8 workers of 8 for evacuation
[2025-08-24T16:21:37.461+0000][165][debug][gc,age      ] GC(12) Desired survivor size 41943040 bytes, new threshold 6 (max threshold 15)
[2025-08-24T16:21:37.483+0000][165][info ][gc,phases   ] GC(12)   Pre Evacuate Collection Set: 0.12ms
[2025-08-24T16:21:37.483+0000][165][info ][gc,phases   ] GC(12)   Merge Heap Roots: 0.05ms
[2025-08-24T16:21:37.484+0000][165][info ][gc,phases   ] GC(12)   Evacuate Collection Set: 18.03ms
[2025-08-24T16:21:37.484+0000][165][info ][gc,phases   ] GC(12)   Post Evacuate Collection Set: 4.10ms
[2025-08-24T16:21:37.484+0000][165][info ][gc,phases   ] GC(12)   Other: 0.18ms
[2025-08-24T16:21:37.484+0000][165][trace][gc,age      ] GC(12) Age table with threshold 6 (max threshold 15)
[2025-08-24T16:21:37.484+0000][165][trace][gc,age      ] GC(12) - age   1:    9642624 bytes,    9642624 total
[2025-08-24T16:21:37.484+0000][165][trace][gc,age      ] GC(12) - age   2:   10475752 bytes,   20118376 total
[2025-08-24T16:21:37.484+0000][165][trace][gc,age      ] GC(12) - age   3:    9683216 bytes,   29801592 total
[2025-08-24T16:21:37.484+0000][165][trace][gc,age      ] GC(12) - age   4:    8799424 bytes,   38601016 total
[2025-08-24T16:21:37.484+0000][165][trace][gc,age      ] GC(12) - age   5:      43488 bytes,   38644504 total
[2025-08-24T16:21:37.484+0000][165][trace][gc,age      ] GC(12) - age   6:    8077160 bytes,   46721664 total
[2025-08-24T16:21:37.484+0000][165][info ][gc,heap     ] GC(12) Eden regions: 85->0(141)
[2025-08-24T16:21:37.484+0000][165][info ][gc,heap     ] GC(12) Survivor regions: 13->12(20)
[2025-08-24T16:21:37.484+0000][165][info ][gc,heap     ] GC(12) Old regions: 2->4
[2025-08-24T16:21:37.484+0000][165][info ][gc,heap     ] GC(12) Humongous regions: 0->0
[2025-08-24T16:21:37.484+0000][165][info ][gc,metaspace] GC(12) Metaspace: 100285K(102400K)->100285K(102400K) NonClass: 86766K(88000K)->86766K(88000K) Class: 13519K(14400K)->13519K(14400K)
[2025-08-24T16:21:37.484+0000][165][info ][gc          ] GC(12) Pause Young (Concurrent Start) (Metadata GC Threshold) 393M->63M(1024M) 23.249ms
[2025-08-24T16:21:37.484+0000][165][info ][gc,cpu      ] GC(12) User=0.10s Sys=0.01s Real=0.02s
[2025-08-24T16:21:37.484+0000][165][info ][safepoint   ] Safepoint "CollectForMetadataAllocation", Time since last: 105539709 ns, Reaching safepoint: 3333 ns, Cleanup: 11208 ns, At safepoint: 23429792 ns, Total: 23444333 ns
[2025-08-24T16:21:37.484+0000][165][info ][gc          ] GC(13) Concurrent Mark Cycle
[2025-08-24T16:21:37.484+0000][165][info ][gc,marking  ] GC(13) Concurrent Scan Root Regions
[2025-08-24T16:21:37.496+0000][165][info ][gc,marking  ] GC(13) Concurrent Scan Root Regions 11.637ms
[2025-08-24T16:21:37.496+0000][165][info ][gc,marking  ] GC(13) Concurrent Mark
[2025-08-24T16:21:37.496+0000][165][info ][gc,marking  ] GC(13) Concurrent Mark From Roots
[2025-08-24T16:21:37.496+0000][165][info ][gc,task     ] GC(13) Using 2 workers of 2 for marking
[2025-08-24T16:21:37.499+0000][165][info ][gc,marking  ] GC(13) Concurrent Mark From Roots 2.560ms
[2025-08-24T16:21:37.499+0000][165][info ][gc,marking  ] GC(13) Concurrent Preclean
[2025-08-24T16:21:37.499+0000][165][info ][gc,marking  ] GC(13) Concurrent Preclean 0.133ms
[2025-08-24T16:21:37.499+0000][165][info ][gc,start    ] GC(13) Pause Remark
[2025-08-24T16:21:37.504+0000][165][info ][gc          ] GC(13) Pause Remark 67M->67M(1024M) 4.877ms
[2025-08-24T16:21:37.504+0000][165][info ][gc,cpu      ] GC(13) User=0.03s Sys=0.00s Real=0.00s
[2025-08-24T16:21:37.504+0000][165][info ][safepoint   ] Safepoint "G1PauseRemark", Time since last: 15018083 ns, Reaching safepoint: 6000 ns, Cleanup: 12625 ns, At safepoint: 5019834 ns, Total: 5038459 ns
[2025-08-24T16:21:37.504+0000][165][info ][gc,marking  ] GC(13) Concurrent Mark 8.247ms
[2025-08-24T16:21:37.504+0000][165][info ][gc,marking  ] GC(13) Concurrent Rebuild Remembered Sets and Scrub Regions
[2025-08-24T16:21:37.506+0000][165][info ][gc,marking  ] GC(13) Concurrent Rebuild Remembered Sets and Scrub Regions 1.743ms
[2025-08-24T16:21:37.507+0000][165][info ][gc,start    ] GC(13) Pause Cleanup
[2025-08-24T16:21:37.507+0000][165][info ][gc          ] GC(13) Pause Cleanup 67M->67M(1024M) 0.096ms
[2025-08-24T16:21:37.507+0000][165][info ][gc,cpu      ] GC(13) User=0.00s Sys=0.00s Real=0.00s
[2025-08-24T16:21:37.507+0000][165][info ][safepoint   ] Safepoint "G1PauseCleanup", Time since last: 2088666 ns, Reaching safepoint: 1008584 ns, Cleanup: 13625 ns, At safepoint: 191000 ns, Total: 1213209 ns
[2025-08-24T16:21:37.508+0000][165][info ][gc,marking  ] GC(13) Concurrent Clear Claimed Marks
[2025-08-24T16:21:37.508+0000][165][info ][gc,marking  ] GC(13) Concurrent Clear Claimed Marks 0.182ms
[2025-08-24T16:21:37.508+0000][165][info ][gc,marking  ] GC(13) Concurrent Cleanup for Next Mark
[2025-08-24T16:21:37.508+0000][165][info ][gc,marking  ] GC(13) Concurrent Cleanup for Next Mark 0.541ms
[2025-08-24T16:21:37.508+0000][165][info ][gc          ] GC(13) Concurrent Mark Cycle 24.467ms
[2025-08-24T16:21:37.701+0000][165][info ][safepoint   ] Safepoint "ICBufferFull", Time since last: 193881833 ns, Reaching safepoint: 2875 ns, Cleanup: 63875 ns, At safepoint: 4125 ns, Total: 70875 ns
[2025-08-24T16:21:37.934+0000][165][info ][safepoint   ] Safepoint "ICBufferFull", Time since last: 232690375 ns, Reaching safepoint: 2417 ns, Cleanup: 87417 ns, At safepoint: 5083 ns, Total: 94917 ns
[2025-08-24T16:21:38.255+0000][165][info ][safepoint   ] Safepoint "ICBufferFull", Time since last: 320605167 ns, Reaching safepoint: 2916 ns, Cleanup: 124375 ns, At safepoint: 8042 ns, Total: 135333 ns
[2025-08-24T16:21:38.374+0000][165][info ][safepoint   ] Safepoint "ICBufferFull", Time since last: 119466417 ns, Reaching safepoint: 2416 ns, Cleanup: 75375 ns, At safepoint: 4167 ns, Total: 81958 ns
[2025-08-24T16:21:38.403+0000][165][info ][safepoint   ] Safepoint "ICBufferFull", Time since last: 28332834 ns, Reaching safepoint: 515875 ns, Cleanup: 55000 ns, At safepoint: 8583 ns, Total: 579458 ns
[2025-08-24T16:21:38.436+0000][165][info ][safepoint   ] Safepoint "ICBufferFull", Time since last: 32873333 ns, Reaching safepoint: 2709 ns, Cleanup: 51500 ns, At safepoint: 4416 ns, Total: 58625 ns
[2025-08-24T16:21:38.491+0000][165][info ][safepoint   ] Safepoint "ICBufferFull", Time since last: 53128167 ns, Reaching safepoint: 1032708 ns, Cleanup: 70292 ns, At safepoint: 7500 ns, Total: 1110500 ns
[2025-08-24T16:21:38.506+0000][165][info ][safepoint   ] Safepoint "ICBufferFull", Time since last: 15392750 ns, Reaching safepoint: 289750 ns, Cleanup: 63042 ns, At safepoint: 6083 ns, Total: 358875 ns
[2025-08-24T16:21:38.571+0000][165][info ][safepoint   ] Safepoint "ICBufferFull", Time since last: 64969708 ns, Reaching safepoint: 2625 ns, Cleanup: 56834 ns, At safepoint: 4541 ns, Total: 64000 ns
[2025-08-24T16:21:38.619+0000][165][info ][safepoint   ] Safepoint "ICBufferFull", Time since last: 47597875 ns, Reaching safepoint: 2667 ns, Cleanup: 71917 ns, At safepoint: 10875 ns, Total: 85459 ns
[2025-08-24T16:21:38.798+0000][165][info ][safepoint   ] Safepoint "ICBufferFull", Time since last: 177192791 ns, Reaching safepoint: 1237792 ns, Cleanup: 74958 ns, At safepoint: 7209 ns, Total: 1319959 ns
[2025-08-24T16:21:38.863+0000][165][info ][safepoint   ] Safepoint "ICBufferFull", Time since last: 65487458 ns, Reaching safepoint: 10667 ns, Cleanup: 158041 ns, At safepoint: 21750 ns, Total: 190458 ns
[2025-08-24T16:21:38.920+0000][165][info ][safepoint   ] Safepoint "ICBufferFull", Time since last: 56206084 ns, Reaching safepoint: 3333 ns, Cleanup: 64167 ns, At safepoint: 12666 ns, Total: 80166 ns
[2025-08-24T16:21:38.974+0000][165][info ][safepoint   ] Safepoint "ICBufferFull", Time since last: 53989042 ns, Reaching safepoint: 3958 ns, Cleanup: 67000 ns, At safepoint: 10417 ns, Total: 81375 ns
[2025-08-24T16:21:39.063+0000][165][info ][safepoint   ] Safepoint "ICBufferFull", Time since last: 89645750 ns, Reaching safepoint: 4625 ns, Cleanup: 67083 ns, At safepoint: 4875 ns, Total: 76583 ns
[2025-08-24T16:21:39.164+0000][165][info ][safepoint   ] Safepoint "ICBufferFull", Time since last: 100427417 ns, Reaching safepoint: 5125 ns, Cleanup: 63250 ns, At safepoint: 7917 ns, Total: 76292 ns
[2025-08-24T16:21:39.254+0000][165][info ][safepoint   ] Safepoint "ICBufferFull", Time since last: 90149167 ns, Reaching safepoint: 296958 ns, Cleanup: 73417 ns, At safepoint: 7458 ns, Total: 377833 ns
[2025-08-24T16:21:39.282+0000][165][info ][safepoint   ] Safepoint "ICBufferFull", Time since last: 27860750 ns, Reaching safepoint: 5333 ns, Cleanup: 96084 ns, At safepoint: 20583 ns, Total: 122000 ns
[2025-08-24T16:21:39.349+0000][165][info ][safepoint   ] Safepoint "ICBufferFull", Time since last: 66961625 ns, Reaching safepoint: 4250 ns, Cleanup: 109333 ns, At safepoint: 15209 ns, Total: 128792 ns
[2025-08-24T16:21:39.450+0000][165][info ][safepoint   ] Safepoint "ICBufferFull", Time since last: 99168541 ns, Reaching safepoint: 809542 ns, Cleanup: 105167 ns, At safepoint: 12250 ns, Total: 926959 ns
[2025-08-24T16:21:39.450+0000][165][info ][safepoint   ] Safepoint "ICBufferFull", Time since last: 191666 ns, Reaching safepoint: 554375 ns, Cleanup: 7042 ns, At safepoint: 10792 ns, Total: 572209 ns
[2025-08-24T16:21:39.520+0000][165][info ][safepoint   ] Safepoint "ICBufferFull", Time since last: 69908916 ns, Reaching safepoint: 23875 ns, Cleanup: 90959 ns, At safepoint: 9416 ns, Total: 124250 ns
[2025-08-24T16:21:39.636+0000][165][info ][safepoint   ] Safepoint "ICBufferFull", Time since last: 116027959 ns, Reaching safepoint: 30625 ns, Cleanup: 85375 ns, At safepoint: 12833 ns, Total: 128833 ns
[2025-08-24T16:21:39.738+0000][165][info ][safepoint   ] Safepoint "ICBufferFull", Time since last: 101753125 ns, Reaching safepoint: 14750 ns, Cleanup: 72083 ns, At safepoint: 10667 ns, Total: 97500 ns
[2025-08-24T16:21:39.827+0000][165][info ][safepoint   ] Safepoint "ICBufferFull", Time since last: 88329792 ns, Reaching safepoint: 728750 ns, Cleanup: 72458 ns, At safepoint: 12500 ns, Total: 813708 ns
[2025-08-24T16:21:39.932+0000][165][info ][gc,start    ] GC(14) Pause Young (Normal) (G1 Evacuation Pause)
[2025-08-24T16:21:39.933+0000][165][info ][gc,task     ] GC(14) Using 8 workers of 8 for evacuation
[2025-08-24T16:21:39.933+0000][165][debug][gc,age      ] GC(14) Desired survivor size 41943040 bytes, new threshold 6 (max threshold 15)
[2025-08-24T16:21:39.964+0000][165][info ][gc,phases   ] GC(14)   Pre Evacuate Collection Set: 0.27ms
[2025-08-24T16:21:39.964+0000][165][info ][gc,phases   ] GC(14)   Merge Heap Roots: 0.07ms
[2025-08-24T16:21:39.964+0000][165][info ][gc,phases   ] GC(14)   Evacuate Collection Set: 28.38ms
[2025-08-24T16:21:39.964+0000][165][info ][gc,phases   ] GC(14)   Post Evacuate Collection Set: 2.67ms
[2025-08-24T16:21:39.964+0000][165][info ][gc,phases   ] GC(14)   Other: 0.16ms
[2025-08-24T16:21:39.964+0000][165][trace][gc,age      ] GC(14) Age table with threshold 6 (max threshold 15)
[2025-08-24T16:21:39.964+0000][165][trace][gc,age      ] GC(14) - age   1:   31820048 bytes,   31820048 total
[2025-08-24T16:21:39.964+0000][165][trace][gc,age      ] GC(14) - age   2:    9229992 bytes,   41050040 total
[2025-08-24T16:21:39.964+0000][165][trace][gc,age      ] GC(14) - age   3:   10401552 bytes,   51451592 total
[2025-08-24T16:21:39.964+0000][165][trace][gc,age      ] GC(14) - age   4:    9575200 bytes,   61026792 total
[2025-08-24T16:21:39.965+0000][165][trace][gc,age      ] GC(14) - age   5:    8792688 bytes,   69819480 total
[2025-08-24T16:21:39.965+0000][165][trace][gc,age      ] GC(14) - age   6:      43424 bytes,   69862904 total
[2025-08-24T16:21:39.965+0000][165][info ][gc,heap     ] GC(14) Eden regions: 141->0(135)
[2025-08-24T16:21:39.965+0000][165][info ][gc,heap     ] GC(14) Survivor regions: 12->18(20)
[2025-08-24T16:21:39.965+0000][165][info ][gc,heap     ] GC(14) Old regions: 4->7
[2025-08-24T16:21:39.965+0000][165][info ][gc,heap     ] GC(14) Humongous regions: 2->2
[2025-08-24T16:21:39.965+0000][165][info ][gc,metaspace] GC(14) Metaspace: 137538K(141632K)->137538K(141632K) NonClass: 118055K(120256K)->118055K(120256K) Class: 19482K(21376K)->19482K(21376K)
[2025-08-24T16:21:39.965+0000][165][info ][gc          ] GC(14) Pause Young (Normal) (G1 Evacuation Pause) 635M->103M(1024M) 32.276ms
[2025-08-24T16:21:39.965+0000][165][info ][gc,cpu      ] GC(14) User=0.18s Sys=0.00s Real=0.03s
[2025-08-24T16:21:39.965+0000][165][info ][safepoint   ] Safepoint "G1CollectForAllocation", Time since last: 104921250 ns, Reaching safepoint: 6292 ns, Cleanup: 56583 ns, At safepoint: 32404459 ns, Total: 32467334 ns
[2025-08-24T16:21:40.059+0000][165][info ][safepoint   ] Safepoint "ICBufferFull", Time since last: 94359083 ns, Reaching safepoint: 6583 ns, Cleanup: 73875 ns, At safepoint: 7584 ns, Total: 88042 ns
[2025-08-24T16:21:40.123+0000][165][info ][safepoint   ] Safepoint "ICBufferFull", Time since last: 63591375 ns, Reaching safepoint: 6291 ns, Cleanup: 77834 ns, At safepoint: 13916 ns, Total: 98041 ns
[2025-08-24T16:21:40.207+0000][165][info ][safepoint   ] Safepoint "ICBufferFull", Time since last: 83664834 ns, Reaching safepoint: 5750 ns, Cleanup: 67000 ns, At safepoint: 8333 ns, Total: 81083 ns
[2025-08-24T16:21:41.871+0000][165][info ][safepoint   ] Safepoint "Cleanup", Time since last: 1664651042 ns, Reaching safepoint: 9292 ns, Cleanup: 92167 ns, At safepoint: 7166 ns, Total: 108625 ns
[2025-08-24T16:21:42.873+0000][165][info ][safepoint   ] Safepoint "Cleanup", Time since last: 1001150376 ns, Reaching safepoint: 13042 ns, Cleanup: 20000 ns, At safepoint: 6750 ns, Total: 39792 ns
[2025-08-24T16:21:44.874+0000][165][info ][safepoint   ] Safepoint "Cleanup", Time since last: 2001639459 ns, Reaching safepoint: 18250 ns, Cleanup: 20583 ns, At safepoint: 8084 ns, Total: 46917 ns
[2025-08-24T16:21:45.876+0000][165][info ][safepoint   ] Safepoint "Cleanup", Time since last: 1001370042 ns, Reaching safepoint: 8708 ns, Cleanup: 15375 ns, At safepoint: 5833 ns, Total: 29916 ns
[2025-08-24T16:21:46.877+0000][165][info ][safepoint   ] Safepoint "Cleanup", Time since last: 1001284626 ns, Reaching safepoint: 21167 ns, Cleanup: 39458 ns, At safepoint: 14208 ns, Total: 74833 ns
[2025-08-24T16:21:47.879+0000][165][info ][safepoint   ] Safepoint "Cleanup", Time since last: 1001266876 ns, Reaching safepoint: 672125 ns, Cleanup: 76583 ns, At safepoint: 57000 ns, Total: 805708 ns
[2025-08-24T16:21:48.881+0000][165][info ][safepoint   ] Safepoint "Cleanup", Time since last: 1001793250 ns, Reaching safepoint: 99959 ns, Cleanup: 19791 ns, At safepoint: 6625 ns, Total: 126375 ns
[2025-08-24T16:21:49.883+0000][165][info ][safepoint   ] Safepoint "Cleanup", Time since last: 1001730834 ns, Reaching safepoint: 36167 ns, Cleanup: 37292 ns, At safepoint: 11375 ns, Total: 84834 ns
[2025-08-24T16:21:50.885+0000][165][info ][safepoint   ] Safepoint "Cleanup", Time since last: 1001556000 ns, Reaching safepoint: 10542 ns, Cleanup: 18458 ns, At safepoint: 6792 ns, Total: 35792 ns
[2025-08-24T16:21:51.887+0000][165][info ][safepoint   ] Safepoint "Cleanup", Time since last: 1001827125 ns, Reaching safepoint: 53834 ns, Cleanup: 73666 ns, At safepoint: 13417 ns, Total: 140917 ns
[2025-08-24T16:21:52.888+0000][165][info ][safepoint   ] Safepoint "Cleanup", Time since last: 1000996959 ns, Reaching safepoint: 54583 ns, Cleanup: 54917 ns, At safepoint: 4583 ns, Total: 114083 ns
[2025-08-24T16:21:53.889+0000][165][info ][safepoint   ] Safepoint "Cleanup", Time since last: 1001034501 ns, Reaching safepoint: 35250 ns, Cleanup: 54583 ns, At safepoint: 10208 ns, Total: 100041 ns
[2025-08-24T16:21:56.892+0000][165][info ][safepoint   ] Safepoint "Cleanup", Time since last: 3002793917 ns, Reaching safepoint: 77667 ns, Cleanup: 65292 ns, At safepoint: 16625 ns, Total: 159584 ns
[2025-08-24T16:22:01.897+0000][165][info ][safepoint   ] Safepoint "Cleanup", Time since last: 5005458294 ns, Reaching safepoint: 53958 ns, Cleanup: 68375 ns, At safepoint: 13083 ns, Total: 135416 ns
[2025-08-24T16:22:06.907+0000][165][info ][safepoint   ] Safepoint "Cleanup", Time since last: 5010201919 ns, Reaching safepoint: 9375 ns, Cleanup: 11792 ns, At safepoint: 5667 ns, Total: 26834 ns
[2025-08-24T16:22:07.909+0000][165][info ][safepoint   ] Safepoint "Cleanup", Time since last: 1001147375 ns, Reaching safepoint: 14834 ns, Cleanup: 21958 ns, At safepoint: 5792 ns, Total: 42584 ns
[2025-08-24T16:22:08.910+0000][165][info ][safepoint   ] Safepoint "Cleanup", Time since last: 1001084958 ns, Reaching safepoint: 30792 ns, Cleanup: 42917 ns, At safepoint: 13541 ns, Total: 87250 ns
[2025-08-24T16:22:09.911+0000][165][info ][safepoint   ] Safepoint "Cleanup", Time since last: 1000376626 ns, Reaching safepoint: 1235667 ns, Cleanup: 42083 ns, At safepoint: 10833 ns, Total: 1288583 ns
[2025-08-24T16:22:10.913+0000][165][info ][safepoint   ] Safepoint "Cleanup", Time since last: 1001217209 ns, Reaching safepoint: 28458 ns, Cleanup: 27125 ns, At safepoint: 7834 ns, Total: 63417 ns
[2025-08-24T16:22:11.914+0000][165][info ][safepoint   ] Safepoint "Cleanup", Time since last: 1001121792 ns, Reaching safepoint: 56542 ns, Cleanup: 32708 ns, At safepoint: 13125 ns, Total: 102375 ns
[2025-08-24T16:22:12.916+0000][165][info ][safepoint   ] Safepoint "Cleanup", Time since last: 1001691459 ns, Reaching safepoint: 8583 ns, Cleanup: 8958 ns, At safepoint: 4000 ns, Total: 21541 ns
[2025-08-24T16:22:16.922+0000][165][info ][safepoint   ] Safepoint "Cleanup", Time since last: 4006499711 ns, Reaching safepoint: 9791 ns, Cleanup: 19000 ns, At safepoint: 4042 ns, Total: 32833 ns
[2025-08-24T16:22:23.933+0000][165][info ][safepoint   ] Safepoint "Cleanup", Time since last: 7010517170 ns, Reaching safepoint: 10083 ns, Cleanup: 31917 ns, At safepoint: 6500 ns, Total: 48500 ns
[2025-08-24T16:22:26.938+0000][165][info ][safepoint   ] Safepoint "Cleanup", Time since last: 3004550625 ns, Reaching safepoint: 10792 ns, Cleanup: 13708 ns, At safepoint: 6375 ns, Total: 30875 ns
[2025-08-24T16:22:32.867+0000][165][info ][safepoint   ] Safepoint "Cleanup", Time since last: 5929498337 ns, Reaching safepoint: 53708 ns, Cleanup: 28167 ns, At safepoint: 17333 ns, Total: 99208 ns
[2025-08-24T16:22:34.870+0000][165][info ][safepoint   ] Safepoint "Cleanup", Time since last: 2002910167 ns, Reaching safepoint: 62542 ns, Cleanup: 54417 ns, At safepoint: 12250 ns, Total: 129209 ns
[2025-08-24T16:22:37.874+0000][165][info ][safepoint   ] Safepoint "Cleanup", Time since last: 3003685751 ns, Reaching safepoint: 9084 ns, Cleanup: 10291 ns, At safepoint: 3875 ns, Total: 23250 ns
[2025-08-24T16:22:39.877+0000][165][info ][safepoint   ] Safepoint "Cleanup", Time since last: 2002694210 ns, Reaching safepoint: 7541 ns, Cleanup: 27834 ns, At safepoint: 3166 ns, Total: 38541 ns
[2025-08-24T16:22:40.878+0000][165][info ][safepoint   ] Safepoint "Cleanup", Time since last: 1001456376 ns, Reaching safepoint: 13166 ns, Cleanup: 14625 ns, At safepoint: 7417 ns, Total: 35208 ns
[2025-08-24T16:22:46.883+0000][165][info ][safepoint   ] Safepoint "Cleanup", Time since last: 6004493420 ns, Reaching safepoint: 36875 ns, Cleanup: 16125 ns, At safepoint: 5958 ns, Total: 58958 ns
[2025-08-24T16:22:49.888+0000][165][info ][safepoint   ] Safepoint "Cleanup", Time since last: 3005431835 ns, Reaching safepoint: 12041 ns, Cleanup: 12959 ns, At safepoint: 11333 ns, Total: 36333 ns
[2025-08-24T16:22:50.889+0000][165][info ][safepoint   ] Safepoint "Cleanup", Time since last: 1000555125 ns, Reaching safepoint: 12334 ns, Cleanup: 17833 ns, At safepoint: 4375 ns, Total: 34542 ns
[2025-08-24T16:22:56.891+0000][165][info ][safepoint   ] Safepoint "Cleanup", Time since last: 6007010586 ns, Reaching safepoint: 12458 ns, Cleanup: 18250 ns, At safepoint: 4958 ns, Total: 35666 ns
[2025-08-24T16:23:02.900+0000][165][info ][safepoint   ] Safepoint "Cleanup", Time since last: 6008941003 ns, Reaching safepoint: 115917 ns, Cleanup: 19625 ns, At safepoint: 11500 ns, Total: 147042 ns
[2025-08-24T16:23:07.915+0000][165][info ][safepoint   ] Safepoint "Cleanup", Time since last: 5015480127 ns, Reaching safepoint: 10834 ns, Cleanup: 9000 ns, At safepoint: 4291 ns, Total: 24125 ns
[2025-08-24T16:23:08.917+0000][165][info ][safepoint   ] Safepoint "Cleanup", Time since last: 1001746251 ns, Reaching safepoint: 24833 ns, Cleanup: 26667 ns, At safepoint: 15541 ns, Total: 67041 ns
[2025-08-24T16:23:09.920+0000][165][info ][safepoint   ] Safepoint "Cleanup", Time since last: 1003063043 ns, Reaching safepoint: 31625 ns, Cleanup: 20375 ns, At safepoint: 7333 ns, Total: 59333 ns
[2025-08-24T16:23:10.922+0000][165][info ][safepoint   ] Safepoint "Cleanup", Time since last: 1001511792 ns, Reaching safepoint: 69667 ns, Cleanup: 53125 ns, At safepoint: 19208 ns, Total: 142000 ns
[2025-08-24T16:23:11.924+0000][165][info ][safepoint   ] Safepoint "Cleanup", Time since last: 1002053709 ns, Reaching safepoint: 10417 ns, Cleanup: 10125 ns, At safepoint: 3791 ns, Total: 24333 ns
[2025-08-24T16:23:22.938+0000][165][info ][safepoint   ] Safepoint "Cleanup", Time since last: 11013761047 ns, Reaching safepoint: 145750 ns, Cleanup: 55333 ns, At safepoint: 19459 ns, Total: 220542 ns
[2025-08-24T16:23:28.943+0000][165][info ][safepoint   ] Safepoint "Cleanup", Time since last: 6007601919 ns, Reaching safepoint: 112833 ns, Cleanup: 49917 ns, At safepoint: 37041 ns, Total: 199791 ns
[2025-08-24T16:23:38.072+0000][165][info ][safepoint   ] Safepoint "Cleanup", Time since last: 9128966171 ns, Reaching safepoint: 13334 ns, Cleanup: 26416 ns, At safepoint: 7584 ns, Total: 47334 ns
[2025-08-24T16:23:39.072+0000][165][info ][safepoint   ] Safepoint "Cleanup", Time since last: 1000549500 ns, Reaching safepoint: 11958 ns, Cleanup: 42500 ns, At safepoint: 6584 ns, Total: 61042 ns
[2025-08-24T16:23:40.074+0000][165][info ][safepoint   ] Safepoint "Cleanup", Time since last: 1001396209 ns, Reaching safepoint: 8166 ns, Cleanup: 9125 ns, At safepoint: 5167 ns, Total: 22458 ns
[2025-08-24T16:23:41.075+0000][165][info ][safepoint   ] Safepoint "Cleanup", Time since last: 1000911667 ns, Reaching safepoint: 11875 ns, Cleanup: 9292 ns, At safepoint: 4750 ns, Total: 25917 ns
[2025-08-24T16:23:44.078+0000][165][info ][safepoint   ] Safepoint "Cleanup", Time since last: 3002717543 ns, Reaching safepoint: 30542 ns, Cleanup: 16541 ns, At safepoint: 7917 ns, Total: 55000 ns
[2025-08-24T16:23:46.841+0000][165][info ][safepoint   ] Safepoint "Cleanup", Time since last: 2763253085 ns, Reaching safepoint: 5041 ns, Cleanup: 60875 ns, At safepoint: 14000 ns, Total: 79916 ns
[2025-08-24T16:23:47.967+0000][165][info ][safepoint   ] Safepoint "Cleanup", Time since last: 1126462667 ns, Reaching safepoint: 6000 ns, Cleanup: 71667 ns, At safepoint: 6833 ns, Total: 84500 ns
[2025-08-24T16:23:48.879+0000][165][info ][gc,heap,exit] Heap
[2025-08-24T16:23:48.879+0000][165][info ][gc,heap,exit]  garbage-first heap   total reserved 1048576K, committed 1048576K, used 261859K [0x00000000c0000000, 0x0000000100000000)
[2025-08-24T16:23:48.879+0000][165][info ][gc,heap,exit]   region size 4096K, 57 young (233472K), 18 survivors (73728K)
[2025-08-24T16:23:48.879+0000][165][info ][gc,heap,exit]  Metaspace       used 140546K, committed 144640K, reserved 1179648K
[2025-08-24T16:23:48.879+0000][165][info ][gc,heap,exit]   class space    used 19877K, committed 21760K, reserved 1048576K
