[2025-09-09T06:27:02.554+0000][174][info][gc,init] CardTable entry size: 512
[2025-09-09T06:27:02.554+0000][174][info][gc     ] Using G1
[2025-09-09T06:27:03.067+0000][174][info][gc,init] Version: 22.0.1+8-16 (release)
[2025-09-09T06:27:03.067+0000][174][info][gc,init] CPUs: 8 total, 8 available
[2025-09-09T06:27:03.067+0000][174][info][gc,init] Memory: 7837M
[2025-09-09T06:27:03.067+0000][174][info][gc,init] Large Page Support: Disabled
[2025-09-09T06:27:03.068+0000][174][info][gc,init] NUMA Support: Disabled
[2025-09-09T06:27:03.068+0000][174][info][gc,init] Compressed Oops: Enabled (32-bit)
[2025-09-09T06:27:03.068+0000][174][info][gc,init] Heap Region Size: 4M
[2025-09-09T06:27:03.068+0000][174][info][gc,init] Heap Min Capacity: 1G
[2025-09-09T06:27:03.068+0000][174][info][gc,init] Heap Initial Capacity: 1G
[2025-09-09T06:27:03.068+0000][174][info][gc,init] Heap Max Capacity: 1G
[2025-09-09T06:27:03.068+0000][174][info][gc,init] Pre-touch: Enabled
[2025-09-09T06:27:03.068+0000][174][info][gc,init] Parallel Workers: 8
[2025-09-09T06:27:03.068+0000][174][info][gc,init] Concurrent Workers: 2
[2025-09-09T06:27:03.068+0000][174][info][gc,init] Concurrent Refinement Workers: 8
[2025-09-09T06:27:03.068+0000][174][info][gc,init] Periodic GC: Disabled
[2025-09-09T06:27:03.083+0000][174][info][gc,metaspace] CDS archive(s) mapped at: [0x00001e0000000000-0x00001e0000c80000-0x00001e0000c80000), size 13107200, SharedBaseAddress: 0x00001e0000000000, ArchiveRelocationMode: 1.
[2025-09-09T06:27:03.083+0000][174][info][gc,metaspace] Compressed class space mapped at: 0x00001e0001000000-0x00001e0041000000, reserved size: 1073741824
[2025-09-09T06:27:03.083+0000][174][info][gc,metaspace] Narrow klass base: 0x00001e0000000000, Narrow klass shift: 0, Narrow klass range: 0x100000000
[2025-09-09T06:27:03.131+0000][174][info][safepoint   ] Safepoint "ICBufferFull", Time since last: 44700292 ns, Reaching safepoint: 240750 ns, Cleanup: 52292 ns, At safepoint: 10041 ns, Total: 303083 ns
[2025-09-09T06:27:03.182+0000][174][info][safepoint   ] Safepoint "ICBufferFull", Time since last: 50603500 ns, Reaching safepoint: 356584 ns, Cleanup: 46250 ns, At safepoint: 13166 ns, Total: 416000 ns
[2025-09-09T06:27:03.273+0000][174][info][safepoint   ] Safepoint "ICBufferFull", Time since last: 91019667 ns, Reaching safepoint: 2125 ns, Cleanup: 58500 ns, At safepoint: 4917 ns, Total: 65542 ns
[2025-09-09T06:27:03.346+0000][174][info][safepoint   ] Safepoint "ICBufferFull", Time since last: 73636833 ns, Reaching safepoint: 1875 ns, Cleanup: 66542 ns, At safepoint: 3916 ns, Total: 72333 ns
[2025-09-09T06:27:03.366+0000][174][info][gc,start    ] GC(0) Pause Young (Normal) (G1 Evacuation Pause)
[2025-09-09T06:27:03.366+0000][174][info][gc,task     ] GC(0) Using 8 workers of 8 for evacuation
[2025-09-09T06:27:03.366+0000][174][debug][gc,age      ] GC(0) Desired survivor size 4194304 bytes, new threshold 15 (max threshold 15)
[2025-09-09T06:27:03.368+0000][174][info ][gc,phases   ] GC(0)   Pre Evacuate Collection Set: 0.15ms
[2025-09-09T06:27:03.368+0000][174][info ][gc,phases   ] GC(0)   Merge Heap Roots: 0.08ms
[2025-09-09T06:27:03.368+0000][174][info ][gc,phases   ] GC(0)   Evacuate Collection Set: 1.06ms
[2025-09-09T06:27:03.368+0000][174][info ][gc,phases   ] GC(0)   Post Evacuate Collection Set: 0.33ms
[2025-09-09T06:27:03.368+0000][174][info ][gc,phases   ] GC(0)   Other: 0.17ms
[2025-09-09T06:27:03.368+0000][174][trace][gc,age      ] GC(0) Age table with threshold 15 (max threshold 15)
[2025-09-09T06:27:03.368+0000][174][trace][gc,age      ] GC(0) - age   1:    4675304 bytes,    4675304 total
[2025-09-09T06:27:03.368+0000][174][info ][gc,heap     ] GC(0) Eden regions: 12->0(22)
[2025-09-09T06:27:03.368+0000][174][info ][gc,heap     ] GC(0) Survivor regions: 0->2(2)
[2025-09-09T06:27:03.368+0000][174][info ][gc,heap     ] GC(0) Old regions: 1->1
[2025-09-09T06:27:03.368+0000][174][info ][gc,heap     ] GC(0) Humongous regions: 0->0
[2025-09-09T06:27:03.368+0000][174][info ][gc,metaspace] GC(0) Metaspace: 7266K(7488K)->7266K(7488K) NonClass: 6399K(6528K)->6399K(6528K) Class: 867K(960K)->867K(960K)
[2025-09-09T06:27:03.368+0000][174][info ][gc          ] GC(0) Pause Young (Normal) (G1 Evacuation Pause) 49M->5M(1024M) 2.379ms
[2025-09-09T06:27:03.368+0000][174][info ][gc,cpu      ] GC(0) User=0.01s Sys=0.00s Real=0.00s
[2025-09-09T06:27:03.368+0000][174][info ][safepoint   ] Safepoint "G1CollectForAllocation", Time since last: 19292459 ns, Reaching safepoint: 1708 ns, Cleanup: 27833 ns, At safepoint: 2488001 ns, Total: 2517542 ns
[2025-09-09T06:27:03.470+0000][174][info ][safepoint   ] Safepoint "ICBufferFull", Time since last: 101163000 ns, Reaching safepoint: 126583 ns, Cleanup: 89292 ns, At safepoint: 8583 ns, Total: 224458 ns
[2025-09-09T06:27:03.509+0000][174][info ][safepoint   ] Safepoint "ICBufferFull", Time since last: 39542083 ns, Reaching safepoint: 1875 ns, Cleanup: 53375 ns, At safepoint: 3750 ns, Total: 59000 ns
[2025-09-09T06:27:03.624+0000][174][info ][safepoint   ] Safepoint "ICBufferFull", Time since last: 115174750 ns, Reaching safepoint: 2042 ns, Cleanup: 100417 ns, At safepoint: 4583 ns, Total: 107042 ns
[2025-09-09T06:27:03.894+0000][174][info ][safepoint   ] Safepoint "ICBufferFull", Time since last: 269807375 ns, Reaching safepoint: 1875 ns, Cleanup: 58417 ns, At safepoint: 6500 ns, Total: 66792 ns
[2025-09-09T06:27:03.996+0000][174][info ][safepoint   ] Safepoint "ICBufferFull", Time since last: 100421041 ns, Reaching safepoint: 879792 ns, Cleanup: 85792 ns, At safepoint: 10041 ns, Total: 975625 ns
[2025-09-09T06:27:04.112+0000][174][info ][safepoint   ] Safepoint "ICBufferFull", Time since last: 116612084 ns, Reaching safepoint: 2583 ns, Cleanup: 65417 ns, At safepoint: 9417 ns, Total: 77417 ns
[2025-09-09T06:27:04.162+0000][174][info ][gc,start    ] GC(1) Pause Young (Normal) (G1 Evacuation Pause)
[2025-09-09T06:27:04.162+0000][174][info ][gc,task     ] GC(1) Using 8 workers of 8 for evacuation
[2025-09-09T06:27:04.162+0000][174][debug][gc,age      ] GC(1) Desired survivor size 6291456 bytes, new threshold 15 (max threshold 15)
[2025-09-09T06:27:04.166+0000][174][info ][gc,phases   ] GC(1)   Pre Evacuate Collection Set: 0.16ms
[2025-09-09T06:27:04.166+0000][174][info ][gc,phases   ] GC(1)   Merge Heap Roots: 0.07ms
[2025-09-09T06:27:04.166+0000][174][info ][gc,phases   ] GC(1)   Evacuate Collection Set: 2.88ms
[2025-09-09T06:27:04.166+0000][174][info ][gc,phases   ] GC(1)   Post Evacuate Collection Set: 0.68ms
[2025-09-09T06:27:04.166+0000][174][info ][gc,phases   ] GC(1)   Other: 0.13ms
[2025-09-09T06:27:04.166+0000][174][trace][gc,age      ] GC(1) Age table with threshold 15 (max threshold 15)
[2025-09-09T06:27:04.166+0000][174][trace][gc,age      ] GC(1) - age   1:    4943184 bytes,    4943184 total
[2025-09-09T06:27:04.166+0000][174][trace][gc,age      ] GC(1) - age   2:    4603872 bytes,    9547056 total
[2025-09-09T06:27:04.166+0000][174][info ][gc,heap     ] GC(1) Eden regions: 22->0(42)
[2025-09-09T06:27:04.166+0000][174][info ][gc,heap     ] GC(1) Survivor regions: 2->3(3)
[2025-09-09T06:27:04.166+0000][174][info ][gc,heap     ] GC(1) Old regions: 1->1
[2025-09-09T06:27:04.166+0000][174][info ][gc,heap     ] GC(1) Humongous regions: 0->0
[2025-09-09T06:27:04.166+0000][174][info ][gc,metaspace] GC(1) Metaspace: 20181K(20800K)->20181K(20800K) NonClass: 17864K(18240K)->17864K(18240K) Class: 2317K(2560K)->2317K(2560K)
[2025-09-09T06:27:04.166+0000][174][info ][gc          ] GC(1) Pause Young (Normal) (G1 Evacuation Pause) 93M->10M(1024M) 4.477ms
[2025-09-09T06:27:04.166+0000][174][info ][gc,cpu      ] GC(1) User=0.02s Sys=0.00s Real=0.00s
[2025-09-09T06:27:04.167+0000][174][info ][safepoint   ] Safepoint "G1CollectForAllocation", Time since last: 49427875 ns, Reaching safepoint: 2541 ns, Cleanup: 43167 ns, At safepoint: 4582167 ns, Total: 4627875 ns
[2025-09-09T06:27:04.231+0000][174][info ][gc,start    ] GC(2) Pause Young (Concurrent Start) (Metadata GC Threshold)
[2025-09-09T06:27:04.231+0000][174][info ][gc,task     ] GC(2) Using 8 workers of 8 for evacuation
[2025-09-09T06:27:04.231+0000][174][debug][gc,age      ] GC(2) Desired survivor size 12582912 bytes, new threshold 15 (max threshold 15)
[2025-09-09T06:27:04.233+0000][174][info ][gc,phases   ] GC(2)   Pre Evacuate Collection Set: 0.09ms
[2025-09-09T06:27:04.233+0000][174][info ][gc,phases   ] GC(2)   Merge Heap Roots: 0.04ms
[2025-09-09T06:27:04.234+0000][174][info ][gc,phases   ] GC(2)   Evacuate Collection Set: 2.08ms
[2025-09-09T06:27:04.234+0000][174][info ][gc,phases   ] GC(2)   Post Evacuate Collection Set: 0.40ms
[2025-09-09T06:27:04.234+0000][174][info ][gc,phases   ] GC(2)   Other: 0.14ms
[2025-09-09T06:27:04.234+0000][174][trace][gc,age      ] GC(2) Age table with threshold 15 (max threshold 15)
[2025-09-09T06:27:04.234+0000][174][trace][gc,age      ] GC(2) - age   1:     474208 bytes,     474208 total
[2025-09-09T06:27:04.234+0000][174][trace][gc,age      ] GC(2) - age   2:    4060976 bytes,    4535184 total
[2025-09-09T06:27:04.234+0000][174][trace][gc,age      ] GC(2) - age   3:    4588144 bytes,    9123328 total
[2025-09-09T06:27:04.234+0000][174][info ][gc,heap     ] GC(2) Eden regions: 6->0(82)
[2025-09-09T06:27:04.234+0000][174][info ][gc,heap     ] GC(2) Survivor regions: 3->3(6)
[2025-09-09T06:27:04.234+0000][174][info ][gc,heap     ] GC(2) Old regions: 1->1
[2025-09-09T06:27:04.234+0000][174][info ][gc,heap     ] GC(2) Humongous regions: 0->0
[2025-09-09T06:27:04.234+0000][174][info ][gc,metaspace] GC(2) Metaspace: 20876K(21504K)->20876K(21504K) NonClass: 18448K(18816K)->18448K(18816K) Class: 2427K(2688K)->2427K(2688K)
[2025-09-09T06:27:04.234+0000][174][info ][gc          ] GC(2) Pause Young (Concurrent Start) (Metadata GC Threshold) 32M->10M(1024M) 3.178ms
[2025-09-09T06:27:04.234+0000][174][info ][gc,cpu      ] GC(2) User=0.02s Sys=0.00s Real=0.00s
[2025-09-09T06:27:04.234+0000][174][info ][gc          ] GC(3) Concurrent Mark Cycle
[2025-09-09T06:27:04.234+0000][174][info ][gc,marking  ] GC(3) Concurrent Scan Root Regions
[2025-09-09T06:27:04.234+0000][174][info ][safepoint   ] Safepoint "CollectForMetadataAllocation", Time since last: 63782083 ns, Reaching safepoint: 239250 ns, Cleanup: 50208 ns, At safepoint: 3300709 ns, Total: 3590167 ns
[2025-09-09T06:27:04.237+0000][174][info ][gc,marking  ] GC(3) Concurrent Scan Root Regions 2.664ms
[2025-09-09T06:27:04.238+0000][174][info ][gc,marking  ] GC(3) Concurrent Mark
[2025-09-09T06:27:04.238+0000][174][info ][gc,marking  ] GC(3) Concurrent Mark From Roots
[2025-09-09T06:27:04.238+0000][174][info ][gc,task     ] GC(3) Using 2 workers of 2 for marking
[2025-09-09T06:27:04.238+0000][174][info ][gc,marking  ] GC(3) Concurrent Mark From Roots 0.794ms
[2025-09-09T06:27:04.238+0000][174][info ][gc,marking  ] GC(3) Concurrent Preclean
[2025-09-09T06:27:04.238+0000][174][info ][gc,marking  ] GC(3) Concurrent Preclean 0.031ms
[2025-09-09T06:27:04.240+0000][174][info ][gc,start    ] GC(3) Pause Remark
[2025-09-09T06:27:04.241+0000][174][info ][gc          ] GC(3) Pause Remark 13M->13M(1024M) 1.491ms
[2025-09-09T06:27:04.241+0000][174][info ][gc,cpu      ] GC(3) User=0.01s Sys=0.00s Real=0.00s
[2025-09-09T06:27:04.241+0000][174][info ][safepoint   ] Safepoint "G1PauseRemark", Time since last: 5412916 ns, Reaching safepoint: 257459 ns, Cleanup: 13041 ns, At safepoint: 1574292 ns, Total: 1844792 ns
[2025-09-09T06:27:04.243+0000][174][info ][gc,marking  ] GC(3) Concurrent Mark 5.930ms
[2025-09-09T06:27:04.244+0000][174][info ][gc,marking  ] GC(3) Concurrent Rebuild Remembered Sets and Scrub Regions
[2025-09-09T06:27:04.244+0000][174][info ][gc,marking  ] GC(3) Concurrent Rebuild Remembered Sets and Scrub Regions 0.881ms
[2025-09-09T06:27:04.245+0000][174][info ][gc,start    ] GC(3) Pause Cleanup
[2025-09-09T06:27:04.245+0000][174][info ][gc          ] GC(3) Pause Cleanup 14M->14M(1024M) 0.157ms
[2025-09-09T06:27:04.245+0000][174][info ][gc,cpu      ] GC(3) User=0.01s Sys=0.00s Real=0.00s
[2025-09-09T06:27:04.245+0000][174][info ][safepoint   ] Safepoint "G1PauseCleanup", Time since last: 3931375 ns, Reaching safepoint: 1583 ns, Cleanup: 7417 ns, At safepoint: 268958 ns, Total: 277958 ns
[2025-09-09T06:27:04.245+0000][174][info ][gc,marking  ] GC(3) Concurrent Clear Claimed Marks
[2025-09-09T06:27:04.246+0000][174][info ][gc,marking  ] GC(3) Concurrent Clear Claimed Marks 0.446ms
[2025-09-09T06:27:04.246+0000][174][info ][gc,marking  ] GC(3) Concurrent Cleanup for Next Mark
[2025-09-09T06:27:04.246+0000][174][info ][gc,marking  ] GC(3) Concurrent Cleanup for Next Mark 0.405ms
[2025-09-09T06:27:04.247+0000][174][info ][gc          ] GC(3) Concurrent Mark Cycle 12.693ms
[2025-09-09T06:27:04.355+0000][174][info ][safepoint   ] Safepoint "ICBufferFull", Time since last: 109354917 ns, Reaching safepoint: 2167 ns, Cleanup: 61291 ns, At safepoint: 10209 ns, Total: 73667 ns
[2025-09-09T06:27:04.483+0000][174][info ][safepoint   ] Safepoint "ICBufferFull", Time since last: 128397750 ns, Reaching safepoint: 2250 ns, Cleanup: 61166 ns, At safepoint: 4417 ns, Total: 67833 ns
[2025-09-09T06:27:04.677+0000][174][info ][safepoint   ] Safepoint "ICBufferFull", Time since last: 193526625 ns, Reaching safepoint: 2542 ns, Cleanup: 123375 ns, At safepoint: 10166 ns, Total: 136083 ns
[2025-09-09T06:27:04.827+0000][174][info ][safepoint   ] Safepoint "ICBufferFull", Time since last: 149594709 ns, Reaching safepoint: 3125 ns, Cleanup: 100417 ns, At safepoint: 17041 ns, Total: 120583 ns
[2025-09-09T06:27:04.918+0000][174][info ][safepoint   ] Safepoint "ICBufferFull", Time since last: 91553542 ns, Reaching safepoint: 2625 ns, Cleanup: 109125 ns, At safepoint: 5000 ns, Total: 116750 ns
[2025-09-09T06:27:04.958+0000][174][info ][gc,start    ] GC(4) Pause Young (Prepare Mixed) (G1 Evacuation Pause)
[2025-09-09T06:27:04.958+0000][174][info ][gc,task     ] GC(4) Using 8 workers of 8 for evacuation
[2025-09-09T06:27:04.958+0000][174][debug][gc,age      ] GC(4) Desired survivor size 23068672 bytes, new threshold 15 (max threshold 15)
[2025-09-09T06:27:04.964+0000][174][info ][gc,phases   ] GC(4)   Pre Evacuate Collection Set: 0.15ms
[2025-09-09T06:27:04.964+0000][174][info ][gc,phases   ] GC(4)   Merge Heap Roots: 0.05ms
[2025-09-09T06:27:04.964+0000][174][info ][gc,phases   ] GC(4)   Evacuate Collection Set: 4.21ms
[2025-09-09T06:27:04.964+0000][174][info ][gc,phases   ] GC(4)   Post Evacuate Collection Set: 0.77ms
[2025-09-09T06:27:04.964+0000][174][info ][gc,phases   ] GC(4)   Other: 0.15ms
[2025-09-09T06:27:04.964+0000][174][trace][gc,age      ] GC(4) Age table with threshold 15 (max threshold 15)
[2025-09-09T06:27:04.964+0000][174][trace][gc,age      ] GC(4) - age   1:    6697856 bytes,    6697856 total
[2025-09-09T06:27:04.964+0000][174][trace][gc,age      ] GC(4) - age   2:     423680 bytes,    7121536 total
[2025-09-09T06:27:04.964+0000][174][trace][gc,age      ] GC(4) - age   3:    4028080 bytes,   11149616 total
[2025-09-09T06:27:04.964+0000][174][trace][gc,age      ] GC(4) - age   4:    4587016 bytes,   15736632 total
[2025-09-09T06:27:04.964+0000][174][info ][gc,heap     ] GC(4) Eden regions: 82->0(148)
[2025-09-09T06:27:04.964+0000][174][info ][gc,heap     ] GC(4) Survivor regions: 3->5(11)
[2025-09-09T06:27:04.964+0000][174][info ][gc,heap     ] GC(4) Old regions: 1->1
[2025-09-09T06:27:04.964+0000][174][info ][gc,heap     ] GC(4) Humongous regions: 0->0
[2025-09-09T06:27:04.964+0000][174][info ][gc,metaspace] GC(4) Metaspace: 28982K(29824K)->28982K(29824K) NonClass: 25635K(26112K)->25635K(26112K) Class: 3347K(3712K)->3347K(3712K)
[2025-09-09T06:27:04.964+0000][174][info ][gc          ] GC(4) Pause Young (Prepare Mixed) (G1 Evacuation Pause) 338M->17M(1024M) 6.014ms
[2025-09-09T06:27:04.964+0000][174][info ][gc,cpu      ] GC(4) User=0.03s Sys=0.00s Real=0.01s
[2025-09-09T06:27:04.964+0000][174][info ][safepoint   ] Safepoint "G1CollectForAllocation", Time since last: 39859125 ns, Reaching safepoint: 2708 ns, Cleanup: 25000 ns, At safepoint: 6124167 ns, Total: 6151875 ns
[2025-09-09T06:27:05.076+0000][174][info ][safepoint   ] Safepoint "ICBufferFull", Time since last: 111637417 ns, Reaching safepoint: 2708 ns, Cleanup: 108250 ns, At safepoint: 4833 ns, Total: 115791 ns
[2025-09-09T06:27:05.222+0000][174][info ][safepoint   ] Safepoint "ICBufferFull", Time since last: 145932625 ns, Reaching safepoint: 3209 ns, Cleanup: 77958 ns, At safepoint: 8750 ns, Total: 89917 ns
[2025-09-09T06:27:05.492+0000][174][info ][safepoint   ] Safepoint "ICBufferFull", Time since last: 268601292 ns, Reaching safepoint: 939042 ns, Cleanup: 89125 ns, At safepoint: 9083 ns, Total: 1037250 ns
[2025-09-09T06:27:05.619+0000][174][info ][gc,start    ] GC(5) Pause Young (Mixed) (Metadata GC Threshold)
[2025-09-09T06:27:05.619+0000][174][info ][gc,task     ] GC(5) Using 8 workers of 8 for evacuation
[2025-09-09T06:27:05.619+0000][174][debug][gc,age      ] GC(5) Desired survivor size 41943040 bytes, new threshold 15 (max threshold 15)
[2025-09-09T06:27:05.625+0000][174][info ][gc,phases   ] GC(5)   Pre Evacuate Collection Set: 0.11ms
[2025-09-09T06:27:05.625+0000][174][info ][gc,phases   ] GC(5)   Merge Heap Roots: 0.05ms
[2025-09-09T06:27:05.625+0000][174][info ][gc,phases   ] GC(5)   Evacuate Collection Set: 5.35ms
[2025-09-09T06:27:05.625+0000][174][info ][gc,phases   ] GC(5)   Post Evacuate Collection Set: 0.72ms
[2025-09-09T06:27:05.625+0000][174][info ][gc,phases   ] GC(5)   Other: 0.09ms
[2025-09-09T06:27:05.625+0000][174][trace][gc,age      ] GC(5) Age table with threshold 15 (max threshold 15)
[2025-09-09T06:27:05.625+0000][174][trace][gc,age      ] GC(5) - age   1:    8182680 bytes,    8182680 total
[2025-09-09T06:27:05.625+0000][174][trace][gc,age      ] GC(5) - age   2:    5943688 bytes,   14126368 total
[2025-09-09T06:27:05.625+0000][174][trace][gc,age      ] GC(5) - age   3:     423560 bytes,   14549928 total
[2025-09-09T06:27:05.625+0000][174][trace][gc,age      ] GC(5) - age   4:    4026576 bytes,   18576504 total
[2025-09-09T06:27:05.625+0000][174][trace][gc,age      ] GC(5) - age   5:    4586920 bytes,   23163424 total
[2025-09-09T06:27:05.625+0000][174][info ][gc,heap     ] GC(5) Eden regions: 131->0(146)
[2025-09-09T06:27:05.625+0000][174][info ][gc,heap     ] GC(5) Survivor regions: 5->7(20)
[2025-09-09T06:27:05.625+0000][174][info ][gc,heap     ] GC(5) Old regions: 1->1
[2025-09-09T06:27:05.625+0000][174][info ][gc,heap     ] GC(5) Humongous regions: 0->0
[2025-09-09T06:27:05.625+0000][174][info ][gc,metaspace] GC(5) Metaspace: 35359K(36288K)->35359K(36288K) NonClass: 31273K(31808K)->31273K(31808K) Class: 4086K(4480K)->4086K(4480K)
[2025-09-09T06:27:05.625+0000][174][info ][gc          ] GC(5) Pause Young (Mixed) (Metadata GC Threshold) 539M->25M(1024M) 6.784ms
[2025-09-09T06:27:05.625+0000][174][info ][gc,cpu      ] GC(5) User=0.03s Sys=0.00s Real=0.01s
[2025-09-09T06:27:05.626+0000][174][info ][safepoint   ] Safepoint "CollectForMetadataAllocation", Time since last: 126864333 ns, Reaching safepoint: 2000 ns, Cleanup: 81750 ns, At safepoint: 6909042 ns, Total: 6992792 ns
[2025-09-09T06:27:05.633+0000][174][info ][gc,start    ] GC(6) Pause Young (Concurrent Start) (Metadata GC Threshold)
[2025-09-09T06:27:05.633+0000][174][info ][gc,task     ] GC(6) Using 8 workers of 8 for evacuation
[2025-09-09T06:27:05.633+0000][174][debug][gc,age      ] GC(6) Desired survivor size 41943040 bytes, new threshold 15 (max threshold 15)
[2025-09-09T06:27:05.638+0000][174][info ][gc,phases   ] GC(6)   Pre Evacuate Collection Set: 0.09ms
[2025-09-09T06:27:05.638+0000][174][info ][gc,phases   ] GC(6)   Merge Heap Roots: 0.05ms
[2025-09-09T06:27:05.638+0000][174][info ][gc,phases   ] GC(6)   Evacuate Collection Set: 4.22ms
[2025-09-09T06:27:05.638+0000][174][info ][gc,phases   ] GC(6)   Post Evacuate Collection Set: 0.67ms
[2025-09-09T06:27:05.638+0000][174][info ][gc,phases   ] GC(6)   Other: 0.10ms
[2025-09-09T06:27:05.638+0000][174][trace][gc,age      ] GC(6) Age table with threshold 15 (max threshold 15)
[2025-09-09T06:27:05.639+0000][174][trace][gc,age      ] GC(6) - age   1:      74352 bytes,      74352 total
[2025-09-09T06:27:05.639+0000][174][trace][gc,age      ] GC(6) - age   2:    8165296 bytes,    8239648 total
[2025-09-09T06:27:05.639+0000][174][trace][gc,age      ] GC(6) - age   3:    5943656 bytes,   14183304 total
[2025-09-09T06:27:05.639+0000][174][trace][gc,age      ] GC(6) - age   4:     423560 bytes,   14606864 total
[2025-09-09T06:27:05.639+0000][174][trace][gc,age      ] GC(6) - age   5:    4025728 bytes,   18632592 total
[2025-09-09T06:27:05.639+0000][174][trace][gc,age      ] GC(6) - age   6:    4586824 bytes,   23219416 total
[2025-09-09T06:27:05.639+0000][174][info ][gc,heap     ] GC(6) Eden regions: 1->0(147)
[2025-09-09T06:27:05.639+0000][174][info ][gc,heap     ] GC(6) Survivor regions: 7->6(20)
[2025-09-09T06:27:05.639+0000][174][info ][gc,heap     ] GC(6) Old regions: 1->1
[2025-09-09T06:27:05.639+0000][174][info ][gc,heap     ] GC(6) Humongous regions: 0->0
[2025-09-09T06:27:05.639+0000][174][info ][gc,metaspace] GC(6) Metaspace: 35683K(36608K)->35683K(36608K) NonClass: 31550K(32064K)->31550K(32064K) Class: 4133K(4544K)->4133K(4544K)
[2025-09-09T06:27:05.639+0000][174][info ][gc          ] GC(6) Pause Young (Concurrent Start) (Metadata GC Threshold) 29M->24M(1024M) 5.607ms
[2025-09-09T06:27:05.639+0000][174][info ][gc,cpu      ] GC(6) User=0.03s Sys=0.00s Real=0.00s
[2025-09-09T06:27:05.639+0000][174][info ][gc          ] GC(7) Concurrent Mark Cycle
[2025-09-09T06:27:05.639+0000][174][info ][gc,marking  ] GC(7) Concurrent Scan Root Regions
[2025-09-09T06:27:05.639+0000][174][info ][safepoint   ] Safepoint "CollectForMetadataAllocation", Time since last: 7581542 ns, Reaching safepoint: 1041 ns, Cleanup: 875 ns, At safepoint: 5926375 ns, Total: 5928291 ns
[2025-09-09T06:27:05.642+0000][174][info ][gc,marking  ] GC(7) Concurrent Scan Root Regions 3.183ms
[2025-09-09T06:27:05.643+0000][174][info ][gc,marking  ] GC(7) Concurrent Mark
[2025-09-09T06:27:05.645+0000][174][info ][gc,marking  ] GC(7) Concurrent Mark From Roots
[2025-09-09T06:27:05.645+0000][174][info ][gc,task     ] GC(7) Using 2 workers of 2 for marking
[2025-09-09T06:27:05.646+0000][174][info ][gc,marking  ] GC(7) Concurrent Mark From Roots 0.742ms
[2025-09-09T06:27:05.646+0000][174][info ][gc,marking  ] GC(7) Concurrent Preclean
[2025-09-09T06:27:05.646+0000][174][info ][gc,marking  ] GC(7) Concurrent Preclean 0.041ms
[2025-09-09T06:27:05.646+0000][174][info ][gc,start    ] GC(7) Pause Remark
[2025-09-09T06:27:05.648+0000][174][info ][gc          ] GC(7) Pause Remark 28M->28M(1024M) 2.100ms
[2025-09-09T06:27:05.648+0000][174][info ][gc,cpu      ] GC(7) User=0.01s Sys=0.00s Real=0.00s
[2025-09-09T06:27:05.648+0000][174][info ][safepoint   ] Safepoint "G1PauseRemark", Time since last: 6610834 ns, Reaching safepoint: 2000 ns, Cleanup: 8458 ns, At safepoint: 2163083 ns, Total: 2173541 ns
[2025-09-09T06:27:05.648+0000][174][info ][gc,marking  ] GC(7) Concurrent Mark 4.915ms
[2025-09-09T06:27:05.648+0000][174][info ][gc,marking  ] GC(7) Concurrent Rebuild Remembered Sets and Scrub Regions
[2025-09-09T06:27:05.648+0000][174][info ][gc,marking  ] GC(7) Concurrent Rebuild Remembered Sets and Scrub Regions 0.393ms
[2025-09-09T06:27:05.649+0000][174][info ][gc,start    ] GC(7) Pause Cleanup
[2025-09-09T06:27:05.649+0000][174][info ][gc          ] GC(7) Pause Cleanup 28M->28M(1024M) 0.094ms
[2025-09-09T06:27:05.649+0000][174][info ][gc,cpu      ] GC(7) User=0.00s Sys=0.00s Real=0.00s
[2025-09-09T06:27:05.649+0000][174][info ][safepoint   ] Safepoint "G1PauseCleanup", Time since last: 665250 ns, Reaching safepoint: 1959 ns, Cleanup: 5291 ns, At safepoint: 217375 ns, Total: 224625 ns
[2025-09-09T06:27:05.650+0000][174][info ][gc,marking  ] GC(7) Concurrent Clear Claimed Marks
[2025-09-09T06:27:05.650+0000][174][info ][gc,marking  ] GC(7) Concurrent Clear Claimed Marks 0.051ms
[2025-09-09T06:27:05.650+0000][174][info ][gc,marking  ] GC(7) Concurrent Cleanup for Next Mark
[2025-09-09T06:27:05.650+0000][174][info ][gc,marking  ] GC(7) Concurrent Cleanup for Next Mark 0.279ms
[2025-09-09T06:27:05.650+0000][174][info ][gc          ] GC(7) Concurrent Mark Cycle 11.149ms
[2025-09-09T06:27:06.062+0000][174][info ][safepoint   ] Safepoint "ICBufferFull", Time since last: 412881792 ns, Reaching safepoint: 2083 ns, Cleanup: 93375 ns, At safepoint: 7209 ns, Total: 102667 ns
[2025-09-09T06:27:06.222+0000][174][info ][gc,start    ] GC(8) Pause Young (Normal) (G1 Evacuation Pause)
[2025-09-09T06:27:06.222+0000][174][info ][gc,task     ] GC(8) Using 8 workers of 8 for evacuation
[2025-09-09T06:27:06.223+0000][174][debug][gc,age      ] GC(8) Desired survivor size 41943040 bytes, new threshold 15 (max threshold 15)
[2025-09-09T06:27:06.229+0000][174][info ][gc,phases   ] GC(8)   Pre Evacuate Collection Set: 0.15ms
[2025-09-09T06:27:06.230+0000][174][info ][gc,phases   ] GC(8)   Merge Heap Roots: 0.09ms
[2025-09-09T06:27:06.230+0000][174][info ][gc,phases   ] GC(8)   Evacuate Collection Set: 5.63ms
[2025-09-09T06:27:06.230+0000][174][info ][gc,phases   ] GC(8)   Post Evacuate Collection Set: 1.02ms
[2025-09-09T06:27:06.230+0000][174][info ][gc,phases   ] GC(8)   Other: 0.15ms
[2025-09-09T06:27:06.230+0000][174][trace][gc,age      ] GC(8) Age table with threshold 15 (max threshold 15)
[2025-09-09T06:27:06.230+0000][174][trace][gc,age      ] GC(8) - age   1:   10964320 bytes,   10964320 total
[2025-09-09T06:27:06.230+0000][174][trace][gc,age      ] GC(8) - age   2:      57256 bytes,   11021576 total
[2025-09-09T06:27:06.230+0000][174][trace][gc,age      ] GC(8) - age   3:    8153840 bytes,   19175416 total
[2025-09-09T06:27:06.230+0000][174][trace][gc,age      ] GC(8) - age   4:    5935888 bytes,   25111304 total
[2025-09-09T06:27:06.230+0000][174][trace][gc,age      ] GC(8) - age   5:     403576 bytes,   25514880 total
[2025-09-09T06:27:06.230+0000][174][trace][gc,age      ] GC(8) - age   6:    4018696 bytes,   29533576 total
[2025-09-09T06:27:06.230+0000][174][trace][gc,age      ] GC(8) - age   7:    4580072 bytes,   34113648 total
[2025-09-09T06:27:06.230+0000][174][info ][gc,heap     ] GC(8) Eden regions: 147->0(144)
[2025-09-09T06:27:06.230+0000][174][info ][gc,heap     ] GC(8) Survivor regions: 6->9(20)
[2025-09-09T06:27:06.230+0000][174][info ][gc,heap     ] GC(8) Old regions: 1->1
[2025-09-09T06:27:06.230+0000][174][info ][gc,heap     ] GC(8) Humongous regions: 0->0
[2025-09-09T06:27:06.230+0000][174][info ][gc,metaspace] GC(8) Metaspace: 38307K(39424K)->38307K(39424K) NonClass: 33815K(34496K)->33815K(34496K) Class: 4491K(4928K)->4491K(4928K)
[2025-09-09T06:27:06.230+0000][174][info ][gc          ] GC(8) Pause Young (Normal) (G1 Evacuation Pause) 612M->36M(1024M) 7.837ms
[2025-09-09T06:27:06.230+0000][174][info ][gc,cpu      ] GC(8) User=0.04s Sys=0.00s Real=0.01s
[2025-09-09T06:27:06.230+0000][174][info ][safepoint   ] Safepoint "G1CollectForAllocation", Time since last: 160445875 ns, Reaching safepoint: 2667 ns, Cleanup: 67333 ns, At safepoint: 7920000 ns, Total: 7990000 ns
[2025-09-09T06:27:06.477+0000][174][info ][safepoint   ] Safepoint "ICBufferFull", Time since last: 246813083 ns, Reaching safepoint: 2292 ns, Cleanup: 67250 ns, At safepoint: 8375 ns, Total: 77917 ns
[2025-09-09T06:27:06.683+0000][174][info ][safepoint   ] Safepoint "ICBufferFull", Time since last: 205992042 ns, Reaching safepoint: 2250 ns, Cleanup: 77375 ns, At safepoint: 8708 ns, Total: 88333 ns
[2025-09-09T06:27:06.870+0000][174][info ][safepoint   ] Safepoint "ICBufferFull", Time since last: 186779084 ns, Reaching safepoint: 2583 ns, Cleanup: 66125 ns, At safepoint: 5292 ns, Total: 74000 ns
[2025-09-09T06:27:07.121+0000][174][info ][safepoint   ] Safepoint "ICBufferFull", Time since last: 251337458 ns, Reaching safepoint: 2250 ns, Cleanup: 75083 ns, At safepoint: 7125 ns, Total: 84458 ns
[2025-09-09T06:27:07.331+0000][174][info ][safepoint   ] Safepoint "ICBufferFull", Time since last: 208790292 ns, Reaching safepoint: 337542 ns, Cleanup: 117375 ns, At safepoint: 9250 ns, Total: 464167 ns
[2025-09-09T06:27:07.645+0000][174][info ][safepoint   ] Safepoint "ICBufferFull", Time since last: 314018042 ns, Reaching safepoint: 7500 ns, Cleanup: 88958 ns, At safepoint: 9417 ns, Total: 105875 ns
[2025-09-09T06:27:07.677+0000][174][info ][gc,start    ] GC(9) Pause Young (Concurrent Start) (Metadata GC Threshold)
[2025-09-09T06:27:07.677+0000][174][info ][gc,task     ] GC(9) Using 8 workers of 8 for evacuation
[2025-09-09T06:27:07.678+0000][174][debug][gc,age      ] GC(9) Desired survivor size 41943040 bytes, new threshold 15 (max threshold 15)
[2025-09-09T06:27:07.691+0000][174][info ][gc,phases   ] GC(9)   Pre Evacuate Collection Set: 0.15ms
[2025-09-09T06:27:07.691+0000][174][info ][gc,phases   ] GC(9)   Merge Heap Roots: 0.10ms
[2025-09-09T06:27:07.692+0000][174][info ][gc,phases   ] GC(9)   Evacuate Collection Set: 11.16ms
[2025-09-09T06:27:07.692+0000][174][info ][gc,phases   ] GC(9)   Post Evacuate Collection Set: 2.28ms
[2025-09-09T06:27:07.692+0000][174][info ][gc,phases   ] GC(9)   Other: 0.24ms
[2025-09-09T06:27:07.692+0000][174][trace][gc,age      ] GC(9) Age table with threshold 15 (max threshold 15)
[2025-09-09T06:27:07.692+0000][174][trace][gc,age      ] GC(9) - age   1:   10330680 bytes,   10330680 total
[2025-09-09T06:27:07.692+0000][174][trace][gc,age      ] GC(9) - age   2:    8853728 bytes,   19184408 total
[2025-09-09T06:27:07.692+0000][174][trace][gc,age      ] GC(9) - age   3:      55704 bytes,   19240112 total
[2025-09-09T06:27:07.692+0000][174][trace][gc,age      ] GC(9) - age   4:    8113264 bytes,   27353376 total
[2025-09-09T06:27:07.692+0000][174][trace][gc,age      ] GC(9) - age   5:    5750560 bytes,   33103936 total
[2025-09-09T06:27:07.692+0000][174][trace][gc,age      ] GC(9) - age   6:     400016 bytes,   33503952 total
[2025-09-09T06:27:07.692+0000][174][trace][gc,age      ] GC(9) - age   7:    3981104 bytes,   37485056 total
[2025-09-09T06:27:07.692+0000][174][trace][gc,age      ] GC(9) - age   8:    4571048 bytes,   42056104 total
[2025-09-09T06:27:07.692+0000][174][info ][gc,heap     ] GC(9) Eden regions: 135->0(141)
[2025-09-09T06:27:07.692+0000][174][info ][gc,heap     ] GC(9) Survivor regions: 9->12(20)
[2025-09-09T06:27:07.692+0000][174][info ][gc,heap     ] GC(9) Old regions: 1->1
[2025-09-09T06:27:07.692+0000][174][info ][gc,heap     ] GC(9) Humongous regions: 0->0
[2025-09-09T06:27:07.692+0000][174][info ][gc,metaspace] GC(9) Metaspace: 59904K(61376K)->59904K(61376K) NonClass: 52337K(53248K)->52337K(53248K) Class: 7567K(8128K)->7567K(8128K)
[2025-09-09T06:27:07.692+0000][174][info ][gc          ] GC(9) Pause Young (Concurrent Start) (Metadata GC Threshold) 574M->45M(1024M) 14.645ms
[2025-09-09T06:27:07.692+0000][174][info ][gc,cpu      ] GC(9) User=0.08s Sys=0.00s Real=0.02s
[2025-09-09T06:27:07.692+0000][174][info ][gc          ] GC(10) Concurrent Mark Cycle
[2025-09-09T06:27:07.692+0000][174][info ][gc,marking  ] GC(10) Concurrent Scan Root Regions
[2025-09-09T06:27:07.692+0000][174][info ][safepoint   ] Safepoint "CollectForMetadataAllocation", Time since last: 32558958 ns, Reaching safepoint: 2833 ns, Cleanup: 7334 ns, At safepoint: 14822958 ns, Total: 14833125 ns
[2025-09-09T06:27:07.699+0000][174][info ][gc,marking  ] GC(10) Concurrent Scan Root Regions 7.183ms
[2025-09-09T06:27:07.700+0000][174][info ][gc,marking  ] GC(10) Concurrent Mark
[2025-09-09T06:27:07.700+0000][174][info ][gc,marking  ] GC(10) Concurrent Mark From Roots
[2025-09-09T06:27:07.700+0000][174][info ][gc,task     ] GC(10) Using 2 workers of 2 for marking
[2025-09-09T06:27:07.701+0000][174][info ][gc,marking  ] GC(10) Concurrent Mark From Roots 1.374ms
[2025-09-09T06:27:07.701+0000][174][info ][gc,marking  ] GC(10) Concurrent Preclean
[2025-09-09T06:27:07.701+0000][174][info ][gc,marking  ] GC(10) Concurrent Preclean 0.032ms
[2025-09-09T06:27:07.701+0000][174][info ][gc,start    ] GC(10) Pause Remark
[2025-09-09T06:27:07.704+0000][174][info ][gc          ] GC(10) Pause Remark 48M->48M(1024M) 2.411ms
[2025-09-09T06:27:07.704+0000][174][info ][gc,cpu      ] GC(10) User=0.02s Sys=0.00s Real=0.00s
[2025-09-09T06:27:07.704+0000][174][info ][safepoint   ] Safepoint "G1PauseRemark", Time since last: 8883500 ns, Reaching safepoint: 2417 ns, Cleanup: 1625 ns, At safepoint: 2486666 ns, Total: 2490708 ns
[2025-09-09T06:27:07.704+0000][174][info ][gc,marking  ] GC(10) Concurrent Mark 4.123ms
[2025-09-09T06:27:07.704+0000][174][info ][gc,marking  ] GC(10) Concurrent Rebuild Remembered Sets and Scrub Regions
[2025-09-09T06:27:07.704+0000][174][info ][gc,marking  ] GC(10) Concurrent Rebuild Remembered Sets and Scrub Regions 0.404ms
[2025-09-09T06:27:07.705+0000][174][info ][gc,start    ] GC(10) Pause Cleanup
[2025-09-09T06:27:07.705+0000][174][info ][gc          ] GC(10) Pause Cleanup 48M->48M(1024M) 0.121ms
[2025-09-09T06:27:07.705+0000][174][info ][gc,cpu      ] GC(10) User=0.00s Sys=0.00s Real=0.00s
[2025-09-09T06:27:07.705+0000][174][info ][safepoint   ] Safepoint "G1PauseCleanup", Time since last: 556375 ns, Reaching safepoint: 451542 ns, Cleanup: 9042 ns, At safepoint: 205416 ns, Total: 666000 ns
[2025-09-09T06:27:07.705+0000][174][info ][gc,marking  ] GC(10) Concurrent Clear Claimed Marks
[2025-09-09T06:27:07.705+0000][174][info ][gc,marking  ] GC(10) Concurrent Clear Claimed Marks 0.059ms
[2025-09-09T06:27:07.705+0000][174][info ][gc,marking  ] GC(10) Concurrent Cleanup for Next Mark
[2025-09-09T06:27:07.705+0000][174][info ][gc,marking  ] GC(10) Concurrent Cleanup for Next Mark 0.325ms
[2025-09-09T06:27:07.705+0000][174][info ][gc          ] GC(10) Concurrent Mark Cycle 13.237ms
[2025-09-09T06:27:08.166+0000][174][info ][safepoint   ] Safepoint "ICBufferFull", Time since last: 461401292 ns, Reaching safepoint: 4667 ns, Cleanup: 95000 ns, At safepoint: 6250 ns, Total: 105917 ns
[2025-09-09T06:27:08.250+0000][174][info ][safepoint   ] Safepoint "ICBufferFull", Time since last: 83229291 ns, Reaching safepoint: 3084 ns, Cleanup: 96500 ns, At safepoint: 9375 ns, Total: 108959 ns
[2025-09-09T06:27:08.761+0000][174][info ][safepoint   ] Safepoint "ICBufferFull", Time since last: 511575417 ns, Reaching safepoint: 2916 ns, Cleanup: 96500 ns, At safepoint: 5125 ns, Total: 104541 ns
[2025-09-09T06:27:09.014+0000][174][info ][safepoint   ] Safepoint "ICBufferFull", Time since last: 252903876 ns, Reaching safepoint: 7166 ns, Cleanup: 191084 ns, At safepoint: 20041 ns, Total: 218291 ns
[2025-09-09T06:27:09.412+0000][174][info ][safepoint   ] Safepoint "ICBufferFull", Time since last: 397644167 ns, Reaching safepoint: 3375 ns, Cleanup: 116458 ns, At safepoint: 6375 ns, Total: 126208 ns
[2025-09-09T06:27:09.481+0000][174][info ][gc,start    ] GC(11) Pause Young (Normal) (G1 Evacuation Pause)
[2025-09-09T06:27:09.481+0000][174][info ][gc,task     ] GC(11) Using 8 workers of 8 for evacuation
[2025-09-09T06:27:09.481+0000][174][debug][gc,age      ] GC(11) Desired survivor size 41943040 bytes, new threshold 8 (max threshold 15)
[2025-09-09T06:27:09.502+0000][174][info ][gc,phases   ] GC(11)   Pre Evacuate Collection Set: 0.12ms
[2025-09-09T06:27:09.502+0000][174][info ][gc,phases   ] GC(11)   Merge Heap Roots: 0.09ms
[2025-09-09T06:27:09.502+0000][174][info ][gc,phases   ] GC(11)   Evacuate Collection Set: 18.31ms
[2025-09-09T06:27:09.502+0000][174][info ][gc,phases   ] GC(11)   Post Evacuate Collection Set: 1.66ms
[2025-09-09T06:27:09.502+0000][174][info ][gc,phases   ] GC(11)   Other: 0.11ms
[2025-09-09T06:27:09.502+0000][174][trace][gc,age      ] GC(11) Age table with threshold 8 (max threshold 15)
[2025-09-09T06:27:09.502+0000][174][trace][gc,age      ] GC(11) - age   1:   10818696 bytes,   10818696 total
[2025-09-09T06:27:09.502+0000][174][trace][gc,age      ] GC(11) - age   2:    9878600 bytes,   20697296 total
[2025-09-09T06:27:09.502+0000][174][trace][gc,age      ] GC(11) - age   3:    8804912 bytes,   29502208 total
[2025-09-09T06:27:09.502+0000][174][trace][gc,age      ] GC(11) - age   4:      55576 bytes,   29557784 total
[2025-09-09T06:27:09.502+0000][174][trace][gc,age      ] GC(11) - age   5:    8101976 bytes,   37659760 total
[2025-09-09T06:27:09.502+0000][174][trace][gc,age      ] GC(11) - age   6:    5726368 bytes,   43386128 total
[2025-09-09T06:27:09.502+0000][174][trace][gc,age      ] GC(11) - age   7:     397616 bytes,   43783744 total
[2025-09-09T06:27:09.502+0000][174][trace][gc,age      ] GC(11) - age   8:    3973712 bytes,   47757456 total
[2025-09-09T06:27:09.502+0000][174][info ][gc,heap     ] GC(11) Eden regions: 141->0(140)
[2025-09-09T06:27:09.502+0000][174][info ][gc,heap     ] GC(11) Survivor regions: 12->13(20)
[2025-09-09T06:27:09.502+0000][174][info ][gc,heap     ] GC(11) Old regions: 1->2
[2025-09-09T06:27:09.502+0000][174][info ][gc,heap     ] GC(11) Humongous regions: 0->0
[2025-09-09T06:27:09.502+0000][174][info ][gc,metaspace] GC(11) Metaspace: 75242K(77056K)->75242K(77056K) NonClass: 65153K(66240K)->65153K(66240K) Class: 10088K(10816K)->10088K(10816K)
[2025-09-09T06:27:09.502+0000][174][info ][gc          ] GC(11) Pause Young (Normal) (G1 Evacuation Pause) 609M->54M(1024M) 21.176ms
[2025-09-09T06:27:09.502+0000][174][info ][gc,cpu      ] GC(11) User=0.13s Sys=0.01s Real=0.02s
[2025-09-09T06:27:09.502+0000][174][info ][safepoint   ] Safepoint "G1CollectForAllocation", Time since last: 68905042 ns, Reaching safepoint: 3292 ns, Cleanup: 7791 ns, At safepoint: 21274042 ns, Total: 21285125 ns
[2025-09-09T06:27:09.790+0000][174][info ][safepoint   ] Safepoint "ICBufferFull", Time since last: 287092875 ns, Reaching safepoint: 2834 ns, Cleanup: 95083 ns, At safepoint: 4750 ns, Total: 102667 ns
[2025-09-09T06:27:10.015+0000][174][info ][safepoint   ] Safepoint "ICBufferFull", Time since last: 225032000 ns, Reaching safepoint: 3208 ns, Cleanup: 161834 ns, At safepoint: 10875 ns, Total: 175917 ns
[2025-09-09T06:27:10.180+0000][174][info ][safepoint   ] Safepoint "ICBufferFull", Time since last: 164776666 ns, Reaching safepoint: 9375 ns, Cleanup: 107125 ns, At safepoint: 20042 ns, Total: 136542 ns
[2025-09-09T06:27:10.558+0000][174][info ][safepoint   ] Safepoint "ICBufferFull", Time since last: 377718375 ns, Reaching safepoint: 2750 ns, Cleanup: 76750 ns, At safepoint: 5834 ns, Total: 85334 ns
[2025-09-09T06:27:11.191+0000][174][info ][gc,start    ] GC(12) Pause Young (Concurrent Start) (Metadata GC Threshold)
[2025-09-09T06:27:11.191+0000][174][info ][gc,task     ] GC(12) Using 8 workers of 8 for evacuation
[2025-09-09T06:27:11.191+0000][174][debug][gc,age      ] GC(12) Desired survivor size 41943040 bytes, new threshold 6 (max threshold 15)
[2025-09-09T06:27:11.217+0000][174][info ][gc,phases   ] GC(12)   Pre Evacuate Collection Set: 0.19ms
[2025-09-09T06:27:11.217+0000][174][info ][gc,phases   ] GC(12)   Merge Heap Roots: 0.05ms
[2025-09-09T06:27:11.217+0000][174][info ][gc,phases   ] GC(12)   Evacuate Collection Set: 22.95ms
[2025-09-09T06:27:11.217+0000][174][info ][gc,phases   ] GC(12)   Post Evacuate Collection Set: 2.01ms
[2025-09-09T06:27:11.217+0000][174][info ][gc,phases   ] GC(12)   Other: 0.16ms
[2025-09-09T06:27:11.217+0000][174][trace][gc,age      ] GC(12) Age table with threshold 6 (max threshold 15)
[2025-09-09T06:27:11.217+0000][174][trace][gc,age      ] GC(12) - age   1:    9747040 bytes,    9747040 total
[2025-09-09T06:27:11.217+0000][174][trace][gc,age      ] GC(12) - age   2:   10453256 bytes,   20200296 total
[2025-09-09T06:27:11.217+0000][174][trace][gc,age      ] GC(12) - age   3:    9713360 bytes,   29913656 total
[2025-09-09T06:27:11.217+0000][174][trace][gc,age      ] GC(12) - age   4:    8788664 bytes,   38702320 total
[2025-09-09T06:27:11.217+0000][174][trace][gc,age      ] GC(12) - age   5:      55256 bytes,   38757576 total
[2025-09-09T06:27:11.217+0000][174][trace][gc,age      ] GC(12) - age   6:    8076776 bytes,   46834352 total
[2025-09-09T06:27:11.217+0000][174][info ][gc,heap     ] GC(12) Eden regions: 84->0(140)
[2025-09-09T06:27:11.217+0000][174][info ][gc,heap     ] GC(12) Survivor regions: 13->13(20)
[2025-09-09T06:27:11.217+0000][174][info ][gc,heap     ] GC(12) Old regions: 2->4
[2025-09-09T06:27:11.217+0000][174][info ][gc,heap     ] GC(12) Humongous regions: 0->0
[2025-09-09T06:27:11.217+0000][174][info ][gc,metaspace] GC(12) Metaspace: 100473K(102528K)->100473K(102528K) NonClass: 86916K(88128K)->86916K(88128K) Class: 13556K(14400K)->13556K(14400K)
[2025-09-09T06:27:11.217+0000][174][info ][gc          ] GC(12) Pause Young (Concurrent Start) (Metadata GC Threshold) 388M->65M(1024M) 26.080ms
[2025-09-09T06:27:11.217+0000][174][info ][gc,cpu      ] GC(12) User=0.14s Sys=0.01s Real=0.02s
[2025-09-09T06:27:11.218+0000][174][info ][safepoint   ] Safepoint "CollectForMetadataAllocation", Time since last: 633621583 ns, Reaching safepoint: 3250 ns, Cleanup: 51125 ns, At safepoint: 26611917 ns, Total: 26666292 ns
[2025-09-09T06:27:11.217+0000][174][info ][gc          ] GC(13) Concurrent Mark Cycle
[2025-09-09T06:27:11.218+0000][174][info ][gc,marking  ] GC(13) Concurrent Scan Root Regions
[2025-09-09T06:27:11.231+0000][174][info ][gc,marking  ] GC(13) Concurrent Scan Root Regions 12.279ms
[2025-09-09T06:27:11.231+0000][174][info ][gc,marking  ] GC(13) Concurrent Mark
[2025-09-09T06:27:11.231+0000][174][info ][gc,marking  ] GC(13) Concurrent Mark From Roots
[2025-09-09T06:27:11.231+0000][174][info ][gc,task     ] GC(13) Using 2 workers of 2 for marking
[2025-09-09T06:27:11.234+0000][174][info ][gc,marking  ] GC(13) Concurrent Mark From Roots 2.938ms
[2025-09-09T06:27:11.234+0000][174][info ][gc,marking  ] GC(13) Concurrent Preclean
[2025-09-09T06:27:11.234+0000][174][info ][gc,marking  ] GC(13) Concurrent Preclean 0.046ms
[2025-09-09T06:27:11.234+0000][174][info ][gc,start    ] GC(13) Pause Remark
[2025-09-09T06:27:11.239+0000][174][info ][gc          ] GC(13) Pause Remark 68M->68M(1024M) 4.924ms
[2025-09-09T06:27:11.239+0000][174][info ][gc,cpu      ] GC(13) User=0.02s Sys=0.00s Real=0.00s
[2025-09-09T06:27:11.239+0000][174][info ][safepoint   ] Safepoint "G1PauseRemark", Time since last: 16148083 ns, Reaching safepoint: 3084 ns, Cleanup: 6291 ns, At safepoint: 5028875 ns, Total: 5038250 ns
[2025-09-09T06:27:11.239+0000][174][info ][gc,marking  ] GC(13) Concurrent Mark 8.222ms
[2025-09-09T06:27:11.239+0000][174][info ][gc,marking  ] GC(13) Concurrent Rebuild Remembered Sets and Scrub Regions
[2025-09-09T06:27:11.241+0000][174][info ][gc,marking  ] GC(13) Concurrent Rebuild Remembered Sets and Scrub Regions 2.080ms
[2025-09-09T06:27:11.241+0000][174][info ][gc,start    ] GC(13) Pause Cleanup
[2025-09-09T06:27:11.241+0000][174][info ][gc          ] GC(13) Pause Cleanup 68M->68M(1024M) 0.085ms
[2025-09-09T06:27:11.241+0000][174][info ][gc,cpu      ] GC(13) User=0.00s Sys=0.00s Real=0.00s
[2025-09-09T06:27:11.241+0000][174][info ][safepoint   ] Safepoint "G1PauseCleanup", Time since last: 2213625 ns, Reaching safepoint: 2042 ns, Cleanup: 8750 ns, At safepoint: 156125 ns, Total: 166917 ns
[2025-09-09T06:27:11.241+0000][174][info ][gc,marking  ] GC(13) Concurrent Clear Claimed Marks
[2025-09-09T06:27:11.242+0000][174][info ][gc,marking  ] GC(13) Concurrent Clear Claimed Marks 0.097ms
[2025-09-09T06:27:11.242+0000][174][info ][gc,marking  ] GC(13) Concurrent Cleanup for Next Mark
[2025-09-09T06:27:11.243+0000][174][info ][gc,marking  ] GC(13) Concurrent Cleanup for Next Mark 1.574ms
[2025-09-09T06:27:11.243+0000][174][info ][gc          ] GC(13) Concurrent Mark Cycle 25.840ms
[2025-09-09T06:27:11.516+0000][174][info ][safepoint   ] Safepoint "ICBufferFull", Time since last: 274174375 ns, Reaching safepoint: 3750 ns, Cleanup: 330125 ns, At safepoint: 5958 ns, Total: 339833 ns
[2025-09-09T06:27:12.047+0000][174][info ][safepoint   ] Safepoint "ICBufferFull", Time since last: 529803333 ns, Reaching safepoint: 1024917 ns, Cleanup: 180625 ns, At safepoint: 24333 ns, Total: 1229875 ns
[2025-09-09T06:27:12.386+0000][174][info ][safepoint   ] Safepoint "ICBufferFull", Time since last: 339239500 ns, Reaching safepoint: 3542 ns, Cleanup: 73375 ns, At safepoint: 8250 ns, Total: 85167 ns
[2025-09-09T06:27:12.536+0000][174][info ][safepoint   ] Safepoint "ICBufferFull", Time since last: 150284958 ns, Reaching safepoint: 7459 ns, Cleanup: 149416 ns, At safepoint: 7042 ns, Total: 163917 ns
[2025-09-09T06:27:12.572+0000][174][info ][safepoint   ] Safepoint "ICBufferFull", Time since last: 34973500 ns, Reaching safepoint: 2792 ns, Cleanup: 265958 ns, At safepoint: 10208 ns, Total: 278958 ns
[2025-09-09T06:27:12.618+0000][174][info ][safepoint   ] Safepoint "ICBufferFull", Time since last: 46463625 ns, Reaching safepoint: 2959 ns, Cleanup: 192666 ns, At safepoint: 6709 ns, Total: 202334 ns
[2025-09-09T06:27:12.661+0000][174][info ][safepoint   ] Safepoint "ICBufferFull", Time since last: 42642041 ns, Reaching safepoint: 4209 ns, Cleanup: 82625 ns, At safepoint: 12708 ns, Total: 99542 ns
[2025-09-09T06:27:12.677+0000][174][info ][safepoint   ] Safepoint "ICBufferFull", Time since last: 16065708 ns, Reaching safepoint: 3000 ns, Cleanup: 124334 ns, At safepoint: 2875 ns, Total: 130209 ns
[2025-09-09T06:27:12.718+0000][174][info ][safepoint   ] Safepoint "ICBufferFull", Time since last: 41022708 ns, Reaching safepoint: 3208 ns, Cleanup: 80125 ns, At safepoint: 7959 ns, Total: 91292 ns
[2025-09-09T06:27:12.781+0000][174][info ][safepoint   ] Safepoint "ICBufferFull", Time since last: 62209541 ns, Reaching safepoint: 3459 ns, Cleanup: 86875 ns, At safepoint: 9333 ns, Total: 99667 ns
[2025-09-09T06:27:12.840+0000][174][info ][safepoint   ] Safepoint "ICBufferFull", Time since last: 59259042 ns, Reaching safepoint: 277958 ns, Cleanup: 136500 ns, At safepoint: 29458 ns, Total: 443916 ns
[2025-09-09T06:27:12.933+0000][174][info ][safepoint   ] Safepoint "ICBufferFull", Time since last: 92386417 ns, Reaching safepoint: 2958 ns, Cleanup: 126292 ns, At safepoint: 17958 ns, Total: 147208 ns
[2025-09-09T06:27:13.075+0000][174][info ][safepoint   ] Safepoint "ICBufferFull", Time since last: 141526750 ns, Reaching safepoint: 4084 ns, Cleanup: 83583 ns, At safepoint: 15875 ns, Total: 103542 ns
[2025-09-09T06:27:13.227+0000][174][info ][safepoint   ] Safepoint "ICBufferFull", Time since last: 150699459 ns, Reaching safepoint: 1151541 ns, Cleanup: 126959 ns, At safepoint: 12166 ns, Total: 1290666 ns
[2025-09-09T06:27:13.278+0000][174][info ][safepoint   ] Safepoint "ICBufferFull", Time since last: 49959042 ns, Reaching safepoint: 700208 ns, Cleanup: 369167 ns, At safepoint: 24583 ns, Total: 1093958 ns
[2025-09-09T06:27:13.362+0000][174][info ][safepoint   ] Safepoint "ICBufferFull", Time since last: 84332875 ns, Reaching safepoint: 4084 ns, Cleanup: 73875 ns, At safepoint: 9250 ns, Total: 87209 ns
[2025-09-09T06:27:13.483+0000][174][info ][safepoint   ] Safepoint "ICBufferFull", Time since last: 120350791 ns, Reaching safepoint: 5042 ns, Cleanup: 83917 ns, At safepoint: 10041 ns, Total: 99000 ns
[2025-09-09T06:27:13.519+0000][174][info ][safepoint   ] Safepoint "ICBufferFull", Time since last: 35771792 ns, Reaching safepoint: 1048000 ns, Cleanup: 90250 ns, At safepoint: 20542 ns, Total: 1158792 ns
[2025-09-09T06:27:13.643+0000][174][info ][safepoint   ] Safepoint "ICBufferFull", Time since last: 123208125 ns, Reaching safepoint: 5333 ns, Cleanup: 68542 ns, At safepoint: 4375 ns, Total: 78250 ns
[2025-09-09T06:27:13.781+0000][174][info ][safepoint   ] Safepoint "ICBufferFull", Time since last: 137768000 ns, Reaching safepoint: 5833 ns, Cleanup: 79667 ns, At safepoint: 5250 ns, Total: 90750 ns
[2025-09-09T06:27:13.890+0000][174][info ][safepoint   ] Safepoint "ICBufferFull", Time since last: 107994750 ns, Reaching safepoint: 857542 ns, Cleanup: 85166 ns, At safepoint: 42792 ns, Total: 985500 ns
[2025-09-09T06:27:13.947+0000][174][info ][safepoint   ] Safepoint "ICBufferFull", Time since last: 57575542 ns, Reaching safepoint: 122333 ns, Cleanup: 106000 ns, At safepoint: 20250 ns, Total: 248583 ns
[2025-09-09T06:27:14.009+0000][174][info ][gc,start    ] GC(14) Pause Young (Normal) (G1 Evacuation Pause)
[2025-09-09T06:27:14.009+0000][174][info ][gc,task     ] GC(14) Using 8 workers of 8 for evacuation
[2025-09-09T06:27:14.009+0000][174][debug][gc,age      ] GC(14) Desired survivor size 41943040 bytes, new threshold 6 (max threshold 15)
[2025-09-09T06:27:14.047+0000][174][info ][gc,phases   ] GC(14)   Pre Evacuate Collection Set: 0.14ms
[2025-09-09T06:27:14.047+0000][174][info ][gc,phases   ] GC(14)   Merge Heap Roots: 0.08ms
[2025-09-09T06:27:14.047+0000][174][info ][gc,phases   ] GC(14)   Evacuate Collection Set: 35.04ms
[2025-09-09T06:27:14.047+0000][174][info ][gc,phases   ] GC(14)   Post Evacuate Collection Set: 2.52ms
[2025-09-09T06:27:14.047+0000][174][info ][gc,phases   ] GC(14)   Other: 0.11ms
[2025-09-09T06:27:14.047+0000][174][trace][gc,age      ] GC(14) Age table with threshold 6 (max threshold 15)
[2025-09-09T06:27:14.047+0000][174][trace][gc,age      ] GC(14) - age   1:   45845616 bytes,   45845616 total
[2025-09-09T06:27:14.047+0000][174][trace][gc,age      ] GC(14) - age   2:    8851728 bytes,   54697344 total
[2025-09-09T06:27:14.047+0000][174][trace][gc,age      ] GC(14) - age   3:   10201624 bytes,   64898968 total
[2025-09-09T06:27:14.047+0000][174][trace][gc,age      ] GC(14) - age   4:    9052072 bytes,   73951040 total
[2025-09-09T06:27:14.047+0000][174][trace][gc,age      ] GC(14) - age   5:    8739824 bytes,   82690864 total
[2025-09-09T06:27:14.047+0000][174][trace][gc,age      ] GC(14) - age   6:      55096 bytes,   82745960 total
[2025-09-09T06:27:14.047+0000][174][info ][gc,heap     ] GC(14) Eden regions: 140->0(133)
[2025-09-09T06:27:14.047+0000][174][info ][gc,heap     ] GC(14) Survivor regions: 13->20(20)
[2025-09-09T06:27:14.047+0000][174][info ][gc,heap     ] GC(14) Old regions: 4->9
[2025-09-09T06:27:14.047+0000][174][info ][gc,heap     ] GC(14) Humongous regions: 2->2
[2025-09-09T06:27:14.048+0000][174][info ][gc,metaspace] GC(14) Metaspace: 139709K(143744K)->139709K(143744K) NonClass: 119881K(122112K)->119881K(122112K) Class: 19827K(21632K)->19827K(21632K)
[2025-09-09T06:27:14.048+0000][174][info ][gc          ] GC(14) Pause Young (Normal) (G1 Evacuation Pause) 633M->123M(1024M) 38.653ms
[2025-09-09T06:27:14.048+0000][174][info ][gc,cpu      ] GC(14) User=0.26s Sys=0.01s Real=0.04s
[2025-09-09T06:27:14.048+0000][174][info ][safepoint   ] Safepoint "G1CollectForAllocation", Time since last: 61292458 ns, Reaching safepoint: 6542 ns, Cleanup: 168917 ns, At safepoint: 38785625 ns, Total: 38961084 ns
[2025-09-09T06:27:14.051+0000][174][info ][gc,start    ] GC(15) Pause Young (Normal) (G1 Evacuation Pause)
[2025-09-09T06:27:14.051+0000][174][info ][gc,task     ] GC(15) Using 8 workers of 8 for evacuation
[2025-09-09T06:27:14.051+0000][174][debug][gc,age      ] GC(15) Desired survivor size 6291456 bytes, new threshold 1 (max threshold 15)
[2025-09-09T06:27:14.112+0000][174][info ][gc,phases   ] GC(15)   Pre Evacuate Collection Set: 0.11ms
[2025-09-09T06:27:14.112+0000][174][info ][gc,phases   ] GC(15)   Merge Heap Roots: 0.23ms
[2025-09-09T06:27:14.112+0000][174][info ][gc,phases   ] GC(15)   Evacuate Collection Set: 59.37ms
[2025-09-09T06:27:14.112+0000][174][info ][gc,phases   ] GC(15)   Post Evacuate Collection Set: 1.05ms
[2025-09-09T06:27:14.112+0000][174][info ][gc,phases   ] GC(15)   Other: 0.10ms
[2025-09-09T06:27:14.112+0000][174][trace][gc,age      ] GC(15) Age table with threshold 1 (max threshold 15)
[2025-09-09T06:27:14.112+0000][174][trace][gc,age      ] GC(15) - age   1:      52120 bytes,      52120 total
[2025-09-09T06:27:14.112+0000][174][info ][gc,heap     ] GC(15) Eden regions: 1->0(151)
[2025-09-09T06:27:14.112+0000][174][info ][gc,heap     ] GC(15) Survivor regions: 20->2(3)
[2025-09-09T06:27:14.112+0000][174][info ][gc,heap     ] GC(15) Old regions: 9->31
[2025-09-09T06:27:14.112+0000][174][info ][gc,heap     ] GC(15) Humongous regions: 2->2
[2025-09-09T06:27:14.112+0000][174][info ][gc,metaspace] GC(15) Metaspace: 139711K(143744K)->139711K(143744K) NonClass: 119883K(122112K)->119883K(122112K) Class: 19827K(21632K)->19827K(21632K)
[2025-09-09T06:27:14.112+0000][174][info ][gc          ] GC(15) Pause Young (Normal) (G1 Evacuation Pause) 127M->136M(1024M) 61.733ms
[2025-09-09T06:27:14.112+0000][174][info ][gc,cpu      ] GC(15) User=0.47s Sys=0.00s Real=0.06s
[2025-09-09T06:27:14.113+0000][174][info ][safepoint   ] Safepoint "G1CollectForAllocation", Time since last: 2149166 ns, Reaching safepoint: 746417 ns, Cleanup: 6000 ns, At safepoint: 61978542 ns, Total: 62730959 ns
[2025-09-09T06:27:14.242+0000][174][info ][safepoint   ] Safepoint "ICBufferFull", Time since last: 129533416 ns, Reaching safepoint: 216834 ns, Cleanup: 149583 ns, At safepoint: 16917 ns, Total: 383334 ns
[2025-09-09T06:27:14.243+0000][174][info ][safepoint   ] Safepoint "ICBufferFull", Time since last: 687708 ns, Reaching safepoint: 160542 ns, Cleanup: 10541 ns, At safepoint: 64000 ns, Total: 235083 ns
[2025-09-09T06:27:14.350+0000][174][info ][safepoint   ] Safepoint "ICBufferFull", Time since last: 106425959 ns, Reaching safepoint: 6041 ns, Cleanup: 87250 ns, At safepoint: 15375 ns, Total: 108666 ns
[2025-09-09T06:27:14.456+0000][174][info ][safepoint   ] Safepoint "ICBufferFull", Time since last: 106146792 ns, Reaching safepoint: 244250 ns, Cleanup: 108583 ns, At safepoint: 28209 ns, Total: 381042 ns
[2025-09-09T06:27:14.553+0000][174][info ][safepoint   ] Safepoint "ICBufferFull", Time since last: 95273875 ns, Reaching safepoint: 672917 ns, Cleanup: 132916 ns, At safepoint: 38917 ns, Total: 844750 ns
[2025-09-09T06:27:14.786+0000][174][info ][safepoint   ] Safepoint "ICBufferFull", Time since last: 220382417 ns, Reaching safepoint: 13411875 ns, Cleanup: 94791 ns, At safepoint: 22875 ns, Total: 13529541 ns
[2025-09-09T06:27:14.787+0000][174][info ][safepoint   ] Safepoint "ICBufferFull", Time since last: 167959 ns, Reaching safepoint: 766000 ns, Cleanup: 1333 ns, At safepoint: 12000 ns, Total: 779333 ns
[2025-09-09T06:27:14.828+0000][174][info ][safepoint   ] Safepoint "ICBufferFull", Time since last: 39223708 ns, Reaching safepoint: 739375 ns, Cleanup: 94417 ns, At safepoint: 11583 ns, Total: 845375 ns
[2025-09-09T06:27:14.958+0000][174][info ][safepoint   ] Safepoint "ICBufferFull", Time since last: 129882250 ns, Reaching safepoint: 7042 ns, Cleanup: 167250 ns, At safepoint: 206542 ns, Total: 380834 ns
[2025-09-09T06:27:15.148+0000][174][info ][safepoint   ] Safepoint "ICBufferFull", Time since last: 188330708 ns, Reaching safepoint: 1421667 ns, Cleanup: 101333 ns, At safepoint: 48542 ns, Total: 1571542 ns
[2025-09-09T06:27:15.288+0000][174][info ][safepoint   ] Safepoint "ICBufferFull", Time since last: 138508500 ns, Reaching safepoint: 1353833 ns, Cleanup: 130084 ns, At safepoint: 25208 ns, Total: 1509125 ns
[2025-09-09T06:27:15.390+0000][174][info ][safepoint   ] Safepoint "ICBufferFull", Time since last: 102535208 ns, Reaching safepoint: 7584 ns, Cleanup: 111166 ns, At safepoint: 7834 ns, Total: 126584 ns
[2025-09-09T06:27:15.524+0000][174][info ][safepoint   ] Safepoint "ICBufferFull", Time since last: 133079791 ns, Reaching safepoint: 8417 ns, Cleanup: 97708 ns, At safepoint: 5417 ns, Total: 111542 ns
[2025-09-09T06:27:15.649+0000][174][info ][safepoint   ] Safepoint "ICBufferFull", Time since last: 125276333 ns, Reaching safepoint: 8500 ns, Cleanup: 86000 ns, At safepoint: 3042 ns, Total: 97542 ns
[2025-09-09T06:27:15.786+0000][174][info ][safepoint   ] Safepoint "ICBufferFull", Time since last: 137085542 ns, Reaching safepoint: 8166 ns, Cleanup: 89459 ns, At safepoint: 8916 ns, Total: 106541 ns
[2025-09-09T06:27:15.996+0000][174][info ][safepoint   ] Safepoint "ICBufferFull", Time since last: 210059959 ns, Reaching safepoint: 7417 ns, Cleanup: 102666 ns, At safepoint: 6334 ns, Total: 116417 ns
[2025-09-09T06:27:16.448+0000][174][info ][safepoint   ] Safepoint "ICBufferFull", Time since last: 451279125 ns, Reaching safepoint: 9583 ns, Cleanup: 112125 ns, At safepoint: 8708 ns, Total: 130416 ns
[2025-09-09T06:27:18.383+0000][174][info ][safepoint   ] Safepoint "Cleanup", Time since last: 1935052710 ns, Reaching safepoint: 42041 ns, Cleanup: 109417 ns, At safepoint: 8167 ns, Total: 159625 ns
[2025-09-09T06:27:19.385+0000][174][info ][safepoint   ] Safepoint "Cleanup", Time since last: 1002480417 ns, Reaching safepoint: 25791 ns, Cleanup: 18709 ns, At safepoint: 6416 ns, Total: 50916 ns
[2025-09-09T06:27:20.387+0000][174][info ][safepoint   ] Safepoint "Cleanup", Time since last: 1001059376 ns, Reaching safepoint: 15167 ns, Cleanup: 40958 ns, At safepoint: 6583 ns, Total: 62708 ns
[2025-09-09T06:27:20.658+0000][174][info ][safepoint   ] Safepoint "ICBufferFull", Time since last: 270750167 ns, Reaching safepoint: 24792 ns, Cleanup: 318083 ns, At safepoint: 24083 ns, Total: 366958 ns
[2025-09-09T06:27:21.660+0000][174][info ][safepoint   ] Safepoint "Cleanup", Time since last: 1002606418 ns, Reaching safepoint: 13166 ns, Cleanup: 82209 ns, At safepoint: 6708 ns, Total: 102083 ns
[2025-09-09T06:27:22.661+0000][174][info ][safepoint   ] Safepoint "Cleanup", Time since last: 1001009459 ns, Reaching safepoint: 22458 ns, Cleanup: 12958 ns, At safepoint: 9125 ns, Total: 44541 ns
[2025-09-09T06:27:23.663+0000][174][info ][safepoint   ] Safepoint "Cleanup", Time since last: 1000974709 ns, Reaching safepoint: 48625 ns, Cleanup: 123209 ns, At safepoint: 21291 ns, Total: 193125 ns
[2025-09-09T06:27:24.665+0000][174][info ][safepoint   ] Safepoint "Cleanup", Time since last: 1001736876 ns, Reaching safepoint: 161791 ns, Cleanup: 17709 ns, At safepoint: 7708 ns, Total: 187208 ns
[2025-09-09T06:27:25.666+0000][174][info ][safepoint   ] Safepoint "Cleanup", Time since last: 1000795584 ns, Reaching safepoint: 85708 ns, Cleanup: 87250 ns, At safepoint: 14500 ns, Total: 187458 ns
[2025-09-09T06:27:26.666+0000][174][info ][safepoint   ] Safepoint "Cleanup", Time since last: 1000877792 ns, Reaching safepoint: 30042 ns, Cleanup: 53417 ns, At safepoint: 7541 ns, Total: 91000 ns
[2025-09-09T06:27:27.671+0000][174][info ][safepoint   ] Safepoint "Cleanup", Time since last: 1001002959 ns, Reaching safepoint: 3820583 ns, Cleanup: 54000 ns, At safepoint: 31125 ns, Total: 3905708 ns
[2025-09-09T06:27:28.012+0000][174][info ][safepoint   ] Safepoint "ICBufferFull", Time since last: 340779084 ns, Reaching safepoint: 61000 ns, Cleanup: 117500 ns, At safepoint: 21583 ns, Total: 200083 ns
[2025-09-09T06:27:28.015+0000][174][info ][safepoint   ] Safepoint "ICBufferFull", Time since last: 1466834 ns, Reaching safepoint: 1002625 ns, Cleanup: 14291 ns, At safepoint: 28250 ns, Total: 1045166 ns
[2025-09-09T06:27:28.017+0000][174][info ][safepoint   ] Safepoint "ICBufferFull", Time since last: 1916625 ns, Reaching safepoint: 565875 ns, Cleanup: 8625 ns, At safepoint: 37125 ns, Total: 611625 ns
[2025-09-09T06:27:28.020+0000][174][info ][safepoint   ] Safepoint "ICBufferFull", Time since last: 1138917 ns, Reaching safepoint: 1216958 ns, Cleanup: 13917 ns, At safepoint: 19250 ns, Total: 1250125 ns
[2025-09-09T06:27:28.031+0000][174][info ][safepoint   ] Safepoint "ICBufferFull", Time since last: 6928583 ns, Reaching safepoint: 3481125 ns, Cleanup: 13500 ns, At safepoint: 456250 ns, Total: 3950875 ns
[2025-09-09T06:27:28.151+0000][174][info ][safepoint   ] Safepoint "ICBufferFull", Time since last: 119389834 ns, Reaching safepoint: 279791 ns, Cleanup: 136042 ns, At safepoint: 15375 ns, Total: 431208 ns
[2025-09-09T06:27:29.170+0000][174][info ][safepoint   ] Safepoint "Cleanup", Time since last: 1005061042 ns, Reaching safepoint: 1671292 ns, Cleanup: 12537083 ns, At safepoint: 104583 ns, Total: 14312958 ns
[2025-09-09T06:27:29.968+0000][174][info ][safepoint   ] Safepoint "ICBufferFull", Time since last: 772468168 ns, Reaching safepoint: 10145583 ns, Cleanup: 181083 ns, At safepoint: 15020209 ns, Total: 25346875 ns
[2025-09-09T06:27:30.308+0000][174][info ][safepoint   ] Safepoint "ICBufferFull", Time since last: 339610208 ns, Reaching safepoint: 36417 ns, Cleanup: 512666 ns, At safepoint: 28750 ns, Total: 577833 ns
[2025-09-09T06:27:30.387+0000][174][info ][gc,start    ] GC(16) Pause Young (Normal) (G1 Evacuation Pause)
[2025-09-09T06:27:30.387+0000][174][info ][gc,task     ] GC(16) Using 8 workers of 8 for evacuation
[2025-09-09T06:27:30.388+0000][174][debug][gc,age      ] GC(16) Desired survivor size 41943040 bytes, new threshold 15 (max threshold 15)
[2025-09-09T06:27:30.468+0000][174][info ][gc,phases   ] GC(16)   Pre Evacuate Collection Set: 1.49ms
[2025-09-09T06:27:30.469+0000][174][info ][gc,phases   ] GC(16)   Merge Heap Roots: 1.97ms
[2025-09-09T06:27:30.469+0000][174][info ][gc,phases   ] GC(16)   Evacuate Collection Set: 66.89ms
[2025-09-09T06:27:30.469+0000][174][info ][gc,phases   ] GC(16)   Post Evacuate Collection Set: 9.66ms
[2025-09-09T06:27:30.470+0000][174][info ][gc,phases   ] GC(16)   Other: 0.89ms
[2025-09-09T06:27:30.470+0000][174][trace][gc,age      ] GC(16) Age table with threshold 15 (max threshold 15)
[2025-09-09T06:27:30.470+0000][174][trace][gc,age      ] GC(16) - age   1:   19905456 bytes,   19905456 total
[2025-09-09T06:27:30.470+0000][174][trace][gc,age      ] GC(16) - age   2:         48 bytes,   19905504 total
[2025-09-09T06:27:30.470+0000][174][info ][gc,heap     ] GC(16) Eden regions: 151->0(147)
[2025-09-09T06:27:30.472+0000][174][info ][gc,heap     ] GC(16) Survivor regions: 2->6(20)
[2025-09-09T06:27:30.472+0000][174][info ][gc,heap     ] GC(16) Old regions: 31->31
[2025-09-09T06:27:30.474+0000][174][info ][gc,heap     ] GC(16) Humongous regions: 2->2
[2025-09-09T06:27:30.475+0000][174][info ][gc,metaspace] GC(16) Metaspace: 149951K(154304K)->149951K(154304K) NonClass: 128660K(131072K)->128660K(131072K) Class: 21290K(23232K)->21290K(23232K)
[2025-09-09T06:27:30.475+0000][174][info ][gc          ] GC(16) Pause Young (Normal) (G1 Evacuation Pause) 740M->150M(1024M) 88.029ms
[2025-09-09T06:27:30.477+0000][174][info ][gc,cpu      ] GC(16) User=0.27s Sys=0.03s Real=0.09s
[2025-09-09T06:27:30.478+0000][174][info ][safepoint   ] Safepoint "G1CollectForAllocation", Time since last: 74849542 ns, Reaching safepoint: 3869125 ns, Cleanup: 221917 ns, At safepoint: 90702916 ns, Total: 94793958 ns
[2025-09-09T06:27:30.883+0000][174][info ][safepoint   ] Safepoint "ICBufferFull", Time since last: 404835667 ns, Reaching safepoint: 33375 ns, Cleanup: 286625 ns, At safepoint: 24584 ns, Total: 344584 ns
[2025-09-09T06:27:32.231+0000][174][info ][safepoint   ] Safepoint "Cleanup", Time since last: 1347840875 ns, Reaching safepoint: 210459 ns, Cleanup: 85541 ns, At safepoint: 9250 ns, Total: 305250 ns
[2025-09-09T06:27:33.235+0000][174][info ][safepoint   ] Safepoint "Cleanup", Time since last: 1001844001 ns, Reaching safepoint: 1019875 ns, Cleanup: 179791 ns, At safepoint: 1423500 ns, Total: 2623166 ns
[2025-09-09T06:27:33.527+0000][174][info ][safepoint   ] Safepoint "ICBufferFull", Time since last: 283406542 ns, Reaching safepoint: 7560084 ns, Cleanup: 483500 ns, At safepoint: 73666 ns, Total: 8117250 ns
[2025-09-09T06:27:33.700+0000][174][info ][safepoint   ] Safepoint "ICBufferFull", Time since last: 172679459 ns, Reaching safepoint: 55291 ns, Cleanup: 286000 ns, At safepoint: 26625 ns, Total: 367916 ns
[2025-09-09T06:27:33.929+0000][174][info ][safepoint   ] Safepoint "ICBufferFull", Time since last: 220252209 ns, Reaching safepoint: 1151666 ns, Cleanup: 137750 ns, At safepoint: 7993792 ns, Total: 9283208 ns
[2025-09-09T06:27:34.435+0000][174][info ][safepoint   ] Safepoint "ICBufferFull", Time since last: 502460500 ns, Reaching safepoint: 2492584 ns, Cleanup: 187208 ns, At safepoint: 46208 ns, Total: 2726000 ns
[2025-09-09T06:27:34.638+0000][174][info ][safepoint   ] Safepoint "ICBufferFull", Time since last: 202003542 ns, Reaching safepoint: 719208 ns, Cleanup: 163625 ns, At safepoint: 73084 ns, Total: 955917 ns
[2025-09-09T06:27:34.914+0000][174][info ][safepoint   ] Safepoint "ICBufferFull", Time since last: 275134625 ns, Reaching safepoint: 698375 ns, Cleanup: 329208 ns, At safepoint: 37167 ns, Total: 1064750 ns
[2025-09-09T06:27:35.526+0000][174][info ][safepoint   ] Safepoint "ICBufferFull", Time since last: 612088000 ns, Reaching safepoint: 9917 ns, Cleanup: 174500 ns, At safepoint: 181708 ns, Total: 366125 ns
[2025-09-09T06:27:35.537+0000][174][info ][gc,start    ] GC(17) Pause Young (Normal) (G1 Evacuation Pause)
[2025-09-09T06:27:35.537+0000][174][info ][gc,task     ] GC(17) Using 8 workers of 8 for evacuation
[2025-09-09T06:27:35.538+0000][174][debug][gc,age      ] GC(17) Desired survivor size 41943040 bytes, new threshold 15 (max threshold 15)
[2025-09-09T06:27:35.728+0000][174][info ][gc,phases   ] GC(17)   Pre Evacuate Collection Set: 0.75ms
[2025-09-09T06:27:35.728+0000][174][info ][gc,phases   ] GC(17)   Merge Heap Roots: 0.23ms
[2025-09-09T06:27:35.728+0000][174][info ][gc,phases   ] GC(17)   Evacuate Collection Set: 175.98ms
[2025-09-09T06:27:35.729+0000][174][info ][gc,phases   ] GC(17)   Post Evacuate Collection Set: 12.46ms
[2025-09-09T06:27:35.729+0000][174][info ][gc,phases   ] GC(17)   Other: 0.96ms
[2025-09-09T06:27:35.729+0000][174][trace][gc,age      ] GC(17) Age table with threshold 15 (max threshold 15)
[2025-09-09T06:27:35.729+0000][174][trace][gc,age      ] GC(17) - age   1:    9180568 bytes,    9180568 total
[2025-09-09T06:27:35.729+0000][174][trace][gc,age      ] GC(17) - age   2:   18872040 bytes,   28052608 total
[2025-09-09T06:27:35.729+0000][174][trace][gc,age      ] GC(17) - age   3:         16 bytes,   28052624 total
[2025-09-09T06:27:35.729+0000][174][info ][gc,heap     ] GC(17) Eden regions: 147->0(59)
[2025-09-09T06:27:35.729+0000][174][info ][gc,heap     ] GC(17) Survivor regions: 6->8(20)
[2025-09-09T06:27:35.729+0000][174][info ][gc,heap     ] GC(17) Old regions: 31->31
[2025-09-09T06:27:35.729+0000][174][info ][gc,heap     ] GC(17) Humongous regions: 2->2
[2025-09-09T06:27:35.730+0000][174][info ][gc,metaspace] GC(17) Metaspace: 152624K(157056K)->152624K(157056K) NonClass: 131016K(133504K)->131016K(133504K) Class: 21607K(23552K)->21607K(23552K)
[2025-09-09T06:27:35.730+0000][174][info ][gc          ] GC(17) Pause Young (Normal) (G1 Evacuation Pause) 738M->157M(1024M) 192.921ms
[2025-09-09T06:27:35.731+0000][174][info ][gc,cpu      ] GC(17) User=0.49s Sys=0.06s Real=0.20s
[2025-09-09T06:27:35.734+0000][174][info ][safepoint   ] Safepoint "G1CollectForAllocation", Time since last: 10714834 ns, Reaching safepoint: 15208 ns, Cleanup: 25375 ns, At safepoint: 196701542 ns, Total: 196742125 ns
[2025-09-09T06:27:36.003+0000][174][info ][safepoint   ] Safepoint "ICBufferFull", Time since last: 269175000 ns, Reaching safepoint: 132666 ns, Cleanup: 378459 ns, At safepoint: 27250 ns, Total: 538375 ns
[2025-09-09T06:27:36.515+0000][174][info ][safepoint   ] Safepoint "ICBufferFull", Time since last: 505473125 ns, Reaching safepoint: 3490208 ns, Cleanup: 130292 ns, At safepoint: 2430458 ns, Total: 6050958 ns
[2025-09-09T06:27:37.508+0000][174][info ][safepoint   ] Safepoint "ICBufferFull", Time since last: 992711084 ns, Reaching safepoint: 81167 ns, Cleanup: 148458 ns, At safepoint: 14250 ns, Total: 243875 ns
[2025-09-09T06:27:37.629+0000][174][info ][safepoint   ] Safepoint "ICBufferFull", Time since last: 120304959 ns, Reaching safepoint: 217000 ns, Cleanup: 137833 ns, At safepoint: 108125 ns, Total: 462958 ns
[2025-09-09T06:27:37.688+0000][174][info ][gc,start    ] GC(18) Pause Young (Concurrent Start) (CodeCache GC Threshold)
[2025-09-09T06:27:37.689+0000][174][info ][gc,task     ] GC(18) Using 8 workers of 8 for evacuation
[2025-09-09T06:27:37.689+0000][174][debug][gc,age      ] GC(18) Desired survivor size 35651584 bytes, new threshold 15 (max threshold 15)
[2025-09-09T06:27:37.738+0000][174][info ][gc,phases   ] GC(18)   Pre Evacuate Collection Set: 3.53ms
[2025-09-09T06:27:37.738+0000][174][info ][gc,phases   ] GC(18)   Merge Heap Roots: 0.25ms
[2025-09-09T06:27:37.739+0000][174][info ][gc,phases   ] GC(18)   Evacuate Collection Set: 33.68ms
[2025-09-09T06:27:37.740+0000][174][info ][gc,phases   ] GC(18)   Post Evacuate Collection Set: 9.83ms
[2025-09-09T06:27:37.740+0000][174][info ][gc,phases   ] GC(18)   Other: 1.81ms
[2025-09-09T06:27:37.740+0000][174][trace][gc,age      ] GC(18) Age table with threshold 15 (max threshold 15)
[2025-09-09T06:27:37.740+0000][174][trace][gc,age      ] GC(18) - age   1:    5536696 bytes,    5536696 total
[2025-09-09T06:27:37.740+0000][174][trace][gc,age      ] GC(18) - age   2:    2903208 bytes,    8439904 total
[2025-09-09T06:27:37.741+0000][174][trace][gc,age      ] GC(18) - age   3:   18757096 bytes,   27197000 total
[2025-09-09T06:27:37.741+0000][174][trace][gc,age      ] GC(18) - age   4:         16 bytes,   27197016 total
[2025-09-09T06:27:37.741+0000][174][info ][gc,heap     ] GC(18) Eden regions: 37->0(145)
[2025-09-09T06:27:37.741+0000][174][info ][gc,heap     ] GC(18) Survivor regions: 8->8(17)
[2025-09-09T06:27:37.741+0000][174][info ][gc,heap     ] GC(18) Old regions: 31->31
[2025-09-09T06:27:37.741+0000][174][info ][gc,heap     ] GC(18) Humongous regions: 2->2
[2025-09-09T06:27:37.741+0000][174][info ][gc,metaspace] GC(18) Metaspace: 153021K(157376K)->153021K(157376K) NonClass: 131396K(133824K)->131396K(133824K) Class: 21624K(23552K)->21624K(23552K)
[2025-09-09T06:27:37.741+0000][174][info ][gc          ] GC(18) Pause Young (Concurrent Start) (CodeCache GC Threshold) 305M->157M(1024M) 53.382ms
[2025-09-09T06:27:37.741+0000][174][info ][gc,cpu      ] GC(18) User=0.13s Sys=0.01s Real=0.06s
[2025-09-09T06:27:37.741+0000][174][info ][safepoint   ] Safepoint "G1TryInitiateConcMark", Time since last: 58066708 ns, Reaching safepoint: 672084 ns, Cleanup: 113875 ns, At safepoint: 53831833 ns, Total: 54617792 ns
[2025-09-09T06:27:37.741+0000][174][info ][gc          ] GC(19) Concurrent Mark Cycle
[2025-09-09T06:27:37.741+0000][174][info ][gc,marking  ] GC(19) Concurrent Scan Root Regions
[2025-09-09T06:27:37.893+0000][174][info ][gc,marking  ] GC(19) Concurrent Scan Root Regions 151.626ms
[2025-09-09T06:27:37.895+0000][174][info ][gc,marking  ] GC(19) Concurrent Mark
[2025-09-09T06:27:37.897+0000][174][info ][gc,marking  ] GC(19) Concurrent Mark From Roots
[2025-09-09T06:27:37.899+0000][174][info ][gc,task     ] GC(19) Using 2 workers of 2 for marking
[2025-09-09T06:27:38.211+0000][174][info ][gc,marking  ] GC(19) Concurrent Mark From Roots 314.888ms
[2025-09-09T06:27:38.226+0000][174][info ][gc,marking  ] GC(19) Concurrent Preclean
[2025-09-09T06:27:38.230+0000][174][info ][gc,marking  ] GC(19) Concurrent Preclean 4.070ms
[2025-09-09T06:27:38.244+0000][174][info ][gc,start    ] GC(19) Pause Remark
[2025-09-09T06:27:38.421+0000][174][info ][gc          ] GC(19) Pause Remark 165M->165M(1024M) 177.511ms
[2025-09-09T06:27:38.422+0000][174][info ][gc,cpu      ] GC(19) User=0.39s Sys=0.04s Real=0.18s
[2025-09-09T06:27:38.424+0000][174][info ][safepoint   ] Safepoint "G1PauseRemark", Time since last: 494453250 ns, Reaching safepoint: 7852333 ns, Cleanup: 152084 ns, At safepoint: 180515042 ns, Total: 188519459 ns
[2025-09-09T06:27:38.428+0000][174][info ][gc,marking  ] GC(19) Concurrent Mark 533.028ms
[2025-09-09T06:27:38.428+0000][174][info ][gc,marking  ] GC(19) Concurrent Rebuild Remembered Sets and Scrub Regions
[2025-09-09T06:27:38.663+0000][174][info ][gc,marking  ] GC(19) Concurrent Rebuild Remembered Sets and Scrub Regions 235.182ms
[2025-09-09T06:27:38.667+0000][174][info ][gc,start    ] GC(19) Pause Cleanup
[2025-09-09T06:27:38.667+0000][174][info ][gc          ] GC(19) Pause Cleanup 172M->172M(1024M) 0.359ms
[2025-09-09T06:27:38.667+0000][174][info ][gc,cpu      ] GC(19) User=0.00s Sys=0.00s Real=0.00s
[2025-09-09T06:27:38.667+0000][174][info ][safepoint   ] Safepoint "G1PauseCleanup", Time since last: 241058166 ns, Reaching safepoint: 1226875 ns, Cleanup: 99917 ns, At safepoint: 513833 ns, Total: 1840625 ns
[2025-09-09T06:27:38.668+0000][174][info ][gc,marking  ] GC(19) Concurrent Clear Claimed Marks
[2025-09-09T06:27:38.670+0000][174][info ][gc,marking  ] GC(19) Concurrent Clear Claimed Marks 1.555ms
[2025-09-09T06:27:38.670+0000][174][info ][gc,marking  ] GC(19) Concurrent Cleanup for Next Mark
[2025-09-09T06:27:38.685+0000][174][info ][gc,marking  ] GC(19) Concurrent Cleanup for Next Mark 14.762ms
[2025-09-09T06:27:38.688+0000][174][info ][gc          ] GC(19) Concurrent Mark Cycle 947.124ms
[2025-09-09T06:27:39.058+0000][174][info ][safepoint   ] Safepoint "ICBufferFull", Time since last: 390409042 ns, Reaching safepoint: 14209 ns, Cleanup: 193583 ns, At safepoint: 6708 ns, Total: 214500 ns
[2025-09-09T06:27:39.058+0000][174][info ][safepoint   ] Safepoint "ICBufferFull", Time since last: 421042 ns, Reaching safepoint: 5958 ns, Cleanup: 834 ns, At safepoint: 3416 ns, Total: 10208 ns
[2025-09-09T06:27:39.285+0000][174][info ][safepoint   ] Safepoint "ICBufferFull", Time since last: 226215792 ns, Reaching safepoint: 27833 ns, Cleanup: 202625 ns, At safepoint: 21084 ns, Total: 251542 ns
[2025-09-09T06:27:40.547+0000][174][info ][safepoint   ] Safepoint "ICBufferFull", Time since last: 1262140125 ns, Reaching safepoint: 44667 ns, Cleanup: 235042 ns, At safepoint: 24833 ns, Total: 304542 ns
[2025-09-09T06:27:40.771+0000][174][info ][safepoint   ] Safepoint "ICBufferFull", Time since last: 223858792 ns, Reaching safepoint: 27583 ns, Cleanup: 120125 ns, At safepoint: 7125 ns, Total: 154833 ns
[2025-09-09T06:27:41.926+0000][174][info ][safepoint   ] Safepoint "Cleanup", Time since last: 1158141375 ns, Reaching safepoint: 24208 ns, Cleanup: 126417 ns, At safepoint: 8416 ns, Total: 159041 ns
[2025-09-09T06:27:42.930+0000][174][info ][safepoint   ] Safepoint "Cleanup", Time since last: 1003837709 ns, Reaching safepoint: 12542 ns, Cleanup: 25625 ns, At safepoint: 5250 ns, Total: 43417 ns
[2025-09-09T06:27:43.931+0000][174][info ][safepoint   ] Safepoint "Cleanup", Time since last: 1000703167 ns, Reaching safepoint: 36167 ns, Cleanup: 92375 ns, At safepoint: 9250 ns, Total: 137792 ns
[2025-09-09T06:27:44.932+0000][174][info ][safepoint   ] Safepoint "Cleanup", Time since last: 1001338625 ns, Reaching safepoint: 35167 ns, Cleanup: 13041 ns, At safepoint: 6292 ns, Total: 54500 ns
[2025-09-09T06:27:45.933+0000][174][info ][safepoint   ] Safepoint "Cleanup", Time since last: 1000717084 ns, Reaching safepoint: 13500 ns, Cleanup: 38542 ns, At safepoint: 4875 ns, Total: 56917 ns
[2025-09-09T06:27:46.935+0000][174][info ][safepoint   ] Safepoint "Cleanup", Time since last: 1001421583 ns, Reaching safepoint: 43709 ns, Cleanup: 170333 ns, At safepoint: 11917 ns, Total: 225959 ns
[2025-09-09T06:27:47.935+0000][174][info ][safepoint   ] Safepoint "Cleanup", Time since last: 1000328708 ns, Reaching safepoint: 16959 ns, Cleanup: 25166 ns, At safepoint: 9292 ns, Total: 51417 ns
[2025-09-09T06:27:48.936+0000][174][info ][safepoint   ] Safepoint "Cleanup", Time since last: 1000977876 ns, Reaching safepoint: 22416 ns, Cleanup: 104792 ns, At safepoint: 10542 ns, Total: 137750 ns
[2025-09-09T06:27:49.937+0000][174][info ][safepoint   ] Safepoint "Cleanup", Time since last: 1000799958 ns, Reaching safepoint: 14292 ns, Cleanup: 30250 ns, At safepoint: 4958 ns, Total: 49500 ns
[2025-09-09T06:27:50.939+0000][174][info ][safepoint   ] Safepoint "Cleanup", Time since last: 1001507251 ns, Reaching safepoint: 26500 ns, Cleanup: 96000 ns, At safepoint: 10708 ns, Total: 133208 ns
[2025-09-09T06:27:51.941+0000][174][info ][safepoint   ] Safepoint "Cleanup", Time since last: 1001789376 ns, Reaching safepoint: 13375 ns, Cleanup: 6458 ns, At safepoint: 5542 ns, Total: 25375 ns
[2025-09-09T06:27:52.941+0000][174][info ][safepoint   ] Safepoint "Cleanup", Time since last: 1000521667 ns, Reaching safepoint: 132833 ns, Cleanup: 87334 ns, At safepoint: 30583 ns, Total: 250750 ns
[2025-09-09T06:27:53.949+0000][174][info ][safepoint   ] Safepoint "Cleanup", Time since last: 1004912709 ns, Reaching safepoint: 2663000 ns, Cleanup: 93500 ns, At safepoint: 17875 ns, Total: 2774375 ns
[2025-09-09T06:27:56.083+0000][174][info ][safepoint   ] Safepoint "Cleanup", Time since last: 2133479167 ns, Reaching safepoint: 308209 ns, Cleanup: 67041 ns, At safepoint: 13209 ns, Total: 388459 ns
[2025-09-09T06:27:57.085+0000][174][info ][safepoint   ] Safepoint "Cleanup", Time since last: 1002295792 ns, Reaching safepoint: 101250 ns, Cleanup: 59750 ns, At safepoint: 17708 ns, Total: 178708 ns
[2025-09-09T06:27:58.086+0000][174][info ][safepoint   ] Safepoint "Cleanup", Time since last: 1000707334 ns, Reaching safepoint: 14125 ns, Cleanup: 17125 ns, At safepoint: 3500 ns, Total: 34750 ns
[2025-09-09T06:27:59.087+0000][174][info ][safepoint   ] Safepoint "Cleanup", Time since last: 1001169625 ns, Reaching safepoint: 38375 ns, Cleanup: 188125 ns, At safepoint: 31834 ns, Total: 258334 ns
[2025-09-09T06:28:00.089+0000][174][info ][safepoint   ] Safepoint "Cleanup", Time since last: 1001525625 ns, Reaching safepoint: 54750 ns, Cleanup: 17542 ns, At safepoint: 6667 ns, Total: 78959 ns
[2025-09-09T06:28:01.091+0000][174][info ][safepoint   ] Safepoint "Cleanup", Time since last: 1001238083 ns, Reaching safepoint: 106667 ns, Cleanup: 42500 ns, At safepoint: 14167 ns, Total: 163334 ns
[2025-09-09T06:28:02.091+0000][174][info ][safepoint   ] Safepoint "Cleanup", Time since last: 1000793584 ns, Reaching safepoint: 17291 ns, Cleanup: 50500 ns, At safepoint: 10125 ns, Total: 77916 ns
[2025-09-09T06:28:03.635+0000][174][info ][safepoint   ] Safepoint "Cleanup", Time since last: 1543716959 ns, Reaching safepoint: 175625 ns, Cleanup: 161750 ns, At safepoint: 33625 ns, Total: 371000 ns
[2025-09-09T06:28:04.639+0000][174][info ][safepoint   ] Safepoint "Cleanup", Time since last: 1003568584 ns, Reaching safepoint: 12708 ns, Cleanup: 19084 ns, At safepoint: 5208 ns, Total: 37000 ns
[2025-09-09T06:28:06.641+0000][174][info ][safepoint   ] Safepoint "Cleanup", Time since last: 2002174251 ns, Reaching safepoint: 12708 ns, Cleanup: 11459 ns, At safepoint: 10041 ns, Total: 34208 ns
[2025-09-09T06:28:07.642+0000][174][info ][safepoint   ] Safepoint "Cleanup", Time since last: 1000957043 ns, Reaching safepoint: 21250 ns, Cleanup: 59500 ns, At safepoint: 38833 ns, Total: 119583 ns
[2025-09-09T06:28:08.643+0000][174][info ][safepoint   ] Safepoint "Cleanup", Time since last: 1000816000 ns, Reaching safepoint: 48000 ns, Cleanup: 32000 ns, At safepoint: 9167 ns, Total: 89167 ns
[2025-09-09T06:28:09.644+0000][174][info ][safepoint   ] Safepoint "Cleanup", Time since last: 1000768209 ns, Reaching safepoint: 101250 ns, Cleanup: 11458 ns, At safepoint: 10458 ns, Total: 123166 ns
[2025-09-09T06:28:10.645+0000][174][info ][safepoint   ] Safepoint "Cleanup", Time since last: 1001034668 ns, Reaching safepoint: 46250 ns, Cleanup: 21666 ns, At safepoint: 9292 ns, Total: 77208 ns
[2025-09-09T06:28:11.646+0000][174][info ][safepoint   ] Safepoint "Cleanup", Time since last: 1000992667 ns, Reaching safepoint: 13167 ns, Cleanup: 20833 ns, At safepoint: 5792 ns, Total: 39792 ns
[2025-09-09T06:28:12.647+0000][174][info ][safepoint   ] Safepoint "Cleanup", Time since last: 1001012083 ns, Reaching safepoint: 18541 ns, Cleanup: 27042 ns, At safepoint: 6875 ns, Total: 52458 ns
[2025-09-09T06:28:13.647+0000][174][info ][safepoint   ] Safepoint "Cleanup", Time since last: 1000677667 ns, Reaching safepoint: 30042 ns, Cleanup: 66125 ns, At safepoint: 5250 ns, Total: 101417 ns
[2025-09-09T06:28:14.651+0000][174][info ][safepoint   ] Safepoint "Cleanup", Time since last: 1003310500 ns, Reaching safepoint: 31042 ns, Cleanup: 13625 ns, At safepoint: 10042 ns, Total: 54709 ns
[2025-09-09T06:28:15.651+0000][174][info ][safepoint   ] Safepoint "Cleanup", Time since last: 1000746333 ns, Reaching safepoint: 13834 ns, Cleanup: 15916 ns, At safepoint: 11459 ns, Total: 41209 ns
[2025-09-09T06:28:16.653+0000][174][info ][safepoint   ] Safepoint "Cleanup", Time since last: 1000968209 ns, Reaching safepoint: 42541 ns, Cleanup: 58500 ns, At safepoint: 12000 ns, Total: 113041 ns
[2025-09-09T06:28:17.653+0000][174][info ][safepoint   ] Safepoint "Cleanup", Time since last: 1000688209 ns, Reaching safepoint: 31000 ns, Cleanup: 18000 ns, At safepoint: 9792 ns, Total: 58792 ns
[2025-09-09T06:28:18.654+0000][174][info ][safepoint   ] Safepoint "Cleanup", Time since last: 1001036083 ns, Reaching safepoint: 39667 ns, Cleanup: 21750 ns, At safepoint: 12083 ns, Total: 73500 ns
[2025-09-09T06:28:19.656+0000][174][info ][safepoint   ] Safepoint "Cleanup", Time since last: 1001221626 ns, Reaching safepoint: 60000 ns, Cleanup: 35417 ns, At safepoint: 7375 ns, Total: 102792 ns
[2025-09-09T06:28:20.657+0000][174][info ][safepoint   ] Safepoint "Cleanup", Time since last: 1001695708 ns, Reaching safepoint: 13667 ns, Cleanup: 14917 ns, At safepoint: 5583 ns, Total: 34167 ns
[2025-09-09T06:28:21.659+0000][174][info ][safepoint   ] Safepoint "Cleanup", Time since last: 1000942542 ns, Reaching safepoint: 103834 ns, Cleanup: 37333 ns, At safepoint: 12792 ns, Total: 153959 ns
[2025-09-09T06:28:22.612+0000][174][info ][safepoint   ] Safepoint "ICBufferFull", Time since last: 952856042 ns, Reaching safepoint: 24875 ns, Cleanup: 138416 ns, At safepoint: 19750 ns, Total: 183041 ns
[2025-09-09T06:28:23.232+0000][174][info ][safepoint   ] Safepoint "ICBufferFull", Time since last: 619778792 ns, Reaching safepoint: 30625 ns, Cleanup: 272042 ns, At safepoint: 20292 ns, Total: 322959 ns
[2025-09-09T06:28:23.266+0000][174][info ][safepoint   ] Safepoint "ICBufferFull", Time since last: 34316375 ns, Reaching safepoint: 14000 ns, Cleanup: 145250 ns, At safepoint: 7625 ns, Total: 166875 ns
[2025-09-09T06:28:25.252+0000][174][info ][safepoint   ] Safepoint "Cleanup", Time since last: 1985394209 ns, Reaching safepoint: 15875 ns, Cleanup: 171625 ns, At safepoint: 40042 ns, Total: 227542 ns
[2025-09-09T06:28:26.254+0000][174][info ][safepoint   ] Safepoint "Cleanup", Time since last: 1001991292 ns, Reaching safepoint: 32375 ns, Cleanup: 87250 ns, At safepoint: 13333 ns, Total: 132958 ns
[2025-09-09T06:28:28.297+0000][174][info ][safepoint   ] Safepoint "Cleanup", Time since last: 2012690543 ns, Reaching safepoint: 30653625 ns, Cleanup: 38250 ns, At safepoint: 45166 ns, Total: 30737041 ns
[2025-09-09T06:28:29.549+0000][174][info ][safepoint   ] Safepoint "Cleanup", Time since last: 1251279084 ns, Reaching safepoint: 78375 ns, Cleanup: 295417 ns, At safepoint: 19042 ns, Total: 392834 ns
[2025-09-09T06:28:31.551+0000][174][info ][safepoint   ] Safepoint "Cleanup", Time since last: 2002320667 ns, Reaching safepoint: 14375 ns, Cleanup: 55667 ns, At safepoint: 14292 ns, Total: 84334 ns
[2025-09-09T06:28:32.552+0000][174][info ][safepoint   ] Safepoint "Cleanup", Time since last: 1000828042 ns, Reaching safepoint: 13291 ns, Cleanup: 9125 ns, At safepoint: 6459 ns, Total: 28875 ns
[2025-09-09T06:28:33.554+0000][174][info ][safepoint   ] Safepoint "Cleanup", Time since last: 1001166875 ns, Reaching safepoint: 17792 ns, Cleanup: 61542 ns, At safepoint: 11291 ns, Total: 90625 ns
[2025-09-09T06:28:35.318+0000][174][info ][safepoint   ] Safepoint "Cleanup", Time since last: 1764239501 ns, Reaching safepoint: 3958 ns, Cleanup: 76125 ns, At safepoint: 7000 ns, Total: 87083 ns
[2025-09-09T06:28:36.330+0000][174][info ][safepoint   ] Safepoint "Cleanup", Time since last: 1011472501 ns, Reaching safepoint: 196667 ns, Cleanup: 58875 ns, At safepoint: 30000 ns, Total: 285542 ns
[2025-09-09T06:28:38.332+0000][174][info ][safepoint   ] Safepoint "Cleanup", Time since last: 2002611626 ns, Reaching safepoint: 44041 ns, Cleanup: 37709 ns, At safepoint: 11875 ns, Total: 93625 ns
[2025-09-09T06:28:40.335+0000][174][info ][safepoint   ] Safepoint "Cleanup", Time since last: 2002752917 ns, Reaching safepoint: 262167 ns, Cleanup: 14583 ns, At safepoint: 14750 ns, Total: 291500 ns
[2025-09-09T06:28:41.336+0000][174][info ][safepoint   ] Safepoint "Cleanup", Time since last: 1000853792 ns, Reaching safepoint: 25834 ns, Cleanup: 39583 ns, At safepoint: 7875 ns, Total: 73292 ns
[2025-09-09T06:28:43.338+0000][174][info ][safepoint   ] Safepoint "Cleanup", Time since last: 2002121834 ns, Reaching safepoint: 14500 ns, Cleanup: 30875 ns, At safepoint: 3375 ns, Total: 48750 ns
[2025-09-09T06:28:44.341+0000][174][info ][safepoint   ] Safepoint "Cleanup", Time since last: 1002956417 ns, Reaching safepoint: 90292 ns, Cleanup: 26458 ns, At safepoint: 22000 ns, Total: 138750 ns
[2025-09-09T06:28:45.343+0000][174][info ][safepoint   ] Safepoint "Cleanup", Time since last: 1000655834 ns, Reaching safepoint: 1158583 ns, Cleanup: 16834 ns, At safepoint: 17625 ns, Total: 1193042 ns
[2025-09-09T06:28:46.345+0000][174][info ][safepoint   ] Safepoint "Cleanup", Time since last: 1001405125 ns, Reaching safepoint: 33500 ns, Cleanup: 46875 ns, At safepoint: 7542 ns, Total: 87917 ns
[2025-09-09T06:28:47.346+0000][174][info ][safepoint   ] Safepoint "Cleanup", Time since last: 1001264625 ns, Reaching safepoint: 44334 ns, Cleanup: 33208 ns, At safepoint: 10375 ns, Total: 87917 ns
[2025-09-09T06:28:48.367+0000][174][info ][safepoint   ] Safepoint "Cleanup", Time since last: 1020975750 ns, Reaching safepoint: 128167 ns, Cleanup: 51167 ns, At safepoint: 6625 ns, Total: 185959 ns
[2025-09-09T06:28:50.369+0000][174][info ][safepoint   ] Safepoint "Cleanup", Time since last: 2001789209 ns, Reaching safepoint: 16625 ns, Cleanup: 66208 ns, At safepoint: 7125 ns, Total: 89958 ns
[2025-09-09T06:28:51.370+0000][174][info ][safepoint   ] Safepoint "Cleanup", Time since last: 1001088584 ns, Reaching safepoint: 13458 ns, Cleanup: 18209 ns, At safepoint: 4958 ns, Total: 36625 ns
[2025-09-09T06:28:52.372+0000][174][info ][safepoint   ] Safepoint "Cleanup", Time since last: 1001105126 ns, Reaching safepoint: 93416 ns, Cleanup: 12500 ns, At safepoint: 13500 ns, Total: 119416 ns
[2025-09-09T06:28:53.373+0000][174][info ][safepoint   ] Safepoint "Cleanup", Time since last: 1001171542 ns, Reaching safepoint: 23667 ns, Cleanup: 33000 ns, At safepoint: 7375 ns, Total: 64042 ns
[2025-09-09T06:28:55.374+0000][174][info ][safepoint   ] Safepoint "Cleanup", Time since last: 2001595709 ns, Reaching safepoint: 35084 ns, Cleanup: 16625 ns, At safepoint: 7458 ns, Total: 59167 ns
[2025-09-09T06:28:56.376+0000][174][info ][safepoint   ] Safepoint "Cleanup", Time since last: 1000655209 ns, Reaching safepoint: 19458 ns, Cleanup: 1077583 ns, At safepoint: 9917 ns, Total: 1106958 ns
[2025-09-09T06:28:58.382+0000][174][info ][safepoint   ] Safepoint "Cleanup", Time since last: 2005944334 ns, Reaching safepoint: 10625 ns, Cleanup: 36000 ns, At safepoint: 3834 ns, Total: 50459 ns
[2025-09-09T06:28:59.384+0000][174][info ][safepoint   ] Safepoint "Cleanup", Time since last: 1001439000 ns, Reaching safepoint: 30584 ns, Cleanup: 51333 ns, At safepoint: 15000 ns, Total: 96917 ns
[2025-09-09T06:29:00.385+0000][174][info ][safepoint   ] Safepoint "Cleanup", Time since last: 1001712334 ns, Reaching safepoint: 9458 ns, Cleanup: 10292 ns, At safepoint: 4833 ns, Total: 24583 ns
[2025-09-09T06:29:01.386+0000][174][info ][safepoint   ] Safepoint "Cleanup", Time since last: 1000629209 ns, Reaching safepoint: 11083 ns, Cleanup: 12375 ns, At safepoint: 5209 ns, Total: 28667 ns
[2025-09-09T06:29:02.388+0000][174][info ][safepoint   ] Safepoint "Cleanup", Time since last: 1001800792 ns, Reaching safepoint: 161458 ns, Cleanup: 17958 ns, At safepoint: 12084 ns, Total: 191500 ns
[2025-09-09T06:29:03.795+0000][174][info ][safepoint   ] Safepoint "Cleanup", Time since last: 1407016250 ns, Reaching safepoint: 30375 ns, Cleanup: 48625 ns, At safepoint: 9917 ns, Total: 88917 ns
[2025-09-09T06:29:04.797+0000][174][info ][safepoint   ] Safepoint "Cleanup", Time since last: 1001408626 ns, Reaching safepoint: 55875 ns, Cleanup: 58750 ns, At safepoint: 14125 ns, Total: 128750 ns
[2025-09-09T06:29:05.798+0000][174][info ][safepoint   ] Safepoint "Cleanup", Time since last: 1000880958 ns, Reaching safepoint: 22959 ns, Cleanup: 18083 ns, At safepoint: 8542 ns, Total: 49584 ns
[2025-09-09T06:29:07.800+0000][174][info ][safepoint   ] Safepoint "Cleanup", Time since last: 2002065417 ns, Reaching safepoint: 92042 ns, Cleanup: 42667 ns, At safepoint: 9333 ns, Total: 144042 ns
[2025-09-09T06:29:08.801+0000][174][info ][safepoint   ] Safepoint "Cleanup", Time since last: 1001192667 ns, Reaching safepoint: 45583 ns, Cleanup: 42125 ns, At safepoint: 9584 ns, Total: 97292 ns
[2025-09-09T06:29:09.802+0000][174][info ][safepoint   ] Safepoint "Cleanup", Time since last: 1001134000 ns, Reaching safepoint: 71875 ns, Cleanup: 21875 ns, At safepoint: 10584 ns, Total: 104334 ns
[2025-09-09T06:29:10.803+0000][174][info ][safepoint   ] Safepoint "Cleanup", Time since last: 1000889125 ns, Reaching safepoint: 94208 ns, Cleanup: 14584 ns, At safepoint: 6125 ns, Total: 114917 ns
[2025-09-09T06:29:11.804+0000][174][info ][safepoint   ] Safepoint "Cleanup", Time since last: 1000725791 ns, Reaching safepoint: 81958 ns, Cleanup: 33417 ns, At safepoint: 9417 ns, Total: 124792 ns
[2025-09-09T06:29:12.805+0000][174][info ][safepoint   ] Safepoint "Cleanup", Time since last: 1000799917 ns, Reaching safepoint: 31708 ns, Cleanup: 17125 ns, At safepoint: 6250 ns, Total: 55083 ns
[2025-09-09T06:29:13.810+0000][174][info ][safepoint   ] Safepoint "Cleanup", Time since last: 1004371084 ns, Reaching safepoint: 15583 ns, Cleanup: 47209 ns, At safepoint: 6500 ns, Total: 69292 ns
[2025-09-09T06:29:14.810+0000][174][info ][safepoint   ] Safepoint "Cleanup", Time since last: 1000570083 ns, Reaching safepoint: 21167 ns, Cleanup: 26292 ns, At safepoint: 8083 ns, Total: 55542 ns
[2025-09-09T06:29:15.811+0000][174][info ][safepoint   ] Safepoint "Cleanup", Time since last: 1001136667 ns, Reaching safepoint: 11625 ns, Cleanup: 13083 ns, At safepoint: 7709 ns, Total: 32417 ns
[2025-09-09T06:29:16.812+0000][174][info ][safepoint   ] Safepoint "Cleanup", Time since last: 1000734792 ns, Reaching safepoint: 16708 ns, Cleanup: 34792 ns, At safepoint: 4917 ns, Total: 56417 ns
[2025-09-09T06:29:17.814+0000][174][info ][safepoint   ] Safepoint "Cleanup", Time since last: 1001402958 ns, Reaching safepoint: 53042 ns, Cleanup: 54583 ns, At safepoint: 22542 ns, Total: 130167 ns
[2025-09-09T06:29:18.815+0000][174][info ][safepoint   ] Safepoint "Cleanup", Time since last: 1000982917 ns, Reaching safepoint: 14375 ns, Cleanup: 15750 ns, At safepoint: 9500 ns, Total: 39625 ns
[2025-09-09T06:29:19.816+0000][174][info ][safepoint   ] Safepoint "Cleanup", Time since last: 1001296292 ns, Reaching safepoint: 57500 ns, Cleanup: 21334 ns, At safepoint: 17375 ns, Total: 96209 ns
[2025-09-09T06:29:20.818+0000][174][info ][safepoint   ] Safepoint "Cleanup", Time since last: 1001439375 ns, Reaching safepoint: 12625 ns, Cleanup: 12084 ns, At safepoint: 5750 ns, Total: 30459 ns
[2025-09-09T06:29:21.819+0000][174][info ][safepoint   ] Safepoint "Cleanup", Time since last: 1000615667 ns, Reaching safepoint: 334833 ns, Cleanup: 26417 ns, At safepoint: 18625 ns, Total: 379875 ns
[2025-09-09T06:29:22.820+0000][174][info ][safepoint   ] Safepoint "Cleanup", Time since last: 1000958042 ns, Reaching safepoint: 21541 ns, Cleanup: 12167 ns, At safepoint: 4292 ns, Total: 38000 ns
[2025-09-09T06:29:23.820+0000][174][info ][safepoint   ] Safepoint "Cleanup", Time since last: 1000733834 ns, Reaching safepoint: 15458 ns, Cleanup: 13750 ns, At safepoint: 6750 ns, Total: 35958 ns
[2025-09-09T06:29:25.823+0000][174][info ][safepoint   ] Safepoint "Cleanup", Time since last: 2002451751 ns, Reaching safepoint: 118917 ns, Cleanup: 22333 ns, At safepoint: 9542 ns, Total: 150792 ns
[2025-09-09T06:29:28.826+0000][174][info ][safepoint   ] Safepoint "Cleanup", Time since last: 3003254668 ns, Reaching safepoint: 45000 ns, Cleanup: 30291 ns, At safepoint: 7667 ns, Total: 82958 ns
[2025-09-09T06:29:29.827+0000][174][info ][safepoint   ] Safepoint "Cleanup", Time since last: 1000991959 ns, Reaching safepoint: 107791 ns, Cleanup: 14792 ns, At safepoint: 8083 ns, Total: 130666 ns
[2025-09-09T06:29:30.829+0000][174][info ][safepoint   ] Safepoint "Cleanup", Time since last: 1001296084 ns, Reaching safepoint: 14709 ns, Cleanup: 18791 ns, At safepoint: 5542 ns, Total: 39042 ns
[2025-09-09T06:29:31.829+0000][174][info ][safepoint   ] Safepoint "Cleanup", Time since last: 1000344042 ns, Reaching safepoint: 13875 ns, Cleanup: 18000 ns, At safepoint: 3292 ns, Total: 35167 ns
[2025-09-09T06:29:33.832+0000][174][info ][safepoint   ] Safepoint "Cleanup", Time since last: 2002443667 ns, Reaching safepoint: 14459 ns, Cleanup: 36416 ns, At safepoint: 3500 ns, Total: 54375 ns
[2025-09-09T06:29:34.832+0000][174][info ][safepoint   ] Safepoint "Cleanup", Time since last: 1000718209 ns, Reaching safepoint: 16792 ns, Cleanup: 11708 ns, At safepoint: 5125 ns, Total: 33625 ns
[2025-09-09T06:29:35.833+0000][174][info ][safepoint   ] Safepoint "Cleanup", Time since last: 1000945751 ns, Reaching safepoint: 12625 ns, Cleanup: 9583 ns, At safepoint: 4917 ns, Total: 27125 ns
[2025-09-09T06:29:36.835+0000][174][info ][safepoint   ] Safepoint "Cleanup", Time since last: 1001255750 ns, Reaching safepoint: 18667 ns, Cleanup: 28500 ns, At safepoint: 5708 ns, Total: 52875 ns
[2025-09-09T06:29:37.576+0000][174][info ][safepoint   ] Safepoint "ICBufferFull", Time since last: 741604876 ns, Reaching safepoint: 8416 ns, Cleanup: 131792 ns, At safepoint: 8750 ns, Total: 148958 ns
[2025-09-09T06:29:39.500+0000][174][info ][safepoint   ] Safepoint "Cleanup", Time since last: 1923746459 ns, Reaching safepoint: 31167 ns, Cleanup: 79666 ns, At safepoint: 9209 ns, Total: 120042 ns
[2025-09-09T06:29:41.502+0000][174][info ][safepoint   ] Safepoint "Cleanup", Time since last: 2001988667 ns, Reaching safepoint: 33542 ns, Cleanup: 34125 ns, At safepoint: 3417 ns, Total: 71084 ns
[2025-09-09T06:29:43.504+0000][174][info ][safepoint   ] Safepoint "Cleanup", Time since last: 2001781708 ns, Reaching safepoint: 25459 ns, Cleanup: 22083 ns, At safepoint: 7625 ns, Total: 55167 ns
[2025-09-09T06:29:44.506+0000][174][info ][safepoint   ] Safepoint "Cleanup", Time since last: 1001499042 ns, Reaching safepoint: 63958 ns, Cleanup: 32500 ns, At safepoint: 22292 ns, Total: 118750 ns
[2025-09-09T06:29:45.507+0000][174][info ][safepoint   ] Safepoint "Cleanup", Time since last: 1001690959 ns, Reaching safepoint: 15042 ns, Cleanup: 10666 ns, At safepoint: 4125 ns, Total: 29833 ns
[2025-09-09T06:29:47.510+0000][174][info ][safepoint   ] Safepoint "Cleanup", Time since last: 2003012543 ns, Reaching safepoint: 30083 ns, Cleanup: 12042 ns, At safepoint: 7042 ns, Total: 49167 ns
[2025-09-09T06:29:48.512+0000][174][info ][safepoint   ] Safepoint "Cleanup", Time since last: 1001030417 ns, Reaching safepoint: 160833 ns, Cleanup: 40333 ns, At safepoint: 23625 ns, Total: 224791 ns
[2025-09-09T06:29:50.512+0000][174][info ][safepoint   ] Safepoint "Cleanup", Time since last: 2000506918 ns, Reaching safepoint: 19083 ns, Cleanup: 10875 ns, At safepoint: 5917 ns, Total: 35875 ns
[2025-09-09T06:29:51.513+0000][174][info ][safepoint   ] Safepoint "Cleanup", Time since last: 1000915167 ns, Reaching safepoint: 159125 ns, Cleanup: 15500 ns, At safepoint: 7667 ns, Total: 182292 ns
[2025-09-09T06:29:53.516+0000][174][info ][safepoint   ] Safepoint "Cleanup", Time since last: 2002997167 ns, Reaching safepoint: 38125 ns, Cleanup: 15042 ns, At safepoint: 5500 ns, Total: 58667 ns
[2025-09-09T06:29:55.519+0000][174][info ][safepoint   ] Safepoint "Cleanup", Time since last: 2002138043 ns, Reaching safepoint: 29541 ns, Cleanup: 10250 ns, At safepoint: 5042 ns, Total: 44833 ns
[2025-09-09T06:29:58.521+0000][174][info ][safepoint   ] Safepoint "Cleanup", Time since last: 3002418835 ns, Reaching safepoint: 155333 ns, Cleanup: 26042 ns, At safepoint: 16458 ns, Total: 197833 ns
[2025-09-09T06:29:59.523+0000][174][info ][safepoint   ] Safepoint "Cleanup", Time since last: 1001401709 ns, Reaching safepoint: 10375 ns, Cleanup: 24083 ns, At safepoint: 5667 ns, Total: 40125 ns
[2025-09-09T06:30:01.524+0000][174][info ][safepoint   ] Safepoint "Cleanup", Time since last: 2001328543 ns, Reaching safepoint: 81000 ns, Cleanup: 7375 ns, At safepoint: 22625 ns, Total: 111000 ns
[2025-09-09T06:30:02.525+0000][174][info ][safepoint   ] Safepoint "Cleanup", Time since last: 1001033583 ns, Reaching safepoint: 33334 ns, Cleanup: 35416 ns, At safepoint: 7875 ns, Total: 76625 ns
[2025-09-09T06:30:03.918+0000][174][info ][safepoint   ] Safepoint "Cleanup", Time since last: 1392786543 ns, Reaching safepoint: 14333 ns, Cleanup: 60208 ns, At safepoint: 7917 ns, Total: 82458 ns
[2025-09-09T06:30:04.919+0000][174][info ][safepoint   ] Safepoint "Cleanup", Time since last: 1001073667 ns, Reaching safepoint: 16417 ns, Cleanup: 34375 ns, At safepoint: 6667 ns, Total: 57459 ns
[2025-09-09T06:30:05.921+0000][174][info ][safepoint   ] Safepoint "Cleanup", Time since last: 1001806333 ns, Reaching safepoint: 52792 ns, Cleanup: 70208 ns, At safepoint: 10334 ns, Total: 133334 ns
[2025-09-09T06:30:06.922+0000][174][info ][safepoint   ] Safepoint "Cleanup", Time since last: 1001145167 ns, Reaching safepoint: 29458 ns, Cleanup: 23042 ns, At safepoint: 8833 ns, Total: 61333 ns
[2025-09-09T06:30:07.923+0000][174][info ][safepoint   ] Safepoint "Cleanup", Time since last: 1000856001 ns, Reaching safepoint: 35541 ns, Cleanup: 37167 ns, At safepoint: 6208 ns, Total: 78916 ns
[2025-09-09T06:30:08.925+0000][174][info ][safepoint   ] Safepoint "Cleanup", Time since last: 1001747001 ns, Reaching safepoint: 16791 ns, Cleanup: 19000 ns, At safepoint: 4084 ns, Total: 39875 ns
[2025-09-09T06:30:09.926+0000][174][info ][safepoint   ] Safepoint "Cleanup", Time since last: 1000907292 ns, Reaching safepoint: 13042 ns, Cleanup: 10375 ns, At safepoint: 3416 ns, Total: 26833 ns
[2025-09-09T06:30:10.928+0000][174][info ][safepoint   ] Safepoint "Cleanup", Time since last: 1001970667 ns, Reaching safepoint: 28209 ns, Cleanup: 31833 ns, At safepoint: 9583 ns, Total: 69625 ns
[2025-09-09T06:30:11.929+0000][174][info ][safepoint   ] Safepoint "Cleanup", Time since last: 1000943917 ns, Reaching safepoint: 16166 ns, Cleanup: 36375 ns, At safepoint: 5084 ns, Total: 57625 ns
[2025-09-09T06:30:13.931+0000][174][info ][safepoint   ] Safepoint "Cleanup", Time since last: 2001928042 ns, Reaching safepoint: 12334 ns, Cleanup: 40916 ns, At safepoint: 5667 ns, Total: 58917 ns
[2025-09-09T06:30:14.932+0000][174][info ][safepoint   ] Safepoint "Cleanup", Time since last: 1001562459 ns, Reaching safepoint: 14250 ns, Cleanup: 9750 ns, At safepoint: 4333 ns, Total: 28333 ns
[2025-09-09T06:30:15.933+0000][174][info ][safepoint   ] Safepoint "Cleanup", Time since last: 1000412376 ns, Reaching safepoint: 131583 ns, Cleanup: 39375 ns, At safepoint: 14500 ns, Total: 185458 ns
[2025-09-09T06:30:16.934+0000][174][info ][safepoint   ] Safepoint "Cleanup", Time since last: 1000975542 ns, Reaching safepoint: 154583 ns, Cleanup: 18292 ns, At safepoint: 32292 ns, Total: 205167 ns
[2025-09-09T06:30:18.936+0000][174][info ][safepoint   ] Safepoint "Cleanup", Time since last: 2001641584 ns, Reaching safepoint: 192375 ns, Cleanup: 33208 ns, At safepoint: 17000 ns, Total: 242583 ns
[2025-09-09T06:30:19.937+0000][174][info ][safepoint   ] Safepoint "Cleanup", Time since last: 1000888917 ns, Reaching safepoint: 19125 ns, Cleanup: 16459 ns, At safepoint: 4708 ns, Total: 40292 ns
[2025-09-09T06:30:20.938+0000][174][info ][safepoint   ] Safepoint "Cleanup", Time since last: 1000773376 ns, Reaching safepoint: 91875 ns, Cleanup: 22041 ns, At safepoint: 7125 ns, Total: 121041 ns
[2025-09-09T06:30:21.940+0000][174][info ][safepoint   ] Safepoint "Cleanup", Time since last: 1001552167 ns, Reaching safepoint: 26917 ns, Cleanup: 20750 ns, At safepoint: 6042 ns, Total: 53709 ns
[2025-09-09T06:30:22.940+0000][174][info ][safepoint   ] Safepoint "Cleanup", Time since last: 1000262334 ns, Reaching safepoint: 48458 ns, Cleanup: 16625 ns, At safepoint: 6875 ns, Total: 71958 ns
[2025-09-09T06:30:23.941+0000][174][info ][safepoint   ] Safepoint "Cleanup", Time since last: 1001016917 ns, Reaching safepoint: 37625 ns, Cleanup: 42542 ns, At safepoint: 9250 ns, Total: 89417 ns
[2025-09-09T06:30:25.943+0000][174][info ][safepoint   ] Safepoint "Cleanup", Time since last: 2001964751 ns, Reaching safepoint: 18208 ns, Cleanup: 38292 ns, At safepoint: 7666 ns, Total: 64166 ns
[2025-09-09T06:30:26.944+0000][174][info ][safepoint   ] Safepoint "Cleanup", Time since last: 1001025709 ns, Reaching safepoint: 13958 ns, Cleanup: 12750 ns, At safepoint: 5209 ns, Total: 31917 ns
[2025-09-09T06:30:27.945+0000][174][info ][safepoint   ] Safepoint "Cleanup", Time since last: 1000756875 ns, Reaching safepoint: 27834 ns, Cleanup: 45166 ns, At safepoint: 7875 ns, Total: 80875 ns
[2025-09-09T06:30:28.946+0000][174][info ][safepoint   ] Safepoint "Cleanup", Time since last: 1000908126 ns, Reaching safepoint: 15583 ns, Cleanup: 35083 ns, At safepoint: 3792 ns, Total: 54458 ns
[2025-09-09T06:30:29.950+0000][174][info ][safepoint   ] Safepoint "Cleanup", Time since last: 1004027876 ns, Reaching safepoint: 14541 ns, Cleanup: 11834 ns, At safepoint: 3958 ns, Total: 30333 ns
[2025-09-09T06:30:30.951+0000][174][info ][safepoint   ] Safepoint "Cleanup", Time since last: 1000879042 ns, Reaching safepoint: 26083 ns, Cleanup: 24792 ns, At safepoint: 4958 ns, Total: 55833 ns
[2025-09-09T06:30:31.952+0000][174][info ][safepoint   ] Safepoint "Cleanup", Time since last: 1001358209 ns, Reaching safepoint: 28500 ns, Cleanup: 43917 ns, At safepoint: 7416 ns, Total: 79833 ns
[2025-09-09T06:30:33.954+0000][174][info ][safepoint   ] Safepoint "Cleanup", Time since last: 2001871876 ns, Reaching safepoint: 49709 ns, Cleanup: 114041 ns, At safepoint: 15375 ns, Total: 179125 ns
[2025-09-09T06:30:34.955+0000][174][info ][safepoint   ] Safepoint "Cleanup", Time since last: 1000476293 ns, Reaching safepoint: 31166 ns, Cleanup: 20084 ns, At safepoint: 7958 ns, Total: 59208 ns
[2025-09-09T06:30:35.956+0000][174][info ][safepoint   ] Safepoint "Cleanup", Time since last: 1001400084 ns, Reaching safepoint: 15125 ns, Cleanup: 20625 ns, At safepoint: 5000 ns, Total: 40750 ns
[2025-09-09T06:30:38.960+0000][174][info ][safepoint   ] Safepoint "Cleanup", Time since last: 3003081293 ns, Reaching safepoint: 64791 ns, Cleanup: 30250 ns, At safepoint: 7167 ns, Total: 102208 ns
[2025-09-09T06:30:40.565+0000][174][info ][safepoint   ] Safepoint "Cleanup", Time since last: 1605506501 ns, Reaching safepoint: 5333 ns, Cleanup: 56250 ns, At safepoint: 6292 ns, Total: 67875 ns
[2025-09-09T06:30:41.596+0000][174][info ][safepoint   ] Safepoint "Cleanup", Time since last: 1030618250 ns, Reaching safepoint: 402042 ns, Cleanup: 219625 ns, At safepoint: 48750 ns, Total: 670417 ns
[2025-09-09T06:30:42.643+0000][174][info ][safepoint   ] Safepoint "Cleanup", Time since last: 1046670500 ns, Reaching safepoint: 28417 ns, Cleanup: 24458 ns, At safepoint: 8292 ns, Total: 61167 ns
[2025-09-09T06:30:43.644+0000][174][info ][safepoint   ] Safepoint "Cleanup", Time since last: 1001048500 ns, Reaching safepoint: 107667 ns, Cleanup: 34542 ns, At safepoint: 8041 ns, Total: 150250 ns
[2025-09-09T06:30:44.645+0000][174][info ][safepoint   ] Safepoint "Cleanup", Time since last: 1000733209 ns, Reaching safepoint: 18417 ns, Cleanup: 25750 ns, At safepoint: 7125 ns, Total: 51292 ns
[2025-09-09T06:30:45.647+0000][174][info ][safepoint   ] Safepoint "Cleanup", Time since last: 1001250542 ns, Reaching safepoint: 58583 ns, Cleanup: 13959 ns, At safepoint: 8958 ns, Total: 81500 ns
[2025-09-09T06:30:46.715+0000][174][info ][safepoint   ] Safepoint "Cleanup", Time since last: 1067904209 ns, Reaching safepoint: 4708 ns, Cleanup: 112459 ns, At safepoint: 7833 ns, Total: 125000 ns
[2025-09-09T06:30:46.791+0000][174][info ][safepoint   ] Safepoint "ICBufferFull", Time since last: 76270750 ns, Reaching safepoint: 11375 ns, Cleanup: 134542 ns, At safepoint: 37083 ns, Total: 183000 ns
[2025-09-09T06:30:46.894+0000][174][info ][safepoint   ] Safepoint "ICBufferFull", Time since last: 102256250 ns, Reaching safepoint: 765292 ns, Cleanup: 126666 ns, At safepoint: 14500 ns, Total: 906458 ns
[2025-09-09T06:30:47.895+0000][174][info ][safepoint   ] Safepoint "Cleanup", Time since last: 1000747376 ns, Reaching safepoint: 25458 ns, Cleanup: 52375 ns, At safepoint: 4667 ns, Total: 82500 ns
[2025-09-09T06:30:48.896+0000][174][info ][safepoint   ] Safepoint "Cleanup", Time since last: 1001032250 ns, Reaching safepoint: 44584 ns, Cleanup: 151791 ns, At safepoint: 22542 ns, Total: 218917 ns
[2025-09-09T06:30:49.898+0000][174][info ][safepoint   ] Safepoint "Cleanup", Time since last: 1001810709 ns, Reaching safepoint: 70458 ns, Cleanup: 56167 ns, At safepoint: 10875 ns, Total: 137500 ns
[2025-09-09T06:30:50.899+0000][174][info ][safepoint   ] Safepoint "Cleanup", Time since last: 1000522584 ns, Reaching safepoint: 13416 ns, Cleanup: 10500 ns, At safepoint: 3084 ns, Total: 27000 ns
[2025-09-09T06:30:51.900+0000][174][info ][safepoint   ] Safepoint "Cleanup", Time since last: 1001238000 ns, Reaching safepoint: 19125 ns, Cleanup: 75125 ns, At safepoint: 6833 ns, Total: 101083 ns
[2025-09-09T06:30:52.901+0000][174][info ][safepoint   ] Safepoint "Cleanup", Time since last: 1001343501 ns, Reaching safepoint: 29875 ns, Cleanup: 45166 ns, At safepoint: 6625 ns, Total: 81666 ns
[2025-09-09T06:30:53.902+0000][174][info ][safepoint   ] Safepoint "Cleanup", Time since last: 1000414834 ns, Reaching safepoint: 53042 ns, Cleanup: 70417 ns, At safepoint: 9750 ns, Total: 133209 ns
[2025-09-09T06:30:55.905+0000][174][info ][safepoint   ] Safepoint "Cleanup", Time since last: 2002859542 ns, Reaching safepoint: 15084 ns, Cleanup: 7875 ns, At safepoint: 6583 ns, Total: 29542 ns
[2025-09-09T06:30:57.907+0000][174][info ][safepoint   ] Safepoint "Cleanup", Time since last: 2002022334 ns, Reaching safepoint: 162959 ns, Cleanup: 25583 ns, At safepoint: 18750 ns, Total: 207292 ns
[2025-09-09T06:30:58.908+0000][174][info ][safepoint   ] Safepoint "Cleanup", Time since last: 1001086959 ns, Reaching safepoint: 13875 ns, Cleanup: 16291 ns, At safepoint: 3500 ns, Total: 33666 ns
[2025-09-09T06:31:01.912+0000][174][info ][safepoint   ] Safepoint "Cleanup", Time since last: 3003535627 ns, Reaching safepoint: 82458 ns, Cleanup: 16542 ns, At safepoint: 4416 ns, Total: 103416 ns
[2025-09-09T06:31:04.079+0000][174][info ][safepoint   ] Safepoint "Cleanup", Time since last: 2167080126 ns, Reaching safepoint: 101500 ns, Cleanup: 103959 ns, At safepoint: 15333 ns, Total: 220792 ns
[2025-09-09T06:31:06.082+0000][174][info ][safepoint   ] Safepoint "Cleanup", Time since last: 2002358876 ns, Reaching safepoint: 70333 ns, Cleanup: 35667 ns, At safepoint: 16375 ns, Total: 122375 ns
[2025-09-09T06:31:07.083+0000][174][info ][safepoint   ] Safepoint "Cleanup", Time since last: 1001204084 ns, Reaching safepoint: 29333 ns, Cleanup: 26000 ns, At safepoint: 6459 ns, Total: 61792 ns
[2025-09-09T06:31:09.085+0000][174][info ][safepoint   ] Safepoint "Cleanup", Time since last: 2001949209 ns, Reaching safepoint: 26833 ns, Cleanup: 49959 ns, At safepoint: 8000 ns, Total: 84792 ns
[2025-09-09T06:31:11.087+0000][174][info ][safepoint   ] Safepoint "Cleanup", Time since last: 2002132709 ns, Reaching safepoint: 31833 ns, Cleanup: 33459 ns, At safepoint: 7916 ns, Total: 73208 ns
[2025-09-09T06:31:13.089+0000][174][info ][safepoint   ] Safepoint "Cleanup", Time since last: 2001744125 ns, Reaching safepoint: 105917 ns, Cleanup: 14541 ns, At safepoint: 6250 ns, Total: 126708 ns
[2025-09-09T06:31:14.091+0000][174][info ][safepoint   ] Safepoint "Cleanup", Time since last: 1001818251 ns, Reaching safepoint: 15292 ns, Cleanup: 23875 ns, At safepoint: 4416 ns, Total: 43583 ns
[2025-09-09T06:31:16.093+0000][174][info ][safepoint   ] Safepoint "Cleanup", Time since last: 2002184335 ns, Reaching safepoint: 21833 ns, Cleanup: 23000 ns, At safepoint: 5250 ns, Total: 50083 ns
[2025-09-09T06:31:17.094+0000][174][info ][safepoint   ] Safepoint "Cleanup", Time since last: 1000715917 ns, Reaching safepoint: 74500 ns, Cleanup: 30750 ns, At safepoint: 8292 ns, Total: 113542 ns
[2025-09-09T06:31:22.099+0000][174][info ][safepoint   ] Safepoint "Cleanup", Time since last: 5004996210 ns, Reaching safepoint: 135084 ns, Cleanup: 33708 ns, At safepoint: 7500 ns, Total: 176292 ns
[2025-09-09T06:31:23.101+0000][174][info ][safepoint   ] Safepoint "Cleanup", Time since last: 1001366751 ns, Reaching safepoint: 89625 ns, Cleanup: 60416 ns, At safepoint: 11917 ns, Total: 161958 ns
[2025-09-09T06:31:29.107+0000][174][info ][safepoint   ] Safepoint "Cleanup", Time since last: 6006347378 ns, Reaching safepoint: 47750 ns, Cleanup: 15083 ns, At safepoint: 7667 ns, Total: 70500 ns
[2025-09-09T06:31:32.110+0000][174][info ][safepoint   ] Safepoint "Cleanup", Time since last: 3003212210 ns, Reaching safepoint: 75875 ns, Cleanup: 21875 ns, At safepoint: 10208 ns, Total: 107958 ns
[2025-09-09T06:31:34.112+0000][174][info ][safepoint   ] Safepoint "Cleanup", Time since last: 2001539334 ns, Reaching safepoint: 138959 ns, Cleanup: 72166 ns, At safepoint: 7292 ns, Total: 218417 ns
[2025-09-09T06:31:35.112+0000][174][info ][safepoint   ] Safepoint "Cleanup", Time since last: 1000192459 ns, Reaching safepoint: 22791 ns, Cleanup: 14834 ns, At safepoint: 6583 ns, Total: 44208 ns
[2025-09-09T06:31:36.113+0000][174][info ][safepoint   ] Safepoint "Cleanup", Time since last: 1000818209 ns, Reaching safepoint: 18458 ns, Cleanup: 15792 ns, At safepoint: 16541 ns, Total: 50791 ns
[2025-09-09T06:31:38.115+0000][174][info ][safepoint   ] Safepoint "Cleanup", Time since last: 2001993501 ns, Reaching safepoint: 20292 ns, Cleanup: 13292 ns, At safepoint: 4791 ns, Total: 38375 ns
[2025-09-09T06:31:43.580+0000][174][info ][safepoint   ] Safepoint "Cleanup", Time since last: 5464204919 ns, Reaching safepoint: 5333 ns, Cleanup: 98167 ns, At safepoint: 6916 ns, Total: 110416 ns
[2025-09-09T06:31:43.615+0000][174][info ][safepoint   ] Safepoint "ICBufferFull", Time since last: 35371500 ns, Reaching safepoint: 7542 ns, Cleanup: 58583 ns, At safepoint: 5584 ns, Total: 71709 ns
[2025-09-09T06:31:44.818+0000][174][info ][safepoint   ] Safepoint "Cleanup", Time since last: 1202805959 ns, Reaching safepoint: 15750 ns, Cleanup: 110333 ns, At safepoint: 8250 ns, Total: 134333 ns
[2025-09-09T06:31:45.852+0000][174][info ][safepoint   ] Safepoint "Cleanup", Time since last: 1007354500 ns, Reaching safepoint: 26357459 ns, Cleanup: 489166 ns, At safepoint: 56084 ns, Total: 26902709 ns
[2025-09-09T06:31:46.859+0000][174][info ][safepoint   ] Safepoint "Cleanup", Time since last: 1006483959 ns, Reaching safepoint: 18833 ns, Cleanup: 30958 ns, At safepoint: 9459 ns, Total: 59250 ns
[2025-09-09T06:31:48.861+0000][174][info ][safepoint   ] Safepoint "Cleanup", Time since last: 2002268917 ns, Reaching safepoint: 129959 ns, Cleanup: 20583 ns, At safepoint: 5750 ns, Total: 156292 ns
[2025-09-09T06:31:49.862+0000][174][info ][safepoint   ] Safepoint "Cleanup", Time since last: 1000677959 ns, Reaching safepoint: 16166 ns, Cleanup: 13417 ns, At safepoint: 4542 ns, Total: 34125 ns
[2025-09-09T06:31:51.865+0000][174][info ][safepoint   ] Safepoint "Cleanup", Time since last: 2002586542 ns, Reaching safepoint: 26125 ns, Cleanup: 18000 ns, At safepoint: 10375 ns, Total: 54500 ns
[2025-09-09T06:31:52.866+0000][174][info ][safepoint   ] Safepoint "Cleanup", Time since last: 1001267917 ns, Reaching safepoint: 13584 ns, Cleanup: 17291 ns, At safepoint: 3209 ns, Total: 34084 ns
[2025-09-09T06:31:55.870+0000][174][info ][safepoint   ] Safepoint "Cleanup", Time since last: 3003826626 ns, Reaching safepoint: 15625 ns, Cleanup: 19209 ns, At safepoint: 4583 ns, Total: 39417 ns
[2025-09-09T06:31:57.873+0000][174][info ][safepoint   ] Safepoint "Cleanup", Time since last: 2002792834 ns, Reaching safepoint: 15417 ns, Cleanup: 12125 ns, At safepoint: 4333 ns, Total: 31875 ns
[2025-09-09T06:31:58.873+0000][174][info ][safepoint   ] Safepoint "Cleanup", Time since last: 1000505084 ns, Reaching safepoint: 13458 ns, Cleanup: 11834 ns, At safepoint: 3083 ns, Total: 28375 ns
[2025-09-09T06:32:00.875+0000][174][info ][safepoint   ] Safepoint "Cleanup", Time since last: 2001969376 ns, Reaching safepoint: 11542 ns, Cleanup: 7333 ns, At safepoint: 3167 ns, Total: 22042 ns
[2025-09-09T06:32:01.876+0000][174][info ][safepoint   ] Safepoint "Cleanup", Time since last: 1001338083 ns, Reaching safepoint: 16167 ns, Cleanup: 18042 ns, At safepoint: 4250 ns, Total: 38459 ns
[2025-09-09T06:32:03.302+0000][174][info ][safepoint   ] Safepoint "Cleanup", Time since last: 1425658125 ns, Reaching safepoint: 4417 ns, Cleanup: 8542 ns, At safepoint: 1541 ns, Total: 14500 ns
[2025-09-09T06:32:04.303+0000][174][info ][safepoint   ] Safepoint "Cleanup", Time since last: 1000797793 ns, Reaching safepoint: 160625 ns, Cleanup: 56750 ns, At safepoint: 28791 ns, Total: 246166 ns
[2025-09-09T06:32:05.304+0000][174][info ][safepoint   ] Safepoint "Cleanup", Time since last: 1000654334 ns, Reaching safepoint: 62208 ns, Cleanup: 21000 ns, At safepoint: 7167 ns, Total: 90375 ns
[2025-09-09T06:32:06.305+0000][174][info ][safepoint   ] Safepoint "Cleanup", Time since last: 1000962709 ns, Reaching safepoint: 51875 ns, Cleanup: 25375 ns, At safepoint: 7708 ns, Total: 84958 ns
[2025-09-09T06:32:08.307+0000][174][info ][safepoint   ] Safepoint "Cleanup", Time since last: 2001875835 ns, Reaching safepoint: 20666 ns, Cleanup: 24292 ns, At safepoint: 5417 ns, Total: 50375 ns
[2025-09-09T06:32:10.309+0000][174][info ][safepoint   ] Safepoint "Cleanup", Time since last: 2002166709 ns, Reaching safepoint: 17166 ns, Cleanup: 10667 ns, At safepoint: 4042 ns, Total: 31875 ns
[2025-09-09T06:32:11.310+0000][174][info ][safepoint   ] Safepoint "Cleanup", Time since last: 1000968250 ns, Reaching safepoint: 13084 ns, Cleanup: 14833 ns, At safepoint: 3833 ns, Total: 31750 ns
[2025-09-09T06:32:13.312+0000][174][info ][safepoint   ] Safepoint "Cleanup", Time since last: 2001169751 ns, Reaching safepoint: 686458 ns, Cleanup: 8708 ns, At safepoint: 11125 ns, Total: 706291 ns
[2025-09-09T06:32:14.313+0000][174][info ][safepoint   ] Safepoint "Cleanup", Time since last: 1001102417 ns, Reaching safepoint: 14375 ns, Cleanup: 57542 ns, At safepoint: 8167 ns, Total: 80084 ns
[2025-09-09T06:32:15.314+0000][174][info ][safepoint   ] Safepoint "Cleanup", Time since last: 1000943209 ns, Reaching safepoint: 15291 ns, Cleanup: 23584 ns, At safepoint: 5166 ns, Total: 44041 ns
[2025-09-09T06:32:16.315+0000][174][info ][safepoint   ] Safepoint "Cleanup", Time since last: 1000693376 ns, Reaching safepoint: 13750 ns, Cleanup: 8958 ns, At safepoint: 2792 ns, Total: 25500 ns
[2025-09-09T06:32:17.316+0000][174][info ][safepoint   ] Safepoint "Cleanup", Time since last: 1001305750 ns, Reaching safepoint: 27750 ns, Cleanup: 22167 ns, At safepoint: 7333 ns, Total: 57250 ns
[2025-09-09T06:32:18.317+0000][174][info ][safepoint   ] Safepoint "Cleanup", Time since last: 1000838501 ns, Reaching safepoint: 24125 ns, Cleanup: 7833 ns, At safepoint: 3833 ns, Total: 35791 ns
[2025-09-09T06:32:19.318+0000][174][info ][safepoint   ] Safepoint "Cleanup", Time since last: 1000915959 ns, Reaching safepoint: 21375 ns, Cleanup: 22500 ns, At safepoint: 9417 ns, Total: 53292 ns
[2025-09-09T06:32:20.319+0000][174][info ][safepoint   ] Safepoint "Cleanup", Time since last: 1000937125 ns, Reaching safepoint: 145625 ns, Cleanup: 50750 ns, At safepoint: 5375 ns, Total: 201750 ns
[2025-09-09T06:32:21.320+0000][174][info ][safepoint   ] Safepoint "Cleanup", Time since last: 1000659084 ns, Reaching safepoint: 27167 ns, Cleanup: 28291 ns, At safepoint: 6000 ns, Total: 61458 ns
[2025-09-09T06:32:23.322+0000][174][info ][safepoint   ] Safepoint "Cleanup", Time since last: 2002042418 ns, Reaching safepoint: 13708 ns, Cleanup: 70959 ns, At safepoint: 4625 ns, Total: 89292 ns
[2025-09-09T06:32:26.325+0000][174][info ][safepoint   ] Safepoint "Cleanup", Time since last: 3002806126 ns, Reaching safepoint: 39000 ns, Cleanup: 36625 ns, At safepoint: 12083 ns, Total: 87708 ns
[2025-09-09T06:32:31.330+0000][174][info ][safepoint   ] Safepoint "Cleanup", Time since last: 5005047670 ns, Reaching safepoint: 78583 ns, Cleanup: 28542 ns, At safepoint: 7750 ns, Total: 114875 ns
[2025-09-09T06:32:32.332+0000][174][info ][safepoint   ] Safepoint "Cleanup", Time since last: 1001744417 ns, Reaching safepoint: 153791 ns, Cleanup: 41375 ns, At safepoint: 7542 ns, Total: 202708 ns
[2025-09-09T06:32:33.333+0000][174][info ][safepoint   ] Safepoint "Cleanup", Time since last: 1000858875 ns, Reaching safepoint: 13209 ns, Cleanup: 40291 ns, At safepoint: 7792 ns, Total: 61292 ns
[2025-09-09T06:32:34.334+0000][174][info ][safepoint   ] Safepoint "Cleanup", Time since last: 1001594417 ns, Reaching safepoint: 25959 ns, Cleanup: 16416 ns, At safepoint: 6959 ns, Total: 49334 ns
[2025-09-09T06:32:34.544+0000][174][info ][gc,start    ] GC(20) Pause Young (Prepare Mixed) (G1 Evacuation Pause)
[2025-09-09T06:32:34.545+0000][174][info ][gc,task     ] GC(20) Using 8 workers of 8 for evacuation
[2025-09-09T06:32:34.545+0000][174][debug][gc,age      ] GC(20) Desired survivor size 41943040 bytes, new threshold 15 (max threshold 15)
[2025-09-09T06:32:34.605+0000][174][info ][gc,phases   ] GC(20)   Pre Evacuate Collection Set: 0.83ms
[2025-09-09T06:32:34.605+0000][174][info ][gc,phases   ] GC(20)   Merge Heap Roots: 0.22ms
[2025-09-09T06:32:34.605+0000][174][info ][gc,phases   ] GC(20)   Evacuate Collection Set: 52.77ms
[2025-09-09T06:32:34.605+0000][174][info ][gc,phases   ] GC(20)   Post Evacuate Collection Set: 6.42ms
[2025-09-09T06:32:34.605+0000][174][info ][gc,phases   ] GC(20)   Other: 0.30ms
[2025-09-09T06:32:34.605+0000][174][trace][gc,age      ] GC(20) Age table with threshold 15 (max threshold 15)
[2025-09-09T06:32:34.605+0000][174][trace][gc,age      ] GC(20) - age   1:    3696536 bytes,    3696536 total
[2025-09-09T06:32:34.605+0000][174][trace][gc,age      ] GC(20) - age   2:    3462360 bytes,    7158896 total
[2025-09-09T06:32:34.605+0000][174][trace][gc,age      ] GC(20) - age   3:    2290576 bytes,    9449472 total
[2025-09-09T06:32:34.606+0000][174][trace][gc,age      ] GC(20) - age   4:   18129992 bytes,   27579464 total
[2025-09-09T06:32:34.606+0000][174][info ][gc,heap     ] GC(20) Eden regions: 145->0(145)
[2025-09-09T06:32:34.606+0000][174][info ][gc,heap     ] GC(20) Survivor regions: 8->8(20)
[2025-09-09T06:32:34.606+0000][174][info ][gc,heap     ] GC(20) Old regions: 31->31
[2025-09-09T06:32:34.606+0000][174][info ][gc,heap     ] GC(20) Humongous regions: 2->2
[2025-09-09T06:32:34.606+0000][174][info ][gc,metaspace] GC(20) Metaspace: 157917K(162368K)->157917K(162368K) NonClass: 135932K(138432K)->135932K(138432K) Class: 21985K(23936K)->21985K(23936K)
[2025-09-09T06:32:34.606+0000][174][info ][gc          ] GC(20) Pause Young (Prepare Mixed) (G1 Evacuation Pause) 737M->157M(1024M) 61.676ms
[2025-09-09T06:32:34.606+0000][174][info ][gc,cpu      ] GC(20) User=0.46s Sys=0.00s Real=0.07s
[2025-09-09T06:32:34.606+0000][174][info ][safepoint   ] Safepoint "G1CollectForAllocation", Time since last: 209754166 ns, Reaching safepoint: 11917 ns, Cleanup: 2958 ns, At safepoint: 62011792 ns, Total: 62026667 ns
[2025-09-09T06:32:35.844+0000][174][info ][safepoint   ] Safepoint "ICBufferFull", Time since last: 1237361584 ns, Reaching safepoint: 93958 ns, Cleanup: 141709 ns, At safepoint: 13833 ns, Total: 249500 ns
[2025-09-09T06:32:37.023+0000][174][info ][safepoint   ] Safepoint "Cleanup", Time since last: 1179475417 ns, Reaching safepoint: 90417 ns, Cleanup: 27167 ns, At safepoint: 5541 ns, Total: 123125 ns
[2025-09-09T06:32:38.024+0000][174][info ][safepoint   ] Safepoint "Cleanup", Time since last: 1000363751 ns, Reaching safepoint: 18375 ns, Cleanup: 24000 ns, At safepoint: 19041 ns, Total: 61416 ns
[2025-09-09T06:32:39.462+0000][174][info ][safepoint   ] Safepoint "Cleanup", Time since last: 1438047709 ns, Reaching safepoint: 31875 ns, Cleanup: 41542 ns, At safepoint: 8625 ns, Total: 82042 ns
[2025-09-09T06:32:40.463+0000][174][info ][safepoint   ] Safepoint "Cleanup", Time since last: 1000682667 ns, Reaching safepoint: 19709 ns, Cleanup: 17750 ns, At safepoint: 21458 ns, Total: 58917 ns
[2025-09-09T06:32:41.468+0000][174][info ][safepoint   ] Safepoint "Cleanup", Time since last: 1004778792 ns, Reaching safepoint: 26708 ns, Cleanup: 36959 ns, At safepoint: 6541 ns, Total: 70208 ns
[2025-09-09T06:32:42.469+0000][174][info ][safepoint   ] Safepoint "Cleanup", Time since last: 1001129959 ns, Reaching safepoint: 152625 ns, Cleanup: 21958 ns, At safepoint: 16667 ns, Total: 191250 ns
[2025-09-09T06:32:43.470+0000][174][info ][safepoint   ] Safepoint "Cleanup", Time since last: 1001450000 ns, Reaching safepoint: 35209 ns, Cleanup: 17041 ns, At safepoint: 7584 ns, Total: 59834 ns
[2025-09-09T06:32:46.599+0000][174][info ][safepoint   ] Safepoint "Cleanup", Time since last: 3128417668 ns, Reaching safepoint: 5000 ns, Cleanup: 18250 ns, At safepoint: 6375 ns, Total: 29625 ns
[2025-09-09T06:32:48.077+0000][174][info ][safepoint   ] Safepoint "Cleanup", Time since last: 1478211792 ns, Reaching safepoint: 9334 ns, Cleanup: 220958 ns, At safepoint: 8042 ns, Total: 238334 ns
[2025-09-09T06:32:49.084+0000][174][info ][safepoint   ] Safepoint "Cleanup", Time since last: 1006894667 ns, Reaching safepoint: 31125 ns, Cleanup: 35791 ns, At safepoint: 8000 ns, Total: 74916 ns
[2025-09-09T06:32:50.090+0000][174][info ][safepoint   ] Safepoint "Cleanup", Time since last: 1005176501 ns, Reaching safepoint: 40458 ns, Cleanup: 259208 ns, At safepoint: 14250 ns, Total: 313916 ns
[2025-09-09T06:32:51.094+0000][174][info ][safepoint   ] Safepoint "Cleanup", Time since last: 1004113334 ns, Reaching safepoint: 29459 ns, Cleanup: 10958 ns, At safepoint: 3917 ns, Total: 44334 ns
[2025-09-09T06:32:52.095+0000][174][info ][safepoint   ] Safepoint "Cleanup", Time since last: 1001016375 ns, Reaching safepoint: 95958 ns, Cleanup: 28834 ns, At safepoint: 10875 ns, Total: 135667 ns
[2025-09-09T06:32:54.098+0000][174][info ][safepoint   ] Safepoint "Cleanup", Time since last: 2001756792 ns, Reaching safepoint: 1011084 ns, Cleanup: 37250 ns, At safepoint: 29416 ns, Total: 1077750 ns
[2025-09-09T06:32:56.100+0000][174][info ][safepoint   ] Safepoint "Cleanup", Time since last: 2002251335 ns, Reaching safepoint: 20875 ns, Cleanup: 15208 ns, At safepoint: 6750 ns, Total: 42833 ns
[2025-09-09T06:32:59.103+0000][174][info ][safepoint   ] Safepoint "Cleanup", Time since last: 3002739001 ns, Reaching safepoint: 36209 ns, Cleanup: 11875 ns, At safepoint: 5458 ns, Total: 53542 ns
[2025-09-09T06:33:03.465+0000][174][info ][safepoint   ] Safepoint "Cleanup", Time since last: 4362204377 ns, Reaching safepoint: 3584 ns, Cleanup: 20041 ns, At safepoint: 6459 ns, Total: 30084 ns
[2025-09-09T06:33:04.467+0000][174][info ][safepoint   ] Safepoint "Cleanup", Time since last: 1001792875 ns, Reaching safepoint: 40208 ns, Cleanup: 26000 ns, At safepoint: 9125 ns, Total: 75333 ns
[2025-09-09T06:33:05.468+0000][174][info ][safepoint   ] Safepoint "Cleanup", Time since last: 1000783876 ns, Reaching safepoint: 19750 ns, Cleanup: 12000 ns, At safepoint: 7083 ns, Total: 38833 ns
[2025-09-09T06:33:08.472+0000][174][info ][safepoint   ] Safepoint "Cleanup", Time since last: 3003042543 ns, Reaching safepoint: 411459 ns, Cleanup: 105041 ns, At safepoint: 9584 ns, Total: 526084 ns
[2025-09-09T06:33:11.353+0000][174][info ][safepoint   ] Safepoint "Cleanup", Time since last: 2881095501 ns, Reaching safepoint: 15208 ns, Cleanup: 33917 ns, At safepoint: 9792 ns, Total: 58917 ns
[2025-09-09T06:33:16.357+0000][174][info ][safepoint   ] Safepoint "Cleanup", Time since last: 5004551418 ns, Reaching safepoint: 57584 ns, Cleanup: 11750 ns, At safepoint: 8541 ns, Total: 77875 ns
[2025-09-09T06:33:17.358+0000][174][info ][safepoint   ] Safepoint "Cleanup", Time since last: 1000971168 ns, Reaching safepoint: 234500 ns, Cleanup: 59083 ns, At safepoint: 14958 ns, Total: 308541 ns
[2025-09-09T06:33:18.361+0000][174][info ][safepoint   ] Safepoint "Cleanup", Time since last: 1001100251 ns, Reaching safepoint: 1208875 ns, Cleanup: 8916 ns, At safepoint: 9875 ns, Total: 1227666 ns
[2025-09-09T06:33:20.362+0000][174][info ][safepoint   ] Safepoint "Cleanup", Time since last: 2001770710 ns, Reaching safepoint: 29166 ns, Cleanup: 15209 ns, At safepoint: 4125 ns, Total: 48500 ns
[2025-09-09T06:33:21.364+0000][174][info ][safepoint   ] Safepoint "Cleanup", Time since last: 1001764833 ns, Reaching safepoint: 26000 ns, Cleanup: 23375 ns, At safepoint: 7709 ns, Total: 57084 ns
[2025-09-09T06:33:23.366+0000][174][info ][safepoint   ] Safepoint "Cleanup", Time since last: 2001855084 ns, Reaching safepoint: 13750 ns, Cleanup: 18458 ns, At safepoint: 7584 ns, Total: 39792 ns
[2025-09-09T06:33:28.371+0000][174][info ][safepoint   ] Safepoint "Cleanup", Time since last: 5004315877 ns, Reaching safepoint: 16000 ns, Cleanup: 14417 ns, At safepoint: 5375 ns, Total: 35792 ns
[2025-09-09T06:33:29.372+0000][174][info ][safepoint   ] Safepoint "Cleanup", Time since last: 1001625584 ns, Reaching safepoint: 44166 ns, Cleanup: 79709 ns, At safepoint: 9958 ns, Total: 133833 ns
[2025-09-09T06:33:31.375+0000][174][info ][safepoint   ] Safepoint "Cleanup", Time since last: 2002512209 ns, Reaching safepoint: 12375 ns, Cleanup: 9250 ns, At safepoint: 6375 ns, Total: 28000 ns
[2025-09-09T06:33:32.376+0000][174][info ][safepoint   ] Safepoint "Cleanup", Time since last: 1001070959 ns, Reaching safepoint: 17208 ns, Cleanup: 14625 ns, At safepoint: 4959 ns, Total: 36792 ns
[2025-09-09T06:33:33.377+0000][174][info ][safepoint   ] Safepoint "Cleanup", Time since last: 1000797167 ns, Reaching safepoint: 20541 ns, Cleanup: 57417 ns, At safepoint: 12042 ns, Total: 90000 ns
[2025-09-09T06:33:35.379+0000][174][info ][safepoint   ] Safepoint "Cleanup", Time since last: 2001839584 ns, Reaching safepoint: 31125 ns, Cleanup: 25000 ns, At safepoint: 7833 ns, Total: 63958 ns
[2025-09-09T06:33:36.379+0000][174][info ][safepoint   ] Safepoint "Cleanup", Time since last: 1000689668 ns, Reaching safepoint: 23166 ns, Cleanup: 25084 ns, At safepoint: 7041 ns, Total: 55291 ns
[2025-09-09T06:33:38.381+0000][174][info ][safepoint   ] Safepoint "Cleanup", Time since last: 2001937376 ns, Reaching safepoint: 19125 ns, Cleanup: 35625 ns, At safepoint: 7167 ns, Total: 61917 ns
[2025-09-09T06:33:41.385+0000][174][info ][safepoint   ] Safepoint "Cleanup", Time since last: 3003619543 ns, Reaching safepoint: 12792 ns, Cleanup: 23416 ns, At safepoint: 9917 ns, Total: 46125 ns
[2025-09-09T06:33:43.388+0000][174][info ][safepoint   ] Safepoint "Cleanup", Time since last: 2002683042 ns, Reaching safepoint: 20666 ns, Cleanup: 11375 ns, At safepoint: 8209 ns, Total: 40250 ns
[2025-09-09T06:33:44.389+0000][174][info ][safepoint   ] Safepoint "Cleanup", Time since last: 1000556333 ns, Reaching safepoint: 15750 ns, Cleanup: 15667 ns, At safepoint: 5875 ns, Total: 37292 ns
[2025-09-09T06:33:46.391+0000][174][info ][safepoint   ] Safepoint "Cleanup", Time since last: 2002008084 ns, Reaching safepoint: 43917 ns, Cleanup: 12750 ns, At safepoint: 9292 ns, Total: 65959 ns
[2025-09-09T06:33:47.392+0000][174][info ][safepoint   ] Safepoint "Cleanup", Time since last: 1000916709 ns, Reaching safepoint: 68666 ns, Cleanup: 50875 ns, At safepoint: 11709 ns, Total: 131250 ns
[2025-09-09T06:33:48.393+0000][174][info ][safepoint   ] Safepoint "Cleanup", Time since last: 1000829708 ns, Reaching safepoint: 9792 ns, Cleanup: 23375 ns, At safepoint: 5000 ns, Total: 38167 ns
[2025-09-09T06:33:49.587+0000][174][info ][safepoint   ] Safepoint "Cleanup", Time since last: 1194076209 ns, Reaching safepoint: 4958 ns, Cleanup: 10084 ns, At safepoint: 1458 ns, Total: 16500 ns
[2025-09-09T06:33:51.218+0000][174][info ][safepoint   ] Safepoint "Cleanup", Time since last: 1631376584 ns, Reaching safepoint: 4792 ns, Cleanup: 79291 ns, At safepoint: 3917 ns, Total: 88000 ns
[2025-09-09T06:33:52.221+0000][174][info ][safepoint   ] Safepoint "Cleanup", Time since last: 1002041209 ns, Reaching safepoint: 204041 ns, Cleanup: 29417 ns, At safepoint: 13458 ns, Total: 246916 ns
[2025-09-09T06:33:53.241+0000][174][info ][safepoint   ] Safepoint "Cleanup", Time since last: 1019963834 ns, Reaching safepoint: 73959 ns, Cleanup: 22958 ns, At safepoint: 17000 ns, Total: 113917 ns
[2025-09-09T06:33:54.243+0000][174][info ][safepoint   ] Safepoint "Cleanup", Time since last: 1002071959 ns, Reaching safepoint: 32625 ns, Cleanup: 54791 ns, At safepoint: 7709 ns, Total: 95125 ns
[2025-09-09T06:33:56.245+0000][174][info ][safepoint   ] Safepoint "Cleanup", Time since last: 2001980251 ns, Reaching safepoint: 24291 ns, Cleanup: 33292 ns, At safepoint: 12792 ns, Total: 70375 ns
[2025-09-09T06:33:59.248+0000][174][info ][safepoint   ] Safepoint "Cleanup", Time since last: 3002833001 ns, Reaching safepoint: 18209 ns, Cleanup: 21541 ns, At safepoint: 6000 ns, Total: 45750 ns
[2025-09-09T06:34:01.249+0000][174][info ][safepoint   ] Safepoint "Cleanup", Time since last: 2001342001 ns, Reaching safepoint: 17375 ns, Cleanup: 12125 ns, At safepoint: 6958 ns, Total: 36458 ns
[2025-09-09T06:34:02.250+0000][174][info ][safepoint   ] Safepoint "Cleanup", Time since last: 1000648334 ns, Reaching safepoint: 42417 ns, Cleanup: 45833 ns, At safepoint: 10584 ns, Total: 98834 ns
[2025-09-09T06:34:05.672+0000][174][info ][safepoint   ] Safepoint "Cleanup", Time since last: 3422062335 ns, Reaching safepoint: 68708 ns, Cleanup: 20417 ns, At safepoint: 7958 ns, Total: 97083 ns
[2025-09-09T06:34:07.674+0000][174][info ][safepoint   ] Safepoint "Cleanup", Time since last: 2001811501 ns, Reaching safepoint: 87000 ns, Cleanup: 16875 ns, At safepoint: 6917 ns, Total: 110792 ns
[2025-09-09T06:34:08.675+0000][174][info ][safepoint   ] Safepoint "Cleanup", Time since last: 1001076125 ns, Reaching safepoint: 63625 ns, Cleanup: 25625 ns, At safepoint: 12542 ns, Total: 101792 ns
[2025-09-09T06:34:10.677+0000][174][info ][safepoint   ] Safepoint "Cleanup", Time since last: 2001608542 ns, Reaching safepoint: 21750 ns, Cleanup: 20917 ns, At safepoint: 9625 ns, Total: 52292 ns
[2025-09-09T06:34:13.672+0000][174][info ][safepoint   ] Safepoint "Cleanup", Time since last: 3002968668 ns, Reaching safepoint: 70916 ns, Cleanup: 47500 ns, At safepoint: 7209 ns, Total: 125625 ns
[2025-09-09T06:34:14.674+0000][174][info ][safepoint   ] Safepoint "Cleanup", Time since last: 1001208250 ns, Reaching safepoint: 51834 ns, Cleanup: 73000 ns, At safepoint: 15708 ns, Total: 140542 ns
[2025-09-09T06:34:16.676+0000][174][info ][safepoint   ] Safepoint "Cleanup", Time since last: 2002479543 ns, Reaching safepoint: 62166 ns, Cleanup: 90167 ns, At safepoint: 14917 ns, Total: 167250 ns
[2025-09-09T06:34:17.677+0000][174][info ][safepoint   ] Safepoint "Cleanup", Time since last: 1000865083 ns, Reaching safepoint: 10250 ns, Cleanup: 10750 ns, At safepoint: 3834 ns, Total: 24834 ns
[2025-09-09T06:34:18.678+0000][174][info ][safepoint   ] Safepoint "Cleanup", Time since last: 1000953292 ns, Reaching safepoint: 55166 ns, Cleanup: 41167 ns, At safepoint: 17917 ns, Total: 114250 ns
[2025-09-09T06:34:21.685+0000][174][info ][safepoint   ] Safepoint "Cleanup", Time since last: 3007063876 ns, Reaching safepoint: 40417 ns, Cleanup: 27125 ns, At safepoint: 7458 ns, Total: 75000 ns
[2025-09-09T06:34:23.688+0000][174][info ][safepoint   ] Safepoint "Cleanup", Time since last: 2002246418 ns, Reaching safepoint: 13333 ns, Cleanup: 15209 ns, At safepoint: 4875 ns, Total: 33417 ns
[2025-09-09T06:34:25.690+0000][174][info ][safepoint   ] Safepoint "Cleanup", Time since last: 2002250375 ns, Reaching safepoint: 12125 ns, Cleanup: 21334 ns, At safepoint: 3333 ns, Total: 36792 ns
[2025-09-09T06:34:29.694+0000][174][info ][safepoint   ] Safepoint "Cleanup", Time since last: 4004191294 ns, Reaching safepoint: 28958 ns, Cleanup: 20500 ns, At safepoint: 4625 ns, Total: 54083 ns
[2025-09-09T06:34:31.696+0000][174][info ][safepoint   ] Safepoint "Cleanup", Time since last: 2001985126 ns, Reaching safepoint: 29208 ns, Cleanup: 18584 ns, At safepoint: 9875 ns, Total: 57667 ns
[2025-09-09T06:34:33.700+0000][174][info ][safepoint   ] Safepoint "Cleanup", Time since last: 2003587459 ns, Reaching safepoint: 93375 ns, Cleanup: 29917 ns, At safepoint: 10041 ns, Total: 133333 ns
[2025-09-09T06:34:36.703+0000][174][info ][safepoint   ] Safepoint "Cleanup", Time since last: 3003195668 ns, Reaching safepoint: 56334 ns, Cleanup: 30583 ns, At safepoint: 13333 ns, Total: 100250 ns
[2025-09-09T06:34:40.707+0000][174][info ][safepoint   ] Safepoint "Cleanup", Time since last: 4004075419 ns, Reaching safepoint: 16458 ns, Cleanup: 11917 ns, At safepoint: 5875 ns, Total: 34250 ns
[2025-09-09T06:34:41.710+0000][174][info ][safepoint   ] Safepoint "Cleanup", Time since last: 1002038334 ns, Reaching safepoint: 19458 ns, Cleanup: 26708 ns, At safepoint: 7459 ns, Total: 53625 ns
[2025-09-09T06:34:43.719+0000][174][info ][safepoint   ] Safepoint "Cleanup", Time since last: 2001866209 ns, Reaching safepoint: 32250 ns, Cleanup: 32583 ns, At safepoint: 11417 ns, Total: 76250 ns
[2025-09-09T06:34:45.721+0000][174][info ][safepoint   ] Safepoint "Cleanup", Time since last: 2002057126 ns, Reaching safepoint: 11958 ns, Cleanup: 13125 ns, At safepoint: 4125 ns, Total: 29208 ns
[2025-09-09T06:34:46.724+0000][174][info ][safepoint   ] Safepoint "Cleanup", Time since last: 1003090792 ns, Reaching safepoint: 10584 ns, Cleanup: 17416 ns, At safepoint: 3500 ns, Total: 31500 ns
[2025-09-09T06:34:47.725+0000][174][info ][safepoint   ] Safepoint "Cleanup", Time since last: 1000790542 ns, Reaching safepoint: 11667 ns, Cleanup: 7375 ns, At safepoint: 3958 ns, Total: 23000 ns
[2025-09-09T06:34:48.725+0000][174][info ][safepoint   ] Safepoint "Cleanup", Time since last: 1000686917 ns, Reaching safepoint: 13875 ns, Cleanup: 27209 ns, At safepoint: 4208 ns, Total: 45292 ns
[2025-09-09T06:34:49.727+0000][174][info ][safepoint   ] Safepoint "Cleanup", Time since last: 1001454209 ns, Reaching safepoint: 19375 ns, Cleanup: 17917 ns, At safepoint: 8750 ns, Total: 46042 ns
[2025-09-09T06:34:52.599+0000][174][info ][safepoint   ] Safepoint "Cleanup", Time since last: 2872005209 ns, Reaching safepoint: 5042 ns, Cleanup: 33875 ns, At safepoint: 4125 ns, Total: 43042 ns
[2025-09-09T06:34:54.380+0000][174][info ][safepoint   ] Safepoint "Cleanup", Time since last: 1780617709 ns, Reaching safepoint: 3834 ns, Cleanup: 73541 ns, At safepoint: 6875 ns, Total: 84250 ns
[2025-09-09T06:34:56.383+0000][174][info ][safepoint   ] Safepoint "Cleanup", Time since last: 2002895918 ns, Reaching safepoint: 15375 ns, Cleanup: 19291 ns, At safepoint: 4917 ns, Total: 39583 ns
[2025-09-09T06:34:58.385+0000][174][info ][safepoint   ] Safepoint "Cleanup", Time since last: 2002859001 ns, Reaching safepoint: 18167 ns, Cleanup: 18291 ns, At safepoint: 6667 ns, Total: 43125 ns
[2025-09-09T06:35:03.390+0000][174][info ][safepoint   ] Safepoint "Cleanup", Time since last: 5004976502 ns, Reaching safepoint: 43417 ns, Cleanup: 16500 ns, At safepoint: 9625 ns, Total: 69542 ns
[2025-09-09T06:35:04.805+0000][174][info ][safepoint   ] Safepoint "Cleanup", Time since last: 1413969001 ns, Reaching safepoint: 44416 ns, Cleanup: 11750 ns, At safepoint: 4917 ns, Total: 61083 ns
[2025-09-09T06:35:06.807+0000][174][info ][safepoint   ] Safepoint "Cleanup", Time since last: 2001863084 ns, Reaching safepoint: 97750 ns, Cleanup: 18209 ns, At safepoint: 8041 ns, Total: 124000 ns
[2025-09-09T06:35:07.807+0000][174][info ][safepoint   ] Safepoint "Cleanup", Time since last: 1000923084 ns, Reaching safepoint: 14750 ns, Cleanup: 23459 ns, At safepoint: 5958 ns, Total: 44167 ns
[2025-09-09T06:35:08.808+0000][174][info ][safepoint   ] Safepoint "Cleanup", Time since last: 1000857292 ns, Reaching safepoint: 18333 ns, Cleanup: 12000 ns, At safepoint: 4042 ns, Total: 34375 ns
[2025-09-09T06:35:13.814+0000][174][info ][safepoint   ] Safepoint "Cleanup", Time since last: 5005105710 ns, Reaching safepoint: 28750 ns, Cleanup: 26666 ns, At safepoint: 9000 ns, Total: 64416 ns
[2025-09-09T06:35:16.816+0000][174][info ][safepoint   ] Safepoint "Cleanup", Time since last: 3002762419 ns, Reaching safepoint: 13000 ns, Cleanup: 11916 ns, At safepoint: 5084 ns, Total: 30000 ns
[2025-09-09T06:35:17.818+0000][174][info ][safepoint   ] Safepoint "Cleanup", Time since last: 1001175833 ns, Reaching safepoint: 21459 ns, Cleanup: 33875 ns, At safepoint: 8291 ns, Total: 63625 ns
[2025-09-09T06:35:18.819+0000][174][info ][safepoint   ] Safepoint "Cleanup", Time since last: 1000763418 ns, Reaching safepoint: 30583 ns, Cleanup: 17000 ns, At safepoint: 7542 ns, Total: 55125 ns
[2025-09-09T06:35:22.823+0000][174][info ][safepoint   ] Safepoint "Cleanup", Time since last: 4004182543 ns, Reaching safepoint: 67167 ns, Cleanup: 15750 ns, At safepoint: 5541 ns, Total: 88458 ns
[2025-09-09T06:35:23.824+0000][174][info ][safepoint   ] Safepoint "Cleanup", Time since last: 1000777834 ns, Reaching safepoint: 68542 ns, Cleanup: 92333 ns, At safepoint: 15750 ns, Total: 176625 ns
[2025-09-09T06:35:28.829+0000][174][info ][safepoint   ] Safepoint "Cleanup", Time since last: 5004916628 ns, Reaching safepoint: 37333 ns, Cleanup: 20917 ns, At safepoint: 8500 ns, Total: 66750 ns
[2025-09-09T06:35:31.833+0000][174][info ][safepoint   ] Safepoint "Cleanup", Time since last: 3003816709 ns, Reaching safepoint: 67542 ns, Cleanup: 27625 ns, At safepoint: 13292 ns, Total: 108459 ns
[2025-09-09T06:35:33.835+0000][174][info ][safepoint   ] Safepoint "Cleanup", Time since last: 2001807709 ns, Reaching safepoint: 62125 ns, Cleanup: 45542 ns, At safepoint: 12166 ns, Total: 119833 ns
[2025-09-09T06:35:34.836+0000][174][info ][safepoint   ] Safepoint "Cleanup", Time since last: 1001318709 ns, Reaching safepoint: 14750 ns, Cleanup: 14583 ns, At safepoint: 3709 ns, Total: 33042 ns
[2025-09-09T06:35:36.838+0000][174][info ][safepoint   ] Safepoint "Cleanup", Time since last: 2002268876 ns, Reaching safepoint: 11000 ns, Cleanup: 8416 ns, At safepoint: 5000 ns, Total: 24416 ns
[2025-09-09T06:35:37.839+0000][174][info ][safepoint   ] Safepoint "Cleanup", Time since last: 1000767834 ns, Reaching safepoint: 86542 ns, Cleanup: 52708 ns, At safepoint: 14917 ns, Total: 154167 ns
[2025-09-09T06:35:40.842+0000][174][info ][safepoint   ] Safepoint "Cleanup", Time since last: 3003258293 ns, Reaching safepoint: 22375 ns, Cleanup: 12250 ns, At safepoint: 4875 ns, Total: 39500 ns
[2025-09-09T06:35:41.843+0000][174][info ][safepoint   ] Safepoint "Cleanup", Time since last: 1000410333 ns, Reaching safepoint: 111208 ns, Cleanup: 47000 ns, At safepoint: 21959 ns, Total: 180167 ns
[2025-09-09T06:35:43.845+0000][174][info ][safepoint   ] Safepoint "Cleanup", Time since last: 2002427834 ns, Reaching safepoint: 22750 ns, Cleanup: 41791 ns, At safepoint: 6959 ns, Total: 71500 ns
[2025-09-09T06:35:46.848+0000][174][info ][safepoint   ] Safepoint "Cleanup", Time since last: 3003123460 ns, Reaching safepoint: 112083 ns, Cleanup: 20792 ns, At safepoint: 6958 ns, Total: 139833 ns
[2025-09-09T06:35:47.849+0000][174][info ][safepoint   ] Safepoint "Cleanup", Time since last: 1000865125 ns, Reaching safepoint: 10375 ns, Cleanup: 10584 ns, At safepoint: 3291 ns, Total: 24250 ns
[2025-09-09T06:35:48.851+0000][174][info ][safepoint   ] Safepoint "Cleanup", Time since last: 1001514584 ns, Reaching safepoint: 19000 ns, Cleanup: 16834 ns, At safepoint: 5458 ns, Total: 41292 ns
[2025-09-09T06:35:53.857+0000][174][info ][safepoint   ] Safepoint "Cleanup", Time since last: 5006420377 ns, Reaching safepoint: 29167 ns, Cleanup: 32833 ns, At safepoint: 4167 ns, Total: 66167 ns
[2025-09-09T06:35:55.603+0000][174][info ][safepoint   ] Safepoint "Cleanup", Time since last: 1745858209 ns, Reaching safepoint: 5208 ns, Cleanup: 22459 ns, At safepoint: 1541 ns, Total: 29208 ns
[2025-09-09T06:35:57.567+0000][174][info ][safepoint   ] Safepoint "Cleanup", Time since last: 1963998335 ns, Reaching safepoint: 6916 ns, Cleanup: 110875 ns, At safepoint: 13042 ns, Total: 130833 ns
[2025-09-09T06:35:58.570+0000][174][info ][safepoint   ] Safepoint "Cleanup", Time since last: 1002914917 ns, Reaching safepoint: 11125 ns, Cleanup: 8000 ns, At safepoint: 4042 ns, Total: 23167 ns
[2025-09-09T06:36:01.574+0000][174][info ][safepoint   ] Safepoint "Cleanup", Time since last: 3003565876 ns, Reaching safepoint: 36834 ns, Cleanup: 12708 ns, At safepoint: 7250 ns, Total: 56792 ns
[2025-09-09T06:36:03.577+0000][174][info ][safepoint   ] Safepoint "Cleanup", Time since last: 2002182376 ns, Reaching safepoint: 1195333 ns, Cleanup: 15584 ns, At safepoint: 17083 ns, Total: 1228000 ns
[2025-09-09T06:36:04.993+0000][174][info ][safepoint   ] Safepoint "Cleanup", Time since last: 1415711334 ns, Reaching safepoint: 20708 ns, Cleanup: 10667 ns, At safepoint: 3417 ns, Total: 34792 ns
[2025-09-09T06:36:05.994+0000][174][info ][safepoint   ] Safepoint "Cleanup", Time since last: 1001032417 ns, Reaching safepoint: 34375 ns, Cleanup: 17000 ns, At safepoint: 14208 ns, Total: 65583 ns
[2025-09-09T06:36:10.999+0000][174][info ][safepoint   ] Safepoint "Cleanup", Time since last: 5004891044 ns, Reaching safepoint: 160875 ns, Cleanup: 15833 ns, At safepoint: 5875 ns, Total: 182583 ns
[2025-09-09T06:36:13.001+0000][174][info ][safepoint   ] Safepoint "Cleanup", Time since last: 2001800959 ns, Reaching safepoint: 14166 ns, Cleanup: 17250 ns, At safepoint: 3750 ns, Total: 35166 ns
[2025-09-09T06:36:14.003+0000][174][info ][safepoint   ] Safepoint "Cleanup", Time since last: 1001832793 ns, Reaching safepoint: 14208 ns, Cleanup: 16958 ns, At safepoint: 4000 ns, Total: 35166 ns
[2025-09-09T06:36:16.007+0000][174][info ][safepoint   ] Safepoint "Cleanup", Time since last: 2003781710 ns, Reaching safepoint: 17458 ns, Cleanup: 37417 ns, At safepoint: 26541 ns, Total: 81416 ns
[2025-09-09T06:36:17.008+0000][174][info ][safepoint   ] Safepoint "Cleanup", Time since last: 1001253292 ns, Reaching safepoint: 18042 ns, Cleanup: 21250 ns, At safepoint: 6417 ns, Total: 45709 ns
[2025-09-09T06:36:24.015+0000][174][info ][safepoint   ] Safepoint "Cleanup", Time since last: 7007024378 ns, Reaching safepoint: 59208 ns, Cleanup: 23584 ns, At safepoint: 12125 ns, Total: 94917 ns
[2025-09-09T06:36:25.016+0000][174][info ][safepoint   ] Safepoint "Cleanup", Time since last: 1001048792 ns, Reaching safepoint: 11208 ns, Cleanup: 7583 ns, At safepoint: 3792 ns, Total: 22583 ns
[2025-09-09T06:36:27.018+0000][174][info ][safepoint   ] Safepoint "Cleanup", Time since last: 2001963918 ns, Reaching safepoint: 11083 ns, Cleanup: 8458 ns, At safepoint: 2417 ns, Total: 21958 ns
[2025-09-09T06:36:30.023+0000][174][info ][safepoint   ] Safepoint "Cleanup", Time since last: 3004669460 ns, Reaching safepoint: 123542 ns, Cleanup: 17583 ns, At safepoint: 8625 ns, Total: 149750 ns
[2025-09-09T06:36:32.026+0000][174][info ][safepoint   ] Safepoint "Cleanup", Time since last: 2002321334 ns, Reaching safepoint: 18708 ns, Cleanup: 18834 ns, At safepoint: 6833 ns, Total: 44375 ns
[2025-09-09T06:36:34.029+0000][174][info ][safepoint   ] Safepoint "Cleanup", Time since last: 2003342709 ns, Reaching safepoint: 17792 ns, Cleanup: 34250 ns, At safepoint: 6542 ns, Total: 58584 ns
[2025-09-09T06:36:35.030+0000][174][info ][safepoint   ] Safepoint "Cleanup", Time since last: 1001175125 ns, Reaching safepoint: 14625 ns, Cleanup: 13334 ns, At safepoint: 5375 ns, Total: 33334 ns
[2025-09-09T06:36:38.033+0000][174][info ][safepoint   ] Safepoint "Cleanup", Time since last: 3003115793 ns, Reaching safepoint: 39333 ns, Cleanup: 16375 ns, At safepoint: 6958 ns, Total: 62666 ns
[2025-09-09T06:36:41.037+0000][174][info ][safepoint   ] Safepoint "Cleanup", Time since last: 3003556293 ns, Reaching safepoint: 99292 ns, Cleanup: 17000 ns, At safepoint: 4708 ns, Total: 121000 ns
[2025-09-09T06:36:42.039+0000][174][info ][safepoint   ] Safepoint "Cleanup", Time since last: 1001389292 ns, Reaching safepoint: 16375 ns, Cleanup: 17583 ns, At safepoint: 4959 ns, Total: 38917 ns
[2025-09-09T06:36:44.041+0000][174][info ][safepoint   ] Safepoint "Cleanup", Time since last: 2002018251 ns, Reaching safepoint: 15500 ns, Cleanup: 11750 ns, At safepoint: 4000 ns, Total: 31250 ns
[2025-09-09T06:36:46.042+0000][174][info ][safepoint   ] Safepoint "Cleanup", Time since last: 2001125042 ns, Reaching safepoint: 17250 ns, Cleanup: 28292 ns, At safepoint: 5417 ns, Total: 50959 ns
[2025-09-09T06:36:53.049+0000][174][info ][safepoint   ] Safepoint "Cleanup", Time since last: 7007614503 ns, Reaching safepoint: 11417 ns, Cleanup: 10916 ns, At safepoint: 2750 ns, Total: 25083 ns
[2025-09-09T06:36:54.051+0000][174][info ][safepoint   ] Safepoint "Cleanup", Time since last: 1001374751 ns, Reaching safepoint: 27375 ns, Cleanup: 21833 ns, At safepoint: 13208 ns, Total: 62416 ns
[2025-09-09T06:36:58.611+0000][174][info ][safepoint   ] Safepoint "Cleanup", Time since last: 4560501794 ns, Reaching safepoint: 5167 ns, Cleanup: 50792 ns, At safepoint: 54875 ns, Total: 110834 ns
[2025-09-09T06:36:59.623+0000][174][info ][safepoint   ] Safepoint "Cleanup", Time since last: 1011078458 ns, Reaching safepoint: 69459 ns, Cleanup: 63916 ns, At safepoint: 13292 ns, Total: 146667 ns
[2025-09-09T06:37:00.725+0000][174][info ][safepoint   ] Safepoint "Cleanup", Time since last: 1102290001 ns, Reaching safepoint: 5916 ns, Cleanup: 35625 ns, At safepoint: 8917 ns, Total: 50458 ns
[2025-09-09T06:37:01.727+0000][174][info ][safepoint   ] Safepoint "Cleanup", Time since last: 1002193042 ns, Reaching safepoint: 11333 ns, Cleanup: 9000 ns, At safepoint: 3584 ns, Total: 23917 ns
[2025-09-09T06:37:03.729+0000][174][info ][safepoint   ] Safepoint "Cleanup", Time since last: 2002207584 ns, Reaching safepoint: 11625 ns, Cleanup: 13458 ns, At safepoint: 3667 ns, Total: 28750 ns
[2025-09-09T06:37:05.244+0000][174][info ][safepoint   ] Safepoint "Cleanup", Time since last: 1513955334 ns, Reaching safepoint: 50583 ns, Cleanup: 53750 ns, At safepoint: 15875 ns, Total: 120208 ns
[2025-09-09T06:37:07.246+0000][174][info ][safepoint   ] Safepoint "Cleanup", Time since last: 2002728085 ns, Reaching safepoint: 73375 ns, Cleanup: 40833 ns, At safepoint: 13125 ns, Total: 127333 ns
[2025-09-09T06:37:08.247+0000][174][info ][safepoint   ] Safepoint "Cleanup", Time since last: 1001001084 ns, Reaching safepoint: 18458 ns, Cleanup: 12125 ns, At safepoint: 16833 ns, Total: 47416 ns
[2025-09-09T06:37:09.249+0000][174][info ][safepoint   ] Safepoint "Cleanup", Time since last: 1001214168 ns, Reaching safepoint: 55375 ns, Cleanup: 23166 ns, At safepoint: 18917 ns, Total: 97458 ns
[2025-09-09T06:37:13.253+0000][174][info ][safepoint   ] Safepoint "Cleanup", Time since last: 4003624084 ns, Reaching safepoint: 75834 ns, Cleanup: 33416 ns, At safepoint: 11959 ns, Total: 121209 ns
[2025-09-09T06:37:14.255+0000][174][info ][safepoint   ] Safepoint "Cleanup", Time since last: 1001757792 ns, Reaching safepoint: 13625 ns, Cleanup: 26625 ns, At safepoint: 4875 ns, Total: 45125 ns
[2025-09-09T06:37:19.261+0000][174][info ][safepoint   ] Safepoint "Cleanup", Time since last: 5006352127 ns, Reaching safepoint: 296292 ns, Cleanup: 62500 ns, At safepoint: 44083 ns, Total: 402875 ns
[2025-09-09T06:37:20.263+0000][174][info ][safepoint   ] Safepoint "Cleanup", Time since last: 1001191459 ns, Reaching safepoint: 13708 ns, Cleanup: 17584 ns, At safepoint: 9833 ns, Total: 41125 ns
[2025-09-09T06:37:24.269+0000][174][info ][safepoint   ] Safepoint "Cleanup", Time since last: 4006150252 ns, Reaching safepoint: 34500 ns, Cleanup: 26666 ns, At safepoint: 8250 ns, Total: 69416 ns
[2025-09-09T06:37:26.271+0000][174][info ][safepoint   ] Safepoint "Cleanup", Time since last: 2001710126 ns, Reaching safepoint: 57084 ns, Cleanup: 13458 ns, At safepoint: 6250 ns, Total: 76792 ns
[2025-09-09T06:37:33.278+0000][174][info ][safepoint   ] Safepoint "Cleanup", Time since last: 7006938170 ns, Reaching safepoint: 339667 ns, Cleanup: 31541 ns, At safepoint: 10917 ns, Total: 382125 ns
[2025-09-09T06:37:34.280+0000][174][info ][safepoint   ] Safepoint "Cleanup", Time since last: 1001598167 ns, Reaching safepoint: 105834 ns, Cleanup: 43291 ns, At safepoint: 18917 ns, Total: 168042 ns
[2025-09-09T06:37:35.281+0000][174][info ][safepoint   ] Safepoint "Cleanup", Time since last: 1001146042 ns, Reaching safepoint: 14875 ns, Cleanup: 15042 ns, At safepoint: 3458 ns, Total: 33375 ns
[2025-09-09T06:37:37.607+0000][174][info ][safepoint   ] Safepoint "Cleanup", Time since last: 2326200293 ns, Reaching safepoint: 5375 ns, Cleanup: 5666 ns, At safepoint: 2042 ns, Total: 13083 ns
[2025-09-09T06:37:38.704+0000][174][info ][safepoint   ] Safepoint "Cleanup", Time since last: 1097179376 ns, Reaching safepoint: 4000 ns, Cleanup: 28250 ns, At safepoint: 7875 ns, Total: 40125 ns
[2025-09-09T06:37:39.847+0000][174][info ][safepoint   ] Safepoint "Cleanup", Time since last: 1142689667 ns, Reaching safepoint: 23833 ns, Cleanup: 20292 ns, At safepoint: 12292 ns, Total: 56417 ns
[2025-09-09T06:37:40.849+0000][174][info ][safepoint   ] Safepoint "Cleanup", Time since last: 1001891625 ns, Reaching safepoint: 74250 ns, Cleanup: 34625 ns, At safepoint: 11375 ns, Total: 120250 ns
[2025-09-09T06:37:43.851+0000][174][info ][safepoint   ] Safepoint "Cleanup", Time since last: 3002493917 ns, Reaching safepoint: 16042 ns, Cleanup: 12500 ns, At safepoint: 4042 ns, Total: 32584 ns
[2025-09-09T06:37:47.855+0000][174][info ][safepoint   ] Safepoint "Cleanup", Time since last: 4004101918 ns, Reaching safepoint: 28750 ns, Cleanup: 13542 ns, At safepoint: 5292 ns, Total: 47584 ns
[2025-09-09T06:37:51.861+0000][174][info ][safepoint   ] Safepoint "Cleanup", Time since last: 4005783543 ns, Reaching safepoint: 95459 ns, Cleanup: 42291 ns, At safepoint: 5834 ns, Total: 143584 ns
[2025-09-09T06:37:53.863+0000][174][info ][safepoint   ] Safepoint "Cleanup", Time since last: 2001853376 ns, Reaching safepoint: 13125 ns, Cleanup: 9833 ns, At safepoint: 3667 ns, Total: 26625 ns
[2025-09-09T06:38:01.624+0000][174][info ][safepoint   ] Safepoint "Cleanup", Time since last: 7761019045 ns, Reaching safepoint: 5875 ns, Cleanup: 17000 ns, At safepoint: 7750 ns, Total: 30625 ns
[2025-09-09T06:38:02.916+0000][174][info ][safepoint   ] Safepoint "Cleanup", Time since last: 1291866292 ns, Reaching safepoint: 3417 ns, Cleanup: 105250 ns, At safepoint: 8167 ns, Total: 116834 ns
[2025-09-09T06:38:03.918+0000][174][info ][safepoint   ] Safepoint "Cleanup", Time since last: 1002044292 ns, Reaching safepoint: 24208 ns, Cleanup: 30000 ns, At safepoint: 6500 ns, Total: 60708 ns
[2025-09-09T06:38:08.491+0000][174][info ][safepoint   ] Safepoint "Cleanup", Time since last: 4573170669 ns, Reaching safepoint: 62167 ns, Cleanup: 8333 ns, At safepoint: 4750 ns, Total: 75250 ns
[2025-09-09T06:38:11.496+0000][174][info ][safepoint   ] Safepoint "Cleanup", Time since last: 3004170793 ns, Reaching safepoint: 211500 ns, Cleanup: 132500 ns, At safepoint: 27042 ns, Total: 371042 ns
[2025-09-09T06:38:12.497+0000][174][info ][safepoint   ] Safepoint "Cleanup", Time since last: 1001059667 ns, Reaching safepoint: 125500 ns, Cleanup: 22500 ns, At safepoint: 5083 ns, Total: 153083 ns
[2025-09-09T06:38:13.498+0000][174][info ][safepoint   ] Safepoint "Cleanup", Time since last: 1000883709 ns, Reaching safepoint: 29708 ns, Cleanup: 21000 ns, At safepoint: 11083 ns, Total: 61791 ns
[2025-09-09T06:38:14.499+0000][174][info ][safepoint   ] Safepoint "Cleanup", Time since last: 1001013709 ns, Reaching safepoint: 39958 ns, Cleanup: 65917 ns, At safepoint: 15000 ns, Total: 120875 ns
[2025-09-09T06:38:20.506+0000][174][info ][safepoint   ] Safepoint "Cleanup", Time since last: 6006480836 ns, Reaching safepoint: 21167 ns, Cleanup: 11333 ns, At safepoint: 4584 ns, Total: 37084 ns
[2025-09-09T06:38:28.515+0000][174][info ][safepoint   ] Safepoint "Cleanup", Time since last: 8009536962 ns, Reaching safepoint: 113250 ns, Cleanup: 23125 ns, At safepoint: 10083 ns, Total: 146458 ns
[2025-09-09T06:38:32.524+0000][174][info ][safepoint   ] Safepoint "Cleanup", Time since last: 4006039502 ns, Reaching safepoint: 2417917 ns, Cleanup: 211208 ns, At safepoint: 17917 ns, Total: 2647042 ns
[2025-09-09T06:38:33.525+0000][174][info ][safepoint   ] Safepoint "Cleanup", Time since last: 1001393917 ns, Reaching safepoint: 19458 ns, Cleanup: 97125 ns, At safepoint: 25209 ns, Total: 141792 ns
[2025-09-09T06:38:37.530+0000][174][info ][safepoint   ] Safepoint "Cleanup", Time since last: 4004458501 ns, Reaching safepoint: 73250 ns, Cleanup: 35709 ns, At safepoint: 12083 ns, Total: 121042 ns
[2025-09-09T06:38:38.531+0000][174][info ][safepoint   ] Safepoint "Cleanup", Time since last: 1000918792 ns, Reaching safepoint: 15375 ns, Cleanup: 109000 ns, At safepoint: 77667 ns, Total: 202042 ns
[2025-09-09T06:38:43.536+0000][174][info ][safepoint   ] Safepoint "Cleanup", Time since last: 5004961752 ns, Reaching safepoint: 52791 ns, Cleanup: 15375 ns, At safepoint: 5792 ns, Total: 73958 ns
[2025-09-09T06:38:47.540+0000][174][info ][safepoint   ] Safepoint "Cleanup", Time since last: 4003820169 ns, Reaching safepoint: 16583 ns, Cleanup: 13750 ns, At safepoint: 6542 ns, Total: 36875 ns
[2025-09-09T06:38:48.541+0000][174][info ][safepoint   ] Safepoint "Cleanup", Time since last: 1001187125 ns, Reaching safepoint: 204833 ns, Cleanup: 29750 ns, At safepoint: 10042 ns, Total: 244625 ns
[2025-09-09T06:38:50.545+0000][174][info ][safepoint   ] Safepoint "Cleanup", Time since last: 2003163626 ns, Reaching safepoint: 26708 ns, Cleanup: 23084 ns, At safepoint: 7708 ns, Total: 57500 ns
[2025-09-09T06:38:52.548+0000][174][info ][safepoint   ] Safepoint "Cleanup", Time since last: 2002874543 ns, Reaching safepoint: 25250 ns, Cleanup: 23666 ns, At safepoint: 7125 ns, Total: 56041 ns
[2025-09-09T06:38:53.550+0000][174][info ][safepoint   ] Safepoint "Cleanup", Time since last: 1001883376 ns, Reaching safepoint: 10625 ns, Cleanup: 19750 ns, At safepoint: 3041 ns, Total: 33416 ns
[2025-09-09T06:38:58.554+0000][174][info ][safepoint   ] Safepoint "Cleanup", Time since last: 5004247169 ns, Reaching safepoint: 34084 ns, Cleanup: 15083 ns, At safepoint: 5250 ns, Total: 54417 ns
[2025-09-09T06:38:59.556+0000][174][info ][safepoint   ] Safepoint "Cleanup", Time since last: 1001751417 ns, Reaching safepoint: 15459 ns, Cleanup: 18208 ns, At safepoint: 4083 ns, Total: 37750 ns
[2025-09-09T06:39:01.559+0000][174][info ][safepoint   ] Safepoint "Cleanup", Time since last: 2003750501 ns, Reaching safepoint: 22875 ns, Cleanup: 14334 ns, At safepoint: 4666 ns, Total: 41875 ns
[2025-09-09T06:39:02.560+0000][174][info ][safepoint   ] Safepoint "Cleanup", Time since last: 1000452084 ns, Reaching safepoint: 123000 ns, Cleanup: 58750 ns, At safepoint: 16208 ns, Total: 197958 ns
[2025-09-09T06:39:03.562+0000][174][info ][safepoint   ] Safepoint "Cleanup", Time since last: 1001977168 ns, Reaching safepoint: 13875 ns, Cleanup: 13000 ns, At safepoint: 4250 ns, Total: 31125 ns
[2025-09-09T06:39:04.605+0000][174][info ][gc,start    ] GC(21) Pause Young (Concurrent Start) (CodeCache GC Threshold)
[2025-09-09T06:39:04.605+0000][174][info ][gc,task     ] GC(21) Using 8 workers of 8 for evacuation
[2025-09-09T06:39:04.605+0000][174][debug][gc,age      ] GC(21) Desired survivor size 41943040 bytes, new threshold 15 (max threshold 15)
[2025-09-09T06:39:04.635+0000][174][info ][gc,phases   ] GC(21)   Pre Evacuate Collection Set: 0.90ms
[2025-09-09T06:39:04.635+0000][174][info ][gc,phases   ] GC(21)   Merge Heap Roots: 0.17ms
[2025-09-09T06:39:04.635+0000][174][info ][gc,phases   ] GC(21)   Evacuate Collection Set: 25.77ms
[2025-09-09T06:39:04.635+0000][174][info ][gc,phases   ] GC(21)   Post Evacuate Collection Set: 2.80ms
[2025-09-09T06:39:04.635+0000][174][info ][gc,phases   ] GC(21)   Other: 0.34ms
[2025-09-09T06:39:04.636+0000][174][trace][gc,age      ] GC(21) Age table with threshold 15 (max threshold 15)
[2025-09-09T06:39:04.636+0000][174][trace][gc,age      ] GC(21) - age   1:     820336 bytes,     820336 total
[2025-09-09T06:39:04.636+0000][174][trace][gc,age      ] GC(21) - age   2:    2866784 bytes,    3687120 total
[2025-09-09T06:39:04.636+0000][174][trace][gc,age      ] GC(21) - age   3:    3376696 bytes,    7063816 total
[2025-09-09T06:39:04.636+0000][174][trace][gc,age      ] GC(21) - age   4:    2280184 bytes,    9344000 total
[2025-09-09T06:39:04.636+0000][174][trace][gc,age      ] GC(21) - age   5:   18066264 bytes,   27410264 total
[2025-09-09T06:39:04.636+0000][174][info ][gc,heap     ] GC(21) Eden regions: 135->0(145)
[2025-09-09T06:39:04.636+0000][174][info ][gc,heap     ] GC(21) Survivor regions: 8->8(20)
[2025-09-09T06:39:04.636+0000][174][info ][gc,heap     ] GC(21) Old regions: 31->31
[2025-09-09T06:39:04.636+0000][174][info ][gc,heap     ] GC(21) Humongous regions: 2->2
[2025-09-09T06:39:04.636+0000][174][info ][gc,metaspace] GC(21) Metaspace: 159065K(163520K)->159065K(163520K) NonClass: 137067K(139520K)->137067K(139520K) Class: 21998K(24000K)->21998K(24000K)
[2025-09-09T06:39:04.636+0000][174][info ][gc          ] GC(21) Pause Young (Concurrent Start) (CodeCache GC Threshold) 694M->159M(1024M) 30.804ms
[2025-09-09T06:39:04.636+0000][174][info ][gc          ] GC(22) Concurrent Mark Cycle
[2025-09-09T06:39:04.636+0000][174][info ][gc,marking  ] GC(22) Concurrent Scan Root Regions
[2025-09-09T06:39:04.636+0000][174][info ][gc,cpu      ] GC(21) User=0.19s Sys=0.00s Real=0.03s
[2025-09-09T06:39:04.636+0000][174][info ][safepoint   ] Safepoint "G1TryInitiateConcMark", Time since last: 1041903708 ns, Reaching safepoint: 947250 ns, Cleanup: 8292 ns, At safepoint: 31198958 ns, Total: 32154500 ns
[2025-09-09T06:39:04.644+0000][174][info ][gc,marking  ] GC(22) Concurrent Scan Root Regions 7.843ms
[2025-09-09T06:39:04.644+0000][174][info ][gc,marking  ] GC(22) Concurrent Mark
[2025-09-09T06:39:04.644+0000][174][info ][gc,marking  ] GC(22) Concurrent Mark From Roots
[2025-09-09T06:39:04.644+0000][174][info ][gc,task     ] GC(22) Using 2 workers of 2 for marking
[2025-09-09T06:39:04.705+0000][174][info ][gc,marking  ] GC(22) Concurrent Mark From Roots 60.325ms
[2025-09-09T06:39:04.705+0000][174][info ][gc,marking  ] GC(22) Concurrent Preclean
[2025-09-09T06:39:04.705+0000][174][info ][gc,marking  ] GC(22) Concurrent Preclean 0.475ms
[2025-09-09T06:39:04.706+0000][174][info ][gc,start    ] GC(22) Pause Remark
[2025-09-09T06:39:04.740+0000][174][info ][gc          ] GC(22) Pause Remark 167M->167M(1024M) 34.501ms
[2025-09-09T06:39:04.740+0000][174][info ][gc,cpu      ] GC(22) User=0.19s Sys=0.00s Real=0.03s
[2025-09-09T06:39:04.741+0000][174][info ][safepoint   ] Safepoint "G1PauseRemark", Time since last: 69395875 ns, Reaching safepoint: 252625 ns, Cleanup: 11959 ns, At safepoint: 34712875 ns, Total: 34977459 ns
[2025-09-09T06:39:04.741+0000][174][info ][gc,marking  ] GC(22) Concurrent Mark 96.359ms
[2025-09-09T06:39:04.741+0000][174][info ][gc,marking  ] GC(22) Concurrent Rebuild Remembered Sets and Scrub Regions
[2025-09-09T06:39:04.765+0000][174][info ][gc,marking  ] GC(22) Concurrent Rebuild Remembered Sets and Scrub Regions 24.515ms
[2025-09-09T06:39:04.765+0000][174][info ][gc,start    ] GC(22) Pause Cleanup
[2025-09-09T06:39:04.766+0000][174][info ][gc          ] GC(22) Pause Cleanup 168M->168M(1024M) 0.138ms
[2025-09-09T06:39:04.766+0000][174][info ][gc,cpu      ] GC(22) User=0.00s Sys=0.00s Real=0.00s
[2025-09-09T06:39:04.766+0000][174][info ][safepoint   ] Safepoint "G1PauseCleanup", Time since last: 24746708 ns, Reaching safepoint: 9917 ns, Cleanup: 81541 ns, At safepoint: 242375 ns, Total: 333833 ns
[2025-09-09T06:39:04.766+0000][174][info ][gc,marking  ] GC(22) Concurrent Clear Claimed Marks
[2025-09-09T06:39:04.766+0000][174][info ][gc,marking  ] GC(22) Concurrent Clear Claimed Marks 0.611ms
[2025-09-09T06:39:04.766+0000][174][info ][gc,marking  ] GC(22) Concurrent Cleanup for Next Mark
[2025-09-09T06:39:04.769+0000][174][info ][gc,marking  ] GC(22) Concurrent Cleanup for Next Mark 3.102ms
[2025-09-09T06:39:04.770+0000][174][info ][gc          ] GC(22) Concurrent Mark Cycle 133.772ms
[2025-09-09T06:39:06.115+0000][174][info ][safepoint   ] Safepoint "Cleanup", Time since last: 1349707793 ns, Reaching safepoint: 6416 ns, Cleanup: 34667 ns, At safepoint: 12375 ns, Total: 53458 ns
[2025-09-09T06:39:08.119+0000][174][info ][safepoint   ] Safepoint "Cleanup", Time since last: 2003584501 ns, Reaching safepoint: 61125 ns, Cleanup: 17208 ns, At safepoint: 6792 ns, Total: 85125 ns
[2025-09-09T06:39:09.120+0000][174][info ][safepoint   ] Safepoint "Cleanup", Time since last: 1000977834 ns, Reaching safepoint: 12667 ns, Cleanup: 8791 ns, At safepoint: 4084 ns, Total: 25542 ns
[2025-09-09T06:39:10.121+0000][174][info ][safepoint   ] Safepoint "Cleanup", Time since last: 1001064458 ns, Reaching safepoint: 143334 ns, Cleanup: 19666 ns, At safepoint: 8459 ns, Total: 171459 ns
[2025-09-09T06:39:11.122+0000][174][info ][safepoint   ] Safepoint "Cleanup", Time since last: 1000744000 ns, Reaching safepoint: 18000 ns, Cleanup: 16458 ns, At safepoint: 6542 ns, Total: 41000 ns
[2025-09-09T06:39:14.124+0000][174][info ][safepoint   ] Safepoint "Cleanup", Time since last: 3002164960 ns, Reaching safepoint: 16333 ns, Cleanup: 22875 ns, At safepoint: 6583 ns, Total: 45791 ns
[2025-09-09T06:39:15.125+0000][174][info ][safepoint   ] Safepoint "Cleanup", Time since last: 1000511959 ns, Reaching safepoint: 12458 ns, Cleanup: 8834 ns, At safepoint: 4500 ns, Total: 25792 ns
[2025-09-09T06:39:17.128+0000][174][info ][safepoint   ] Safepoint "Cleanup", Time since last: 2002976042 ns, Reaching safepoint: 15542 ns, Cleanup: 11542 ns, At safepoint: 4083 ns, Total: 31167 ns
[2025-09-09T06:39:18.130+0000][174][info ][safepoint   ] Safepoint "Cleanup", Time since last: 1001509251 ns, Reaching safepoint: 35416 ns, Cleanup: 26667 ns, At safepoint: 9708 ns, Total: 71791 ns
[2025-09-09T06:39:19.130+0000][174][info ][safepoint   ] Safepoint "Cleanup", Time since last: 1000576167 ns, Reaching safepoint: 12542 ns, Cleanup: 9125 ns, At safepoint: 4417 ns, Total: 26084 ns
[2025-09-09T06:39:20.131+0000][174][info ][safepoint   ] Safepoint "Cleanup", Time since last: 1000894625 ns, Reaching safepoint: 64000 ns, Cleanup: 38667 ns, At safepoint: 14250 ns, Total: 116917 ns
[2025-09-09T06:39:21.132+0000][174][info ][safepoint   ] Safepoint "Cleanup", Time since last: 1000935459 ns, Reaching safepoint: 13083 ns, Cleanup: 13458 ns, At safepoint: 4417 ns, Total: 30958 ns
[2025-09-09T06:39:22.133+0000][174][info ][safepoint   ] Safepoint "Cleanup", Time since last: 1000870334 ns, Reaching safepoint: 22625 ns, Cleanup: 16458 ns, At safepoint: 7333 ns, Total: 46416 ns
[2025-09-09T06:39:24.136+0000][174][info ][safepoint   ] Safepoint "Cleanup", Time since last: 2002604585 ns, Reaching safepoint: 32000 ns, Cleanup: 20250 ns, At safepoint: 8625 ns, Total: 60875 ns
[2025-09-09T06:39:32.142+0000][174][info ][safepoint   ] Safepoint "Cleanup", Time since last: 8006371170 ns, Reaching safepoint: 122167 ns, Cleanup: 33375 ns, At safepoint: 11500 ns, Total: 167042 ns
[2025-09-09T06:39:33.144+0000][174][info ][safepoint   ] Safepoint "Cleanup", Time since last: 1001887542 ns, Reaching safepoint: 9667 ns, Cleanup: 13375 ns, At safepoint: 4375 ns, Total: 27417 ns
[2025-09-09T06:39:34.146+0000][174][info ][safepoint   ] Safepoint "Cleanup", Time since last: 1001259875 ns, Reaching safepoint: 24750 ns, Cleanup: 41250 ns, At safepoint: 16625 ns, Total: 82625 ns
[2025-09-09T06:39:35.146+0000][174][info ][safepoint   ] Safepoint "Cleanup", Time since last: 1000617792 ns, Reaching safepoint: 34584 ns, Cleanup: 22083 ns, At safepoint: 11958 ns, Total: 68625 ns
[2025-09-09T06:39:36.147+0000][174][info ][safepoint   ] Safepoint "Cleanup", Time since last: 1000847709 ns, Reaching safepoint: 88583 ns, Cleanup: 24167 ns, At safepoint: 25583 ns, Total: 138333 ns
[2025-09-09T06:39:37.148+0000][174][info ][safepoint   ] Safepoint "Cleanup", Time since last: 1000998668 ns, Reaching safepoint: 18416 ns, Cleanup: 15584 ns, At safepoint: 6791 ns, Total: 40791 ns
[2025-09-09T06:39:38.149+0000][174][info ][safepoint   ] Safepoint "Cleanup", Time since last: 1000848167 ns, Reaching safepoint: 92417 ns, Cleanup: 16417 ns, At safepoint: 6500 ns, Total: 115334 ns
[2025-09-09T06:39:41.152+0000][174][info ][safepoint   ] Safepoint "Cleanup", Time since last: 3002762543 ns, Reaching safepoint: 39958 ns, Cleanup: 17375 ns, At safepoint: 5000 ns, Total: 62333 ns
[2025-09-09T06:39:44.156+0000][174][info ][safepoint   ] Safepoint "Cleanup", Time since last: 3003579085 ns, Reaching safepoint: 197416 ns, Cleanup: 52084 ns, At safepoint: 13375 ns, Total: 262875 ns
[2025-09-09T06:39:46.159+0000][174][info ][safepoint   ] Safepoint "Cleanup", Time since last: 2003111251 ns, Reaching safepoint: 18041 ns, Cleanup: 12167 ns, At safepoint: 4917 ns, Total: 35125 ns
[2025-09-09T06:39:49.161+0000][174][info ][safepoint   ] Safepoint "Cleanup", Time since last: 3001996251 ns, Reaching safepoint: 14583 ns, Cleanup: 14750 ns, At safepoint: 3709 ns, Total: 33042 ns
[2025-09-09T06:39:50.162+0000][174][info ][safepoint   ] Safepoint "Cleanup", Time since last: 1001268167 ns, Reaching safepoint: 37708 ns, Cleanup: 35208 ns, At safepoint: 9459 ns, Total: 82375 ns
[2025-09-09T06:39:57.169+0000][174][info ][safepoint   ] Safepoint "Cleanup", Time since last: 7006624711 ns, Reaching safepoint: 20959 ns, Cleanup: 17958 ns, At safepoint: 5000 ns, Total: 43917 ns
[2025-09-09T06:40:04.176+0000][174][info ][safepoint   ] Safepoint "Cleanup", Time since last: 7007078004 ns, Reaching safepoint: 35958 ns, Cleanup: 11750 ns, At safepoint: 4292 ns, Total: 52000 ns
[2025-09-09T06:40:05.895+0000][174][info ][safepoint   ] Safepoint "Cleanup", Time since last: 1718198292 ns, Reaching safepoint: 60417 ns, Cleanup: 22291 ns, At safepoint: 7709 ns, Total: 90417 ns
[2025-09-09T06:40:07.652+0000][174][info ][safepoint   ] Safepoint "Cleanup", Time since last: 1757711209 ns, Reaching safepoint: 4791 ns, Cleanup: 20875 ns, At safepoint: 2042 ns, Total: 27708 ns
[2025-09-09T06:40:09.257+0000][174][info ][safepoint   ] Safepoint "Cleanup", Time since last: 1604898668 ns, Reaching safepoint: 5416 ns, Cleanup: 80042 ns, At safepoint: 8167 ns, Total: 93625 ns
[2025-09-09T06:40:11.261+0000][174][info ][safepoint   ] Safepoint "Cleanup", Time since last: 2003838501 ns, Reaching safepoint: 39291 ns, Cleanup: 21875 ns, At safepoint: 8875 ns, Total: 70041 ns
[2025-09-09T06:40:14.266+0000][174][info ][safepoint   ] Safepoint "Cleanup", Time since last: 3004358209 ns, Reaching safepoint: 10709 ns, Cleanup: 9375 ns, At safepoint: 5166 ns, Total: 25250 ns
[2025-09-09T06:40:17.268+0000][174][info ][safepoint   ] Safepoint "Cleanup", Time since last: 3002465502 ns, Reaching safepoint: 38375 ns, Cleanup: 16791 ns, At safepoint: 6334 ns, Total: 61500 ns
[2025-09-09T06:40:18.270+0000][174][info ][safepoint   ] Safepoint "Cleanup", Time since last: 1001646417 ns, Reaching safepoint: 13917 ns, Cleanup: 15000 ns, At safepoint: 6208 ns, Total: 35125 ns
[2025-09-09T06:40:20.273+0000][174][info ][safepoint   ] Safepoint "Cleanup", Time since last: 2002502334 ns, Reaching safepoint: 140750 ns, Cleanup: 18250 ns, At safepoint: 8667 ns, Total: 167667 ns
[2025-09-09T06:40:26.281+0000][174][info ][safepoint   ] Safepoint "Cleanup", Time since last: 6008620669 ns, Reaching safepoint: 16959 ns, Cleanup: 16583 ns, At safepoint: 4250 ns, Total: 37792 ns
[2025-09-09T06:40:32.287+0000][174][info ][safepoint   ] Safepoint "Cleanup", Time since last: 6005195753 ns, Reaching safepoint: 190292 ns, Cleanup: 41916 ns, At safepoint: 17334 ns, Total: 249542 ns
[2025-09-09T06:40:33.288+0000][174][info ][safepoint   ] Safepoint "Cleanup", Time since last: 1001470375 ns, Reaching safepoint: 22667 ns, Cleanup: 24916 ns, At safepoint: 7625 ns, Total: 55208 ns
[2025-09-09T06:40:34.289+0000][174][info ][safepoint   ] Safepoint "Cleanup", Time since last: 1000967626 ns, Reaching safepoint: 19042 ns, Cleanup: 22541 ns, At safepoint: 6500 ns, Total: 48083 ns
[2025-09-09T06:40:35.290+0000][174][info ][safepoint   ] Safepoint "Cleanup", Time since last: 1000928251 ns, Reaching safepoint: 37166 ns, Cleanup: 10417 ns, At safepoint: 6000 ns, Total: 53583 ns
[2025-09-09T06:40:44.302+0000][174][info ][safepoint   ] Safepoint "Cleanup", Time since last: 9011301920 ns, Reaching safepoint: 334500 ns, Cleanup: 62167 ns, At safepoint: 19416 ns, Total: 416083 ns
[2025-09-09T06:40:46.305+0000][174][info ][safepoint   ] Safepoint "Cleanup", Time since last: 2003479835 ns, Reaching safepoint: 80750 ns, Cleanup: 33750 ns, At safepoint: 12875 ns, Total: 127375 ns
[2025-09-09T06:40:49.306+0000][174][info ][safepoint   ] Safepoint "Cleanup", Time since last: 3001106418 ns, Reaching safepoint: 36791 ns, Cleanup: 14834 ns, At safepoint: 12291 ns, Total: 63916 ns
[2025-09-09T06:40:53.310+0000][174][info ][safepoint   ] Safepoint "Cleanup", Time since last: 4003452252 ns, Reaching safepoint: 39709 ns, Cleanup: 10833 ns, At safepoint: 4958 ns, Total: 55500 ns
[2025-09-09T06:40:56.313+0000][174][info ][safepoint   ] Safepoint "Cleanup", Time since last: 3003211002 ns, Reaching safepoint: 19625 ns, Cleanup: 14166 ns, At safepoint: 6250 ns, Total: 40041 ns
[2025-09-09T06:41:03.321+0000][174][info ][safepoint   ] Safepoint "Cleanup", Time since last: 7007733795 ns, Reaching safepoint: 13209 ns, Cleanup: 13041 ns, At safepoint: 5709 ns, Total: 31959 ns
[2025-09-09T06:41:05.114+0000][174][info ][safepoint   ] Safepoint "Cleanup", Time since last: 1793476334 ns, Reaching safepoint: 4667 ns, Cleanup: 21500 ns, At safepoint: 5333 ns, Total: 31500 ns
[2025-09-09T06:41:08.117+0000][174][info ][safepoint   ] Safepoint "Cleanup", Time since last: 3002433960 ns, Reaching safepoint: 20625 ns, Cleanup: 18375 ns, At safepoint: 5958 ns, Total: 44958 ns
[2025-09-09T06:41:09.118+0000][174][info ][safepoint   ] Safepoint "Cleanup", Time since last: 1000943709 ns, Reaching safepoint: 16667 ns, Cleanup: 19833 ns, At safepoint: 4375 ns, Total: 40875 ns
[2025-09-09T06:41:10.644+0000][174][info ][safepoint   ] Safepoint "Cleanup", Time since last: 1526380459 ns, Reaching safepoint: 4042 ns, Cleanup: 10166 ns, At safepoint: 3584 ns, Total: 17792 ns
[2025-09-09T06:41:12.433+0000][174][info ][safepoint   ] Safepoint "Cleanup", Time since last: 1788375374 ns, Reaching safepoint: 5209 ns, Cleanup: 61250 ns, At safepoint: 13083 ns, Total: 79542 ns
[2025-09-09T06:41:13.436+0000][174][info ][safepoint   ] Safepoint "Cleanup", Time since last: 1003280876 ns, Reaching safepoint: 13291 ns, Cleanup: 14625 ns, At safepoint: 3917 ns, Total: 31833 ns
[2025-09-09T06:41:14.437+0000][174][info ][safepoint   ] Safepoint "Cleanup", Time since last: 1000918417 ns, Reaching safepoint: 12458 ns, Cleanup: 17875 ns, At safepoint: 5834 ns, Total: 36167 ns
[2025-09-09T06:41:15.438+0000][174][info ][safepoint   ] Safepoint "Cleanup", Time since last: 1001107542 ns, Reaching safepoint: 28125 ns, Cleanup: 25417 ns, At safepoint: 8708 ns, Total: 62250 ns
[2025-09-09T06:41:16.439+0000][174][info ][safepoint   ] Safepoint "Cleanup", Time since last: 1000895542 ns, Reaching safepoint: 14375 ns, Cleanup: 10958 ns, At safepoint: 5542 ns, Total: 30875 ns
[2025-09-09T06:41:17.440+0000][174][info ][safepoint   ] Safepoint "Cleanup", Time since last: 1000742959 ns, Reaching safepoint: 19333 ns, Cleanup: 28292 ns, At safepoint: 5750 ns, Total: 53375 ns
[2025-09-09T06:41:18.441+0000][174][info ][safepoint   ] Safepoint "Cleanup", Time since last: 1001678334 ns, Reaching safepoint: 15416 ns, Cleanup: 13250 ns, At safepoint: 7875 ns, Total: 36541 ns
[2025-09-09T06:41:22.445+0000][174][info ][safepoint   ] Safepoint "Cleanup", Time since last: 4003954919 ns, Reaching safepoint: 12833 ns, Cleanup: 15792 ns, At safepoint: 3208 ns, Total: 31833 ns
[2025-09-09T06:41:33.458+0000][174][info ][safepoint   ] Safepoint "Cleanup", Time since last: 11012659672 ns, Reaching safepoint: 184167 ns, Cleanup: 64500 ns, At safepoint: 19000 ns, Total: 267667 ns
[2025-09-09T06:41:35.461+0000][174][info ][safepoint   ] Safepoint "Cleanup", Time since last: 2002531584 ns, Reaching safepoint: 74875 ns, Cleanup: 34250 ns, At safepoint: 10917 ns, Total: 120042 ns
[2025-09-09T06:41:39.466+0000][174][info ][safepoint   ] Safepoint "Cleanup", Time since last: 4004590960 ns, Reaching safepoint: 81542 ns, Cleanup: 32750 ns, At safepoint: 12666 ns, Total: 126958 ns
[2025-09-09T06:41:41.468+0000][174][info ][safepoint   ] Safepoint "Cleanup", Time since last: 2002549085 ns, Reaching safepoint: 48208 ns, Cleanup: 27708 ns, At safepoint: 14084 ns, Total: 90000 ns
[2025-09-09T06:41:42.470+0000][174][info ][safepoint   ] Safepoint "Cleanup", Time since last: 1001452624 ns, Reaching safepoint: 15917 ns, Cleanup: 28416 ns, At safepoint: 8292 ns, Total: 52625 ns
[2025-09-09T06:41:45.473+0000][174][info ][safepoint   ] Safepoint "Cleanup", Time since last: 3003526710 ns, Reaching safepoint: 12958 ns, Cleanup: 8709 ns, At safepoint: 5083 ns, Total: 26750 ns
[2025-09-09T06:41:46.474+0000][174][info ][safepoint   ] Safepoint "Cleanup", Time since last: 1000354084 ns, Reaching safepoint: 17625 ns, Cleanup: 15458 ns, At safepoint: 5417 ns, Total: 38500 ns
[2025-09-09T06:41:47.475+0000][174][info ][safepoint   ] Safepoint "Cleanup", Time since last: 1001086792 ns, Reaching safepoint: 13083 ns, Cleanup: 15042 ns, At safepoint: 4125 ns, Total: 32250 ns
[2025-09-09T06:41:50.480+0000][174][info ][safepoint   ] Safepoint "Cleanup", Time since last: 3004747085 ns, Reaching safepoint: 16083 ns, Cleanup: 11333 ns, At safepoint: 4542 ns, Total: 31958 ns
[2025-09-09T06:41:51.481+0000][174][info ][safepoint   ] Safepoint "Cleanup", Time since last: 1000954875 ns, Reaching safepoint: 13584 ns, Cleanup: 11208 ns, At safepoint: 4167 ns, Total: 28959 ns
[2025-09-09T06:41:52.482+0000][174][info ][safepoint   ] Safepoint "Cleanup", Time since last: 1001302959 ns, Reaching safepoint: 16666 ns, Cleanup: 13375 ns, At safepoint: 3959 ns, Total: 34000 ns
[2025-09-09T06:41:53.483+0000][174][info ][safepoint   ] Safepoint "Cleanup", Time since last: 1000862833 ns, Reaching safepoint: 14959 ns, Cleanup: 12708 ns, At safepoint: 5417 ns, Total: 33084 ns
[2025-09-09T06:41:54.484+0000][174][info ][safepoint   ] Safepoint "Cleanup", Time since last: 1000902167 ns, Reaching safepoint: 18125 ns, Cleanup: 13667 ns, At safepoint: 5458 ns, Total: 37250 ns
[2025-09-09T06:41:56.486+0000][174][info ][safepoint   ] Safepoint "Cleanup", Time since last: 2002222001 ns, Reaching safepoint: 16041 ns, Cleanup: 23417 ns, At safepoint: 5958 ns, Total: 45416 ns
[2025-09-09T06:41:58.489+0000][174][info ][safepoint   ] Safepoint "Cleanup", Time since last: 2002510210 ns, Reaching safepoint: 17666 ns, Cleanup: 16459 ns, At safepoint: 5166 ns, Total: 39291 ns
[2025-09-09T06:41:59.490+0000][174][info ][safepoint   ] Safepoint "Cleanup", Time since last: 1001709334 ns, Reaching safepoint: 13250 ns, Cleanup: 8917 ns, At safepoint: 3292 ns, Total: 25459 ns
[2025-09-09T06:42:02.493+0000][174][info ][safepoint   ] Safepoint "Cleanup", Time since last: 3002840168 ns, Reaching safepoint: 46833 ns, Cleanup: 22500 ns, At safepoint: 8083 ns, Total: 77416 ns
[2025-09-09T06:42:10.276+0000][174][info ][safepoint   ] Safepoint "Cleanup", Time since last: 7782327587 ns, Reaching safepoint: 10959 ns, Cleanup: 9250 ns, At safepoint: 2875 ns, Total: 23084 ns
[2025-09-09T06:42:13.673+0000][174][info ][safepoint   ] Safepoint "Cleanup", Time since last: 3397182751 ns, Reaching safepoint: 10917 ns, Cleanup: 39083 ns, At safepoint: 25625 ns, Total: 75625 ns
[2025-09-09T06:42:15.584+0000][174][info ][safepoint   ] Safepoint "Cleanup", Time since last: 1911191334 ns, Reaching safepoint: 4500 ns, Cleanup: 52042 ns, At safepoint: 7750 ns, Total: 64292 ns
[2025-09-09T06:42:16.586+0000][174][info ][safepoint   ] Safepoint "Cleanup", Time since last: 1001551667 ns, Reaching safepoint: 28625 ns, Cleanup: 41708 ns, At safepoint: 7792 ns, Total: 78125 ns
[2025-09-09T06:42:17.588+0000][174][info ][safepoint   ] Safepoint "Cleanup", Time since last: 1002106501 ns, Reaching safepoint: 51625 ns, Cleanup: 16250 ns, At safepoint: 5208 ns, Total: 73083 ns
[2025-09-09T06:42:18.589+0000][174][info ][safepoint   ] Safepoint "Cleanup", Time since last: 1000955209 ns, Reaching safepoint: 14000 ns, Cleanup: 14791 ns, At safepoint: 3959 ns, Total: 32750 ns
[2025-09-09T06:42:23.594+0000][174][info ][safepoint   ] Safepoint "Cleanup", Time since last: 5004689169 ns, Reaching safepoint: 22875 ns, Cleanup: 10250 ns, At safepoint: 3791 ns, Total: 36916 ns
[2025-09-09T06:42:33.606+0000][174][info ][safepoint   ] Safepoint "Cleanup", Time since last: 10012161089 ns, Reaching safepoint: 36458 ns, Cleanup: 34458 ns, At safepoint: 4334 ns, Total: 75250 ns
[2025-09-09T06:42:37.681+0000][174][info ][safepoint   ] Safepoint "Cleanup", Time since last: 4074741210 ns, Reaching safepoint: 5500 ns, Cleanup: 8958 ns, At safepoint: 1708 ns, Total: 16166 ns
[2025-09-09T06:42:39.364+0000][174][info ][safepoint   ] Safepoint "Cleanup", Time since last: 1683724376 ns, Reaching safepoint: 8250 ns, Cleanup: 41625 ns, At safepoint: 9417 ns, Total: 59292 ns
[2025-09-09T06:42:41.368+0000][174][info ][safepoint   ] Safepoint "Cleanup", Time since last: 2003533209 ns, Reaching safepoint: 16500 ns, Cleanup: 14792 ns, At safepoint: 8417 ns, Total: 39709 ns
[2025-09-09T06:42:43.370+0000][174][info ][safepoint   ] Safepoint "Cleanup", Time since last: 2001779416 ns, Reaching safepoint: 19334 ns, Cleanup: 13625 ns, At safepoint: 11125 ns, Total: 44084 ns
[2025-09-09T06:42:52.387+0000][174][info ][safepoint   ] Safepoint "Cleanup", Time since last: 9016997254 ns, Reaching safepoint: 16833 ns, Cleanup: 17792 ns, At safepoint: 7167 ns, Total: 41792 ns
[2025-09-09T06:42:53.389+0000][174][info ][safepoint   ] Safepoint "Cleanup", Time since last: 1002348667 ns, Reaching safepoint: 15875 ns, Cleanup: 12875 ns, At safepoint: 4791 ns, Total: 33541 ns
[2025-09-09T06:42:58.394+0000][174][info ][safepoint   ] Safepoint "Cleanup", Time since last: 5005071669 ns, Reaching safepoint: 13459 ns, Cleanup: 8750 ns, At safepoint: 4750 ns, Total: 26959 ns
[2025-09-09T06:43:02.400+0000][174][info ][safepoint   ] Safepoint "Cleanup", Time since last: 4005478752 ns, Reaching safepoint: 11291 ns, Cleanup: 9334 ns, At safepoint: 2958 ns, Total: 23583 ns
[2025-09-09T06:43:12.532+0000][174][info ][safepoint   ] Safepoint "Cleanup", Time since last: 10130967921 ns, Reaching safepoint: 385875 ns, Cleanup: 26958 ns, At safepoint: 99167 ns, Total: 512000 ns
[2025-09-09T06:43:14.539+0000][174][info ][safepoint   ] Safepoint "Cleanup", Time since last: 2007269917 ns, Reaching safepoint: 193750 ns, Cleanup: 31833 ns, At safepoint: 5542 ns, Total: 231125 ns
[2025-09-09T06:43:16.725+0000][174][info ][safepoint   ] Safepoint "Cleanup", Time since last: 2186044876 ns, Reaching safepoint: 5750 ns, Cleanup: 50584 ns, At safepoint: 36000 ns, Total: 92334 ns
[2025-09-09T06:43:17.747+0000][174][info ][safepoint   ] Safepoint "Cleanup", Time since last: 1021999417 ns, Reaching safepoint: 4708 ns, Cleanup: 10375 ns, At safepoint: 5417 ns, Total: 20500 ns
[2025-09-09T06:43:18.795+0000][174][info ][safepoint   ] Safepoint "Cleanup", Time since last: 1047857667 ns, Reaching safepoint: 6750 ns, Cleanup: 24291 ns, At safepoint: 13125 ns, Total: 44166 ns
[2025-09-09T06:43:22.699+0000][174][info ][safepoint   ] Safepoint "Cleanup", Time since last: 3903734377 ns, Reaching safepoint: 18042 ns, Cleanup: 28083 ns, At safepoint: 13000 ns, Total: 59125 ns
[2025-09-09T06:43:23.835+0000][174][info ][safepoint   ] Safepoint "Cleanup", Time since last: 1136151001 ns, Reaching safepoint: 26042 ns, Cleanup: 78791 ns, At safepoint: 17959 ns, Total: 122792 ns
[2025-09-09T06:43:24.875+0000][174][info ][safepoint   ] Safepoint "Cleanup", Time since last: 1040046042 ns, Reaching safepoint: 18750 ns, Cleanup: 27958 ns, At safepoint: 7417 ns, Total: 54125 ns
[2025-09-09T06:43:28.466+0000][174][info ][safepoint   ] Safepoint "Cleanup", Time since last: 3590740876 ns, Reaching safepoint: 4959 ns, Cleanup: 11958 ns, At safepoint: 3750 ns, Total: 20667 ns
[2025-09-09T06:43:29.506+0000][174][info ][safepoint   ] Safepoint "Cleanup", Time since last: 1039796292 ns, Reaching safepoint: 30834 ns, Cleanup: 35458 ns, At safepoint: 7417 ns, Total: 73709 ns
[2025-09-09T06:43:31.509+0000][174][info ][safepoint   ] Safepoint "Cleanup", Time since last: 2003027584 ns, Reaching safepoint: 32083 ns, Cleanup: 18834 ns, At safepoint: 13625 ns, Total: 64542 ns
[2025-09-09T06:43:32.510+0000][174][info ][safepoint   ] Safepoint "Cleanup", Time since last: 1001061875 ns, Reaching safepoint: 15583 ns, Cleanup: 53917 ns, At safepoint: 11000 ns, Total: 80500 ns
[2025-09-09T06:43:33.511+0000][174][info ][safepoint   ] Safepoint "Cleanup", Time since last: 1001443709 ns, Reaching safepoint: 13042 ns, Cleanup: 35000 ns, At safepoint: 5916 ns, Total: 53958 ns
[2025-09-09T06:43:35.513+0000][174][info ][safepoint   ] Safepoint "Cleanup", Time since last: 2001511959 ns, Reaching safepoint: 203875 ns, Cleanup: 54667 ns, At safepoint: 35792 ns, Total: 294334 ns
[2025-09-09T06:43:41.520+0000][174][info ][safepoint   ] Safepoint "Cleanup", Time since last: 6006756878 ns, Reaching safepoint: 78791 ns, Cleanup: 38917 ns, At safepoint: 17000 ns, Total: 134708 ns
[2025-09-09T06:43:44.524+0000][174][info ][safepoint   ] Safepoint "Cleanup", Time since last: 3004193417 ns, Reaching safepoint: 30500 ns, Cleanup: 12000 ns, At safepoint: 6667 ns, Total: 49167 ns
[2025-09-09T06:43:45.526+0000][174][info ][safepoint   ] Safepoint "Cleanup", Time since last: 1001487667 ns, Reaching safepoint: 66333 ns, Cleanup: 17167 ns, At safepoint: 9667 ns, Total: 93167 ns
[2025-09-09T06:43:46.530+0000][174][info ][safepoint   ] Safepoint "Cleanup", Time since last: 1003722583 ns, Reaching safepoint: 11584 ns, Cleanup: 18041 ns, At safepoint: 4875 ns, Total: 34500 ns
[2025-09-09T06:43:47.531+0000][174][info ][safepoint   ] Safepoint "Cleanup", Time since last: 1001379293 ns, Reaching safepoint: 71208 ns, Cleanup: 51167 ns, At safepoint: 15875 ns, Total: 138250 ns
[2025-09-09T06:43:48.533+0000][174][info ][safepoint   ] Safepoint "Cleanup", Time since last: 1001553833 ns, Reaching safepoint: 13167 ns, Cleanup: 10958 ns, At safepoint: 3500 ns, Total: 27625 ns
[2025-09-09T06:43:52.537+0000][174][info ][safepoint   ] Safepoint "Cleanup", Time since last: 4003900544 ns, Reaching safepoint: 137083 ns, Cleanup: 24125 ns, At safepoint: 8167 ns, Total: 169375 ns
[2025-09-09T06:43:53.539+0000][174][info ][safepoint   ] Safepoint "Cleanup", Time since last: 1002327250 ns, Reaching safepoint: 58917 ns, Cleanup: 46458 ns, At safepoint: 11500 ns, Total: 116875 ns
[2025-09-09T06:43:56.543+0000][174][info ][safepoint   ] Safepoint "Cleanup", Time since last: 3003287294 ns, Reaching safepoint: 12375 ns, Cleanup: 10458 ns, At safepoint: 4208 ns, Total: 27041 ns
[2025-09-09T06:44:05.553+0000][174][info ][safepoint   ] Safepoint "Cleanup", Time since last: 9009965463 ns, Reaching safepoint: 167291 ns, Cleanup: 22542 ns, At safepoint: 15792 ns, Total: 205625 ns
[2025-09-09T06:44:11.618+0000][174][info ][safepoint   ] Safepoint "Cleanup", Time since last: 6064797044 ns, Reaching safepoint: 19250 ns, Cleanup: 11125 ns, At safepoint: 6542 ns, Total: 36917 ns
[2025-09-09T06:44:13.620+0000][174][info ][safepoint   ] Safepoint "Cleanup", Time since last: 2002241667 ns, Reaching safepoint: 46583 ns, Cleanup: 13125 ns, At safepoint: 7084 ns, Total: 66792 ns
[2025-09-09T06:44:18.625+0000][174][info ][safepoint   ] Safepoint "Cleanup", Time since last: 5004817002 ns, Reaching safepoint: 66875 ns, Cleanup: 63875 ns, At safepoint: 9833 ns, Total: 140583 ns
[2025-09-09T06:44:19.696+0000][174][info ][safepoint   ] Safepoint "Cleanup", Time since last: 1071459793 ns, Reaching safepoint: 3833 ns, Cleanup: 12125 ns, At safepoint: 3833 ns, Total: 19791 ns
[2025-09-09T06:44:21.083+0000][174][info ][safepoint   ] Safepoint "Cleanup", Time since last: 1386948668 ns, Reaching safepoint: 17416 ns, Cleanup: 90709 ns, At safepoint: 12708 ns, Total: 120833 ns
[2025-09-09T06:44:23.090+0000][174][info ][safepoint   ] Safepoint "Cleanup", Time since last: 2006743834 ns, Reaching safepoint: 40584 ns, Cleanup: 22166 ns, At safepoint: 10292 ns, Total: 73042 ns
[2025-09-09T06:44:24.092+0000][174][info ][safepoint   ] Safepoint "Cleanup", Time since last: 1001864792 ns, Reaching safepoint: 42833 ns, Cleanup: 14459 ns, At safepoint: 5875 ns, Total: 63167 ns
[2025-09-09T06:44:34.105+0000][174][info ][safepoint   ] Safepoint "Cleanup", Time since last: 10012442588 ns, Reaching safepoint: 227708 ns, Cleanup: 31750 ns, At safepoint: 9000 ns, Total: 268458 ns
[2025-09-09T06:44:35.107+0000][174][info ][safepoint   ] Safepoint "Cleanup", Time since last: 1002064959 ns, Reaching safepoint: 12833 ns, Cleanup: 12042 ns, At safepoint: 3667 ns, Total: 28542 ns
[2025-09-09T06:44:38.110+0000][174][info ][safepoint   ] Safepoint "Cleanup", Time since last: 3002642918 ns, Reaching safepoint: 96541 ns, Cleanup: 62709 ns, At safepoint: 24916 ns, Total: 184166 ns
[2025-09-09T06:44:40.111+0000][174][info ][safepoint   ] Safepoint "Cleanup", Time since last: 2001811793 ns, Reaching safepoint: 20917 ns, Cleanup: 18500 ns, At safepoint: 7041 ns, Total: 46458 ns
[2025-09-09T06:44:43.115+0000][174][info ][safepoint   ] Safepoint "Cleanup", Time since last: 3003460043 ns, Reaching safepoint: 11917 ns, Cleanup: 12416 ns, At safepoint: 3459 ns, Total: 27792 ns
[2025-09-09T06:44:44.116+0000][174][info ][safepoint   ] Safepoint "Cleanup", Time since last: 1000961125 ns, Reaching safepoint: 80292 ns, Cleanup: 61417 ns, At safepoint: 13666 ns, Total: 155375 ns
[2025-09-09T06:44:48.122+0000][174][info ][safepoint   ] Safepoint "Cleanup", Time since last: 4005662585 ns, Reaching safepoint: 68667 ns, Cleanup: 39958 ns, At safepoint: 14250 ns, Total: 122875 ns
[2025-09-09T06:44:49.124+0000][174][info ][safepoint   ] Safepoint "Cleanup", Time since last: 1001513834 ns, Reaching safepoint: 12959 ns, Cleanup: 13458 ns, At safepoint: 3125 ns, Total: 29542 ns
[2025-09-09T06:44:50.125+0000][174][info ][safepoint   ] Safepoint "Cleanup", Time since last: 1001399750 ns, Reaching safepoint: 37667 ns, Cleanup: 19792 ns, At safepoint: 7625 ns, Total: 65084 ns
[2025-09-09T06:45:04.141+0000][174][info ][safepoint   ] Safepoint "Cleanup", Time since last: 14016128798 ns, Reaching safepoint: 58458 ns, Cleanup: 30209 ns, At safepoint: 12250 ns, Total: 100917 ns
[2025-09-09T06:45:07.761+0000][174][info ][safepoint   ] Safepoint "Cleanup", Time since last: 3618788127 ns, Reaching safepoint: 614250 ns, Cleanup: 16666 ns, At safepoint: 26875 ns, Total: 657791 ns
[2025-09-09T06:45:16.778+0000][174][info ][safepoint   ] Safepoint "Cleanup", Time since last: 9017065046 ns, Reaching safepoint: 99542 ns, Cleanup: 11375 ns, At safepoint: 4125 ns, Total: 115042 ns
[2025-09-09T06:45:22.716+0000][174][info ][safepoint   ] Safepoint "Cleanup", Time since last: 5938400877 ns, Reaching safepoint: 7750 ns, Cleanup: 20375 ns, At safepoint: 4417 ns, Total: 32542 ns
[2025-09-09T06:45:24.223+0000][174][info ][safepoint   ] Safepoint "Cleanup", Time since last: 1506876959 ns, Reaching safepoint: 19375 ns, Cleanup: 80333 ns, At safepoint: 9084 ns, Total: 108792 ns
[2025-09-09T06:45:25.229+0000][174][info ][safepoint   ] Safepoint "Cleanup", Time since last: 1005317792 ns, Reaching safepoint: 12875 ns, Cleanup: 10542 ns, At safepoint: 3083 ns, Total: 26500 ns
[2025-09-09T06:45:26.230+0000][174][info ][safepoint   ] Safepoint "Cleanup", Time since last: 1001270250 ns, Reaching safepoint: 59750 ns, Cleanup: 31334 ns, At safepoint: 10250 ns, Total: 101334 ns
[2025-09-09T06:45:29.233+0000][174][info ][safepoint   ] Safepoint "Cleanup", Time since last: 3002761834 ns, Reaching safepoint: 12959 ns, Cleanup: 11958 ns, At safepoint: 3500 ns, Total: 28417 ns
[2025-09-09T06:45:32.236+0000][174][info ][safepoint   ] Safepoint "Cleanup", Time since last: 3002813585 ns, Reaching safepoint: 62583 ns, Cleanup: 46417 ns, At safepoint: 12583 ns, Total: 121583 ns
[2025-09-09T06:45:34.238+0000][174][info ][safepoint   ] Safepoint "Cleanup", Time since last: 2001849501 ns, Reaching safepoint: 81042 ns, Cleanup: 43125 ns, At safepoint: 10500 ns, Total: 134667 ns
[2025-09-09T06:45:35.239+0000][174][info ][safepoint   ] Safepoint "Cleanup", Time since last: 1001440042 ns, Reaching safepoint: 13000 ns, Cleanup: 10000 ns, At safepoint: 3875 ns, Total: 26875 ns
[2025-09-09T06:45:39.244+0000][174][info ][safepoint   ] Safepoint "Cleanup", Time since last: 4004518002 ns, Reaching safepoint: 35750 ns, Cleanup: 13792 ns, At safepoint: 4000 ns, Total: 53542 ns
[2025-09-09T06:45:42.246+0000][174][info ][safepoint   ] Safepoint "Cleanup", Time since last: 3002815959 ns, Reaching safepoint: 83083 ns, Cleanup: 44625 ns, At safepoint: 9959 ns, Total: 137667 ns
[2025-09-09T06:45:44.249+0000][174][info ][safepoint   ] Safepoint "Cleanup", Time since last: 2002855251 ns, Reaching safepoint: 20250 ns, Cleanup: 26333 ns, At safepoint: 5625 ns, Total: 52208 ns
[2025-09-09T06:45:49.254+0000][174][info ][safepoint   ] Safepoint "Cleanup", Time since last: 5004973544 ns, Reaching safepoint: 29708 ns, Cleanup: 19875 ns, At safepoint: 23250 ns, Total: 72833 ns
[2025-09-09T06:45:59.264+0000][174][info ][safepoint   ] Safepoint "Cleanup", Time since last: 10010339297 ns, Reaching safepoint: 92583 ns, Cleanup: 18958 ns, At safepoint: 7459 ns, Total: 119000 ns
[2025-09-09T06:46:03.269+0000][174][info ][safepoint   ] Safepoint "Cleanup", Time since last: 4004569793 ns, Reaching safepoint: 19334 ns, Cleanup: 14000 ns, At safepoint: 5583 ns, Total: 38917 ns
[2025-09-09T06:46:07.987+0000][174][info ][safepoint   ] Safepoint "Cleanup", Time since last: 4718119294 ns, Reaching safepoint: 43833 ns, Cleanup: 14042 ns, At safepoint: 7875 ns, Total: 65750 ns
[2025-09-09T06:46:08.989+0000][174][info ][safepoint   ] Safepoint "Cleanup", Time since last: 1001876667 ns, Reaching safepoint: 106708 ns, Cleanup: 46167 ns, At safepoint: 22292 ns, Total: 175167 ns
[2025-09-09T06:46:09.992+0000][174][info ][safepoint   ] Safepoint "Cleanup", Time since last: 1002756375 ns, Reaching safepoint: 14625 ns, Cleanup: 27875 ns, At safepoint: 3709 ns, Total: 46209 ns
[2025-09-09T06:46:10.993+0000][174][info ][safepoint   ] Safepoint "Cleanup", Time since last: 1000820875 ns, Reaching safepoint: 94833 ns, Cleanup: 26542 ns, At safepoint: 12750 ns, Total: 134125 ns
[2025-09-09T06:46:13.998+0000][174][info ][safepoint   ] Safepoint "Cleanup", Time since last: 3004116042 ns, Reaching safepoint: 18167 ns, Cleanup: 14958 ns, At safepoint: 6625 ns, Total: 39750 ns
[2025-09-09T06:46:14.232+0000][174][info ][gc,start    ] GC(23) Pause Young (Prepare Mixed) (G1 Evacuation Pause)
[2025-09-09T06:46:14.232+0000][174][info ][gc,task     ] GC(23) Using 8 workers of 8 for evacuation
[2025-09-09T06:46:14.232+0000][174][debug][gc,age      ] GC(23) Desired survivor size 41943040 bytes, new threshold 15 (max threshold 15)
[2025-09-09T06:46:14.288+0000][174][info ][gc,phases   ] GC(23)   Pre Evacuate Collection Set: 1.04ms
[2025-09-09T06:46:14.289+0000][174][info ][gc,phases   ] GC(23)   Merge Heap Roots: 0.46ms
[2025-09-09T06:46:14.289+0000][174][info ][gc,phases   ] GC(23)   Evacuate Collection Set: 49.72ms
[2025-09-09T06:46:14.289+0000][174][info ][gc,phases   ] GC(23)   Post Evacuate Collection Set: 4.82ms
[2025-09-09T06:46:14.289+0000][174][info ][gc,phases   ] GC(23)   Other: 0.34ms
[2025-09-09T06:46:14.289+0000][174][trace][gc,age      ] GC(23) Age table with threshold 15 (max threshold 15)
[2025-09-09T06:46:14.289+0000][174][trace][gc,age      ] GC(23) - age   1:     546000 bytes,     546000 total
[2025-09-09T06:46:14.289+0000][174][trace][gc,age      ] GC(23) - age   2:     319648 bytes,     865648 total
[2025-09-09T06:46:14.289+0000][174][trace][gc,age      ] GC(23) - age   3:    2857288 bytes,    3722936 total
[2025-09-09T06:46:14.289+0000][174][trace][gc,age      ] GC(23) - age   4:    3375528 bytes,    7098464 total
[2025-09-09T06:46:14.289+0000][174][trace][gc,age      ] GC(23) - age   5:    2264032 bytes,    9362496 total
[2025-09-09T06:46:14.289+0000][174][trace][gc,age      ] GC(23) - age   6:   18028888 bytes,   27391384 total
[2025-09-09T06:46:14.289+0000][174][info ][gc,heap     ] GC(23) Eden regions: 145->0(145)
[2025-09-09T06:46:14.289+0000][174][info ][gc,heap     ] GC(23) Survivor regions: 8->8(20)
[2025-09-09T06:46:14.289+0000][174][info ][gc,heap     ] GC(23) Old regions: 31->31
[2025-09-09T06:46:14.289+0000][174][info ][gc,heap     ] GC(23) Humongous regions: 2->2
[2025-09-09T06:46:14.289+0000][174][info ][gc,metaspace] GC(23) Metaspace: 159640K(164096K)->159640K(164096K) NonClass: 137636K(140096K)->137636K(140096K) Class: 22003K(24000K)->22003K(24000K)
[2025-09-09T06:46:14.289+0000][174][info ][gc          ] GC(23) Pause Young (Prepare Mixed) (G1 Evacuation Pause) 739M->158M(1024M) 57.477ms
[2025-09-09T06:46:14.289+0000][174][info ][gc,cpu      ] GC(23) User=0.34s Sys=0.00s Real=0.06s
[2025-09-09T06:46:14.289+0000][174][info ][safepoint   ] Safepoint "G1CollectForAllocation", Time since last: 233740042 ns, Reaching safepoint: 14167 ns, Cleanup: 12291 ns, At safepoint: 57699125 ns, Total: 57725583 ns
[2025-09-09T06:46:25.719+0000][174][info ][safepoint   ] Safepoint "Cleanup", Time since last: 11429738006 ns, Reaching safepoint: 8125 ns, Cleanup: 30041 ns, At safepoint: 4834 ns, Total: 43000 ns
[2025-09-09T06:46:27.407+0000][174][info ][safepoint   ] Safepoint "Cleanup", Time since last: 1688295209 ns, Reaching safepoint: 6583 ns, Cleanup: 49334 ns, At safepoint: 26125 ns, Total: 82042 ns
[2025-09-09T06:46:32.416+0000][174][info ][safepoint   ] Safepoint "Cleanup", Time since last: 5008181419 ns, Reaching safepoint: 14916 ns, Cleanup: 12084 ns, At safepoint: 4708 ns, Total: 31708 ns
[2025-09-09T06:46:33.417+0000][174][info ][safepoint   ] Safepoint "Cleanup", Time since last: 1001063959 ns, Reaching safepoint: 21291 ns, Cleanup: 10875 ns, At safepoint: 5000 ns, Total: 37166 ns
[2025-09-09T06:46:35.420+0000][174][info ][safepoint   ] Safepoint "Cleanup", Time since last: 2002728043 ns, Reaching safepoint: 11792 ns, Cleanup: 12125 ns, At safepoint: 3083 ns, Total: 27000 ns
[2025-09-09T06:46:43.428+0000][174][info ][safepoint   ] Safepoint "Cleanup", Time since last: 8008439087 ns, Reaching safepoint: 11667 ns, Cleanup: 9875 ns, At safepoint: 5041 ns, Total: 26583 ns
[2025-09-09T06:46:44.430+0000][174][info ][safepoint   ] Safepoint "Cleanup", Time since last: 1001821917 ns, Reaching safepoint: 71459 ns, Cleanup: 34083 ns, At safepoint: 10125 ns, Total: 115667 ns
[2025-09-09T06:46:46.432+0000][174][info ][safepoint   ] Safepoint "Cleanup", Time since last: 2002135293 ns, Reaching safepoint: 16416 ns, Cleanup: 18584 ns, At safepoint: 7916 ns, Total: 42916 ns
[2025-09-09T06:46:49.436+0000][174][info ][safepoint   ] Safepoint "Cleanup", Time since last: 3003993252 ns, Reaching safepoint: 14041 ns, Cleanup: 17625 ns, At safepoint: 4000 ns, Total: 35666 ns
[2025-09-09T06:46:50.438+0000][174][info ][safepoint   ] Safepoint "Cleanup", Time since last: 1001422001 ns, Reaching safepoint: 34000 ns, Cleanup: 23792 ns, At safepoint: 8000 ns, Total: 65792 ns
[2025-09-09T06:46:53.441+0000][174][info ][safepoint   ] Safepoint "Cleanup", Time since last: 3003122709 ns, Reaching safepoint: 55042 ns, Cleanup: 22958 ns, At safepoint: 8750 ns, Total: 86750 ns
[2025-09-09T06:46:55.443+0000][174][info ][safepoint   ] Safepoint "Cleanup", Time since last: 2002220876 ns, Reaching safepoint: 21084 ns, Cleanup: 10916 ns, At safepoint: 6209 ns, Total: 38209 ns
[2025-09-09T06:47:02.450+0000][174][info ][safepoint   ] Safepoint "Cleanup", Time since last: 7006983045 ns, Reaching safepoint: 50500 ns, Cleanup: 103291 ns, At safepoint: 17250 ns, Total: 171041 ns
[2025-09-09T06:47:03.452+0000][174][info ][safepoint   ] Safepoint "Cleanup", Time since last: 1001456667 ns, Reaching safepoint: 55334 ns, Cleanup: 13000 ns, At safepoint: 8416 ns, Total: 76750 ns
[2025-09-09T06:47:05.454+0000][174][info ][safepoint   ] Safepoint "Cleanup", Time since last: 2001923835 ns, Reaching safepoint: 67000 ns, Cleanup: 19291 ns, At safepoint: 7750 ns, Total: 94041 ns
[2025-09-09T06:47:14.118+0000][174][info ][safepoint   ] Safepoint "Cleanup", Time since last: 8663701004 ns, Reaching safepoint: 37709 ns, Cleanup: 63916 ns, At safepoint: 9334 ns, Total: 110959 ns
[2025-09-09T06:47:19.123+0000][174][info ][safepoint   ] Safepoint "Cleanup", Time since last: 5005036044 ns, Reaching safepoint: 36041 ns, Cleanup: 24500 ns, At safepoint: 3917 ns, Total: 64458 ns
[2025-09-09T06:47:20.124+0000][174][info ][safepoint   ] Safepoint "Cleanup", Time since last: 1000801500 ns, Reaching safepoint: 58500 ns, Cleanup: 31542 ns, At safepoint: 22583 ns, Total: 112625 ns
[2025-09-09T06:47:24.128+0000][174][info ][safepoint   ] Safepoint "Cleanup", Time since last: 4003899544 ns, Reaching safepoint: 84958 ns, Cleanup: 30750 ns, At safepoint: 8209 ns, Total: 123917 ns
[2025-09-09T06:47:26.130+0000][174][info ][safepoint   ] Safepoint "Cleanup", Time since last: 2002076792 ns, Reaching safepoint: 20875 ns, Cleanup: 23375 ns, At safepoint: 10084 ns, Total: 54334 ns
[2025-09-09T06:47:28.723+0000][174][info ][safepoint   ] Safepoint "Cleanup", Time since last: 2593023543 ns, Reaching safepoint: 4125 ns, Cleanup: 6208 ns, At safepoint: 1625 ns, Total: 11958 ns
[2025-09-09T06:47:30.587+0000][174][info ][safepoint   ] Safepoint "Cleanup", Time since last: 1864555126 ns, Reaching safepoint: 4166 ns, Cleanup: 32000 ns, At safepoint: 8209 ns, Total: 44375 ns
[2025-09-09T06:47:32.593+0000][174][info ][safepoint   ] Safepoint "Cleanup", Time since last: 2005141667 ns, Reaching safepoint: 11042 ns, Cleanup: 8375 ns, At safepoint: 3042 ns, Total: 22459 ns
[2025-09-09T06:47:33.595+0000][174][info ][safepoint   ] Safepoint "Cleanup", Time since last: 1001996375 ns, Reaching safepoint: 40625 ns, Cleanup: 34250 ns, At safepoint: 18250 ns, Total: 93125 ns
[2025-09-09T06:47:34.595+0000][174][info ][safepoint   ] Safepoint "Cleanup", Time since last: 1000626292 ns, Reaching safepoint: 61375 ns, Cleanup: 24917 ns, At safepoint: 8208 ns, Total: 94500 ns
[2025-09-09T06:47:38.600+0000][174][info ][safepoint   ] Safepoint "Cleanup", Time since last: 4004328169 ns, Reaching safepoint: 12500 ns, Cleanup: 15750 ns, At safepoint: 4708 ns, Total: 32958 ns
[2025-09-09T06:47:41.618+0000][174][info ][safepoint   ] Safepoint "Cleanup", Time since last: 3017121585 ns, Reaching safepoint: 734792 ns, Cleanup: 31333 ns, At safepoint: 10417 ns, Total: 776542 ns
[2025-09-09T06:47:42.630+0000][174][info ][safepoint   ] Safepoint "Cleanup", Time since last: 1011995916 ns, Reaching safepoint: 11375 ns, Cleanup: 16167 ns, At safepoint: 3958 ns, Total: 31500 ns
[2025-09-09T06:47:44.528+0000][174][info ][safepoint   ] Safepoint "Cleanup", Time since last: 1898096543 ns, Reaching safepoint: 15083 ns, Cleanup: 28042 ns, At safepoint: 6541 ns, Total: 49666 ns
[2025-09-09T06:47:45.529+0000][174][info ][safepoint   ] Safepoint "Cleanup", Time since last: 1000946126 ns, Reaching safepoint: 17500 ns, Cleanup: 10917 ns, At safepoint: 6208 ns, Total: 34625 ns
[2025-09-09T06:47:48.532+0000][174][info ][safepoint   ] Safepoint "Cleanup", Time since last: 3002787626 ns, Reaching safepoint: 27125 ns, Cleanup: 229709 ns, At safepoint: 11208 ns, Total: 268042 ns
[2025-09-09T06:47:50.534+0000][174][info ][safepoint   ] Safepoint "Cleanup", Time since last: 2001666168 ns, Reaching safepoint: 91541 ns, Cleanup: 35792 ns, At safepoint: 12583 ns, Total: 139916 ns
[2025-09-09T06:47:51.535+0000][174][info ][safepoint   ] Safepoint "Cleanup", Time since last: 1001100792 ns, Reaching safepoint: 17459 ns, Cleanup: 26666 ns, At safepoint: 6000 ns, Total: 50125 ns
[2025-09-09T06:47:52.536+0000][174][info ][safepoint   ] Safepoint "Cleanup", Time since last: 1000680751 ns, Reaching safepoint: 49042 ns, Cleanup: 15916 ns, At safepoint: 21875 ns, Total: 86833 ns
[2025-09-09T06:48:03.547+0000][174][info ][safepoint   ] Safepoint "Cleanup", Time since last: 11011678131 ns, Reaching safepoint: 69666 ns, Cleanup: 13875 ns, At safepoint: 6500 ns, Total: 90041 ns
[2025-09-09T06:48:09.348+0000][174][info ][safepoint   ] Safepoint "Cleanup", Time since last: 5800137461 ns, Reaching safepoint: 20375 ns, Cleanup: 27500 ns, At safepoint: 9084 ns, Total: 56959 ns
[2025-09-09T06:48:11.350+0000][174][info ][safepoint   ] Safepoint "Cleanup", Time since last: 2001968792 ns, Reaching safepoint: 56792 ns, Cleanup: 23833 ns, At safepoint: 6209 ns, Total: 86834 ns
[2025-09-09T06:48:14.354+0000][174][info ][safepoint   ] Safepoint "Cleanup", Time since last: 3004378917 ns, Reaching safepoint: 13916 ns, Cleanup: 13750 ns, At safepoint: 5459 ns, Total: 33125 ns
[2025-09-09T06:48:17.356+0000][174][info ][safepoint   ] Safepoint "Cleanup", Time since last: 3002506501 ns, Reaching safepoint: 27417 ns, Cleanup: 33375 ns, At safepoint: 7333 ns, Total: 68125 ns
[2025-09-09T06:48:19.358+0000][174][info ][safepoint   ] Safepoint "Cleanup", Time since last: 2001932209 ns, Reaching safepoint: 20709 ns, Cleanup: 16041 ns, At safepoint: 9625 ns, Total: 46375 ns
[2025-09-09T06:48:23.362+0000][174][info ][safepoint   ] Safepoint "Cleanup", Time since last: 4003962711 ns, Reaching safepoint: 24916 ns, Cleanup: 23750 ns, At safepoint: 11542 ns, Total: 60208 ns
[2025-09-09T06:48:24.364+0000][174][info ][safepoint   ] Safepoint "Cleanup", Time since last: 1001118209 ns, Reaching safepoint: 39041 ns, Cleanup: 16459 ns, At safepoint: 6291 ns, Total: 61791 ns
[2025-09-09T06:48:31.772+0000][174][info ][safepoint   ] Safepoint "Cleanup", Time since last: 7408176712 ns, Reaching safepoint: 5917 ns, Cleanup: 11250 ns, At safepoint: 9417 ns, Total: 26584 ns
[2025-09-09T06:48:32.772+0000][174][info ][safepoint   ] Safepoint "Cleanup", Time since last: 1000052667 ns, Reaching safepoint: 535583 ns, Cleanup: 57042 ns, At safepoint: 15333 ns, Total: 607958 ns
[2025-09-09T06:48:33.777+0000][174][info ][safepoint   ] Safepoint "Cleanup", Time since last: 1004106876 ns, Reaching safepoint: 16541 ns, Cleanup: 161500 ns, At safepoint: 10709 ns, Total: 188750 ns
[2025-09-09T06:48:36.783+0000][174][info ][safepoint   ] Safepoint "Cleanup", Time since last: 3006568501 ns, Reaching safepoint: 94625 ns, Cleanup: 23375 ns, At safepoint: 11792 ns, Total: 129792 ns
[2025-09-09T06:48:38.786+0000][174][info ][safepoint   ] Safepoint "Cleanup", Time since last: 2002365459 ns, Reaching safepoint: 16708 ns, Cleanup: 16792 ns, At safepoint: 5833 ns, Total: 39333 ns
[2025-09-09T06:48:43.790+0000][174][info ][safepoint   ] Safepoint "Cleanup", Time since last: 5004463460 ns, Reaching safepoint: 79792 ns, Cleanup: 20792 ns, At safepoint: 6458 ns, Total: 107042 ns
[2025-09-09T06:48:48.795+0000][174][info ][safepoint   ] Safepoint "Cleanup", Time since last: 5004883877 ns, Reaching safepoint: 16625 ns, Cleanup: 10292 ns, At safepoint: 5292 ns, Total: 32209 ns
[2025-09-09T06:48:58.805+0000][174][info ][safepoint   ] Safepoint "Cleanup", Time since last: 10010035296 ns, Reaching safepoint: 47000 ns, Cleanup: 31959 ns, At safepoint: 9000 ns, Total: 87959 ns
[2025-09-09T06:49:01.809+0000][174][info ][safepoint   ] Safepoint "Cleanup", Time since last: 3003714459 ns, Reaching safepoint: 14167 ns, Cleanup: 10083 ns, At safepoint: 6917 ns, Total: 31167 ns
[2025-09-09T06:49:03.811+0000][174][info ][safepoint   ] Safepoint "Cleanup", Time since last: 2001732751 ns, Reaching safepoint: 10917 ns, Cleanup: 9916 ns, At safepoint: 3459 ns, Total: 24292 ns
[2025-09-09T06:49:14.488+0000][174][info ][safepoint   ] Safepoint "Cleanup", Time since last: 10677399713 ns, Reaching safepoint: 74958 ns, Cleanup: 40333 ns, At safepoint: 18167 ns, Total: 133458 ns
[2025-09-09T06:49:33.510+0000][174][info ][safepoint   ] Safepoint "Cleanup", Time since last: 19021516592 ns, Reaching safepoint: 110292 ns, Cleanup: 19250 ns, At safepoint: 8917 ns, Total: 138459 ns
[2025-09-09T06:49:34.780+0000][174][info ][safepoint   ] Safepoint "Cleanup", Time since last: 1269871334 ns, Reaching safepoint: 4916 ns, Cleanup: 6375 ns, At safepoint: 1834 ns, Total: 13125 ns
[2025-09-09T06:49:35.938+0000][174][info ][safepoint   ] Safepoint "Cleanup", Time since last: 1157701250 ns, Reaching safepoint: 683625 ns, Cleanup: 97375 ns, At safepoint: 16000 ns, Total: 797000 ns
[2025-09-09T06:49:43.980+0000][174][info ][safepoint   ] Safepoint "Cleanup", Time since last: 8041906962 ns, Reaching safepoint: 75292 ns, Cleanup: 21250 ns, At safepoint: 29708 ns, Total: 126250 ns
[2025-09-09T06:49:53.991+0000][174][info ][safepoint   ] Safepoint "Cleanup", Time since last: 10010236422 ns, Reaching safepoint: 158375 ns, Cleanup: 17833 ns, At safepoint: 8833 ns, Total: 185041 ns
[2025-09-09T06:49:56.994+0000][174][info ][safepoint   ] Safepoint "Cleanup", Time since last: 3003883710 ns, Reaching safepoint: 13750 ns, Cleanup: 12500 ns, At safepoint: 3958 ns, Total: 30208 ns
[2025-09-09T06:49:58.996+0000][174][info ][safepoint   ] Safepoint "Cleanup", Time since last: 2001690543 ns, Reaching safepoint: 26250 ns, Cleanup: 12583 ns, At safepoint: 7375 ns, Total: 46208 ns
[2025-09-09T06:50:04.001+0000][174][info ][safepoint   ] Safepoint "Cleanup", Time since last: 5004897544 ns, Reaching safepoint: 36459 ns, Cleanup: 23500 ns, At safepoint: 9000 ns, Total: 68959 ns
[2025-09-09T06:50:16.637+0000][174][info ][safepoint   ] Safepoint "Cleanup", Time since last: 12635959505 ns, Reaching safepoint: 56959 ns, Cleanup: 19625 ns, At safepoint: 7916 ns, Total: 84500 ns
[2025-09-09T06:50:18.641+0000][174][info ][safepoint   ] Safepoint "Cleanup", Time since last: 2003869585 ns, Reaching safepoint: 11125 ns, Cleanup: 14208 ns, At safepoint: 2917 ns, Total: 28250 ns
[2025-09-09T06:50:32.656+0000][174][info ][safepoint   ] Safepoint "Cleanup", Time since last: 14014921423 ns, Reaching safepoint: 80500 ns, Cleanup: 14375 ns, At safepoint: 13542 ns, Total: 108417 ns
[2025-09-09T06:50:33.660+0000][174][info ][safepoint   ] Safepoint "Cleanup", Time since last: 1004105959 ns, Reaching safepoint: 17791 ns, Cleanup: 29250 ns, At safepoint: 13292 ns, Total: 60333 ns
[2025-09-09T06:50:37.786+0000][174][info ][safepoint   ] Safepoint "Cleanup", Time since last: 4125288669 ns, Reaching safepoint: 15208 ns, Cleanup: 22083 ns, At safepoint: 7417 ns, Total: 44708 ns
[2025-09-09T06:50:39.116+0000][174][info ][safepoint   ] Safepoint "Cleanup", Time since last: 1330391709 ns, Reaching safepoint: 25125 ns, Cleanup: 46708 ns, At safepoint: 4917 ns, Total: 76750 ns
[2025-09-09T06:50:44.123+0000][174][info ][safepoint   ] Safepoint "Cleanup", Time since last: 5006054877 ns, Reaching safepoint: 261208 ns, Cleanup: 18208 ns, At safepoint: 7209 ns, Total: 286625 ns
[2025-09-09T06:50:48.129+0000][174][info ][safepoint   ] Safepoint "Cleanup", Time since last: 4006031418 ns, Reaching safepoint: 14083 ns, Cleanup: 15750 ns, At safepoint: 7667 ns, Total: 37500 ns
[2025-09-09T06:50:53.134+0000][174][info ][safepoint   ] Safepoint "Cleanup", Time since last: 5004837211 ns, Reaching safepoint: 18042 ns, Cleanup: 13125 ns, At safepoint: 7333 ns, Total: 38500 ns
[2025-09-09T06:51:04.147+0000][174][info ][safepoint   ] Safepoint "Cleanup", Time since last: 11012987922 ns, Reaching safepoint: 13000 ns, Cleanup: 9750 ns, At safepoint: 5583 ns, Total: 28333 ns
[2025-09-09T06:51:13.650+0000][174][info ][safepoint   ] Safepoint "Cleanup", Time since last: 9503070462 ns, Reaching safepoint: 29917 ns, Cleanup: 14833 ns, At safepoint: 7833 ns, Total: 52583 ns
[2025-09-09T06:51:14.651+0000][174][info ][safepoint   ] Safepoint "Cleanup", Time since last: 1001334042 ns, Reaching safepoint: 20875 ns, Cleanup: 10084 ns, At safepoint: 3541 ns, Total: 34500 ns
[2025-09-09T06:51:18.654+0000][174][info ][safepoint   ] Safepoint "Cleanup", Time since last: 4003139419 ns, Reaching safepoint: 95583 ns, Cleanup: 16125 ns, At safepoint: 5250 ns, Total: 116958 ns
[2025-09-09T06:51:23.660+0000][174][info ][safepoint   ] Safepoint "Cleanup", Time since last: 5005246086 ns, Reaching safepoint: 75458 ns, Cleanup: 27209 ns, At safepoint: 11791 ns, Total: 114458 ns
[2025-09-09T06:51:28.665+0000][174][info ][safepoint   ] Safepoint "Cleanup", Time since last: 5005439086 ns, Reaching safepoint: 16167 ns, Cleanup: 14541 ns, At safepoint: 4292 ns, Total: 35000 ns
[2025-09-09T06:51:32.668+0000][174][info ][safepoint   ] Safepoint "Cleanup", Time since last: 4002865585 ns, Reaching safepoint: 11750 ns, Cleanup: 12417 ns, At safepoint: 3208 ns, Total: 27375 ns
[2025-09-09T06:51:33.670+0000][174][info ][safepoint   ] Safepoint "Cleanup", Time since last: 1001684251 ns, Reaching safepoint: 27000 ns, Cleanup: 26125 ns, At safepoint: 9458 ns, Total: 62583 ns
[2025-09-09T06:51:40.785+0000][174][info ][safepoint   ] Safepoint "Cleanup", Time since last: 7115380504 ns, Reaching safepoint: 4500 ns, Cleanup: 9833 ns, At safepoint: 1500 ns, Total: 15833 ns
[2025-09-09T06:51:42.280+0000][174][info ][safepoint   ] Safepoint "Cleanup", Time since last: 1495203083 ns, Reaching safepoint: 17500 ns, Cleanup: 53833 ns, At safepoint: 5084 ns, Total: 76417 ns
[2025-09-09T06:51:43.281+0000][174][info ][safepoint   ] Safepoint "Cleanup", Time since last: 1000598042 ns, Reaching safepoint: 15208 ns, Cleanup: 12708 ns, At safepoint: 5792 ns, Total: 33708 ns
[2025-09-09T06:51:44.282+0000][174][info ][safepoint   ] Safepoint "Cleanup", Time since last: 1001156751 ns, Reaching safepoint: 11125 ns, Cleanup: 13416 ns, At safepoint: 8917 ns, Total: 33458 ns
[2025-09-09T06:51:49.288+0000][174][info ][safepoint   ] Safepoint "Cleanup", Time since last: 5006319211 ns, Reaching safepoint: 46041 ns, Cleanup: 14750 ns, At safepoint: 7084 ns, Total: 67875 ns
[2025-09-09T06:51:51.292+0000][174][info ][safepoint   ] Safepoint "Cleanup", Time since last: 2003716751 ns, Reaching safepoint: 13875 ns, Cleanup: 11416 ns, At safepoint: 5042 ns, Total: 30333 ns
[2025-09-09T06:51:53.294+0000][174][info ][safepoint   ] Safepoint "Cleanup", Time since last: 2001625043 ns, Reaching safepoint: 15333 ns, Cleanup: 11167 ns, At safepoint: 3250 ns, Total: 29750 ns
[2025-09-09T06:51:58.300+0000][174][info ][safepoint   ] Safepoint "Cleanup", Time since last: 5005213627 ns, Reaching safepoint: 1218167 ns, Cleanup: 77708 ns, At safepoint: 31167 ns, Total: 1327042 ns
[2025-09-09T06:51:59.303+0000][174][info ][safepoint   ] Safepoint "Cleanup", Time since last: 1002542083 ns, Reaching safepoint: 49625 ns, Cleanup: 32000 ns, At safepoint: 12667 ns, Total: 94292 ns
[2025-09-09T06:52:04.308+0000][174][info ][safepoint   ] Safepoint "Cleanup", Time since last: 5005380794 ns, Reaching safepoint: 36584 ns, Cleanup: 34500 ns, At safepoint: 18708 ns, Total: 89792 ns
[2025-09-09T06:52:13.848+0000][174][info ][safepoint   ] Safepoint "Cleanup", Time since last: 9538553296 ns, Reaching safepoint: 875166 ns, Cleanup: 35959 ns, At safepoint: 10041 ns, Total: 921166 ns
[2025-09-09T06:52:16.853+0000][174][info ][safepoint   ] Safepoint "Cleanup", Time since last: 3005097544 ns, Reaching safepoint: 33375 ns, Cleanup: 14375 ns, At safepoint: 5583 ns, Total: 53333 ns
[2025-09-09T06:52:17.854+0000][174][info ][safepoint   ] Safepoint "Cleanup", Time since last: 1000780792 ns, Reaching safepoint: 19958 ns, Cleanup: 23334 ns, At safepoint: 11791 ns, Total: 55083 ns
[2025-09-09T06:52:18.855+0000][174][info ][safepoint   ] Safepoint "Cleanup", Time since last: 1001042792 ns, Reaching safepoint: 17584 ns, Cleanup: 10625 ns, At safepoint: 3666 ns, Total: 31875 ns
[2025-09-09T06:52:22.859+0000][174][info ][safepoint   ] Safepoint "Cleanup", Time since last: 4003774419 ns, Reaching safepoint: 23208 ns, Cleanup: 11625 ns, At safepoint: 5750 ns, Total: 40583 ns
[2025-09-09T06:52:33.874+0000][174][info ][safepoint   ] Safepoint "Cleanup", Time since last: 11015080631 ns, Reaching safepoint: 129916 ns, Cleanup: 28125 ns, At safepoint: 8334 ns, Total: 166375 ns
[2025-09-09T06:52:38.880+0000][174][info ][safepoint   ] Safepoint "Cleanup", Time since last: 5005745794 ns, Reaching safepoint: 173916 ns, Cleanup: 16375 ns, At safepoint: 9334 ns, Total: 199625 ns
[2025-09-09T06:52:40.812+0000][174][info ][safepoint   ] Safepoint "Cleanup", Time since last: 1932390709 ns, Reaching safepoint: 11250 ns, Cleanup: 8042 ns, At safepoint: 2041 ns, Total: 21333 ns
[2025-09-09T06:52:42.527+0000][174][info ][safepoint   ] Safepoint "Cleanup", Time since last: 1713995750 ns, Reaching safepoint: 5500 ns, Cleanup: 45833 ns, At safepoint: 13042 ns, Total: 64375 ns
[2025-09-09T06:52:43.576+0000][174][info ][safepoint   ] Safepoint "Cleanup", Time since last: 1049070417 ns, Reaching safepoint: 3125 ns, Cleanup: 8625 ns, At safepoint: 4292 ns, Total: 16042 ns
[2025-09-09T06:52:44.578+0000][174][info ][safepoint   ] Safepoint "Cleanup", Time since last: 1002615750 ns, Reaching safepoint: 4500 ns, Cleanup: 31042 ns, At safepoint: 13083 ns, Total: 48625 ns
[2025-09-09T06:52:47.586+0000][174][info ][safepoint   ] Safepoint "Cleanup", Time since last: 3007640002 ns, Reaching safepoint: 139000 ns, Cleanup: 12833 ns, At safepoint: 8542 ns, Total: 160375 ns
[2025-09-09T06:52:59.599+0000][174][info ][safepoint   ] Safepoint "Cleanup", Time since last: 12012501047 ns, Reaching safepoint: 616417 ns, Cleanup: 35750 ns, At safepoint: 11083 ns, Total: 663250 ns
[2025-09-09T06:53:02.604+0000][174][info ][safepoint   ] Safepoint "Cleanup", Time since last: 3004115960 ns, Reaching safepoint: 51125 ns, Cleanup: 47500 ns, At safepoint: 9333 ns, Total: 107958 ns
[2025-09-09T06:53:03.605+0000][174][info ][safepoint   ] Safepoint "Cleanup", Time since last: 1001055459 ns, Reaching safepoint: 25959 ns, Cleanup: 20833 ns, At safepoint: 8583 ns, Total: 55375 ns
[2025-09-09T06:53:04.605+0000][174][info ][safepoint   ] Safepoint "Cleanup", Time since last: 1000219459 ns, Reaching safepoint: 21042 ns, Cleanup: 14208 ns, At safepoint: 6708 ns, Total: 41958 ns
[2025-09-09T06:53:08.977+0000][174][info ][safepoint   ] Safepoint "Cleanup", Time since last: 4372193169 ns, Reaching safepoint: 39208 ns, Cleanup: 11250 ns, At safepoint: 5500 ns, Total: 55958 ns
[2025-09-09T06:53:13.982+0000][174][info ][safepoint   ] Safepoint "Cleanup", Time since last: 5005270794 ns, Reaching safepoint: 13375 ns, Cleanup: 12875 ns, At safepoint: 4625 ns, Total: 30875 ns
[2025-09-09T06:53:16.691+0000][174][info ][gc,start    ] GC(24) Pause Young (Mixed) (G1 Evacuation Pause)
[2025-09-09T06:53:16.691+0000][174][info ][gc,task     ] GC(24) Using 8 workers of 8 for evacuation
[2025-09-09T06:53:16.691+0000][174][debug][gc,age      ] GC(24) Desired survivor size 41943040 bytes, new threshold 15 (max threshold 15)
[2025-09-09T06:53:16.739+0000][174][info ][gc,phases   ] GC(24)   Pre Evacuate Collection Set: 1.52ms
[2025-09-09T06:53:16.739+0000][174][info ][gc,phases   ] GC(24)   Merge Heap Roots: 0.19ms
[2025-09-09T06:53:16.739+0000][174][info ][gc,phases   ] GC(24)   Evacuate Collection Set: 41.43ms
[2025-09-09T06:53:16.739+0000][174][info ][gc,phases   ] GC(24)   Post Evacuate Collection Set: 4.68ms
[2025-09-09T06:53:16.739+0000][174][info ][gc,phases   ] GC(24)   Other: 0.25ms
[2025-09-09T06:53:16.739+0000][174][trace][gc,age      ] GC(24) Age table with threshold 15 (max threshold 15)
[2025-09-09T06:53:16.739+0000][174][trace][gc,age      ] GC(24) - age   1:     820800 bytes,     820800 total
[2025-09-09T06:53:16.739+0000][174][trace][gc,age      ] GC(24) - age   2:     100120 bytes,     920920 total
[2025-09-09T06:53:16.739+0000][174][trace][gc,age      ] GC(24) - age   3:     310080 bytes,    1231000 total
[2025-09-09T06:53:16.739+0000][174][trace][gc,age      ] GC(24) - age   4:    2734360 bytes,    3965360 total
[2025-09-09T06:53:16.739+0000][174][trace][gc,age      ] GC(24) - age   5:    3374784 bytes,    7340144 total
[2025-09-09T06:53:16.739+0000][174][trace][gc,age      ] GC(24) - age   6:    2234224 bytes,    9574368 total
[2025-09-09T06:53:16.739+0000][174][trace][gc,age      ] GC(24) - age   7:   17943080 bytes,   27517448 total
[2025-09-09T06:53:16.739+0000][174][info ][gc,heap     ] GC(24) Eden regions: 145->0(146)
[2025-09-09T06:53:16.739+0000][174][info ][gc,heap     ] GC(24) Survivor regions: 8->7(20)
[2025-09-09T06:53:16.739+0000][174][info ][gc,heap     ] GC(24) Old regions: 31->30
[2025-09-09T06:53:16.739+0000][174][info ][gc,heap     ] GC(24) Humongous regions: 2->2
[2025-09-09T06:53:16.739+0000][174][info ][gc,metaspace] GC(24) Metaspace: 160053K(164480K)->160053K(164480K) NonClass: 138049K(140480K)->138049K(140480K) Class: 22003K(24000K)->22003K(24000K)
[2025-09-09T06:53:16.739+0000][174][info ][gc          ] GC(24) Pause Young (Mixed) (G1 Evacuation Pause) 738M->153M(1024M) 48.775ms
[2025-09-09T06:53:16.739+0000][174][info ][gc,cpu      ] GC(24) User=0.31s Sys=0.00s Real=0.05s
[2025-09-09T06:53:16.739+0000][174][info ][safepoint   ] Safepoint "G1CollectForAllocation", Time since last: 2708047001 ns, Reaching safepoint: 10917 ns, Cleanup: 2500 ns, At safepoint: 48945667 ns, Total: 48959084 ns
[2025-09-09T06:53:22.745+0000][174][info ][safepoint   ] Safepoint "Cleanup", Time since last: 6005461461 ns, Reaching safepoint: 48750 ns, Cleanup: 23833 ns, At safepoint: 7334 ns, Total: 79917 ns
[2025-09-09T06:53:23.746+0000][174][info ][safepoint   ] Safepoint "Cleanup", Time since last: 1001297875 ns, Reaching safepoint: 11708 ns, Cleanup: 15625 ns, At safepoint: 5625 ns, Total: 32958 ns
[2025-09-09T06:53:28.752+0000][174][info ][safepoint   ] Safepoint "Cleanup", Time since last: 5005051670 ns, Reaching safepoint: 70916 ns, Cleanup: 40709 ns, At safepoint: 11916 ns, Total: 123541 ns
[2025-09-09T06:53:33.757+0000][174][info ][safepoint   ] Safepoint "Cleanup", Time since last: 5005485711 ns, Reaching safepoint: 18500 ns, Cleanup: 16042 ns, At safepoint: 5333 ns, Total: 39875 ns
[2025-09-09T06:53:38.761+0000][174][info ][safepoint   ] Safepoint "Cleanup", Time since last: 5003876961 ns, Reaching safepoint: 65041 ns, Cleanup: 21834 ns, At safepoint: 9791 ns, Total: 96666 ns
[2025-09-09T06:53:42.765+0000][174][info ][safepoint   ] Safepoint "Cleanup", Time since last: 4004344002 ns, Reaching safepoint: 50583 ns, Cleanup: 19833 ns, At safepoint: 10084 ns, Total: 80500 ns
[2025-09-09T06:53:43.766+0000][174][info ][safepoint   ] Safepoint "Cleanup", Time since last: 1000873875 ns, Reaching safepoint: 11333 ns, Cleanup: 11000 ns, At safepoint: 4500 ns, Total: 26833 ns
[2025-09-09T06:53:46.815+0000][174][info ][safepoint   ] Safepoint "Cleanup", Time since last: 3048855460 ns, Reaching safepoint: 4875 ns, Cleanup: 7084 ns, At safepoint: 1750 ns, Total: 13709 ns
[2025-09-09T06:53:48.756+0000][174][info ][safepoint   ] Safepoint "Cleanup", Time since last: 1940566542 ns, Reaching safepoint: 24000 ns, Cleanup: 27917 ns, At safepoint: 13375 ns, Total: 65292 ns
[2025-09-09T06:54:12.127+0000][174][info ][safepoint   ] Safepoint "Cleanup", Time since last: 23370778343 ns, Reaching safepoint: 125709 ns, Cleanup: 91791 ns, At safepoint: 15334 ns, Total: 232834 ns
[2025-09-09T06:54:14.130+0000][174][info ][safepoint   ] Safepoint "Cleanup", Time since last: 2003233167 ns, Reaching safepoint: 32542 ns, Cleanup: 16375 ns, At safepoint: 9958 ns, Total: 58875 ns
[2025-09-09T06:54:15.131+0000][174][info ][safepoint   ] Safepoint "Cleanup", Time since last: 1000853167 ns, Reaching safepoint: 266459 ns, Cleanup: 57666 ns, At safepoint: 25584 ns, Total: 349709 ns
[2025-09-09T06:54:19.136+0000][174][info ][safepoint   ] Safepoint "Cleanup", Time since last: 4004555668 ns, Reaching safepoint: 64209 ns, Cleanup: 33416 ns, At safepoint: 9375 ns, Total: 107000 ns
[2025-09-09T06:54:26.144+0000][174][info ][safepoint   ] Safepoint "Cleanup", Time since last: 7007963629 ns, Reaching safepoint: 317875 ns, Cleanup: 23208 ns, At safepoint: 8542 ns, Total: 349625 ns
[2025-09-09T06:54:33.151+0000][174][info ][safepoint   ] Safepoint "Cleanup", Time since last: 7006606253 ns, Reaching safepoint: 35917 ns, Cleanup: 14166 ns, At safepoint: 21750 ns, Total: 71833 ns
[2025-09-09T06:54:39.158+0000][174][info ][safepoint   ] Safepoint "Cleanup", Time since last: 6007467503 ns, Reaching safepoint: 91875 ns, Cleanup: 42292 ns, At safepoint: 15791 ns, Total: 149958 ns
[2025-09-09T06:54:46.166+0000][174][info ][safepoint   ] Safepoint "Cleanup", Time since last: 7007505004 ns, Reaching safepoint: 128125 ns, Cleanup: 16833 ns, At safepoint: 7333 ns, Total: 152291 ns
[2025-09-09T06:54:47.168+0000][174][info ][safepoint   ] Safepoint "Cleanup", Time since last: 1001766167 ns, Reaching safepoint: 17709 ns, Cleanup: 20375 ns, At safepoint: 5458 ns, Total: 43542 ns
[2025-09-09T06:54:49.170+0000][174][info ][safepoint   ] Safepoint "Cleanup", Time since last: 2002459209 ns, Reaching safepoint: 40167 ns, Cleanup: 85625 ns, At safepoint: 10625 ns, Total: 136417 ns
[2025-09-09T06:54:50.855+0000][174][info ][safepoint   ] Safepoint "Cleanup", Time since last: 1683211834 ns, Reaching safepoint: 1209875 ns, Cleanup: 28208 ns, At safepoint: 26375 ns, Total: 1264458 ns
[2025-09-09T06:54:51.885+0000][174][info ][safepoint   ] Safepoint "Cleanup", Time since last: 1030223334 ns, Reaching safepoint: 13250 ns, Cleanup: 12292 ns, At safepoint: 9667 ns, Total: 35209 ns
[2025-09-09T06:55:02.896+0000][174][info ][safepoint   ] Safepoint "Cleanup", Time since last: 11010544130 ns, Reaching safepoint: 135458 ns, Cleanup: 26875 ns, At safepoint: 9375 ns, Total: 171708 ns
[2025-09-09T06:55:14.356+0000][174][info ][safepoint   ] Safepoint "Cleanup", Time since last: 11460744672 ns, Reaching safepoint: 13541 ns, Cleanup: 16000 ns, At safepoint: 5667 ns, Total: 35208 ns
[2025-09-09T06:55:28.371+0000][174][info ][safepoint   ] Safepoint "Cleanup", Time since last: 14014303923 ns, Reaching safepoint: 397042 ns, Cleanup: 34333 ns, At safepoint: 15209 ns, Total: 446584 ns
[2025-09-09T06:55:29.373+0000][174][info ][safepoint   ] Safepoint "Cleanup", Time since last: 1001387708 ns, Reaching safepoint: 11542 ns, Cleanup: 16792 ns, At safepoint: 7291 ns, Total: 35625 ns
[2025-09-09T06:55:33.377+0000][174][info ][safepoint   ] Safepoint "Cleanup", Time since last: 4004461002 ns, Reaching safepoint: 23542 ns, Cleanup: 14083 ns, At safepoint: 7209 ns, Total: 44834 ns
[2025-09-09T06:55:34.378+0000][174][info ][safepoint   ] Safepoint "Cleanup", Time since last: 1000520542 ns, Reaching safepoint: 16708 ns, Cleanup: 20459 ns, At safepoint: 6541 ns, Total: 43708 ns
[2025-09-09T06:55:44.387+0000][174][info ][safepoint   ] Safepoint "Cleanup", Time since last: 10008969296 ns, Reaching safepoint: 38125 ns, Cleanup: 13208 ns, At safepoint: 18125 ns, Total: 69458 ns
[2025-09-09T06:55:47.390+0000][174][info ][safepoint   ] Safepoint "Cleanup", Time since last: 3002733502 ns, Reaching safepoint: 114750 ns, Cleanup: 42958 ns, At safepoint: 26000 ns, Total: 183708 ns
[2025-09-09T06:55:50.394+0000][174][info ][safepoint   ] Safepoint "Cleanup", Time since last: 3003868835 ns, Reaching safepoint: 24458 ns, Cleanup: 22625 ns, At safepoint: 6292 ns, Total: 53375 ns
[2025-09-09T06:55:52.996+0000][174][info ][safepoint   ] Safepoint "Cleanup", Time since last: 2601831959 ns, Reaching safepoint: 7542 ns, Cleanup: 19375 ns, At safepoint: 4125 ns, Total: 31042 ns
[2025-09-09T06:55:54.035+0000][174][info ][safepoint   ] Safepoint "Cleanup", Time since last: 1038088834 ns, Reaching safepoint: 1105708 ns, Cleanup: 13417 ns, At safepoint: 12750 ns, Total: 1131875 ns
[2025-09-09T06:56:04.058+0000][174][info ][safepoint   ] Safepoint "Cleanup", Time since last: 10023366505 ns, Reaching safepoint: 13583 ns, Cleanup: 10625 ns, At safepoint: 4167 ns, Total: 28375 ns
[2025-09-09T06:56:14.570+0000][174][info ][safepoint   ] Safepoint "Cleanup", Time since last: 10512246046 ns, Reaching safepoint: 211625 ns, Cleanup: 24500 ns, At safepoint: 15208 ns, Total: 251333 ns
[2025-09-09T06:56:16.573+0000][174][info ][safepoint   ] Safepoint "Cleanup", Time since last: 2002117043 ns, Reaching safepoint: 13541 ns, Cleanup: 10959 ns, At safepoint: 4125 ns, Total: 28625 ns
[2025-09-09T06:56:18.574+0000][174][info ][safepoint   ] Safepoint "Cleanup", Time since last: 2001759751 ns, Reaching safepoint: 14458 ns, Cleanup: 25000 ns, At safepoint: 6208 ns, Total: 45666 ns
[2025-09-09T06:56:20.576+0000][174][info ][safepoint   ] Safepoint "Cleanup", Time since last: 2001927918 ns, Reaching safepoint: 18792 ns, Cleanup: 13958 ns, At safepoint: 6458 ns, Total: 39208 ns
[2025-09-09T06:56:23.579+0000][174][info ][safepoint   ] Safepoint "Cleanup", Time since last: 3003017877 ns, Reaching safepoint: 18583 ns, Cleanup: 13792 ns, At safepoint: 8833 ns, Total: 41208 ns
[2025-09-09T06:56:24.581+0000][174][info ][safepoint   ] Safepoint "Cleanup", Time since last: 1001627834 ns, Reaching safepoint: 15250 ns, Cleanup: 16542 ns, At safepoint: 3916 ns, Total: 35708 ns
[2025-09-09T06:56:33.590+0000][174][info ][safepoint   ] Safepoint "Cleanup", Time since last: 9008528463 ns, Reaching safepoint: 16375 ns, Cleanup: 37416 ns, At safepoint: 10209 ns, Total: 64000 ns
[2025-09-09T06:56:35.593+0000][174][info ][safepoint   ] Safepoint "Cleanup", Time since last: 2003230084 ns, Reaching safepoint: 75167 ns, Cleanup: 57375 ns, At safepoint: 44583 ns, Total: 177125 ns
[2025-09-09T06:56:53.612+0000][174][info ][safepoint   ] Safepoint "Cleanup", Time since last: 18018484924 ns, Reaching safepoint: 241125 ns, Cleanup: 33875 ns, At safepoint: 4875 ns, Total: 279875 ns
[2025-09-09T06:56:55.882+0000][174][info ][safepoint   ] Safepoint "Cleanup", Time since last: 2269348335 ns, Reaching safepoint: 144833 ns, Cleanup: 10583 ns, At safepoint: 11000 ns, Total: 166416 ns
[2025-09-09T06:56:57.206+0000][174][info ][safepoint   ] Safepoint "Cleanup", Time since last: 1324685584 ns, Reaching safepoint: 21625 ns, Cleanup: 14750 ns, At safepoint: 5292 ns, Total: 41667 ns
[2025-09-09T06:57:00.209+0000][174][info ][safepoint   ] Safepoint "Cleanup", Time since last: 3002266460 ns, Reaching safepoint: 27167 ns, Cleanup: 24875 ns, At safepoint: 9458 ns, Total: 61500 ns
[2025-09-09T06:57:04.213+0000][174][info ][safepoint   ] Safepoint "Cleanup", Time since last: 4003901627 ns, Reaching safepoint: 21333 ns, Cleanup: 11792 ns, At safepoint: 7083 ns, Total: 40208 ns
[2025-09-09T06:57:09.777+0000][174][info ][safepoint   ] Safepoint "Cleanup", Time since last: 5564454294 ns, Reaching safepoint: 48042 ns, Cleanup: 31875 ns, At safepoint: 11792 ns, Total: 91709 ns
[2025-09-09T06:57:23.791+0000][174][info ][safepoint   ] Safepoint "Cleanup", Time since last: 14013710548 ns, Reaching safepoint: 539291 ns, Cleanup: 42875 ns, At safepoint: 9625 ns, Total: 591791 ns
[2025-09-09T06:57:33.803+0000][174][info ][safepoint   ] Safepoint "Cleanup", Time since last: 10011266630 ns, Reaching safepoint: 32667 ns, Cleanup: 49958 ns, At safepoint: 9584 ns, Total: 92209 ns
[2025-09-09T06:57:38.809+0000][174][info ][safepoint   ] Safepoint "Cleanup", Time since last: 5005982335 ns, Reaching safepoint: 20459 ns, Cleanup: 26958 ns, At safepoint: 7875 ns, Total: 55292 ns
[2025-09-09T06:57:43.813+0000][174][info ][safepoint   ] Safepoint "Cleanup", Time since last: 5004229293 ns, Reaching safepoint: 55833 ns, Cleanup: 45459 ns, At safepoint: 14250 ns, Total: 115542 ns
[2025-09-09T06:57:45.330+0000][174][info ][safepoint   ] Safepoint "Cleanup", Time since last: 1516767375 ns, Reaching safepoint: 99334 ns, Cleanup: 26541 ns, At safepoint: 6834 ns, Total: 132709 ns
[2025-09-09T06:57:46.374+0000][174][info ][safepoint   ] Safepoint "Cleanup", Time since last: 1044268625 ns, Reaching safepoint: 13792 ns, Cleanup: 16500 ns, At safepoint: 3792 ns, Total: 34084 ns
[2025-09-09T06:57:50.370+0000][174][info ][safepoint   ] Safepoint "Cleanup", Time since last: 3995203252 ns, Reaching safepoint: 91083 ns, Cleanup: 63625 ns, At safepoint: 16917 ns, Total: 171625 ns
[2025-09-09T06:57:56.375+0000][174][info ][safepoint   ] Safepoint "Cleanup", Time since last: 6005105419 ns, Reaching safepoint: 26833 ns, Cleanup: 14917 ns, At safepoint: 7375 ns, Total: 49125 ns
[2025-09-09T06:57:58.377+0000][174][info ][safepoint   ] Safepoint "Cleanup", Time since last: 2002118251 ns, Reaching safepoint: 57625 ns, Cleanup: 26417 ns, At safepoint: 18375 ns, Total: 102417 ns
[2025-09-09T06:57:59.402+0000][174][info ][safepoint   ] Safepoint "Cleanup", Time since last: 1024616792 ns, Reaching safepoint: 7000 ns, Cleanup: 40708 ns, At safepoint: 8250 ns, Total: 55958 ns
[2025-09-09T06:58:00.427+0000][174][info ][safepoint   ] Safepoint "Cleanup", Time since last: 1024787084 ns, Reaching safepoint: 21500 ns, Cleanup: 66417 ns, At safepoint: 7833 ns, Total: 95750 ns
[2025-09-09T06:58:03.433+0000][174][info ][safepoint   ] Safepoint "Cleanup", Time since last: 3006086710 ns, Reaching safepoint: 16875 ns, Cleanup: 8083 ns, At safepoint: 10000 ns, Total: 34958 ns
[2025-09-09T06:58:07.437+0000][174][info ][safepoint   ] Safepoint "Cleanup", Time since last: 4003825919 ns, Reaching safepoint: 892083 ns, Cleanup: 37375 ns, At safepoint: 24375 ns, Total: 953833 ns
[2025-09-09T06:58:08.784+0000][174][info ][safepoint   ] Safepoint "Cleanup", Time since last: 1346182042 ns, Reaching safepoint: 20750 ns, Cleanup: 19292 ns, At safepoint: 7958 ns, Total: 48000 ns
[2025-09-09T06:58:22.888+0000][174][info ][safepoint   ] Safepoint "Cleanup", Time since last: 14103803173 ns, Reaching safepoint: 8208 ns, Cleanup: 54417 ns, At safepoint: 7208 ns, Total: 69833 ns
[2025-09-09T06:58:23.407+0000][174][info ][safepoint   ] Safepoint "ICBufferFull", Time since last: 519446126 ns, Reaching safepoint: 12791 ns, Cleanup: 185917 ns, At safepoint: 7958 ns, Total: 206666 ns
[2025-09-09T06:58:24.441+0000][174][info ][safepoint   ] Safepoint "Cleanup", Time since last: 1033236334 ns, Reaching safepoint: 4708 ns, Cleanup: 112042 ns, At safepoint: 8417 ns, Total: 125167 ns
[2025-09-09T06:58:25.559+0000][174][info ][safepoint   ] Safepoint "Cleanup", Time since last: 1118831459 ns, Reaching safepoint: 12375 ns, Cleanup: 17875 ns, At safepoint: 3541 ns, Total: 33791 ns
[2025-09-09T06:58:28.562+0000][174][info ][safepoint   ] Safepoint "Cleanup", Time since last: 3002458752 ns, Reaching safepoint: 130666 ns, Cleanup: 17500 ns, At safepoint: 11625 ns, Total: 159791 ns
[2025-09-09T06:58:29.564+0000][174][info ][safepoint   ] Safepoint "Cleanup", Time since last: 1002260501 ns, Reaching safepoint: 5042 ns, Cleanup: 7583 ns, At safepoint: 2958 ns, Total: 15583 ns
[2025-09-09T06:58:30.610+0000][174][info ][safepoint   ] Safepoint "Cleanup", Time since last: 1044873584 ns, Reaching safepoint: 236542 ns, Cleanup: 41750 ns, At safepoint: 15958 ns, Total: 294250 ns
[2025-09-09T06:58:31.614+0000][174][info ][safepoint   ] Safepoint "Cleanup", Time since last: 1004120626 ns, Reaching safepoint: 36916 ns, Cleanup: 15959 ns, At safepoint: 6625 ns, Total: 59500 ns
[2025-09-09T06:58:32.614+0000][174][info ][safepoint   ] Safepoint "Cleanup", Time since last: 1000739667 ns, Reaching safepoint: 43250 ns, Cleanup: 18458 ns, At safepoint: 6750 ns, Total: 68458 ns
[2025-09-09T06:58:33.616+0000][174][info ][safepoint   ] Safepoint "Cleanup", Time since last: 1001184376 ns, Reaching safepoint: 104041 ns, Cleanup: 56792 ns, At safepoint: 9917 ns, Total: 170750 ns
[2025-09-09T06:58:38.620+0000][174][info ][safepoint   ] Safepoint "Cleanup", Time since last: 5003614169 ns, Reaching safepoint: 103625 ns, Cleanup: 39250 ns, At safepoint: 12958 ns, Total: 155833 ns
[2025-09-09T06:58:47.630+0000][174][info ][safepoint   ] Safepoint "Cleanup", Time since last: 9010848254 ns, Reaching safepoint: 356666 ns, Cleanup: 28667 ns, At safepoint: 8042 ns, Total: 393375 ns
[2025-09-09T06:58:58.642+0000][174][info ][safepoint   ] Safepoint "Cleanup", Time since last: 11010546130 ns, Reaching safepoint: 1012875 ns, Cleanup: 23500 ns, At safepoint: 15375 ns, Total: 1051750 ns
[2025-09-09T06:58:59.724+0000][174][info ][safepoint   ] Safepoint "Cleanup", Time since last: 1081801709 ns, Reaching safepoint: 43625 ns, Cleanup: 40750 ns, At safepoint: 17208 ns, Total: 101583 ns
[2025-09-09T06:59:01.892+0000][174][info ][safepoint   ] Safepoint "Cleanup", Time since last: 2168332376 ns, Reaching safepoint: 7042 ns, Cleanup: 16125 ns, At safepoint: 2125 ns, Total: 25292 ns
[2025-09-09T06:59:03.664+0000][174][info ][safepoint   ] Safepoint "Cleanup", Time since last: 1771811251 ns, Reaching safepoint: 6708 ns, Cleanup: 43458 ns, At safepoint: 7042 ns, Total: 57208 ns
[2025-09-09T06:59:04.666+0000][174][info ][safepoint   ] Safepoint "Cleanup", Time since last: 1002089834 ns, Reaching safepoint: 15750 ns, Cleanup: 24208 ns, At safepoint: 8917 ns, Total: 48875 ns
[2025-09-09T06:59:16.022+0000][174][info ][safepoint   ] Safepoint "Cleanup", Time since last: 11354788463 ns, Reaching safepoint: 60250 ns, Cleanup: 10500 ns, At safepoint: 18291 ns, Total: 89041 ns
[2025-09-09T06:59:23.028+0000][174][info ][safepoint   ] Safepoint "Cleanup", Time since last: 7005842962 ns, Reaching safepoint: 145667 ns, Cleanup: 20875 ns, At safepoint: 12000 ns, Total: 178542 ns
[2025-09-09T06:59:24.030+0000][174][info ][safepoint   ] Safepoint "Cleanup", Time since last: 1001987792 ns, Reaching safepoint: 15917 ns, Cleanup: 13916 ns, At safepoint: 3959 ns, Total: 33792 ns
[2025-09-09T06:59:28.034+0000][174][info ][safepoint   ] Safepoint "Cleanup", Time since last: 4004504460 ns, Reaching safepoint: 51333 ns, Cleanup: 17667 ns, At safepoint: 7708 ns, Total: 76708 ns
[2025-09-09T06:59:29.035+0000][174][info ][safepoint   ] Safepoint "Cleanup", Time since last: 1001187459 ns, Reaching safepoint: 14542 ns, Cleanup: 19500 ns, At safepoint: 3500 ns, Total: 37542 ns
[2025-09-09T06:59:32.230+0000][174][info ][safepoint   ] Safepoint "Cleanup", Time since last: 3137339751 ns, Reaching safepoint: 55738167 ns, Cleanup: 1647625 ns, At safepoint: 14542 ns, Total: 57400334 ns
[2025-09-09T06:59:33.238+0000][174][info ][safepoint   ] Safepoint "Cleanup", Time since last: 1008220875 ns, Reaching safepoint: 19958 ns, Cleanup: 43750 ns, At safepoint: 11000 ns, Total: 74708 ns
[2025-09-09T06:59:34.279+0000][174][info ][safepoint   ] Safepoint "Cleanup", Time since last: 1040528834 ns, Reaching safepoint: 42792 ns, Cleanup: 35291 ns, At safepoint: 9417 ns, Total: 87500 ns
[2025-09-09T06:59:34.867+0000][174][info ][gc,start    ] GC(25) Pause Young (Normal) (G1 Evacuation Pause)
[2025-09-09T06:59:34.867+0000][174][info ][gc,task     ] GC(25) Using 8 workers of 8 for evacuation
[2025-09-09T06:59:34.867+0000][174][debug][gc,age      ] GC(25) Desired survivor size 41943040 bytes, new threshold 15 (max threshold 15)
[2025-09-09T06:59:34.930+0000][174][info ][gc,phases   ] GC(25)   Pre Evacuate Collection Set: 1.10ms
[2025-09-09T06:59:34.930+0000][174][info ][gc,phases   ] GC(25)   Merge Heap Roots: 0.40ms
[2025-09-09T06:59:34.931+0000][174][info ][gc,phases   ] GC(25)   Evacuate Collection Set: 52.06ms
[2025-09-09T06:59:34.931+0000][174][info ][gc,phases   ] GC(25)   Post Evacuate Collection Set: 8.65ms
[2025-09-09T06:59:34.931+0000][174][info ][gc,phases   ] GC(25)   Other: 0.40ms
[2025-09-09T06:59:34.931+0000][174][trace][gc,age      ] GC(25) Age table with threshold 15 (max threshold 15)
[2025-09-09T06:59:34.932+0000][174][trace][gc,age      ] GC(25) - age   1:     960936 bytes,     960936 total
[2025-09-09T06:59:34.932+0000][174][trace][gc,age      ] GC(25) - age   2:      76488 bytes,    1037424 total
[2025-09-09T06:59:34.932+0000][174][trace][gc,age      ] GC(25) - age   3:      97472 bytes,    1134896 total
[2025-09-09T06:59:34.932+0000][174][trace][gc,age      ] GC(25) - age   4:     291744 bytes,    1426640 total
[2025-09-09T06:59:34.932+0000][174][trace][gc,age      ] GC(25) - age   5:    2535768 bytes,    3962408 total
[2025-09-09T06:59:34.932+0000][174][trace][gc,age      ] GC(25) - age   6:    3372600 bytes,    7335008 total
[2025-09-09T06:59:34.932+0000][174][trace][gc,age      ] GC(25) - age   7:    2228608 bytes,    9563616 total
[2025-09-09T06:59:34.932+0000][174][trace][gc,age      ] GC(25) - age   8:   17942568 bytes,   27506184 total
[2025-09-09T06:59:34.932+0000][174][info ][gc,heap     ] GC(25) Eden regions: 146->0(145)
[2025-09-09T06:59:34.932+0000][174][info ][gc,heap     ] GC(25) Survivor regions: 7->8(20)
[2025-09-09T06:59:34.932+0000][174][info ][gc,heap     ] GC(25) Old regions: 30->30
[2025-09-09T06:59:34.933+0000][174][info ][gc,heap     ] GC(25) Humongous regions: 2->2
[2025-09-09T06:59:34.933+0000][174][info ][gc,metaspace] GC(25) Metaspace: 160540K(164928K)->160540K(164928K) NonClass: 138499K(140928K)->138499K(140928K) Class: 22041K(24000K)->22041K(24000K)
[2025-09-09T06:59:34.933+0000][174][info ][gc          ] GC(25) Pause Young (Normal) (G1 Evacuation Pause) 737M->155M(1024M) 66.199ms
[2025-09-09T06:59:34.933+0000][174][info ][gc,cpu      ] GC(25) User=0.42s Sys=0.00s Real=0.07s
[2025-09-09T06:59:34.934+0000][174][info ][safepoint   ] Safepoint "G1CollectForAllocation", Time since last: 587492542 ns, Reaching safepoint: 24125 ns, Cleanup: 3167 ns, At safepoint: 66999333 ns, Total: 67026625 ns
[2025-09-09T06:59:53.958+0000][174][info ][safepoint   ] Safepoint "Cleanup", Time since last: 19025265175 ns, Reaching safepoint: 357917 ns, Cleanup: 29083 ns, At safepoint: 15375 ns, Total: 402375 ns
[2025-09-09T06:59:58.965+0000][174][info ][safepoint   ] Safepoint "Cleanup", Time since last: 5006352627 ns, Reaching safepoint: 14750 ns, Cleanup: 8042 ns, At safepoint: 5583 ns, Total: 28375 ns
[2025-09-09T07:00:03.971+0000][174][info ][safepoint   ] Safepoint "Cleanup", Time since last: 5006130753 ns, Reaching safepoint: 24958 ns, Cleanup: 11750 ns, At safepoint: 7625 ns, Total: 44333 ns
[2025-09-09T07:00:05.794+0000][174][info ][safepoint   ] Safepoint "Cleanup", Time since last: 1823380959 ns, Reaching safepoint: 4000 ns, Cleanup: 27042 ns, At safepoint: 7500 ns, Total: 38542 ns
[2025-09-09T07:00:06.838+0000][174][info ][safepoint   ] Safepoint "Cleanup", Time since last: 1043241834 ns, Reaching safepoint: 4875 ns, Cleanup: 19083 ns, At safepoint: 6917 ns, Total: 30875 ns
[2025-09-09T07:00:07.840+0000][174][info ][safepoint   ] Safepoint "Cleanup", Time since last: 1001878334 ns, Reaching safepoint: 45875 ns, Cleanup: 18875 ns, At safepoint: 11041 ns, Total: 75791 ns
[2025-09-09T07:00:14.146+0000][174][info ][safepoint   ] Safepoint "Cleanup", Time since last: 6305385503 ns, Reaching safepoint: 164791 ns, Cleanup: 23334 ns, At safepoint: 13458 ns, Total: 201583 ns
[2025-09-09T07:00:16.148+0000][174][info ][safepoint   ] Safepoint "Cleanup", Time since last: 2002336167 ns, Reaching safepoint: 29709 ns, Cleanup: 16083 ns, At safepoint: 31375 ns, Total: 77167 ns
[2025-09-09T07:00:33.167+0000][174][info ][safepoint   ] Safepoint "Cleanup", Time since last: 17019134175 ns, Reaching safepoint: 25333 ns, Cleanup: 11625 ns, At safepoint: 6584 ns, Total: 43542 ns
[2025-09-09T07:01:08.364+0000][174][info ][safepoint   ] Safepoint "Cleanup", Time since last: 35196826682 ns, Reaching safepoint: 74667 ns, Cleanup: 59250 ns, At safepoint: 10958 ns, Total: 144875 ns
[2025-09-09T07:01:09.967+0000][174][info ][safepoint   ] Safepoint "Cleanup", Time since last: 1602959585 ns, Reaching safepoint: 18041 ns, Cleanup: 87584 ns, At safepoint: 10708 ns, Total: 116333 ns
[2025-09-09T07:01:16.975+0000][174][info ][safepoint   ] Safepoint "Cleanup", Time since last: 7007724628 ns, Reaching safepoint: 51458 ns, Cleanup: 12167 ns, At safepoint: 9083 ns, Total: 72708 ns
[2025-09-09T07:01:33.993+0000][174][info ][safepoint   ] Safepoint "Cleanup", Time since last: 17018448300 ns, Reaching safepoint: 30458 ns, Cleanup: 27292 ns, At safepoint: 7500 ns, Total: 65250 ns
[2025-09-09T07:01:49.010+0000][174][info ][safepoint   ] Safepoint "Cleanup", Time since last: 15016448090 ns, Reaching safepoint: 88500 ns, Cleanup: 15667 ns, At safepoint: 10666 ns, Total: 114833 ns
[2025-09-09T07:01:50.012+0000][174][info ][safepoint   ] Safepoint "Cleanup", Time since last: 1001851417 ns, Reaching safepoint: 93292 ns, Cleanup: 51375 ns, At safepoint: 24083 ns, Total: 168750 ns
[2025-09-09T07:01:59.021+0000][174][info ][safepoint   ] Safepoint "Cleanup", Time since last: 9009029755 ns, Reaching safepoint: 10958 ns, Cleanup: 11667 ns, At safepoint: 3250 ns, Total: 25875 ns
[2025-09-09T07:02:04.028+0000][174][info ][safepoint   ] Safepoint "Cleanup", Time since last: 5006288794 ns, Reaching safepoint: 13583 ns, Cleanup: 13625 ns, At safepoint: 7292 ns, Total: 34500 ns
[2025-09-09T07:02:08.587+0000][174][info ][safepoint   ] Safepoint "Cleanup", Time since last: 4559771127 ns, Reaching safepoint: 4750 ns, Cleanup: 14375 ns, At safepoint: 6292 ns, Total: 25417 ns
[2025-09-09T07:02:10.916+0000][174][info ][safepoint   ] Safepoint "Cleanup", Time since last: 2328885501 ns, Reaching safepoint: 4291 ns, Cleanup: 7125 ns, At safepoint: 5042 ns, Total: 16458 ns
[2025-09-09T07:02:12.123+0000][174][info ][safepoint   ] Safepoint "Cleanup", Time since last: 1206084875 ns, Reaching safepoint: 7917 ns, Cleanup: 31250 ns, At safepoint: 8583 ns, Total: 47750 ns
[2025-09-09T07:02:14.125+0000][174][info ][safepoint   ] Safepoint "Cleanup", Time since last: 2002839126 ns, Reaching safepoint: 20125 ns, Cleanup: 16417 ns, At safepoint: 8291 ns, Total: 44833 ns
[2025-09-09T07:02:24.133+0000][174][info ][safepoint   ] Safepoint "Cleanup", Time since last: 10007714255 ns, Reaching safepoint: 100042 ns, Cleanup: 16250 ns, At safepoint: 5625 ns, Total: 121917 ns
[2025-09-09T07:02:38.146+0000][174][info ][safepoint   ] Safepoint "Cleanup", Time since last: 14013052090 ns, Reaching safepoint: 102666 ns, Cleanup: 46500 ns, At safepoint: 16292 ns, Total: 165458 ns
[2025-09-09T07:02:46.953+0000][174][info ][safepoint   ] Safepoint "Cleanup", Time since last: 8806495587 ns, Reaching safepoint: 8875 ns, Cleanup: 12416 ns, At safepoint: 3834 ns, Total: 25125 ns
[2025-09-09T07:02:51.280+0000][174][info ][safepoint   ] Safepoint "Cleanup", Time since last: 4327115752 ns, Reaching safepoint: 244041 ns, Cleanup: 27250 ns, At safepoint: 10625 ns, Total: 281916 ns
[2025-09-09T07:02:53.283+0000][174][info ][safepoint   ] Safepoint "Cleanup", Time since last: 2002162043 ns, Reaching safepoint: 23042 ns, Cleanup: 6958 ns, At safepoint: 6750 ns, Total: 36750 ns
[2025-09-09T07:02:58.289+0000][174][info ][safepoint   ] Safepoint "Cleanup", Time since last: 5005571377 ns, Reaching safepoint: 465084 ns, Cleanup: 34958 ns, At safepoint: 22958 ns, Total: 523000 ns
[2025-09-09T07:03:00.135+0000][174][info ][safepoint   ] Safepoint "Cleanup", Time since last: 1846447626 ns, Reaching safepoint: 21042 ns, Cleanup: 40000 ns, At safepoint: 5291 ns, Total: 66333 ns
[2025-09-09T07:03:13.975+0000][174][info ][safepoint   ] Safepoint "Cleanup", Time since last: 13839665964 ns, Reaching safepoint: 32250 ns, Cleanup: 18459 ns, At safepoint: 10208 ns, Total: 60917 ns
[2025-09-09T07:03:15.349+0000][174][info ][safepoint   ] Safepoint "Cleanup", Time since last: 1374798792 ns, Reaching safepoint: 3792 ns, Cleanup: 10500 ns, At safepoint: 4708 ns, Total: 19000 ns
[2025-09-09T07:03:28.367+0000][174][info ][safepoint   ] Safepoint "Cleanup", Time since last: 13017484340 ns, Reaching safepoint: 197542 ns, Cleanup: 27750 ns, At safepoint: 13000 ns, Total: 238292 ns
[2025-09-09T07:03:30.370+0000][174][info ][safepoint   ] Safepoint "Cleanup", Time since last: 2002944459 ns, Reaching safepoint: 15958 ns, Cleanup: 12250 ns, At safepoint: 6292 ns, Total: 34500 ns
[2025-09-09T07:03:33.373+0000][174][info ][safepoint   ] Safepoint "Cleanup", Time since last: 3003253793 ns, Reaching safepoint: 15750 ns, Cleanup: 23250 ns, At safepoint: 7750 ns, Total: 46750 ns
[2025-09-09T07:03:49.389+0000][174][info ][safepoint   ] Safepoint "Cleanup", Time since last: 16015437215 ns, Reaching safepoint: 43084 ns, Cleanup: 17208 ns, At safepoint: 7542 ns, Total: 67834 ns
[2025-09-09T07:03:59.399+0000][174][info ][safepoint   ] Safepoint "Cleanup", Time since last: 10010089629 ns, Reaching safepoint: 28709 ns, Cleanup: 21916 ns, At safepoint: 5959 ns, Total: 56584 ns
[2025-09-09T07:04:13.950+0000][174][info ][safepoint   ] Safepoint "Cleanup", Time since last: 14554988464 ns, Reaching safepoint: 75000 ns, Cleanup: 53458 ns, At safepoint: 17292 ns, Total: 145750 ns
[2025-09-09T07:04:14.952+0000][174][info ][safepoint   ] Safepoint "Cleanup", Time since last: 1000887501 ns, Reaching safepoint: 1059208 ns, Cleanup: 50042 ns, At safepoint: 258791 ns, Total: 1368041 ns
[2025-09-09T07:04:16.954+0000][174][info ][safepoint   ] Safepoint "Cleanup", Time since last: 2002324376 ns, Reaching safepoint: 10417 ns, Cleanup: 9958 ns, At safepoint: 5709 ns, Total: 26084 ns
[2025-09-09T07:04:18.474+0000][174][info ][safepoint   ] Safepoint "Cleanup", Time since last: 1513809834 ns, Reaching safepoint: 1552625 ns, Cleanup: 4434333 ns, At safepoint: 16458 ns, Total: 6003416 ns
[2025-09-09T07:04:20.477+0000][174][info ][safepoint   ] Safepoint "Cleanup", Time since last: 2002514043 ns, Reaching safepoint: 83083 ns, Cleanup: 53459 ns, At safepoint: 13875 ns, Total: 150417 ns
[2025-09-09T07:04:21.477+0000][174][info ][safepoint   ] Safepoint "Cleanup", Time since last: 1000518375 ns, Reaching safepoint: 15125 ns, Cleanup: 13958 ns, At safepoint: 6417 ns, Total: 35500 ns
[2025-09-09T07:04:23.480+0000][174][info ][safepoint   ] Safepoint "Cleanup", Time since last: 2002648293 ns, Reaching safepoint: 224416 ns, Cleanup: 61125 ns, At safepoint: 11792 ns, Total: 297333 ns
[2025-09-09T07:04:24.482+0000][174][info ][safepoint   ] Safepoint "Cleanup", Time since last: 1001446792 ns, Reaching safepoint: 15375 ns, Cleanup: 12958 ns, At safepoint: 8917 ns, Total: 37250 ns
[2025-09-09T07:04:33.491+0000][174][info ][safepoint   ] Safepoint "Cleanup", Time since last: 9009457796 ns, Reaching safepoint: 147833 ns, Cleanup: 19709 ns, At safepoint: 10250 ns, Total: 177792 ns
[2025-09-09T07:04:36.496+0000][174][info ][safepoint   ] Safepoint "Cleanup", Time since last: 3002976126 ns, Reaching safepoint: 136875 ns, Cleanup: 1153000 ns, At safepoint: 34625 ns, Total: 1324500 ns
[2025-09-09T07:04:43.512+0000][174][info ][safepoint   ] Safepoint "Cleanup", Time since last: 7011359170 ns, Reaching safepoint: 23875 ns, Cleanup: 27750 ns, At safepoint: 12250 ns, Total: 63875 ns
[2025-09-09T07:04:44.515+0000][174][info ][safepoint   ] Safepoint "Cleanup", Time since last: 1003200959 ns, Reaching safepoint: 11708 ns, Cleanup: 11583 ns, At safepoint: 5750 ns, Total: 29041 ns
[2025-09-09T07:04:51.524+0000][174][info ][safepoint   ] Safepoint "Cleanup", Time since last: 7007980170 ns, Reaching safepoint: 1072667 ns, Cleanup: 32375 ns, At safepoint: 23250 ns, Total: 1128292 ns
[2025-09-09T07:05:02.536+0000][174][info ][safepoint   ] Safepoint "Cleanup", Time since last: 11012113255 ns, Reaching safepoint: 43417 ns, Cleanup: 14583 ns, At safepoint: 6500 ns, Total: 64500 ns
[2025-09-09T07:05:08.543+0000][174][info ][safepoint   ] Safepoint "Cleanup", Time since last: 6006890461 ns, Reaching safepoint: 22375 ns, Cleanup: 14875 ns, At safepoint: 5292 ns, Total: 42542 ns
[2025-09-09T07:05:13.136+0000][174][info ][safepoint   ] Safepoint "Cleanup", Time since last: 4592802419 ns, Reaching safepoint: 214083 ns, Cleanup: 23542 ns, At safepoint: 15666 ns, Total: 253291 ns
[2025-09-09T07:05:14.137+0000][174][info ][safepoint   ] Safepoint "Cleanup", Time since last: 1000777501 ns, Reaching safepoint: 17083 ns, Cleanup: 11917 ns, At safepoint: 7042 ns, Total: 36042 ns
[2025-09-09T07:05:17.142+0000][174][info ][safepoint   ] Safepoint "Cleanup", Time since last: 3005195834 ns, Reaching safepoint: 13584 ns, Cleanup: 19125 ns, At safepoint: 6875 ns, Total: 39584 ns
[2025-09-09T07:05:19.143+0000][174][info ][safepoint   ] Safepoint "Cleanup", Time since last: 2001665334 ns, Reaching safepoint: 15625 ns, Cleanup: 20000 ns, At safepoint: 5708 ns, Total: 41333 ns
[2025-09-09T07:05:20.638+0000][174][info ][safepoint   ] Safepoint "Cleanup", Time since last: 1494487584 ns, Reaching safepoint: 2959 ns, Cleanup: 6208 ns, At safepoint: 1625 ns, Total: 10792 ns
[2025-09-09T07:05:21.658+0000][174][info ][safepoint   ] Safepoint "Cleanup", Time since last: 1019455875 ns, Reaching safepoint: 55125 ns, Cleanup: 28792 ns, At safepoint: 10667 ns, Total: 94584 ns
[2025-09-09T07:05:33.670+0000][174][info ][safepoint   ] Safepoint "Cleanup", Time since last: 12012102672 ns, Reaching safepoint: 125583 ns, Cleanup: 30167 ns, At safepoint: 7292 ns, Total: 163042 ns
[2025-09-09T07:05:38.675+0000][174][info ][safepoint   ] Safepoint "Cleanup", Time since last: 5004677169 ns, Reaching safepoint: 28833 ns, Cleanup: 13917 ns, At safepoint: 6292 ns, Total: 49042 ns
[2025-09-09T07:05:56.694+0000][174][info ][safepoint   ] Safepoint "Cleanup", Time since last: 18018374258 ns, Reaching safepoint: 282583 ns, Cleanup: 22542 ns, At safepoint: 6833 ns, Total: 311958 ns
[2025-09-09T07:06:00.698+0000][174][info ][safepoint   ] Safepoint "Cleanup", Time since last: 4004215710 ns, Reaching safepoint: 48125 ns, Cleanup: 39750 ns, At safepoint: 9667 ns, Total: 97542 ns
[2025-09-09T07:06:11.343+0000][174][info ][safepoint   ] Safepoint "Cleanup", Time since last: 10644537380 ns, Reaching safepoint: 118875 ns, Cleanup: 25708 ns, At safepoint: 6209 ns, Total: 150792 ns
[2025-09-09T07:06:14.347+0000][174][info ][safepoint   ] Safepoint "Cleanup", Time since last: 3004737542 ns, Reaching safepoint: 14584 ns, Cleanup: 18458 ns, At safepoint: 26667 ns, Total: 59709 ns
[2025-09-09T07:06:16.350+0000][174][info ][safepoint   ] Safepoint "Cleanup", Time since last: 2003078376 ns, Reaching safepoint: 41166 ns, Cleanup: 36625 ns, At safepoint: 31625 ns, Total: 109416 ns
[2025-09-09T07:06:20.355+0000][174][info ][safepoint   ] Safepoint "Cleanup", Time since last: 4004788919 ns, Reaching safepoint: 25833 ns, Cleanup: 22583 ns, At safepoint: 5584 ns, Total: 54000 ns
[2025-09-09T07:06:22.963+0000][174][info ][safepoint   ] Safepoint "Cleanup", Time since last: 2607713043 ns, Reaching safepoint: 4291 ns, Cleanup: 10500 ns, At safepoint: 6917 ns, Total: 21708 ns
[2025-09-09T07:06:24.767+0000][174][info ][safepoint   ] Safepoint "Cleanup", Time since last: 1804107251 ns, Reaching safepoint: 62417 ns, Cleanup: 48041 ns, At safepoint: 21375 ns, Total: 131833 ns
[2025-09-09T07:06:28.772+0000][174][info ][safepoint   ] Safepoint "Cleanup", Time since last: 4004766127 ns, Reaching safepoint: 94083 ns, Cleanup: 59000 ns, At safepoint: 9542 ns, Total: 162625 ns
[2025-09-09T07:06:33.777+0000][174][info ][safepoint   ] Safepoint "Cleanup", Time since last: 5005038836 ns, Reaching safepoint: 35667 ns, Cleanup: 14291 ns, At safepoint: 5334 ns, Total: 55292 ns
[2025-09-09T07:06:35.779+0000][174][info ][safepoint   ] Safepoint "Cleanup", Time since last: 2001834584 ns, Reaching safepoint: 16291 ns, Cleanup: 12334 ns, At safepoint: 4708 ns, Total: 33333 ns
[2025-09-09T07:06:53.798+0000][174][info ][safepoint   ] Safepoint "Cleanup", Time since last: 18018739633 ns, Reaching safepoint: 394208 ns, Cleanup: 28084 ns, At safepoint: 8208 ns, Total: 430500 ns
[2025-09-09T07:06:58.804+0000][174][info ][safepoint   ] Safepoint "Cleanup", Time since last: 5005326294 ns, Reaching safepoint: 33084 ns, Cleanup: 15750 ns, At safepoint: 4625 ns, Total: 53459 ns
[2025-09-09T07:07:10.952+0000][174][info ][gc,start    ] GC(26) Pause Young (Normal) (G1 Evacuation Pause)
[2025-09-09T07:07:10.953+0000][174][info ][gc,task     ] GC(26) Using 8 workers of 8 for evacuation
[2025-09-09T07:07:10.953+0000][174][debug][gc,age      ] GC(26) Desired survivor size 41943040 bytes, new threshold 15 (max threshold 15)
[2025-09-09T07:07:11.004+0000][174][info ][gc,phases   ] GC(26)   Pre Evacuate Collection Set: 0.79ms
[2025-09-09T07:07:11.004+0000][174][info ][gc,phases   ] GC(26)   Merge Heap Roots: 0.23ms
[2025-09-09T07:07:11.004+0000][174][info ][gc,phases   ] GC(26)   Evacuate Collection Set: 45.82ms
[2025-09-09T07:07:11.004+0000][174][info ][gc,phases   ] GC(26)   Post Evacuate Collection Set: 3.89ms
[2025-09-09T07:07:11.004+0000][174][info ][gc,phases   ] GC(26)   Other: 0.29ms
[2025-09-09T07:07:11.004+0000][174][trace][gc,age      ] GC(26) Age table with threshold 15 (max threshold 15)
[2025-09-09T07:07:11.004+0000][174][trace][gc,age      ] GC(26) - age   1:     778576 bytes,     778576 total
[2025-09-09T07:07:11.004+0000][174][trace][gc,age      ] GC(26) - age   2:     409792 bytes,    1188368 total
[2025-09-09T07:07:11.004+0000][174][trace][gc,age      ] GC(26) - age   3:      75592 bytes,    1263960 total
[2025-09-09T07:07:11.004+0000][174][trace][gc,age      ] GC(26) - age   4:      97376 bytes,    1361336 total
[2025-09-09T07:07:11.004+0000][174][trace][gc,age      ] GC(26) - age   5:     291352 bytes,    1652688 total
[2025-09-09T07:07:11.004+0000][174][trace][gc,age      ] GC(26) - age   6:    2535736 bytes,    4188424 total
[2025-09-09T07:07:11.004+0000][174][trace][gc,age      ] GC(26) - age   7:    3372600 bytes,    7561024 total
[2025-09-09T07:07:11.004+0000][174][trace][gc,age      ] GC(26) - age   8:    2219072 bytes,    9780096 total
[2025-09-09T07:07:11.004+0000][174][trace][gc,age      ] GC(26) - age   9:   17918400 bytes,   27698496 total
[2025-09-09T07:07:11.004+0000][174][info ][gc,heap     ] GC(26) Eden regions: 145->0(145)
[2025-09-09T07:07:11.004+0000][174][info ][gc,heap     ] GC(26) Survivor regions: 8->8(20)
[2025-09-09T07:07:11.004+0000][174][info ][gc,heap     ] GC(26) Old regions: 30->30
[2025-09-09T07:07:11.004+0000][174][info ][gc,heap     ] GC(26) Humongous regions: 2->2
[2025-09-09T07:07:11.004+0000][174][info ][gc,metaspace] GC(26) Metaspace: 160703K(165120K)->160703K(165120K) NonClass: 138662K(141120K)->138662K(141120K) Class: 22041K(24000K)->22041K(24000K)
[2025-09-09T07:07:11.004+0000][174][info ][gc          ] GC(26) Pause Young (Normal) (G1 Evacuation Pause) 735M->155M(1024M) 52.055ms
[2025-09-09T07:07:11.004+0000][174][info ][gc,cpu      ] GC(26) User=0.33s Sys=0.00s Real=0.05s
[2025-09-09T07:07:11.004+0000][174][info ][safepoint   ] Safepoint "G1CollectForAllocation", Time since last: 12148415089 ns, Reaching safepoint: 27041 ns, Cleanup: 3584 ns, At safepoint: 52274208 ns, Total: 52304833 ns
[2025-09-09T07:07:14.008+0000][174][info ][safepoint   ] Safepoint "Cleanup", Time since last: 3003435334 ns, Reaching safepoint: 91416 ns, Cleanup: 16417 ns, At safepoint: 9750 ns, Total: 117583 ns
[2025-09-09T07:07:23.075+0000][174][info ][safepoint   ] Safepoint "Cleanup", Time since last: 9067230629 ns, Reaching safepoint: 4209 ns, Cleanup: 8916 ns, At safepoint: 1417 ns, Total: 14542 ns
[2025-09-09T07:07:24.898+0000][174][info ][safepoint   ] Safepoint "Cleanup", Time since last: 1821415751 ns, Reaching safepoint: 1228375 ns, Cleanup: 106708 ns, At safepoint: 19375 ns, Total: 1354458 ns
[2025-09-09T07:07:25.960+0000][174][info ][safepoint   ] Safepoint "Cleanup", Time since last: 1062399959 ns, Reaching safepoint: 3125 ns, Cleanup: 8875 ns, At safepoint: 1542 ns, Total: 13542 ns
[2025-09-09T07:07:27.958+0000][174][info ][safepoint   ] Safepoint "Cleanup", Time since last: 1997236667 ns, Reaching safepoint: 155792 ns, Cleanup: 64542 ns, At safepoint: 31333 ns, Total: 251667 ns
[2025-09-09T07:07:33.963+0000][174][info ][safepoint   ] Safepoint "Cleanup", Time since last: 6005478878 ns, Reaching safepoint: 147875 ns, Cleanup: 20500 ns, At safepoint: 6333 ns, Total: 174708 ns
[2025-09-09T07:07:43.974+0000][174][info ][safepoint   ] Safepoint "Cleanup", Time since last: 10010273754 ns, Reaching safepoint: 152458 ns, Cleanup: 31000 ns, At safepoint: 18709 ns, Total: 202167 ns
[2025-09-09T07:07:50.999+0000][174][info ][safepoint   ] Safepoint "Cleanup", Time since last: 7024812628 ns, Reaching safepoint: 11292 ns, Cleanup: 23666 ns, At safepoint: 6750 ns, Total: 41708 ns
[2025-09-09T07:07:52.032+0000][174][info ][safepoint   ] Safepoint "Cleanup", Time since last: 1032767751 ns, Reaching safepoint: 107292 ns, Cleanup: 17791 ns, At safepoint: 10084 ns, Total: 135167 ns
[2025-09-09T07:07:58.737+0000][174][info ][safepoint   ] Safepoint "Cleanup", Time since last: 6703836294 ns, Reaching safepoint: 1198250 ns, Cleanup: 7834 ns, At safepoint: 5625 ns, Total: 1211709 ns
[2025-09-09T07:08:00.714+0000][174][info ][safepoint   ] Safepoint "Cleanup", Time since last: 1976831751 ns, Reaching safepoint: 93750 ns, Cleanup: 38625 ns, At safepoint: 6958 ns, Total: 139333 ns
[2025-09-09T07:08:11.736+0000][174][info ][safepoint   ] Safepoint "Cleanup", Time since last: 11020978797 ns, Reaching safepoint: 1091583 ns, Cleanup: 18000 ns, At safepoint: 24500 ns, Total: 1134083 ns
[2025-09-09T07:08:14.740+0000][174][info ][safepoint   ] Safepoint "Cleanup", Time since last: 3004229668 ns, Reaching safepoint: 15917 ns, Cleanup: 13416 ns, At safepoint: 6084 ns, Total: 35417 ns
[2025-09-09T07:08:21.746+0000][174][info ][safepoint   ] Safepoint "Cleanup", Time since last: 7006511878 ns, Reaching safepoint: 87958 ns, Cleanup: 14167 ns, At safepoint: 6583 ns, Total: 108708 ns
[2025-09-09T07:08:26.042+0000][174][info ][safepoint   ] Safepoint "Cleanup", Time since last: 4295604419 ns, Reaching safepoint: 4334 ns, Cleanup: 6666 ns, At safepoint: 9292 ns, Total: 20292 ns
[2025-09-09T07:08:27.043+0000][174][info ][safepoint   ] Safepoint "Cleanup", Time since last: 1001230250 ns, Reaching safepoint: 21667 ns, Cleanup: 34750 ns, At safepoint: 8000 ns, Total: 64417 ns
[2025-09-09T07:08:28.156+0000][174][info ][safepoint   ] Safepoint "Cleanup", Time since last: 1112464167 ns, Reaching safepoint: 4000 ns, Cleanup: 33500 ns, At safepoint: 6750 ns, Total: 44250 ns
[2025-09-09T07:08:29.165+0000][174][info ][safepoint   ] Safepoint "Cleanup", Time since last: 1009555501 ns, Reaching safepoint: 8500 ns, Cleanup: 18583 ns, At safepoint: 9458 ns, Total: 36541 ns
[2025-09-09T07:08:33.182+0000][174][info ][safepoint   ] Safepoint "Cleanup", Time since last: 4016308127 ns, Reaching safepoint: 29125 ns, Cleanup: 11459 ns, At safepoint: 8375 ns, Total: 48959 ns
[2025-09-09T07:08:34.184+0000][174][info ][safepoint   ] Safepoint "Cleanup", Time since last: 1001895417 ns, Reaching safepoint: 74666 ns, Cleanup: 33334 ns, At safepoint: 20833 ns, Total: 128833 ns
[2025-09-09T07:08:35.186+0000][174][info ][safepoint   ] Safepoint "Cleanup", Time since last: 1001613084 ns, Reaching safepoint: 916625 ns, Cleanup: 44917 ns, At safepoint: 15333 ns, Total: 976875 ns
[2025-09-09T07:08:47.202+0000][174][info ][safepoint   ] Safepoint "Cleanup", Time since last: 12013475588 ns, Reaching safepoint: 2250459 ns, Cleanup: 40958 ns, At safepoint: 15750 ns, Total: 2307167 ns
[2025-09-09T07:09:13.790+0000][174][info ][safepoint   ] Safepoint "Cleanup", Time since last: 26588081137 ns, Reaching safepoint: 66125 ns, Cleanup: 29375 ns, At safepoint: 7208 ns, Total: 102708 ns
[2025-09-09T07:09:21.798+0000][174][info ][safepoint   ] Safepoint "Cleanup", Time since last: 8007898671 ns, Reaching safepoint: 26916 ns, Cleanup: 10000 ns, At safepoint: 5542 ns, Total: 42458 ns
[2025-09-09T07:09:29.000+0000][174][info ][safepoint   ] Safepoint "Cleanup", Time since last: 7201632087 ns, Reaching safepoint: 5167 ns, Cleanup: 12708 ns, At safepoint: 1667 ns, Total: 19542 ns
[2025-09-09T07:09:30.376+0000][174][info ][safepoint   ] Safepoint "Cleanup", Time since last: 1376455375 ns, Reaching safepoint: 75542 ns, Cleanup: 34125 ns, At safepoint: 13750 ns, Total: 123417 ns
[2025-09-09T07:09:31.984+0000][174][info ][safepoint   ] Safepoint "Cleanup", Time since last: 1607494459 ns, Reaching safepoint: 4167 ns, Cleanup: 6791 ns, At safepoint: 1542 ns, Total: 12500 ns
[2025-09-09T07:09:34.407+0000][174][info ][safepoint   ] Safepoint "Cleanup", Time since last: 2422954876 ns, Reaching safepoint: 176958 ns, Cleanup: 55417 ns, At safepoint: 8125 ns, Total: 240500 ns
[2025-09-09T07:09:44.417+0000][174][info ][safepoint   ] Safepoint "Cleanup", Time since last: 10010243380 ns, Reaching safepoint: 91166 ns, Cleanup: 15250 ns, At safepoint: 6917 ns, Total: 113333 ns
[2025-09-09T07:09:49.422+0000][174][info ][safepoint   ] Safepoint "Cleanup", Time since last: 5005202836 ns, Reaching safepoint: 277083 ns, Cleanup: 29917 ns, At safepoint: 9875 ns, Total: 316875 ns
[2025-09-09T07:09:50.424+0000][174][info ][safepoint   ] Safepoint "Cleanup", Time since last: 1001781417 ns, Reaching safepoint: 32666 ns, Cleanup: 29875 ns, At safepoint: 13042 ns, Total: 75583 ns
[2025-09-09T07:09:54.430+0000][174][info ][safepoint   ] Safepoint "Cleanup", Time since last: 4005222294 ns, Reaching safepoint: 33916 ns, Cleanup: 25125 ns, At safepoint: 7500 ns, Total: 66541 ns
[2025-09-09T07:09:59.434+0000][174][info ][safepoint   ] Safepoint "Cleanup", Time since last: 5004514169 ns, Reaching safepoint: 139834 ns, Cleanup: 46625 ns, At safepoint: 28375 ns, Total: 214834 ns
[2025-09-09T07:10:03.440+0000][174][info ][safepoint   ] Safepoint "Cleanup", Time since last: 4005635627 ns, Reaching safepoint: 53291 ns, Cleanup: 15459 ns, At safepoint: 8041 ns, Total: 76791 ns
[2025-09-09T07:10:09.446+0000][174][info ][safepoint   ] Safepoint "Cleanup", Time since last: 6005632128 ns, Reaching safepoint: 28750 ns, Cleanup: 32375 ns, At safepoint: 8667 ns, Total: 69792 ns
[2025-09-09T07:10:15.925+0000][174][info ][safepoint   ] Safepoint "Cleanup", Time since last: 6478194127 ns, Reaching safepoint: 62875 ns, Cleanup: 84625 ns, At safepoint: 21834 ns, Total: 169334 ns
[2025-09-09T07:10:18.929+0000][174][info ][safepoint   ] Safepoint "Cleanup", Time since last: 3004495251 ns, Reaching safepoint: 123750 ns, Cleanup: 12542 ns, At safepoint: 4708 ns, Total: 141000 ns
[2025-09-09T07:10:20.932+0000][174][info ][safepoint   ] Safepoint "Cleanup", Time since last: 2002326501 ns, Reaching safepoint: 11208 ns, Cleanup: 13542 ns, At safepoint: 4542 ns, Total: 29292 ns
[2025-09-09T07:10:23.935+0000][174][info ][safepoint   ] Safepoint "Cleanup", Time since last: 3002912793 ns, Reaching safepoint: 59125 ns, Cleanup: 31500 ns, At safepoint: 10708 ns, Total: 101333 ns
[2025-09-09T07:10:27.939+0000][174][info ][safepoint   ] Safepoint "Cleanup", Time since last: 4003569044 ns, Reaching safepoint: 62375 ns, Cleanup: 38833 ns, At safepoint: 13542 ns, Total: 114750 ns
[2025-09-09T07:10:32.030+0000][174][info ][safepoint   ] Safepoint "Cleanup", Time since last: 4091425418 ns, Reaching safepoint: 12542 ns, Cleanup: 12083 ns, At safepoint: 4750 ns, Total: 29375 ns
[2025-09-09T07:10:33.571+0000][174][info ][safepoint   ] Safepoint "Cleanup", Time since last: 1541073584 ns, Reaching safepoint: 53250 ns, Cleanup: 79500 ns, At safepoint: 19292 ns, Total: 152042 ns
[2025-09-09T07:10:35.012+0000][174][info ][safepoint   ] Safepoint "Cleanup", Time since last: 1440760959 ns, Reaching safepoint: 3083 ns, Cleanup: 10417 ns, At safepoint: 1542 ns, Total: 15042 ns
[2025-09-09T07:10:36.605+0000][174][info ][safepoint   ] Safepoint "Cleanup", Time since last: 1592640501 ns, Reaching safepoint: 36500 ns, Cleanup: 23250 ns, At safepoint: 6416 ns, Total: 66166 ns
[2025-09-09T07:10:52.622+0000][174][info ][safepoint   ] Safepoint "Cleanup", Time since last: 16017110508 ns, Reaching safepoint: 674833 ns, Cleanup: 47750 ns, At safepoint: 10292 ns, Total: 732875 ns
[2025-09-09T07:11:14.101+0000][174][info ][safepoint   ] Safepoint "Cleanup", Time since last: 21479016801 ns, Reaching safepoint: 51083 ns, Cleanup: 14334 ns, At safepoint: 11208 ns, Total: 76625 ns
[2025-09-09T07:11:15.102+0000][174][info ][safepoint   ] Safepoint "Cleanup", Time since last: 1000945917 ns, Reaching safepoint: 19459 ns, Cleanup: 17375 ns, At safepoint: 7625 ns, Total: 44459 ns
[2025-09-09T07:11:19.106+0000][174][info ][safepoint   ] Safepoint "Cleanup", Time since last: 4003942085 ns, Reaching safepoint: 51917 ns, Cleanup: 21458 ns, At safepoint: 7917 ns, Total: 81292 ns
[2025-09-09T07:11:23.111+0000][174][info ][safepoint   ] Safepoint "Cleanup", Time since last: 4004138501 ns, Reaching safepoint: 39250 ns, Cleanup: 14917 ns, At safepoint: 5792 ns, Total: 59959 ns
[2025-09-09T07:11:24.113+0000][174][info ][safepoint   ] Safepoint "Cleanup", Time since last: 1001917375 ns, Reaching safepoint: 12042 ns, Cleanup: 10417 ns, At safepoint: 5083 ns, Total: 27542 ns
[2025-09-09T07:11:25.113+0000][174][info ][safepoint   ] Safepoint "Cleanup", Time since last: 1000684292 ns, Reaching safepoint: 47500 ns, Cleanup: 29542 ns, At safepoint: 13041 ns, Total: 90083 ns
[2025-09-09T07:11:29.117+0000][174][info ][safepoint   ] Safepoint "Cleanup", Time since last: 4003889044 ns, Reaching safepoint: 14208 ns, Cleanup: 24000 ns, At safepoint: 5959 ns, Total: 44167 ns
[2025-09-09T07:11:32.121+0000][174][info ][safepoint   ] Safepoint "Cleanup", Time since last: 3003834501 ns, Reaching safepoint: 12875 ns, Cleanup: 13208 ns, At safepoint: 4334 ns, Total: 30417 ns
[2025-09-09T07:11:35.015+0000][174][info ][safepoint   ] Safepoint "Cleanup", Time since last: 2893835293 ns, Reaching safepoint: 4083 ns, Cleanup: 6917 ns, At safepoint: 1416 ns, Total: 12416 ns
[2025-09-09T07:11:44.803+0000][174][info ][safepoint   ] Safepoint "Cleanup", Time since last: 9787876671 ns, Reaching safepoint: 189250 ns, Cleanup: 40792 ns, At safepoint: 7917 ns, Total: 237959 ns
[2025-09-09T07:11:52.814+0000][174][info ][safepoint   ] Safepoint "Cleanup", Time since last: 8011339754 ns, Reaching safepoint: 82666 ns, Cleanup: 15292 ns, At safepoint: 12250 ns, Total: 110208 ns
[2025-09-09T07:11:54.818+0000][174][info ][safepoint   ] Safepoint "Cleanup", Time since last: 2003383751 ns, Reaching safepoint: 25458 ns, Cleanup: 15750 ns, At safepoint: 6709 ns, Total: 47917 ns
[2025-09-09T07:12:03.828+0000][174][info ][safepoint   ] Safepoint "Cleanup", Time since last: 9010199587 ns, Reaching safepoint: 10334 ns, Cleanup: 11000 ns, At safepoint: 10083 ns, Total: 31417 ns
[2025-09-09T07:12:14.336+0000][174][info ][safepoint   ] Safepoint "Cleanup", Time since last: 10508026005 ns, Reaching safepoint: 11625 ns, Cleanup: 11166 ns, At safepoint: 3750 ns, Total: 26541 ns
[2025-09-09T07:12:29.357+0000][174][info ][safepoint   ] Safepoint "Cleanup", Time since last: 15020575216 ns, Reaching safepoint: 136541 ns, Cleanup: 19792 ns, At safepoint: 5458 ns, Total: 161791 ns
[2025-09-09T07:12:33.360+0000][174][info ][safepoint   ] Safepoint "Cleanup", Time since last: 4003090752 ns, Reaching safepoint: 33000 ns, Cleanup: 11334 ns, At safepoint: 5375 ns, Total: 49709 ns
[2025-09-09T07:12:34.361+0000][174][info ][safepoint   ] Safepoint "Cleanup", Time since last: 1001020125 ns, Reaching safepoint: 20375 ns, Cleanup: 48500 ns, At safepoint: 7583 ns, Total: 76458 ns
[2025-09-09T07:12:38.032+0000][174][info ][safepoint   ] Safepoint "Cleanup", Time since last: 3671370961 ns, Reaching safepoint: 5291 ns, Cleanup: 10959 ns, At safepoint: 2416 ns, Total: 18666 ns
[2025-09-09T07:12:39.931+0000][174][info ][safepoint   ] Safepoint "Cleanup", Time since last: 1898116834 ns, Reaching safepoint: 21250 ns, Cleanup: 28292 ns, At safepoint: 19500 ns, Total: 69042 ns
[2025-09-09T07:12:41.017+0000][174][info ][safepoint   ] Safepoint "Cleanup", Time since last: 1086416209 ns, Reaching safepoint: 3417 ns, Cleanup: 4916 ns, At safepoint: 1459 ns, Total: 9792 ns
[2025-09-09T07:12:50.064+0000][174][info ][safepoint   ] Safepoint "Cleanup", Time since last: 9047095670 ns, Reaching safepoint: 7291 ns, Cleanup: 12084 ns, At safepoint: 8125 ns, Total: 27500 ns
[2025-09-09T07:12:52.039+0000][174][info ][safepoint   ] Safepoint "Cleanup", Time since last: 1974785626 ns, Reaching safepoint: 25083 ns, Cleanup: 71167 ns, At safepoint: 11458 ns, Total: 107708 ns
[2025-09-09T07:12:58.044+0000][174][info ][safepoint   ] Safepoint "Cleanup", Time since last: 6004915169 ns, Reaching safepoint: 173209 ns, Cleanup: 35458 ns, At safepoint: 12500 ns, Total: 221167 ns
[2025-09-09T07:12:58.838+0000][174][info ][gc,start    ] GC(27) Pause Young (Normal) (G1 Evacuation Pause)
[2025-09-09T07:12:58.839+0000][174][info ][gc,task     ] GC(27) Using 8 workers of 8 for evacuation
[2025-09-09T07:12:58.839+0000][174][debug][gc,age      ] GC(27) Desired survivor size 41943040 bytes, new threshold 15 (max threshold 15)
[2025-09-09T07:12:58.874+0000][174][info ][gc,phases   ] GC(27)   Pre Evacuate Collection Set: 0.81ms
[2025-09-09T07:12:58.874+0000][174][info ][gc,phases   ] GC(27)   Merge Heap Roots: 0.15ms
[2025-09-09T07:12:58.874+0000][174][info ][gc,phases   ] GC(27)   Evacuate Collection Set: 31.24ms
[2025-09-09T07:12:58.874+0000][174][info ][gc,phases   ] GC(27)   Post Evacuate Collection Set: 3.04ms
[2025-09-09T07:12:58.874+0000][174][info ][gc,phases   ] GC(27)   Other: 0.26ms
[2025-09-09T07:12:58.874+0000][174][trace][gc,age      ] GC(27) Age table with threshold 15 (max threshold 15)
[2025-09-09T07:12:58.874+0000][174][trace][gc,age      ] GC(27) - age   1:     820168 bytes,     820168 total
[2025-09-09T07:12:58.874+0000][174][trace][gc,age      ] GC(27) - age   2:      24776 bytes,     844944 total
[2025-09-09T07:12:58.874+0000][174][trace][gc,age      ] GC(27) - age   3:     399112 bytes,    1244056 total
[2025-09-09T07:12:58.874+0000][174][trace][gc,age      ] GC(27) - age   4:      73168 bytes,    1317224 total
[2025-09-09T07:12:58.875+0000][174][trace][gc,age      ] GC(27) - age   5:      97312 bytes,    1414536 total
[2025-09-09T07:12:58.875+0000][174][trace][gc,age      ] GC(27) - age   6:     291080 bytes,    1705616 total
[2025-09-09T07:12:58.875+0000][174][trace][gc,age      ] GC(27) - age   7:    2535568 bytes,    4241184 total
[2025-09-09T07:12:58.875+0000][174][trace][gc,age      ] GC(27) - age   8:    3372064 bytes,    7613248 total
[2025-09-09T07:12:58.875+0000][174][trace][gc,age      ] GC(27) - age   9:    2202360 bytes,    9815608 total
[2025-09-09T07:12:58.875+0000][174][trace][gc,age      ] GC(27) - age  10:   17917648 bytes,   27733256 total
[2025-09-09T07:12:58.875+0000][174][info ][gc,heap     ] GC(27) Eden regions: 145->0(145)
[2025-09-09T07:12:58.875+0000][174][info ][gc,heap     ] GC(27) Survivor regions: 8->8(20)
[2025-09-09T07:12:58.875+0000][174][info ][gc,heap     ] GC(27) Old regions: 30->30
[2025-09-09T07:12:58.875+0000][174][info ][gc,heap     ] GC(27) Humongous regions: 2->2
[2025-09-09T07:12:58.875+0000][174][info ][gc,metaspace] GC(27) Metaspace: 160996K(165440K)->160996K(165440K) NonClass: 138949K(141440K)->138949K(141440K) Class: 22046K(24000K)->22046K(24000K)
[2025-09-09T07:12:58.875+0000][174][info ][gc          ] GC(27) Pause Young (Normal) (G1 Evacuation Pause) 735M->154M(1024M) 36.553ms
[2025-09-09T07:12:58.875+0000][174][info ][gc,cpu      ] GC(27) User=0.23s Sys=0.02s Real=0.04s
[2025-09-09T07:12:58.875+0000][174][info ][safepoint   ] Safepoint "G1CollectForAllocation", Time since last: 793956584 ns, Reaching safepoint: 6791 ns, Cleanup: 11459 ns, At safepoint: 36777042 ns, Total: 36795292 ns
[2025-09-09T07:13:23.072+0000][174][info ][safepoint   ] Safepoint "Cleanup", Time since last: 24197043219 ns, Reaching safepoint: 185583 ns, Cleanup: 50167 ns, At safepoint: 17958 ns, Total: 253708 ns
[2025-09-09T07:13:24.107+0000][174][info ][safepoint   ] Safepoint "Cleanup", Time since last: 1034884167 ns, Reaching safepoint: 3125 ns, Cleanup: 6209 ns, At safepoint: 3708 ns, Total: 13042 ns
[2025-09-09T07:13:34.133+0000][174][info ][safepoint   ] Safepoint "Cleanup", Time since last: 10026081588 ns, Reaching safepoint: 46042 ns, Cleanup: 30791 ns, At safepoint: 7125 ns, Total: 83958 ns
[2025-09-09T07:13:39.139+0000][174][info ][safepoint   ] Safepoint "Cleanup", Time since last: 5005625086 ns, Reaching safepoint: 88375 ns, Cleanup: 41500 ns, At safepoint: 14917 ns, Total: 144792 ns
[2025-09-09T07:13:41.049+0000][174][info ][safepoint   ] Safepoint "Cleanup", Time since last: 1910559834 ns, Reaching safepoint: 4292 ns, Cleanup: 5208 ns, At safepoint: 1333 ns, Total: 10833 ns
[2025-09-09T07:13:42.198+0000][174][info ][safepoint   ] Safepoint "Cleanup", Time since last: 1147455833 ns, Reaching safepoint: 971709 ns, Cleanup: 41291 ns, At safepoint: 10667 ns, Total: 1023667 ns
[2025-09-09T07:13:44.028+0000][174][info ][safepoint   ] Safepoint "Cleanup", Time since last: 1830264626 ns, Reaching safepoint: 3625 ns, Cleanup: 8791 ns, At safepoint: 4125 ns, Total: 16541 ns
[2025-09-09T07:13:45.245+0000][174][info ][safepoint   ] Safepoint "Cleanup", Time since last: 1216884043 ns, Reaching safepoint: 14166 ns, Cleanup: 13792 ns, At safepoint: 5500 ns, Total: 33458 ns
[2025-09-09T07:13:51.252+0000][174][info ][safepoint   ] Safepoint "Cleanup", Time since last: 6006000295 ns, Reaching safepoint: 160250 ns, Cleanup: 18958 ns, At safepoint: 7125 ns, Total: 186333 ns
[2025-09-09T07:14:14.825+0000][174][info ][safepoint   ] Safepoint "Cleanup", Time since last: 23573445636 ns, Reaching safepoint: 72791 ns, Cleanup: 47792 ns, At safepoint: 12750 ns, Total: 133333 ns
[2025-09-09T07:14:18.829+0000][174][info ][safepoint   ] Safepoint "Cleanup", Time since last: 4003857252 ns, Reaching safepoint: 19083 ns, Cleanup: 16792 ns, At safepoint: 9542 ns, Total: 45417 ns
[2025-09-09T07:14:21.832+0000][174][info ][safepoint   ] Safepoint "Cleanup", Time since last: 3002957501 ns, Reaching safepoint: 50458 ns, Cleanup: 15375 ns, At safepoint: 9959 ns, Total: 75792 ns
[2025-09-09T07:14:26.837+0000][174][info ][safepoint   ] Safepoint "Cleanup", Time since last: 5005074252 ns, Reaching safepoint: 106750 ns, Cleanup: 15959 ns, At safepoint: 7458 ns, Total: 130167 ns
[2025-09-09T07:14:33.845+0000][174][info ][safepoint   ] Safepoint "Cleanup", Time since last: 7008054462 ns, Reaching safepoint: 14833 ns, Cleanup: 13250 ns, At safepoint: 7458 ns, Total: 35541 ns
[2025-09-09T07:14:44.053+0000][174][info ][safepoint   ] Safepoint "Cleanup", Time since last: 10207759004 ns, Reaching safepoint: 4834 ns, Cleanup: 11458 ns, At safepoint: 1875 ns, Total: 18167 ns
[2025-09-09T07:14:45.434+0000][174][info ][safepoint   ] Safepoint "Cleanup", Time since last: 1381105042 ns, Reaching safepoint: 3334 ns, Cleanup: 13833 ns, At safepoint: 4292 ns, Total: 21459 ns
[2025-09-09T07:14:47.031+0000][174][info ][safepoint   ] Safepoint "Cleanup", Time since last: 1596321792 ns, Reaching safepoint: 2750 ns, Cleanup: 5750 ns, At safepoint: 4292 ns, Total: 12792 ns
[2025-09-09T07:14:58.473+0000][174][info ][safepoint   ] Safepoint "Cleanup", Time since last: 11442081339 ns, Reaching safepoint: 48125 ns, Cleanup: 14333 ns, At safepoint: 5042 ns, Total: 67500 ns
[2025-09-09T07:15:15.024+0000][174][info ][safepoint   ] Safepoint "Cleanup", Time since last: 16551572215 ns, Reaching safepoint: 35292 ns, Cleanup: 17458 ns, At safepoint: 5292 ns, Total: 58042 ns
[2025-09-09T07:15:32.043+0000][174][info ][safepoint   ] Safepoint "Cleanup", Time since last: 17018784675 ns, Reaching safepoint: 132791 ns, Cleanup: 20792 ns, At safepoint: 18583 ns, Total: 172166 ns
[2025-09-09T07:15:34.046+0000][174][info ][safepoint   ] Safepoint "Cleanup", Time since last: 2002609376 ns, Reaching safepoint: 31000 ns, Cleanup: 14375 ns, At safepoint: 28125 ns, Total: 73500 ns
[2025-09-09T07:15:35.047+0000][174][info ][safepoint   ] Safepoint "Cleanup", Time since last: 1001627417 ns, Reaching safepoint: 10167 ns, Cleanup: 8000 ns, At safepoint: 5125 ns, Total: 23292 ns
[2025-09-09T07:15:46.056+0000][174][info ][safepoint   ] Safepoint "Cleanup", Time since last: 11008335880 ns, Reaching safepoint: 70375 ns, Cleanup: 31875 ns, At safepoint: 13958 ns, Total: 116208 ns
[2025-09-09T07:15:47.089+0000][174][info ][safepoint   ] Safepoint "Cleanup", Time since last: 1032453501 ns, Reaching safepoint: 4583 ns, Cleanup: 14833 ns, At safepoint: 9625 ns, Total: 29041 ns
[2025-09-09T07:15:48.627+0000][174][info ][safepoint   ] Safepoint "Cleanup", Time since last: 1538606876 ns, Reaching safepoint: 14125 ns, Cleanup: 14375 ns, At safepoint: 7250 ns, Total: 35750 ns
[2025-09-09T07:15:50.636+0000][174][info ][safepoint   ] Safepoint "Cleanup", Time since last: 2008669543 ns, Reaching safepoint: 3500 ns, Cleanup: 12666 ns, At safepoint: 6959 ns, Total: 23125 ns
[2025-09-09T07:15:52.648+0000][174][info ][safepoint   ] Safepoint "Cleanup", Time since last: 2012581876 ns, Reaching safepoint: 12375 ns, Cleanup: 18041 ns, At safepoint: 7292 ns, Total: 37708 ns
[2025-09-09T07:16:14.044+0000][174][info ][safepoint   ] Safepoint "Cleanup", Time since last: 21395598217 ns, Reaching safepoint: 56334 ns, Cleanup: 30541 ns, At safepoint: 7959 ns, Total: 94834 ns
[2025-09-09T07:16:34.067+0000][174][info ][safepoint   ] Safepoint "Cleanup", Time since last: 20023002509 ns, Reaching safepoint: 32584 ns, Cleanup: 20666 ns, At safepoint: 7417 ns, Total: 60667 ns
[2025-09-09T07:16:50.072+0000][174][info ][safepoint   ] Safepoint "Cleanup", Time since last: 16005578048 ns, Reaching safepoint: 4209 ns, Cleanup: 21125 ns, At safepoint: 2458 ns, Total: 27792 ns
[2025-09-09T07:16:51.899+0000][174][info ][safepoint   ] Safepoint "Cleanup", Time since last: 1827263293 ns, Reaching safepoint: 74250 ns, Cleanup: 56208 ns, At safepoint: 14500 ns, Total: 144958 ns
[2025-09-09T07:16:53.089+0000][174][info ][safepoint   ] Safepoint "Cleanup", Time since last: 1189914667 ns, Reaching safepoint: 10250 ns, Cleanup: 8417 ns, At safepoint: 4166 ns, Total: 22833 ns
[2025-09-09T07:16:54.931+0000][174][info ][safepoint   ] Safepoint "Cleanup", Time since last: 1841196751 ns, Reaching safepoint: 14000 ns, Cleanup: 38375 ns, At safepoint: 10167 ns, Total: 62542 ns
[2025-09-09T07:17:12.189+0000][174][info ][safepoint   ] Safepoint "Cleanup", Time since last: 17257892591 ns, Reaching safepoint: 53292 ns, Cleanup: 20208 ns, At safepoint: 7000 ns, Total: 80500 ns
[2025-09-09T07:17:14.193+0000][174][info ][safepoint   ] Safepoint "Cleanup", Time since last: 2003421501 ns, Reaching safepoint: 18833 ns, Cleanup: 14708 ns, At safepoint: 6209 ns, Total: 39750 ns
[2025-09-09T07:17:15.194+0000][174][info ][safepoint   ] Safepoint "Cleanup", Time since last: 1001048667 ns, Reaching safepoint: 36333 ns, Cleanup: 23542 ns, At safepoint: 12708 ns, Total: 72583 ns
[2025-09-09T07:17:22.204+0000][174][info ][safepoint   ] Safepoint "Cleanup", Time since last: 7010359754 ns, Reaching safepoint: 23291 ns, Cleanup: 14292 ns, At safepoint: 5042 ns, Total: 42625 ns
[2025-09-09T07:17:24.207+0000][174][info ][safepoint   ] Safepoint "Cleanup", Time since last: 2002790126 ns, Reaching safepoint: 20250 ns, Cleanup: 15708 ns, At safepoint: 6583 ns, Total: 42541 ns
[2025-09-09T07:17:26.210+0000][174][info ][safepoint   ] Safepoint "Cleanup", Time since last: 2002487085 ns, Reaching safepoint: 12375 ns, Cleanup: 11458 ns, At safepoint: 3792 ns, Total: 27625 ns
[2025-09-09T07:17:42.232+0000][174][info ][safepoint   ] Safepoint "Cleanup", Time since last: 16023255215 ns, Reaching safepoint: 41666 ns, Cleanup: 12500 ns, At safepoint: 5709 ns, Total: 59875 ns
[2025-09-09T07:17:47.238+0000][174][info ][safepoint   ] Safepoint "Cleanup", Time since last: 5005476419 ns, Reaching safepoint: 71375 ns, Cleanup: 34916 ns, At safepoint: 12375 ns, Total: 118666 ns
[2025-09-09T07:17:50.117+0000][174][info ][safepoint   ] Safepoint "Cleanup", Time since last: 2879021168 ns, Reaching safepoint: 5375 ns, Cleanup: 7542 ns, At safepoint: 5292 ns, Total: 18209 ns
[2025-09-09T07:17:51.117+0000][174][info ][safepoint   ] Safepoint "Cleanup", Time since last: 1000095000 ns, Reaching safepoint: 58167 ns, Cleanup: 63875 ns, At safepoint: 5416 ns, Total: 127458 ns
[2025-09-09T07:17:53.087+0000][174][info ][safepoint   ] Safepoint "Cleanup", Time since last: 1970185460 ns, Reaching safepoint: 2916 ns, Cleanup: 4792 ns, At safepoint: 3750 ns, Total: 11458 ns
[2025-09-09T07:17:54.098+0000][174][info ][safepoint   ] Safepoint "Cleanup", Time since last: 1010329084 ns, Reaching safepoint: 438958 ns, Cleanup: 31375 ns, At safepoint: 42167 ns, Total: 512500 ns
[2025-09-09T07:17:55.138+0000][174][info ][safepoint   ] Safepoint "Cleanup", Time since last: 1040217459 ns, Reaching safepoint: 20583 ns, Cleanup: 33875 ns, At safepoint: 6542 ns, Total: 61000 ns
[2025-09-09T07:17:57.124+0000][174][info ][safepoint   ] Safepoint "Cleanup", Time since last: 1985357792 ns, Reaching safepoint: 14084 ns, Cleanup: 24875 ns, At safepoint: 3458 ns, Total: 42417 ns
[2025-09-09T07:17:58.174+0000][174][info ][safepoint   ] Safepoint "Cleanup", Time since last: 1050695917 ns, Reaching safepoint: 11833 ns, Cleanup: 10334 ns, At safepoint: 4250 ns, Total: 26417 ns
[2025-09-09T07:18:00.046+0000][174][info ][safepoint   ] Safepoint "Cleanup", Time since last: 1871794751 ns, Reaching safepoint: 121833 ns, Cleanup: 68833 ns, At safepoint: 15167 ns, Total: 205833 ns
[2025-09-09T07:18:15.200+0000][174][info ][safepoint   ] Safepoint "Cleanup", Time since last: 15152570048 ns, Reaching safepoint: 67417 ns, Cleanup: 22583 ns, At safepoint: 20167 ns, Total: 110167 ns
[2025-09-09T07:18:18.205+0000][174][info ][safepoint   ] Safepoint "Cleanup", Time since last: 3005292626 ns, Reaching safepoint: 14375 ns, Cleanup: 10792 ns, At safepoint: 8541 ns, Total: 33708 ns
[2025-09-09T07:18:29.217+0000][174][info ][safepoint   ] Safepoint "Cleanup", Time since last: 11011337047 ns, Reaching safepoint: 76334 ns, Cleanup: 15375 ns, At safepoint: 7333 ns, Total: 99042 ns
[2025-09-09T07:18:33.222+0000][174][info ][safepoint   ] Safepoint "Cleanup", Time since last: 4005501585 ns, Reaching safepoint: 29709 ns, Cleanup: 12583 ns, At safepoint: 3708 ns, Total: 46000 ns
[2025-09-09T07:18:35.224+0000][174][info ][safepoint   ] Safepoint "Cleanup", Time since last: 2001805793 ns, Reaching safepoint: 11833 ns, Cleanup: 10917 ns, At safepoint: 5125 ns, Total: 27875 ns
[2025-09-09T07:18:39.228+0000][174][info ][safepoint   ] Safepoint "Cleanup", Time since last: 4004185085 ns, Reaching safepoint: 27792 ns, Cleanup: 25000 ns, At safepoint: 8041 ns, Total: 60833 ns
[2025-09-09T07:18:40.229+0000][174][info ][safepoint   ] Safepoint "Cleanup", Time since last: 1000909459 ns, Reaching safepoint: 11834 ns, Cleanup: 11166 ns, At safepoint: 3792 ns, Total: 26792 ns
[2025-09-09T07:18:44.233+0000][174][info ][safepoint   ] Safepoint "Cleanup", Time since last: 4004548960 ns, Reaching safepoint: 18917 ns, Cleanup: 11958 ns, At safepoint: 6208 ns, Total: 37083 ns
[2025-09-09T07:18:56.121+0000][174][info ][safepoint   ] Safepoint "Cleanup", Time since last: 11887671673 ns, Reaching safepoint: 4708 ns, Cleanup: 10417 ns, At safepoint: 1916 ns, Total: 17041 ns
[2025-09-09T07:18:57.397+0000][174][info ][safepoint   ] Safepoint "Cleanup", Time since last: 1275664084 ns, Reaching safepoint: 53750 ns, Cleanup: 23500 ns, At safepoint: 16125 ns, Total: 93375 ns
[2025-09-09T07:18:59.112+0000][174][info ][safepoint   ] Safepoint "Cleanup", Time since last: 1714896334 ns, Reaching safepoint: 3750 ns, Cleanup: 10750 ns, At safepoint: 1459 ns, Total: 15959 ns
[2025-09-09T07:19:00.422+0000][174][info ][safepoint   ] Safepoint "Cleanup", Time since last: 1309860959 ns, Reaching safepoint: 18875 ns, Cleanup: 25041 ns, At safepoint: 7042 ns, Total: 50958 ns
[2025-09-09T07:19:01.864+0000][174][info ][gc,start    ] GC(28) Pause Young (Normal) (G1 Evacuation Pause)
[2025-09-09T07:19:01.865+0000][174][info ][gc,task     ] GC(28) Using 8 workers of 8 for evacuation
[2025-09-09T07:19:01.865+0000][174][debug][gc,age      ] GC(28) Desired survivor size 41943040 bytes, new threshold 15 (max threshold 15)
[2025-09-09T07:19:01.903+0000][174][info ][gc,phases   ] GC(28)   Pre Evacuate Collection Set: 0.92ms
[2025-09-09T07:19:01.903+0000][174][info ][gc,phases   ] GC(28)   Merge Heap Roots: 0.31ms
[2025-09-09T07:19:01.903+0000][174][info ][gc,phases   ] GC(28)   Evacuate Collection Set: 29.14ms
[2025-09-09T07:19:01.903+0000][174][info ][gc,phases   ] GC(28)   Post Evacuate Collection Set: 6.32ms
[2025-09-09T07:19:01.904+0000][174][info ][gc,phases   ] GC(28)   Other: 1.27ms
[2025-09-09T07:19:01.904+0000][174][trace][gc,age      ] GC(28) Age table with threshold 15 (max threshold 15)
[2025-09-09T07:19:01.904+0000][174][trace][gc,age      ] GC(28) - age   1:     912984 bytes,     912984 total
[2025-09-09T07:19:01.904+0000][174][trace][gc,age      ] GC(28) - age   2:      75984 bytes,     988968 total
[2025-09-09T07:19:01.904+0000][174][trace][gc,age      ] GC(28) - age   3:      23832 bytes,    1012800 total
[2025-09-09T07:19:01.904+0000][174][trace][gc,age      ] GC(28) - age   4:     387848 bytes,    1400648 total
[2025-09-09T07:19:01.904+0000][174][trace][gc,age      ] GC(28) - age   5:      73168 bytes,    1473816 total
[2025-09-09T07:19:01.904+0000][174][trace][gc,age      ] GC(28) - age   6:      97312 bytes,    1571128 total
[2025-09-09T07:19:01.904+0000][174][trace][gc,age      ] GC(28) - age   7:     291080 bytes,    1862208 total
[2025-09-09T07:19:01.904+0000][174][trace][gc,age      ] GC(28) - age   8:    2533160 bytes,    4395368 total
[2025-09-09T07:19:01.904+0000][174][trace][gc,age      ] GC(28) - age   9:    3371928 bytes,    7767296 total
[2025-09-09T07:19:01.904+0000][174][trace][gc,age      ] GC(28) - age  10:    2194112 bytes,    9961408 total
[2025-09-09T07:19:01.905+0000][174][trace][gc,age      ] GC(28) - age  11:   17860840 bytes,   27822248 total
[2025-09-09T07:19:01.905+0000][174][info ][gc,heap     ] GC(28) Eden regions: 145->0(145)
[2025-09-09T07:19:01.905+0000][174][info ][gc,heap     ] GC(28) Survivor regions: 8->8(20)
[2025-09-09T07:19:01.905+0000][174][info ][gc,heap     ] GC(28) Old regions: 30->30
[2025-09-09T07:19:01.905+0000][174][info ][gc,heap     ] GC(28) Humongous regions: 2->2
[2025-09-09T07:19:01.905+0000][174][info ][gc,metaspace] GC(28) Metaspace: 161136K(165568K)->161136K(165568K) NonClass: 139089K(141568K)->139089K(141568K) Class: 22047K(24000K)->22047K(24000K)
[2025-09-09T07:19:01.905+0000][174][info ][gc          ] GC(28) Pause Young (Normal) (G1 Evacuation Pause) 734M->155M(1024M) 40.601ms
[2025-09-09T07:19:01.905+0000][174][info ][gc,cpu      ] GC(28) User=0.23s Sys=0.00s Real=0.04s
[2025-09-09T07:19:01.905+0000][174][info ][safepoint   ] Safepoint "G1CollectForAllocation", Time since last: 1442168167 ns, Reaching safepoint: 199375 ns, Cleanup: 8750 ns, At safepoint: 40870125 ns, Total: 41078250 ns
[2025-09-09T07:19:03.906+0000][174][info ][safepoint   ] Safepoint "Cleanup", Time since last: 2001419085 ns, Reaching safepoint: 20583 ns, Cleanup: 39583 ns, At safepoint: 14375 ns, Total: 74541 ns
[2025-09-09T07:19:14.440+0000][174][info ][safepoint   ] Safepoint "Cleanup", Time since last: 10533236129 ns, Reaching safepoint: 32542 ns, Cleanup: 40458 ns, At safepoint: 11000 ns, Total: 84000 ns
[2025-09-09T07:19:29.466+0000][174][info ][safepoint   ] Safepoint "Cleanup", Time since last: 15026062716 ns, Reaching safepoint: 12666 ns, Cleanup: 10417 ns, At safepoint: 5542 ns, Total: 28625 ns
[2025-09-09T07:19:33.472+0000][174][info ][safepoint   ] Safepoint "Cleanup", Time since last: 4005686793 ns, Reaching safepoint: 31417 ns, Cleanup: 15417 ns, At safepoint: 4083 ns, Total: 50917 ns
[2025-09-09T07:19:34.474+0000][174][info ][safepoint   ] Safepoint "Cleanup", Time since last: 1001777709 ns, Reaching safepoint: 15333 ns, Cleanup: 16542 ns, At safepoint: 11041 ns, Total: 42916 ns
[2025-09-09T07:19:37.480+0000][174][info ][safepoint   ] Safepoint "Cleanup", Time since last: 3006407544 ns, Reaching safepoint: 24125 ns, Cleanup: 15166 ns, At safepoint: 6167 ns, Total: 45458 ns
[2025-09-09T07:19:38.481+0000][174][info ][safepoint   ] Safepoint "Cleanup", Time since last: 1000500375 ns, Reaching safepoint: 14292 ns, Cleanup: 13792 ns, At safepoint: 7958 ns, Total: 36042 ns
[2025-09-09T07:19:39.482+0000][174][info ][safepoint   ] Safepoint "Cleanup", Time since last: 1001583084 ns, Reaching safepoint: 55083 ns, Cleanup: 11042 ns, At safepoint: 5750 ns, Total: 71875 ns
[2025-09-09T07:19:44.485+0000][174][info ][safepoint   ] Safepoint "Cleanup", Time since last: 5004204085 ns, Reaching safepoint: 16500 ns, Cleanup: 19625 ns, At safepoint: 34750 ns, Total: 70875 ns
[2025-09-09T07:19:49.490+0000][174][info ][safepoint   ] Safepoint "Cleanup", Time since last: 5005008544 ns, Reaching safepoint: 11000 ns, Cleanup: 10083 ns, At safepoint: 4208 ns, Total: 25291 ns
[2025-09-09T07:19:54.496+0000][174][info ][safepoint   ] Safepoint "Cleanup", Time since last: 5006685586 ns, Reaching safepoint: 21208 ns, Cleanup: 17334 ns, At safepoint: 12541 ns, Total: 51083 ns
[2025-09-09T07:19:58.501+0000][174][info ][safepoint   ] Safepoint "Cleanup", Time since last: 4004790252 ns, Reaching safepoint: 14500 ns, Cleanup: 12917 ns, At safepoint: 10917 ns, Total: 38334 ns
[2025-09-09T07:19:59.613+0000][174][info ][safepoint   ] Safepoint "Cleanup", Time since last: 1112130042 ns, Reaching safepoint: 4208 ns, Cleanup: 20125 ns, At safepoint: 6750 ns, Total: 31083 ns
[2025-09-09T07:20:02.658+0000][174][info ][safepoint   ] Safepoint "Cleanup", Time since last: 3044913002 ns, Reaching safepoint: 59083 ns, Cleanup: 34417 ns, At safepoint: 10083 ns, Total: 103583 ns
[2025-09-09T07:20:03.680+0000][174][info ][safepoint   ] Safepoint "Cleanup", Time since last: 1021549792 ns, Reaching safepoint: 12708 ns, Cleanup: 11834 ns, At safepoint: 6416 ns, Total: 30958 ns
[2025-09-09T07:20:14.459+0000][174][info ][safepoint   ] Safepoint "Cleanup", Time since last: 10777199047 ns, Reaching safepoint: 13333 ns, Cleanup: 20125 ns, At safepoint: 7125 ns, Total: 40583 ns
[2025-09-09T07:20:16.461+0000][174][info ][safepoint   ] Safepoint "Cleanup", Time since last: 2001891001 ns, Reaching safepoint: 16459 ns, Cleanup: 10708 ns, At safepoint: 5833 ns, Total: 33000 ns
[2025-09-09T07:20:28.477+0000][174][info ][safepoint   ] Safepoint "Cleanup", Time since last: 12016537089 ns, Reaching safepoint: 13209 ns, Cleanup: 9125 ns, At safepoint: 5458 ns, Total: 27792 ns
[2025-09-09T07:20:33.483+0000][174][info ][safepoint   ] Safepoint "Cleanup", Time since last: 5005016711 ns, Reaching safepoint: 133916 ns, Cleanup: 42834 ns, At safepoint: 12375 ns, Total: 189125 ns
[2025-09-09T07:20:34.483+0000][174][info ][safepoint   ] Safepoint "Cleanup", Time since last: 1000578958 ns, Reaching safepoint: 164750 ns, Cleanup: 11625 ns, At safepoint: 9167 ns, Total: 185542 ns
[2025-09-09T07:20:39.491+0000][174][info ][safepoint   ] Safepoint "Cleanup", Time since last: 5007136711 ns, Reaching safepoint: 222167 ns, Cleanup: 47458 ns, At safepoint: 14042 ns, Total: 283667 ns
[2025-09-09T07:20:44.498+0000][174][info ][safepoint   ] Safepoint "Cleanup", Time since last: 5007043668 ns, Reaching safepoint: 10166 ns, Cleanup: 8542 ns, At safepoint: 4083 ns, Total: 22791 ns
[2025-09-09T07:20:46.500+0000][174][info ][safepoint   ] Safepoint "Cleanup", Time since last: 2002468876 ns, Reaching safepoint: 12917 ns, Cleanup: 16500 ns, At safepoint: 5292 ns, Total: 34709 ns
[2025-09-09T07:20:49.504+0000][174][info ][safepoint   ] Safepoint "Cleanup", Time since last: 3003283668 ns, Reaching safepoint: 29458 ns, Cleanup: 41208 ns, At safepoint: 13500 ns, Total: 84166 ns
[2025-09-09T07:20:57.513+0000][174][info ][safepoint   ] Safepoint "Cleanup", Time since last: 8009346879 ns, Reaching safepoint: 29875 ns, Cleanup: 92542 ns, At safepoint: 16750 ns, Total: 139167 ns
[2025-09-09T07:21:02.150+0000][174][info ][safepoint   ] Safepoint "Cleanup", Time since last: 4636646919 ns, Reaching safepoint: 3666 ns, Cleanup: 6709 ns, At safepoint: 1500 ns, Total: 11875 ns
[2025-09-09T07:21:05.155+0000][174][info ][safepoint   ] Safepoint "Cleanup", Time since last: 3005037001 ns, Reaching safepoint: 22417 ns, Cleanup: 6791 ns, At safepoint: 9709 ns, Total: 38917 ns
[2025-09-09T07:21:06.878+0000][174][info ][safepoint   ] Safepoint "Cleanup", Time since last: 1722578667 ns, Reaching safepoint: 12500 ns, Cleanup: 13417 ns, At safepoint: 5375 ns, Total: 31292 ns
[2025-09-09T07:21:32.546+0000][174][info ][safepoint   ] Safepoint "Cleanup", Time since last: 25667935429 ns, Reaching safepoint: 502083 ns, Cleanup: 43042 ns, At safepoint: 15875 ns, Total: 561000 ns
[2025-09-09T07:21:41.556+0000][174][info ][safepoint   ] Safepoint "Cleanup", Time since last: 9009788212 ns, Reaching safepoint: 54750 ns, Cleanup: 14417 ns, At safepoint: 5375 ns, Total: 74542 ns
[2025-09-09T07:21:47.562+0000][174][info ][safepoint   ] Safepoint "Cleanup", Time since last: 6006282752 ns, Reaching safepoint: 17500 ns, Cleanup: 20000 ns, At safepoint: 7041 ns, Total: 44541 ns
[2025-09-09T07:22:13.703+0000][174][info ][safepoint   ] Safepoint "Cleanup", Time since last: 26141148137 ns, Reaching safepoint: 78375 ns, Cleanup: 32709 ns, At safepoint: 7541 ns, Total: 118625 ns
[2025-09-09T07:22:14.704+0000][174][info ][safepoint   ] Safepoint "Cleanup", Time since last: 1000830334 ns, Reaching safepoint: 19917 ns, Cleanup: 29833 ns, At safepoint: 9667 ns, Total: 59417 ns
[2025-09-09T07:22:17.707+0000][174][info ][safepoint   ] Safepoint "Cleanup", Time since last: 3002974876 ns, Reaching safepoint: 26292 ns, Cleanup: 17583 ns, At safepoint: 7167 ns, Total: 51042 ns
[2025-09-09T07:22:24.716+0000][174][info ][safepoint   ] Safepoint "Cleanup", Time since last: 7008204170 ns, Reaching safepoint: 523375 ns, Cleanup: 56833 ns, At safepoint: 14875 ns, Total: 595083 ns
[2025-09-09T07:22:28.722+0000][174][info ][safepoint   ] Safepoint "Cleanup", Time since last: 4005400710 ns, Reaching safepoint: 87834 ns, Cleanup: 112875 ns, At safepoint: 43291 ns, Total: 244000 ns
[2025-09-09T07:22:48.741+0000][174][info ][safepoint   ] Safepoint "Cleanup", Time since last: 20019469926 ns, Reaching safepoint: 105292 ns, Cleanup: 18875 ns, At safepoint: 6333 ns, Total: 130500 ns
[2025-09-09T07:22:53.199+0000][174][info ][safepoint   ] Safepoint "Cleanup", Time since last: 4458664794 ns, Reaching safepoint: 3542 ns, Cleanup: 12375 ns, At safepoint: 1708 ns, Total: 17625 ns
[2025-09-09T07:22:55.186+0000][174][info ][safepoint   ] Safepoint "Cleanup", Time since last: 1986434334 ns, Reaching safepoint: 16292 ns, Cleanup: 54542 ns, At safepoint: 6083 ns, Total: 76917 ns
[2025-09-09T07:22:58.899+0000][174][info ][safepoint   ] Safepoint "Cleanup", Time since last: 3712822793 ns, Reaching safepoint: 4667 ns, Cleanup: 7042 ns, At safepoint: 2916 ns, Total: 14625 ns
[2025-09-09T07:23:08.174+0000][174][info ][safepoint   ] Safepoint "Cleanup", Time since last: 9273833588 ns, Reaching safepoint: 1195584 ns, Cleanup: 7791 ns, At safepoint: 7500 ns, Total: 1210875 ns
[2025-09-09T07:23:09.186+0000][174][info ][safepoint   ] Safepoint "Cleanup", Time since last: 1011865209 ns, Reaching safepoint: 31542 ns, Cleanup: 60791 ns, At safepoint: 43375 ns, Total: 135708 ns
[2025-09-09T07:23:11.819+0000][174][info ][safepoint   ] Safepoint "Cleanup", Time since last: 2633499793 ns, Reaching safepoint: 8417 ns, Cleanup: 16542 ns, At safepoint: 7666 ns, Total: 32625 ns
[2025-09-09T07:23:13.285+0000][174][info ][safepoint   ] Safepoint "Cleanup", Time since last: 1465217209 ns, Reaching safepoint: 13917 ns, Cleanup: 13583 ns, At safepoint: 6667 ns, Total: 34167 ns
[2025-09-09T07:23:23.297+0000][174][info ][safepoint   ] Safepoint "Cleanup", Time since last: 10011659379 ns, Reaching safepoint: 121500 ns, Cleanup: 13334 ns, At safepoint: 7000 ns, Total: 141834 ns
[2025-09-09T07:23:24.298+0000][174][info ][safepoint   ] Safepoint "Cleanup", Time since last: 1001030459 ns, Reaching safepoint: 65750 ns, Cleanup: 44583 ns, At safepoint: 34500 ns, Total: 144833 ns
[2025-09-09T07:23:29.309+0000][174][info ][safepoint   ] Safepoint "Cleanup", Time since last: 5010761461 ns, Reaching safepoint: 15000 ns, Cleanup: 10333 ns, At safepoint: 5250 ns, Total: 30583 ns
[2025-09-09T07:23:33.313+0000][174][info ][safepoint   ] Safepoint "Cleanup", Time since last: 4003788169 ns, Reaching safepoint: 25916 ns, Cleanup: 16959 ns, At safepoint: 22583 ns, Total: 65458 ns
[2025-09-09T07:23:35.315+0000][174][info ][safepoint   ] Safepoint "Cleanup", Time since last: 2002600793 ns, Reaching safepoint: 23458 ns, Cleanup: 21833 ns, At safepoint: 6542 ns, Total: 51833 ns
[2025-09-09T07:23:53.334+0000][174][info ][safepoint   ] Safepoint "Cleanup", Time since last: 18018711841 ns, Reaching safepoint: 13583 ns, Cleanup: 15167 ns, At safepoint: 4542 ns, Total: 33292 ns
[2025-09-09T07:23:54.336+0000][174][info ][safepoint   ] Safepoint "Cleanup", Time since last: 1001233542 ns, Reaching safepoint: 312708 ns, Cleanup: 56792 ns, At safepoint: 13250 ns, Total: 382750 ns
[2025-09-09T07:24:11.202+0000][174][info ][safepoint   ] Safepoint "Cleanup", Time since last: 16866499966 ns, Reaching safepoint: 4917 ns, Cleanup: 14958 ns, At safepoint: 1625 ns, Total: 21500 ns
[2025-09-09T07:24:12.952+0000][174][info ][safepoint   ] Safepoint "Cleanup", Time since last: 1750186334 ns, Reaching safepoint: 18875 ns, Cleanup: 30000 ns, At safepoint: 6542 ns, Total: 55417 ns
[2025-09-09T07:24:14.436+0000][174][info ][safepoint   ] Safepoint "Cleanup", Time since last: 1484096125 ns, Reaching safepoint: 2792 ns, Cleanup: 7208 ns, At safepoint: 4167 ns, Total: 14167 ns
[2025-09-09T07:24:15.460+0000][174][info ][safepoint   ] Safepoint "Cleanup", Time since last: 1024511667 ns, Reaching safepoint: 7000 ns, Cleanup: 18833 ns, At safepoint: 12042 ns, Total: 37875 ns
[2025-09-09T07:24:26.476+0000][174][info ][safepoint   ] Safepoint "Cleanup", Time since last: 11015933214 ns, Reaching safepoint: 112666 ns, Cleanup: 33584 ns, At safepoint: 11083 ns, Total: 157333 ns
[2025-09-09T07:24:33.485+0000][174][info ][safepoint   ] Safepoint "Cleanup", Time since last: 7007997920 ns, Reaching safepoint: 26583 ns, Cleanup: 19792 ns, At safepoint: 7083 ns, Total: 53458 ns
[2025-09-09T07:24:34.488+0000][174][info ][safepoint   ] Safepoint "Cleanup", Time since last: 1002033126 ns, Reaching safepoint: 877708 ns, Cleanup: 31333 ns, At safepoint: 18625 ns, Total: 927666 ns
[2025-09-09T07:24:38.492+0000][174][info ][safepoint   ] Safepoint "Cleanup", Time since last: 4004304794 ns, Reaching safepoint: 11375 ns, Cleanup: 9917 ns, At safepoint: 2916 ns, Total: 24208 ns
[2025-09-09T07:25:04.520+0000][174][info ][safepoint   ] Safepoint "Cleanup", Time since last: 26027825012 ns, Reaching safepoint: 18167 ns, Cleanup: 10250 ns, At safepoint: 3500 ns, Total: 31917 ns
[2025-09-09T07:25:08.525+0000][174][info ][safepoint   ] Safepoint "Cleanup", Time since last: 4004852085 ns, Reaching safepoint: 22917 ns, Cleanup: 34250 ns, At safepoint: 4750 ns, Total: 61917 ns
[2025-09-09T07:25:08.719+0000][174][info ][gc,start    ] GC(29) Pause Young (Normal) (G1 Evacuation Pause)
[2025-09-09T07:25:08.720+0000][174][info ][gc,task     ] GC(29) Using 8 workers of 8 for evacuation
[2025-09-09T07:25:08.720+0000][174][debug][gc,age      ] GC(29) Desired survivor size 41943040 bytes, new threshold 15 (max threshold 15)
[2025-09-09T07:25:08.774+0000][174][info ][gc,phases   ] GC(29)   Pre Evacuate Collection Set: 1.86ms
[2025-09-09T07:25:08.774+0000][174][info ][gc,phases   ] GC(29)   Merge Heap Roots: 0.31ms
[2025-09-09T07:25:08.774+0000][174][info ][gc,phases   ] GC(29)   Evacuate Collection Set: 48.09ms
[2025-09-09T07:25:08.775+0000][174][info ][gc,phases   ] GC(29)   Post Evacuate Collection Set: 3.49ms
[2025-09-09T07:25:08.775+0000][174][info ][gc,phases   ] GC(29)   Other: 0.68ms
[2025-09-09T07:25:08.775+0000][174][trace][gc,age      ] GC(29) Age table with threshold 15 (max threshold 15)
[2025-09-09T07:25:08.775+0000][174][trace][gc,age      ] GC(29) - age   1:     492632 bytes,     492632 total
[2025-09-09T07:25:08.775+0000][174][trace][gc,age      ] GC(29) - age   2:      37304 bytes,     529936 total
[2025-09-09T07:25:08.775+0000][174][trace][gc,age      ] GC(29) - age   3:      74688 bytes,     604624 total
[2025-09-09T07:25:08.775+0000][174][trace][gc,age      ] GC(29) - age   4:      23744 bytes,     628368 total
[2025-09-09T07:25:08.775+0000][174][trace][gc,age      ] GC(29) - age   5:     387720 bytes,    1016088 total
[2025-09-09T07:25:08.775+0000][174][trace][gc,age      ] GC(29) - age   6:      72648 bytes,    1088736 total
[2025-09-09T07:25:08.775+0000][174][trace][gc,age      ] GC(29) - age   7:      81160 bytes,    1169896 total
[2025-09-09T07:25:08.775+0000][174][trace][gc,age      ] GC(29) - age   8:     291080 bytes,    1460976 total
[2025-09-09T07:25:08.775+0000][174][trace][gc,age      ] GC(29) - age   9:    2533160 bytes,    3994136 total
[2025-09-09T07:25:08.775+0000][174][trace][gc,age      ] GC(29) - age  10:    3371928 bytes,    7366064 total
[2025-09-09T07:25:08.775+0000][174][trace][gc,age      ] GC(29) - age  11:    2194112 bytes,    9560176 total
[2025-09-09T07:25:08.776+0000][174][trace][gc,age      ] GC(29) - age  12:   17860800 bytes,   27420976 total
[2025-09-09T07:25:08.776+0000][174][info ][gc,heap     ] GC(29) Eden regions: 145->0(145)
[2025-09-09T07:25:08.776+0000][174][info ][gc,heap     ] GC(29) Survivor regions: 8->8(20)
[2025-09-09T07:25:08.776+0000][174][info ][gc,heap     ] GC(29) Old regions: 30->30
[2025-09-09T07:25:08.776+0000][174][info ][gc,heap     ] GC(29) Humongous regions: 2->2
[2025-09-09T07:25:08.776+0000][174][info ][gc,metaspace] GC(29) Metaspace: 161264K(165696K)->161264K(165696K) NonClass: 139215K(141696K)->139215K(141696K) Class: 22048K(24000K)->22048K(24000K)
[2025-09-09T07:25:08.776+0000][174][info ][gc          ] GC(29) Pause Young (Normal) (G1 Evacuation Pause) 735M->156M(1024M) 56.557ms
[2025-09-09T07:25:08.776+0000][174][info ][gc,cpu      ] GC(29) User=0.39s Sys=0.00s Real=0.06s
[2025-09-09T07:25:08.776+0000][174][info ][safepoint   ] Safepoint "G1CollectForAllocation", Time since last: 193845083 ns, Reaching safepoint: 46042 ns, Cleanup: 6708 ns, At safepoint: 56974501 ns, Total: 57027251 ns
[2025-09-09T07:25:14.073+0000][174][info ][safepoint   ] Safepoint "Cleanup", Time since last: 5297081834 ns, Reaching safepoint: 15917 ns, Cleanup: 11417 ns, At safepoint: 5083 ns, Total: 32417 ns
[2025-09-09T07:25:15.629+0000][174][info ][safepoint   ] Safepoint "Cleanup", Time since last: 1556010334 ns, Reaching safepoint: 54833 ns, Cleanup: 16500 ns, At safepoint: 12084 ns, Total: 83417 ns
[2025-09-09T07:25:16.631+0000][174][info ][safepoint   ] Safepoint "Cleanup", Time since last: 1001683709 ns, Reaching safepoint: 25125 ns, Cleanup: 22250 ns, At safepoint: 8416 ns, Total: 55791 ns
[2025-09-09T07:25:17.638+0000][174][info ][safepoint   ] Safepoint "Cleanup", Time since last: 1007374459 ns, Reaching safepoint: 3667 ns, Cleanup: 7166 ns, At safepoint: 1459 ns, Total: 12292 ns
[2025-09-09T07:25:18.651+0000][174][info ][safepoint   ] Safepoint "Cleanup", Time since last: 1012573250 ns, Reaching safepoint: 22834 ns, Cleanup: 19541 ns, At safepoint: 16167 ns, Total: 58542 ns
[2025-09-09T07:25:59.692+0000][174][info ][safepoint   ] Safepoint "Cleanup", Time since last: 41041378853 ns, Reaching safepoint: 230333 ns, Cleanup: 30792 ns, At safepoint: 6791 ns, Total: 267916 ns
[2025-09-09T07:26:12.237+0000][174][info ][safepoint   ] Safepoint "Cleanup", Time since last: 12544658630 ns, Reaching safepoint: 5167 ns, Cleanup: 14542 ns, At safepoint: 5375 ns, Total: 25084 ns
[2025-09-09T07:26:17.792+0000][174][info ][safepoint   ] Safepoint "Cleanup", Time since last: 5554724752 ns, Reaching safepoint: 4167 ns, Cleanup: 9958 ns, At safepoint: 6334 ns, Total: 20459 ns
[2025-09-09T07:26:20.824+0000][174][info ][safepoint   ] Safepoint "Cleanup", Time since last: 3032071168 ns, Reaching safepoint: 3916 ns, Cleanup: 6625 ns, At safepoint: 6250 ns, Total: 16791 ns
[2025-09-09T07:26:44.859+0000][174][info ][safepoint   ] Safepoint "Cleanup", Time since last: 24035111219 ns, Reaching safepoint: 391667 ns, Cleanup: 43041 ns, At safepoint: 12750 ns, Total: 447458 ns
[2025-09-09T07:26:52.868+0000][174][info ][safepoint   ] Safepoint "Cleanup", Time since last: 8008594546 ns, Reaching safepoint: 61792 ns, Cleanup: 15541 ns, At safepoint: 8875 ns, Total: 86208 ns
[2025-09-09T07:26:56.873+0000][174][info ][safepoint   ] Safepoint "Cleanup", Time since last: 4005031169 ns, Reaching safepoint: 18041 ns, Cleanup: 14167 ns, At safepoint: 7208 ns, Total: 39416 ns
[2025-09-09T07:27:02.879+0000][174][info ][safepoint   ] Safepoint "Cleanup", Time since last: 6005898920 ns, Reaching safepoint: 13667 ns, Cleanup: 12958 ns, At safepoint: 6083 ns, Total: 32708 ns
[2025-09-09T07:27:14.249+0000][174][info ][safepoint   ] Safepoint "Cleanup", Time since last: 11369981838 ns, Reaching safepoint: 11417 ns, Cleanup: 19750 ns, At safepoint: 5292 ns, Total: 36459 ns
[2025-09-09T07:27:15.250+0000][174][info ][safepoint   ] Safepoint "Cleanup", Time since last: 1000697542 ns, Reaching safepoint: 11458 ns, Cleanup: 19917 ns, At safepoint: 4750 ns, Total: 36125 ns
[2025-09-09T07:27:24.100+0000][174][info ][safepoint   ] Safepoint "Cleanup", Time since last: 8849192171 ns, Reaching safepoint: 637917 ns, Cleanup: 24708 ns, At safepoint: 13583 ns, Total: 676208 ns
[2025-09-09T07:27:34.134+0000][174][info ][safepoint   ] Safepoint "Cleanup", Time since last: 10033965797 ns, Reaching safepoint: 504916 ns, Cleanup: 52250 ns, At safepoint: 10750 ns, Total: 567916 ns
[2025-09-09T07:27:41.239+0000][174][info ][safepoint   ] Safepoint "Cleanup", Time since last: 7104989462 ns, Reaching safepoint: 4875 ns, Cleanup: 7500 ns, At safepoint: 4583 ns, Total: 16958 ns
[2025-09-09T07:27:43.209+0000][174][info ][safepoint   ] Safepoint "Cleanup", Time since last: 1969605750 ns, Reaching safepoint: 32209 ns, Cleanup: 12000 ns, At safepoint: 4708 ns, Total: 48917 ns
[2025-09-09T07:27:53.321+0000][174][info ][safepoint   ] Safepoint "Cleanup", Time since last: 10111978713 ns, Reaching safepoint: 79875 ns, Cleanup: 22542 ns, At safepoint: 15750 ns, Total: 118167 ns
[2025-09-09T07:27:55.286+0000][174][info ][safepoint   ] Safepoint "Cleanup", Time since last: 1964563167 ns, Reaching safepoint: 12042 ns, Cleanup: 41500 ns, At safepoint: 3458 ns, Total: 57000 ns
[2025-09-09T07:27:59.055+0000][174][info ][safepoint   ] Safepoint "Cleanup", Time since last: 3769730169 ns, Reaching safepoint: 4417 ns, Cleanup: 24291 ns, At safepoint: 19250 ns, Total: 47958 ns
[2025-09-09T07:28:00.489+0000][174][info ][safepoint   ] Safepoint "Cleanup", Time since last: 1433434251 ns, Reaching safepoint: 19875 ns, Cleanup: 61042 ns, At safepoint: 11708 ns, Total: 92625 ns
[2025-09-09T07:28:03.492+0000][174][info ][safepoint   ] Safepoint "Cleanup", Time since last: 3002781210 ns, Reaching safepoint: 213291 ns, Cleanup: 29542 ns, At safepoint: 11917 ns, Total: 254750 ns
[2025-09-09T07:28:04.493+0000][174][info ][safepoint   ] Safepoint "Cleanup", Time since last: 1000722500 ns, Reaching safepoint: 16500 ns, Cleanup: 22417 ns, At safepoint: 7125 ns, Total: 46042 ns
[2025-09-09T07:28:05.494+0000][174][info ][safepoint   ] Safepoint "Cleanup", Time since last: 1001002792 ns, Reaching safepoint: 20458 ns, Cleanup: 11042 ns, At safepoint: 7958 ns, Total: 39458 ns
[2025-09-09T07:28:22.299+0000][174][info ][safepoint   ] Safepoint "Cleanup", Time since last: 16805838174 ns, Reaching safepoint: 21167 ns, Cleanup: 19291 ns, At safepoint: 7292 ns, Total: 47750 ns
[2025-09-09T07:28:23.386+0000][174][info ][safepoint   ] Safepoint "Cleanup", Time since last: 1086369042 ns, Reaching safepoint: 9958 ns, Cleanup: 27792 ns, At safepoint: 39333 ns, Total: 77083 ns
[2025-09-09T07:28:24.414+0000][174][info ][safepoint   ] Safepoint "Cleanup", Time since last: 1028031084 ns, Reaching safepoint: 4667 ns, Cleanup: 50750 ns, At safepoint: 4292 ns, Total: 59709 ns
[2025-09-09T07:28:26.245+0000][174][info ][safepoint   ] Safepoint "Cleanup", Time since last: 1831366792 ns, Reaching safepoint: 3042 ns, Cleanup: 4292 ns, At safepoint: 4000 ns, Total: 11334 ns
[2025-09-09T07:28:27.452+0000][174][info ][safepoint   ] Safepoint "Cleanup", Time since last: 1207018333 ns, Reaching safepoint: 16792 ns, Cleanup: 16708 ns, At safepoint: 7084 ns, Total: 40584 ns
[2025-09-09T07:28:34.651+0000][174][info ][safepoint   ] Safepoint "Cleanup", Time since last: 7198505170 ns, Reaching safepoint: 36958 ns, Cleanup: 20875 ns, At safepoint: 19334 ns, Total: 77167 ns
[2025-09-09T07:28:53.672+0000][174][info ][safepoint   ] Safepoint "Cleanup", Time since last: 19020405133 ns, Reaching safepoint: 41500 ns, Cleanup: 61792 ns, At safepoint: 11375 ns, Total: 114667 ns
[2025-09-09T07:29:13.466+0000][174][info ][safepoint   ] Safepoint "Cleanup", Time since last: 19793751800 ns, Reaching safepoint: 16542 ns, Cleanup: 17000 ns, At safepoint: 5667 ns, Total: 39209 ns
[2025-09-09T07:29:26.584+0000][174][info ][safepoint   ] Safepoint "Cleanup", Time since last: 13118821964 ns, Reaching safepoint: 4625 ns, Cleanup: 14959 ns, At safepoint: 4875 ns, Total: 24459 ns
[2025-09-09T07:29:27.605+0000][174][info ][safepoint   ] Safepoint "Cleanup", Time since last: 1020547834 ns, Reaching safepoint: 6833 ns, Cleanup: 14500 ns, At safepoint: 3708 ns, Total: 25041 ns
[2025-09-09T07:29:29.624+0000][174][info ][safepoint   ] Safepoint "Cleanup", Time since last: 2019336584 ns, Reaching safepoint: 4667 ns, Cleanup: 10125 ns, At safepoint: 7792 ns, Total: 22584 ns
[2025-09-09T07:29:33.645+0000][174][info ][safepoint   ] Safepoint "Cleanup", Time since last: 4020265710 ns, Reaching safepoint: 50083 ns, Cleanup: 46834 ns, At safepoint: 14291 ns, Total: 111208 ns
[2025-09-09T07:30:28.558+0000][174][info ][safepoint   ] Safepoint "Cleanup", Time since last: 54913087025 ns, Reaching safepoint: 202542 ns, Cleanup: 76125 ns, At safepoint: 19917 ns, Total: 298584 ns
[2025-09-09T07:30:29.803+0000][174][info ][safepoint   ] Safepoint "Cleanup", Time since last: 1244580250 ns, Reaching safepoint: 4084 ns, Cleanup: 12583 ns, At safepoint: 6083 ns, Total: 22750 ns
[2025-09-09T07:30:32.839+0000][174][info ][safepoint   ] Safepoint "Cleanup", Time since last: 3036345085 ns, Reaching safepoint: 6375 ns, Cleanup: 27167 ns, At safepoint: 13125 ns, Total: 46667 ns
[2025-09-09T07:30:44.865+0000][174][info ][safepoint   ] Safepoint "Cleanup", Time since last: 12026112797 ns, Reaching safepoint: 65208 ns, Cleanup: 34625 ns, At safepoint: 10208 ns, Total: 110041 ns
[2025-09-09T07:30:58.675+0000][174][info ][gc,start    ] GC(30) Pause Young (Normal) (G1 Evacuation Pause)
[2025-09-09T07:30:58.676+0000][174][info ][gc,task     ] GC(30) Using 8 workers of 8 for evacuation
[2025-09-09T07:30:58.676+0000][174][debug][gc,age      ] GC(30) Desired survivor size 41943040 bytes, new threshold 15 (max threshold 15)
[2025-09-09T07:30:58.712+0000][174][info ][gc,phases   ] GC(30)   Pre Evacuate Collection Set: 0.66ms
[2025-09-09T07:30:58.712+0000][174][info ][gc,phases   ] GC(30)   Merge Heap Roots: 0.18ms
[2025-09-09T07:30:58.712+0000][174][info ][gc,phases   ] GC(30)   Evacuate Collection Set: 32.46ms
[2025-09-09T07:30:58.713+0000][174][info ][gc,phases   ] GC(30)   Post Evacuate Collection Set: 3.07ms
[2025-09-09T07:30:58.713+0000][174][info ][gc,phases   ] GC(30)   Other: 0.26ms
[2025-09-09T07:30:58.713+0000][174][trace][gc,age      ] GC(30) Age table with threshold 15 (max threshold 15)
[2025-09-09T07:30:58.713+0000][174][trace][gc,age      ] GC(30) - age   1:    1187128 bytes,    1187128 total
[2025-09-09T07:30:58.713+0000][174][trace][gc,age      ] GC(30) - age   2:      31512 bytes,    1218640 total
[2025-09-09T07:30:58.713+0000][174][trace][gc,age      ] GC(30) - age   3:      24088 bytes,    1242728 total
[2025-09-09T07:30:58.713+0000][174][trace][gc,age      ] GC(30) - age   4:      70416 bytes,    1313144 total
[2025-09-09T07:30:58.713+0000][174][trace][gc,age      ] GC(30) - age   5:      23680 bytes,    1336824 total
[2025-09-09T07:30:58.713+0000][174][trace][gc,age      ] GC(30) - age   6:     372392 bytes,    1709216 total
[2025-09-09T07:30:58.713+0000][174][trace][gc,age      ] GC(30) - age   7:      72616 bytes,    1781832 total
[2025-09-09T07:30:58.713+0000][174][trace][gc,age      ] GC(30) - age   8:      81120 bytes,    1862952 total
[2025-09-09T07:30:58.713+0000][174][trace][gc,age      ] GC(30) - age   9:     291080 bytes,    2154032 total
[2025-09-09T07:30:58.713+0000][174][trace][gc,age      ] GC(30) - age  10:    2533088 bytes,    4687120 total
[2025-09-09T07:30:58.713+0000][174][trace][gc,age      ] GC(30) - age  11:    3371888 bytes,    8059008 total
[2025-09-09T07:30:58.713+0000][174][trace][gc,age      ] GC(30) - age  12:    2193896 bytes,   10252904 total
[2025-09-09T07:30:58.713+0000][174][trace][gc,age      ] GC(30) - age  13:   17860480 bytes,   28113384 total
[2025-09-09T07:30:58.713+0000][174][info ][gc,heap     ] GC(30) Eden regions: 145->0(145)
[2025-09-09T07:30:58.713+0000][174][info ][gc,heap     ] GC(30) Survivor regions: 8->8(20)
[2025-09-09T07:30:58.713+0000][174][info ][gc,heap     ] GC(30) Old regions: 30->30
[2025-09-09T07:30:58.713+0000][174][info ][gc,heap     ] GC(30) Humongous regions: 2->2
[2025-09-09T07:30:58.713+0000][174][info ][gc,metaspace] GC(30) Metaspace: 161400K(165824K)->161400K(165824K) NonClass: 139347K(141760K)->139347K(141760K) Class: 22052K(24064K)->22052K(24064K)
[2025-09-09T07:30:58.713+0000][174][info ][gc          ] GC(30) Pause Young (Normal) (G1 Evacuation Pause) 736M->156M(1024M) 37.710ms
[2025-09-09T07:30:58.713+0000][174][info ][gc,cpu      ] GC(30) User=0.27s Sys=0.00s Real=0.04s
[2025-09-09T07:30:58.713+0000][174][info ][safepoint   ] Safepoint "G1CollectForAllocation", Time since last: 13810056590 ns, Reaching safepoint: 296084 ns, Cleanup: 18541 ns, At safepoint: 37889500 ns, Total: 38204125 ns
[2025-09-09T07:30:59.715+0000][174][info ][safepoint   ] Safepoint "Cleanup", Time since last: 1001760918 ns, Reaching safepoint: 17125 ns, Cleanup: 11791 ns, At safepoint: 14500 ns, Total: 43416 ns
[2025-09-09T07:31:09.725+0000][174][info ][safepoint   ] Safepoint "Cleanup", Time since last: 10010292255 ns, Reaching safepoint: 46875 ns, Cleanup: 20458 ns, At safepoint: 10750 ns, Total: 78083 ns
[2025-09-09T07:31:11.728+0000][174][info ][safepoint   ] Safepoint "Cleanup", Time since last: 2002328793 ns, Reaching safepoint: 412750 ns, Cleanup: 46542 ns, At safepoint: 15250 ns, Total: 474542 ns
[2025-09-09T07:31:25.612+0000][174][info ][safepoint   ] Safepoint "Cleanup", Time since last: 13883759797 ns, Reaching safepoint: 21792 ns, Cleanup: 19292 ns, At safepoint: 7833 ns, Total: 48917 ns
[2025-09-09T07:31:29.616+0000][174][info ][safepoint   ] Safepoint "Cleanup", Time since last: 4004471377 ns, Reaching safepoint: 49041 ns, Cleanup: 10709 ns, At safepoint: 5583 ns, Total: 65333 ns
[2025-09-09T07:31:33.004+0000][174][info ][safepoint   ] Safepoint "Cleanup", Time since last: 3387545377 ns, Reaching safepoint: 8083 ns, Cleanup: 33250 ns, At safepoint: 14292 ns, Total: 55625 ns
[2025-09-09T07:31:34.035+0000][174][info ][safepoint   ] Safepoint "Cleanup", Time since last: 1031285250 ns, Reaching safepoint: 15250 ns, Cleanup: 32125 ns, At safepoint: 5750 ns, Total: 53125 ns
[2025-09-09T07:31:35.288+0000][174][info ][safepoint   ] Safepoint "Cleanup", Time since last: 1253338167 ns, Reaching safepoint: 3084 ns, Cleanup: 4666 ns, At safepoint: 1500 ns, Total: 9250 ns
[2025-09-09T07:31:37.054+0000][174][info ][safepoint   ] Safepoint "Cleanup", Time since last: 1765970835 ns, Reaching safepoint: 19833 ns, Cleanup: 20250 ns, At safepoint: 9958 ns, Total: 50041 ns
[2025-09-09T07:32:09.096+0000][174][info ][safepoint   ] Safepoint "Cleanup", Time since last: 32040420682 ns, Reaching safepoint: 321167 ns, Cleanup: 33041 ns, At safepoint: 12584 ns, Total: 366792 ns
[2025-09-09T07:32:13.736+0000][174][info ][safepoint   ] Safepoint "Cleanup", Time since last: 4640670085 ns, Reaching safepoint: 22083 ns, Cleanup: 24500 ns, At safepoint: 22667 ns, Total: 69250 ns
[2025-09-09T07:32:33.757+0000][174][info ][safepoint   ] Safepoint "Cleanup", Time since last: 20020585092 ns, Reaching safepoint: 70625 ns, Cleanup: 20959 ns, At safepoint: 6625 ns, Total: 98209 ns
[2025-09-09T07:32:35.322+0000][174][info ][safepoint   ] Safepoint "Cleanup", Time since last: 1564891584 ns, Reaching safepoint: 4083 ns, Cleanup: 5125 ns, At safepoint: 1334 ns, Total: 10542 ns
[2025-09-09T07:32:39.292+0000][174][info ][safepoint   ] Safepoint "Cleanup", Time since last: 3969727501 ns, Reaching safepoint: 657459 ns, Cleanup: 20333 ns, At safepoint: 8250 ns, Total: 686042 ns
[2025-09-09T07:32:56.309+0000][174][info ][safepoint   ] Safepoint "Cleanup", Time since last: 17016593466 ns, Reaching safepoint: 4583 ns, Cleanup: 4542 ns, At safepoint: 3125 ns, Total: 12250 ns
[2025-09-09T07:32:57.359+0000][174][info ][safepoint   ] Safepoint "Cleanup", Time since last: 1049933417 ns, Reaching safepoint: 25208 ns, Cleanup: 35667 ns, At safepoint: 9625 ns, Total: 70500 ns
[2025-09-09T07:32:59.416+0000][174][info ][safepoint   ] Safepoint "Cleanup", Time since last: 2057563793 ns, Reaching safepoint: 19875 ns, Cleanup: 12875 ns, At safepoint: 6583 ns, Total: 39333 ns
[2025-09-09T07:33:09.427+0000][174][info ][safepoint   ] Safepoint "Cleanup", Time since last: 10010296838 ns, Reaching safepoint: 293542 ns, Cleanup: 25791 ns, At safepoint: 32834 ns, Total: 352167 ns
[2025-09-09T07:33:29.125+0000][174][info ][safepoint   ] Safepoint "Cleanup", Time since last: 19698012884 ns, Reaching safepoint: 5375 ns, Cleanup: 5791 ns, At safepoint: 2042 ns, Total: 13208 ns
[2025-09-09T07:33:34.155+0000][174][info ][safepoint   ] Safepoint "Cleanup", Time since last: 5030131919 ns, Reaching safepoint: 97250 ns, Cleanup: 37208 ns, At safepoint: 14167 ns, Total: 148625 ns
[2025-09-09T07:33:38.516+0000][174][info ][safepoint   ] Safepoint "Cleanup", Time since last: 4361161335 ns, Reaching safepoint: 2750 ns, Cleanup: 7959 ns, At safepoint: 4125 ns, Total: 14834 ns
[2025-09-09T07:33:39.519+0000][174][info ][safepoint   ] Safepoint "Cleanup", Time since last: 1001894750 ns, Reaching safepoint: 783375 ns, Cleanup: 47542 ns, At safepoint: 24667 ns, Total: 855584 ns
[2025-09-09T07:33:40.526+0000][174][info ][safepoint   ] Safepoint "Cleanup", Time since last: 1006347958 ns, Reaching safepoint: 82584 ns, Cleanup: 14916 ns, At safepoint: 6625 ns, Total: 104125 ns
[2025-09-09T07:33:41.540+0000][174][info ][safepoint   ] Safepoint "Cleanup", Time since last: 1014394334 ns, Reaching safepoint: 4958 ns, Cleanup: 12917 ns, At safepoint: 7625 ns, Total: 25500 ns
[2025-09-09T07:34:04.583+0000][174][info ][safepoint   ] Safepoint "Cleanup", Time since last: 23042303344 ns, Reaching safepoint: 151750 ns, Cleanup: 63875 ns, At safepoint: 24791 ns, Total: 240416 ns
[2025-09-09T07:34:41.707+0000][174][info ][safepoint   ] Safepoint "Cleanup", Time since last: 37123589810 ns, Reaching safepoint: 967750 ns, Cleanup: 15041 ns, At safepoint: 11417 ns, Total: 994208 ns
[2025-09-09T07:34:42.734+0000][174][info ][safepoint   ] Safepoint "Cleanup", Time since last: 1026257250 ns, Reaching safepoint: 9875 ns, Cleanup: 19542 ns, At safepoint: 5208 ns, Total: 34625 ns
[2025-09-09T07:34:44.741+0000][174][info ][safepoint   ] Safepoint "Cleanup", Time since last: 2007457043 ns, Reaching safepoint: 2916 ns, Cleanup: 8875 ns, At safepoint: 4042 ns, Total: 15833 ns
[2025-09-09T07:35:18.149+0000][174][info ][safepoint   ] Safepoint "Cleanup", Time since last: 33408502807 ns, Reaching safepoint: 17000 ns, Cleanup: 20917 ns, At safepoint: 5250 ns, Total: 43167 ns
[2025-09-09T07:35:23.155+0000][174][info ][safepoint   ] Safepoint "Cleanup", Time since last: 5004988710 ns, Reaching safepoint: 55750 ns, Cleanup: 33417 ns, At safepoint: 11917 ns, Total: 101084 ns
[2025-09-09T07:35:26.158+0000][174][info ][safepoint   ] Safepoint "Cleanup", Time since last: 3003559501 ns, Reaching safepoint: 23167 ns, Cleanup: 11000 ns, At safepoint: 5250 ns, Total: 39417 ns
[2025-09-09T07:36:15.356+0000][174][info ][safepoint   ] Safepoint "Cleanup", Time since last: 49197730189 ns, Reaching safepoint: 34250 ns, Cleanup: 20167 ns, At safepoint: 6375 ns, Total: 60792 ns
[2025-09-09T07:36:24.364+0000][174][info ][safepoint   ] Safepoint "Cleanup", Time since last: 9008014254 ns, Reaching safepoint: 24584 ns, Cleanup: 20500 ns, At safepoint: 5791 ns, Total: 50875 ns
[2025-09-09T07:36:26.366+0000][174][info ][safepoint   ] Safepoint "Cleanup", Time since last: 2001919376 ns, Reaching safepoint: 19625 ns, Cleanup: 17417 ns, At safepoint: 7833 ns, Total: 44875 ns
[2025-09-09T07:36:28.368+0000][174][info ][safepoint   ] Safepoint "Cleanup", Time since last: 2002009001 ns, Reaching safepoint: 28500 ns, Cleanup: 22917 ns, At safepoint: 19417 ns, Total: 70834 ns
[2025-09-09T07:36:33.373+0000][174][info ][safepoint   ] Safepoint "Cleanup", Time since last: 5004890210 ns, Reaching safepoint: 15959 ns, Cleanup: 18000 ns, At safepoint: 6375 ns, Total: 40334 ns
[2025-09-09T07:36:47.367+0000][174][info ][safepoint   ] Safepoint "Cleanup", Time since last: 13994302131 ns, Reaching safepoint: 2958 ns, Cleanup: 4917 ns, At safepoint: 4083 ns, Total: 11958 ns
[2025-09-09T07:36:49.150+0000][174][info ][safepoint   ] Safepoint "Cleanup", Time since last: 1782831584 ns, Reaching safepoint: 13542 ns, Cleanup: 16500 ns, At safepoint: 5625 ns, Total: 35667 ns
[2025-09-09T07:36:50.339+0000][174][info ][safepoint   ] Safepoint "Cleanup", Time since last: 1189222709 ns, Reaching safepoint: 3542 ns, Cleanup: 5833 ns, At safepoint: 1500 ns, Total: 10875 ns
[2025-09-09T07:37:09.718+0000][174][info ][gc,start    ] GC(31) Pause Young (Normal) (G1 Evacuation Pause)
[2025-09-09T07:37:09.719+0000][174][info ][gc,task     ] GC(31) Using 8 workers of 8 for evacuation
[2025-09-09T07:37:09.719+0000][174][debug][gc,age      ] GC(31) Desired survivor size 41943040 bytes, new threshold 15 (max threshold 15)
[2025-09-09T07:37:09.767+0000][174][info ][gc,phases   ] GC(31)   Pre Evacuate Collection Set: 1.32ms
[2025-09-09T07:37:09.767+0000][174][info ][gc,phases   ] GC(31)   Merge Heap Roots: 0.40ms
[2025-09-09T07:37:09.767+0000][174][info ][gc,phases   ] GC(31)   Evacuate Collection Set: 40.55ms
[2025-09-09T07:37:09.767+0000][174][info ][gc,phases   ] GC(31)   Post Evacuate Collection Set: 5.41ms
[2025-09-09T07:37:09.767+0000][174][info ][gc,phases   ] GC(31)   Other: 0.63ms
[2025-09-09T07:37:09.767+0000][174][trace][gc,age      ] GC(31) Age table with threshold 15 (max threshold 15)
[2025-09-09T07:37:09.767+0000][174][trace][gc,age      ] GC(31) - age   1:     963864 bytes,     963864 total
[2025-09-09T07:37:09.767+0000][174][trace][gc,age      ] GC(31) - age   2:     331480 bytes,    1295344 total
[2025-09-09T07:37:09.767+0000][174][trace][gc,age      ] GC(31) - age   3:      31232 bytes,    1326576 total
[2025-09-09T07:37:09.767+0000][174][trace][gc,age      ] GC(31) - age   4:      23696 bytes,    1350272 total
[2025-09-09T07:37:09.768+0000][174][trace][gc,age      ] GC(31) - age   5:      70288 bytes,    1420560 total
[2025-09-09T07:37:09.768+0000][174][trace][gc,age      ] GC(31) - age   6:      23680 bytes,    1444240 total
[2025-09-09T07:37:09.768+0000][174][trace][gc,age      ] GC(31) - age   7:     369736 bytes,    1813976 total
[2025-09-09T07:37:09.768+0000][174][trace][gc,age      ] GC(31) - age   8:      72616 bytes,    1886592 total
[2025-09-09T07:37:09.768+0000][174][trace][gc,age      ] GC(31) - age   9:      81120 bytes,    1967712 total
[2025-09-09T07:37:09.768+0000][174][trace][gc,age      ] GC(31) - age  10:     290944 bytes,    2258656 total
[2025-09-09T07:37:09.768+0000][174][trace][gc,age      ] GC(31) - age  11:    2516936 bytes,    4775592 total
[2025-09-09T07:37:09.768+0000][174][trace][gc,age      ] GC(31) - age  12:    3371888 bytes,    8147480 total
[2025-09-09T07:37:09.768+0000][174][trace][gc,age      ] GC(31) - age  13:    2185880 bytes,   10333360 total
[2025-09-09T07:37:09.768+0000][174][trace][gc,age      ] GC(31) - age  14:   17836312 bytes,   28169672 total
[2025-09-09T07:37:09.768+0000][174][info ][gc,heap     ] GC(31) Eden regions: 145->0(145)
[2025-09-09T07:37:09.768+0000][174][info ][gc,heap     ] GC(31) Survivor regions: 8->8(20)
[2025-09-09T07:37:09.768+0000][174][info ][gc,heap     ] GC(31) Old regions: 30->30
[2025-09-09T07:37:09.768+0000][174][info ][gc,heap     ] GC(31) Humongous regions: 2->2
[2025-09-09T07:37:09.768+0000][174][info ][gc,metaspace] GC(31) Metaspace: 161503K(165952K)->161503K(165952K) NonClass: 139451K(141888K)->139451K(141888K) Class: 22052K(24064K)->22052K(24064K)
[2025-09-09T07:37:09.768+0000][174][info ][gc          ] GC(31) Pause Young (Normal) (G1 Evacuation Pause) 736M->155M(1024M) 50.461ms
[2025-09-09T07:37:09.768+0000][174][info ][gc,cpu      ] GC(31) User=0.36s Sys=0.00s Real=0.05s
[2025-09-09T07:37:09.768+0000][174][info ][safepoint   ] Safepoint "G1CollectForAllocation", Time since last: 19378197009 ns, Reaching safepoint: 66375 ns, Cleanup: 6209 ns, At safepoint: 50786458 ns, Total: 50859042 ns
[2025-09-09T07:37:14.401+0000][174][info ][safepoint   ] Safepoint "Cleanup", Time since last: 4632757169 ns, Reaching safepoint: 9875 ns, Cleanup: 9458 ns, At safepoint: 4708 ns, Total: 24041 ns
[2025-09-09T07:37:34.421+0000][174][info ][safepoint   ] Safepoint "Cleanup", Time since last: 20019972676 ns, Reaching safepoint: 20250 ns, Cleanup: 20167 ns, At safepoint: 7750 ns, Total: 48167 ns
[2025-09-09T07:37:51.300+0000][174][info ][safepoint   ] Safepoint "Cleanup", Time since last: 16878268966 ns, Reaching safepoint: 12083 ns, Cleanup: 19042 ns, At safepoint: 15666 ns, Total: 46791 ns
[2025-09-09T07:37:53.385+0000][174][info ][safepoint   ] Safepoint "Cleanup", Time since last: 2084993460 ns, Reaching safepoint: 6375 ns, Cleanup: 8666 ns, At safepoint: 2292 ns, Total: 17333 ns
[2025-09-09T07:37:55.355+0000][174][info ][safepoint   ] Safepoint "Cleanup", Time since last: 1970638418 ns, Reaching safepoint: 54083 ns, Cleanup: 50333 ns, At safepoint: 17167 ns, Total: 121583 ns
[2025-09-09T07:37:56.377+0000][174][info ][safepoint   ] Safepoint "Cleanup", Time since last: 1021363459 ns, Reaching safepoint: 3458 ns, Cleanup: 4584 ns, At safepoint: 4166 ns, Total: 12208 ns
[2025-09-09T07:37:59.397+0000][174][info ][safepoint   ] Safepoint "Cleanup", Time since last: 3020438918 ns, Reaching safepoint: 39709 ns, Cleanup: 19500 ns, At safepoint: 17541 ns, Total: 76750 ns
[2025-09-09T07:38:04.403+0000][174][info ][safepoint   ] Safepoint "Cleanup", Time since last: 5006170628 ns, Reaching safepoint: 13625 ns, Cleanup: 12375 ns, At safepoint: 5708 ns, Total: 31708 ns
[2025-09-09T07:38:29.170+0000][174][info ][safepoint   ] Safepoint "Cleanup", Time since last: 24766662470 ns, Reaching safepoint: 4666 ns, Cleanup: 5667 ns, At safepoint: 4250 ns, Total: 14583 ns
[2025-09-09T07:38:31.007+0000][174][info ][safepoint   ] Safepoint "Cleanup", Time since last: 1836387834 ns, Reaching safepoint: 75417 ns, Cleanup: 34666 ns, At safepoint: 41584 ns, Total: 151667 ns
[2025-09-09T07:38:39.021+0000][174][info ][safepoint   ] Safepoint "Cleanup", Time since last: 8014274545 ns, Reaching safepoint: 30459 ns, Cleanup: 32125 ns, At safepoint: 11583 ns, Total: 74167 ns
[2025-09-09T07:38:54.646+0000][174][info ][safepoint   ] Safepoint "Cleanup", Time since last: 15625183882 ns, Reaching safepoint: 11000 ns, Cleanup: 15042 ns, At safepoint: 8000 ns, Total: 34042 ns
[2025-09-09T07:38:55.652+0000][174][info ][safepoint   ] Safepoint "Cleanup", Time since last: 1005950250 ns, Reaching safepoint: 2625 ns, Cleanup: 7042 ns, At safepoint: 1583 ns, Total: 11250 ns
[2025-09-09T07:38:56.660+0000][174][info ][safepoint   ] Safepoint "Cleanup", Time since last: 1008142709 ns, Reaching safepoint: 4042 ns, Cleanup: 20333 ns, At safepoint: 4542 ns, Total: 28917 ns
[2025-09-09T07:39:26.574+0000][174][info ][safepoint   ] Safepoint "Cleanup", Time since last: 29913626722 ns, Reaching safepoint: 58542 ns, Cleanup: 38625 ns, At safepoint: 8375 ns, Total: 105542 ns
[2025-09-09T07:39:33.586+0000][174][info ][safepoint   ] Safepoint "Cleanup", Time since last: 7011949503 ns, Reaching safepoint: 23417 ns, Cleanup: 21708 ns, At safepoint: 7333 ns, Total: 52458 ns
[2025-09-09T07:39:35.589+0000][174][info ][safepoint   ] Safepoint "Cleanup", Time since last: 2003036960 ns, Reaching safepoint: 25666 ns, Cleanup: 23250 ns, At safepoint: 7625 ns, Total: 56541 ns
[2025-09-09T07:39:59.828+0000][174][info ][safepoint   ] Safepoint "Cleanup", Time since last: 24239492678 ns, Reaching safepoint: 8333 ns, Cleanup: 18792 ns, At safepoint: 9583 ns, Total: 36708 ns
[2025-09-09T07:40:03.850+0000][174][info ][safepoint   ] Safepoint "Cleanup", Time since last: 4020822627 ns, Reaching safepoint: 289208 ns, Cleanup: 22292 ns, At safepoint: 20833 ns, Total: 332333 ns
[2025-09-09T07:40:25.778+0000][174][info ][safepoint   ] Safepoint "Cleanup", Time since last: 21928864093 ns, Reaching safepoint: 17500 ns, Cleanup: 17334 ns, At safepoint: 5625 ns, Total: 40459 ns
[2025-09-09T07:40:33.790+0000][174][info ][safepoint   ] Safepoint "Cleanup", Time since last: 8011852753 ns, Reaching safepoint: 14375 ns, Cleanup: 16417 ns, At safepoint: 7583 ns, Total: 38375 ns
[2025-09-09T07:40:58.825+0000][174][info ][safepoint   ] Safepoint "Cleanup", Time since last: 25034931803 ns, Reaching safepoint: 108334 ns, Cleanup: 13291 ns, At safepoint: 8209 ns, Total: 129834 ns
[2025-09-09T07:41:00.020+0000][174][info ][safepoint   ] Safepoint "Cleanup", Time since last: 1195220959 ns, Reaching safepoint: 7750 ns, Cleanup: 50041 ns, At safepoint: 8417 ns, Total: 66208 ns
[2025-09-09T07:41:03.052+0000][174][info ][safepoint   ] Safepoint "Cleanup", Time since last: 3031597501 ns, Reaching safepoint: 4000 ns, Cleanup: 27167 ns, At safepoint: 10417 ns, Total: 41584 ns
[2025-09-09T07:41:22.002+0000][174][info ][safepoint   ] Safepoint "Cleanup", Time since last: 18949583550 ns, Reaching safepoint: 435625 ns, Cleanup: 41583 ns, At safepoint: 21000 ns, Total: 498208 ns
[2025-09-09T07:41:34.023+0000][174][info ][safepoint   ] Safepoint "Cleanup", Time since last: 12021307256 ns, Reaching safepoint: 22458 ns, Cleanup: 22084 ns, At safepoint: 10541 ns, Total: 55083 ns
[2025-09-09T07:41:36.027+0000][174][info ][safepoint   ] Safepoint "Cleanup", Time since last: 2003268376 ns, Reaching safepoint: 81625 ns, Cleanup: 45250 ns, At safepoint: 16708 ns, Total: 143583 ns
[2025-09-09T07:41:56.051+0000][174][info ][safepoint   ] Safepoint "Cleanup", Time since last: 20024481218 ns, Reaching safepoint: 21792 ns, Cleanup: 22000 ns, At safepoint: 10791 ns, Total: 54583 ns
[2025-09-09T07:42:05.411+0000][174][info ][safepoint   ] Safepoint "Cleanup", Time since last: 9359896047 ns, Reaching safepoint: 4291 ns, Cleanup: 9084 ns, At safepoint: 7916 ns, Total: 21291 ns
[2025-09-09T07:42:07.289+0000][174][info ][safepoint   ] Safepoint "Cleanup", Time since last: 1878015626 ns, Reaching safepoint: 26667 ns, Cleanup: 50833 ns, At safepoint: 7125 ns, Total: 84625 ns
[2025-09-09T07:42:13.295+0000][174][info ][safepoint   ] Safepoint "Cleanup", Time since last: 6005183919 ns, Reaching safepoint: 161584 ns, Cleanup: 34791 ns, At safepoint: 14709 ns, Total: 211084 ns
[2025-09-09T07:42:25.141+0000][174][info ][safepoint   ] Safepoint "Cleanup", Time since last: 11845893964 ns, Reaching safepoint: 114416 ns, Cleanup: 84292 ns, At safepoint: 16875 ns, Total: 215583 ns
[2025-09-09T07:42:39.163+0000][174][info ][safepoint   ] Safepoint "Cleanup", Time since last: 14022065632 ns, Reaching safepoint: 335833 ns, Cleanup: 23083 ns, At safepoint: 9667 ns, Total: 368583 ns
[2025-09-09T07:42:56.463+0000][174][info ][safepoint   ] Safepoint "Cleanup", Time since last: 17299543924 ns, Reaching safepoint: 444750 ns, Cleanup: 8208 ns, At safepoint: 9834 ns, Total: 462792 ns
[2025-09-09T07:43:04.430+0000][174][info ][safepoint   ] Safepoint "Cleanup", Time since last: 7966075003 ns, Reaching safepoint: 182125 ns, Cleanup: 18750 ns, At safepoint: 7209 ns, Total: 208084 ns
[2025-09-09T07:43:05.431+0000][174][info ][safepoint   ] Safepoint "Cleanup", Time since last: 1000649125 ns, Reaching safepoint: 1043709 ns, Cleanup: 32666 ns, At safepoint: 42459 ns, Total: 1118834 ns
[2025-09-09T07:43:05.476+0000][174][info ][gc,start    ] GC(32) Pause Young (Normal) (G1 Evacuation Pause)
[2025-09-09T07:43:05.476+0000][174][info ][gc,task     ] GC(32) Using 8 workers of 8 for evacuation
[2025-09-09T07:43:05.477+0000][174][debug][gc,age      ] GC(32) Desired survivor size 41943040 bytes, new threshold 15 (max threshold 15)
[2025-09-09T07:43:05.530+0000][174][info ][gc,phases   ] GC(32)   Pre Evacuate Collection Set: 0.78ms
[2025-09-09T07:43:05.531+0000][174][info ][gc,phases   ] GC(32)   Merge Heap Roots: 0.26ms
[2025-09-09T07:43:05.531+0000][174][info ][gc,phases   ] GC(32)   Evacuate Collection Set: 45.96ms
[2025-09-09T07:43:05.531+0000][174][info ][gc,phases   ] GC(32)   Post Evacuate Collection Set: 6.69ms
[2025-09-09T07:43:05.531+0000][174][info ][gc,phases   ] GC(32)   Other: 0.35ms
[2025-09-09T07:43:05.531+0000][174][trace][gc,age      ] GC(32) Age table with threshold 15 (max threshold 15)
[2025-09-09T07:43:05.531+0000][174][trace][gc,age      ] GC(32) - age   1:     857488 bytes,     857488 total
[2025-09-09T07:43:05.531+0000][174][trace][gc,age      ] GC(32) - age   2:       9328 bytes,     866816 total
[2025-09-09T07:43:05.531+0000][174][trace][gc,age      ] GC(32) - age   3:     193616 bytes,    1060432 total
[2025-09-09T07:43:05.531+0000][174][trace][gc,age      ] GC(32) - age   4:      30712 bytes,    1091144 total
[2025-09-09T07:43:05.531+0000][174][trace][gc,age      ] GC(32) - age   5:      23568 bytes,    1114712 total
[2025-09-09T07:43:05.531+0000][174][trace][gc,age      ] GC(32) - age   6:      70288 bytes,    1185000 total
[2025-09-09T07:43:05.531+0000][174][trace][gc,age      ] GC(32) - age   7:      23680 bytes,    1208680 total
[2025-09-09T07:43:05.531+0000][174][trace][gc,age      ] GC(32) - age   8:     369736 bytes,    1578416 total
[2025-09-09T07:43:05.531+0000][174][trace][gc,age      ] GC(32) - age   9:      72216 bytes,    1650632 total
[2025-09-09T07:43:05.531+0000][174][trace][gc,age      ] GC(32) - age  10:      78848 bytes,    1729480 total
[2025-09-09T07:43:05.531+0000][174][trace][gc,age      ] GC(32) - age  11:     290944 bytes,    2020424 total
[2025-09-09T07:43:05.531+0000][174][trace][gc,age      ] GC(32) - age  12:    2516936 bytes,    4537360 total
[2025-09-09T07:43:05.531+0000][174][trace][gc,age      ] GC(32) - age  13:    3371888 bytes,    7909248 total
[2025-09-09T07:43:05.531+0000][174][trace][gc,age      ] GC(32) - age  14:    2153696 bytes,   10062944 total
[2025-09-09T07:43:05.531+0000][174][trace][gc,age      ] GC(32) - age  15:   17836312 bytes,   27899256 total
[2025-09-09T07:43:05.531+0000][174][info ][gc,heap     ] GC(32) Eden regions: 145->0(145)
[2025-09-09T07:43:05.531+0000][174][info ][gc,heap     ] GC(32) Survivor regions: 8->8(20)
[2025-09-09T07:43:05.531+0000][174][info ][gc,heap     ] GC(32) Old regions: 30->30
[2025-09-09T07:43:05.531+0000][174][info ][gc,heap     ] GC(32) Humongous regions: 2->2
[2025-09-09T07:43:05.531+0000][174][info ][gc,metaspace] GC(32) Metaspace: 161598K(166016K)->161598K(166016K) NonClass: 139546K(141952K)->139546K(141952K) Class: 22052K(24064K)->22052K(24064K)
[2025-09-09T07:43:05.531+0000][174][info ][gc          ] GC(32) Pause Young (Normal) (G1 Evacuation Pause) 735M->154M(1024M) 54.971ms
[2025-09-09T07:43:05.531+0000][174][info ][gc,cpu      ] GC(32) User=0.31s Sys=0.00s Real=0.06s
[2025-09-09T07:43:05.532+0000][174][info ][safepoint   ] Safepoint "G1CollectForAllocation", Time since last: 44888583 ns, Reaching safepoint: 7542 ns, Cleanup: 2458 ns, At safepoint: 55194667 ns, Total: 55204667 ns
[2025-09-09T07:43:07.454+0000][174][info ][safepoint   ] Safepoint "Cleanup", Time since last: 1922174209 ns, Reaching safepoint: 23500 ns, Cleanup: 36083 ns, At safepoint: 14708 ns, Total: 74291 ns
[2025-09-09T07:43:23.490+0000][174][info ][safepoint   ] Safepoint "Cleanup", Time since last: 16036517757 ns, Reaching safepoint: 95917 ns, Cleanup: 32500 ns, At safepoint: 7792 ns, Total: 136209 ns
[2025-09-09T07:43:24.577+0000][174][info ][safepoint   ] Safepoint "Cleanup", Time since last: 1086088500 ns, Reaching safepoint: 7709 ns, Cleanup: 22083 ns, At safepoint: 14833 ns, Total: 44625 ns
[2025-09-09T07:43:29.238+0000][174][info ][safepoint   ] Safepoint "Cleanup", Time since last: 4661500669 ns, Reaching safepoint: 5292 ns, Cleanup: 15292 ns, At safepoint: 8458 ns, Total: 29042 ns
[2025-09-09T07:43:56.803+0000][174][info ][safepoint   ] Safepoint "Cleanup", Time since last: 27563411721 ns, Reaching safepoint: 1210750 ns, Cleanup: 111708 ns, At safepoint: 24375 ns, Total: 1346833 ns
[2025-09-09T07:44:05.814+0000][174][info ][safepoint   ] Safepoint "Cleanup", Time since last: 9011543088 ns, Reaching safepoint: 55583 ns, Cleanup: 46042 ns, At safepoint: 16916 ns, Total: 118541 ns
[2025-09-09T07:44:08.493+0000][174][info ][safepoint   ] Safepoint "Cleanup", Time since last: 2678560418 ns, Reaching safepoint: 5750 ns, Cleanup: 15334 ns, At safepoint: 1791 ns, Total: 22875 ns
[2025-09-09T07:44:09.753+0000][174][info ][safepoint   ] Safepoint "Cleanup", Time since last: 1260241001 ns, Reaching safepoint: 66417 ns, Cleanup: 36583 ns, At safepoint: 22083 ns, Total: 125083 ns
[2025-09-09T07:44:33.465+0000][174][info ][safepoint   ] Safepoint "Cleanup", Time since last: 23711828344 ns, Reaching safepoint: 192875 ns, Cleanup: 48542 ns, At safepoint: 25417 ns, Total: 266834 ns
[2025-09-09T07:44:41.476+0000][174][info ][safepoint   ] Safepoint "Cleanup", Time since last: 8010959670 ns, Reaching safepoint: 18833 ns, Cleanup: 11042 ns, At safepoint: 21292 ns, Total: 51167 ns
[2025-09-09T07:44:42.482+0000][174][info ][safepoint   ] Safepoint "Cleanup", Time since last: 1005764958 ns, Reaching safepoint: 21667 ns, Cleanup: 14708 ns, At safepoint: 9833 ns, Total: 46208 ns
[2025-09-09T07:44:44.484+0000][174][info ][safepoint   ] Safepoint "Cleanup", Time since last: 2002013418 ns, Reaching safepoint: 20167 ns, Cleanup: 27791 ns, At safepoint: 13917 ns, Total: 61875 ns
[2025-09-09T07:44:55.496+0000][174][info ][safepoint   ] Safepoint "Cleanup", Time since last: 11011327255 ns, Reaching safepoint: 305500 ns, Cleanup: 55917 ns, At safepoint: 28541 ns, Total: 389958 ns
[2025-09-09T07:45:12.004+0000][174][info ][safepoint   ] Safepoint "Cleanup", Time since last: 16508157300 ns, Reaching safepoint: 70958 ns, Cleanup: 37334 ns, At safepoint: 10250 ns, Total: 118542 ns
[2025-09-09T07:45:19.085+0000][174][info ][safepoint   ] Safepoint "Cleanup", Time since last: 7080150169 ns, Reaching safepoint: 184667 ns, Cleanup: 54458 ns, At safepoint: 31750 ns, Total: 270875 ns
[2025-09-09T07:46:14.528+0000][174][info ][safepoint   ] Safepoint "Cleanup", Time since last: 55443158692 ns, Reaching safepoint: 67041 ns, Cleanup: 25084 ns, At safepoint: 6250 ns, Total: 98375 ns
[2025-09-09T07:46:17.528+0000][174][info ][safepoint   ] Safepoint "Cleanup", Time since last: 3000300668 ns, Reaching safepoint: 3500 ns, Cleanup: 7000 ns, At safepoint: 1625 ns, Total: 12125 ns
[2025-09-09T07:46:19.382+0000][174][info ][safepoint   ] Safepoint "Cleanup", Time since last: 1853672584 ns, Reaching safepoint: 42042 ns, Cleanup: 35333 ns, At safepoint: 12000 ns, Total: 89375 ns
[2025-09-09T07:47:04.429+0000][174][info ][safepoint   ] Safepoint "Cleanup", Time since last: 45045425646 ns, Reaching safepoint: 1000625 ns, Cleanup: 94875 ns, At safepoint: 38000 ns, Total: 1133500 ns
[2025-09-09T07:47:18.545+0000][174][info ][safepoint   ] Safepoint "Cleanup", Time since last: 14116770464 ns, Reaching safepoint: 60334 ns, Cleanup: 54958 ns, At safepoint: 17792 ns, Total: 133084 ns
[2025-09-09T07:47:28.680+0000][174][info ][safepoint   ] Safepoint "Cleanup", Time since last: 10134309713 ns, Reaching safepoint: 192250 ns, Cleanup: 188250 ns, At safepoint: 146875 ns, Total: 527375 ns
[2025-09-09T07:47:33.687+0000][174][info ][safepoint   ] Safepoint "Cleanup", Time since last: 5006494044 ns, Reaching safepoint: 465458 ns, Cleanup: 122875 ns, At safepoint: 63417 ns, Total: 651750 ns
[2025-09-09T07:47:46.705+0000][174][info ][safepoint   ] Safepoint "Cleanup", Time since last: 13016514089 ns, Reaching safepoint: 749708 ns, Cleanup: 66042 ns, At safepoint: 18958 ns, Total: 834708 ns
[2025-09-09T07:48:20.579+0000][174][info ][safepoint   ] Safepoint "Cleanup", Time since last: 33874570765 ns, Reaching safepoint: 45917 ns, Cleanup: 23417 ns, At safepoint: 12041 ns, Total: 81375 ns
[2025-09-09T07:48:24.983+0000][174][info ][safepoint   ] Safepoint "Cleanup", Time since last: 4403955753 ns, Reaching safepoint: 68500 ns, Cleanup: 24208 ns, At safepoint: 12500 ns, Total: 105208 ns
[2025-09-09T07:48:29.696+0000][174][info ][safepoint   ] Safepoint "Cleanup", Time since last: 4713073127 ns, Reaching safepoint: 6208 ns, Cleanup: 11917 ns, At safepoint: 3833 ns, Total: 21958 ns
[2025-09-09T07:48:35.703+0000][174][info ][safepoint   ] Safepoint "Cleanup", Time since last: 6006939212 ns, Reaching safepoint: 66541 ns, Cleanup: 42375 ns, At safepoint: 11750 ns, Total: 120666 ns
[2025-09-09T07:48:44.714+0000][174][info ][safepoint   ] Safepoint "Cleanup", Time since last: 9009836087 ns, Reaching safepoint: 318584 ns, Cleanup: 59125 ns, At safepoint: 21875 ns, Total: 399584 ns
[2025-09-09T07:48:53.498+0000][174][info ][gc,start    ] GC(33) Pause Young (Normal) (G1 Evacuation Pause)
[2025-09-09T07:48:53.499+0000][174][info ][gc,task     ] GC(33) Using 8 workers of 8 for evacuation
[2025-09-09T07:48:53.499+0000][174][debug][gc,age      ] GC(33) Desired survivor size 41943040 bytes, new threshold 15 (max threshold 15)
[2025-09-09T07:48:53.541+0000][174][info ][gc,phases   ] GC(33)   Pre Evacuate Collection Set: 1.59ms
[2025-09-09T07:48:53.541+0000][174][info ][gc,phases   ] GC(33)   Merge Heap Roots: 0.33ms
[2025-09-09T07:48:53.541+0000][174][info ][gc,phases   ] GC(33)   Evacuate Collection Set: 35.41ms
[2025-09-09T07:48:53.541+0000][174][info ][gc,phases   ] GC(33)   Post Evacuate Collection Set: 4.06ms
[2025-09-09T07:48:53.541+0000][174][info ][gc,phases   ] GC(33)   Other: 0.57ms
[2025-09-09T07:48:53.541+0000][174][trace][gc,age      ] GC(33) Age table with threshold 15 (max threshold 15)
[2025-09-09T07:48:53.541+0000][174][trace][gc,age      ] GC(33) - age   1:    1201432 bytes,    1201432 total
[2025-09-09T07:48:53.541+0000][174][trace][gc,age      ] GC(33) - age   2:      15240 bytes,    1216672 total
[2025-09-09T07:48:53.541+0000][174][trace][gc,age      ] GC(33) - age   3:       8096 bytes,    1224768 total
[2025-09-09T07:48:53.541+0000][174][trace][gc,age      ] GC(33) - age   4:     171960 bytes,    1396728 total
[2025-09-09T07:48:53.541+0000][174][trace][gc,age      ] GC(33) - age   5:      30648 bytes,    1427376 total
[2025-09-09T07:48:53.541+0000][174][trace][gc,age      ] GC(33) - age   6:      23504 bytes,    1450880 total
[2025-09-09T07:48:53.541+0000][174][trace][gc,age      ] GC(33) - age   7:      69776 bytes,    1520656 total
[2025-09-09T07:48:53.542+0000][174][trace][gc,age      ] GC(33) - age   8:      23616 bytes,    1544272 total
[2025-09-09T07:48:53.542+0000][174][trace][gc,age      ] GC(33) - age   9:     369736 bytes,    1914008 total
[2025-09-09T07:48:53.542+0000][174][trace][gc,age      ] GC(33) - age  10:      72184 bytes,    1986192 total
[2025-09-09T07:48:53.542+0000][174][trace][gc,age      ] GC(33) - age  11:      78848 bytes,    2065040 total
[2025-09-09T07:48:53.542+0000][174][trace][gc,age      ] GC(33) - age  12:     290944 bytes,    2355984 total
[2025-09-09T07:48:53.542+0000][174][trace][gc,age      ] GC(33) - age  13:    2516640 bytes,    4872624 total
[2025-09-09T07:48:53.542+0000][174][trace][gc,age      ] GC(33) - age  14:    3371888 bytes,    8244512 total
[2025-09-09T07:48:53.542+0000][174][trace][gc,age      ] GC(33) - age  15:    2153664 bytes,   10398176 total
[2025-09-09T07:48:53.542+0000][174][info ][gc,heap     ] GC(33) Eden regions: 145->0(149)
[2025-09-09T07:48:53.542+0000][174][info ][gc,heap     ] GC(33) Survivor regions: 8->4(20)
[2025-09-09T07:48:53.542+0000][174][info ][gc,heap     ] GC(33) Old regions: 30->34
[2025-09-09T07:48:53.542+0000][174][info ][gc,heap     ] GC(33) Humongous regions: 2->2
[2025-09-09T07:48:53.542+0000][174][info ][gc,metaspace] GC(33) Metaspace: 161692K(166144K)->161692K(166144K) NonClass: 139639K(142080K)->139639K(142080K) Class: 22053K(24064K)->22053K(24064K)
[2025-09-09T07:48:53.542+0000][174][info ][gc          ] GC(33) Pause Young (Normal) (G1 Evacuation Pause) 734M->156M(1024M) 44.143ms
[2025-09-09T07:48:53.542+0000][174][info ][gc,cpu      ] GC(33) User=0.30s Sys=0.00s Real=0.05s
[2025-09-09T07:48:53.542+0000][174][info ][safepoint   ] Safepoint "G1CollectForAllocation", Time since last: 8783785379 ns, Reaching safepoint: 218083 ns, Cleanup: 21792 ns, At safepoint: 44496083 ns, Total: 44735958 ns
[2025-09-09T07:49:03.570+0000][174][info ][safepoint   ] Safepoint "Cleanup", Time since last: 10014809755 ns, Reaching safepoint: 443333 ns, Cleanup: 41625 ns, At safepoint: 12104625 ns, Total: 12589583 ns
[2025-09-09T07:49:23.568+0000][174][info ][safepoint   ] Safepoint "Cleanup", Time since last: 20000699968 ns, Reaching safepoint: 60125 ns, Cleanup: 23167 ns, At safepoint: 7916 ns, Total: 91208 ns
[2025-09-09T07:49:25.177+0000][174][info ][safepoint   ] Safepoint "Cleanup", Time since last: 1608513459 ns, Reaching safepoint: 124334 ns, Cleanup: 35583 ns, At safepoint: 60208 ns, Total: 220125 ns
[2025-09-09T07:49:26.514+0000][174][info ][safepoint   ] Safepoint "Cleanup", Time since last: 1336799793 ns, Reaching safepoint: 6041 ns, Cleanup: 9667 ns, At safepoint: 1375 ns, Total: 17083 ns
[2025-09-09T07:49:28.220+0000][174][info ][safepoint   ] Safepoint "Cleanup", Time since last: 1706039251 ns, Reaching safepoint: 104125 ns, Cleanup: 92833 ns, At safepoint: 14167 ns, Total: 211125 ns
[2025-09-09T07:50:02.257+0000][174][info ][safepoint   ] Safepoint "Cleanup", Time since last: 34034729849 ns, Reaching safepoint: 371333 ns, Cleanup: 31125 ns, At safepoint: 8667 ns, Total: 411125 ns
[2025-09-09T07:50:07.262+0000][174][info ][safepoint   ] Safepoint "Cleanup", Time since last: 5005693169 ns, Reaching safepoint: 17625 ns, Cleanup: 19583 ns, At safepoint: 8334 ns, Total: 45542 ns
[2025-09-09T07:50:14.270+0000][174][info ][safepoint   ] Safepoint "Cleanup", Time since last: 7007048169 ns, Reaching safepoint: 31583 ns, Cleanup: 15209 ns, At safepoint: 5375 ns, Total: 52167 ns
[2025-09-09T07:50:16.162+0000][174][info ][safepoint   ] Safepoint "Cleanup", Time since last: 1892249584 ns, Reaching safepoint: 16000 ns, Cleanup: 31292 ns, At safepoint: 10916 ns, Total: 58208 ns
[2025-09-09T07:50:27.393+0000][174][info ][safepoint   ] Safepoint "Cleanup", Time since last: 11230835506 ns, Reaching safepoint: 11166 ns, Cleanup: 16584 ns, At safepoint: 8125 ns, Total: 35875 ns
[2025-09-09T07:50:30.440+0000][174][info ][safepoint   ] Safepoint "Cleanup", Time since last: 3046458209 ns, Reaching safepoint: 8042 ns, Cleanup: 11875 ns, At safepoint: 5625 ns, Total: 25542 ns
[2025-09-09T07:50:44.476+0000][174][info ][safepoint   ] Safepoint "Cleanup", Time since last: 14036816464 ns, Reaching safepoint: 24042 ns, Cleanup: 11833 ns, At safepoint: 25125 ns, Total: 61000 ns
[2025-09-09T07:51:03.496+0000][174][info ][safepoint   ] Safepoint "Cleanup", Time since last: 19019620760 ns, Reaching safepoint: 156583 ns, Cleanup: 22375 ns, At safepoint: 15458 ns, Total: 194416 ns
[2025-09-09T07:51:17.347+0000][174][info ][safepoint   ] Safepoint "Cleanup", Time since last: 13850404632 ns, Reaching safepoint: 10416 ns, Cleanup: 10542 ns, At safepoint: 9208 ns, Total: 30166 ns
[2025-09-09T07:51:19.349+0000][174][info ][safepoint   ] Safepoint "Cleanup", Time since last: 2002665251 ns, Reaching safepoint: 38792 ns, Cleanup: 18666 ns, At safepoint: 6292 ns, Total: 63750 ns
[2025-09-09T07:51:27.359+0000][174][info ][safepoint   ] Safepoint "Cleanup", Time since last: 8009314962 ns, Reaching safepoint: 20167 ns, Cleanup: 29750 ns, At safepoint: 14083 ns, Total: 64000 ns
[2025-09-09T07:51:33.645+0000][174][info ][safepoint   ] Safepoint "Cleanup", Time since last: 6286353628 ns, Reaching safepoint: 41417 ns, Cleanup: 20792 ns, At safepoint: 14708 ns, Total: 76917 ns
[2025-09-09T07:51:34.674+0000][174][info ][safepoint   ] Safepoint "Cleanup", Time since last: 1028389000 ns, Reaching safepoint: 36000 ns, Cleanup: 19709 ns, At safepoint: 11000 ns, Total: 66709 ns
[2025-09-09T07:51:47.687+0000][174][info ][safepoint   ] Safepoint "Cleanup", Time since last: 13013170131 ns, Reaching safepoint: 238916 ns, Cleanup: 29125 ns, At safepoint: 5334 ns, Total: 273375 ns
[2025-09-09T07:52:32.791+0000][174][info ][safepoint   ] Safepoint "Cleanup", Time since last: 45104338771 ns, Reaching safepoint: 3000 ns, Cleanup: 7500 ns, At safepoint: 4125 ns, Total: 14625 ns
[2025-09-09T07:52:33.812+0000][174][info ][safepoint   ] Safepoint "Cleanup", Time since last: 1020346667 ns, Reaching safepoint: 265000 ns, Cleanup: 57958 ns, At safepoint: 21042 ns, Total: 344000 ns
[2025-09-09T07:53:00.947+0000][174][info ][safepoint   ] Safepoint "Cleanup", Time since last: 27133723471 ns, Reaching safepoint: 864083 ns, Cleanup: 10292 ns, At safepoint: 6000 ns, Total: 880375 ns
[2025-09-09T07:53:03.950+0000][174][info ][safepoint   ] Safepoint "Cleanup", Time since last: 3003366126 ns, Reaching safepoint: 89084 ns, Cleanup: 18125 ns, At safepoint: 16333 ns, Total: 123542 ns
[2025-09-09T07:53:05.952+0000][174][info ][safepoint   ] Safepoint "Cleanup", Time since last: 2002075751 ns, Reaching safepoint: 80667 ns, Cleanup: 55541 ns, At safepoint: 12042 ns, Total: 148250 ns
[2025-09-09T07:53:08.956+0000][174][info ][safepoint   ] Safepoint "Cleanup", Time since last: 3003276876 ns, Reaching safepoint: 10084 ns, Cleanup: 9000 ns, At safepoint: 4833 ns, Total: 23917 ns
[2025-09-09T07:53:29.353+0000][174][info ][safepoint   ] Safepoint "Cleanup", Time since last: 20397364801 ns, Reaching safepoint: 48000 ns, Cleanup: 17791 ns, At safepoint: 8625 ns, Total: 74416 ns
[2025-09-09T07:53:30.413+0000][174][info ][safepoint   ] Safepoint "Cleanup", Time since last: 1059890709 ns, Reaching safepoint: 44833 ns, Cleanup: 32917 ns, At safepoint: 12292 ns, Total: 90042 ns
[2025-09-09T07:53:33.415+0000][174][info ][safepoint   ] Safepoint "Cleanup", Time since last: 3002257001 ns, Reaching safepoint: 10292 ns, Cleanup: 13375 ns, At safepoint: 3458 ns, Total: 27125 ns
[2025-09-09T07:53:35.564+0000][174][info ][safepoint   ] Safepoint "Cleanup", Time since last: 2148379210 ns, Reaching safepoint: 4125 ns, Cleanup: 14041 ns, At safepoint: 5500 ns, Total: 23666 ns
[2025-09-09T07:53:37.056+0000][174][info ][safepoint   ] Safepoint "Cleanup", Time since last: 1492522293 ns, Reaching safepoint: 18166 ns, Cleanup: 26167 ns, At safepoint: 10000 ns, Total: 54333 ns
[2025-09-09T07:53:38.583+0000][174][info ][safepoint   ] Safepoint "Cleanup", Time since last: 1527287959 ns, Reaching safepoint: 11667 ns, Cleanup: 5083 ns, At safepoint: 1708 ns, Total: 18458 ns
[2025-09-09T07:53:38.594+0000][174][info ][gc,start    ] GC(34) Pause Young (Concurrent Start) (CodeCache GC Threshold)
[2025-09-09T07:53:38.595+0000][174][info ][gc,task     ] GC(34) Using 8 workers of 8 for evacuation
[2025-09-09T07:53:38.595+0000][174][debug][gc,age      ] GC(34) Desired survivor size 41943040 bytes, new threshold 15 (max threshold 15)
[2025-09-09T07:53:38.625+0000][174][info ][gc,phases   ] GC(34)   Pre Evacuate Collection Set: 0.63ms
[2025-09-09T07:53:38.625+0000][174][info ][gc,phases   ] GC(34)   Merge Heap Roots: 0.12ms
[2025-09-09T07:53:38.625+0000][174][info ][gc,phases   ] GC(34)   Evacuate Collection Set: 27.28ms
[2025-09-09T07:53:38.625+0000][174][info ][gc,phases   ] GC(34)   Post Evacuate Collection Set: 2.14ms
[2025-09-09T07:53:38.625+0000][174][info ][gc,phases   ] GC(34)   Other: 0.33ms
[2025-09-09T07:53:38.625+0000][174][trace][gc,age      ] GC(34) Age table with threshold 15 (max threshold 15)
[2025-09-09T07:53:38.625+0000][174][trace][gc,age      ] GC(34) - age   1:     827896 bytes,     827896 total
[2025-09-09T07:53:38.625+0000][174][trace][gc,age      ] GC(34) - age   2:     155960 bytes,     983856 total
[2025-09-09T07:53:38.625+0000][174][trace][gc,age      ] GC(34) - age   3:      14560 bytes,     998416 total
[2025-09-09T07:53:38.625+0000][174][trace][gc,age      ] GC(34) - age   4:       7968 bytes,    1006384 total
[2025-09-09T07:53:38.625+0000][174][trace][gc,age      ] GC(34) - age   5:     171960 bytes,    1178344 total
[2025-09-09T07:53:38.626+0000][174][trace][gc,age      ] GC(34) - age   6:      30520 bytes,    1208864 total
[2025-09-09T07:53:38.626+0000][174][trace][gc,age      ] GC(34) - age   7:      23504 bytes,    1232368 total
[2025-09-09T07:53:38.626+0000][174][trace][gc,age      ] GC(34) - age   8:      69776 bytes,    1302144 total
[2025-09-09T07:53:38.626+0000][174][trace][gc,age      ] GC(34) - age   9:      23616 bytes,    1325760 total
[2025-09-09T07:53:38.626+0000][174][trace][gc,age      ] GC(34) - age  10:     369736 bytes,    1695496 total
[2025-09-09T07:53:38.626+0000][174][trace][gc,age      ] GC(34) - age  11:      72184 bytes,    1767680 total
[2025-09-09T07:53:38.626+0000][174][trace][gc,age      ] GC(34) - age  12:      78848 bytes,    1846528 total
[2025-09-09T07:53:38.626+0000][174][trace][gc,age      ] GC(34) - age  13:     290944 bytes,    2137472 total
[2025-09-09T07:53:38.626+0000][174][trace][gc,age      ] GC(34) - age  14:    2516640 bytes,    4654112 total
[2025-09-09T07:53:38.626+0000][174][trace][gc,age      ] GC(34) - age  15:    3371888 bytes,    8026000 total
[2025-09-09T07:53:38.626+0000][174][info ][gc,heap     ] GC(34) Eden regions: 128->0(150)
[2025-09-09T07:53:38.626+0000][174][info ][gc,heap     ] GC(34) Survivor regions: 4->3(20)
[2025-09-09T07:53:38.626+0000][174][info ][gc,heap     ] GC(34) Old regions: 34->35
[2025-09-09T07:53:38.626+0000][174][info ][gc,heap     ] GC(34) Humongous regions: 2->2
[2025-09-09T07:53:38.626+0000][174][info ][gc,metaspace] GC(34) Metaspace: 161744K(166144K)->161744K(166144K) NonClass: 139691K(142080K)->139691K(142080K) Class: 22053K(24064K)->22053K(24064K)
[2025-09-09T07:53:38.626+0000][174][info ][gc          ] GC(34) Pause Young (Concurrent Start) (CodeCache GC Threshold) 665M->155M(1024M) 31.479ms
[2025-09-09T07:53:38.626+0000][174][info ][gc          ] GC(35) Concurrent Mark Cycle
[2025-09-09T07:53:38.626+0000][174][info ][gc,marking  ] GC(35) Concurrent Scan Root Regions
[2025-09-09T07:53:38.626+0000][174][info ][gc,cpu      ] GC(34) User=0.16s Sys=0.02s Real=0.03s
[2025-09-09T07:53:38.626+0000][174][info ][safepoint   ] Safepoint "G1TryInitiateConcMark", Time since last: 10927625 ns, Reaching safepoint: 8334 ns, Cleanup: 1833 ns, At safepoint: 31901042 ns, Total: 31911209 ns
[2025-09-09T07:53:38.634+0000][174][info ][gc,marking  ] GC(35) Concurrent Scan Root Regions 7.895ms
[2025-09-09T07:53:38.634+0000][174][info ][gc,marking  ] GC(35) Concurrent Mark
[2025-09-09T07:53:38.634+0000][174][info ][gc,marking  ] GC(35) Concurrent Mark From Roots
[2025-09-09T07:53:38.634+0000][174][info ][gc,task     ] GC(35) Using 2 workers of 2 for marking
[2025-09-09T07:53:38.718+0000][174][info ][gc,marking  ] GC(35) Concurrent Mark From Roots 83.459ms
[2025-09-09T07:53:38.718+0000][174][info ][gc,marking  ] GC(35) Concurrent Preclean
[2025-09-09T07:53:38.719+0000][174][info ][gc,marking  ] GC(35) Concurrent Preclean 0.893ms
[2025-09-09T07:53:38.719+0000][174][info ][gc,start    ] GC(35) Pause Remark
[2025-09-09T07:53:38.803+0000][174][info ][gc          ] GC(35) Pause Remark 159M->159M(1024M) 84.538ms
[2025-09-09T07:53:38.804+0000][174][info ][gc,cpu      ] GC(35) User=0.48s Sys=0.08s Real=0.08s
[2025-09-09T07:53:38.804+0000][174][info ][safepoint   ] Safepoint "G1PauseRemark", Time since last: 92450125 ns, Reaching safepoint: 75208 ns, Cleanup: 11542 ns, At safepoint: 84814875 ns, Total: 84901625 ns
[2025-09-09T07:53:38.804+0000][174][info ][gc,marking  ] GC(35) Concurrent Mark 169.723ms
[2025-09-09T07:53:38.804+0000][174][info ][gc,marking  ] GC(35) Concurrent Rebuild Remembered Sets and Scrub Regions
[2025-09-09T07:53:38.839+0000][174][info ][gc,marking  ] GC(35) Concurrent Rebuild Remembered Sets and Scrub Regions 34.969ms
[2025-09-09T07:53:38.840+0000][174][info ][gc,start    ] GC(35) Pause Cleanup
[2025-09-09T07:53:38.840+0000][174][info ][gc          ] GC(35) Pause Cleanup 159M->159M(1024M) 0.184ms
[2025-09-09T07:53:38.840+0000][174][info ][gc,cpu      ] GC(35) User=0.00s Sys=0.00s Real=0.00s
[2025-09-09T07:53:38.840+0000][174][info ][safepoint   ] Safepoint "G1PauseCleanup", Time since last: 35896208 ns, Reaching safepoint: 10125 ns, Cleanup: 90875 ns, At safepoint: 399000 ns, Total: 500000 ns
[2025-09-09T07:53:38.840+0000][174][info ][gc,marking  ] GC(35) Concurrent Clear Claimed Marks
[2025-09-09T07:53:38.840+0000][174][info ][gc,marking  ] GC(35) Concurrent Clear Claimed Marks 0.200ms
[2025-09-09T07:53:38.840+0000][174][info ][gc,marking  ] GC(35) Concurrent Cleanup for Next Mark
[2025-09-09T07:53:38.845+0000][174][info ][gc,marking  ] GC(35) Concurrent Cleanup for Next Mark 4.853ms
[2025-09-09T07:53:38.845+0000][174][info ][gc          ] GC(35) Concurrent Mark Cycle 219.377ms
[2025-09-09T07:53:40.077+0000][174][info ][safepoint   ] Safepoint "Cleanup", Time since last: 1236897626 ns, Reaching safepoint: 17916 ns, Cleanup: 25750 ns, At safepoint: 16459 ns, Total: 60125 ns
[2025-09-09T07:53:42.079+0000][174][info ][safepoint   ] Safepoint "Cleanup", Time since last: 2001605292 ns, Reaching safepoint: 49875 ns, Cleanup: 13959 ns, At safepoint: 8125 ns, Total: 71959 ns
[2025-09-09T07:53:45.080+0000][174][info ][safepoint   ] Safepoint "Cleanup", Time since last: 3001855625 ns, Reaching safepoint: 138208 ns, Cleanup: 63292 ns, At safepoint: 28083 ns, Total: 229583 ns
[2025-09-09T07:53:59.096+0000][174][info ][safepoint   ] Safepoint "Cleanup", Time since last: 14014560174 ns, Reaching safepoint: 384708 ns, Cleanup: 103458 ns, At safepoint: 33250 ns, Total: 521416 ns
[2025-09-09T07:54:04.103+0000][174][info ][safepoint   ] Safepoint "Cleanup", Time since last: 5007512378 ns, Reaching safepoint: 12333 ns, Cleanup: 10834 ns, At safepoint: 3625 ns, Total: 26792 ns
[2025-09-09T07:54:33.572+0000][174][info ][safepoint   ] Safepoint "Cleanup", Time since last: 29468913888 ns, Reaching safepoint: 39542 ns, Cleanup: 18125 ns, At safepoint: 6042 ns, Total: 63709 ns
[2025-09-09T07:54:38.577+0000][174][info ][safepoint   ] Safepoint "Cleanup", Time since last: 5004935169 ns, Reaching safepoint: 12250 ns, Cleanup: 6958 ns, At safepoint: 9917 ns, Total: 29125 ns
[2025-09-09T07:54:40.253+0000][174][info ][safepoint   ] Safepoint "Cleanup", Time since last: 1676219834 ns, Reaching safepoint: 16708 ns, Cleanup: 17458 ns, At safepoint: 11209 ns, Total: 45375 ns
[2025-09-09T07:54:53.294+0000][174][info ][safepoint   ] Safepoint "Cleanup", Time since last: 13039770630 ns, Reaching safepoint: 68500 ns, Cleanup: 25625 ns, At safepoint: 18542 ns, Total: 112667 ns
[2025-09-09T07:54:57.297+0000][174][info ][safepoint   ] Safepoint "Cleanup", Time since last: 4003871335 ns, Reaching safepoint: 32125 ns, Cleanup: 39167 ns, At safepoint: 9000 ns, Total: 80292 ns
[2025-09-09T07:55:09.309+0000][174][info ][safepoint   ] Safepoint "Cleanup", Time since last: 12011359880 ns, Reaching safepoint: 27542 ns, Cleanup: 23208 ns, At safepoint: 11459 ns, Total: 62209 ns
[2025-09-09T07:55:15.315+0000][174][info ][safepoint   ] Safepoint "Cleanup", Time since last: 6005840335 ns, Reaching safepoint: 21833 ns, Cleanup: 27500 ns, At safepoint: 10709 ns, Total: 60042 ns
[2025-09-09T07:55:29.771+0000][174][info ][safepoint   ] Safepoint "Cleanup", Time since last: 14455616465 ns, Reaching safepoint: 342541 ns, Cleanup: 41334 ns, At safepoint: 15708 ns, Total: 399583 ns
[2025-09-09T07:55:33.775+0000][174][info ][safepoint   ] Safepoint "Cleanup", Time since last: 4004569169 ns, Reaching safepoint: 51166 ns, Cleanup: 40334 ns, At safepoint: 13625 ns, Total: 105125 ns
[2025-09-09T07:55:39.781+0000][174][info ][safepoint   ] Safepoint "Cleanup", Time since last: 6005894628 ns, Reaching safepoint: 36375 ns, Cleanup: 24625 ns, At safepoint: 15958 ns, Total: 76958 ns
[2025-09-09T07:55:41.590+0000][174][info ][safepoint   ] Safepoint "Cleanup", Time since last: 1808888584 ns, Reaching safepoint: 4292 ns, Cleanup: 6041 ns, At safepoint: 2000 ns, Total: 12333 ns
[2025-09-09T07:55:43.478+0000][174][info ][safepoint   ] Safepoint "Cleanup", Time since last: 1871164625 ns, Reaching safepoint: 11667 ns, Cleanup: 12583 ns, At safepoint: 8792 ns, Total: 33042 ns
[2025-09-09T07:55:44.594+0000][174][info ][safepoint   ] Safepoint "Cleanup", Time since last: 1116604959 ns, Reaching safepoint: 3042 ns, Cleanup: 9375 ns, At safepoint: 5041 ns, Total: 17458 ns
[2025-09-09T07:56:34.083+0000][174][info ][safepoint   ] Safepoint "Cleanup", Time since last: 49472474731 ns, Reaching safepoint: 433250 ns, Cleanup: 34000 ns, At safepoint: 13792 ns, Total: 481042 ns
[2025-09-09T07:57:13.745+0000][174][info ][safepoint   ] Safepoint "Cleanup", Time since last: 39659712725 ns, Reaching safepoint: 235250 ns, Cleanup: 37958 ns, At safepoint: 8292 ns, Total: 281500 ns
[2025-09-09T07:57:17.074+0000][174][info ][safepoint   ] Safepoint "Cleanup", Time since last: 3328443043 ns, Reaching safepoint: 12584 ns, Cleanup: 10708 ns, At safepoint: 5625 ns, Total: 28917 ns
[2025-09-09T07:57:23.080+0000][174][info ][safepoint   ] Safepoint "Cleanup", Time since last: 6006243628 ns, Reaching safepoint: 246667 ns, Cleanup: 71541 ns, At safepoint: 31584 ns, Total: 349792 ns
[2025-09-09T07:57:47.669+0000][174][info ][safepoint   ] Safepoint "Cleanup", Time since last: 24588771760 ns, Reaching safepoint: 74542 ns, Cleanup: 46375 ns, At safepoint: 8500 ns, Total: 129417 ns
[2025-09-09T07:58:02.971+0000][174][info ][safepoint   ] Safepoint "Cleanup", Time since last: 15301452716 ns, Reaching safepoint: 134958 ns, Cleanup: 21542 ns, At safepoint: 8083 ns, Total: 164583 ns
[2025-09-09T07:58:10.980+0000][174][info ][safepoint   ] Safepoint "Cleanup", Time since last: 8008864045 ns, Reaching safepoint: 77667 ns, Cleanup: 18125 ns, At safepoint: 7500 ns, Total: 103292 ns
[2025-09-09T07:58:12.982+0000][174][info ][safepoint   ] Safepoint "Cleanup", Time since last: 2001660833 ns, Reaching safepoint: 12542 ns, Cleanup: 10292 ns, At safepoint: 5083 ns, Total: 27917 ns
[2025-09-09T07:58:21.010+0000][174][info ][safepoint   ] Safepoint "Cleanup", Time since last: 8027662087 ns, Reaching safepoint: 5625 ns, Cleanup: 91167 ns, At safepoint: 7292 ns, Total: 104084 ns
[2025-09-09T07:58:23.028+0000][174][info ][safepoint   ] Safepoint "Cleanup", Time since last: 2018264334 ns, Reaching safepoint: 98042 ns, Cleanup: 64375 ns, At safepoint: 15458 ns, Total: 177875 ns
[2025-09-09T07:58:23.740+0000][174][info ][safepoint   ] Safepoint "ICBufferFull", Time since last: 711947250 ns, Reaching safepoint: 34709 ns, Cleanup: 120916 ns, At safepoint: 23834 ns, Total: 179459 ns
[2025-09-09T07:58:23.755+0000][174][info ][safepoint   ] Safepoint "ICBufferFull", Time since last: 15000208 ns, Reaching safepoint: 9083 ns, Cleanup: 86375 ns, At safepoint: 5042 ns, Total: 100500 ns
[2025-09-09T07:58:25.082+0000][174][info ][safepoint   ] Safepoint "Cleanup", Time since last: 1326373376 ns, Reaching safepoint: 3875 ns, Cleanup: 57541 ns, At safepoint: 4125 ns, Total: 65541 ns
[2025-09-09T07:58:27.098+0000][174][info ][safepoint   ] Safepoint "Cleanup", Time since last: 2016095959 ns, Reaching safepoint: 16125 ns, Cleanup: 23709 ns, At safepoint: 6291 ns, Total: 46125 ns
[2025-09-09T07:58:28.100+0000][174][info ][safepoint   ] Safepoint "Cleanup", Time since last: 1001238459 ns, Reaching safepoint: 73584 ns, Cleanup: 388666 ns, At safepoint: 26959 ns, Total: 489209 ns
[2025-09-09T07:58:29.100+0000][174][info ][safepoint   ] Safepoint "Cleanup", Time since last: 1000635875 ns, Reaching safepoint: 11583 ns, Cleanup: 13292 ns, At safepoint: 3792 ns, Total: 28667 ns
[2025-09-09T07:58:30.101+0000][174][info ][safepoint   ] Safepoint "Cleanup", Time since last: 1000570792 ns, Reaching safepoint: 2792 ns, Cleanup: 8250 ns, At safepoint: 3958 ns, Total: 15000 ns
[2025-09-09T07:58:31.108+0000][174][info ][safepoint   ] Safepoint "Cleanup", Time since last: 1006725042 ns, Reaching safepoint: 4542 ns, Cleanup: 18250 ns, At safepoint: 11375 ns, Total: 34167 ns
[2025-09-09T07:58:33.111+0000][174][info ][safepoint   ] Safepoint "Cleanup", Time since last: 2003424751 ns, Reaching safepoint: 12833 ns, Cleanup: 16458 ns, At safepoint: 5209 ns, Total: 34500 ns
[2025-09-09T07:58:34.113+0000][174][info ][safepoint   ] Safepoint "Cleanup", Time since last: 1001762750 ns, Reaching safepoint: 20708 ns, Cleanup: 21709 ns, At safepoint: 7708 ns, Total: 50125 ns
[2025-09-09T07:58:36.115+0000][174][info ][safepoint   ] Safepoint "Cleanup", Time since last: 2002160668 ns, Reaching safepoint: 61291 ns, Cleanup: 40125 ns, At safepoint: 14000 ns, Total: 115416 ns
[2025-09-09T07:58:44.124+0000][174][info ][safepoint   ] Safepoint "Cleanup", Time since last: 8008284254 ns, Reaching safepoint: 224958 ns, Cleanup: 17750 ns, At safepoint: 10334 ns, Total: 253042 ns
[2025-09-09T07:58:45.125+0000][174][info ][safepoint   ] Safepoint "Cleanup", Time since last: 1001360792 ns, Reaching safepoint: 13416 ns, Cleanup: 11792 ns, At safepoint: 5542 ns, Total: 30750 ns
[2025-09-09T07:58:50.656+0000][174][info ][safepoint   ] Safepoint "Cleanup", Time since last: 5530366377 ns, Reaching safepoint: 6542 ns, Cleanup: 63208 ns, At safepoint: 5042 ns, Total: 74792 ns
[2025-09-09T07:58:52.252+0000][174][info ][gc,start    ] GC(36) Pause Young (Prepare Mixed) (G1 Evacuation Pause)
[2025-09-09T07:58:52.252+0000][174][info ][gc,task     ] GC(36) Using 8 workers of 8 for evacuation
[2025-09-09T07:58:52.252+0000][174][debug][gc,age      ] GC(36) Desired survivor size 41943040 bytes, new threshold 15 (max threshold 15)
[2025-09-09T07:58:52.269+0000][174][info ][gc,phases   ] GC(36)   Pre Evacuate Collection Set: 0.61ms
[2025-09-09T07:58:52.269+0000][174][info ][gc,phases   ] GC(36)   Merge Heap Roots: 0.27ms
[2025-09-09T07:58:52.269+0000][174][info ][gc,phases   ] GC(36)   Evacuate Collection Set: 14.13ms
[2025-09-09T07:58:52.269+0000][174][info ][gc,phases   ] GC(36)   Post Evacuate Collection Set: 1.66ms
[2025-09-09T07:58:52.269+0000][174][info ][gc,phases   ] GC(36)   Other: 0.30ms
[2025-09-09T07:58:52.269+0000][174][trace][gc,age      ] GC(36) Age table with threshold 15 (max threshold 15)
[2025-09-09T07:58:52.269+0000][174][trace][gc,age      ] GC(36) - age   1:    1168464 bytes,    1168464 total
[2025-09-09T07:58:52.269+0000][174][trace][gc,age      ] GC(36) - age   2:      33192 bytes,    1201656 total
[2025-09-09T07:58:52.269+0000][174][trace][gc,age      ] GC(36) - age   3:      53688 bytes,    1255344 total
[2025-09-09T07:58:52.269+0000][174][trace][gc,age      ] GC(36) - age   4:       9312 bytes,    1264656 total
[2025-09-09T07:58:52.269+0000][174][trace][gc,age      ] GC(36) - age   5:       7968 bytes,    1272624 total
[2025-09-09T07:58:52.270+0000][174][trace][gc,age      ] GC(36) - age   6:     105632 bytes,    1378256 total
[2025-09-09T07:58:52.270+0000][174][trace][gc,age      ] GC(36) - age   7:      28936 bytes,    1407192 total
[2025-09-09T07:58:52.270+0000][174][trace][gc,age      ] GC(36) - age   8:      23504 bytes,    1430696 total
[2025-09-09T07:58:52.270+0000][174][trace][gc,age      ] GC(36) - age   9:      69776 bytes,    1500472 total
[2025-09-09T07:58:52.270+0000][174][trace][gc,age      ] GC(36) - age  10:      23584 bytes,    1524056 total
[2025-09-09T07:58:52.270+0000][174][trace][gc,age      ] GC(36) - age  11:     105640 bytes,    1629696 total
[2025-09-09T07:58:52.270+0000][174][trace][gc,age      ] GC(36) - age  12:      72104 bytes,    1701800 total
[2025-09-09T07:58:52.270+0000][174][trace][gc,age      ] GC(36) - age  13:      78800 bytes,    1780600 total
[2025-09-09T07:58:52.270+0000][174][trace][gc,age      ] GC(36) - age  14:     290792 bytes,    2071392 total
[2025-09-09T07:58:52.270+0000][174][trace][gc,age      ] GC(36) - age  15:    2507120 bytes,    4578512 total
[2025-09-09T07:58:52.270+0000][174][info ][gc,heap     ] GC(36) Eden regions: 150->0(151)
[2025-09-09T07:58:52.270+0000][174][info ][gc,heap     ] GC(36) Survivor regions: 3->2(20)
[2025-09-09T07:58:52.270+0000][174][info ][gc,heap     ] GC(36) Old regions: 35->36
[2025-09-09T07:58:52.270+0000][174][info ][gc,heap     ] GC(36) Humongous regions: 2->2
[2025-09-09T07:58:52.270+0000][174][info ][gc,metaspace] GC(36) Metaspace: 159293K(166208K)->159293K(166208K) NonClass: 137896K(142144K)->137896K(142144K) Class: 21396K(24064K)->21396K(24064K)
[2025-09-09T07:58:52.270+0000][174][info ][gc          ] GC(36) Pause Young (Prepare Mixed) (G1 Evacuation Pause) 755M->156M(1024M) 18.399ms
[2025-09-09T07:58:52.270+0000][174][info ][gc,cpu      ] GC(36) User=0.11s Sys=0.00s Real=0.02s
[2025-09-09T07:58:52.270+0000][174][info ][safepoint   ] Safepoint "G1CollectForAllocation", Time since last: 1595602292 ns, Reaching safepoint: 46209 ns, Cleanup: 60458 ns, At safepoint: 18577750 ns, Total: 18684417 ns
[2025-09-09T07:58:54.280+0000][174][info ][safepoint   ] Safepoint "Cleanup", Time since last: 2009764251 ns, Reaching safepoint: 270958 ns, Cleanup: 13500 ns, At safepoint: 7625 ns, Total: 292083 ns
[2025-09-09T07:58:58.295+0000][174][info ][safepoint   ] Safepoint "Cleanup", Time since last: 4014979211 ns, Reaching safepoint: 30333 ns, Cleanup: 50542 ns, At safepoint: 12458 ns, Total: 93333 ns
[2025-09-09T07:59:08.216+0000][174][info ][safepoint   ] Safepoint "Cleanup", Time since last: 9920204088 ns, Reaching safepoint: 81458 ns, Cleanup: 25042 ns, At safepoint: 7417 ns, Total: 113917 ns
[2025-09-09T07:59:10.217+0000][174][info ][safepoint   ] Safepoint "Cleanup", Time since last: 2001650792 ns, Reaching safepoint: 19250 ns, Cleanup: 15250 ns, At safepoint: 7625 ns, Total: 42125 ns
[2025-09-09T07:59:19.478+0000][174][info ][safepoint   ] Safepoint "Cleanup", Time since last: 9260131629 ns, Reaching safepoint: 37417 ns, Cleanup: 32583 ns, At safepoint: 11792 ns, Total: 81792 ns
[2025-09-09T07:59:28.488+0000][174][info ][safepoint   ] Safepoint "Cleanup", Time since last: 9009743212 ns, Reaching safepoint: 68583 ns, Cleanup: 17417 ns, At safepoint: 7833 ns, Total: 93833 ns
[2025-09-09T07:59:54.429+0000][174][info ][safepoint   ] Safepoint "Cleanup", Time since last: 25941392470 ns, Reaching safepoint: 35167 ns, Cleanup: 45250 ns, At safepoint: 10042 ns, Total: 90459 ns
[2025-09-09T07:59:56.644+0000][174][info ][safepoint   ] Safepoint "Cleanup", Time since last: 2214680292 ns, Reaching safepoint: 6500 ns, Cleanup: 33834 ns, At safepoint: 14000 ns, Total: 54334 ns
[2025-09-09T07:59:58.487+0000][174][info ][safepoint   ] Safepoint "Cleanup", Time since last: 1843131667 ns, Reaching safepoint: 11417 ns, Cleanup: 11666 ns, At safepoint: 4667 ns, Total: 27750 ns
[2025-09-09T08:00:04.493+0000][174][info ][safepoint   ] Safepoint "Cleanup", Time since last: 6005556878 ns, Reaching safepoint: 44375 ns, Cleanup: 12333 ns, At safepoint: 7959 ns, Total: 64667 ns
[2025-09-09T08:00:09.497+0000][174][info ][safepoint   ] Safepoint "Cleanup", Time since last: 5004848044 ns, Reaching safepoint: 15000 ns, Cleanup: 12625 ns, At safepoint: 6750 ns, Total: 34375 ns
[2025-09-09T08:00:18.569+0000][174][info ][safepoint   ] Safepoint "Cleanup", Time since last: 9071141253 ns, Reaching safepoint: 37792 ns, Cleanup: 24542 ns, At safepoint: 9666 ns, Total: 72000 ns
[2025-09-09T08:00:24.576+0000][174][info ][safepoint   ] Safepoint "Cleanup", Time since last: 6007001337 ns, Reaching safepoint: 97708 ns, Cleanup: 24375 ns, At safepoint: 14875 ns, Total: 136958 ns
[2025-09-09T08:00:27.579+0000][174][info ][safepoint   ] Safepoint "Cleanup", Time since last: 3002813626 ns, Reaching safepoint: 9375 ns, Cleanup: 15500 ns, At safepoint: 5209 ns, Total: 30084 ns
[2025-09-09T08:00:32.585+0000][174][info ][safepoint   ] Safepoint "Cleanup", Time since last: 5005730835 ns, Reaching safepoint: 13584 ns, Cleanup: 21708 ns, At safepoint: 7667 ns, Total: 42959 ns
[2025-09-09T08:00:33.586+0000][174][info ][safepoint   ] Safepoint "Cleanup", Time since last: 1000972959 ns, Reaching safepoint: 12208 ns, Cleanup: 12417 ns, At safepoint: 5375 ns, Total: 30000 ns
[2025-09-09T08:00:34.587+0000][174][info ][safepoint   ] Safepoint "Cleanup", Time since last: 1000977708 ns, Reaching safepoint: 18959 ns, Cleanup: 37291 ns, At safepoint: 15625 ns, Total: 71875 ns
[2025-09-09T08:00:37.294+0000][174][info ][safepoint   ] Safepoint "Cleanup", Time since last: 2707042002 ns, Reaching safepoint: 7000 ns, Cleanup: 120666 ns, At safepoint: 4667 ns, Total: 132333 ns
[2025-09-09T08:00:38.605+0000][174][info ][safepoint   ] Safepoint "Cleanup", Time since last: 1310753376 ns, Reaching safepoint: 113166 ns, Cleanup: 34459 ns, At safepoint: 26666 ns, Total: 174291 ns
[2025-09-09T08:00:47.790+0000][174][info ][safepoint   ] Safepoint "Cleanup", Time since last: 9185063462 ns, Reaching safepoint: 110709 ns, Cleanup: 126541 ns, At safepoint: 13375 ns, Total: 250625 ns
[2025-09-09T08:00:49.315+0000][174][info ][safepoint   ] Safepoint "Cleanup", Time since last: 1524546293 ns, Reaching safepoint: 12375 ns, Cleanup: 144333 ns, At safepoint: 12125 ns, Total: 168833 ns
[2025-09-09T08:00:49.931+0000][174][info ][gc,heap,exit] Heap
[2025-09-09T08:00:49.931+0000][174][info ][gc,heap,exit]  garbage-first heap   total reserved 1048576K, committed 1048576K, used 362692K [0x00000000c0000000, 0x0000000100000000)
[2025-09-09T08:00:49.931+0000][174][info ][gc,heap,exit]   region size 4096K, 52 young (212992K), 2 survivors (8192K)
[2025-09-09T08:00:49.931+0000][174][info ][gc,heap,exit]  Metaspace       used 159729K, committed 166208K, reserved 1245184K
[2025-09-09T08:00:49.931+0000][174][info ][gc,heap,exit]   class space    used 21491K, committed 24064K, reserved 1048576K
