[2025-09-03T08:19:13.330+0000][176][info][gc,init] CardTable entry size: 512
[2025-09-03T08:19:13.330+0000][176][info][gc     ] Using G1
[2025-09-03T08:19:13.700+0000][176][info][gc,init] Version: 22.0.1+8-16 (release)
[2025-09-03T08:19:13.700+0000][176][info][gc,init] CPUs: 8 total, 8 available
[2025-09-03T08:19:13.700+0000][176][info][gc,init] Memory: 7837M
[2025-09-03T08:19:13.700+0000][176][info][gc,init] Large Page Support: Disabled
[2025-09-03T08:19:13.700+0000][176][info][gc,init] NUMA Support: Disabled
[2025-09-03T08:19:13.700+0000][176][info][gc,init] Compressed Oops: Enabled (32-bit)
[2025-09-03T08:19:13.700+0000][176][info][gc,init] Heap Region Size: 4M
[2025-09-03T08:19:13.700+0000][176][info][gc,init] Heap Min Capacity: 1G
[2025-09-03T08:19:13.700+0000][176][info][gc,init] Heap Initial Capacity: 1G
[2025-09-03T08:19:13.700+0000][176][info][gc,init] Heap Max Capacity: 1G
[2025-09-03T08:19:13.700+0000][176][info][gc,init] Pre-touch: Enabled
[2025-09-03T08:19:13.700+0000][176][info][gc,init] Parallel Workers: 8
[2025-09-03T08:19:13.700+0000][176][info][gc,init] Concurrent Workers: 2
[2025-09-03T08:19:13.700+0000][176][info][gc,init] Concurrent Refinement Workers: 8
[2025-09-03T08:19:13.700+0000][176][info][gc,init] Periodic GC: Disabled
[2025-09-03T08:19:13.714+0000][176][info][gc,metaspace] CDS archive(s) mapped at: [0x0000200000000000-0x0000200000c80000-0x0000200000c80000), size 13107200, SharedBaseAddress: 0x0000200000000000, ArchiveRelocationMode: 1.
[2025-09-03T08:19:13.714+0000][176][info][gc,metaspace] Compressed class space mapped at: 0x0000200001000000-0x0000200041000000, reserved size: 1073741824
[2025-09-03T08:19:13.714+0000][176][info][gc,metaspace] Narrow klass base: 0x0000200000000000, Narrow klass shift: 0, Narrow klass range: 0x100000000
[2025-09-03T08:19:13.769+0000][176][info][safepoint   ] Safepoint "ICBufferFull", Time since last: 51086417 ns, Reaching safepoint: 2375 ns, Cleanup: 50083 ns, At safepoint: 2834 ns, Total: 55292 ns
[2025-09-03T08:19:13.853+0000][176][info][safepoint   ] Safepoint "ICBufferFull", Time since last: 84768708 ns, Reaching safepoint: 2292 ns, Cleanup: 51666 ns, At safepoint: 3292 ns, Total: 57250 ns
[2025-09-03T08:19:13.936+0000][176][info][safepoint   ] Safepoint "ICBufferFull", Time since last: 82416333 ns, Reaching safepoint: 2334 ns, Cleanup: 45791 ns, At safepoint: 9792 ns, Total: 57917 ns
[2025-09-03T08:19:14.005+0000][176][info][safepoint   ] Safepoint "ICBufferFull", Time since last: 69067000 ns, Reaching safepoint: 173625 ns, Cleanup: 103042 ns, At safepoint: 9333 ns, Total: 286000 ns
[2025-09-03T08:19:14.029+0000][176][info][gc,start    ] GC(0) Pause Young (Normal) (G1 Evacuation Pause)
[2025-09-03T08:19:14.029+0000][176][info][gc,task     ] GC(0) Using 8 workers of 8 for evacuation
[2025-09-03T08:19:14.029+0000][176][debug][gc,age      ] GC(0) Desired survivor size 4194304 bytes, new threshold 15 (max threshold 15)
[2025-09-03T08:19:14.032+0000][176][info ][gc,phases   ] GC(0)   Pre Evacuate Collection Set: 0.20ms
[2025-09-03T08:19:14.032+0000][176][info ][gc,phases   ] GC(0)   Merge Heap Roots: 0.15ms
[2025-09-03T08:19:14.032+0000][176][info ][gc,phases   ] GC(0)   Evacuate Collection Set: 1.63ms
[2025-09-03T08:19:14.032+0000][176][info ][gc,phases   ] GC(0)   Post Evacuate Collection Set: 0.64ms
[2025-09-03T08:19:14.032+0000][176][info ][gc,phases   ] GC(0)   Other: 0.28ms
[2025-09-03T08:19:14.033+0000][176][trace][gc,age      ] GC(0) Age table with threshold 15 (max threshold 15)
[2025-09-03T08:19:14.033+0000][176][trace][gc,age      ] GC(0) - age   1:    4675736 bytes,    4675736 total
[2025-09-03T08:19:14.033+0000][176][info ][gc,heap     ] GC(0) Eden regions: 12->0(22)
[2025-09-03T08:19:14.034+0000][176][info ][gc,heap     ] GC(0) Survivor regions: 0->2(2)
[2025-09-03T08:19:14.034+0000][176][info ][gc,heap     ] GC(0) Old regions: 1->1
[2025-09-03T08:19:14.034+0000][176][info ][gc,heap     ] GC(0) Humongous regions: 0->0
[2025-09-03T08:19:14.034+0000][176][info ][gc,metaspace] GC(0) Metaspace: 7259K(7488K)->7259K(7488K) NonClass: 6391K(6528K)->6391K(6528K) Class: 867K(960K)->867K(960K)
[2025-09-03T08:19:14.034+0000][176][info ][gc          ] GC(0) Pause Young (Normal) (G1 Evacuation Pause) 49M->5M(1024M) 5.486ms
[2025-09-03T08:19:14.034+0000][176][info ][gc,cpu      ] GC(0) User=0.01s Sys=0.00s Real=0.00s
[2025-09-03T08:19:14.034+0000][176][info ][safepoint   ] Safepoint "G1CollectForAllocation", Time since last: 23454667 ns, Reaching safepoint: 2833 ns, Cleanup: 41167 ns, At safepoint: 5681250 ns, Total: 5725250 ns
[2025-09-03T08:19:14.106+0000][176][info ][safepoint   ] Safepoint "ICBufferFull", Time since last: 71819666 ns, Reaching safepoint: 1709 ns, Cleanup: 54250 ns, At safepoint: 7666 ns, Total: 63625 ns
[2025-09-03T08:19:14.188+0000][176][info ][safepoint   ] Safepoint "ICBufferFull", Time since last: 80598209 ns, Reaching safepoint: 1448708 ns, Cleanup: 80708 ns, At safepoint: 22084 ns, Total: 1551500 ns
[2025-09-03T08:19:14.248+0000][176][info ][safepoint   ] Safepoint "ICBufferFull", Time since last: 59979458 ns, Reaching safepoint: 2500 ns, Cleanup: 87708 ns, At safepoint: 2375 ns, Total: 92583 ns
[2025-09-03T08:19:14.525+0000][176][info ][safepoint   ] Safepoint "ICBufferFull", Time since last: 276397501 ns, Reaching safepoint: 2625 ns, Cleanup: 75583 ns, At safepoint: 5542 ns, Total: 83750 ns
[2025-09-03T08:19:14.643+0000][176][info ][safepoint   ] Safepoint "ICBufferFull", Time since last: 118436958 ns, Reaching safepoint: 2125 ns, Cleanup: 90375 ns, At safepoint: 4000 ns, Total: 96500 ns
[2025-09-03T08:19:14.820+0000][176][info ][safepoint   ] Safepoint "ICBufferFull", Time since last: 176642292 ns, Reaching safepoint: 3000 ns, Cleanup: 76916 ns, At safepoint: 8542 ns, Total: 88458 ns
[2025-09-03T08:19:14.849+0000][176][info ][gc,start    ] GC(1) Pause Young (Normal) (G1 Evacuation Pause)
[2025-09-03T08:19:14.849+0000][176][info ][gc,task     ] GC(1) Using 8 workers of 8 for evacuation
[2025-09-03T08:19:14.849+0000][176][debug][gc,age      ] GC(1) Desired survivor size 6291456 bytes, new threshold 15 (max threshold 15)
[2025-09-03T08:19:14.853+0000][176][info ][gc,phases   ] GC(1)   Pre Evacuate Collection Set: 0.14ms
[2025-09-03T08:19:14.853+0000][176][info ][gc,phases   ] GC(1)   Merge Heap Roots: 0.08ms
[2025-09-03T08:19:14.853+0000][176][info ][gc,phases   ] GC(1)   Evacuate Collection Set: 2.71ms
[2025-09-03T08:19:14.853+0000][176][info ][gc,phases   ] GC(1)   Post Evacuate Collection Set: 0.73ms
[2025-09-03T08:19:14.853+0000][176][info ][gc,phases   ] GC(1)   Other: 0.18ms
[2025-09-03T08:19:14.853+0000][176][trace][gc,age      ] GC(1) Age table with threshold 15 (max threshold 15)
[2025-09-03T08:19:14.853+0000][176][trace][gc,age      ] GC(1) - age   1:    4923440 bytes,    4923440 total
[2025-09-03T08:19:14.853+0000][176][trace][gc,age      ] GC(1) - age   2:    4604304 bytes,    9527744 total
[2025-09-03T08:19:14.853+0000][176][info ][gc,heap     ] GC(1) Eden regions: 22->0(40)
[2025-09-03T08:19:14.853+0000][176][info ][gc,heap     ] GC(1) Survivor regions: 2->3(3)
[2025-09-03T08:19:14.853+0000][176][info ][gc,heap     ] GC(1) Old regions: 1->1
[2025-09-03T08:19:14.854+0000][176][info ][gc,heap     ] GC(1) Humongous regions: 0->0
[2025-09-03T08:19:14.854+0000][176][info ][gc,metaspace] GC(1) Metaspace: 20173K(20864K)->20173K(20864K) NonClass: 17855K(18304K)->17855K(18304K) Class: 2317K(2560K)->2317K(2560K)
[2025-09-03T08:19:14.854+0000][176][info ][gc          ] GC(1) Pause Young (Normal) (G1 Evacuation Pause) 93M->11M(1024M) 4.715ms
[2025-09-03T08:19:14.854+0000][176][info ][gc,cpu      ] GC(1) User=0.03s Sys=0.00s Real=0.00s
[2025-09-03T08:19:14.854+0000][176][info ][safepoint   ] Safepoint "G1CollectForAllocation", Time since last: 28680208 ns, Reaching safepoint: 2959 ns, Cleanup: 23583 ns, At safepoint: 4936125 ns, Total: 4962667 ns
[2025-09-03T08:19:14.919+0000][176][info ][gc,start    ] GC(2) Pause Young (Concurrent Start) (Metadata GC Threshold)
[2025-09-03T08:19:14.920+0000][176][info ][gc,task     ] GC(2) Using 8 workers of 8 for evacuation
[2025-09-03T08:19:14.920+0000][176][debug][gc,age      ] GC(2) Desired survivor size 12582912 bytes, new threshold 15 (max threshold 15)
[2025-09-03T08:19:14.923+0000][176][info ][gc,phases   ] GC(2)   Pre Evacuate Collection Set: 0.15ms
[2025-09-03T08:19:14.923+0000][176][info ][gc,phases   ] GC(2)   Merge Heap Roots: 0.02ms
[2025-09-03T08:19:14.923+0000][176][info ][gc,phases   ] GC(2)   Evacuate Collection Set: 2.57ms
[2025-09-03T08:19:14.923+0000][176][info ][gc,phases   ] GC(2)   Post Evacuate Collection Set: 0.55ms
[2025-09-03T08:19:14.923+0000][176][info ][gc,phases   ] GC(2)   Other: 0.26ms
[2025-09-03T08:19:14.923+0000][176][trace][gc,age      ] GC(2) Age table with threshold 15 (max threshold 15)
[2025-09-03T08:19:14.923+0000][176][trace][gc,age      ] GC(2) - age   1:     471808 bytes,     471808 total
[2025-09-03T08:19:14.923+0000][176][trace][gc,age      ] GC(2) - age   2:    4063384 bytes,    4535192 total
[2025-09-03T08:19:14.923+0000][176][trace][gc,age      ] GC(2) - age   3:    4588544 bytes,    9123736 total
[2025-09-03T08:19:14.923+0000][176][info ][gc,heap     ] GC(2) Eden regions: 5->0(76)
[2025-09-03T08:19:14.924+0000][176][info ][gc,heap     ] GC(2) Survivor regions: 3->3(6)
[2025-09-03T08:19:14.924+0000][176][info ][gc,heap     ] GC(2) Old regions: 1->1
[2025-09-03T08:19:14.924+0000][176][info ][gc,heap     ] GC(2) Humongous regions: 0->0
[2025-09-03T08:19:14.924+0000][176][info ][gc,metaspace] GC(2) Metaspace: 20863K(21504K)->20863K(21504K) NonClass: 18435K(18816K)->18435K(18816K) Class: 2427K(2688K)->2427K(2688K)
[2025-09-03T08:19:14.924+0000][176][info ][gc          ] GC(2) Pause Young (Concurrent Start) (Metadata GC Threshold) 31M->10M(1024M) 4.282ms
[2025-09-03T08:19:14.924+0000][176][info ][gc,cpu      ] GC(2) User=0.02s Sys=0.00s Real=0.00s
[2025-09-03T08:19:14.924+0000][176][info ][gc          ] GC(3) Concurrent Mark Cycle
[2025-09-03T08:19:14.924+0000][176][info ][gc,marking  ] GC(3) Concurrent Scan Root Regions
[2025-09-03T08:19:14.924+0000][176][info ][safepoint   ] Safepoint "CollectForMetadataAllocation", Time since last: 65495292 ns, Reaching safepoint: 2416 ns, Cleanup: 49875 ns, At safepoint: 4439875 ns, Total: 4492166 ns
[2025-09-03T08:19:14.927+0000][176][info ][gc,marking  ] GC(3) Concurrent Scan Root Regions 2.966ms
[2025-09-03T08:19:14.927+0000][176][info ][gc,marking  ] GC(3) Concurrent Mark
[2025-09-03T08:19:14.928+0000][176][info ][gc,marking  ] GC(3) Concurrent Mark From Roots
[2025-09-03T08:19:14.932+0000][176][info ][gc,task     ] GC(3) Using 2 workers of 2 for marking
[2025-09-03T08:19:14.935+0000][176][info ][gc,marking  ] GC(3) Concurrent Mark From Roots 6.431ms
[2025-09-03T08:19:14.935+0000][176][info ][gc,marking  ] GC(3) Concurrent Preclean
[2025-09-03T08:19:14.935+0000][176][info ][gc,marking  ] GC(3) Concurrent Preclean 0.412ms
[2025-09-03T08:19:14.938+0000][176][info ][gc,start    ] GC(3) Pause Remark
[2025-09-03T08:19:14.941+0000][176][info ][gc          ] GC(3) Pause Remark 14M->14M(1024M) 2.585ms
[2025-09-03T08:19:14.941+0000][176][info ][gc,cpu      ] GC(3) User=0.01s Sys=0.00s Real=0.00s
[2025-09-03T08:19:14.941+0000][176][info ][safepoint   ] Safepoint "G1PauseRemark", Time since last: 13226209 ns, Reaching safepoint: 1178333 ns, Cleanup: 17000 ns, At safepoint: 2774750 ns, Total: 3970083 ns
[2025-09-03T08:19:14.943+0000][176][info ][gc,marking  ] GC(3) Concurrent Mark 16.055ms
[2025-09-03T08:19:14.943+0000][176][info ][gc,marking  ] GC(3) Concurrent Rebuild Remembered Sets and Scrub Regions
[2025-09-03T08:19:14.945+0000][176][info ][gc,marking  ] GC(3) Concurrent Rebuild Remembered Sets and Scrub Regions 1.931ms
[2025-09-03T08:19:14.946+0000][176][info ][gc,start    ] GC(3) Pause Cleanup
[2025-09-03T08:19:14.946+0000][176][info ][gc          ] GC(3) Pause Cleanup 16M->16M(1024M) 0.378ms
[2025-09-03T08:19:14.946+0000][176][info ][gc,cpu      ] GC(3) User=0.00s Sys=0.00s Real=0.00s
[2025-09-03T08:19:14.947+0000][176][info ][safepoint   ] Safepoint "G1PauseCleanup", Time since last: 4225500 ns, Reaching safepoint: 816167 ns, Cleanup: 9750 ns, At safepoint: 491833 ns, Total: 1317750 ns
[2025-09-03T08:19:14.950+0000][176][info ][gc,marking  ] GC(3) Concurrent Clear Claimed Marks
[2025-09-03T08:19:14.950+0000][176][info ][gc,marking  ] GC(3) Concurrent Clear Claimed Marks 0.300ms
[2025-09-03T08:19:14.951+0000][176][info ][gc,marking  ] GC(3) Concurrent Cleanup for Next Mark
[2025-09-03T08:19:14.951+0000][176][info ][gc,marking  ] GC(3) Concurrent Cleanup for Next Mark 0.335ms
[2025-09-03T08:19:14.951+0000][176][info ][gc          ] GC(3) Concurrent Mark Cycle 27.275ms
[2025-09-03T08:19:15.061+0000][176][info ][safepoint   ] Safepoint "ICBufferFull", Time since last: 114774208 ns, Reaching safepoint: 10000 ns, Cleanup: 127709 ns, At safepoint: 9125 ns, Total: 146834 ns
[2025-09-03T08:19:15.187+0000][176][info ][safepoint   ] Safepoint "ICBufferFull", Time since last: 125139083 ns, Reaching safepoint: 2667 ns, Cleanup: 63875 ns, At safepoint: 8083 ns, Total: 74625 ns
[2025-09-03T08:19:15.294+0000][176][info ][safepoint   ] Safepoint "ICBufferFull", Time since last: 107464917 ns, Reaching safepoint: 3083 ns, Cleanup: 90042 ns, At safepoint: 10375 ns, Total: 103500 ns
[2025-09-03T08:19:15.448+0000][176][info ][safepoint   ] Safepoint "ICBufferFull", Time since last: 152679375 ns, Reaching safepoint: 1338042 ns, Cleanup: 78500 ns, At safepoint: 22208 ns, Total: 1438750 ns
[2025-09-03T08:19:15.552+0000][176][info ][safepoint   ] Safepoint "ICBufferFull", Time since last: 103096833 ns, Reaching safepoint: 2834 ns, Cleanup: 103000 ns, At safepoint: 6458 ns, Total: 112292 ns
[2025-09-03T08:19:15.566+0000][176][info ][gc,start    ] GC(4) Pause Young (Prepare Mixed) (G1 Evacuation Pause)
[2025-09-03T08:19:15.566+0000][176][info ][gc,task     ] GC(4) Using 8 workers of 8 for evacuation
[2025-09-03T08:19:15.566+0000][176][debug][gc,age      ] GC(4) Desired survivor size 20971520 bytes, new threshold 15 (max threshold 15)
[2025-09-03T08:19:15.571+0000][176][info ][gc,phases   ] GC(4)   Pre Evacuate Collection Set: 0.11ms
[2025-09-03T08:19:15.571+0000][176][info ][gc,phases   ] GC(4)   Merge Heap Roots: 0.04ms
[2025-09-03T08:19:15.571+0000][176][info ][gc,phases   ] GC(4)   Evacuate Collection Set: 3.94ms
[2025-09-03T08:19:15.571+0000][176][info ][gc,phases   ] GC(4)   Post Evacuate Collection Set: 0.74ms
[2025-09-03T08:19:15.571+0000][176][info ][gc,phases   ] GC(4)   Other: 0.17ms
[2025-09-03T08:19:15.571+0000][176][trace][gc,age      ] GC(4) Age table with threshold 15 (max threshold 15)
[2025-09-03T08:19:15.571+0000][176][trace][gc,age      ] GC(4) - age   1:    7759224 bytes,    7759224 total
[2025-09-03T08:19:15.571+0000][176][trace][gc,age      ] GC(4) - age   2:     421280 bytes,    8180504 total
[2025-09-03T08:19:15.571+0000][176][trace][gc,age      ] GC(4) - age   3:    4030488 bytes,   12210992 total
[2025-09-03T08:19:15.571+0000][176][trace][gc,age      ] GC(4) - age   4:    4587352 bytes,   16798344 total
[2025-09-03T08:19:15.571+0000][176][info ][gc,heap     ] GC(4) Eden regions: 76->0(148)
[2025-09-03T08:19:15.571+0000][176][info ][gc,heap     ] GC(4) Survivor regions: 3->5(10)
[2025-09-03T08:19:15.571+0000][176][info ][gc,heap     ] GC(4) Old regions: 1->1
[2025-09-03T08:19:15.571+0000][176][info ][gc,heap     ] GC(4) Humongous regions: 0->0
[2025-09-03T08:19:15.572+0000][176][info ][gc,metaspace] GC(4) Metaspace: 28921K(29760K)->28921K(29760K) NonClass: 25576K(26048K)->25576K(26048K) Class: 3344K(3712K)->3344K(3712K)
[2025-09-03T08:19:15.572+0000][176][info ][gc          ] GC(4) Pause Young (Prepare Mixed) (G1 Evacuation Pause) 314M->18M(1024M) 5.871ms
[2025-09-03T08:19:15.572+0000][176][info ][gc,cpu      ] GC(4) User=0.03s Sys=0.00s Real=0.01s
[2025-09-03T08:19:15.572+0000][176][info ][safepoint   ] Safepoint "G1CollectForAllocation", Time since last: 14076250 ns, Reaching safepoint: 2333 ns, Cleanup: 27167 ns, At safepoint: 5985708 ns, Total: 6015208 ns
[2025-09-03T08:19:15.672+0000][176][info ][safepoint   ] Safepoint "ICBufferFull", Time since last: 99784750 ns, Reaching safepoint: 3209 ns, Cleanup: 81500 ns, At safepoint: 4666 ns, Total: 89375 ns
[2025-09-03T08:19:15.745+0000][176][info ][safepoint   ] Safepoint "ICBufferFull", Time since last: 73531875 ns, Reaching safepoint: 2667 ns, Cleanup: 75958 ns, At safepoint: 4292 ns, Total: 82917 ns
[2025-09-03T08:19:15.969+0000][176][info ][safepoint   ] Safepoint "ICBufferFull", Time since last: 223723250 ns, Reaching safepoint: 2584 ns, Cleanup: 140583 ns, At safepoint: 6458 ns, Total: 149625 ns
[2025-09-03T08:19:16.040+0000][176][info ][safepoint   ] Safepoint "ICBufferFull", Time since last: 69926792 ns, Reaching safepoint: 1319375 ns, Cleanup: 121500 ns, At safepoint: 9500 ns, Total: 1450375 ns
[2025-09-03T08:19:16.089+0000][176][info ][gc,start    ] GC(5) Pause Young (Mixed) (Metadata GC Threshold)
[2025-09-03T08:19:16.089+0000][176][info ][gc,task     ] GC(5) Using 8 workers of 8 for evacuation
[2025-09-03T08:19:16.089+0000][176][debug][gc,age      ] GC(5) Desired survivor size 41943040 bytes, new threshold 15 (max threshold 15)
[2025-09-03T08:19:16.096+0000][176][info ][gc,phases   ] GC(5)   Pre Evacuate Collection Set: 0.13ms
[2025-09-03T08:19:16.096+0000][176][info ][gc,phases   ] GC(5)   Merge Heap Roots: 0.07ms
[2025-09-03T08:19:16.096+0000][176][info ][gc,phases   ] GC(5)   Evacuate Collection Set: 6.21ms
[2025-09-03T08:19:16.096+0000][176][info ][gc,phases   ] GC(5)   Post Evacuate Collection Set: 0.92ms
[2025-09-03T08:19:16.097+0000][176][info ][gc,phases   ] GC(5)   Other: 0.15ms
[2025-09-03T08:19:16.097+0000][176][trace][gc,age      ] GC(5) Age table with threshold 15 (max threshold 15)
[2025-09-03T08:19:16.097+0000][176][trace][gc,age      ] GC(5) - age   1:    8449896 bytes,    8449896 total
[2025-09-03T08:19:16.097+0000][176][trace][gc,age      ] GC(5) - age   2:    5713336 bytes,   14163232 total
[2025-09-03T08:19:16.097+0000][176][trace][gc,age      ] GC(5) - age   3:     421160 bytes,   14584392 total
[2025-09-03T08:19:16.097+0000][176][trace][gc,age      ] GC(5) - age   4:    4028984 bytes,   18613376 total
[2025-09-03T08:19:16.097+0000][176][trace][gc,age      ] GC(5) - age   5:    4587288 bytes,   23200664 total
[2025-09-03T08:19:16.097+0000][176][info ][gc,heap     ] GC(5) Eden regions: 136->0(146)
[2025-09-03T08:19:16.097+0000][176][info ][gc,heap     ] GC(5) Survivor regions: 5->7(20)
[2025-09-03T08:19:16.097+0000][176][info ][gc,heap     ] GC(5) Old regions: 1->1
[2025-09-03T08:19:16.097+0000][176][info ][gc,heap     ] GC(5) Humongous regions: 0->0
[2025-09-03T08:19:16.097+0000][176][info ][gc,metaspace] GC(5) Metaspace: 35440K(36288K)->35440K(36288K) NonClass: 31330K(31808K)->31330K(31808K) Class: 4109K(4480K)->4109K(4480K)
[2025-09-03T08:19:16.097+0000][176][info ][gc          ] GC(5) Pause Young (Mixed) (Metadata GC Threshold) 562M->25M(1024M) 8.617ms
[2025-09-03T08:19:16.097+0000][176][info ][gc,cpu      ] GC(5) User=0.03s Sys=0.00s Real=0.01s
[2025-09-03T08:19:16.097+0000][176][info ][safepoint   ] Safepoint "CollectForMetadataAllocation", Time since last: 48207583 ns, Reaching safepoint: 2667 ns, Cleanup: 20500 ns, At safepoint: 8823917 ns, Total: 8847084 ns
[2025-09-03T08:19:16.105+0000][176][info ][gc,start    ] GC(6) Pause Young (Concurrent Start) (Metadata GC Threshold)
[2025-09-03T08:19:16.105+0000][176][info ][gc,task     ] GC(6) Using 8 workers of 8 for evacuation
[2025-09-03T08:19:16.105+0000][176][debug][gc,age      ] GC(6) Desired survivor size 41943040 bytes, new threshold 15 (max threshold 15)
[2025-09-03T08:19:16.112+0000][176][info ][gc,phases   ] GC(6)   Pre Evacuate Collection Set: 0.10ms
[2025-09-03T08:19:16.112+0000][176][info ][gc,phases   ] GC(6)   Merge Heap Roots: 0.05ms
[2025-09-03T08:19:16.112+0000][176][info ][gc,phases   ] GC(6)   Evacuate Collection Set: 5.19ms
[2025-09-03T08:19:16.112+0000][176][info ][gc,phases   ] GC(6)   Post Evacuate Collection Set: 1.06ms
[2025-09-03T08:19:16.112+0000][176][info ][gc,phases   ] GC(6)   Other: 0.18ms
[2025-09-03T08:19:16.112+0000][176][trace][gc,age      ] GC(6) Age table with threshold 15 (max threshold 15)
[2025-09-03T08:19:16.112+0000][176][trace][gc,age      ] GC(6) - age   1:      40992 bytes,      40992 total
[2025-09-03T08:19:16.112+0000][176][trace][gc,age      ] GC(6) - age   2:    8415776 bytes,    8456768 total
[2025-09-03T08:19:16.112+0000][176][trace][gc,age      ] GC(6) - age   3:    5713304 bytes,   14170072 total
[2025-09-03T08:19:16.112+0000][176][trace][gc,age      ] GC(6) - age   4:     421160 bytes,   14591232 total
[2025-09-03T08:19:16.112+0000][176][trace][gc,age      ] GC(6) - age   5:    4028136 bytes,   18619368 total
[2025-09-03T08:19:16.112+0000][176][trace][gc,age      ] GC(6) - age   6:    4587192 bytes,   23206560 total
[2025-09-03T08:19:16.112+0000][176][info ][gc,heap     ] GC(6) Eden regions: 1->0(146)
[2025-09-03T08:19:16.113+0000][176][info ][gc,heap     ] GC(6) Survivor regions: 7->7(20)
[2025-09-03T08:19:16.113+0000][176][info ][gc,heap     ] GC(6) Old regions: 1->1
[2025-09-03T08:19:16.113+0000][176][info ][gc,heap     ] GC(6) Humongous regions: 0->0
[2025-09-03T08:19:16.113+0000][176][info ][gc,metaspace] GC(6) Metaspace: 35678K(36608K)->35678K(36608K) NonClass: 31540K(32064K)->31540K(32064K) Class: 4138K(4544K)->4138K(4544K)
[2025-09-03T08:19:16.113+0000][176][info ][gc          ] GC(6) Pause Young (Concurrent Start) (Metadata GC Threshold) 29M->25M(1024M) 7.560ms
[2025-09-03T08:19:16.113+0000][176][info ][gc,cpu      ] GC(6) User=0.04s Sys=0.00s Real=0.01s
[2025-09-03T08:19:16.113+0000][176][info ][gc          ] GC(7) Concurrent Mark Cycle
[2025-09-03T08:19:16.113+0000][176][info ][gc,marking  ] GC(7) Concurrent Scan Root Regions
[2025-09-03T08:19:16.113+0000][176][info ][safepoint   ] Safepoint "CollectForMetadataAllocation", Time since last: 7663291 ns, Reaching safepoint: 2292 ns, Cleanup: 4375 ns, At safepoint: 7747917 ns, Total: 7754584 ns
[2025-09-03T08:19:16.116+0000][176][info ][gc,marking  ] GC(7) Concurrent Scan Root Regions 2.779ms
[2025-09-03T08:19:16.116+0000][176][info ][gc,marking  ] GC(7) Concurrent Mark
[2025-09-03T08:19:16.116+0000][176][info ][gc,marking  ] GC(7) Concurrent Mark From Roots
[2025-09-03T08:19:16.120+0000][176][info ][gc,task     ] GC(7) Using 2 workers of 2 for marking
[2025-09-03T08:19:16.121+0000][176][info ][gc,marking  ] GC(7) Concurrent Mark From Roots 4.384ms
[2025-09-03T08:19:16.121+0000][176][info ][gc,marking  ] GC(7) Concurrent Preclean
[2025-09-03T08:19:16.121+0000][176][info ][gc,marking  ] GC(7) Concurrent Preclean 0.098ms
[2025-09-03T08:19:16.122+0000][176][info ][gc,start    ] GC(7) Pause Remark
[2025-09-03T08:19:16.124+0000][176][info ][gc          ] GC(7) Pause Remark 29M->29M(1024M) 1.972ms
[2025-09-03T08:19:16.124+0000][176][info ][gc,cpu      ] GC(7) User=0.01s Sys=0.00s Real=0.00s
[2025-09-03T08:19:16.125+0000][176][info ][safepoint   ] Safepoint "G1PauseRemark", Time since last: 8326500 ns, Reaching safepoint: 991666 ns, Cleanup: 9625 ns, At safepoint: 2278334 ns, Total: 3279625 ns
[2025-09-03T08:19:16.126+0000][176][info ][gc,marking  ] GC(7) Concurrent Mark 9.512ms
[2025-09-03T08:19:16.129+0000][176][info ][gc,marking  ] GC(7) Concurrent Rebuild Remembered Sets and Scrub Regions
[2025-09-03T08:19:16.130+0000][176][info ][gc,marking  ] GC(7) Concurrent Rebuild Remembered Sets and Scrub Regions 0.826ms
[2025-09-03T08:19:16.131+0000][176][info ][gc,start    ] GC(7) Pause Cleanup
[2025-09-03T08:19:16.131+0000][176][info ][gc          ] GC(7) Pause Cleanup 35M->35M(1024M) 0.329ms
[2025-09-03T08:19:16.131+0000][176][info ][gc,cpu      ] GC(7) User=0.00s Sys=0.00s Real=0.00s
[2025-09-03T08:19:16.132+0000][176][info ][safepoint   ] Safepoint "G1PauseCleanup", Time since last: 5550875 ns, Reaching safepoint: 1032958 ns, Cleanup: 7250 ns, At safepoint: 433875 ns, Total: 1474083 ns
[2025-09-03T08:19:16.135+0000][176][info ][gc,marking  ] GC(7) Concurrent Clear Claimed Marks
[2025-09-03T08:19:16.138+0000][176][info ][gc,marking  ] GC(7) Concurrent Clear Claimed Marks 3.593ms
[2025-09-03T08:19:16.138+0000][176][info ][gc,marking  ] GC(7) Concurrent Cleanup for Next Mark
[2025-09-03T08:19:16.139+0000][176][info ][gc,marking  ] GC(7) Concurrent Cleanup for Next Mark 0.484ms
[2025-09-03T08:19:16.139+0000][176][info ][gc          ] GC(7) Concurrent Mark Cycle 26.196ms
[2025-09-03T08:19:16.417+0000][176][info ][safepoint   ] Safepoint "ICBufferFull", Time since last: 285098500 ns, Reaching safepoint: 2875 ns, Cleanup: 84500 ns, At safepoint: 7917 ns, Total: 95292 ns
[2025-09-03T08:19:16.541+0000][176][info ][gc,start    ] GC(8) Pause Young (Normal) (G1 Evacuation Pause)
[2025-09-03T08:19:16.541+0000][176][info ][gc,task     ] GC(8) Using 8 workers of 8 for evacuation
[2025-09-03T08:19:16.541+0000][176][debug][gc,age      ] GC(8) Desired survivor size 41943040 bytes, new threshold 15 (max threshold 15)
[2025-09-03T08:19:16.548+0000][176][info ][gc,phases   ] GC(8)   Pre Evacuate Collection Set: 0.11ms
[2025-09-03T08:19:16.548+0000][176][info ][gc,phases   ] GC(8)   Merge Heap Roots: 0.08ms
[2025-09-03T08:19:16.548+0000][176][info ][gc,phases   ] GC(8)   Evacuate Collection Set: 5.35ms
[2025-09-03T08:19:16.548+0000][176][info ][gc,phases   ] GC(8)   Post Evacuate Collection Set: 0.97ms
[2025-09-03T08:19:16.548+0000][176][info ][gc,phases   ] GC(8)   Other: 0.18ms
[2025-09-03T08:19:16.548+0000][176][trace][gc,age      ] GC(8) Age table with threshold 15 (max threshold 15)
[2025-09-03T08:19:16.548+0000][176][trace][gc,age      ] GC(8) - age   1:   10097336 bytes,   10097336 total
[2025-09-03T08:19:16.548+0000][176][trace][gc,age      ] GC(8) - age   2:      39232 bytes,   10136568 total
[2025-09-03T08:19:16.548+0000][176][trace][gc,age      ] GC(8) - age   3:    8405616 bytes,   18542184 total
[2025-09-03T08:19:16.548+0000][176][trace][gc,age      ] GC(8) - age   4:    5705488 bytes,   24247672 total
[2025-09-03T08:19:16.548+0000][176][trace][gc,age      ] GC(8) - age   5:     401176 bytes,   24648848 total
[2025-09-03T08:19:16.548+0000][176][trace][gc,age      ] GC(8) - age   6:    4021136 bytes,   28669984 total
[2025-09-03T08:19:16.548+0000][176][trace][gc,age      ] GC(8) - age   7:    4580472 bytes,   33250456 total
[2025-09-03T08:19:16.548+0000][176][info ][gc,heap     ] GC(8) Eden regions: 146->0(144)
[2025-09-03T08:19:16.548+0000][176][info ][gc,heap     ] GC(8) Survivor regions: 7->9(20)
[2025-09-03T08:19:16.548+0000][176][info ][gc,heap     ] GC(8) Old regions: 1->1
[2025-09-03T08:19:16.548+0000][176][info ][gc,heap     ] GC(8) Humongous regions: 0->0
[2025-09-03T08:19:16.548+0000][176][info ][gc,metaspace] GC(8) Metaspace: 38261K(39360K)->38261K(39360K) NonClass: 33769K(34432K)->33769K(34432K) Class: 4491K(4928K)->4491K(4928K)
[2025-09-03T08:19:16.549+0000][176][info ][gc          ] GC(8) Pause Young (Normal) (G1 Evacuation Pause) 609M->35M(1024M) 7.803ms
[2025-09-03T08:19:16.549+0000][176][info ][gc,cpu      ] GC(8) User=0.03s Sys=0.01s Real=0.01s
[2025-09-03T08:19:16.549+0000][176][info ][safepoint   ] Safepoint "G1CollectForAllocation", Time since last: 123959625 ns, Reaching safepoint: 3167 ns, Cleanup: 51666 ns, At safepoint: 7917417 ns, Total: 7972250 ns
[2025-09-03T08:19:16.713+0000][176][info ][safepoint   ] Safepoint "ICBufferFull", Time since last: 164453667 ns, Reaching safepoint: 2166 ns, Cleanup: 75667 ns, At safepoint: 4917 ns, Total: 82750 ns
[2025-09-03T08:19:16.787+0000][176][info ][safepoint   ] Safepoint "ICBufferFull", Time since last: 73416666 ns, Reaching safepoint: 2834 ns, Cleanup: 82125 ns, At safepoint: 7250 ns, Total: 92209 ns
[2025-09-03T08:19:16.904+0000][176][info ][safepoint   ] Safepoint "ICBufferFull", Time since last: 117643375 ns, Reaching safepoint: 3041 ns, Cleanup: 77875 ns, At safepoint: 7500 ns, Total: 88416 ns
[2025-09-03T08:19:17.188+0000][176][info ][safepoint   ] Safepoint "ICBufferFull", Time since last: 283194417 ns, Reaching safepoint: 2584 ns, Cleanup: 90208 ns, At safepoint: 7958 ns, Total: 100750 ns
[2025-09-03T08:19:17.235+0000][176][info ][safepoint   ] Safepoint "ICBufferFull", Time since last: 47384209 ns, Reaching safepoint: 3166 ns, Cleanup: 75167 ns, At safepoint: 4958 ns, Total: 83291 ns
[2025-09-03T08:19:17.644+0000][176][info ][safepoint   ] Safepoint "ICBufferFull", Time since last: 408256334 ns, Reaching safepoint: 2708 ns, Cleanup: 63875 ns, At safepoint: 8958 ns, Total: 75541 ns
[2025-09-03T08:19:17.857+0000][176][info ][gc,start    ] GC(9) Pause Young (Concurrent Start) (Metadata GC Threshold)
[2025-09-03T08:19:17.857+0000][176][info ][gc,task     ] GC(9) Using 8 workers of 8 for evacuation
[2025-09-03T08:19:17.857+0000][176][debug][gc,age      ] GC(9) Desired survivor size 41943040 bytes, new threshold 15 (max threshold 15)
[2025-09-03T08:19:17.867+0000][176][info ][gc,phases   ] GC(9)   Pre Evacuate Collection Set: 0.12ms
[2025-09-03T08:19:17.867+0000][176][info ][gc,phases   ] GC(9)   Merge Heap Roots: 0.11ms
[2025-09-03T08:19:17.867+0000][176][info ][gc,phases   ] GC(9)   Evacuate Collection Set: 8.18ms
[2025-09-03T08:19:17.867+0000][176][info ][gc,phases   ] GC(9)   Post Evacuate Collection Set: 1.53ms
[2025-09-03T08:19:17.867+0000][176][info ][gc,phases   ] GC(9)   Other: 0.29ms
[2025-09-03T08:19:17.867+0000][176][trace][gc,age      ] GC(9) Age table with threshold 15 (max threshold 15)
[2025-09-03T08:19:17.867+0000][176][trace][gc,age      ] GC(9) - age   1:   10311016 bytes,   10311016 total
[2025-09-03T08:19:17.867+0000][176][trace][gc,age      ] GC(9) - age   2:    8848808 bytes,   19159824 total
[2025-09-03T08:19:17.867+0000][176][trace][gc,age      ] GC(9) - age   3:      37808 bytes,   19197632 total
[2025-09-03T08:19:17.867+0000][176][trace][gc,age      ] GC(9) - age   4:    8363464 bytes,   27561096 total
[2025-09-03T08:19:17.867+0000][176][trace][gc,age      ] GC(9) - age   5:    5521640 bytes,   33082736 total
[2025-09-03T08:19:17.867+0000][176][trace][gc,age      ] GC(9) - age   6:     397616 bytes,   33480352 total
[2025-09-03T08:19:17.868+0000][176][trace][gc,age      ] GC(9) - age   7:    3983544 bytes,   37463896 total
[2025-09-03T08:19:17.868+0000][176][trace][gc,age      ] GC(9) - age   8:    4571416 bytes,   42035312 total
[2025-09-03T08:19:17.868+0000][176][info ][gc,heap     ] GC(9) Eden regions: 136->0(142)
[2025-09-03T08:19:17.868+0000][176][info ][gc,heap     ] GC(9) Survivor regions: 9->11(20)
[2025-09-03T08:19:17.868+0000][176][info ][gc,heap     ] GC(9) Old regions: 1->1
[2025-09-03T08:19:17.868+0000][176][info ][gc,heap     ] GC(9) Humongous regions: 0->0
[2025-09-03T08:19:17.868+0000][176][info ][gc,metaspace] GC(9) Metaspace: 59776K(61248K)->59776K(61248K) NonClass: 52227K(53120K)->52227K(53120K) Class: 7548K(8128K)->7548K(8128K)
[2025-09-03T08:19:17.868+0000][176][info ][gc          ] GC(9) Pause Young (Concurrent Start) (Metadata GC Threshold) 577M->44M(1024M) 11.103ms
[2025-09-03T08:19:17.868+0000][176][info ][gc,cpu      ] GC(9) User=0.06s Sys=0.00s Real=0.01s
[2025-09-03T08:19:17.868+0000][176][info ][gc          ] GC(10) Concurrent Mark Cycle
[2025-09-03T08:19:17.868+0000][176][info ][gc,marking  ] GC(10) Concurrent Scan Root Regions
[2025-09-03T08:19:17.868+0000][176][info ][safepoint   ] Safepoint "CollectForMetadataAllocation", Time since last: 213036709 ns, Reaching safepoint: 3125 ns, Cleanup: 59125 ns, At safepoint: 11321333 ns, Total: 11383583 ns
[2025-09-03T08:19:17.873+0000][176][info ][gc,marking  ] GC(10) Concurrent Scan Root Regions 5.052ms
[2025-09-03T08:19:17.873+0000][176][info ][gc,marking  ] GC(10) Concurrent Mark
[2025-09-03T08:19:17.873+0000][176][info ][gc,marking  ] GC(10) Concurrent Mark From Roots
[2025-09-03T08:19:17.873+0000][176][info ][gc,task     ] GC(10) Using 2 workers of 2 for marking
[2025-09-03T08:19:17.875+0000][176][info ][gc,marking  ] GC(10) Concurrent Mark From Roots 1.688ms
[2025-09-03T08:19:17.875+0000][176][info ][gc,marking  ] GC(10) Concurrent Preclean
[2025-09-03T08:19:17.875+0000][176][info ][gc,marking  ] GC(10) Concurrent Preclean 0.085ms
[2025-09-03T08:19:17.876+0000][176][info ][gc,start    ] GC(10) Pause Remark
[2025-09-03T08:19:17.881+0000][176][info ][gc          ] GC(10) Pause Remark 48M->48M(1024M) 4.158ms
[2025-09-03T08:19:17.881+0000][176][info ][gc,cpu      ] GC(10) User=0.02s Sys=0.00s Real=0.00s
[2025-09-03T08:19:17.881+0000][176][info ][safepoint   ] Safepoint "G1PauseRemark", Time since last: 7276083 ns, Reaching safepoint: 1125084 ns, Cleanup: 3333 ns, At safepoint: 4273250 ns, Total: 5401667 ns
[2025-09-03T08:19:17.881+0000][176][info ][gc,marking  ] GC(10) Concurrent Mark 7.578ms
[2025-09-03T08:19:17.881+0000][176][info ][gc,marking  ] GC(10) Concurrent Rebuild Remembered Sets and Scrub Regions
[2025-09-03T08:19:17.883+0000][176][info ][gc,marking  ] GC(10) Concurrent Rebuild Remembered Sets and Scrub Regions 1.935ms
[2025-09-03T08:19:17.884+0000][176][info ][gc,start    ] GC(10) Pause Cleanup
[2025-09-03T08:19:17.884+0000][176][info ][gc          ] GC(10) Pause Cleanup 50M->50M(1024M) 0.130ms
[2025-09-03T08:19:17.884+0000][176][info ][gc,cpu      ] GC(10) User=0.00s Sys=0.00s Real=0.00s
[2025-09-03T08:19:17.884+0000][176][info ][safepoint   ] Safepoint "G1PauseCleanup", Time since last: 3027500 ns, Reaching safepoint: 388834 ns, Cleanup: 10083 ns, At safepoint: 230417 ns, Total: 629334 ns
[2025-09-03T08:19:17.884+0000][176][info ][gc,marking  ] GC(10) Concurrent Clear Claimed Marks
[2025-09-03T08:19:17.885+0000][176][info ][gc,marking  ] GC(10) Concurrent Clear Claimed Marks 0.179ms
[2025-09-03T08:19:17.885+0000][176][info ][gc,marking  ] GC(10) Concurrent Cleanup for Next Mark
[2025-09-03T08:19:17.885+0000][176][info ][gc,marking  ] GC(10) Concurrent Cleanup for Next Mark 0.513ms
[2025-09-03T08:19:17.885+0000][176][info ][gc          ] GC(10) Concurrent Mark Cycle 17.470ms
[2025-09-03T08:19:18.267+0000][176][info ][safepoint   ] Safepoint "ICBufferFull", Time since last: 382310958 ns, Reaching safepoint: 3125 ns, Cleanup: 100375 ns, At safepoint: 5542 ns, Total: 109042 ns
[2025-09-03T08:19:18.345+0000][176][info ][safepoint   ] Safepoint "ICBufferFull", Time since last: 78148041 ns, Reaching safepoint: 3084 ns, Cleanup: 87958 ns, At safepoint: 7750 ns, Total: 98792 ns
[2025-09-03T08:19:18.836+0000][176][info ][safepoint   ] Safepoint "ICBufferFull", Time since last: 490978375 ns, Reaching safepoint: 3000 ns, Cleanup: 108042 ns, At safepoint: 5250 ns, Total: 116292 ns
[2025-09-03T08:19:18.975+0000][176][info ][safepoint   ] Safepoint "ICBufferFull", Time since last: 138698958 ns, Reaching safepoint: 3375 ns, Cleanup: 90500 ns, At safepoint: 5292 ns, Total: 99167 ns
[2025-09-03T08:19:19.316+0000][176][info ][gc,start    ] GC(11) Pause Young (Normal) (G1 Evacuation Pause)
[2025-09-03T08:19:19.316+0000][176][info ][gc,task     ] GC(11) Using 8 workers of 8 for evacuation
[2025-09-03T08:19:19.316+0000][176][debug][gc,age      ] GC(11) Desired survivor size 41943040 bytes, new threshold 8 (max threshold 15)
[2025-09-03T08:19:19.338+0000][176][info ][gc,phases   ] GC(11)   Pre Evacuate Collection Set: 0.12ms
[2025-09-03T08:19:19.338+0000][176][info ][gc,phases   ] GC(11)   Merge Heap Roots: 0.06ms
[2025-09-03T08:19:19.338+0000][176][info ][gc,phases   ] GC(11)   Evacuate Collection Set: 19.65ms
[2025-09-03T08:19:19.339+0000][176][info ][gc,phases   ] GC(11)   Post Evacuate Collection Set: 2.12ms
[2025-09-03T08:19:19.339+0000][176][info ][gc,phases   ] GC(11)   Other: 0.13ms
[2025-09-03T08:19:19.339+0000][176][trace][gc,age      ] GC(11) Age table with threshold 8 (max threshold 15)
[2025-09-03T08:19:19.339+0000][176][trace][gc,age      ] GC(11) - age   1:   10849848 bytes,   10849848 total
[2025-09-03T08:19:19.339+0000][176][trace][gc,age      ] GC(11) - age   2:    9863640 bytes,   20713488 total
[2025-09-03T08:19:19.339+0000][176][trace][gc,age      ] GC(11) - age   3:    8799992 bytes,   29513480 total
[2025-09-03T08:19:19.339+0000][176][trace][gc,age      ] GC(11) - age   4:      37680 bytes,   29551160 total
[2025-09-03T08:19:19.339+0000][176][trace][gc,age      ] GC(11) - age   5:    8351448 bytes,   37902608 total
[2025-09-03T08:19:19.339+0000][176][trace][gc,age      ] GC(11) - age   6:    5498176 bytes,   43400784 total
[2025-09-03T08:19:19.339+0000][176][trace][gc,age      ] GC(11) - age   7:     395216 bytes,   43796000 total
[2025-09-03T08:19:19.339+0000][176][trace][gc,age      ] GC(11) - age   8:    3976152 bytes,   47772152 total
[2025-09-03T08:19:19.339+0000][176][info ][gc,heap     ] GC(11) Eden regions: 142->0(141)
[2025-09-03T08:19:19.339+0000][176][info ][gc,heap     ] GC(11) Survivor regions: 11->12(20)
[2025-09-03T08:19:19.339+0000][176][info ][gc,heap     ] GC(11) Old regions: 1->2
[2025-09-03T08:19:19.339+0000][176][info ][gc,heap     ] GC(11) Humongous regions: 0->0
[2025-09-03T08:19:19.339+0000][176][info ][gc,metaspace] GC(11) Metaspace: 75251K(77120K)->75251K(77120K) NonClass: 65163K(66304K)->65163K(66304K) Class: 10088K(10816K)->10088K(10816K)
[2025-09-03T08:19:19.339+0000][176][info ][gc          ] GC(11) Pause Young (Normal) (G1 Evacuation Pause) 612M->53M(1024M) 23.396ms
[2025-09-03T08:19:19.339+0000][176][info ][gc,cpu      ] GC(11) User=0.12s Sys=0.01s Real=0.02s
[2025-09-03T08:19:19.340+0000][176][info ][safepoint   ] Safepoint "G1CollectForAllocation", Time since last: 341072084 ns, Reaching safepoint: 3375 ns, Cleanup: 99333 ns, At safepoint: 23504625 ns, Total: 23607333 ns
[2025-09-03T08:19:19.555+0000][176][info ][safepoint   ] Safepoint "ICBufferFull", Time since last: 215265167 ns, Reaching safepoint: 3125 ns, Cleanup: 114333 ns, At safepoint: 3875 ns, Total: 121333 ns
[2025-09-03T08:19:19.720+0000][176][info ][safepoint   ] Safepoint "ICBufferFull", Time since last: 165204792 ns, Reaching safepoint: 2166 ns, Cleanup: 71584 ns, At safepoint: 4125 ns, Total: 77875 ns
[2025-09-03T08:19:20.108+0000][176][info ][safepoint   ] Safepoint "ICBufferFull", Time since last: 387363958 ns, Reaching safepoint: 3084 ns, Cleanup: 101791 ns, At safepoint: 6334 ns, Total: 111209 ns
[2025-09-03T08:19:20.416+0000][176][info ][safepoint   ] Safepoint "ICBufferFull", Time since last: 307896000 ns, Reaching safepoint: 3166 ns, Cleanup: 102084 ns, At safepoint: 8000 ns, Total: 113250 ns
[2025-09-03T08:19:20.696+0000][176][info ][gc,start    ] GC(12) Pause Young (Concurrent Start) (Metadata GC Threshold)
[2025-09-03T08:19:20.697+0000][176][info ][gc,task     ] GC(12) Using 8 workers of 8 for evacuation
[2025-09-03T08:19:20.697+0000][176][debug][gc,age      ] GC(12) Desired survivor size 41943040 bytes, new threshold 6 (max threshold 15)
[2025-09-03T08:19:20.720+0000][176][info ][gc,phases   ] GC(12)   Pre Evacuate Collection Set: 0.16ms
[2025-09-03T08:19:20.720+0000][176][info ][gc,phases   ] GC(12)   Merge Heap Roots: 0.13ms
[2025-09-03T08:19:20.720+0000][176][info ][gc,phases   ] GC(12)   Evacuate Collection Set: 19.89ms
[2025-09-03T08:19:20.720+0000][176][info ][gc,phases   ] GC(12)   Post Evacuate Collection Set: 3.35ms
[2025-09-03T08:19:20.720+0000][176][info ][gc,phases   ] GC(12)   Other: 0.21ms
[2025-09-03T08:19:20.720+0000][176][trace][gc,age      ] GC(12) Age table with threshold 6 (max threshold 15)
[2025-09-03T08:19:20.720+0000][176][trace][gc,age      ] GC(12) - age   1:    9705896 bytes,    9705896 total
[2025-09-03T08:19:20.721+0000][176][trace][gc,age      ] GC(12) - age   2:   10467664 bytes,   20173560 total
[2025-09-03T08:19:20.721+0000][176][trace][gc,age      ] GC(12) - age   3:    9698464 bytes,   29872024 total
[2025-09-03T08:19:20.721+0000][176][trace][gc,age      ] GC(12) - age   4:    8783744 bytes,   38655768 total
[2025-09-03T08:19:20.721+0000][176][trace][gc,age      ] GC(12) - age   5:      37456 bytes,   38693224 total
[2025-09-03T08:19:20.721+0000][176][trace][gc,age      ] GC(12) - age   6:    8326152 bytes,   47019376 total
[2025-09-03T08:19:20.721+0000][176][info ][gc,heap     ] GC(12) Eden regions: 84->0(140)
[2025-09-03T08:19:20.721+0000][176][info ][gc,heap     ] GC(12) Survivor regions: 12->13(20)
[2025-09-03T08:19:20.721+0000][176][info ][gc,heap     ] GC(12) Old regions: 2->4
[2025-09-03T08:19:20.721+0000][176][info ][gc,heap     ] GC(12) Humongous regions: 0->0
[2025-09-03T08:19:20.721+0000][176][info ][gc,metaspace] GC(12) Metaspace: 100334K(102400K)->100334K(102400K) NonClass: 86805K(88000K)->86805K(88000K) Class: 13529K(14400K)->13529K(14400K)
[2025-09-03T08:19:20.721+0000][176][info ][gc          ] GC(12) Pause Young (Concurrent Start) (Metadata GC Threshold) 389M->66M(1024M) 24.433ms
[2025-09-03T08:19:20.721+0000][176][info ][gc,cpu      ] GC(12) User=0.12s Sys=0.01s Real=0.02s
[2025-09-03T08:19:20.721+0000][176][info ][gc          ] GC(13) Concurrent Mark Cycle
[2025-09-03T08:19:20.721+0000][176][info ][gc,marking  ] GC(13) Concurrent Scan Root Regions
[2025-09-03T08:19:20.721+0000][176][info ][safepoint   ] Safepoint "CollectForMetadataAllocation", Time since last: 280645500 ns, Reaching safepoint: 3333 ns, Cleanup: 31209 ns, At safepoint: 24626750 ns, Total: 24661292 ns
[2025-09-03T08:19:20.736+0000][176][info ][gc,marking  ] GC(13) Concurrent Scan Root Regions 14.689ms
[2025-09-03T08:19:20.736+0000][176][info ][gc,marking  ] GC(13) Concurrent Mark
[2025-09-03T08:19:20.736+0000][176][info ][gc,marking  ] GC(13) Concurrent Mark From Roots
[2025-09-03T08:19:20.736+0000][176][info ][gc,task     ] GC(13) Using 2 workers of 2 for marking
[2025-09-03T08:19:20.738+0000][176][info ][gc,marking  ] GC(13) Concurrent Mark From Roots 2.461ms
[2025-09-03T08:19:20.739+0000][176][info ][gc,marking  ] GC(13) Concurrent Preclean
[2025-09-03T08:19:20.739+0000][176][info ][gc,marking  ] GC(13) Concurrent Preclean 0.123ms
[2025-09-03T08:19:20.739+0000][176][info ][gc,start    ] GC(13) Pause Remark
[2025-09-03T08:19:20.745+0000][176][info ][gc          ] GC(13) Pause Remark 71M->71M(1024M) 5.762ms
[2025-09-03T08:19:20.745+0000][176][info ][gc,cpu      ] GC(13) User=0.02s Sys=0.00s Real=0.00s
[2025-09-03T08:19:20.745+0000][176][info ][safepoint   ] Safepoint "G1PauseRemark", Time since last: 17756083 ns, Reaching safepoint: 361750 ns, Cleanup: 11167 ns, At safepoint: 5976416 ns, Total: 6349333 ns
[2025-09-03T08:19:20.745+0000][176][info ][gc,marking  ] GC(13) Concurrent Mark 9.291ms
[2025-09-03T08:19:20.745+0000][176][info ][gc,marking  ] GC(13) Concurrent Rebuild Remembered Sets and Scrub Regions
[2025-09-03T08:19:20.747+0000][176][info ][gc,marking  ] GC(13) Concurrent Rebuild Remembered Sets and Scrub Regions 1.443ms
[2025-09-03T08:19:20.747+0000][176][info ][gc,start    ] GC(13) Pause Cleanup
[2025-09-03T08:19:20.747+0000][176][info ][gc          ] GC(13) Pause Cleanup 72M->72M(1024M) 0.072ms
[2025-09-03T08:19:20.747+0000][176][info ][gc,cpu      ] GC(13) User=0.00s Sys=0.00s Real=0.00s
[2025-09-03T08:19:20.747+0000][176][info ][safepoint   ] Safepoint "G1PauseCleanup", Time since last: 1762667 ns, Reaching safepoint: 198750 ns, Cleanup: 9458 ns, At safepoint: 155917 ns, Total: 364125 ns
[2025-09-03T08:19:20.747+0000][176][info ][gc,marking  ] GC(13) Concurrent Clear Claimed Marks
[2025-09-03T08:19:20.748+0000][176][info ][gc,marking  ] GC(13) Concurrent Clear Claimed Marks 0.248ms
[2025-09-03T08:19:20.748+0000][176][info ][gc,marking  ] GC(13) Concurrent Cleanup for Next Mark
[2025-09-03T08:19:20.749+0000][176][info ][gc,marking  ] GC(13) Concurrent Cleanup for Next Mark 1.755ms
[2025-09-03T08:19:20.749+0000][176][info ][gc          ] GC(13) Concurrent Mark Cycle 28.597ms
[2025-09-03T08:19:20.967+0000][176][info ][safepoint   ] Safepoint "ICBufferFull", Time since last: 219935000 ns, Reaching safepoint: 3000 ns, Cleanup: 75167 ns, At safepoint: 8291 ns, Total: 86458 ns
[2025-09-03T08:19:21.247+0000][176][info ][safepoint   ] Safepoint "ICBufferFull", Time since last: 279337292 ns, Reaching safepoint: 2792 ns, Cleanup: 97291 ns, At safepoint: 8584 ns, Total: 108667 ns
[2025-09-03T08:19:21.565+0000][176][info ][safepoint   ] Safepoint "ICBufferFull", Time since last: 317825333 ns, Reaching safepoint: 3000 ns, Cleanup: 81750 ns, At safepoint: 7959 ns, Total: 92709 ns
[2025-09-03T08:19:21.760+0000][176][info ][safepoint   ] Safepoint "ICBufferFull", Time since last: 194988791 ns, Reaching safepoint: 3750 ns, Cleanup: 70334 ns, At safepoint: 4666 ns, Total: 78750 ns
[2025-09-03T08:19:21.835+0000][176][info ][safepoint   ] Safepoint "ICBufferFull", Time since last: 74843834 ns, Reaching safepoint: 3791 ns, Cleanup: 94209 ns, At safepoint: 10208 ns, Total: 108208 ns
[2025-09-03T08:19:21.928+0000][176][info ][safepoint   ] Safepoint "ICBufferFull", Time since last: 92966250 ns, Reaching safepoint: 6542 ns, Cleanup: 168166 ns, At safepoint: 19334 ns, Total: 194042 ns
[2025-09-03T08:19:21.988+0000][176][info ][safepoint   ] Safepoint "ICBufferFull", Time since last: 59766833 ns, Reaching safepoint: 586292 ns, Cleanup: 123416 ns, At safepoint: 15292 ns, Total: 725000 ns
[2025-09-03T08:19:22.032+0000][176][info ][safepoint   ] Safepoint "ICBufferFull", Time since last: 43292458 ns, Reaching safepoint: 3542 ns, Cleanup: 82500 ns, At safepoint: 9750 ns, Total: 95792 ns
[2025-09-03T08:19:22.090+0000][176][info ][safepoint   ] Safepoint "ICBufferFull", Time since last: 58262417 ns, Reaching safepoint: 141333 ns, Cleanup: 114167 ns, At safepoint: 23625 ns, Total: 279125 ns
[2025-09-03T08:19:22.174+0000][176][info ][safepoint   ] Safepoint "ICBufferFull", Time since last: 83759917 ns, Reaching safepoint: 4500 ns, Cleanup: 164041 ns, At safepoint: 7167 ns, Total: 175708 ns
[2025-09-03T08:19:22.295+0000][176][info ][safepoint   ] Safepoint "ICBufferFull", Time since last: 120336917 ns, Reaching safepoint: 892583 ns, Cleanup: 120125 ns, At safepoint: 12667 ns, Total: 1025375 ns
[2025-09-03T08:19:22.487+0000][176][info ][safepoint   ] Safepoint "ICBufferFull", Time since last: 191747750 ns, Reaching safepoint: 4833 ns, Cleanup: 101542 ns, At safepoint: 12083 ns, Total: 118458 ns
[2025-09-03T08:19:22.687+0000][176][info ][safepoint   ] Safepoint "ICBufferFull", Time since last: 199264000 ns, Reaching safepoint: 3625 ns, Cleanup: 73500 ns, At safepoint: 6667 ns, Total: 83792 ns
[2025-09-03T08:19:22.730+0000][176][info ][safepoint   ] Safepoint "ICBufferFull", Time since last: 43084708 ns, Reaching safepoint: 246125 ns, Cleanup: 116458 ns, At safepoint: 15750 ns, Total: 378333 ns
[2025-09-03T08:19:22.864+0000][176][info ][safepoint   ] Safepoint "ICBufferFull", Time since last: 133095626 ns, Reaching safepoint: 5083 ns, Cleanup: 403792 ns, At safepoint: 8583 ns, Total: 417458 ns
[2025-09-03T08:19:23.057+0000][176][info ][safepoint   ] Safepoint "ICBufferFull", Time since last: 193210917 ns, Reaching safepoint: 7541 ns, Cleanup: 167209 ns, At safepoint: 14875 ns, Total: 189625 ns
[2025-09-03T08:19:23.189+0000][176][info ][safepoint   ] Safepoint "ICBufferFull", Time since last: 132068541 ns, Reaching safepoint: 5417 ns, Cleanup: 107167 ns, At safepoint: 12000 ns, Total: 124584 ns
[2025-09-03T08:19:23.265+0000][176][info ][safepoint   ] Safepoint "ICBufferFull", Time since last: 74814583 ns, Reaching safepoint: 1146750 ns, Cleanup: 205708 ns, At safepoint: 28167 ns, Total: 1380625 ns
[2025-09-03T08:19:23.433+0000][176][info ][safepoint   ] Safepoint "ICBufferFull", Time since last: 167031458 ns, Reaching safepoint: 565792 ns, Cleanup: 69917 ns, At safepoint: 158625 ns, Total: 794334 ns
[2025-09-03T08:19:23.572+0000][176][info ][safepoint   ] Safepoint "ICBufferFull", Time since last: 138024417 ns, Reaching safepoint: 20625 ns, Cleanup: 225583 ns, At safepoint: 20625 ns, Total: 266833 ns
[2025-09-03T08:19:23.739+0000][176][info ][gc,start    ] GC(14) Pause Young (Normal) (G1 Evacuation Pause)
[2025-09-03T08:19:23.739+0000][176][info ][gc,task     ] GC(14) Using 8 workers of 8 for evacuation
[2025-09-03T08:19:23.740+0000][176][debug][gc,age      ] GC(14) Desired survivor size 41943040 bytes, new threshold 6 (max threshold 15)
[2025-09-03T08:19:23.792+0000][176][info ][gc,phases   ] GC(14)   Pre Evacuate Collection Set: 0.22ms
[2025-09-03T08:19:23.793+0000][176][info ][gc,phases   ] GC(14)   Merge Heap Roots: 0.19ms
[2025-09-03T08:19:23.793+0000][176][info ][gc,phases   ] GC(14)   Evacuate Collection Set: 48.97ms
[2025-09-03T08:19:23.793+0000][176][info ][gc,phases   ] GC(14)   Post Evacuate Collection Set: 3.38ms
[2025-09-03T08:19:23.793+0000][176][info ][gc,phases   ] GC(14)   Other: 0.15ms
[2025-09-03T08:19:23.793+0000][176][trace][gc,age      ] GC(14) Age table with threshold 6 (max threshold 15)
[2025-09-03T08:19:23.793+0000][176][trace][gc,age      ] GC(14) - age   1:   44920440 bytes,   44920440 total
[2025-09-03T08:19:23.793+0000][176][trace][gc,age      ] GC(14) - age   2:    8823704 bytes,   53744144 total
[2025-09-03T08:19:23.793+0000][176][trace][gc,age      ] GC(14) - age   3:   10233648 bytes,   63977792 total
[2025-09-03T08:19:23.793+0000][176][trace][gc,age      ] GC(14) - age   4:    9062608 bytes,   73040400 total
[2025-09-03T08:19:23.793+0000][176][trace][gc,age      ] GC(14) - age   5:    8734536 bytes,   81774936 total
[2025-09-03T08:19:23.793+0000][176][trace][gc,age      ] GC(14) - age   6:      37456 bytes,   81812392 total
[2025-09-03T08:19:23.793+0000][176][info ][gc,heap     ] GC(14) Eden regions: 140->0(133)
[2025-09-03T08:19:23.793+0000][176][info ][gc,heap     ] GC(14) Survivor regions: 13->20(20)
[2025-09-03T08:19:23.793+0000][176][info ][gc,heap     ] GC(14) Old regions: 4->8
[2025-09-03T08:19:23.793+0000][176][info ][gc,heap     ] GC(14) Humongous regions: 0->0
[2025-09-03T08:19:23.793+0000][176][info ][gc,metaspace] GC(14) Metaspace: 136364K(140288K)->136364K(140288K) NonClass: 117062K(119232K)->117062K(119232K) Class: 19301K(21056K)->19301K(21056K)
[2025-09-03T08:19:23.793+0000][176][info ][gc          ] GC(14) Pause Young (Normal) (G1 Evacuation Pause) 626M->110M(1024M) 53.775ms
[2025-09-03T08:19:23.793+0000][176][info ][gc,cpu      ] GC(14) User=0.28s Sys=0.01s Real=0.05s
[2025-09-03T08:19:23.793+0000][176][info ][safepoint   ] Safepoint "G1CollectForAllocation", Time since last: 167742083 ns, Reaching safepoint: 5375 ns, Cleanup: 45625 ns, At safepoint: 54003250 ns, Total: 54054250 ns
[2025-09-03T08:19:23.795+0000][176][info ][gc,start    ] GC(15) Pause Young (Normal) (G1 Evacuation Pause)
[2025-09-03T08:19:23.795+0000][176][info ][gc,task     ] GC(15) Using 8 workers of 8 for evacuation
[2025-09-03T08:19:23.795+0000][176][debug][gc,age      ] GC(15) Desired survivor size 6291456 bytes, new threshold 1 (max threshold 15)
[2025-09-03T08:19:23.845+0000][176][info ][gc,phases   ] GC(15)   Pre Evacuate Collection Set: 0.46ms
[2025-09-03T08:19:23.845+0000][176][info ][gc,phases   ] GC(15)   Merge Heap Roots: 0.24ms
[2025-09-03T08:19:23.845+0000][176][info ][gc,phases   ] GC(15)   Evacuate Collection Set: 47.31ms
[2025-09-03T08:19:23.845+0000][176][info ][gc,phases   ] GC(15)   Post Evacuate Collection Set: 1.22ms
[2025-09-03T08:19:23.845+0000][176][info ][gc,phases   ] GC(15)   Other: 0.22ms
[2025-09-03T08:19:23.845+0000][176][trace][gc,age      ] GC(15) Age table with threshold 1 (max threshold 15)
[2025-09-03T08:19:23.845+0000][176][trace][gc,age      ] GC(15) - age   1:      23120 bytes,      23120 total
[2025-09-03T08:19:23.845+0000][176][info ][gc,heap     ] GC(15) Eden regions: 1->0(151)
[2025-09-03T08:19:23.845+0000][176][info ][gc,heap     ] GC(15) Survivor regions: 20->2(3)
[2025-09-03T08:19:23.845+0000][176][info ][gc,heap     ] GC(15) Old regions: 8->29
[2025-09-03T08:19:23.845+0000][176][info ][gc,heap     ] GC(15) Humongous regions: 0->0
[2025-09-03T08:19:23.845+0000][176][info ][gc,metaspace] GC(15) Metaspace: 136364K(140288K)->136364K(140288K) NonClass: 117062K(119232K)->117062K(119232K) Class: 19301K(21056K)->19301K(21056K)
[2025-09-03T08:19:23.845+0000][176][info ][gc          ] GC(15) Pause Young (Normal) (G1 Evacuation Pause) 114M->119M(1024M) 50.157ms
[2025-09-03T08:19:23.845+0000][176][info ][gc,cpu      ] GC(15) User=0.28s Sys=0.01s Real=0.05s
[2025-09-03T08:19:23.845+0000][176][info ][safepoint   ] Safepoint "G1CollectForAllocation", Time since last: 515292 ns, Reaching safepoint: 1178458 ns, Cleanup: 4209 ns, At safepoint: 50308708 ns, Total: 51491375 ns
[2025-09-03T08:19:24.143+0000][176][info ][safepoint   ] Safepoint "ICBufferFull", Time since last: 297114375 ns, Reaching safepoint: 44000 ns, Cleanup: 164375 ns, At safepoint: 20708 ns, Total: 229083 ns
[2025-09-03T08:19:24.350+0000][176][info ][safepoint   ] Safepoint "ICBufferFull", Time since last: 207006626 ns, Reaching safepoint: 7625 ns, Cleanup: 125500 ns, At safepoint: 9541 ns, Total: 142666 ns
[2025-09-03T08:19:24.351+0000][176][info ][safepoint   ] Safepoint "ICBufferFull", Time since last: 390209 ns, Reaching safepoint: 860250 ns, Cleanup: 8041 ns, At safepoint: 5000 ns, Total: 873291 ns
[2025-09-03T08:19:24.512+0000][176][info ][safepoint   ] Safepoint "ICBufferFull", Time since last: 160480959 ns, Reaching safepoint: 21958 ns, Cleanup: 154875 ns, At safepoint: 17083 ns, Total: 193916 ns
[2025-09-03T08:19:24.747+0000][176][info ][safepoint   ] Safepoint "ICBufferFull", Time since last: 235025125 ns, Reaching safepoint: 200667 ns, Cleanup: 95458 ns, At safepoint: 25250 ns, Total: 321375 ns
[2025-09-03T08:19:24.938+0000][176][info ][safepoint   ] Safepoint "ICBufferFull", Time since last: 190440001 ns, Reaching safepoint: 54208 ns, Cleanup: 69083 ns, At safepoint: 16125 ns, Total: 139416 ns
[2025-09-03T08:19:25.114+0000][176][info ][safepoint   ] Safepoint "ICBufferFull", Time since last: 176091250 ns, Reaching safepoint: 284375 ns, Cleanup: 252000 ns, At safepoint: 67584 ns, Total: 603959 ns
[2025-09-03T08:19:25.239+0000][176][info ][safepoint   ] Safepoint "ICBufferFull", Time since last: 124321833 ns, Reaching safepoint: 300083 ns, Cleanup: 124459 ns, At safepoint: 9958 ns, Total: 434500 ns
[2025-09-03T08:19:25.402+0000][176][info ][safepoint   ] Safepoint "ICBufferFull", Time since last: 162102917 ns, Reaching safepoint: 879958 ns, Cleanup: 92458 ns, At safepoint: 16750 ns, Total: 989166 ns
[2025-09-03T08:19:25.564+0000][176][info ][safepoint   ] Safepoint "ICBufferFull", Time since last: 161688834 ns, Reaching safepoint: 40500 ns, Cleanup: 138208 ns, At safepoint: 11417 ns, Total: 190125 ns
[2025-09-03T08:19:25.722+0000][176][info ][safepoint   ] Safepoint "ICBufferFull", Time since last: 157927583 ns, Reaching safepoint: 54417 ns, Cleanup: 129542 ns, At safepoint: 21166 ns, Total: 205125 ns
[2025-09-03T08:19:26.145+0000][176][info ][safepoint   ] Safepoint "ICBufferFull", Time since last: 421721334 ns, Reaching safepoint: 1228583 ns, Cleanup: 112917 ns, At safepoint: 17041 ns, Total: 1358541 ns
[2025-09-03T08:19:26.284+0000][176][info ][safepoint   ] Safepoint "ICBufferFull", Time since last: 138996501 ns, Reaching safepoint: 5958 ns, Cleanup: 77583 ns, At safepoint: 6292 ns, Total: 89833 ns
[2025-09-03T08:19:26.384+0000][176][info ][safepoint   ] Safepoint "ICBufferFull", Time since last: 98738625 ns, Reaching safepoint: 903125 ns, Cleanup: 134958 ns, At safepoint: 5167 ns, Total: 1043250 ns
[2025-09-03T08:19:26.534+0000][176][info ][safepoint   ] Safepoint "ICBufferFull", Time since last: 149028125 ns, Reaching safepoint: 915042 ns, Cleanup: 105833 ns, At safepoint: 15625 ns, Total: 1036500 ns
[2025-09-03T08:19:26.750+0000][176][info ][safepoint   ] Safepoint "ICBufferFull", Time since last: 215433083 ns, Reaching safepoint: 52542 ns, Cleanup: 501583 ns, At safepoint: 28625 ns, Total: 582750 ns
[2025-09-03T08:19:26.998+0000][176][info ][safepoint   ] Safepoint "ICBufferFull", Time since last: 245957376 ns, Reaching safepoint: 1153625 ns, Cleanup: 143250 ns, At safepoint: 16291 ns, Total: 1313166 ns
[2025-09-03T08:19:27.226+0000][176][info ][safepoint   ] Safepoint "ICBufferFull", Time since last: 228592625 ns, Reaching safepoint: 10709 ns, Cleanup: 135208 ns, At safepoint: 11750 ns, Total: 157667 ns
[2025-09-03T08:19:27.489+0000][176][info ][safepoint   ] Safepoint "ICBufferFull", Time since last: 262302542 ns, Reaching safepoint: 9000 ns, Cleanup: 80583 ns, At safepoint: 7083 ns, Total: 96666 ns
[2025-09-03T08:19:27.569+0000][176][info ][gc,start    ] GC(16) Pause Young (Normal) (G1 Evacuation Pause)
[2025-09-03T08:19:27.569+0000][176][info ][gc,task     ] GC(16) Using 8 workers of 8 for evacuation
[2025-09-03T08:19:27.569+0000][176][debug][gc,age      ] GC(16) Desired survivor size 41943040 bytes, new threshold 15 (max threshold 15)
[2025-09-03T08:19:27.587+0000][176][info ][gc,phases   ] GC(16)   Pre Evacuate Collection Set: 0.27ms
[2025-09-03T08:19:27.587+0000][176][info ][gc,phases   ] GC(16)   Merge Heap Roots: 0.17ms
[2025-09-03T08:19:27.587+0000][176][info ][gc,phases   ] GC(16)   Evacuate Collection Set: 16.72ms
[2025-09-03T08:19:27.587+0000][176][info ][gc,phases   ] GC(16)   Post Evacuate Collection Set: 1.12ms
[2025-09-03T08:19:27.587+0000][176][info ][gc,phases   ] GC(16)   Other: 0.16ms
[2025-09-03T08:19:27.587+0000][176][trace][gc,age      ] GC(16) Age table with threshold 15 (max threshold 15)
[2025-09-03T08:19:27.587+0000][176][trace][gc,age      ] GC(16) - age   1:   30585552 bytes,   30585552 total
[2025-09-03T08:19:27.587+0000][176][trace][gc,age      ] GC(16) - age   2:      22896 bytes,   30608448 total
[2025-09-03T08:19:27.588+0000][176][info ][gc,heap     ] GC(16) Eden regions: 151->0(145)
[2025-09-03T08:19:27.588+0000][176][info ][gc,heap     ] GC(16) Survivor regions: 2->8(20)
[2025-09-03T08:19:27.588+0000][176][info ][gc,heap     ] GC(16) Old regions: 29->29
[2025-09-03T08:19:27.588+0000][176][info ][gc,heap     ] GC(16) Humongous regions: 2->2
[2025-09-03T08:19:27.588+0000][176][info ][gc,metaspace] GC(16) Metaspace: 145991K(150080K)->145991K(150080K) NonClass: 125365K(127680K)->125365K(127680K) Class: 20626K(22400K)->20626K(22400K)
[2025-09-03T08:19:27.588+0000][176][info ][gc          ] GC(16) Pause Young (Normal) (G1 Evacuation Pause) 731M->153M(1024M) 19.116ms
[2025-09-03T08:19:27.588+0000][176][info ][gc,cpu      ] GC(16) User=0.11s Sys=0.00s Real=0.02s
[2025-09-03T08:19:27.588+0000][176][info ][safepoint   ] Safepoint "G1CollectForAllocation", Time since last: 79773917 ns, Reaching safepoint: 12875 ns, Cleanup: 40292 ns, At safepoint: 19266083 ns, Total: 19319250 ns
[2025-09-03T08:19:27.915+0000][176][info ][safepoint   ] Safepoint "ICBufferFull", Time since last: 326657167 ns, Reaching safepoint: 8708 ns, Cleanup: 78250 ns, At safepoint: 9250 ns, Total: 96208 ns
[2025-09-03T08:19:28.060+0000][176][info ][safepoint   ] Safepoint "ICBufferFull", Time since last: 145116334 ns, Reaching safepoint: 8583 ns, Cleanup: 101500 ns, At safepoint: 9208 ns, Total: 119291 ns
[2025-09-03T08:19:28.163+0000][176][info ][safepoint   ] Safepoint "ICBufferFull", Time since last: 102658667 ns, Reaching safepoint: 9000 ns, Cleanup: 70208 ns, At safepoint: 10459 ns, Total: 89667 ns
[2025-09-03T08:19:29.173+0000][176][info ][safepoint   ] Safepoint "Cleanup", Time since last: 1010686375 ns, Reaching safepoint: 28000 ns, Cleanup: 122292 ns, At safepoint: 29417 ns, Total: 179709 ns
[2025-09-03T08:19:30.174+0000][176][info ][safepoint   ] Safepoint "Cleanup", Time since last: 1000974500 ns, Reaching safepoint: 18167 ns, Cleanup: 35666 ns, At safepoint: 6875 ns, Total: 60708 ns
[2025-09-03T08:19:31.176+0000][176][info ][safepoint   ] Safepoint "Cleanup", Time since last: 1000632708 ns, Reaching safepoint: 71209 ns, Cleanup: 23333 ns, At safepoint: 11500 ns, Total: 106042 ns
[2025-09-03T08:19:32.177+0000][176][info ][safepoint   ] Safepoint "Cleanup", Time since last: 1000898292 ns, Reaching safepoint: 16208 ns, Cleanup: 16250 ns, At safepoint: 7959 ns, Total: 40417 ns
[2025-09-03T08:19:33.179+0000][176][info ][safepoint   ] Safepoint "Cleanup", Time since last: 1001097667 ns, Reaching safepoint: 168083 ns, Cleanup: 155417 ns, At safepoint: 54166 ns, Total: 377666 ns
[2025-09-03T08:19:34.180+0000][176][info ][safepoint   ] Safepoint "Cleanup", Time since last: 1001409209 ns, Reaching safepoint: 59042 ns, Cleanup: 13917 ns, At safepoint: 9916 ns, Total: 82875 ns
[2025-09-03T08:19:35.182+0000][176][info ][safepoint   ] Safepoint "Cleanup", Time since last: 1001099292 ns, Reaching safepoint: 14959 ns, Cleanup: 106666 ns, At safepoint: 12709 ns, Total: 134334 ns
[2025-09-03T08:19:36.183+0000][176][info ][safepoint   ] Safepoint "Cleanup", Time since last: 1000785625 ns, Reaching safepoint: 270375 ns, Cleanup: 19667 ns, At safepoint: 11792 ns, Total: 301834 ns
[2025-09-03T08:19:37.184+0000][176][info ][safepoint   ] Safepoint "Cleanup", Time since last: 1001573458 ns, Reaching safepoint: 16584 ns, Cleanup: 21916 ns, At safepoint: 9917 ns, Total: 48417 ns
[2025-09-03T08:19:37.854+0000][176][info ][safepoint   ] Safepoint "ICBufferFull", Time since last: 668946250 ns, Reaching safepoint: 1110917 ns, Cleanup: 86833 ns, At safepoint: 15875 ns, Total: 1213625 ns
[2025-09-03T08:19:37.878+0000][176][info ][safepoint   ] Safepoint "ICBufferFull", Time since last: 23524417 ns, Reaching safepoint: 10458 ns, Cleanup: 97209 ns, At safepoint: 15541 ns, Total: 123208 ns
[2025-09-03T08:19:37.879+0000][176][info ][safepoint   ] Safepoint "ICBufferFull", Time since last: 524667 ns, Reaching safepoint: 28833 ns, Cleanup: 4000 ns, At safepoint: 11334 ns, Total: 44167 ns
[2025-09-03T08:19:37.879+0000][176][info ][safepoint   ] Safepoint "ICBufferFull", Time since last: 272625 ns, Reaching safepoint: 5750 ns, Cleanup: 20125 ns, At safepoint: 7875 ns, Total: 33750 ns
[2025-09-03T08:19:37.880+0000][176][info ][safepoint   ] Safepoint "ICBufferFull", Time since last: 1386166 ns, Reaching safepoint: 42209 ns, Cleanup: 4416 ns, At safepoint: 14709 ns, Total: 61334 ns
[2025-09-03T08:19:37.881+0000][176][info ][safepoint   ] Safepoint "ICBufferFull", Time since last: 320916 ns, Reaching safepoint: 489042 ns, Cleanup: 1333 ns, At safepoint: 50042 ns, Total: 540417 ns
[2025-09-03T08:19:37.883+0000][176][info ][safepoint   ] Safepoint "ICBufferFull", Time since last: 1245125 ns, Reaching safepoint: 712292 ns, Cleanup: 6833 ns, At safepoint: 26208 ns, Total: 745333 ns
[2025-09-03T08:19:37.938+0000][176][info ][safepoint   ] Safepoint "ICBufferFull", Time since last: 54073917 ns, Reaching safepoint: 885500 ns, Cleanup: 125500 ns, At safepoint: 15667 ns, Total: 1026667 ns
[2025-09-03T08:19:37.940+0000][176][info ][safepoint   ] Safepoint "ICBufferFull", Time since last: 1539416 ns, Reaching safepoint: 442125 ns, Cleanup: 6375 ns, At safepoint: 16959 ns, Total: 465459 ns
[2025-09-03T08:19:38.240+0000][176][info ][safepoint   ] Safepoint "ICBufferFull", Time since last: 299345750 ns, Reaching safepoint: 28125 ns, Cleanup: 140875 ns, At safepoint: 27208 ns, Total: 196208 ns
[2025-09-03T08:19:38.242+0000][176][info ][safepoint   ] Safepoint "ICBufferFull", Time since last: 1833459 ns, Reaching safepoint: 26750 ns, Cleanup: 28916 ns, At safepoint: 27375 ns, Total: 83041 ns
[2025-09-03T08:19:38.640+0000][176][info ][safepoint   ] Safepoint "ICBufferFull", Time since last: 397399042 ns, Reaching safepoint: 1069208 ns, Cleanup: 187250 ns, At safepoint: 40750 ns, Total: 1297208 ns
[2025-09-03T08:19:38.644+0000][176][info ][safepoint   ] Safepoint "ICBufferFull", Time since last: 2627250 ns, Reaching safepoint: 1109000 ns, Cleanup: 83500 ns, At safepoint: 42459 ns, Total: 1234959 ns
[2025-09-03T08:19:38.784+0000][176][info ][safepoint   ] Safepoint "ICBufferFull", Time since last: 139449250 ns, Reaching safepoint: 10625 ns, Cleanup: 406375 ns, At safepoint: 7750 ns, Total: 424750 ns
[2025-09-03T08:19:38.916+0000][176][info ][safepoint   ] Safepoint "ICBufferFull", Time since last: 131498750 ns, Reaching safepoint: 12000 ns, Cleanup: 112542 ns, At safepoint: 5958 ns, Total: 130500 ns
[2025-09-03T08:19:39.917+0000][176][info ][safepoint   ] Safepoint "Cleanup", Time since last: 1000589667 ns, Reaching safepoint: 51333 ns, Cleanup: 38375 ns, At safepoint: 12292 ns, Total: 102000 ns
[2025-09-03T08:19:40.290+0000][176][info ][safepoint   ] Safepoint "ICBufferFull", Time since last: 373179834 ns, Reaching safepoint: 488958 ns, Cleanup: 145958 ns, At safepoint: 61917 ns, Total: 696833 ns
[2025-09-03T08:19:40.368+0000][176][info ][safepoint   ] Safepoint "ICBufferFull", Time since last: 74626667 ns, Reaching safepoint: 3188208 ns, Cleanup: 128958 ns, At safepoint: 37459 ns, Total: 3354625 ns
[2025-09-03T08:19:40.369+0000][176][info ][safepoint   ] Safepoint "ICBufferFull", Time since last: 539333 ns, Reaching safepoint: 264417 ns, Cleanup: 11583 ns, At safepoint: 33167 ns, Total: 309167 ns
[2025-09-03T08:19:40.450+0000][176][info ][safepoint   ] Safepoint "ICBufferFull", Time since last: 80302916 ns, Reaching safepoint: 81417 ns, Cleanup: 515458 ns, At safepoint: 78000 ns, Total: 674875 ns
[2025-09-03T08:19:40.568+0000][176][info ][safepoint   ] Safepoint "ICBufferFull", Time since last: 117146375 ns, Reaching safepoint: 862167 ns, Cleanup: 243625 ns, At safepoint: 25625 ns, Total: 1131417 ns
[2025-09-03T08:19:40.686+0000][176][info ][gc,start    ] GC(17) Pause Young (Concurrent Start) (CodeCache GC Threshold)
[2025-09-03T08:19:40.686+0000][176][info ][gc,task     ] GC(17) Using 8 workers of 8 for evacuation
[2025-09-03T08:19:40.686+0000][176][debug][gc,age      ] GC(17) Desired survivor size 41943040 bytes, new threshold 15 (max threshold 15)
[2025-09-03T08:19:40.933+0000][176][info ][gc,mmu      ] GC(17) MMU target violated: 201.0ms (200.0ms/201.0ms)
[2025-09-03T08:19:40.933+0000][176][info ][gc,phases   ] GC(17)   Pre Evacuate Collection Set: 0.60ms
[2025-09-03T08:19:40.933+0000][176][info ][gc,phases   ] GC(17)   Merge Heap Roots: 0.22ms
[2025-09-03T08:19:40.934+0000][176][info ][gc,phases   ] GC(17)   Evacuate Collection Set: 238.53ms
[2025-09-03T08:19:40.934+0000][176][info ][gc,phases   ] GC(17)   Post Evacuate Collection Set: 6.97ms
[2025-09-03T08:19:40.934+0000][176][info ][gc,phases   ] GC(17)   Other: 0.91ms
[2025-09-03T08:19:40.934+0000][176][trace][gc,age      ] GC(17) Age table with threshold 15 (max threshold 15)
[2025-09-03T08:19:40.934+0000][176][trace][gc,age      ] GC(17) - age   1:   13059368 bytes,   13059368 total
[2025-09-03T08:19:40.934+0000][176][trace][gc,age      ] GC(17) - age   2:   27513024 bytes,   40572392 total
[2025-09-03T08:19:40.934+0000][176][trace][gc,age      ] GC(17) - age   3:      22896 bytes,   40595288 total
[2025-09-03T08:19:40.934+0000][176][info ][gc,heap     ] GC(17) Eden regions: 81->0(7)
[2025-09-03T08:19:40.934+0000][176][info ][gc,heap     ] GC(17) Survivor regions: 8->11(20)
[2025-09-03T08:19:40.934+0000][176][info ][gc,heap     ] GC(17) Old regions: 29->29
[2025-09-03T08:19:40.934+0000][176][info ][gc,heap     ] GC(17) Humongous regions: 2->2
[2025-09-03T08:19:40.935+0000][176][info ][gc,metaspace] GC(17) Metaspace: 151487K(155776K)->151487K(155776K) NonClass: 130073K(132480K)->130073K(132480K) Class: 21413K(23296K)->21413K(23296K)
[2025-09-03T08:19:40.935+0000][176][info ][gc          ] GC(17) Pause Young (Concurrent Start) (CodeCache GC Threshold) 476M->164M(1024M) 249.043ms
[2025-09-03T08:19:40.935+0000][176][info ][gc          ] GC(18) Concurrent Mark Cycle
[2025-09-03T08:19:40.935+0000][176][info ][gc,marking  ] GC(18) Concurrent Scan Root Regions
[2025-09-03T08:19:40.935+0000][176][info ][gc,cpu      ] GC(17) User=1.28s Sys=0.12s Real=0.25s
[2025-09-03T08:19:40.946+0000][176][info ][safepoint   ] Safepoint "G1TryInitiateConcMark", Time since last: 116205958 ns, Reaching safepoint: 624709 ns, Cleanup: 267291 ns, At safepoint: 260582959 ns, Total: 261474959 ns
[2025-09-03T08:19:40.987+0000][176][info ][gc,marking  ] GC(18) Concurrent Scan Root Regions 51.742ms
[2025-09-03T08:19:40.987+0000][176][info ][gc,marking  ] GC(18) Concurrent Mark
[2025-09-03T08:19:40.987+0000][176][info ][gc,marking  ] GC(18) Concurrent Mark From Roots
[2025-09-03T08:19:40.987+0000][176][info ][gc,task     ] GC(18) Using 2 workers of 2 for marking
[2025-09-03T08:19:41.195+0000][176][info ][gc,start    ] GC(19) Pause Young (Normal) (G1 Evacuation Pause)
[2025-09-03T08:19:41.196+0000][176][info ][gc,task     ] GC(19) Using 8 workers of 8 for evacuation
[2025-09-03T08:19:41.196+0000][176][debug][gc,age      ] GC(19) Desired survivor size 12582912 bytes, new threshold 1 (max threshold 15)
[2025-09-03T08:19:41.231+0000][176][info ][gc,phases   ] GC(19)   Pre Evacuate Collection Set: 0.14ms
[2025-09-03T08:19:41.231+0000][176][info ][gc,phases   ] GC(19)   Merge Heap Roots: 0.09ms
[2025-09-03T08:19:41.231+0000][176][info ][gc,phases   ] GC(19)   Evacuate Collection Set: 34.07ms
[2025-09-03T08:19:41.231+0000][176][info ][gc,phases   ] GC(19)   Post Evacuate Collection Set: 0.81ms
[2025-09-03T08:19:41.231+0000][176][info ][gc,phases   ] GC(19)   Other: 0.18ms
[2025-09-03T08:19:41.231+0000][176][trace][gc,age      ] GC(19) Age table with threshold 1 (max threshold 15)
[2025-09-03T08:19:41.231+0000][176][trace][gc,age      ] GC(19) - age   1:    4387808 bytes,    4387808 total
[2025-09-03T08:19:41.231+0000][176][info ][gc,heap     ] GC(19) Eden regions: 31->0(151)
[2025-09-03T08:19:41.232+0000][176][info ][gc,heap     ] GC(19) Survivor regions: 11->2(6)
[2025-09-03T08:19:41.232+0000][176][info ][gc,heap     ] GC(19) Old regions: 29->39
[2025-09-03T08:19:41.232+0000][176][info ][gc,heap     ] GC(19) Humongous regions: 2->2
[2025-09-03T08:19:41.232+0000][176][info ][gc,metaspace] GC(19) Metaspace: 151778K(156096K)->151778K(156096K) NonClass: 130334K(132736K)->130334K(132736K) Class: 21443K(23360K)->21443K(23360K)
[2025-09-03T08:19:41.232+0000][176][info ][gc          ] GC(19) Pause Young (Normal) (G1 Evacuation Pause) 288M->169M(1024M) 36.328ms
[2025-09-03T08:19:41.232+0000][176][info ][gc,cpu      ] GC(19) User=0.16s Sys=0.00s Real=0.04s
[2025-09-03T08:19:41.235+0000][176][info ][safepoint   ] Safepoint "G1CollectForAllocation", Time since last: 248349042 ns, Reaching safepoint: 708791 ns, Cleanup: 129167 ns, At safepoint: 39829000 ns, Total: 40666958 ns
[2025-09-03T08:19:41.280+0000][176][info ][gc,marking  ] GC(18) Concurrent Mark From Roots 292.942ms
[2025-09-03T08:19:41.281+0000][176][info ][gc,marking  ] GC(18) Concurrent Preclean
[2025-09-03T08:19:41.282+0000][176][info ][gc,marking  ] GC(18) Concurrent Preclean 1.065ms
[2025-09-03T08:19:41.283+0000][176][info ][gc,start    ] GC(18) Pause Remark
[2025-09-03T08:19:41.344+0000][176][info ][gc          ] GC(18) Pause Remark 196M->196M(1024M) 60.576ms
[2025-09-03T08:19:41.344+0000][176][info ][gc,cpu      ] GC(18) User=0.30s Sys=0.00s Real=0.06s
[2025-09-03T08:19:41.347+0000][176][info ][safepoint   ] Safepoint "G1PauseRemark", Time since last: 47056917 ns, Reaching safepoint: 958666 ns, Cleanup: 34959 ns, At safepoint: 63984958 ns, Total: 64978583 ns
[2025-09-03T08:19:41.347+0000][176][info ][gc,marking  ] GC(18) Concurrent Mark 360.526ms
[2025-09-03T08:19:41.348+0000][176][info ][gc,marking  ] GC(18) Concurrent Rebuild Remembered Sets and Scrub Regions
[2025-09-03T08:19:41.451+0000][176][info ][gc,marking  ] GC(18) Concurrent Rebuild Remembered Sets and Scrub Regions 103.589ms
[2025-09-03T08:19:41.452+0000][176][info ][gc,start    ] GC(18) Pause Cleanup
[2025-09-03T08:19:41.453+0000][176][info ][gc          ] GC(18) Pause Cleanup 235M->235M(1024M) 0.202ms
[2025-09-03T08:19:41.453+0000][176][info ][gc,cpu      ] GC(18) User=0.00s Sys=0.00s Real=0.00s
[2025-09-03T08:19:41.453+0000][176][info ][safepoint   ] Safepoint "G1PauseCleanup", Time since last: 104162625 ns, Reaching safepoint: 970250 ns, Cleanup: 66292 ns, At safepoint: 380500 ns, Total: 1417042 ns
[2025-09-03T08:19:41.453+0000][176][info ][gc,marking  ] GC(18) Concurrent Clear Claimed Marks
[2025-09-03T08:19:41.454+0000][176][info ][gc,marking  ] GC(18) Concurrent Clear Claimed Marks 0.609ms
[2025-09-03T08:19:41.454+0000][176][info ][gc,marking  ] GC(18) Concurrent Cleanup for Next Mark
[2025-09-03T08:19:41.468+0000][176][info ][gc,marking  ] GC(18) Concurrent Cleanup for Next Mark 14.069ms
[2025-09-03T08:19:41.469+0000][176][info ][gc          ] GC(18) Concurrent Mark Cycle 534.410ms
[2025-09-03T08:19:41.775+0000][176][info ][safepoint   ] Safepoint "ICBufferFull", Time since last: 322229708 ns, Reaching safepoint: 132917 ns, Cleanup: 281000 ns, At safepoint: 18125 ns, Total: 432042 ns
[2025-09-03T08:19:41.975+0000][176][info ][safepoint   ] Safepoint "ICBufferFull", Time since last: 197249167 ns, Reaching safepoint: 2176125 ns, Cleanup: 177375 ns, At safepoint: 27541 ns, Total: 2381041 ns
[2025-09-03T08:19:42.318+0000][176][info ][safepoint   ] Safepoint "ICBufferFull", Time since last: 342668167 ns, Reaching safepoint: 32542 ns, Cleanup: 200500 ns, At safepoint: 14875 ns, Total: 247917 ns
[2025-09-03T08:19:42.639+0000][176][info ][safepoint   ] Safepoint "ICBufferFull", Time since last: 320643000 ns, Reaching safepoint: 11292 ns, Cleanup: 311416 ns, At safepoint: 17625 ns, Total: 340333 ns
[2025-09-03T08:19:42.829+0000][176][info ][safepoint   ] Safepoint "ICBufferFull", Time since last: 189839500 ns, Reaching safepoint: 7417 ns, Cleanup: 107875 ns, At safepoint: 3708 ns, Total: 119000 ns
[2025-09-03T08:19:43.049+0000][176][info ][safepoint   ] Safepoint "ICBufferFull", Time since last: 220111542 ns, Reaching safepoint: 15375 ns, Cleanup: 162125 ns, At safepoint: 8792 ns, Total: 186292 ns
[2025-09-03T08:19:44.235+0000][176][info ][safepoint   ] Safepoint "Cleanup", Time since last: 1186117417 ns, Reaching safepoint: 29708 ns, Cleanup: 78334 ns, At safepoint: 8666 ns, Total: 116708 ns
[2025-09-03T08:19:44.595+0000][176][info ][safepoint   ] Safepoint "ICBufferFull", Time since last: 359398876 ns, Reaching safepoint: 356375 ns, Cleanup: 147541 ns, At safepoint: 16834 ns, Total: 520750 ns
[2025-09-03T08:19:45.790+0000][176][info ][safepoint   ] Safepoint "Cleanup", Time since last: 1194090084 ns, Reaching safepoint: 69583 ns, Cleanup: 319708 ns, At safepoint: 14459 ns, Total: 403750 ns
[2025-09-03T08:19:46.792+0000][176][info ][safepoint   ] Safepoint "Cleanup", Time since last: 1001726625 ns, Reaching safepoint: 117708 ns, Cleanup: 28042 ns, At safepoint: 15875 ns, Total: 161625 ns
[2025-09-03T08:19:47.793+0000][176][info ][safepoint   ] Safepoint "Cleanup", Time since last: 1001394417 ns, Reaching safepoint: 13417 ns, Cleanup: 48208 ns, At safepoint: 5000 ns, Total: 66625 ns
[2025-09-03T08:19:48.390+0000][176][info ][safepoint   ] Safepoint "ICBufferFull", Time since last: 596307917 ns, Reaching safepoint: 6833 ns, Cleanup: 153792 ns, At safepoint: 4917 ns, Total: 165542 ns
[2025-09-03T08:19:48.416+0000][176][info ][safepoint   ] Safepoint "ICBufferFull", Time since last: 25711458 ns, Reaching safepoint: 5167 ns, Cleanup: 127708 ns, At safepoint: 4833 ns, Total: 137708 ns
[2025-09-03T08:19:50.362+0000][176][info ][safepoint   ] Safepoint "Cleanup", Time since last: 1946703543 ns, Reaching safepoint: 31583 ns, Cleanup: 65917 ns, At safepoint: 5875 ns, Total: 103375 ns
[2025-09-03T08:19:51.364+0000][176][info ][safepoint   ] Safepoint "Cleanup", Time since last: 1000766084 ns, Reaching safepoint: 396916 ns, Cleanup: 150209 ns, At safepoint: 40375 ns, Total: 587500 ns
[2025-09-03T08:19:53.369+0000][176][info ][safepoint   ] Safepoint "Cleanup", Time since last: 2005080126 ns, Reaching safepoint: 123333 ns, Cleanup: 480125 ns, At safepoint: 37583 ns, Total: 641041 ns
[2025-09-03T08:19:54.372+0000][176][info ][safepoint   ] Safepoint "Cleanup", Time since last: 1001822376 ns, Reaching safepoint: 86208 ns, Cleanup: 150000 ns, At safepoint: 13750 ns, Total: 249958 ns
[2025-09-03T08:19:55.373+0000][176][info ][safepoint   ] Safepoint "Cleanup", Time since last: 1000991042 ns, Reaching safepoint: 260334 ns, Cleanup: 123000 ns, At safepoint: 30833 ns, Total: 414167 ns
[2025-09-03T08:19:56.374+0000][176][info ][safepoint   ] Safepoint "Cleanup", Time since last: 1001290667 ns, Reaching safepoint: 17709 ns, Cleanup: 13750 ns, At safepoint: 6625 ns, Total: 38084 ns
[2025-09-03T08:19:57.375+0000][176][info ][safepoint   ] Safepoint "Cleanup", Time since last: 1001059375 ns, Reaching safepoint: 57333 ns, Cleanup: 59542 ns, At safepoint: 10917 ns, Total: 127792 ns
[2025-09-03T08:19:58.377+0000][176][info ][safepoint   ] Safepoint "Cleanup", Time since last: 1001082875 ns, Reaching safepoint: 15167 ns, Cleanup: 51208 ns, At safepoint: 7000 ns, Total: 73375 ns
[2025-09-03T08:20:00.379+0000][176][info ][safepoint   ] Safepoint "Cleanup", Time since last: 2002012709 ns, Reaching safepoint: 148209 ns, Cleanup: 191583 ns, At safepoint: 25917 ns, Total: 365709 ns
[2025-09-03T08:20:02.383+0000][176][info ][safepoint   ] Safepoint "Cleanup", Time since last: 2003976458 ns, Reaching safepoint: 103292 ns, Cleanup: 71833 ns, At safepoint: 69125 ns, Total: 244250 ns
[2025-09-03T08:20:03.384+0000][176][info ][safepoint   ] Safepoint "Cleanup", Time since last: 1001052209 ns, Reaching safepoint: 207084 ns, Cleanup: 89083 ns, At safepoint: 18583 ns, Total: 314750 ns
[2025-09-03T08:20:06.395+0000][176][info ][safepoint   ] Safepoint "Cleanup", Time since last: 3007413418 ns, Reaching safepoint: 2937625 ns, Cleanup: 119500 ns, At safepoint: 18084 ns, Total: 3075209 ns
[2025-09-03T08:20:07.397+0000][176][info ][safepoint   ] Safepoint "Cleanup", Time since last: 1002621875 ns, Reaching safepoint: 114167 ns, Cleanup: 81708 ns, At safepoint: 25417 ns, Total: 221292 ns
[2025-09-03T08:20:08.399+0000][176][info ][safepoint   ] Safepoint "Cleanup", Time since last: 1001451667 ns, Reaching safepoint: 15542 ns, Cleanup: 55125 ns, At safepoint: 7875 ns, Total: 78542 ns
[2025-09-03T08:20:09.401+0000][176][info ][safepoint   ] Safepoint "Cleanup", Time since last: 1001912542 ns, Reaching safepoint: 36666 ns, Cleanup: 87584 ns, At safepoint: 14750 ns, Total: 139000 ns
[2025-09-03T08:20:10.403+0000][176][info ][safepoint   ] Safepoint "Cleanup", Time since last: 1001483625 ns, Reaching safepoint: 67792 ns, Cleanup: 79125 ns, At safepoint: 10125 ns, Total: 157042 ns
[2025-09-03T08:20:12.405+0000][176][info ][safepoint   ] Safepoint "Cleanup", Time since last: 2002266959 ns, Reaching safepoint: 103834 ns, Cleanup: 63250 ns, At safepoint: 17458 ns, Total: 184542 ns
[2025-09-03T08:20:14.403+0000][176][info ][safepoint   ] Safepoint "Cleanup", Time since last: 1997934084 ns, Reaching safepoint: 35000 ns, Cleanup: 86959 ns, At safepoint: 8875 ns, Total: 130834 ns
[2025-09-03T08:20:15.408+0000][176][info ][safepoint   ] Safepoint "Cleanup", Time since last: 1004695083 ns, Reaching safepoint: 122709 ns, Cleanup: 128958 ns, At safepoint: 32250 ns, Total: 283917 ns
[2025-09-03T08:20:16.411+0000][176][info ][safepoint   ] Safepoint "Cleanup", Time since last: 1002137375 ns, Reaching safepoint: 160792 ns, Cleanup: 50333 ns, At safepoint: 35375 ns, Total: 246500 ns
[2025-09-03T08:20:17.412+0000][176][info ][safepoint   ] Safepoint "Cleanup", Time since last: 1001248293 ns, Reaching safepoint: 33166 ns, Cleanup: 26667 ns, At safepoint: 10167 ns, Total: 70000 ns
[2025-09-03T08:20:18.413+0000][176][info ][safepoint   ] Safepoint "Cleanup", Time since last: 1000938833 ns, Reaching safepoint: 26959 ns, Cleanup: 92125 ns, At safepoint: 9583 ns, Total: 128667 ns
[2025-09-03T08:20:19.414+0000][176][info ][safepoint   ] Safepoint "Cleanup", Time since last: 1001356251 ns, Reaching safepoint: 70750 ns, Cleanup: 58083 ns, At safepoint: 11750 ns, Total: 140583 ns
[2025-09-03T08:20:20.416+0000][176][info ][safepoint   ] Safepoint "Cleanup", Time since last: 1001496250 ns, Reaching safepoint: 35542 ns, Cleanup: 46792 ns, At safepoint: 12458 ns, Total: 94792 ns
[2025-09-03T08:20:21.418+0000][176][info ][safepoint   ] Safepoint "Cleanup", Time since last: 1001479917 ns, Reaching safepoint: 118792 ns, Cleanup: 125208 ns, At safepoint: 24792 ns, Total: 268792 ns
[2025-09-03T08:20:22.420+0000][176][info ][safepoint   ] Safepoint "Cleanup", Time since last: 1002548334 ns, Reaching safepoint: 85083 ns, Cleanup: 65875 ns, At safepoint: 20333 ns, Total: 171291 ns
[2025-09-03T08:20:23.423+0000][176][info ][safepoint   ] Safepoint "Cleanup", Time since last: 1001893834 ns, Reaching safepoint: 174667 ns, Cleanup: 203541 ns, At safepoint: 70375 ns, Total: 448583 ns
[2025-09-03T08:20:23.445+0000][176][info ][gc,start    ] GC(20) Pause Young (Prepare Mixed) (G1 Evacuation Pause)
[2025-09-03T08:20:23.446+0000][176][info ][gc,task     ] GC(20) Using 8 workers of 8 for evacuation
[2025-09-03T08:20:23.446+0000][176][debug][gc,age      ] GC(20) Desired survivor size 41943040 bytes, new threshold 15 (max threshold 15)
[2025-09-03T08:20:23.479+0000][176][info ][gc,phases   ] GC(20)   Pre Evacuate Collection Set: 1.83ms
[2025-09-03T08:20:23.479+0000][176][info ][gc,phases   ] GC(20)   Merge Heap Roots: 0.47ms
[2025-09-03T08:20:23.479+0000][176][info ][gc,phases   ] GC(20)   Evacuate Collection Set: 28.33ms
[2025-09-03T08:20:23.479+0000][176][info ][gc,phases   ] GC(20)   Post Evacuate Collection Set: 1.65ms
[2025-09-03T08:20:23.479+0000][176][info ][gc,phases   ] GC(20)   Other: 0.73ms
[2025-09-03T08:20:23.479+0000][176][trace][gc,age      ] GC(20) Age table with threshold 15 (max threshold 15)
[2025-09-03T08:20:23.479+0000][176][trace][gc,age      ] GC(20) - age   1:    6077224 bytes,    6077224 total
[2025-09-03T08:20:23.479+0000][176][trace][gc,age      ] GC(20) - age   2:    1049216 bytes,    7126440 total
[2025-09-03T08:20:23.479+0000][176][info ][gc,heap     ] GC(20) Eden regions: 151->0(151)
[2025-09-03T08:20:23.479+0000][176][info ][gc,heap     ] GC(20) Survivor regions: 2->2(20)
[2025-09-03T08:20:23.479+0000][176][info ][gc,heap     ] GC(20) Old regions: 39->39
[2025-09-03T08:20:23.479+0000][176][info ][gc,heap     ] GC(20) Humongous regions: 2->2
[2025-09-03T08:20:23.479+0000][176][info ][gc,metaspace] GC(20) Metaspace: 154562K(158912K)->154562K(158912K) NonClass: 132845K(135232K)->132845K(135232K) Class: 21717K(23680K)->21717K(23680K)
[2025-09-03T08:20:23.480+0000][176][info ][gc          ] GC(20) Pause Young (Prepare Mixed) (G1 Evacuation Pause) 773M->169M(1024M) 34.357ms
[2025-09-03T08:20:23.480+0000][176][info ][gc,cpu      ] GC(20) User=0.22s Sys=0.00s Real=0.04s
[2025-09-03T08:20:23.480+0000][176][info ][safepoint   ] Safepoint "G1CollectForAllocation", Time since last: 21372542 ns, Reaching safepoint: 667167 ns, Cleanup: 15750 ns, At safepoint: 34850375 ns, Total: 35533292 ns
[2025-09-03T08:20:24.481+0000][176][info ][safepoint   ] Safepoint "Cleanup", Time since last: 1001538792 ns, Reaching safepoint: 84083 ns, Cleanup: 85709 ns, At safepoint: 40916 ns, Total: 210708 ns
[2025-09-03T08:20:25.483+0000][176][info ][safepoint   ] Safepoint "Cleanup", Time since last: 1001348834 ns, Reaching safepoint: 77958 ns, Cleanup: 105875 ns, At safepoint: 132000 ns, Total: 315833 ns
[2025-09-03T08:20:26.484+0000][176][info ][safepoint   ] Safepoint "Cleanup", Time since last: 1000841668 ns, Reaching safepoint: 17166 ns, Cleanup: 24542 ns, At safepoint: 8625 ns, Total: 50333 ns
[2025-09-03T08:20:27.485+0000][176][info ][safepoint   ] Safepoint "Cleanup", Time since last: 1001208917 ns, Reaching safepoint: 107958 ns, Cleanup: 50667 ns, At safepoint: 25625 ns, Total: 184250 ns
[2025-09-03T08:20:28.487+0000][176][info ][safepoint   ] Safepoint "Cleanup", Time since last: 1001884542 ns, Reaching safepoint: 50167 ns, Cleanup: 37542 ns, At safepoint: 8041 ns, Total: 95750 ns
[2025-09-03T08:20:30.490+0000][176][info ][safepoint   ] Safepoint "Cleanup", Time since last: 2002344042 ns, Reaching safepoint: 123750 ns, Cleanup: 69625 ns, At safepoint: 21084 ns, Total: 214459 ns
[2025-09-03T08:20:31.493+0000][176][info ][safepoint   ] Safepoint "Cleanup", Time since last: 1002830667 ns, Reaching safepoint: 79458 ns, Cleanup: 50333 ns, At safepoint: 14834 ns, Total: 144625 ns
[2025-09-03T08:20:32.494+0000][176][info ][safepoint   ] Safepoint "Cleanup", Time since last: 1001276625 ns, Reaching safepoint: 10833 ns, Cleanup: 33125 ns, At safepoint: 6334 ns, Total: 50292 ns
[2025-09-03T08:20:33.495+0000][176][info ][safepoint   ] Safepoint "Cleanup", Time since last: 1000688584 ns, Reaching safepoint: 58041 ns, Cleanup: 57500 ns, At safepoint: 7750 ns, Total: 123291 ns
[2025-09-03T08:20:35.498+0000][176][info ][safepoint   ] Safepoint "Cleanup", Time since last: 2003357210 ns, Reaching safepoint: 162791 ns, Cleanup: 51000 ns, At safepoint: 8292 ns, Total: 222083 ns
[2025-09-03T08:20:37.501+0000][176][info ][safepoint   ] Safepoint "Cleanup", Time since last: 2002466751 ns, Reaching safepoint: 83333 ns, Cleanup: 47500 ns, At safepoint: 19917 ns, Total: 150750 ns
[2025-09-03T08:20:38.076+0000][176][info ][safepoint   ] Safepoint "ICBufferFull", Time since last: 575199417 ns, Reaching safepoint: 11541 ns, Cleanup: 134584 ns, At safepoint: 7208 ns, Total: 153333 ns
[2025-09-03T08:20:39.078+0000][176][info ][safepoint   ] Safepoint "Cleanup", Time since last: 1001579126 ns, Reaching safepoint: 94875 ns, Cleanup: 286375 ns, At safepoint: 26291 ns, Total: 407541 ns
[2025-09-03T08:20:41.082+0000][176][info ][safepoint   ] Safepoint "Cleanup", Time since last: 2003059460 ns, Reaching safepoint: 103375 ns, Cleanup: 178375 ns, At safepoint: 35333 ns, Total: 317083 ns
[2025-09-03T08:20:41.623+0000][176][info ][safepoint   ] Safepoint "ICBufferFull", Time since last: 540960084 ns, Reaching safepoint: 20541 ns, Cleanup: 119334 ns, At safepoint: 11333 ns, Total: 151208 ns
[2025-09-03T08:20:42.021+0000][176][info ][safepoint   ] Safepoint "ICBufferFull", Time since last: 397865458 ns, Reaching safepoint: 10959 ns, Cleanup: 123458 ns, At safepoint: 8042 ns, Total: 142459 ns
[2025-09-03T08:20:44.013+0000][176][info ][safepoint   ] Safepoint "Cleanup", Time since last: 1991527251 ns, Reaching safepoint: 204041 ns, Cleanup: 211334 ns, At safepoint: 40083 ns, Total: 455458 ns
[2025-09-03T08:20:45.015+0000][176][info ][safepoint   ] Safepoint "Cleanup", Time since last: 1002007834 ns, Reaching safepoint: 72166 ns, Cleanup: 65334 ns, At safepoint: 19416 ns, Total: 156916 ns
[2025-09-03T08:20:46.017+0000][176][info ][safepoint   ] Safepoint "Cleanup", Time since last: 1001905876 ns, Reaching safepoint: 52292 ns, Cleanup: 43333 ns, At safepoint: 17833 ns, Total: 113458 ns
[2025-09-03T08:20:48.020+0000][176][info ][safepoint   ] Safepoint "Cleanup", Time since last: 2002557918 ns, Reaching safepoint: 99125 ns, Cleanup: 80750 ns, At safepoint: 26917 ns, Total: 206792 ns
[2025-09-03T08:20:49.021+0000][176][info ][safepoint   ] Safepoint "Cleanup", Time since last: 1000799917 ns, Reaching safepoint: 73708 ns, Cleanup: 128292 ns, At safepoint: 15416 ns, Total: 217416 ns
[2025-09-03T08:20:51.023+0000][176][info ][safepoint   ] Safepoint "Cleanup", Time since last: 2001863126 ns, Reaching safepoint: 217375 ns, Cleanup: 99875 ns, At safepoint: 23750 ns, Total: 341000 ns
[2025-09-03T08:20:53.026+0000][176][info ][safepoint   ] Safepoint "Cleanup", Time since last: 2002490126 ns, Reaching safepoint: 41084 ns, Cleanup: 29000 ns, At safepoint: 26208 ns, Total: 96292 ns
[2025-09-03T08:20:54.027+0000][176][info ][safepoint   ] Safepoint "Cleanup", Time since last: 1000977792 ns, Reaching safepoint: 69625 ns, Cleanup: 83583 ns, At safepoint: 27167 ns, Total: 180375 ns
[2025-09-03T08:20:55.028+0000][176][info ][safepoint   ] Safepoint "Cleanup", Time since last: 1001041417 ns, Reaching safepoint: 113542 ns, Cleanup: 63042 ns, At safepoint: 26875 ns, Total: 203459 ns
[2025-09-03T08:20:56.030+0000][176][info ][safepoint   ] Safepoint "Cleanup", Time since last: 1001676083 ns, Reaching safepoint: 98792 ns, Cleanup: 90792 ns, At safepoint: 37541 ns, Total: 227125 ns
[2025-09-03T08:20:57.032+0000][176][info ][safepoint   ] Safepoint "Cleanup", Time since last: 1002135543 ns, Reaching safepoint: 75250 ns, Cleanup: 221208 ns, At safepoint: 35333 ns, Total: 331791 ns
[2025-09-03T08:20:58.035+0000][176][info ][safepoint   ] Safepoint "Cleanup", Time since last: 1002141667 ns, Reaching safepoint: 46250 ns, Cleanup: 81042 ns, At safepoint: 21708 ns, Total: 149000 ns
[2025-09-03T08:20:59.036+0000][176][info ][safepoint   ] Safepoint "Cleanup", Time since last: 1001012751 ns, Reaching safepoint: 101750 ns, Cleanup: 139500 ns, At safepoint: 20000 ns, Total: 261250 ns
[2025-09-03T08:21:00.039+0000][176][info ][safepoint   ] Safepoint "Cleanup", Time since last: 1002399917 ns, Reaching safepoint: 128875 ns, Cleanup: 140500 ns, At safepoint: 29292 ns, Total: 298667 ns
[2025-09-03T08:21:01.042+0000][176][info ][safepoint   ] Safepoint "Cleanup", Time since last: 1001708582 ns, Reaching safepoint: 2581750 ns, Cleanup: 51917 ns, At safepoint: 28125 ns, Total: 2661792 ns
[2025-09-03T08:21:03.045+0000][176][info ][safepoint   ] Safepoint "Cleanup", Time since last: 2002718501 ns, Reaching safepoint: 20875 ns, Cleanup: 40458 ns, At safepoint: 8125 ns, Total: 69458 ns
[2025-09-03T08:21:04.052+0000][176][info ][safepoint   ] Safepoint "Cleanup", Time since last: 1007244001 ns, Reaching safepoint: 68875 ns, Cleanup: 54917 ns, At safepoint: 14666 ns, Total: 138458 ns
[2025-09-03T08:21:05.054+0000][176][info ][safepoint   ] Safepoint "Cleanup", Time since last: 1001409917 ns, Reaching safepoint: 90000 ns, Cleanup: 49875 ns, At safepoint: 26625 ns, Total: 166500 ns
[2025-09-03T08:21:06.055+0000][176][info ][safepoint   ] Safepoint "Cleanup", Time since last: 1000829126 ns, Reaching safepoint: 173583 ns, Cleanup: 106209 ns, At safepoint: 24416 ns, Total: 304208 ns
[2025-09-03T08:21:08.057+0000][176][info ][safepoint   ] Safepoint "Cleanup", Time since last: 2002210376 ns, Reaching safepoint: 61667 ns, Cleanup: 93625 ns, At safepoint: 25000 ns, Total: 180292 ns
[2025-09-03T08:21:09.060+0000][176][info ][safepoint   ] Safepoint "Cleanup", Time since last: 1002271334 ns, Reaching safepoint: 138541 ns, Cleanup: 59792 ns, At safepoint: 20167 ns, Total: 218500 ns
[2025-09-03T08:21:10.061+0000][176][info ][safepoint   ] Safepoint "Cleanup", Time since last: 1001066333 ns, Reaching safepoint: 91250 ns, Cleanup: 44417 ns, At safepoint: 16792 ns, Total: 152459 ns
[2025-09-03T08:21:11.063+0000][176][info ][safepoint   ] Safepoint "Cleanup", Time since last: 1001895084 ns, Reaching safepoint: 96875 ns, Cleanup: 78791 ns, At safepoint: 26209 ns, Total: 201875 ns
[2025-09-03T08:21:12.064+0000][176][info ][safepoint   ] Safepoint "Cleanup", Time since last: 1001089000 ns, Reaching safepoint: 104000 ns, Cleanup: 69958 ns, At safepoint: 21084 ns, Total: 195042 ns
[2025-09-03T08:21:13.066+0000][176][info ][safepoint   ] Safepoint "Cleanup", Time since last: 1001627084 ns, Reaching safepoint: 11166 ns, Cleanup: 12792 ns, At safepoint: 5833 ns, Total: 29791 ns
[2025-09-03T08:21:14.605+0000][176][info ][safepoint   ] Safepoint "Cleanup", Time since last: 1538653918 ns, Reaching safepoint: 145166 ns, Cleanup: 77459 ns, At safepoint: 30250 ns, Total: 252875 ns
[2025-09-03T08:21:17.608+0000][176][info ][safepoint   ] Safepoint "Cleanup", Time since last: 3003586001 ns, Reaching safepoint: 15750 ns, Cleanup: 20292 ns, At safepoint: 14625 ns, Total: 50667 ns
[2025-09-03T08:21:18.610+0000][176][info ][safepoint   ] Safepoint "Cleanup", Time since last: 1001838042 ns, Reaching safepoint: 11958 ns, Cleanup: 31167 ns, At safepoint: 10500 ns, Total: 53625 ns
[2025-09-03T08:21:19.611+0000][176][info ][safepoint   ] Safepoint "Cleanup", Time since last: 1000254584 ns, Reaching safepoint: 82791 ns, Cleanup: 40250 ns, At safepoint: 18417 ns, Total: 141458 ns
[2025-09-03T08:21:20.612+0000][176][info ][safepoint   ] Safepoint "Cleanup", Time since last: 1000723084 ns, Reaching safepoint: 17291 ns, Cleanup: 20917 ns, At safepoint: 7792 ns, Total: 46000 ns
[2025-09-03T08:21:21.613+0000][176][info ][safepoint   ] Safepoint "Cleanup", Time since last: 1001149459 ns, Reaching safepoint: 228041 ns, Cleanup: 283417 ns, At safepoint: 138458 ns, Total: 649916 ns
[2025-09-03T08:21:23.616+0000][176][info ][safepoint   ] Safepoint "Cleanup", Time since last: 2002503626 ns, Reaching safepoint: 76375 ns, Cleanup: 57667 ns, At safepoint: 16375 ns, Total: 150417 ns
[2025-09-03T08:21:24.618+0000][176][info ][safepoint   ] Safepoint "Cleanup", Time since last: 1001543167 ns, Reaching safepoint: 45458 ns, Cleanup: 28542 ns, At safepoint: 14083 ns, Total: 88083 ns
[2025-09-03T08:21:25.619+0000][176][info ][safepoint   ] Safepoint "Cleanup", Time since last: 1001710459 ns, Reaching safepoint: 46542 ns, Cleanup: 21458 ns, At safepoint: 10709 ns, Total: 78709 ns
[2025-09-03T08:21:26.621+0000][176][info ][safepoint   ] Safepoint "Cleanup", Time since last: 1001565292 ns, Reaching safepoint: 134875 ns, Cleanup: 73958 ns, At safepoint: 46708 ns, Total: 255541 ns
[2025-09-03T08:21:27.623+0000][176][info ][safepoint   ] Safepoint "Cleanup", Time since last: 1001267042 ns, Reaching safepoint: 58834 ns, Cleanup: 40791 ns, At safepoint: 15584 ns, Total: 115209 ns
[2025-09-03T08:21:28.624+0000][176][info ][safepoint   ] Safepoint "Cleanup", Time since last: 1001293584 ns, Reaching safepoint: 14458 ns, Cleanup: 19167 ns, At safepoint: 6500 ns, Total: 40125 ns
[2025-09-03T08:21:29.625+0000][176][info ][safepoint   ] Safepoint "Cleanup", Time since last: 1000592208 ns, Reaching safepoint: 86875 ns, Cleanup: 66584 ns, At safepoint: 10708 ns, Total: 164167 ns
[2025-09-03T08:21:30.628+0000][176][info ][safepoint   ] Safepoint "Cleanup", Time since last: 1001869709 ns, Reaching safepoint: 72208 ns, Cleanup: 40250 ns, At safepoint: 24542 ns, Total: 137000 ns
[2025-09-03T08:21:32.631+0000][176][info ][safepoint   ] Safepoint "Cleanup", Time since last: 2002492334 ns, Reaching safepoint: 57333 ns, Cleanup: 46167 ns, At safepoint: 16750 ns, Total: 120250 ns
[2025-09-03T08:21:33.633+0000][176][info ][safepoint   ] Safepoint "Cleanup", Time since last: 1001347459 ns, Reaching safepoint: 61500 ns, Cleanup: 91833 ns, At safepoint: 15375 ns, Total: 168708 ns
[2025-09-03T08:21:34.634+0000][176][info ][safepoint   ] Safepoint "Cleanup", Time since last: 1001274750 ns, Reaching safepoint: 16459 ns, Cleanup: 13708 ns, At safepoint: 7083 ns, Total: 37250 ns
[2025-09-03T08:21:35.635+0000][176][info ][safepoint   ] Safepoint "Cleanup", Time since last: 1001094084 ns, Reaching safepoint: 73000 ns, Cleanup: 87834 ns, At safepoint: 17291 ns, Total: 178125 ns
[2025-09-03T08:21:37.652+0000][176][info ][safepoint   ] Safepoint "Cleanup", Time since last: 2016412126 ns, Reaching safepoint: 34625 ns, Cleanup: 14375 ns, At safepoint: 7209 ns, Total: 56209 ns
[2025-09-03T08:21:38.653+0000][176][info ][safepoint   ] Safepoint "Cleanup", Time since last: 1001229750 ns, Reaching safepoint: 13583 ns, Cleanup: 25084 ns, At safepoint: 5541 ns, Total: 44208 ns
[2025-09-03T08:21:40.669+0000][176][info ][safepoint   ] Safepoint "Cleanup", Time since last: 2015965543 ns, Reaching safepoint: 76958 ns, Cleanup: 80500 ns, At safepoint: 9709 ns, Total: 167167 ns
[2025-09-03T08:21:41.672+0000][176][info ][safepoint   ] Safepoint "Cleanup", Time since last: 1002520584 ns, Reaching safepoint: 44166 ns, Cleanup: 48625 ns, At safepoint: 13417 ns, Total: 106208 ns
[2025-09-03T08:21:43.674+0000][176][info ][safepoint   ] Safepoint "Cleanup", Time since last: 2002601001 ns, Reaching safepoint: 30583 ns, Cleanup: 37958 ns, At safepoint: 8875 ns, Total: 77416 ns
[2025-09-03T08:21:44.633+0000][176][info ][safepoint   ] Safepoint "ICBufferFull", Time since last: 958276959 ns, Reaching safepoint: 10917 ns, Cleanup: 95667 ns, At safepoint: 5875 ns, Total: 112459 ns
[2025-09-03T08:21:46.288+0000][176][info ][safepoint   ] Safepoint "Cleanup", Time since last: 1654611209 ns, Reaching safepoint: 19583 ns, Cleanup: 263958 ns, At safepoint: 18875 ns, Total: 302416 ns
[2025-09-03T08:21:48.294+0000][176][info ][safepoint   ] Safepoint "Cleanup", Time since last: 2006070210 ns, Reaching safepoint: 94625 ns, Cleanup: 85208 ns, At safepoint: 24292 ns, Total: 204125 ns
[2025-09-03T08:21:49.296+0000][176][info ][safepoint   ] Safepoint "Cleanup", Time since last: 1001574000 ns, Reaching safepoint: 17000 ns, Cleanup: 30208 ns, At safepoint: 6667 ns, Total: 53875 ns
[2025-09-03T08:21:51.298+0000][176][info ][safepoint   ] Safepoint "Cleanup", Time since last: 2001986793 ns, Reaching safepoint: 110041 ns, Cleanup: 31917 ns, At safepoint: 15708 ns, Total: 157666 ns
[2025-09-03T08:21:53.300+0000][176][info ][safepoint   ] Safepoint "Cleanup", Time since last: 2001532710 ns, Reaching safepoint: 176208 ns, Cleanup: 36958 ns, At safepoint: 34334 ns, Total: 247500 ns
[2025-09-03T08:21:54.302+0000][176][info ][safepoint   ] Safepoint "Cleanup", Time since last: 1002718917 ns, Reaching safepoint: 55917 ns, Cleanup: 44291 ns, At safepoint: 12667 ns, Total: 112875 ns
[2025-09-03T08:21:55.303+0000][176][info ][safepoint   ] Safepoint "Cleanup", Time since last: 1000899167 ns, Reaching safepoint: 59042 ns, Cleanup: 27208 ns, At safepoint: 10833 ns, Total: 97083 ns
[2025-09-03T08:21:58.307+0000][176][info ][safepoint   ] Safepoint "Cleanup", Time since last: 3003401627 ns, Reaching safepoint: 70375 ns, Cleanup: 44958 ns, At safepoint: 16583 ns, Total: 131916 ns
[2025-09-03T08:22:00.309+0000][176][info ][safepoint   ] Safepoint "Cleanup", Time since last: 2002329751 ns, Reaching safepoint: 51250 ns, Cleanup: 23667 ns, At safepoint: 15458 ns, Total: 90375 ns
[2025-09-03T08:22:01.311+0000][176][info ][safepoint   ] Safepoint "Cleanup", Time since last: 1001638459 ns, Reaching safepoint: 67708 ns, Cleanup: 35542 ns, At safepoint: 20083 ns, Total: 123333 ns
[2025-09-03T08:22:03.312+0000][176][info ][safepoint   ] Safepoint "Cleanup", Time since last: 2001627876 ns, Reaching safepoint: 14667 ns, Cleanup: 47416 ns, At safepoint: 7375 ns, Total: 69458 ns
[2025-09-03T08:22:06.316+0000][176][info ][safepoint   ] Safepoint "Cleanup", Time since last: 3002756210 ns, Reaching safepoint: 134375 ns, Cleanup: 180792 ns, At safepoint: 28125 ns, Total: 343292 ns
[2025-09-03T08:22:07.318+0000][176][info ][safepoint   ] Safepoint "Cleanup", Time since last: 1002457833 ns, Reaching safepoint: 242750 ns, Cleanup: 78084 ns, At safepoint: 31833 ns, Total: 352667 ns
[2025-09-03T08:22:08.321+0000][176][info ][safepoint   ] Safepoint "Cleanup", Time since last: 1002285251 ns, Reaching safepoint: 222333 ns, Cleanup: 61458 ns, At safepoint: 19417 ns, Total: 303208 ns
[2025-09-03T08:22:09.322+0000][176][info ][safepoint   ] Safepoint "Cleanup", Time since last: 1001435875 ns, Reaching safepoint: 15084 ns, Cleanup: 43500 ns, At safepoint: 8416 ns, Total: 67000 ns
[2025-09-03T08:22:10.323+0000][176][info ][safepoint   ] Safepoint "Cleanup", Time since last: 1000951751 ns, Reaching safepoint: 20833 ns, Cleanup: 25292 ns, At safepoint: 7958 ns, Total: 54083 ns
[2025-09-03T08:22:12.326+0000][176][info ][safepoint   ] Safepoint "Cleanup", Time since last: 2001970084 ns, Reaching safepoint: 90959 ns, Cleanup: 44291 ns, At safepoint: 25125 ns, Total: 160375 ns
[2025-09-03T08:22:13.327+0000][176][info ][safepoint   ] Safepoint "Cleanup", Time since last: 1001540543 ns, Reaching safepoint: 95916 ns, Cleanup: 69209 ns, At safepoint: 16583 ns, Total: 181708 ns
[2025-09-03T08:22:14.784+0000][176][info ][safepoint   ] Safepoint "Cleanup", Time since last: 1456716584 ns, Reaching safepoint: 69250 ns, Cleanup: 98583 ns, At safepoint: 26375 ns, Total: 194208 ns
[2025-09-03T08:22:17.788+0000][176][info ][safepoint   ] Safepoint "Cleanup", Time since last: 3003720085 ns, Reaching safepoint: 82083 ns, Cleanup: 47209 ns, At safepoint: 23208 ns, Total: 152500 ns
[2025-09-03T08:22:18.790+0000][176][info ][safepoint   ] Safepoint "Cleanup", Time since last: 1001663626 ns, Reaching safepoint: 201875 ns, Cleanup: 221333 ns, At safepoint: 54333 ns, Total: 477541 ns
[2025-09-03T08:22:20.792+0000][176][info ][safepoint   ] Safepoint "Cleanup", Time since last: 2001829835 ns, Reaching safepoint: 23750 ns, Cleanup: 26875 ns, At safepoint: 10916 ns, Total: 61541 ns
[2025-09-03T08:22:23.796+0000][176][info ][safepoint   ] Safepoint "Cleanup", Time since last: 3003320710 ns, Reaching safepoint: 180375 ns, Cleanup: 79333 ns, At safepoint: 20209 ns, Total: 279917 ns
[2025-09-03T08:22:24.797+0000][176][info ][safepoint   ] Safepoint "Cleanup", Time since last: 1001644375 ns, Reaching safepoint: 79292 ns, Cleanup: 47666 ns, At safepoint: 16459 ns, Total: 143417 ns
[2025-09-03T08:22:25.798+0000][176][info ][safepoint   ] Safepoint "Cleanup", Time since last: 1000890167 ns, Reaching safepoint: 60250 ns, Cleanup: 27375 ns, At safepoint: 11583 ns, Total: 99208 ns
[2025-09-03T08:22:26.800+0000][176][info ][safepoint   ] Safepoint "Cleanup", Time since last: 1001759959 ns, Reaching safepoint: 63792 ns, Cleanup: 22000 ns, At safepoint: 26500 ns, Total: 112292 ns
[2025-09-03T08:22:28.803+0000][176][info ][safepoint   ] Safepoint "Cleanup", Time since last: 2002641917 ns, Reaching safepoint: 269750 ns, Cleanup: 82084 ns, At safepoint: 24500 ns, Total: 376334 ns
[2025-09-03T08:22:29.806+0000][176][info ][safepoint   ] Safepoint "Cleanup", Time since last: 1002478500 ns, Reaching safepoint: 28084 ns, Cleanup: 31500 ns, At safepoint: 12666 ns, Total: 72250 ns
[2025-09-03T08:22:31.809+0000][176][info ][safepoint   ] Safepoint "Cleanup", Time since last: 2003047875 ns, Reaching safepoint: 65792 ns, Cleanup: 42333 ns, At safepoint: 13667 ns, Total: 121792 ns
[2025-09-03T08:22:32.810+0000][176][info ][safepoint   ] Safepoint "Cleanup", Time since last: 1000576001 ns, Reaching safepoint: 85541 ns, Cleanup: 48792 ns, At safepoint: 69917 ns, Total: 204250 ns
[2025-09-03T08:22:33.812+0000][176][info ][safepoint   ] Safepoint "Cleanup", Time since last: 1002342917 ns, Reaching safepoint: 197083 ns, Cleanup: 75083 ns, At safepoint: 26750 ns, Total: 298916 ns
[2025-09-03T08:22:38.818+0000][176][info ][safepoint   ] Safepoint "Cleanup", Time since last: 5005696628 ns, Reaching safepoint: 79916 ns, Cleanup: 51792 ns, At safepoint: 37000 ns, Total: 168708 ns
[2025-09-03T08:22:39.819+0000][176][info ][safepoint   ] Safepoint "Cleanup", Time since last: 1000886126 ns, Reaching safepoint: 136041 ns, Cleanup: 52459 ns, At safepoint: 32833 ns, Total: 221333 ns
[2025-09-03T08:22:40.821+0000][176][info ][safepoint   ] Safepoint "Cleanup", Time since last: 1001834292 ns, Reaching safepoint: 17542 ns, Cleanup: 65208 ns, At safepoint: 10792 ns, Total: 93542 ns
[2025-09-03T08:22:41.822+0000][176][info ][safepoint   ] Safepoint "Cleanup", Time since last: 1000724459 ns, Reaching safepoint: 24833 ns, Cleanup: 40208 ns, At safepoint: 12542 ns, Total: 77583 ns
[2025-09-03T08:22:43.825+0000][176][info ][safepoint   ] Safepoint "Cleanup", Time since last: 2002480959 ns, Reaching safepoint: 93334 ns, Cleanup: 144416 ns, At safepoint: 24875 ns, Total: 262625 ns
[2025-09-03T08:22:45.827+0000][176][info ][safepoint   ] Safepoint "Cleanup", Time since last: 2002499793 ns, Reaching safepoint: 57916 ns, Cleanup: 30584 ns, At safepoint: 14625 ns, Total: 103125 ns
[2025-09-03T08:22:46.829+0000][176][info ][safepoint   ] Safepoint "Cleanup", Time since last: 1001413375 ns, Reaching safepoint: 38834 ns, Cleanup: 25125 ns, At safepoint: 10000 ns, Total: 73959 ns
[2025-09-03T08:22:48.506+0000][176][info ][safepoint   ] Safepoint "Cleanup", Time since last: 1676818000 ns, Reaching safepoint: 11792 ns, Cleanup: 405125 ns, At safepoint: 28833 ns, Total: 445750 ns
[2025-09-03T08:22:49.554+0000][176][info ][safepoint   ] Safepoint "Cleanup", Time since last: 1046956543 ns, Reaching safepoint: 696500 ns, Cleanup: 96416 ns, At safepoint: 17834 ns, Total: 810750 ns
[2025-09-03T08:22:50.559+0000][176][info ][safepoint   ] Safepoint "Cleanup", Time since last: 1005474250 ns, Reaching safepoint: 22833 ns, Cleanup: 41042 ns, At safepoint: 10375 ns, Total: 74250 ns
[2025-09-03T08:22:53.563+0000][176][info ][safepoint   ] Safepoint "Cleanup", Time since last: 3003533752 ns, Reaching safepoint: 81500 ns, Cleanup: 27041 ns, At safepoint: 11709 ns, Total: 120250 ns
[2025-09-03T08:22:54.564+0000][176][info ][safepoint   ] Safepoint "Cleanup", Time since last: 1000903625 ns, Reaching safepoint: 76792 ns, Cleanup: 55083 ns, At safepoint: 13667 ns, Total: 145542 ns
[2025-09-03T08:22:56.567+0000][176][info ][safepoint   ] Safepoint "Cleanup", Time since last: 2002993917 ns, Reaching safepoint: 24542 ns, Cleanup: 13958 ns, At safepoint: 10000 ns, Total: 48500 ns
[2025-09-03T08:22:58.570+0000][176][info ][safepoint   ] Safepoint "Cleanup", Time since last: 2002966210 ns, Reaching safepoint: 119833 ns, Cleanup: 65208 ns, At safepoint: 27042 ns, Total: 212083 ns
[2025-09-03T08:22:59.573+0000][176][info ][safepoint   ] Safepoint "Cleanup", Time since last: 1002196792 ns, Reaching safepoint: 24458 ns, Cleanup: 91042 ns, At safepoint: 19375 ns, Total: 134875 ns
[2025-09-03T08:23:00.575+0000][176][info ][safepoint   ] Safepoint "Cleanup", Time since last: 1001788750 ns, Reaching safepoint: 58667 ns, Cleanup: 35041 ns, At safepoint: 9667 ns, Total: 103375 ns
[2025-09-03T08:23:01.577+0000][176][info ][safepoint   ] Safepoint "Cleanup", Time since last: 1001790459 ns, Reaching safepoint: 125708 ns, Cleanup: 38250 ns, At safepoint: 30708 ns, Total: 194666 ns
[2025-09-03T08:23:03.579+0000][176][info ][safepoint   ] Safepoint "Cleanup", Time since last: 2002512626 ns, Reaching safepoint: 53042 ns, Cleanup: 111292 ns, At safepoint: 17958 ns, Total: 182292 ns
[2025-09-03T08:23:04.581+0000][176][info ][safepoint   ] Safepoint "Cleanup", Time since last: 1001948375 ns, Reaching safepoint: 40334 ns, Cleanup: 27583 ns, At safepoint: 10667 ns, Total: 78584 ns
[2025-09-03T08:23:05.583+0000][176][info ][safepoint   ] Safepoint "Cleanup", Time since last: 1001106084 ns, Reaching safepoint: 30166 ns, Cleanup: 52875 ns, At safepoint: 7834 ns, Total: 90875 ns
[2025-09-03T08:23:08.586+0000][176][info ][safepoint   ] Safepoint "Cleanup", Time since last: 3003495251 ns, Reaching safepoint: 163667 ns, Cleanup: 107416 ns, At safepoint: 17500 ns, Total: 288583 ns
[2025-09-03T08:23:09.589+0000][176][info ][safepoint   ] Safepoint "Cleanup", Time since last: 1002412501 ns, Reaching safepoint: 76000 ns, Cleanup: 58208 ns, At safepoint: 22500 ns, Total: 156708 ns
[2025-09-03T08:23:10.591+0000][176][info ][safepoint   ] Safepoint "Cleanup", Time since last: 1001836376 ns, Reaching safepoint: 99666 ns, Cleanup: 75792 ns, At safepoint: 23250 ns, Total: 198708 ns
[2025-09-03T08:23:11.592+0000][176][info ][safepoint   ] Safepoint "Cleanup", Time since last: 1000918209 ns, Reaching safepoint: 154000 ns, Cleanup: 131833 ns, At safepoint: 16542 ns, Total: 302375 ns
[2025-09-03T08:23:13.595+0000][176][info ][safepoint   ] Safepoint "Cleanup", Time since last: 2002892876 ns, Reaching safepoint: 107708 ns, Cleanup: 75167 ns, At safepoint: 26500 ns, Total: 209375 ns
[2025-09-03T08:23:15.943+0000][176][info ][safepoint   ] Safepoint "Cleanup", Time since last: 2347932126 ns, Reaching safepoint: 57250 ns, Cleanup: 62792 ns, At safepoint: 19875 ns, Total: 139917 ns
[2025-09-03T08:23:17.946+0000][176][info ][safepoint   ] Safepoint "Cleanup", Time since last: 2002332917 ns, Reaching safepoint: 23584 ns, Cleanup: 16958 ns, At safepoint: 9958 ns, Total: 50500 ns
[2025-09-03T08:23:18.947+0000][176][info ][safepoint   ] Safepoint "Cleanup", Time since last: 1001288126 ns, Reaching safepoint: 81541 ns, Cleanup: 73042 ns, At safepoint: 26500 ns, Total: 181083 ns
[2025-09-03T08:23:22.952+0000][176][info ][safepoint   ] Safepoint "Cleanup", Time since last: 4005156210 ns, Reaching safepoint: 26917 ns, Cleanup: 13250 ns, At safepoint: 10167 ns, Total: 50334 ns
[2025-09-03T08:23:24.690+0000][176][info ][safepoint   ] Safepoint "Cleanup", Time since last: 1737205667 ns, Reaching safepoint: 102583 ns, Cleanup: 399125 ns, At safepoint: 20292 ns, Total: 522000 ns
[2025-09-03T08:23:25.732+0000][176][info ][safepoint   ] Safepoint "Cleanup", Time since last: 1041958751 ns, Reaching safepoint: 101708 ns, Cleanup: 58458 ns, At safepoint: 39375 ns, Total: 199541 ns
[2025-09-03T08:23:26.734+0000][176][info ][safepoint   ] Safepoint "Cleanup", Time since last: 1001628001 ns, Reaching safepoint: 122000 ns, Cleanup: 57791 ns, At safepoint: 41209 ns, Total: 221000 ns
[2025-09-03T08:23:27.736+0000][176][info ][safepoint   ] Safepoint "Cleanup", Time since last: 1001911042 ns, Reaching safepoint: 79667 ns, Cleanup: 33041 ns, At safepoint: 17875 ns, Total: 130583 ns
[2025-09-03T08:23:28.737+0000][176][info ][safepoint   ] Safepoint "Cleanup", Time since last: 1000665501 ns, Reaching safepoint: 82666 ns, Cleanup: 53917 ns, At safepoint: 30583 ns, Total: 167166 ns
[2025-09-03T08:23:29.739+0000][176][info ][safepoint   ] Safepoint "Cleanup", Time since last: 1001818459 ns, Reaching safepoint: 104042 ns, Cleanup: 100125 ns, At safepoint: 27375 ns, Total: 231542 ns
[2025-09-03T08:23:32.743+0000][176][info ][safepoint   ] Safepoint "Cleanup", Time since last: 3003256459 ns, Reaching safepoint: 152458 ns, Cleanup: 65667 ns, At safepoint: 25292 ns, Total: 243417 ns
[2025-09-03T08:23:33.745+0000][176][info ][safepoint   ] Safepoint "Cleanup", Time since last: 1001539917 ns, Reaching safepoint: 102541 ns, Cleanup: 73709 ns, At safepoint: 32125 ns, Total: 208375 ns
[2025-09-03T08:23:35.748+0000][176][info ][safepoint   ] Safepoint "Cleanup", Time since last: 2002494334 ns, Reaching safepoint: 41083 ns, Cleanup: 28792 ns, At safepoint: 10958 ns, Total: 80833 ns
[2025-09-03T08:23:38.753+0000][176][info ][safepoint   ] Safepoint "Cleanup", Time since last: 3005163127 ns, Reaching safepoint: 125166 ns, Cleanup: 59417 ns, At safepoint: 26333 ns, Total: 210916 ns
[2025-09-03T08:23:39.755+0000][176][info ][safepoint   ] Safepoint "Cleanup", Time since last: 1002099668 ns, Reaching safepoint: 309916 ns, Cleanup: 99750 ns, At safepoint: 27792 ns, Total: 437458 ns
[2025-09-03T08:23:40.758+0000][176][info ][safepoint   ] Safepoint "Cleanup", Time since last: 1001539334 ns, Reaching safepoint: 176916 ns, Cleanup: 446292 ns, At safepoint: 23875 ns, Total: 647083 ns
[2025-09-03T08:23:41.759+0000][176][info ][safepoint   ] Safepoint "Cleanup", Time since last: 1001393959 ns, Reaching safepoint: 29917 ns, Cleanup: 22333 ns, At safepoint: 14125 ns, Total: 66375 ns
[2025-09-03T08:23:43.762+0000][176][info ][safepoint   ] Safepoint "Cleanup", Time since last: 2002379293 ns, Reaching safepoint: 106250 ns, Cleanup: 153416 ns, At safepoint: 26084 ns, Total: 285750 ns
[2025-09-03T08:23:47.767+0000][176][info ][safepoint   ] Safepoint "Cleanup", Time since last: 4005280543 ns, Reaching safepoint: 78167 ns, Cleanup: 43125 ns, At safepoint: 11583 ns, Total: 132875 ns
[2025-09-03T08:23:48.769+0000][176][info ][safepoint   ] Safepoint "Cleanup", Time since last: 1001368042 ns, Reaching safepoint: 20917 ns, Cleanup: 38917 ns, At safepoint: 10791 ns, Total: 70625 ns
[2025-09-03T08:23:49.770+0000][176][info ][safepoint   ] Safepoint "Cleanup", Time since last: 1000982959 ns, Reaching safepoint: 117042 ns, Cleanup: 58083 ns, At safepoint: 43792 ns, Total: 218917 ns
[2025-09-03T08:23:50.814+0000][176][info ][safepoint   ] Safepoint "Cleanup", Time since last: 1044004709 ns, Reaching safepoint: 7708 ns, Cleanup: 72167 ns, At safepoint: 8166 ns, Total: 88041 ns
[2025-09-03T08:23:51.849+0000][176][info ][safepoint   ] Safepoint "Cleanup", Time since last: 1034226126 ns, Reaching safepoint: 305458 ns, Cleanup: 100125 ns, At safepoint: 29042 ns, Total: 434625 ns
[2025-09-03T08:23:52.853+0000][176][info ][safepoint   ] Safepoint "Cleanup", Time since last: 1004057084 ns, Reaching safepoint: 78416 ns, Cleanup: 61334 ns, At safepoint: 25291 ns, Total: 165041 ns
[2025-09-03T08:23:53.855+0000][176][info ][safepoint   ] Safepoint "Cleanup", Time since last: 1001891709 ns, Reaching safepoint: 108583 ns, Cleanup: 76625 ns, At safepoint: 28667 ns, Total: 213875 ns
[2025-09-03T08:23:54.857+0000][176][info ][safepoint   ] Safepoint "Cleanup", Time since last: 1002187709 ns, Reaching safepoint: 78250 ns, Cleanup: 63583 ns, At safepoint: 161542 ns, Total: 303375 ns
[2025-09-03T08:23:56.861+0000][176][info ][safepoint   ] Safepoint "Cleanup", Time since last: 2002054042 ns, Reaching safepoint: 1164042 ns, Cleanup: 66417 ns, At safepoint: 65958 ns, Total: 1296417 ns
[2025-09-03T08:23:57.862+0000][176][info ][safepoint   ] Safepoint "Cleanup", Time since last: 1000710334 ns, Reaching safepoint: 57125 ns, Cleanup: 29292 ns, At safepoint: 24250 ns, Total: 110667 ns
[2025-09-03T08:23:58.863+0000][176][info ][safepoint   ] Safepoint "Cleanup", Time since last: 1001774583 ns, Reaching safepoint: 107209 ns, Cleanup: 34125 ns, At safepoint: 16000 ns, Total: 157334 ns
[2025-09-03T08:23:59.865+0000][176][info ][safepoint   ] Safepoint "Cleanup", Time since last: 1001588750 ns, Reaching safepoint: 92917 ns, Cleanup: 54500 ns, At safepoint: 20250 ns, Total: 167667 ns
[2025-09-03T08:24:00.867+0000][176][info ][safepoint   ] Safepoint "Cleanup", Time since last: 1001685208 ns, Reaching safepoint: 73625 ns, Cleanup: 58375 ns, At safepoint: 113916 ns, Total: 245916 ns
[2025-09-03T08:24:02.870+0000][176][info ][safepoint   ] Safepoint "Cleanup", Time since last: 2003018543 ns, Reaching safepoint: 66417 ns, Cleanup: 36833 ns, At safepoint: 23833 ns, Total: 127083 ns
[2025-09-03T08:24:05.874+0000][176][info ][safepoint   ] Safepoint "Cleanup", Time since last: 3003757502 ns, Reaching safepoint: 300000 ns, Cleanup: 71500 ns, At safepoint: 24000 ns, Total: 395500 ns
[2025-09-03T08:24:07.877+0000][176][info ][safepoint   ] Safepoint "Cleanup", Time since last: 2003169959 ns, Reaching safepoint: 71292 ns, Cleanup: 41083 ns, At safepoint: 18917 ns, Total: 131292 ns
[2025-09-03T08:24:08.879+0000][176][info ][safepoint   ] Safepoint "Cleanup", Time since last: 1001222917 ns, Reaching safepoint: 95500 ns, Cleanup: 79458 ns, At safepoint: 26084 ns, Total: 201042 ns
[2025-09-03T08:24:10.881+0000][176][info ][safepoint   ] Safepoint "Cleanup", Time since last: 2002376792 ns, Reaching safepoint: 94708 ns, Cleanup: 56542 ns, At safepoint: 14250 ns, Total: 165500 ns
[2025-09-03T08:24:14.985+0000][176][info ][safepoint   ] Safepoint "Cleanup", Time since last: 4103127544 ns, Reaching safepoint: 100541 ns, Cleanup: 87542 ns, At safepoint: 17000 ns, Total: 205083 ns
[2025-09-03T08:24:15.986+0000][176][info ][safepoint   ] Safepoint "Cleanup", Time since last: 1001419792 ns, Reaching safepoint: 280542 ns, Cleanup: 90375 ns, At safepoint: 44625 ns, Total: 415542 ns
[2025-09-03T08:24:17.989+0000][176][info ][safepoint   ] Safepoint "Cleanup", Time since last: 2002943668 ns, Reaching safepoint: 26541 ns, Cleanup: 71125 ns, At safepoint: 17792 ns, Total: 115458 ns
[2025-09-03T08:24:18.992+0000][176][info ][safepoint   ] Safepoint "Cleanup", Time since last: 1001964042 ns, Reaching safepoint: 139208 ns, Cleanup: 40042 ns, At safepoint: 25833 ns, Total: 205083 ns
[2025-09-03T08:24:19.993+0000][176][info ][safepoint   ] Safepoint "Cleanup", Time since last: 1001450876 ns, Reaching safepoint: 195958 ns, Cleanup: 73417 ns, At safepoint: 35500 ns, Total: 304875 ns
[2025-09-03T08:24:20.996+0000][176][info ][safepoint   ] Safepoint "Cleanup", Time since last: 1002152500 ns, Reaching safepoint: 80375 ns, Cleanup: 73292 ns, At safepoint: 33417 ns, Total: 187084 ns
[2025-09-03T08:24:23.001+0000][176][info ][safepoint   ] Safepoint "Cleanup", Time since last: 2004389251 ns, Reaching safepoint: 60916 ns, Cleanup: 616334 ns, At safepoint: 26250 ns, Total: 703500 ns
[2025-09-03T08:24:24.007+0000][176][info ][safepoint   ] Safepoint "Cleanup", Time since last: 1005825042 ns, Reaching safepoint: 71250 ns, Cleanup: 204291 ns, At safepoint: 24334 ns, Total: 299875 ns
[2025-09-03T08:24:25.008+0000][176][info ][safepoint   ] Safepoint "Cleanup", Time since last: 1001143042 ns, Reaching safepoint: 106458 ns, Cleanup: 54417 ns, At safepoint: 39792 ns, Total: 200667 ns
[2025-09-03T08:24:27.011+0000][176][info ][safepoint   ] Safepoint "Cleanup", Time since last: 2002845334 ns, Reaching safepoint: 62583 ns, Cleanup: 41917 ns, At safepoint: 27500 ns, Total: 132000 ns
[2025-09-03T08:24:28.013+0000][176][info ][safepoint   ] Safepoint "Cleanup", Time since last: 1001273167 ns, Reaching safepoint: 181292 ns, Cleanup: 69750 ns, At safepoint: 31333 ns, Total: 282375 ns
[2025-09-03T08:24:29.014+0000][176][info ][safepoint   ] Safepoint "Cleanup", Time since last: 1001392459 ns, Reaching safepoint: 107291 ns, Cleanup: 62709 ns, At safepoint: 26000 ns, Total: 196000 ns
[2025-09-03T08:24:30.016+0000][176][info ][safepoint   ] Safepoint "Cleanup", Time since last: 1001970834 ns, Reaching safepoint: 13625 ns, Cleanup: 28958 ns, At safepoint: 6250 ns, Total: 48833 ns
[2025-09-03T08:24:31.017+0000][176][info ][safepoint   ] Safepoint "Cleanup", Time since last: 1000688875 ns, Reaching safepoint: 75542 ns, Cleanup: 71416 ns, At safepoint: 21834 ns, Total: 168792 ns
[2025-09-03T08:24:32.562+0000][176][info ][safepoint   ] Safepoint "Cleanup", Time since last: 1544399125 ns, Reaching safepoint: 5250 ns, Cleanup: 9417 ns, At safepoint: 2333 ns, Total: 17000 ns
[2025-09-03T08:24:33.985+0000][176][info ][safepoint   ] Safepoint "Cleanup", Time since last: 1422265876 ns, Reaching safepoint: 320084 ns, Cleanup: 626291 ns, At safepoint: 49250 ns, Total: 995625 ns
[2025-09-03T08:24:34.987+0000][176][info ][safepoint   ] Safepoint "Cleanup", Time since last: 1001700542 ns, Reaching safepoint: 106459 ns, Cleanup: 208583 ns, At safepoint: 31167 ns, Total: 346209 ns
[2025-09-03T08:24:35.988+0000][176][info ][safepoint   ] Safepoint "Cleanup", Time since last: 1001226333 ns, Reaching safepoint: 73500 ns, Cleanup: 42667 ns, At safepoint: 14167 ns, Total: 130334 ns
[2025-09-03T08:24:38.993+0000][176][info ][safepoint   ] Safepoint "Cleanup", Time since last: 3003956835 ns, Reaching safepoint: 105541 ns, Cleanup: 81042 ns, At safepoint: 26000 ns, Total: 212583 ns
[2025-09-03T08:24:39.995+0000][176][info ][safepoint   ] Safepoint "Cleanup", Time since last: 1002193875 ns, Reaching safepoint: 160125 ns, Cleanup: 61084 ns, At safepoint: 33208 ns, Total: 254417 ns
[2025-09-03T08:24:40.997+0000][176][info ][safepoint   ] Safepoint "Cleanup", Time since last: 1001913042 ns, Reaching safepoint: 69709 ns, Cleanup: 139666 ns, At safepoint: 24209 ns, Total: 233584 ns
[2025-09-03T08:24:42.041+0000][176][info ][safepoint   ] Safepoint "Cleanup", Time since last: 1043639917 ns, Reaching safepoint: 6208 ns, Cleanup: 81375 ns, At safepoint: 14083 ns, Total: 101666 ns
[2025-09-03T08:24:43.057+0000][176][info ][safepoint   ] Safepoint "Cleanup", Time since last: 1016262209 ns, Reaching safepoint: 54875 ns, Cleanup: 74375 ns, At safepoint: 26583 ns, Total: 155833 ns
[2025-09-03T08:24:44.276+0000][176][info ][safepoint   ] Safepoint "Cleanup", Time since last: 1218759209 ns, Reaching safepoint: 122834 ns, Cleanup: 109125 ns, At safepoint: 20041 ns, Total: 252000 ns
[2025-09-03T08:24:45.277+0000][176][info ][safepoint   ] Safepoint "Cleanup", Time since last: 1000795126 ns, Reaching safepoint: 100042 ns, Cleanup: 36958 ns, At safepoint: 15750 ns, Total: 152750 ns
[2025-09-03T08:24:46.281+0000][176][info ][safepoint   ] Safepoint "Cleanup", Time since last: 1003187125 ns, Reaching safepoint: 495875 ns, Cleanup: 18417 ns, At safepoint: 27125 ns, Total: 541417 ns
[2025-09-03T08:24:48.283+0000][176][info ][safepoint   ] Safepoint "Cleanup", Time since last: 2002055126 ns, Reaching safepoint: 100083 ns, Cleanup: 79667 ns, At safepoint: 21708 ns, Total: 201458 ns
[2025-09-03T08:24:51.286+0000][176][info ][safepoint   ] Safepoint "Cleanup", Time since last: 3002878627 ns, Reaching safepoint: 81500 ns, Cleanup: 53041 ns, At safepoint: 19792 ns, Total: 154333 ns
[2025-09-03T08:24:53.288+0000][176][info ][safepoint   ] Safepoint "Cleanup", Time since last: 2001868043 ns, Reaching safepoint: 78000 ns, Cleanup: 61208 ns, At safepoint: 14208 ns, Total: 153416 ns
[2025-09-03T08:24:55.213+0000][176][info ][safepoint   ] Safepoint "Cleanup", Time since last: 1923840418 ns, Reaching safepoint: 36333 ns, Cleanup: 331584 ns, At safepoint: 30833 ns, Total: 398750 ns
[2025-09-03T08:24:56.222+0000][176][info ][safepoint   ] Safepoint "Cleanup", Time since last: 1009583917 ns, Reaching safepoint: 80042 ns, Cleanup: 75041 ns, At safepoint: 35250 ns, Total: 190333 ns
[2025-09-03T08:24:58.225+0000][176][info ][safepoint   ] Safepoint "Cleanup", Time since last: 2003041626 ns, Reaching safepoint: 18750 ns, Cleanup: 16917 ns, At safepoint: 7375 ns, Total: 43042 ns
[2025-09-03T08:25:01.230+0000][176][info ][safepoint   ] Safepoint "Cleanup", Time since last: 3003823418 ns, Reaching safepoint: 66625 ns, Cleanup: 82833 ns, At safepoint: 25250 ns, Total: 174708 ns
[2025-09-03T08:25:03.233+0000][176][info ][safepoint   ] Safepoint "Cleanup", Time since last: 2002846667 ns, Reaching safepoint: 83000 ns, Cleanup: 42209 ns, At safepoint: 21833 ns, Total: 147042 ns
[2025-09-03T08:25:06.238+0000][176][info ][safepoint   ] Safepoint "Cleanup", Time since last: 3004882502 ns, Reaching safepoint: 59041 ns, Cleanup: 86084 ns, At safepoint: 21833 ns, Total: 166958 ns
[2025-09-03T08:25:08.241+0000][176][info ][safepoint   ] Safepoint "Cleanup", Time since last: 2003429376 ns, Reaching safepoint: 140958 ns, Cleanup: 19042 ns, At safepoint: 26708 ns, Total: 186708 ns
[2025-09-03T08:25:09.243+0000][176][info ][safepoint   ] Safepoint "Cleanup", Time since last: 1001215667 ns, Reaching safepoint: 62834 ns, Cleanup: 39208 ns, At safepoint: 8625 ns, Total: 110667 ns
[2025-09-03T08:25:11.245+0000][176][info ][safepoint   ] Safepoint "Cleanup", Time since last: 2002614918 ns, Reaching safepoint: 54458 ns, Cleanup: 79708 ns, At safepoint: 11167 ns, Total: 145333 ns
[2025-09-03T08:25:12.247+0000][176][info ][safepoint   ] Safepoint "Cleanup", Time since last: 1001178750 ns, Reaching safepoint: 270750 ns, Cleanup: 80875 ns, At safepoint: 32750 ns, Total: 384375 ns
[2025-09-03T08:25:13.249+0000][176][info ][safepoint   ] Safepoint "Cleanup", Time since last: 1001722709 ns, Reaching safepoint: 29959 ns, Cleanup: 22625 ns, At safepoint: 5083 ns, Total: 57667 ns
[2025-09-03T08:25:15.203+0000][176][info ][safepoint   ] Safepoint "Cleanup", Time since last: 1954618626 ns, Reaching safepoint: 47167 ns, Cleanup: 117125 ns, At safepoint: 19208 ns, Total: 183500 ns
[2025-09-03T08:25:18.207+0000][176][info ][safepoint   ] Safepoint "Cleanup", Time since last: 3003039960 ns, Reaching safepoint: 42500 ns, Cleanup: 28291 ns, At safepoint: 11334 ns, Total: 82125 ns
[2025-09-03T08:25:19.208+0000][176][info ][safepoint   ] Safepoint "Cleanup", Time since last: 1001671417 ns, Reaching safepoint: 18958 ns, Cleanup: 8792 ns, At safepoint: 8375 ns, Total: 36125 ns
[2025-09-03T08:25:20.868+0000][176][info ][safepoint   ] Safepoint "Cleanup", Time since last: 1659866751 ns, Reaching safepoint: 15750 ns, Cleanup: 16541 ns, At safepoint: 3792 ns, Total: 36083 ns
[2025-09-03T08:25:21.871+0000][176][info ][safepoint   ] Safepoint "Cleanup", Time since last: 1002533625 ns, Reaching safepoint: 47167 ns, Cleanup: 30458 ns, At safepoint: 11167 ns, Total: 88792 ns
[2025-09-03T08:25:24.875+0000][176][info ][safepoint   ] Safepoint "Cleanup", Time since last: 3003664335 ns, Reaching safepoint: 74958 ns, Cleanup: 31250 ns, At safepoint: 13958 ns, Total: 120166 ns
[2025-09-03T08:25:26.880+0000][176][info ][safepoint   ] Safepoint "Cleanup", Time since last: 2005014460 ns, Reaching safepoint: 93500 ns, Cleanup: 31375 ns, At safepoint: 19041 ns, Total: 143916 ns
[2025-09-03T08:25:28.881+0000][176][info ][safepoint   ] Safepoint "Cleanup", Time since last: 2001406668 ns, Reaching safepoint: 160583 ns, Cleanup: 60542 ns, At safepoint: 35542 ns, Total: 256667 ns
[2025-09-03T08:25:29.884+0000][176][info ][safepoint   ] Safepoint "Cleanup", Time since last: 1002452042 ns, Reaching safepoint: 244875 ns, Cleanup: 86000 ns, At safepoint: 38167 ns, Total: 369042 ns
[2025-09-03T08:25:30.885+0000][176][info ][safepoint   ] Safepoint "Cleanup", Time since last: 1000930874 ns, Reaching safepoint: 115584 ns, Cleanup: 93875 ns, At safepoint: 30833 ns, Total: 240292 ns
[2025-09-03T08:25:33.890+0000][176][info ][safepoint   ] Safepoint "Cleanup", Time since last: 3004476876 ns, Reaching safepoint: 71500 ns, Cleanup: 31167 ns, At safepoint: 66958 ns, Total: 169625 ns
[2025-09-03T08:25:38.895+0000][176][info ][safepoint   ] Safepoint "Cleanup", Time since last: 5004210253 ns, Reaching safepoint: 424250 ns, Cleanup: 50917 ns, At safepoint: 40875 ns, Total: 516042 ns
[2025-09-03T08:25:40.899+0000][176][info ][safepoint   ] Safepoint "Cleanup", Time since last: 2003982250 ns, Reaching safepoint: 108584 ns, Cleanup: 229041 ns, At safepoint: 34459 ns, Total: 372084 ns
[2025-09-03T08:25:41.901+0000][176][info ][safepoint   ] Safepoint "Cleanup", Time since last: 1001327959 ns, Reaching safepoint: 93000 ns, Cleanup: 26666 ns, At safepoint: 7834 ns, Total: 127500 ns
[2025-09-03T08:25:43.902+0000][176][info ][safepoint   ] Safepoint "Cleanup", Time since last: 2001503667 ns, Reaching safepoint: 41000 ns, Cleanup: 23334 ns, At safepoint: 8875 ns, Total: 73209 ns
[2025-09-03T08:25:47.908+0000][176][info ][safepoint   ] Safepoint "Cleanup", Time since last: 4005144251 ns, Reaching safepoint: 72375 ns, Cleanup: 47917 ns, At safepoint: 24917 ns, Total: 145209 ns
[2025-09-03T08:25:48.910+0000][176][info ][safepoint   ] Safepoint "Cleanup", Time since last: 1002291875 ns, Reaching safepoint: 76917 ns, Cleanup: 46333 ns, At safepoint: 23500 ns, Total: 146750 ns
[2025-09-03T08:25:50.913+0000][176][info ][safepoint   ] Safepoint "Cleanup", Time since last: 2002692918 ns, Reaching safepoint: 89958 ns, Cleanup: 62959 ns, At safepoint: 24500 ns, Total: 177417 ns
[2025-09-03T08:25:53.917+0000][176][info ][safepoint   ] Safepoint "Cleanup", Time since last: 3003698793 ns, Reaching safepoint: 98208 ns, Cleanup: 161375 ns, At safepoint: 34083 ns, Total: 293666 ns
[2025-09-03T08:25:55.213+0000][176][info ][gc,start    ] GC(21) Pause Young (Mixed) (G1 Evacuation Pause)
[2025-09-03T08:25:55.213+0000][176][info ][gc,task     ] GC(21) Using 8 workers of 8 for evacuation
[2025-09-03T08:25:55.214+0000][176][debug][gc,age      ] GC(21) Desired survivor size 41943040 bytes, new threshold 15 (max threshold 15)
[2025-09-03T08:25:55.267+0000][176][info ][gc,phases   ] GC(21)   Pre Evacuate Collection Set: 10.45ms
[2025-09-03T08:25:55.267+0000][176][info ][gc,phases   ] GC(21)   Merge Heap Roots: 0.52ms
[2025-09-03T08:25:55.267+0000][176][info ][gc,phases   ] GC(21)   Evacuate Collection Set: 38.74ms
[2025-09-03T08:25:55.267+0000][176][info ][gc,phases   ] GC(21)   Post Evacuate Collection Set: 3.06ms
[2025-09-03T08:25:55.267+0000][176][info ][gc,phases   ] GC(21)   Other: 0.54ms
[2025-09-03T08:25:55.267+0000][176][trace][gc,age      ] GC(21) Age table with threshold 15 (max threshold 15)
[2025-09-03T08:25:55.267+0000][176][trace][gc,age      ] GC(21) - age   1:    3112296 bytes,    3112296 total
[2025-09-03T08:25:55.267+0000][176][trace][gc,age      ] GC(21) - age   2:    4762560 bytes,    7874856 total
[2025-09-03T08:25:55.267+0000][176][trace][gc,age      ] GC(21) - age   3:    1048912 bytes,    8923768 total
[2025-09-03T08:25:55.267+0000][176][info ][gc,heap     ] GC(21) Eden regions: 151->0(150)
[2025-09-03T08:25:55.267+0000][176][info ][gc,heap     ] GC(21) Survivor regions: 2->3(20)
[2025-09-03T08:25:55.267+0000][176][info ][gc,heap     ] GC(21) Old regions: 39->38
[2025-09-03T08:25:55.267+0000][176][info ][gc,heap     ] GC(21) Humongous regions: 2->2
[2025-09-03T08:25:55.267+0000][176][info ][gc,metaspace] GC(21) Metaspace: 157408K(161856K)->157408K(161856K) NonClass: 135601K(138048K)->135601K(138048K) Class: 21807K(23808K)->21807K(23808K)
[2025-09-03T08:25:55.267+0000][176][info ][gc          ] GC(21) Pause Young (Mixed) (G1 Evacuation Pause) 773M->169M(1024M) 54.754ms
[2025-09-03T08:25:55.268+0000][176][info ][gc,cpu      ] GC(21) User=0.35s Sys=0.01s Real=0.06s
[2025-09-03T08:25:55.268+0000][176][info ][safepoint   ] Safepoint "G1CollectForAllocation", Time since last: 1295696709 ns, Reaching safepoint: 59959 ns, Cleanup: 7750 ns, At safepoint: 55081083 ns, Total: 55148792 ns
[2025-09-03T08:25:56.584+0000][176][info ][safepoint   ] Safepoint "Cleanup", Time since last: 1316328376 ns, Reaching safepoint: 5625 ns, Cleanup: 19958 ns, At safepoint: 6417 ns, Total: 32000 ns
[2025-09-03T08:25:58.423+0000][176][info ][safepoint   ] Safepoint "Cleanup", Time since last: 1838345667 ns, Reaching safepoint: 62500 ns, Cleanup: 202083 ns, At safepoint: 18792 ns, Total: 283375 ns
[2025-09-03T08:25:59.424+0000][176][info ][safepoint   ] Safepoint "Cleanup", Time since last: 1001733626 ns, Reaching safepoint: 19750 ns, Cleanup: 22625 ns, At safepoint: 9750 ns, Total: 52125 ns
[2025-09-03T08:26:00.426+0000][176][info ][safepoint   ] Safepoint "Cleanup", Time since last: 1000834542 ns, Reaching safepoint: 1002291 ns, Cleanup: 58834 ns, At safepoint: 22375 ns, Total: 1083500 ns
[2025-09-03T08:26:03.431+0000][176][info ][safepoint   ] Safepoint "Cleanup", Time since last: 3004513209 ns, Reaching safepoint: 58750 ns, Cleanup: 55791 ns, At safepoint: 13042 ns, Total: 127583 ns
[2025-09-03T08:26:08.437+0000][176][info ][safepoint   ] Safepoint "Cleanup", Time since last: 5005482627 ns, Reaching safepoint: 177500 ns, Cleanup: 70584 ns, At safepoint: 30791 ns, Total: 278875 ns
[2025-09-03T08:26:13.445+0000][176][info ][safepoint   ] Safepoint "Cleanup", Time since last: 5007875711 ns, Reaching safepoint: 349292 ns, Cleanup: 64291 ns, At safepoint: 37500 ns, Total: 451083 ns
[2025-09-03T08:26:16.371+0000][176][info ][safepoint   ] Safepoint "Cleanup", Time since last: 2925066168 ns, Reaching safepoint: 368667 ns, Cleanup: 69458 ns, At safepoint: 24959 ns, Total: 463084 ns
[2025-09-03T08:26:19.374+0000][176][info ][safepoint   ] Safepoint "Cleanup", Time since last: 3003580168 ns, Reaching safepoint: 62333 ns, Cleanup: 19500 ns, At safepoint: 16250 ns, Total: 98083 ns
[2025-09-03T08:26:21.376+0000][176][info ][safepoint   ] Safepoint "Cleanup", Time since last: 2001854043 ns, Reaching safepoint: 76250 ns, Cleanup: 51416 ns, At safepoint: 100584 ns, Total: 228250 ns
[2025-09-03T08:26:23.379+0000][176][info ][safepoint   ] Safepoint "Cleanup", Time since last: 2002116417 ns, Reaching safepoint: 231417 ns, Cleanup: 34208 ns, At safepoint: 19000 ns, Total: 284625 ns
[2025-09-03T08:26:25.382+0000][176][info ][safepoint   ] Safepoint "Cleanup", Time since last: 2003054543 ns, Reaching safepoint: 32083 ns, Cleanup: 32084 ns, At safepoint: 13416 ns, Total: 77583 ns
[2025-09-03T08:26:28.385+0000][176][info ][safepoint   ] Safepoint "Cleanup", Time since last: 3002649877 ns, Reaching safepoint: 92833 ns, Cleanup: 90667 ns, At safepoint: 23291 ns, Total: 206791 ns
[2025-09-03T08:26:29.387+0000][176][info ][safepoint   ] Safepoint "Cleanup", Time since last: 1002428334 ns, Reaching safepoint: 14292 ns, Cleanup: 17500 ns, At safepoint: 7500 ns, Total: 39292 ns
[2025-09-03T08:26:31.390+0000][176][info ][safepoint   ] Safepoint "Cleanup", Time since last: 2002582542 ns, Reaching safepoint: 156000 ns, Cleanup: 48417 ns, At safepoint: 20458 ns, Total: 224875 ns
[2025-09-03T08:26:33.393+0000][176][info ][safepoint   ] Safepoint "Cleanup", Time since last: 2002420543 ns, Reaching safepoint: 66250 ns, Cleanup: 72250 ns, At safepoint: 25625 ns, Total: 164125 ns
[2025-09-03T08:26:35.395+0000][176][info ][safepoint   ] Safepoint "Cleanup", Time since last: 2002074168 ns, Reaching safepoint: 28166 ns, Cleanup: 24625 ns, At safepoint: 11167 ns, Total: 63958 ns
[2025-09-03T08:26:38.399+0000][176][info ][safepoint   ] Safepoint "Cleanup", Time since last: 3003698501 ns, Reaching safepoint: 58917 ns, Cleanup: 30792 ns, At safepoint: 18291 ns, Total: 108000 ns
[2025-09-03T08:26:40.400+0000][176][info ][safepoint   ] Safepoint "Cleanup", Time since last: 2001568751 ns, Reaching safepoint: 53542 ns, Cleanup: 29750 ns, At safepoint: 20042 ns, Total: 103334 ns
[2025-09-03T08:26:41.402+0000][176][info ][safepoint   ] Safepoint "Cleanup", Time since last: 1001692500 ns, Reaching safepoint: 29542 ns, Cleanup: 24666 ns, At safepoint: 10292 ns, Total: 64500 ns
[2025-09-03T08:26:42.404+0000][176][info ][safepoint   ] Safepoint "Cleanup", Time since last: 1001294001 ns, Reaching safepoint: 92208 ns, Cleanup: 52542 ns, At safepoint: 29166 ns, Total: 173916 ns
[2025-09-03T08:26:43.405+0000][176][info ][safepoint   ] Safepoint "Cleanup", Time since last: 1000757834 ns, Reaching safepoint: 77667 ns, Cleanup: 34750 ns, At safepoint: 15750 ns, Total: 128167 ns
[2025-09-03T08:26:45.407+0000][176][info ][safepoint   ] Safepoint "Cleanup", Time since last: 2001810209 ns, Reaching safepoint: 85583 ns, Cleanup: 24917 ns, At safepoint: 11333 ns, Total: 121833 ns
[2025-09-03T08:26:48.412+0000][176][info ][safepoint   ] Safepoint "Cleanup", Time since last: 3004924585 ns, Reaching safepoint: 72417 ns, Cleanup: 42250 ns, At safepoint: 24375 ns, Total: 139042 ns
[2025-09-03T08:26:51.414+0000][176][info ][safepoint   ] Safepoint "Cleanup", Time since last: 3002262043 ns, Reaching safepoint: 29125 ns, Cleanup: 25375 ns, At safepoint: 14250 ns, Total: 68750 ns
[2025-09-03T08:26:53.418+0000][176][info ][safepoint   ] Safepoint "Cleanup", Time since last: 2003717376 ns, Reaching safepoint: 68125 ns, Cleanup: 55583 ns, At safepoint: 10667 ns, Total: 134375 ns
[2025-09-03T08:26:54.420+0000][176][info ][safepoint   ] Safepoint "Cleanup", Time since last: 1001666417 ns, Reaching safepoint: 72083 ns, Cleanup: 81459 ns, At safepoint: 16083 ns, Total: 169625 ns
[2025-09-03T08:26:55.420+0000][176][info ][safepoint   ] Safepoint "Cleanup", Time since last: 1000737292 ns, Reaching safepoint: 41458 ns, Cleanup: 16084 ns, At safepoint: 7958 ns, Total: 65500 ns
[2025-09-03T08:26:56.422+0000][176][info ][safepoint   ] Safepoint "Cleanup", Time since last: 1001493792 ns, Reaching safepoint: 91584 ns, Cleanup: 71833 ns, At safepoint: 32083 ns, Total: 195500 ns
[2025-09-03T08:26:57.424+0000][176][info ][safepoint   ] Safepoint "Cleanup", Time since last: 1001627042 ns, Reaching safepoint: 14084 ns, Cleanup: 21958 ns, At safepoint: 6583 ns, Total: 42625 ns
[2025-09-03T08:26:58.425+0000][176][info ][safepoint   ] Safepoint "Cleanup", Time since last: 1000886292 ns, Reaching safepoint: 78917 ns, Cleanup: 22500 ns, At safepoint: 11167 ns, Total: 112584 ns
[2025-09-03T08:26:59.426+0000][176][info ][safepoint   ] Safepoint "Cleanup", Time since last: 1000776042 ns, Reaching safepoint: 57625 ns, Cleanup: 30750 ns, At safepoint: 14417 ns, Total: 102792 ns
[2025-09-03T08:27:00.616+0000][176][info ][safepoint   ] Safepoint "Cleanup", Time since last: 1189799458 ns, Reaching safepoint: 5209 ns, Cleanup: 183000 ns, At safepoint: 9750 ns, Total: 197959 ns
[2025-09-03T08:27:01.643+0000][176][info ][safepoint   ] Safepoint "Cleanup", Time since last: 1026756750 ns, Reaching safepoint: 128333 ns, Cleanup: 35875 ns, At safepoint: 27209 ns, Total: 191417 ns
[2025-09-03T08:27:11.655+0000][176][info ][safepoint   ] Safepoint "Cleanup", Time since last: 10012501421 ns, Reaching safepoint: 115708 ns, Cleanup: 44167 ns, At safepoint: 23375 ns, Total: 183250 ns
[2025-09-03T08:27:13.659+0000][176][info ][safepoint   ] Safepoint "Cleanup", Time since last: 2003486418 ns, Reaching safepoint: 16750 ns, Cleanup: 22250 ns, At safepoint: 7250 ns, Total: 46250 ns
[2025-09-03T08:27:18.486+0000][176][info ][safepoint   ] Safepoint "Cleanup", Time since last: 4826820460 ns, Reaching safepoint: 60667 ns, Cleanup: 33917 ns, At safepoint: 8416 ns, Total: 103000 ns
[2025-09-03T08:27:19.486+0000][176][info ][safepoint   ] Safepoint "Cleanup", Time since last: 1000601001 ns, Reaching safepoint: 12125 ns, Cleanup: 17333 ns, At safepoint: 6125 ns, Total: 35583 ns
[2025-09-03T08:27:20.488+0000][176][info ][safepoint   ] Safepoint "Cleanup", Time since last: 1001308251 ns, Reaching safepoint: 104916 ns, Cleanup: 79334 ns, At safepoint: 10833 ns, Total: 195083 ns
[2025-09-03T08:27:21.489+0000][176][info ][safepoint   ] Safepoint "Cleanup", Time since last: 1000958042 ns, Reaching safepoint: 87625 ns, Cleanup: 56500 ns, At safepoint: 16209 ns, Total: 160334 ns
[2025-09-03T08:27:23.492+0000][176][info ][safepoint   ] Safepoint "Cleanup", Time since last: 2003145292 ns, Reaching safepoint: 25167 ns, Cleanup: 30708 ns, At safepoint: 9167 ns, Total: 65042 ns
[2025-09-03T08:27:27.498+0000][176][info ][safepoint   ] Safepoint "Cleanup", Time since last: 4005501752 ns, Reaching safepoint: 12291 ns, Cleanup: 10042 ns, At safepoint: 6125 ns, Total: 28458 ns
[2025-09-03T08:27:28.499+0000][176][info ][safepoint   ] Safepoint "Cleanup", Time since last: 1000900709 ns, Reaching safepoint: 20000 ns, Cleanup: 20167 ns, At safepoint: 9000 ns, Total: 49167 ns
[2025-09-03T08:27:29.500+0000][176][info ][safepoint   ] Safepoint "Cleanup", Time since last: 1001293042 ns, Reaching safepoint: 14916 ns, Cleanup: 10500 ns, At safepoint: 5500 ns, Total: 30916 ns
[2025-09-03T08:27:30.500+0000][176][info ][safepoint   ] Safepoint "Cleanup", Time since last: 1000368167 ns, Reaching safepoint: 17292 ns, Cleanup: 34250 ns, At safepoint: 10041 ns, Total: 61583 ns
[2025-09-03T08:27:31.503+0000][176][info ][safepoint   ] Safepoint "Cleanup", Time since last: 1002454876 ns, Reaching safepoint: 107250 ns, Cleanup: 41875 ns, At safepoint: 17666 ns, Total: 166791 ns
[2025-09-03T08:27:38.516+0000][176][info ][safepoint   ] Safepoint "Cleanup", Time since last: 7012744920 ns, Reaching safepoint: 217375 ns, Cleanup: 65417 ns, At safepoint: 23375 ns, Total: 306167 ns
[2025-09-03T08:27:39.518+0000][176][info ][safepoint   ] Safepoint "Cleanup", Time since last: 1001760750 ns, Reaching safepoint: 13459 ns, Cleanup: 12583 ns, At safepoint: 6708 ns, Total: 32750 ns
[2025-09-03T08:27:40.518+0000][176][info ][safepoint   ] Safepoint "Cleanup", Time since last: 1000547543 ns, Reaching safepoint: 17625 ns, Cleanup: 18541 ns, At safepoint: 9667 ns, Total: 45833 ns
[2025-09-03T08:27:41.520+0000][176][info ][safepoint   ] Safepoint "Cleanup", Time since last: 1000976292 ns, Reaching safepoint: 21250 ns, Cleanup: 89708 ns, At safepoint: 13959 ns, Total: 124917 ns
[2025-09-03T08:27:42.521+0000][176][info ][safepoint   ] Safepoint "Cleanup", Time since last: 1001167750 ns, Reaching safepoint: 114000 ns, Cleanup: 78917 ns, At safepoint: 26625 ns, Total: 219542 ns
[2025-09-03T08:27:43.523+0000][176][info ][safepoint   ] Safepoint "Cleanup", Time since last: 1001477000 ns, Reaching safepoint: 58875 ns, Cleanup: 66959 ns, At safepoint: 19125 ns, Total: 144959 ns
[2025-09-03T08:27:45.525+0000][176][info ][safepoint   ] Safepoint "Cleanup", Time since last: 2002315501 ns, Reaching safepoint: 51875 ns, Cleanup: 16583 ns, At safepoint: 6792 ns, Total: 75250 ns
[2025-09-03T08:27:48.535+0000][176][info ][safepoint   ] Safepoint "Cleanup", Time since last: 3009747751 ns, Reaching safepoint: 81333 ns, Cleanup: 39000 ns, At safepoint: 16584 ns, Total: 136917 ns
[2025-09-03T08:27:51.539+0000][176][info ][safepoint   ] Safepoint "Cleanup", Time since last: 3003677668 ns, Reaching safepoint: 95542 ns, Cleanup: 67208 ns, At safepoint: 35375 ns, Total: 198125 ns
[2025-09-03T08:27:53.542+0000][176][info ][safepoint   ] Safepoint "Cleanup", Time since last: 2003112584 ns, Reaching safepoint: 38042 ns, Cleanup: 13083 ns, At safepoint: 9292 ns, Total: 60417 ns
[2025-09-03T08:27:58.547+0000][176][info ][safepoint   ] Safepoint "Cleanup", Time since last: 5005353544 ns, Reaching safepoint: 99042 ns, Cleanup: 37916 ns, At safepoint: 17125 ns, Total: 154083 ns
[2025-09-03T08:27:59.548+0000][176][info ][safepoint   ] Safepoint "Cleanup", Time since last: 1001034751 ns, Reaching safepoint: 15708 ns, Cleanup: 16917 ns, At safepoint: 5333 ns, Total: 37958 ns
[2025-09-03T08:28:00.550+0000][176][info ][safepoint   ] Safepoint "Cleanup", Time since last: 1001059083 ns, Reaching safepoint: 33750 ns, Cleanup: 10625 ns, At safepoint: 12709 ns, Total: 57084 ns
[2025-09-03T08:28:01.551+0000][176][info ][safepoint   ] Safepoint "Cleanup", Time since last: 1000729042 ns, Reaching safepoint: 31875 ns, Cleanup: 38291 ns, At safepoint: 17709 ns, Total: 87875 ns
[2025-09-03T08:28:02.617+0000][176][info ][safepoint   ] Safepoint "Cleanup", Time since last: 1066778500 ns, Reaching safepoint: 5959 ns, Cleanup: 26833 ns, At safepoint: 5458 ns, Total: 38250 ns
[2025-09-03T08:28:03.646+0000][176][info ][safepoint   ] Safepoint "Cleanup", Time since last: 1028306209 ns, Reaching safepoint: 333500 ns, Cleanup: 159958 ns, At safepoint: 33167 ns, Total: 526625 ns
[2025-09-03T08:28:04.834+0000][176][info ][safepoint   ] Safepoint "Cleanup", Time since last: 1187854834 ns, Reaching safepoint: 48750 ns, Cleanup: 24875 ns, At safepoint: 15750 ns, Total: 89375 ns
[2025-09-03T08:28:05.839+0000][176][info ][safepoint   ] Safepoint "Cleanup", Time since last: 1004928709 ns, Reaching safepoint: 32166 ns, Cleanup: 47417 ns, At safepoint: 31042 ns, Total: 110625 ns
[2025-09-03T08:28:07.842+0000][176][info ][safepoint   ] Safepoint "Cleanup", Time since last: 2002643251 ns, Reaching safepoint: 350125 ns, Cleanup: 32958 ns, At safepoint: 17667 ns, Total: 400750 ns
[2025-09-03T08:28:08.844+0000][176][info ][safepoint   ] Safepoint "Cleanup", Time since last: 1001546292 ns, Reaching safepoint: 21083 ns, Cleanup: 20208 ns, At safepoint: 12084 ns, Total: 53375 ns
[2025-09-03T08:28:10.846+0000][176][info ][safepoint   ] Safepoint "Cleanup", Time since last: 2002144792 ns, Reaching safepoint: 81125 ns, Cleanup: 41792 ns, At safepoint: 17667 ns, Total: 140584 ns
[2025-09-03T08:28:11.849+0000][176][info ][safepoint   ] Safepoint "Cleanup", Time since last: 1002174459 ns, Reaching safepoint: 156375 ns, Cleanup: 18916 ns, At safepoint: 11750 ns, Total: 187041 ns
[2025-09-03T08:28:13.852+0000][176][info ][safepoint   ] Safepoint "Cleanup", Time since last: 2003318710 ns, Reaching safepoint: 115791 ns, Cleanup: 61625 ns, At safepoint: 38917 ns, Total: 216333 ns
[2025-09-03T08:28:17.655+0000][176][info ][safepoint   ] Safepoint "Cleanup", Time since last: 3803025960 ns, Reaching safepoint: 103417 ns, Cleanup: 63750 ns, At safepoint: 17791 ns, Total: 184958 ns
[2025-09-03T08:28:19.658+0000][176][info ][safepoint   ] Safepoint "Cleanup", Time since last: 2002479001 ns, Reaching safepoint: 22250 ns, Cleanup: 29500 ns, At safepoint: 8875 ns, Total: 60625 ns
[2025-09-03T08:28:20.659+0000][176][info ][safepoint   ] Safepoint "Cleanup", Time since last: 1000824876 ns, Reaching safepoint: 53958 ns, Cleanup: 46250 ns, At safepoint: 11458 ns, Total: 111666 ns
[2025-09-03T08:28:23.663+0000][176][info ][safepoint   ] Safepoint "Cleanup", Time since last: 3004029460 ns, Reaching safepoint: 468792 ns, Cleanup: 24125 ns, At safepoint: 10292 ns, Total: 503209 ns
[2025-09-03T08:28:24.665+0000][176][info ][safepoint   ] Safepoint "Cleanup", Time since last: 1001776333 ns, Reaching safepoint: 97375 ns, Cleanup: 46334 ns, At safepoint: 25041 ns, Total: 168750 ns
[2025-09-03T08:28:26.668+0000][176][info ][safepoint   ] Safepoint "Cleanup", Time since last: 2003187751 ns, Reaching safepoint: 36750 ns, Cleanup: 42125 ns, At safepoint: 8584 ns, Total: 87459 ns
[2025-09-03T08:28:28.672+0000][176][info ][safepoint   ] Safepoint "Cleanup", Time since last: 2002686251 ns, Reaching safepoint: 430958 ns, Cleanup: 37792 ns, At safepoint: 39875 ns, Total: 508625 ns
[2025-09-03T08:28:32.674+0000][176][info ][safepoint   ] Safepoint "Cleanup", Time since last: 4002860334 ns, Reaching safepoint: 55500 ns, Cleanup: 34459 ns, At safepoint: 12250 ns, Total: 102209 ns
[2025-09-03T08:28:37.680+0000][176][info ][safepoint   ] Safepoint "Cleanup", Time since last: 5005606794 ns, Reaching safepoint: 334916 ns, Cleanup: 48500 ns, At safepoint: 20917 ns, Total: 404333 ns
[2025-09-03T08:28:38.682+0000][176][info ][safepoint   ] Safepoint "Cleanup", Time since last: 1001971167 ns, Reaching safepoint: 40417 ns, Cleanup: 43500 ns, At safepoint: 13250 ns, Total: 97167 ns
[2025-09-03T08:28:40.685+0000][176][info ][safepoint   ] Safepoint "Cleanup", Time since last: 2002245626 ns, Reaching safepoint: 53250 ns, Cleanup: 77541 ns, At safepoint: 16709 ns, Total: 147500 ns
[2025-09-03T08:28:41.686+0000][176][info ][safepoint   ] Safepoint "Cleanup", Time since last: 1001066042 ns, Reaching safepoint: 54791 ns, Cleanup: 26375 ns, At safepoint: 19542 ns, Total: 100708 ns
[2025-09-03T08:28:43.689+0000][176][info ][safepoint   ] Safepoint "Cleanup", Time since last: 2002738376 ns, Reaching safepoint: 31125 ns, Cleanup: 19000 ns, At safepoint: 8917 ns, Total: 59042 ns
[2025-09-03T08:28:44.689+0000][176][info ][safepoint   ] Safepoint "Cleanup", Time since last: 1000720917 ns, Reaching safepoint: 46542 ns, Cleanup: 30041 ns, At safepoint: 16959 ns, Total: 93542 ns
[2025-09-03T08:28:46.692+0000][176][info ][safepoint   ] Safepoint "Cleanup", Time since last: 2002163876 ns, Reaching safepoint: 50041 ns, Cleanup: 41834 ns, At safepoint: 24500 ns, Total: 116375 ns
[2025-09-03T08:28:53.700+0000][176][info ][safepoint   ] Safepoint "Cleanup", Time since last: 7008538753 ns, Reaching safepoint: 83917 ns, Cleanup: 46750 ns, At safepoint: 35458 ns, Total: 166125 ns
[2025-09-03T08:28:54.701+0000][176][info ][safepoint   ] Safepoint "Cleanup", Time since last: 1000900167 ns, Reaching safepoint: 48000 ns, Cleanup: 29708 ns, At safepoint: 16250 ns, Total: 93958 ns
[2025-09-03T08:28:58.706+0000][176][info ][safepoint   ] Safepoint "Cleanup", Time since last: 4004875877 ns, Reaching safepoint: 62209 ns, Cleanup: 37875 ns, At safepoint: 102958 ns, Total: 203042 ns
[2025-09-03T08:28:59.708+0000][176][info ][safepoint   ] Safepoint "Cleanup", Time since last: 1001645625 ns, Reaching safepoint: 56917 ns, Cleanup: 38958 ns, At safepoint: 9584 ns, Total: 105459 ns
[2025-09-03T08:29:01.711+0000][176][info ][safepoint   ] Safepoint "Cleanup", Time since last: 2001956666 ns, Reaching safepoint: 494584 ns, Cleanup: 38375 ns, At safepoint: 13250 ns, Total: 546209 ns
[2025-09-03T08:29:03.714+0000][176][info ][safepoint   ] Safepoint "Cleanup", Time since last: 2002533626 ns, Reaching safepoint: 166958 ns, Cleanup: 65625 ns, At safepoint: 42792 ns, Total: 275375 ns
[2025-09-03T08:29:05.642+0000][176][info ][safepoint   ] Safepoint "Cleanup", Time since last: 1928251334 ns, Reaching safepoint: 5167 ns, Cleanup: 25583 ns, At safepoint: 7542 ns, Total: 38292 ns
[2025-09-03T08:29:07.025+0000][176][info ][safepoint   ] Safepoint "Cleanup", Time since last: 1382213375 ns, Reaching safepoint: 60750 ns, Cleanup: 41709 ns, At safepoint: 12625 ns, Total: 115084 ns
[2025-09-03T08:29:09.032+0000][176][info ][safepoint   ] Safepoint "Cleanup", Time since last: 2002216626 ns, Reaching safepoint: 4431916 ns, Cleanup: 198000 ns, At safepoint: 25750 ns, Total: 4655666 ns
[2025-09-03T08:29:10.035+0000][176][info ][safepoint   ] Safepoint "Cleanup", Time since last: 1003082792 ns, Reaching safepoint: 63042 ns, Cleanup: 18083 ns, At safepoint: 18209 ns, Total: 99334 ns
[2025-09-03T08:29:12.037+0000][176][info ][safepoint   ] Safepoint "Cleanup", Time since last: 2002471917 ns, Reaching safepoint: 32625 ns, Cleanup: 24084 ns, At safepoint: 14916 ns, Total: 71625 ns
[2025-09-03T08:29:14.040+0000][176][info ][safepoint   ] Safepoint "Cleanup", Time since last: 2002393751 ns, Reaching safepoint: 114584 ns, Cleanup: 112500 ns, At safepoint: 23708 ns, Total: 250792 ns
[2025-09-03T08:29:15.770+0000][176][info ][safepoint   ] Safepoint "Cleanup", Time since last: 1729641292 ns, Reaching safepoint: 131959 ns, Cleanup: 148541 ns, At safepoint: 23625 ns, Total: 304125 ns
[2025-09-03T08:29:19.775+0000][176][info ][safepoint   ] Safepoint "Cleanup", Time since last: 4004260919 ns, Reaching safepoint: 517125 ns, Cleanup: 70250 ns, At safepoint: 29708 ns, Total: 617083 ns
[2025-09-03T08:29:23.780+0000][176][info ][safepoint   ] Safepoint "Cleanup", Time since last: 4004620919 ns, Reaching safepoint: 98542 ns, Cleanup: 242250 ns, At safepoint: 62916 ns, Total: 403708 ns
[2025-09-03T08:29:28.786+0000][176][info ][safepoint   ] Safepoint "Cleanup", Time since last: 5006268419 ns, Reaching safepoint: 384834 ns, Cleanup: 51375 ns, At safepoint: 105041 ns, Total: 541250 ns
[2025-09-03T08:29:31.788+0000][176][info ][safepoint   ] Safepoint "Cleanup", Time since last: 3002037168 ns, Reaching safepoint: 111000 ns, Cleanup: 29000 ns, At safepoint: 22250 ns, Total: 162250 ns
[2025-09-03T08:29:35.796+0000][176][info ][safepoint   ] Safepoint "Cleanup", Time since last: 4007311585 ns, Reaching safepoint: 76708 ns, Cleanup: 39584 ns, At safepoint: 17666 ns, Total: 133958 ns
[2025-09-03T08:29:40.807+0000][176][info ][safepoint   ] Safepoint "Cleanup", Time since last: 5008691169 ns, Reaching safepoint: 1674167 ns, Cleanup: 31708 ns, At safepoint: 15917 ns, Total: 1721792 ns
[2025-09-03T08:29:42.259+0000][176][info ][safepoint   ] Safepoint "Cleanup", Time since last: 1452818584 ns, Reaching safepoint: 7583 ns, Cleanup: 169084 ns, At safepoint: 20041 ns, Total: 196708 ns
[2025-09-03T08:29:43.266+0000][176][info ][safepoint   ] Safepoint "Cleanup", Time since last: 1006493418 ns, Reaching safepoint: 455458 ns, Cleanup: 15958 ns, At safepoint: 7667 ns, Total: 479083 ns
[2025-09-03T08:29:45.060+0000][176][info ][safepoint   ] Safepoint "Cleanup", Time since last: 1794065959 ns, Reaching safepoint: 60583 ns, Cleanup: 75875 ns, At safepoint: 15750 ns, Total: 152208 ns
[2025-09-03T08:29:49.065+0000][176][info ][safepoint   ] Safepoint "Cleanup", Time since last: 4004418794 ns, Reaching safepoint: 174583 ns, Cleanup: 54750 ns, At safepoint: 64584 ns, Total: 293917 ns
[2025-09-03T08:29:54.074+0000][176][info ][safepoint   ] Safepoint "Cleanup", Time since last: 5008226294 ns, Reaching safepoint: 268916 ns, Cleanup: 69292 ns, At safepoint: 29833 ns, Total: 368041 ns
[2025-09-03T08:29:57.079+0000][176][info ][safepoint   ] Safepoint "Cleanup", Time since last: 3004872793 ns, Reaching safepoint: 42834 ns, Cleanup: 46166 ns, At safepoint: 14417 ns, Total: 103417 ns
[2025-09-03T08:29:59.082+0000][176][info ][safepoint   ] Safepoint "Cleanup", Time since last: 2002995709 ns, Reaching safepoint: 44209 ns, Cleanup: 32041 ns, At safepoint: 12709 ns, Total: 88959 ns
[2025-09-03T08:30:00.084+0000][176][info ][safepoint   ] Safepoint "Cleanup", Time since last: 1002040125 ns, Reaching safepoint: 372250 ns, Cleanup: 86667 ns, At safepoint: 34167 ns, Total: 493084 ns
[2025-09-03T08:30:01.086+0000][176][info ][safepoint   ] Safepoint "Cleanup", Time since last: 1001202082 ns, Reaching safepoint: 45792 ns, Cleanup: 14542 ns, At safepoint: 9875 ns, Total: 70209 ns
[2025-09-03T08:30:04.089+0000][176][info ][safepoint   ] Safepoint "Cleanup", Time since last: 3003061085 ns, Reaching safepoint: 142000 ns, Cleanup: 43625 ns, At safepoint: 36000 ns, Total: 221625 ns
[2025-09-03T08:30:08.093+0000][176][info ][safepoint   ] Safepoint "Cleanup", Time since last: 4003532168 ns, Reaching safepoint: 73167 ns, Cleanup: 48250 ns, At safepoint: 15791 ns, Total: 137208 ns
[2025-09-03T08:30:09.420+0000][176][info ][safepoint   ] Safepoint "Cleanup", Time since last: 1327236251 ns, Reaching safepoint: 5792 ns, Cleanup: 94708 ns, At safepoint: 20958 ns, Total: 121458 ns
[2025-09-03T08:30:09.526+0000][176][info ][gc,start    ] GC(22) Pause Young (Concurrent Start) (CodeCache GC Threshold)
[2025-09-03T08:30:09.526+0000][176][info ][gc,task     ] GC(22) Using 8 workers of 8 for evacuation
[2025-09-03T08:30:09.526+0000][176][debug][gc,age      ] GC(22) Desired survivor size 41943040 bytes, new threshold 15 (max threshold 15)
[2025-09-03T08:30:09.552+0000][176][info ][gc,phases   ] GC(22)   Pre Evacuate Collection Set: 0.78ms
[2025-09-03T08:30:09.552+0000][176][info ][gc,phases   ] GC(22)   Merge Heap Roots: 0.15ms
[2025-09-03T08:30:09.552+0000][176][info ][gc,phases   ] GC(22)   Evacuate Collection Set: 22.02ms
[2025-09-03T08:30:09.552+0000][176][info ][gc,phases   ] GC(22)   Post Evacuate Collection Set: 1.92ms
[2025-09-03T08:30:09.552+0000][176][info ][gc,phases   ] GC(22)   Other: 0.63ms
[2025-09-03T08:30:09.552+0000][176][trace][gc,age      ] GC(22) Age table with threshold 15 (max threshold 15)
[2025-09-03T08:30:09.552+0000][176][trace][gc,age      ] GC(22) - age   1:    1354744 bytes,    1354744 total
[2025-09-03T08:30:09.552+0000][176][trace][gc,age      ] GC(22) - age   2:    2497352 bytes,    3852096 total
[2025-09-03T08:30:09.552+0000][176][trace][gc,age      ] GC(22) - age   3:    4761304 bytes,    8613400 total
[2025-09-03T08:30:09.552+0000][176][trace][gc,age      ] GC(22) - age   4:    1048912 bytes,    9662312 total
[2025-09-03T08:30:09.552+0000][176][info ][gc,heap     ] GC(22) Eden regions: 109->0(150)
[2025-09-03T08:30:09.552+0000][176][info ][gc,heap     ] GC(22) Survivor regions: 3->3(20)
[2025-09-03T08:30:09.552+0000][176][info ][gc,heap     ] GC(22) Old regions: 38->38
[2025-09-03T08:30:09.552+0000][176][info ][gc,heap     ] GC(22) Humongous regions: 2->2
[2025-09-03T08:30:09.552+0000][176][info ][gc,metaspace] GC(22) Metaspace: 158048K(162496K)->158048K(162496K) NonClass: 136224K(138688K)->136224K(138688K) Class: 21823K(23808K)->21823K(23808K)
[2025-09-03T08:30:09.552+0000][176][info ][gc          ] GC(22) Pause Young (Concurrent Start) (CodeCache GC Threshold) 604M->170M(1024M) 26.144ms
[2025-09-03T08:30:09.552+0000][176][info ][gc          ] GC(23) Concurrent Mark Cycle
[2025-09-03T08:30:09.552+0000][176][info ][gc,marking  ] GC(23) Concurrent Scan Root Regions
[2025-09-03T08:30:09.552+0000][176][info ][gc,cpu      ] GC(22) User=0.13s Sys=0.01s Real=0.03s
[2025-09-03T08:30:09.553+0000][176][info ][safepoint   ] Safepoint "G1TryInitiateConcMark", Time since last: 106032084 ns, Reaching safepoint: 14666 ns, Cleanup: 59500 ns, At safepoint: 26384709 ns, Total: 26458875 ns
[2025-09-03T08:30:09.568+0000][176][info ][gc,marking  ] GC(23) Concurrent Scan Root Regions 15.771ms
[2025-09-03T08:30:09.568+0000][176][info ][gc,marking  ] GC(23) Concurrent Mark
[2025-09-03T08:30:09.568+0000][176][info ][gc,marking  ] GC(23) Concurrent Mark From Roots
[2025-09-03T08:30:09.568+0000][176][info ][gc,task     ] GC(23) Using 2 workers of 2 for marking
[2025-09-03T08:30:09.675+0000][176][info ][gc,marking  ] GC(23) Concurrent Mark From Roots 106.672ms
[2025-09-03T08:30:09.675+0000][176][info ][gc,marking  ] GC(23) Concurrent Preclean
[2025-09-03T08:30:09.676+0000][176][info ][gc,marking  ] GC(23) Concurrent Preclean 0.502ms
[2025-09-03T08:30:09.676+0000][176][info ][gc,start    ] GC(23) Pause Remark
[2025-09-03T08:30:09.761+0000][176][info ][gc          ] GC(23) Pause Remark 170M->170M(1024M) 85.503ms
[2025-09-03T08:30:09.761+0000][176][info ][gc,cpu      ] GC(23) User=0.58s Sys=0.00s Real=0.09s
[2025-09-03T08:30:09.762+0000][176][info ][safepoint   ] Safepoint "G1PauseRemark", Time since last: 123112667 ns, Reaching safepoint: 11708 ns, Cleanup: 2500 ns, At safepoint: 85862250 ns, Total: 85876458 ns
[2025-09-03T08:30:09.762+0000][176][info ][gc,marking  ] GC(23) Concurrent Mark 193.490ms
[2025-09-03T08:30:09.762+0000][176][info ][gc,marking  ] GC(23) Concurrent Rebuild Remembered Sets and Scrub Regions
[2025-09-03T08:30:09.803+0000][176][info ][gc,marking  ] GC(23) Concurrent Rebuild Remembered Sets and Scrub Regions 40.556ms
[2025-09-03T08:30:09.803+0000][176][info ][gc,start    ] GC(23) Pause Cleanup
[2025-09-03T08:30:09.803+0000][176][info ][gc          ] GC(23) Pause Cleanup 175M->175M(1024M) 0.133ms
[2025-09-03T08:30:09.803+0000][176][info ][gc,cpu      ] GC(23) User=0.00s Sys=0.00s Real=0.00s
[2025-09-03T08:30:09.803+0000][176][info ][safepoint   ] Safepoint "G1PauseCleanup", Time since last: 41283917 ns, Reaching safepoint: 12333 ns, Cleanup: 63000 ns, At safepoint: 253042 ns, Total: 328375 ns
[2025-09-03T08:30:09.803+0000][176][info ][gc,marking  ] GC(23) Concurrent Clear Claimed Marks
[2025-09-03T08:30:09.804+0000][176][info ][gc,marking  ] GC(23) Concurrent Clear Claimed Marks 0.414ms
[2025-09-03T08:30:09.804+0000][176][info ][gc,marking  ] GC(23) Concurrent Cleanup for Next Mark
[2025-09-03T08:30:09.808+0000][176][info ][gc,marking  ] GC(23) Concurrent Cleanup for Next Mark 4.485ms
[2025-09-03T08:30:09.808+0000][176][info ][gc          ] GC(23) Concurrent Mark Cycle 255.952ms
[2025-09-03T08:30:11.492+0000][176][info ][safepoint   ] Safepoint "Cleanup", Time since last: 1688926375 ns, Reaching safepoint: 97042 ns, Cleanup: 87917 ns, At safepoint: 22750 ns, Total: 207709 ns
[2025-09-03T08:30:14.854+0000][176][info ][safepoint   ] Safepoint "Cleanup", Time since last: 3361883418 ns, Reaching safepoint: 4083 ns, Cleanup: 12417 ns, At safepoint: 4875 ns, Total: 21375 ns
[2025-09-03T08:30:17.859+0000][176][info ][safepoint   ] Safepoint "Cleanup", Time since last: 3004323210 ns, Reaching safepoint: 87583 ns, Cleanup: 84042 ns, At safepoint: 22041 ns, Total: 193666 ns
[2025-09-03T08:30:18.860+0000][176][info ][safepoint   ] Safepoint "Cleanup", Time since last: 1001059751 ns, Reaching safepoint: 64333 ns, Cleanup: 47084 ns, At safepoint: 12083 ns, Total: 123500 ns
[2025-09-03T08:30:19.862+0000][176][info ][safepoint   ] Safepoint "Cleanup", Time since last: 1001952084 ns, Reaching safepoint: 24166 ns, Cleanup: 48625 ns, At safepoint: 11459 ns, Total: 84250 ns
[2025-09-03T08:30:20.862+0000][176][info ][safepoint   ] Safepoint "Cleanup", Time since last: 1000359834 ns, Reaching safepoint: 20208 ns, Cleanup: 30708 ns, At safepoint: 8625 ns, Total: 59541 ns
[2025-09-03T08:30:23.868+0000][176][info ][safepoint   ] Safepoint "Cleanup", Time since last: 3005156877 ns, Reaching safepoint: 72333 ns, Cleanup: 56250 ns, At safepoint: 16208 ns, Total: 144791 ns
[2025-09-03T08:30:24.869+0000][176][info ][safepoint   ] Safepoint "Cleanup", Time since last: 1001519751 ns, Reaching safepoint: 100625 ns, Cleanup: 40333 ns, At safepoint: 26875 ns, Total: 167833 ns
[2025-09-03T08:30:31.877+0000][176][info ][safepoint   ] Safepoint "Cleanup", Time since last: 7007499753 ns, Reaching safepoint: 79500 ns, Cleanup: 32708 ns, At safepoint: 17042 ns, Total: 129250 ns
[2025-09-03T08:30:32.878+0000][176][info ][safepoint   ] Safepoint "Cleanup", Time since last: 1001380375 ns, Reaching safepoint: 59500 ns, Cleanup: 43334 ns, At safepoint: 11375 ns, Total: 114209 ns
[2025-09-03T08:30:33.880+0000][176][info ][safepoint   ] Safepoint "Cleanup", Time since last: 1001611875 ns, Reaching safepoint: 74917 ns, Cleanup: 39125 ns, At safepoint: 16333 ns, Total: 130375 ns
[2025-09-03T08:30:35.882+0000][176][info ][safepoint   ] Safepoint "Cleanup", Time since last: 2002227876 ns, Reaching safepoint: 89833 ns, Cleanup: 42584 ns, At safepoint: 19541 ns, Total: 151958 ns
[2025-09-03T08:30:38.885+0000][176][info ][safepoint   ] Safepoint "Cleanup", Time since last: 3002864293 ns, Reaching safepoint: 85292 ns, Cleanup: 43542 ns, At safepoint: 22166 ns, Total: 151000 ns
[2025-09-03T08:30:40.888+0000][176][info ][safepoint   ] Safepoint "Cleanup", Time since last: 2002546835 ns, Reaching safepoint: 247666 ns, Cleanup: 106292 ns, At safepoint: 17583 ns, Total: 371541 ns
[2025-09-03T08:30:43.891+0000][176][info ][safepoint   ] Safepoint "Cleanup", Time since last: 3002943960 ns, Reaching safepoint: 70959 ns, Cleanup: 71708 ns, At safepoint: 14542 ns, Total: 157209 ns
[2025-09-03T08:30:49.897+0000][176][info ][safepoint   ] Safepoint "Cleanup", Time since last: 6005882669 ns, Reaching safepoint: 11750 ns, Cleanup: 14208 ns, At safepoint: 6042 ns, Total: 32000 ns
[2025-09-03T08:30:50.899+0000][176][info ][safepoint   ] Safepoint "Cleanup", Time since last: 1001976334 ns, Reaching safepoint: 56750 ns, Cleanup: 39125 ns, At safepoint: 14958 ns, Total: 110833 ns
[2025-09-03T08:30:53.903+0000][176][info ][safepoint   ] Safepoint "Cleanup", Time since last: 3002974085 ns, Reaching safepoint: 85375 ns, Cleanup: 57917 ns, At safepoint: 16166 ns, Total: 159458 ns
[2025-09-03T08:30:54.903+0000][176][info ][safepoint   ] Safepoint "Cleanup", Time since last: 1000609042 ns, Reaching safepoint: 25042 ns, Cleanup: 18250 ns, At safepoint: 7208 ns, Total: 50500 ns
[2025-09-03T08:30:55.906+0000][176][info ][safepoint   ] Safepoint "Cleanup", Time since last: 1002977668 ns, Reaching safepoint: 174666 ns, Cleanup: 63209 ns, At safepoint: 60250 ns, Total: 298125 ns
[2025-09-03T08:30:58.911+0000][176][info ][safepoint   ] Safepoint "Cleanup", Time since last: 3003998751 ns, Reaching safepoint: 79583 ns, Cleanup: 258292 ns, At safepoint: 34542 ns, Total: 372417 ns
[2025-09-03T08:30:59.913+0000][176][info ][safepoint   ] Safepoint "Cleanup", Time since last: 1001576250 ns, Reaching safepoint: 72750 ns, Cleanup: 31167 ns, At safepoint: 19958 ns, Total: 123875 ns
[2025-09-03T08:31:00.914+0000][176][info ][safepoint   ] Safepoint "Cleanup", Time since last: 1000878292 ns, Reaching safepoint: 74500 ns, Cleanup: 59916 ns, At safepoint: 21584 ns, Total: 156000 ns
[2025-09-03T08:31:01.915+0000][176][info ][safepoint   ] Safepoint "Cleanup", Time since last: 1001102583 ns, Reaching safepoint: 78375 ns, Cleanup: 70417 ns, At safepoint: 16833 ns, Total: 165625 ns
[2025-09-03T08:31:08.925+0000][176][info ][safepoint   ] Safepoint "Cleanup", Time since last: 7009400087 ns, Reaching safepoint: 151417 ns, Cleanup: 37125 ns, At safepoint: 23833 ns, Total: 212375 ns
[2025-09-03T08:31:11.685+0000][176][info ][safepoint   ] Safepoint "Cleanup", Time since last: 2759962126 ns, Reaching safepoint: 4334 ns, Cleanup: 17166 ns, At safepoint: 5209 ns, Total: 26709 ns
[2025-09-03T08:31:12.685+0000][176][info ][safepoint   ] Safepoint "Cleanup", Time since last: 1000303792 ns, Reaching safepoint: 3333 ns, Cleanup: 19750 ns, At safepoint: 4834 ns, Total: 27917 ns
[2025-09-03T08:31:14.665+0000][176][info ][safepoint   ] Safepoint "Cleanup", Time since last: 1980073126 ns, Reaching safepoint: 13125 ns, Cleanup: 13291 ns, At safepoint: 8375 ns, Total: 34791 ns
[2025-09-03T08:31:15.954+0000][176][info ][safepoint   ] Safepoint "Cleanup", Time since last: 1288310209 ns, Reaching safepoint: 95625 ns, Cleanup: 93584 ns, At safepoint: 22208 ns, Total: 211417 ns
[2025-09-03T08:31:19.958+0000][176][info ][safepoint   ] Safepoint "Cleanup", Time since last: 4003728793 ns, Reaching safepoint: 258084 ns, Cleanup: 92208 ns, At safepoint: 18167 ns, Total: 368459 ns
[2025-09-03T08:31:26.966+0000][176][info ][safepoint   ] Safepoint "Cleanup", Time since last: 7007707753 ns, Reaching safepoint: 100708 ns, Cleanup: 35792 ns, At safepoint: 15708 ns, Total: 152208 ns
[2025-09-03T08:31:30.970+0000][176][info ][safepoint   ] Safepoint "Cleanup", Time since last: 4005053793 ns, Reaching safepoint: 28708 ns, Cleanup: 14042 ns, At safepoint: 14500 ns, Total: 57250 ns
[2025-09-03T08:31:32.973+0000][176][info ][safepoint   ] Safepoint "Cleanup", Time since last: 2003262168 ns, Reaching safepoint: 86125 ns, Cleanup: 69666 ns, At safepoint: 23584 ns, Total: 179375 ns
[2025-09-03T08:31:35.977+0000][176][info ][safepoint   ] Safepoint "Cleanup", Time since last: 3003844751 ns, Reaching safepoint: 71542 ns, Cleanup: 56291 ns, At safepoint: 21042 ns, Total: 148875 ns
[2025-09-03T08:31:38.981+0000][176][info ][safepoint   ] Safepoint "Cleanup", Time since last: 3003951543 ns, Reaching safepoint: 58917 ns, Cleanup: 34375 ns, At safepoint: 12000 ns, Total: 105292 ns
[2025-09-03T08:31:40.985+0000][176][info ][safepoint   ] Safepoint "Cleanup", Time since last: 2003036209 ns, Reaching safepoint: 125417 ns, Cleanup: 105250 ns, At safepoint: 34333 ns, Total: 265000 ns
[2025-09-03T08:31:41.986+0000][176][info ][safepoint   ] Safepoint "Cleanup", Time since last: 1001347792 ns, Reaching safepoint: 67709 ns, Cleanup: 46291 ns, At safepoint: 20167 ns, Total: 134167 ns
[2025-09-03T08:31:43.988+0000][176][info ][safepoint   ] Safepoint "Cleanup", Time since last: 2001435209 ns, Reaching safepoint: 66250 ns, Cleanup: 52292 ns, At safepoint: 20167 ns, Total: 138709 ns
[2025-09-03T08:31:45.990+0000][176][info ][safepoint   ] Safepoint "Cleanup", Time since last: 2002051959 ns, Reaching safepoint: 70208 ns, Cleanup: 51417 ns, At safepoint: 12125 ns, Total: 133750 ns
[2025-09-03T08:31:49.994+0000][176][info ][safepoint   ] Safepoint "Cleanup", Time since last: 4003607668 ns, Reaching safepoint: 54792 ns, Cleanup: 19000 ns, At safepoint: 27917 ns, Total: 101709 ns
[2025-09-03T08:31:50.995+0000][176][info ][safepoint   ] Safepoint "Cleanup", Time since last: 1001111542 ns, Reaching safepoint: 78125 ns, Cleanup: 51000 ns, At safepoint: 21083 ns, Total: 150208 ns
[2025-09-03T08:31:54.001+0000][176][info ][safepoint   ] Safepoint "Cleanup", Time since last: 3005507793 ns, Reaching safepoint: 109250 ns, Cleanup: 83584 ns, At safepoint: 49791 ns, Total: 242625 ns
[2025-09-03T08:32:00.007+0000][176][info ][safepoint   ] Safepoint "Cleanup", Time since last: 6005832628 ns, Reaching safepoint: 54959 ns, Cleanup: 58500 ns, At safepoint: 25875 ns, Total: 139334 ns
[2025-09-03T08:32:06.017+0000][176][info ][safepoint   ] Safepoint "Cleanup", Time since last: 6007300419 ns, Reaching safepoint: 1247500 ns, Cleanup: 93333 ns, At safepoint: 44750 ns, Total: 1385583 ns
[2025-09-03T08:32:10.022+0000][176][info ][safepoint   ] Safepoint "Cleanup", Time since last: 4004208960 ns, Reaching safepoint: 1178625 ns, Cleanup: 19459 ns, At safepoint: 48416 ns, Total: 1246500 ns
[2025-09-03T08:32:14.026+0000][176][info ][safepoint   ] Safepoint "Cleanup", Time since last: 4003898961 ns, Reaching safepoint: 51666 ns, Cleanup: 76459 ns, At safepoint: 29666 ns, Total: 157791 ns
[2025-09-03T08:32:15.859+0000][176][info ][safepoint   ] Safepoint "Cleanup", Time since last: 1832434876 ns, Reaching safepoint: 6333 ns, Cleanup: 81167 ns, At safepoint: 10083 ns, Total: 97583 ns
[2025-09-03T08:32:18.886+0000][176][info ][safepoint   ] Safepoint "Cleanup", Time since last: 3027442669 ns, Reaching safepoint: 68583 ns, Cleanup: 40750 ns, At safepoint: 20167 ns, Total: 129500 ns
[2025-09-03T08:32:20.889+0000][176][info ][safepoint   ] Safepoint "Cleanup", Time since last: 2002805084 ns, Reaching safepoint: 85208 ns, Cleanup: 87042 ns, At safepoint: 29208 ns, Total: 201458 ns
[2025-09-03T08:32:21.892+0000][176][info ][safepoint   ] Safepoint "Cleanup", Time since last: 1002881709 ns, Reaching safepoint: 19292 ns, Cleanup: 21250 ns, At safepoint: 16500 ns, Total: 57042 ns
[2025-09-03T08:32:23.894+0000][176][info ][safepoint   ] Safepoint "Cleanup", Time since last: 2001927709 ns, Reaching safepoint: 41292 ns, Cleanup: 41416 ns, At safepoint: 11875 ns, Total: 94583 ns
[2025-09-03T08:32:24.895+0000][176][info ][safepoint   ] Safepoint "Cleanup", Time since last: 1001168542 ns, Reaching safepoint: 80917 ns, Cleanup: 47500 ns, At safepoint: 27375 ns, Total: 155792 ns
[2025-09-03T08:32:26.899+0000][176][info ][safepoint   ] Safepoint "Cleanup", Time since last: 2003302709 ns, Reaching safepoint: 344542 ns, Cleanup: 74667 ns, At safepoint: 42750 ns, Total: 461959 ns
[2025-09-03T08:32:27.901+0000][176][info ][safepoint   ] Safepoint "Cleanup", Time since last: 1001622459 ns, Reaching safepoint: 190375 ns, Cleanup: 82958 ns, At safepoint: 16792 ns, Total: 290125 ns
[2025-09-03T08:32:30.904+0000][176][info ][safepoint   ] Safepoint "Cleanup", Time since last: 3002868000 ns, Reaching safepoint: 66542 ns, Cleanup: 16208 ns, At safepoint: 14125 ns, Total: 96875 ns
[2025-09-03T08:32:31.905+0000][176][info ][safepoint   ] Safepoint "Cleanup", Time since last: 1000786542 ns, Reaching safepoint: 190459 ns, Cleanup: 46833 ns, At safepoint: 27958 ns, Total: 265250 ns
[2025-09-03T08:32:40.915+0000][176][info ][safepoint   ] Safepoint "Cleanup", Time since last: 9009730255 ns, Reaching safepoint: 46083 ns, Cleanup: 34042 ns, At safepoint: 13666 ns, Total: 93791 ns
[2025-09-03T08:32:44.918+0000][176][info ][safepoint   ] Safepoint "Cleanup", Time since last: 4003757836 ns, Reaching safepoint: 19875 ns, Cleanup: 21708 ns, At safepoint: 13083 ns, Total: 54666 ns
[2025-09-03T08:32:45.920+0000][176][info ][safepoint   ] Safepoint "Cleanup", Time since last: 1001586667 ns, Reaching safepoint: 16834 ns, Cleanup: 14541 ns, At safepoint: 8542 ns, Total: 39917 ns
[2025-09-03T08:32:46.921+0000][176][info ][safepoint   ] Safepoint "Cleanup", Time since last: 1000462376 ns, Reaching safepoint: 147458 ns, Cleanup: 69667 ns, At safepoint: 43000 ns, Total: 260125 ns
[2025-09-03T08:32:47.923+0000][176][info ][safepoint   ] Safepoint "Cleanup", Time since last: 1002469375 ns, Reaching safepoint: 106750 ns, Cleanup: 58000 ns, At safepoint: 32125 ns, Total: 196875 ns
[2025-09-03T08:32:48.925+0000][176][info ][safepoint   ] Safepoint "Cleanup", Time since last: 1001108584 ns, Reaching safepoint: 65667 ns, Cleanup: 80708 ns, At safepoint: 20375 ns, Total: 166750 ns
[2025-09-03T08:32:49.927+0000][176][info ][safepoint   ] Safepoint "Cleanup", Time since last: 1001781167 ns, Reaching safepoint: 41792 ns, Cleanup: 28708 ns, At safepoint: 10333 ns, Total: 80833 ns
[2025-09-03T08:32:57.935+0000][176][info ][safepoint   ] Safepoint "Cleanup", Time since last: 8008018546 ns, Reaching safepoint: 462083 ns, Cleanup: 39959 ns, At safepoint: 16916 ns, Total: 518958 ns
[2025-09-03T08:33:02.940+0000][176][info ][safepoint   ] Safepoint "Cleanup", Time since last: 5004873752 ns, Reaching safepoint: 88291 ns, Cleanup: 39584 ns, At safepoint: 21791 ns, Total: 149666 ns
[2025-09-03T08:33:03.942+0000][176][info ][safepoint   ] Safepoint "Cleanup", Time since last: 1001436126 ns, Reaching safepoint: 84583 ns, Cleanup: 70167 ns, At safepoint: 26291 ns, Total: 181041 ns
[2025-09-03T08:33:08.950+0000][176][info ][safepoint   ] Safepoint "Cleanup", Time since last: 5007910128 ns, Reaching safepoint: 90625 ns, Cleanup: 54375 ns, At safepoint: 25458 ns, Total: 170458 ns
[2025-09-03T08:33:16.088+0000][176][info ][safepoint   ] Safepoint "Cleanup", Time since last: 7138097045 ns, Reaching safepoint: 33584 ns, Cleanup: 22541 ns, At safepoint: 10625 ns, Total: 66750 ns
[2025-09-03T08:33:17.732+0000][176][info ][safepoint   ] Safepoint "Cleanup", Time since last: 1643690668 ns, Reaching safepoint: 19166 ns, Cleanup: 22709 ns, At safepoint: 3166 ns, Total: 45041 ns
[2025-09-03T08:33:19.083+0000][176][info ][safepoint   ] Safepoint "Cleanup", Time since last: 1351156501 ns, Reaching safepoint: 72917 ns, Cleanup: 90666 ns, At safepoint: 47667 ns, Total: 211250 ns
[2025-09-03T08:33:21.087+0000][176][info ][safepoint   ] Safepoint "Cleanup", Time since last: 2003101418 ns, Reaching safepoint: 63583 ns, Cleanup: 35667 ns, At safepoint: 47333 ns, Total: 146583 ns
[2025-09-03T08:33:24.090+0000][176][info ][safepoint   ] Safepoint "Cleanup", Time since last: 3003285293 ns, Reaching safepoint: 24583 ns, Cleanup: 17834 ns, At safepoint: 11625 ns, Total: 54042 ns
[2025-09-03T08:33:25.092+0000][176][info ][safepoint   ] Safepoint "Cleanup", Time since last: 1001463834 ns, Reaching safepoint: 126583 ns, Cleanup: 109625 ns, At safepoint: 32250 ns, Total: 268458 ns
[2025-09-03T08:33:34.104+0000][176][info ][safepoint   ] Safepoint "Cleanup", Time since last: 9011769753 ns, Reaching safepoint: 88334 ns, Cleanup: 71333 ns, At safepoint: 18500 ns, Total: 178167 ns
[2025-09-03T08:33:36.107+0000][176][info ][safepoint   ] Safepoint "Cleanup", Time since last: 2003017959 ns, Reaching safepoint: 75792 ns, Cleanup: 66625 ns, At safepoint: 16458 ns, Total: 158875 ns
[2025-09-03T08:33:39.114+0000][176][info ][safepoint   ] Safepoint "Cleanup", Time since last: 3006730377 ns, Reaching safepoint: 363708 ns, Cleanup: 74792 ns, At safepoint: 37875 ns, Total: 476375 ns
[2025-09-03T08:33:41.117+0000][176][info ][safepoint   ] Safepoint "Cleanup", Time since last: 2002787876 ns, Reaching safepoint: 62333 ns, Cleanup: 166333 ns, At safepoint: 21792 ns, Total: 250458 ns
[2025-09-03T08:33:42.120+0000][176][info ][safepoint   ] Safepoint "Cleanup", Time since last: 1002246917 ns, Reaching safepoint: 77667 ns, Cleanup: 50000 ns, At safepoint: 25041 ns, Total: 152708 ns
[2025-09-03T08:33:44.123+0000][176][info ][safepoint   ] Safepoint "Cleanup", Time since last: 2002839001 ns, Reaching safepoint: 71959 ns, Cleanup: 76583 ns, At safepoint: 17625 ns, Total: 166167 ns
[2025-09-03T08:33:46.125+0000][176][info ][safepoint   ] Safepoint "Cleanup", Time since last: 2002773209 ns, Reaching safepoint: 82375 ns, Cleanup: 50417 ns, At safepoint: 12500 ns, Total: 145292 ns
[2025-09-03T08:33:49.131+0000][176][info ][safepoint   ] Safepoint "Cleanup", Time since last: 3005021460 ns, Reaching safepoint: 115750 ns, Cleanup: 23166 ns, At safepoint: 15917 ns, Total: 154833 ns
[2025-09-03T08:33:54.136+0000][176][info ][safepoint   ] Safepoint "Cleanup", Time since last: 5005659419 ns, Reaching safepoint: 46167 ns, Cleanup: 53375 ns, At safepoint: 14416 ns, Total: 113958 ns
[2025-09-03T08:34:01.144+0000][176][info ][safepoint   ] Safepoint "Cleanup", Time since last: 7007361878 ns, Reaching safepoint: 159000 ns, Cleanup: 59458 ns, At safepoint: 21792 ns, Total: 240250 ns
[2025-09-03T08:34:04.149+0000][176][info ][safepoint   ] Safepoint "Cleanup", Time since last: 3005207710 ns, Reaching safepoint: 103333 ns, Cleanup: 46542 ns, At safepoint: 19666 ns, Total: 169541 ns
[2025-09-03T08:34:12.159+0000][176][info ][safepoint   ] Safepoint "Cleanup", Time since last: 8010059796 ns, Reaching safepoint: 95458 ns, Cleanup: 56208 ns, At safepoint: 20875 ns, Total: 172541 ns
[2025-09-03T08:34:19.138+0000][176][info ][safepoint   ] Safepoint "Cleanup", Time since last: 6978731004 ns, Reaching safepoint: 75458 ns, Cleanup: 263833 ns, At safepoint: 33709 ns, Total: 373000 ns
[2025-09-03T08:34:20.727+0000][176][info ][safepoint   ] Safepoint "Cleanup", Time since last: 1589127834 ns, Reaching safepoint: 4791 ns, Cleanup: 42459 ns, At safepoint: 5916 ns, Total: 53166 ns
[2025-09-03T08:34:22.297+0000][176][info ][safepoint   ] Safepoint "Cleanup", Time since last: 1569692001 ns, Reaching safepoint: 97209 ns, Cleanup: 101416 ns, At safepoint: 21667 ns, Total: 220292 ns
[2025-09-03T08:34:25.301+0000][176][info ][safepoint   ] Safepoint "Cleanup", Time since last: 3003023376 ns, Reaching safepoint: 135959 ns, Cleanup: 53000 ns, At safepoint: 22458 ns, Total: 211417 ns
[2025-09-03T08:34:26.302+0000][176][info ][safepoint   ] Safepoint "Cleanup", Time since last: 1000855750 ns, Reaching safepoint: 64167 ns, Cleanup: 55958 ns, At safepoint: 26292 ns, Total: 146417 ns
[2025-09-03T08:34:28.305+0000][176][info ][safepoint   ] Safepoint "Cleanup", Time since last: 2003208751 ns, Reaching safepoint: 14375 ns, Cleanup: 9708 ns, At safepoint: 9917 ns, Total: 34000 ns
[2025-09-03T08:34:35.313+0000][176][info ][safepoint   ] Safepoint "Cleanup", Time since last: 7007280794 ns, Reaching safepoint: 119333 ns, Cleanup: 50375 ns, At safepoint: 28417 ns, Total: 198125 ns
[2025-09-03T08:34:40.319+0000][176][info ][safepoint   ] Safepoint "Cleanup", Time since last: 5006456502 ns, Reaching safepoint: 147834 ns, Cleanup: 31708 ns, At safepoint: 20708 ns, Total: 200250 ns
[2025-09-03T08:34:43.324+0000][176][info ][safepoint   ] Safepoint "Cleanup", Time since last: 3003879169 ns, Reaching safepoint: 179916 ns, Cleanup: 84875 ns, At safepoint: 119125 ns, Total: 383916 ns
[2025-09-03T08:34:44.749+0000][176][info ][safepoint   ] Safepoint "Cleanup", Time since last: 1425213126 ns, Reaching safepoint: 5417 ns, Cleanup: 15666 ns, At safepoint: 7959 ns, Total: 29042 ns
[2025-09-03T08:34:46.390+0000][176][info ][safepoint   ] Safepoint "Cleanup", Time since last: 1640987500 ns, Reaching safepoint: 71750 ns, Cleanup: 107167 ns, At safepoint: 16125 ns, Total: 195042 ns
[2025-09-03T08:34:47.454+0000][176][info ][safepoint   ] Safepoint "Cleanup", Time since last: 1063754709 ns, Reaching safepoint: 65208 ns, Cleanup: 102584 ns, At safepoint: 31458 ns, Total: 199250 ns
[2025-09-03T08:34:48.455+0000][176][info ][safepoint   ] Safepoint "Cleanup", Time since last: 1000851084 ns, Reaching safepoint: 45166 ns, Cleanup: 102334 ns, At safepoint: 31875 ns, Total: 179375 ns
[2025-09-03T08:34:49.875+0000][176][info ][safepoint   ] Safepoint "Cleanup", Time since last: 1419703167 ns, Reaching safepoint: 42208 ns, Cleanup: 84250 ns, At safepoint: 33834 ns, Total: 160292 ns
[2025-09-03T08:34:50.877+0000][176][info ][safepoint   ] Safepoint "Cleanup", Time since last: 1001757292 ns, Reaching safepoint: 60708 ns, Cleanup: 34875 ns, At safepoint: 19792 ns, Total: 115375 ns
[2025-09-03T08:34:52.880+0000][176][info ][safepoint   ] Safepoint "Cleanup", Time since last: 2002966542 ns, Reaching safepoint: 52625 ns, Cleanup: 35334 ns, At safepoint: 15791 ns, Total: 103750 ns
[2025-09-03T08:34:53.881+0000][176][info ][safepoint   ] Safepoint "Cleanup", Time since last: 1000876584 ns, Reaching safepoint: 83500 ns, Cleanup: 58375 ns, At safepoint: 35042 ns, Total: 176917 ns
[2025-09-03T08:34:58.888+0000][176][info ][safepoint   ] Safepoint "Cleanup", Time since last: 5006408086 ns, Reaching safepoint: 415500 ns, Cleanup: 46916 ns, At safepoint: 689792 ns, Total: 1152208 ns
[2025-09-03T08:35:03.899+0000][176][info ][safepoint   ] Safepoint "Cleanup", Time since last: 5010305376 ns, Reaching safepoint: 276792 ns, Cleanup: 40917 ns, At safepoint: 27458 ns, Total: 345167 ns
[2025-09-03T08:35:05.902+0000][176][info ][safepoint   ] Safepoint "Cleanup", Time since last: 2002979418 ns, Reaching safepoint: 87500 ns, Cleanup: 92166 ns, At safepoint: 27000 ns, Total: 206666 ns
[2025-09-03T08:35:10.908+0000][176][info ][safepoint   ] Safepoint "Cleanup", Time since last: 5005625044 ns, Reaching safepoint: 39792 ns, Cleanup: 37917 ns, At safepoint: 21333 ns, Total: 99042 ns
[2025-09-03T08:35:18.214+0000][176][info ][safepoint   ] Safepoint "Cleanup", Time since last: 7306744129 ns, Reaching safepoint: 43958 ns, Cleanup: 22042 ns, At safepoint: 10000 ns, Total: 76000 ns
[2025-09-03T08:35:23.221+0000][176][info ][safepoint   ] Safepoint "Cleanup", Time since last: 5006121335 ns, Reaching safepoint: 117375 ns, Cleanup: 49459 ns, At safepoint: 23458 ns, Total: 190292 ns
[2025-09-03T08:35:24.556+0000][176][info ][safepoint   ] Safepoint "Cleanup", Time since last: 1334996542 ns, Reaching safepoint: 10584 ns, Cleanup: 33000 ns, At safepoint: 17041 ns, Total: 60625 ns
[2025-09-03T08:35:25.594+0000][176][info ][safepoint   ] Safepoint "Cleanup", Time since last: 1038465584 ns, Reaching safepoint: 12292 ns, Cleanup: 58250 ns, At safepoint: 15333 ns, Total: 85875 ns
[2025-09-03T08:35:26.600+0000][176][info ][safepoint   ] Safepoint "Cleanup", Time since last: 1006028959 ns, Reaching safepoint: 43083 ns, Cleanup: 32625 ns, At safepoint: 16417 ns, Total: 92125 ns
[2025-09-03T08:35:27.601+0000][176][info ][safepoint   ] Safepoint "Cleanup", Time since last: 1000813792 ns, Reaching safepoint: 44250 ns, Cleanup: 35875 ns, At safepoint: 69458 ns, Total: 149583 ns
[2025-09-03T08:35:30.605+0000][176][info ][safepoint   ] Safepoint "Cleanup", Time since last: 3003900168 ns, Reaching safepoint: 29875 ns, Cleanup: 16583 ns, At safepoint: 8459 ns, Total: 54917 ns
[2025-09-03T08:35:32.609+0000][176][info ][safepoint   ] Safepoint "Cleanup", Time since last: 2003088500 ns, Reaching safepoint: 272459 ns, Cleanup: 44583 ns, At safepoint: 18208 ns, Total: 335250 ns
[2025-09-03T08:35:36.614+0000][176][info ][safepoint   ] Safepoint "Cleanup", Time since last: 4004748086 ns, Reaching safepoint: 108708 ns, Cleanup: 51708 ns, At safepoint: 21084 ns, Total: 181500 ns
[2025-09-03T08:35:38.617+0000][176][info ][safepoint   ] Safepoint "Cleanup", Time since last: 2002669251 ns, Reaching safepoint: 70500 ns, Cleanup: 63791 ns, At safepoint: 15500 ns, Total: 149791 ns
[2025-09-03T08:35:39.619+0000][176][info ][safepoint   ] Safepoint "Cleanup", Time since last: 1002327584 ns, Reaching safepoint: 11208 ns, Cleanup: 7834 ns, At safepoint: 4416 ns, Total: 23458 ns
[2025-09-03T08:35:40.619+0000][176][info ][safepoint   ] Safepoint "Cleanup", Time since last: 1000397501 ns, Reaching safepoint: 58583 ns, Cleanup: 56417 ns, At safepoint: 16167 ns, Total: 131167 ns
[2025-09-03T08:35:43.624+0000][176][info ][safepoint   ] Safepoint "Cleanup", Time since last: 3003889209 ns, Reaching safepoint: 75250 ns, Cleanup: 58834 ns, At safepoint: 19416 ns, Total: 153500 ns
[2025-09-03T08:35:53.638+0000][176][info ][safepoint   ] Safepoint "Cleanup", Time since last: 10013339088 ns, Reaching safepoint: 801042 ns, Cleanup: 122167 ns, At safepoint: 49750 ns, Total: 972959 ns
[2025-09-03T08:36:09.657+0000][176][info ][safepoint   ] Safepoint "Cleanup", Time since last: 16019440965 ns, Reaching safepoint: 189542 ns, Cleanup: 13875 ns, At safepoint: 7416 ns, Total: 210833 ns
[2025-09-03T08:36:10.660+0000][176][info ][safepoint   ] Safepoint "Cleanup", Time since last: 1002452001 ns, Reaching safepoint: 51208 ns, Cleanup: 22000 ns, At safepoint: 12875 ns, Total: 86083 ns
[2025-09-03T08:36:12.668+0000][176][info ][safepoint   ] Safepoint "Cleanup", Time since last: 2008127293 ns, Reaching safepoint: 91750 ns, Cleanup: 47583 ns, At safepoint: 20000 ns, Total: 159333 ns
[2025-09-03T08:36:15.315+0000][176][info ][safepoint   ] Safepoint "Cleanup", Time since last: 2646382793 ns, Reaching safepoint: 16875 ns, Cleanup: 26042 ns, At safepoint: 23708 ns, Total: 66625 ns
[2025-09-03T08:36:16.316+0000][176][info ][safepoint   ] Safepoint "Cleanup", Time since last: 1001024126 ns, Reaching safepoint: 71791 ns, Cleanup: 42750 ns, At safepoint: 21375 ns, Total: 135916 ns
[2025-09-03T08:36:21.322+0000][176][info ][safepoint   ] Safepoint "Cleanup", Time since last: 5005846461 ns, Reaching safepoint: 73625 ns, Cleanup: 83125 ns, At safepoint: 24250 ns, Total: 181000 ns
[2025-09-03T08:36:22.324+0000][176][info ][safepoint   ] Safepoint "Cleanup", Time since last: 1001825584 ns, Reaching safepoint: 63500 ns, Cleanup: 46250 ns, At safepoint: 9792 ns, Total: 119542 ns
[2025-09-03T08:36:26.330+0000][176][info ][safepoint   ] Safepoint "Cleanup", Time since last: 4005763085 ns, Reaching safepoint: 71416 ns, Cleanup: 48167 ns, At safepoint: 21417 ns, Total: 141000 ns
[2025-09-03T08:36:27.729+0000][176][info ][safepoint   ] Safepoint "Cleanup", Time since last: 1399113292 ns, Reaching safepoint: 9208 ns, Cleanup: 44000 ns, At safepoint: 11167 ns, Total: 64375 ns
[2025-09-03T08:36:29.748+0000][176][info ][safepoint   ] Safepoint "Cleanup", Time since last: 2019264584 ns, Reaching safepoint: 136250 ns, Cleanup: 30000 ns, At safepoint: 14250 ns, Total: 180500 ns
[2025-09-03T08:36:30.751+0000][176][info ][safepoint   ] Safepoint "Cleanup", Time since last: 1002025792 ns, Reaching safepoint: 126792 ns, Cleanup: 26833 ns, At safepoint: 24167 ns, Total: 177792 ns
[2025-09-03T08:36:32.753+0000][176][info ][safepoint   ] Safepoint "Cleanup", Time since last: 2001847667 ns, Reaching safepoint: 29167 ns, Cleanup: 34125 ns, At safepoint: 13167 ns, Total: 76459 ns
[2025-09-03T08:36:33.753+0000][176][info ][safepoint   ] Safepoint "Cleanup", Time since last: 1000435417 ns, Reaching safepoint: 107750 ns, Cleanup: 38958 ns, At safepoint: 23250 ns, Total: 169958 ns
[2025-09-03T08:36:40.762+0000][176][info ][safepoint   ] Safepoint "Cleanup", Time since last: 7008718212 ns, Reaching safepoint: 163500 ns, Cleanup: 98375 ns, At safepoint: 22583 ns, Total: 284458 ns
[2025-09-03T08:36:43.766+0000][176][info ][safepoint   ] Safepoint "Cleanup", Time since last: 3003430043 ns, Reaching safepoint: 65917 ns, Cleanup: 68166 ns, At safepoint: 24584 ns, Total: 158667 ns
[2025-09-03T08:36:44.732+0000][176][info ][gc,start    ] GC(24) Pause Young (Prepare Mixed) (G1 Evacuation Pause)
[2025-09-03T08:36:44.733+0000][176][info ][gc,task     ] GC(24) Using 8 workers of 8 for evacuation
[2025-09-03T08:36:44.733+0000][176][debug][gc,age      ] GC(24) Desired survivor size 41943040 bytes, new threshold 15 (max threshold 15)
[2025-09-03T08:36:44.766+0000][176][info ][gc,phases   ] GC(24)   Pre Evacuate Collection Set: 1.57ms
[2025-09-03T08:36:44.766+0000][176][info ][gc,phases   ] GC(24)   Merge Heap Roots: 0.44ms
[2025-09-03T08:36:44.766+0000][176][info ][gc,phases   ] GC(24)   Evacuate Collection Set: 27.97ms
[2025-09-03T08:36:44.766+0000][176][info ][gc,phases   ] GC(24)   Post Evacuate Collection Set: 2.86ms
[2025-09-03T08:36:44.766+0000][176][info ][gc,phases   ] GC(24)   Other: 0.60ms
[2025-09-03T08:36:44.766+0000][176][trace][gc,age      ] GC(24) Age table with threshold 15 (max threshold 15)
[2025-09-03T08:36:44.766+0000][176][trace][gc,age      ] GC(24) - age   1:    1467128 bytes,    1467128 total
[2025-09-03T08:36:44.767+0000][176][trace][gc,age      ] GC(24) - age   2:     159272 bytes,    1626400 total
[2025-09-03T08:36:44.767+0000][176][trace][gc,age      ] GC(24) - age   3:    2436040 bytes,    4062440 total
[2025-09-03T08:36:44.767+0000][176][trace][gc,age      ] GC(24) - age   4:    4666336 bytes,    8728776 total
[2025-09-03T08:36:44.767+0000][176][trace][gc,age      ] GC(24) - age   5:    1042824 bytes,    9771600 total
[2025-09-03T08:36:44.767+0000][176][info ][gc,heap     ] GC(24) Eden regions: 150->0(150)
[2025-09-03T08:36:44.767+0000][176][info ][gc,heap     ] GC(24) Survivor regions: 3->3(20)
[2025-09-03T08:36:44.767+0000][176][info ][gc,heap     ] GC(24) Old regions: 38->38
[2025-09-03T08:36:44.767+0000][176][info ][gc,heap     ] GC(24) Humongous regions: 2->2
[2025-09-03T08:36:44.767+0000][176][info ][gc,metaspace] GC(24) Metaspace: 158543K(163008K)->158543K(163008K) NonClass: 136718K(139200K)->136718K(139200K) Class: 21825K(23808K)->21825K(23808K)
[2025-09-03T08:36:44.767+0000][176][info ][gc          ] GC(24) Pause Young (Prepare Mixed) (G1 Evacuation Pause) 770M->170M(1024M) 35.079ms
[2025-09-03T08:36:44.767+0000][176][info ][gc,cpu      ] GC(24) User=0.24s Sys=0.00s Real=0.03s
[2025-09-03T08:36:44.767+0000][176][info ][safepoint   ] Safepoint "G1CollectForAllocation", Time since last: 965784084 ns, Reaching safepoint: 66041 ns, Cleanup: 10917 ns, At safepoint: 35411500 ns, Total: 35488458 ns
[2025-09-03T08:36:50.774+0000][176][info ][safepoint   ] Safepoint "Cleanup", Time since last: 6006995711 ns, Reaching safepoint: 86917 ns, Cleanup: 24791 ns, At safepoint: 14292 ns, Total: 126000 ns
[2025-09-03T08:36:53.778+0000][176][info ][safepoint   ] Safepoint "Cleanup", Time since last: 3003926085 ns, Reaching safepoint: 58458 ns, Cleanup: 40375 ns, At safepoint: 15375 ns, Total: 114208 ns
[2025-09-03T08:37:02.788+0000][176][info ][safepoint   ] Safepoint "Cleanup", Time since last: 9010216379 ns, Reaching safepoint: 76791 ns, Cleanup: 29917 ns, At safepoint: 14833 ns, Total: 121541 ns
[2025-09-03T08:37:08.797+0000][176][info ][safepoint   ] Safepoint "Cleanup", Time since last: 6008010420 ns, Reaching safepoint: 21458 ns, Cleanup: 22292 ns, At safepoint: 14500 ns, Total: 58250 ns
[2025-09-03T08:37:11.800+0000][176][info ][safepoint   ] Safepoint "Cleanup", Time since last: 3003684960 ns, Reaching safepoint: 20583 ns, Cleanup: 13042 ns, At safepoint: 12875 ns, Total: 46500 ns
[2025-09-03T08:37:13.804+0000][176][info ][safepoint   ] Safepoint "Cleanup", Time since last: 2003180375 ns, Reaching safepoint: 88334 ns, Cleanup: 63833 ns, At safepoint: 31833 ns, Total: 184000 ns
[2025-09-03T08:37:21.323+0000][176][info ][safepoint   ] Safepoint "Cleanup", Time since last: 7518752421 ns, Reaching safepoint: 277750 ns, Cleanup: 65000 ns, At safepoint: 31583 ns, Total: 374333 ns
[2025-09-03T08:37:29.825+0000][176][info ][safepoint   ] Safepoint "Cleanup", Time since last: 8501598004 ns, Reaching safepoint: 1028458 ns, Cleanup: 39334 ns, At safepoint: 12375 ns, Total: 1080167 ns
[2025-09-03T08:37:30.990+0000][176][info ][safepoint   ] Safepoint "Cleanup", Time since last: 1163547750 ns, Reaching safepoint: 78250 ns, Cleanup: 75791 ns, At safepoint: 15459 ns, Total: 169500 ns
[2025-09-03T08:37:32.006+0000][176][info ][safepoint   ] Safepoint "Cleanup", Time since last: 1016763959 ns, Reaching safepoint: 75791 ns, Cleanup: 61542 ns, At safepoint: 23083 ns, Total: 160416 ns
[2025-09-03T08:37:33.008+0000][176][info ][safepoint   ] Safepoint "Cleanup", Time since last: 1001610209 ns, Reaching safepoint: 63167 ns, Cleanup: 44958 ns, At safepoint: 17875 ns, Total: 126000 ns
[2025-09-03T08:37:34.009+0000][176][info ][safepoint   ] Safepoint "Cleanup", Time since last: 1000628542 ns, Reaching safepoint: 269625 ns, Cleanup: 40417 ns, At safepoint: 27333 ns, Total: 337375 ns
[2025-09-03T08:37:40.017+0000][176][info ][safepoint   ] Safepoint "Cleanup", Time since last: 6007316711 ns, Reaching safepoint: 229709 ns, Cleanup: 72625 ns, At safepoint: 24458 ns, Total: 326792 ns
[2025-09-03T08:37:41.019+0000][176][info ][safepoint   ] Safepoint "Cleanup", Time since last: 1001928209 ns, Reaching safepoint: 109500 ns, Cleanup: 85583 ns, At safepoint: 27708 ns, Total: 222791 ns
[2025-09-03T08:37:44.022+0000][176][info ][safepoint   ] Safepoint "Cleanup", Time since last: 3003247002 ns, Reaching safepoint: 113417 ns, Cleanup: 108958 ns, At safepoint: 32792 ns, Total: 255167 ns
[2025-09-03T08:37:49.030+0000][176][info ][safepoint   ] Safepoint "Cleanup", Time since last: 5007119127 ns, Reaching safepoint: 73625 ns, Cleanup: 57792 ns, At safepoint: 23333 ns, Total: 154750 ns
[2025-09-03T08:37:51.033+0000][176][info ][safepoint   ] Safepoint "Cleanup", Time since last: 2003181918 ns, Reaching safepoint: 48000 ns, Cleanup: 73875 ns, At safepoint: 17666 ns, Total: 139541 ns
[2025-09-03T08:37:54.037+0000][176][info ][safepoint   ] Safepoint "Cleanup", Time since last: 3003268377 ns, Reaching safepoint: 258333 ns, Cleanup: 40500 ns, At safepoint: 29000 ns, Total: 327833 ns
[2025-09-03T08:37:55.038+0000][176][info ][safepoint   ] Safepoint "Cleanup", Time since last: 1001138834 ns, Reaching safepoint: 97875 ns, Cleanup: 31333 ns, At safepoint: 194875 ns, Total: 324083 ns
[2025-09-03T08:37:59.047+0000][176][info ][safepoint   ] Safepoint "Cleanup", Time since last: 4008690835 ns, Reaching safepoint: 132834 ns, Cleanup: 31958 ns, At safepoint: 8417 ns, Total: 173209 ns
[2025-09-03T08:38:00.048+0000][176][info ][safepoint   ] Safepoint "Cleanup", Time since last: 1001073875 ns, Reaching safepoint: 70584 ns, Cleanup: 25625 ns, At safepoint: 17041 ns, Total: 113250 ns
[2025-09-03T08:38:01.049+0000][176][info ][safepoint   ] Safepoint "Cleanup", Time since last: 1000602750 ns, Reaching safepoint: 99250 ns, Cleanup: 39333 ns, At safepoint: 73792 ns, Total: 212375 ns
[2025-09-03T08:38:04.053+0000][176][info ][safepoint   ] Safepoint "Cleanup", Time since last: 3003913418 ns, Reaching safepoint: 51958 ns, Cleanup: 30917 ns, At safepoint: 17625 ns, Total: 100500 ns
[2025-09-03T08:38:06.060+0000][176][info ][safepoint   ] Safepoint "Cleanup", Time since last: 2006945792 ns, Reaching safepoint: 70084 ns, Cleanup: 112875 ns, At safepoint: 23916 ns, Total: 206875 ns
[2025-09-03T08:38:21.523+0000][176][info ][safepoint   ] Safepoint "Cleanup", Time since last: 15462934341 ns, Reaching safepoint: 136625 ns, Cleanup: 56583 ns, At safepoint: 15834 ns, Total: 209042 ns
[2025-09-03T08:38:28.534+0000][176][info ][safepoint   ] Safepoint "Cleanup", Time since last: 7010510753 ns, Reaching safepoint: 61333 ns, Cleanup: 49334 ns, At safepoint: 18958 ns, Total: 129625 ns
[2025-09-03T08:38:32.788+0000][176][info ][safepoint   ] Safepoint "Cleanup", Time since last: 4253742210 ns, Reaching safepoint: 5750 ns, Cleanup: 16833 ns, At safepoint: 1792 ns, Total: 24375 ns
[2025-09-03T08:38:34.223+0000][176][info ][safepoint   ] Safepoint "Cleanup", Time since last: 1434899167 ns, Reaching safepoint: 79959 ns, Cleanup: 47125 ns, At safepoint: 466375 ns, Total: 593459 ns
[2025-09-03T08:38:41.231+0000][176][info ][safepoint   ] Safepoint "Cleanup", Time since last: 7006971170 ns, Reaching safepoint: 257666 ns, Cleanup: 38584 ns, At safepoint: 14416 ns, Total: 310666 ns
[2025-09-03T08:38:45.287+0000][176][info ][safepoint   ] Safepoint "Cleanup", Time since last: 4056405377 ns, Reaching safepoint: 52292 ns, Cleanup: 60250 ns, At safepoint: 17125 ns, Total: 129667 ns
[2025-09-03T08:38:46.306+0000][176][info ][safepoint   ] Safepoint "Cleanup", Time since last: 1017806792 ns, Reaching safepoint: 341458 ns, Cleanup: 77125 ns, At safepoint: 26125 ns, Total: 444708 ns
[2025-09-03T08:38:48.308+0000][176][info ][safepoint   ] Safepoint "Cleanup", Time since last: 2002690835 ns, Reaching safepoint: 19583 ns, Cleanup: 20292 ns, At safepoint: 7833 ns, Total: 47708 ns
[2025-09-03T08:38:51.312+0000][176][info ][safepoint   ] Safepoint "Cleanup", Time since last: 3003244293 ns, Reaching safepoint: 68417 ns, Cleanup: 102958 ns, At safepoint: 41000 ns, Total: 212375 ns
[2025-09-03T08:38:58.321+0000][176][info ][safepoint   ] Safepoint "Cleanup", Time since last: 7008932670 ns, Reaching safepoint: 28250 ns, Cleanup: 26583 ns, At safepoint: 18834 ns, Total: 73667 ns
[2025-09-03T08:39:03.327+0000][176][info ][safepoint   ] Safepoint "Cleanup", Time since last: 5006963084 ns, Reaching safepoint: 261750 ns, Cleanup: 70959 ns, At safepoint: 22041 ns, Total: 354750 ns
[2025-09-03T08:39:08.335+0000][176][info ][safepoint   ] Safepoint "Cleanup", Time since last: 5006954211 ns, Reaching safepoint: 287500 ns, Cleanup: 35875 ns, At safepoint: 19209 ns, Total: 342584 ns
[2025-09-03T08:39:10.337+0000][176][info ][safepoint   ] Safepoint "Cleanup", Time since last: 2002575459 ns, Reaching safepoint: 26166 ns, Cleanup: 15375 ns, At safepoint: 15709 ns, Total: 57250 ns
[2025-09-03T08:39:21.619+0000][176][info ][safepoint   ] Safepoint "Cleanup", Time since last: 11281007255 ns, Reaching safepoint: 69375 ns, Cleanup: 59875 ns, At safepoint: 27750 ns, Total: 157000 ns
[2025-09-03T08:39:23.623+0000][176][info ][safepoint   ] Safepoint "Cleanup", Time since last: 2004161001 ns, Reaching safepoint: 65125 ns, Cleanup: 52542 ns, At safepoint: 20791 ns, Total: 138458 ns
[2025-09-03T08:39:31.631+0000][176][info ][safepoint   ] Safepoint "Cleanup", Time since last: 8007939254 ns, Reaching safepoint: 99958 ns, Cleanup: 46542 ns, At safepoint: 13791 ns, Total: 160291 ns
[2025-09-03T08:39:32.633+0000][176][info ][safepoint   ] Safepoint "Cleanup", Time since last: 1001519876 ns, Reaching safepoint: 11333 ns, Cleanup: 10458 ns, At safepoint: 5042 ns, Total: 26833 ns
[2025-09-03T08:39:34.456+0000][176][info ][safepoint   ] Safepoint "Cleanup", Time since last: 1823084751 ns, Reaching safepoint: 130208 ns, Cleanup: 161292 ns, At safepoint: 32292 ns, Total: 323792 ns
[2025-09-03T08:39:35.458+0000][176][info ][safepoint   ] Safepoint "Cleanup", Time since last: 1001578583 ns, Reaching safepoint: 13500 ns, Cleanup: 12375 ns, At safepoint: 7959 ns, Total: 33834 ns
[2025-09-03T08:39:36.571+0000][176][info ][safepoint   ] Safepoint "Cleanup", Time since last: 1113340084 ns, Reaching safepoint: 3916 ns, Cleanup: 19250 ns, At safepoint: 4125 ns, Total: 27291 ns
[2025-09-03T08:39:38.313+0000][176][info ][safepoint   ] Safepoint "Cleanup", Time since last: 1742025960 ns, Reaching safepoint: 4458 ns, Cleanup: 11292 ns, At safepoint: 7791 ns, Total: 23541 ns
[2025-09-03T08:39:39.344+0000][176][info ][safepoint   ] Safepoint "Cleanup", Time since last: 1030814542 ns, Reaching safepoint: 52334 ns, Cleanup: 49250 ns, At safepoint: 18583 ns, Total: 120167 ns
[2025-09-03T08:39:40.346+0000][176][info ][safepoint   ] Safepoint "Cleanup", Time since last: 1001848209 ns, Reaching safepoint: 67458 ns, Cleanup: 56083 ns, At safepoint: 16375 ns, Total: 139916 ns
[2025-09-03T08:39:41.348+0000][176][info ][safepoint   ] Safepoint "Cleanup", Time since last: 1001784959 ns, Reaching safepoint: 40209 ns, Cleanup: 41750 ns, At safepoint: 16541 ns, Total: 98500 ns
[2025-09-03T08:39:45.353+0000][176][info ][safepoint   ] Safepoint "Cleanup", Time since last: 4005067961 ns, Reaching safepoint: 62250 ns, Cleanup: 74750 ns, At safepoint: 28875 ns, Total: 165875 ns
[2025-09-03T08:39:47.784+0000][176][info ][safepoint   ] Safepoint "Cleanup", Time since last: 2430459042 ns, Reaching safepoint: 5167 ns, Cleanup: 8542 ns, At safepoint: 5416 ns, Total: 19125 ns
[2025-09-03T08:39:49.662+0000][176][info ][safepoint   ] Safepoint "Cleanup", Time since last: 1878013793 ns, Reaching safepoint: 13292 ns, Cleanup: 36541 ns, At safepoint: 8042 ns, Total: 57875 ns
[2025-09-03T08:39:52.701+0000][176][info ][safepoint   ] Safepoint "Cleanup", Time since last: 3038866168 ns, Reaching safepoint: 53833 ns, Cleanup: 47459 ns, At safepoint: 18958 ns, Total: 120250 ns
[2025-09-03T08:39:54.662+0000][176][info ][safepoint   ] Safepoint "Cleanup", Time since last: 1961517126 ns, Reaching safepoint: 71625 ns, Cleanup: 98500 ns, At safepoint: 21542 ns, Total: 191667 ns
[2025-09-03T08:40:01.670+0000][176][info ][safepoint   ] Safepoint "Cleanup", Time since last: 7007683503 ns, Reaching safepoint: 64541 ns, Cleanup: 53000 ns, At safepoint: 22375 ns, Total: 139916 ns
[2025-09-03T08:40:03.672+0000][176][info ][safepoint   ] Safepoint "Cleanup", Time since last: 2002272418 ns, Reaching safepoint: 55750 ns, Cleanup: 65875 ns, At safepoint: 13833 ns, Total: 135458 ns
[2025-09-03T08:40:15.687+0000][176][info ][safepoint   ] Safepoint "Cleanup", Time since last: 12014519339 ns, Reaching safepoint: 281875 ns, Cleanup: 31292 ns, At safepoint: 18125 ns, Total: 331292 ns
[2025-09-03T08:40:16.736+0000][176][info ][safepoint   ] Safepoint "Cleanup", Time since last: 1048358126 ns, Reaching safepoint: 78416 ns, Cleanup: 22417 ns, At safepoint: 12375 ns, Total: 113208 ns
[2025-09-03T08:40:18.738+0000][176][info ][safepoint   ] Safepoint "Cleanup", Time since last: 2001747792 ns, Reaching safepoint: 49459 ns, Cleanup: 49625 ns, At safepoint: 25708 ns, Total: 124792 ns
[2025-09-03T08:40:24.744+0000][176][info ][safepoint   ] Safepoint "Cleanup", Time since last: 6006047461 ns, Reaching safepoint: 63584 ns, Cleanup: 57875 ns, At safepoint: 19083 ns, Total: 140542 ns
[2025-09-03T08:40:33.756+0000][176][info ][safepoint   ] Safepoint "Cleanup", Time since last: 9012021879 ns, Reaching safepoint: 102166 ns, Cleanup: 32417 ns, At safepoint: 16917 ns, Total: 151500 ns
[2025-09-03T08:40:38.854+0000][176][info ][safepoint   ] Safepoint "Cleanup", Time since last: 5097080544 ns, Reaching safepoint: 175083 ns, Cleanup: 18708 ns, At safepoint: 10459 ns, Total: 204250 ns
[2025-09-03T08:40:39.863+0000][176][info ][safepoint   ] Safepoint "Cleanup", Time since last: 1008259500 ns, Reaching safepoint: 694875 ns, Cleanup: 25292 ns, At safepoint: 14500 ns, Total: 734667 ns
[2025-09-03T08:40:40.868+0000][176][info ][safepoint   ] Safepoint "Cleanup", Time since last: 1005778959 ns, Reaching safepoint: 9208 ns, Cleanup: 99250 ns, At safepoint: 14250 ns, Total: 122708 ns
[2025-09-03T08:40:43.879+0000][176][info ][safepoint   ] Safepoint "Cleanup", Time since last: 3010138251 ns, Reaching safepoint: 24334 ns, Cleanup: 27375 ns, At safepoint: 15583 ns, Total: 67292 ns
[2025-09-03T08:40:45.881+0000][176][info ][safepoint   ] Safepoint "Cleanup", Time since last: 2001992626 ns, Reaching safepoint: 54417 ns, Cleanup: 40500 ns, At safepoint: 18833 ns, Total: 113750 ns
[2025-09-03T08:40:58.896+0000][176][info ][safepoint   ] Safepoint "Cleanup", Time since last: 13015042340 ns, Reaching safepoint: 130458 ns, Cleanup: 54500 ns, At safepoint: 18750 ns, Total: 203708 ns
[2025-09-03T08:41:03.902+0000][176][info ][safepoint   ] Safepoint "Cleanup", Time since last: 5005569002 ns, Reaching safepoint: 157292 ns, Cleanup: 34000 ns, At safepoint: 26791 ns, Total: 218083 ns
[2025-09-03T08:41:10.915+0000][176][info ][safepoint   ] Safepoint "Cleanup", Time since last: 7013401545 ns, Reaching safepoint: 245959 ns, Cleanup: 83666 ns, At safepoint: 25292 ns, Total: 354917 ns
[2025-09-03T08:41:18.927+0000][176][info ][safepoint   ] Safepoint "Cleanup", Time since last: 8010433754 ns, Reaching safepoint: 797708 ns, Cleanup: 100042 ns, At safepoint: 39958 ns, Total: 937708 ns
[2025-09-03T08:41:20.932+0000][176][info ][safepoint   ] Safepoint "Cleanup", Time since last: 2005154335 ns, Reaching safepoint: 45333 ns, Cleanup: 28917 ns, At safepoint: 11166 ns, Total: 85416 ns
[2025-09-03T08:41:33.947+0000][176][info ][safepoint   ] Safepoint "Cleanup", Time since last: 13015095672 ns, Reaching safepoint: 57375 ns, Cleanup: 26167 ns, At safepoint: 12625 ns, Total: 96167 ns
[2025-09-03T08:41:38.953+0000][176][info ][safepoint   ] Safepoint "Cleanup", Time since last: 5005876252 ns, Reaching safepoint: 166584 ns, Cleanup: 25416 ns, At safepoint: 14875 ns, Total: 206875 ns
[2025-09-03T08:41:40.956+0000][176][info ][safepoint   ] Safepoint "Cleanup", Time since last: 2002570293 ns, Reaching safepoint: 45750 ns, Cleanup: 53917 ns, At safepoint: 14791 ns, Total: 114458 ns
[2025-09-03T08:41:42.070+0000][176][info ][safepoint   ] Safepoint "Cleanup", Time since last: 1113967001 ns, Reaching safepoint: 3667 ns, Cleanup: 43791 ns, At safepoint: 6875 ns, Total: 54333 ns
[2025-09-03T08:41:43.103+0000][176][info ][safepoint   ] Safepoint "Cleanup", Time since last: 1033074959 ns, Reaching safepoint: 11292 ns, Cleanup: 62625 ns, At safepoint: 15416 ns, Total: 89333 ns
[2025-09-03T08:41:49.115+0000][176][info ][safepoint   ] Safepoint "Cleanup", Time since last: 6011108295 ns, Reaching safepoint: 52125 ns, Cleanup: 81208 ns, At safepoint: 17250 ns, Total: 150583 ns
[2025-09-03T08:41:51.118+0000][176][info ][safepoint   ] Safepoint "Cleanup", Time since last: 2003110585 ns, Reaching safepoint: 43125 ns, Cleanup: 30500 ns, At safepoint: 13916 ns, Total: 87541 ns
[2025-09-03T08:41:54.121+0000][176][info ][safepoint   ] Safepoint "Cleanup", Time since last: 3002832002 ns, Reaching safepoint: 66333 ns, Cleanup: 67667 ns, At safepoint: 18833 ns, Total: 152833 ns
[2025-09-03T08:41:59.129+0000][176][info ][safepoint   ] Safepoint "Cleanup", Time since last: 5007802419 ns, Reaching safepoint: 424333 ns, Cleanup: 50209 ns, At safepoint: 20958 ns, Total: 495500 ns
[2025-09-03T08:42:00.132+0000][176][info ][safepoint   ] Safepoint "Cleanup", Time since last: 1002588834 ns, Reaching safepoint: 59083 ns, Cleanup: 44917 ns, At safepoint: 28708 ns, Total: 132708 ns
[2025-09-03T08:42:09.144+0000][176][info ][safepoint   ] Safepoint "Cleanup", Time since last: 9011801171 ns, Reaching safepoint: 163250 ns, Cleanup: 38041 ns, At safepoint: 18000 ns, Total: 219291 ns
[2025-09-03T08:42:28.085+0000][176][info ][safepoint   ] Safepoint "Cleanup", Time since last: 18941172134 ns, Reaching safepoint: 91750 ns, Cleanup: 38667 ns, At safepoint: 18083 ns, Total: 148500 ns
[2025-09-03T08:42:29.089+0000][176][info ][safepoint   ] Safepoint "Cleanup", Time since last: 1001758834 ns, Reaching safepoint: 1682958 ns, Cleanup: 137750 ns, At safepoint: 53917 ns, Total: 1874625 ns
[2025-09-03T08:42:37.099+0000][176][info ][safepoint   ] Safepoint "Cleanup", Time since last: 8010392254 ns, Reaching safepoint: 80500 ns, Cleanup: 57750 ns, At safepoint: 21708 ns, Total: 159958 ns
[2025-09-03T08:42:38.102+0000][176][info ][safepoint   ] Safepoint "Cleanup", Time since last: 1001902167 ns, Reaching safepoint: 188542 ns, Cleanup: 159500 ns, At safepoint: 39083 ns, Total: 387125 ns
[2025-09-03T08:42:42.106+0000][176][info ][safepoint   ] Safepoint "Cleanup", Time since last: 4004160002 ns, Reaching safepoint: 57458 ns, Cleanup: 52917 ns, At safepoint: 13417 ns, Total: 123792 ns
[2025-09-03T08:42:44.837+0000][176][info ][safepoint   ] Safepoint "Cleanup", Time since last: 2730653126 ns, Reaching safepoint: 11667 ns, Cleanup: 28875 ns, At safepoint: 5708 ns, Total: 46250 ns
[2025-09-03T08:42:45.337+0000][176][info ][gc,start    ] GC(25) Pause Young (Mixed) (G1 Evacuation Pause)
[2025-09-03T08:42:45.337+0000][176][info ][gc,task     ] GC(25) Using 8 workers of 8 for evacuation
[2025-09-03T08:42:45.337+0000][176][debug][gc,age      ] GC(25) Desired survivor size 41943040 bytes, new threshold 15 (max threshold 15)
[2025-09-03T08:42:45.377+0000][176][info ][gc,phases   ] GC(25)   Pre Evacuate Collection Set: 0.86ms
[2025-09-03T08:42:45.377+0000][176][info ][gc,phases   ] GC(25)   Merge Heap Roots: 0.28ms
[2025-09-03T08:42:45.378+0000][176][info ][gc,phases   ] GC(25)   Evacuate Collection Set: 36.11ms
[2025-09-03T08:42:45.378+0000][176][info ][gc,phases   ] GC(25)   Post Evacuate Collection Set: 2.97ms
[2025-09-03T08:42:45.378+0000][176][info ][gc,phases   ] GC(25)   Other: 0.21ms
[2025-09-03T08:42:45.378+0000][176][trace][gc,age      ] GC(25) Age table with threshold 15 (max threshold 15)
[2025-09-03T08:42:45.378+0000][176][trace][gc,age      ] GC(25) - age   1:    1566664 bytes,    1566664 total
[2025-09-03T08:42:45.378+0000][176][trace][gc,age      ] GC(25) - age   2:     175656 bytes,    1742320 total
[2025-09-03T08:42:45.378+0000][176][trace][gc,age      ] GC(25) - age   3:     140216 bytes,    1882536 total
[2025-09-03T08:42:45.378+0000][176][trace][gc,age      ] GC(25) - age   4:    2430040 bytes,    4312576 total
[2025-09-03T08:42:45.378+0000][176][trace][gc,age      ] GC(25) - age   5:    4606392 bytes,    8918968 total
[2025-09-03T08:42:45.378+0000][176][trace][gc,age      ] GC(25) - age   6:    1042608 bytes,    9961576 total
[2025-09-03T08:42:45.378+0000][176][info ][gc,heap     ] GC(25) Eden regions: 150->0(150)
[2025-09-03T08:42:45.378+0000][176][info ][gc,heap     ] GC(25) Survivor regions: 3->3(20)
[2025-09-03T08:42:45.378+0000][176][info ][gc,heap     ] GC(25) Old regions: 38->38
[2025-09-03T08:42:45.378+0000][176][info ][gc,heap     ] GC(25) Humongous regions: 2->2
[2025-09-03T08:42:45.378+0000][176][info ][gc,metaspace] GC(25) Metaspace: 158993K(163456K)->158993K(163456K) NonClass: 137167K(139648K)->137167K(139648K) Class: 21825K(23808K)->21825K(23808K)
[2025-09-03T08:42:45.378+0000][176][info ][gc          ] GC(25) Pause Young (Mixed) (G1 Evacuation Pause) 770M->168M(1024M) 41.319ms
[2025-09-03T08:42:45.378+0000][176][info ][gc,cpu      ] GC(25) User=0.25s Sys=0.02s Real=0.05s
[2025-09-03T08:42:45.378+0000][176][info ][safepoint   ] Safepoint "G1CollectForAllocation", Time since last: 499975375 ns, Reaching safepoint: 8417 ns, Cleanup: 27542 ns, At safepoint: 41531875 ns, Total: 41567834 ns
[2025-09-03T08:42:47.328+0000][176][info ][safepoint   ] Safepoint "Cleanup", Time since last: 1948766792 ns, Reaching safepoint: 397167 ns, Cleanup: 376833 ns, At safepoint: 24500 ns, Total: 798500 ns
[2025-09-03T08:42:48.329+0000][176][info ][safepoint   ] Safepoint "Cleanup", Time since last: 1001119626 ns, Reaching safepoint: 61375 ns, Cleanup: 44791 ns, At safepoint: 19167 ns, Total: 125333 ns
[2025-09-03T08:42:52.334+0000][176][info ][safepoint   ] Safepoint "Cleanup", Time since last: 4005036002 ns, Reaching safepoint: 27250 ns, Cleanup: 26500 ns, At safepoint: 17083 ns, Total: 70833 ns
[2025-09-03T08:42:54.336+0000][176][info ][safepoint   ] Safepoint "Cleanup", Time since last: 2001849876 ns, Reaching safepoint: 69333 ns, Cleanup: 43917 ns, At safepoint: 21292 ns, Total: 134542 ns
[2025-09-03T08:42:58.341+0000][176][info ][safepoint   ] Safepoint "Cleanup", Time since last: 4004685793 ns, Reaching safepoint: 87709 ns, Cleanup: 64958 ns, At safepoint: 29750 ns, Total: 182417 ns
[2025-09-03T08:43:11.357+0000][176][info ][safepoint   ] Safepoint "Cleanup", Time since last: 13015193255 ns, Reaching safepoint: 864625 ns, Cleanup: 124667 ns, At safepoint: 35292 ns, Total: 1024584 ns
[2025-09-03T08:43:19.168+0000][176][info ][safepoint   ] Safepoint "Cleanup", Time since last: 7810831253 ns, Reaching safepoint: 62209 ns, Cleanup: 43583 ns, At safepoint: 19042 ns, Total: 124834 ns
[2025-09-03T08:43:22.172+0000][176][info ][safepoint   ] Safepoint "Cleanup", Time since last: 3003888668 ns, Reaching safepoint: 42125 ns, Cleanup: 29250 ns, At safepoint: 12041 ns, Total: 83416 ns
[2025-09-03T08:43:24.173+0000][176][info ][safepoint   ] Safepoint "Cleanup", Time since last: 2001531710 ns, Reaching safepoint: 45125 ns, Cleanup: 22000 ns, At safepoint: 14000 ns, Total: 81125 ns
[2025-09-03T08:43:29.179+0000][176][info ][safepoint   ] Safepoint "Cleanup", Time since last: 5005617919 ns, Reaching safepoint: 91333 ns, Cleanup: 60583 ns, At safepoint: 61750 ns, Total: 213666 ns
[2025-09-03T08:43:31.182+0000][176][info ][safepoint   ] Safepoint "Cleanup", Time since last: 2002434001 ns, Reaching safepoint: 90458 ns, Cleanup: 74000 ns, At safepoint: 29417 ns, Total: 193875 ns
[2025-09-03T08:43:39.190+0000][176][info ][safepoint   ] Safepoint "Cleanup", Time since last: 8007609920 ns, Reaching safepoint: 185459 ns, Cleanup: 58291 ns, At safepoint: 20625 ns, Total: 264375 ns
[2025-09-03T08:43:41.193+0000][176][info ][safepoint   ] Safepoint "Cleanup", Time since last: 2002876126 ns, Reaching safepoint: 97250 ns, Cleanup: 58375 ns, At safepoint: 22625 ns, Total: 178250 ns
[2025-09-03T08:43:42.195+0000][176][info ][safepoint   ] Safepoint "Cleanup", Time since last: 1002168084 ns, Reaching safepoint: 90917 ns, Cleanup: 124416 ns, At safepoint: 23334 ns, Total: 238667 ns
[2025-09-03T08:43:44.198+0000][176][info ][safepoint   ] Safepoint "Cleanup", Time since last: 2002630417 ns, Reaching safepoint: 97625 ns, Cleanup: 40417 ns, At safepoint: 23000 ns, Total: 161042 ns
[2025-09-03T08:43:47.850+0000][176][info ][safepoint   ] Safepoint "Cleanup", Time since last: 3651612377 ns, Reaching safepoint: 5416 ns, Cleanup: 15584 ns, At safepoint: 2041 ns, Total: 23041 ns
[2025-09-03T08:43:49.514+0000][176][info ][safepoint   ] Safepoint "Cleanup", Time since last: 1663398293 ns, Reaching safepoint: 308041 ns, Cleanup: 83625 ns, At safepoint: 16375 ns, Total: 408041 ns
[2025-09-03T08:43:53.520+0000][176][info ][safepoint   ] Safepoint "Cleanup", Time since last: 4006696544 ns, Reaching safepoint: 43833 ns, Cleanup: 25459 ns, At safepoint: 14583 ns, Total: 83875 ns
[2025-09-03T08:44:03.532+0000][176][info ][safepoint   ] Safepoint "Cleanup", Time since last: 10010677337 ns, Reaching safepoint: 820375 ns, Cleanup: 155167 ns, At safepoint: 18667 ns, Total: 994209 ns
[2025-09-03T08:44:06.544+0000][176][info ][safepoint   ] Safepoint "Cleanup", Time since last: 3011801959 ns, Reaching safepoint: 56709 ns, Cleanup: 40708 ns, At safepoint: 36542 ns, Total: 133959 ns
[2025-09-03T08:44:09.996+0000][176][info ][safepoint   ] Safepoint "Cleanup", Time since last: 3452260460 ns, Reaching safepoint: 5416 ns, Cleanup: 49792 ns, At safepoint: 5083 ns, Total: 60291 ns
[2025-09-03T08:44:10.082+0000][176][info ][safepoint   ] Safepoint "ICBufferFull", Time since last: 84639417 ns, Reaching safepoint: 595083 ns, Cleanup: 75667 ns, At safepoint: 9292 ns, Total: 680042 ns
[2025-09-03T08:44:10.082+0000][176][info ][safepoint   ] Safepoint "ICBufferFull", Time since last: 152833 ns, Reaching safepoint: 4875 ns, Cleanup: 917 ns, At safepoint: 11250 ns, Total: 17042 ns
[2025-09-03T08:44:10.083+0000][176][info ][safepoint   ] Safepoint "ICBufferFull", Time since last: 190875 ns, Reaching safepoint: 557458 ns, Cleanup: 1292 ns, At safepoint: 17125 ns, Total: 575875 ns
[2025-09-03T08:44:10.083+0000][176][info ][safepoint   ] Safepoint "ICBufferFull", Time since last: 131166 ns, Reaching safepoint: 24167 ns, Cleanup: 917 ns, At safepoint: 17083 ns, Total: 42167 ns
[2025-09-03T08:44:10.084+0000][176][info ][safepoint   ] Safepoint "ICBufferFull", Time since last: 165667 ns, Reaching safepoint: 645666 ns, Cleanup: 625 ns, At safepoint: 19250 ns, Total: 665541 ns
[2025-09-03T08:44:10.261+0000][176][info ][safepoint   ] Safepoint "ICBufferFull", Time since last: 176761542 ns, Reaching safepoint: 115250 ns, Cleanup: 93375 ns, At safepoint: 17292 ns, Total: 225917 ns
[2025-09-03T08:44:10.265+0000][176][info ][safepoint   ] Safepoint "ICBufferFull", Time since last: 3683666 ns, Reaching safepoint: 225959 ns, Cleanup: 6833 ns, At safepoint: 27750 ns, Total: 260542 ns
[2025-09-03T08:44:10.270+0000][176][info ][safepoint   ] Safepoint "ICBufferFull", Time since last: 3459875 ns, Reaching safepoint: 1713583 ns, Cleanup: 5375 ns, At safepoint: 17917 ns, Total: 1736875 ns
[2025-09-03T08:44:10.330+0000][176][info ][safepoint   ] Safepoint "ICBufferFull", Time since last: 59912417 ns, Reaching safepoint: 10500 ns, Cleanup: 93916 ns, At safepoint: 9917 ns, Total: 114333 ns
[2025-09-03T08:44:10.330+0000][176][info ][safepoint   ] Safepoint "ICBufferFull", Time since last: 268000 ns, Reaching safepoint: 5125 ns, Cleanup: 958 ns, At safepoint: 5667 ns, Total: 11750 ns
[2025-09-03T08:44:10.330+0000][176][info ][safepoint   ] Safepoint "ICBufferFull", Time since last: 276417 ns, Reaching safepoint: 47708 ns, Cleanup: 15542 ns, At safepoint: 17041 ns, Total: 80291 ns
[2025-09-03T08:44:10.335+0000][176][info ][safepoint   ] Safepoint "ICBufferFull", Time since last: 190709 ns, Reaching safepoint: 3944458 ns, Cleanup: 4583 ns, At safepoint: 34834 ns, Total: 3983875 ns
[2025-09-03T08:44:10.336+0000][176][info ][safepoint   ] Safepoint "ICBufferFull", Time since last: 170916 ns, Reaching safepoint: 973167 ns, Cleanup: 6125 ns, At safepoint: 36833 ns, Total: 1016125 ns
[2025-09-03T08:44:11.337+0000][176][info ][safepoint   ] Safepoint "Cleanup", Time since last: 1000902418 ns, Reaching safepoint: 133083 ns, Cleanup: 350292 ns, At safepoint: 28583 ns, Total: 511958 ns
[2025-09-03T08:44:12.339+0000][176][info ][safepoint   ] Safepoint "Cleanup", Time since last: 1001509000 ns, Reaching safepoint: 45000 ns, Cleanup: 105084 ns, At safepoint: 26750 ns, Total: 176834 ns
[2025-09-03T08:44:13.340+0000][176][info ][safepoint   ] Safepoint "Cleanup", Time since last: 1000924167 ns, Reaching safepoint: 46917 ns, Cleanup: 82583 ns, At safepoint: 22125 ns, Total: 151625 ns
[2025-09-03T08:44:15.347+0000][176][info ][safepoint   ] Safepoint "Cleanup", Time since last: 2006871209 ns, Reaching safepoint: 175542 ns, Cleanup: 39083 ns, At safepoint: 36542 ns, Total: 251167 ns
[2025-09-03T08:44:18.228+0000][176][info ][safepoint   ] Safepoint "Cleanup", Time since last: 2880354001 ns, Reaching safepoint: 64334 ns, Cleanup: 63666 ns, At safepoint: 13167 ns, Total: 141167 ns
[2025-09-03T08:44:19.231+0000][176][info ][safepoint   ] Safepoint "Cleanup", Time since last: 1003100792 ns, Reaching safepoint: 69542 ns, Cleanup: 86250 ns, At safepoint: 24083 ns, Total: 179875 ns
[2025-09-03T08:44:22.234+0000][176][info ][safepoint   ] Safepoint "Cleanup", Time since last: 3002969293 ns, Reaching safepoint: 95250 ns, Cleanup: 66708 ns, At safepoint: 13959 ns, Total: 175917 ns
[2025-09-03T08:44:24.237+0000][176][info ][safepoint   ] Safepoint "Cleanup", Time since last: 2003046626 ns, Reaching safepoint: 32208 ns, Cleanup: 40500 ns, At safepoint: 16500 ns, Total: 89208 ns
[2025-09-03T08:44:27.240+0000][176][info ][safepoint   ] Safepoint "Cleanup", Time since last: 3002899085 ns, Reaching safepoint: 74250 ns, Cleanup: 75292 ns, At safepoint: 27541 ns, Total: 177083 ns
[2025-09-03T08:44:29.243+0000][176][info ][safepoint   ] Safepoint "Cleanup", Time since last: 2002558751 ns, Reaching safepoint: 70042 ns, Cleanup: 46666 ns, At safepoint: 24459 ns, Total: 141167 ns
[2025-09-03T08:44:30.244+0000][176][info ][safepoint   ] Safepoint "Cleanup", Time since last: 1001091084 ns, Reaching safepoint: 128125 ns, Cleanup: 108083 ns, At safepoint: 32417 ns, Total: 268625 ns
[2025-09-03T08:44:34.250+0000][176][info ][safepoint   ] Safepoint "Cleanup", Time since last: 4005797042 ns, Reaching safepoint: 153375 ns, Cleanup: 69959 ns, At safepoint: 41125 ns, Total: 264459 ns
[2025-09-03T08:44:36.256+0000][176][info ][safepoint   ] Safepoint "Cleanup", Time since last: 2005866542 ns, Reaching safepoint: 83167 ns, Cleanup: 43416 ns, At safepoint: 21209 ns, Total: 147792 ns
[2025-09-03T08:44:37.598+0000][176][info ][safepoint   ] Safepoint "Cleanup", Time since last: 1339961167 ns, Reaching safepoint: 47542 ns, Cleanup: 1970125 ns, At safepoint: 59458 ns, Total: 2077125 ns
[2025-09-03T08:44:38.600+0000][176][info ][safepoint   ] Safepoint "Cleanup", Time since last: 1001513334 ns, Reaching safepoint: 54750 ns, Cleanup: 155750 ns, At safepoint: 25083 ns, Total: 235583 ns
[2025-09-03T08:44:39.602+0000][176][info ][safepoint   ] Safepoint "Cleanup", Time since last: 1002702292 ns, Reaching safepoint: 106625 ns, Cleanup: 54750 ns, At safepoint: 31625 ns, Total: 193000 ns
[2025-09-03T08:44:40.605+0000][176][info ][safepoint   ] Safepoint "Cleanup", Time since last: 1001792043 ns, Reaching safepoint: 256500 ns, Cleanup: 155541 ns, At safepoint: 45875 ns, Total: 457916 ns
[2025-09-03T08:44:43.608+0000][176][info ][safepoint   ] Safepoint "Cleanup", Time since last: 3003354835 ns, Reaching safepoint: 75833 ns, Cleanup: 78834 ns, At safepoint: 26666 ns, Total: 181333 ns
[2025-09-03T08:44:47.860+0000][176][info ][safepoint   ] Safepoint "Cleanup", Time since last: 4251372419 ns, Reaching safepoint: 5958 ns, Cleanup: 75875 ns, At safepoint: 5584 ns, Total: 87417 ns
[2025-09-03T08:44:47.887+0000][176][info ][safepoint   ] Safepoint "ICBufferFull", Time since last: 26754125 ns, Reaching safepoint: 8208 ns, Cleanup: 62667 ns, At safepoint: 4125 ns, Total: 75000 ns
[2025-09-03T08:44:49.714+0000][176][info ][safepoint   ] Safepoint "Cleanup", Time since last: 1826947376 ns, Reaching safepoint: 79708 ns, Cleanup: 247750 ns, At safepoint: 23667 ns, Total: 351125 ns
[2025-09-03T08:44:50.836+0000][176][info ][safepoint   ] Safepoint "Cleanup", Time since last: 1122209333 ns, Reaching safepoint: 4917 ns, Cleanup: 13667 ns, At safepoint: 8833 ns, Total: 27417 ns
[2025-09-03T08:44:52.826+0000][176][info ][safepoint   ] Safepoint "Cleanup", Time since last: 1989128168 ns, Reaching safepoint: 92458 ns, Cleanup: 366333 ns, At safepoint: 39250 ns, Total: 498041 ns
[2025-09-03T08:44:54.454+0000][176][info ][safepoint   ] Safepoint "Cleanup", Time since last: 1628311460 ns, Reaching safepoint: 53041 ns, Cleanup: 158167 ns, At safepoint: 18917 ns, Total: 230125 ns
[2025-09-03T08:44:57.458+0000][176][info ][safepoint   ] Safepoint "Cleanup", Time since last: 3003988459 ns, Reaching safepoint: 70709 ns, Cleanup: 56458 ns, At safepoint: 46208 ns, Total: 173375 ns
[2025-09-03T08:45:12.476+0000][176][info ][safepoint   ] Safepoint "Cleanup", Time since last: 15017069757 ns, Reaching safepoint: 118375 ns, Cleanup: 23167 ns, At safepoint: 9833 ns, Total: 151375 ns
[2025-09-03T08:45:14.480+0000][176][info ][safepoint   ] Safepoint "Cleanup", Time since last: 2003836626 ns, Reaching safepoint: 21250 ns, Cleanup: 25458 ns, At safepoint: 10959 ns, Total: 57667 ns
[2025-09-03T08:45:18.350+0000][176][info ][safepoint   ] Safepoint "Cleanup", Time since last: 3870051668 ns, Reaching safepoint: 75792 ns, Cleanup: 68917 ns, At safepoint: 22541 ns, Total: 167250 ns
[2025-09-03T08:45:21.355+0000][176][info ][safepoint   ] Safepoint "Cleanup", Time since last: 3004238918 ns, Reaching safepoint: 56584 ns, Cleanup: 39291 ns, At safepoint: 14625 ns, Total: 110500 ns
[2025-09-03T08:45:22.357+0000][176][info ][safepoint   ] Safepoint "Cleanup", Time since last: 1001953751 ns, Reaching safepoint: 76833 ns, Cleanup: 35834 ns, At safepoint: 17625 ns, Total: 130292 ns
[2025-09-03T08:45:23.358+0000][176][info ][safepoint   ] Safepoint "Cleanup", Time since last: 1001056542 ns, Reaching safepoint: 66333 ns, Cleanup: 48333 ns, At safepoint: 20750 ns, Total: 135416 ns
[2025-09-03T08:45:32.368+0000][176][info ][safepoint   ] Safepoint "Cleanup", Time since last: 9009455296 ns, Reaching safepoint: 63625 ns, Cleanup: 49500 ns, At safepoint: 18791 ns, Total: 131916 ns
[2025-09-03T08:45:40.378+0000][176][info ][safepoint   ] Safepoint "Cleanup", Time since last: 8010024796 ns, Reaching safepoint: 20958 ns, Cleanup: 32375 ns, At safepoint: 8292 ns, Total: 61625 ns
[2025-09-03T08:45:43.988+0000][176][info ][safepoint   ] Safepoint "ICBufferFull", Time since last: 3609173418 ns, Reaching safepoint: 915250 ns, Cleanup: 111792 ns, At safepoint: 42292 ns, Total: 1069334 ns
[2025-09-03T08:45:44.991+0000][176][info ][safepoint   ] Safepoint "Cleanup", Time since last: 1002703458 ns, Reaching safepoint: 63459 ns, Cleanup: 267125 ns, At safepoint: 19500 ns, Total: 350084 ns
[2025-09-03T08:45:48.508+0000][176][info ][gc,start    ] GC(26) Pause Young (Normal) (G1 Evacuation Pause)
[2025-09-03T08:45:48.509+0000][176][info ][gc,task     ] GC(26) Using 8 workers of 8 for evacuation
[2025-09-03T08:45:48.509+0000][176][debug][gc,age      ] GC(26) Desired survivor size 41943040 bytes, new threshold 15 (max threshold 15)
[2025-09-03T08:45:48.537+0000][176][info ][gc,phases   ] GC(26)   Pre Evacuate Collection Set: 1.26ms
[2025-09-03T08:45:48.538+0000][176][info ][gc,phases   ] GC(26)   Merge Heap Roots: 0.33ms
[2025-09-03T08:45:48.538+0000][176][info ][gc,phases   ] GC(26)   Evacuate Collection Set: 23.88ms
[2025-09-03T08:45:48.538+0000][176][info ][gc,phases   ] GC(26)   Post Evacuate Collection Set: 2.23ms
[2025-09-03T08:45:48.538+0000][176][info ][gc,phases   ] GC(26)   Other: 0.55ms
[2025-09-03T08:45:48.538+0000][176][trace][gc,age      ] GC(26) Age table with threshold 15 (max threshold 15)
[2025-09-03T08:45:48.538+0000][176][trace][gc,age      ] GC(26) - age   1:    3961672 bytes,    3961672 total
[2025-09-03T08:45:48.538+0000][176][trace][gc,age      ] GC(26) - age   2:     243432 bytes,    4205104 total
[2025-09-03T08:45:48.538+0000][176][trace][gc,age      ] GC(26) - age   3:     172712 bytes,    4377816 total
[2025-09-03T08:45:48.538+0000][176][trace][gc,age      ] GC(26) - age   4:     139928 bytes,    4517744 total
[2025-09-03T08:45:48.538+0000][176][trace][gc,age      ] GC(26) - age   5:    2232992 bytes,    6750736 total
[2025-09-03T08:45:48.538+0000][176][trace][gc,age      ] GC(26) - age   6:    4606024 bytes,   11356760 total
[2025-09-03T08:45:48.538+0000][176][trace][gc,age      ] GC(26) - age   7:    1042608 bytes,   12399368 total
[2025-09-03T08:45:48.538+0000][176][info ][gc,heap     ] GC(26) Eden regions: 150->0(149)
[2025-09-03T08:45:48.538+0000][176][info ][gc,heap     ] GC(26) Survivor regions: 3->4(20)
[2025-09-03T08:45:48.538+0000][176][info ][gc,heap     ] GC(26) Old regions: 38->38
[2025-09-03T08:45:48.538+0000][176][info ][gc,heap     ] GC(26) Humongous regions: 2->2
[2025-09-03T08:45:48.539+0000][176][info ][gc,metaspace] GC(26) Metaspace: 160873K(165376K)->160873K(165376K) NonClass: 138750K(141248K)->138750K(141248K) Class: 22122K(24128K)->22122K(24128K)
[2025-09-03T08:45:48.539+0000][176][info ][gc          ] GC(26) Pause Young (Normal) (G1 Evacuation Pause) 768M->170M(1024M) 30.206ms
[2025-09-03T08:45:48.539+0000][176][info ][gc,cpu      ] GC(26) User=0.20s Sys=0.00s Real=0.03s
[2025-09-03T08:45:48.539+0000][176][info ][safepoint   ] Safepoint "G1CollectForAllocation", Time since last: 3517125543 ns, Reaching safepoint: 58958 ns, Cleanup: 31459 ns, At safepoint: 30565750 ns, Total: 30656167 ns
[2025-09-03T08:45:49.540+0000][176][info ][safepoint   ] Safepoint "Cleanup", Time since last: 1000919583 ns, Reaching safepoint: 63792 ns, Cleanup: 39958 ns, At safepoint: 19459 ns, Total: 123209 ns
[2025-09-03T08:45:52.545+0000][176][info ][safepoint   ] Safepoint "Cleanup", Time since last: 3004830543 ns, Reaching safepoint: 78917 ns, Cleanup: 71208 ns, At safepoint: 33833 ns, Total: 183958 ns
[2025-09-03T08:45:53.873+0000][176][info ][safepoint   ] Safepoint "Cleanup", Time since last: 1328239918 ns, Reaching safepoint: 5250 ns, Cleanup: 27416 ns, At safepoint: 5375 ns, Total: 38041 ns
[2025-09-03T08:45:55.030+0000][176][info ][safepoint   ] Safepoint "Cleanup", Time since last: 1156308042 ns, Reaching safepoint: 24209 ns, Cleanup: 39083 ns, At safepoint: 14292 ns, Total: 77584 ns
[2025-09-03T08:45:58.066+0000][176][info ][safepoint   ] Safepoint "Cleanup", Time since last: 3036034585 ns, Reaching safepoint: 278541 ns, Cleanup: 41459 ns, At safepoint: 40583 ns, Total: 360583 ns
[2025-09-03T08:45:59.067+0000][176][info ][safepoint   ] Safepoint "Cleanup", Time since last: 1000937209 ns, Reaching safepoint: 32375 ns, Cleanup: 25000 ns, At safepoint: 7625 ns, Total: 65000 ns
[2025-09-03T08:46:06.074+0000][176][info ][safepoint   ] Safepoint "Cleanup", Time since last: 7007013752 ns, Reaching safepoint: 70250 ns, Cleanup: 33542 ns, At safepoint: 25583 ns, Total: 129375 ns
[2025-09-03T08:46:09.079+0000][176][info ][safepoint   ] Safepoint "Cleanup", Time since last: 3005007001 ns, Reaching safepoint: 31042 ns, Cleanup: 28917 ns, At safepoint: 9791 ns, Total: 69750 ns
[2025-09-03T08:46:11.081+0000][176][info ][safepoint   ] Safepoint "Cleanup", Time since last: 2001748251 ns, Reaching safepoint: 33167 ns, Cleanup: 75333 ns, At safepoint: 20292 ns, Total: 128792 ns
[2025-09-03T08:46:12.082+0000][176][info ][safepoint   ] Safepoint "Cleanup", Time since last: 1001009334 ns, Reaching safepoint: 43708 ns, Cleanup: 27375 ns, At safepoint: 13250 ns, Total: 84333 ns
[2025-09-03T08:46:13.085+0000][176][info ][safepoint   ] Safepoint "Cleanup", Time since last: 1001498792 ns, Reaching safepoint: 1246792 ns, Cleanup: 24625 ns, At safepoint: 40375 ns, Total: 1311792 ns
[2025-09-03T08:46:14.087+0000][176][info ][safepoint   ] Safepoint "Cleanup", Time since last: 1001425126 ns, Reaching safepoint: 71250 ns, Cleanup: 271833 ns, At safepoint: 17208 ns, Total: 360291 ns
[2025-09-03T08:46:18.481+0000][176][info ][safepoint   ] Safepoint "Cleanup", Time since last: 4392525877 ns, Reaching safepoint: 1255000 ns, Cleanup: 54667 ns, At safepoint: 36667 ns, Total: 1346334 ns
[2025-09-03T08:46:22.485+0000][176][info ][safepoint   ] Safepoint "Cleanup", Time since last: 4004801418 ns, Reaching safepoint: 12500 ns, Cleanup: 14667 ns, At safepoint: 7125 ns, Total: 34292 ns
[2025-09-03T08:46:23.487+0000][176][info ][safepoint   ] Safepoint "Cleanup", Time since last: 1001001084 ns, Reaching safepoint: 14208 ns, Cleanup: 14917 ns, At safepoint: 7041 ns, Total: 36166 ns
[2025-09-03T08:46:24.488+0000][176][info ][safepoint   ] Safepoint "Cleanup", Time since last: 1001430209 ns, Reaching safepoint: 15167 ns, Cleanup: 17667 ns, At safepoint: 7750 ns, Total: 40584 ns
[2025-09-03T08:46:34.508+0000][176][info ][safepoint   ] Safepoint "Cleanup", Time since last: 10020496712 ns, Reaching safepoint: 33542 ns, Cleanup: 13750 ns, At safepoint: 8458 ns, Total: 55750 ns
[2025-09-03T08:46:35.510+0000][176][info ][safepoint   ] Safepoint "Cleanup", Time since last: 1001898792 ns, Reaching safepoint: 36125 ns, Cleanup: 23250 ns, At safepoint: 10542 ns, Total: 69917 ns
[2025-09-03T08:46:36.512+0000][176][info ][safepoint   ] Safepoint "Cleanup", Time since last: 1001210834 ns, Reaching safepoint: 13333 ns, Cleanup: 40250 ns, At safepoint: 6959 ns, Total: 60542 ns
[2025-09-03T08:46:40.516+0000][176][info ][safepoint   ] Safepoint "Cleanup", Time since last: 4004540877 ns, Reaching safepoint: 74750 ns, Cleanup: 37750 ns, At safepoint: 24875 ns, Total: 137375 ns
[2025-09-03T08:46:41.518+0000][176][info ][safepoint   ] Safepoint "Cleanup", Time since last: 1001402625 ns, Reaching safepoint: 65333 ns, Cleanup: 34417 ns, At safepoint: 11708 ns, Total: 111458 ns
[2025-09-03T08:46:42.519+0000][176][info ][safepoint   ] Safepoint "Cleanup", Time since last: 1001291584 ns, Reaching safepoint: 94125 ns, Cleanup: 97333 ns, At safepoint: 28875 ns, Total: 220333 ns
[2025-09-03T08:46:48.527+0000][176][info ][safepoint   ] Safepoint "Cleanup", Time since last: 6007745295 ns, Reaching safepoint: 80167 ns, Cleanup: 30375 ns, At safepoint: 39666 ns, Total: 150208 ns
[2025-09-03T08:46:56.541+0000][176][info ][safepoint   ] Safepoint "Cleanup", Time since last: 8011116004 ns, Reaching safepoint: 1937333 ns, Cleanup: 696875 ns, At safepoint: 30792 ns, Total: 2665000 ns
[2025-09-03T08:46:58.296+0000][176][info ][safepoint   ] Safepoint "Cleanup", Time since last: 1754987793 ns, Reaching safepoint: 69500 ns, Cleanup: 115083 ns, At safepoint: 52417 ns, Total: 237000 ns
[2025-09-03T08:47:01.301+0000][176][info ][safepoint   ] Safepoint "Cleanup", Time since last: 3004540417 ns, Reaching safepoint: 89833 ns, Cleanup: 100334 ns, At safepoint: 23333 ns, Total: 213500 ns
[2025-09-03T08:47:03.303+0000][176][info ][safepoint   ] Safepoint "Cleanup", Time since last: 2002621709 ns, Reaching safepoint: 23459 ns, Cleanup: 20958 ns, At safepoint: 24667 ns, Total: 69084 ns
[2025-09-03T08:47:04.305+0000][176][info ][safepoint   ] Safepoint "Cleanup", Time since last: 1001701959 ns, Reaching safepoint: 23583 ns, Cleanup: 17875 ns, At safepoint: 9417 ns, Total: 50875 ns
[2025-09-03T08:47:05.306+0000][176][info ][safepoint   ] Safepoint "Cleanup", Time since last: 1001126917 ns, Reaching safepoint: 20041 ns, Cleanup: 22875 ns, At safepoint: 19042 ns, Total: 61958 ns
[2025-09-03T08:47:06.308+0000][176][info ][safepoint   ] Safepoint "Cleanup", Time since last: 1001498667 ns, Reaching safepoint: 14959 ns, Cleanup: 75541 ns, At safepoint: 16417 ns, Total: 106917 ns
[2025-09-03T08:47:09.311+0000][176][info ][safepoint   ] Safepoint "Cleanup", Time since last: 3002527710 ns, Reaching safepoint: 45000 ns, Cleanup: 37625 ns, At safepoint: 14333 ns, Total: 96958 ns
[2025-09-03T08:47:17.631+0000][176][info ][safepoint   ] Safepoint "Cleanup", Time since last: 8319859379 ns, Reaching safepoint: 86583 ns, Cleanup: 207084 ns, At safepoint: 16250 ns, Total: 309917 ns
[2025-09-03T08:47:20.635+0000][176][info ][safepoint   ] Safepoint "Cleanup", Time since last: 3003889084 ns, Reaching safepoint: 73042 ns, Cleanup: 49042 ns, At safepoint: 37000 ns, Total: 159084 ns
[2025-09-03T08:47:22.638+0000][176][info ][safepoint   ] Safepoint "Cleanup", Time since last: 2003499251 ns, Reaching safepoint: 77458 ns, Cleanup: 39000 ns, At safepoint: 17375 ns, Total: 133833 ns
[2025-09-03T08:47:23.640+0000][176][info ][safepoint   ] Safepoint "Cleanup", Time since last: 1001012042 ns, Reaching safepoint: 42417 ns, Cleanup: 26166 ns, At safepoint: 16125 ns, Total: 84708 ns
[2025-09-03T08:47:24.641+0000][176][info ][safepoint   ] Safepoint "Cleanup", Time since last: 1000921209 ns, Reaching safepoint: 53167 ns, Cleanup: 77125 ns, At safepoint: 16125 ns, Total: 146417 ns
[2025-09-03T08:47:32.651+0000][176][info ][safepoint   ] Safepoint "Cleanup", Time since last: 8009308878 ns, Reaching safepoint: 97334 ns, Cleanup: 100166 ns, At safepoint: 24250 ns, Total: 221750 ns
[2025-09-03T08:47:33.653+0000][176][info ][safepoint   ] Safepoint "Cleanup", Time since last: 1002723876 ns, Reaching safepoint: 60917 ns, Cleanup: 36500 ns, At safepoint: 12041 ns, Total: 109458 ns
[2025-09-03T08:47:34.655+0000][176][info ][safepoint   ] Safepoint "Cleanup", Time since last: 1001711126 ns, Reaching safepoint: 67166 ns, Cleanup: 46417 ns, At safepoint: 14833 ns, Total: 128416 ns
[2025-09-03T08:47:38.661+0000][176][info ][safepoint   ] Safepoint "Cleanup", Time since last: 4005535877 ns, Reaching safepoint: 85250 ns, Cleanup: 35625 ns, At safepoint: 18959 ns, Total: 139834 ns
[2025-09-03T08:47:48.673+0000][176][info ][safepoint   ] Safepoint "Cleanup", Time since last: 10011754963 ns, Reaching safepoint: 178791 ns, Cleanup: 29834 ns, At safepoint: 19166 ns, Total: 227791 ns
[2025-09-03T08:47:53.678+0000][176][info ][safepoint   ] Safepoint "Cleanup", Time since last: 5005325086 ns, Reaching safepoint: 29000 ns, Cleanup: 44292 ns, At safepoint: 10708 ns, Total: 84000 ns
[2025-09-03T08:47:54.681+0000][176][info ][safepoint   ] Safepoint "Cleanup", Time since last: 1002004459 ns, Reaching safepoint: 79292 ns, Cleanup: 49208 ns, At safepoint: 23708 ns, Total: 152208 ns
[2025-09-03T08:47:58.685+0000][176][info ][safepoint   ] Safepoint "Cleanup", Time since last: 4004355836 ns, Reaching safepoint: 272583 ns, Cleanup: 57833 ns, At safepoint: 29542 ns, Total: 359958 ns
[2025-09-03T08:47:59.894+0000][176][info ][safepoint   ] Safepoint "Cleanup", Time since last: 1208551625 ns, Reaching safepoint: 5292 ns, Cleanup: 32125 ns, At safepoint: 7208 ns, Total: 44625 ns
[2025-09-03T08:48:01.564+0000][176][info ][safepoint   ] Safepoint "Cleanup", Time since last: 1669571209 ns, Reaching safepoint: 109667 ns, Cleanup: 57667 ns, At safepoint: 278791 ns, Total: 446125 ns
[2025-09-03T08:48:08.574+0000][176][info ][safepoint   ] Safepoint "Cleanup", Time since last: 7009968462 ns, Reaching safepoint: 71250 ns, Cleanup: 24708 ns, At safepoint: 16375 ns, Total: 112333 ns
[2025-09-03T08:48:09.575+0000][176][info ][safepoint   ] Safepoint "Cleanup", Time since last: 1001122376 ns, Reaching safepoint: 54041 ns, Cleanup: 37584 ns, At safepoint: 20875 ns, Total: 112500 ns
[2025-09-03T08:48:11.928+0000][176][info ][gc,start    ] GC(27) Pause Young (Concurrent Start) (G1 Evacuation Pause)
[2025-09-03T08:48:11.928+0000][176][info ][gc,task     ] GC(27) Using 8 workers of 8 for evacuation
[2025-09-03T08:48:11.929+0000][176][debug][gc,age      ] GC(27) Desired survivor size 41943040 bytes, new threshold 15 (max threshold 15)
[2025-09-03T08:48:11.957+0000][176][info ][gc,phases   ] GC(27)   Pre Evacuate Collection Set: 0.68ms
[2025-09-03T08:48:11.957+0000][176][info ][gc,phases   ] GC(27)   Merge Heap Roots: 0.27ms
[2025-09-03T08:48:11.958+0000][176][info ][gc,phases   ] GC(27)   Evacuate Collection Set: 25.38ms
[2025-09-03T08:48:11.958+0000][176][info ][gc,phases   ] GC(27)   Post Evacuate Collection Set: 2.12ms
[2025-09-03T08:48:11.958+0000][176][info ][gc,phases   ] GC(27)   Other: 0.45ms
[2025-09-03T08:48:11.958+0000][176][trace][gc,age      ] GC(27) Age table with threshold 15 (max threshold 15)
[2025-09-03T08:48:11.958+0000][176][trace][gc,age      ] GC(27) - age   1:    3046664 bytes,    3046664 total
[2025-09-03T08:48:11.958+0000][176][trace][gc,age      ] GC(27) - age   2:    3053680 bytes,    6100344 total
[2025-09-03T08:48:11.958+0000][176][trace][gc,age      ] GC(27) - age   3:     242240 bytes,    6342584 total
[2025-09-03T08:48:11.958+0000][176][trace][gc,age      ] GC(27) - age   4:     172424 bytes,    6515008 total
[2025-09-03T08:48:11.958+0000][176][trace][gc,age      ] GC(27) - age   5:     139800 bytes,    6654808 total
[2025-09-03T08:48:11.958+0000][176][trace][gc,age      ] GC(27) - age   6:    2232992 bytes,    8887800 total
[2025-09-03T08:48:11.958+0000][176][trace][gc,age      ] GC(27) - age   7:    4606024 bytes,   13493824 total
[2025-09-03T08:48:11.958+0000][176][trace][gc,age      ] GC(27) - age   8:    1042608 bytes,   14536432 total
[2025-09-03T08:48:11.958+0000][176][info ][gc,heap     ] GC(27) Eden regions: 149->0(149)
[2025-09-03T08:48:11.958+0000][176][info ][gc,heap     ] GC(27) Survivor regions: 4->4(20)
[2025-09-03T08:48:11.958+0000][176][info ][gc,heap     ] GC(27) Old regions: 38->38
[2025-09-03T08:48:11.958+0000][176][info ][gc,heap     ] GC(27) Humongous regions: 2->2
[2025-09-03T08:48:11.958+0000][176][info ][gc,metaspace] GC(27) Metaspace: 161128K(165632K)->161128K(165632K) NonClass: 139002K(141504K)->139002K(141504K) Class: 22125K(24128K)->22125K(24128K)
[2025-09-03T08:48:11.958+0000][176][info ][gc          ] GC(27) Pause Young (Concurrent Start) (G1 Evacuation Pause) 766M->172M(1024M) 30.083ms
[2025-09-03T08:48:11.958+0000][176][info ][gc          ] GC(28) Concurrent Mark Cycle
[2025-09-03T08:48:11.958+0000][176][info ][gc,marking  ] GC(28) Concurrent Scan Root Regions
[2025-09-03T08:48:11.958+0000][176][info ][gc,cpu      ] GC(27) User=0.20s Sys=0.00s Real=0.03s
[2025-09-03T08:48:11.959+0000][176][info ][safepoint   ] Safepoint "G1CollectForAllocation", Time since last: 2351634834 ns, Reaching safepoint: 1245875 ns, Cleanup: 9917 ns, At safepoint: 30396583 ns, Total: 31652375 ns
[2025-09-03T08:48:11.965+0000][176][info ][gc,marking  ] GC(28) Concurrent Scan Root Regions 6.592ms
[2025-09-03T08:48:11.965+0000][176][info ][gc,marking  ] GC(28) Concurrent Mark
[2025-09-03T08:48:11.965+0000][176][info ][gc,marking  ] GC(28) Concurrent Mark From Roots
[2025-09-03T08:48:11.965+0000][176][info ][gc,task     ] GC(28) Using 2 workers of 2 for marking
[2025-09-03T08:48:12.052+0000][176][info ][gc,marking  ] GC(28) Concurrent Mark From Roots 86.363ms
[2025-09-03T08:48:12.052+0000][176][info ][gc,marking  ] GC(28) Concurrent Preclean
[2025-09-03T08:48:12.053+0000][176][info ][gc,marking  ] GC(28) Concurrent Preclean 1.035ms
[2025-09-03T08:48:12.053+0000][176][info ][gc,start    ] GC(28) Pause Remark
[2025-09-03T08:48:12.128+0000][176][info ][gc          ] GC(28) Pause Remark 179M->179M(1024M) 75.197ms
[2025-09-03T08:48:12.128+0000][176][info ][gc,cpu      ] GC(28) User=0.51s Sys=0.00s Real=0.08s
[2025-09-03T08:48:12.128+0000][176][info ][safepoint   ] Safepoint "G1PauseRemark", Time since last: 94254625 ns, Reaching safepoint: 15250 ns, Cleanup: 3292 ns, At safepoint: 75455333 ns, Total: 75473875 ns
[2025-09-03T08:48:12.128+0000][176][info ][gc,marking  ] GC(28) Concurrent Mark 163.263ms
[2025-09-03T08:48:12.129+0000][176][info ][gc,marking  ] GC(28) Concurrent Rebuild Remembered Sets and Scrub Regions
[2025-09-03T08:48:12.162+0000][176][info ][gc,marking  ] GC(28) Concurrent Rebuild Remembered Sets and Scrub Regions 32.878ms
[2025-09-03T08:48:12.164+0000][176][info ][gc,start    ] GC(28) Pause Cleanup
[2025-09-03T08:48:12.165+0000][176][info ][gc          ] GC(28) Pause Cleanup 179M->179M(1024M) 0.325ms
[2025-09-03T08:48:12.165+0000][176][info ][gc,cpu      ] GC(28) User=0.00s Sys=0.00s Real=0.00s
[2025-09-03T08:48:12.165+0000][176][info ][safepoint   ] Safepoint "G1PauseCleanup", Time since last: 33850709 ns, Reaching safepoint: 1961666 ns, Cleanup: 70959 ns, At safepoint: 495791 ns, Total: 2528416 ns
[2025-09-03T08:48:12.165+0000][176][info ][gc,marking  ] GC(28) Concurrent Clear Claimed Marks
[2025-09-03T08:48:12.165+0000][176][info ][gc,marking  ] GC(28) Concurrent Clear Claimed Marks 0.405ms
[2025-09-03T08:48:12.165+0000][176][info ][gc,marking  ] GC(28) Concurrent Cleanup for Next Mark
[2025-09-03T08:48:12.171+0000][176][info ][gc,marking  ] GC(28) Concurrent Cleanup for Next Mark 5.293ms
[2025-09-03T08:48:12.171+0000][176][info ][gc          ] GC(28) Concurrent Mark Cycle 212.345ms
[2025-09-03T08:48:13.165+0000][176][info ][safepoint   ] Safepoint "Cleanup", Time since last: 1000668084 ns, Reaching safepoint: 18167 ns, Cleanup: 14250 ns, At safepoint: 8250 ns, Total: 40667 ns
[2025-09-03T08:48:21.852+0000][176][info ][safepoint   ] Safepoint "Cleanup", Time since last: 8686140879 ns, Reaching safepoint: 31917 ns, Cleanup: 31291 ns, At safepoint: 22750 ns, Total: 85958 ns
[2025-09-03T08:48:28.860+0000][176][info ][safepoint   ] Safepoint "Cleanup", Time since last: 7008588045 ns, Reaching safepoint: 131250 ns, Cleanup: 29417 ns, At safepoint: 48167 ns, Total: 208834 ns
[2025-09-03T08:48:30.861+0000][176][info ][safepoint   ] Safepoint "Cleanup", Time since last: 2001551917 ns, Reaching safepoint: 120333 ns, Cleanup: 38417 ns, At safepoint: 35333 ns, Total: 194083 ns
[2025-09-03T08:48:32.864+0000][176][info ][safepoint   ] Safepoint "Cleanup", Time since last: 2003202084 ns, Reaching safepoint: 256084 ns, Cleanup: 53375 ns, At safepoint: 36958 ns, Total: 346417 ns
[2025-09-03T08:48:40.879+0000][176][info ][safepoint   ] Safepoint "Cleanup", Time since last: 8014799795 ns, Reaching safepoint: 33084 ns, Cleanup: 26958 ns, At safepoint: 9000 ns, Total: 69042 ns
[2025-09-03T08:48:48.888+0000][176][info ][safepoint   ] Safepoint "Cleanup", Time since last: 8009082545 ns, Reaching safepoint: 131084 ns, Cleanup: 35625 ns, At safepoint: 22250 ns, Total: 188959 ns
[2025-09-03T08:48:53.896+0000][176][info ][safepoint   ] Safepoint "Cleanup", Time since last: 5007073669 ns, Reaching safepoint: 12542 ns, Cleanup: 12041 ns, At safepoint: 7875 ns, Total: 32458 ns
[2025-09-03T08:48:57.901+0000][176][info ][safepoint   ] Safepoint "Cleanup", Time since last: 4004816085 ns, Reaching safepoint: 136209 ns, Cleanup: 61541 ns, At safepoint: 24084 ns, Total: 221834 ns
[2025-09-03T08:49:02.921+0000][176][info ][safepoint   ] Safepoint "Cleanup", Time since last: 5018483960 ns, Reaching safepoint: 496042 ns, Cleanup: 8166 ns, At safepoint: 13084 ns, Total: 517292 ns
[2025-09-03T08:49:04.759+0000][176][info ][safepoint   ] Safepoint "Cleanup", Time since last: 1836703042 ns, Reaching safepoint: 851583 ns, Cleanup: 248917 ns, At safepoint: 267708 ns, Total: 1368208 ns
[2025-09-03T08:49:08.764+0000][176][info ][safepoint   ] Safepoint "Cleanup", Time since last: 4005386211 ns, Reaching safepoint: 46666 ns, Cleanup: 39625 ns, At safepoint: 15417 ns, Total: 101708 ns
[2025-09-03T08:49:09.767+0000][176][info ][safepoint   ] Safepoint "Cleanup", Time since last: 1002192084 ns, Reaching safepoint: 33083 ns, Cleanup: 34833 ns, At safepoint: 22792 ns, Total: 90708 ns
[2025-09-03T08:49:15.774+0000][176][info ][safepoint   ] Safepoint "Cleanup", Time since last: 6007381045 ns, Reaching safepoint: 96750 ns, Cleanup: 28708 ns, At safepoint: 46083 ns, Total: 171541 ns
[2025-09-03T08:49:23.061+0000][176][info ][safepoint   ] Safepoint "Cleanup", Time since last: 7285976962 ns, Reaching safepoint: 257250 ns, Cleanup: 55542 ns, At safepoint: 27875 ns, Total: 340667 ns
[2025-09-03T08:49:24.065+0000][176][info ][safepoint   ] Safepoint "Cleanup", Time since last: 1002675667 ns, Reaching safepoint: 387083 ns, Cleanup: 1495667 ns, At safepoint: 32125 ns, Total: 1914875 ns
[2025-09-03T08:49:33.074+0000][176][info ][safepoint   ] Safepoint "Cleanup", Time since last: 9008850462 ns, Reaching safepoint: 53625 ns, Cleanup: 21833 ns, At safepoint: 10834 ns, Total: 86292 ns
[2025-09-03T08:49:41.091+0000][176][info ][safepoint   ] Safepoint "Cleanup", Time since last: 8015662003 ns, Reaching safepoint: 787459 ns, Cleanup: 91166 ns, At safepoint: 21709 ns, Total: 900334 ns
[2025-09-03T08:49:42.092+0000][176][info ][safepoint   ] Safepoint "Cleanup", Time since last: 1001190167 ns, Reaching safepoint: 15958 ns, Cleanup: 28292 ns, At safepoint: 18500 ns, Total: 62750 ns
[2025-09-03T08:49:44.094+0000][176][info ][safepoint   ] Safepoint "Cleanup", Time since last: 2002176084 ns, Reaching safepoint: 47959 ns, Cleanup: 59291 ns, At safepoint: 16125 ns, Total: 123375 ns
[2025-09-03T08:49:49.101+0000][176][info ][safepoint   ] Safepoint "Cleanup", Time since last: 5005998419 ns, Reaching safepoint: 122000 ns, Cleanup: 29459 ns, At safepoint: 17916 ns, Total: 169375 ns
[2025-09-03T08:49:50.926+0000][176][info ][safepoint   ] Safepoint "Cleanup", Time since last: 1825804543 ns, Reaching safepoint: 6083 ns, Cleanup: 9250 ns, At safepoint: 5833 ns, Total: 21166 ns
[2025-09-03T08:49:52.900+0000][176][info ][safepoint   ] Safepoint "Cleanup", Time since last: 1974032293 ns, Reaching safepoint: 19375 ns, Cleanup: 35583 ns, At safepoint: 11084 ns, Total: 66042 ns
[2025-09-03T08:49:54.282+0000][176][info ][safepoint   ] Safepoint "Cleanup", Time since last: 1381139875 ns, Reaching safepoint: 17625 ns, Cleanup: 143042 ns, At safepoint: 18458 ns, Total: 179125 ns
[2025-09-03T08:49:55.285+0000][176][info ][safepoint   ] Safepoint "Cleanup", Time since last: 1002910043 ns, Reaching safepoint: 88375 ns, Cleanup: 62208 ns, At safepoint: 35458 ns, Total: 186041 ns
[2025-09-03T08:49:56.287+0000][176][info ][safepoint   ] Safepoint "Cleanup", Time since last: 1001470792 ns, Reaching safepoint: 85084 ns, Cleanup: 50625 ns, At safepoint: 29625 ns, Total: 165334 ns
[2025-09-03T08:49:58.292+0000][176][info ][safepoint   ] Safepoint "Cleanup", Time since last: 2004898626 ns, Reaching safepoint: 71458 ns, Cleanup: 47000 ns, At safepoint: 30792 ns, Total: 149250 ns
[2025-09-03T08:50:00.295+0000][176][info ][safepoint   ] Safepoint "Cleanup", Time since last: 2003149501 ns, Reaching safepoint: 131833 ns, Cleanup: 121167 ns, At safepoint: 56125 ns, Total: 309125 ns
[2025-09-03T08:50:02.298+0000][176][info ][safepoint   ] Safepoint "Cleanup", Time since last: 2002461625 ns, Reaching safepoint: 34375 ns, Cleanup: 22708 ns, At safepoint: 9875 ns, Total: 66958 ns
[2025-09-03T08:50:05.302+0000][176][info ][safepoint   ] Safepoint "Cleanup", Time since last: 3004010501 ns, Reaching safepoint: 468959 ns, Cleanup: 63875 ns, At safepoint: 22375 ns, Total: 555209 ns
[2025-09-03T08:50:06.944+0000][176][info ][safepoint   ] Safepoint "Cleanup", Time since last: 1641714292 ns, Reaching safepoint: 16167 ns, Cleanup: 66958 ns, At safepoint: 15083 ns, Total: 98208 ns
[2025-09-03T08:50:07.988+0000][176][info ][safepoint   ] Safepoint "Cleanup", Time since last: 1043570918 ns, Reaching safepoint: 12083 ns, Cleanup: 25000 ns, At safepoint: 11375 ns, Total: 48458 ns
[2025-09-03T08:50:08.994+0000][176][info ][safepoint   ] Safepoint "Cleanup", Time since last: 1005944959 ns, Reaching safepoint: 80708 ns, Cleanup: 52167 ns, At safepoint: 27458 ns, Total: 160333 ns
[2025-09-03T08:50:15.002+0000][176][info ][safepoint   ] Safepoint "Cleanup", Time since last: 6008363961 ns, Reaching safepoint: 133500 ns, Cleanup: 56625 ns, At safepoint: 35334 ns, Total: 225459 ns
[2025-09-03T08:50:18.265+0000][176][info ][safepoint   ] Safepoint "Cleanup", Time since last: 3262929918 ns, Reaching safepoint: 126667 ns, Cleanup: 50125 ns, At safepoint: 38083 ns, Total: 214875 ns
[2025-09-03T08:50:29.280+0000][176][info ][safepoint   ] Safepoint "Cleanup", Time since last: 11014257005 ns, Reaching safepoint: 98583 ns, Cleanup: 35500 ns, At safepoint: 20959 ns, Total: 155042 ns
[2025-09-03T08:50:32.284+0000][176][info ][safepoint   ] Safepoint "Cleanup", Time since last: 3004146542 ns, Reaching safepoint: 50542 ns, Cleanup: 22750 ns, At safepoint: 12500 ns, Total: 85792 ns
[2025-09-03T08:50:40.300+0000][176][info ][safepoint   ] Safepoint "Cleanup", Time since last: 8008946003 ns, Reaching safepoint: 7135125 ns, Cleanup: 18750 ns, At safepoint: 21375 ns, Total: 7175250 ns
[2025-09-03T08:50:41.314+0000][176][info ][safepoint   ] Safepoint "Cleanup", Time since last: 1014095043 ns, Reaching safepoint: 32541 ns, Cleanup: 20000 ns, At safepoint: 10167 ns, Total: 62708 ns
[2025-09-03T08:50:42.317+0000][176][info ][safepoint   ] Safepoint "Cleanup", Time since last: 1002156125 ns, Reaching safepoint: 25292 ns, Cleanup: 20708 ns, At safepoint: 15167 ns, Total: 61167 ns
[2025-09-03T08:50:44.318+0000][176][info ][safepoint   ] Safepoint "Cleanup", Time since last: 2001416001 ns, Reaching safepoint: 28250 ns, Cleanup: 16833 ns, At safepoint: 8250 ns, Total: 53333 ns
[2025-09-03T08:50:45.320+0000][176][info ][safepoint   ] Safepoint "Cleanup", Time since last: 1001137709 ns, Reaching safepoint: 79000 ns, Cleanup: 72167 ns, At safepoint: 29625 ns, Total: 180792 ns
[2025-09-03T08:50:52.651+0000][176][info ][safepoint   ] Safepoint "Cleanup", Time since last: 7330765253 ns, Reaching safepoint: 1008167 ns, Cleanup: 94458 ns, At safepoint: 11167 ns, Total: 1113792 ns
[2025-09-03T08:50:54.393+0000][176][info ][safepoint   ] Safepoint "Cleanup", Time since last: 1741106001 ns, Reaching safepoint: 179666 ns, Cleanup: 43250 ns, At safepoint: 48292 ns, Total: 271208 ns
[2025-09-03T08:51:04.080+0000][176][info ][safepoint   ] Safepoint "Cleanup", Time since last: 9688179837 ns, Reaching safepoint: 56292 ns, Cleanup: 37666 ns, At safepoint: 9334 ns, Total: 103292 ns
[2025-09-03T08:51:05.087+0000][176][info ][safepoint   ] Safepoint "Cleanup", Time since last: 1005392667 ns, Reaching safepoint: 1132833 ns, Cleanup: 194834 ns, At safepoint: 12125 ns, Total: 1339792 ns
[2025-09-03T08:51:06.311+0000][176][info ][safepoint   ] Safepoint "Cleanup", Time since last: 1223392708 ns, Reaching safepoint: 14959 ns, Cleanup: 49625 ns, At safepoint: 28458 ns, Total: 93042 ns
[2025-09-03T08:51:06.838+0000][176][info ][gc,heap,exit] Heap
[2025-09-03T08:51:06.839+0000][176][info ][gc,heap,exit]  garbage-first heap   total reserved 1048576K, committed 1048576K, used 486446K [0x00000000c0000000, 0x0000000100000000)
[2025-09-03T08:51:06.840+0000][176][info ][gc,heap,exit]   region size 4096K, 80 young (327680K), 4 survivors (16384K)
[2025-09-03T08:51:06.841+0000][176][info ][gc,heap,exit]  Metaspace       used 159043K, committed 165696K, reserved 1245184K
[2025-09-03T08:51:06.841+0000][176][info ][gc,heap,exit]   class space    used 21533K, committed 24128K, reserved 1048576K
