[2025-09-01T02:09:51.347+0000][175][info][gc,init] CardTable entry size: 512
[2025-09-01T02:09:51.347+0000][175][info][gc     ] Using G1
[2025-09-01T02:09:51.655+0000][175][info][gc,init] Version: 22.0.1+8-16 (release)
[2025-09-01T02:09:51.655+0000][175][info][gc,init] CPUs: 8 total, 8 available
[2025-09-01T02:09:51.655+0000][175][info][gc,init] Memory: 7837M
[2025-09-01T02:09:51.656+0000][175][info][gc,init] Large Page Support: Disabled
[2025-09-01T02:09:51.656+0000][175][info][gc,init] NUMA Support: Disabled
[2025-09-01T02:09:51.656+0000][175][info][gc,init] Compressed Oops: Enabled (32-bit)
[2025-09-01T02:09:51.656+0000][175][info][gc,init] Heap Region Size: 4M
[2025-09-01T02:09:51.656+0000][175][info][gc,init] Heap Min Capacity: 1G
[2025-09-01T02:09:51.656+0000][175][info][gc,init] Heap Initial Capacity: 1G
[2025-09-01T02:09:51.656+0000][175][info][gc,init] Heap Max Capacity: 1G
[2025-09-01T02:09:51.656+0000][175][info][gc,init] Pre-touch: Enabled
[2025-09-01T02:09:51.656+0000][175][info][gc,init] Parallel Workers: 8
[2025-09-01T02:09:51.656+0000][175][info][gc,init] Concurrent Workers: 2
[2025-09-01T02:09:51.656+0000][175][info][gc,init] Concurrent Refinement Workers: 8
[2025-09-01T02:09:51.656+0000][175][info][gc,init] Periodic GC: Disabled
[2025-09-01T02:09:51.666+0000][175][info][gc,metaspace] CDS archive(s) mapped at: [0x0000001000000000-0x0000001000c80000-0x0000001000c80000), size 13107200, SharedBaseAddress: 0x0000001000000000, ArchiveRelocationMode: 1.
[2025-09-01T02:09:51.667+0000][175][info][gc,metaspace] Compressed class space mapped at: 0x0000001001000000-0x0000001041000000, reserved size: 1073741824
[2025-09-01T02:09:51.667+0000][175][info][gc,metaspace] Narrow klass base: 0x0000001000000000, Narrow klass shift: 0, Narrow klass range: 0x100000000
[2025-09-01T02:09:51.794+0000][175][info][safepoint   ] Safepoint "ICBufferFull", Time since last: 122943291 ns, Reaching safepoint: 1324209 ns, Cleanup: 228250 ns, At safepoint: 19125 ns, Total: 1571584 ns
[2025-09-01T02:09:51.890+0000][175][info][safepoint   ] Safepoint "ICBufferFull", Time since last: 95766083 ns, Reaching safepoint: 2167 ns, Cleanup: 52791 ns, At safepoint: 3792 ns, Total: 58750 ns
[2025-09-01T02:09:51.996+0000][175][info][safepoint   ] Safepoint "ICBufferFull", Time since last: 105928417 ns, Reaching safepoint: 2125 ns, Cleanup: 84042 ns, At safepoint: 6208 ns, Total: 92375 ns
[2025-09-01T02:09:52.065+0000][175][info][safepoint   ] Safepoint "ICBufferFull", Time since last: 69008042 ns, Reaching safepoint: 1916 ns, Cleanup: 75542 ns, At safepoint: 7250 ns, Total: 84708 ns
[2025-09-01T02:09:52.087+0000][175][info][gc,start    ] GC(0) Pause Young (Normal) (G1 Evacuation Pause)
[2025-09-01T02:09:52.087+0000][175][info][gc,task     ] GC(0) Using 8 workers of 8 for evacuation
[2025-09-01T02:09:52.087+0000][175][debug][gc,age      ] GC(0) Desired survivor size 4194304 bytes, new threshold 15 (max threshold 15)
[2025-09-01T02:09:52.090+0000][175][info ][gc,phases   ] GC(0)   Pre Evacuate Collection Set: 0.17ms
[2025-09-01T02:09:52.090+0000][175][info ][gc,phases   ] GC(0)   Merge Heap Roots: 0.06ms
[2025-09-01T02:09:52.090+0000][175][info ][gc,phases   ] GC(0)   Evacuate Collection Set: 1.51ms
[2025-09-01T02:09:52.090+0000][175][info ][gc,phases   ] GC(0)   Post Evacuate Collection Set: 0.32ms
[2025-09-01T02:09:52.090+0000][175][info ][gc,phases   ] GC(0)   Other: 0.11ms
[2025-09-01T02:09:52.090+0000][175][trace][gc,age      ] GC(0) Age table with threshold 15 (max threshold 15)
[2025-09-01T02:09:52.090+0000][175][trace][gc,age      ] GC(0) - age   1:    4675456 bytes,    4675456 total
[2025-09-01T02:09:52.090+0000][175][info ][gc,heap     ] GC(0) Eden regions: 12->0(22)
[2025-09-01T02:09:52.090+0000][175][info ][gc,heap     ] GC(0) Survivor regions: 0->2(2)
[2025-09-01T02:09:52.090+0000][175][info ][gc,heap     ] GC(0) Old regions: 1->1
[2025-09-01T02:09:52.090+0000][175][info ][gc,heap     ] GC(0) Humongous regions: 0->0
[2025-09-01T02:09:52.090+0000][175][info ][gc,metaspace] GC(0) Metaspace: 7255K(7488K)->7255K(7488K) NonClass: 6387K(6528K)->6387K(6528K) Class: 867K(960K)->867K(960K)
[2025-09-01T02:09:52.090+0000][175][info ][gc          ] GC(0) Pause Young (Normal) (G1 Evacuation Pause) 49M->5M(1024M) 2.680ms
[2025-09-01T02:09:52.090+0000][175][info ][gc,cpu      ] GC(0) User=0.01s Sys=0.00s Real=0.00s
[2025-09-01T02:09:52.090+0000][175][info ][safepoint   ] Safepoint "G1CollectForAllocation", Time since last: 22385292 ns, Reaching safepoint: 2000 ns, Cleanup: 25791 ns, At safepoint: 2759667 ns, Total: 2787458 ns
[2025-09-01T02:09:52.204+0000][175][info ][safepoint   ] Safepoint "ICBufferFull", Time since last: 112303208 ns, Reaching safepoint: 1083084 ns, Cleanup: 79791 ns, At safepoint: 18209 ns, Total: 1181084 ns
[2025-09-01T02:09:52.258+0000][175][info ][safepoint   ] Safepoint "ICBufferFull", Time since last: 52825625 ns, Reaching safepoint: 1091583 ns, Cleanup: 95292 ns, At safepoint: 17750 ns, Total: 1204625 ns
[2025-09-01T02:09:52.464+0000][175][info ][safepoint   ] Safepoint "ICBufferFull", Time since last: 206581500 ns, Reaching safepoint: 2291 ns, Cleanup: 172417 ns, At safepoint: 11583 ns, Total: 186291 ns
[2025-09-01T02:09:52.902+0000][175][info ][safepoint   ] Safepoint "ICBufferFull", Time since last: 436319667 ns, Reaching safepoint: 831084 ns, Cleanup: 154666 ns, At safepoint: 13042 ns, Total: 998792 ns
[2025-09-01T02:09:52.941+0000][175][info ][safepoint   ] Safepoint "ICBufferFull", Time since last: 39386958 ns, Reaching safepoint: 400792 ns, Cleanup: 54292 ns, At safepoint: 10833 ns, Total: 465917 ns
[2025-09-01T02:09:53.062+0000][175][info ][safepoint   ] Safepoint "ICBufferFull", Time since last: 120582625 ns, Reaching safepoint: 2333 ns, Cleanup: 98292 ns, At safepoint: 13167 ns, Total: 113792 ns
[2025-09-01T02:09:53.285+0000][175][info ][safepoint   ] Safepoint "ICBufferFull", Time since last: 223041375 ns, Reaching safepoint: 3291 ns, Cleanup: 97125 ns, At safepoint: 14542 ns, Total: 114958 ns
[2025-09-01T02:09:53.298+0000][175][info ][gc,start    ] GC(1) Pause Young (Normal) (G1 Evacuation Pause)
[2025-09-01T02:09:53.298+0000][175][info ][gc,task     ] GC(1) Using 8 workers of 8 for evacuation
[2025-09-01T02:09:53.298+0000][175][debug][gc,age      ] GC(1) Desired survivor size 6291456 bytes, new threshold 15 (max threshold 15)
[2025-09-01T02:09:53.307+0000][175][info ][gc,phases   ] GC(1)   Pre Evacuate Collection Set: 0.20ms
[2025-09-01T02:09:53.307+0000][175][info ][gc,phases   ] GC(1)   Merge Heap Roots: 0.07ms
[2025-09-01T02:09:53.307+0000][175][info ][gc,phases   ] GC(1)   Evacuate Collection Set: 7.04ms
[2025-09-01T02:09:53.307+0000][175][info ][gc,phases   ] GC(1)   Post Evacuate Collection Set: 1.39ms
[2025-09-01T02:09:53.307+0000][175][info ][gc,phases   ] GC(1)   Other: 0.40ms
[2025-09-01T02:09:53.307+0000][175][trace][gc,age      ] GC(1) Age table with threshold 15 (max threshold 15)
[2025-09-01T02:09:53.308+0000][175][trace][gc,age      ] GC(1) - age   1:    4965392 bytes,    4965392 total
[2025-09-01T02:09:53.308+0000][175][trace][gc,age      ] GC(1) - age   2:    4604024 bytes,    9569416 total
[2025-09-01T02:09:53.308+0000][175][info ][gc,heap     ] GC(1) Eden regions: 22->0(40)
[2025-09-01T02:09:53.308+0000][175][info ][gc,heap     ] GC(1) Survivor regions: 2->3(3)
[2025-09-01T02:09:53.308+0000][175][info ][gc,heap     ] GC(1) Old regions: 1->1
[2025-09-01T02:09:53.308+0000][175][info ][gc,heap     ] GC(1) Humongous regions: 0->0
[2025-09-01T02:09:53.308+0000][175][info ][gc,metaspace] GC(1) Metaspace: 20196K(20864K)->20196K(20864K) NonClass: 17879K(18304K)->17879K(18304K) Class: 2317K(2560K)->2317K(2560K)
[2025-09-01T02:09:53.308+0000][175][info ][gc          ] GC(1) Pause Young (Normal) (G1 Evacuation Pause) 93M->10M(1024M) 10.472ms
[2025-09-01T02:09:53.308+0000][175][info ][gc,cpu      ] GC(1) User=0.04s Sys=0.00s Real=0.01s
[2025-09-01T02:09:53.308+0000][175][info ][safepoint   ] Safepoint "G1CollectForAllocation", Time since last: 12303625 ns, Reaching safepoint: 2375 ns, Cleanup: 11042 ns, At safepoint: 10620125 ns, Total: 10633542 ns
[2025-09-01T02:09:53.422+0000][175][info ][gc,start    ] GC(2) Pause Young (Concurrent Start) (Metadata GC Threshold)
[2025-09-01T02:09:53.422+0000][175][info ][gc,task     ] GC(2) Using 8 workers of 8 for evacuation
[2025-09-01T02:09:53.422+0000][175][debug][gc,age      ] GC(2) Desired survivor size 12582912 bytes, new threshold 15 (max threshold 15)
[2025-09-01T02:09:53.427+0000][175][info ][gc,phases   ] GC(2)   Pre Evacuate Collection Set: 0.13ms
[2025-09-01T02:09:53.427+0000][175][info ][gc,phases   ] GC(2)   Merge Heap Roots: 0.02ms
[2025-09-01T02:09:53.427+0000][175][info ][gc,phases   ] GC(2)   Evacuate Collection Set: 3.15ms
[2025-09-01T02:09:53.427+0000][175][info ][gc,phases   ] GC(2)   Post Evacuate Collection Set: 1.49ms
[2025-09-01T02:09:53.427+0000][175][info ][gc,phases   ] GC(2)   Other: 0.17ms
[2025-09-01T02:09:53.427+0000][175][trace][gc,age      ] GC(2) Age table with threshold 15 (max threshold 15)
[2025-09-01T02:09:53.427+0000][175][trace][gc,age      ] GC(2) - age   1:     448992 bytes,     448992 total
[2025-09-01T02:09:53.427+0000][175][trace][gc,age      ] GC(2) - age   2:    4086416 bytes,    4535408 total
[2025-09-01T02:09:53.427+0000][175][trace][gc,age      ] GC(2) - age   3:    4588296 bytes,    9123704 total
[2025-09-01T02:09:53.427+0000][175][info ][gc,heap     ] GC(2) Eden regions: 6->0(78)
[2025-09-01T02:09:53.427+0000][175][info ][gc,heap     ] GC(2) Survivor regions: 3->3(6)
[2025-09-01T02:09:53.427+0000][175][info ][gc,heap     ] GC(2) Old regions: 1->1
[2025-09-01T02:09:53.427+0000][175][info ][gc,heap     ] GC(2) Humongous regions: 0->0
[2025-09-01T02:09:53.427+0000][175][info ][gc,metaspace] GC(2) Metaspace: 20886K(21504K)->20886K(21504K) NonClass: 18460K(18816K)->18460K(18816K) Class: 2426K(2688K)->2426K(2688K)
[2025-09-01T02:09:53.427+0000][175][info ][gc          ] GC(2) Pause Young (Concurrent Start) (Metadata GC Threshold) 32M->10M(1024M) 5.541ms
[2025-09-01T02:09:53.428+0000][175][info ][gc          ] GC(3) Concurrent Mark Cycle
[2025-09-01T02:09:53.428+0000][175][info ][gc,marking  ] GC(3) Concurrent Scan Root Regions
[2025-09-01T02:09:53.428+0000][175][info ][gc,cpu      ] GC(2) User=0.02s Sys=0.00s Real=0.00s
[2025-09-01T02:09:53.428+0000][175][info ][safepoint   ] Safepoint "CollectForMetadataAllocation", Time since last: 113534917 ns, Reaching safepoint: 2250 ns, Cleanup: 102166 ns, At safepoint: 5803792 ns, Total: 5908208 ns
[2025-09-01T02:09:53.430+0000][175][info ][gc,marking  ] GC(3) Concurrent Scan Root Regions 2.601ms
[2025-09-01T02:09:53.431+0000][175][info ][gc,marking  ] GC(3) Concurrent Mark
[2025-09-01T02:09:53.431+0000][175][info ][gc,marking  ] GC(3) Concurrent Mark From Roots
[2025-09-01T02:09:53.431+0000][175][info ][gc,task     ] GC(3) Using 2 workers of 2 for marking
[2025-09-01T02:09:53.432+0000][175][info ][gc,marking  ] GC(3) Concurrent Mark From Roots 1.104ms
[2025-09-01T02:09:53.432+0000][175][info ][gc,marking  ] GC(3) Concurrent Preclean
[2025-09-01T02:09:53.432+0000][175][info ][gc,marking  ] GC(3) Concurrent Preclean 0.106ms
[2025-09-01T02:09:53.433+0000][175][info ][gc,start    ] GC(3) Pause Remark
[2025-09-01T02:09:53.435+0000][175][info ][gc          ] GC(3) Pause Remark 13M->13M(1024M) 2.760ms
[2025-09-01T02:09:53.435+0000][175][info ][gc,cpu      ] GC(3) User=0.00s Sys=0.00s Real=0.00s
[2025-09-01T02:09:53.436+0000][175][info ][safepoint   ] Safepoint "G1PauseRemark", Time since last: 4847625 ns, Reaching safepoint: 2292 ns, Cleanup: 4875 ns, At safepoint: 3877250 ns, Total: 3884417 ns
[2025-09-01T02:09:53.443+0000][175][info ][gc,marking  ] GC(3) Concurrent Mark 11.598ms
[2025-09-01T02:09:53.443+0000][175][info ][gc,marking  ] GC(3) Concurrent Rebuild Remembered Sets and Scrub Regions
[2025-09-01T02:09:53.443+0000][175][info ][gc,marking  ] GC(3) Concurrent Rebuild Remembered Sets and Scrub Regions 0.778ms
[2025-09-01T02:09:53.446+0000][175][info ][gc,start    ] GC(3) Pause Cleanup
[2025-09-01T02:09:53.447+0000][175][info ][gc          ] GC(3) Pause Cleanup 14M->14M(1024M) 0.128ms
[2025-09-01T02:09:53.447+0000][175][info ][gc,cpu      ] GC(3) User=0.00s Sys=0.00s Real=0.00s
[2025-09-01T02:09:53.447+0000][175][info ][safepoint   ] Safepoint "G1PauseCleanup", Time since last: 9010333 ns, Reaching safepoint: 962292 ns, Cleanup: 39083 ns, At safepoint: 227208 ns, Total: 1228583 ns
[2025-09-01T02:09:53.448+0000][175][info ][gc,marking  ] GC(3) Concurrent Clear Claimed Marks
[2025-09-01T02:09:53.449+0000][175][info ][gc,marking  ] GC(3) Concurrent Clear Claimed Marks 0.095ms
[2025-09-01T02:09:53.449+0000][175][info ][gc,marking  ] GC(3) Concurrent Cleanup for Next Mark
[2025-09-01T02:09:53.450+0000][175][info ][gc,marking  ] GC(3) Concurrent Cleanup for Next Mark 1.792ms
[2025-09-01T02:09:53.451+0000][175][info ][gc          ] GC(3) Concurrent Mark Cycle 23.094ms
[2025-09-01T02:09:53.585+0000][175][info ][safepoint   ] Safepoint "ICBufferFull", Time since last: 137906375 ns, Reaching safepoint: 2000 ns, Cleanup: 63417 ns, At safepoint: 7708 ns, Total: 73125 ns
[2025-09-01T02:09:53.772+0000][175][info ][safepoint   ] Safepoint "ICBufferFull", Time since last: 187483334 ns, Reaching safepoint: 14416 ns, Cleanup: 91917 ns, At safepoint: 6583 ns, Total: 112916 ns
[2025-09-01T02:09:53.936+0000][175][info ][safepoint   ] Safepoint "ICBufferFull", Time since last: 163604125 ns, Reaching safepoint: 2542 ns, Cleanup: 199917 ns, At safepoint: 10541 ns, Total: 213000 ns
[2025-09-01T02:09:54.188+0000][175][info ][safepoint   ] Safepoint "ICBufferFull", Time since last: 251192876 ns, Reaching safepoint: 154166 ns, Cleanup: 74875 ns, At safepoint: 15500 ns, Total: 244541 ns
[2025-09-01T02:09:54.369+0000][175][info ][safepoint   ] Safepoint "ICBufferFull", Time since last: 181086375 ns, Reaching safepoint: 2709 ns, Cleanup: 109375 ns, At safepoint: 12458 ns, Total: 124542 ns
[2025-09-01T02:09:54.447+0000][175][info ][gc,start    ] GC(4) Pause Young (Prepare Mixed) (G1 Evacuation Pause)
[2025-09-01T02:09:54.448+0000][175][info ][gc,task     ] GC(4) Using 8 workers of 8 for evacuation
[2025-09-01T02:09:54.448+0000][175][debug][gc,age      ] GC(4) Desired survivor size 23068672 bytes, new threshold 15 (max threshold 15)
[2025-09-01T02:09:54.458+0000][175][info ][gc,phases   ] GC(4)   Pre Evacuate Collection Set: 0.10ms
[2025-09-01T02:09:54.458+0000][175][info ][gc,phases   ] GC(4)   Merge Heap Roots: 0.05ms
[2025-09-01T02:09:54.458+0000][175][info ][gc,phases   ] GC(4)   Evacuate Collection Set: 9.14ms
[2025-09-01T02:09:54.458+0000][175][info ][gc,phases   ] GC(4)   Post Evacuate Collection Set: 0.94ms
[2025-09-01T02:09:54.458+0000][175][info ][gc,phases   ] GC(4)   Other: 0.11ms
[2025-09-01T02:09:54.458+0000][175][trace][gc,age      ] GC(4) Age table with threshold 15 (max threshold 15)
[2025-09-01T02:09:54.458+0000][175][trace][gc,age      ] GC(4) - age   1:    6482392 bytes,    6482392 total
[2025-09-01T02:09:54.458+0000][175][trace][gc,age      ] GC(4) - age   2:     398464 bytes,    6880856 total
[2025-09-01T02:09:54.458+0000][175][trace][gc,age      ] GC(4) - age   3:    4053392 bytes,   10934248 total
[2025-09-01T02:09:54.458+0000][175][trace][gc,age      ] GC(4) - age   4:    4587136 bytes,   15521384 total
[2025-09-01T02:09:54.458+0000][175][info ][gc,heap     ] GC(4) Eden regions: 78->0(149)
[2025-09-01T02:09:54.458+0000][175][info ][gc,heap     ] GC(4) Survivor regions: 3->4(11)
[2025-09-01T02:09:54.458+0000][175][info ][gc,heap     ] GC(4) Old regions: 1->1
[2025-09-01T02:09:54.458+0000][175][info ][gc,heap     ] GC(4) Humongous regions: 0->0
[2025-09-01T02:09:54.458+0000][175][info ][gc,metaspace] GC(4) Metaspace: 29024K(29824K)->29024K(29824K) NonClass: 25677K(26112K)->25677K(26112K) Class: 3346K(3712K)->3346K(3712K)
[2025-09-01T02:09:54.458+0000][175][info ][gc          ] GC(4) Pause Young (Prepare Mixed) (G1 Evacuation Pause) 322M->17M(1024M) 10.846ms
[2025-09-01T02:09:54.458+0000][175][info ][gc,cpu      ] GC(4) User=0.06s Sys=0.00s Real=0.01s
[2025-09-01T02:09:54.458+0000][175][info ][safepoint   ] Safepoint "G1CollectForAllocation", Time since last: 78649458 ns, Reaching safepoint: 2000 ns, Cleanup: 77209 ns, At safepoint: 10945500 ns, Total: 11024709 ns
[2025-09-01T02:09:54.646+0000][175][info ][safepoint   ] Safepoint "ICBufferFull", Time since last: 187881291 ns, Reaching safepoint: 2292 ns, Cleanup: 123208 ns, At safepoint: 7250 ns, Total: 132750 ns
[2025-09-01T02:09:54.899+0000][175][info ][safepoint   ] Safepoint "ICBufferFull", Time since last: 252491084 ns, Reaching safepoint: 2250 ns, Cleanup: 68625 ns, At safepoint: 8375 ns, Total: 79250 ns
[2025-09-01T02:09:55.289+0000][175][info ][safepoint   ] Safepoint "ICBufferFull", Time since last: 389430917 ns, Reaching safepoint: 2291 ns, Cleanup: 116000 ns, At safepoint: 4750 ns, Total: 123041 ns
[2025-09-01T02:09:55.426+0000][175][info ][gc,start    ] GC(5) Pause Young (Mixed) (Metadata GC Threshold)
[2025-09-01T02:09:55.426+0000][175][info ][gc,task     ] GC(5) Using 8 workers of 8 for evacuation
[2025-09-01T02:09:55.426+0000][175][debug][gc,age      ] GC(5) Desired survivor size 41943040 bytes, new threshold 15 (max threshold 15)
[2025-09-01T02:09:55.439+0000][175][info ][gc,phases   ] GC(5)   Pre Evacuate Collection Set: 0.12ms
[2025-09-01T02:09:55.439+0000][175][info ][gc,phases   ] GC(5)   Merge Heap Roots: 0.04ms
[2025-09-01T02:09:55.439+0000][175][info ][gc,phases   ] GC(5)   Evacuate Collection Set: 12.07ms
[2025-09-01T02:09:55.439+0000][175][info ][gc,phases   ] GC(5)   Post Evacuate Collection Set: 0.89ms
[2025-09-01T02:09:55.440+0000][175][info ][gc,phases   ] GC(5)   Other: 0.11ms
[2025-09-01T02:09:55.440+0000][175][trace][gc,age      ] GC(5) Age table with threshold 15 (max threshold 15)
[2025-09-01T02:09:55.440+0000][175][trace][gc,age      ] GC(5) - age   1:    8189784 bytes,    8189784 total
[2025-09-01T02:09:55.440+0000][175][trace][gc,age      ] GC(5) - age   2:    5942504 bytes,   14132288 total
[2025-09-01T02:09:55.440+0000][175][trace][gc,age      ] GC(5) - age   3:     398344 bytes,   14530632 total
[2025-09-01T02:09:55.440+0000][175][trace][gc,age      ] GC(5) - age   4:    4051920 bytes,   18582552 total
[2025-09-01T02:09:55.440+0000][175][trace][gc,age      ] GC(5) - age   5:    4587072 bytes,   23169624 total
[2025-09-01T02:09:55.440+0000][175][info ][gc,heap     ] GC(5) Eden regions: 134->0(147)
[2025-09-01T02:09:55.440+0000][175][info ][gc,heap     ] GC(5) Survivor regions: 4->6(20)
[2025-09-01T02:09:55.440+0000][175][info ][gc,heap     ] GC(5) Old regions: 1->1
[2025-09-01T02:09:55.440+0000][175][info ][gc,heap     ] GC(5) Humongous regions: 0->0
[2025-09-01T02:09:55.440+0000][175][info ][gc,metaspace] GC(5) Metaspace: 35267K(36096K)->35267K(36096K) NonClass: 31203K(31680K)->31203K(31680K) Class: 4063K(4416K)->4063K(4416K)
[2025-09-01T02:09:55.440+0000][175][info ][gc          ] GC(5) Pause Young (Mixed) (Metadata GC Threshold) 553M->24M(1024M) 13.874ms
[2025-09-01T02:09:55.440+0000][175][info ][gc,cpu      ] GC(5) User=0.08s Sys=0.00s Real=0.01s
[2025-09-01T02:09:55.440+0000][175][info ][safepoint   ] Safepoint "CollectForMetadataAllocation", Time since last: 137418376 ns, Reaching safepoint: 2291 ns, Cleanup: 85084 ns, At safepoint: 14030916 ns, Total: 14118291 ns
[2025-09-01T02:09:55.446+0000][175][info ][gc,start    ] GC(6) Pause Young (Concurrent Start) (Metadata GC Threshold)
[2025-09-01T02:09:55.446+0000][175][info ][gc,task     ] GC(6) Using 8 workers of 8 for evacuation
[2025-09-01T02:09:55.446+0000][175][debug][gc,age      ] GC(6) Desired survivor size 41943040 bytes, new threshold 15 (max threshold 15)
[2025-09-01T02:09:55.451+0000][175][info ][gc,phases   ] GC(6)   Pre Evacuate Collection Set: 0.10ms
[2025-09-01T02:09:55.451+0000][175][info ][gc,phases   ] GC(6)   Merge Heap Roots: 0.02ms
[2025-09-01T02:09:55.451+0000][175][info ][gc,phases   ] GC(6)   Evacuate Collection Set: 4.33ms
[2025-09-01T02:09:55.451+0000][175][info ][gc,phases   ] GC(6)   Post Evacuate Collection Set: 0.77ms
[2025-09-01T02:09:55.451+0000][175][info ][gc,phases   ] GC(6)   Other: 0.10ms
[2025-09-01T02:09:55.451+0000][175][trace][gc,age      ] GC(6) Age table with threshold 15 (max threshold 15)
[2025-09-01T02:09:55.451+0000][175][trace][gc,age      ] GC(6) - age   1:      36792 bytes,      36792 total
[2025-09-01T02:09:55.451+0000][175][trace][gc,age      ] GC(6) - age   2:    8159720 bytes,    8196512 total
[2025-09-01T02:09:55.451+0000][175][trace][gc,age      ] GC(6) - age   3:    5942472 bytes,   14138984 total
[2025-09-01T02:09:55.452+0000][175][trace][gc,age      ] GC(6) - age   4:     398344 bytes,   14537328 total
[2025-09-01T02:09:55.452+0000][175][trace][gc,age      ] GC(6) - age   5:    4051920 bytes,   18589248 total
[2025-09-01T02:09:55.452+0000][175][trace][gc,age      ] GC(6) - age   6:    4587072 bytes,   23176320 total
[2025-09-01T02:09:55.452+0000][175][info ][gc,heap     ] GC(6) Eden regions: 1->0(146)
[2025-09-01T02:09:55.452+0000][175][info ][gc,heap     ] GC(6) Survivor regions: 6->7(20)
[2025-09-01T02:09:55.452+0000][175][info ][gc,heap     ] GC(6) Old regions: 1->1
[2025-09-01T02:09:55.452+0000][175][info ][gc,heap     ] GC(6) Humongous regions: 0->0
[2025-09-01T02:09:55.452+0000][175][info ][gc,metaspace] GC(6) Metaspace: 35557K(36416K)->35557K(36416K) NonClass: 31444K(31936K)->31444K(31936K) Class: 4112K(4480K)->4112K(4480K)
[2025-09-01T02:09:55.452+0000][175][info ][gc          ] GC(6) Pause Young (Concurrent Start) (Metadata GC Threshold) 28M->25M(1024M) 5.876ms
[2025-09-01T02:09:55.452+0000][175][info ][gc,cpu      ] GC(6) User=0.02s Sys=0.00s Real=0.01s
[2025-09-01T02:09:55.452+0000][175][info ][gc          ] GC(7) Concurrent Mark Cycle
[2025-09-01T02:09:55.452+0000][175][info ][gc,marking  ] GC(7) Concurrent Scan Root Regions
[2025-09-01T02:09:55.452+0000][175][info ][safepoint   ] Safepoint "CollectForMetadataAllocation", Time since last: 5722917 ns, Reaching safepoint: 1958 ns, Cleanup: 1375 ns, At safepoint: 6000167 ns, Total: 6003500 ns
[2025-09-01T02:09:55.455+0000][175][info ][gc,marking  ] GC(7) Concurrent Scan Root Regions 2.741ms
[2025-09-01T02:09:55.455+0000][175][info ][gc,marking  ] GC(7) Concurrent Mark
[2025-09-01T02:09:55.455+0000][175][info ][gc,marking  ] GC(7) Concurrent Mark From Roots
[2025-09-01T02:09:55.455+0000][175][info ][gc,task     ] GC(7) Using 2 workers of 2 for marking
[2025-09-01T02:09:55.456+0000][175][info ][gc,marking  ] GC(7) Concurrent Mark From Roots 0.774ms
[2025-09-01T02:09:55.456+0000][175][info ][gc,marking  ] GC(7) Concurrent Preclean
[2025-09-01T02:09:55.456+0000][175][info ][gc,marking  ] GC(7) Concurrent Preclean 0.039ms
[2025-09-01T02:09:55.456+0000][175][info ][gc,start    ] GC(7) Pause Remark
[2025-09-01T02:09:55.458+0000][175][info ][gc          ] GC(7) Pause Remark 29M->29M(1024M) 2.105ms
[2025-09-01T02:09:55.458+0000][175][info ][gc,cpu      ] GC(7) User=0.01s Sys=0.00s Real=0.00s
[2025-09-01T02:09:55.458+0000][175][info ][safepoint   ] Safepoint "G1PauseRemark", Time since last: 4175083 ns, Reaching safepoint: 2000 ns, Cleanup: 1542 ns, At safepoint: 2210250 ns, Total: 2213792 ns
[2025-09-01T02:09:55.458+0000][175][info ][gc,marking  ] GC(7) Concurrent Mark 3.247ms
[2025-09-01T02:09:55.458+0000][175][info ][gc,marking  ] GC(7) Concurrent Rebuild Remembered Sets and Scrub Regions
[2025-09-01T02:09:55.459+0000][175][info ][gc,marking  ] GC(7) Concurrent Rebuild Remembered Sets and Scrub Regions 0.368ms
[2025-09-01T02:09:55.459+0000][175][info ][gc,start    ] GC(7) Pause Cleanup
[2025-09-01T02:09:55.459+0000][175][info ][gc          ] GC(7) Pause Cleanup 29M->29M(1024M) 0.102ms
[2025-09-01T02:09:55.459+0000][175][info ][gc,cpu      ] GC(7) User=0.00s Sys=0.00s Real=0.00s
[2025-09-01T02:09:55.459+0000][175][info ][safepoint   ] Safepoint "G1PauseCleanup", Time since last: 515417 ns, Reaching safepoint: 1625 ns, Cleanup: 5291 ns, At safepoint: 154667 ns, Total: 161583 ns
[2025-09-01T02:09:55.459+0000][175][info ][gc,marking  ] GC(7) Concurrent Clear Claimed Marks
[2025-09-01T02:09:55.459+0000][175][info ][gc,marking  ] GC(7) Concurrent Clear Claimed Marks 0.048ms
[2025-09-01T02:09:55.459+0000][175][info ][gc,marking  ] GC(7) Concurrent Cleanup for Next Mark
[2025-09-01T02:09:55.460+0000][175][info ][gc,marking  ] GC(7) Concurrent Cleanup for Next Mark 0.299ms
[2025-09-01T02:09:55.460+0000][175][info ][gc          ] GC(7) Concurrent Mark Cycle 7.821ms
[2025-09-01T02:09:55.986+0000][175][info ][safepoint   ] Safepoint "ICBufferFull", Time since last: 526978000 ns, Reaching safepoint: 2417 ns, Cleanup: 243875 ns, At safepoint: 6291 ns, Total: 252583 ns
[2025-09-01T02:09:56.226+0000][175][info ][gc,start    ] GC(8) Pause Young (Normal) (G1 Evacuation Pause)
[2025-09-01T02:09:56.226+0000][175][info ][gc,task     ] GC(8) Using 8 workers of 8 for evacuation
[2025-09-01T02:09:56.226+0000][175][debug][gc,age      ] GC(8) Desired survivor size 41943040 bytes, new threshold 15 (max threshold 15)
[2025-09-01T02:09:56.245+0000][175][info ][gc,phases   ] GC(8)   Pre Evacuate Collection Set: 0.12ms
[2025-09-01T02:09:56.245+0000][175][info ][gc,phases   ] GC(8)   Merge Heap Roots: 0.12ms
[2025-09-01T02:09:56.245+0000][175][info ][gc,phases   ] GC(8)   Evacuate Collection Set: 17.46ms
[2025-09-01T02:09:56.245+0000][175][info ][gc,phases   ] GC(8)   Post Evacuate Collection Set: 1.34ms
[2025-09-01T02:09:56.245+0000][175][info ][gc,phases   ] GC(8)   Other: 0.14ms
[2025-09-01T02:09:56.245+0000][175][trace][gc,age      ] GC(8) Age table with threshold 15 (max threshold 15)
[2025-09-01T02:09:56.245+0000][175][trace][gc,age      ] GC(8) - age   1:    9917520 bytes,    9917520 total
[2025-09-01T02:09:56.245+0000][175][trace][gc,age      ] GC(8) - age   2:      34696 bytes,    9952216 total
[2025-09-01T02:09:56.245+0000][175][trace][gc,age      ] GC(8) - age   3:    8146000 bytes,   18098216 total
[2025-09-01T02:09:56.245+0000][175][trace][gc,age      ] GC(8) - age   4:    5934640 bytes,   24032856 total
[2025-09-01T02:09:56.245+0000][175][trace][gc,age      ] GC(8) - age   5:     378360 bytes,   24411216 total
[2025-09-01T02:09:56.245+0000][175][trace][gc,age      ] GC(8) - age   6:    4044104 bytes,   28455320 total
[2025-09-01T02:09:56.245+0000][175][trace][gc,age      ] GC(8) - age   7:    4580256 bytes,   33035576 total
[2025-09-01T02:09:56.245+0000][175][info ][gc,heap     ] GC(8) Eden regions: 146->0(144)
[2025-09-01T02:09:56.245+0000][175][info ][gc,heap     ] GC(8) Survivor regions: 7->9(20)
[2025-09-01T02:09:56.245+0000][175][info ][gc,heap     ] GC(8) Old regions: 1->1
[2025-09-01T02:09:56.245+0000][175][info ][gc,heap     ] GC(8) Humongous regions: 0->0
[2025-09-01T02:09:56.245+0000][175][info ][gc,metaspace] GC(8) Metaspace: 38334K(39424K)->38334K(39424K) NonClass: 33842K(34496K)->33842K(34496K) Class: 4491K(4928K)->4491K(4928K)
[2025-09-01T02:09:56.245+0000][175][info ][gc          ] GC(8) Pause Young (Normal) (G1 Evacuation Pause) 609M->36M(1024M) 19.806ms
[2025-09-01T02:09:56.245+0000][175][info ][gc,cpu      ] GC(8) User=0.12s Sys=0.00s Real=0.02s
[2025-09-01T02:09:56.245+0000][175][info ][safepoint   ] Safepoint "G1CollectForAllocation", Time since last: 239323792 ns, Reaching safepoint: 3209 ns, Cleanup: 68250 ns, At safepoint: 19883708 ns, Total: 19955167 ns
[2025-09-01T02:09:56.626+0000][175][info ][safepoint   ] Safepoint "ICBufferFull", Time since last: 380704542 ns, Reaching safepoint: 3541 ns, Cleanup: 102000 ns, At safepoint: 6500 ns, Total: 112041 ns
[2025-09-01T02:09:56.843+0000][175][info ][safepoint   ] Safepoint "ICBufferFull", Time since last: 216152501 ns, Reaching safepoint: 84708 ns, Cleanup: 120875 ns, At safepoint: 22583 ns, Total: 228166 ns
[2025-09-01T02:09:56.989+0000][175][info ][safepoint   ] Safepoint "ICBufferFull", Time since last: 145209625 ns, Reaching safepoint: 630834 ns, Cleanup: 205791 ns, At safepoint: 10875 ns, Total: 847500 ns
[2025-09-01T02:09:57.456+0000][175][info ][safepoint   ] Safepoint "ICBufferFull", Time since last: 467137667 ns, Reaching safepoint: 2625 ns, Cleanup: 110208 ns, At safepoint: 9250 ns, Total: 122083 ns
[2025-09-01T02:09:57.785+0000][175][info ][safepoint   ] Safepoint "ICBufferFull", Time since last: 328282542 ns, Reaching safepoint: 6125 ns, Cleanup: 356042 ns, At safepoint: 5125 ns, Total: 367292 ns
[2025-09-01T02:09:58.189+0000][175][info ][safepoint   ] Safepoint "ICBufferFull", Time since last: 404167500 ns, Reaching safepoint: 2500 ns, Cleanup: 112208 ns, At safepoint: 6250 ns, Total: 120958 ns
[2025-09-01T02:09:58.234+0000][175][info ][gc,start    ] GC(9) Pause Young (Concurrent Start) (Metadata GC Threshold)
[2025-09-01T02:09:58.234+0000][175][info ][gc,task     ] GC(9) Using 8 workers of 8 for evacuation
[2025-09-01T02:09:58.234+0000][175][debug][gc,age      ] GC(9) Desired survivor size 41943040 bytes, new threshold 15 (max threshold 15)
[2025-09-01T02:09:58.246+0000][175][info ][gc,phases   ] GC(9)   Pre Evacuate Collection Set: 0.15ms
[2025-09-01T02:09:58.246+0000][175][info ][gc,phases   ] GC(9)   Merge Heap Roots: 0.11ms
[2025-09-01T02:09:58.246+0000][175][info ][gc,phases   ] GC(9)   Evacuate Collection Set: 9.91ms
[2025-09-01T02:09:58.246+0000][175][info ][gc,phases   ] GC(9)   Post Evacuate Collection Set: 1.45ms
[2025-09-01T02:09:58.246+0000][175][info ][gc,phases   ] GC(9)   Other: 0.22ms
[2025-09-01T02:09:58.246+0000][175][trace][gc,age      ] GC(9) Age table with threshold 15 (max threshold 15)
[2025-09-01T02:09:58.246+0000][175][trace][gc,age      ] GC(9) - age   1:   10228344 bytes,   10228344 total
[2025-09-01T02:09:58.246+0000][175][trace][gc,age      ] GC(9) - age   2:    8884040 bytes,   19112384 total
[2025-09-01T02:09:58.246+0000][175][trace][gc,age      ] GC(9) - age   3:      34664 bytes,   19147048 total
[2025-09-01T02:09:58.246+0000][175][trace][gc,age      ] GC(9) - age   4:    8105560 bytes,   27252608 total
[2025-09-01T02:09:58.246+0000][175][trace][gc,age      ] GC(9) - age   5:    5750456 bytes,   33003064 total
[2025-09-01T02:09:58.246+0000][175][trace][gc,age      ] GC(9) - age   6:     375152 bytes,   33378216 total
[2025-09-01T02:09:58.246+0000][175][trace][gc,age      ] GC(9) - age   7:    4015920 bytes,   37394136 total
[2025-09-01T02:09:58.246+0000][175][trace][gc,age      ] GC(9) - age   8:    4574368 bytes,   41968504 total
[2025-09-01T02:09:58.246+0000][175][info ][gc,heap     ] GC(9) Eden regions: 136->0(142)
[2025-09-01T02:09:58.246+0000][175][info ][gc,heap     ] GC(9) Survivor regions: 9->11(20)
[2025-09-01T02:09:58.246+0000][175][info ][gc,heap     ] GC(9) Old regions: 1->1
[2025-09-01T02:09:58.246+0000][175][info ][gc,heap     ] GC(9) Humongous regions: 0->0
[2025-09-01T02:09:58.246+0000][175][info ][gc,metaspace] GC(9) Metaspace: 59592K(61056K)->59592K(61056K) NonClass: 52077K(52992K)->52077K(52992K) Class: 7514K(8064K)->7514K(8064K)
[2025-09-01T02:09:58.246+0000][175][info ][gc          ] GC(9) Pause Young (Concurrent Start) (Metadata GC Threshold) 580M->44M(1024M) 12.513ms
[2025-09-01T02:09:58.246+0000][175][info ][gc,cpu      ] GC(9) User=0.06s Sys=0.00s Real=0.01s
[2025-09-01T02:09:58.246+0000][175][info ][gc          ] GC(10) Concurrent Mark Cycle
[2025-09-01T02:09:58.246+0000][175][info ][gc,marking  ] GC(10) Concurrent Scan Root Regions
[2025-09-01T02:09:58.246+0000][175][info ][safepoint   ] Safepoint "CollectForMetadataAllocation", Time since last: 44763834 ns, Reaching safepoint: 2625 ns, Cleanup: 22708 ns, At safepoint: 12685667 ns, Total: 12711000 ns
[2025-09-01T02:09:58.253+0000][175][info ][gc,marking  ] GC(10) Concurrent Scan Root Regions 6.820ms
[2025-09-01T02:09:58.255+0000][175][info ][gc,marking  ] GC(10) Concurrent Mark
[2025-09-01T02:09:58.255+0000][175][info ][gc,marking  ] GC(10) Concurrent Mark From Roots
[2025-09-01T02:09:58.255+0000][175][info ][gc,task     ] GC(10) Using 2 workers of 2 for marking
[2025-09-01T02:09:58.257+0000][175][info ][gc,marking  ] GC(10) Concurrent Mark From Roots 1.529ms
[2025-09-01T02:09:58.257+0000][175][info ][gc,marking  ] GC(10) Concurrent Preclean
[2025-09-01T02:09:58.257+0000][175][info ][gc,marking  ] GC(10) Concurrent Preclean 0.088ms
[2025-09-01T02:09:58.257+0000][175][info ][gc,start    ] GC(10) Pause Remark
[2025-09-01T02:09:58.260+0000][175][info ][gc          ] GC(10) Pause Remark 47M->47M(1024M) 2.804ms
[2025-09-01T02:09:58.260+0000][175][info ][gc,cpu      ] GC(10) User=0.01s Sys=0.00s Real=0.00s
[2025-09-01T02:09:58.260+0000][175][info ][safepoint   ] Safepoint "G1PauseRemark", Time since last: 10691542 ns, Reaching safepoint: 416916 ns, Cleanup: 6834 ns, At safepoint: 2907833 ns, Total: 3331583 ns
[2025-09-01T02:09:58.260+0000][175][info ][gc,marking  ] GC(10) Concurrent Mark 5.327ms
[2025-09-01T02:09:58.261+0000][175][info ][gc,marking  ] GC(10) Concurrent Rebuild Remembered Sets and Scrub Regions
[2025-09-01T02:09:58.262+0000][175][info ][gc,marking  ] GC(10) Concurrent Rebuild Remembered Sets and Scrub Regions 0.833ms
[2025-09-01T02:09:58.262+0000][175][info ][gc,start    ] GC(10) Pause Cleanup
[2025-09-01T02:09:58.262+0000][175][info ][gc          ] GC(10) Pause Cleanup 47M->47M(1024M) 0.216ms
[2025-09-01T02:09:58.262+0000][175][info ][gc,cpu      ] GC(10) User=0.00s Sys=0.00s Real=0.00s
[2025-09-01T02:09:58.262+0000][175][info ][safepoint   ] Safepoint "G1PauseCleanup", Time since last: 1296875 ns, Reaching safepoint: 5708 ns, Cleanup: 17167 ns, At safepoint: 357417 ns, Total: 380292 ns
[2025-09-01T02:09:58.262+0000][175][info ][gc,marking  ] GC(10) Concurrent Clear Claimed Marks
[2025-09-01T02:09:58.262+0000][175][info ][gc,marking  ] GC(10) Concurrent Clear Claimed Marks 0.224ms
[2025-09-01T02:09:58.263+0000][175][info ][gc,marking  ] GC(10) Concurrent Cleanup for Next Mark
[2025-09-01T02:09:58.263+0000][175][info ][gc,marking  ] GC(10) Concurrent Cleanup for Next Mark 0.436ms
[2025-09-01T02:09:58.263+0000][175][info ][gc          ] GC(10) Concurrent Mark Cycle 16.933ms
[2025-09-01T02:09:58.699+0000][175][info ][safepoint   ] Safepoint "ICBufferFull", Time since last: 435908083 ns, Reaching safepoint: 484750 ns, Cleanup: 95125 ns, At safepoint: 17542 ns, Total: 597417 ns
[2025-09-01T02:09:58.798+0000][175][info ][safepoint   ] Safepoint "ICBufferFull", Time since last: 98914000 ns, Reaching safepoint: 2875 ns, Cleanup: 87750 ns, At safepoint: 7958 ns, Total: 98583 ns
[2025-09-01T02:09:59.287+0000][175][info ][safepoint   ] Safepoint "ICBufferFull", Time since last: 488761000 ns, Reaching safepoint: 146709 ns, Cleanup: 212125 ns, At safepoint: 21208 ns, Total: 380042 ns
[2025-09-01T02:09:59.477+0000][175][info ][safepoint   ] Safepoint "ICBufferFull", Time since last: 189744458 ns, Reaching safepoint: 3250 ns, Cleanup: 143375 ns, At safepoint: 12000 ns, Total: 158625 ns
[2025-09-01T02:09:59.633+0000][175][info ][safepoint   ] Safepoint "ICBufferFull", Time since last: 155930917 ns, Reaching safepoint: 3667 ns, Cleanup: 110583 ns, At safepoint: 8750 ns, Total: 123000 ns
[2025-09-01T02:09:59.836+0000][175][info ][gc,start    ] GC(11) Pause Young (Normal) (G1 Evacuation Pause)
[2025-09-01T02:09:59.837+0000][175][info ][gc,task     ] GC(11) Using 8 workers of 8 for evacuation
[2025-09-01T02:09:59.837+0000][175][debug][gc,age      ] GC(11) Desired survivor size 41943040 bytes, new threshold 8 (max threshold 15)
[2025-09-01T02:09:59.857+0000][175][info ][gc,phases   ] GC(11)   Pre Evacuate Collection Set: 0.14ms
[2025-09-01T02:09:59.857+0000][175][info ][gc,phases   ] GC(11)   Merge Heap Roots: 0.20ms
[2025-09-01T02:09:59.857+0000][175][info ][gc,phases   ] GC(11)   Evacuate Collection Set: 18.01ms
[2025-09-01T02:09:59.857+0000][175][info ][gc,phases   ] GC(11)   Post Evacuate Collection Set: 2.13ms
[2025-09-01T02:09:59.857+0000][175][info ][gc,phases   ] GC(11)   Other: 0.11ms
[2025-09-01T02:09:59.857+0000][175][trace][gc,age      ] GC(11) Age table with threshold 8 (max threshold 15)
[2025-09-01T02:09:59.857+0000][175][trace][gc,age      ] GC(11) - age   1:   10971528 bytes,   10971528 total
[2025-09-01T02:09:59.857+0000][175][trace][gc,age      ] GC(11) - age   2:    9723248 bytes,   20694776 total
[2025-09-01T02:09:59.857+0000][175][trace][gc,age      ] GC(11) - age   3:    8834008 bytes,   29528784 total
[2025-09-01T02:09:59.857+0000][175][trace][gc,age      ] GC(11) - age   4:      34568 bytes,   29563352 total
[2025-09-01T02:09:59.857+0000][175][trace][gc,age      ] GC(11) - age   5:    8093792 bytes,   37657144 total
[2025-09-01T02:09:59.857+0000][175][trace][gc,age      ] GC(11) - age   6:    5725304 bytes,   43382448 total
[2025-09-01T02:09:59.857+0000][175][trace][gc,age      ] GC(11) - age   7:     372304 bytes,   43754752 total
[2025-09-01T02:09:59.857+0000][175][trace][gc,age      ] GC(11) - age   8:    3999216 bytes,   47753968 total
[2025-09-01T02:09:59.858+0000][175][info ][gc,heap     ] GC(11) Eden regions: 142->0(140)
[2025-09-01T02:09:59.858+0000][175][info ][gc,heap     ] GC(11) Survivor regions: 11->13(20)
[2025-09-01T02:09:59.858+0000][175][info ][gc,heap     ] GC(11) Old regions: 1->2
[2025-09-01T02:09:59.858+0000][175][info ][gc,heap     ] GC(11) Humongous regions: 0->0
[2025-09-01T02:09:59.858+0000][175][info ][gc,metaspace] GC(11) Metaspace: 75276K(77056K)->75276K(77056K) NonClass: 65188K(66240K)->65188K(66240K) Class: 10088K(10816K)->10088K(10816K)
[2025-09-01T02:09:59.858+0000][175][info ][gc          ] GC(11) Pause Young (Normal) (G1 Evacuation Pause) 612M->55M(1024M) 21.260ms
[2025-09-01T02:09:59.858+0000][175][info ][gc,cpu      ] GC(11) User=0.12s Sys=0.00s Real=0.02s
[2025-09-01T02:09:59.858+0000][175][info ][safepoint   ] Safepoint "G1CollectForAllocation", Time since last: 203066834 ns, Reaching safepoint: 709041 ns, Cleanup: 13375 ns, At safepoint: 21353500 ns, Total: 22075916 ns
[2025-09-01T02:10:00.088+0000][175][info ][safepoint   ] Safepoint "ICBufferFull", Time since last: 229805042 ns, Reaching safepoint: 2708 ns, Cleanup: 98875 ns, At safepoint: 8667 ns, Total: 110250 ns
[2025-09-01T02:10:00.250+0000][175][info ][safepoint   ] Safepoint "ICBufferFull", Time since last: 161723083 ns, Reaching safepoint: 13542 ns, Cleanup: 112375 ns, At safepoint: 7625 ns, Total: 133542 ns
[2025-09-01T02:10:00.610+0000][175][info ][safepoint   ] Safepoint "ICBufferFull", Time since last: 360536542 ns, Reaching safepoint: 2625 ns, Cleanup: 81750 ns, At safepoint: 4375 ns, Total: 88750 ns
[2025-09-01T02:10:01.005+0000][175][info ][safepoint   ] Safepoint "ICBufferFull", Time since last: 395025000 ns, Reaching safepoint: 2792 ns, Cleanup: 100916 ns, At safepoint: 6292 ns, Total: 110000 ns
[2025-09-01T02:10:01.263+0000][175][info ][gc,start    ] GC(12) Pause Young (Concurrent Start) (Metadata GC Threshold)
[2025-09-01T02:10:01.263+0000][175][info ][gc,task     ] GC(12) Using 8 workers of 8 for evacuation
[2025-09-01T02:10:01.263+0000][175][debug][gc,age      ] GC(12) Desired survivor size 41943040 bytes, new threshold 6 (max threshold 15)
[2025-09-01T02:10:01.277+0000][175][info ][gc,phases   ] GC(12)   Pre Evacuate Collection Set: 0.13ms
[2025-09-01T02:10:01.278+0000][175][info ][gc,phases   ] GC(12)   Merge Heap Roots: 0.11ms
[2025-09-01T02:10:01.278+0000][175][info ][gc,phases   ] GC(12)   Evacuate Collection Set: 12.36ms
[2025-09-01T02:10:01.278+0000][175][info ][gc,phases   ] GC(12)   Post Evacuate Collection Set: 2.02ms
[2025-09-01T02:10:01.278+0000][175][info ][gc,phases   ] GC(12)   Other: 0.15ms
[2025-09-01T02:10:01.278+0000][175][trace][gc,age      ] GC(12) Age table with threshold 6 (max threshold 15)
[2025-09-01T02:10:01.278+0000][175][trace][gc,age      ] GC(12) - age   1:    9711792 bytes,    9711792 total
[2025-09-01T02:10:01.278+0000][175][trace][gc,age      ] GC(12) - age   2:   10608392 bytes,   20320184 total
[2025-09-01T02:10:01.278+0000][175][trace][gc,age      ] GC(12) - age   3:    9558248 bytes,   29878432 total
[2025-09-01T02:10:01.278+0000][175][trace][gc,age      ] GC(12) - age   4:    8817632 bytes,   38696064 total
[2025-09-01T02:10:01.278+0000][175][trace][gc,age      ] GC(12) - age   5:      34312 bytes,   38730376 total
[2025-09-01T02:10:01.278+0000][175][trace][gc,age      ] GC(12) - age   6:    8068656 bytes,   46799032 total
[2025-09-01T02:10:01.278+0000][175][info ][gc,heap     ] GC(12) Eden regions: 83->0(140)
[2025-09-01T02:10:01.278+0000][175][info ][gc,heap     ] GC(12) Survivor regions: 13->13(20)
[2025-09-01T02:10:01.278+0000][175][info ][gc,heap     ] GC(12) Old regions: 2->5
[2025-09-01T02:10:01.278+0000][175][info ][gc,heap     ] GC(12) Humongous regions: 0->0
[2025-09-01T02:10:01.278+0000][175][info ][gc,metaspace] GC(12) Metaspace: 100303K(102336K)->100303K(102336K) NonClass: 86780K(87936K)->86780K(87936K) Class: 13523K(14400K)->13523K(14400K)
[2025-09-01T02:10:01.278+0000][175][info ][gc          ] GC(12) Pause Young (Concurrent Start) (Metadata GC Threshold) 387M->65M(1024M) 15.341ms
[2025-09-01T02:10:01.278+0000][175][info ][gc,cpu      ] GC(12) User=0.08s Sys=0.00s Real=0.01s
[2025-09-01T02:10:01.278+0000][175][info ][safepoint   ] Safepoint "CollectForMetadataAllocation", Time since last: 257259792 ns, Reaching safepoint: 3750 ns, Cleanup: 52125 ns, At safepoint: 15528208 ns, Total: 15584083 ns
[2025-09-01T02:10:01.278+0000][175][info ][gc          ] GC(13) Concurrent Mark Cycle
[2025-09-01T02:10:01.278+0000][175][info ][gc,marking  ] GC(13) Concurrent Scan Root Regions
[2025-09-01T02:10:01.288+0000][175][info ][gc,marking  ] GC(13) Concurrent Scan Root Regions 9.747ms
[2025-09-01T02:10:01.288+0000][175][info ][gc,marking  ] GC(13) Concurrent Mark
[2025-09-01T02:10:01.288+0000][175][info ][gc,marking  ] GC(13) Concurrent Mark From Roots
[2025-09-01T02:10:01.288+0000][175][info ][gc,task     ] GC(13) Using 2 workers of 2 for marking
[2025-09-01T02:10:01.293+0000][175][info ][gc,marking  ] GC(13) Concurrent Mark From Roots 4.676ms
[2025-09-01T02:10:01.293+0000][175][info ][gc,marking  ] GC(13) Concurrent Preclean
[2025-09-01T02:10:01.293+0000][175][info ][gc,marking  ] GC(13) Concurrent Preclean 0.091ms
[2025-09-01T02:10:01.293+0000][175][info ][safepoint   ] Safepoint "CollectForMetadataAllocation", Time since last: 15259042 ns, Reaching safepoint: 2458 ns, Cleanup: 6417 ns, At safepoint: 51875 ns, Total: 60750 ns
[2025-09-01T02:10:01.295+0000][175][info ][gc,start    ] GC(13) Pause Remark
[2025-09-01T02:10:01.298+0000][175][info ][gc          ] GC(13) Pause Remark 69M->69M(1024M) 3.348ms
[2025-09-01T02:10:01.298+0000][175][info ][gc,cpu      ] GC(13) User=0.02s Sys=0.00s Real=0.00s
[2025-09-01T02:10:01.298+0000][175][info ][safepoint   ] Safepoint "G1PauseRemark", Time since last: 135667 ns, Reaching safepoint: 890416 ns, Cleanup: 1500 ns, At safepoint: 3428209 ns, Total: 4320125 ns
[2025-09-01T02:10:01.298+0000][175][info ][gc,marking  ] GC(13) Concurrent Mark 9.904ms
[2025-09-01T02:10:01.298+0000][175][info ][gc,marking  ] GC(13) Concurrent Rebuild Remembered Sets and Scrub Regions
[2025-09-01T02:10:01.302+0000][175][info ][gc,marking  ] GC(13) Concurrent Rebuild Remembered Sets and Scrub Regions 3.630ms
[2025-09-01T02:10:01.302+0000][175][info ][gc,start    ] GC(13) Pause Cleanup
[2025-09-01T02:10:01.303+0000][175][info ][gc          ] GC(13) Pause Cleanup 72M->72M(1024M) 0.154ms
[2025-09-01T02:10:01.303+0000][175][info ][gc,cpu      ] GC(13) User=0.00s Sys=0.00s Real=0.00s
[2025-09-01T02:10:01.303+0000][175][info ][safepoint   ] Safepoint "G1PauseCleanup", Time since last: 3930000 ns, Reaching safepoint: 562750 ns, Cleanup: 9916 ns, At safepoint: 281375 ns, Total: 854041 ns
[2025-09-01T02:10:01.303+0000][175][info ][gc,marking  ] GC(13) Concurrent Clear Claimed Marks
[2025-09-01T02:10:01.303+0000][175][info ][gc,marking  ] GC(13) Concurrent Clear Claimed Marks 0.137ms
[2025-09-01T02:10:01.303+0000][175][info ][gc,marking  ] GC(13) Concurrent Cleanup for Next Mark
[2025-09-01T02:10:01.304+0000][175][info ][gc,marking  ] GC(13) Concurrent Cleanup for Next Mark 0.462ms
[2025-09-01T02:10:01.304+0000][175][info ][gc          ] GC(13) Concurrent Mark Cycle 25.674ms
[2025-09-01T02:10:01.494+0000][175][info ][safepoint   ] Safepoint "ICBufferFull", Time since last: 191270042 ns, Reaching safepoint: 2542 ns, Cleanup: 74708 ns, At safepoint: 10250 ns, Total: 87500 ns
[2025-09-01T02:10:01.701+0000][175][info ][safepoint   ] Safepoint "ICBufferFull", Time since last: 206361917 ns, Reaching safepoint: 2833 ns, Cleanup: 108792 ns, At safepoint: 8000 ns, Total: 119625 ns
[2025-09-01T02:10:02.006+0000][175][info ][safepoint   ] Safepoint "ICBufferFull", Time since last: 305144625 ns, Reaching safepoint: 3042 ns, Cleanup: 73375 ns, At safepoint: 5583 ns, Total: 82000 ns
[2025-09-01T02:10:02.207+0000][175][info ][safepoint   ] Safepoint "ICBufferFull", Time since last: 200844667 ns, Reaching safepoint: 3083 ns, Cleanup: 69708 ns, At safepoint: 4292 ns, Total: 77083 ns
[2025-09-01T02:10:02.292+0000][175][info ][safepoint   ] Safepoint "ICBufferFull", Time since last: 84018917 ns, Reaching safepoint: 747041 ns, Cleanup: 81292 ns, At safepoint: 17917 ns, Total: 846250 ns
[2025-09-01T02:10:02.327+0000][175][info ][safepoint   ] Safepoint "ICBufferFull", Time since last: 35264041 ns, Reaching safepoint: 2625 ns, Cleanup: 72792 ns, At safepoint: 12500 ns, Total: 87917 ns
[2025-09-01T02:10:02.379+0000][175][info ][safepoint   ] Safepoint "ICBufferFull", Time since last: 50875375 ns, Reaching safepoint: 638500 ns, Cleanup: 67167 ns, At safepoint: 26083 ns, Total: 731750 ns
[2025-09-01T02:10:02.396+0000][175][info ][safepoint   ] Safepoint "ICBufferFull", Time since last: 17443292 ns, Reaching safepoint: 2750 ns, Cleanup: 68750 ns, At safepoint: 7666 ns, Total: 79166 ns
[2025-09-01T02:10:02.453+0000][175][info ][safepoint   ] Safepoint "ICBufferFull", Time since last: 56959584 ns, Reaching safepoint: 8000 ns, Cleanup: 209583 ns, At safepoint: 18959 ns, Total: 236542 ns
[2025-09-01T02:10:02.528+0000][175][info ][safepoint   ] Safepoint "ICBufferFull", Time since last: 75008875 ns, Reaching safepoint: 3500 ns, Cleanup: 75875 ns, At safepoint: 5166 ns, Total: 84541 ns
[2025-09-01T02:10:02.594+0000][175][info ][safepoint   ] Safepoint "ICBufferFull", Time since last: 66050334 ns, Reaching safepoint: 2833 ns, Cleanup: 89375 ns, At safepoint: 7667 ns, Total: 99875 ns
[2025-09-01T02:10:02.663+0000][175][info ][safepoint   ] Safepoint "ICBufferFull", Time since last: 68191833 ns, Reaching safepoint: 3292 ns, Cleanup: 76583 ns, At safepoint: 4875 ns, Total: 84750 ns
[2025-09-01T02:10:02.844+0000][175][info ][safepoint   ] Safepoint "ICBufferFull", Time since last: 180786625 ns, Reaching safepoint: 3000 ns, Cleanup: 76333 ns, At safepoint: 2875 ns, Total: 82208 ns
[2025-09-01T02:10:02.959+0000][175][info ][safepoint   ] Safepoint "ICBufferFull", Time since last: 114846834 ns, Reaching safepoint: 3833 ns, Cleanup: 105917 ns, At safepoint: 6166 ns, Total: 115916 ns
[2025-09-01T02:10:03.037+0000][175][info ][safepoint   ] Safepoint "ICBufferFull", Time since last: 77850375 ns, Reaching safepoint: 17584 ns, Cleanup: 76125 ns, At safepoint: 8083 ns, Total: 101792 ns
[2025-09-01T02:10:03.133+0000][175][info ][safepoint   ] Safepoint "ICBufferFull", Time since last: 95735000 ns, Reaching safepoint: 7792 ns, Cleanup: 212208 ns, At safepoint: 9709 ns, Total: 229709 ns
[2025-09-01T02:10:03.188+0000][175][info ][safepoint   ] Safepoint "ICBufferFull", Time since last: 53945583 ns, Reaching safepoint: 984167 ns, Cleanup: 105666 ns, At safepoint: 16292 ns, Total: 1106125 ns
[2025-09-01T02:10:03.303+0000][175][info ][safepoint   ] Safepoint "ICBufferFull", Time since last: 115173208 ns, Reaching safepoint: 4125 ns, Cleanup: 164917 ns, At safepoint: 7792 ns, Total: 176834 ns
[2025-09-01T02:10:03.419+0000][175][info ][safepoint   ] Safepoint "ICBufferFull", Time since last: 114499833 ns, Reaching safepoint: 1055208 ns, Cleanup: 108959 ns, At safepoint: 187541 ns, Total: 1351708 ns
[2025-09-01T02:10:03.492+0000][175][info ][safepoint   ] Safepoint "ICBufferFull", Time since last: 73527292 ns, Reaching safepoint: 6625 ns, Cleanup: 113000 ns, At safepoint: 5583 ns, Total: 125208 ns
[2025-09-01T02:10:03.590+0000][175][info ][gc,start    ] GC(14) Pause Young (Prepare Mixed) (G1 Evacuation Pause)
[2025-09-01T02:10:03.590+0000][175][info ][gc,task     ] GC(14) Using 8 workers of 8 for evacuation
[2025-09-01T02:10:03.590+0000][175][debug][gc,age      ] GC(14) Desired survivor size 41943040 bytes, new threshold 6 (max threshold 15)
[2025-09-01T02:10:03.639+0000][175][info ][gc,phases   ] GC(14)   Pre Evacuate Collection Set: 0.25ms
[2025-09-01T02:10:03.639+0000][175][info ][gc,phases   ] GC(14)   Merge Heap Roots: 0.19ms
[2025-09-01T02:10:03.639+0000][175][info ][gc,phases   ] GC(14)   Evacuate Collection Set: 44.85ms
[2025-09-01T02:10:03.640+0000][175][info ][gc,phases   ] GC(14)   Post Evacuate Collection Set: 3.41ms
[2025-09-01T02:10:03.640+0000][175][info ][gc,phases   ] GC(14)   Other: 0.25ms
[2025-09-01T02:10:03.640+0000][175][trace][gc,age      ] GC(14) Age table with threshold 6 (max threshold 15)
[2025-09-01T02:10:03.640+0000][175][trace][gc,age      ] GC(14) - age   1:   42875328 bytes,   42875328 total
[2025-09-01T02:10:03.640+0000][175][trace][gc,age      ] GC(14) - age   2:    9038808 bytes,   51914136 total
[2025-09-01T02:10:03.640+0000][175][trace][gc,age      ] GC(14) - age   3:   10440312 bytes,   62354448 total
[2025-09-01T02:10:03.640+0000][175][trace][gc,age      ] GC(14) - age   4:    9404160 bytes,   71758608 total
[2025-09-01T02:10:03.640+0000][175][trace][gc,age      ] GC(14) - age   5:    8768256 bytes,   80526864 total
[2025-09-01T02:10:03.640+0000][175][trace][gc,age      ] GC(14) - age   6:      34152 bytes,   80561016 total
[2025-09-01T02:10:03.640+0000][175][info ][gc,heap     ] GC(14) Eden regions: 140->0(133)
[2025-09-01T02:10:03.640+0000][175][info ][gc,heap     ] GC(14) Survivor regions: 13->20(20)
[2025-09-01T02:10:03.640+0000][175][info ][gc,heap     ] GC(14) Old regions: 5->8
[2025-09-01T02:10:03.640+0000][175][info ][gc,heap     ] GC(14) Humongous regions: 0->0
[2025-09-01T02:10:03.640+0000][175][info ][gc,metaspace] GC(14) Metaspace: 137505K(141568K)->137505K(141568K) NonClass: 118033K(120256K)->118033K(120256K) Class: 19472K(21312K)->19472K(21312K)
[2025-09-01T02:10:03.640+0000][175][info ][gc          ] GC(14) Pause Young (Prepare Mixed) (G1 Evacuation Pause) 625M->110M(1024M) 50.121ms
[2025-09-01T02:10:03.640+0000][175][info ][gc,cpu      ] GC(14) User=0.29s Sys=0.01s Real=0.05s
[2025-09-01T02:10:03.640+0000][175][info ][safepoint   ] Safepoint "G1CollectForAllocation", Time since last: 97300459 ns, Reaching safepoint: 38000 ns, Cleanup: 35333 ns, At safepoint: 50236000 ns, Total: 50309333 ns
[2025-09-01T02:10:03.645+0000][175][info ][gc,start    ] GC(15) Pause Young (Mixed) (G1 Evacuation Pause)
[2025-09-01T02:10:03.646+0000][175][info ][gc,task     ] GC(15) Using 8 workers of 8 for evacuation
[2025-09-01T02:10:03.646+0000][175][debug][gc,age      ] GC(15) Desired survivor size 6291456 bytes, new threshold 1 (max threshold 15)
[2025-09-01T02:10:03.720+0000][175][info ][gc,phases   ] GC(15)   Pre Evacuate Collection Set: 0.57ms
[2025-09-01T02:10:03.720+0000][175][info ][gc,phases   ] GC(15)   Merge Heap Roots: 0.27ms
[2025-09-01T02:10:03.720+0000][175][info ][gc,phases   ] GC(15)   Evacuate Collection Set: 70.31ms
[2025-09-01T02:10:03.720+0000][175][info ][gc,phases   ] GC(15)   Post Evacuate Collection Set: 2.34ms
[2025-09-01T02:10:03.720+0000][175][info ][gc,phases   ] GC(15)   Other: 0.14ms
[2025-09-01T02:10:03.720+0000][175][trace][gc,age      ] GC(15) Age table with threshold 1 (max threshold 15)
[2025-09-01T02:10:03.720+0000][175][trace][gc,age      ] GC(15) - age   1:     812704 bytes,     812704 total
[2025-09-01T02:10:03.720+0000][175][info ][gc,heap     ] GC(15) Eden regions: 1->0(150)
[2025-09-01T02:10:03.720+0000][175][info ][gc,heap     ] GC(15) Survivor regions: 20->3(3)
[2025-09-01T02:10:03.720+0000][175][info ][gc,heap     ] GC(15) Old regions: 8->28
[2025-09-01T02:10:03.721+0000][175][info ][gc,heap     ] GC(15) Humongous regions: 0->0
[2025-09-01T02:10:03.721+0000][175][info ][gc,metaspace] GC(15) Metaspace: 137505K(141568K)->137505K(141568K) NonClass: 118033K(120256K)->118033K(120256K) Class: 19472K(21312K)->19472K(21312K)
[2025-09-01T02:10:03.721+0000][175][info ][gc          ] GC(15) Pause Young (Mixed) (G1 Evacuation Pause) 114M->121M(1024M) 75.288ms
[2025-09-01T02:10:03.721+0000][175][info ][gc,cpu      ] GC(15) User=0.41s Sys=0.03s Real=0.08s
[2025-09-01T02:10:03.721+0000][175][info ][safepoint   ] Safepoint "G1CollectForAllocation", Time since last: 4389542 ns, Reaching safepoint: 990041 ns, Cleanup: 2209 ns, At safepoint: 75499708 ns, Total: 76491958 ns
[2025-09-01T02:10:03.930+0000][175][info ][safepoint   ] Safepoint "ICBufferFull", Time since last: 202620459 ns, Reaching safepoint: 4899458 ns, Cleanup: 138708 ns, At safepoint: 1217750 ns, Total: 6255916 ns
[2025-09-01T02:10:04.138+0000][175][info ][safepoint   ] Safepoint "ICBufferFull", Time since last: 208319084 ns, Reaching safepoint: 8000 ns, Cleanup: 131791 ns, At safepoint: 7959 ns, Total: 147750 ns
[2025-09-01T02:10:04.256+0000][175][info ][safepoint   ] Safepoint "ICBufferFull", Time since last: 116489833 ns, Reaching safepoint: 819000 ns, Cleanup: 88292 ns, At safepoint: 19333 ns, Total: 926625 ns
[2025-09-01T02:10:04.347+0000][175][info ][safepoint   ] Safepoint "ICBufferFull", Time since last: 90657583 ns, Reaching safepoint: 94667 ns, Cleanup: 86875 ns, At safepoint: 47667 ns, Total: 229209 ns
[2025-09-01T02:10:04.449+0000][175][info ][safepoint   ] Safepoint "ICBufferFull", Time since last: 101425208 ns, Reaching safepoint: 536500 ns, Cleanup: 132875 ns, At safepoint: 17417 ns, Total: 686792 ns
[2025-09-01T02:10:04.550+0000][175][info ][safepoint   ] Safepoint "ICBufferFull", Time since last: 98764582 ns, Reaching safepoint: 1175417 ns, Cleanup: 89875 ns, At safepoint: 29167 ns, Total: 1294459 ns
[2025-09-01T02:10:04.552+0000][175][info ][safepoint   ] Safepoint "ICBufferFull", Time since last: 955958 ns, Reaching safepoint: 747208 ns, Cleanup: 2542 ns, At safepoint: 20667 ns, Total: 770417 ns
[2025-09-01T02:10:04.649+0000][175][info ][safepoint   ] Safepoint "ICBufferFull", Time since last: 95286125 ns, Reaching safepoint: 861833 ns, Cleanup: 268333 ns, At safepoint: 49292 ns, Total: 1179458 ns
[2025-09-01T02:10:04.819+0000][175][info ][safepoint   ] Safepoint "ICBufferFull", Time since last: 168314208 ns, Reaching safepoint: 202834 ns, Cleanup: 81666 ns, At safepoint: 2186334 ns, Total: 2470834 ns
[2025-09-01T02:10:04.859+0000][175][info ][safepoint   ] Safepoint "ICBufferFull", Time since last: 39400916 ns, Reaching safepoint: 328125 ns, Cleanup: 89500 ns, At safepoint: 33750 ns, Total: 451375 ns
[2025-09-01T02:10:04.891+0000][175][info ][safepoint   ] Safepoint "ICBufferFull", Time since last: 31157917 ns, Reaching safepoint: 712375 ns, Cleanup: 247417 ns, At safepoint: 32166 ns, Total: 991958 ns
[2025-09-01T02:10:04.896+0000][175][info ][safepoint   ] Safepoint "ICBufferFull", Time since last: 4080459 ns, Reaching safepoint: 628458 ns, Cleanup: 27792 ns, At safepoint: 29333 ns, Total: 685583 ns
[2025-09-01T02:10:04.897+0000][175][info ][safepoint   ] Safepoint "ICBufferFull", Time since last: 593292 ns, Reaching safepoint: 408000 ns, Cleanup: 35833 ns, At safepoint: 25792 ns, Total: 469625 ns
[2025-09-01T02:10:05.004+0000][175][info ][safepoint   ] Safepoint "ICBufferFull", Time since last: 102834708 ns, Reaching safepoint: 3177167 ns, Cleanup: 538250 ns, At safepoint: 41625 ns, Total: 3757042 ns
[2025-09-01T02:10:05.187+0000][175][info ][safepoint   ] Safepoint "ICBufferFull", Time since last: 182872958 ns, Reaching safepoint: 513375 ns, Cleanup: 169542 ns, At safepoint: 24625 ns, Total: 707542 ns
[2025-09-01T02:10:05.317+0000][175][info ][safepoint   ] Safepoint "ICBufferFull", Time since last: 129066625 ns, Reaching safepoint: 722042 ns, Cleanup: 86875 ns, At safepoint: 18208 ns, Total: 827125 ns
[2025-09-01T02:10:05.396+0000][175][info ][safepoint   ] Safepoint "ICBufferFull", Time since last: 78558083 ns, Reaching safepoint: 9000 ns, Cleanup: 84084 ns, At safepoint: 12208 ns, Total: 105292 ns
[2025-09-01T02:10:05.750+0000][175][info ][safepoint   ] Safepoint "ICBufferFull", Time since last: 354083292 ns, Reaching safepoint: 34083 ns, Cleanup: 150542 ns, At safepoint: 21083 ns, Total: 205708 ns
[2025-09-01T02:10:05.833+0000][175][info ][safepoint   ] Safepoint "ICBufferFull", Time since last: 82503792 ns, Reaching safepoint: 8125 ns, Cleanup: 84333 ns, At safepoint: 6792 ns, Total: 99250 ns
[2025-09-01T02:10:06.017+0000][175][info ][safepoint   ] Safepoint "ICBufferFull", Time since last: 184160750 ns, Reaching safepoint: 12125 ns, Cleanup: 151125 ns, At safepoint: 7333 ns, Total: 170583 ns
[2025-09-01T02:10:06.123+0000][175][info ][safepoint   ] Safepoint "ICBufferFull", Time since last: 105214792 ns, Reaching safepoint: 755292 ns, Cleanup: 120916 ns, At safepoint: 32459 ns, Total: 908667 ns
[2025-09-01T02:10:06.188+0000][175][info ][safepoint   ] Safepoint "ICBufferFull", Time since last: 64705291 ns, Reaching safepoint: 10417 ns, Cleanup: 123375 ns, At safepoint: 27792 ns, Total: 161584 ns
[2025-09-01T02:10:06.346+0000][175][info ][safepoint   ] Safepoint "ICBufferFull", Time since last: 157645958 ns, Reaching safepoint: 29250 ns, Cleanup: 156542 ns, At safepoint: 19500 ns, Total: 205292 ns
[2025-09-01T02:10:06.489+0000][175][info ][safepoint   ] Safepoint "ICBufferFull", Time since last: 142250791 ns, Reaching safepoint: 1042250 ns, Cleanup: 98667 ns, At safepoint: 27333 ns, Total: 1168250 ns
[2025-09-01T02:10:06.557+0000][175][info ][safepoint   ] Safepoint "ICBufferFull", Time since last: 67850417 ns, Reaching safepoint: 9417 ns, Cleanup: 102125 ns, At safepoint: 8125 ns, Total: 119667 ns
[2025-09-01T02:10:06.709+0000][175][info ][safepoint   ] Safepoint "ICBufferFull", Time since last: 150094667 ns, Reaching safepoint: 894666 ns, Cleanup: 153625 ns, At safepoint: 15125 ns, Total: 1063416 ns
[2025-09-01T02:10:06.709+0000][175][info ][safepoint   ] Safepoint "ICBufferFull", Time since last: 406417 ns, Reaching safepoint: 18375 ns, Cleanup: 43167 ns, At safepoint: 11708 ns, Total: 73250 ns
[2025-09-01T02:10:06.888+0000][175][info ][safepoint   ] Safepoint "ICBufferFull", Time since last: 178754792 ns, Reaching safepoint: 11083 ns, Cleanup: 86125 ns, At safepoint: 6708 ns, Total: 103916 ns
[2025-09-01T02:10:06.998+0000][175][info ][gc,start    ] GC(16) Pause Young (Normal) (G1 Evacuation Pause)
[2025-09-01T02:10:06.998+0000][175][info ][gc,task     ] GC(16) Using 8 workers of 8 for evacuation
[2025-09-01T02:10:06.998+0000][175][debug][gc,age      ] GC(16) Desired survivor size 41943040 bytes, new threshold 15 (max threshold 15)
[2025-09-01T02:10:07.014+0000][175][info ][gc,phases   ] GC(16)   Pre Evacuate Collection Set: 0.17ms
[2025-09-01T02:10:07.014+0000][175][info ][gc,phases   ] GC(16)   Merge Heap Roots: 0.10ms
[2025-09-01T02:10:07.014+0000][175][info ][gc,phases   ] GC(16)   Evacuate Collection Set: 14.32ms
[2025-09-01T02:10:07.014+0000][175][info ][gc,phases   ] GC(16)   Post Evacuate Collection Set: 1.25ms
[2025-09-01T02:10:07.014+0000][175][info ][gc,phases   ] GC(16)   Other: 0.17ms
[2025-09-01T02:10:07.014+0000][175][trace][gc,age      ] GC(16) Age table with threshold 15 (max threshold 15)
[2025-09-01T02:10:07.014+0000][175][trace][gc,age      ] GC(16) - age   1:   24899016 bytes,   24899016 total
[2025-09-01T02:10:07.014+0000][175][trace][gc,age      ] GC(16) - age   2:     812624 bytes,   25711640 total
[2025-09-01T02:10:07.014+0000][175][info ][gc,heap     ] GC(16) Eden regions: 150->0(146)
[2025-09-01T02:10:07.014+0000][175][info ][gc,heap     ] GC(16) Survivor regions: 3->7(20)
[2025-09-01T02:10:07.014+0000][175][info ][gc,heap     ] GC(16) Old regions: 28->28
[2025-09-01T02:10:07.014+0000][175][info ][gc,heap     ] GC(16) Humongous regions: 2->2
[2025-09-01T02:10:07.014+0000][175][info ][gc,metaspace] GC(16) Metaspace: 148395K(152704K)->148395K(152704K) NonClass: 127352K(129728K)->127352K(129728K) Class: 21042K(22976K)->21042K(22976K)
[2025-09-01T02:10:07.015+0000][175][info ][gc          ] GC(16) Pause Young (Normal) (G1 Evacuation Pause) 729M->147M(1024M) 16.633ms
[2025-09-01T02:10:07.015+0000][175][info ][gc,cpu      ] GC(16) User=0.09s Sys=0.00s Real=0.02s
[2025-09-01T02:10:07.015+0000][175][info ][safepoint   ] Safepoint "G1CollectForAllocation", Time since last: 109870709 ns, Reaching safepoint: 8250 ns, Cleanup: 41333 ns, At safepoint: 16781625 ns, Total: 16831208 ns
[2025-09-01T02:10:07.196+0000][175][info ][safepoint   ] Safepoint "ICBufferFull", Time since last: 181297417 ns, Reaching safepoint: 31375 ns, Cleanup: 115333 ns, At safepoint: 19583 ns, Total: 166291 ns
[2025-09-01T02:10:07.489+0000][175][info ][safepoint   ] Safepoint "ICBufferFull", Time since last: 292314042 ns, Reaching safepoint: 732542 ns, Cleanup: 121958 ns, At safepoint: 22042 ns, Total: 876542 ns
[2025-09-01T02:10:07.532+0000][175][info ][safepoint   ] Safepoint "ICBufferFull", Time since last: 40762708 ns, Reaching safepoint: 1140667 ns, Cleanup: 285042 ns, At safepoint: 21416 ns, Total: 1447125 ns
[2025-09-01T02:10:07.545+0000][175][info ][safepoint   ] Safepoint "ICBufferFull", Time since last: 12200209 ns, Reaching safepoint: 593208 ns, Cleanup: 67750 ns, At safepoint: 630542 ns, Total: 1291500 ns
[2025-09-01T02:10:07.548+0000][175][info ][safepoint   ] Safepoint "ICBufferFull", Time since last: 1429708 ns, Reaching safepoint: 1106042 ns, Cleanup: 32916 ns, At safepoint: 48500 ns, Total: 1187458 ns
[2025-09-01T02:10:07.626+0000][175][info ][safepoint   ] Safepoint "ICBufferFull", Time since last: 76740709 ns, Reaching safepoint: 1093333 ns, Cleanup: 139750 ns, At safepoint: 53250 ns, Total: 1286333 ns
[2025-09-01T02:10:07.738+0000][175][info ][safepoint   ] Safepoint "ICBufferFull", Time since last: 109349750 ns, Reaching safepoint: 1618250 ns, Cleanup: 107000 ns, At safepoint: 1449208 ns, Total: 3174458 ns
[2025-09-01T02:10:07.842+0000][175][info ][safepoint   ] Safepoint "ICBufferFull", Time since last: 96800875 ns, Reaching safepoint: 3227584 ns, Cleanup: 121916 ns, At safepoint: 3752334 ns, Total: 7101834 ns
[2025-09-01T02:10:07.942+0000][175][info ][safepoint   ] Safepoint "ICBufferFull", Time since last: 100226916 ns, Reaching safepoint: 10292 ns, Cleanup: 84542 ns, At safepoint: 10625 ns, Total: 105459 ns
[2025-09-01T02:10:07.976+0000][175][info ][safepoint   ] Safepoint "ICBufferFull", Time since last: 33872000 ns, Reaching safepoint: 29333 ns, Cleanup: 131959 ns, At safepoint: 21166 ns, Total: 182458 ns
[2025-09-01T02:10:08.057+0000][175][info ][safepoint   ] Safepoint "ICBufferFull", Time since last: 79035042 ns, Reaching safepoint: 750083 ns, Cleanup: 236875 ns, At safepoint: 48417 ns, Total: 1035375 ns
[2025-09-01T02:10:08.197+0000][175][info ][safepoint   ] Safepoint "ICBufferFull", Time since last: 137613833 ns, Reaching safepoint: 1072500 ns, Cleanup: 114750 ns, At safepoint: 1183292 ns, Total: 2370542 ns
[2025-09-01T02:10:08.447+0000][175][info ][safepoint   ] Safepoint "ICBufferFull", Time since last: 249744000 ns, Reaching safepoint: 937208 ns, Cleanup: 119417 ns, At safepoint: 25667 ns, Total: 1082292 ns
[2025-09-01T02:10:08.571+0000][175][info ][safepoint   ] Safepoint "ICBufferFull", Time since last: 122922500 ns, Reaching safepoint: 895208 ns, Cleanup: 125875 ns, At safepoint: 20208 ns, Total: 1041291 ns
[2025-09-01T02:10:08.666+0000][175][info ][gc,start    ] GC(17) Pause Young (Concurrent Start) (CodeCache GC Threshold)
[2025-09-01T02:10:08.666+0000][175][info ][gc,task     ] GC(17) Using 8 workers of 8 for evacuation
[2025-09-01T02:10:08.666+0000][175][debug][gc,age      ] GC(17) Desired survivor size 41943040 bytes, new threshold 15 (max threshold 15)
[2025-09-01T02:10:08.689+0000][175][info ][gc,phases   ] GC(17)   Pre Evacuate Collection Set: 0.36ms
[2025-09-01T02:10:08.689+0000][175][info ][gc,phases   ] GC(17)   Merge Heap Roots: 0.11ms
[2025-09-01T02:10:08.689+0000][175][info ][gc,phases   ] GC(17)   Evacuate Collection Set: 20.42ms
[2025-09-01T02:10:08.689+0000][175][info ][gc,phases   ] GC(17)   Post Evacuate Collection Set: 1.15ms
[2025-09-01T02:10:08.689+0000][175][info ][gc,phases   ] GC(17)   Other: 0.26ms
[2025-09-01T02:10:08.689+0000][175][trace][gc,age      ] GC(17) Age table with threshold 15 (max threshold 15)
[2025-09-01T02:10:08.689+0000][175][trace][gc,age      ] GC(17) - age   1:   15815336 bytes,   15815336 total
[2025-09-01T02:10:08.689+0000][175][trace][gc,age      ] GC(17) - age   2:   23924744 bytes,   39740080 total
[2025-09-01T02:10:08.689+0000][175][trace][gc,age      ] GC(17) - age   3:     812592 bytes,   40552672 total
[2025-09-01T02:10:08.689+0000][175][info ][gc,heap     ] GC(17) Eden regions: 128->0(142)
[2025-09-01T02:10:08.689+0000][175][info ][gc,heap     ] GC(17) Survivor regions: 7->11(20)
[2025-09-01T02:10:08.689+0000][175][info ][gc,heap     ] GC(17) Old regions: 28->28
[2025-09-01T02:10:08.689+0000][175][info ][gc,heap     ] GC(17) Humongous regions: 2->2
[2025-09-01T02:10:08.689+0000][175][info ][gc,metaspace] GC(17) Metaspace: 151306K(155584K)->151306K(155584K) NonClass: 129946K(132288K)->129946K(132288K) Class: 21360K(23296K)->21360K(23296K)
[2025-09-01T02:10:08.689+0000][175][info ][gc          ] GC(17) Pause Young (Concurrent Start) (CodeCache GC Threshold) 657M->163M(1024M) 22.914ms
[2025-09-01T02:10:08.689+0000][175][info ][gc,cpu      ] GC(17) User=0.10s Sys=0.00s Real=0.02s
[2025-09-01T02:10:08.689+0000][175][info ][gc          ] GC(18) Concurrent Mark Cycle
[2025-09-01T02:10:08.690+0000][175][info ][gc,marking  ] GC(18) Concurrent Scan Root Regions
[2025-09-01T02:10:08.690+0000][175][info ][safepoint   ] Safepoint "G1TryInitiateConcMark", Time since last: 94438084 ns, Reaching safepoint: 415792 ns, Cleanup: 55541 ns, At safepoint: 23418334 ns, Total: 23889667 ns
[2025-09-01T02:10:08.706+0000][175][info ][gc,marking  ] GC(18) Concurrent Scan Root Regions 16.408ms
[2025-09-01T02:10:08.706+0000][175][info ][gc,marking  ] GC(18) Concurrent Mark
[2025-09-01T02:10:08.706+0000][175][info ][gc,marking  ] GC(18) Concurrent Mark From Roots
[2025-09-01T02:10:08.707+0000][175][info ][gc,task     ] GC(18) Using 2 workers of 2 for marking
[2025-09-01T02:10:08.863+0000][175][info ][gc,marking  ] GC(18) Concurrent Mark From Roots 156.202ms
[2025-09-01T02:10:08.866+0000][175][info ][gc,marking  ] GC(18) Concurrent Preclean
[2025-09-01T02:10:08.872+0000][175][info ][gc,marking  ] GC(18) Concurrent Preclean 6.007ms
[2025-09-01T02:10:08.873+0000][175][info ][gc,start    ] GC(18) Pause Remark
[2025-09-01T02:10:08.928+0000][175][info ][gc          ] GC(18) Pause Remark 247M->247M(1024M) 55.776ms
[2025-09-01T02:10:08.928+0000][175][info ][gc,cpu      ] GC(18) User=0.33s Sys=0.01s Real=0.05s
[2025-09-01T02:10:08.929+0000][175][info ][safepoint   ] Safepoint "G1PauseRemark", Time since last: 182745916 ns, Reaching safepoint: 48334 ns, Cleanup: 66666 ns, At safepoint: 56122917 ns, Total: 56237917 ns
[2025-09-01T02:10:08.931+0000][175][info ][gc,marking  ] GC(18) Concurrent Mark 224.423ms
[2025-09-01T02:10:08.941+0000][175][info ][gc,marking  ] GC(18) Concurrent Rebuild Remembered Sets and Scrub Regions
[2025-09-01T02:10:08.995+0000][175][info ][gc,marking  ] GC(18) Concurrent Rebuild Remembered Sets and Scrub Regions 54.301ms
[2025-09-01T02:10:08.997+0000][175][info ][gc,start    ] GC(18) Pause Cleanup
[2025-09-01T02:10:08.998+0000][175][info ][gc          ] GC(18) Pause Cleanup 257M->257M(1024M) 0.425ms
[2025-09-01T02:10:08.998+0000][175][info ][gc,cpu      ] GC(18) User=0.00s Sys=0.00s Real=0.00s
[2025-09-01T02:10:08.998+0000][175][info ][safepoint   ] Safepoint "G1PauseCleanup", Time since last: 67834333 ns, Reaching safepoint: 757709 ns, Cleanup: 126958 ns, At safepoint: 651042 ns, Total: 1535709 ns
[2025-09-01T02:10:08.998+0000][175][info ][gc,marking  ] GC(18) Concurrent Clear Claimed Marks
[2025-09-01T02:10:08.999+0000][175][info ][gc,marking  ] GC(18) Concurrent Clear Claimed Marks 1.061ms
[2025-09-01T02:10:08.999+0000][175][info ][gc,marking  ] GC(18) Concurrent Cleanup for Next Mark
[2025-09-01T02:10:09.007+0000][175][info ][gc,marking  ] GC(18) Concurrent Cleanup for Next Mark 7.996ms
[2025-09-01T02:10:09.008+0000][175][info ][gc          ] GC(18) Concurrent Mark Cycle 318.177ms
[2025-09-01T02:10:09.090+0000][175][info ][safepoint   ] Safepoint "ICBufferFull", Time since last: 92301000 ns, Reaching safepoint: 10916 ns, Cleanup: 98917 ns, At safepoint: 17417 ns, Total: 127250 ns
[2025-09-01T02:10:09.388+0000][175][info ][safepoint   ] Safepoint "ICBufferFull", Time since last: 296429958 ns, Reaching safepoint: 428000 ns, Cleanup: 197542 ns, At safepoint: 63208 ns, Total: 688750 ns
[2025-09-01T02:10:09.534+0000][175][info ][safepoint   ] Safepoint "ICBufferFull", Time since last: 146792042 ns, Reaching safepoint: 52208 ns, Cleanup: 104334 ns, At safepoint: 15916 ns, Total: 172458 ns
[2025-09-01T02:10:09.696+0000][175][info ][safepoint   ] Safepoint "ICBufferFull", Time since last: 161228750 ns, Reaching safepoint: 9584 ns, Cleanup: 125583 ns, At safepoint: 7167 ns, Total: 142334 ns
[2025-09-01T02:10:10.086+0000][175][info ][safepoint   ] Safepoint "ICBufferFull", Time since last: 389527042 ns, Reaching safepoint: 10541 ns, Cleanup: 468292 ns, At safepoint: 27583 ns, Total: 506416 ns
[2025-09-01T02:10:11.118+0000][175][info ][safepoint   ] Safepoint "ICBufferFull", Time since last: 1031642042 ns, Reaching safepoint: 10167 ns, Cleanup: 89833 ns, At safepoint: 9209 ns, Total: 109209 ns
[2025-09-01T02:10:11.263+0000][175][info ][safepoint   ] Safepoint "ICBufferFull", Time since last: 145265791 ns, Reaching safepoint: 28917 ns, Cleanup: 274500 ns, At safepoint: 24250 ns, Total: 327667 ns
[2025-09-01T02:10:11.338+0000][175][info ][safepoint   ] Safepoint "ICBufferFull", Time since last: 70143917 ns, Reaching safepoint: 4184125 ns, Cleanup: 102875 ns, At safepoint: 21583 ns, Total: 4308583 ns
[2025-09-01T02:10:11.413+0000][175][info ][safepoint   ] Safepoint "ICBufferFull", Time since last: 74833417 ns, Reaching safepoint: 9416 ns, Cleanup: 103000 ns, At safepoint: 9750 ns, Total: 122166 ns
[2025-09-01T02:10:11.493+0000][175][info ][safepoint   ] Safepoint "ICBufferFull", Time since last: 80550917 ns, Reaching safepoint: 9459 ns, Cleanup: 92958 ns, At safepoint: 5917 ns, Total: 108334 ns
[2025-09-01T02:10:11.756+0000][175][info ][safepoint   ] Safepoint "ICBufferFull", Time since last: 262156583 ns, Reaching safepoint: 7292 ns, Cleanup: 135500 ns, At safepoint: 7333 ns, Total: 150125 ns
[2025-09-01T02:10:12.777+0000][175][info ][safepoint   ] Safepoint "Cleanup", Time since last: 1020911750 ns, Reaching safepoint: 756334 ns, Cleanup: 118875 ns, At safepoint: 11000 ns, Total: 886209 ns
[2025-09-01T02:10:13.802+0000][175][info ][safepoint   ] Safepoint "Cleanup", Time since last: 1023831667 ns, Reaching safepoint: 134125 ns, Cleanup: 85167 ns, At safepoint: 32083 ns, Total: 251375 ns
[2025-09-01T02:10:14.169+0000][175][info ][safepoint   ] Safepoint "ICBufferFull", Time since last: 367282375 ns, Reaching safepoint: 31708 ns, Cleanup: 91334 ns, At safepoint: 18291 ns, Total: 141333 ns
[2025-09-01T02:10:14.207+0000][175][info ][safepoint   ] Safepoint "ICBufferFull", Time since last: 37046584 ns, Reaching safepoint: 312541 ns, Cleanup: 297625 ns, At safepoint: 397834 ns, Total: 1008000 ns
[2025-09-01T02:10:14.208+0000][175][info ][safepoint   ] Safepoint "ICBufferFull", Time since last: 395791 ns, Reaching safepoint: 928084 ns, Cleanup: 9916 ns, At safepoint: 27792 ns, Total: 965792 ns
[2025-09-01T02:10:14.675+0000][175][info ][safepoint   ] Safepoint "ICBufferFull", Time since last: 466589834 ns, Reaching safepoint: 259875 ns, Cleanup: 135875 ns, At safepoint: 17208 ns, Total: 412958 ns
[2025-09-01T02:10:15.093+0000][175][info ][safepoint   ] Safepoint "ICBufferFull", Time since last: 417010459 ns, Reaching safepoint: 34791 ns, Cleanup: 130584 ns, At safepoint: 20625 ns, Total: 186000 ns
[2025-09-01T02:10:16.095+0000][175][info ][safepoint   ] Safepoint "Cleanup", Time since last: 1002908875 ns, Reaching safepoint: 6042 ns, Cleanup: 37875 ns, At safepoint: 7625 ns, Total: 51542 ns
[2025-09-01T02:10:17.140+0000][175][info ][safepoint   ] Safepoint "Cleanup", Time since last: 1044127375 ns, Reaching safepoint: 655750 ns, Cleanup: 118584 ns, At safepoint: 30291 ns, Total: 804625 ns
[2025-09-01T02:10:18.144+0000][175][info ][safepoint   ] Safepoint "Cleanup", Time since last: 1003754376 ns, Reaching safepoint: 36916 ns, Cleanup: 44834 ns, At safepoint: 8625 ns, Total: 90375 ns
[2025-09-01T02:10:20.147+0000][175][info ][safepoint   ] Safepoint "Cleanup", Time since last: 2002504834 ns, Reaching safepoint: 238875 ns, Cleanup: 132000 ns, At safepoint: 6875 ns, Total: 377750 ns
[2025-09-01T02:10:21.212+0000][175][info ][safepoint   ] Safepoint "Cleanup", Time since last: 1064997709 ns, Reaching safepoint: 22625 ns, Cleanup: 34625 ns, At safepoint: 5791 ns, Total: 63041 ns
[2025-09-01T02:10:22.213+0000][175][info ][safepoint   ] Safepoint "Cleanup", Time since last: 1001180584 ns, Reaching safepoint: 13000 ns, Cleanup: 21834 ns, At safepoint: 6500 ns, Total: 41334 ns
[2025-09-01T02:10:23.214+0000][175][info ][safepoint   ] Safepoint "Cleanup", Time since last: 1000701667 ns, Reaching safepoint: 11958 ns, Cleanup: 19667 ns, At safepoint: 7083 ns, Total: 38708 ns
[2025-09-01T02:10:24.217+0000][175][info ][safepoint   ] Safepoint "Cleanup", Time since last: 1002360667 ns, Reaching safepoint: 43209 ns, Cleanup: 40583 ns, At safepoint: 6833 ns, Total: 90625 ns
[2025-09-01T02:10:25.220+0000][175][info ][safepoint   ] Safepoint "Cleanup", Time since last: 1000558251 ns, Reaching safepoint: 1438375 ns, Cleanup: 1187666 ns, At safepoint: 111959 ns, Total: 2738000 ns
[2025-09-01T02:10:26.221+0000][175][info ][safepoint   ] Safepoint "Cleanup", Time since last: 1001427584 ns, Reaching safepoint: 16791 ns, Cleanup: 15500 ns, At safepoint: 4125 ns, Total: 36416 ns
[2025-09-01T02:10:27.222+0000][175][info ][safepoint   ] Safepoint "Cleanup", Time since last: 1001006334 ns, Reaching safepoint: 27708 ns, Cleanup: 19417 ns, At safepoint: 8083 ns, Total: 55208 ns
[2025-09-01T02:10:29.224+0000][175][info ][safepoint   ] Safepoint "Cleanup", Time since last: 2001706585 ns, Reaching safepoint: 13958 ns, Cleanup: 18458 ns, At safepoint: 7542 ns, Total: 39958 ns
[2025-09-01T02:10:30.225+0000][175][info ][safepoint   ] Safepoint "Cleanup", Time since last: 1000983459 ns, Reaching safepoint: 31208 ns, Cleanup: 28917 ns, At safepoint: 10750 ns, Total: 70875 ns
[2025-09-01T02:10:30.981+0000][175][info ][safepoint   ] Safepoint "ICBufferFull", Time since last: 755819083 ns, Reaching safepoint: 12167 ns, Cleanup: 156083 ns, At safepoint: 9334 ns, Total: 177584 ns
[2025-09-01T02:10:31.982+0000][175][info ][safepoint   ] Safepoint "Cleanup", Time since last: 1001111084 ns, Reaching safepoint: 77333 ns, Cleanup: 30083 ns, At safepoint: 7542 ns, Total: 114958 ns
[2025-09-01T02:10:32.984+0000][175][info ][safepoint   ] Safepoint "Cleanup", Time since last: 1001741792 ns, Reaching safepoint: 10792 ns, Cleanup: 78583 ns, At safepoint: 18042 ns, Total: 107417 ns
[2025-09-01T02:10:33.987+0000][175][info ][safepoint   ] Safepoint "Cleanup", Time since last: 1002094459 ns, Reaching safepoint: 31708 ns, Cleanup: 108000 ns, At safepoint: 11792 ns, Total: 151500 ns
[2025-09-01T02:10:34.992+0000][175][info ][safepoint   ] Safepoint "Cleanup", Time since last: 1001615999 ns, Reaching safepoint: 107917 ns, Cleanup: 21583 ns, At safepoint: 8375 ns, Total: 137875 ns
[2025-09-01T02:10:35.998+0000][175][info ][safepoint   ] Safepoint "Cleanup", Time since last: 1005830001 ns, Reaching safepoint: 24208 ns, Cleanup: 95875 ns, At safepoint: 10792 ns, Total: 130875 ns
[2025-09-01T02:10:36.999+0000][175][info ][safepoint   ] Safepoint "Cleanup", Time since last: 1000866333 ns, Reaching safepoint: 14417 ns, Cleanup: 18792 ns, At safepoint: 6583 ns, Total: 39792 ns
[2025-09-01T02:10:38.000+0000][175][info ][safepoint   ] Safepoint "Cleanup", Time since last: 1001013167 ns, Reaching safepoint: 39459 ns, Cleanup: 72958 ns, At safepoint: 15417 ns, Total: 127834 ns
[2025-09-01T02:10:39.001+0000][175][info ][safepoint   ] Safepoint "Cleanup", Time since last: 1000879500 ns, Reaching safepoint: 22458 ns, Cleanup: 45584 ns, At safepoint: 16250 ns, Total: 84292 ns
[2025-09-01T02:10:40.002+0000][175][info ][safepoint   ] Safepoint "Cleanup", Time since last: 1000858250 ns, Reaching safepoint: 15125 ns, Cleanup: 11542 ns, At safepoint: 9250 ns, Total: 35917 ns
[2025-09-01T02:10:41.006+0000][175][info ][safepoint   ] Safepoint "Cleanup", Time since last: 1004537584 ns, Reaching safepoint: 50833 ns, Cleanup: 40625 ns, At safepoint: 8708 ns, Total: 100166 ns
[2025-09-01T02:10:42.007+0000][175][info ][safepoint   ] Safepoint "Cleanup", Time since last: 1000631917 ns, Reaching safepoint: 21917 ns, Cleanup: 40833 ns, At safepoint: 11042 ns, Total: 73792 ns
[2025-09-01T02:10:43.008+0000][175][info ][safepoint   ] Safepoint "Cleanup", Time since last: 1000678042 ns, Reaching safepoint: 18584 ns, Cleanup: 32500 ns, At safepoint: 9708 ns, Total: 60792 ns
[2025-09-01T02:10:45.010+0000][175][info ][safepoint   ] Safepoint "Cleanup", Time since last: 2002127626 ns, Reaching safepoint: 70125 ns, Cleanup: 99917 ns, At safepoint: 10583 ns, Total: 180625 ns
[2025-09-01T02:10:45.316+0000][175][info ][gc,start    ] GC(19) Pause Young (Prepare Mixed) (G1 Evacuation Pause)
[2025-09-01T02:10:45.316+0000][175][info ][gc,task     ] GC(19) Using 8 workers of 8 for evacuation
[2025-09-01T02:10:45.316+0000][175][debug][gc,age      ] GC(19) Desired survivor size 41943040 bytes, new threshold 15 (max threshold 15)
[2025-09-01T02:10:45.375+0000][175][info ][gc,phases   ] GC(19)   Pre Evacuate Collection Set: 0.63ms
[2025-09-01T02:10:45.375+0000][175][info ][gc,phases   ] GC(19)   Merge Heap Roots: 0.22ms
[2025-09-01T02:10:45.376+0000][175][info ][gc,phases   ] GC(19)   Evacuate Collection Set: 56.01ms
[2025-09-01T02:10:45.376+0000][175][info ][gc,phases   ] GC(19)   Post Evacuate Collection Set: 2.21ms
[2025-09-01T02:10:45.376+0000][175][info ][gc,phases   ] GC(19)   Other: 0.18ms
[2025-09-01T02:10:45.376+0000][175][trace][gc,age      ] GC(19) Age table with threshold 15 (max threshold 15)
[2025-09-01T02:10:45.376+0000][175][trace][gc,age      ] GC(19) - age   1:    6656896 bytes,    6656896 total
[2025-09-01T02:10:45.376+0000][175][trace][gc,age      ] GC(19) - age   2:   10480768 bytes,   17137664 total
[2025-09-01T02:10:45.376+0000][175][trace][gc,age      ] GC(19) - age   3:   23447104 bytes,   40584768 total
[2025-09-01T02:10:45.376+0000][175][trace][gc,age      ] GC(19) - age   4:     812560 bytes,   41397328 total
[2025-09-01T02:10:45.376+0000][175][info ][gc,heap     ] GC(19) Eden regions: 142->0(142)
[2025-09-01T02:10:45.376+0000][175][info ][gc,heap     ] GC(19) Survivor regions: 11->11(20)
[2025-09-01T02:10:45.376+0000][175][info ][gc,heap     ] GC(19) Old regions: 28->28
[2025-09-01T02:10:45.376+0000][175][info ][gc,heap     ] GC(19) Humongous regions: 2->2
[2025-09-01T02:10:45.376+0000][175][info ][gc,metaspace] GC(19) Metaspace: 155588K(159936K)->155588K(159936K) NonClass: 133820K(136256K)->133820K(136256K) Class: 21767K(23680K)->21767K(23680K)
[2025-09-01T02:10:45.376+0000][175][info ][gc          ] GC(19) Pause Young (Prepare Mixed) (G1 Evacuation Pause) 731M->162M(1024M) 59.946ms
[2025-09-01T02:10:45.376+0000][175][info ][gc,cpu      ] GC(19) User=0.43s Sys=0.00s Real=0.06s
[2025-09-01T02:10:45.376+0000][175][info ][safepoint   ] Safepoint "G1CollectForAllocation", Time since last: 305901708 ns, Reaching safepoint: 9084 ns, Cleanup: 42875 ns, At safepoint: 60096791 ns, Total: 60148750 ns
[2025-09-01T02:10:46.377+0000][175][info ][safepoint   ] Safepoint "Cleanup", Time since last: 1000567876 ns, Reaching safepoint: 20042 ns, Cleanup: 33375 ns, At safepoint: 9291 ns, Total: 62708 ns
[2025-09-01T02:10:47.378+0000][175][info ][safepoint   ] Safepoint "Cleanup", Time since last: 1001695417 ns, Reaching safepoint: 16250 ns, Cleanup: 23750 ns, At safepoint: 6959 ns, Total: 46959 ns
[2025-09-01T02:10:48.381+0000][175][info ][safepoint   ] Safepoint "Cleanup", Time since last: 1002083000 ns, Reaching safepoint: 23208 ns, Cleanup: 39417 ns, At safepoint: 15458 ns, Total: 78083 ns
[2025-09-01T02:10:49.382+0000][175][info ][safepoint   ] Safepoint "Cleanup", Time since last: 1001036501 ns, Reaching safepoint: 21667 ns, Cleanup: 85125 ns, At safepoint: 14958 ns, Total: 121750 ns
[2025-09-01T02:10:50.383+0000][175][info ][safepoint   ] Safepoint "Cleanup", Time since last: 1001162250 ns, Reaching safepoint: 18334 ns, Cleanup: 34125 ns, At safepoint: 7625 ns, Total: 60084 ns
[2025-09-01T02:10:51.574+0000][175][info ][safepoint   ] Safepoint "Cleanup", Time since last: 1191031000 ns, Reaching safepoint: 9834 ns, Cleanup: 13583 ns, At safepoint: 11375 ns, Total: 34792 ns
[2025-09-01T02:10:52.576+0000][175][info ][safepoint   ] Safepoint "Cleanup", Time since last: 1001895584 ns, Reaching safepoint: 59833 ns, Cleanup: 30958 ns, At safepoint: 6334 ns, Total: 97125 ns
[2025-09-01T02:10:53.578+0000][175][info ][safepoint   ] Safepoint "Cleanup", Time since last: 1001629917 ns, Reaching safepoint: 70417 ns, Cleanup: 107541 ns, At safepoint: 22000 ns, Total: 199958 ns
[2025-09-01T02:10:54.579+0000][175][info ][safepoint   ] Safepoint "Cleanup", Time since last: 1001318667 ns, Reaching safepoint: 83125 ns, Cleanup: 42792 ns, At safepoint: 13167 ns, Total: 139084 ns
[2025-09-01T02:10:55.581+0000][175][info ][safepoint   ] Safepoint "Cleanup", Time since last: 1001595042 ns, Reaching safepoint: 64625 ns, Cleanup: 60917 ns, At safepoint: 12166 ns, Total: 137708 ns
[2025-09-01T02:10:56.583+0000][175][info ][safepoint   ] Safepoint "Cleanup", Time since last: 1002029751 ns, Reaching safepoint: 28583 ns, Cleanup: 29708 ns, At safepoint: 8792 ns, Total: 67083 ns
[2025-09-01T02:10:57.585+0000][175][info ][safepoint   ] Safepoint "Cleanup", Time since last: 1001269459 ns, Reaching safepoint: 81250 ns, Cleanup: 108458 ns, At safepoint: 22709 ns, Total: 212417 ns
[2025-09-01T02:10:59.589+0000][175][info ][safepoint   ] Safepoint "Cleanup", Time since last: 2004706209 ns, Reaching safepoint: 27750 ns, Cleanup: 22250 ns, At safepoint: 9208 ns, Total: 59208 ns
[2025-09-01T02:11:00.591+0000][175][info ][safepoint   ] Safepoint "Cleanup", Time since last: 1001675917 ns, Reaching safepoint: 17125 ns, Cleanup: 48667 ns, At safepoint: 8542 ns, Total: 74334 ns
[2025-09-01T02:11:01.593+0000][175][info ][safepoint   ] Safepoint "Cleanup", Time since last: 1001312792 ns, Reaching safepoint: 120583 ns, Cleanup: 46542 ns, At safepoint: 25625 ns, Total: 192750 ns
[2025-09-01T02:11:02.594+0000][175][info ][safepoint   ] Safepoint "Cleanup", Time since last: 1001504834 ns, Reaching safepoint: 14833 ns, Cleanup: 67792 ns, At safepoint: 9208 ns, Total: 91833 ns
[2025-09-01T02:11:03.595+0000][175][info ][safepoint   ] Safepoint "Cleanup", Time since last: 1000652917 ns, Reaching safepoint: 14167 ns, Cleanup: 21500 ns, At safepoint: 6916 ns, Total: 42583 ns
[2025-09-01T02:11:04.595+0000][175][info ][safepoint   ] Safepoint "Cleanup", Time since last: 1000809250 ns, Reaching safepoint: 76250 ns, Cleanup: 48125 ns, At safepoint: 20042 ns, Total: 144417 ns
[2025-09-01T02:11:06.124+0000][175][info ][safepoint   ] Safepoint "Cleanup", Time since last: 1528777292 ns, Reaching safepoint: 15125 ns, Cleanup: 98792 ns, At safepoint: 7958 ns, Total: 121875 ns
[2025-09-01T02:11:07.125+0000][175][info ][safepoint   ] Safepoint "Cleanup", Time since last: 1001003125 ns, Reaching safepoint: 21417 ns, Cleanup: 18333 ns, At safepoint: 10375 ns, Total: 50125 ns
[2025-09-01T02:11:08.127+0000][175][info ][safepoint   ] Safepoint "Cleanup", Time since last: 1000981501 ns, Reaching safepoint: 953958 ns, Cleanup: 146834 ns, At safepoint: 23791 ns, Total: 1124583 ns
[2025-09-01T02:11:09.066+0000][175][info ][safepoint   ] Safepoint "ICBufferFull", Time since last: 937941667 ns, Reaching safepoint: 8834 ns, Cleanup: 389375 ns, At safepoint: 7166 ns, Total: 405375 ns
[2025-09-01T02:11:10.074+0000][175][info ][safepoint   ] Safepoint "Cleanup", Time since last: 1008417668 ns, Reaching safepoint: 4625 ns, Cleanup: 93416 ns, At safepoint: 7750 ns, Total: 105791 ns
[2025-09-01T02:11:11.077+0000][175][info ][safepoint   ] Safepoint "Cleanup", Time since last: 1003068126 ns, Reaching safepoint: 73916 ns, Cleanup: 87167 ns, At safepoint: 11708 ns, Total: 172791 ns
[2025-09-01T02:11:12.079+0000][175][info ][safepoint   ] Safepoint "Cleanup", Time since last: 1001352251 ns, Reaching safepoint: 35250 ns, Cleanup: 24083 ns, At safepoint: 9917 ns, Total: 69250 ns
[2025-09-01T02:11:13.080+0000][175][info ][safepoint   ] Safepoint "Cleanup", Time since last: 1001367584 ns, Reaching safepoint: 201583 ns, Cleanup: 43083 ns, At safepoint: 28584 ns, Total: 273250 ns
[2025-09-01T02:11:14.083+0000][175][info ][safepoint   ] Safepoint "Cleanup", Time since last: 1002222708 ns, Reaching safepoint: 116292 ns, Cleanup: 46000 ns, At safepoint: 22542 ns, Total: 184834 ns
[2025-09-01T02:11:15.084+0000][175][info ][safepoint   ] Safepoint "Cleanup", Time since last: 1001363209 ns, Reaching safepoint: 21250 ns, Cleanup: 31916 ns, At safepoint: 17542 ns, Total: 70708 ns
[2025-09-01T02:11:16.085+0000][175][info ][safepoint   ] Safepoint "Cleanup", Time since last: 1000913917 ns, Reaching safepoint: 78458 ns, Cleanup: 82084 ns, At safepoint: 20583 ns, Total: 181125 ns
[2025-09-01T02:11:17.086+0000][175][info ][safepoint   ] Safepoint "Cleanup", Time since last: 1000593251 ns, Reaching safepoint: 62666 ns, Cleanup: 25042 ns, At safepoint: 20625 ns, Total: 108333 ns
[2025-09-01T02:11:18.087+0000][175][info ][safepoint   ] Safepoint "Cleanup", Time since last: 1000995125 ns, Reaching safepoint: 66750 ns, Cleanup: 38042 ns, At safepoint: 23750 ns, Total: 128542 ns
[2025-09-01T02:11:20.090+0000][175][info ][safepoint   ] Safepoint "Cleanup", Time since last: 2002925501 ns, Reaching safepoint: 85417 ns, Cleanup: 28666 ns, At safepoint: 26834 ns, Total: 140917 ns
[2025-09-01T02:11:21.091+0000][175][info ][safepoint   ] Safepoint "Cleanup", Time since last: 1000661875 ns, Reaching safepoint: 23042 ns, Cleanup: 42541 ns, At safepoint: 13709 ns, Total: 79292 ns
[2025-09-01T02:11:22.092+0000][175][info ][safepoint   ] Safepoint "Cleanup", Time since last: 1001044959 ns, Reaching safepoint: 42791 ns, Cleanup: 17459 ns, At safepoint: 8291 ns, Total: 68541 ns
[2025-09-01T02:11:24.094+0000][175][info ][safepoint   ] Safepoint "Cleanup", Time since last: 2001942335 ns, Reaching safepoint: 75666 ns, Cleanup: 35250 ns, At safepoint: 22625 ns, Total: 133541 ns
[2025-09-01T02:11:25.095+0000][175][info ][safepoint   ] Safepoint "Cleanup", Time since last: 1000887292 ns, Reaching safepoint: 14125 ns, Cleanup: 8917 ns, At safepoint: 5458 ns, Total: 28500 ns
[2025-09-01T02:11:27.097+0000][175][info ][safepoint   ] Safepoint "Cleanup", Time since last: 2002027501 ns, Reaching safepoint: 89875 ns, Cleanup: 130250 ns, At safepoint: 29875 ns, Total: 250000 ns
[2025-09-01T02:11:28.100+0000][175][info ][safepoint   ] Safepoint "Cleanup", Time since last: 1002132626 ns, Reaching safepoint: 35000 ns, Cleanup: 98833 ns, At safepoint: 17750 ns, Total: 151583 ns
[2025-09-01T02:11:29.101+0000][175][info ][safepoint   ] Safepoint "Cleanup", Time since last: 1001678126 ns, Reaching safepoint: 31583 ns, Cleanup: 24625 ns, At safepoint: 14583 ns, Total: 70791 ns
[2025-09-01T02:11:30.102+0000][175][info ][safepoint   ] Safepoint "Cleanup", Time since last: 1000626542 ns, Reaching safepoint: 129459 ns, Cleanup: 33208 ns, At safepoint: 8042 ns, Total: 170709 ns
[2025-09-01T02:11:31.103+0000][175][info ][safepoint   ] Safepoint "Cleanup", Time since last: 1000956167 ns, Reaching safepoint: 57583 ns, Cleanup: 60459 ns, At safepoint: 29208 ns, Total: 147250 ns
[2025-09-01T02:11:33.105+0000][175][info ][safepoint   ] Safepoint "Cleanup", Time since last: 2001986584 ns, Reaching safepoint: 38458 ns, Cleanup: 51084 ns, At safepoint: 8583 ns, Total: 98125 ns
[2025-09-01T02:11:34.106+0000][175][info ][safepoint   ] Safepoint "Cleanup", Time since last: 1000790876 ns, Reaching safepoint: 102041 ns, Cleanup: 75042 ns, At safepoint: 21458 ns, Total: 198541 ns
[2025-09-01T02:11:35.109+0000][175][info ][safepoint   ] Safepoint "Cleanup", Time since last: 1001807833 ns, Reaching safepoint: 18917 ns, Cleanup: 10083 ns, At safepoint: 12250 ns, Total: 41250 ns
[2025-09-01T02:11:36.110+0000][175][info ][safepoint   ] Safepoint "Cleanup", Time since last: 1000873709 ns, Reaching safepoint: 35542 ns, Cleanup: 39500 ns, At safepoint: 10208 ns, Total: 85250 ns
[2025-09-01T02:11:37.111+0000][175][info ][safepoint   ] Safepoint "Cleanup", Time since last: 1001412834 ns, Reaching safepoint: 76958 ns, Cleanup: 50000 ns, At safepoint: 25458 ns, Total: 152416 ns
[2025-09-01T02:11:38.114+0000][175][info ][safepoint   ] Safepoint "Cleanup", Time since last: 1002292501 ns, Reaching safepoint: 12667 ns, Cleanup: 19750 ns, At safepoint: 4875 ns, Total: 37292 ns
[2025-09-01T02:11:39.115+0000][175][info ][safepoint   ] Safepoint "Cleanup", Time since last: 1000754208 ns, Reaching safepoint: 78000 ns, Cleanup: 71459 ns, At safepoint: 15333 ns, Total: 164792 ns
[2025-09-01T02:11:40.116+0000][175][info ][safepoint   ] Safepoint "Cleanup", Time since last: 1000944084 ns, Reaching safepoint: 15917 ns, Cleanup: 28500 ns, At safepoint: 7083 ns, Total: 51500 ns
[2025-09-01T02:11:42.118+0000][175][info ][safepoint   ] Safepoint "Cleanup", Time since last: 2002233001 ns, Reaching safepoint: 115583 ns, Cleanup: 130667 ns, At safepoint: 25041 ns, Total: 271291 ns
[2025-09-01T02:11:43.120+0000][175][info ][safepoint   ] Safepoint "Cleanup", Time since last: 1001879668 ns, Reaching safepoint: 106000 ns, Cleanup: 63416 ns, At safepoint: 21625 ns, Total: 191041 ns
[2025-09-01T02:11:44.122+0000][175][info ][safepoint   ] Safepoint "Cleanup", Time since last: 1001608126 ns, Reaching safepoint: 54708 ns, Cleanup: 50542 ns, At safepoint: 16208 ns, Total: 121458 ns
[2025-09-01T02:11:45.124+0000][175][info ][safepoint   ] Safepoint "Cleanup", Time since last: 1002274709 ns, Reaching safepoint: 12125 ns, Cleanup: 33833 ns, At safepoint: 11875 ns, Total: 57833 ns
[2025-09-01T02:11:46.127+0000][175][info ][safepoint   ] Safepoint "Cleanup", Time since last: 1002459334 ns, Reaching safepoint: 24833 ns, Cleanup: 20750 ns, At safepoint: 7709 ns, Total: 53292 ns
[2025-09-01T02:11:48.129+0000][175][info ][safepoint   ] Safepoint "Cleanup", Time since last: 2002226667 ns, Reaching safepoint: 116042 ns, Cleanup: 98125 ns, At safepoint: 34333 ns, Total: 248500 ns
[2025-09-01T02:11:50.132+0000][175][info ][safepoint   ] Safepoint "Cleanup", Time since last: 2002441918 ns, Reaching safepoint: 54667 ns, Cleanup: 21833 ns, At safepoint: 15083 ns, Total: 91583 ns
[2025-09-01T02:11:51.133+0000][175][info ][safepoint   ] Safepoint "Cleanup", Time since last: 1001137001 ns, Reaching safepoint: 101625 ns, Cleanup: 71583 ns, At safepoint: 20333 ns, Total: 193541 ns
[2025-09-01T02:11:53.798+0000][175][info ][safepoint   ] Safepoint "Cleanup", Time since last: 2664617960 ns, Reaching safepoint: 82458 ns, Cleanup: 85792 ns, At safepoint: 23292 ns, Total: 191542 ns
[2025-09-01T02:11:55.801+0000][175][info ][safepoint   ] Safepoint "Cleanup", Time since last: 2002702042 ns, Reaching safepoint: 64459 ns, Cleanup: 27500 ns, At safepoint: 9666 ns, Total: 101625 ns
[2025-09-01T02:11:56.802+0000][175][info ][safepoint   ] Safepoint "Cleanup", Time since last: 1001342001 ns, Reaching safepoint: 73958 ns, Cleanup: 51833 ns, At safepoint: 15584 ns, Total: 141375 ns
[2025-09-01T02:12:00.807+0000][175][info ][safepoint   ] Safepoint "Cleanup", Time since last: 4004992793 ns, Reaching safepoint: 72250 ns, Cleanup: 32417 ns, At safepoint: 17333 ns, Total: 122000 ns
[2025-09-01T02:12:02.810+0000][175][info ][safepoint   ] Safepoint "Cleanup", Time since last: 2002247251 ns, Reaching safepoint: 101792 ns, Cleanup: 56167 ns, At safepoint: 16125 ns, Total: 174084 ns
[2025-09-01T02:12:05.814+0000][175][info ][safepoint   ] Safepoint "Cleanup", Time since last: 3003942000 ns, Reaching safepoint: 80875 ns, Cleanup: 122833 ns, At safepoint: 26792 ns, Total: 230500 ns
[2025-09-01T02:12:06.816+0000][175][info ][safepoint   ] Safepoint "Cleanup", Time since last: 1001381501 ns, Reaching safepoint: 82291 ns, Cleanup: 54209 ns, At safepoint: 57958 ns, Total: 194458 ns
[2025-09-01T02:12:07.818+0000][175][info ][safepoint   ] Safepoint "Cleanup", Time since last: 1002181167 ns, Reaching safepoint: 95583 ns, Cleanup: 206875 ns, At safepoint: 22792 ns, Total: 325250 ns
[2025-09-01T02:12:08.820+0000][175][info ][safepoint   ] Safepoint "Cleanup", Time since last: 1001990959 ns, Reaching safepoint: 144417 ns, Cleanup: 40708 ns, At safepoint: 40167 ns, Total: 225292 ns
[2025-09-01T02:12:10.823+0000][175][info ][safepoint   ] Safepoint "Cleanup", Time since last: 2002761167 ns, Reaching safepoint: 109709 ns, Cleanup: 119208 ns, At safepoint: 28625 ns, Total: 257542 ns
[2025-09-01T02:12:12.191+0000][175][info ][safepoint   ] Safepoint "Cleanup", Time since last: 1366436792 ns, Reaching safepoint: 378750 ns, Cleanup: 741167 ns, At safepoint: 38833 ns, Total: 1158750 ns
[2025-09-01T02:12:13.263+0000][175][info ][safepoint   ] Safepoint "Cleanup", Time since last: 1071752292 ns, Reaching safepoint: 13042 ns, Cleanup: 54917 ns, At safepoint: 16083 ns, Total: 84042 ns
[2025-09-01T02:12:15.267+0000][175][info ][safepoint   ] Safepoint "Cleanup", Time since last: 2004126584 ns, Reaching safepoint: 58375 ns, Cleanup: 63417 ns, At safepoint: 13583 ns, Total: 135375 ns
[2025-09-01T02:12:17.270+0000][175][info ][safepoint   ] Safepoint "Cleanup", Time since last: 2002832876 ns, Reaching safepoint: 54667 ns, Cleanup: 44042 ns, At safepoint: 9958 ns, Total: 108667 ns
[2025-09-01T02:12:18.271+0000][175][info ][safepoint   ] Safepoint "Cleanup", Time since last: 1001102542 ns, Reaching safepoint: 52833 ns, Cleanup: 54125 ns, At safepoint: 10792 ns, Total: 117750 ns
[2025-09-01T02:12:19.272+0000][175][info ][safepoint   ] Safepoint "Cleanup", Time since last: 1000521709 ns, Reaching safepoint: 146042 ns, Cleanup: 44250 ns, At safepoint: 21000 ns, Total: 211292 ns
[2025-09-01T02:12:20.274+0000][175][info ][safepoint   ] Safepoint "Cleanup", Time since last: 1002245208 ns, Reaching safepoint: 52000 ns, Cleanup: 97917 ns, At safepoint: 22125 ns, Total: 172042 ns
[2025-09-01T02:12:23.278+0000][175][info ][safepoint   ] Safepoint "Cleanup", Time since last: 3003433543 ns, Reaching safepoint: 59625 ns, Cleanup: 38542 ns, At safepoint: 19000 ns, Total: 117167 ns
[2025-09-01T02:12:25.283+0000][175][info ][safepoint   ] Safepoint "Cleanup", Time since last: 2004575126 ns, Reaching safepoint: 26666 ns, Cleanup: 24167 ns, At safepoint: 7083 ns, Total: 57916 ns
[2025-09-01T02:12:26.284+0000][175][info ][safepoint   ] Safepoint "Cleanup", Time since last: 1001569334 ns, Reaching safepoint: 121750 ns, Cleanup: 88334 ns, At safepoint: 25041 ns, Total: 235125 ns
[2025-09-01T02:12:27.286+0000][175][info ][safepoint   ] Safepoint "Cleanup", Time since last: 1001346209 ns, Reaching safepoint: 59958 ns, Cleanup: 63375 ns, At safepoint: 13500 ns, Total: 136833 ns
[2025-09-01T02:12:28.287+0000][175][info ][safepoint   ] Safepoint "Cleanup", Time since last: 1001083043 ns, Reaching safepoint: 94250 ns, Cleanup: 70166 ns, At safepoint: 15875 ns, Total: 180291 ns
[2025-09-01T02:12:30.290+0000][175][info ][safepoint   ] Safepoint "Cleanup", Time since last: 2002370626 ns, Reaching safepoint: 46292 ns, Cleanup: 44291 ns, At safepoint: 17459 ns, Total: 108042 ns
[2025-09-01T02:12:33.294+0000][175][info ][safepoint   ] Safepoint "Cleanup", Time since last: 3004615876 ns, Reaching safepoint: 25875 ns, Cleanup: 37084 ns, At safepoint: 17833 ns, Total: 80792 ns
[2025-09-01T02:12:34.295+0000][175][info ][safepoint   ] Safepoint "Cleanup", Time since last: 1000632042 ns, Reaching safepoint: 97250 ns, Cleanup: 65833 ns, At safepoint: 31959 ns, Total: 195042 ns
[2025-09-01T02:12:35.297+0000][175][info ][safepoint   ] Safepoint "Cleanup", Time since last: 1001780000 ns, Reaching safepoint: 70166 ns, Cleanup: 50459 ns, At safepoint: 18041 ns, Total: 138666 ns
[2025-09-01T02:12:36.298+0000][175][info ][safepoint   ] Safepoint "Cleanup", Time since last: 1000869042 ns, Reaching safepoint: 68459 ns, Cleanup: 42750 ns, At safepoint: 18291 ns, Total: 129500 ns
[2025-09-01T02:12:37.299+0000][175][info ][safepoint   ] Safepoint "Cleanup", Time since last: 1001246751 ns, Reaching safepoint: 86958 ns, Cleanup: 65209 ns, At safepoint: 25250 ns, Total: 177417 ns
[2025-09-01T02:12:38.302+0000][175][info ][safepoint   ] Safepoint "Cleanup", Time since last: 1002320250 ns, Reaching safepoint: 27375 ns, Cleanup: 36333 ns, At safepoint: 18250 ns, Total: 81958 ns
[2025-09-01T02:12:40.304+0000][175][info ][safepoint   ] Safepoint "Cleanup", Time since last: 2002382335 ns, Reaching safepoint: 223625 ns, Cleanup: 46166 ns, At safepoint: 25417 ns, Total: 295208 ns
[2025-09-01T02:12:41.306+0000][175][info ][safepoint   ] Safepoint "Cleanup", Time since last: 1001779500 ns, Reaching safepoint: 125417 ns, Cleanup: 37458 ns, At safepoint: 17167 ns, Total: 180042 ns
[2025-09-01T02:12:44.310+0000][175][info ][safepoint   ] Safepoint "Cleanup", Time since last: 3003846502 ns, Reaching safepoint: 60125 ns, Cleanup: 61208 ns, At safepoint: 10333 ns, Total: 131666 ns
[2025-09-01T02:12:47.314+0000][175][info ][safepoint   ] Safepoint "Cleanup", Time since last: 3003342210 ns, Reaching safepoint: 98250 ns, Cleanup: 78292 ns, At safepoint: 28875 ns, Total: 205417 ns
[2025-09-01T02:12:53.983+0000][175][info ][safepoint   ] Safepoint "Cleanup", Time since last: 6668756003 ns, Reaching safepoint: 87583 ns, Cleanup: 124708 ns, At safepoint: 32917 ns, Total: 245208 ns
[2025-09-01T02:12:55.986+0000][175][info ][safepoint   ] Safepoint "Cleanup", Time since last: 2002846584 ns, Reaching safepoint: 67459 ns, Cleanup: 103250 ns, At safepoint: 22875 ns, Total: 193584 ns
[2025-09-01T02:12:56.987+0000][175][info ][safepoint   ] Safepoint "Cleanup", Time since last: 1001053792 ns, Reaching safepoint: 189417 ns, Cleanup: 41500 ns, At safepoint: 27166 ns, Total: 258083 ns
[2025-09-01T02:12:59.992+0000][175][info ][safepoint   ] Safepoint "Cleanup", Time since last: 3004184460 ns, Reaching safepoint: 111208 ns, Cleanup: 45917 ns, At safepoint: 20708 ns, Total: 177833 ns
[2025-09-01T02:13:00.993+0000][175][info ][safepoint   ] Safepoint "Cleanup", Time since last: 1001393167 ns, Reaching safepoint: 93500 ns, Cleanup: 112959 ns, At safepoint: 19458 ns, Total: 225917 ns
[2025-09-01T02:13:02.996+0000][175][info ][safepoint   ] Safepoint "Cleanup", Time since last: 2002909834 ns, Reaching safepoint: 92542 ns, Cleanup: 39208 ns, At safepoint: 21167 ns, Total: 152917 ns
[2025-09-01T02:13:03.998+0000][175][info ][safepoint   ] Safepoint "Cleanup", Time since last: 1001271751 ns, Reaching safepoint: 85208 ns, Cleanup: 56750 ns, At safepoint: 15000 ns, Total: 156958 ns
[2025-09-01T02:13:04.998+0000][175][info ][safepoint   ] Safepoint "Cleanup", Time since last: 1000842417 ns, Reaching safepoint: 20166 ns, Cleanup: 18625 ns, At safepoint: 9375 ns, Total: 48166 ns
[2025-09-01T02:13:06.000+0000][175][info ][safepoint   ] Safepoint "Cleanup", Time since last: 1001625626 ns, Reaching safepoint: 51417 ns, Cleanup: 61041 ns, At safepoint: 15750 ns, Total: 128208 ns
[2025-09-01T02:13:08.002+0000][175][info ][safepoint   ] Safepoint "Cleanup", Time since last: 2001648001 ns, Reaching safepoint: 50459 ns, Cleanup: 167916 ns, At safepoint: 20875 ns, Total: 239250 ns
[2025-09-01T02:13:09.004+0000][175][info ][safepoint   ] Safepoint "Cleanup", Time since last: 1001678834 ns, Reaching safepoint: 74542 ns, Cleanup: 231625 ns, At safepoint: 25041 ns, Total: 331208 ns
[2025-09-01T02:13:11.007+0000][175][info ][safepoint   ] Safepoint "Cleanup", Time since last: 2002754293 ns, Reaching safepoint: 59917 ns, Cleanup: 36958 ns, At safepoint: 21583 ns, Total: 118458 ns
[2025-09-01T02:13:12.447+0000][175][info ][safepoint   ] Safepoint "Cleanup", Time since last: 1439886834 ns, Reaching safepoint: 95875 ns, Cleanup: 211000 ns, At safepoint: 32375 ns, Total: 339250 ns
[2025-09-01T02:13:13.449+0000][175][info ][safepoint   ] Safepoint "Cleanup", Time since last: 1001399751 ns, Reaching safepoint: 51500 ns, Cleanup: 43625 ns, At safepoint: 19875 ns, Total: 115000 ns
[2025-09-01T02:13:14.478+0000][175][info ][safepoint   ] Safepoint "Cleanup", Time since last: 1029223459 ns, Reaching safepoint: 4791 ns, Cleanup: 51250 ns, At safepoint: 7084 ns, Total: 63125 ns
[2025-09-01T02:13:15.506+0000][175][info ][safepoint   ] Safepoint "Cleanup", Time since last: 1027588000 ns, Reaching safepoint: 32792 ns, Cleanup: 79416 ns, At safepoint: 14500 ns, Total: 126708 ns
[2025-09-01T02:13:17.507+0000][175][info ][safepoint   ] Safepoint "Cleanup", Time since last: 2001287126 ns, Reaching safepoint: 93834 ns, Cleanup: 53375 ns, At safepoint: 25041 ns, Total: 172250 ns
[2025-09-01T02:13:20.512+0000][175][info ][safepoint   ] Safepoint "Cleanup", Time since last: 3004483543 ns, Reaching safepoint: 82167 ns, Cleanup: 71375 ns, At safepoint: 29500 ns, Total: 183042 ns
[2025-09-01T02:13:22.514+0000][175][info ][safepoint   ] Safepoint "Cleanup", Time since last: 2002227959 ns, Reaching safepoint: 330625 ns, Cleanup: 42250 ns, At safepoint: 29584 ns, Total: 402459 ns
[2025-09-01T02:13:24.518+0000][175][info ][safepoint   ] Safepoint "Cleanup", Time since last: 2003774042 ns, Reaching safepoint: 24500 ns, Cleanup: 16417 ns, At safepoint: 12667 ns, Total: 53584 ns
[2025-09-01T02:13:25.520+0000][175][info ][safepoint   ] Safepoint "Cleanup", Time since last: 1001350292 ns, Reaching safepoint: 80875 ns, Cleanup: 44917 ns, At safepoint: 13000 ns, Total: 138792 ns
[2025-09-01T02:13:27.522+0000][175][info ][safepoint   ] Safepoint "Cleanup", Time since last: 2002147209 ns, Reaching safepoint: 140833 ns, Cleanup: 129583 ns, At safepoint: 25959 ns, Total: 296375 ns
[2025-09-01T02:13:29.525+0000][175][info ][safepoint   ] Safepoint "Cleanup", Time since last: 2002560459 ns, Reaching safepoint: 75792 ns, Cleanup: 39666 ns, At safepoint: 13667 ns, Total: 129125 ns
[2025-09-01T02:13:30.527+0000][175][info ][safepoint   ] Safepoint "Cleanup", Time since last: 1002081626 ns, Reaching safepoint: 110000 ns, Cleanup: 53166 ns, At safepoint: 31375 ns, Total: 194541 ns
[2025-09-01T02:13:32.529+0000][175][info ][safepoint   ] Safepoint "Cleanup", Time since last: 2002189043 ns, Reaching safepoint: 31292 ns, Cleanup: 22208 ns, At safepoint: 13125 ns, Total: 66625 ns
[2025-09-01T02:13:33.531+0000][175][info ][safepoint   ] Safepoint "Cleanup", Time since last: 1001082334 ns, Reaching safepoint: 29916 ns, Cleanup: 25542 ns, At safepoint: 11125 ns, Total: 66583 ns
[2025-09-01T02:13:34.532+0000][175][info ][safepoint   ] Safepoint "Cleanup", Time since last: 1001232542 ns, Reaching safepoint: 11666 ns, Cleanup: 17292 ns, At safepoint: 5500 ns, Total: 34458 ns
[2025-09-01T02:13:35.534+0000][175][info ][safepoint   ] Safepoint "Cleanup", Time since last: 1001364250 ns, Reaching safepoint: 26292 ns, Cleanup: 17792 ns, At safepoint: 9666 ns, Total: 53750 ns
[2025-09-01T02:13:37.536+0000][175][info ][safepoint   ] Safepoint "Cleanup", Time since last: 2002468043 ns, Reaching safepoint: 21458 ns, Cleanup: 16209 ns, At safepoint: 8000 ns, Total: 45667 ns
[2025-09-01T02:13:38.537+0000][175][info ][safepoint   ] Safepoint "Cleanup", Time since last: 1000919083 ns, Reaching safepoint: 20584 ns, Cleanup: 23041 ns, At safepoint: 7292 ns, Total: 50917 ns
[2025-09-01T02:13:41.541+0000][175][info ][safepoint   ] Safepoint "Cleanup", Time since last: 3003429752 ns, Reaching safepoint: 86291 ns, Cleanup: 85000 ns, At safepoint: 21792 ns, Total: 193083 ns
[2025-09-01T02:13:44.549+0000][175][info ][safepoint   ] Safepoint "Cleanup", Time since last: 3007748626 ns, Reaching safepoint: 92625 ns, Cleanup: 39042 ns, At safepoint: 12042 ns, Total: 143709 ns
[2025-09-01T02:13:45.550+0000][175][info ][safepoint   ] Safepoint "Cleanup", Time since last: 1001454542 ns, Reaching safepoint: 68666 ns, Cleanup: 61209 ns, At safepoint: 21791 ns, Total: 151666 ns
[2025-09-01T02:13:47.554+0000][175][info ][safepoint   ] Safepoint "Cleanup", Time since last: 2003454710 ns, Reaching safepoint: 94583 ns, Cleanup: 57958 ns, At safepoint: 27125 ns, Total: 179666 ns
[2025-09-01T02:13:48.555+0000][175][info ][safepoint   ] Safepoint "Cleanup", Time since last: 1000875376 ns, Reaching safepoint: 47667 ns, Cleanup: 35875 ns, At safepoint: 13791 ns, Total: 97333 ns
[2025-09-01T02:13:50.557+0000][175][info ][safepoint   ] Safepoint "Cleanup", Time since last: 2002054543 ns, Reaching safepoint: 46666 ns, Cleanup: 30417 ns, At safepoint: 14292 ns, Total: 91375 ns
[2025-09-01T02:13:54.132+0000][175][info ][safepoint   ] Safepoint "Cleanup", Time since last: 3574902418 ns, Reaching safepoint: 69917 ns, Cleanup: 53000 ns, At safepoint: 20125 ns, Total: 143042 ns
[2025-09-01T02:13:55.135+0000][175][info ][safepoint   ] Safepoint "Cleanup", Time since last: 1002408834 ns, Reaching safepoint: 15791 ns, Cleanup: 15834 ns, At safepoint: 13541 ns, Total: 45166 ns
[2025-09-01T02:13:57.137+0000][175][info ][safepoint   ] Safepoint "Cleanup", Time since last: 2002460543 ns, Reaching safepoint: 100458 ns, Cleanup: 51542 ns, At safepoint: 31083 ns, Total: 183083 ns
[2025-09-01T02:13:59.142+0000][175][info ][safepoint   ] Safepoint "Cleanup", Time since last: 2004911501 ns, Reaching safepoint: 122209 ns, Cleanup: 63791 ns, At safepoint: 18292 ns, Total: 204292 ns
[2025-09-01T02:14:00.144+0000][175][info ][safepoint   ] Safepoint "Cleanup", Time since last: 1001446709 ns, Reaching safepoint: 54416 ns, Cleanup: 26292 ns, At safepoint: 12083 ns, Total: 92791 ns
[2025-09-01T02:14:01.146+0000][175][info ][safepoint   ] Safepoint "Cleanup", Time since last: 1001719709 ns, Reaching safepoint: 44167 ns, Cleanup: 28708 ns, At safepoint: 14542 ns, Total: 87417 ns
[2025-09-01T02:14:02.147+0000][175][info ][safepoint   ] Safepoint "Cleanup", Time since last: 1000814250 ns, Reaching safepoint: 54750 ns, Cleanup: 31250 ns, At safepoint: 15084 ns, Total: 101084 ns
[2025-09-01T02:14:03.149+0000][175][info ][safepoint   ] Safepoint "Cleanup", Time since last: 1002547083 ns, Reaching safepoint: 78500 ns, Cleanup: 53250 ns, At safepoint: 24875 ns, Total: 156625 ns
[2025-09-01T02:14:04.151+0000][175][info ][safepoint   ] Safepoint "Cleanup", Time since last: 1001940501 ns, Reaching safepoint: 48042 ns, Cleanup: 25375 ns, At safepoint: 13416 ns, Total: 86833 ns
[2025-09-01T02:14:05.151+0000][175][info ][safepoint   ] Safepoint "Cleanup", Time since last: 1000483541 ns, Reaching safepoint: 13584 ns, Cleanup: 70625 ns, At safepoint: 6875 ns, Total: 91084 ns
[2025-09-01T02:14:06.153+0000][175][info ][safepoint   ] Safepoint "Cleanup", Time since last: 1001383959 ns, Reaching safepoint: 48875 ns, Cleanup: 30458 ns, At safepoint: 17417 ns, Total: 96750 ns
[2025-09-01T02:14:08.156+0000][175][info ][safepoint   ] Safepoint "Cleanup", Time since last: 2003174834 ns, Reaching safepoint: 51375 ns, Cleanup: 59417 ns, At safepoint: 16958 ns, Total: 127750 ns
[2025-09-01T02:14:10.159+0000][175][info ][safepoint   ] Safepoint "Cleanup", Time since last: 2002243209 ns, Reaching safepoint: 51750 ns, Cleanup: 40959 ns, At safepoint: 15291 ns, Total: 108000 ns
[2025-09-01T02:14:12.162+0000][175][info ][safepoint   ] Safepoint "Cleanup", Time since last: 2002829876 ns, Reaching safepoint: 80542 ns, Cleanup: 59458 ns, At safepoint: 29708 ns, Total: 169708 ns
[2025-09-01T02:14:14.264+0000][175][info ][safepoint   ] Safepoint "Cleanup", Time since last: 2102619335 ns, Reaching safepoint: 7375 ns, Cleanup: 42666 ns, At safepoint: 2334 ns, Total: 52375 ns
[2025-09-01T02:14:15.672+0000][175][info ][safepoint   ] Safepoint "Cleanup", Time since last: 1407958167 ns, Reaching safepoint: 44917 ns, Cleanup: 145000 ns, At safepoint: 13416 ns, Total: 203333 ns
[2025-09-01T02:14:16.674+0000][175][info ][safepoint   ] Safepoint "Cleanup", Time since last: 1001412001 ns, Reaching safepoint: 329208 ns, Cleanup: 26792 ns, At safepoint: 22333 ns, Total: 378333 ns
[2025-09-01T02:14:17.716+0000][175][info ][safepoint   ] Safepoint "Cleanup", Time since last: 1042170876 ns, Reaching safepoint: 5375 ns, Cleanup: 52791 ns, At safepoint: 7875 ns, Total: 66041 ns
[2025-09-01T02:14:18.730+0000][175][info ][safepoint   ] Safepoint "Cleanup", Time since last: 1013130751 ns, Reaching safepoint: 81875 ns, Cleanup: 55583 ns, At safepoint: 23125 ns, Total: 160583 ns
[2025-09-01T02:14:20.732+0000][175][info ][safepoint   ] Safepoint "Cleanup", Time since last: 2001823876 ns, Reaching safepoint: 103000 ns, Cleanup: 119000 ns, At safepoint: 28375 ns, Total: 250375 ns
[2025-09-01T02:14:23.737+0000][175][info ][safepoint   ] Safepoint "Cleanup", Time since last: 3005022585 ns, Reaching safepoint: 94708 ns, Cleanup: 63125 ns, At safepoint: 22542 ns, Total: 180375 ns
[2025-09-01T02:14:25.740+0000][175][info ][safepoint   ] Safepoint "Cleanup", Time since last: 2002527043 ns, Reaching safepoint: 80500 ns, Cleanup: 47458 ns, At safepoint: 18000 ns, Total: 145958 ns
[2025-09-01T02:14:27.743+0000][175][info ][safepoint   ] Safepoint "Cleanup", Time since last: 2002873918 ns, Reaching safepoint: 89291 ns, Cleanup: 48750 ns, At safepoint: 19625 ns, Total: 157666 ns
[2025-09-01T02:14:29.745+0000][175][info ][safepoint   ] Safepoint "Cleanup", Time since last: 2001727668 ns, Reaching safepoint: 170333 ns, Cleanup: 45625 ns, At safepoint: 21750 ns, Total: 237708 ns
[2025-09-01T02:14:30.746+0000][175][info ][safepoint   ] Safepoint "Cleanup", Time since last: 1000962459 ns, Reaching safepoint: 107500 ns, Cleanup: 36333 ns, At safepoint: 21709 ns, Total: 165542 ns
[2025-09-01T02:14:33.750+0000][175][info ][safepoint   ] Safepoint "Cleanup", Time since last: 3003791918 ns, Reaching safepoint: 103000 ns, Cleanup: 49375 ns, At safepoint: 26625 ns, Total: 179000 ns
[2025-09-01T02:14:34.752+0000][175][info ][safepoint   ] Safepoint "Cleanup", Time since last: 1001664708 ns, Reaching safepoint: 79459 ns, Cleanup: 21958 ns, At safepoint: 10375 ns, Total: 111792 ns
[2025-09-01T02:14:35.753+0000][175][info ][safepoint   ] Safepoint "Cleanup", Time since last: 1001472625 ns, Reaching safepoint: 66750 ns, Cleanup: 97084 ns, At safepoint: 32958 ns, Total: 196792 ns
[2025-09-01T02:14:38.760+0000][175][info ][safepoint   ] Safepoint "Cleanup", Time since last: 3006408377 ns, Reaching safepoint: 77875 ns, Cleanup: 65041 ns, At safepoint: 15917 ns, Total: 158833 ns
[2025-09-01T02:14:40.763+0000][175][info ][safepoint   ] Safepoint "Cleanup", Time since last: 2002843417 ns, Reaching safepoint: 59292 ns, Cleanup: 90708 ns, At safepoint: 23625 ns, Total: 173625 ns
[2025-09-01T02:14:41.765+0000][175][info ][safepoint   ] Safepoint "Cleanup", Time since last: 1002034084 ns, Reaching safepoint: 53292 ns, Cleanup: 34917 ns, At safepoint: 16750 ns, Total: 104959 ns
[2025-09-01T02:14:42.767+0000][175][info ][safepoint   ] Safepoint "Cleanup", Time since last: 1001604833 ns, Reaching safepoint: 19625 ns, Cleanup: 19792 ns, At safepoint: 9625 ns, Total: 49042 ns
[2025-09-01T02:14:43.768+0000][175][info ][safepoint   ] Safepoint "Cleanup", Time since last: 1001175792 ns, Reaching safepoint: 104375 ns, Cleanup: 63084 ns, At safepoint: 29708 ns, Total: 197167 ns
[2025-09-01T02:14:47.773+0000][175][info ][safepoint   ] Safepoint "Cleanup", Time since last: 4004736543 ns, Reaching safepoint: 49584 ns, Cleanup: 111000 ns, At safepoint: 20416 ns, Total: 181000 ns
[2025-09-01T02:14:50.776+0000][175][info ][safepoint   ] Safepoint "Cleanup", Time since last: 3002555585 ns, Reaching safepoint: 66084 ns, Cleanup: 42166 ns, At safepoint: 21125 ns, Total: 129375 ns
[2025-09-01T02:14:57.194+0000][175][info ][safepoint   ] Safepoint "Cleanup", Time since last: 6417409503 ns, Reaching safepoint: 377125 ns, Cleanup: 82834 ns, At safepoint: 25375 ns, Total: 485334 ns
[2025-09-01T02:14:57.341+0000][175][info ][safepoint   ] Safepoint "ICBufferFull", Time since last: 147696708 ns, Reaching safepoint: 11833 ns, Cleanup: 93959 ns, At safepoint: 11458 ns, Total: 117250 ns
[2025-09-01T02:14:59.026+0000][175][info ][safepoint   ] Safepoint "Cleanup", Time since last: 1684350918 ns, Reaching safepoint: 132541 ns, Cleanup: 166334 ns, At safepoint: 17583 ns, Total: 316458 ns
[2025-09-01T02:15:00.028+0000][175][info ][safepoint   ] Safepoint "Cleanup", Time since last: 1001583125 ns, Reaching safepoint: 211334 ns, Cleanup: 62208 ns, At safepoint: 30625 ns, Total: 304167 ns
[2025-09-01T02:15:01.029+0000][175][info ][safepoint   ] Safepoint "Cleanup", Time since last: 1000639750 ns, Reaching safepoint: 103334 ns, Cleanup: 59500 ns, At safepoint: 23458 ns, Total: 186292 ns
[2025-09-01T02:15:03.031+0000][175][info ][safepoint   ] Safepoint "Cleanup", Time since last: 2002304543 ns, Reaching safepoint: 90125 ns, Cleanup: 51541 ns, At safepoint: 17209 ns, Total: 158875 ns
[2025-09-01T02:15:04.033+0000][175][info ][safepoint   ] Safepoint "Cleanup", Time since last: 1001747334 ns, Reaching safepoint: 81875 ns, Cleanup: 236416 ns, At safepoint: 42000 ns, Total: 360291 ns
[2025-09-01T02:15:05.035+0000][175][info ][safepoint   ] Safepoint "Cleanup", Time since last: 1001647542 ns, Reaching safepoint: 74625 ns, Cleanup: 89458 ns, At safepoint: 29250 ns, Total: 193333 ns
[2025-09-01T02:15:06.037+0000][175][info ][safepoint   ] Safepoint "Cleanup", Time since last: 1001293459 ns, Reaching safepoint: 39542 ns, Cleanup: 96750 ns, At safepoint: 15541 ns, Total: 151833 ns
[2025-09-01T02:15:06.202+0000][175][info ][safepoint   ] Safepoint "ICBufferFull", Time since last: 161592000 ns, Reaching safepoint: 3227209 ns, Cleanup: 170291 ns, At safepoint: 31459 ns, Total: 3428959 ns
[2025-09-01T02:15:06.211+0000][175][info ][safepoint   ] Safepoint "ICBufferFull", Time since last: 7979708 ns, Reaching safepoint: 814042 ns, Cleanup: 83375 ns, At safepoint: 37708 ns, Total: 935125 ns
[2025-09-01T02:15:06.252+0000][175][info ][safepoint   ] Safepoint "ICBufferFull", Time since last: 40039750 ns, Reaching safepoint: 840125 ns, Cleanup: 179250 ns, At safepoint: 29167 ns, Total: 1048542 ns
[2025-09-01T02:15:06.380+0000][175][info ][gc,start    ] GC(20) Pause Young (Mixed) (G1 Evacuation Pause)
[2025-09-01T02:15:06.383+0000][175][info ][gc,task     ] GC(20) Using 8 workers of 8 for evacuation
[2025-09-01T02:15:06.383+0000][175][debug][gc,age      ] GC(20) Desired survivor size 41943040 bytes, new threshold 15 (max threshold 15)
[2025-09-01T02:15:06.433+0000][175][info ][gc,phases   ] GC(20)   Pre Evacuate Collection Set: 1.47ms
[2025-09-01T02:15:06.434+0000][175][info ][gc,phases   ] GC(20)   Merge Heap Roots: 0.24ms
[2025-09-01T02:15:06.434+0000][175][info ][gc,phases   ] GC(20)   Evacuate Collection Set: 42.23ms
[2025-09-01T02:15:06.434+0000][175][info ][gc,phases   ] GC(20)   Post Evacuate Collection Set: 6.12ms
[2025-09-01T02:15:06.434+0000][175][info ][gc,phases   ] GC(20)   Other: 0.63ms
[2025-09-01T02:15:06.434+0000][175][trace][gc,age      ] GC(20) Age table with threshold 15 (max threshold 15)
[2025-09-01T02:15:06.434+0000][175][trace][gc,age      ] GC(20) - age   1:    3257832 bytes,    3257832 total
[2025-09-01T02:15:06.434+0000][175][trace][gc,age      ] GC(20) - age   2:    5431672 bytes,    8689504 total
[2025-09-01T02:15:06.434+0000][175][trace][gc,age      ] GC(20) - age   3:   10218496 bytes,   18908000 total
[2025-09-01T02:15:06.434+0000][175][trace][gc,age      ] GC(20) - age   4:   22955032 bytes,   41863032 total
[2025-09-01T02:15:06.434+0000][175][trace][gc,age      ] GC(20) - age   5:     812560 bytes,   42675592 total
[2025-09-01T02:15:06.435+0000][175][info ][gc,heap     ] GC(20) Eden regions: 142->0(141)
[2025-09-01T02:15:06.435+0000][175][info ][gc,heap     ] GC(20) Survivor regions: 11->12(20)
[2025-09-01T02:15:06.435+0000][175][info ][gc,heap     ] GC(20) Old regions: 28->28
[2025-09-01T02:15:06.435+0000][175][info ][gc,heap     ] GC(20) Humongous regions: 2->2
[2025-09-01T02:15:06.435+0000][175][info ][gc,metaspace] GC(20) Metaspace: 158465K(162816K)->158465K(162816K) NonClass: 136507K(138944K)->136507K(138944K) Class: 21958K(23872K)->21958K(23872K)
[2025-09-01T02:15:06.435+0000][175][info ][gc          ] GC(20) Pause Young (Mixed) (G1 Evacuation Pause) 730M->163M(1024M) 55.519ms
[2025-09-01T02:15:06.435+0000][175][info ][gc,cpu      ] GC(20) User=0.21s Sys=0.00s Real=0.05s
[2025-09-01T02:15:06.435+0000][175][info ][safepoint   ] Safepoint "G1CollectForAllocation", Time since last: 127422708 ns, Reaching safepoint: 28750 ns, Cleanup: 250000 ns, At safepoint: 55964750 ns, Total: 56243500 ns
[2025-09-01T02:15:06.473+0000][175][info ][safepoint   ] Safepoint "ICBufferFull", Time since last: 36304750 ns, Reaching safepoint: 1035375 ns, Cleanup: 210083 ns, At safepoint: 40042 ns, Total: 1285500 ns
[2025-09-01T02:15:06.624+0000][175][info ][safepoint   ] Safepoint "ICBufferFull", Time since last: 150469459 ns, Reaching safepoint: 49500 ns, Cleanup: 316625 ns, At safepoint: 19333 ns, Total: 385458 ns
[2025-09-01T02:15:07.619+0000][175][info ][safepoint   ] Safepoint "ICBufferFull", Time since last: 995035917 ns, Reaching safepoint: 32417 ns, Cleanup: 222500 ns, At safepoint: 35583 ns, Total: 290500 ns
[2025-09-01T02:15:08.895+0000][175][info ][safepoint   ] Safepoint "Cleanup", Time since last: 1275591459 ns, Reaching safepoint: 6333 ns, Cleanup: 112500 ns, At safepoint: 15792 ns, Total: 134625 ns
[2025-09-01T02:15:09.928+0000][175][info ][safepoint   ] Safepoint "Cleanup", Time since last: 1033028667 ns, Reaching safepoint: 31667 ns, Cleanup: 28750 ns, At safepoint: 9583 ns, Total: 70000 ns
[2025-09-01T02:15:10.929+0000][175][info ][safepoint   ] Safepoint "Cleanup", Time since last: 1001102959 ns, Reaching safepoint: 42167 ns, Cleanup: 67708 ns, At safepoint: 14708 ns, Total: 124583 ns
[2025-09-01T02:15:11.931+0000][175][info ][safepoint   ] Safepoint "Cleanup", Time since last: 1001621376 ns, Reaching safepoint: 36625 ns, Cleanup: 63041 ns, At safepoint: 11000 ns, Total: 110666 ns
[2025-09-01T02:15:14.936+0000][175][info ][safepoint   ] Safepoint "Cleanup", Time since last: 3004559252 ns, Reaching safepoint: 88750 ns, Cleanup: 49041 ns, At safepoint: 26625 ns, Total: 164416 ns
[2025-09-01T02:15:16.233+0000][175][info ][safepoint   ] Safepoint "Cleanup", Time since last: 1297176293 ns, Reaching safepoint: 117416 ns, Cleanup: 122334 ns, At safepoint: 24625 ns, Total: 264375 ns
[2025-09-01T02:15:17.277+0000][175][info ][safepoint   ] Safepoint "Cleanup", Time since last: 1043717375 ns, Reaching safepoint: 4375 ns, Cleanup: 30042 ns, At safepoint: 7042 ns, Total: 41459 ns
[2025-09-01T02:15:18.993+0000][175][info ][safepoint   ] Safepoint "Cleanup", Time since last: 1715713959 ns, Reaching safepoint: 89041 ns, Cleanup: 452375 ns, At safepoint: 41584 ns, Total: 583000 ns
[2025-09-01T02:15:20.281+0000][175][info ][safepoint   ] Safepoint "Cleanup", Time since last: 1288064250 ns, Reaching safepoint: 5792 ns, Cleanup: 25958 ns, At safepoint: 2542 ns, Total: 34292 ns
[2025-09-01T02:15:22.051+0000][175][info ][safepoint   ] Safepoint "Cleanup", Time since last: 1769515959 ns, Reaching safepoint: 41417 ns, Cleanup: 45417 ns, At safepoint: 12333 ns, Total: 99167 ns
[2025-09-01T02:15:24.054+0000][175][info ][safepoint   ] Safepoint "Cleanup", Time since last: 2002280501 ns, Reaching safepoint: 69041 ns, Cleanup: 224250 ns, At safepoint: 66292 ns, Total: 359583 ns
[2025-09-01T02:15:25.056+0000][175][info ][safepoint   ] Safepoint "Cleanup", Time since last: 1002306167 ns, Reaching safepoint: 75875 ns, Cleanup: 52209 ns, At safepoint: 21041 ns, Total: 149125 ns
[2025-09-01T02:15:26.057+0000][175][info ][safepoint   ] Safepoint "Cleanup", Time since last: 1000700876 ns, Reaching safepoint: 69375 ns, Cleanup: 113583 ns, At safepoint: 28542 ns, Total: 211500 ns
[2025-09-01T02:15:27.059+0000][175][info ][safepoint   ] Safepoint "Cleanup", Time since last: 1001502000 ns, Reaching safepoint: 48834 ns, Cleanup: 91541 ns, At safepoint: 17667 ns, Total: 158042 ns
[2025-09-01T02:15:28.061+0000][175][info ][safepoint   ] Safepoint "Cleanup", Time since last: 1002105375 ns, Reaching safepoint: 95792 ns, Cleanup: 76458 ns, At safepoint: 22167 ns, Total: 194417 ns
[2025-09-01T02:15:30.063+0000][175][info ][safepoint   ] Safepoint "Cleanup", Time since last: 2002168418 ns, Reaching safepoint: 123500 ns, Cleanup: 82541 ns, At safepoint: 16250 ns, Total: 222291 ns
[2025-09-01T02:15:31.065+0000][175][info ][safepoint   ] Safepoint "Cleanup", Time since last: 1001805292 ns, Reaching safepoint: 87292 ns, Cleanup: 73250 ns, At safepoint: 13708 ns, Total: 174250 ns
[2025-09-01T02:15:34.070+0000][175][info ][safepoint   ] Safepoint "Cleanup", Time since last: 3004307794 ns, Reaching safepoint: 68250 ns, Cleanup: 33000 ns, At safepoint: 19291 ns, Total: 120541 ns
[2025-09-01T02:15:36.074+0000][175][info ][safepoint   ] Safepoint "Cleanup", Time since last: 2002069418 ns, Reaching safepoint: 1801208 ns, Cleanup: 39542 ns, At safepoint: 18625 ns, Total: 1859375 ns
[2025-09-01T02:15:37.075+0000][175][info ][safepoint   ] Safepoint "Cleanup", Time since last: 1001457958 ns, Reaching safepoint: 80750 ns, Cleanup: 47542 ns, At safepoint: 16125 ns, Total: 144417 ns
[2025-09-01T02:15:38.078+0000][175][info ][safepoint   ] Safepoint "Cleanup", Time since last: 1002249917 ns, Reaching safepoint: 106625 ns, Cleanup: 38667 ns, At safepoint: 25708 ns, Total: 171000 ns
[2025-09-01T02:15:39.079+0000][175][info ][safepoint   ] Safepoint "Cleanup", Time since last: 1000909209 ns, Reaching safepoint: 19750 ns, Cleanup: 27667 ns, At safepoint: 8166 ns, Total: 55583 ns
[2025-09-01T02:15:41.314+0000][175][info ][gc,start    ] GC(21) Pause Young (Concurrent Start) (CodeCache GC Threshold)
[2025-09-01T02:15:41.316+0000][175][info ][gc,task     ] GC(21) Using 8 workers of 8 for evacuation
[2025-09-01T02:15:41.316+0000][175][debug][gc,age      ] GC(21) Desired survivor size 41943040 bytes, new threshold 5 (max threshold 15)
[2025-09-01T02:15:41.352+0000][175][info ][gc,phases   ] GC(21)   Pre Evacuate Collection Set: 0.38ms
[2025-09-01T02:15:41.352+0000][175][info ][gc,phases   ] GC(21)   Merge Heap Roots: 0.12ms
[2025-09-01T02:15:41.352+0000][175][info ][gc,phases   ] GC(21)   Evacuate Collection Set: 34.44ms
[2025-09-01T02:15:41.352+0000][175][info ][gc,phases   ] GC(21)   Post Evacuate Collection Set: 1.19ms
[2025-09-01T02:15:41.352+0000][175][info ][gc,phases   ] GC(21)   Other: 0.31ms
[2025-09-01T02:15:41.352+0000][175][trace][gc,age      ] GC(21) Age table with threshold 5 (max threshold 15)
[2025-09-01T02:15:41.352+0000][175][trace][gc,age      ] GC(21) - age   1:    2716912 bytes,    2716912 total
[2025-09-01T02:15:41.352+0000][175][trace][gc,age      ] GC(21) - age   2:    2033864 bytes,    4750776 total
[2025-09-01T02:15:41.352+0000][175][trace][gc,age      ] GC(21) - age   3:    5329096 bytes,   10079872 total
[2025-09-01T02:15:41.352+0000][175][trace][gc,age      ] GC(21) - age   4:   10016208 bytes,   20096080 total
[2025-09-01T02:15:41.353+0000][175][trace][gc,age      ] GC(21) - age   5:   22617160 bytes,   42713240 total
[2025-09-01T02:15:41.353+0000][175][info ][gc,heap     ] GC(21) Eden regions: 37->0(141)
[2025-09-01T02:15:41.353+0000][175][info ][gc,heap     ] GC(21) Survivor regions: 12->12(20)
[2025-09-01T02:15:41.353+0000][175][info ][gc,heap     ] GC(21) Old regions: 28->28
[2025-09-01T02:15:41.353+0000][175][info ][gc,heap     ] GC(21) Humongous regions: 2->2
[2025-09-01T02:15:41.353+0000][175][info ][gc,metaspace] GC(21) Metaspace: 159643K(164096K)->159643K(164096K) NonClass: 137477K(139968K)->137477K(139968K) Class: 22166K(24128K)->22166K(24128K)
[2025-09-01T02:15:41.353+0000][175][info ][gc          ] GC(21) Pause Young (Concurrent Start) (CodeCache GC Threshold) 308M->164M(1024M) 38.223ms
[2025-09-01T02:15:41.353+0000][175][info ][gc          ] GC(22) Concurrent Mark Cycle
[2025-09-01T02:15:41.353+0000][175][info ][gc,marking  ] GC(22) Concurrent Scan Root Regions
[2025-09-01T02:15:41.353+0000][175][info ][gc,cpu      ] GC(21) User=0.28s Sys=0.00s Real=0.04s
[2025-09-01T02:15:41.353+0000][175][info ][safepoint   ] Safepoint "G1TryInitiateConcMark", Time since last: 2235855335 ns, Reaching safepoint: 17416 ns, Cleanup: 4167 ns, At safepoint: 38543750 ns, Total: 38565333 ns
[2025-09-01T02:15:41.362+0000][175][info ][gc,marking  ] GC(22) Concurrent Scan Root Regions 8.915ms
[2025-09-01T02:15:41.362+0000][175][info ][gc,marking  ] GC(22) Concurrent Mark
[2025-09-01T02:15:41.362+0000][175][info ][gc,marking  ] GC(22) Concurrent Mark From Roots
[2025-09-01T02:15:41.362+0000][175][info ][gc,task     ] GC(22) Using 2 workers of 2 for marking
[2025-09-01T02:15:41.412+0000][175][info ][gc,marking  ] GC(22) Concurrent Mark From Roots 50.339ms
[2025-09-01T02:15:41.412+0000][175][info ][gc,marking  ] GC(22) Concurrent Preclean
[2025-09-01T02:15:41.413+0000][175][info ][gc,marking  ] GC(22) Concurrent Preclean 0.359ms
[2025-09-01T02:15:41.413+0000][175][info ][gc,start    ] GC(22) Pause Remark
[2025-09-01T02:15:41.429+0000][175][info ][gc          ] GC(22) Pause Remark 165M->165M(1024M) 15.763ms
[2025-09-01T02:15:41.429+0000][175][info ][gc,cpu      ] GC(22) User=0.10s Sys=0.00s Real=0.02s
[2025-09-01T02:15:41.429+0000][175][info ][safepoint   ] Safepoint "G1PauseRemark", Time since last: 59780250 ns, Reaching safepoint: 38292 ns, Cleanup: 2583 ns, At safepoint: 15947208 ns, Total: 15988083 ns
[2025-09-01T02:15:41.429+0000][175][info ][gc,marking  ] GC(22) Concurrent Mark 66.994ms
[2025-09-01T02:15:41.429+0000][175][info ][gc,marking  ] GC(22) Concurrent Rebuild Remembered Sets and Scrub Regions
[2025-09-01T02:15:41.449+0000][175][info ][gc,marking  ] GC(22) Concurrent Rebuild Remembered Sets and Scrub Regions 20.208ms
[2025-09-01T02:15:41.449+0000][175][info ][gc,start    ] GC(22) Pause Cleanup
[2025-09-01T02:15:41.449+0000][175][info ][gc          ] GC(22) Pause Cleanup 165M->165M(1024M) 0.148ms
[2025-09-01T02:15:41.449+0000][175][info ][gc,cpu      ] GC(22) User=0.00s Sys=0.00s Real=0.00s
[2025-09-01T02:15:41.449+0000][175][info ][safepoint   ] Safepoint "G1PauseCleanup", Time since last: 20413667 ns, Reaching safepoint: 7958 ns, Cleanup: 54500 ns, At safepoint: 245584 ns, Total: 308042 ns
[2025-09-01T02:15:41.450+0000][175][info ][gc,marking  ] GC(22) Concurrent Clear Claimed Marks
[2025-09-01T02:15:41.450+0000][175][info ][gc,marking  ] GC(22) Concurrent Clear Claimed Marks 0.222ms
[2025-09-01T02:15:41.450+0000][175][info ][gc,marking  ] GC(22) Concurrent Cleanup for Next Mark
[2025-09-01T02:15:41.454+0000][175][info ][gc,marking  ] GC(22) Concurrent Cleanup for Next Mark 4.601ms
[2025-09-01T02:15:41.454+0000][175][info ][gc          ] GC(22) Concurrent Mark Cycle 101.625ms
[2025-09-01T02:15:43.452+0000][175][info ][safepoint   ] Safepoint "Cleanup", Time since last: 2002538042 ns, Reaching safepoint: 78375 ns, Cleanup: 40459 ns, At safepoint: 20791 ns, Total: 139625 ns
[2025-09-01T02:15:44.455+0000][175][info ][safepoint   ] Safepoint "Cleanup", Time since last: 1002195543 ns, Reaching safepoint: 67416 ns, Cleanup: 104750 ns, At safepoint: 21667 ns, Total: 193833 ns
[2025-09-01T02:15:45.456+0000][175][info ][safepoint   ] Safepoint "Cleanup", Time since last: 1001348250 ns, Reaching safepoint: 71584 ns, Cleanup: 30500 ns, At safepoint: 20916 ns, Total: 123000 ns
[2025-09-01T02:15:47.458+0000][175][info ][safepoint   ] Safepoint "Cleanup", Time since last: 2001633543 ns, Reaching safepoint: 137333 ns, Cleanup: 65709 ns, At safepoint: 31041 ns, Total: 234083 ns
[2025-09-01T02:15:49.460+0000][175][info ][safepoint   ] Safepoint "Cleanup", Time since last: 2002277751 ns, Reaching safepoint: 41584 ns, Cleanup: 29708 ns, At safepoint: 13750 ns, Total: 85042 ns
[2025-09-01T02:15:50.463+0000][175][info ][safepoint   ] Safepoint "Cleanup", Time since last: 1002350709 ns, Reaching safepoint: 68958 ns, Cleanup: 135875 ns, At safepoint: 17875 ns, Total: 222708 ns
[2025-09-01T02:15:51.464+0000][175][info ][safepoint   ] Safepoint "Cleanup", Time since last: 1001497792 ns, Reaching safepoint: 81084 ns, Cleanup: 32666 ns, At safepoint: 25167 ns, Total: 138917 ns
[2025-09-01T02:15:58.401+0000][175][info ][safepoint   ] Safepoint "Cleanup", Time since last: 6936511212 ns, Reaching safepoint: 82083 ns, Cleanup: 61208 ns, At safepoint: 15334 ns, Total: 158625 ns
[2025-09-01T02:15:59.403+0000][175][info ][safepoint   ] Safepoint "Cleanup", Time since last: 1001492542 ns, Reaching safepoint: 72208 ns, Cleanup: 31792 ns, At safepoint: 17208 ns, Total: 121208 ns
[2025-09-01T02:16:01.408+0000][175][info ][safepoint   ] Safepoint "Cleanup", Time since last: 2005417709 ns, Reaching safepoint: 42750 ns, Cleanup: 11709 ns, At safepoint: 11625 ns, Total: 66084 ns
[2025-09-01T02:16:02.410+0000][175][info ][safepoint   ] Safepoint "Cleanup", Time since last: 1001512625 ns, Reaching safepoint: 56542 ns, Cleanup: 32000 ns, At safepoint: 11333 ns, Total: 99875 ns
[2025-09-01T02:16:03.411+0000][175][info ][safepoint   ] Safepoint "Cleanup", Time since last: 1000871542 ns, Reaching safepoint: 55334 ns, Cleanup: 35458 ns, At safepoint: 11917 ns, Total: 102709 ns
[2025-09-01T02:16:05.413+0000][175][info ][safepoint   ] Safepoint "Cleanup", Time since last: 2001800375 ns, Reaching safepoint: 58625 ns, Cleanup: 34958 ns, At safepoint: 9834 ns, Total: 103417 ns
[2025-09-01T02:16:06.414+0000][175][info ][safepoint   ] Safepoint "Cleanup", Time since last: 1001277792 ns, Reaching safepoint: 9916 ns, Cleanup: 6292 ns, At safepoint: 3792 ns, Total: 20000 ns
[2025-09-01T02:16:07.415+0000][175][info ][safepoint   ] Safepoint "Cleanup", Time since last: 1000570042 ns, Reaching safepoint: 79583 ns, Cleanup: 38250 ns, At safepoint: 15500 ns, Total: 133333 ns
[2025-09-01T02:16:08.416+0000][175][info ][safepoint   ] Safepoint "Cleanup", Time since last: 1001014959 ns, Reaching safepoint: 61958 ns, Cleanup: 84292 ns, At safepoint: 20708 ns, Total: 166958 ns
[2025-09-01T02:16:10.419+0000][175][info ][safepoint   ] Safepoint "Cleanup", Time since last: 2002630335 ns, Reaching safepoint: 24541 ns, Cleanup: 53209 ns, At safepoint: 9916 ns, Total: 87666 ns
[2025-09-01T02:16:11.420+0000][175][info ][safepoint   ] Safepoint "Cleanup", Time since last: 1000954959 ns, Reaching safepoint: 12333 ns, Cleanup: 16542 ns, At safepoint: 8250 ns, Total: 37125 ns
[2025-09-01T02:16:13.422+0000][175][info ][safepoint   ] Safepoint "Cleanup", Time since last: 2002033459 ns, Reaching safepoint: 77042 ns, Cleanup: 48750 ns, At safepoint: 17375 ns, Total: 143167 ns
[2025-09-01T02:16:14.423+0000][175][info ][safepoint   ] Safepoint "Cleanup", Time since last: 1000845501 ns, Reaching safepoint: 97000 ns, Cleanup: 82750 ns, At safepoint: 18958 ns, Total: 198708 ns
[2025-09-01T02:16:15.425+0000][175][info ][safepoint   ] Safepoint "Cleanup", Time since last: 1001567500 ns, Reaching safepoint: 121875 ns, Cleanup: 43542 ns, At safepoint: 22792 ns, Total: 188209 ns
[2025-09-01T02:16:17.428+0000][175][info ][safepoint   ] Safepoint "Cleanup", Time since last: 2003284209 ns, Reaching safepoint: 88000 ns, Cleanup: 36333 ns, At safepoint: 16500 ns, Total: 140833 ns
[2025-09-01T02:16:19.431+0000][175][info ][safepoint   ] Safepoint "Cleanup", Time since last: 2002629335 ns, Reaching safepoint: 75125 ns, Cleanup: 40666 ns, At safepoint: 24375 ns, Total: 140166 ns
[2025-09-01T02:16:21.218+0000][175][info ][safepoint   ] Safepoint "Cleanup", Time since last: 1786600709 ns, Reaching safepoint: 16959 ns, Cleanup: 313791 ns, At safepoint: 26709 ns, Total: 357459 ns
[2025-09-01T02:16:23.289+0000][175][info ][safepoint   ] Safepoint "Cleanup", Time since last: 2071109542 ns, Reaching safepoint: 4334 ns, Cleanup: 11625 ns, At safepoint: 6583 ns, Total: 22542 ns
[2025-09-01T02:16:25.275+0000][175][info ][safepoint   ] Safepoint "Cleanup", Time since last: 1986440501 ns, Reaching safepoint: 53833 ns, Cleanup: 83042 ns, At safepoint: 14708 ns, Total: 151583 ns
[2025-09-01T02:16:26.278+0000][175][info ][safepoint   ] Safepoint "Cleanup", Time since last: 1002353001 ns, Reaching safepoint: 13875 ns, Cleanup: 34917 ns, At safepoint: 7333 ns, Total: 56125 ns
[2025-09-01T02:16:29.280+0000][175][info ][safepoint   ] Safepoint "Cleanup", Time since last: 3001720043 ns, Reaching safepoint: 20042 ns, Cleanup: 18416 ns, At safepoint: 12417 ns, Total: 50875 ns
[2025-09-01T02:16:30.280+0000][175][info ][safepoint   ] Safepoint "Cleanup", Time since last: 1000461042 ns, Reaching safepoint: 81167 ns, Cleanup: 33333 ns, At safepoint: 22708 ns, Total: 137208 ns
[2025-09-01T02:16:32.283+0000][175][info ][safepoint   ] Safepoint "Cleanup", Time since last: 2002580710 ns, Reaching safepoint: 35916 ns, Cleanup: 6792 ns, At safepoint: 7750 ns, Total: 50458 ns
[2025-09-01T02:16:34.285+0000][175][info ][safepoint   ] Safepoint "Cleanup", Time since last: 2002119251 ns, Reaching safepoint: 72292 ns, Cleanup: 58875 ns, At safepoint: 11500 ns, Total: 142667 ns
[2025-09-01T02:16:35.287+0000][175][info ][safepoint   ] Safepoint "Cleanup", Time since last: 1001758541 ns, Reaching safepoint: 19334 ns, Cleanup: 30708 ns, At safepoint: 10833 ns, Total: 60875 ns
[2025-09-01T02:16:38.290+0000][175][info ][safepoint   ] Safepoint "Cleanup", Time since last: 3002671210 ns, Reaching safepoint: 19667 ns, Cleanup: 17666 ns, At safepoint: 8625 ns, Total: 45958 ns
[2025-09-01T02:16:39.292+0000][175][info ][safepoint   ] Safepoint "Cleanup", Time since last: 1001314459 ns, Reaching safepoint: 622750 ns, Cleanup: 18875 ns, At safepoint: 15917 ns, Total: 657542 ns
[2025-09-01T02:16:40.293+0000][175][info ][safepoint   ] Safepoint "Cleanup", Time since last: 1001157959 ns, Reaching safepoint: 66250 ns, Cleanup: 32833 ns, At safepoint: 13417 ns, Total: 112500 ns
[2025-09-01T02:16:41.294+0000][175][info ][safepoint   ] Safepoint "Cleanup", Time since last: 1001040083 ns, Reaching safepoint: 18667 ns, Cleanup: 11667 ns, At safepoint: 9708 ns, Total: 40042 ns
[2025-09-01T02:16:45.299+0000][175][info ][safepoint   ] Safepoint "Cleanup", Time since last: 4005277252 ns, Reaching safepoint: 13792 ns, Cleanup: 13916 ns, At safepoint: 5917 ns, Total: 33625 ns
[2025-09-01T02:16:46.300+0000][175][info ][safepoint   ] Safepoint "Cleanup", Time since last: 1000655334 ns, Reaching safepoint: 23541 ns, Cleanup: 16959 ns, At safepoint: 6666 ns, Total: 47166 ns
[2025-09-01T02:16:47.301+0000][175][info ][safepoint   ] Safepoint "Cleanup", Time since last: 1000526834 ns, Reaching safepoint: 11459 ns, Cleanup: 25791 ns, At safepoint: 6250 ns, Total: 43500 ns
[2025-09-01T02:16:48.302+0000][175][info ][safepoint   ] Safepoint "Cleanup", Time since last: 1001140626 ns, Reaching safepoint: 66750 ns, Cleanup: 155375 ns, At safepoint: 29375 ns, Total: 251500 ns
[2025-09-01T02:16:50.305+0000][175][info ][safepoint   ] Safepoint "Cleanup", Time since last: 2002597459 ns, Reaching safepoint: 18333 ns, Cleanup: 19959 ns, At safepoint: 9000 ns, Total: 47292 ns
[2025-09-01T02:16:53.408+0000][175][info ][safepoint   ] Safepoint "Cleanup", Time since last: 3103172960 ns, Reaching safepoint: 14541 ns, Cleanup: 13334 ns, At safepoint: 6375 ns, Total: 34250 ns
[2025-09-01T02:16:55.410+0000][175][info ][safepoint   ] Safepoint "Cleanup", Time since last: 2001763084 ns, Reaching safepoint: 53541 ns, Cleanup: 80750 ns, At safepoint: 23959 ns, Total: 158250 ns
[2025-09-01T02:17:00.415+0000][175][info ][safepoint   ] Safepoint "Cleanup", Time since last: 5005558669 ns, Reaching safepoint: 81833 ns, Cleanup: 37125 ns, At safepoint: 11750 ns, Total: 130708 ns
[2025-09-01T02:17:02.419+0000][175][info ][safepoint   ] Safepoint "Cleanup", Time since last: 2003469209 ns, Reaching safepoint: 156042 ns, Cleanup: 48792 ns, At safepoint: 17666 ns, Total: 222500 ns
[2025-09-01T02:17:03.421+0000][175][info ][safepoint   ] Safepoint "Cleanup", Time since last: 1002039084 ns, Reaching safepoint: 72750 ns, Cleanup: 43084 ns, At safepoint: 14750 ns, Total: 130584 ns
[2025-09-01T02:17:05.423+0000][175][info ][safepoint   ] Safepoint "Cleanup", Time since last: 2001528208 ns, Reaching safepoint: 14375 ns, Cleanup: 16042 ns, At safepoint: 6000 ns, Total: 36417 ns
[2025-09-01T02:17:07.425+0000][175][info ][safepoint   ] Safepoint "Cleanup", Time since last: 2002056501 ns, Reaching safepoint: 85833 ns, Cleanup: 52208 ns, At safepoint: 15084 ns, Total: 153125 ns
[2025-09-01T02:17:08.427+0000][175][info ][safepoint   ] Safepoint "Cleanup", Time since last: 1001618375 ns, Reaching safepoint: 46292 ns, Cleanup: 126375 ns, At safepoint: 26375 ns, Total: 199042 ns
[2025-09-01T02:17:09.428+0000][175][info ][safepoint   ] Safepoint "Cleanup", Time since last: 1000692375 ns, Reaching safepoint: 29000 ns, Cleanup: 25375 ns, At safepoint: 12500 ns, Total: 66875 ns
[2025-09-01T02:17:10.429+0000][175][info ][safepoint   ] Safepoint "Cleanup", Time since last: 1001461959 ns, Reaching safepoint: 66292 ns, Cleanup: 53333 ns, At safepoint: 13792 ns, Total: 133417 ns
[2025-09-01T02:17:14.432+0000][175][info ][safepoint   ] Safepoint "Cleanup", Time since last: 4002913877 ns, Reaching safepoint: 75958 ns, Cleanup: 36375 ns, At safepoint: 14042 ns, Total: 126375 ns
[2025-09-01T02:17:15.434+0000][175][info ][safepoint   ] Safepoint "Cleanup", Time since last: 1001411542 ns, Reaching safepoint: 65041 ns, Cleanup: 40334 ns, At safepoint: 16083 ns, Total: 121458 ns
[2025-09-01T02:17:19.438+0000][175][info ][safepoint   ] Safepoint "Cleanup", Time since last: 4003813085 ns, Reaching safepoint: 72125 ns, Cleanup: 51000 ns, At safepoint: 33917 ns, Total: 157042 ns
[2025-09-01T02:17:23.315+0000][175][info ][safepoint   ] Safepoint "Cleanup", Time since last: 3877252793 ns, Reaching safepoint: 6584 ns, Cleanup: 9666 ns, At safepoint: 5542 ns, Total: 21792 ns
[2025-09-01T02:17:24.421+0000][175][info ][safepoint   ] Safepoint "Cleanup", Time since last: 1105547542 ns, Reaching safepoint: 199209 ns, Cleanup: 293583 ns, At safepoint: 29458 ns, Total: 522250 ns
[2025-09-01T02:17:25.459+0000][175][info ][safepoint   ] Safepoint "Cleanup", Time since last: 1037174209 ns, Reaching safepoint: 223167 ns, Cleanup: 71458 ns, At safepoint: 21125 ns, Total: 315750 ns
[2025-09-01T02:17:26.479+0000][175][info ][safepoint   ] Safepoint "Cleanup", Time since last: 1020275042 ns, Reaching safepoint: 3750 ns, Cleanup: 10584 ns, At safepoint: 5708 ns, Total: 20042 ns
[2025-09-01T02:17:29.494+0000][175][info ][safepoint   ] Safepoint "Cleanup", Time since last: 3014994710 ns, Reaching safepoint: 54250 ns, Cleanup: 42875 ns, At safepoint: 14416 ns, Total: 111541 ns
[2025-09-01T02:17:30.496+0000][175][info ][safepoint   ] Safepoint "Cleanup", Time since last: 1002149418 ns, Reaching safepoint: 68875 ns, Cleanup: 30625 ns, At safepoint: 20625 ns, Total: 120125 ns
[2025-09-01T02:17:35.502+0000][175][info ][safepoint   ] Safepoint "Cleanup", Time since last: 5005438709 ns, Reaching safepoint: 76250 ns, Cleanup: 122084 ns, At safepoint: 31958 ns, Total: 230292 ns
[2025-09-01T02:17:38.506+0000][175][info ][safepoint   ] Safepoint "Cleanup", Time since last: 3003684835 ns, Reaching safepoint: 85250 ns, Cleanup: 90916 ns, At safepoint: 21084 ns, Total: 197250 ns
[2025-09-01T02:17:39.508+0000][175][info ][safepoint   ] Safepoint "Cleanup", Time since last: 1001750792 ns, Reaching safepoint: 55667 ns, Cleanup: 33291 ns, At safepoint: 10500 ns, Total: 99458 ns
[2025-09-01T02:17:40.509+0000][175][info ][safepoint   ] Safepoint "Cleanup", Time since last: 1000905917 ns, Reaching safepoint: 84459 ns, Cleanup: 65000 ns, At safepoint: 22708 ns, Total: 172167 ns
[2025-09-01T02:17:44.517+0000][175][info ][safepoint   ] Safepoint "Cleanup", Time since last: 4007501877 ns, Reaching safepoint: 83583 ns, Cleanup: 35417 ns, At safepoint: 13750 ns, Total: 132750 ns
[2025-09-01T02:17:45.519+0000][175][info ][safepoint   ] Safepoint "Cleanup", Time since last: 1002006917 ns, Reaching safepoint: 123167 ns, Cleanup: 50083 ns, At safepoint: 20542 ns, Total: 193792 ns
[2025-09-01T02:17:49.522+0000][175][info ][safepoint   ] Safepoint "Cleanup", Time since last: 4003538085 ns, Reaching safepoint: 70583 ns, Cleanup: 47792 ns, At safepoint: 20625 ns, Total: 139000 ns
[2025-09-01T02:17:53.606+0000][175][info ][safepoint   ] Safepoint "Cleanup", Time since last: 4083427460 ns, Reaching safepoint: 67584 ns, Cleanup: 49875 ns, At safepoint: 17083 ns, Total: 134542 ns
[2025-09-01T02:17:55.608+0000][175][info ][safepoint   ] Safepoint "Cleanup", Time since last: 2001982584 ns, Reaching safepoint: 61792 ns, Cleanup: 33750 ns, At safepoint: 17167 ns, Total: 112709 ns
[2025-09-01T02:17:59.613+0000][175][info ][safepoint   ] Safepoint "Cleanup", Time since last: 4005092001 ns, Reaching safepoint: 49209 ns, Cleanup: 32625 ns, At safepoint: 12791 ns, Total: 94625 ns
[2025-09-01T02:18:00.615+0000][175][info ][safepoint   ] Safepoint "Cleanup", Time since last: 1001737626 ns, Reaching safepoint: 133208 ns, Cleanup: 101167 ns, At safepoint: 27542 ns, Total: 261917 ns
[2025-09-01T02:18:05.621+0000][175][info ][safepoint   ] Safepoint "Cleanup", Time since last: 5005658585 ns, Reaching safepoint: 93833 ns, Cleanup: 46833 ns, At safepoint: 28042 ns, Total: 168708 ns
[2025-09-01T02:18:07.624+0000][175][info ][safepoint   ] Safepoint "Cleanup", Time since last: 2002911376 ns, Reaching safepoint: 41042 ns, Cleanup: 37291 ns, At safepoint: 9834 ns, Total: 88167 ns
[2025-09-01T02:18:08.625+0000][175][info ][safepoint   ] Safepoint "Cleanup", Time since last: 1000718083 ns, Reaching safepoint: 150667 ns, Cleanup: 48917 ns, At safepoint: 18333 ns, Total: 217917 ns
[2025-09-01T02:18:10.628+0000][175][info ][safepoint   ] Safepoint "Cleanup", Time since last: 2002808709 ns, Reaching safepoint: 72375 ns, Cleanup: 46542 ns, At safepoint: 16250 ns, Total: 135167 ns
[2025-09-01T02:18:15.633+0000][175][info ][safepoint   ] Safepoint "Cleanup", Time since last: 5005213461 ns, Reaching safepoint: 66208 ns, Cleanup: 51000 ns, At safepoint: 18167 ns, Total: 135375 ns
[2025-09-01T02:18:17.636+0000][175][info ][safepoint   ] Safepoint "Cleanup", Time since last: 2002503626 ns, Reaching safepoint: 40625 ns, Cleanup: 30208 ns, At safepoint: 12500 ns, Total: 83333 ns
[2025-09-01T02:18:19.639+0000][175][info ][safepoint   ] Safepoint "Cleanup", Time since last: 2003419334 ns, Reaching safepoint: 111167 ns, Cleanup: 54583 ns, At safepoint: 27959 ns, Total: 193709 ns
[2025-09-01T02:18:20.641+0000][175][info ][safepoint   ] Safepoint "Cleanup", Time since last: 1000907625 ns, Reaching safepoint: 63584 ns, Cleanup: 62458 ns, At safepoint: 122000 ns, Total: 248042 ns
[2025-09-01T02:18:23.644+0000][175][info ][safepoint   ] Safepoint "Cleanup", Time since last: 3003363501 ns, Reaching safepoint: 62459 ns, Cleanup: 40500 ns, At safepoint: 21208 ns, Total: 124167 ns
[2025-09-01T02:18:25.648+0000][175][info ][safepoint   ] Safepoint "Cleanup", Time since last: 2003558918 ns, Reaching safepoint: 72666 ns, Cleanup: 171292 ns, At safepoint: 46000 ns, Total: 289958 ns
[2025-09-01T02:18:26.664+0000][175][info ][safepoint   ] Safepoint "Cleanup", Time since last: 1016115000 ns, Reaching safepoint: 16209 ns, Cleanup: 164083 ns, At safepoint: 18458 ns, Total: 198750 ns
[2025-09-01T02:18:27.702+0000][175][info ][safepoint   ] Safepoint "Cleanup", Time since last: 1037362709 ns, Reaching safepoint: 40417 ns, Cleanup: 11583 ns, At safepoint: 19542 ns, Total: 71542 ns
[2025-09-01T02:18:28.703+0000][175][info ][safepoint   ] Safepoint "Cleanup", Time since last: 1001186125 ns, Reaching safepoint: 47917 ns, Cleanup: 31417 ns, At safepoint: 16583 ns, Total: 95917 ns
[2025-09-01T02:18:29.725+0000][175][info ][safepoint   ] Safepoint "Cleanup", Time since last: 1021126251 ns, Reaching safepoint: 581458 ns, Cleanup: 61792 ns, At safepoint: 15750 ns, Total: 659000 ns
[2025-09-01T02:18:30.748+0000][175][info ][safepoint   ] Safepoint "Cleanup", Time since last: 1023030583 ns, Reaching safepoint: 106209 ns, Cleanup: 69500 ns, At safepoint: 18500 ns, Total: 194209 ns
[2025-09-01T02:18:32.750+0000][175][info ][safepoint   ] Safepoint "Cleanup", Time since last: 2002050501 ns, Reaching safepoint: 13541 ns, Cleanup: 11959 ns, At safepoint: 6083 ns, Total: 31583 ns
[2025-09-01T02:18:35.753+0000][175][info ][safepoint   ] Safepoint "Cleanup", Time since last: 3002672126 ns, Reaching safepoint: 61833 ns, Cleanup: 31583 ns, At safepoint: 20334 ns, Total: 113750 ns
[2025-09-01T02:18:37.756+0000][175][info ][safepoint   ] Safepoint "Cleanup", Time since last: 2003601792 ns, Reaching safepoint: 76292 ns, Cleanup: 73750 ns, At safepoint: 22083 ns, Total: 172125 ns
[2025-09-01T02:18:40.760+0000][175][info ][safepoint   ] Safepoint "Cleanup", Time since last: 3003642127 ns, Reaching safepoint: 134666 ns, Cleanup: 50417 ns, At safepoint: 22167 ns, Total: 207250 ns
[2025-09-01T02:18:42.764+0000][175][info ][safepoint   ] Safepoint "Cleanup", Time since last: 2003876959 ns, Reaching safepoint: 18917 ns, Cleanup: 17625 ns, At safepoint: 7208 ns, Total: 43750 ns
[2025-09-01T02:18:44.766+0000][175][info ][safepoint   ] Safepoint "Cleanup", Time since last: 2001638043 ns, Reaching safepoint: 65541 ns, Cleanup: 33417 ns, At safepoint: 12583 ns, Total: 111541 ns
[2025-09-01T02:18:45.768+0000][175][info ][safepoint   ] Safepoint "Cleanup", Time since last: 1002381668 ns, Reaching safepoint: 119708 ns, Cleanup: 45875 ns, At safepoint: 26750 ns, Total: 192333 ns
[2025-09-01T02:18:47.771+0000][175][info ][safepoint   ] Safepoint "Cleanup", Time since last: 2002040876 ns, Reaching safepoint: 66166 ns, Cleanup: 44250 ns, At safepoint: 16542 ns, Total: 126958 ns
[2025-09-01T02:18:48.772+0000][175][info ][safepoint   ] Safepoint "Cleanup", Time since last: 1001225584 ns, Reaching safepoint: 62833 ns, Cleanup: 35209 ns, At safepoint: 14708 ns, Total: 112750 ns
[2025-09-01T02:18:50.775+0000][175][info ][safepoint   ] Safepoint "Cleanup", Time since last: 2003107251 ns, Reaching safepoint: 98042 ns, Cleanup: 60208 ns, At safepoint: 39583 ns, Total: 197833 ns
[2025-09-01T02:18:51.777+0000][175][info ][safepoint   ] Safepoint "Cleanup", Time since last: 1001569334 ns, Reaching safepoint: 93625 ns, Cleanup: 66167 ns, At safepoint: 24583 ns, Total: 184375 ns
[2025-09-01T02:18:52.779+0000][175][info ][safepoint   ] Safepoint "Cleanup", Time since last: 1002429459 ns, Reaching safepoint: 17042 ns, Cleanup: 14291 ns, At safepoint: 8667 ns, Total: 40000 ns
[2025-09-01T02:18:55.798+0000][175][info ][safepoint   ] Safepoint "Cleanup", Time since last: 3017912751 ns, Reaching safepoint: 78000 ns, Cleanup: 79042 ns, At safepoint: 21375 ns, Total: 178417 ns
[2025-09-01T02:18:57.801+0000][175][info ][safepoint   ] Safepoint "Cleanup", Time since last: 2002853501 ns, Reaching safepoint: 76333 ns, Cleanup: 54459 ns, At safepoint: 17041 ns, Total: 147833 ns
[2025-09-01T02:19:00.804+0000][175][info ][safepoint   ] Safepoint "Cleanup", Time since last: 3002919793 ns, Reaching safepoint: 52125 ns, Cleanup: 25000 ns, At safepoint: 15334 ns, Total: 92459 ns
[2025-09-01T02:19:02.805+0000][175][info ][safepoint   ] Safepoint "Cleanup", Time since last: 2001785751 ns, Reaching safepoint: 16375 ns, Cleanup: 18166 ns, At safepoint: 10917 ns, Total: 45458 ns
[2025-09-01T02:19:03.807+0000][175][info ][safepoint   ] Safepoint "Cleanup", Time since last: 1001261875 ns, Reaching safepoint: 63375 ns, Cleanup: 40792 ns, At safepoint: 14875 ns, Total: 119042 ns
[2025-09-01T02:19:04.809+0000][175][info ][safepoint   ] Safepoint "Cleanup", Time since last: 1001911125 ns, Reaching safepoint: 87708 ns, Cleanup: 57917 ns, At safepoint: 24000 ns, Total: 169625 ns
[2025-09-01T02:19:05.811+0000][175][info ][safepoint   ] Safepoint "Cleanup", Time since last: 1002134625 ns, Reaching safepoint: 123250 ns, Cleanup: 47625 ns, At safepoint: 20917 ns, Total: 191792 ns
[2025-09-01T02:19:06.814+0000][175][info ][safepoint   ] Safepoint "Cleanup", Time since last: 1001937584 ns, Reaching safepoint: 73958 ns, Cleanup: 121750 ns, At safepoint: 32667 ns, Total: 228375 ns
[2025-09-01T02:19:07.815+0000][175][info ][safepoint   ] Safepoint "Cleanup", Time since last: 1001311208 ns, Reaching safepoint: 34334 ns, Cleanup: 35583 ns, At safepoint: 6333 ns, Total: 76250 ns
[2025-09-01T02:19:09.818+0000][175][info ][safepoint   ] Safepoint "Cleanup", Time since last: 2002414668 ns, Reaching safepoint: 73583 ns, Cleanup: 82542 ns, At safepoint: 71292 ns, Total: 227417 ns
[2025-09-01T02:19:10.819+0000][175][info ][safepoint   ] Safepoint "Cleanup", Time since last: 1001064417 ns, Reaching safepoint: 81291 ns, Cleanup: 72875 ns, At safepoint: 12625 ns, Total: 166791 ns
[2025-09-01T02:19:11.820+0000][175][info ][safepoint   ] Safepoint "Cleanup", Time since last: 1001131126 ns, Reaching safepoint: 77292 ns, Cleanup: 43458 ns, At safepoint: 13708 ns, Total: 134458 ns
[2025-09-01T02:19:15.831+0000][175][info ][safepoint   ] Safepoint "Cleanup", Time since last: 4010626252 ns, Reaching safepoint: 70125 ns, Cleanup: 73125 ns, At safepoint: 19834 ns, Total: 163084 ns
[2025-09-01T02:19:17.833+0000][175][info ][safepoint   ] Safepoint "Cleanup", Time since last: 2002206209 ns, Reaching safepoint: 72292 ns, Cleanup: 41458 ns, At safepoint: 17292 ns, Total: 131042 ns
[2025-09-01T02:19:18.834+0000][175][info ][safepoint   ] Safepoint "Cleanup", Time since last: 1000847875 ns, Reaching safepoint: 66750 ns, Cleanup: 52042 ns, At safepoint: 18041 ns, Total: 136833 ns
[2025-09-01T02:19:23.841+0000][175][info ][safepoint   ] Safepoint "Cleanup", Time since last: 5006490544 ns, Reaching safepoint: 65625 ns, Cleanup: 37959 ns, At safepoint: 17000 ns, Total: 120584 ns
[2025-09-01T02:19:26.845+0000][175][info ][safepoint   ] Safepoint "Cleanup", Time since last: 3003843126 ns, Reaching safepoint: 72375 ns, Cleanup: 39542 ns, At safepoint: 15083 ns, Total: 127000 ns
[2025-09-01T02:19:29.342+0000][175][info ][safepoint   ] Safepoint "Cleanup", Time since last: 2497378668 ns, Reaching safepoint: 4792 ns, Cleanup: 13958 ns, At safepoint: 1958 ns, Total: 20708 ns
[2025-09-01T02:19:30.960+0000][175][info ][safepoint   ] Safepoint "Cleanup", Time since last: 1616900001 ns, Reaching safepoint: 497458 ns, Cleanup: 52542 ns, At safepoint: 16667 ns, Total: 566667 ns
[2025-09-01T02:19:32.331+0000][175][info ][safepoint   ] Safepoint "Cleanup", Time since last: 1371598334 ns, Reaching safepoint: 5791 ns, Cleanup: 7084 ns, At safepoint: 2666 ns, Total: 15541 ns
[2025-09-01T02:19:34.002+0000][175][info ][safepoint   ] Safepoint "Cleanup", Time since last: 1670756876 ns, Reaching safepoint: 64625 ns, Cleanup: 161709 ns, At safepoint: 53041 ns, Total: 279375 ns
[2025-09-01T02:19:36.005+0000][175][info ][safepoint   ] Safepoint "Cleanup", Time since last: 2002808459 ns, Reaching safepoint: 66958 ns, Cleanup: 47625 ns, At safepoint: 14167 ns, Total: 128750 ns
[2025-09-01T02:19:39.009+0000][175][info ][safepoint   ] Safepoint "Cleanup", Time since last: 3003474918 ns, Reaching safepoint: 147042 ns, Cleanup: 55666 ns, At safepoint: 17334 ns, Total: 220042 ns
[2025-09-01T02:19:46.017+0000][175][info ][safepoint   ] Safepoint "Cleanup", Time since last: 7008419045 ns, Reaching safepoint: 209750 ns, Cleanup: 49416 ns, At safepoint: 21042 ns, Total: 280208 ns
[2025-09-01T02:19:48.020+0000][175][info ][safepoint   ] Safepoint "Cleanup", Time since last: 2002530043 ns, Reaching safepoint: 74875 ns, Cleanup: 88250 ns, At safepoint: 24333 ns, Total: 187458 ns
[2025-09-01T02:19:51.024+0000][175][info ][safepoint   ] Safepoint "Cleanup", Time since last: 3003265168 ns, Reaching safepoint: 86000 ns, Cleanup: 53333 ns, At safepoint: 16084 ns, Total: 155417 ns
[2025-09-01T02:19:53.849+0000][175][info ][safepoint   ] Safepoint "Cleanup", Time since last: 2825149501 ns, Reaching safepoint: 82333 ns, Cleanup: 58000 ns, At safepoint: 20709 ns, Total: 161042 ns
[2025-09-01T02:19:55.852+0000][175][info ][safepoint   ] Safepoint "Cleanup", Time since last: 2002682001 ns, Reaching safepoint: 78500 ns, Cleanup: 59500 ns, At safepoint: 21041 ns, Total: 159041 ns
[2025-09-01T02:19:56.854+0000][175][info ][safepoint   ] Safepoint "Cleanup", Time since last: 1002591709 ns, Reaching safepoint: 70833 ns, Cleanup: 45625 ns, At safepoint: 20709 ns, Total: 137167 ns
[2025-09-01T02:20:00.859+0000][175][info ][safepoint   ] Safepoint "Cleanup", Time since last: 4004590960 ns, Reaching safepoint: 86083 ns, Cleanup: 61375 ns, At safepoint: 16542 ns, Total: 164000 ns
[2025-09-01T02:20:03.863+0000][175][info ][safepoint   ] Safepoint "Cleanup", Time since last: 3003640793 ns, Reaching safepoint: 60708 ns, Cleanup: 178209 ns, At safepoint: 22083 ns, Total: 261000 ns
[2025-09-01T02:20:05.866+0000][175][info ][safepoint   ] Safepoint "Cleanup", Time since last: 2002382917 ns, Reaching safepoint: 69000 ns, Cleanup: 56125 ns, At safepoint: 21417 ns, Total: 146542 ns
[2025-09-01T02:20:06.867+0000][175][info ][safepoint   ] Safepoint "Cleanup", Time since last: 1001396709 ns, Reaching safepoint: 81875 ns, Cleanup: 64083 ns, At safepoint: 139958 ns, Total: 285916 ns
[2025-09-01T02:20:07.869+0000][175][info ][safepoint   ] Safepoint "Cleanup", Time since last: 1001584042 ns, Reaching safepoint: 70125 ns, Cleanup: 47584 ns, At safepoint: 20833 ns, Total: 138542 ns
[2025-09-01T02:20:09.119+0000][175][info ][safepoint   ] Safepoint "Cleanup", Time since last: 1249826834 ns, Reaching safepoint: 13292 ns, Cleanup: 100541 ns, At safepoint: 18167 ns, Total: 132000 ns
[2025-09-01T02:20:10.156+0000][175][info ][safepoint   ] Safepoint "Cleanup", Time since last: 1036420751 ns, Reaching safepoint: 53791 ns, Cleanup: 25000 ns, At safepoint: 21709 ns, Total: 100500 ns
[2025-09-01T02:20:11.157+0000][175][info ][safepoint   ] Safepoint "Cleanup", Time since last: 1000703042 ns, Reaching safepoint: 144000 ns, Cleanup: 93416 ns, At safepoint: 23334 ns, Total: 260750 ns
[2025-09-01T02:20:12.159+0000][175][info ][safepoint   ] Safepoint "Cleanup", Time since last: 1001978375 ns, Reaching safepoint: 48250 ns, Cleanup: 49292 ns, At safepoint: 19375 ns, Total: 116917 ns
[2025-09-01T02:20:15.163+0000][175][info ][safepoint   ] Safepoint "Cleanup", Time since last: 3003898960 ns, Reaching safepoint: 17583 ns, Cleanup: 15250 ns, At safepoint: 8750 ns, Total: 41583 ns
[2025-09-01T02:20:16.242+0000][175][info ][safepoint   ] Safepoint "Cleanup", Time since last: 1079490750 ns, Reaching safepoint: 83000 ns, Cleanup: 129084 ns, At safepoint: 18416 ns, Total: 230500 ns
[2025-09-01T02:20:20.247+0000][175][info ][safepoint   ] Safepoint "Cleanup", Time since last: 4004289252 ns, Reaching safepoint: 51375 ns, Cleanup: 31875 ns, At safepoint: 20750 ns, Total: 104000 ns
[2025-09-01T02:20:27.255+0000][175][info ][safepoint   ] Safepoint "Cleanup", Time since last: 7007961337 ns, Reaching safepoint: 58500 ns, Cleanup: 32375 ns, At safepoint: 14208 ns, Total: 105083 ns
[2025-09-01T02:20:29.258+0000][175][info ][safepoint   ] Safepoint "Cleanup", Time since last: 2002906001 ns, Reaching safepoint: 87959 ns, Cleanup: 67916 ns, At safepoint: 17417 ns, Total: 173292 ns
[2025-09-01T02:20:30.260+0000][175][info ][safepoint   ] Safepoint "Cleanup", Time since last: 1002044000 ns, Reaching safepoint: 43125 ns, Cleanup: 68000 ns, At safepoint: 14084 ns, Total: 125209 ns
[2025-09-01T02:20:32.353+0000][175][info ][safepoint   ] Safepoint "Cleanup", Time since last: 2093279667 ns, Reaching safepoint: 5584 ns, Cleanup: 10291 ns, At safepoint: 6875 ns, Total: 22750 ns
[2025-09-01T02:20:34.263+0000][175][info ][safepoint   ] Safepoint "Cleanup", Time since last: 1909749210 ns, Reaching safepoint: 183875 ns, Cleanup: 136750 ns, At safepoint: 20041 ns, Total: 340666 ns
[2025-09-01T02:20:35.265+0000][175][info ][safepoint   ] Safepoint "Cleanup", Time since last: 1001200959 ns, Reaching safepoint: 71542 ns, Cleanup: 55916 ns, At safepoint: 12500 ns, Total: 139958 ns
[2025-09-01T02:20:36.292+0000][175][info ][safepoint   ] Safepoint "Cleanup", Time since last: 1026869001 ns, Reaching safepoint: 18125 ns, Cleanup: 34333 ns, At safepoint: 9292 ns, Total: 61750 ns
[2025-09-01T02:20:37.327+0000][175][info ][safepoint   ] Safepoint "Cleanup", Time since last: 1035208083 ns, Reaching safepoint: 91917 ns, Cleanup: 70625 ns, At safepoint: 86833 ns, Total: 249375 ns
[2025-09-01T02:20:40.331+0000][175][info ][safepoint   ] Safepoint "Cleanup", Time since last: 3003414919 ns, Reaching safepoint: 53708 ns, Cleanup: 44750 ns, At safepoint: 12500 ns, Total: 110958 ns
[2025-09-01T02:20:41.332+0000][175][info ][safepoint   ] Safepoint "Cleanup", Time since last: 1000836000 ns, Reaching safepoint: 49750 ns, Cleanup: 36042 ns, At safepoint: 10458 ns, Total: 96250 ns
[2025-09-01T02:20:43.335+0000][175][info ][safepoint   ] Safepoint "Cleanup", Time since last: 2002959001 ns, Reaching safepoint: 53209 ns, Cleanup: 54125 ns, At safepoint: 18958 ns, Total: 126292 ns
[2025-09-01T02:20:45.337+0000][175][info ][safepoint   ] Safepoint "Cleanup", Time since last: 2001737626 ns, Reaching safepoint: 16500 ns, Cleanup: 16458 ns, At safepoint: 5667 ns, Total: 38625 ns
[2025-09-01T02:20:50.347+0000][175][info ][safepoint   ] Safepoint "Cleanup", Time since last: 5010214086 ns, Reaching safepoint: 18916 ns, Cleanup: 48584 ns, At safepoint: 12041 ns, Total: 79541 ns
[2025-09-01T02:20:53.343+0000][175][info ][gc,start    ] GC(23) Pause Young (Prepare Mixed) (G1 Evacuation Pause)
[2025-09-01T02:20:53.343+0000][175][info ][gc,task     ] GC(23) Using 8 workers of 8 for evacuation
[2025-09-01T02:20:53.343+0000][175][debug][gc,age      ] GC(23) Desired survivor size 41943040 bytes, new threshold 5 (max threshold 15)
[2025-09-01T02:20:53.397+0000][175][info ][gc,phases   ] GC(23)   Pre Evacuate Collection Set: 0.57ms
[2025-09-01T02:20:53.397+0000][175][info ][gc,phases   ] GC(23)   Merge Heap Roots: 0.31ms
[2025-09-01T02:20:53.397+0000][175][info ][gc,phases   ] GC(23)   Evacuate Collection Set: 50.54ms
[2025-09-01T02:20:53.398+0000][175][info ][gc,phases   ] GC(23)   Post Evacuate Collection Set: 2.11ms
[2025-09-01T02:20:53.398+0000][175][info ][gc,phases   ] GC(23)   Other: 0.39ms
[2025-09-01T02:20:53.398+0000][175][trace][gc,age      ] GC(23) Age table with threshold 5 (max threshold 15)
[2025-09-01T02:20:53.398+0000][175][trace][gc,age      ] GC(23) - age   1:     833016 bytes,     833016 total
[2025-09-01T02:20:53.398+0000][175][trace][gc,age      ] GC(23) - age   2:    1886776 bytes,    2719792 total
[2025-09-01T02:20:53.398+0000][175][trace][gc,age      ] GC(23) - age   3:    1184552 bytes,    3904344 total
[2025-09-01T02:20:53.398+0000][175][trace][gc,age      ] GC(23) - age   4:    5121368 bytes,    9025712 total
[2025-09-01T02:20:53.398+0000][175][trace][gc,age      ] GC(23) - age   5:    9917672 bytes,   18943384 total
[2025-09-01T02:20:53.398+0000][175][info ][gc,heap     ] GC(23) Eden regions: 141->0(147)
[2025-09-01T02:20:53.398+0000][175][info ][gc,heap     ] GC(23) Survivor regions: 12->6(20)
[2025-09-01T02:20:53.398+0000][175][info ][gc,heap     ] GC(23) Old regions: 28->34
[2025-09-01T02:20:53.398+0000][175][info ][gc,heap     ] GC(23) Humongous regions: 2->2
[2025-09-01T02:20:53.398+0000][175][info ][gc,metaspace] GC(23) Metaspace: 160484K(164864K)->160484K(164864K) NonClass: 138304K(140736K)->138304K(140736K) Class: 22179K(24128K)->22179K(24128K)
[2025-09-01T02:20:53.398+0000][175][info ][gc          ] GC(23) Pause Young (Prepare Mixed) (G1 Evacuation Pause) 728M->164M(1024M) 54.974ms
[2025-09-01T02:20:53.398+0000][175][info ][gc,cpu      ] GC(23) User=0.40s Sys=0.00s Real=0.06s
[2025-09-01T02:20:53.400+0000][175][info ][safepoint   ] Safepoint "G1CollectForAllocation", Time since last: 2996030418 ns, Reaching safepoint: 14792 ns, Cleanup: 21333 ns, At safepoint: 56606042 ns, Total: 56642167 ns
[2025-09-01T02:21:02.413+0000][175][info ][safepoint   ] Safepoint "Cleanup", Time since last: 9013784921 ns, Reaching safepoint: 59583 ns, Cleanup: 37125 ns, At safepoint: 10792 ns, Total: 107500 ns
[2025-09-01T02:21:03.415+0000][175][info ][safepoint   ] Safepoint "Cleanup", Time since last: 1001256876 ns, Reaching safepoint: 87833 ns, Cleanup: 53042 ns, At safepoint: 21375 ns, Total: 162250 ns
[2025-09-01T02:21:06.418+0000][175][info ][safepoint   ] Safepoint "Cleanup", Time since last: 3002805167 ns, Reaching safepoint: 70459 ns, Cleanup: 45541 ns, At safepoint: 16375 ns, Total: 132375 ns
[2025-09-01T02:21:08.420+0000][175][info ][safepoint   ] Safepoint "Cleanup", Time since last: 2001772835 ns, Reaching safepoint: 64541 ns, Cleanup: 69792 ns, At safepoint: 45833 ns, Total: 180166 ns
[2025-09-01T02:21:20.432+0000][175][info ][safepoint   ] Safepoint "Cleanup", Time since last: 12012415131 ns, Reaching safepoint: 88625 ns, Cleanup: 68333 ns, At safepoint: 31000 ns, Total: 187958 ns
[2025-09-01T02:21:25.440+0000][175][info ][safepoint   ] Safepoint "Cleanup", Time since last: 5007479044 ns, Reaching safepoint: 198209 ns, Cleanup: 56500 ns, At safepoint: 24916 ns, Total: 279625 ns
[2025-09-01T02:21:35.353+0000][175][info ][safepoint   ] Safepoint "Cleanup", Time since last: 9912939338 ns, Reaching safepoint: 4042 ns, Cleanup: 25583 ns, At safepoint: 1959 ns, Total: 31584 ns
[2025-09-01T02:21:36.520+0000][175][info ][safepoint   ] Safepoint "Cleanup", Time since last: 1166718083 ns, Reaching safepoint: 72375 ns, Cleanup: 95459 ns, At safepoint: 17750 ns, Total: 185584 ns
[2025-09-01T02:21:38.366+0000][175][info ][safepoint   ] Safepoint "Cleanup", Time since last: 1846148709 ns, Reaching safepoint: 3667 ns, Cleanup: 11083 ns, At safepoint: 1958 ns, Total: 16708 ns
[2025-09-01T02:21:39.551+0000][175][info ][safepoint   ] Safepoint "Cleanup", Time since last: 1184415543 ns, Reaching safepoint: 12333 ns, Cleanup: 53500 ns, At safepoint: 9542 ns, Total: 75375 ns
[2025-09-01T02:21:45.557+0000][175][info ][safepoint   ] Safepoint "Cleanup", Time since last: 6005958127 ns, Reaching safepoint: 76709 ns, Cleanup: 43791 ns, At safepoint: 17250 ns, Total: 137750 ns
[2025-09-01T02:21:47.560+0000][175][info ][safepoint   ] Safepoint "Cleanup", Time since last: 2003204251 ns, Reaching safepoint: 71959 ns, Cleanup: 39583 ns, At safepoint: 17750 ns, Total: 129292 ns
[2025-09-01T02:21:48.562+0000][175][info ][safepoint   ] Safepoint "Cleanup", Time since last: 1002068501 ns, Reaching safepoint: 75458 ns, Cleanup: 59417 ns, At safepoint: 22708 ns, Total: 157583 ns
[2025-09-01T02:21:50.565+0000][175][info ][safepoint   ] Safepoint "Cleanup", Time since last: 2002622251 ns, Reaching safepoint: 100166 ns, Cleanup: 56250 ns, At safepoint: 30667 ns, Total: 187083 ns
[2025-09-01T02:21:56.170+0000][175][info ][safepoint   ] Safepoint "Cleanup", Time since last: 5604976086 ns, Reaching safepoint: 57375 ns, Cleanup: 39292 ns, At safepoint: 15041 ns, Total: 111708 ns
[2025-09-01T02:22:04.179+0000][175][info ][safepoint   ] Safepoint "Cleanup", Time since last: 8008881421 ns, Reaching safepoint: 72625 ns, Cleanup: 59458 ns, At safepoint: 20584 ns, Total: 152667 ns
[2025-09-01T02:22:05.181+0000][175][info ][safepoint   ] Safepoint "Cleanup", Time since last: 1001329291 ns, Reaching safepoint: 25875 ns, Cleanup: 20000 ns, At safepoint: 26250 ns, Total: 72125 ns
[2025-09-01T02:22:06.182+0000][175][info ][safepoint   ] Safepoint "Cleanup", Time since last: 1001187042 ns, Reaching safepoint: 24500 ns, Cleanup: 21208 ns, At safepoint: 16500 ns, Total: 62208 ns
[2025-09-01T02:22:08.184+0000][175][info ][safepoint   ] Safepoint "Cleanup", Time since last: 2002123085 ns, Reaching safepoint: 18125 ns, Cleanup: 43333 ns, At safepoint: 10792 ns, Total: 72250 ns
[2025-09-01T02:22:09.185+0000][175][info ][safepoint   ] Safepoint "Cleanup", Time since last: 1000889875 ns, Reaching safepoint: 120875 ns, Cleanup: 70417 ns, At safepoint: 29250 ns, Total: 220542 ns
[2025-09-01T02:22:10.187+0000][175][info ][safepoint   ] Safepoint "Cleanup", Time since last: 1001862125 ns, Reaching safepoint: 51709 ns, Cleanup: 23583 ns, At safepoint: 8000 ns, Total: 83292 ns
[2025-09-01T02:22:11.188+0000][175][info ][safepoint   ] Safepoint "Cleanup", Time since last: 1000622667 ns, Reaching safepoint: 100458 ns, Cleanup: 20750 ns, At safepoint: 36209 ns, Total: 157417 ns
[2025-09-01T02:22:15.192+0000][175][info ][safepoint   ] Safepoint "Cleanup", Time since last: 4003598877 ns, Reaching safepoint: 13000 ns, Cleanup: 15708 ns, At safepoint: 8583 ns, Total: 37291 ns
[2025-09-01T02:22:24.203+0000][175][info ][safepoint   ] Safepoint "Cleanup", Time since last: 9011465213 ns, Reaching safepoint: 102417 ns, Cleanup: 27166 ns, At safepoint: 17167 ns, Total: 146750 ns
[2025-09-01T02:22:30.212+0000][175][info ][safepoint   ] Safepoint "Cleanup", Time since last: 6008473836 ns, Reaching safepoint: 73000 ns, Cleanup: 37917 ns, At safepoint: 20166 ns, Total: 131083 ns
[2025-09-01T02:22:34.217+0000][175][info ][safepoint   ] Safepoint "Cleanup", Time since last: 4005507127 ns, Reaching safepoint: 15417 ns, Cleanup: 12708 ns, At safepoint: 8209 ns, Total: 36334 ns
[2025-09-01T02:22:35.219+0000][175][info ][safepoint   ] Safepoint "Cleanup", Time since last: 1001567666 ns, Reaching safepoint: 57500 ns, Cleanup: 43250 ns, At safepoint: 12875 ns, Total: 113625 ns
[2025-09-01T02:22:38.362+0000][175][info ][safepoint   ] Safepoint "Cleanup", Time since last: 3143572169 ns, Reaching safepoint: 3291 ns, Cleanup: 9125 ns, At safepoint: 5959 ns, Total: 18375 ns
[2025-09-01T02:22:39.721+0000][175][info ][safepoint   ] Safepoint "Cleanup", Time since last: 1358462792 ns, Reaching safepoint: 14125 ns, Cleanup: 27542 ns, At safepoint: 5666 ns, Total: 47333 ns
[2025-09-01T02:22:41.387+0000][175][info ][safepoint   ] Safepoint "Cleanup", Time since last: 1666485709 ns, Reaching safepoint: 23042 ns, Cleanup: 10833 ns, At safepoint: 2500 ns, Total: 36375 ns
[2025-09-01T02:22:42.781+0000][175][info ][safepoint   ] Safepoint "Cleanup", Time since last: 1393886959 ns, Reaching safepoint: 11625 ns, Cleanup: 21000 ns, At safepoint: 5709 ns, Total: 38334 ns
[2025-09-01T02:22:45.786+0000][175][info ][safepoint   ] Safepoint "Cleanup", Time since last: 3004225460 ns, Reaching safepoint: 56500 ns, Cleanup: 25625 ns, At safepoint: 14083 ns, Total: 96208 ns
[2025-09-01T02:22:47.789+0000][175][info ][safepoint   ] Safepoint "Cleanup", Time since last: 2002996001 ns, Reaching safepoint: 34041 ns, Cleanup: 20709 ns, At safepoint: 9541 ns, Total: 64291 ns
[2025-09-01T02:22:50.795+0000][175][info ][safepoint   ] Safepoint "Cleanup", Time since last: 3006279960 ns, Reaching safepoint: 76292 ns, Cleanup: 54625 ns, At safepoint: 20708 ns, Total: 151625 ns
[2025-09-01T02:23:00.220+0000][175][info ][safepoint   ] Safepoint "Cleanup", Time since last: 9424535421 ns, Reaching safepoint: 56250 ns, Cleanup: 34125 ns, At safepoint: 11750 ns, Total: 102125 ns
[2025-09-01T02:23:04.224+0000][175][info ][safepoint   ] Safepoint "Cleanup", Time since last: 4003717711 ns, Reaching safepoint: 190166 ns, Cleanup: 45209 ns, At safepoint: 29416 ns, Total: 264791 ns
[2025-09-01T02:23:05.226+0000][175][info ][safepoint   ] Safepoint "Cleanup", Time since last: 1001612125 ns, Reaching safepoint: 21625 ns, Cleanup: 13208 ns, At safepoint: 9083 ns, Total: 43916 ns
[2025-09-01T02:23:06.227+0000][175][info ][safepoint   ] Safepoint "Cleanup", Time since last: 1001338459 ns, Reaching safepoint: 263500 ns, Cleanup: 47792 ns, At safepoint: 31667 ns, Total: 342959 ns
[2025-09-01T02:23:08.231+0000][175][info ][safepoint   ] Safepoint "Cleanup", Time since last: 2003519251 ns, Reaching safepoint: 84166 ns, Cleanup: 126167 ns, At safepoint: 39917 ns, Total: 250250 ns
[2025-09-01T02:23:09.233+0000][175][info ][safepoint   ] Safepoint "Cleanup", Time since last: 1002232542 ns, Reaching safepoint: 68291 ns, Cleanup: 34792 ns, At safepoint: 11792 ns, Total: 114875 ns
[2025-09-01T02:23:10.235+0000][175][info ][safepoint   ] Safepoint "Cleanup", Time since last: 1001188750 ns, Reaching safepoint: 10459 ns, Cleanup: 19958 ns, At safepoint: 5542 ns, Total: 35959 ns
[2025-09-01T02:23:11.236+0000][175][info ][safepoint   ] Safepoint "Cleanup", Time since last: 1001414667 ns, Reaching safepoint: 97708 ns, Cleanup: 30333 ns, At safepoint: 15334 ns, Total: 143375 ns
[2025-09-01T02:23:12.238+0000][175][info ][safepoint   ] Safepoint "Cleanup", Time since last: 1001353750 ns, Reaching safepoint: 67375 ns, Cleanup: 30417 ns, At safepoint: 14875 ns, Total: 112667 ns
[2025-09-01T02:23:13.239+0000][175][info ][safepoint   ] Safepoint "Cleanup", Time since last: 1000920959 ns, Reaching safepoint: 65791 ns, Cleanup: 43792 ns, At safepoint: 10500 ns, Total: 120083 ns
[2025-09-01T02:23:14.240+0000][175][info ][safepoint   ] Safepoint "Cleanup", Time since last: 1000872667 ns, Reaching safepoint: 91000 ns, Cleanup: 54083 ns, At safepoint: 14375 ns, Total: 159458 ns
[2025-09-01T02:23:15.241+0000][175][info ][safepoint   ] Safepoint "Cleanup", Time since last: 1000936668 ns, Reaching safepoint: 21541 ns, Cleanup: 16792 ns, At safepoint: 10542 ns, Total: 48875 ns
[2025-09-01T02:23:18.244+0000][175][info ][safepoint   ] Safepoint "Cleanup", Time since last: 3003280251 ns, Reaching safepoint: 13458 ns, Cleanup: 23584 ns, At safepoint: 4916 ns, Total: 41958 ns
[2025-09-01T02:23:21.248+0000][175][info ][safepoint   ] Safepoint "Cleanup", Time since last: 3003697835 ns, Reaching safepoint: 78292 ns, Cleanup: 30166 ns, At safepoint: 14750 ns, Total: 123208 ns
[2025-09-01T02:23:24.251+0000][175][info ][safepoint   ] Safepoint "Cleanup", Time since last: 3002806127 ns, Reaching safepoint: 87208 ns, Cleanup: 66209 ns, At safepoint: 27833 ns, Total: 181250 ns
[2025-09-01T02:23:25.252+0000][175][info ][safepoint   ] Safepoint "Cleanup", Time since last: 1000706042 ns, Reaching safepoint: 86542 ns, Cleanup: 42916 ns, At safepoint: 33834 ns, Total: 163292 ns
[2025-09-01T02:23:29.257+0000][175][info ][safepoint   ] Safepoint "Cleanup", Time since last: 4005247460 ns, Reaching safepoint: 68667 ns, Cleanup: 49208 ns, At safepoint: 16083 ns, Total: 133958 ns
[2025-09-01T02:23:30.259+0000][175][info ][safepoint   ] Safepoint "Cleanup", Time since last: 1002135084 ns, Reaching safepoint: 59875 ns, Cleanup: 37292 ns, At safepoint: 18833 ns, Total: 116000 ns
[2025-09-01T02:23:34.264+0000][175][info ][safepoint   ] Safepoint "Cleanup", Time since last: 4004432460 ns, Reaching safepoint: 73709 ns, Cleanup: 68166 ns, At safepoint: 23375 ns, Total: 165250 ns
[2025-09-01T02:23:35.265+0000][175][info ][safepoint   ] Safepoint "Cleanup", Time since last: 1001230666 ns, Reaching safepoint: 52000 ns, Cleanup: 27292 ns, At safepoint: 20542 ns, Total: 99834 ns
[2025-09-01T02:23:37.268+0000][175][info ][safepoint   ] Safepoint "Cleanup", Time since last: 2002361084 ns, Reaching safepoint: 78625 ns, Cleanup: 203792 ns, At safepoint: 31083 ns, Total: 313500 ns
[2025-09-01T02:23:38.270+0000][175][info ][safepoint   ] Safepoint "Cleanup", Time since last: 1001456626 ns, Reaching safepoint: 95208 ns, Cleanup: 37208 ns, At safepoint: 10792 ns, Total: 143208 ns
[2025-09-01T02:23:40.272+0000][175][info ][safepoint   ] Safepoint "Cleanup", Time since last: 2001973126 ns, Reaching safepoint: 15375 ns, Cleanup: 16125 ns, At safepoint: 13875 ns, Total: 45375 ns
[2025-09-01T02:23:41.396+0000][175][info ][safepoint   ] Safepoint "Cleanup", Time since last: 1124279417 ns, Reaching safepoint: 5667 ns, Cleanup: 12625 ns, At safepoint: 6791 ns, Total: 25083 ns
[2025-09-01T02:23:42.984+0000][175][info ][safepoint   ] Safepoint "Cleanup", Time since last: 1588217543 ns, Reaching safepoint: 62708 ns, Cleanup: 107250 ns, At safepoint: 12958 ns, Total: 182916 ns
[2025-09-01T02:23:45.005+0000][175][info ][safepoint   ] Safepoint "Cleanup", Time since last: 2020313543 ns, Reaching safepoint: 14583 ns, Cleanup: 15250 ns, At safepoint: 10417 ns, Total: 40250 ns
[2025-09-01T02:23:46.027+0000][175][info ][safepoint   ] Safepoint "Cleanup", Time since last: 1022131167 ns, Reaching safepoint: 41375 ns, Cleanup: 105209 ns, At safepoint: 20083 ns, Total: 166667 ns
[2025-09-01T02:23:51.033+0000][175][info ][safepoint   ] Safepoint "Cleanup", Time since last: 5006123336 ns, Reaching safepoint: 74708 ns, Cleanup: 69125 ns, At safepoint: 22958 ns, Total: 166791 ns
[2025-09-01T02:23:53.385+0000][175][info ][safepoint   ] Safepoint "Cleanup", Time since last: 2351594293 ns, Reaching safepoint: 6208 ns, Cleanup: 18459 ns, At safepoint: 7333 ns, Total: 32000 ns
[2025-09-01T02:23:59.392+0000][175][info ][safepoint   ] Safepoint "Cleanup", Time since last: 6007190086 ns, Reaching safepoint: 15417 ns, Cleanup: 17208 ns, At safepoint: 10167 ns, Total: 42792 ns
[2025-09-01T02:24:04.397+0000][175][info ][safepoint   ] Safepoint "Cleanup", Time since last: 5004511169 ns, Reaching safepoint: 66625 ns, Cleanup: 66417 ns, At safepoint: 19125 ns, Total: 152167 ns
[2025-09-01T02:24:06.399+0000][175][info ][safepoint   ] Safepoint "Cleanup", Time since last: 2002024125 ns, Reaching safepoint: 86917 ns, Cleanup: 84708 ns, At safepoint: 36125 ns, Total: 207750 ns
[2025-09-01T02:24:08.402+0000][175][info ][safepoint   ] Safepoint "Cleanup", Time since last: 2002677959 ns, Reaching safepoint: 19459 ns, Cleanup: 32958 ns, At safepoint: 16250 ns, Total: 68667 ns
[2025-09-01T02:24:14.409+0000][175][info ][safepoint   ] Safepoint "Cleanup", Time since last: 6007049545 ns, Reaching safepoint: 73458 ns, Cleanup: 25333 ns, At safepoint: 21167 ns, Total: 119958 ns
[2025-09-01T02:24:20.415+0000][175][info ][safepoint   ] Safepoint "Cleanup", Time since last: 6005779878 ns, Reaching safepoint: 28291 ns, Cleanup: 23625 ns, At safepoint: 9500 ns, Total: 61416 ns
[2025-09-01T02:24:21.416+0000][175][info ][safepoint   ] Safepoint "Cleanup", Time since last: 1001402751 ns, Reaching safepoint: 76750 ns, Cleanup: 46167 ns, At safepoint: 22333 ns, Total: 145250 ns
[2025-09-01T02:24:26.423+0000][175][info ][safepoint   ] Safepoint "Cleanup", Time since last: 5006551169 ns, Reaching safepoint: 20708 ns, Cleanup: 15459 ns, At safepoint: 14250 ns, Total: 50417 ns
[2025-09-01T02:24:30.427+0000][175][info ][safepoint   ] Safepoint "Cleanup", Time since last: 4003695710 ns, Reaching safepoint: 89041 ns, Cleanup: 53709 ns, At safepoint: 28625 ns, Total: 171375 ns
[2025-09-01T02:24:31.428+0000][175][info ][safepoint   ] Safepoint "Cleanup", Time since last: 1001337500 ns, Reaching safepoint: 79500 ns, Cleanup: 40709 ns, At safepoint: 17833 ns, Total: 138042 ns
[2025-09-01T02:24:32.430+0000][175][info ][safepoint   ] Safepoint "Cleanup", Time since last: 1001408084 ns, Reaching safepoint: 47916 ns, Cleanup: 30042 ns, At safepoint: 10000 ns, Total: 87958 ns
[2025-09-01T02:24:33.431+0000][175][info ][safepoint   ] Safepoint "Cleanup", Time since last: 1001280917 ns, Reaching safepoint: 71459 ns, Cleanup: 39750 ns, At safepoint: 12541 ns, Total: 123750 ns
[2025-09-01T02:24:35.434+0000][175][info ][safepoint   ] Safepoint "Cleanup", Time since last: 2002815917 ns, Reaching safepoint: 20750 ns, Cleanup: 20584 ns, At safepoint: 14833 ns, Total: 56167 ns
[2025-09-01T02:24:38.437+0000][175][info ][safepoint   ] Safepoint "Cleanup", Time since last: 3002494626 ns, Reaching safepoint: 58459 ns, Cleanup: 32541 ns, At safepoint: 12125 ns, Total: 103125 ns
[2025-09-01T02:24:40.440+0000][175][info ][safepoint   ] Safepoint "Cleanup", Time since last: 2003162585 ns, Reaching safepoint: 204625 ns, Cleanup: 24583 ns, At safepoint: 15667 ns, Total: 244875 ns
[2025-09-01T02:24:44.423+0000][175][info ][safepoint   ] Safepoint "Cleanup", Time since last: 3983347127 ns, Reaching safepoint: 5916 ns, Cleanup: 8792 ns, At safepoint: 2417 ns, Total: 17125 ns
[2025-09-01T02:24:46.261+0000][175][info ][safepoint   ] Safepoint "Cleanup", Time since last: 1837206542 ns, Reaching safepoint: 72167 ns, Cleanup: 79166 ns, At safepoint: 22125 ns, Total: 173458 ns
[2025-09-01T02:24:47.409+0000][175][info ][safepoint   ] Safepoint "Cleanup", Time since last: 1147921376 ns, Reaching safepoint: 5167 ns, Cleanup: 8708 ns, At safepoint: 2417 ns, Total: 16292 ns
[2025-09-01T02:24:49.302+0000][175][info ][safepoint   ] Safepoint "Cleanup", Time since last: 1893135126 ns, Reaching safepoint: 27541 ns, Cleanup: 99292 ns, At safepoint: 8833 ns, Total: 135666 ns
[2025-09-01T02:24:51.306+0000][175][info ][safepoint   ] Safepoint "Cleanup", Time since last: 2001796793 ns, Reaching safepoint: 79708 ns, Cleanup: 1664458 ns, At safepoint: 74542 ns, Total: 1818708 ns
[2025-09-01T02:24:53.465+0000][175][info ][safepoint   ] Safepoint "Cleanup", Time since last: 2159526001 ns, Reaching safepoint: 95958 ns, Cleanup: 27500 ns, At safepoint: 19834 ns, Total: 143292 ns
[2025-09-01T02:24:55.469+0000][175][info ][safepoint   ] Safepoint "Cleanup", Time since last: 2003814417 ns, Reaching safepoint: 75292 ns, Cleanup: 47542 ns, At safepoint: 19333 ns, Total: 142167 ns
[2025-09-01T02:25:00.476+0000][175][info ][safepoint   ] Safepoint "Cleanup", Time since last: 5006455003 ns, Reaching safepoint: 110625 ns, Cleanup: 56166 ns, At safepoint: 27209 ns, Total: 194000 ns
[2025-09-01T02:25:03.480+0000][175][info ][safepoint   ] Safepoint "Cleanup", Time since last: 3004242918 ns, Reaching safepoint: 87750 ns, Cleanup: 68541 ns, At safepoint: 24375 ns, Total: 180666 ns
[2025-09-01T02:25:04.482+0000][175][info ][safepoint   ] Safepoint "Cleanup", Time since last: 1001526167 ns, Reaching safepoint: 31584 ns, Cleanup: 20583 ns, At safepoint: 8500 ns, Total: 60667 ns
[2025-09-01T02:25:05.483+0000][175][info ][safepoint   ] Safepoint "Cleanup", Time since last: 1001148083 ns, Reaching safepoint: 17917 ns, Cleanup: 20041 ns, At safepoint: 5584 ns, Total: 43542 ns
[2025-09-01T02:25:06.486+0000][175][info ][safepoint   ] Safepoint "Cleanup", Time since last: 1001433417 ns, Reaching safepoint: 1247750 ns, Cleanup: 30291 ns, At safepoint: 38917 ns, Total: 1316958 ns
[2025-09-01T02:25:08.402+0000][175][info ][safepoint   ] Safepoint "Cleanup", Time since last: 1916118293 ns, Reaching safepoint: 6750 ns, Cleanup: 31041 ns, At safepoint: 8500 ns, Total: 46291 ns
[2025-09-01T02:25:10.402+0000][175][info ][safepoint   ] Safepoint "Cleanup", Time since last: 1999593543 ns, Reaching safepoint: 17583 ns, Cleanup: 33209 ns, At safepoint: 5916 ns, Total: 56708 ns
[2025-09-01T02:25:15.273+0000][175][info ][safepoint   ] Safepoint "Cleanup", Time since last: 4870841086 ns, Reaching safepoint: 32125 ns, Cleanup: 15042 ns, At safepoint: 7166 ns, Total: 54333 ns
[2025-09-01T02:25:16.803+0000][175][info ][safepoint   ] Safepoint "Cleanup", Time since last: 1529672293 ns, Reaching safepoint: 56458 ns, Cleanup: 281125 ns, At safepoint: 28083 ns, Total: 365666 ns
[2025-09-01T02:25:20.808+0000][175][info ][safepoint   ] Safepoint "Cleanup", Time since last: 4005054961 ns, Reaching safepoint: 30458 ns, Cleanup: 26292 ns, At safepoint: 19416 ns, Total: 76166 ns
[2025-09-01T02:25:25.815+0000][175][info ][safepoint   ] Safepoint "Cleanup", Time since last: 5006923753 ns, Reaching safepoint: 45625 ns, Cleanup: 93916 ns, At safepoint: 17250 ns, Total: 156791 ns
[2025-09-01T02:25:27.819+0000][175][info ][safepoint   ] Safepoint "Cleanup", Time since last: 2003601501 ns, Reaching safepoint: 46459 ns, Cleanup: 29458 ns, At safepoint: 48250 ns, Total: 124167 ns
[2025-09-01T02:25:28.820+0000][175][info ][safepoint   ] Safepoint "Cleanup", Time since last: 1001086042 ns, Reaching safepoint: 46292 ns, Cleanup: 34875 ns, At safepoint: 18875 ns, Total: 100042 ns
[2025-09-01T02:25:29.821+0000][175][info ][safepoint   ] Safepoint "Cleanup", Time since last: 1001066375 ns, Reaching safepoint: 35209 ns, Cleanup: 24500 ns, At safepoint: 9666 ns, Total: 69375 ns
[2025-09-01T02:25:30.824+0000][175][info ][safepoint   ] Safepoint "Cleanup", Time since last: 1002932584 ns, Reaching safepoint: 46167 ns, Cleanup: 60666 ns, At safepoint: 18417 ns, Total: 125250 ns
[2025-09-01T02:25:32.825+0000][175][info ][safepoint   ] Safepoint "Cleanup", Time since last: 2001062001 ns, Reaching safepoint: 49125 ns, Cleanup: 22958 ns, At safepoint: 11167 ns, Total: 83250 ns
[2025-09-01T02:25:33.828+0000][175][info ][safepoint   ] Safepoint "Cleanup", Time since last: 1002661667 ns, Reaching safepoint: 81250 ns, Cleanup: 95708 ns, At safepoint: 24125 ns, Total: 201083 ns
[2025-09-01T02:25:35.831+0000][175][info ][safepoint   ] Safepoint "Cleanup", Time since last: 2003039251 ns, Reaching safepoint: 72083 ns, Cleanup: 53917 ns, At safepoint: 27625 ns, Total: 153625 ns
[2025-09-01T02:25:47.425+0000][175][info ][safepoint   ] Safepoint "Cleanup", Time since last: 11594162631 ns, Reaching safepoint: 6333 ns, Cleanup: 43333 ns, At safepoint: 2834 ns, Total: 52500 ns
[2025-09-01T02:25:48.557+0000][175][info ][safepoint   ] Safepoint "Cleanup", Time since last: 1131388958 ns, Reaching safepoint: 15167 ns, Cleanup: 200292 ns, At safepoint: 9541 ns, Total: 225000 ns
[2025-09-01T02:25:49.592+0000][175][info ][safepoint   ] Safepoint "Cleanup", Time since last: 1034816126 ns, Reaching safepoint: 20917 ns, Cleanup: 40291 ns, At safepoint: 6750 ns, Total: 67958 ns
[2025-09-01T02:25:50.604+0000][175][info ][safepoint   ] Safepoint "Cleanup", Time since last: 1012413292 ns, Reaching safepoint: 4959 ns, Cleanup: 17291 ns, At safepoint: 7875 ns, Total: 30125 ns
[2025-09-01T02:25:51.619+0000][175][info ][safepoint   ] Safepoint "Cleanup", Time since last: 1014419751 ns, Reaching safepoint: 60750 ns, Cleanup: 27875 ns, At safepoint: 15667 ns, Total: 104292 ns
[2025-09-01T02:25:55.565+0000][175][info ][safepoint   ] Safepoint "Cleanup", Time since last: 3945617918 ns, Reaching safepoint: 166208 ns, Cleanup: 46209 ns, At safepoint: 37708 ns, Total: 250125 ns
[2025-09-01T02:26:00.570+0000][175][info ][safepoint   ] Safepoint "Cleanup", Time since last: 5005077378 ns, Reaching safepoint: 67166 ns, Cleanup: 38875 ns, At safepoint: 11000 ns, Total: 117041 ns
[2025-09-01T02:26:01.571+0000][175][info ][safepoint   ] Safepoint "Cleanup", Time since last: 1000759834 ns, Reaching safepoint: 48833 ns, Cleanup: 26584 ns, At safepoint: 11666 ns, Total: 87083 ns
[2025-09-01T02:26:02.572+0000][175][info ][safepoint   ] Safepoint "Cleanup", Time since last: 1001159876 ns, Reaching safepoint: 127166 ns, Cleanup: 45000 ns, At safepoint: 30334 ns, Total: 202500 ns
[2025-09-01T02:26:04.576+0000][175][info ][safepoint   ] Safepoint "Cleanup", Time since last: 2003857626 ns, Reaching safepoint: 83208 ns, Cleanup: 49125 ns, At safepoint: 21292 ns, Total: 153625 ns
[2025-09-01T02:26:05.578+0000][175][info ][safepoint   ] Safepoint "Cleanup", Time since last: 1001738791 ns, Reaching safepoint: 181875 ns, Cleanup: 61125 ns, At safepoint: 30875 ns, Total: 273875 ns
[2025-09-01T02:26:07.580+0000][175][info ][safepoint   ] Safepoint "Cleanup", Time since last: 2002438251 ns, Reaching safepoint: 11709 ns, Cleanup: 11833 ns, At safepoint: 3417 ns, Total: 26959 ns
[2025-09-01T02:26:08.581+0000][175][info ][safepoint   ] Safepoint "Cleanup", Time since last: 1001049708 ns, Reaching safepoint: 47750 ns, Cleanup: 105584 ns, At safepoint: 14208 ns, Total: 167542 ns
[2025-09-01T02:26:10.584+0000][175][info ][safepoint   ] Safepoint "Cleanup", Time since last: 2002770751 ns, Reaching safepoint: 16417 ns, Cleanup: 19250 ns, At safepoint: 7208 ns, Total: 42875 ns
[2025-09-01T02:26:12.587+0000][175][info ][safepoint   ] Safepoint "Cleanup", Time since last: 2002767501 ns, Reaching safepoint: 52708 ns, Cleanup: 41500 ns, At safepoint: 14000 ns, Total: 108208 ns
[2025-09-01T02:26:17.592+0000][175][info ][safepoint   ] Safepoint "Cleanup", Time since last: 5005066836 ns, Reaching safepoint: 170833 ns, Cleanup: 50167 ns, At safepoint: 23958 ns, Total: 244958 ns
[2025-09-01T02:26:20.595+0000][175][info ][safepoint   ] Safepoint "Cleanup", Time since last: 3002953210 ns, Reaching safepoint: 52458 ns, Cleanup: 28625 ns, At safepoint: 12459 ns, Total: 93542 ns
[2025-09-01T02:26:30.606+0000][175][info ][safepoint   ] Safepoint "Cleanup", Time since last: 10010501213 ns, Reaching safepoint: 64083 ns, Cleanup: 41500 ns, At safepoint: 18375 ns, Total: 123958 ns
[2025-09-01T02:26:31.607+0000][175][info ][safepoint   ] Safepoint "Cleanup", Time since last: 1001303126 ns, Reaching safepoint: 48791 ns, Cleanup: 37334 ns, At safepoint: 19916 ns, Total: 106041 ns
[2025-09-01T02:26:38.110+0000][175][info ][gc,start    ] GC(24) Pause Young (Mixed) (G1 Evacuation Pause)
[2025-09-01T02:26:38.112+0000][175][info ][gc,task     ] GC(24) Using 8 workers of 8 for evacuation
[2025-09-01T02:26:38.112+0000][175][debug][gc,age      ] GC(24) Desired survivor size 41943040 bytes, new threshold 15 (max threshold 15)
[2025-09-01T02:26:38.143+0000][175][info ][gc,phases   ] GC(24)   Pre Evacuate Collection Set: 1.05ms
[2025-09-01T02:26:38.143+0000][175][info ][gc,phases   ] GC(24)   Merge Heap Roots: 0.29ms
[2025-09-01T02:26:38.143+0000][175][info ][gc,phases   ] GC(24)   Evacuate Collection Set: 27.29ms
[2025-09-01T02:26:38.143+0000][175][info ][gc,phases   ] GC(24)   Post Evacuate Collection Set: 1.92ms
[2025-09-01T02:26:38.143+0000][175][info ][gc,phases   ] GC(24)   Other: 0.77ms
[2025-09-01T02:26:38.143+0000][175][trace][gc,age      ] GC(24) Age table with threshold 15 (max threshold 15)
[2025-09-01T02:26:38.143+0000][175][trace][gc,age      ] GC(24) - age   1:     761336 bytes,     761336 total
[2025-09-01T02:26:38.143+0000][175][trace][gc,age      ] GC(24) - age   2:     124600 bytes,     885936 total
[2025-09-01T02:26:38.143+0000][175][trace][gc,age      ] GC(24) - age   3:    1619864 bytes,    2505800 total
[2025-09-01T02:26:38.143+0000][175][trace][gc,age      ] GC(24) - age   4:    1099536 bytes,    3605336 total
[2025-09-01T02:26:38.143+0000][175][trace][gc,age      ] GC(24) - age   5:    5121048 bytes,    8726384 total
[2025-09-01T02:26:38.144+0000][175][trace][gc,age      ] GC(24) - age   6:    9917528 bytes,   18643912 total
[2025-09-01T02:26:38.144+0000][175][info ][gc,heap     ] GC(24) Eden regions: 147->0(148)
[2025-09-01T02:26:38.144+0000][175][info ][gc,heap     ] GC(24) Survivor regions: 6->5(20)
[2025-09-01T02:26:38.144+0000][175][info ][gc,heap     ] GC(24) Old regions: 34->34
[2025-09-01T02:26:38.144+0000][175][info ][gc,heap     ] GC(24) Humongous regions: 2->2
[2025-09-01T02:26:38.144+0000][175][info ][gc,metaspace] GC(24) Metaspace: 160881K(165248K)->160881K(165248K) NonClass: 138697K(141120K)->138697K(141120K) Class: 22184K(24128K)->22184K(24128K)
[2025-09-01T02:26:38.144+0000][175][info ][gc          ] GC(24) Pause Young (Mixed) (G1 Evacuation Pause) 752M->160M(1024M) 34.098ms
[2025-09-01T02:26:38.144+0000][175][info ][gc,cpu      ] GC(24) User=0.22s Sys=0.00s Real=0.03s
[2025-09-01T02:26:38.144+0000][175][info ][safepoint   ] Safepoint "G1CollectForAllocation", Time since last: 6501919711 ns, Reaching safepoint: 59000 ns, Cleanup: 9708 ns, At safepoint: 34380792 ns, Total: 34449500 ns
[2025-09-01T02:26:41.147+0000][175][info ][safepoint   ] Safepoint "Cleanup", Time since last: 3003149668 ns, Reaching safepoint: 110792 ns, Cleanup: 74916 ns, At safepoint: 28292 ns, Total: 214000 ns
[2025-09-01T02:26:43.150+0000][175][info ][safepoint   ] Safepoint "Cleanup", Time since last: 2002455668 ns, Reaching safepoint: 86875 ns, Cleanup: 66541 ns, At safepoint: 26875 ns, Total: 180291 ns
[2025-09-01T02:26:50.444+0000][175][info ][safepoint   ] Safepoint "Cleanup", Time since last: 7293363129 ns, Reaching safepoint: 6458 ns, Cleanup: 30583 ns, At safepoint: 11709 ns, Total: 48750 ns
[2025-09-01T02:26:51.830+0000][175][info ][safepoint   ] Safepoint "Cleanup", Time since last: 1386413667 ns, Reaching safepoint: 63750 ns, Cleanup: 140417 ns, At safepoint: 35791 ns, Total: 239958 ns
[2025-09-01T02:26:53.438+0000][175][info ][safepoint   ] Safepoint "Cleanup", Time since last: 1607844626 ns, Reaching safepoint: 5333 ns, Cleanup: 8584 ns, At safepoint: 2333 ns, Total: 16250 ns
[2025-09-01T02:26:54.871+0000][175][info ][safepoint   ] Safepoint "Cleanup", Time since last: 1432314834 ns, Reaching safepoint: 127000 ns, Cleanup: 55250 ns, At safepoint: 16167 ns, Total: 198417 ns
[2025-09-01T02:26:55.872+0000][175][info ][safepoint   ] Safepoint "Cleanup", Time since last: 1000923292 ns, Reaching safepoint: 35167 ns, Cleanup: 27208 ns, At safepoint: 9917 ns, Total: 72292 ns
[2025-09-01T02:26:59.877+0000][175][info ][safepoint   ] Safepoint "Cleanup", Time since last: 4005151293 ns, Reaching safepoint: 40584 ns, Cleanup: 36375 ns, At safepoint: 14291 ns, Total: 91250 ns
[2025-09-01T02:27:02.881+0000][175][info ][safepoint   ] Safepoint "Cleanup", Time since last: 3003782668 ns, Reaching safepoint: 21750 ns, Cleanup: 10292 ns, At safepoint: 8500 ns, Total: 40542 ns
[2025-09-01T02:27:03.882+0000][175][info ][safepoint   ] Safepoint "Cleanup", Time since last: 1001111500 ns, Reaching safepoint: 38709 ns, Cleanup: 26125 ns, At safepoint: 13083 ns, Total: 77917 ns
[2025-09-01T02:27:07.887+0000][175][info ][safepoint   ] Safepoint "Cleanup", Time since last: 4004881918 ns, Reaching safepoint: 34250 ns, Cleanup: 52542 ns, At safepoint: 10250 ns, Total: 97042 ns
[2025-09-01T02:27:10.890+0000][175][info ][safepoint   ] Safepoint "Cleanup", Time since last: 3002918543 ns, Reaching safepoint: 50416 ns, Cleanup: 40417 ns, At safepoint: 16125 ns, Total: 106958 ns
[2025-09-01T02:27:33.913+0000][175][info ][safepoint   ] Safepoint "Cleanup", Time since last: 23022695678 ns, Reaching safepoint: 94291 ns, Cleanup: 27292 ns, At safepoint: 13083 ns, Total: 134666 ns
[2025-09-01T02:27:35.915+0000][175][info ][safepoint   ] Safepoint "Cleanup", Time since last: 2001942459 ns, Reaching safepoint: 43291 ns, Cleanup: 37125 ns, At safepoint: 13917 ns, Total: 94333 ns
[2025-09-01T02:27:41.922+0000][175][info ][safepoint   ] Safepoint "Cleanup", Time since last: 6006911461 ns, Reaching safepoint: 79917 ns, Cleanup: 48333 ns, At safepoint: 18917 ns, Total: 147167 ns
[2025-09-01T02:27:50.930+0000][175][info ][safepoint   ] Safepoint "Cleanup", Time since last: 9007863921 ns, Reaching safepoint: 81208 ns, Cleanup: 28959 ns, At safepoint: 10916 ns, Total: 121083 ns
[2025-09-01T02:27:53.456+0000][175][info ][safepoint   ] Safepoint "Cleanup", Time since last: 2525582043 ns, Reaching safepoint: 119417 ns, Cleanup: 22708 ns, At safepoint: 11292 ns, Total: 153417 ns
[2025-09-01T02:27:55.116+0000][175][info ][safepoint   ] Safepoint "Cleanup", Time since last: 1659637376 ns, Reaching safepoint: 40166 ns, Cleanup: 40084 ns, At safepoint: 28666 ns, Total: 108916 ns
[2025-09-01T02:27:56.442+0000][175][info ][safepoint   ] Safepoint "Cleanup", Time since last: 1326233334 ns, Reaching safepoint: 5667 ns, Cleanup: 12167 ns, At safepoint: 3083 ns, Total: 20917 ns
[2025-09-01T02:27:58.154+0000][175][info ][safepoint   ] Safepoint "Cleanup", Time since last: 1712455584 ns, Reaching safepoint: 84542 ns, Cleanup: 49083 ns, At safepoint: 20500 ns, Total: 154125 ns
[2025-09-01T02:28:08.165+0000][175][info ][safepoint   ] Safepoint "Cleanup", Time since last: 10010656296 ns, Reaching safepoint: 62000 ns, Cleanup: 70958 ns, At safepoint: 22708 ns, Total: 155666 ns
[2025-09-01T02:28:24.181+0000][175][info ][safepoint   ] Safepoint "Cleanup", Time since last: 16015381258 ns, Reaching safepoint: 206250 ns, Cleanup: 67666 ns, At safepoint: 31084 ns, Total: 305000 ns
[2025-09-01T02:28:26.184+0000][175][info ][safepoint   ] Safepoint "Cleanup", Time since last: 2003309709 ns, Reaching safepoint: 97792 ns, Cleanup: 73250 ns, At safepoint: 38500 ns, Total: 209542 ns
[2025-09-01T02:28:28.187+0000][175][info ][safepoint   ] Safepoint "Cleanup", Time since last: 2002832376 ns, Reaching safepoint: 96625 ns, Cleanup: 96083 ns, At safepoint: 22750 ns, Total: 215458 ns
[2025-09-01T02:28:33.193+0000][175][info ][safepoint   ] Safepoint "Cleanup", Time since last: 5005559919 ns, Reaching safepoint: 43958 ns, Cleanup: 90250 ns, At safepoint: 12334 ns, Total: 146542 ns
[2025-09-01T02:28:34.194+0000][175][info ][safepoint   ] Safepoint "Cleanup", Time since last: 1000767834 ns, Reaching safepoint: 67375 ns, Cleanup: 31166 ns, At safepoint: 16959 ns, Total: 115500 ns
[2025-09-01T02:28:38.197+0000][175][info ][safepoint   ] Safepoint "Cleanup", Time since last: 4003921334 ns, Reaching safepoint: 345958 ns, Cleanup: 75500 ns, At safepoint: 31084 ns, Total: 452542 ns
[2025-09-01T02:28:46.211+0000][175][info ][safepoint   ] Safepoint "Cleanup", Time since last: 8013547837 ns, Reaching safepoint: 83375 ns, Cleanup: 49833 ns, At safepoint: 23458 ns, Total: 156666 ns
[2025-09-01T02:28:48.214+0000][175][info ][safepoint   ] Safepoint "Cleanup", Time since last: 2002443626 ns, Reaching safepoint: 86209 ns, Cleanup: 41541 ns, At safepoint: 45417 ns, Total: 173167 ns
[2025-09-01T02:28:53.908+0000][175][info ][safepoint   ] Safepoint "Cleanup", Time since last: 5693828086 ns, Reaching safepoint: 79417 ns, Cleanup: 25541 ns, At safepoint: 8417 ns, Total: 113375 ns
[2025-09-01T02:28:55.910+0000][175][info ][safepoint   ] Safepoint "Cleanup", Time since last: 2002476084 ns, Reaching safepoint: 71584 ns, Cleanup: 41958 ns, At safepoint: 19458 ns, Total: 133000 ns
[2025-09-01T02:28:57.319+0000][175][info ][safepoint   ] Safepoint "Cleanup", Time since last: 1408608126 ns, Reaching safepoint: 11458 ns, Cleanup: 64459 ns, At safepoint: 16750 ns, Total: 92667 ns
[2025-09-01T02:28:58.357+0000][175][info ][safepoint   ] Safepoint "Cleanup", Time since last: 1037884417 ns, Reaching safepoint: 100000 ns, Cleanup: 97875 ns, At safepoint: 28083 ns, Total: 225958 ns
[2025-09-01T02:28:59.463+0000][175][info ][safepoint   ] Safepoint "Cleanup", Time since last: 1106152501 ns, Reaching safepoint: 7541 ns, Cleanup: 9000 ns, At safepoint: 2459 ns, Total: 19000 ns
[2025-09-01T02:29:01.393+0000][175][info ][safepoint   ] Safepoint "Cleanup", Time since last: 1929302126 ns, Reaching safepoint: 35791 ns, Cleanup: 33959 ns, At safepoint: 10666 ns, Total: 80416 ns
[2025-09-01T02:29:04.397+0000][175][info ][safepoint   ] Safepoint "Cleanup", Time since last: 3004193502 ns, Reaching safepoint: 41000 ns, Cleanup: 28583 ns, At safepoint: 13833 ns, Total: 83416 ns
[2025-09-01T02:29:08.403+0000][175][info ][safepoint   ] Safepoint "Cleanup", Time since last: 4005402085 ns, Reaching safepoint: 73500 ns, Cleanup: 32458 ns, At safepoint: 19792 ns, Total: 125750 ns
[2025-09-01T02:29:13.409+0000][175][info ][safepoint   ] Safepoint "Cleanup", Time since last: 5005382461 ns, Reaching safepoint: 92833 ns, Cleanup: 31583 ns, At safepoint: 22042 ns, Total: 146458 ns
[2025-09-01T02:29:15.411+0000][175][info ][safepoint   ] Safepoint "Cleanup", Time since last: 2002357501 ns, Reaching safepoint: 62250 ns, Cleanup: 43417 ns, At safepoint: 16041 ns, Total: 121708 ns
[2025-09-01T02:29:22.421+0000][175][info ][safepoint   ] Safepoint "Cleanup", Time since last: 7009425629 ns, Reaching safepoint: 69291 ns, Cleanup: 145625 ns, At safepoint: 16250 ns, Total: 231166 ns
[2025-09-01T02:29:23.422+0000][175][info ][safepoint   ] Safepoint "Cleanup", Time since last: 1000772667 ns, Reaching safepoint: 56584 ns, Cleanup: 134166 ns, At safepoint: 21834 ns, Total: 212584 ns
[2025-09-01T02:29:24.423+0000][175][info ][safepoint   ] Safepoint "Cleanup", Time since last: 1000851959 ns, Reaching safepoint: 68083 ns, Cleanup: 47167 ns, At safepoint: 21625 ns, Total: 136875 ns
[2025-09-01T02:29:25.424+0000][175][info ][safepoint   ] Safepoint "Cleanup", Time since last: 1001089375 ns, Reaching safepoint: 73583 ns, Cleanup: 58917 ns, At safepoint: 20542 ns, Total: 153042 ns
[2025-09-01T02:29:26.425+0000][175][info ][safepoint   ] Safepoint "Cleanup", Time since last: 1001487334 ns, Reaching safepoint: 29666 ns, Cleanup: 69959 ns, At safepoint: 16458 ns, Total: 116083 ns
[2025-09-01T02:29:30.430+0000][175][info ][safepoint   ] Safepoint "Cleanup", Time since last: 4004093210 ns, Reaching safepoint: 83375 ns, Cleanup: 53542 ns, At safepoint: 23458 ns, Total: 160375 ns
[2025-09-01T02:29:33.433+0000][175][info ][safepoint   ] Safepoint "Cleanup", Time since last: 3003134293 ns, Reaching safepoint: 38875 ns, Cleanup: 32375 ns, At safepoint: 14375 ns, Total: 85625 ns
[2025-09-01T02:29:34.434+0000][175][info ][safepoint   ] Safepoint "Cleanup", Time since last: 1001392751 ns, Reaching safepoint: 58416 ns, Cleanup: 27125 ns, At safepoint: 29375 ns, Total: 114916 ns
[2025-09-01T02:29:35.436+0000][175][info ][safepoint   ] Safepoint "Cleanup", Time since last: 1000860250 ns, Reaching safepoint: 69208 ns, Cleanup: 33250 ns, At safepoint: 21500 ns, Total: 123958 ns
[2025-09-01T02:29:38.455+0000][175][info ][safepoint   ] Safepoint "Cleanup", Time since last: 3019395293 ns, Reaching safepoint: 31584 ns, Cleanup: 17708 ns, At safepoint: 66333 ns, Total: 115625 ns
[2025-09-01T02:29:50.466+0000][175][info ][safepoint   ] Safepoint "Cleanup", Time since last: 12010624881 ns, Reaching safepoint: 50667 ns, Cleanup: 8791 ns, At safepoint: 5834 ns, Total: 65292 ns
[2025-09-01T02:29:53.471+0000][175][info ][safepoint   ] Safepoint "Cleanup", Time since last: 3003692876 ns, Reaching safepoint: 1146292 ns, Cleanup: 30250 ns, At safepoint: 28791 ns, Total: 1205333 ns
[2025-09-01T02:29:59.524+0000][175][info ][safepoint   ] Safepoint "Cleanup", Time since last: 6052968212 ns, Reaching safepoint: 3458 ns, Cleanup: 7042 ns, At safepoint: 4708 ns, Total: 15208 ns
[2025-09-01T02:30:00.525+0000][175][info ][safepoint   ] Safepoint "Cleanup", Time since last: 1000940709 ns, Reaching safepoint: 84500 ns, Cleanup: 114833 ns, At safepoint: 15833 ns, Total: 215166 ns
[2025-09-01T02:30:01.634+0000][175][info ][safepoint   ] Safepoint "Cleanup", Time since last: 1108636043 ns, Reaching safepoint: 126083 ns, Cleanup: 45042 ns, At safepoint: 27166 ns, Total: 198291 ns
[2025-09-01T02:30:02.646+0000][175][info ][safepoint   ] Safepoint "Cleanup", Time since last: 1012376501 ns, Reaching safepoint: 5958 ns, Cleanup: 12000 ns, At safepoint: 8209 ns, Total: 26167 ns
[2025-09-01T02:30:03.660+0000][175][info ][safepoint   ] Safepoint "Cleanup", Time since last: 1014054958 ns, Reaching safepoint: 53709 ns, Cleanup: 31541 ns, At safepoint: 12000 ns, Total: 97250 ns
[2025-09-01T02:30:05.703+0000][175][info ][safepoint   ] Safepoint "Cleanup", Time since last: 2042539376 ns, Reaching safepoint: 103833 ns, Cleanup: 35875 ns, At safepoint: 19708 ns, Total: 159416 ns
[2025-09-01T02:30:08.503+0000][175][info ][safepoint   ] Safepoint "Cleanup", Time since last: 2800045168 ns, Reaching safepoint: 8000 ns, Cleanup: 28500 ns, At safepoint: 12042 ns, Total: 48542 ns
[2025-09-01T02:30:09.747+0000][175][info ][safepoint   ] Safepoint "Cleanup", Time since last: 1243299917 ns, Reaching safepoint: 39209 ns, Cleanup: 59958 ns, At safepoint: 9875 ns, Total: 109042 ns
[2025-09-01T02:30:10.796+0000][175][info ][safepoint   ] Safepoint "Cleanup", Time since last: 1048687334 ns, Reaching safepoint: 15875 ns, Cleanup: 15000 ns, At safepoint: 8208 ns, Total: 39083 ns
[2025-09-01T02:30:12.797+0000][175][info ][safepoint   ] Safepoint "Cleanup", Time since last: 2000800584 ns, Reaching safepoint: 110250 ns, Cleanup: 63417 ns, At safepoint: 27417 ns, Total: 201084 ns
[2025-09-01T02:30:15.329+0000][175][info ][safepoint   ] Safepoint "Cleanup", Time since last: 2532510168 ns, Reaching safepoint: 7291 ns, Cleanup: 18917 ns, At safepoint: 3042 ns, Total: 29250 ns
[2025-09-01T02:30:16.358+0000][175][info ][safepoint   ] Safepoint "Cleanup", Time since last: 1029102458 ns, Reaching safepoint: 40209 ns, Cleanup: 52291 ns, At safepoint: 13125 ns, Total: 105625 ns
[2025-09-01T02:30:20.362+0000][175][info ][safepoint   ] Safepoint "Cleanup", Time since last: 4003838252 ns, Reaching safepoint: 138375 ns, Cleanup: 25125 ns, At safepoint: 25917 ns, Total: 189417 ns
[2025-09-01T02:30:25.370+0000][175][info ][safepoint   ] Safepoint "Cleanup", Time since last: 5006406586 ns, Reaching safepoint: 1316458 ns, Cleanup: 157250 ns, At safepoint: 23042 ns, Total: 1496750 ns
[2025-09-01T02:30:30.377+0000][175][info ][safepoint   ] Safepoint "Cleanup", Time since last: 5006242585 ns, Reaching safepoint: 55292 ns, Cleanup: 104625 ns, At safepoint: 15833 ns, Total: 175750 ns
[2025-09-01T02:30:34.381+0000][175][info ][safepoint   ] Safepoint "Cleanup", Time since last: 4004348086 ns, Reaching safepoint: 40166 ns, Cleanup: 33625 ns, At safepoint: 12000 ns, Total: 85791 ns
[2025-09-01T02:30:35.382+0000][175][info ][safepoint   ] Safepoint "Cleanup", Time since last: 1000864375 ns, Reaching safepoint: 78875 ns, Cleanup: 52959 ns, At safepoint: 12208 ns, Total: 144042 ns
[2025-09-01T02:30:36.383+0000][175][info ][safepoint   ] Safepoint "Cleanup", Time since last: 1000905000 ns, Reaching safepoint: 39667 ns, Cleanup: 28875 ns, At safepoint: 9833 ns, Total: 78375 ns
[2025-09-01T02:30:56.229+0000][175][info ][safepoint   ] Safepoint "Cleanup", Time since last: 19846286385 ns, Reaching safepoint: 15000 ns, Cleanup: 13625 ns, At safepoint: 8333 ns, Total: 36958 ns
[2025-09-01T02:31:02.511+0000][175][info ][safepoint   ] Safepoint "Cleanup", Time since last: 6281786753 ns, Reaching safepoint: 5833 ns, Cleanup: 11875 ns, At safepoint: 4417 ns, Total: 22125 ns
[2025-09-01T02:31:03.956+0000][175][info ][safepoint   ] Safepoint "Cleanup", Time since last: 1444458584 ns, Reaching safepoint: 183292 ns, Cleanup: 111750 ns, At safepoint: 15708 ns, Total: 310750 ns
[2025-09-01T02:31:04.963+0000][175][info ][safepoint   ] Safepoint "Cleanup", Time since last: 1007085334 ns, Reaching safepoint: 70958 ns, Cleanup: 40083 ns, At safepoint: 14084 ns, Total: 125125 ns
[2025-09-01T02:31:05.979+0000][175][info ][safepoint   ] Safepoint "Cleanup", Time since last: 1016268833 ns, Reaching safepoint: 20375 ns, Cleanup: 34375 ns, At safepoint: 9375 ns, Total: 64125 ns
[2025-09-01T02:31:08.005+0000][175][info ][safepoint   ] Safepoint "Cleanup", Time since last: 2025118085 ns, Reaching safepoint: 78708 ns, Cleanup: 49250 ns, At safepoint: 15375 ns, Total: 143333 ns
[2025-09-01T02:31:26.024+0000][175][info ][safepoint   ] Safepoint "Cleanup", Time since last: 18019306884 ns, Reaching safepoint: 149625 ns, Cleanup: 50583 ns, At safepoint: 26167 ns, Total: 226375 ns
[2025-09-01T02:31:30.030+0000][175][info ][safepoint   ] Safepoint "Cleanup", Time since last: 4006054543 ns, Reaching safepoint: 76625 ns, Cleanup: 55292 ns, At safepoint: 29750 ns, Total: 161667 ns
[2025-09-01T02:31:33.034+0000][175][info ][safepoint   ] Safepoint "Cleanup", Time since last: 3003313001 ns, Reaching safepoint: 13125 ns, Cleanup: 13375 ns, At safepoint: 4792 ns, Total: 31292 ns
[2025-09-01T02:31:35.036+0000][175][info ][safepoint   ] Safepoint "Cleanup", Time since last: 2002172792 ns, Reaching safepoint: 69958 ns, Cleanup: 59375 ns, At safepoint: 15417 ns, Total: 144750 ns
[2025-09-01T02:31:38.040+0000][175][info ][safepoint   ] Safepoint "Cleanup", Time since last: 3003709959 ns, Reaching safepoint: 118292 ns, Cleanup: 65708 ns, At safepoint: 23584 ns, Total: 207584 ns
[2025-09-01T02:31:42.045+0000][175][info ][safepoint   ] Safepoint "Cleanup", Time since last: 4004630877 ns, Reaching safepoint: 134833 ns, Cleanup: 75458 ns, At safepoint: 33625 ns, Total: 243916 ns
[2025-09-01T02:31:48.055+0000][175][info ][safepoint   ] Safepoint "Cleanup", Time since last: 6010076295 ns, Reaching safepoint: 46708 ns, Cleanup: 35875 ns, At safepoint: 12209 ns, Total: 94792 ns
[2025-09-01T02:31:56.257+0000][175][info ][safepoint   ] Safepoint "Cleanup", Time since last: 8201795545 ns, Reaching safepoint: 110458 ns, Cleanup: 175959 ns, At safepoint: 24625 ns, Total: 311042 ns
[2025-09-01T02:32:04.272+0000][175][info ][safepoint   ] Safepoint "Cleanup", Time since last: 8015460170 ns, Reaching safepoint: 55459 ns, Cleanup: 26208 ns, At safepoint: 30000 ns, Total: 111667 ns
[2025-09-01T02:32:05.542+0000][175][info ][safepoint   ] Safepoint "Cleanup", Time since last: 1269455083 ns, Reaching safepoint: 46459 ns, Cleanup: 42458 ns, At safepoint: 6875 ns, Total: 95792 ns
[2025-09-01T02:32:07.238+0000][175][info ][safepoint   ] Safepoint "Cleanup", Time since last: 1695227126 ns, Reaching safepoint: 276250 ns, Cleanup: 115666 ns, At safepoint: 38417 ns, Total: 430333 ns
[2025-09-01T02:32:08.239+0000][175][info ][safepoint   ] Safepoint "Cleanup", Time since last: 1000897417 ns, Reaching safepoint: 46917 ns, Cleanup: 56292 ns, At safepoint: 18166 ns, Total: 121375 ns
[2025-09-01T02:32:09.267+0000][175][info ][safepoint   ] Safepoint "Cleanup", Time since last: 1028022584 ns, Reaching safepoint: 7375 ns, Cleanup: 58583 ns, At safepoint: 19250 ns, Total: 85208 ns
[2025-09-01T02:32:09.292+0000][175][info ][gc,start    ] GC(25) Pause Young (Concurrent Start) (G1 Evacuation Pause)
[2025-09-01T02:32:09.292+0000][175][info ][gc,task     ] GC(25) Using 8 workers of 8 for evacuation
[2025-09-01T02:32:09.292+0000][175][debug][gc,age      ] GC(25) Desired survivor size 41943040 bytes, new threshold 15 (max threshold 15)
[2025-09-01T02:32:09.320+0000][175][info ][gc,phases   ] GC(25)   Pre Evacuate Collection Set: 0.94ms
[2025-09-01T02:32:09.320+0000][175][info ][gc,phases   ] GC(25)   Merge Heap Roots: 0.22ms
[2025-09-01T02:32:09.320+0000][175][info ][gc,phases   ] GC(25)   Evacuate Collection Set: 23.19ms
[2025-09-01T02:32:09.320+0000][175][info ][gc,phases   ] GC(25)   Post Evacuate Collection Set: 2.42ms
[2025-09-01T02:32:09.320+0000][175][info ][gc,phases   ] GC(25)   Other: 0.70ms
[2025-09-01T02:32:09.320+0000][175][trace][gc,age      ] GC(25) Age table with threshold 15 (max threshold 15)
[2025-09-01T02:32:09.320+0000][175][trace][gc,age      ] GC(25) - age   1:     912320 bytes,     912320 total
[2025-09-01T02:32:09.320+0000][175][trace][gc,age      ] GC(25) - age   2:     142424 bytes,    1054744 total
[2025-09-01T02:32:09.320+0000][175][trace][gc,age      ] GC(25) - age   3:     109512 bytes,    1164256 total
[2025-09-01T02:32:09.320+0000][175][trace][gc,age      ] GC(25) - age   4:    1610800 bytes,    2775056 total
[2025-09-01T02:32:09.320+0000][175][trace][gc,age      ] GC(25) - age   5:    1096856 bytes,    3871912 total
[2025-09-01T02:32:09.320+0000][175][trace][gc,age      ] GC(25) - age   6:    5049112 bytes,    8921024 total
[2025-09-01T02:32:09.320+0000][175][trace][gc,age      ] GC(25) - age   7:    9827664 bytes,   18748688 total
[2025-09-01T02:32:09.320+0000][175][info ][gc,heap     ] GC(25) Eden regions: 148->0(148)
[2025-09-01T02:32:09.320+0000][175][info ][gc,heap     ] GC(25) Survivor regions: 5->5(20)
[2025-09-01T02:32:09.320+0000][175][info ][gc,heap     ] GC(25) Old regions: 34->34
[2025-09-01T02:32:09.320+0000][175][info ][gc,heap     ] GC(25) Humongous regions: 2->2
[2025-09-01T02:32:09.320+0000][175][info ][gc,metaspace] GC(25) Metaspace: 161183K(165568K)->161183K(165568K) NonClass: 138992K(141440K)->138992K(141440K) Class: 22191K(24128K)->22191K(24128K)
[2025-09-01T02:32:09.320+0000][175][info ][gc          ] GC(25) Pause Young (Concurrent Start) (G1 Evacuation Pause) 752M->160M(1024M) 28.482ms
[2025-09-01T02:32:09.320+0000][175][info ][gc,cpu      ] GC(25) User=0.18s Sys=0.00s Real=0.03s
[2025-09-01T02:32:09.320+0000][175][info ][gc          ] GC(26) Concurrent Mark Cycle
[2025-09-01T02:32:09.320+0000][175][info ][gc,marking  ] GC(26) Concurrent Scan Root Regions
[2025-09-01T02:32:09.320+0000][175][info ][safepoint   ] Safepoint "G1CollectForAllocation", Time since last: 24775500 ns, Reaching safepoint: 8459 ns, Cleanup: 2083 ns, At safepoint: 28700833 ns, Total: 28711375 ns
[2025-09-01T02:32:09.327+0000][175][info ][gc,marking  ] GC(26) Concurrent Scan Root Regions 6.652ms
[2025-09-01T02:32:09.327+0000][175][info ][gc,marking  ] GC(26) Concurrent Mark
[2025-09-01T02:32:09.327+0000][175][info ][gc,marking  ] GC(26) Concurrent Mark From Roots
[2025-09-01T02:32:09.327+0000][175][info ][gc,task     ] GC(26) Using 2 workers of 2 for marking
[2025-09-01T02:32:09.395+0000][175][info ][gc,marking  ] GC(26) Concurrent Mark From Roots 68.159ms
[2025-09-01T02:32:09.395+0000][175][info ][gc,marking  ] GC(26) Concurrent Preclean
[2025-09-01T02:32:09.396+0000][175][info ][gc,marking  ] GC(26) Concurrent Preclean 0.825ms
[2025-09-01T02:32:09.396+0000][175][info ][gc,start    ] GC(26) Pause Remark
[2025-09-01T02:32:09.468+0000][175][info ][gc          ] GC(26) Pause Remark 161M->161M(1024M) 71.769ms
[2025-09-01T02:32:09.468+0000][175][info ][gc,cpu      ] GC(26) User=0.45s Sys=0.00s Real=0.07s
[2025-09-01T02:32:09.468+0000][175][info ][safepoint   ] Safepoint "G1PauseRemark", Time since last: 75986250 ns, Reaching safepoint: 11125 ns, Cleanup: 10667 ns, At safepoint: 71970333 ns, Total: 71992125 ns
[2025-09-01T02:32:09.469+0000][175][info ][gc,marking  ] GC(26) Concurrent Mark 141.386ms
[2025-09-01T02:32:09.469+0000][175][info ][gc,marking  ] GC(26) Concurrent Rebuild Remembered Sets and Scrub Regions
[2025-09-01T02:32:09.499+0000][175][info ][gc,marking  ] GC(26) Concurrent Rebuild Remembered Sets and Scrub Regions 30.108ms
[2025-09-01T02:32:09.501+0000][175][info ][gc,start    ] GC(26) Pause Cleanup
[2025-09-01T02:32:09.501+0000][175][info ][gc          ] GC(26) Pause Cleanup 162M->162M(1024M) 0.142ms
[2025-09-01T02:32:09.501+0000][175][info ][gc,cpu      ] GC(26) User=0.00s Sys=0.00s Real=0.00s
[2025-09-01T02:32:09.501+0000][175][info ][safepoint   ] Safepoint "G1PauseCleanup", Time since last: 30525709 ns, Reaching safepoint: 1856833 ns, Cleanup: 52958 ns, At safepoint: 341584 ns, Total: 2251375 ns
[2025-09-01T02:32:09.501+0000][175][info ][gc,marking  ] GC(26) Concurrent Clear Claimed Marks
[2025-09-01T02:32:09.501+0000][175][info ][gc,marking  ] GC(26) Concurrent Clear Claimed Marks 0.167ms
[2025-09-01T02:32:09.501+0000][175][info ][gc,marking  ] GC(26) Concurrent Cleanup for Next Mark
[2025-09-01T02:32:09.504+0000][175][info ][gc,marking  ] GC(26) Concurrent Cleanup for Next Mark 2.161ms
[2025-09-01T02:32:09.504+0000][175][info ][gc          ] GC(26) Concurrent Mark Cycle 183.310ms
[2025-09-01T02:32:10.502+0000][175][info ][safepoint   ] Safepoint "Cleanup", Time since last: 1000708834 ns, Reaching safepoint: 37708 ns, Cleanup: 67083 ns, At safepoint: 21542 ns, Total: 126333 ns
[2025-09-01T02:32:25.521+0000][175][info ][safepoint   ] Safepoint "Cleanup", Time since last: 15018483632 ns, Reaching safepoint: 295750 ns, Cleanup: 66250 ns, At safepoint: 44833 ns, Total: 406833 ns
[2025-09-01T02:32:50.591+0000][175][info ][safepoint   ] Safepoint "Cleanup", Time since last: 25069519262 ns, Reaching safepoint: 388583 ns, Cleanup: 103500 ns, At safepoint: 26167 ns, Total: 518250 ns
[2025-09-01T02:33:04.284+0000][175][info ][safepoint   ] Safepoint "Cleanup", Time since last: 13692395632 ns, Reaching safepoint: 72041 ns, Cleanup: 49709 ns, At safepoint: 21291 ns, Total: 143041 ns
[2025-09-01T02:33:05.284+0000][175][info ][safepoint   ] Safepoint "Cleanup", Time since last: 1002165083 ns, Reaching safepoint: 32083 ns, Cleanup: 27125 ns, At safepoint: 14750 ns, Total: 73958 ns
[2025-09-01T02:33:09.510+0000][175][info ][safepoint   ] Safepoint "Cleanup", Time since last: 4225503252 ns, Reaching safepoint: 13959 ns, Cleanup: 101416 ns, At safepoint: 17917 ns, Total: 133292 ns
[2025-09-01T02:33:10.541+0000][175][info ][safepoint   ] Safepoint "Cleanup", Time since last: 1031110001 ns, Reaching safepoint: 30708 ns, Cleanup: 26833 ns, At safepoint: 13500 ns, Total: 71041 ns
[2025-09-01T02:33:11.551+0000][175][info ][safepoint   ] Safepoint "Cleanup", Time since last: 1009986709 ns, Reaching safepoint: 3750 ns, Cleanup: 15542 ns, At safepoint: 4625 ns, Total: 23917 ns
[2025-09-01T02:33:12.554+0000][175][info ][safepoint   ] Safepoint "Cleanup", Time since last: 1003074834 ns, Reaching safepoint: 41125 ns, Cleanup: 21875 ns, At safepoint: 12958 ns, Total: 75958 ns
[2025-09-01T02:33:13.587+0000][175][info ][safepoint   ] Safepoint "Cleanup", Time since last: 1032751959 ns, Reaching safepoint: 49708 ns, Cleanup: 36875 ns, At safepoint: 14125 ns, Total: 100708 ns
[2025-09-01T02:33:15.589+0000][175][info ][safepoint   ] Safepoint "Cleanup", Time since last: 2002173709 ns, Reaching safepoint: 50000 ns, Cleanup: 32000 ns, At safepoint: 12167 ns, Total: 94167 ns
[2025-09-01T02:33:18.593+0000][175][info ][safepoint   ] Safepoint "Cleanup", Time since last: 3003290710 ns, Reaching safepoint: 38916 ns, Cleanup: 54417 ns, At safepoint: 11292 ns, Total: 104625 ns
[2025-09-01T02:33:23.599+0000][175][info ][safepoint   ] Safepoint "Cleanup", Time since last: 5006702669 ns, Reaching safepoint: 78583 ns, Cleanup: 36542 ns, At safepoint: 16208 ns, Total: 131333 ns
[2025-09-01T02:33:33.615+0000][175][info ][safepoint   ] Safepoint "Cleanup", Time since last: 10015588422 ns, Reaching safepoint: 118583 ns, Cleanup: 28708 ns, At safepoint: 25334 ns, Total: 172625 ns
[2025-09-01T02:33:35.620+0000][175][info ][safepoint   ] Safepoint "Cleanup", Time since last: 2003058459 ns, Reaching safepoint: 26416 ns, Cleanup: 19750 ns, At safepoint: 13834 ns, Total: 60000 ns
[2025-09-01T02:33:38.623+0000][175][info ][safepoint   ] Safepoint "Cleanup", Time since last: 3002695293 ns, Reaching safepoint: 36958 ns, Cleanup: 30542 ns, At safepoint: 10166 ns, Total: 77666 ns
[2025-09-01T02:33:39.624+0000][175][info ][safepoint   ] Safepoint "Cleanup", Time since last: 1001228543 ns, Reaching safepoint: 81541 ns, Cleanup: 57750 ns, At safepoint: 20042 ns, Total: 159333 ns
[2025-09-01T02:33:47.633+0000][175][info ][safepoint   ] Safepoint "Cleanup", Time since last: 8008900712 ns, Reaching safepoint: 71458 ns, Cleanup: 30917 ns, At safepoint: 13958 ns, Total: 116333 ns
[2025-09-01T02:33:50.637+0000][175][info ][safepoint   ] Safepoint "Cleanup", Time since last: 3003739585 ns, Reaching safepoint: 61125 ns, Cleanup: 37542 ns, At safepoint: 12666 ns, Total: 111333 ns
[2025-09-01T02:33:54.321+0000][175][info ][safepoint   ] Safepoint "Cleanup", Time since last: 3684250461 ns, Reaching safepoint: 35541 ns, Cleanup: 42667 ns, At safepoint: 18458 ns, Total: 96666 ns
[2025-09-01T02:33:57.325+0000][175][info ][safepoint   ] Safepoint "Cleanup", Time since last: 3003645835 ns, Reaching safepoint: 149333 ns, Cleanup: 42334 ns, At safepoint: 21791 ns, Total: 213458 ns
[2025-09-01T02:34:01.330+0000][175][info ][safepoint   ] Safepoint "Cleanup", Time since last: 4005012794 ns, Reaching safepoint: 78167 ns, Cleanup: 57833 ns, At safepoint: 33500 ns, Total: 169500 ns
[2025-09-01T02:34:08.337+0000][175][info ][safepoint   ] Safepoint "Cleanup", Time since last: 7006836503 ns, Reaching safepoint: 121875 ns, Cleanup: 64833 ns, At safepoint: 32209 ns, Total: 218917 ns
[2025-09-01T02:34:10.340+0000][175][info ][safepoint   ] Safepoint "Cleanup", Time since last: 2002367042 ns, Reaching safepoint: 87834 ns, Cleanup: 69500 ns, At safepoint: 17500 ns, Total: 174834 ns
[2025-09-01T02:34:11.550+0000][175][info ][safepoint   ] Safepoint "Cleanup", Time since last: 1209702375 ns, Reaching safepoint: 4500 ns, Cleanup: 8375 ns, At safepoint: 2208 ns, Total: 15083 ns
[2025-09-01T02:34:12.776+0000][175][info ][safepoint   ] Safepoint "Cleanup", Time since last: 1226304418 ns, Reaching safepoint: 75000 ns, Cleanup: 76458 ns, At safepoint: 19667 ns, Total: 171125 ns
[2025-09-01T02:34:14.783+0000][175][info ][safepoint   ] Safepoint "Cleanup", Time since last: 2006501542 ns, Reaching safepoint: 4542 ns, Cleanup: 12417 ns, At safepoint: 6916 ns, Total: 23875 ns
[2025-09-01T02:34:26.808+0000][175][info ][safepoint   ] Safepoint "Cleanup", Time since last: 12025383923 ns, Reaching safepoint: 168666 ns, Cleanup: 53292 ns, At safepoint: 27375 ns, Total: 249333 ns
[2025-09-01T02:34:35.817+0000][175][info ][safepoint   ] Safepoint "Cleanup", Time since last: 9008721212 ns, Reaching safepoint: 84208 ns, Cleanup: 43459 ns, At safepoint: 14500 ns, Total: 142167 ns
[2025-09-01T02:34:38.821+0000][175][info ][safepoint   ] Safepoint "Cleanup", Time since last: 3004170918 ns, Reaching safepoint: 82041 ns, Cleanup: 43042 ns, At safepoint: 19208 ns, Total: 144291 ns
[2025-09-01T02:35:00.428+0000][175][info ][safepoint   ] Safepoint "Cleanup", Time since last: 21606428052 ns, Reaching safepoint: 177167 ns, Cleanup: 90542 ns, At safepoint: 24708 ns, Total: 292417 ns
[2025-09-01T02:35:06.437+0000][175][info ][safepoint   ] Safepoint "Cleanup", Time since last: 6008973461 ns, Reaching safepoint: 77417 ns, Cleanup: 46291 ns, At safepoint: 21084 ns, Total: 144792 ns
[2025-09-01T02:35:07.439+0000][175][info ][safepoint   ] Safepoint "Cleanup", Time since last: 1001957333 ns, Reaching safepoint: 60250 ns, Cleanup: 41750 ns, At safepoint: 13584 ns, Total: 115584 ns
[2025-09-01T02:35:08.442+0000][175][info ][safepoint   ] Safepoint "Cleanup", Time since last: 1001971209 ns, Reaching safepoint: 70416 ns, Cleanup: 52750 ns, At safepoint: 20792 ns, Total: 143958 ns
[2025-09-01T02:35:10.444+0000][175][info ][safepoint   ] Safepoint "Cleanup", Time since last: 2002346293 ns, Reaching safepoint: 70083 ns, Cleanup: 65000 ns, At safepoint: 20417 ns, Total: 155500 ns
[2025-09-01T02:35:11.553+0000][175][info ][safepoint   ] Safepoint "Cleanup", Time since last: 1108845500 ns, Reaching safepoint: 3958 ns, Cleanup: 20042 ns, At safepoint: 2667 ns, Total: 26667 ns
[2025-09-01T02:35:12.999+0000][175][info ][safepoint   ] Safepoint "Cleanup", Time since last: 1446048625 ns, Reaching safepoint: 133000 ns, Cleanup: 112084 ns, At safepoint: 22416 ns, Total: 267500 ns
[2025-09-01T02:35:14.548+0000][175][info ][safepoint   ] Safepoint "Cleanup", Time since last: 1549158210 ns, Reaching safepoint: 5916 ns, Cleanup: 15000 ns, At safepoint: 6917 ns, Total: 27833 ns
[2025-09-01T02:35:16.092+0000][175][info ][safepoint   ] Safepoint "Cleanup", Time since last: 1543349084 ns, Reaching safepoint: 54542 ns, Cleanup: 74666 ns, At safepoint: 11459 ns, Total: 140667 ns
[2025-09-01T02:35:17.553+0000][175][info ][safepoint   ] Safepoint "Cleanup", Time since last: 1460838792 ns, Reaching safepoint: 6500 ns, Cleanup: 18042 ns, At safepoint: 2541 ns, Total: 27083 ns
[2025-09-01T02:35:19.150+0000][175][info ][safepoint   ] Safepoint "Cleanup", Time since last: 1596987959 ns, Reaching safepoint: 81667 ns, Cleanup: 65292 ns, At safepoint: 15958 ns, Total: 162917 ns
[2025-09-01T02:35:21.153+0000][175][info ][safepoint   ] Safepoint "Cleanup", Time since last: 2003194668 ns, Reaching safepoint: 73000 ns, Cleanup: 72791 ns, At safepoint: 18459 ns, Total: 164250 ns
[2025-09-01T02:35:24.157+0000][175][info ][safepoint   ] Safepoint "Cleanup", Time since last: 3003513626 ns, Reaching safepoint: 69167 ns, Cleanup: 37000 ns, At safepoint: 17083 ns, Total: 123250 ns
[2025-09-01T02:35:26.160+0000][175][info ][safepoint   ] Safepoint "Cleanup", Time since last: 2003443126 ns, Reaching safepoint: 46583 ns, Cleanup: 41417 ns, At safepoint: 13125 ns, Total: 101125 ns
[2025-09-01T02:35:35.170+0000][175][info ][safepoint   ] Safepoint "Cleanup", Time since last: 9009388462 ns, Reaching safepoint: 146083 ns, Cleanup: 62208 ns, At safepoint: 25167 ns, Total: 233458 ns
[2025-09-01T02:35:36.173+0000][175][info ][safepoint   ] Safepoint "Cleanup", Time since last: 1002667459 ns, Reaching safepoint: 80458 ns, Cleanup: 42750 ns, At safepoint: 19334 ns, Total: 142542 ns
[2025-09-01T02:35:45.428+0000][175][info ][safepoint   ] Safepoint "Cleanup", Time since last: 9255304754 ns, Reaching safepoint: 3667 ns, Cleanup: 8875 ns, At safepoint: 4916 ns, Total: 17458 ns
[2025-09-01T02:35:50.436+0000][175][info ][safepoint   ] Safepoint "Cleanup", Time since last: 5007890211 ns, Reaching safepoint: 76417 ns, Cleanup: 48541 ns, At safepoint: 16292 ns, Total: 141250 ns
[2025-09-01T02:36:02.608+0000][175][info ][safepoint   ] Safepoint "Cleanup", Time since last: 12172075839 ns, Reaching safepoint: 83167 ns, Cleanup: 29333 ns, At safepoint: 11875 ns, Total: 124375 ns
[2025-09-01T02:36:05.612+0000][175][info ][safepoint   ] Safepoint "Cleanup", Time since last: 3003640959 ns, Reaching safepoint: 68375 ns, Cleanup: 38333 ns, At safepoint: 13834 ns, Total: 120542 ns
[2025-09-01T02:36:07.615+0000][175][info ][safepoint   ] Safepoint "Cleanup", Time since last: 2002947209 ns, Reaching safepoint: 84500 ns, Cleanup: 27625 ns, At safepoint: 22083 ns, Total: 134208 ns
[2025-09-01T02:36:17.583+0000][175][info ][safepoint   ] Safepoint "Cleanup", Time since last: 9967520630 ns, Reaching safepoint: 3625 ns, Cleanup: 4375 ns, At safepoint: 1708 ns, Total: 9708 ns
[2025-09-01T02:36:19.380+0000][175][info ][safepoint   ] Safepoint "Cleanup", Time since last: 1796374709 ns, Reaching safepoint: 523292 ns, Cleanup: 144542 ns, At safepoint: 18000 ns, Total: 685834 ns
[2025-09-01T02:36:20.548+0000][175][info ][safepoint   ] Safepoint "Cleanup", Time since last: 1168420167 ns, Reaching safepoint: 3500 ns, Cleanup: 5958 ns, At safepoint: 1959 ns, Total: 11417 ns
[2025-09-01T02:36:22.427+0000][175][info ][safepoint   ] Safepoint "Cleanup", Time since last: 1878175751 ns, Reaching safepoint: 75500 ns, Cleanup: 94333 ns, At safepoint: 25625 ns, Total: 195458 ns
[2025-09-01T02:36:28.433+0000][175][info ][safepoint   ] Safepoint "Cleanup", Time since last: 6006091086 ns, Reaching safepoint: 117792 ns, Cleanup: 62291 ns, At safepoint: 18792 ns, Total: 198875 ns
[2025-09-01T02:36:30.435+0000][175][info ][safepoint   ] Safepoint "Cleanup", Time since last: 2001734793 ns, Reaching safepoint: 141666 ns, Cleanup: 67417 ns, At safepoint: 15542 ns, Total: 224625 ns
[2025-09-01T02:36:31.436+0000][175][info ][safepoint   ] Safepoint "Cleanup", Time since last: 1001216500 ns, Reaching safepoint: 71334 ns, Cleanup: 94250 ns, At safepoint: 13708 ns, Total: 179292 ns
[2025-09-01T02:36:34.440+0000][175][info ][safepoint   ] Safepoint "Cleanup", Time since last: 3003432501 ns, Reaching safepoint: 56417 ns, Cleanup: 36917 ns, At safepoint: 17958 ns, Total: 111292 ns
[2025-09-01T02:36:35.441+0000][175][info ][safepoint   ] Safepoint "Cleanup", Time since last: 1000928583 ns, Reaching safepoint: 68250 ns, Cleanup: 35917 ns, At safepoint: 11916 ns, Total: 116083 ns
[2025-09-01T02:36:42.449+0000][175][info ][safepoint   ] Safepoint "Cleanup", Time since last: 7008271795 ns, Reaching safepoint: 206625 ns, Cleanup: 60084 ns, At safepoint: 26375 ns, Total: 293084 ns
[2025-09-01T02:37:07.646+0000][175][info ][safepoint   ] Safepoint "Cleanup", Time since last: 25195780302 ns, Reaching safepoint: 74709 ns, Cleanup: 78125 ns, At safepoint: 18166 ns, Total: 171000 ns
[2025-09-01T02:37:18.658+0000][175][info ][safepoint   ] Safepoint "Cleanup", Time since last: 11011936505 ns, Reaching safepoint: 63209 ns, Cleanup: 44250 ns, At safepoint: 12375 ns, Total: 119834 ns
[2025-09-01T02:37:20.569+0000][175][info ][safepoint   ] Safepoint "Cleanup", Time since last: 1911016959 ns, Reaching safepoint: 6875 ns, Cleanup: 15750 ns, At safepoint: 2583 ns, Total: 25208 ns
[2025-09-01T02:37:21.587+0000][175][info ][safepoint   ] Safepoint "Cleanup", Time since last: 1018142209 ns, Reaching safepoint: 16000 ns, Cleanup: 25042 ns, At safepoint: 11417 ns, Total: 52459 ns
[2025-09-01T02:37:23.562+0000][175][info ][safepoint   ] Safepoint "Cleanup", Time since last: 1974962084 ns, Reaching safepoint: 4000 ns, Cleanup: 9416 ns, At safepoint: 6584 ns, Total: 20000 ns
[2025-09-01T02:37:24.582+0000][175][info ][safepoint   ] Safepoint "Cleanup", Time since last: 1020534209 ns, Reaching safepoint: 38916 ns, Cleanup: 29125 ns, At safepoint: 13459 ns, Total: 81500 ns
[2025-09-01T02:37:29.671+0000][175][info ][safepoint   ] Safepoint "Cleanup", Time since last: 5088691752 ns, Reaching safepoint: 74375 ns, Cleanup: 46000 ns, At safepoint: 13708 ns, Total: 134083 ns
[2025-09-01T02:37:30.673+0000][175][info ][safepoint   ] Safepoint "Cleanup", Time since last: 1001893126 ns, Reaching safepoint: 81875 ns, Cleanup: 50250 ns, At safepoint: 14292 ns, Total: 146417 ns
[2025-09-01T02:37:34.678+0000][175][info ][safepoint   ] Safepoint "Cleanup", Time since last: 4004810210 ns, Reaching safepoint: 129208 ns, Cleanup: 35417 ns, At safepoint: 16750 ns, Total: 181375 ns
[2025-09-01T02:37:38.683+0000][175][info ][safepoint   ] Safepoint "Cleanup", Time since last: 4004736501 ns, Reaching safepoint: 65917 ns, Cleanup: 26042 ns, At safepoint: 11375 ns, Total: 103334 ns
[2025-09-01T02:37:43.688+0000][175][info ][safepoint   ] Safepoint "Cleanup", Time since last: 5004983044 ns, Reaching safepoint: 19333 ns, Cleanup: 31958 ns, At safepoint: 7834 ns, Total: 59125 ns
[2025-09-01T02:37:50.695+0000][175][info ][safepoint   ] Safepoint "Cleanup", Time since last: 7006652628 ns, Reaching safepoint: 18542 ns, Cleanup: 14250 ns, At safepoint: 7583 ns, Total: 40375 ns
[2025-09-01T02:37:51.696+0000][175][info ][safepoint   ] Safepoint "Cleanup", Time since last: 1001091626 ns, Reaching safepoint: 77541 ns, Cleanup: 48000 ns, At safepoint: 16125 ns, Total: 141666 ns
[2025-09-01T02:37:53.699+0000][175][info ][safepoint   ] Safepoint "Cleanup", Time since last: 2002883126 ns, Reaching safepoint: 14959 ns, Cleanup: 20083 ns, At safepoint: 6167 ns, Total: 41209 ns
[2025-09-01T02:37:56.558+0000][175][info ][gc,start    ] GC(27) Pause Young (Prepare Mixed) (G1 Evacuation Pause)
[2025-09-01T02:37:56.559+0000][175][info ][gc,task     ] GC(27) Using 8 workers of 8 for evacuation
[2025-09-01T02:37:56.559+0000][175][debug][gc,age      ] GC(27) Desired survivor size 41943040 bytes, new threshold 15 (max threshold 15)
[2025-09-01T02:37:56.588+0000][175][info ][gc,phases   ] GC(27)   Pre Evacuate Collection Set: 0.92ms
[2025-09-01T02:37:56.588+0000][175][info ][gc,phases   ] GC(27)   Merge Heap Roots: 0.49ms
[2025-09-01T02:37:56.588+0000][175][info ][gc,phases   ] GC(27)   Evacuate Collection Set: 25.63ms
[2025-09-01T02:37:56.588+0000][175][info ][gc,phases   ] GC(27)   Post Evacuate Collection Set: 1.77ms
[2025-09-01T02:37:56.588+0000][175][info ][gc,phases   ] GC(27)   Other: 0.46ms
[2025-09-01T02:37:56.588+0000][175][trace][gc,age      ] GC(27) Age table with threshold 15 (max threshold 15)
[2025-09-01T02:37:56.588+0000][175][trace][gc,age      ] GC(27) - age   1:     997992 bytes,     997992 total
[2025-09-01T02:37:56.588+0000][175][trace][gc,age      ] GC(27) - age   2:     124640 bytes,    1122632 total
[2025-09-01T02:37:56.589+0000][175][trace][gc,age      ] GC(27) - age   3:     141280 bytes,    1263912 total
[2025-09-01T02:37:56.589+0000][175][trace][gc,age      ] GC(27) - age   4:     108976 bytes,    1372888 total
[2025-09-01T02:37:56.589+0000][175][trace][gc,age      ] GC(27) - age   5:    1443928 bytes,    2816816 total
[2025-09-01T02:37:56.589+0000][175][trace][gc,age      ] GC(27) - age   6:    1096728 bytes,    3913544 total
[2025-09-01T02:37:56.589+0000][175][trace][gc,age      ] GC(27) - age   7:    5027928 bytes,    8941472 total
[2025-09-01T02:37:56.589+0000][175][trace][gc,age      ] GC(27) - age   8:    9730816 bytes,   18672288 total
[2025-09-01T02:37:56.589+0000][175][info ][gc,heap     ] GC(27) Eden regions: 148->0(148)
[2025-09-01T02:37:56.589+0000][175][info ][gc,heap     ] GC(27) Survivor regions: 5->5(20)
[2025-09-01T02:37:56.589+0000][175][info ][gc,heap     ] GC(27) Old regions: 34->34
[2025-09-01T02:37:56.589+0000][175][info ][gc,heap     ] GC(27) Humongous regions: 2->2
[2025-09-01T02:37:56.589+0000][175][info ][gc,metaspace] GC(27) Metaspace: 158590K(165568K)->158590K(165568K) NonClass: 137102K(141440K)->137102K(141440K) Class: 21487K(24128K)->21487K(24128K)
[2025-09-01T02:37:56.589+0000][175][info ][gc          ] GC(27) Pause Young (Prepare Mixed) (G1 Evacuation Pause) 752M->159M(1024M) 30.963ms
[2025-09-01T02:37:56.589+0000][175][info ][gc,cpu      ] GC(27) User=0.20s Sys=0.00s Real=0.03s
[2025-09-01T02:37:56.589+0000][175][info ][safepoint   ] Safepoint "G1CollectForAllocation", Time since last: 2859194126 ns, Reaching safepoint: 55542 ns, Cleanup: 6250 ns, At safepoint: 31195000 ns, Total: 31256792 ns
[2025-09-01T02:38:04.599+0000][175][info ][safepoint   ] Safepoint "Cleanup", Time since last: 8009144503 ns, Reaching safepoint: 63625 ns, Cleanup: 92459 ns, At safepoint: 23125 ns, Total: 179209 ns
[2025-09-01T02:38:07.604+0000][175][info ][safepoint   ] Safepoint "Cleanup", Time since last: 3004868084 ns, Reaching safepoint: 76709 ns, Cleanup: 46208 ns, At safepoint: 18458 ns, Total: 141375 ns
[2025-09-01T02:38:10.607+0000][175][info ][safepoint   ] Safepoint "Cleanup", Time since last: 3003157668 ns, Reaching safepoint: 63792 ns, Cleanup: 45042 ns, At safepoint: 21250 ns, Total: 130084 ns
[2025-09-01T02:38:12.609+0000][175][info ][safepoint   ] Safepoint "Cleanup", Time since last: 2002010876 ns, Reaching safepoint: 35708 ns, Cleanup: 28000 ns, At safepoint: 15042 ns, Total: 78750 ns
[2025-09-01T02:38:23.594+0000][175][info ][safepoint   ] Safepoint "Cleanup", Time since last: 10985175088 ns, Reaching safepoint: 6083 ns, Cleanup: 19250 ns, At safepoint: 2334 ns, Total: 27667 ns
[2025-09-01T02:38:24.849+0000][175][info ][safepoint   ] Safepoint "Cleanup", Time since last: 1254277917 ns, Reaching safepoint: 21833 ns, Cleanup: 56584 ns, At safepoint: 8916 ns, Total: 87333 ns
[2025-09-01T02:38:25.850+0000][175][info ][safepoint   ] Safepoint "Cleanup", Time since last: 1001105876 ns, Reaching safepoint: 71375 ns, Cleanup: 40250 ns, At safepoint: 19833 ns, Total: 131458 ns
[2025-09-01T02:38:26.861+0000][175][info ][safepoint   ] Safepoint "Cleanup", Time since last: 1010739126 ns, Reaching safepoint: 17166 ns, Cleanup: 18042 ns, At safepoint: 9542 ns, Total: 44750 ns
[2025-09-01T02:38:31.886+0000][175][info ][safepoint   ] Safepoint "Cleanup", Time since last: 5025081044 ns, Reaching safepoint: 84833 ns, Cleanup: 56667 ns, At safepoint: 17291 ns, Total: 158791 ns
[2025-09-01T02:38:34.889+0000][175][info ][safepoint   ] Safepoint "Cleanup", Time since last: 3003435543 ns, Reaching safepoint: 73791 ns, Cleanup: 53000 ns, At safepoint: 14625 ns, Total: 141416 ns
[2025-09-01T02:38:38.896+0000][175][info ][safepoint   ] Safepoint "Cleanup", Time since last: 4006400877 ns, Reaching safepoint: 67083 ns, Cleanup: 27500 ns, At safepoint: 12167 ns, Total: 106750 ns
[2025-09-01T02:38:46.908+0000][175][info ][safepoint   ] Safepoint "Cleanup", Time since last: 8012297671 ns, Reaching safepoint: 64625 ns, Cleanup: 26333 ns, At safepoint: 21167 ns, Total: 112125 ns
[2025-09-01T02:38:50.913+0000][175][info ][safepoint   ] Safepoint "Cleanup", Time since last: 4004758793 ns, Reaching safepoint: 61959 ns, Cleanup: 50875 ns, At safepoint: 13000 ns, Total: 125834 ns
[2025-09-01T02:38:59.841+0000][175][info ][safepoint   ] Safepoint "Cleanup", Time since last: 8927897837 ns, Reaching safepoint: 79708 ns, Cleanup: 45125 ns, At safepoint: 19834 ns, Total: 144667 ns
[2025-09-01T02:39:07.851+0000][175][info ][safepoint   ] Safepoint "Cleanup", Time since last: 8009730919 ns, Reaching safepoint: 80125 ns, Cleanup: 44625 ns, At safepoint: 20000 ns, Total: 144750 ns
[2025-09-01T02:39:10.856+0000][175][info ][safepoint   ] Safepoint "Cleanup", Time since last: 3004811085 ns, Reaching safepoint: 67500 ns, Cleanup: 43708 ns, At safepoint: 17334 ns, Total: 128542 ns
[2025-09-01T02:39:12.859+0000][175][info ][safepoint   ] Safepoint "Cleanup", Time since last: 2002518084 ns, Reaching safepoint: 67042 ns, Cleanup: 46916 ns, At safepoint: 19625 ns, Total: 133583 ns
[2025-09-01T02:39:13.860+0000][175][info ][safepoint   ] Safepoint "Cleanup", Time since last: 1001040043 ns, Reaching safepoint: 84541 ns, Cleanup: 59709 ns, At safepoint: 20208 ns, Total: 164458 ns
[2025-09-01T02:39:23.876+0000][175][info ][safepoint   ] Safepoint "Cleanup", Time since last: 10015314713 ns, Reaching safepoint: 68583 ns, Cleanup: 40709 ns, At safepoint: 19250 ns, Total: 128542 ns
[2025-09-01T02:39:26.605+0000][175][info ][safepoint   ] Safepoint "Cleanup", Time since last: 2729517418 ns, Reaching safepoint: 4916 ns, Cleanup: 18500 ns, At safepoint: 1834 ns, Total: 25250 ns
[2025-09-01T02:39:28.178+0000][175][info ][safepoint   ] Safepoint "Cleanup", Time since last: 1573247292 ns, Reaching safepoint: 50833 ns, Cleanup: 54292 ns, At safepoint: 25708 ns, Total: 130833 ns
[2025-09-01T02:39:29.639+0000][175][info ][safepoint   ] Safepoint "Cleanup", Time since last: 1460335376 ns, Reaching safepoint: 3750 ns, Cleanup: 5250 ns, At safepoint: 5042 ns, Total: 14042 ns
[2025-09-01T02:39:31.218+0000][175][info ][safepoint   ] Safepoint "Cleanup", Time since last: 1578636334 ns, Reaching safepoint: 64791 ns, Cleanup: 115042 ns, At safepoint: 17125 ns, Total: 196958 ns
[2025-09-01T02:39:34.223+0000][175][info ][safepoint   ] Safepoint "Cleanup", Time since last: 3005403043 ns, Reaching safepoint: 63334 ns, Cleanup: 22125 ns, At safepoint: 15333 ns, Total: 100792 ns
[2025-09-01T02:39:44.239+0000][175][info ][safepoint   ] Safepoint "Cleanup", Time since last: 10015373171 ns, Reaching safepoint: 70291 ns, Cleanup: 49250 ns, At safepoint: 22250 ns, Total: 141791 ns
[2025-09-01T02:39:46.243+0000][175][info ][safepoint   ] Safepoint "Cleanup", Time since last: 2004173668 ns, Reaching safepoint: 85958 ns, Cleanup: 78042 ns, At safepoint: 16667 ns, Total: 180667 ns
[2025-09-01T02:39:54.255+0000][175][info ][safepoint   ] Safepoint "Cleanup", Time since last: 8012125795 ns, Reaching safepoint: 77667 ns, Cleanup: 44458 ns, At safepoint: 16750 ns, Total: 138875 ns
[2025-09-01T02:39:56.842+0000][175][info ][safepoint   ] Safepoint "Cleanup", Time since last: 2586943335 ns, Reaching safepoint: 77500 ns, Cleanup: 42083 ns, At safepoint: 23750 ns, Total: 143333 ns
[2025-09-01T02:39:58.845+0000][175][info ][safepoint   ] Safepoint "Cleanup", Time since last: 2002389668 ns, Reaching safepoint: 82458 ns, Cleanup: 57625 ns, At safepoint: 20417 ns, Total: 160500 ns
[2025-09-01T02:40:03.852+0000][175][info ][safepoint   ] Safepoint "Cleanup", Time since last: 5006584835 ns, Reaching safepoint: 72125 ns, Cleanup: 31334 ns, At safepoint: 17208 ns, Total: 120667 ns
[2025-09-01T02:40:08.616+0000][175][info ][safepoint   ] Safepoint "Cleanup", Time since last: 4764180793 ns, Reaching safepoint: 5750 ns, Cleanup: 10875 ns, At safepoint: 2875 ns, Total: 19500 ns
[2025-09-01T02:40:10.367+0000][175][info ][safepoint   ] Safepoint "Cleanup", Time since last: 1750788334 ns, Reaching safepoint: 11375 ns, Cleanup: 21042 ns, At safepoint: 4833 ns, Total: 37250 ns
[2025-09-01T02:40:11.653+0000][175][info ][safepoint   ] Safepoint "Cleanup", Time since last: 1286264959 ns, Reaching safepoint: 3667 ns, Cleanup: 4458 ns, At safepoint: 2125 ns, Total: 10250 ns
[2025-09-01T02:40:13.432+0000][175][info ][safepoint   ] Safepoint "Cleanup", Time since last: 1778504460 ns, Reaching safepoint: 40750 ns, Cleanup: 162916 ns, At safepoint: 26875 ns, Total: 230541 ns
[2025-09-01T02:40:15.434+0000][175][info ][safepoint   ] Safepoint "Cleanup", Time since last: 2002102918 ns, Reaching safepoint: 50583 ns, Cleanup: 18709 ns, At safepoint: 11958 ns, Total: 81250 ns
[2025-09-01T02:40:23.489+0000][175][info ][safepoint   ] Safepoint "Cleanup", Time since last: 8055304254 ns, Reaching safepoint: 69833 ns, Cleanup: 53167 ns, At safepoint: 14875 ns, Total: 137875 ns
[2025-09-01T02:40:30.515+0000][175][info ][safepoint   ] Safepoint "Cleanup", Time since last: 7025640170 ns, Reaching safepoint: 14541 ns, Cleanup: 24000 ns, At safepoint: 9417 ns, Total: 47958 ns
[2025-09-01T02:40:32.640+0000][175][info ][safepoint   ] Safepoint "Cleanup", Time since last: 2125297376 ns, Reaching safepoint: 3625 ns, Cleanup: 6667 ns, At safepoint: 5416 ns, Total: 15708 ns
[2025-09-01T02:40:58.058+0000][175][info ][safepoint   ] Safepoint "Cleanup", Time since last: 25417561762 ns, Reaching safepoint: 74167 ns, Cleanup: 44916 ns, At safepoint: 16584 ns, Total: 135667 ns
[2025-09-01T02:41:04.072+0000][175][info ][safepoint   ] Safepoint "Cleanup", Time since last: 6013930669 ns, Reaching safepoint: 92417 ns, Cleanup: 50041 ns, At safepoint: 25417 ns, Total: 167875 ns
[2025-09-01T02:41:15.083+0000][175][info ][safepoint   ] Safepoint "Cleanup", Time since last: 11010985672 ns, Reaching safepoint: 123875 ns, Cleanup: 25250 ns, At safepoint: 15416 ns, Total: 164541 ns
[2025-09-01T02:41:16.084+0000][175][info ][safepoint   ] Safepoint "Cleanup", Time since last: 1000769793 ns, Reaching safepoint: 70333 ns, Cleanup: 39333 ns, At safepoint: 13292 ns, Total: 122958 ns
[2025-09-01T02:41:26.096+0000][175][info ][safepoint   ] Safepoint "Cleanup", Time since last: 10011977963 ns, Reaching safepoint: 67042 ns, Cleanup: 65833 ns, At safepoint: 17208 ns, Total: 150083 ns
[2025-09-01T02:41:32.648+0000][175][info ][safepoint   ] Safepoint "Cleanup", Time since last: 6551225420 ns, Reaching safepoint: 6417 ns, Cleanup: 13583 ns, At safepoint: 2625 ns, Total: 22625 ns
[2025-09-01T02:41:33.880+0000][175][info ][safepoint   ] Safepoint "Cleanup", Time since last: 1232367334 ns, Reaching safepoint: 11792 ns, Cleanup: 27625 ns, At safepoint: 9416 ns, Total: 48833 ns
[2025-09-01T02:41:35.656+0000][175][info ][safepoint   ] Safepoint "Cleanup", Time since last: 1775074709 ns, Reaching safepoint: 1067375 ns, Cleanup: 11292 ns, At safepoint: 10958 ns, Total: 1089625 ns
[2025-09-01T02:41:36.915+0000][175][info ][safepoint   ] Safepoint "Cleanup", Time since last: 1258875251 ns, Reaching safepoint: 105000 ns, Cleanup: 256166 ns, At safepoint: 122125 ns, Total: 483291 ns
[2025-09-01T02:42:04.256+0000][175][info ][safepoint   ] Safepoint "Cleanup", Time since last: 27340462305 ns, Reaching safepoint: 70208 ns, Cleanup: 53209 ns, At safepoint: 10291 ns, Total: 133708 ns
[2025-09-01T02:42:06.260+0000][175][info ][safepoint   ] Safepoint "Cleanup", Time since last: 2003495292 ns, Reaching safepoint: 96042 ns, Cleanup: 61958 ns, At safepoint: 58875 ns, Total: 216875 ns
[2025-09-01T02:42:11.265+0000][175][info ][safepoint   ] Safepoint "Cleanup", Time since last: 5005537919 ns, Reaching safepoint: 93667 ns, Cleanup: 45708 ns, At safepoint: 25542 ns, Total: 164917 ns
[2025-09-01T02:42:12.267+0000][175][info ][safepoint   ] Safepoint "Cleanup", Time since last: 1001646417 ns, Reaching safepoint: 101416 ns, Cleanup: 28709 ns, At safepoint: 11000 ns, Total: 141125 ns
[2025-09-01T02:42:13.268+0000][175][info ][safepoint   ] Safepoint "Cleanup", Time since last: 1000495000 ns, Reaching safepoint: 27500 ns, Cleanup: 17334 ns, At safepoint: 8958 ns, Total: 53792 ns
[2025-09-01T02:42:36.103+0000][175][info ][safepoint   ] Safepoint "Cleanup", Time since last: 22835580427 ns, Reaching safepoint: 8000 ns, Cleanup: 19541 ns, At safepoint: 5542 ns, Total: 33083 ns
[2025-09-01T02:42:37.121+0000][175][info ][safepoint   ] Safepoint "Cleanup", Time since last: 1017891542 ns, Reaching safepoint: 68292 ns, Cleanup: 54042 ns, At safepoint: 25875 ns, Total: 148209 ns
[2025-09-01T02:42:43.170+0000][175][info ][safepoint   ] Safepoint "Cleanup", Time since last: 6048572419 ns, Reaching safepoint: 17750 ns, Cleanup: 17250 ns, At safepoint: 7167 ns, Total: 42167 ns
[2025-09-01T02:42:44.171+0000][175][info ][safepoint   ] Safepoint "Cleanup", Time since last: 1000821459 ns, Reaching safepoint: 58125 ns, Cleanup: 41375 ns, At safepoint: 12125 ns, Total: 111625 ns
[2025-09-01T02:42:49.176+0000][175][info ][safepoint   ] Safepoint "Cleanup", Time since last: 5005017335 ns, Reaching safepoint: 42042 ns, Cleanup: 27625 ns, At safepoint: 12667 ns, Total: 82334 ns
[2025-09-01T02:43:08.348+0000][175][info ][safepoint   ] Safepoint "Cleanup", Time since last: 19171830384 ns, Reaching safepoint: 36875 ns, Cleanup: 26833 ns, At safepoint: 13417 ns, Total: 77125 ns
[2025-09-01T02:43:13.354+0000][175][info ][safepoint   ] Safepoint "Cleanup", Time since last: 5005582210 ns, Reaching safepoint: 29500 ns, Cleanup: 13375 ns, At safepoint: 4417 ns, Total: 47292 ns
[2025-09-01T02:43:15.356+0000][175][info ][safepoint   ] Safepoint "Cleanup", Time since last: 2002123584 ns, Reaching safepoint: 52750 ns, Cleanup: 30084 ns, At safepoint: 13416 ns, Total: 96250 ns
[2025-09-01T02:43:34.379+0000][175][info ][safepoint   ] Safepoint "Cleanup", Time since last: 19022979176 ns, Reaching safepoint: 44167 ns, Cleanup: 42541 ns, At safepoint: 15625 ns, Total: 102333 ns
[2025-09-01T02:43:38.671+0000][175][info ][gc,start    ] GC(28) Pause Young (Mixed) (G1 Evacuation Pause)
[2025-09-01T02:43:38.671+0000][175][info ][gc,task     ] GC(28) Using 8 workers of 8 for evacuation
[2025-09-01T02:43:38.671+0000][175][debug][gc,age      ] GC(28) Desired survivor size 41943040 bytes, new threshold 15 (max threshold 15)
[2025-09-01T02:43:38.692+0000][175][info ][gc,phases   ] GC(28)   Pre Evacuate Collection Set: 0.66ms
[2025-09-01T02:43:38.692+0000][175][info ][gc,phases   ] GC(28)   Merge Heap Roots: 0.18ms
[2025-09-01T02:43:38.692+0000][175][info ][gc,phases   ] GC(28)   Evacuate Collection Set: 17.87ms
[2025-09-01T02:43:38.692+0000][175][info ][gc,phases   ] GC(28)   Post Evacuate Collection Set: 1.87ms
[2025-09-01T02:43:38.692+0000][175][info ][gc,phases   ] GC(28)   Other: 0.24ms
[2025-09-01T02:43:38.692+0000][175][trace][gc,age      ] GC(28) Age table with threshold 15 (max threshold 15)
[2025-09-01T02:43:38.692+0000][175][trace][gc,age      ] GC(28) - age   1:    1258152 bytes,    1258152 total
[2025-09-01T02:43:38.692+0000][175][trace][gc,age      ] GC(28) - age   2:     145728 bytes,    1403880 total
[2025-09-01T02:43:38.692+0000][175][trace][gc,age      ] GC(28) - age   3:     106784 bytes,    1510664 total
[2025-09-01T02:43:38.692+0000][175][trace][gc,age      ] GC(28) - age   4:     139448 bytes,    1650112 total
[2025-09-01T02:43:38.692+0000][175][trace][gc,age      ] GC(28) - age   5:     108840 bytes,    1758952 total
[2025-09-01T02:43:38.692+0000][175][trace][gc,age      ] GC(28) - age   6:    1443864 bytes,    3202816 total
[2025-09-01T02:43:38.692+0000][175][trace][gc,age      ] GC(28) - age   7:    1096664 bytes,    4299480 total
[2025-09-01T02:43:38.692+0000][175][trace][gc,age      ] GC(28) - age   8:    5027928 bytes,    9327408 total
[2025-09-01T02:43:38.692+0000][175][trace][gc,age      ] GC(28) - age   9:    9714352 bytes,   19041760 total
[2025-09-01T02:43:38.692+0000][175][info ][gc,heap     ] GC(28) Eden regions: 148->0(147)
[2025-09-01T02:43:38.692+0000][175][info ][gc,heap     ] GC(28) Survivor regions: 5->6(20)
[2025-09-01T02:43:38.692+0000][175][info ][gc,heap     ] GC(28) Old regions: 34->33
[2025-09-01T02:43:38.692+0000][175][info ][gc,heap     ] GC(28) Humongous regions: 2->2
[2025-09-01T02:43:38.692+0000][175][info ][gc,metaspace] GC(28) Metaspace: 158740K(165568K)->158740K(165568K) NonClass: 137251K(141440K)->137251K(141440K) Class: 21488K(24128K)->21488K(24128K)
[2025-09-01T02:43:38.693+0000][175][info ][gc          ] GC(28) Pause Young (Mixed) (G1 Evacuation Pause) 751M->159M(1024M) 21.691ms
[2025-09-01T02:43:38.693+0000][175][info ][gc,cpu      ] GC(28) User=0.14s Sys=0.00s Real=0.02s
[2025-09-01T02:43:38.693+0000][175][info ][safepoint   ] Safepoint "G1CollectForAllocation", Time since last: 4291996918 ns, Reaching safepoint: 8542 ns, Cleanup: 3333 ns, At safepoint: 21841375 ns, Total: 21853250 ns
[2025-09-01T02:43:40.375+0000][175][info ][safepoint   ] Safepoint "Cleanup", Time since last: 1682473084 ns, Reaching safepoint: 92875 ns, Cleanup: 31500 ns, At safepoint: 39542 ns, Total: 163917 ns
[2025-09-01T02:43:42.387+0000][175][info ][safepoint   ] Safepoint "Cleanup", Time since last: 2011815751 ns, Reaching safepoint: 11000 ns, Cleanup: 11666 ns, At safepoint: 6625 ns, Total: 29291 ns
[2025-09-01T02:43:43.407+0000][175][info ][safepoint   ] Safepoint "Cleanup", Time since last: 1019854959 ns, Reaching safepoint: 13542 ns, Cleanup: 14667 ns, At safepoint: 11083 ns, Total: 39292 ns
[2025-09-01T02:43:59.450+0000][175][info ][safepoint   ] Safepoint "Cleanup", Time since last: 16043136466 ns, Reaching safepoint: 88000 ns, Cleanup: 46083 ns, At safepoint: 18917 ns, Total: 153000 ns
[2025-09-01T02:44:00.452+0000][175][info ][safepoint   ] Safepoint "Cleanup", Time since last: 1001428500 ns, Reaching safepoint: 46625 ns, Cleanup: 42125 ns, At safepoint: 13000 ns, Total: 101750 ns
[2025-09-01T02:44:08.461+0000][175][info ][safepoint   ] Safepoint "Cleanup", Time since last: 8008476337 ns, Reaching safepoint: 86708 ns, Cleanup: 64167 ns, At safepoint: 28833 ns, Total: 179708 ns
[2025-09-01T02:44:10.464+0000][175][info ][safepoint   ] Safepoint "Cleanup", Time since last: 2003652585 ns, Reaching safepoint: 139833 ns, Cleanup: 52750 ns, At safepoint: 24958 ns, Total: 217541 ns
[2025-09-01T02:44:36.536+0000][175][info ][safepoint   ] Safepoint "Cleanup", Time since last: 26070876221 ns, Reaching safepoint: 79000 ns, Cleanup: 18375 ns, At safepoint: 16000 ns, Total: 113375 ns
[2025-09-01T02:44:41.687+0000][175][info ][safepoint   ] Safepoint "Cleanup", Time since last: 5151551335 ns, Reaching safepoint: 5584 ns, Cleanup: 11333 ns, At safepoint: 2750 ns, Total: 19667 ns
[2025-09-01T02:44:43.600+0000][175][info ][safepoint   ] Safepoint "Cleanup", Time since last: 1912754876 ns, Reaching safepoint: 59875 ns, Cleanup: 41042 ns, At safepoint: 25541 ns, Total: 126458 ns
[2025-09-01T02:44:44.676+0000][175][info ][safepoint   ] Safepoint "Cleanup", Time since last: 1075722376 ns, Reaching safepoint: 6292 ns, Cleanup: 14000 ns, At safepoint: 3166 ns, Total: 23458 ns
[2025-09-01T02:45:03.561+0000][175][info ][safepoint   ] Safepoint "Cleanup", Time since last: 18885261218 ns, Reaching safepoint: 48250 ns, Cleanup: 38708 ns, At safepoint: 10125 ns, Total: 97083 ns
[2025-09-01T02:45:05.564+0000][175][info ][safepoint   ] Safepoint "Cleanup", Time since last: 2003132959 ns, Reaching safepoint: 70375 ns, Cleanup: 46000 ns, At safepoint: 18000 ns, Total: 134375 ns
[2025-09-01T02:45:10.572+0000][175][info ][safepoint   ] Safepoint "Cleanup", Time since last: 5007069460 ns, Reaching safepoint: 62709 ns, Cleanup: 42458 ns, At safepoint: 19125 ns, Total: 124292 ns
[2025-09-01T02:45:11.692+0000][175][info ][safepoint   ] Safepoint "Cleanup", Time since last: 1120404292 ns, Reaching safepoint: 13708 ns, Cleanup: 12459 ns, At safepoint: 11000 ns, Total: 37167 ns
[2025-09-01T02:45:12.717+0000][175][info ][safepoint   ] Safepoint "Cleanup", Time since last: 1024562084 ns, Reaching safepoint: 12333 ns, Cleanup: 29042 ns, At safepoint: 6875 ns, Total: 48250 ns
[2025-09-01T02:45:13.763+0000][175][info ][safepoint   ] Safepoint "Cleanup", Time since last: 1045839958 ns, Reaching safepoint: 79834 ns, Cleanup: 48333 ns, At safepoint: 16917 ns, Total: 145084 ns
[2025-09-01T02:45:42.285+0000][175][info ][safepoint   ] Safepoint "Cleanup", Time since last: 28522379054 ns, Reaching safepoint: 59417 ns, Cleanup: 45000 ns, At safepoint: 18166 ns, Total: 122583 ns
[2025-09-01T02:45:44.702+0000][175][info ][safepoint   ] Safepoint "Cleanup", Time since last: 2417026877 ns, Reaching safepoint: 7666 ns, Cleanup: 27917 ns, At safepoint: 7042 ns, Total: 42625 ns
[2025-09-01T02:45:45.955+0000][175][info ][safepoint   ] Safepoint "Cleanup", Time since last: 1252071333 ns, Reaching safepoint: 661875 ns, Cleanup: 104042 ns, At safepoint: 21083 ns, Total: 787000 ns
[2025-09-01T02:45:47.362+0000][175][info ][safepoint   ] Safepoint "Cleanup", Time since last: 1407415209 ns, Reaching safepoint: 71500 ns, Cleanup: 53292 ns, At safepoint: 20708 ns, Total: 145500 ns
[2025-09-01T02:45:48.999+0000][175][info ][safepoint   ] Safepoint "Cleanup", Time since last: 1636449210 ns, Reaching safepoint: 66250 ns, Cleanup: 112833 ns, At safepoint: 17750 ns, Total: 196833 ns
[2025-09-01T02:46:06.677+0000][175][info ][safepoint   ] Safepoint "Cleanup", Time since last: 17677321758 ns, Reaching safepoint: 66666 ns, Cleanup: 45709 ns, At safepoint: 21458 ns, Total: 133833 ns
[2025-09-01T02:46:07.678+0000][175][info ][safepoint   ] Safepoint "Cleanup", Time since last: 1001402751 ns, Reaching safepoint: 62500 ns, Cleanup: 41791 ns, At safepoint: 24125 ns, Total: 128416 ns
[2025-09-01T02:46:19.693+0000][175][info ][safepoint   ] Safepoint "Cleanup", Time since last: 12014760339 ns, Reaching safepoint: 177584 ns, Cleanup: 63416 ns, At safepoint: 29209 ns, Total: 270209 ns
[2025-09-01T02:46:20.696+0000][175][info ][safepoint   ] Safepoint "Cleanup", Time since last: 1002903083 ns, Reaching safepoint: 16917 ns, Cleanup: 17167 ns, At safepoint: 10500 ns, Total: 44584 ns
[2025-09-01T02:46:26.702+0000][175][info ][safepoint   ] Safepoint "Cleanup", Time since last: 6005813503 ns, Reaching safepoint: 35208 ns, Cleanup: 12625 ns, At safepoint: 6625 ns, Total: 54458 ns
[2025-09-01T02:46:39.720+0000][175][info ][safepoint   ] Safepoint "Cleanup", Time since last: 13017880839 ns, Reaching safepoint: 115250 ns, Cleanup: 26333 ns, At safepoint: 18583 ns, Total: 160166 ns
[2025-09-01T02:46:47.720+0000][175][info ][safepoint   ] Safepoint "Cleanup", Time since last: 8000385588 ns, Reaching safepoint: 5125 ns, Cleanup: 8958 ns, At safepoint: 2333 ns, Total: 16416 ns
[2025-09-01T02:46:49.234+0000][175][info ][safepoint   ] Safepoint "Cleanup", Time since last: 1512271918 ns, Reaching safepoint: 1227708 ns, Cleanup: 53458 ns, At safepoint: 33709 ns, Total: 1314875 ns
[2025-09-01T02:46:50.705+0000][175][info ][safepoint   ] Safepoint "Cleanup", Time since last: 1471190209 ns, Reaching safepoint: 8041 ns, Cleanup: 11750 ns, At safepoint: 3459 ns, Total: 23250 ns
[2025-09-01T02:47:00.716+0000][175][info ][safepoint   ] Safepoint "Cleanup", Time since last: 10010843296 ns, Reaching safepoint: 94500 ns, Cleanup: 94875 ns, At safepoint: 29667 ns, Total: 219042 ns
[2025-09-01T02:47:07.725+0000][175][info ][safepoint   ] Safepoint "Cleanup", Time since last: 7008568086 ns, Reaching safepoint: 41084 ns, Cleanup: 27833 ns, At safepoint: 14542 ns, Total: 83459 ns
[2025-09-01T02:47:08.727+0000][175][info ][safepoint   ] Safepoint "Cleanup", Time since last: 1001626250 ns, Reaching safepoint: 19542 ns, Cleanup: 20666 ns, At safepoint: 13667 ns, Total: 53875 ns
[2025-09-01T02:47:32.755+0000][175][info ][safepoint   ] Safepoint "Cleanup", Time since last: 24028395386 ns, Reaching safepoint: 356375 ns, Cleanup: 54417 ns, At safepoint: 27792 ns, Total: 438584 ns
[2025-09-01T02:47:35.760+0000][175][info ][safepoint   ] Safepoint "Cleanup", Time since last: 3004803500 ns, Reaching safepoint: 33834 ns, Cleanup: 10125 ns, At safepoint: 6833 ns, Total: 50792 ns
[2025-09-01T02:47:44.770+0000][175][info ][safepoint   ] Safepoint "Cleanup", Time since last: 9009743963 ns, Reaching safepoint: 31041 ns, Cleanup: 19542 ns, At safepoint: 10458 ns, Total: 61041 ns
[2025-09-01T02:47:50.724+0000][175][info ][safepoint   ] Safepoint "Cleanup", Time since last: 5954459128 ns, Reaching safepoint: 5500 ns, Cleanup: 8833 ns, At safepoint: 3959 ns, Total: 18292 ns
[2025-09-01T02:47:52.452+0000][175][info ][safepoint   ] Safepoint "Cleanup", Time since last: 1727725959 ns, Reaching safepoint: 33542 ns, Cleanup: 20125 ns, At safepoint: 14916 ns, Total: 68583 ns
[2025-09-01T02:47:56.791+0000][175][info ][safepoint   ] Safepoint "Cleanup", Time since last: 4339090919 ns, Reaching safepoint: 52292 ns, Cleanup: 22916 ns, At safepoint: 16917 ns, Total: 92125 ns
[2025-09-01T02:48:05.802+0000][175][info ][safepoint   ] Safepoint "Cleanup", Time since last: 9010311129 ns, Reaching safepoint: 72958 ns, Cleanup: 42750 ns, At safepoint: 14750 ns, Total: 130458 ns
[2025-09-01T02:48:07.804+0000][175][info ][safepoint   ] Safepoint "Cleanup", Time since last: 2001873709 ns, Reaching safepoint: 65917 ns, Cleanup: 57708 ns, At safepoint: 15209 ns, Total: 138834 ns
[2025-09-01T02:48:36.835+0000][175][info ][safepoint   ] Safepoint "Cleanup", Time since last: 29030251679 ns, Reaching safepoint: 296292 ns, Cleanup: 65416 ns, At safepoint: 49834 ns, Total: 411542 ns
[2025-09-01T02:48:53.744+0000][175][info ][safepoint   ] Safepoint "Cleanup", Time since last: 16908744841 ns, Reaching safepoint: 320000 ns, Cleanup: 10250 ns, At safepoint: 5209 ns, Total: 335459 ns
[2025-09-01T02:48:56.733+0000][175][info ][safepoint   ] Safepoint "Cleanup", Time since last: 2989170418 ns, Reaching safepoint: 6125 ns, Cleanup: 12458 ns, At safepoint: 3042 ns, Total: 21625 ns
[2025-09-01T02:49:07.751+0000][175][info ][safepoint   ] Safepoint "Cleanup", Time since last: 11018006879 ns, Reaching safepoint: 74209 ns, Cleanup: 41583 ns, At safepoint: 17167 ns, Total: 132959 ns
[2025-09-01T02:49:08.752+0000][175][info ][safepoint   ] Safepoint "Cleanup", Time since last: 1000672875 ns, Reaching safepoint: 19417 ns, Cleanup: 12958 ns, At safepoint: 7833 ns, Total: 40208 ns
[2025-09-01T02:49:18.388+0000][175][info ][gc,start    ] GC(29) Pause Young (Concurrent Start) (G1 Evacuation Pause)
[2025-09-01T02:49:18.389+0000][175][info ][gc,task     ] GC(29) Using 8 workers of 8 for evacuation
[2025-09-01T02:49:18.390+0000][175][debug][gc,age      ] GC(29) Desired survivor size 41943040 bytes, new threshold 15 (max threshold 15)
[2025-09-01T02:49:18.416+0000][175][info ][gc,phases   ] GC(29)   Pre Evacuate Collection Set: 0.95ms
[2025-09-01T02:49:18.416+0000][175][info ][gc,phases   ] GC(29)   Merge Heap Roots: 0.23ms
[2025-09-01T02:49:18.416+0000][175][info ][gc,phases   ] GC(29)   Evacuate Collection Set: 22.03ms
[2025-09-01T02:49:18.416+0000][175][info ][gc,phases   ] GC(29)   Post Evacuate Collection Set: 2.40ms
[2025-09-01T02:49:18.416+0000][175][info ][gc,phases   ] GC(29)   Other: 0.56ms
[2025-09-01T02:49:18.416+0000][175][trace][gc,age      ] GC(29) Age table with threshold 15 (max threshold 15)
[2025-09-01T02:49:18.416+0000][175][trace][gc,age      ] GC(29) - age   1:     911192 bytes,     911192 total
[2025-09-01T02:49:18.416+0000][175][trace][gc,age      ] GC(29) - age   2:      31568 bytes,     942760 total
[2025-09-01T02:49:18.416+0000][175][trace][gc,age      ] GC(29) - age   3:      17304 bytes,     960064 total
[2025-09-01T02:49:18.416+0000][175][trace][gc,age      ] GC(29) - age   4:     106304 bytes,    1066368 total
[2025-09-01T02:49:18.416+0000][175][trace][gc,age      ] GC(29) - age   5:     139192 bytes,    1205560 total
[2025-09-01T02:49:18.416+0000][175][trace][gc,age      ] GC(29) - age   6:     108584 bytes,    1314144 total
[2025-09-01T02:49:18.416+0000][175][trace][gc,age      ] GC(29) - age   7:    1443864 bytes,    2758008 total
[2025-09-01T02:49:18.416+0000][175][trace][gc,age      ] GC(29) - age   8:    1096528 bytes,    3854536 total
[2025-09-01T02:49:18.416+0000][175][trace][gc,age      ] GC(29) - age   9:    4995208 bytes,    8849744 total
[2025-09-01T02:49:18.416+0000][175][trace][gc,age      ] GC(29) - age  10:    9713816 bytes,   18563560 total
[2025-09-01T02:49:18.417+0000][175][info ][gc,heap     ] GC(29) Eden regions: 147->0(148)
[2025-09-01T02:49:18.417+0000][175][info ][gc,heap     ] GC(29) Survivor regions: 6->5(20)
[2025-09-01T02:49:18.417+0000][175][info ][gc,heap     ] GC(29) Old regions: 33->33
[2025-09-01T02:49:18.417+0000][175][info ][gc,heap     ] GC(29) Humongous regions: 2->2
[2025-09-01T02:49:18.417+0000][175][info ][gc,metaspace] GC(29) Metaspace: 158983K(165632K)->158983K(165632K) NonClass: 137495K(141504K)->137495K(141504K) Class: 21488K(24128K)->21488K(24128K)
[2025-09-01T02:49:18.417+0000][175][info ][gc          ] GC(29) Pause Young (Concurrent Start) (G1 Evacuation Pause) 747M->158M(1024M) 28.382ms
[2025-09-01T02:49:18.417+0000][175][info ][gc,cpu      ] GC(29) User=0.19s Sys=0.00s Real=0.03s
[2025-09-01T02:49:18.417+0000][175][info ][gc          ] GC(30) Concurrent Mark Cycle
[2025-09-01T02:49:18.417+0000][175][info ][gc,marking  ] GC(30) Concurrent Scan Root Regions
[2025-09-01T02:49:18.417+0000][175][info ][safepoint   ] Safepoint "G1CollectForAllocation", Time since last: 9636524255 ns, Reaching safepoint: 45667 ns, Cleanup: 5625 ns, At safepoint: 28590333 ns, Total: 28641625 ns
[2025-09-01T02:49:18.424+0000][175][info ][gc,marking  ] GC(30) Concurrent Scan Root Regions 7.463ms
[2025-09-01T02:49:18.425+0000][175][info ][gc,marking  ] GC(30) Concurrent Mark
[2025-09-01T02:49:18.425+0000][175][info ][gc,marking  ] GC(30) Concurrent Mark From Roots
[2025-09-01T02:49:18.425+0000][175][info ][gc,task     ] GC(30) Using 2 workers of 2 for marking
[2025-09-01T02:49:18.483+0000][175][info ][gc,marking  ] GC(30) Concurrent Mark From Roots 58.590ms
[2025-09-01T02:49:18.483+0000][175][info ][gc,marking  ] GC(30) Concurrent Preclean
[2025-09-01T02:49:18.484+0000][175][info ][gc,marking  ] GC(30) Concurrent Preclean 0.434ms
[2025-09-01T02:49:18.484+0000][175][info ][gc,start    ] GC(30) Pause Remark
[2025-09-01T02:49:18.500+0000][175][info ][gc          ] GC(30) Pause Remark 158M->158M(1024M) 16.278ms
[2025-09-01T02:49:18.500+0000][175][info ][gc,cpu      ] GC(30) User=0.11s Sys=0.00s Real=0.02s
[2025-09-01T02:49:18.500+0000][175][info ][safepoint   ] Safepoint "G1PauseRemark", Time since last: 66828042 ns, Reaching safepoint: 9708 ns, Cleanup: 1583 ns, At safepoint: 16460750 ns, Total: 16472041 ns
[2025-09-01T02:49:18.500+0000][175][info ][gc,marking  ] GC(30) Concurrent Mark 75.748ms
[2025-09-01T02:49:18.500+0000][175][info ][gc,marking  ] GC(30) Concurrent Rebuild Remembered Sets and Scrub Regions
[2025-09-01T02:49:18.527+0000][175][info ][gc,marking  ] GC(30) Concurrent Rebuild Remembered Sets and Scrub Regions 27.131ms
[2025-09-01T02:49:18.528+0000][175][info ][gc,start    ] GC(30) Pause Cleanup
[2025-09-01T02:49:18.528+0000][175][info ][gc          ] GC(30) Pause Cleanup 158M->158M(1024M) 0.138ms
[2025-09-01T02:49:18.528+0000][175][info ][gc,cpu      ] GC(30) User=0.00s Sys=0.00s Real=0.00s
[2025-09-01T02:49:18.528+0000][175][info ][safepoint   ] Safepoint "G1PauseCleanup", Time since last: 27323125 ns, Reaching safepoint: 7375 ns, Cleanup: 41709 ns, At safepoint: 276125 ns, Total: 325209 ns
[2025-09-01T02:49:18.528+0000][175][info ][gc,marking  ] GC(30) Concurrent Clear Claimed Marks
[2025-09-01T02:49:18.528+0000][175][info ][gc,marking  ] GC(30) Concurrent Clear Claimed Marks 0.260ms
[2025-09-01T02:49:18.528+0000][175][info ][gc,marking  ] GC(30) Concurrent Cleanup for Next Mark
[2025-09-01T02:49:18.531+0000][175][info ][gc,marking  ] GC(30) Concurrent Cleanup for Next Mark 2.706ms
[2025-09-01T02:49:18.531+0000][175][info ][gc          ] GC(30) Concurrent Mark Cycle 114.111ms
[2025-09-01T02:49:33.548+0000][175][info ][safepoint   ] Safepoint "Cleanup", Time since last: 15019808632 ns, Reaching safepoint: 18250 ns, Cleanup: 12208 ns, At safepoint: 8209 ns, Total: 38667 ns
[2025-09-01T02:49:39.555+0000][175][info ][safepoint   ] Safepoint "Cleanup", Time since last: 6006933627 ns, Reaching safepoint: 82583 ns, Cleanup: 79250 ns, At safepoint: 27917 ns, Total: 189750 ns
[2025-09-01T02:49:41.557+0000][175][info ][safepoint   ] Safepoint "Cleanup", Time since last: 2002421418 ns, Reaching safepoint: 103500 ns, Cleanup: 49458 ns, At safepoint: 21167 ns, Total: 174125 ns
[2025-09-01T02:49:42.559+0000][175][info ][safepoint   ] Safepoint "Cleanup", Time since last: 1001320625 ns, Reaching safepoint: 39875 ns, Cleanup: 33833 ns, At safepoint: 12667 ns, Total: 86375 ns
[2025-09-01T02:49:45.563+0000][175][info ][safepoint   ] Safepoint "Cleanup", Time since last: 3003934293 ns, Reaching safepoint: 68625 ns, Cleanup: 59292 ns, At safepoint: 29542 ns, Total: 157459 ns
[2025-09-01T02:49:55.575+0000][175][info ][safepoint   ] Safepoint "Cleanup", Time since last: 10011649963 ns, Reaching safepoint: 180458 ns, Cleanup: 32042 ns, At safepoint: 26208 ns, Total: 238708 ns
[2025-09-01T02:49:56.750+0000][175][info ][safepoint   ] Safepoint "Cleanup", Time since last: 1175033751 ns, Reaching safepoint: 5291 ns, Cleanup: 8084 ns, At safepoint: 3833 ns, Total: 17208 ns
[2025-09-01T02:49:57.888+0000][175][info ][safepoint   ] Safepoint "Cleanup", Time since last: 1138390500 ns, Reaching safepoint: 3917 ns, Cleanup: 81750 ns, At safepoint: 10625 ns, Total: 96292 ns
[2025-09-01T02:49:59.926+0000][175][info ][safepoint   ] Safepoint "Cleanup", Time since last: 2037552168 ns, Reaching safepoint: 8000 ns, Cleanup: 7208 ns, At safepoint: 2000 ns, Total: 17208 ns
[2025-09-01T02:50:00.949+0000][175][info ][safepoint   ] Safepoint "Cleanup", Time since last: 1022892834 ns, Reaching safepoint: 50792 ns, Cleanup: 34416 ns, At safepoint: 10625 ns, Total: 95833 ns
[2025-09-01T02:50:03.991+0000][175][info ][safepoint   ] Safepoint "Cleanup", Time since last: 3042488793 ns, Reaching safepoint: 28959 ns, Cleanup: 16916 ns, At safepoint: 8125 ns, Total: 54000 ns
[2025-09-01T02:50:07.998+0000][175][info ][safepoint   ] Safepoint "Cleanup", Time since last: 4006924210 ns, Reaching safepoint: 19792 ns, Cleanup: 19041 ns, At safepoint: 11375 ns, Total: 50208 ns
[2025-09-01T02:50:08.999+0000][175][info ][safepoint   ] Safepoint "Cleanup", Time since last: 1000318751 ns, Reaching safepoint: 62875 ns, Cleanup: 39250 ns, At safepoint: 17541 ns, Total: 119666 ns
[2025-09-01T02:50:11.758+0000][175][info ][safepoint   ] Safepoint "Cleanup", Time since last: 2759157252 ns, Reaching safepoint: 5750 ns, Cleanup: 11958 ns, At safepoint: 2083 ns, Total: 19791 ns
[2025-09-01T02:50:13.043+0000][175][info ][safepoint   ] Safepoint "Cleanup", Time since last: 1284618334 ns, Reaching safepoint: 84292 ns, Cleanup: 87083 ns, At safepoint: 25959 ns, Total: 197334 ns
[2025-09-01T02:50:28.117+0000][175][info ][safepoint   ] Safepoint "Cleanup", Time since last: 15074030257 ns, Reaching safepoint: 70042 ns, Cleanup: 23000 ns, At safepoint: 9125 ns, Total: 102167 ns
[2025-09-01T02:50:36.128+0000][175][info ][safepoint   ] Safepoint "Cleanup", Time since last: 8010638753 ns, Reaching safepoint: 52875 ns, Cleanup: 43375 ns, At safepoint: 26500 ns, Total: 122750 ns
[2025-09-01T02:50:38.130+0000][175][info ][safepoint   ] Safepoint "Cleanup", Time since last: 2002318876 ns, Reaching safepoint: 12750 ns, Cleanup: 14166 ns, At safepoint: 6292 ns, Total: 33208 ns
[2025-09-01T02:50:39.132+0000][175][info ][safepoint   ] Safepoint "Cleanup", Time since last: 1001885459 ns, Reaching safepoint: 60625 ns, Cleanup: 39958 ns, At safepoint: 15834 ns, Total: 116417 ns
[2025-09-01T02:50:44.139+0000][175][info ][safepoint   ] Safepoint "Cleanup", Time since last: 5006896377 ns, Reaching safepoint: 101542 ns, Cleanup: 26833 ns, At safepoint: 18417 ns, Total: 146792 ns
[2025-09-01T02:50:45.140+0000][175][info ][safepoint   ] Safepoint "Cleanup", Time since last: 1001021625 ns, Reaching safepoint: 28167 ns, Cleanup: 23750 ns, At safepoint: 12333 ns, Total: 64250 ns
[2025-09-01T02:50:46.645+0000][175][info ][safepoint   ] Safepoint "Cleanup", Time since last: 1504654751 ns, Reaching safepoint: 67500 ns, Cleanup: 80041 ns, At safepoint: 18792 ns, Total: 166333 ns
[2025-09-01T02:50:50.651+0000][175][info ][safepoint   ] Safepoint "Cleanup", Time since last: 4005359002 ns, Reaching safepoint: 166500 ns, Cleanup: 101417 ns, At safepoint: 29000 ns, Total: 296917 ns
[2025-09-01T02:51:00.269+0000][175][info ][safepoint   ] Safepoint "Cleanup", Time since last: 9618632296 ns, Reaching safepoint: 21833 ns, Cleanup: 25709 ns, At safepoint: 8125 ns, Total: 55667 ns
[2025-09-01T02:51:01.309+0000][175][info ][safepoint   ] Safepoint "Cleanup", Time since last: 1038244458 ns, Reaching safepoint: 1240250 ns, Cleanup: 52459 ns, At safepoint: 19166 ns, Total: 1311875 ns
[2025-09-01T02:51:02.761+0000][175][info ][safepoint   ] Safepoint "Cleanup", Time since last: 1452092959 ns, Reaching safepoint: 7459 ns, Cleanup: 13541 ns, At safepoint: 8417 ns, Total: 29417 ns
[2025-09-01T02:51:04.358+0000][175][info ][safepoint   ] Safepoint "Cleanup", Time since last: 1596582584 ns, Reaching safepoint: 60667 ns, Cleanup: 101500 ns, At safepoint: 17583 ns, Total: 179750 ns
[2025-09-01T02:51:08.362+0000][175][info ][safepoint   ] Safepoint "Cleanup", Time since last: 4004147877 ns, Reaching safepoint: 15625 ns, Cleanup: 14750 ns, At safepoint: 7708 ns, Total: 38083 ns
[2025-09-01T02:51:28.383+0000][175][info ][safepoint   ] Safepoint "Cleanup", Time since last: 20020813801 ns, Reaching safepoint: 65042 ns, Cleanup: 23500 ns, At safepoint: 8167 ns, Total: 96709 ns
[2025-09-01T02:51:30.386+0000][175][info ][safepoint   ] Safepoint "Cleanup", Time since last: 2002899167 ns, Reaching safepoint: 66292 ns, Cleanup: 28208 ns, At safepoint: 23834 ns, Total: 118334 ns
[2025-09-01T02:51:31.387+0000][175][info ][safepoint   ] Safepoint "Cleanup", Time since last: 1000999750 ns, Reaching safepoint: 82875 ns, Cleanup: 73792 ns, At safepoint: 16000 ns, Total: 172667 ns
[2025-09-01T02:51:34.391+0000][175][info ][safepoint   ] Safepoint "Cleanup", Time since last: 3003916168 ns, Reaching safepoint: 38875 ns, Cleanup: 25042 ns, At safepoint: 12083 ns, Total: 76000 ns
[2025-09-01T02:51:35.393+0000][175][info ][safepoint   ] Safepoint "Cleanup", Time since last: 1001568625 ns, Reaching safepoint: 72208 ns, Cleanup: 59292 ns, At safepoint: 25250 ns, Total: 156750 ns
[2025-09-01T02:52:00.495+0000][175][info ][safepoint   ] Safepoint "Cleanup", Time since last: 25102267012 ns, Reaching safepoint: 67333 ns, Cleanup: 47583 ns, At safepoint: 19542 ns, Total: 134458 ns
[2025-09-01T02:52:02.780+0000][175][info ][safepoint   ] Safepoint "Cleanup", Time since last: 2284273459 ns, Reaching safepoint: 5584 ns, Cleanup: 9166 ns, At safepoint: 3375 ns, Total: 18125 ns
[2025-09-01T02:52:05.534+0000][175][info ][safepoint   ] Safepoint "Cleanup", Time since last: 2754343792 ns, Reaching safepoint: 62459 ns, Cleanup: 72375 ns, At safepoint: 40791 ns, Total: 175625 ns
[2025-09-01T02:52:06.545+0000][175][info ][safepoint   ] Safepoint "Cleanup", Time since last: 1010484376 ns, Reaching safepoint: 10708 ns, Cleanup: 15375 ns, At safepoint: 10167 ns, Total: 36250 ns
[2025-09-01T02:52:15.584+0000][175][info ][safepoint   ] Safepoint "Cleanup", Time since last: 9039522796 ns, Reaching safepoint: 55125 ns, Cleanup: 24500 ns, At safepoint: 24208 ns, Total: 103833 ns
[2025-09-01T02:52:24.672+0000][175][info ][safepoint   ] Safepoint "ICBufferFull", Time since last: 9087332921 ns, Reaching safepoint: 139167 ns, Cleanup: 207667 ns, At safepoint: 10333 ns, Total: 357167 ns
[2025-09-01T02:52:24.691+0000][175][info ][safepoint   ] Safepoint "ICBufferFull", Time since last: 19215333 ns, Reaching safepoint: 10875 ns, Cleanup: 171667 ns, At safepoint: 9833 ns, Total: 192375 ns
[2025-09-01T02:52:24.749+0000][175][info ][safepoint   ] Safepoint "ICBufferFull", Time since last: 57707875 ns, Reaching safepoint: 7459 ns, Cleanup: 127458 ns, At safepoint: 6917 ns, Total: 141834 ns
[2025-09-01T02:52:25.750+0000][175][info ][safepoint   ] Safepoint "Cleanup", Time since last: 1001007750 ns, Reaching safepoint: 27917 ns, Cleanup: 123583 ns, At safepoint: 7208 ns, Total: 158708 ns
[2025-09-01T02:52:30.756+0000][175][info ][safepoint   ] Safepoint "Cleanup", Time since last: 5005253003 ns, Reaching safepoint: 136125 ns, Cleanup: 69000 ns, At safepoint: 29625 ns, Total: 234750 ns
[2025-09-01T02:52:33.760+0000][175][info ][safepoint   ] Safepoint "Cleanup", Time since last: 3004182626 ns, Reaching safepoint: 82750 ns, Cleanup: 44334 ns, At safepoint: 29333 ns, Total: 156417 ns
[2025-09-01T02:52:34.762+0000][175][info ][safepoint   ] Safepoint "Cleanup", Time since last: 1001652959 ns, Reaching safepoint: 68791 ns, Cleanup: 56625 ns, At safepoint: 18750 ns, Total: 144166 ns
[2025-09-01T02:52:39.767+0000][175][info ][safepoint   ] Safepoint "Cleanup", Time since last: 5005173461 ns, Reaching safepoint: 76125 ns, Cleanup: 63875 ns, At safepoint: 32958 ns, Total: 172958 ns
[2025-09-01T02:52:40.769+0000][175][info ][safepoint   ] Safepoint "Cleanup", Time since last: 1001728626 ns, Reaching safepoint: 65500 ns, Cleanup: 48583 ns, At safepoint: 22042 ns, Total: 136125 ns
[2025-09-01T02:52:44.778+0000][175][info ][safepoint   ] Safepoint "Cleanup", Time since last: 4008342668 ns, Reaching safepoint: 77042 ns, Cleanup: 21958 ns, At safepoint: 56417 ns, Total: 155417 ns
[2025-09-01T02:52:45.780+0000][175][info ][safepoint   ] Safepoint "Cleanup", Time since last: 1002455500 ns, Reaching safepoint: 66250 ns, Cleanup: 100500 ns, At safepoint: 19334 ns, Total: 186084 ns
[2025-09-01T02:52:52.789+0000][175][info ][safepoint   ] Safepoint "Cleanup", Time since last: 7008173253 ns, Reaching safepoint: 9625 ns, Cleanup: 7917 ns, At safepoint: 3916 ns, Total: 21458 ns
[2025-09-01T02:53:04.670+0000][175][info ][safepoint   ] Safepoint "Cleanup", Time since last: 11881466798 ns, Reaching safepoint: 48333 ns, Cleanup: 33583 ns, At safepoint: 102209 ns, Total: 184125 ns
[2025-09-01T02:53:05.816+0000][175][info ][safepoint   ] Safepoint "Cleanup", Time since last: 1146094999 ns, Reaching safepoint: 7625 ns, Cleanup: 34709 ns, At safepoint: 15750 ns, Total: 58084 ns
[2025-09-01T02:53:07.767+0000][175][info ][safepoint   ] Safepoint "Cleanup", Time since last: 1950306084 ns, Reaching safepoint: 100208 ns, Cleanup: 60625 ns, At safepoint: 30167 ns, Total: 191000 ns
[2025-09-01T02:53:09.782+0000][175][info ][safepoint   ] Safepoint "Cleanup", Time since last: 2015286334 ns, Reaching safepoint: 21125 ns, Cleanup: 53792 ns, At safepoint: 14666 ns, Total: 89583 ns
[2025-09-01T02:53:10.805+0000][175][info ][safepoint   ] Safepoint "Cleanup", Time since last: 1022984293 ns, Reaching safepoint: 69416 ns, Cleanup: 56459 ns, At safepoint: 21416 ns, Total: 147291 ns
[2025-09-01T02:53:25.826+0000][175][info ][safepoint   ] Safepoint "Cleanup", Time since last: 15020378966 ns, Reaching safepoint: 37125 ns, Cleanup: 29000 ns, At safepoint: 13500 ns, Total: 79625 ns
[2025-09-01T02:53:34.836+0000][175][info ][safepoint   ] Safepoint "Cleanup", Time since last: 9010292837 ns, Reaching safepoint: 14709 ns, Cleanup: 19750 ns, At safepoint: 8916 ns, Total: 43375 ns
[2025-09-01T02:53:35.838+0000][175][info ][safepoint   ] Safepoint "Cleanup", Time since last: 1001847833 ns, Reaching safepoint: 55209 ns, Cleanup: 42916 ns, At safepoint: 8167 ns, Total: 106292 ns
[2025-09-01T02:53:44.848+0000][175][info ][safepoint   ] Safepoint "Cleanup", Time since last: 9010126879 ns, Reaching safepoint: 35959 ns, Cleanup: 27583 ns, At safepoint: 11458 ns, Total: 75000 ns
[2025-09-01T02:53:58.686+0000][175][info ][safepoint   ] Safepoint "Cleanup", Time since last: 13837507548 ns, Reaching safepoint: 184667 ns, Cleanup: 94083 ns, At safepoint: 30084 ns, Total: 308834 ns
[2025-09-01T02:54:02.692+0000][175][info ][safepoint   ] Safepoint "Cleanup", Time since last: 4005864918 ns, Reaching safepoint: 40459 ns, Cleanup: 27166 ns, At safepoint: 13417 ns, Total: 81042 ns
[2025-09-01T02:54:08.983+0000][175][info ][safepoint   ] Safepoint "Cleanup", Time since last: 6290986252 ns, Reaching safepoint: 4708 ns, Cleanup: 15459 ns, At safepoint: 6625 ns, Total: 26792 ns
[2025-09-01T02:54:10.008+0000][175][info ][safepoint   ] Safepoint "Cleanup", Time since last: 1025049917 ns, Reaching safepoint: 50375 ns, Cleanup: 35125 ns, At safepoint: 17000 ns, Total: 102500 ns
[2025-09-01T02:54:11.811+0000][175][info ][safepoint   ] Safepoint "Cleanup", Time since last: 1803109167 ns, Reaching safepoint: 4667 ns, Cleanup: 18333 ns, At safepoint: 7125 ns, Total: 30125 ns
[2025-09-01T02:54:13.037+0000][175][info ][safepoint   ] Safepoint "Cleanup", Time since last: 1225933876 ns, Reaching safepoint: 32292 ns, Cleanup: 41791 ns, At safepoint: 12709 ns, Total: 86792 ns
[2025-09-01T02:54:24.048+0000][175][info ][safepoint   ] Safepoint "Cleanup", Time since last: 11010468297 ns, Reaching safepoint: 77958 ns, Cleanup: 33833 ns, At safepoint: 19709 ns, Total: 131500 ns
[2025-09-01T02:54:31.055+0000][175][info ][safepoint   ] Safepoint "Cleanup", Time since last: 7007022420 ns, Reaching safepoint: 40500 ns, Cleanup: 12750 ns, At safepoint: 8750 ns, Total: 62000 ns
[2025-09-01T02:54:39.067+0000][175][info ][safepoint   ] Safepoint "Cleanup", Time since last: 8012701877 ns, Reaching safepoint: 55584 ns, Cleanup: 42750 ns, At safepoint: 16541 ns, Total: 114875 ns
[2025-09-01T02:54:43.072+0000][175][info ][safepoint   ] Safepoint "Cleanup", Time since last: 4003926336 ns, Reaching safepoint: 135625 ns, Cleanup: 48625 ns, At safepoint: 28291 ns, Total: 212541 ns
[2025-09-01T02:54:51.082+0000][175][info ][safepoint   ] Safepoint "Cleanup", Time since last: 8009619213 ns, Reaching safepoint: 312250 ns, Cleanup: 54125 ns, At safepoint: 23750 ns, Total: 390125 ns
[2025-09-01T02:54:58.501+0000][175][info ][gc,start    ] GC(31) Pause Young (Prepare Mixed) (G1 Evacuation Pause)
[2025-09-01T02:54:58.502+0000][175][info ][gc,task     ] GC(31) Using 8 workers of 8 for evacuation
[2025-09-01T02:54:58.502+0000][175][debug][gc,age      ] GC(31) Desired survivor size 41943040 bytes, new threshold 15 (max threshold 15)
[2025-09-01T02:54:58.541+0000][175][info ][gc,phases   ] GC(31)   Pre Evacuate Collection Set: 1.31ms
[2025-09-01T02:54:58.542+0000][175][info ][gc,phases   ] GC(31)   Merge Heap Roots: 0.36ms
[2025-09-01T02:54:58.542+0000][175][info ][gc,phases   ] GC(31)   Evacuate Collection Set: 35.30ms
[2025-09-01T02:54:58.542+0000][175][info ][gc,phases   ] GC(31)   Post Evacuate Collection Set: 2.42ms
[2025-09-01T02:54:58.542+0000][175][info ][gc,phases   ] GC(31)   Other: 0.60ms
[2025-09-01T02:54:58.542+0000][175][trace][gc,age      ] GC(31) Age table with threshold 15 (max threshold 15)
[2025-09-01T02:54:58.542+0000][175][trace][gc,age      ] GC(31) - age   1:    1582808 bytes,    1582808 total
[2025-09-01T02:54:58.542+0000][175][trace][gc,age      ] GC(31) - age   2:     147696 bytes,    1730504 total
[2025-09-01T02:54:58.542+0000][175][trace][gc,age      ] GC(31) - age   3:      13648 bytes,    1744152 total
[2025-09-01T02:54:58.542+0000][175][trace][gc,age      ] GC(31) - age   4:      16664 bytes,    1760816 total
[2025-09-01T02:54:58.542+0000][175][trace][gc,age      ] GC(31) - age   5:     102984 bytes,    1863800 total
[2025-09-01T02:54:58.542+0000][175][trace][gc,age      ] GC(31) - age   6:     138872 bytes,    2002672 total
[2025-09-01T02:54:58.542+0000][175][trace][gc,age      ] GC(31) - age   7:     108416 bytes,    2111088 total
[2025-09-01T02:54:58.542+0000][175][trace][gc,age      ] GC(31) - age   8:    1440896 bytes,    3551984 total
[2025-09-01T02:54:58.542+0000][175][trace][gc,age      ] GC(31) - age   9:    1081112 bytes,    4633096 total
[2025-09-01T02:54:58.542+0000][175][trace][gc,age      ] GC(31) - age  10:    4838784 bytes,    9471880 total
[2025-09-01T02:54:58.542+0000][175][trace][gc,age      ] GC(31) - age  11:    9670704 bytes,   19142584 total
[2025-09-01T02:54:58.542+0000][175][info ][gc,heap     ] GC(31) Eden regions: 148->0(147)
[2025-09-01T02:54:58.542+0000][175][info ][gc,heap     ] GC(31) Survivor regions: 5->6(20)
[2025-09-01T02:54:58.543+0000][175][info ][gc,heap     ] GC(31) Old regions: 33->33
[2025-09-01T02:54:58.543+0000][175][info ][gc,heap     ] GC(31) Humongous regions: 2->2
[2025-09-01T02:54:58.543+0000][175][info ][gc,metaspace] GC(31) Metaspace: 159348K(165696K)->159348K(165696K) NonClass: 137805K(141504K)->137805K(141504K) Class: 21542K(24192K)->21542K(24192K)
[2025-09-01T02:54:58.543+0000][175][info ][gc          ] GC(31) Pause Young (Prepare Mixed) (G1 Evacuation Pause) 750M->160M(1024M) 41.780ms
[2025-09-01T02:54:58.543+0000][175][info ][gc,cpu      ] GC(31) User=0.28s Sys=0.01s Real=0.04s
[2025-09-01T02:54:58.543+0000][175][info ][safepoint   ] Safepoint "G1CollectForAllocation", Time since last: 7419072586 ns, Reaching safepoint: 158709 ns, Cleanup: 14208 ns, At safepoint: 42083875 ns, Total: 42256792 ns
[2025-09-01T02:55:03.548+0000][175][info ][safepoint   ] Safepoint "Cleanup", Time since last: 5004376044 ns, Reaching safepoint: 945417 ns, Cleanup: 14541 ns, At safepoint: 13459 ns, Total: 973417 ns
[2025-09-01T02:55:04.550+0000][175][info ][safepoint   ] Safepoint "Cleanup", Time since last: 1001567834 ns, Reaching safepoint: 73541 ns, Cleanup: 70959 ns, At safepoint: 27958 ns, Total: 172458 ns
[2025-09-01T02:55:07.554+0000][175][info ][safepoint   ] Safepoint "Cleanup", Time since last: 3003295084 ns, Reaching safepoint: 57166 ns, Cleanup: 29667 ns, At safepoint: 26333 ns, Total: 113166 ns
[2025-09-01T02:55:08.555+0000][175][info ][safepoint   ] Safepoint "Cleanup", Time since last: 1001173126 ns, Reaching safepoint: 64083 ns, Cleanup: 31875 ns, At safepoint: 31250 ns, Total: 127208 ns
[2025-09-01T02:55:10.220+0000][175][info ][safepoint   ] Safepoint "Cleanup", Time since last: 1664560584 ns, Reaching safepoint: 137792 ns, Cleanup: 200375 ns, At safepoint: 36875 ns, Total: 375042 ns
[2025-09-01T02:55:11.826+0000][175][info ][safepoint   ] Safepoint "Cleanup", Time since last: 1605960501 ns, Reaching safepoint: 7208 ns, Cleanup: 10542 ns, At safepoint: 4000 ns, Total: 21750 ns
[2025-09-01T02:55:13.269+0000][175][info ][safepoint   ] Safepoint "Cleanup", Time since last: 1442988667 ns, Reaching safepoint: 83458 ns, Cleanup: 69917 ns, At safepoint: 23042 ns, Total: 176417 ns
[2025-09-01T02:55:15.338+0000][175][info ][safepoint   ] Safepoint "Cleanup", Time since last: 2068777959 ns, Reaching safepoint: 24875 ns, Cleanup: 23000 ns, At safepoint: 9417 ns, Total: 57292 ns
[2025-09-01T02:55:33.381+0000][175][info ][safepoint   ] Safepoint "Cleanup", Time since last: 18043025592 ns, Reaching safepoint: 165291 ns, Cleanup: 35667 ns, At safepoint: 21083 ns, Total: 222041 ns
[2025-09-01T02:55:39.391+0000][175][info ][safepoint   ] Safepoint "Cleanup", Time since last: 6009390003 ns, Reaching safepoint: 73375 ns, Cleanup: 62625 ns, At safepoint: 22625 ns, Total: 158625 ns
[2025-09-01T02:55:46.895+0000][175][info ][safepoint   ] Safepoint "Cleanup", Time since last: 7503702712 ns, Reaching safepoint: 142916 ns, Cleanup: 55209 ns, At safepoint: 30166 ns, Total: 228291 ns
[2025-09-01T02:56:00.837+0000][175][info ][safepoint   ] Safepoint "Cleanup", Time since last: 13942035049 ns, Reaching safepoint: 154208 ns, Cleanup: 44333 ns, At safepoint: 21167 ns, Total: 219708 ns
[2025-09-01T02:56:15.621+0000][175][info ][safepoint   ] Safepoint "Cleanup", Time since last: 14783965048 ns, Reaching safepoint: 10083 ns, Cleanup: 31250 ns, At safepoint: 14709 ns, Total: 56042 ns
[2025-09-01T02:56:16.660+0000][175][info ][safepoint   ] Safepoint "Cleanup", Time since last: 1038736375 ns, Reaching safepoint: 28042 ns, Cleanup: 70375 ns, At safepoint: 17625 ns, Total: 116042 ns
[2025-09-01T02:56:17.832+0000][175][info ][safepoint   ] Safepoint "Cleanup", Time since last: 1171860125 ns, Reaching safepoint: 6375 ns, Cleanup: 10834 ns, At safepoint: 6916 ns, Total: 24125 ns
[2025-09-01T02:56:19.709+0000][175][info ][safepoint   ] Safepoint "Cleanup", Time since last: 1877381918 ns, Reaching safepoint: 56708 ns, Cleanup: 49334 ns, At safepoint: 17333 ns, Total: 123375 ns
[2025-09-01T02:56:21.712+0000][175][info ][safepoint   ] Safepoint "Cleanup", Time since last: 2002895167 ns, Reaching safepoint: 83542 ns, Cleanup: 49333 ns, At safepoint: 14584 ns, Total: 147459 ns
[2025-09-01T02:56:39.738+0000][175][info ][safepoint   ] Safepoint "Cleanup", Time since last: 18025452091 ns, Reaching safepoint: 86750 ns, Cleanup: 22750 ns, At safepoint: 19709 ns, Total: 129209 ns
[2025-09-01T02:56:45.749+0000][175][info ][safepoint   ] Safepoint "Cleanup", Time since last: 6010904878 ns, Reaching safepoint: 262750 ns, Cleanup: 77791 ns, At safepoint: 42334 ns, Total: 382875 ns
[2025-09-01T02:57:07.941+0000][175][info ][safepoint   ] Safepoint "Cleanup", Time since last: 22192114218 ns, Reaching safepoint: 77500 ns, Cleanup: 42833 ns, At safepoint: 24042 ns, Total: 144375 ns
[2025-09-01T02:57:10.946+0000][175][info ][safepoint   ] Safepoint "Cleanup", Time since last: 3004770210 ns, Reaching safepoint: 99208 ns, Cleanup: 47167 ns, At safepoint: 22666 ns, Total: 169041 ns
[2025-09-01T02:57:18.888+0000][175][info ][safepoint   ] Safepoint "Cleanup", Time since last: 7941659296 ns, Reaching safepoint: 73958 ns, Cleanup: 55417 ns, At safepoint: 20208 ns, Total: 149583 ns
[2025-09-01T02:57:20.845+0000][175][info ][safepoint   ] Safepoint "Cleanup", Time since last: 1955481918 ns, Reaching safepoint: 1045250 ns, Cleanup: 17208 ns, At safepoint: 7500 ns, Total: 1069958 ns
[2025-09-01T02:57:21.965+0000][175][info ][safepoint   ] Safepoint "Cleanup", Time since last: 1120147084 ns, Reaching safepoint: 80042 ns, Cleanup: 44583 ns, At safepoint: 15958 ns, Total: 140583 ns
[2025-09-01T02:57:30.033+0000][175][info ][safepoint   ] Safepoint "Cleanup", Time since last: 8067480337 ns, Reaching safepoint: 76459 ns, Cleanup: 77291 ns, At safepoint: 35667 ns, Total: 189417 ns
[2025-09-01T02:58:08.061+0000][175][info ][safepoint   ] Safepoint "Cleanup", Time since last: 38028383767 ns, Reaching safepoint: 75083 ns, Cleanup: 81083 ns, At safepoint: 17250 ns, Total: 173416 ns
[2025-09-01T02:58:20.863+0000][175][info ][safepoint   ] Safepoint "Cleanup", Time since last: 12801644923 ns, Reaching safepoint: 7167 ns, Cleanup: 23000 ns, At safepoint: 8083 ns, Total: 38250 ns
[2025-09-01T02:58:24.303+0000][175][info ][safepoint   ] Safepoint "Cleanup", Time since last: 3439923710 ns, Reaching safepoint: 22375 ns, Cleanup: 19625 ns, At safepoint: 4083 ns, Total: 46083 ns
[2025-09-01T02:59:01.154+0000][175][info ][safepoint   ] Safepoint "Cleanup", Time since last: 36851574392 ns, Reaching safepoint: 10458 ns, Cleanup: 10125 ns, At safepoint: 6250 ns, Total: 26833 ns
[2025-09-01T02:59:08.164+0000][175][info ][safepoint   ] Safepoint "Cleanup", Time since last: 7009175628 ns, Reaching safepoint: 64916 ns, Cleanup: 50584 ns, At safepoint: 15541 ns, Total: 131041 ns
[2025-09-01T02:59:31.696+0000][175][info ][safepoint   ] Safepoint "Cleanup", Time since last: 23532009512 ns, Reaching safepoint: 89375 ns, Cleanup: 45791 ns, At safepoint: 44584 ns, Total: 179750 ns
[2025-09-01T02:59:33.699+0000][175][info ][safepoint   ] Safepoint "Cleanup", Time since last: 2002680001 ns, Reaching safepoint: 26583 ns, Cleanup: 25583 ns, At safepoint: 12417 ns, Total: 64583 ns
[2025-09-01T02:59:36.703+0000][175][info ][safepoint   ] Safepoint "Cleanup", Time since last: 3004082667 ns, Reaching safepoint: 75917 ns, Cleanup: 55042 ns, At safepoint: 13583 ns, Total: 144542 ns
[2025-09-01T02:59:37.704+0000][175][info ][safepoint   ] Safepoint "Cleanup", Time since last: 1000845709 ns, Reaching safepoint: 10041 ns, Cleanup: 6084 ns, At safepoint: 4500 ns, Total: 20625 ns
[2025-09-01T02:59:38.706+0000][175][info ][safepoint   ] Safepoint "Cleanup", Time since last: 1001510209 ns, Reaching safepoint: 11416 ns, Cleanup: 12167 ns, At safepoint: 4125 ns, Total: 27708 ns
[2025-09-01T02:59:40.707+0000][175][info ][safepoint   ] Safepoint "Cleanup", Time since last: 2001485418 ns, Reaching safepoint: 69083 ns, Cleanup: 41500 ns, At safepoint: 16708 ns, Total: 127291 ns
[2025-09-01T02:59:41.708+0000][175][info ][safepoint   ] Safepoint "Cleanup", Time since last: 1000793334 ns, Reaching safepoint: 268542 ns, Cleanup: 40875 ns, At safepoint: 23500 ns, Total: 332917 ns
[2025-09-01T02:59:44.712+0000][175][info ][safepoint   ] Safepoint "Cleanup", Time since last: 3003892043 ns, Reaching safepoint: 14541 ns, Cleanup: 12917 ns, At safepoint: 5542 ns, Total: 33000 ns
[2025-09-01T03:00:11.201+0000][175][info ][safepoint   ] Safepoint "Cleanup", Time since last: 26488421887 ns, Reaching safepoint: 80708 ns, Cleanup: 82208 ns, At safepoint: 11834 ns, Total: 174750 ns
[2025-09-01T03:00:12.829+0000][175][info ][safepoint   ] Safepoint "Cleanup", Time since last: 1628443292 ns, Reaching safepoint: 10709 ns, Cleanup: 19750 ns, At safepoint: 8875 ns, Total: 39334 ns
[2025-09-01T03:00:26.926+0000][175][info ][gc,start    ] GC(32) Pause Young (Mixed) (G1 Evacuation Pause)
[2025-09-01T03:00:26.927+0000][175][info ][gc,task     ] GC(32) Using 8 workers of 8 for evacuation
[2025-09-01T03:00:26.927+0000][175][debug][gc,age      ] GC(32) Desired survivor size 41943040 bytes, new threshold 15 (max threshold 15)
[2025-09-01T03:00:26.961+0000][175][info ][gc,phases   ] GC(32)   Pre Evacuate Collection Set: 0.35ms
[2025-09-01T03:00:26.961+0000][175][info ][gc,phases   ] GC(32)   Merge Heap Roots: 0.15ms
[2025-09-01T03:00:26.961+0000][175][info ][gc,phases   ] GC(32)   Evacuate Collection Set: 32.29ms
[2025-09-01T03:00:26.961+0000][175][info ][gc,phases   ] GC(32)   Post Evacuate Collection Set: 1.74ms
[2025-09-01T03:00:26.961+0000][175][info ][gc,phases   ] GC(32)   Other: 0.16ms
[2025-09-01T03:00:26.961+0000][175][trace][gc,age      ] GC(32) Age table with threshold 15 (max threshold 15)
[2025-09-01T03:00:26.961+0000][175][trace][gc,age      ] GC(32) - age   1:     954456 bytes,     954456 total
[2025-09-01T03:00:26.961+0000][175][trace][gc,age      ] GC(32) - age   2:     595808 bytes,    1550264 total
[2025-09-01T03:00:26.961+0000][175][trace][gc,age      ] GC(32) - age   3:      19848 bytes,    1570112 total
[2025-09-01T03:00:26.961+0000][175][trace][gc,age      ] GC(32) - age   4:      11808 bytes,    1581920 total
[2025-09-01T03:00:26.961+0000][175][trace][gc,age      ] GC(32) - age   5:      16568 bytes,    1598488 total
[2025-09-01T03:00:26.962+0000][175][trace][gc,age      ] GC(32) - age   6:     102960 bytes,    1701448 total
[2025-09-01T03:00:26.962+0000][175][trace][gc,age      ] GC(32) - age   7:     138872 bytes,    1840320 total
[2025-09-01T03:00:26.962+0000][175][trace][gc,age      ] GC(32) - age   8:     108288 bytes,    1948608 total
[2025-09-01T03:00:26.962+0000][175][trace][gc,age      ] GC(32) - age   9:    1440896 bytes,    3389504 total
[2025-09-01T03:00:26.962+0000][175][trace][gc,age      ] GC(32) - age  10:    1081112 bytes,    4470616 total
[2025-09-01T03:00:26.962+0000][175][trace][gc,age      ] GC(32) - age  11:    4838784 bytes,    9309400 total
[2025-09-01T03:00:26.962+0000][175][trace][gc,age      ] GC(32) - age  12:    9654096 bytes,   18963496 total
[2025-09-01T03:00:26.962+0000][175][info ][gc,heap     ] GC(32) Eden regions: 147->0(148)
[2025-09-01T03:00:26.962+0000][175][info ][gc,heap     ] GC(32) Survivor regions: 6->5(20)
[2025-09-01T03:00:26.962+0000][175][info ][gc,heap     ] GC(32) Old regions: 33->33
[2025-09-01T03:00:26.962+0000][175][info ][gc,heap     ] GC(32) Humongous regions: 2->2
[2025-09-01T03:00:26.962+0000][175][info ][gc,metaspace] GC(32) Metaspace: 159431K(165696K)->159431K(165696K) NonClass: 137888K(141504K)->137888K(141504K) Class: 21542K(24192K)->21542K(24192K)
[2025-09-01T03:00:26.962+0000][175][info ][gc          ] GC(32) Pause Young (Mixed) (G1 Evacuation Pause) 748M->158M(1024M) 35.502ms
[2025-09-01T03:00:26.962+0000][175][info ][gc,cpu      ] GC(32) User=0.26s Sys=0.00s Real=0.03s
[2025-09-01T03:00:26.962+0000][175][info ][safepoint   ] Safepoint "G1CollectForAllocation", Time since last: 14097053881 ns, Reaching safepoint: 5584 ns, Cleanup: 2000 ns, At safepoint: 35616750 ns, Total: 35624334 ns
[2025-09-01T03:00:29.901+0000][175][info ][safepoint   ] Safepoint "Cleanup", Time since last: 2939298876 ns, Reaching safepoint: 7750 ns, Cleanup: 11500 ns, At safepoint: 8125 ns, Total: 27375 ns
[2025-09-01T03:00:31.052+0000][175][info ][safepoint   ] Safepoint "Cleanup", Time since last: 1150776917 ns, Reaching safepoint: 10917 ns, Cleanup: 11292 ns, At safepoint: 5541 ns, Total: 27750 ns
[2025-09-01T03:00:33.079+0000][175][info ][safepoint   ] Safepoint "Cleanup", Time since last: 2026770251 ns, Reaching safepoint: 73209 ns, Cleanup: 42750 ns, At safepoint: 26625 ns, Total: 142584 ns
[2025-09-01T03:00:36.084+0000][175][info ][safepoint   ] Safepoint "Cleanup", Time since last: 3004422917 ns, Reaching safepoint: 254875 ns, Cleanup: 48125 ns, At safepoint: 151125 ns, Total: 454125 ns
[2025-09-01T03:00:39.088+0000][175][info ][safepoint   ] Safepoint "Cleanup", Time since last: 3003995626 ns, Reaching safepoint: 66750 ns, Cleanup: 73417 ns, At safepoint: 24041 ns, Total: 164208 ns
[2025-09-01T03:00:50.947+0000][175][info ][safepoint   ] Safepoint "Cleanup", Time since last: 11858970006 ns, Reaching safepoint: 68042 ns, Cleanup: 33958 ns, At safepoint: 18583 ns, Total: 120583 ns
[2025-09-01T03:01:04.393+0000][175][info ][safepoint   ] Safepoint "Cleanup", Time since last: 13445698507 ns, Reaching safepoint: 83417 ns, Cleanup: 52958 ns, At safepoint: 28167 ns, Total: 164542 ns
[2025-09-01T03:01:11.403+0000][175][info ][safepoint   ] Safepoint "Cleanup", Time since last: 7009790669 ns, Reaching safepoint: 75791 ns, Cleanup: 35500 ns, At safepoint: 23459 ns, Total: 134750 ns
[2025-09-01T03:01:15.408+0000][175][info ][safepoint   ] Safepoint "Cleanup", Time since last: 4005382960 ns, Reaching safepoint: 73625 ns, Cleanup: 70166 ns, At safepoint: 20834 ns, Total: 164625 ns
[2025-09-01T03:01:16.409+0000][175][info ][safepoint   ] Safepoint "Cleanup", Time since last: 1000672500 ns, Reaching safepoint: 84500 ns, Cleanup: 50500 ns, At safepoint: 22084 ns, Total: 157084 ns
[2025-09-01T03:01:29.442+0000][175][info ][safepoint   ] Safepoint "Cleanup", Time since last: 13032656631 ns, Reaching safepoint: 216083 ns, Cleanup: 67625 ns, At safepoint: 46750 ns, Total: 330458 ns
[2025-09-01T03:01:31.360+0000][175][info ][safepoint   ] Safepoint "Cleanup", Time since last: 1917430376 ns, Reaching safepoint: 109500 ns, Cleanup: 80792 ns, At safepoint: 22708 ns, Total: 213000 ns
[2025-09-01T03:01:32.919+0000][175][info ][safepoint   ] Safepoint "Cleanup", Time since last: 1559292751 ns, Reaching safepoint: 6958 ns, Cleanup: 11500 ns, At safepoint: 3667 ns, Total: 22125 ns
[2025-09-01T03:01:34.403+0000][175][info ][safepoint   ] Safepoint "Cleanup", Time since last: 1483232959 ns, Reaching safepoint: 82000 ns, Cleanup: 63792 ns, At safepoint: 16083 ns, Total: 161875 ns
[2025-09-01T03:01:38.411+0000][175][info ][safepoint   ] Safepoint "Cleanup", Time since last: 4008202084 ns, Reaching safepoint: 150042 ns, Cleanup: 56667 ns, At safepoint: 21541 ns, Total: 228250 ns
[2025-09-01T03:01:45.423+0000][175][info ][safepoint   ] Safepoint "Cleanup", Time since last: 7012012629 ns, Reaching safepoint: 68041 ns, Cleanup: 50042 ns, At safepoint: 15208 ns, Total: 133291 ns
[2025-09-01T03:01:46.427+0000][175][info ][safepoint   ] Safepoint "Cleanup", Time since last: 1003487501 ns, Reaching safepoint: 99000 ns, Cleanup: 56667 ns, At safepoint: 20708 ns, Total: 176375 ns
[2025-09-01T03:02:15.551+0000][175][info ][safepoint   ] Safepoint "Cleanup", Time since last: 29124005513 ns, Reaching safepoint: 68292 ns, Cleanup: 23041 ns, At safepoint: 13459 ns, Total: 104792 ns
[2025-09-01T03:02:16.554+0000][175][info ][safepoint   ] Safepoint "Cleanup", Time since last: 1002600583 ns, Reaching safepoint: 58917 ns, Cleanup: 53292 ns, At safepoint: 12458 ns, Total: 124667 ns
[2025-09-01T03:02:18.563+0000][175][info ][safepoint   ] Safepoint "Cleanup", Time since last: 2009144459 ns, Reaching safepoint: 82125 ns, Cleanup: 42834 ns, At safepoint: 26125 ns, Total: 151084 ns
[2025-09-01T03:02:19.564+0000][175][info ][safepoint   ] Safepoint "Cleanup", Time since last: 1001091375 ns, Reaching safepoint: 70667 ns, Cleanup: 45000 ns, At safepoint: 15375 ns, Total: 131042 ns
[2025-09-01T03:02:25.573+0000][175][info ][safepoint   ] Safepoint "Cleanup", Time since last: 6008266419 ns, Reaching safepoint: 11709 ns, Cleanup: 11333 ns, At safepoint: 4458 ns, Total: 27500 ns
[2025-09-01T03:02:33.009+0000][175][info ][safepoint   ] Safepoint "Cleanup", Time since last: 7435459629 ns, Reaching safepoint: 1137333 ns, Cleanup: 5334 ns, At safepoint: 18375 ns, Total: 1161042 ns
[2025-09-01T03:02:34.696+0000][175][info ][safepoint   ] Safepoint "Cleanup", Time since last: 1685864834 ns, Reaching safepoint: 544666 ns, Cleanup: 77000 ns, At safepoint: 49000 ns, Total: 670666 ns
[2025-09-01T03:02:35.973+0000][175][info ][safepoint   ] Safepoint "Cleanup", Time since last: 1278188709 ns, Reaching safepoint: 7625 ns, Cleanup: 10208 ns, At safepoint: 2584 ns, Total: 20417 ns
[2025-09-01T03:02:37.732+0000][175][info ][safepoint   ] Safepoint "Cleanup", Time since last: 1758924542 ns, Reaching safepoint: 69583 ns, Cleanup: 43584 ns, At safepoint: 17208 ns, Total: 130375 ns
[2025-09-01T03:02:39.735+0000][175][info ][safepoint   ] Safepoint "Cleanup", Time since last: 2002858668 ns, Reaching safepoint: 164333 ns, Cleanup: 81375 ns, At safepoint: 22208 ns, Total: 267916 ns
[2025-09-01T03:02:43.740+0000][175][info ][safepoint   ] Safepoint "Cleanup", Time since last: 4005398586 ns, Reaching safepoint: 64708 ns, Cleanup: 37250 ns, At safepoint: 18167 ns, Total: 120125 ns
[2025-09-01T03:03:03.695+0000][175][info ][safepoint   ] Safepoint "Cleanup", Time since last: 19953980009 ns, Reaching safepoint: 70125 ns, Cleanup: 37000 ns, At safepoint: 18458 ns, Total: 125583 ns
[2025-09-01T03:03:04.697+0000][175][info ][safepoint   ] Safepoint "Cleanup", Time since last: 1002133376 ns, Reaching safepoint: 81875 ns, Cleanup: 55333 ns, At safepoint: 22625 ns, Total: 159833 ns
[2025-09-01T03:03:15.713+0000][175][info ][safepoint   ] Safepoint "Cleanup", Time since last: 11014339296 ns, Reaching safepoint: 212375 ns, Cleanup: 49500 ns, At safepoint: 21000 ns, Total: 282875 ns
[2025-09-01T03:03:38.974+0000][175][info ][safepoint   ] Safepoint "Cleanup", Time since last: 23261352677 ns, Reaching safepoint: 6959 ns, Cleanup: 11916 ns, At safepoint: 9250 ns, Total: 28125 ns
[2025-09-01T03:03:42.052+0000][175][info ][safepoint   ] Safepoint "Cleanup", Time since last: 3077149002 ns, Reaching safepoint: 206917 ns, Cleanup: 58875 ns, At safepoint: 18625 ns, Total: 284417 ns
[2025-09-01T03:03:44.056+0000][175][info ][safepoint   ] Safepoint "Cleanup", Time since last: 2003855792 ns, Reaching safepoint: 83750 ns, Cleanup: 59000 ns, At safepoint: 20292 ns, Total: 163042 ns
[2025-09-01T03:03:48.060+0000][175][info ][safepoint   ] Safepoint "Cleanup", Time since last: 4004544335 ns, Reaching safepoint: 60292 ns, Cleanup: 49791 ns, At safepoint: 20875 ns, Total: 130958 ns
[2025-09-01T03:04:07.902+0000][175][info ][safepoint   ] Safepoint "Cleanup", Time since last: 19841871884 ns, Reaching safepoint: 74625 ns, Cleanup: 57334 ns, At safepoint: 20458 ns, Total: 152417 ns
[2025-09-01T03:04:10.908+0000][175][info ][safepoint   ] Safepoint "Cleanup", Time since last: 3005998793 ns, Reaching safepoint: 81375 ns, Cleanup: 60083 ns, At safepoint: 13000 ns, Total: 154458 ns
[2025-09-01T03:04:15.914+0000][175][info ][safepoint   ] Safepoint "Cleanup", Time since last: 5005967919 ns, Reaching safepoint: 126167 ns, Cleanup: 68083 ns, At safepoint: 15209 ns, Total: 209459 ns
[2025-09-01T03:04:25.931+0000][175][info ][safepoint   ] Safepoint "Cleanup", Time since last: 10016747629 ns, Reaching safepoint: 56584 ns, Cleanup: 36041 ns, At safepoint: 11042 ns, Total: 103667 ns
[2025-09-01T03:04:26.934+0000][175][info ][safepoint   ] Safepoint "Cleanup", Time since last: 1002042792 ns, Reaching safepoint: 79917 ns, Cleanup: 48125 ns, At safepoint: 24833 ns, Total: 152875 ns
[2025-09-01T03:04:35.947+0000][175][info ][safepoint   ] Safepoint "Cleanup", Time since last: 9013448338 ns, Reaching safepoint: 77458 ns, Cleanup: 56875 ns, At safepoint: 14875 ns, Total: 149208 ns
[2025-09-01T03:04:38.997+0000][175][info ][safepoint   ] Safepoint "Cleanup", Time since last: 3049484293 ns, Reaching safepoint: 8667 ns, Cleanup: 10625 ns, At safepoint: 8333 ns, Total: 27625 ns
[2025-09-01T03:04:40.342+0000][175][info ][safepoint   ] Safepoint "Cleanup", Time since last: 1345530834 ns, Reaching safepoint: 61167 ns, Cleanup: 61291 ns, At safepoint: 14459 ns, Total: 136917 ns
[2025-09-01T03:04:41.998+0000][175][info ][safepoint   ] Safepoint "Cleanup", Time since last: 1656144834 ns, Reaching safepoint: 6958 ns, Cleanup: 14375 ns, At safepoint: 2292 ns, Total: 23625 ns
[2025-09-01T03:04:43.384+0000][175][info ][safepoint   ] Safepoint "Cleanup", Time since last: 1385346625 ns, Reaching safepoint: 146625 ns, Cleanup: 91459 ns, At safepoint: 21666 ns, Total: 259750 ns
[2025-09-01T03:04:46.387+0000][175][info ][safepoint   ] Safepoint "Cleanup", Time since last: 3002935919 ns, Reaching safepoint: 73041 ns, Cleanup: 53167 ns, At safepoint: 22000 ns, Total: 148208 ns
[2025-09-01T03:05:03.987+0000][175][info ][safepoint   ] Safepoint "Cleanup", Time since last: 17599737758 ns, Reaching safepoint: 13459 ns, Cleanup: 11375 ns, At safepoint: 5166 ns, Total: 30000 ns
[2025-09-01T03:05:27.648+0000][175][info ][safepoint   ] Safepoint "Cleanup", Time since last: 23661507761 ns, Reaching safepoint: 171375 ns, Cleanup: 72667 ns, At safepoint: 20000 ns, Total: 264042 ns
[2025-09-01T03:05:42.009+0000][175][info ][safepoint   ] Safepoint "Cleanup", Time since last: 14359766339 ns, Reaching safepoint: 5000 ns, Cleanup: 7417 ns, At safepoint: 6625 ns, Total: 19042 ns
[2025-09-01T03:05:43.764+0000][175][info ][safepoint   ] Safepoint "Cleanup", Time since last: 1755476792 ns, Reaching safepoint: 30334 ns, Cleanup: 68125 ns, At safepoint: 18125 ns, Total: 116584 ns
[2025-09-01T03:05:44.772+0000][175][info ][safepoint   ] Safepoint "Cleanup", Time since last: 1007309500 ns, Reaching safepoint: 91458 ns, Cleanup: 54375 ns, At safepoint: 14084 ns, Total: 159917 ns
[2025-09-01T03:05:45.790+0000][175][info ][safepoint   ] Safepoint "Cleanup", Time since last: 1018138334 ns, Reaching safepoint: 4583 ns, Cleanup: 17167 ns, At safepoint: 2125 ns, Total: 23875 ns
[2025-09-01T03:05:55.558+0000][175][info ][gc,start    ] GC(33) Pause Young (Concurrent Start) (G1 Evacuation Pause)
[2025-09-01T03:05:55.560+0000][175][info ][gc,task     ] GC(33) Using 8 workers of 8 for evacuation
[2025-09-01T03:05:55.560+0000][175][debug][gc,age      ] GC(33) Desired survivor size 41943040 bytes, new threshold 15 (max threshold 15)
[2025-09-01T03:05:55.584+0000][175][info ][gc,phases   ] GC(33)   Pre Evacuate Collection Set: 0.69ms
[2025-09-01T03:05:55.584+0000][175][info ][gc,phases   ] GC(33)   Merge Heap Roots: 0.30ms
[2025-09-01T03:05:55.584+0000][175][info ][gc,phases   ] GC(33)   Evacuate Collection Set: 21.62ms
[2025-09-01T03:05:55.585+0000][175][info ][gc,phases   ] GC(33)   Post Evacuate Collection Set: 1.75ms
[2025-09-01T03:05:55.585+0000][175][info ][gc,phases   ] GC(33)   Other: 0.52ms
[2025-09-01T03:05:55.585+0000][175][trace][gc,age      ] GC(33) Age table with threshold 15 (max threshold 15)
[2025-09-01T03:05:55.585+0000][175][trace][gc,age      ] GC(33) - age   1:     769432 bytes,     769432 total
[2025-09-01T03:05:55.585+0000][175][trace][gc,age      ] GC(33) - age   2:      78208 bytes,     847640 total
[2025-09-01T03:05:55.585+0000][175][trace][gc,age      ] GC(33) - age   3:     590696 bytes,    1438336 total
[2025-09-01T03:05:55.585+0000][175][trace][gc,age      ] GC(33) - age   4:      19392 bytes,    1457728 total
[2025-09-01T03:05:55.585+0000][175][trace][gc,age      ] GC(33) - age   5:      11744 bytes,    1469472 total
[2025-09-01T03:05:55.585+0000][175][trace][gc,age      ] GC(33) - age   6:      16536 bytes,    1486008 total
[2025-09-01T03:05:55.585+0000][175][trace][gc,age      ] GC(33) - age   7:     102312 bytes,    1588320 total
[2025-09-01T03:05:55.585+0000][175][trace][gc,age      ] GC(33) - age   8:     138608 bytes,    1726928 total
[2025-09-01T03:05:55.585+0000][175][trace][gc,age      ] GC(33) - age   9:     108224 bytes,    1835152 total
[2025-09-01T03:05:55.585+0000][175][trace][gc,age      ] GC(33) - age  10:    1440896 bytes,    3276048 total
[2025-09-01T03:05:55.585+0000][175][trace][gc,age      ] GC(33) - age  11:    1081048 bytes,    4357096 total
[2025-09-01T03:05:55.585+0000][175][trace][gc,age      ] GC(33) - age  12:    4822080 bytes,    9179176 total
[2025-09-01T03:05:55.585+0000][175][trace][gc,age      ] GC(33) - age  13:    9654016 bytes,   18833192 total
[2025-09-01T03:05:55.585+0000][175][info ][gc,heap     ] GC(33) Eden regions: 148->0(148)
[2025-09-01T03:05:55.585+0000][175][info ][gc,heap     ] GC(33) Survivor regions: 5->5(20)
[2025-09-01T03:05:55.585+0000][175][info ][gc,heap     ] GC(33) Old regions: 33->33
[2025-09-01T03:05:55.586+0000][175][info ][gc,heap     ] GC(33) Humongous regions: 2->2
[2025-09-01T03:05:55.586+0000][175][info ][gc,metaspace] GC(33) Metaspace: 159544K(165696K)->159544K(165696K) NonClass: 138001K(141504K)->138001K(141504K) Class: 21543K(24192K)->21543K(24192K)
[2025-09-01T03:05:55.586+0000][175][info ][gc          ] GC(33) Pause Young (Concurrent Start) (G1 Evacuation Pause) 750M->157M(1024M) 27.398ms
[2025-09-01T03:05:55.586+0000][175][info ][gc,cpu      ] GC(33) User=0.18s Sys=0.01s Real=0.02s
[2025-09-01T03:05:55.586+0000][175][info ][gc          ] GC(34) Concurrent Mark Cycle
[2025-09-01T03:05:55.586+0000][175][info ][safepoint   ] Safepoint "G1CollectForAllocation", Time since last: 9768312088 ns, Reaching safepoint: 22500 ns, Cleanup: 5625 ns, At safepoint: 27630000 ns, Total: 27658125 ns
[2025-09-01T03:05:55.586+0000][175][info ][gc,marking  ] GC(34) Concurrent Scan Root Regions
[2025-09-01T03:05:55.594+0000][175][info ][gc,marking  ] GC(34) Concurrent Scan Root Regions 7.917ms
[2025-09-01T03:05:55.594+0000][175][info ][gc,marking  ] GC(34) Concurrent Mark
[2025-09-01T03:05:55.594+0000][175][info ][gc,marking  ] GC(34) Concurrent Mark From Roots
[2025-09-01T03:05:55.594+0000][175][info ][gc,task     ] GC(34) Using 2 workers of 2 for marking
[2025-09-01T03:05:55.656+0000][175][info ][gc,marking  ] GC(34) Concurrent Mark From Roots 61.864ms
[2025-09-01T03:05:55.656+0000][175][info ][gc,marking  ] GC(34) Concurrent Preclean
[2025-09-01T03:05:55.656+0000][175][info ][gc,marking  ] GC(34) Concurrent Preclean 0.355ms
[2025-09-01T03:05:55.656+0000][175][info ][gc,start    ] GC(34) Pause Remark
[2025-09-01T03:05:55.682+0000][175][info ][gc          ] GC(34) Pause Remark 159M->159M(1024M) 25.682ms
[2025-09-01T03:05:55.682+0000][175][info ][gc,cpu      ] GC(34) User=0.09s Sys=0.02s Real=0.02s
[2025-09-01T03:05:55.682+0000][175][info ][safepoint   ] Safepoint "G1PauseRemark", Time since last: 70537333 ns, Reaching safepoint: 28083 ns, Cleanup: 2584 ns, At safepoint: 25885166 ns, Total: 25915833 ns
[2025-09-01T03:05:55.682+0000][175][info ][gc,marking  ] GC(34) Concurrent Mark 88.463ms
[2025-09-01T03:05:55.682+0000][175][info ][gc,marking  ] GC(34) Concurrent Rebuild Remembered Sets and Scrub Regions
[2025-09-01T03:05:55.710+0000][175][info ][gc,marking  ] GC(34) Concurrent Rebuild Remembered Sets and Scrub Regions 27.170ms
[2025-09-01T03:05:55.710+0000][175][info ][gc,start    ] GC(34) Pause Cleanup
[2025-09-01T03:05:55.710+0000][175][info ][gc          ] GC(34) Pause Cleanup 159M->159M(1024M) 0.114ms
[2025-09-01T03:05:55.710+0000][175][info ][gc,cpu      ] GC(34) User=0.00s Sys=0.00s Real=0.00s
[2025-09-01T03:05:55.710+0000][175][info ][safepoint   ] Safepoint "G1PauseCleanup", Time since last: 27415167 ns, Reaching safepoint: 8208 ns, Cleanup: 59167 ns, At safepoint: 221167 ns, Total: 288542 ns
[2025-09-01T03:05:55.710+0000][175][info ][gc,marking  ] GC(34) Concurrent Clear Claimed Marks
[2025-09-01T03:05:55.710+0000][175][info ][gc,marking  ] GC(34) Concurrent Clear Claimed Marks 0.249ms
[2025-09-01T03:05:55.710+0000][175][info ][gc,marking  ] GC(34) Concurrent Cleanup for Next Mark
[2025-09-01T03:05:55.714+0000][175][info ][gc,marking  ] GC(34) Concurrent Cleanup for Next Mark 3.744ms
[2025-09-01T03:05:55.714+0000][175][info ][gc          ] GC(34) Concurrent Mark Cycle 128.348ms
[2025-09-01T03:06:46.054+0000][175][info ][safepoint   ] Safepoint "Cleanup", Time since last: 50344000605 ns, Reaching safepoint: 67625 ns, Cleanup: 32292 ns, At safepoint: 11375 ns, Total: 111292 ns
[2025-09-01T03:06:47.083+0000][175][info ][safepoint   ] Safepoint "Cleanup", Time since last: 1028490959 ns, Reaching safepoint: 62667 ns, Cleanup: 55000 ns, At safepoint: 60708 ns, Total: 178375 ns
[2025-09-01T03:06:49.056+0000][175][info ][safepoint   ] Safepoint "Cleanup", Time since last: 1973405917 ns, Reaching safepoint: 70209 ns, Cleanup: 52250 ns, At safepoint: 25750 ns, Total: 148209 ns
[2025-09-01T03:07:05.184+0000][175][info ][safepoint   ] Safepoint "Cleanup", Time since last: 16127704590 ns, Reaching safepoint: 74709 ns, Cleanup: 58041 ns, At safepoint: 13250 ns, Total: 146000 ns
[2025-09-01T03:07:22.204+0000][175][info ][safepoint   ] Safepoint "Cleanup", Time since last: 17020020758 ns, Reaching safepoint: 178334 ns, Cleanup: 70416 ns, At safepoint: 18417 ns, Total: 267167 ns
[2025-09-01T03:07:48.052+0000][175][info ][safepoint   ] Safepoint "Cleanup", Time since last: 25847647512 ns, Reaching safepoint: 6333 ns, Cleanup: 11167 ns, At safepoint: 2708 ns, Total: 20208 ns
[2025-09-01T03:07:49.382+0000][175][info ][safepoint   ] Safepoint "Cleanup", Time since last: 1330059292 ns, Reaching safepoint: 68667 ns, Cleanup: 49083 ns, At safepoint: 35250 ns, Total: 153000 ns
[2025-09-01T03:08:06.383+0000][175][info ][safepoint   ] Safepoint "Cleanup", Time since last: 17000382924 ns, Reaching safepoint: 58750 ns, Cleanup: 40334 ns, At safepoint: 20541 ns, Total: 119625 ns
[2025-09-01T03:08:08.385+0000][175][info ][safepoint   ] Safepoint "Cleanup", Time since last: 2002412918 ns, Reaching safepoint: 62542 ns, Cleanup: 32083 ns, At safepoint: 19208 ns, Total: 113833 ns
[2025-09-01T03:08:11.389+0000][175][info ][safepoint   ] Safepoint "Cleanup", Time since last: 3003294168 ns, Reaching safepoint: 68625 ns, Cleanup: 78542 ns, At safepoint: 19542 ns, Total: 166709 ns
[2025-09-01T03:08:42.442+0000][175][info ][safepoint   ] Safepoint "Cleanup", Time since last: 31052625681 ns, Reaching safepoint: 75708 ns, Cleanup: 87209 ns, At safepoint: 21000 ns, Total: 183917 ns
[2025-09-01T03:08:46.449+0000][175][info ][safepoint   ] Safepoint "Cleanup", Time since last: 4006785460 ns, Reaching safepoint: 87375 ns, Cleanup: 74625 ns, At safepoint: 26750 ns, Total: 188750 ns
[2025-09-01T03:08:51.060+0000][175][info ][safepoint   ] Safepoint "Cleanup", Time since last: 4611806585 ns, Reaching safepoint: 7667 ns, Cleanup: 29375 ns, At safepoint: 4125 ns, Total: 41167 ns
[2025-09-01T03:08:52.781+0000][175][info ][safepoint   ] Safepoint "Cleanup", Time since last: 1720998709 ns, Reaching safepoint: 60584 ns, Cleanup: 40291 ns, At safepoint: 17875 ns, Total: 118750 ns
[2025-09-01T03:08:54.812+0000][175][info ][safepoint   ] Safepoint "Cleanup", Time since last: 2030786751 ns, Reaching safepoint: 16917 ns, Cleanup: 23000 ns, At safepoint: 9167 ns, Total: 49084 ns
[2025-09-01T03:09:07.641+0000][175][info ][safepoint   ] Safepoint "Cleanup", Time since last: 12828927505 ns, Reaching safepoint: 64916 ns, Cleanup: 40792 ns, At safepoint: 28542 ns, Total: 134250 ns
[2025-09-01T03:09:22.662+0000][175][info ][safepoint   ] Safepoint "Cleanup", Time since last: 15020600424 ns, Reaching safepoint: 127583 ns, Cleanup: 36750 ns, At safepoint: 40083 ns, Total: 204416 ns
[2025-09-01T03:10:03.638+0000][175][info ][safepoint   ] Safepoint "Cleanup", Time since last: 40975939019 ns, Reaching safepoint: 71375 ns, Cleanup: 59750 ns, At safepoint: 15916 ns, Total: 147041 ns
[2025-09-01T03:10:04.640+0000][175][info ][safepoint   ] Safepoint "Cleanup", Time since last: 1001076084 ns, Reaching safepoint: 767917 ns, Cleanup: 25125 ns, At safepoint: 16042 ns, Total: 809084 ns
[2025-09-01T03:10:05.641+0000][175][info ][safepoint   ] Safepoint "Cleanup", Time since last: 1001196375 ns, Reaching safepoint: 61041 ns, Cleanup: 22500 ns, At safepoint: 18500 ns, Total: 102041 ns
[2025-09-01T03:10:09.086+0000][175][info ][safepoint   ] Safepoint "Cleanup", Time since last: 3444197169 ns, Reaching safepoint: 3291 ns, Cleanup: 20750 ns, At safepoint: 6875 ns, Total: 30916 ns
[2025-09-01T03:10:10.242+0000][175][info ][safepoint   ] Safepoint "Cleanup", Time since last: 1156182126 ns, Reaching safepoint: 70333 ns, Cleanup: 376000 ns, At safepoint: 22750 ns, Total: 469083 ns
[2025-09-01T03:10:11.281+0000][175][info ][safepoint   ] Safepoint "Cleanup", Time since last: 1038628501 ns, Reaching safepoint: 62875 ns, Cleanup: 124541 ns, At safepoint: 19750 ns, Total: 207166 ns
[2025-09-01T03:10:12.336+0000][175][info ][safepoint   ] Safepoint "Cleanup", Time since last: 1055010459 ns, Reaching safepoint: 5459 ns, Cleanup: 47291 ns, At safepoint: 7959 ns, Total: 60709 ns
[2025-09-01T03:10:13.350+0000][175][info ][safepoint   ] Safepoint "Cleanup", Time since last: 1013762833 ns, Reaching safepoint: 62209 ns, Cleanup: 72833 ns, At safepoint: 16042 ns, Total: 151084 ns
[2025-09-01T03:10:14.412+0000][175][info ][safepoint   ] Safepoint "Cleanup", Time since last: 1062016709 ns, Reaching safepoint: 69083 ns, Cleanup: 134250 ns, At safepoint: 16417 ns, Total: 219750 ns
[2025-09-01T03:10:15.418+0000][175][info ][safepoint   ] Safepoint "Cleanup", Time since last: 1004867625 ns, Reaching safepoint: 829125 ns, Cleanup: 36958 ns, At safepoint: 10500 ns, Total: 876583 ns
[2025-09-01T03:10:24.369+0000][175][info ][safepoint   ] Safepoint "Cleanup", Time since last: 8951268338 ns, Reaching safepoint: 46042 ns, Cleanup: 34458 ns, At safepoint: 19708 ns, Total: 100208 ns
[2025-09-01T03:10:42.416+0000][175][info ][safepoint   ] Safepoint "Cleanup", Time since last: 18046511592 ns, Reaching safepoint: 79541 ns, Cleanup: 49000 ns, At safepoint: 27292 ns, Total: 155833 ns
[2025-09-01T03:10:51.477+0000][175][info ][safepoint   ] Safepoint "Cleanup", Time since last: 9061044004 ns, Reaching safepoint: 115584 ns, Cleanup: 28625 ns, At safepoint: 16250 ns, Total: 160459 ns
[2025-09-01T03:10:57.586+0000][175][info ][safepoint   ] Safepoint "Cleanup", Time since last: 6108327544 ns, Reaching safepoint: 16250 ns, Cleanup: 21750 ns, At safepoint: 7709 ns, Total: 45709 ns
[2025-09-01T03:10:58.630+0000][175][info ][safepoint   ] Safepoint "Cleanup", Time since last: 1044158417 ns, Reaching safepoint: 22916 ns, Cleanup: 23375 ns, At safepoint: 9792 ns, Total: 56083 ns
[2025-09-01T03:11:00.655+0000][175][info ][safepoint   ] Safepoint "Cleanup", Time since last: 2025058918 ns, Reaching safepoint: 8791 ns, Cleanup: 21875 ns, At safepoint: 11084 ns, Total: 41750 ns
[2025-09-01T03:11:05.552+0000][175][info ][safepoint   ] Safepoint "Cleanup", Time since last: 4896320127 ns, Reaching safepoint: 16541 ns, Cleanup: 24542 ns, At safepoint: 9708 ns, Total: 50791 ns
[2025-09-01T03:11:06.583+0000][175][info ][safepoint   ] Safepoint "Cleanup", Time since last: 1031436418 ns, Reaching safepoint: 61125 ns, Cleanup: 44208 ns, At safepoint: 16125 ns, Total: 121458 ns
[2025-09-01T03:11:09.093+0000][175][info ][gc,start    ] GC(35) Pause Young (Prepare Mixed) (G1 Evacuation Pause)
[2025-09-01T03:11:09.093+0000][175][info ][gc,task     ] GC(35) Using 8 workers of 8 for evacuation
[2025-09-01T03:11:09.093+0000][175][debug][gc,age      ] GC(35) Desired survivor size 41943040 bytes, new threshold 15 (max threshold 15)
[2025-09-01T03:11:09.113+0000][175][info ][gc,phases   ] GC(35)   Pre Evacuate Collection Set: 0.60ms
[2025-09-01T03:11:09.113+0000][175][info ][gc,phases   ] GC(35)   Merge Heap Roots: 0.34ms
[2025-09-01T03:11:09.113+0000][175][info ][gc,phases   ] GC(35)   Evacuate Collection Set: 15.11ms
[2025-09-01T03:11:09.113+0000][175][info ][gc,phases   ] GC(35)   Post Evacuate Collection Set: 3.05ms
[2025-09-01T03:11:09.113+0000][175][info ][gc,phases   ] GC(35)   Other: 0.55ms
[2025-09-01T03:11:09.113+0000][175][trace][gc,age      ] GC(35) Age table with threshold 15 (max threshold 15)
[2025-09-01T03:11:09.113+0000][175][trace][gc,age      ] GC(35) - age   1:    1215312 bytes,    1215312 total
[2025-09-01T03:11:09.113+0000][175][trace][gc,age      ] GC(35) - age   2:      48544 bytes,    1263856 total
[2025-09-01T03:11:09.113+0000][175][trace][gc,age      ] GC(35) - age   3:      62952 bytes,    1326808 total
[2025-09-01T03:11:09.113+0000][175][trace][gc,age      ] GC(35) - age   4:     527384 bytes,    1854192 total
[2025-09-01T03:11:09.113+0000][175][trace][gc,age      ] GC(35) - age   5:      19136 bytes,    1873328 total
[2025-09-01T03:11:09.113+0000][175][trace][gc,age      ] GC(35) - age   6:      11488 bytes,    1884816 total
[2025-09-01T03:11:09.113+0000][175][trace][gc,age      ] GC(35) - age   7:      16536 bytes,    1901352 total
[2025-09-01T03:11:09.113+0000][175][trace][gc,age      ] GC(35) - age   8:      88552 bytes,    1989904 total
[2025-09-01T03:11:09.114+0000][175][trace][gc,age      ] GC(35) - age   9:     138608 bytes,    2128512 total
[2025-09-01T03:11:09.114+0000][175][trace][gc,age      ] GC(35) - age  10:     108224 bytes,    2236736 total
[2025-09-01T03:11:09.114+0000][175][trace][gc,age      ] GC(35) - age  11:    1440472 bytes,    3677208 total
[2025-09-01T03:11:09.114+0000][175][trace][gc,age      ] GC(35) - age  12:    1080872 bytes,    4758080 total
[2025-09-01T03:11:09.114+0000][175][trace][gc,age      ] GC(35) - age  13:    4819376 bytes,    9577456 total
[2025-09-01T03:11:09.114+0000][175][trace][gc,age      ] GC(35) - age  14:    9645824 bytes,   19223280 total
[2025-09-01T03:11:09.114+0000][175][info ][gc,heap     ] GC(35) Eden regions: 148->0(148)
[2025-09-01T03:11:09.114+0000][175][info ][gc,heap     ] GC(35) Survivor regions: 5->5(20)
[2025-09-01T03:11:09.114+0000][175][info ][gc,heap     ] GC(35) Old regions: 33->33
[2025-09-01T03:11:09.114+0000][175][info ][gc,heap     ] GC(35) Humongous regions: 2->2
[2025-09-01T03:11:09.114+0000][175][info ][gc,metaspace] GC(35) Metaspace: 159612K(165696K)->159612K(165696K) NonClass: 138066K(141504K)->138066K(141504K) Class: 21545K(24192K)->21545K(24192K)
[2025-09-01T03:11:09.114+0000][175][info ][gc          ] GC(35) Pause Young (Prepare Mixed) (G1 Evacuation Pause) 749M->158M(1024M) 21.652ms
[2025-09-01T03:11:09.114+0000][175][info ][gc,cpu      ] GC(35) User=0.13s Sys=0.00s Real=0.02s
[2025-09-01T03:11:09.114+0000][175][info ][safepoint   ] Safepoint "G1CollectForAllocation", Time since last: 2509007459 ns, Reaching safepoint: 176084 ns, Cleanup: 8458 ns, At safepoint: 21891500 ns, Total: 22076042 ns
[2025-09-01T03:11:12.118+0000][175][info ][safepoint   ] Safepoint "Cleanup", Time since last: 3003667501 ns, Reaching safepoint: 18834 ns, Cleanup: 26666 ns, At safepoint: 11292 ns, Total: 56792 ns
[2025-09-01T03:12:00.956+0000][175][info ][safepoint   ] Safepoint "Cleanup", Time since last: 48838504023 ns, Reaching safepoint: 20666 ns, Cleanup: 26625 ns, At safepoint: 9709 ns, Total: 57000 ns
[2025-09-01T03:12:01.990+0000][175][info ][safepoint   ] Safepoint "Cleanup", Time since last: 1033668917 ns, Reaching safepoint: 82833 ns, Cleanup: 55209 ns, At safepoint: 39250 ns, Total: 177292 ns
[2025-09-01T03:12:04.006+0000][175][info ][safepoint   ] Safepoint "Cleanup", Time since last: 2015534584 ns, Reaching safepoint: 18542 ns, Cleanup: 67208 ns, At safepoint: 10208 ns, Total: 95958 ns
[2025-09-01T03:12:24.055+0000][175][info ][safepoint   ] Safepoint "Cleanup", Time since last: 20049067592 ns, Reaching safepoint: 152334 ns, Cleanup: 34291 ns, At safepoint: 20042 ns, Total: 206667 ns
[2025-09-01T03:12:37.077+0000][175][info ][safepoint   ] Safepoint "Cleanup", Time since last: 13022031922 ns, Reaching safepoint: 80541 ns, Cleanup: 51042 ns, At safepoint: 24167 ns, Total: 155750 ns
[2025-09-01T03:12:46.090+0000][175][info ][safepoint   ] Safepoint "Cleanup", Time since last: 9012975462 ns, Reaching safepoint: 36084 ns, Cleanup: 25750 ns, At safepoint: 8416 ns, Total: 70250 ns
[2025-09-01T03:13:01.159+0000][175][info ][safepoint   ] Safepoint "Cleanup", Time since last: 15068616216 ns, Reaching safepoint: 63792 ns, Cleanup: 54166 ns, At safepoint: 25584 ns, Total: 143542 ns
[2025-09-01T03:13:03.262+0000][175][info ][safepoint   ] Safepoint "Cleanup", Time since last: 2103038501 ns, Reaching safepoint: 3625 ns, Cleanup: 8000 ns, At safepoint: 5916 ns, Total: 17541 ns
[2025-09-01T03:13:04.286+0000][175][info ][safepoint   ] Safepoint "Cleanup", Time since last: 1024088001 ns, Reaching safepoint: 4041 ns, Cleanup: 9709 ns, At safepoint: 2041 ns, Total: 15791 ns
[2025-09-01T03:13:05.305+0000][175][info ][safepoint   ] Safepoint "Cleanup", Time since last: 1018533042 ns, Reaching safepoint: 96500 ns, Cleanup: 100750 ns, At safepoint: 14083 ns, Total: 211333 ns
[2025-09-01T03:13:08.342+0000][175][info ][safepoint   ] Safepoint "Cleanup", Time since last: 3036707043 ns, Reaching safepoint: 80917 ns, Cleanup: 87792 ns, At safepoint: 15125 ns, Total: 183834 ns
[2025-09-01T03:13:35.379+0000][175][info ][safepoint   ] Safepoint "Cleanup", Time since last: 27036384512 ns, Reaching safepoint: 73916 ns, Cleanup: 53417 ns, At safepoint: 22250 ns, Total: 149583 ns
[2025-09-01T03:13:41.388+0000][175][info ][safepoint   ] Safepoint "Cleanup", Time since last: 6009065211 ns, Reaching safepoint: 77667 ns, Cleanup: 72708 ns, At safepoint: 24000 ns, Total: 174375 ns
[2025-09-01T03:14:06.152+0000][175][info ][safepoint   ] Safepoint "Cleanup", Time since last: 24765007261 ns, Reaching safepoint: 7834 ns, Cleanup: 19625 ns, At safepoint: 12958 ns, Total: 40417 ns
[2025-09-01T03:14:07.678+0000][175][info ][safepoint   ] Safepoint "Cleanup", Time since last: 1524879209 ns, Reaching safepoint: 63417 ns, Cleanup: 53375 ns, At safepoint: 30625 ns, Total: 147417 ns
[2025-09-01T03:14:48.825+0000][175][info ][safepoint   ] Safepoint "Cleanup", Time since last: 41147156727 ns, Reaching safepoint: 117125 ns, Cleanup: 64458 ns, At safepoint: 28958 ns, Total: 210541 ns
[2025-09-01T03:15:03.492+0000][175][info ][safepoint   ] Safepoint "Cleanup", Time since last: 14666826299 ns, Reaching safepoint: 67208 ns, Cleanup: 55667 ns, At safepoint: 27417 ns, Total: 150292 ns
[2025-09-01T03:15:08.498+0000][175][info ][safepoint   ] Safepoint "Cleanup", Time since last: 5005848084 ns, Reaching safepoint: 68000 ns, Cleanup: 95500 ns, At safepoint: 32334 ns, Total: 195834 ns
[2025-09-01T03:15:09.922+0000][175][info ][safepoint   ] Safepoint "Cleanup", Time since last: 1423921084 ns, Reaching safepoint: 22166 ns, Cleanup: 49500 ns, At safepoint: 9459 ns, Total: 81125 ns
[2025-09-01T03:15:10.954+0000][175][info ][safepoint   ] Safepoint "Cleanup", Time since last: 1031891500 ns, Reaching safepoint: 53667 ns, Cleanup: 83500 ns, At safepoint: 15667 ns, Total: 152834 ns
[2025-09-01T03:15:12.978+0000][175][info ][safepoint   ] Safepoint "Cleanup", Time since last: 2024129167 ns, Reaching safepoint: 7875 ns, Cleanup: 27417 ns, At safepoint: 11333 ns, Total: 46625 ns
[2025-09-01T03:15:45.942+0000][175][info ][safepoint   ] Safepoint "Cleanup", Time since last: 32964098640 ns, Reaching safepoint: 7750 ns, Cleanup: 24583 ns, At safepoint: 8000 ns, Total: 40333 ns
[2025-09-01T03:16:07.749+0000][175][info ][safepoint   ] Safepoint "Cleanup", Time since last: 21805953552 ns, Reaching safepoint: 72625 ns, Cleanup: 42750 ns, At safepoint: 24625 ns, Total: 140000 ns
[2025-09-01T03:16:10.755+0000][175][info ][safepoint   ] Safepoint "Cleanup", Time since last: 3006303459 ns, Reaching safepoint: 73209 ns, Cleanup: 38250 ns, At safepoint: 19125 ns, Total: 130584 ns
[2025-09-01T03:16:13.208+0000][175][info ][safepoint   ] Safepoint "Cleanup", Time since last: 2453259084 ns, Reaching safepoint: 26334 ns, Cleanup: 25916 ns, At safepoint: 22084 ns, Total: 74334 ns
[2025-09-01T03:16:14.249+0000][175][info ][safepoint   ] Safepoint "Cleanup", Time since last: 1040667000 ns, Reaching safepoint: 33375 ns, Cleanup: 100958 ns, At safepoint: 17042 ns, Total: 151375 ns
[2025-09-01T03:16:16.198+0000][175][info ][safepoint   ] Safepoint "Cleanup", Time since last: 1948196709 ns, Reaching safepoint: 81834 ns, Cleanup: 60833 ns, At safepoint: 18708 ns, Total: 161375 ns
[2025-09-01T03:16:35.320+0000][175][info ][safepoint   ] Safepoint "Cleanup", Time since last: 19122970634 ns, Reaching safepoint: 209750 ns, Cleanup: 45250 ns, At safepoint: 165833 ns, Total: 420833 ns
[2025-09-01T03:17:00.794+0000][175][info ][safepoint   ] Safepoint "Cleanup", Time since last: 25473189137 ns, Reaching safepoint: 74667 ns, Cleanup: 25250 ns, At safepoint: 15375 ns, Total: 115292 ns
[2025-09-01T03:17:15.429+0000][175][info ][safepoint   ] Safepoint "Cleanup", Time since last: 14634907882 ns, Reaching safepoint: 5416 ns, Cleanup: 9417 ns, At safepoint: 2500 ns, Total: 17333 ns
[2025-09-01T03:17:16.458+0000][175][info ][safepoint   ] Safepoint "Cleanup", Time since last: 1028932251 ns, Reaching safepoint: 68375 ns, Cleanup: 41833 ns, At safepoint: 28417 ns, Total: 138625 ns
[2025-09-01T03:17:18.182+0000][175][info ][gc,start    ] GC(36) Pause Young (Mixed) (G1 Evacuation Pause)
[2025-09-01T03:17:18.182+0000][175][info ][gc,task     ] GC(36) Using 8 workers of 8 for evacuation
[2025-09-01T03:17:18.183+0000][175][debug][gc,age      ] GC(36) Desired survivor size 41943040 bytes, new threshold 15 (max threshold 15)
[2025-09-01T03:17:18.230+0000][175][info ][gc,phases   ] GC(36)   Pre Evacuate Collection Set: 1.19ms
[2025-09-01T03:17:18.230+0000][175][info ][gc,phases   ] GC(36)   Merge Heap Roots: 0.30ms
[2025-09-01T03:17:18.230+0000][175][info ][gc,phases   ] GC(36)   Evacuate Collection Set: 42.38ms
[2025-09-01T03:17:18.230+0000][175][info ][gc,phases   ] GC(36)   Post Evacuate Collection Set: 3.01ms
[2025-09-01T03:17:18.230+0000][175][info ][gc,phases   ] GC(36)   Other: 0.58ms
[2025-09-01T03:17:18.230+0000][175][trace][gc,age      ] GC(36) Age table with threshold 15 (max threshold 15)
[2025-09-01T03:17:18.230+0000][175][trace][gc,age      ] GC(36) - age   1:     980960 bytes,     980960 total
[2025-09-01T03:17:18.230+0000][175][trace][gc,age      ] GC(36) - age   2:     680440 bytes,    1661400 total
[2025-09-01T03:17:18.230+0000][175][trace][gc,age      ] GC(36) - age   3:      44232 bytes,    1705632 total
[2025-09-01T03:17:18.230+0000][175][trace][gc,age      ] GC(36) - age   4:      62760 bytes,    1768392 total
[2025-09-01T03:17:18.230+0000][175][trace][gc,age      ] GC(36) - age   5:     527288 bytes,    2295680 total
[2025-09-01T03:17:18.231+0000][175][trace][gc,age      ] GC(36) - age   6:      19040 bytes,    2314720 total
[2025-09-01T03:17:18.231+0000][175][trace][gc,age      ] GC(36) - age   7:      11488 bytes,    2326208 total
[2025-09-01T03:17:18.231+0000][175][trace][gc,age      ] GC(36) - age   8:      16536 bytes,    2342744 total
[2025-09-01T03:17:18.231+0000][175][trace][gc,age      ] GC(36) - age   9:      88424 bytes,    2431168 total
[2025-09-01T03:17:18.231+0000][175][trace][gc,age      ] GC(36) - age  10:     138208 bytes,    2569376 total
[2025-09-01T03:17:18.231+0000][175][trace][gc,age      ] GC(36) - age  11:     108224 bytes,    2677600 total
[2025-09-01T03:17:18.231+0000][175][trace][gc,age      ] GC(36) - age  12:    1440432 bytes,    4118032 total
[2025-09-01T03:17:18.231+0000][175][trace][gc,age      ] GC(36) - age  13:    1075704 bytes,    5193736 total
[2025-09-01T03:17:18.231+0000][175][trace][gc,age      ] GC(36) - age  14:    4819280 bytes,   10013016 total
[2025-09-01T03:17:18.231+0000][175][trace][gc,age      ] GC(36) - age  15:    9645824 bytes,   19658840 total
[2025-09-01T03:17:18.231+0000][175][info ][gc,heap     ] GC(36) Eden regions: 148->0(147)
[2025-09-01T03:17:18.231+0000][175][info ][gc,heap     ] GC(36) Survivor regions: 5->6(20)
[2025-09-01T03:17:18.231+0000][175][info ][gc,heap     ] GC(36) Old regions: 33->33
[2025-09-01T03:17:18.231+0000][175][info ][gc,heap     ] GC(36) Humongous regions: 2->2
[2025-09-01T03:17:18.231+0000][175][info ][gc,metaspace] GC(36) Metaspace: 159749K(165696K)->159749K(165696K) NonClass: 138203K(141504K)->138203K(141504K) Class: 21546K(24192K)->21546K(24192K)
[2025-09-01T03:17:18.231+0000][175][info ][gc          ] GC(36) Pause Young (Mixed) (G1 Evacuation Pause) 750M->158M(1024M) 49.300ms
[2025-09-01T03:17:18.231+0000][175][info ][gc,cpu      ] GC(36) User=0.35s Sys=0.00s Real=0.05s
[2025-09-01T03:17:18.231+0000][175][info ][safepoint   ] Safepoint "G1CollectForAllocation", Time since last: 1723644459 ns, Reaching safepoint: 30583 ns, Cleanup: 6125 ns, At safepoint: 49473708 ns, Total: 49510416 ns
[2025-09-01T03:17:19.484+0000][175][info ][safepoint   ] Safepoint "Cleanup", Time since last: 1252327418 ns, Reaching safepoint: 69666 ns, Cleanup: 115000 ns, At safepoint: 28709 ns, Total: 213375 ns
[2025-09-01T03:18:07.897+0000][175][info ][safepoint   ] Safepoint "Cleanup", Time since last: 48413359104 ns, Reaching safepoint: 64292 ns, Cleanup: 45250 ns, At safepoint: 57208 ns, Total: 166750 ns
[2025-09-01T03:18:15.907+0000][175][info ][safepoint   ] Safepoint "Cleanup", Time since last: 8009622129 ns, Reaching safepoint: 57000 ns, Cleanup: 45250 ns, At safepoint: 19708 ns, Total: 121958 ns
[2025-09-01T03:18:48.822+0000][175][info ][safepoint   ] Safepoint "Cleanup", Time since last: 32915289474 ns, Reaching safepoint: 115333 ns, Cleanup: 97834 ns, At safepoint: 24458 ns, Total: 237625 ns
[2025-09-01T03:19:12.918+0000][175][info ][safepoint   ] Safepoint "Cleanup", Time since last: 24095270886 ns, Reaching safepoint: 38209 ns, Cleanup: 41000 ns, At safepoint: 14375 ns, Total: 93584 ns
[2025-09-01T03:19:20.926+0000][175][info ][safepoint   ] Safepoint "Cleanup", Time since last: 8007991837 ns, Reaching safepoint: 67541 ns, Cleanup: 43542 ns, At safepoint: 19292 ns, Total: 130375 ns
[2025-09-01T03:19:46.075+0000][175][info ][safepoint   ] Safepoint "Cleanup", Time since last: 25148314219 ns, Reaching safepoint: 97834 ns, Cleanup: 48708 ns, At safepoint: 55333 ns, Total: 201875 ns
[2025-09-01T03:19:55.085+0000][175][info ][safepoint   ] Safepoint "Cleanup", Time since last: 9010260630 ns, Reaching safepoint: 77000 ns, Cleanup: 68333 ns, At safepoint: 27833 ns, Total: 173166 ns
[2025-09-01T03:20:03.141+0000][175][info ][safepoint   ] Safepoint "Cleanup", Time since last: 8055197421 ns, Reaching safepoint: 66791 ns, Cleanup: 49917 ns, At safepoint: 21667 ns, Total: 138375 ns
[2025-09-01T03:20:08.148+0000][175][info ][safepoint   ] Safepoint "Cleanup", Time since last: 5007805293 ns, Reaching safepoint: 96333 ns, Cleanup: 82084 ns, At safepoint: 32958 ns, Total: 211375 ns
[2025-09-01T03:20:12.282+0000][175][info ][safepoint   ] Safepoint "Cleanup", Time since last: 4133183919 ns, Reaching safepoint: 3375 ns, Cleanup: 63041 ns, At safepoint: 4750 ns, Total: 71166 ns
[2025-09-01T03:20:24.242+0000][175][info ][safepoint   ] Safepoint "Cleanup", Time since last: 11960642006 ns, Reaching safepoint: 4833 ns, Cleanup: 8125 ns, At safepoint: 7000 ns, Total: 19958 ns
[2025-09-01T03:20:26.281+0000][175][info ][safepoint   ] Safepoint "Cleanup", Time since last: 2038617626 ns, Reaching safepoint: 72250 ns, Cleanup: 67917 ns, At safepoint: 20833 ns, Total: 161000 ns
[2025-09-01T03:20:46.021+0000][175][info ][safepoint   ] Safepoint "Cleanup", Time since last: 19740473009 ns, Reaching safepoint: 10375 ns, Cleanup: 14375 ns, At safepoint: 6500 ns, Total: 31250 ns
[2025-09-01T03:20:47.576+0000][175][info ][safepoint   ] Safepoint "Cleanup", Time since last: 1554362667 ns, Reaching safepoint: 62334 ns, Cleanup: 69333 ns, At safepoint: 11958 ns, Total: 143625 ns
[2025-09-01T03:21:08.211+0000][175][info ][safepoint   ] Safepoint "Cleanup", Time since last: 20634133593 ns, Reaching safepoint: 218000 ns, Cleanup: 46208 ns, At safepoint: 23958 ns, Total: 288166 ns
[2025-09-01T03:21:27.306+0000][175][info ][safepoint   ] Safepoint "Cleanup", Time since last: 19095708676 ns, Reaching safepoint: 3667 ns, Cleanup: 6625 ns, At safepoint: 4500 ns, Total: 14792 ns
[2025-09-01T03:21:30.533+0000][175][info ][safepoint   ] Safepoint "Cleanup", Time since last: 3226609835 ns, Reaching safepoint: 18541 ns, Cleanup: 30834 ns, At safepoint: 8500 ns, Total: 57875 ns
[2025-09-01T03:22:08.321+0000][175][info ][safepoint   ] Safepoint "Cleanup", Time since last: 37787959183 ns, Reaching safepoint: 51500 ns, Cleanup: 95167 ns, At safepoint: 20375 ns, Total: 167042 ns
[2025-09-01T03:22:30.311+0000][175][info ][safepoint   ] Safepoint "Cleanup", Time since last: 21989494677 ns, Reaching safepoint: 15375 ns, Cleanup: 15542 ns, At safepoint: 4625 ns, Total: 35542 ns
[2025-09-01T03:22:54.813+0000][175][info ][safepoint   ] Safepoint "Cleanup", Time since last: 24502761803 ns, Reaching safepoint: 94541 ns, Cleanup: 43875 ns, At safepoint: 19959 ns, Total: 158375 ns
[2025-09-01T03:22:55.731+0000][175][info ][gc,start    ] GC(37) Pause Young (Concurrent Start) (G1 Evacuation Pause)
[2025-09-01T03:22:55.731+0000][175][info ][gc,task     ] GC(37) Using 8 workers of 8 for evacuation
[2025-09-01T03:22:55.731+0000][175][debug][gc,age      ] GC(37) Desired survivor size 41943040 bytes, new threshold 15 (max threshold 15)
[2025-09-01T03:22:55.768+0000][175][info ][gc,phases   ] GC(37)   Pre Evacuate Collection Set: 0.77ms
[2025-09-01T03:22:55.768+0000][175][info ][gc,phases   ] GC(37)   Merge Heap Roots: 0.15ms
[2025-09-01T03:22:55.768+0000][175][info ][gc,phases   ] GC(37)   Evacuate Collection Set: 32.06ms
[2025-09-01T03:22:55.768+0000][175][info ][gc,phases   ] GC(37)   Post Evacuate Collection Set: 3.60ms
[2025-09-01T03:22:55.768+0000][175][info ][gc,phases   ] GC(37)   Other: 0.38ms
[2025-09-01T03:22:55.769+0000][175][trace][gc,age      ] GC(37) Age table with threshold 15 (max threshold 15)
[2025-09-01T03:22:55.769+0000][175][trace][gc,age      ] GC(37) - age   1:     932120 bytes,     932120 total
[2025-09-01T03:22:55.769+0000][175][trace][gc,age      ] GC(37) - age   2:      33656 bytes,     965776 total
[2025-09-01T03:22:55.769+0000][175][trace][gc,age      ] GC(37) - age   3:     539224 bytes,    1505000 total
[2025-09-01T03:22:55.769+0000][175][trace][gc,age      ] GC(37) - age   4:      44168 bytes,    1549168 total
[2025-09-01T03:22:55.769+0000][175][trace][gc,age      ] GC(37) - age   5:      62760 bytes,    1611928 total
[2025-09-01T03:22:55.769+0000][175][trace][gc,age      ] GC(37) - age   6:     527288 bytes,    2139216 total
[2025-09-01T03:22:55.769+0000][175][trace][gc,age      ] GC(37) - age   7:      19040 bytes,    2158256 total
[2025-09-01T03:22:55.769+0000][175][trace][gc,age      ] GC(37) - age   8:      11488 bytes,    2169744 total
[2025-09-01T03:22:55.769+0000][175][trace][gc,age      ] GC(37) - age   9:      16536 bytes,    2186280 total
[2025-09-01T03:22:55.769+0000][175][trace][gc,age      ] GC(37) - age  10:      88424 bytes,    2274704 total
[2025-09-01T03:22:55.769+0000][175][trace][gc,age      ] GC(37) - age  11:     138208 bytes,    2412912 total
[2025-09-01T03:22:55.769+0000][175][trace][gc,age      ] GC(37) - age  12:     108224 bytes,    2521136 total
[2025-09-01T03:22:55.769+0000][175][trace][gc,age      ] GC(37) - age  13:    1440432 bytes,    3961568 total
[2025-09-01T03:22:55.769+0000][175][trace][gc,age      ] GC(37) - age  14:    1075704 bytes,    5037272 total
[2025-09-01T03:22:55.769+0000][175][trace][gc,age      ] GC(37) - age  15:    4819280 bytes,    9856552 total
[2025-09-01T03:22:55.769+0000][175][info ][gc,heap     ] GC(37) Eden regions: 147->0(150)
[2025-09-01T03:22:55.769+0000][175][info ][gc,heap     ] GC(37) Survivor regions: 6->3(20)
[2025-09-01T03:22:55.769+0000][175][info ][gc,heap     ] GC(37) Old regions: 33->35
[2025-09-01T03:22:55.769+0000][175][info ][gc,heap     ] GC(37) Humongous regions: 2->2
[2025-09-01T03:22:55.769+0000][175][info ][gc,metaspace] GC(37) Metaspace: 159764K(165696K)->159764K(165696K) NonClass: 138217K(141504K)->138217K(141504K) Class: 21546K(24192K)->21546K(24192K)
[2025-09-01T03:22:55.769+0000][175][info ][gc          ] GC(37) Pause Young (Concurrent Start) (G1 Evacuation Pause) 746M->158M(1024M) 38.282ms
[2025-09-01T03:22:55.769+0000][175][info ][gc,cpu      ] GC(37) User=0.26s Sys=0.00s Real=0.04s
[2025-09-01T03:22:55.769+0000][175][info ][gc          ] GC(38) Concurrent Mark Cycle
[2025-09-01T03:22:55.769+0000][175][info ][gc,marking  ] GC(38) Concurrent Scan Root Regions
[2025-09-01T03:22:55.769+0000][175][info ][safepoint   ] Safepoint "G1CollectForAllocation", Time since last: 917399000 ns, Reaching safepoint: 11459 ns, Cleanup: 4166 ns, At safepoint: 38455334 ns, Total: 38470959 ns
[2025-09-01T03:22:55.776+0000][175][info ][gc,marking  ] GC(38) Concurrent Scan Root Regions 7.071ms
[2025-09-01T03:22:55.776+0000][175][info ][gc,marking  ] GC(38) Concurrent Mark
[2025-09-01T03:22:55.777+0000][175][info ][gc,marking  ] GC(38) Concurrent Mark From Roots
[2025-09-01T03:22:55.777+0000][175][info ][gc,task     ] GC(38) Using 2 workers of 2 for marking
[2025-09-01T03:22:55.839+0000][175][info ][gc,marking  ] GC(38) Concurrent Mark From Roots 62.435ms
[2025-09-01T03:22:55.839+0000][175][info ][gc,marking  ] GC(38) Concurrent Preclean
[2025-09-01T03:22:55.840+0000][175][info ][gc,marking  ] GC(38) Concurrent Preclean 0.449ms
[2025-09-01T03:22:55.840+0000][175][info ][gc,start    ] GC(38) Pause Remark
[2025-09-01T03:22:55.860+0000][175][info ][gc          ] GC(38) Pause Remark 161M->161M(1024M) 19.989ms
[2025-09-01T03:22:55.860+0000][175][info ][gc,cpu      ] GC(38) User=0.13s Sys=0.00s Real=0.02s
[2025-09-01T03:22:55.860+0000][175][info ][safepoint   ] Safepoint "G1PauseRemark", Time since last: 70317750 ns, Reaching safepoint: 12291 ns, Cleanup: 13375 ns, At safepoint: 20191084 ns, Total: 20216750 ns
[2025-09-01T03:22:55.860+0000][175][info ][gc,marking  ] GC(38) Concurrent Mark 83.439ms
[2025-09-01T03:22:55.860+0000][175][info ][gc,marking  ] GC(38) Concurrent Rebuild Remembered Sets and Scrub Regions
[2025-09-01T03:22:55.889+0000][175][info ][gc,marking  ] GC(38) Concurrent Rebuild Remembered Sets and Scrub Regions 28.973ms
[2025-09-01T03:22:55.889+0000][175][info ][gc,start    ] GC(38) Pause Cleanup
[2025-09-01T03:22:55.889+0000][175][info ][gc          ] GC(38) Pause Cleanup 163M->163M(1024M) 0.130ms
[2025-09-01T03:22:55.889+0000][175][info ][gc,cpu      ] GC(38) User=0.00s Sys=0.00s Real=0.00s
[2025-09-01T03:22:55.889+0000][175][info ][safepoint   ] Safepoint "G1PauseCleanup", Time since last: 29240041 ns, Reaching safepoint: 8209 ns, Cleanup: 23250 ns, At safepoint: 245541 ns, Total: 277000 ns
[2025-09-01T03:22:55.889+0000][175][info ][gc,marking  ] GC(38) Concurrent Clear Claimed Marks
[2025-09-01T03:22:55.890+0000][175][info ][gc,marking  ] GC(38) Concurrent Clear Claimed Marks 0.258ms
[2025-09-01T03:22:55.890+0000][175][info ][gc,marking  ] GC(38) Concurrent Cleanup for Next Mark
[2025-09-01T03:22:55.894+0000][175][info ][gc,marking  ] GC(38) Concurrent Cleanup for Next Mark 4.708ms
[2025-09-01T03:22:55.894+0000][175][info ][gc          ] GC(38) Concurrent Mark Cycle 125.203ms
[2025-09-01T03:23:31.428+0000][175][info ][safepoint   ] Safepoint "Cleanup", Time since last: 35538247808 ns, Reaching safepoint: 88917 ns, Cleanup: 41542 ns, At safepoint: 21458 ns, Total: 151917 ns
[2025-09-01T03:23:36.308+0000][175][info ][safepoint   ] Safepoint "Cleanup", Time since last: 4879662251 ns, Reaching safepoint: 4125 ns, Cleanup: 8584 ns, At safepoint: 5625 ns, Total: 18334 ns
[2025-09-01T03:23:38.029+0000][175][info ][safepoint   ] Safepoint "Cleanup", Time since last: 1720580625 ns, Reaching safepoint: 384750 ns, Cleanup: 114250 ns, At safepoint: 53875 ns, Total: 552875 ns
[2025-09-01T03:25:10.319+0000][175][info ][safepoint   ] Safepoint "Cleanup", Time since last: 92291457668 ns, Reaching safepoint: 38875 ns, Cleanup: 71417 ns, At safepoint: 19125 ns, Total: 129417 ns
[2025-09-01T03:25:44.561+0000][175][info ][safepoint   ] Safepoint "Cleanup", Time since last: 34240760432 ns, Reaching safepoint: 81292 ns, Cleanup: 26292 ns, At safepoint: 12333 ns, Total: 119917 ns
[2025-09-01T03:26:02.737+0000][175][info ][safepoint   ] Safepoint "Cleanup", Time since last: 18175272300 ns, Reaching safepoint: 38875 ns, Cleanup: 26000 ns, At safepoint: 14042 ns, Total: 78917 ns
[2025-09-01T03:26:42.682+0000][175][info ][safepoint   ] Safepoint "Cleanup", Time since last: 39945809685 ns, Reaching safepoint: 13208 ns, Cleanup: 66375 ns, At safepoint: 22667 ns, Total: 102250 ns
[2025-09-01T03:27:48.968+0000][175][info ][safepoint   ] Safepoint "Cleanup", Time since last: 66284949572 ns, Reaching safepoint: 19750 ns, Cleanup: 29000 ns, At safepoint: 10083 ns, Total: 58833 ns
[2025-09-01T03:28:48.364+0000][175][info ][safepoint   ] Safepoint "Cleanup", Time since last: 59396640236 ns, Reaching safepoint: 53709 ns, Cleanup: 40375 ns, At safepoint: 11250 ns, Total: 105334 ns
[2025-09-01T03:28:48.570+0000][175][info ][gc,start    ] GC(39) Pause Young (Prepare Mixed) (G1 Evacuation Pause)
[2025-09-01T03:28:48.570+0000][175][info ][gc,task     ] GC(39) Using 8 workers of 8 for evacuation
[2025-09-01T03:28:48.570+0000][175][debug][gc,age      ] GC(39) Desired survivor size 41943040 bytes, new threshold 15 (max threshold 15)
[2025-09-01T03:28:48.604+0000][175][info ][gc,phases   ] GC(39)   Pre Evacuate Collection Set: 0.64ms
[2025-09-01T03:28:48.604+0000][175][info ][gc,phases   ] GC(39)   Merge Heap Roots: 0.24ms
[2025-09-01T03:28:48.604+0000][175][info ][gc,phases   ] GC(39)   Evacuate Collection Set: 30.34ms
[2025-09-01T03:28:48.604+0000][175][info ][gc,phases   ] GC(39)   Post Evacuate Collection Set: 3.06ms
[2025-09-01T03:28:48.605+0000][175][info ][gc,phases   ] GC(39)   Other: 0.27ms
[2025-09-01T03:28:48.605+0000][175][trace][gc,age      ] GC(39) Age table with threshold 15 (max threshold 15)
[2025-09-01T03:28:48.605+0000][175][trace][gc,age      ] GC(39) - age   1:    1239392 bytes,    1239392 total
[2025-09-01T03:28:48.605+0000][175][trace][gc,age      ] GC(39) - age   2:      28328 bytes,    1267720 total
[2025-09-01T03:28:48.605+0000][175][trace][gc,age      ] GC(39) - age   3:      32248 bytes,    1299968 total
[2025-09-01T03:28:48.605+0000][175][trace][gc,age      ] GC(39) - age   4:     395528 bytes,    1695496 total
[2025-09-01T03:28:48.605+0000][175][trace][gc,age      ] GC(39) - age   5:      27448 bytes,    1722944 total
[2025-09-01T03:28:48.605+0000][175][trace][gc,age      ] GC(39) - age   6:      45024 bytes,    1767968 total
[2025-09-01T03:28:48.605+0000][175][trace][gc,age      ] GC(39) - age   7:     502752 bytes,    2270720 total
[2025-09-01T03:28:48.605+0000][175][trace][gc,age      ] GC(39) - age   8:      19040 bytes,    2289760 total
[2025-09-01T03:28:48.605+0000][175][trace][gc,age      ] GC(39) - age   9:      11488 bytes,    2301248 total
[2025-09-01T03:28:48.605+0000][175][trace][gc,age      ] GC(39) - age  10:      16536 bytes,    2317784 total
[2025-09-01T03:28:48.605+0000][175][trace][gc,age      ] GC(39) - age  11:      88424 bytes,    2406208 total
[2025-09-01T03:28:48.605+0000][175][trace][gc,age      ] GC(39) - age  12:     138208 bytes,    2544416 total
[2025-09-01T03:28:48.605+0000][175][trace][gc,age      ] GC(39) - age  13:     108224 bytes,    2652640 total
[2025-09-01T03:28:48.605+0000][175][trace][gc,age      ] GC(39) - age  14:    1440432 bytes,    4093072 total
[2025-09-01T03:28:48.605+0000][175][trace][gc,age      ] GC(39) - age  15:    1075704 bytes,    5168776 total
[2025-09-01T03:28:48.605+0000][175][info ][gc,heap     ] GC(39) Eden regions: 150->0(151)
[2025-09-01T03:28:48.605+0000][175][info ][gc,heap     ] GC(39) Survivor regions: 3->2(20)
[2025-09-01T03:28:48.605+0000][175][info ][gc,heap     ] GC(39) Old regions: 35->37
[2025-09-01T03:28:48.605+0000][175][info ][gc,heap     ] GC(39) Humongous regions: 2->2
[2025-09-01T03:28:48.605+0000][175][info ][gc,metaspace] GC(39) Metaspace: 159782K(165696K)->159782K(165696K) NonClass: 138236K(141504K)->138236K(141504K) Class: 21546K(24192K)->21546K(24192K)
[2025-09-01T03:28:48.605+0000][175][info ][gc          ] GC(39) Pause Young (Prepare Mixed) (G1 Evacuation Pause) 758M->159M(1024M) 35.905ms
[2025-09-01T03:28:48.605+0000][175][info ][gc,cpu      ] GC(39) User=0.23s Sys=0.01s Real=0.03s
[2025-09-01T03:28:48.606+0000][175][info ][safepoint   ] Safepoint "G1CollectForAllocation", Time since last: 205379875 ns, Reaching safepoint: 15916 ns, Cleanup: 4042 ns, At safepoint: 36149917 ns, Total: 36169875 ns
[2025-09-01T03:29:51.267+0000][175][info ][safepoint   ] Safepoint "Cleanup", Time since last: 62661569112 ns, Reaching safepoint: 188250 ns, Cleanup: 45209 ns, At safepoint: 25458 ns, Total: 258917 ns
[2025-09-01T03:29:52.477+0000][175][info ][safepoint   ] Safepoint "Cleanup", Time since last: 1209019376 ns, Reaching safepoint: 15333 ns, Cleanup: 64083 ns, At safepoint: 10250 ns, Total: 89666 ns
[2025-09-01T03:29:54.325+0000][175][info ][safepoint   ] Safepoint "Cleanup", Time since last: 1848179710 ns, Reaching safepoint: 4000 ns, Cleanup: 7208 ns, At safepoint: 1458 ns, Total: 12666 ns
[2025-09-01T03:30:16.687+0000][175][info ][safepoint   ] Safepoint "Cleanup", Time since last: 22361712261 ns, Reaching safepoint: 59250 ns, Cleanup: 68500 ns, At safepoint: 25333 ns, Total: 153083 ns
[2025-09-01T03:30:39.721+0000][175][info ][safepoint   ] Safepoint "Cleanup", Time since last: 23033439219 ns, Reaching safepoint: 396208 ns, Cleanup: 797375 ns, At safepoint: 38500 ns, Total: 1232083 ns
[2025-09-01T03:30:46.163+0000][175][info ][safepoint   ] Safepoint "Cleanup", Time since last: 6441583586 ns, Reaching safepoint: 7167 ns, Cleanup: 22625 ns, At safepoint: 7667 ns, Total: 37459 ns
[2025-09-01T03:30:47.985+0000][175][info ][safepoint   ] Safepoint "Cleanup", Time since last: 1822042626 ns, Reaching safepoint: 82708 ns, Cleanup: 47250 ns, At safepoint: 23417 ns, Total: 153375 ns
[2025-09-01T03:31:09.549+0000][175][info ][safepoint   ] Safepoint "Cleanup", Time since last: 21563380051 ns, Reaching safepoint: 195291 ns, Cleanup: 48500 ns, At safepoint: 15375 ns, Total: 259166 ns
[2025-09-01T03:31:19.564+0000][175][info ][safepoint   ] Safepoint "Cleanup", Time since last: 10015106755 ns, Reaching safepoint: 76917 ns, Cleanup: 72375 ns, At safepoint: 37125 ns, Total: 186417 ns
[2025-09-01T03:31:39.588+0000][175][info ][safepoint   ] Safepoint "Cleanup", Time since last: 20023826967 ns, Reaching safepoint: 163458 ns, Cleanup: 65625 ns, At safepoint: 21750 ns, Total: 250833 ns
[2025-09-01T03:31:47.598+0000][175][info ][safepoint   ] Safepoint "Cleanup", Time since last: 8009820712 ns, Reaching safepoint: 97500 ns, Cleanup: 68917 ns, At safepoint: 33792 ns, Total: 200209 ns
[2025-09-01T03:32:07.622+0000][175][info ][safepoint   ] Safepoint "Cleanup", Time since last: 20023741092 ns, Reaching safepoint: 51541 ns, Cleanup: 24667 ns, At safepoint: 14167 ns, Total: 90375 ns
[2025-09-01T03:32:09.625+0000][175][info ][safepoint   ] Safepoint "Cleanup", Time since last: 2002262251 ns, Reaching safepoint: 105333 ns, Cleanup: 96625 ns, At safepoint: 32500 ns, Total: 234458 ns
[2025-09-01T03:32:31.652+0000][175][info ][safepoint   ] Safepoint "Cleanup", Time since last: 22026444385 ns, Reaching safepoint: 583375 ns, Cleanup: 128834 ns, At safepoint: 94666 ns, Total: 806875 ns
[2025-09-01T03:33:10.334+0000][175][info ][safepoint   ] Safepoint "Cleanup", Time since last: 38682161893 ns, Reaching safepoint: 124875 ns, Cleanup: 120208 ns, At safepoint: 30917 ns, Total: 276000 ns
[2025-09-01T03:33:16.339+0000][175][info ][safepoint   ] Safepoint "Cleanup", Time since last: 6005283544 ns, Reaching safepoint: 53083 ns, Cleanup: 47167 ns, At safepoint: 16417 ns, Total: 116667 ns
[2025-09-01T03:33:38.364+0000][175][info ][safepoint   ] Safepoint "Cleanup", Time since last: 22023849509 ns, Reaching safepoint: 231459 ns, Cleanup: 138083 ns, At safepoint: 113458 ns, Total: 483000 ns
[2025-09-01T03:34:06.398+0000][175][info ][safepoint   ] Safepoint "Cleanup", Time since last: 28034473055 ns, Reaching safepoint: 5833 ns, Cleanup: 16959 ns, At safepoint: 14333 ns, Total: 37125 ns
[2025-09-01T03:34:07.538+0000][175][info ][safepoint   ] Safepoint "Cleanup", Time since last: 1139811417 ns, Reaching safepoint: 68875 ns, Cleanup: 79209 ns, At safepoint: 22541 ns, Total: 170625 ns
[2025-09-01T03:34:08.585+0000][175][info ][safepoint   ] Safepoint "Cleanup", Time since last: 1046328876 ns, Reaching safepoint: 95875 ns, Cleanup: 127833 ns, At safepoint: 23958 ns, Total: 247666 ns
[2025-09-01T03:34:10.589+0000][175][info ][safepoint   ] Safepoint "Cleanup", Time since last: 2004252543 ns, Reaching safepoint: 50625 ns, Cleanup: 96042 ns, At safepoint: 17125 ns, Total: 163792 ns
[2025-09-01T03:34:27.379+0000][175][info ][gc,start    ] GC(40) Pause Young (Mixed) (G1 Evacuation Pause)
[2025-09-01T03:34:27.380+0000][175][info ][gc,task     ] GC(40) Using 8 workers of 8 for evacuation
[2025-09-01T03:34:27.380+0000][175][debug][gc,age      ] GC(40) Desired survivor size 41943040 bytes, new threshold 15 (max threshold 15)
[2025-09-01T03:34:27.414+0000][175][info ][gc,phases   ] GC(40)   Pre Evacuate Collection Set: 1.30ms
[2025-09-01T03:34:27.414+0000][175][info ][gc,phases   ] GC(40)   Merge Heap Roots: 0.38ms
[2025-09-01T03:34:27.414+0000][175][info ][gc,phases   ] GC(40)   Evacuate Collection Set: 28.06ms
[2025-09-01T03:34:27.414+0000][175][info ][gc,phases   ] GC(40)   Post Evacuate Collection Set: 3.45ms
[2025-09-01T03:34:27.414+0000][175][info ][gc,phases   ] GC(40)   Other: 0.45ms
[2025-09-01T03:34:27.414+0000][175][trace][gc,age      ] GC(40) Age table with threshold 15 (max threshold 15)
[2025-09-01T03:34:27.414+0000][175][trace][gc,age      ] GC(40) - age   1:    1953592 bytes,    1953592 total
[2025-09-01T03:34:27.414+0000][175][trace][gc,age      ] GC(40) - age   2:      11664 bytes,    1965256 total
[2025-09-01T03:34:27.414+0000][175][trace][gc,age      ] GC(40) - age   3:       9728 bytes,    1974984 total
[2025-09-01T03:34:27.414+0000][175][trace][gc,age      ] GC(40) - age   4:      31864 bytes,    2006848 total
[2025-09-01T03:34:27.414+0000][175][trace][gc,age      ] GC(40) - age   5:     392336 bytes,    2399184 total
[2025-09-01T03:34:27.414+0000][175][trace][gc,age      ] GC(40) - age   6:      27448 bytes,    2426632 total
[2025-09-01T03:34:27.414+0000][175][trace][gc,age      ] GC(40) - age   7:      45024 bytes,    2471656 total
[2025-09-01T03:34:27.414+0000][175][trace][gc,age      ] GC(40) - age   8:     201056 bytes,    2672712 total
[2025-09-01T03:34:27.414+0000][175][trace][gc,age      ] GC(40) - age   9:      19040 bytes,    2691752 total
[2025-09-01T03:34:27.414+0000][175][trace][gc,age      ] GC(40) - age  10:      11488 bytes,    2703240 total
[2025-09-01T03:34:27.415+0000][175][trace][gc,age      ] GC(40) - age  11:      16536 bytes,    2719776 total
[2025-09-01T03:34:27.415+0000][175][trace][gc,age      ] GC(40) - age  12:      88392 bytes,    2808168 total
[2025-09-01T03:34:27.415+0000][175][trace][gc,age      ] GC(40) - age  13:     138208 bytes,    2946376 total
[2025-09-01T03:34:27.415+0000][175][trace][gc,age      ] GC(40) - age  14:     107960 bytes,    3054336 total
[2025-09-01T03:34:27.415+0000][175][trace][gc,age      ] GC(40) - age  15:    1227112 bytes,    4281448 total
[2025-09-01T03:34:27.415+0000][175][info ][gc,heap     ] GC(40) Eden regions: 151->0(151)
[2025-09-01T03:34:27.415+0000][175][info ][gc,heap     ] GC(40) Survivor regions: 2->2(20)
[2025-09-01T03:34:27.415+0000][175][info ][gc,heap     ] GC(40) Old regions: 37->37
[2025-09-01T03:34:27.415+0000][175][info ][gc,heap     ] GC(40) Humongous regions: 2->2
[2025-09-01T03:34:27.415+0000][175][info ][gc,metaspace] GC(40) Metaspace: 159932K(165824K)->159932K(165824K) NonClass: 138383K(141632K)->138383K(141632K) Class: 21548K(24192K)->21548K(24192K)
[2025-09-01T03:34:27.415+0000][175][info ][gc          ] GC(40) Pause Young (Mixed) (G1 Evacuation Pause) 763M->158M(1024M) 36.170ms
[2025-09-01T03:34:27.415+0000][175][info ][gc,cpu      ] GC(40) User=0.24s Sys=0.01s Real=0.03s
[2025-09-01T03:34:27.415+0000][175][info ][safepoint   ] Safepoint "G1CollectForAllocation", Time since last: 16789102341 ns, Reaching safepoint: 132500 ns, Cleanup: 18875 ns, At safepoint: 36418625 ns, Total: 36570000 ns
[2025-09-01T03:34:31.420+0000][175][info ][safepoint   ] Safepoint "Cleanup", Time since last: 4004476127 ns, Reaching safepoint: 279125 ns, Cleanup: 83625 ns, At safepoint: 42458 ns, Total: 405208 ns
[2025-09-01T03:34:46.447+0000][175][info ][safepoint   ] Safepoint "Cleanup", Time since last: 15026812507 ns, Reaching safepoint: 56792 ns, Cleanup: 169708 ns, At safepoint: 19750 ns, Total: 246250 ns
[2025-09-01T03:35:06.154+0000][175][info ][safepoint   ] Safepoint "Cleanup", Time since last: 19706178301 ns, Reaching safepoint: 171292 ns, Cleanup: 34875 ns, At safepoint: 17583 ns, Total: 223750 ns
[2025-09-01T03:35:07.772+0000][175][info ][safepoint   ] Safepoint "Cleanup", Time since last: 1617760959 ns, Reaching safepoint: 78375 ns, Cleanup: 40792 ns, At safepoint: 19833 ns, Total: 139000 ns
[2025-09-01T03:35:12.428+0000][175][info ][safepoint   ] Safepoint "Cleanup", Time since last: 4655341211 ns, Reaching safepoint: 1308958 ns, Cleanup: 24958 ns, At safepoint: 11459 ns, Total: 1345375 ns
[2025-09-01T03:35:13.860+0000][175][info ][safepoint   ] Safepoint "Cleanup", Time since last: 1430602750 ns, Reaching safepoint: 53084 ns, Cleanup: 898250 ns, At safepoint: 24375 ns, Total: 975709 ns
[2025-09-01T03:35:40.011+0000][175][info ][safepoint   ] Safepoint "Cleanup", Time since last: 26151019678 ns, Reaching safepoint: 76916 ns, Cleanup: 81500 ns, At safepoint: 18792 ns, Total: 177208 ns
[2025-09-01T03:35:44.017+0000][175][info ][safepoint   ] Safepoint "Cleanup", Time since last: 4005749710 ns, Reaching safepoint: 66417 ns, Cleanup: 56917 ns, At safepoint: 85000 ns, Total: 208334 ns
[2025-09-01T03:35:47.765+0000][175][info ][safepoint   ] Safepoint "Cleanup", Time since last: 3748160793 ns, Reaching safepoint: 62542 ns, Cleanup: 44000 ns, At safepoint: 24791 ns, Total: 131333 ns
[2025-09-01T03:36:40.242+0000][175][info ][safepoint   ] Safepoint "Cleanup", Time since last: 52477053565 ns, Reaching safepoint: 70042 ns, Cleanup: 26916 ns, At safepoint: 17375 ns, Total: 114333 ns
[2025-09-01T03:37:08.261+0000][175][info ][safepoint   ] Safepoint "Cleanup", Time since last: 28018653889 ns, Reaching safepoint: 64250 ns, Cleanup: 83166 ns, At safepoint: 26000 ns, Total: 173416 ns
[2025-09-01T03:37:10.264+0000][175][info ][safepoint   ] Safepoint "Cleanup", Time since last: 2003181668 ns, Reaching safepoint: 66333 ns, Cleanup: 32458 ns, At safepoint: 16250 ns, Total: 115041 ns
[2025-09-01T03:37:11.267+0000][175][info ][safepoint   ] Safepoint "Cleanup", Time since last: 1002055584 ns, Reaching safepoint: 81292 ns, Cleanup: 44875 ns, At safepoint: 17625 ns, Total: 143792 ns
[2025-09-01T03:37:16.363+0000][175][info ][safepoint   ] Safepoint "Cleanup", Time since last: 5096248586 ns, Reaching safepoint: 18125 ns, Cleanup: 31750 ns, At safepoint: 8500 ns, Total: 58375 ns
[2025-09-01T03:37:26.404+0000][175][info ][safepoint   ] Safepoint "Cleanup", Time since last: 10040808880 ns, Reaching safepoint: 116250 ns, Cleanup: 51458 ns, At safepoint: 24458 ns, Total: 192166 ns
[2025-09-01T03:37:54.438+0000][175][info ][safepoint   ] Safepoint "Cleanup", Time since last: 28034292179 ns, Reaching safepoint: 20375 ns, Cleanup: 15292 ns, At safepoint: 13875 ns, Total: 49542 ns
[2025-09-01T03:38:10.467+0000][175][info ][safepoint   ] Safepoint "Cleanup", Time since last: 16028207923 ns, Reaching safepoint: 86000 ns, Cleanup: 135292 ns, At safepoint: 36542 ns, Total: 257834 ns
[2025-09-01T03:38:11.469+0000][175][info ][safepoint   ] Safepoint "Cleanup", Time since last: 1001990542 ns, Reaching safepoint: 107708 ns, Cleanup: 60708 ns, At safepoint: 28167 ns, Total: 196583 ns
[2025-09-01T03:38:15.426+0000][175][info ][safepoint   ] Safepoint "Cleanup", Time since last: 3956740169 ns, Reaching safepoint: 6000 ns, Cleanup: 43166 ns, At safepoint: 8209 ns, Total: 57375 ns
[2025-09-01T03:38:16.582+0000][175][info ][safepoint   ] Safepoint "Cleanup", Time since last: 1155568500 ns, Reaching safepoint: 15667 ns, Cleanup: 59000 ns, At safepoint: 12250 ns, Total: 86917 ns
[2025-09-01T03:38:40.717+0000][175][info ][safepoint   ] Safepoint "Cleanup", Time since last: 24134287011 ns, Reaching safepoint: 653708 ns, Cleanup: 159292 ns, At safepoint: 48292 ns, Total: 861292 ns
[2025-09-01T03:39:10.610+0000][175][info ][safepoint   ] Safepoint "Cleanup", Time since last: 29892585096 ns, Reaching safepoint: 24125 ns, Cleanup: 29167 ns, At safepoint: 12208 ns, Total: 65500 ns
[2025-09-01T03:39:21.434+0000][175][info ][safepoint   ] Safepoint "Cleanup", Time since last: 10823999755 ns, Reaching safepoint: 6875 ns, Cleanup: 9542 ns, At safepoint: 3083 ns, Total: 19500 ns
[2025-09-01T03:39:22.936+0000][175][info ][safepoint   ] Safepoint "Cleanup", Time since last: 1502653168 ns, Reaching safepoint: 13292 ns, Cleanup: 16333 ns, At safepoint: 6750 ns, Total: 36375 ns
[2025-09-01T03:39:40.956+0000][175][info ][safepoint   ] Safepoint "Cleanup", Time since last: 18020015341 ns, Reaching safepoint: 35208 ns, Cleanup: 144917 ns, At safepoint: 48458 ns, Total: 228583 ns
[2025-09-01T03:39:48.965+0000][175][info ][safepoint   ] Safepoint "Cleanup", Time since last: 8008247963 ns, Reaching safepoint: 79958 ns, Cleanup: 26917 ns, At safepoint: 21583 ns, Total: 128458 ns
[2025-09-01T03:40:03.727+0000][175][info ][safepoint   ] Safepoint "Cleanup", Time since last: 14761731215 ns, Reaching safepoint: 48250 ns, Cleanup: 51584 ns, At safepoint: 18750 ns, Total: 118584 ns
[2025-09-01T03:40:05.729+0000][175][info ][safepoint   ] Safepoint "Cleanup", Time since last: 2002682708 ns, Reaching safepoint: 76958 ns, Cleanup: 98584 ns, At safepoint: 16583 ns, Total: 192125 ns
[2025-09-01T03:40:10.088+0000][175][info ][safepoint   ] Safepoint "Cleanup", Time since last: 4358360335 ns, Reaching safepoint: 4750 ns, Cleanup: 8250 ns, At safepoint: 6500 ns, Total: 19500 ns
[2025-09-01T03:40:12.472+0000][175][info ][safepoint   ] Safepoint "Cleanup", Time since last: 2383647543 ns, Reaching safepoint: 747084 ns, Cleanup: 7791 ns, At safepoint: 6625 ns, Total: 761500 ns
[2025-09-01T03:40:12.514+0000][175][info ][gc,start    ] GC(41) Pause Young (Concurrent Start) (G1 Evacuation Pause)
[2025-09-01T03:40:12.514+0000][175][info ][gc,task     ] GC(41) Using 8 workers of 8 for evacuation
[2025-09-01T03:40:12.514+0000][175][debug][gc,age      ] GC(41) Desired survivor size 41943040 bytes, new threshold 15 (max threshold 15)
[2025-09-01T03:40:12.531+0000][175][info ][gc,phases   ] GC(41)   Pre Evacuate Collection Set: 1.17ms
[2025-09-01T03:40:12.531+0000][175][info ][gc,phases   ] GC(41)   Merge Heap Roots: 0.31ms
[2025-09-01T03:40:12.531+0000][175][info ][gc,phases   ] GC(41)   Evacuate Collection Set: 12.68ms
[2025-09-01T03:40:12.531+0000][175][info ][gc,phases   ] GC(41)   Post Evacuate Collection Set: 2.17ms
[2025-09-01T03:40:12.531+0000][175][info ][gc,phases   ] GC(41)   Other: 0.77ms
[2025-09-01T03:40:12.531+0000][175][trace][gc,age      ] GC(41) Age table with threshold 15 (max threshold 15)
[2025-09-01T03:40:12.531+0000][175][trace][gc,age      ] GC(41) - age   1:    1249264 bytes,    1249264 total
[2025-09-01T03:40:12.532+0000][175][trace][gc,age      ] GC(41) - age   2:     919904 bytes,    2169168 total
[2025-09-01T03:40:12.532+0000][175][trace][gc,age      ] GC(41) - age   3:       9296 bytes,    2178464 total
[2025-09-01T03:40:12.532+0000][175][trace][gc,age      ] GC(41) - age   4:       9664 bytes,    2188128 total
[2025-09-01T03:40:12.532+0000][175][trace][gc,age      ] GC(41) - age   5:      31864 bytes,    2219992 total
[2025-09-01T03:40:12.532+0000][175][trace][gc,age      ] GC(41) - age   6:     391680 bytes,    2611672 total
[2025-09-01T03:40:12.532+0000][175][trace][gc,age      ] GC(41) - age   7:      27448 bytes,    2639120 total
[2025-09-01T03:40:12.532+0000][175][trace][gc,age      ] GC(41) - age   8:      45024 bytes,    2684144 total
[2025-09-01T03:40:12.532+0000][175][trace][gc,age      ] GC(41) - age   9:     184840 bytes,    2868984 total
[2025-09-01T03:40:12.532+0000][175][trace][gc,age      ] GC(41) - age  10:      19040 bytes,    2888024 total
[2025-09-01T03:40:12.532+0000][175][trace][gc,age      ] GC(41) - age  11:      11488 bytes,    2899512 total
[2025-09-01T03:40:12.532+0000][175][trace][gc,age      ] GC(41) - age  12:      16536 bytes,    2916048 total
[2025-09-01T03:40:12.532+0000][175][trace][gc,age      ] GC(41) - age  13:      88392 bytes,    3004440 total
[2025-09-01T03:40:12.532+0000][175][trace][gc,age      ] GC(41) - age  14:     138208 bytes,    3142648 total
[2025-09-01T03:40:12.532+0000][175][trace][gc,age      ] GC(41) - age  15:     107960 bytes,    3250608 total
[2025-09-01T03:40:12.532+0000][175][info ][gc,heap     ] GC(41) Eden regions: 151->0(152)
[2025-09-01T03:40:12.532+0000][175][info ][gc,heap     ] GC(41) Survivor regions: 2->1(20)
[2025-09-01T03:40:12.532+0000][175][info ][gc,heap     ] GC(41) Old regions: 37->37
[2025-09-01T03:40:12.532+0000][175][info ][gc,heap     ] GC(41) Humongous regions: 2->2
[2025-09-01T03:40:12.532+0000][175][info ][gc,metaspace] GC(41) Metaspace: 160103K(165824K)->160103K(165824K) NonClass: 138553K(141632K)->138553K(141632K) Class: 21549K(24192K)->21549K(24192K)
[2025-09-01T03:40:12.532+0000][175][info ][gc          ] GC(41) Pause Young (Concurrent Start) (G1 Evacuation Pause) 762M->159M(1024M) 18.281ms
[2025-09-01T03:40:12.532+0000][175][info ][gc,cpu      ] GC(41) User=0.08s Sys=0.01s Real=0.02s
[2025-09-01T03:40:12.532+0000][175][info ][gc          ] GC(42) Concurrent Mark Cycle
[2025-09-01T03:40:12.532+0000][175][info ][gc,marking  ] GC(42) Concurrent Scan Root Regions
[2025-09-01T03:40:12.532+0000][175][info ][safepoint   ] Safepoint "G1CollectForAllocation", Time since last: 41830209 ns, Reaching safepoint: 5375 ns, Cleanup: 32500 ns, At safepoint: 18489041 ns, Total: 18526916 ns
[2025-09-01T03:40:12.537+0000][175][info ][gc,marking  ] GC(42) Concurrent Scan Root Regions 4.507ms
[2025-09-01T03:40:12.537+0000][175][info ][gc,marking  ] GC(42) Concurrent Mark
[2025-09-01T03:40:12.537+0000][175][info ][gc,marking  ] GC(42) Concurrent Mark From Roots
[2025-09-01T03:40:12.537+0000][175][info ][gc,task     ] GC(42) Using 2 workers of 2 for marking
[2025-09-01T03:40:12.615+0000][175][info ][gc,marking  ] GC(42) Concurrent Mark From Roots 77.235ms
[2025-09-01T03:40:12.615+0000][175][info ][gc,marking  ] GC(42) Concurrent Preclean
[2025-09-01T03:40:12.615+0000][175][info ][gc,marking  ] GC(42) Concurrent Preclean 0.470ms
[2025-09-01T03:40:12.615+0000][175][info ][gc,start    ] GC(42) Pause Remark
[2025-09-01T03:40:12.673+0000][175][info ][gc          ] GC(42) Pause Remark 162M->162M(1024M) 58.239ms
[2025-09-01T03:40:12.674+0000][175][info ][gc,cpu      ] GC(42) User=0.38s Sys=0.00s Real=0.06s
[2025-09-01T03:40:12.674+0000][175][info ][safepoint   ] Safepoint "G1PauseRemark", Time since last: 82930292 ns, Reaching safepoint: 9917 ns, Cleanup: 10125 ns, At safepoint: 58476166 ns, Total: 58496208 ns
[2025-09-01T03:40:12.674+0000][175][info ][gc,marking  ] GC(42) Concurrent Mark 136.547ms
[2025-09-01T03:40:12.674+0000][175][info ][gc,marking  ] GC(42) Concurrent Rebuild Remembered Sets and Scrub Regions
[2025-09-01T03:40:12.710+0000][175][info ][gc,marking  ] GC(42) Concurrent Rebuild Remembered Sets and Scrub Regions 35.980ms
[2025-09-01T03:40:12.710+0000][175][info ][gc,start    ] GC(42) Pause Cleanup
[2025-09-01T03:40:12.710+0000][175][info ][gc          ] GC(42) Pause Cleanup 162M->162M(1024M) 0.138ms
[2025-09-01T03:40:12.710+0000][175][info ][gc,cpu      ] GC(42) User=0.00s Sys=0.00s Real=0.00s
[2025-09-01T03:40:12.710+0000][175][info ][safepoint   ] Safepoint "G1PauseCleanup", Time since last: 36278792 ns, Reaching safepoint: 7333 ns, Cleanup: 20417 ns, At safepoint: 296500 ns, Total: 324250 ns
[2025-09-01T03:40:12.710+0000][175][info ][gc,marking  ] GC(42) Concurrent Clear Claimed Marks
[2025-09-01T03:40:12.711+0000][175][info ][gc,marking  ] GC(42) Concurrent Clear Claimed Marks 0.159ms
[2025-09-01T03:40:12.711+0000][175][info ][gc,marking  ] GC(42) Concurrent Cleanup for Next Mark
[2025-09-01T03:40:12.714+0000][175][info ][gc,marking  ] GC(42) Concurrent Cleanup for Next Mark 3.428ms
[2025-09-01T03:40:12.714+0000][175][info ][gc          ] GC(42) Concurrent Mark Cycle 181.841ms
[2025-09-01T03:40:14.172+0000][175][info ][safepoint   ] Safepoint "Cleanup", Time since last: 1461260251 ns, Reaching safepoint: 41625 ns, Cleanup: 37166 ns, At safepoint: 16917 ns, Total: 95708 ns
[2025-09-01T03:40:21.235+0000][175][info ][safepoint   ] Safepoint "Cleanup", Time since last: 7063151337 ns, Reaching safepoint: 91666 ns, Cleanup: 67000 ns, At safepoint: 38084 ns, Total: 196750 ns
[2025-09-01T03:40:25.300+0000][175][info ][safepoint   ] Safepoint "Cleanup", Time since last: 4065265418 ns, Reaching safepoint: 13834 ns, Cleanup: 16541 ns, At safepoint: 10334 ns, Total: 40709 ns
[2025-09-01T03:41:10.909+0000][175][info ][safepoint   ] Safepoint "Cleanup", Time since last: 45608681354 ns, Reaching safepoint: 64666 ns, Cleanup: 22917 ns, At safepoint: 10208 ns, Total: 97791 ns
[2025-09-01T03:41:15.915+0000][175][info ][safepoint   ] Safepoint "Cleanup", Time since last: 5005656044 ns, Reaching safepoint: 24292 ns, Cleanup: 20875 ns, At safepoint: 11167 ns, Total: 56334 ns
[2025-09-01T03:41:24.492+0000][175][info ][safepoint   ] Safepoint "Cleanup", Time since last: 8576232337 ns, Reaching safepoint: 836542 ns, Cleanup: 6542 ns, At safepoint: 10333 ns, Total: 853417 ns
[2025-09-01T03:41:25.503+0000][175][info ][safepoint   ] Safepoint "Cleanup", Time since last: 1010866750 ns, Reaching safepoint: 12250 ns, Cleanup: 35709 ns, At safepoint: 8291 ns, Total: 56250 ns
[2025-09-01T03:42:04.059+0000][175][info ][safepoint   ] Safepoint "Cleanup", Time since last: 38555376185 ns, Reaching safepoint: 83125 ns, Cleanup: 79375 ns, At safepoint: 34416 ns, Total: 196916 ns
[2025-09-01T03:42:08.066+0000][175][info ][safepoint   ] Safepoint "Cleanup", Time since last: 4006824335 ns, Reaching safepoint: 104958 ns, Cleanup: 77333 ns, At safepoint: 48375 ns, Total: 230666 ns
[2025-09-01T03:42:11.069+0000][175][info ][safepoint   ] Safepoint "Cleanup", Time since last: 3003533502 ns, Reaching safepoint: 115167 ns, Cleanup: 27166 ns, At safepoint: 12750 ns, Total: 155083 ns
[2025-09-01T03:42:27.459+0000][175][info ][safepoint   ] Safepoint "Cleanup", Time since last: 16389335300 ns, Reaching safepoint: 6875 ns, Cleanup: 13291 ns, At safepoint: 13500 ns, Total: 33666 ns
[2025-09-01T03:42:28.824+0000][175][info ][safepoint   ] Safepoint "Cleanup", Time since last: 1365349876 ns, Reaching safepoint: 199625 ns, Cleanup: 67958 ns, At safepoint: 46667 ns, Total: 314250 ns
[2025-09-01T03:42:30.472+0000][175][info ][safepoint   ] Safepoint "Cleanup", Time since last: 1648211417 ns, Reaching safepoint: 8709 ns, Cleanup: 16416 ns, At safepoint: 7250 ns, Total: 32375 ns
[2025-09-01T03:43:31.037+0000][175][info ][safepoint   ] Safepoint "Cleanup", Time since last: 60563961486 ns, Reaching safepoint: 6667 ns, Cleanup: 12250 ns, At safepoint: 2500 ns, Total: 21417 ns
[2025-09-01T03:43:32.062+0000][175][info ][safepoint   ] Safepoint "Cleanup", Time since last: 1024617209 ns, Reaching safepoint: 886542 ns, Cleanup: 42583 ns, At safepoint: 17917 ns, Total: 947042 ns
[2025-09-01T03:43:33.456+0000][175][info ][safepoint   ] Safepoint "Cleanup", Time since last: 1393369042 ns, Reaching safepoint: 4625 ns, Cleanup: 16542 ns, At safepoint: 6583 ns, Total: 27750 ns
[2025-09-01T03:45:13.316+0000][175][info ][safepoint   ] Safepoint "Cleanup", Time since last: 99860297420 ns, Reaching safepoint: 111083 ns, Cleanup: 70875 ns, At safepoint: 24250 ns, Total: 206208 ns
[2025-09-01T03:45:15.525+0000][175][info ][safepoint   ] Safepoint "Cleanup", Time since last: 2208432418 ns, Reaching safepoint: 3833 ns, Cleanup: 4709 ns, At safepoint: 4958 ns, Total: 13500 ns
[2025-09-01T03:45:17.460+0000][175][info ][safepoint   ] Safepoint "Cleanup", Time since last: 1935543918 ns, Reaching safepoint: 16583 ns, Cleanup: 16292 ns, At safepoint: 8083 ns, Total: 40958 ns
[2025-09-01T03:45:37.517+0000][175][info ][safepoint   ] Safepoint "Cleanup", Time since last: 20056294759 ns, Reaching safepoint: 3500 ns, Cleanup: 11875 ns, At safepoint: 4916 ns, Total: 20291 ns
[2025-09-01T03:45:40.502+0000][175][info ][safepoint   ] Safepoint "Cleanup", Time since last: 2984797585 ns, Reaching safepoint: 61584 ns, Cleanup: 49333 ns, At safepoint: 17958 ns, Total: 128875 ns
[2025-09-01T03:45:43.328+0000][175][info ][gc,start    ] GC(43) Pause Young (Prepare Mixed) (G1 Evacuation Pause)
[2025-09-01T03:45:43.329+0000][175][info ][gc,task     ] GC(43) Using 8 workers of 8 for evacuation
[2025-09-01T03:45:43.329+0000][175][debug][gc,age      ] GC(43) Desired survivor size 41943040 bytes, new threshold 15 (max threshold 15)
[2025-09-01T03:45:43.366+0000][175][info ][gc,phases   ] GC(43)   Pre Evacuate Collection Set: 0.96ms
[2025-09-01T03:45:43.366+0000][175][info ][gc,phases   ] GC(43)   Merge Heap Roots: 0.32ms
[2025-09-01T03:45:43.366+0000][175][info ][gc,phases   ] GC(43)   Evacuate Collection Set: 32.19ms
[2025-09-01T03:45:43.366+0000][175][info ][gc,phases   ] GC(43)   Post Evacuate Collection Set: 2.93ms
[2025-09-01T03:45:43.366+0000][175][info ][gc,phases   ] GC(43)   Other: 0.68ms
[2025-09-01T03:45:43.366+0000][175][trace][gc,age      ] GC(43) Age table with threshold 15 (max threshold 15)
[2025-09-01T03:45:43.366+0000][175][trace][gc,age      ] GC(43) - age   1:     772584 bytes,     772584 total
[2025-09-01T03:45:43.366+0000][175][trace][gc,age      ] GC(43) - age   2:      51968 bytes,     824552 total
[2025-09-01T03:45:43.366+0000][175][trace][gc,age      ] GC(43) - age   3:     913984 bytes,    1738536 total
[2025-09-01T03:45:43.367+0000][175][trace][gc,age      ] GC(43) - age   4:       8696 bytes,    1747232 total
[2025-09-01T03:45:43.367+0000][175][trace][gc,age      ] GC(43) - age   5:       9536 bytes,    1756768 total
[2025-09-01T03:45:43.367+0000][175][trace][gc,age      ] GC(43) - age   6:      31640 bytes,    1788408 total
[2025-09-01T03:45:43.367+0000][175][trace][gc,age      ] GC(43) - age   7:     391616 bytes,    2180024 total
[2025-09-01T03:45:43.367+0000][175][trace][gc,age      ] GC(43) - age   8:      27448 bytes,    2207472 total
[2025-09-01T03:45:43.367+0000][175][trace][gc,age      ] GC(43) - age   9:      27088 bytes,    2234560 total
[2025-09-01T03:45:43.367+0000][175][trace][gc,age      ] GC(43) - age  10:     184712 bytes,    2419272 total
[2025-09-01T03:45:43.367+0000][175][trace][gc,age      ] GC(43) - age  11:      19040 bytes,    2438312 total
[2025-09-01T03:45:43.367+0000][175][trace][gc,age      ] GC(43) - age  12:      11352 bytes,    2449664 total
[2025-09-01T03:45:43.367+0000][175][trace][gc,age      ] GC(43) - age  13:      16536 bytes,    2466200 total
[2025-09-01T03:45:43.367+0000][175][trace][gc,age      ] GC(43) - age  14:      88392 bytes,    2554592 total
[2025-09-01T03:45:43.367+0000][175][trace][gc,age      ] GC(43) - age  15:     138208 bytes,    2692800 total
[2025-09-01T03:45:43.367+0000][175][info ][gc,heap     ] GC(43) Eden regions: 152->0(152)
[2025-09-01T03:45:43.367+0000][175][info ][gc,heap     ] GC(43) Survivor regions: 1->1(20)
[2025-09-01T03:45:43.367+0000][175][info ][gc,heap     ] GC(43) Old regions: 37->38
[2025-09-01T03:45:43.367+0000][175][info ][gc,heap     ] GC(43) Humongous regions: 2->2
[2025-09-01T03:45:43.367+0000][175][info ][gc,metaspace] GC(43) Metaspace: 160105K(165824K)->160105K(165824K) NonClass: 138566K(141632K)->138566K(141632K) Class: 21539K(24192K)->21539K(24192K)
[2025-09-01T03:45:43.367+0000][175][info ][gc          ] GC(43) Pause Young (Prepare Mixed) (G1 Evacuation Pause) 767M->159M(1024M) 38.756ms
[2025-09-01T03:45:43.367+0000][175][info ][gc,cpu      ] GC(43) User=0.24s Sys=0.01s Real=0.04s
[2025-09-01T03:45:43.367+0000][175][info ][safepoint   ] Safepoint "G1CollectForAllocation", Time since last: 2826702835 ns, Reaching safepoint: 55417 ns, Cleanup: 10375 ns, At safepoint: 38996791 ns, Total: 39062583 ns
[2025-09-01T03:46:05.289+0000][175][info ][safepoint   ] Safepoint "Cleanup", Time since last: 21921933886 ns, Reaching safepoint: 116958 ns, Cleanup: 53000 ns, At safepoint: 33042 ns, Total: 203000 ns
[2025-09-01T03:46:08.292+0000][175][info ][safepoint   ] Safepoint "Cleanup", Time since last: 3002860375 ns, Reaching safepoint: 92667 ns, Cleanup: 70708 ns, At safepoint: 21125 ns, Total: 184500 ns
[2025-09-01T03:46:11.295+0000][175][info ][safepoint   ] Safepoint "Cleanup", Time since last: 3003078168 ns, Reaching safepoint: 37959 ns, Cleanup: 46875 ns, At safepoint: 13791 ns, Total: 98625 ns
[2025-09-01T03:46:35.322+0000][175][info ][safepoint   ] Safepoint "Cleanup", Time since last: 24025980428 ns, Reaching safepoint: 262584 ns, Cleanup: 71791 ns, At safepoint: 77000 ns, Total: 411375 ns
[2025-09-01T03:46:40.793+0000][175][info ][safepoint   ] Safepoint "Cleanup", Time since last: 5470907752 ns, Reaching safepoint: 70584 ns, Cleanup: 110000 ns, At safepoint: 38541 ns, Total: 219125 ns
[2025-09-01T03:46:42.802+0000][175][info ][safepoint   ] Safepoint "Cleanup", Time since last: 2008825751 ns, Reaching safepoint: 6875 ns, Cleanup: 14959 ns, At safepoint: 3458 ns, Total: 25292 ns
[2025-09-01T03:46:46.830+0000][175][info ][safepoint   ] Safepoint "Cleanup", Time since last: 4027975460 ns, Reaching safepoint: 212875 ns, Cleanup: 43084 ns, At safepoint: 34875 ns, Total: 290834 ns
[2025-09-01T03:47:11.297+0000][175][info ][safepoint   ] Safepoint "Cleanup", Time since last: 24466009011 ns, Reaching safepoint: 183416 ns, Cleanup: 53250 ns, At safepoint: 22209 ns, Total: 258875 ns
[2025-09-01T03:47:21.309+0000][175][info ][safepoint   ] Safepoint "Cleanup", Time since last: 10011983713 ns, Reaching safepoint: 311500 ns, Cleanup: 41000 ns, At safepoint: 20541 ns, Total: 373041 ns
[2025-09-01T03:47:42.535+0000][175][info ][safepoint   ] Safepoint "Cleanup", Time since last: 21226015302 ns, Reaching safepoint: 5375 ns, Cleanup: 8625 ns, At safepoint: 6000 ns, Total: 20000 ns
[2025-09-01T03:47:44.049+0000][175][info ][safepoint   ] Safepoint "Cleanup", Time since last: 1514301292 ns, Reaching safepoint: 63917 ns, Cleanup: 67291 ns, At safepoint: 29709 ns, Total: 160917 ns
[2025-09-01T03:47:51.094+0000][175][info ][safepoint   ] Safepoint "Cleanup", Time since last: 7044198545 ns, Reaching safepoint: 113166 ns, Cleanup: 50125 ns, At safepoint: 28084 ns, Total: 191375 ns
[2025-09-01T03:48:05.299+0000][175][info ][safepoint   ] Safepoint "Cleanup", Time since last: 14204811048 ns, Reaching safepoint: 102167 ns, Cleanup: 28958 ns, At safepoint: 19958 ns, Total: 151083 ns
[2025-09-01T03:48:18.312+0000][175][info ][safepoint   ] Safepoint "Cleanup", Time since last: 13013515340 ns, Reaching safepoint: 101041 ns, Cleanup: 15459 ns, At safepoint: 8208 ns, Total: 124708 ns
[2025-09-01T03:48:19.314+0000][175][info ][safepoint   ] Safepoint "Cleanup", Time since last: 1001894959 ns, Reaching safepoint: 84041 ns, Cleanup: 84250 ns, At safepoint: 16792 ns, Total: 185083 ns
[2025-09-01T03:48:21.316+0000][175][info ][safepoint   ] Safepoint "Cleanup", Time since last: 2001862793 ns, Reaching safepoint: 12000 ns, Cleanup: 10750 ns, At safepoint: 5541 ns, Total: 28291 ns
[2025-09-01T03:48:26.322+0000][175][info ][safepoint   ] Safepoint "Cleanup", Time since last: 5005512711 ns, Reaching safepoint: 11083 ns, Cleanup: 10542 ns, At safepoint: 6000 ns, Total: 27625 ns
[2025-09-01T03:49:06.419+0000][175][info ][safepoint   ] Safepoint "Cleanup", Time since last: 40097309018 ns, Reaching safepoint: 26708 ns, Cleanup: 24000 ns, At safepoint: 20334 ns, Total: 71042 ns
[2025-09-01T03:49:10.423+0000][175][info ][safepoint   ] Safepoint "Cleanup", Time since last: 4004035460 ns, Reaching safepoint: 84125 ns, Cleanup: 55500 ns, At safepoint: 21416 ns, Total: 161041 ns
[2025-09-01T03:49:51.526+0000][175][info ][safepoint   ] Safepoint "Cleanup", Time since last: 41102576061 ns, Reaching safepoint: 4583 ns, Cleanup: 7500 ns, At safepoint: 1750 ns, Total: 13833 ns
[2025-09-01T03:50:03.577+0000][175][info ][safepoint   ] Safepoint "Cleanup", Time since last: 12051650714 ns, Reaching safepoint: 10084 ns, Cleanup: 33916 ns, At safepoint: 9084 ns, Total: 53084 ns
[2025-09-01T03:50:16.630+0000][175][info ][safepoint   ] Safepoint "Cleanup", Time since last: 13052840047 ns, Reaching safepoint: 59708 ns, Cleanup: 40792 ns, At safepoint: 21625 ns, Total: 122125 ns
[2025-09-01T03:50:48.190+0000][175][info ][safepoint   ] Safepoint "Cleanup", Time since last: 31559926890 ns, Reaching safepoint: 67666 ns, Cleanup: 63709 ns, At safepoint: 26000 ns, Total: 157375 ns
[2025-09-01T03:51:07.685+0000][175][info ][safepoint   ] Safepoint "Cleanup", Time since last: 19494328467 ns, Reaching safepoint: 54666 ns, Cleanup: 22917 ns, At safepoint: 17500 ns, Total: 95083 ns
[2025-09-01T03:51:54.597+0000][175][info ][gc,start    ] GC(44) Pause Young (Mixed) (G1 Evacuation Pause)
[2025-09-01T03:51:54.597+0000][175][info ][gc,task     ] GC(44) Using 8 workers of 8 for evacuation
[2025-09-01T03:51:54.597+0000][175][debug][gc,age      ] GC(44) Desired survivor size 41943040 bytes, new threshold 15 (max threshold 15)
[2025-09-01T03:51:54.615+0000][175][info ][gc,phases   ] GC(44)   Pre Evacuate Collection Set: 0.36ms
[2025-09-01T03:51:54.615+0000][175][info ][gc,phases   ] GC(44)   Merge Heap Roots: 0.14ms
[2025-09-01T03:51:54.615+0000][175][info ][gc,phases   ] GC(44)   Evacuate Collection Set: 14.01ms
[2025-09-01T03:51:54.615+0000][175][info ][gc,phases   ] GC(44)   Post Evacuate Collection Set: 3.02ms
[2025-09-01T03:51:54.615+0000][175][info ][gc,phases   ] GC(44)   Other: 0.30ms
[2025-09-01T03:51:54.615+0000][175][trace][gc,age      ] GC(44) Age table with threshold 15 (max threshold 15)
[2025-09-01T03:51:54.615+0000][175][trace][gc,age      ] GC(44) - age   1:     994464 bytes,     994464 total
[2025-09-01T03:51:54.615+0000][175][trace][gc,age      ] GC(44) - age   2:      31232 bytes,    1025696 total
[2025-09-01T03:51:54.615+0000][175][trace][gc,age      ] GC(44) - age   3:      38024 bytes,    1063720 total
[2025-09-01T03:51:54.615+0000][175][trace][gc,age      ] GC(44) - age   4:     793072 bytes,    1856792 total
[2025-09-01T03:51:54.615+0000][175][trace][gc,age      ] GC(44) - age   5:       8696 bytes,    1865488 total
[2025-09-01T03:51:54.615+0000][175][trace][gc,age      ] GC(44) - age   6:       9272 bytes,    1874760 total
[2025-09-01T03:51:54.615+0000][175][trace][gc,age      ] GC(44) - age   7:      31576 bytes,    1906336 total
[2025-09-01T03:51:54.615+0000][175][trace][gc,age      ] GC(44) - age   8:     391272 bytes,    2297608 total
[2025-09-01T03:51:54.615+0000][175][trace][gc,age      ] GC(44) - age   9:      27344 bytes,    2324952 total
[2025-09-01T03:51:54.615+0000][175][trace][gc,age      ] GC(44) - age  10:      27088 bytes,    2352040 total
[2025-09-01T03:51:54.616+0000][175][trace][gc,age      ] GC(44) - age  11:     184536 bytes,    2536576 total
[2025-09-01T03:51:54.616+0000][175][trace][gc,age      ] GC(44) - age  12:      19040 bytes,    2555616 total
[2025-09-01T03:51:54.616+0000][175][trace][gc,age      ] GC(44) - age  13:      11352 bytes,    2566968 total
[2025-09-01T03:51:54.616+0000][175][trace][gc,age      ] GC(44) - age  14:      16536 bytes,    2583504 total
[2025-09-01T03:51:54.616+0000][175][trace][gc,age      ] GC(44) - age  15:      88392 bytes,    2671896 total
[2025-09-01T03:51:54.616+0000][175][info ][gc,heap     ] GC(44) Eden regions: 152->0(152)
[2025-09-01T03:51:54.616+0000][175][info ][gc,heap     ] GC(44) Survivor regions: 1->1(20)
[2025-09-01T03:51:54.616+0000][175][info ][gc,heap     ] GC(44) Old regions: 38->37
[2025-09-01T03:51:54.616+0000][175][info ][gc,heap     ] GC(44) Humongous regions: 2->2
[2025-09-01T03:51:54.616+0000][175][info ][gc,metaspace] GC(44) Metaspace: 160124K(165824K)->160124K(165824K) NonClass: 138585K(141632K)->138585K(141632K) Class: 21539K(24192K)->21539K(24192K)
[2025-09-01T03:51:54.616+0000][175][info ][gc          ] GC(44) Pause Young (Mixed) (G1 Evacuation Pause) 767M->158M(1024M) 19.075ms
[2025-09-01T03:51:54.616+0000][175][info ][gc,cpu      ] GC(44) User=0.10s Sys=0.00s Real=0.01s
[2025-09-01T03:51:54.616+0000][175][info ][safepoint   ] Safepoint "G1CollectForAllocation", Time since last: 46911617271 ns, Reaching safepoint: 5792 ns, Cleanup: 3458 ns, At safepoint: 19176959 ns, Total: 19186209 ns
[2025-09-01T03:51:58.040+0000][175][info ][safepoint   ] Safepoint "Cleanup", Time since last: 3423775543 ns, Reaching safepoint: 22708 ns, Cleanup: 18084 ns, At safepoint: 11166 ns, Total: 51958 ns
[2025-09-01T03:52:52.849+0000][175][info ][safepoint   ] Safepoint "Cleanup", Time since last: 54809530359 ns, Reaching safepoint: 169958 ns, Cleanup: 41708 ns, At safepoint: 26334 ns, Total: 238000 ns
[2025-09-01T03:52:58.247+0000][175][info ][safepoint   ] Safepoint "Cleanup", Time since last: 5397520919 ns, Reaching safepoint: 20875 ns, Cleanup: 18083 ns, At safepoint: 9542 ns, Total: 48500 ns
[2025-09-01T03:53:22.028+0000][175][info ][safepoint   ] Safepoint "Cleanup", Time since last: 23780504094 ns, Reaching safepoint: 41416 ns, Cleanup: 12709 ns, At safepoint: 9000 ns, Total: 63125 ns
[2025-09-01T03:53:26.032+0000][175][info ][safepoint   ] Safepoint "Cleanup", Time since last: 4004429960 ns, Reaching safepoint: 68417 ns, Cleanup: 42458 ns, At safepoint: 29292 ns, Total: 140167 ns
[2025-09-01T03:54:01.459+0000][175][info ][safepoint   ] Safepoint "Cleanup", Time since last: 35426305891 ns, Reaching safepoint: 7417 ns, Cleanup: 25875 ns, At safepoint: 11125 ns, Total: 44417 ns
[2025-09-01T03:54:04.053+0000][175][info ][safepoint   ] Safepoint "Cleanup", Time since last: 2594216168 ns, Reaching safepoint: 19541 ns, Cleanup: 48625 ns, At safepoint: 27417 ns, Total: 95583 ns
[2025-09-01T03:54:27.584+0000][175][info ][safepoint   ] Safepoint "Cleanup", Time since last: 23531539428 ns, Reaching safepoint: 97333 ns, Cleanup: 29500 ns, At safepoint: 17875 ns, Total: 144708 ns
[2025-09-01T03:54:59.627+0000][175][info ][safepoint   ] Safepoint "Cleanup", Time since last: 32042436265 ns, Reaching safepoint: 186541 ns, Cleanup: 56209 ns, At safepoint: 17666 ns, Total: 260416 ns
[2025-09-01T03:55:01.632+0000][175][info ][safepoint   ] Safepoint "Cleanup", Time since last: 2004439668 ns, Reaching safepoint: 70625 ns, Cleanup: 41000 ns, At safepoint: 17833 ns, Total: 129458 ns
[2025-09-01T03:55:09.828+0000][175][info ][safepoint   ] Safepoint "Cleanup", Time since last: 8196298878 ns, Reaching safepoint: 4459 ns, Cleanup: 11583 ns, At safepoint: 2750 ns, Total: 18792 ns
[2025-09-01T03:55:46.456+0000][175][info ][safepoint   ] Safepoint "Cleanup", Time since last: 36627513350 ns, Reaching safepoint: 6292 ns, Cleanup: 13500 ns, At safepoint: 8125 ns, Total: 27917 ns
[2025-09-01T03:56:01.179+0000][175][info ][safepoint   ] Safepoint "Cleanup", Time since last: 14723048840 ns, Reaching safepoint: 60875 ns, Cleanup: 25334 ns, At safepoint: 7375 ns, Total: 93584 ns
[2025-09-01T03:56:06.644+0000][175][info ][safepoint   ] Safepoint "Cleanup", Time since last: 5465547127 ns, Reaching safepoint: 3208 ns, Cleanup: 4458 ns, At safepoint: 1750 ns, Total: 9416 ns
[2025-09-01T03:56:08.266+0000][175][info ][safepoint   ] Safepoint "Cleanup", Time since last: 1622215043 ns, Reaching safepoint: 19791 ns, Cleanup: 34292 ns, At safepoint: 11500 ns, Total: 65583 ns
[2025-09-01T03:56:36.340+0000][175][info ][safepoint   ] Safepoint "Cleanup", Time since last: 28072796138 ns, Reaching safepoint: 65459 ns, Cleanup: 37375 ns, At safepoint: 21333 ns, Total: 124167 ns
[2025-09-01T03:57:08.506+0000][175][info ][safepoint   ] Safepoint "Cleanup", Time since last: 32166483807 ns, Reaching safepoint: 90166 ns, Cleanup: 49709 ns, At safepoint: 35291 ns, Total: 175166 ns
[2025-09-01T03:57:45.975+0000][175][info ][gc,start    ] GC(45) Pause Young (Concurrent Start) (G1 Evacuation Pause)
[2025-09-01T03:57:45.977+0000][175][info ][gc,task     ] GC(45) Using 8 workers of 8 for evacuation
[2025-09-01T03:57:45.977+0000][175][debug][gc,age      ] GC(45) Desired survivor size 41943040 bytes, new threshold 15 (max threshold 15)
[2025-09-01T03:57:45.997+0000][175][info ][gc,phases   ] GC(45)   Pre Evacuate Collection Set: 1.19ms
[2025-09-01T03:57:45.997+0000][175][info ][gc,phases   ] GC(45)   Merge Heap Roots: 0.25ms
[2025-09-01T03:57:45.997+0000][175][info ][gc,phases   ] GC(45)   Evacuate Collection Set: 15.31ms
[2025-09-01T03:57:45.997+0000][175][info ][gc,phases   ] GC(45)   Post Evacuate Collection Set: 3.16ms
[2025-09-01T03:57:45.997+0000][175][info ][gc,phases   ] GC(45)   Other: 0.73ms
[2025-09-01T03:57:45.997+0000][175][trace][gc,age      ] GC(45) Age table with threshold 15 (max threshold 15)
[2025-09-01T03:57:45.997+0000][175][trace][gc,age      ] GC(45) - age   1:    1037480 bytes,    1037480 total
[2025-09-01T03:57:45.998+0000][175][trace][gc,age      ] GC(45) - age   2:     134288 bytes,    1171768 total
[2025-09-01T03:57:45.998+0000][175][trace][gc,age      ] GC(45) - age   3:      29848 bytes,    1201616 total
[2025-09-01T03:57:45.998+0000][175][trace][gc,age      ] GC(45) - age   4:      36384 bytes,    1238000 total
[2025-09-01T03:57:45.998+0000][175][trace][gc,age      ] GC(45) - age   5:     792600 bytes,    2030600 total
[2025-09-01T03:57:45.998+0000][175][trace][gc,age      ] GC(45) - age   6:       8696 bytes,    2039296 total
[2025-09-01T03:57:45.998+0000][175][trace][gc,age      ] GC(45) - age   7:       9272 bytes,    2048568 total
[2025-09-01T03:57:45.998+0000][175][trace][gc,age      ] GC(45) - age   8:      31576 bytes,    2080144 total
[2025-09-01T03:57:45.998+0000][175][trace][gc,age      ] GC(45) - age   9:     391272 bytes,    2471416 total
[2025-09-01T03:57:45.998+0000][175][trace][gc,age      ] GC(45) - age  10:      27344 bytes,    2498760 total
[2025-09-01T03:57:45.998+0000][175][trace][gc,age      ] GC(45) - age  11:      27088 bytes,    2525848 total
[2025-09-01T03:57:45.998+0000][175][trace][gc,age      ] GC(45) - age  12:     184536 bytes,    2710384 total
[2025-09-01T03:57:45.998+0000][175][trace][gc,age      ] GC(45) - age  13:      19040 bytes,    2729424 total
[2025-09-01T03:57:45.998+0000][175][trace][gc,age      ] GC(45) - age  14:      11352 bytes,    2740776 total
[2025-09-01T03:57:45.998+0000][175][trace][gc,age      ] GC(45) - age  15:      16536 bytes,    2757312 total
[2025-09-01T03:57:45.998+0000][175][info ][gc,heap     ] GC(45) Eden regions: 152->0(152)
[2025-09-01T03:57:45.998+0000][175][info ][gc,heap     ] GC(45) Survivor regions: 1->1(20)
[2025-09-01T03:57:45.998+0000][175][info ][gc,heap     ] GC(45) Old regions: 37->38
[2025-09-01T03:57:45.998+0000][175][info ][gc,heap     ] GC(45) Humongous regions: 2->2
[2025-09-01T03:57:45.998+0000][175][info ][gc,metaspace] GC(45) Metaspace: 160237K(165824K)->160237K(165824K) NonClass: 138698K(141632K)->138698K(141632K) Class: 21539K(24192K)->21539K(24192K)
[2025-09-01T03:57:45.999+0000][175][info ][gc          ] GC(45) Pause Young (Concurrent Start) (G1 Evacuation Pause) 766M->159M(1024M) 23.633ms
[2025-09-01T03:57:45.999+0000][175][info ][gc          ] GC(46) Concurrent Mark Cycle
[2025-09-01T03:57:45.999+0000][175][info ][gc,marking  ] GC(46) Concurrent Scan Root Regions
[2025-09-01T03:57:45.999+0000][175][info ][gc,cpu      ] GC(45) User=0.09s Sys=0.00s Real=0.03s
[2025-09-01T03:57:45.999+0000][175][info ][safepoint   ] Safepoint "G1CollectForAllocation", Time since last: 37468428684 ns, Reaching safepoint: 128625 ns, Cleanup: 19292 ns, At safepoint: 24115875 ns, Total: 24263792 ns
[2025-09-01T03:57:46.005+0000][175][info ][gc,marking  ] GC(46) Concurrent Scan Root Regions 6.363ms
[2025-09-01T03:57:46.005+0000][175][info ][gc,marking  ] GC(46) Concurrent Mark
[2025-09-01T03:57:46.005+0000][175][info ][gc,marking  ] GC(46) Concurrent Mark From Roots
[2025-09-01T03:57:46.005+0000][175][info ][gc,task     ] GC(46) Using 2 workers of 2 for marking
[2025-09-01T03:57:46.087+0000][175][info ][gc,marking  ] GC(46) Concurrent Mark From Roots 81.740ms
[2025-09-01T03:57:46.087+0000][175][info ][gc,marking  ] GC(46) Concurrent Preclean
[2025-09-01T03:57:46.088+0000][175][info ][gc,marking  ] GC(46) Concurrent Preclean 0.493ms
[2025-09-01T03:57:46.088+0000][175][info ][gc,start    ] GC(46) Pause Remark
[2025-09-01T03:57:46.146+0000][175][info ][gc          ] GC(46) Pause Remark 160M->160M(1024M) 57.897ms
[2025-09-01T03:57:46.146+0000][175][info ][gc,cpu      ] GC(46) User=0.40s Sys=0.00s Real=0.05s
[2025-09-01T03:57:46.146+0000][175][info ][safepoint   ] Safepoint "G1PauseRemark", Time since last: 88775416 ns, Reaching safepoint: 9334 ns, Cleanup: 2250 ns, At safepoint: 58099375 ns, Total: 58110959 ns
[2025-09-01T03:57:46.146+0000][175][info ][gc,marking  ] GC(46) Concurrent Mark 140.720ms
[2025-09-01T03:57:46.146+0000][175][info ][gc,marking  ] GC(46) Concurrent Rebuild Remembered Sets and Scrub Regions
[2025-09-01T03:57:46.182+0000][175][info ][gc,marking  ] GC(46) Concurrent Rebuild Remembered Sets and Scrub Regions 36.415ms
[2025-09-01T03:57:46.183+0000][175][info ][gc,start    ] GC(46) Pause Cleanup
[2025-09-01T03:57:46.183+0000][175][info ][gc          ] GC(46) Pause Cleanup 160M->160M(1024M) 0.138ms
[2025-09-01T03:57:46.183+0000][175][info ][gc,cpu      ] GC(46) User=0.00s Sys=0.00s Real=0.00s
[2025-09-01T03:57:46.183+0000][175][info ][safepoint   ] Safepoint "G1PauseCleanup", Time since last: 36698125 ns, Reaching safepoint: 8083 ns, Cleanup: 7792 ns, At safepoint: 249958 ns, Total: 265833 ns
[2025-09-01T03:57:46.183+0000][175][info ][gc,marking  ] GC(46) Concurrent Clear Claimed Marks
[2025-09-01T03:57:46.183+0000][175][info ][gc,marking  ] GC(46) Concurrent Clear Claimed Marks 0.183ms
[2025-09-01T03:57:46.183+0000][175][info ][gc,marking  ] GC(46) Concurrent Cleanup for Next Mark
[2025-09-01T03:57:46.190+0000][175][info ][gc,marking  ] GC(46) Concurrent Cleanup for Next Mark 7.178ms
[2025-09-01T03:57:46.190+0000][175][info ][gc          ] GC(46) Concurrent Mark Cycle 191.660ms
[2025-09-01T03:58:08.612+0000][175][info ][safepoint   ] Safepoint "Cleanup", Time since last: 22428844677 ns, Reaching safepoint: 91833 ns, Cleanup: 44750 ns, At safepoint: 26708 ns, Total: 163291 ns
[2025-09-01T03:58:45.955+0000][175][info ][safepoint   ] Safepoint "Cleanup", Time since last: 37343349350 ns, Reaching safepoint: 227292 ns, Cleanup: 62458 ns, At safepoint: 19875 ns, Total: 309625 ns
[2025-09-01T03:58:47.958+0000][175][info ][safepoint   ] Safepoint "Cleanup", Time since last: 2002770418 ns, Reaching safepoint: 27625 ns, Cleanup: 18208 ns, At safepoint: 7084 ns, Total: 52917 ns
[2025-09-01T03:58:48.960+0000][175][info ][safepoint   ] Safepoint "Cleanup", Time since last: 1002001375 ns, Reaching safepoint: 126625 ns, Cleanup: 31625 ns, At safepoint: 17750 ns, Total: 176000 ns
[2025-09-01T03:58:52.965+0000][175][info ][safepoint   ] Safepoint "Cleanup", Time since last: 4004764752 ns, Reaching safepoint: 72708 ns, Cleanup: 45000 ns, At safepoint: 23792 ns, Total: 141500 ns
[2025-09-01T03:59:07.657+0000][175][info ][safepoint   ] Safepoint "Cleanup", Time since last: 14691724839 ns, Reaching safepoint: 20625 ns, Cleanup: 12584 ns, At safepoint: 14750 ns, Total: 47959 ns
[2025-09-01T03:59:18.683+0000][175][info ][safepoint   ] Safepoint "Cleanup", Time since last: 11026255713 ns, Reaching safepoint: 3875 ns, Cleanup: 5917 ns, At safepoint: 7167 ns, Total: 16959 ns
[2025-09-01T03:59:20.175+0000][175][info ][safepoint   ] Safepoint "Cleanup", Time since last: 1491614959 ns, Reaching safepoint: 31583 ns, Cleanup: 9708 ns, At safepoint: 6417 ns, Total: 47708 ns
[2025-09-01T03:59:28.184+0000][175][info ][safepoint   ] Safepoint "Cleanup", Time since last: 8008407087 ns, Reaching safepoint: 64875 ns, Cleanup: 51125 ns, At safepoint: 19334 ns, Total: 135334 ns
[2025-09-01T03:59:34.190+0000][175][info ][safepoint   ] Safepoint "Cleanup", Time since last: 6006455836 ns, Reaching safepoint: 57833 ns, Cleanup: 37833 ns, At safepoint: 19542 ns, Total: 115208 ns
[2025-09-01T03:59:53.210+0000][175][info ][safepoint   ] Safepoint "Cleanup", Time since last: 19020072509 ns, Reaching safepoint: 195416 ns, Cleanup: 67709 ns, At safepoint: 29583 ns, Total: 292708 ns
[2025-09-01T04:00:04.221+0000][175][info ][safepoint   ] Safepoint "Cleanup", Time since last: 11010565380 ns, Reaching safepoint: 78917 ns, Cleanup: 95125 ns, At safepoint: 24416 ns, Total: 198458 ns
[2025-09-01T04:00:15.714+0000][175][info ][safepoint   ] Safepoint "Cleanup", Time since last: 11492241047 ns, Reaching safepoint: 12000 ns, Cleanup: 9791 ns, At safepoint: 1834 ns, Total: 23625 ns
[2025-09-01T04:00:18.676+0000][175][info ][safepoint   ] Safepoint "Cleanup", Time since last: 2962052709 ns, Reaching safepoint: 6167 ns, Cleanup: 8917 ns, At safepoint: 6875 ns, Total: 21959 ns
[2025-09-01T04:00:21.412+0000][175][info ][safepoint   ] Safepoint "Cleanup", Time since last: 2735341209 ns, Reaching safepoint: 169500 ns, Cleanup: 63459 ns, At safepoint: 27500 ns, Total: 260459 ns
[2025-09-01T04:00:38.469+0000][175][info ][safepoint   ] Safepoint "Cleanup", Time since last: 17057071007 ns, Reaching safepoint: 365791 ns, Cleanup: 73584 ns, At safepoint: 676458 ns, Total: 1115833 ns
[2025-09-01T04:01:07.722+0000][175][info ][safepoint   ] Safepoint "Cleanup", Time since last: 29252571930 ns, Reaching safepoint: 50375 ns, Cleanup: 30416 ns, At safepoint: 15625 ns, Total: 96416 ns
[2025-09-01T04:01:09.726+0000][175][info ][safepoint   ] Safepoint "Cleanup", Time since last: 2003605543 ns, Reaching safepoint: 46208 ns, Cleanup: 24167 ns, At safepoint: 20458 ns, Total: 90833 ns
[2025-09-01T04:01:11.729+0000][175][info ][safepoint   ] Safepoint "Cleanup", Time since last: 2002529168 ns, Reaching safepoint: 37458 ns, Cleanup: 29084 ns, At safepoint: 13625 ns, Total: 80167 ns
[2025-09-01T04:02:04.723+0000][175][info ][safepoint   ] Safepoint "Cleanup", Time since last: 52993931691 ns, Reaching safepoint: 95375 ns, Cleanup: 32042 ns, At safepoint: 19333 ns, Total: 146750 ns
[2025-09-01T04:02:05.744+0000][175][info ][safepoint   ] Safepoint "Cleanup", Time since last: 1020787333 ns, Reaching safepoint: 41500 ns, Cleanup: 39667 ns, At safepoint: 14916 ns, Total: 96083 ns
[2025-09-01T04:02:24.825+0000][175][info ][safepoint   ] Safepoint "Cleanup", Time since last: 19080906218 ns, Reaching safepoint: 6166 ns, Cleanup: 25042 ns, At safepoint: 9167 ns, Total: 40375 ns
[2025-09-01T04:02:27.896+0000][175][info ][safepoint   ] Safepoint "Cleanup", Time since last: 3071585543 ns, Reaching safepoint: 3958 ns, Cleanup: 9125 ns, At safepoint: 6875 ns, Total: 19958 ns
[2025-09-01T04:02:34.915+0000][175][info ][safepoint   ] Safepoint "Cleanup", Time since last: 7018279795 ns, Reaching safepoint: 64417 ns, Cleanup: 33333 ns, At safepoint: 20875 ns, Total: 118625 ns
[2025-09-01T04:02:46.927+0000][175][info ][safepoint   ] Safepoint "Cleanup", Time since last: 12012752088 ns, Reaching safepoint: 88917 ns, Cleanup: 66417 ns, At safepoint: 35833 ns, Total: 191167 ns
[2025-09-01T04:03:07.943+0000][175][info ][safepoint   ] Safepoint "Cleanup", Time since last: 21016027509 ns, Reaching safepoint: 30750 ns, Cleanup: 33375 ns, At safepoint: 11167 ns, Total: 75292 ns
[2025-09-01T04:03:11.948+0000][175][info ][safepoint   ] Safepoint "Cleanup", Time since last: 4004665126 ns, Reaching safepoint: 46750 ns, Cleanup: 41167 ns, At safepoint: 18167 ns, Total: 106084 ns
[2025-09-01T04:03:27.743+0000][175][info ][safepoint   ] Safepoint "Cleanup", Time since last: 15794970591 ns, Reaching safepoint: 28666 ns, Cleanup: 44209 ns, At safepoint: 8791 ns, Total: 81666 ns
[2025-09-01T04:03:29.119+0000][175][info ][safepoint   ] Safepoint "Cleanup", Time since last: 1375220293 ns, Reaching safepoint: 51708 ns, Cleanup: 50167 ns, At safepoint: 38541 ns, Total: 140416 ns
[2025-09-01T04:03:36.015+0000][175][info ][gc,start    ] GC(47) Pause Young (Prepare Mixed) (G1 Evacuation Pause)
[2025-09-01T04:03:36.016+0000][175][info ][gc,task     ] GC(47) Using 8 workers of 8 for evacuation
[2025-09-01T04:03:36.016+0000][175][debug][gc,age      ] GC(47) Desired survivor size 41943040 bytes, new threshold 15 (max threshold 15)
[2025-09-01T04:03:36.035+0000][175][info ][gc,phases   ] GC(47)   Pre Evacuate Collection Set: 1.28ms
[2025-09-01T04:03:36.035+0000][175][info ][gc,phases   ] GC(47)   Merge Heap Roots: 0.40ms
[2025-09-01T04:03:36.035+0000][175][info ][gc,phases   ] GC(47)   Evacuate Collection Set: 12.30ms
[2025-09-01T04:03:36.035+0000][175][info ][gc,phases   ] GC(47)   Post Evacuate Collection Set: 4.17ms
[2025-09-01T04:03:36.035+0000][175][info ][gc,phases   ] GC(47)   Other: 0.52ms
[2025-09-01T04:03:36.035+0000][175][trace][gc,age      ] GC(47) Age table with threshold 15 (max threshold 15)
[2025-09-01T04:03:36.035+0000][175][trace][gc,age      ] GC(47) - age   1:    1068624 bytes,    1068624 total
[2025-09-01T04:03:36.035+0000][175][trace][gc,age      ] GC(47) - age   2:      13104 bytes,    1081728 total
[2025-09-01T04:03:36.035+0000][175][trace][gc,age      ] GC(47) - age   3:     111664 bytes,    1193392 total
[2025-09-01T04:03:36.035+0000][175][trace][gc,age      ] GC(47) - age   4:      28728 bytes,    1222120 total
[2025-09-01T04:03:36.035+0000][175][trace][gc,age      ] GC(47) - age   5:      36000 bytes,    1258120 total
[2025-09-01T04:03:36.035+0000][175][trace][gc,age      ] GC(47) - age   6:     792600 bytes,    2050720 total
[2025-09-01T04:03:36.035+0000][175][trace][gc,age      ] GC(47) - age   7:       8696 bytes,    2059416 total
[2025-09-01T04:03:36.035+0000][175][trace][gc,age      ] GC(47) - age   8:       9272 bytes,    2068688 total
[2025-09-01T04:03:36.035+0000][175][trace][gc,age      ] GC(47) - age   9:      15424 bytes,    2084112 total
[2025-09-01T04:03:36.035+0000][175][trace][gc,age      ] GC(47) - age  10:     391272 bytes,    2475384 total
[2025-09-01T04:03:36.036+0000][175][trace][gc,age      ] GC(47) - age  11:      27344 bytes,    2502728 total
[2025-09-01T04:03:36.036+0000][175][trace][gc,age      ] GC(47) - age  12:      27088 bytes,    2529816 total
[2025-09-01T04:03:36.036+0000][175][trace][gc,age      ] GC(47) - age  13:     184496 bytes,    2714312 total
[2025-09-01T04:03:36.036+0000][175][trace][gc,age      ] GC(47) - age  14:      19040 bytes,    2733352 total
[2025-09-01T04:03:36.036+0000][175][trace][gc,age      ] GC(47) - age  15:      11352 bytes,    2744704 total
[2025-09-01T04:03:36.036+0000][175][info ][gc,heap     ] GC(47) Eden regions: 152->0(152)
[2025-09-01T04:03:36.036+0000][175][info ][gc,heap     ] GC(47) Survivor regions: 1->1(20)
[2025-09-01T04:03:36.036+0000][175][info ][gc,heap     ] GC(47) Old regions: 38->38
[2025-09-01T04:03:36.036+0000][175][info ][gc,heap     ] GC(47) Humongous regions: 2->2
[2025-09-01T04:03:36.036+0000][175][info ][gc,metaspace] GC(47) Metaspace: 160265K(165824K)->160265K(165824K) NonClass: 138729K(141632K)->138729K(141632K) Class: 21535K(24192K)->21535K(24192K)
[2025-09-01T04:03:36.036+0000][175][info ][gc          ] GC(47) Pause Young (Prepare Mixed) (G1 Evacuation Pause) 767M->159M(1024M) 20.643ms
[2025-09-01T04:03:36.036+0000][175][info ][gc,cpu      ] GC(47) User=0.11s Sys=0.00s Real=0.03s
[2025-09-01T04:03:36.036+0000][175][info ][safepoint   ] Safepoint "G1CollectForAllocation", Time since last: 6896709336 ns, Reaching safepoint: 34167 ns, Cleanup: 6083 ns, At safepoint: 20886917 ns, Total: 20927167 ns
[2025-09-01T04:03:58.061+0000][175][info ][safepoint   ] Safepoint "Cleanup", Time since last: 22023942885 ns, Reaching safepoint: 397667 ns, Cleanup: 75333 ns, At safepoint: 38083 ns, Total: 511083 ns
[2025-09-01T04:04:08.117+0000][175][info ][safepoint   ] Safepoint "Cleanup", Time since last: 10056747213 ns, Reaching safepoint: 65459 ns, Cleanup: 52625 ns, At safepoint: 22000 ns, Total: 140084 ns
[2025-09-01T04:04:31.327+0000][175][info ][safepoint   ] Safepoint "Cleanup", Time since last: 23209797927 ns, Reaching safepoint: 3584 ns, Cleanup: 7708 ns, At safepoint: 5125 ns, Total: 16417 ns
[2025-09-01T04:04:33.740+0000][175][info ][safepoint   ] Safepoint "Cleanup", Time since last: 2412500043 ns, Reaching safepoint: 6958 ns, Cleanup: 11792 ns, At safepoint: 9458 ns, Total: 28208 ns
[2025-09-01T04:04:48.420+0000][175][info ][safepoint   ] Safepoint "Cleanup", Time since last: 14679545048 ns, Reaching safepoint: 253417 ns, Cleanup: 89208 ns, At safepoint: 29458 ns, Total: 372083 ns
[2025-09-01T04:05:11.184+0000][175][info ][safepoint   ] Safepoint "Cleanup", Time since last: 22764442844 ns, Reaching safepoint: 16917 ns, Cleanup: 16583 ns, At safepoint: 8708 ns, Total: 42208 ns
[2025-09-01T04:05:16.504+0000][175][info ][safepoint   ] Safepoint "Cleanup", Time since last: 5319766628 ns, Reaching safepoint: 8292 ns, Cleanup: 16875 ns, At safepoint: 8250 ns, Total: 33417 ns
[2025-09-01T04:05:46.567+0000][175][info ][safepoint   ] Safepoint "Cleanup", Time since last: 30063234889 ns, Reaching safepoint: 6625 ns, Cleanup: 7666 ns, At safepoint: 2625 ns, Total: 16916 ns
[2025-09-01T04:05:47.861+0000][175][info ][safepoint   ] Safepoint "Cleanup", Time since last: 1292973084 ns, Reaching safepoint: 52709 ns, Cleanup: 27583 ns, At safepoint: 11833 ns, Total: 92125 ns
[2025-09-01T04:06:05.253+0000][175][info ][safepoint   ] Safepoint "Cleanup", Time since last: 17392109009 ns, Reaching safepoint: 41666 ns, Cleanup: 44334 ns, At safepoint: 27541 ns, Total: 113541 ns
[2025-09-01T04:06:36.810+0000][175][info ][safepoint   ] Safepoint "Cleanup", Time since last: 31556362472 ns, Reaching safepoint: 1323000 ns, Cleanup: 20125 ns, At safepoint: 6959 ns, Total: 1350084 ns
[2025-09-01T04:06:37.926+0000][175][info ][safepoint   ] Safepoint "Cleanup", Time since last: 1115363417 ns, Reaching safepoint: 68708 ns, Cleanup: 52917 ns, At safepoint: 14708 ns, Total: 136333 ns
[2025-09-01T04:07:08.356+0000][175][info ][safepoint   ] Safepoint "Cleanup", Time since last: 30430286098 ns, Reaching safepoint: 84125 ns, Cleanup: 45041 ns, At safepoint: 19917 ns, Total: 149083 ns
[2025-09-01T04:07:42.817+0000][175][info ][safepoint   ] Safepoint "Cleanup", Time since last: 34460912224 ns, Reaching safepoint: 6167 ns, Cleanup: 10375 ns, At safepoint: 7958 ns, Total: 24500 ns
[2025-09-01T04:07:44.272+0000][175][info ][safepoint   ] Safepoint "Cleanup", Time since last: 1454428959 ns, Reaching safepoint: 56792 ns, Cleanup: 42208 ns, At safepoint: 29250 ns, Total: 128250 ns
[2025-09-01T04:08:42.860+0000][175][info ][safepoint   ] Safepoint "Cleanup", Time since last: 58588050652 ns, Reaching safepoint: 3625 ns, Cleanup: 9333 ns, At safepoint: 8542 ns, Total: 21500 ns
[2025-09-01T04:08:45.822+0000][175][info ][safepoint   ] Safepoint "Cleanup", Time since last: 2962060460 ns, Reaching safepoint: 5000 ns, Cleanup: 5666 ns, At safepoint: 2625 ns, Total: 13291 ns
[2025-09-01T04:08:54.543+0000][175][info ][safepoint   ] Safepoint "Cleanup", Time since last: 8720212504 ns, Reaching safepoint: 69375 ns, Cleanup: 53417 ns, At safepoint: 14792 ns, Total: 137584 ns
[2025-09-01T04:09:24.661+0000][175][info ][safepoint   ] Safepoint "Cleanup", Time since last: 30118532638 ns, Reaching safepoint: 75250 ns, Cleanup: 66625 ns, At safepoint: 73042 ns, Total: 214917 ns
[2025-09-01T04:09:45.859+0000][175][info ][gc,start    ] GC(48) Pause Young (Mixed) (G1 Evacuation Pause)
[2025-09-01T04:09:45.859+0000][175][info ][gc,task     ] GC(48) Using 8 workers of 8 for evacuation
[2025-09-01T04:09:45.859+0000][175][debug][gc,age      ] GC(48) Desired survivor size 41943040 bytes, new threshold 15 (max threshold 15)
[2025-09-01T04:09:45.876+0000][175][info ][gc,phases   ] GC(48)   Pre Evacuate Collection Set: 0.71ms
[2025-09-01T04:09:45.876+0000][175][info ][gc,phases   ] GC(48)   Merge Heap Roots: 0.22ms
[2025-09-01T04:09:45.876+0000][175][info ][gc,phases   ] GC(48)   Evacuate Collection Set: 13.13ms
[2025-09-01T04:09:45.876+0000][175][info ][gc,phases   ] GC(48)   Post Evacuate Collection Set: 2.24ms
[2025-09-01T04:09:45.876+0000][175][info ][gc,phases   ] GC(48)   Other: 0.28ms
[2025-09-01T04:09:45.876+0000][175][trace][gc,age      ] GC(48) Age table with threshold 15 (max threshold 15)
[2025-09-01T04:09:45.876+0000][175][trace][gc,age      ] GC(48) - age   1:    1282952 bytes,    1282952 total
[2025-09-01T04:09:45.876+0000][175][trace][gc,age      ] GC(48) - age   2:      42944 bytes,    1325896 total
[2025-09-01T04:09:45.876+0000][175][trace][gc,age      ] GC(48) - age   3:      11160 bytes,    1337056 total
[2025-09-01T04:09:45.876+0000][175][trace][gc,age      ] GC(48) - age   4:      60872 bytes,    1397928 total
[2025-09-01T04:09:45.876+0000][175][trace][gc,age      ] GC(48) - age   5:      28536 bytes,    1426464 total
[2025-09-01T04:09:45.876+0000][175][trace][gc,age      ] GC(48) - age   6:      35936 bytes,    1462400 total
[2025-09-01T04:09:45.876+0000][175][trace][gc,age      ] GC(48) - age   7:     790744 bytes,    2253144 total
[2025-09-01T04:09:45.876+0000][175][trace][gc,age      ] GC(48) - age   8:       8560 bytes,    2261704 total
[2025-09-01T04:09:45.877+0000][175][trace][gc,age      ] GC(48) - age   9:       9272 bytes,    2270976 total
[2025-09-01T04:09:45.877+0000][175][trace][gc,age      ] GC(48) - age  10:      15384 bytes,    2286360 total
[2025-09-01T04:09:45.877+0000][175][trace][gc,age      ] GC(48) - age  11:     391272 bytes,    2677632 total
[2025-09-01T04:09:45.877+0000][175][trace][gc,age      ] GC(48) - age  12:      27344 bytes,    2704976 total
[2025-09-01T04:09:45.877+0000][175][trace][gc,age      ] GC(48) - age  13:      27088 bytes,    2732064 total
[2025-09-01T04:09:45.877+0000][175][trace][gc,age      ] GC(48) - age  14:     184496 bytes,    2916560 total
[2025-09-01T04:09:45.877+0000][175][trace][gc,age      ] GC(48) - age  15:      19040 bytes,    2935600 total
[2025-09-01T04:09:45.877+0000][175][info ][gc,heap     ] GC(48) Eden regions: 152->0(152)
[2025-09-01T04:09:45.877+0000][175][info ][gc,heap     ] GC(48) Survivor regions: 1->1(20)
[2025-09-01T04:09:45.877+0000][175][info ][gc,heap     ] GC(48) Old regions: 38->37
[2025-09-01T04:09:45.877+0000][175][info ][gc,heap     ] GC(48) Humongous regions: 2->2
[2025-09-01T04:09:45.877+0000][175][info ][gc,metaspace] GC(48) Metaspace: 160290K(165824K)->160290K(165824K) NonClass: 138755K(141632K)->138755K(141632K) Class: 21535K(24192K)->21535K(24192K)
[2025-09-01T04:09:45.877+0000][175][info ][gc          ] GC(48) Pause Young (Mixed) (G1 Evacuation Pause) 767M->158M(1024M) 17.993ms
[2025-09-01T04:09:45.877+0000][175][info ][gc,cpu      ] GC(48) User=0.10s Sys=0.00s Real=0.01s
[2025-09-01T04:09:45.877+0000][175][info ][safepoint   ] Safepoint "G1CollectForAllocation", Time since last: 21196775176 ns, Reaching safepoint: 8792 ns, Cleanup: 4041 ns, At safepoint: 18167334 ns, Total: 18180167 ns
[2025-09-01T04:09:48.860+0000][175][info ][safepoint   ] Safepoint "Cleanup", Time since last: 2982873668 ns, Reaching safepoint: 6708 ns, Cleanup: 8625 ns, At safepoint: 3542 ns, Total: 18875 ns
[2025-09-01T04:10:04.874+0000][175][info ][safepoint   ] Safepoint "Cleanup", Time since last: 16014173132 ns, Reaching safepoint: 51125 ns, Cleanup: 16167 ns, At safepoint: 14833 ns, Total: 82125 ns
[2025-09-01T04:10:09.871+0000][175][info ][safepoint   ] Safepoint "Cleanup", Time since last: 4994680418 ns, Reaching safepoint: 7125 ns, Cleanup: 12792 ns, At safepoint: 8417 ns, Total: 28334 ns
[2025-09-01T04:10:10.944+0000][175][info ][safepoint   ] Safepoint "Cleanup", Time since last: 1072875709 ns, Reaching safepoint: 82708 ns, Cleanup: 333708 ns, At safepoint: 25417 ns, Total: 441833 ns
[2025-09-01T04:10:11.993+0000][175][info ][safepoint   ] Safepoint "Cleanup", Time since last: 1048173042 ns, Reaching safepoint: 67958 ns, Cleanup: 81709 ns, At safepoint: 18375 ns, Total: 168042 ns
[2025-09-01T04:10:13.013+0000][175][info ][safepoint   ] Safepoint "Cleanup", Time since last: 1020489709 ns, Reaching safepoint: 3500 ns, Cleanup: 53333 ns, At safepoint: 4083 ns, Total: 60916 ns
[2025-09-01T04:10:14.023+0000][175][info ][safepoint   ] Safepoint "Cleanup", Time since last: 1010211876 ns, Reaching safepoint: 54416 ns, Cleanup: 61084 ns, At safepoint: 15916 ns, Total: 131416 ns
[2025-09-01T04:10:15.859+0000][175][info ][safepoint   ] Safepoint "Cleanup", Time since last: 1835340293 ns, Reaching safepoint: 6208 ns, Cleanup: 9209 ns, At safepoint: 7708 ns, Total: 23125 ns
[2025-09-01T04:10:17.138+0000][175][info ][safepoint   ] Safepoint "Cleanup", Time since last: 1279097251 ns, Reaching safepoint: 23166 ns, Cleanup: 119500 ns, At safepoint: 13250 ns, Total: 155916 ns
[2025-09-01T04:10:18.170+0000][175][info ][safepoint   ] Safepoint "Cleanup", Time since last: 1032135042 ns, Reaching safepoint: 69250 ns, Cleanup: 41167 ns, At safepoint: 15458 ns, Total: 125875 ns
[2025-09-01T04:10:19.172+0000][175][info ][safepoint   ] Safepoint "Cleanup", Time since last: 1001899751 ns, Reaching safepoint: 72917 ns, Cleanup: 37500 ns, At safepoint: 18916 ns, Total: 129333 ns
[2025-09-01T04:10:21.175+0000][175][info ][safepoint   ] Safepoint "Cleanup", Time since last: 2002847085 ns, Reaching safepoint: 79416 ns, Cleanup: 55709 ns, At safepoint: 18916 ns, Total: 154041 ns
[2025-09-01T04:10:25.181+0000][175][info ][safepoint   ] Safepoint "Cleanup", Time since last: 4005007044 ns, Reaching safepoint: 90583 ns, Cleanup: 50750 ns, At safepoint: 16542 ns, Total: 157875 ns
[2025-09-01T04:10:30.188+0000][175][info ][safepoint   ] Safepoint "Cleanup", Time since last: 5007030960 ns, Reaching safepoint: 75750 ns, Cleanup: 68542 ns, At safepoint: 10958 ns, Total: 155250 ns
[2025-09-01T04:10:35.197+0000][175][info ][safepoint   ] Safepoint "Cleanup", Time since last: 5009385753 ns, Reaching safepoint: 123375 ns, Cleanup: 41208 ns, At safepoint: 13000 ns, Total: 177583 ns
[2025-09-01T04:10:36.200+0000][175][info ][safepoint   ] Safepoint "Cleanup", Time since last: 1001941291 ns, Reaching safepoint: 63875 ns, Cleanup: 38209 ns, At safepoint: 15250 ns, Total: 117334 ns
[2025-09-01T04:10:46.217+0000][175][info ][safepoint   ] Safepoint "Cleanup", Time since last: 10017398754 ns, Reaching safepoint: 14792 ns, Cleanup: 15458 ns, At safepoint: 5417 ns, Total: 35667 ns
[2025-09-01T04:10:47.972+0000][175][info ][safepoint   ] Safepoint "Cleanup", Time since last: 1754726251 ns, Reaching safepoint: 63625 ns, Cleanup: 59583 ns, At safepoint: 21500 ns, Total: 144708 ns
[2025-09-01T04:10:49.301+0000][175][info ][safepoint   ] Safepoint "Cleanup", Time since last: 1328173918 ns, Reaching safepoint: 321750 ns, Cleanup: 31500 ns, At safepoint: 9625 ns, Total: 362875 ns
[2025-09-01T04:10:51.348+0000][175][info ][safepoint   ] Safepoint "Cleanup", Time since last: 2047083876 ns, Reaching safepoint: 58500 ns, Cleanup: 49916 ns, At safepoint: 15042 ns, Total: 123458 ns
[2025-09-01T04:11:01.408+0000][175][info ][safepoint   ] Safepoint "Cleanup", Time since last: 10059473671 ns, Reaching safepoint: 82792 ns, Cleanup: 38042 ns, At safepoint: 25958 ns, Total: 146792 ns
[2025-09-01T04:11:04.411+0000][175][info ][safepoint   ] Safepoint "Cleanup", Time since last: 3003838335 ns, Reaching safepoint: 62291 ns, Cleanup: 46000 ns, At safepoint: 23834 ns, Total: 132125 ns
[2025-09-01T04:11:07.072+0000][175][info ][safepoint   ] Safepoint "Cleanup", Time since last: 2660157251 ns, Reaching safepoint: 62791 ns, Cleanup: 35250 ns, At safepoint: 17917 ns, Total: 115958 ns
[2025-09-01T04:11:08.076+0000][175][info ][safepoint   ] Safepoint "Cleanup", Time since last: 1003615126 ns, Reaching safepoint: 57583 ns, Cleanup: 29542 ns, At safepoint: 25291 ns, Total: 112416 ns
[2025-09-01T04:11:12.082+0000][175][info ][safepoint   ] Safepoint "Cleanup", Time since last: 4005573377 ns, Reaching safepoint: 74750 ns, Cleanup: 54958 ns, At safepoint: 26000 ns, Total: 155708 ns
[2025-09-01T04:11:35.110+0000][175][info ][safepoint   ] Safepoint "Cleanup", Time since last: 23027821428 ns, Reaching safepoint: 126042 ns, Cleanup: 46333 ns, At safepoint: 22667 ns, Total: 195042 ns
[2025-09-01T04:11:51.128+0000][175][info ][safepoint   ] Safepoint "Cleanup", Time since last: 16018480007 ns, Reaching safepoint: 90750 ns, Cleanup: 30166 ns, At safepoint: 21334 ns, Total: 142250 ns
[2025-09-01T04:11:56.688+0000][175][info ][safepoint   ] Safepoint "Cleanup", Time since last: 5559772752 ns, Reaching safepoint: 57084 ns, Cleanup: 35666 ns, At safepoint: 14084 ns, Total: 106834 ns
[2025-09-01T04:11:58.691+0000][175][info ][safepoint   ] Safepoint "Cleanup", Time since last: 2003482667 ns, Reaching safepoint: 59750 ns, Cleanup: 38084 ns, At safepoint: 12166 ns, Total: 110000 ns
[2025-09-01T04:12:04.698+0000][175][info ][safepoint   ] Safepoint "Cleanup", Time since last: 6005952712 ns, Reaching safepoint: 65833 ns, Cleanup: 35167 ns, At safepoint: 18416 ns, Total: 119416 ns
[2025-09-01T04:12:06.171+0000][175][info ][safepoint   ] Safepoint "Cleanup", Time since last: 1473074292 ns, Reaching safepoint: 17125 ns, Cleanup: 75417 ns, At safepoint: 11791 ns, Total: 104333 ns
[2025-09-01T04:12:08.173+0000][175][info ][safepoint   ] Safepoint "Cleanup", Time since last: 2001547543 ns, Reaching safepoint: 83958 ns, Cleanup: 64500 ns, At safepoint: 17084 ns, Total: 165542 ns
[2025-09-01T04:12:10.177+0000][175][info ][safepoint   ] Safepoint "Cleanup", Time since last: 2004160959 ns, Reaching safepoint: 52833 ns, Cleanup: 56209 ns, At safepoint: 15500 ns, Total: 124542 ns
[2025-09-01T04:12:11.179+0000][175][info ][safepoint   ] Safepoint "Cleanup", Time since last: 1001778750 ns, Reaching safepoint: 61250 ns, Cleanup: 47375 ns, At safepoint: 10958 ns, Total: 119583 ns
[2025-09-01T04:12:21.203+0000][175][info ][safepoint   ] Safepoint "Cleanup", Time since last: 10024109047 ns, Reaching safepoint: 54958 ns, Cleanup: 31959 ns, At safepoint: 15791 ns, Total: 102708 ns
[2025-09-01T04:12:22.206+0000][175][info ][safepoint   ] Safepoint "Cleanup", Time since last: 1002955626 ns, Reaching safepoint: 73166 ns, Cleanup: 55167 ns, At safepoint: 10500 ns, Total: 138833 ns
[2025-09-01T04:12:31.220+0000][175][info ][safepoint   ] Safepoint "Cleanup", Time since last: 9014207088 ns, Reaching safepoint: 66541 ns, Cleanup: 29875 ns, At safepoint: 16209 ns, Total: 112625 ns
[2025-09-01T04:12:54.904+0000][175][info ][safepoint   ] Safepoint "Cleanup", Time since last: 23683333968 ns, Reaching safepoint: 9125 ns, Cleanup: 28542 ns, At safepoint: 6417 ns, Total: 44084 ns
[2025-09-01T04:12:55.904+0000][175][info ][safepoint   ] Safepoint "Cleanup", Time since last: 1000744833 ns, Reaching safepoint: 8917 ns, Cleanup: 23750 ns, At safepoint: 10500 ns, Total: 43167 ns
[2025-09-01T04:12:56.936+0000][175][info ][safepoint   ] Safepoint "Cleanup", Time since last: 1031725126 ns, Reaching safepoint: 87750 ns, Cleanup: 45958 ns, At safepoint: 16583 ns, Total: 150291 ns
[2025-09-01T04:12:58.922+0000][175][info ][safepoint   ] Safepoint "Cleanup", Time since last: 1985206793 ns, Reaching safepoint: 65333 ns, Cleanup: 35959 ns, At safepoint: 18291 ns, Total: 119583 ns
[2025-09-01T04:13:08.410+0000][175][info ][safepoint   ] Safepoint "Cleanup", Time since last: 9487675213 ns, Reaching safepoint: 65291 ns, Cleanup: 50500 ns, At safepoint: 78667 ns, Total: 194458 ns
[2025-09-01T04:13:57.918+0000][175][info ][safepoint   ] Safepoint "Cleanup", Time since last: 49508079106 ns, Reaching safepoint: 7709 ns, Cleanup: 23041 ns, At safepoint: 8750 ns, Total: 39500 ns
[2025-09-01T04:13:59.233+0000][175][info ][safepoint   ] Safepoint "Cleanup", Time since last: 1315315709 ns, Reaching safepoint: 53500 ns, Cleanup: 35292 ns, At safepoint: 11292 ns, Total: 100084 ns
[2025-09-01T04:14:07.649+0000][175][info ][safepoint   ] Safepoint "Cleanup", Time since last: 8415216628 ns, Reaching safepoint: 17166 ns, Cleanup: 15875 ns, At safepoint: 10667 ns, Total: 43708 ns
[2025-09-01T04:14:16.661+0000][175][info ][safepoint   ] Safepoint "Cleanup", Time since last: 9012152963 ns, Reaching safepoint: 126875 ns, Cleanup: 35125 ns, At safepoint: 14791 ns, Total: 176791 ns
[2025-09-01T04:14:18.663+0000][175][info ][safepoint   ] Safepoint "Cleanup", Time since last: 2002155876 ns, Reaching safepoint: 57459 ns, Cleanup: 48750 ns, At safepoint: 8541 ns, Total: 114750 ns
[2025-09-01T04:15:00.956+0000][175][info ][safepoint   ] Safepoint "Cleanup", Time since last: 42293016020 ns, Reaching safepoint: 17167 ns, Cleanup: 16375 ns, At safepoint: 9041 ns, Total: 42583 ns
[2025-09-01T04:15:03.955+0000][175][info ][gc,start    ] GC(49) Pause Young (Concurrent Start) (G1 Evacuation Pause)
[2025-09-01T04:15:03.955+0000][175][info ][gc,task     ] GC(49) Using 8 workers of 8 for evacuation
[2025-09-01T04:15:03.956+0000][175][debug][gc,age      ] GC(49) Desired survivor size 41943040 bytes, new threshold 15 (max threshold 15)
[2025-09-01T04:15:03.973+0000][175][info ][gc,phases   ] GC(49)   Pre Evacuate Collection Set: 0.77ms
[2025-09-01T04:15:03.973+0000][175][info ][gc,phases   ] GC(49)   Merge Heap Roots: 0.12ms
[2025-09-01T04:15:03.973+0000][175][info ][gc,phases   ] GC(49)   Evacuate Collection Set: 13.74ms
[2025-09-01T04:15:03.973+0000][175][info ][gc,phases   ] GC(49)   Post Evacuate Collection Set: 2.62ms
[2025-09-01T04:15:03.973+0000][175][info ][gc,phases   ] GC(49)   Other: 0.26ms
[2025-09-01T04:15:03.973+0000][175][trace][gc,age      ] GC(49) Age table with threshold 15 (max threshold 15)
[2025-09-01T04:15:03.973+0000][175][trace][gc,age      ] GC(49) - age   1:    1382512 bytes,    1382512 total
[2025-09-01T04:15:03.973+0000][175][trace][gc,age      ] GC(49) - age   2:      25656 bytes,    1408168 total
[2025-09-01T04:15:03.973+0000][175][trace][gc,age      ] GC(49) - age   3:      29016 bytes,    1437184 total
[2025-09-01T04:15:03.973+0000][175][trace][gc,age      ] GC(49) - age   4:       9328 bytes,    1446512 total
[2025-09-01T04:15:03.973+0000][175][trace][gc,age      ] GC(49) - age   5:      57920 bytes,    1504432 total
[2025-09-01T04:15:03.973+0000][175][trace][gc,age      ] GC(49) - age   6:      28472 bytes,    1532904 total
[2025-09-01T04:15:03.973+0000][175][trace][gc,age      ] GC(49) - age   7:      19624 bytes,    1552528 total
[2025-09-01T04:15:03.973+0000][175][trace][gc,age      ] GC(49) - age   8:     790168 bytes,    2342696 total
[2025-09-01T04:15:03.973+0000][175][trace][gc,age      ] GC(49) - age   9:       8560 bytes,    2351256 total
[2025-09-01T04:15:03.974+0000][175][trace][gc,age      ] GC(49) - age  10:       9272 bytes,    2360528 total
[2025-09-01T04:15:03.974+0000][175][trace][gc,age      ] GC(49) - age  11:      15384 bytes,    2375912 total
[2025-09-01T04:15:03.974+0000][175][trace][gc,age      ] GC(49) - age  12:      59504 bytes,    2435416 total
[2025-09-01T04:15:03.974+0000][175][trace][gc,age      ] GC(49) - age  13:      27344 bytes,    2462760 total
[2025-09-01T04:15:03.974+0000][175][trace][gc,age      ] GC(49) - age  14:      27048 bytes,    2489808 total
[2025-09-01T04:15:03.974+0000][175][trace][gc,age      ] GC(49) - age  15:     184496 bytes,    2674304 total
[2025-09-01T04:15:03.974+0000][175][info ][gc,heap     ] GC(49) Eden regions: 152->0(152)
[2025-09-01T04:15:03.974+0000][175][info ][gc,heap     ] GC(49) Survivor regions: 1->1(20)
[2025-09-01T04:15:03.974+0000][175][info ][gc,heap     ] GC(49) Old regions: 37->37
[2025-09-01T04:15:03.974+0000][175][info ][gc,heap     ] GC(49) Humongous regions: 2->2
[2025-09-01T04:15:03.974+0000][175][info ][gc,metaspace] GC(49) Metaspace: 160379K(165888K)->160379K(165888K) NonClass: 138835K(141696K)->138835K(141696K) Class: 21544K(24192K)->21544K(24192K)
[2025-09-01T04:15:03.974+0000][175][info ][gc          ] GC(49) Pause Young (Concurrent Start) (G1 Evacuation Pause) 766M->158M(1024M) 18.592ms
[2025-09-01T04:15:03.974+0000][175][info ][gc,cpu      ] GC(49) User=0.07s Sys=0.00s Real=0.02s
[2025-09-01T04:15:03.974+0000][175][info ][gc          ] GC(50) Concurrent Mark Cycle
[2025-09-01T04:15:03.974+0000][175][info ][gc,marking  ] GC(50) Concurrent Scan Root Regions
[2025-09-01T04:15:03.974+0000][175][info ][safepoint   ] Safepoint "G1CollectForAllocation", Time since last: 2999022544 ns, Reaching safepoint: 5166 ns, Cleanup: 2000 ns, At safepoint: 18756792 ns, Total: 18763958 ns
[2025-09-01T04:15:03.982+0000][175][info ][gc,marking  ] GC(50) Concurrent Scan Root Regions 7.508ms
[2025-09-01T04:15:03.982+0000][175][info ][gc,marking  ] GC(50) Concurrent Mark
[2025-09-01T04:15:03.982+0000][175][info ][gc,marking  ] GC(50) Concurrent Mark From Roots
[2025-09-01T04:15:03.982+0000][175][info ][gc,task     ] GC(50) Using 2 workers of 2 for marking
[2025-09-01T04:15:04.062+0000][175][info ][gc,marking  ] GC(50) Concurrent Mark From Roots 80.364ms
[2025-09-01T04:15:04.062+0000][175][info ][gc,marking  ] GC(50) Concurrent Preclean
[2025-09-01T04:15:04.063+0000][175][info ][gc,marking  ] GC(50) Concurrent Preclean 0.691ms
[2025-09-01T04:15:04.063+0000][175][info ][gc,start    ] GC(50) Pause Remark
[2025-09-01T04:15:04.083+0000][175][info ][gc          ] GC(50) Pause Remark 164M->164M(1024M) 20.245ms
[2025-09-01T04:15:04.083+0000][175][info ][gc,cpu      ] GC(50) User=0.10s Sys=0.00s Real=0.02s
[2025-09-01T04:15:04.083+0000][175][info ][safepoint   ] Safepoint "G1PauseRemark", Time since last: 88888792 ns, Reaching safepoint: 20000 ns, Cleanup: 3333 ns, At safepoint: 20465333 ns, Total: 20488666 ns
[2025-09-01T04:15:04.084+0000][175][info ][gc,marking  ] GC(50) Concurrent Mark 101.832ms
[2025-09-01T04:15:04.084+0000][175][info ][gc,marking  ] GC(50) Concurrent Rebuild Remembered Sets and Scrub Regions
[2025-09-01T04:15:04.116+0000][175][info ][gc,marking  ] GC(50) Concurrent Rebuild Remembered Sets and Scrub Regions 32.183ms
[2025-09-01T04:15:04.116+0000][175][info ][gc,start    ] GC(50) Pause Cleanup
[2025-09-01T04:15:04.116+0000][175][info ][gc          ] GC(50) Pause Cleanup 165M->165M(1024M) 0.144ms
[2025-09-01T04:15:04.116+0000][175][info ][gc,cpu      ] GC(50) User=0.00s Sys=0.00s Real=0.00s
[2025-09-01T04:15:04.116+0000][175][info ][safepoint   ] Safepoint "G1PauseCleanup", Time since last: 32401375 ns, Reaching safepoint: 8459 ns, Cleanup: 26833 ns, At safepoint: 274750 ns, Total: 310042 ns
[2025-09-01T04:15:04.116+0000][175][info ][gc,marking  ] GC(50) Concurrent Clear Claimed Marks
[2025-09-01T04:15:04.116+0000][175][info ][gc,marking  ] GC(50) Concurrent Clear Claimed Marks 0.244ms
[2025-09-01T04:15:04.117+0000][175][info ][gc,marking  ] GC(50) Concurrent Cleanup for Next Mark
[2025-09-01T04:15:04.120+0000][175][info ][gc,marking  ] GC(50) Concurrent Cleanup for Next Mark 3.442ms
[2025-09-01T04:15:04.120+0000][175][info ][gc          ] GC(50) Concurrent Mark Cycle 145.974ms
[2025-09-01T04:15:07.869+0000][175][info ][safepoint   ] Safepoint "Cleanup", Time since last: 3753121834 ns, Reaching safepoint: 38375 ns, Cleanup: 19333 ns, At safepoint: 16584 ns, Total: 74292 ns
[2025-09-01T04:15:15.964+0000][175][info ][safepoint   ] Safepoint "Cleanup", Time since last: 8094636379 ns, Reaching safepoint: 11708 ns, Cleanup: 8000 ns, At safepoint: 2375 ns, Total: 22083 ns
[2025-09-01T04:15:17.755+0000][175][info ][safepoint   ] Safepoint "Cleanup", Time since last: 1790667501 ns, Reaching safepoint: 70750 ns, Cleanup: 78458 ns, At safepoint: 19292 ns, Total: 168500 ns
[2025-09-01T04:15:21.804+0000][175][info ][safepoint   ] Safepoint "Cleanup", Time since last: 4049621835 ns, Reaching safepoint: 79542 ns, Cleanup: 58583 ns, At safepoint: 17750 ns, Total: 155875 ns
[2025-09-01T04:15:39.822+0000][175][info ][safepoint   ] Safepoint "Cleanup", Time since last: 18017633592 ns, Reaching safepoint: 109708 ns, Cleanup: 45667 ns, At safepoint: 23750 ns, Total: 179125 ns
[2025-09-01T04:15:55.760+0000][175][info ][safepoint   ] Safepoint "Cleanup", Time since last: 15936802132 ns, Reaching safepoint: 158209 ns, Cleanup: 40166 ns, At safepoint: 17959 ns, Total: 216334 ns
[2025-09-01T04:16:03.945+0000][175][info ][safepoint   ] Safepoint "Cleanup", Time since last: 8185794337 ns, Reaching safepoint: 18750 ns, Cleanup: 39167 ns, At safepoint: 6125 ns, Total: 64042 ns
[2025-09-01T04:16:04.946+0000][175][info ][safepoint   ] Safepoint "Cleanup", Time since last: 1001093542 ns, Reaching safepoint: 3833 ns, Cleanup: 8917 ns, At safepoint: 1625 ns, Total: 14375 ns
[2025-09-01T04:16:07.950+0000][175][info ][safepoint   ] Safepoint "Cleanup", Time since last: 3003004251 ns, Reaching safepoint: 15208 ns, Cleanup: 28375 ns, At safepoint: 14917 ns, Total: 58500 ns
[2025-09-01T04:16:25.986+0000][175][info ][safepoint   ] Safepoint "Cleanup", Time since last: 18035850133 ns, Reaching safepoint: 358500 ns, Cleanup: 49375 ns, At safepoint: 12417 ns, Total: 420292 ns
[2025-09-01T04:17:07.141+0000][175][info ][safepoint   ] Safepoint "Cleanup", Time since last: 41155260643 ns, Reaching safepoint: 3083 ns, Cleanup: 5375 ns, At safepoint: 9959 ns, Total: 18417 ns
[2025-09-01T04:17:08.159+0000][175][info ][safepoint   ] Safepoint "Cleanup", Time since last: 1017988542 ns, Reaching safepoint: 40292 ns, Cleanup: 11666 ns, At safepoint: 4042 ns, Total: 56000 ns
[2025-09-01T04:17:10.190+0000][175][info ][safepoint   ] Safepoint "Cleanup", Time since last: 2030582209 ns, Reaching safepoint: 3792 ns, Cleanup: 5667 ns, At safepoint: 4375 ns, Total: 13834 ns
[2025-09-01T04:17:28.225+0000][175][info ][safepoint   ] Safepoint "Cleanup", Time since last: 18034229258 ns, Reaching safepoint: 551500 ns, Cleanup: 60417 ns, At safepoint: 17208 ns, Total: 629125 ns
[2025-09-01T04:17:37.239+0000][175][info ][safepoint   ] Safepoint "Cleanup", Time since last: 9013984753 ns, Reaching safepoint: 67084 ns, Cleanup: 47458 ns, At safepoint: 20875 ns, Total: 135417 ns
[2025-09-01T04:17:57.260+0000][175][info ][safepoint   ] Safepoint "Cleanup", Time since last: 20020518343 ns, Reaching safepoint: 187042 ns, Cleanup: 78750 ns, At safepoint: 18333 ns, Total: 284125 ns
[2025-09-01T04:18:09.954+0000][175][info ][safepoint   ] Safepoint "Cleanup", Time since last: 12694411631 ns, Reaching safepoint: 6708 ns, Cleanup: 8292 ns, At safepoint: 2791 ns, Total: 17791 ns
[2025-09-01T04:18:12.952+0000][175][info ][safepoint   ] Safepoint "Cleanup", Time since last: 2998329960 ns, Reaching safepoint: 5292 ns, Cleanup: 21958 ns, At safepoint: 7875 ns, Total: 35125 ns
[2025-09-01T04:18:31.483+0000][175][info ][safepoint   ] Safepoint "Cleanup", Time since last: 18530182092 ns, Reaching safepoint: 44875 ns, Cleanup: 19292 ns, At safepoint: 10083 ns, Total: 74250 ns
[2025-09-01T04:18:34.486+0000][175][info ][safepoint   ] Safepoint "Cleanup", Time since last: 3003776418 ns, Reaching safepoint: 67417 ns, Cleanup: 40292 ns, At safepoint: 15791 ns, Total: 123500 ns
[2025-09-01T04:20:08.499+0000][175][info ][safepoint   ] Safepoint "Cleanup", Time since last: 94012382793 ns, Reaching safepoint: 38708 ns, Cleanup: 45292 ns, At safepoint: 24000 ns, Total: 108000 ns
[2025-09-01T04:20:15.967+0000][175][info ][safepoint   ] Safepoint "Cleanup", Time since last: 7467827754 ns, Reaching safepoint: 4291 ns, Cleanup: 10417 ns, At safepoint: 2167 ns, Total: 16875 ns
[2025-09-01T04:20:17.899+0000][175][info ][safepoint   ] Safepoint "Cleanup", Time since last: 1932419876 ns, Reaching safepoint: 214333 ns, Cleanup: 45750 ns, At safepoint: 20083 ns, Total: 280166 ns
[2025-09-01T04:20:18.983+0000][175][info ][safepoint   ] Safepoint "Cleanup", Time since last: 1083865292 ns, Reaching safepoint: 22125 ns, Cleanup: 18125 ns, At safepoint: 9500 ns, Total: 49750 ns
[2025-09-01T04:20:36.940+0000][175][info ][safepoint   ] Safepoint "Cleanup", Time since last: 17956376259 ns, Reaching safepoint: 66000 ns, Cleanup: 48875 ns, At safepoint: 16083 ns, Total: 130958 ns
[2025-09-01T04:20:37.941+0000][175][info ][safepoint   ] Safepoint "Cleanup", Time since last: 1001349834 ns, Reaching safepoint: 65083 ns, Cleanup: 43583 ns, At safepoint: 17500 ns, Total: 126166 ns
[2025-09-01T04:20:46.782+0000][175][info ][safepoint   ] Safepoint "Cleanup", Time since last: 8840548338 ns, Reaching safepoint: 5250 ns, Cleanup: 15000 ns, At safepoint: 3500 ns, Total: 23750 ns
[2025-09-01T04:21:06.764+0000][175][info ][safepoint   ] Safepoint "Cleanup", Time since last: 19981903259 ns, Reaching safepoint: 62625 ns, Cleanup: 43625 ns, At safepoint: 146083 ns, Total: 252333 ns
[2025-09-01T04:21:08.780+0000][175][info ][gc,start    ] GC(51) Pause Young (Prepare Mixed) (G1 Evacuation Pause)
[2025-09-01T04:21:08.781+0000][175][info ][gc,task     ] GC(51) Using 8 workers of 8 for evacuation
[2025-09-01T04:21:08.781+0000][175][debug][gc,age      ] GC(51) Desired survivor size 41943040 bytes, new threshold 15 (max threshold 15)
[2025-09-01T04:21:08.802+0000][175][info ][gc,phases   ] GC(51)   Pre Evacuate Collection Set: 1.77ms
[2025-09-01T04:21:08.802+0000][175][info ][gc,phases   ] GC(51)   Merge Heap Roots: 0.32ms
[2025-09-01T04:21:08.802+0000][175][info ][gc,phases   ] GC(51)   Evacuate Collection Set: 14.41ms
[2025-09-01T04:21:08.802+0000][175][info ][gc,phases   ] GC(51)   Post Evacuate Collection Set: 3.39ms
[2025-09-01T04:21:08.802+0000][175][info ][gc,phases   ] GC(51)   Other: 0.70ms
[2025-09-01T04:21:08.802+0000][175][trace][gc,age      ] GC(51) Age table with threshold 15 (max threshold 15)
[2025-09-01T04:21:08.802+0000][175][trace][gc,age      ] GC(51) - age   1:     938856 bytes,     938856 total
[2025-09-01T04:21:08.802+0000][175][trace][gc,age      ] GC(51) - age   2:     444648 bytes,    1383504 total
[2025-09-01T04:21:08.802+0000][175][trace][gc,age      ] GC(51) - age   3:      24888 bytes,    1408392 total
[2025-09-01T04:21:08.802+0000][175][trace][gc,age      ] GC(51) - age   4:      12608 bytes,    1421000 total
[2025-09-01T04:21:08.802+0000][175][trace][gc,age      ] GC(51) - age   5:       9232 bytes,    1430232 total
[2025-09-01T04:21:08.802+0000][175][trace][gc,age      ] GC(51) - age   6:      57856 bytes,    1488088 total
[2025-09-01T04:21:08.803+0000][175][trace][gc,age      ] GC(51) - age   7:      28344 bytes,    1516432 total
[2025-09-01T04:21:08.803+0000][175][trace][gc,age      ] GC(51) - age   8:      19560 bytes,    1535992 total
[2025-09-01T04:21:08.803+0000][175][trace][gc,age      ] GC(51) - age   9:     790168 bytes,    2326160 total
[2025-09-01T04:21:08.803+0000][175][trace][gc,age      ] GC(51) - age  10:       8296 bytes,    2334456 total
[2025-09-01T04:21:08.803+0000][175][trace][gc,age      ] GC(51) - age  11:       9272 bytes,    2343728 total
[2025-09-01T04:21:08.803+0000][175][trace][gc,age      ] GC(51) - age  12:      15384 bytes,    2359112 total
[2025-09-01T04:21:08.803+0000][175][trace][gc,age      ] GC(51) - age  13:      58232 bytes,    2417344 total
[2025-09-01T04:21:08.803+0000][175][trace][gc,age      ] GC(51) - age  14:      27344 bytes,    2444688 total
[2025-09-01T04:21:08.803+0000][175][trace][gc,age      ] GC(51) - age  15:      27048 bytes,    2471736 total
[2025-09-01T04:21:08.803+0000][175][info ][gc,heap     ] GC(51) Eden regions: 152->0(152)
[2025-09-01T04:21:08.803+0000][175][info ][gc,heap     ] GC(51) Survivor regions: 1->1(20)
[2025-09-01T04:21:08.803+0000][175][info ][gc,heap     ] GC(51) Old regions: 37->37
[2025-09-01T04:21:08.803+0000][175][info ][gc,heap     ] GC(51) Humongous regions: 2->2
[2025-09-01T04:21:08.803+0000][175][info ][gc,metaspace] GC(51) Metaspace: 160466K(165888K)->160466K(165888K) NonClass: 138921K(141696K)->138921K(141696K) Class: 21544K(24192K)->21544K(24192K)
[2025-09-01T04:21:08.803+0000][175][info ][gc          ] GC(51) Pause Young (Prepare Mixed) (G1 Evacuation Pause) 766M->158M(1024M) 23.065ms
[2025-09-01T04:21:08.804+0000][175][info ][gc,cpu      ] GC(51) User=0.11s Sys=0.00s Real=0.02s
[2025-09-01T04:21:08.804+0000][175][info ][safepoint   ] Safepoint "G1CollectForAllocation", Time since last: 2016378584 ns, Reaching safepoint: 73917 ns, Cleanup: 18167 ns, At safepoint: 23422416 ns, Total: 23514500 ns
[2025-09-01T04:21:20.056+0000][175][info ][safepoint   ] Safepoint "Cleanup", Time since last: 11252650506 ns, Reaching safepoint: 17666 ns, Cleanup: 19792 ns, At safepoint: 4917 ns, Total: 42375 ns
[2025-09-01T04:21:21.094+0000][175][info ][safepoint   ] Safepoint "Cleanup", Time since last: 1037585542 ns, Reaching safepoint: 10958 ns, Cleanup: 43292 ns, At safepoint: 9583 ns, Total: 63833 ns
[2025-09-01T04:22:25.004+0000][175][info ][safepoint   ] Safepoint "Cleanup", Time since last: 63911144988 ns, Reaching safepoint: 5500 ns, Cleanup: 10541 ns, At safepoint: 7834 ns, Total: 23875 ns
[2025-09-01T04:22:26.402+0000][175][info ][safepoint   ] Safepoint "Cleanup", Time since last: 1397427334 ns, Reaching safepoint: 37041 ns, Cleanup: 28875 ns, At safepoint: 14584 ns, Total: 80500 ns
[2025-09-01T04:24:41.928+0000][175][info ][safepoint   ] Safepoint "Cleanup", Time since last: 135524801894 ns, Reaching safepoint: 65708 ns, Cleanup: 130125 ns, At safepoint: 19292 ns, Total: 215125 ns
[2025-09-01T04:25:03.950+0000][175][info ][safepoint   ] Safepoint "Cleanup", Time since last: 22022259886 ns, Reaching safepoint: 37125 ns, Cleanup: 25291 ns, At safepoint: 12250 ns, Total: 74666 ns
[2025-09-01T04:25:32.296+0000][175][info ][safepoint   ] Safepoint "Cleanup", Time since last: 28345868555 ns, Reaching safepoint: 93875 ns, Cleanup: 42958 ns, At safepoint: 21208 ns, Total: 158041 ns
[2025-09-01T04:25:34.064+0000][175][info ][safepoint   ] Safepoint "Cleanup", Time since last: 1767749168 ns, Reaching safepoint: 3500 ns, Cleanup: 5708 ns, At safepoint: 5334 ns, Total: 14542 ns
[2025-09-01T04:26:34.056+0000][175][info ][safepoint   ] Safepoint "Cleanup", Time since last: 59991330611 ns, Reaching safepoint: 7541 ns, Cleanup: 20584 ns, At safepoint: 16166 ns, Total: 44291 ns
[2025-09-01T04:26:36.217+0000][175][info ][gc,start    ] GC(52) Pause Young (Mixed) (G1 Evacuation Pause)
[2025-09-01T04:26:36.218+0000][175][info ][gc,task     ] GC(52) Using 8 workers of 8 for evacuation
[2025-09-01T04:26:36.218+0000][175][debug][gc,age      ] GC(52) Desired survivor size 41943040 bytes, new threshold 15 (max threshold 15)
[2025-09-01T04:26:36.245+0000][175][info ][gc,phases   ] GC(52)   Pre Evacuate Collection Set: 0.74ms
[2025-09-01T04:26:36.245+0000][175][info ][gc,phases   ] GC(52)   Merge Heap Roots: 0.38ms
[2025-09-01T04:26:36.245+0000][175][info ][gc,phases   ] GC(52)   Evacuate Collection Set: 23.40ms
[2025-09-01T04:26:36.245+0000][175][info ][gc,phases   ] GC(52)   Post Evacuate Collection Set: 2.51ms
[2025-09-01T04:26:36.245+0000][175][info ][gc,phases   ] GC(52)   Other: 0.50ms
[2025-09-01T04:26:36.245+0000][175][trace][gc,age      ] GC(52) Age table with threshold 15 (max threshold 15)
[2025-09-01T04:26:36.246+0000][175][trace][gc,age      ] GC(52) - age   1:     698024 bytes,     698024 total
[2025-09-01T04:26:36.246+0000][175][trace][gc,age      ] GC(52) - age   2:      26792 bytes,     724816 total
[2025-09-01T04:26:36.246+0000][175][trace][gc,age      ] GC(52) - age   3:     438120 bytes,    1162936 total
[2025-09-01T04:26:36.246+0000][175][trace][gc,age      ] GC(52) - age   4:      24632 bytes,    1187568 total
[2025-09-01T04:26:36.246+0000][175][trace][gc,age      ] GC(52) - age   5:      11088 bytes,    1198656 total
[2025-09-01T04:26:36.246+0000][175][trace][gc,age      ] GC(52) - age   6:       9168 bytes,    1207824 total
[2025-09-01T04:26:36.246+0000][175][trace][gc,age      ] GC(52) - age   7:      57856 bytes,    1265680 total
[2025-09-01T04:26:36.246+0000][175][trace][gc,age      ] GC(52) - age   8:      28312 bytes,    1293992 total
[2025-09-01T04:26:36.246+0000][175][trace][gc,age      ] GC(52) - age   9:      19496 bytes,    1313488 total
[2025-09-01T04:26:36.246+0000][175][trace][gc,age      ] GC(52) - age  10:     790168 bytes,    2103656 total
[2025-09-01T04:26:36.246+0000][175][trace][gc,age      ] GC(52) - age  11:       8296 bytes,    2111952 total
[2025-09-01T04:26:36.246+0000][175][trace][gc,age      ] GC(52) - age  12:       9272 bytes,    2121224 total
[2025-09-01T04:26:36.246+0000][175][trace][gc,age      ] GC(52) - age  13:      15384 bytes,    2136608 total
[2025-09-01T04:26:36.246+0000][175][trace][gc,age      ] GC(52) - age  14:      58232 bytes,    2194840 total
[2025-09-01T04:26:36.246+0000][175][trace][gc,age      ] GC(52) - age  15:      27344 bytes,    2222184 total
[2025-09-01T04:26:36.246+0000][175][info ][gc,heap     ] GC(52) Eden regions: 152->0(152)
[2025-09-01T04:26:36.246+0000][175][info ][gc,heap     ] GC(52) Survivor regions: 1->1(20)
[2025-09-01T04:26:36.246+0000][175][info ][gc,heap     ] GC(52) Old regions: 37->37
[2025-09-01T04:26:36.247+0000][175][info ][gc,heap     ] GC(52) Humongous regions: 2->2
[2025-09-01T04:26:36.247+0000][175][info ][gc,metaspace] GC(52) Metaspace: 160482K(165888K)->160482K(165888K) NonClass: 138938K(141696K)->138938K(141696K) Class: 21544K(24192K)->21544K(24192K)
[2025-09-01T04:26:36.247+0000][175][info ][gc          ] GC(52) Pause Young (Mixed) (G1 Evacuation Pause) 766M->157M(1024M) 29.765ms
[2025-09-01T04:26:36.247+0000][175][info ][gc,cpu      ] GC(52) User=0.20s Sys=0.00s Real=0.03s
[2025-09-01T04:26:36.247+0000][175][info ][safepoint   ] Safepoint "G1CollectForAllocation", Time since last: 2161333584 ns, Reaching safepoint: 21750 ns, Cleanup: 4709 ns, At safepoint: 30027083 ns, Total: 30053542 ns
[2025-09-01T04:27:08.171+0000][175][info ][safepoint   ] Safepoint "Cleanup", Time since last: 31924399306 ns, Reaching safepoint: 15458 ns, Cleanup: 30417 ns, At safepoint: 4875 ns, Total: 50750 ns
[2025-09-01T04:27:37.069+0000][175][info ][safepoint   ] Safepoint "Cleanup", Time since last: 28897483513 ns, Reaching safepoint: 4542 ns, Cleanup: 7333 ns, At safepoint: 2917 ns, Total: 14792 ns
[2025-09-01T04:28:40.079+0000][175][info ][safepoint   ] Safepoint "Cleanup", Time since last: 63009892862 ns, Reaching safepoint: 7208 ns, Cleanup: 18500 ns, At safepoint: 12292 ns, Total: 38000 ns
[2025-09-01T04:30:08.392+0000][175][info ][safepoint   ] Safepoint "Cleanup", Time since last: 88312886041 ns, Reaching safepoint: 14750 ns, Cleanup: 22916 ns, At safepoint: 6125 ns, Total: 43791 ns
[2025-09-01T04:30:16.661+0000][175][info ][safepoint   ] Safepoint "Cleanup", Time since last: 8267570463 ns, Reaching safepoint: 1159666 ns, Cleanup: 15292 ns, At safepoint: 13208 ns, Total: 1188166 ns
[2025-09-01T04:30:31.784+0000][175][info ][safepoint   ] Safepoint "Cleanup", Time since last: 15123126049 ns, Reaching safepoint: 38125 ns, Cleanup: 32250 ns, At safepoint: 10375 ns, Total: 80750 ns
[2025-09-01T04:30:46.886+0000][175][info ][safepoint   ] Safepoint "Cleanup", Time since last: 15101791757 ns, Reaching safepoint: 3458 ns, Cleanup: 9667 ns, At safepoint: 5333 ns, Total: 18458 ns
[2025-09-01T04:30:48.878+0000][175][info ][safepoint   ] Safepoint "Cleanup", Time since last: 1991648418 ns, Reaching safepoint: 53875 ns, Cleanup: 54958 ns, At safepoint: 22708 ns, Total: 131541 ns
[2025-09-01T04:31:07.960+0000][175][info ][safepoint   ] Safepoint "Cleanup", Time since last: 19082598092 ns, Reaching safepoint: 42750 ns, Cleanup: 29875 ns, At safepoint: 73083 ns, Total: 145708 ns
[2025-09-01T04:31:49.128+0000][175][info ][safepoint   ] Safepoint "Cleanup", Time since last: 41167599602 ns, Reaching safepoint: 3917 ns, Cleanup: 9500 ns, At safepoint: 4750 ns, Total: 18167 ns
[2025-09-01T04:31:51.109+0000][175][info ][safepoint   ] Safepoint "Cleanup", Time since last: 1980909084 ns, Reaching safepoint: 80167 ns, Cleanup: 62916 ns, At safepoint: 24792 ns, Total: 167875 ns
[2025-09-01T04:32:38.402+0000][175][info ][gc,start    ] GC(53) Pause Young (Concurrent Start) (G1 Evacuation Pause)
[2025-09-01T04:32:38.402+0000][175][info ][gc,task     ] GC(53) Using 8 workers of 8 for evacuation
[2025-09-01T04:32:38.402+0000][175][debug][gc,age      ] GC(53) Desired survivor size 41943040 bytes, new threshold 15 (max threshold 15)
[2025-09-01T04:32:38.423+0000][175][info ][gc,phases   ] GC(53)   Pre Evacuate Collection Set: 0.64ms
[2025-09-01T04:32:38.423+0000][175][info ][gc,phases   ] GC(53)   Merge Heap Roots: 0.19ms
[2025-09-01T04:32:38.423+0000][175][info ][gc,phases   ] GC(53)   Evacuate Collection Set: 16.72ms
[2025-09-01T04:32:38.423+0000][175][info ][gc,phases   ] GC(53)   Post Evacuate Collection Set: 2.59ms
[2025-09-01T04:32:38.423+0000][175][info ][gc,phases   ] GC(53)   Other: 0.40ms
[2025-09-01T04:32:38.423+0000][175][trace][gc,age      ] GC(53) Age table with threshold 15 (max threshold 15)
[2025-09-01T04:32:38.423+0000][175][trace][gc,age      ] GC(53) - age   1:     974240 bytes,     974240 total
[2025-09-01T04:32:38.423+0000][175][trace][gc,age      ] GC(53) - age   2:      13464 bytes,     987704 total
[2025-09-01T04:32:38.423+0000][175][trace][gc,age      ] GC(53) - age   3:       7776 bytes,     995480 total
[2025-09-01T04:32:38.424+0000][175][trace][gc,age      ] GC(53) - age   4:     332136 bytes,    1327616 total
[2025-09-01T04:32:38.424+0000][175][trace][gc,age      ] GC(53) - age   5:      22920 bytes,    1350536 total
[2025-09-01T04:32:38.424+0000][175][trace][gc,age      ] GC(53) - age   6:      11048 bytes,    1361584 total
[2025-09-01T04:32:38.424+0000][175][trace][gc,age      ] GC(53) - age   7:       9136 bytes,    1370720 total
[2025-09-01T04:32:38.424+0000][175][trace][gc,age      ] GC(53) - age   8:      41264 bytes,    1411984 total
[2025-09-01T04:32:38.424+0000][175][trace][gc,age      ] GC(53) - age   9:      28248 bytes,    1440232 total
[2025-09-01T04:32:38.424+0000][175][trace][gc,age      ] GC(53) - age  10:      19432 bytes,    1459664 total
[2025-09-01T04:32:38.424+0000][175][trace][gc,age      ] GC(53) - age  11:     790136 bytes,    2249800 total
[2025-09-01T04:32:38.424+0000][175][trace][gc,age      ] GC(53) - age  12:       8296 bytes,    2258096 total
[2025-09-01T04:32:38.424+0000][175][trace][gc,age      ] GC(53) - age  13:       9272 bytes,    2267368 total
[2025-09-01T04:32:38.424+0000][175][trace][gc,age      ] GC(53) - age  14:      15384 bytes,    2282752 total
[2025-09-01T04:32:38.424+0000][175][trace][gc,age      ] GC(53) - age  15:      58232 bytes,    2340984 total
[2025-09-01T04:32:38.425+0000][175][info ][gc,heap     ] GC(53) Eden regions: 152->0(152)
[2025-09-01T04:32:38.425+0000][175][info ][gc,heap     ] GC(53) Survivor regions: 1->1(20)
[2025-09-01T04:32:38.425+0000][175][info ][gc,heap     ] GC(53) Old regions: 37->37
[2025-09-01T04:32:38.425+0000][175][info ][gc,heap     ] GC(53) Humongous regions: 2->2
[2025-09-01T04:32:38.425+0000][175][info ][gc,metaspace] GC(53) Metaspace: 160496K(165888K)->160496K(165888K) NonClass: 138951K(141696K)->138951K(141696K) Class: 21544K(24192K)->21544K(24192K)
[2025-09-01T04:32:38.425+0000][175][info ][gc          ] GC(53) Pause Young (Concurrent Start) (G1 Evacuation Pause) 765M->158M(1024M) 23.261ms
[2025-09-01T04:32:38.425+0000][175][info ][gc,cpu      ] GC(53) User=0.09s Sys=0.01s Real=0.02s
[2025-09-01T04:32:38.425+0000][175][info ][gc          ] GC(54) Concurrent Mark Cycle
[2025-09-01T04:32:38.425+0000][175][info ][gc,marking  ] GC(54) Concurrent Scan Root Regions
[2025-09-01T04:32:38.425+0000][175][info ][safepoint   ] Safepoint "G1CollectForAllocation", Time since last: 47292391521 ns, Reaching safepoint: 29541 ns, Cleanup: 4125 ns, At safepoint: 23603917 ns, Total: 23637583 ns
[2025-09-01T04:32:38.432+0000][175][info ][gc,marking  ] GC(54) Concurrent Scan Root Regions 6.581ms
[2025-09-01T04:32:38.432+0000][175][info ][gc,marking  ] GC(54) Concurrent Mark
[2025-09-01T04:32:38.432+0000][175][info ][gc,marking  ] GC(54) Concurrent Mark From Roots
[2025-09-01T04:32:38.432+0000][175][info ][gc,task     ] GC(54) Using 2 workers of 2 for marking
[2025-09-01T04:32:38.547+0000][175][info ][gc,marking  ] GC(54) Concurrent Mark From Roots 114.364ms
[2025-09-01T04:32:38.547+0000][175][info ][gc,marking  ] GC(54) Concurrent Preclean
[2025-09-01T04:32:38.548+0000][175][info ][gc,marking  ] GC(54) Concurrent Preclean 0.841ms
[2025-09-01T04:32:38.548+0000][175][info ][gc,start    ] GC(54) Pause Remark
[2025-09-01T04:32:38.607+0000][175][info ][gc          ] GC(54) Pause Remark 160M->160M(1024M) 59.093ms
[2025-09-01T04:32:38.607+0000][175][info ][gc,cpu      ] GC(54) User=0.39s Sys=0.00s Real=0.06s
[2025-09-01T04:32:38.607+0000][175][info ][safepoint   ] Safepoint "G1PauseRemark", Time since last: 122638833 ns, Reaching safepoint: 29709 ns, Cleanup: 5416 ns, At safepoint: 59541709 ns, Total: 59576834 ns
[2025-09-01T04:32:38.607+0000][175][info ][gc,marking  ] GC(54) Concurrent Mark 175.407ms
[2025-09-01T04:32:38.608+0000][175][info ][gc,marking  ] GC(54) Concurrent Rebuild Remembered Sets and Scrub Regions
[2025-09-01T04:32:38.658+0000][175][info ][gc,marking  ] GC(54) Concurrent Rebuild Remembered Sets and Scrub Regions 50.558ms
[2025-09-01T04:32:38.659+0000][175][info ][gc,start    ] GC(54) Pause Cleanup
[2025-09-01T04:32:38.659+0000][175][info ][gc          ] GC(54) Pause Cleanup 163M->163M(1024M) 0.283ms
[2025-09-01T04:32:38.659+0000][175][info ][gc,cpu      ] GC(54) User=0.00s Sys=0.00s Real=0.00s
[2025-09-01T04:32:38.659+0000][175][info ][safepoint   ] Safepoint "G1PauseCleanup", Time since last: 51260250 ns, Reaching safepoint: 45375 ns, Cleanup: 32541 ns, At safepoint: 581292 ns, Total: 659208 ns
[2025-09-01T04:32:38.659+0000][175][info ][gc,marking  ] GC(54) Concurrent Clear Claimed Marks
[2025-09-01T04:32:38.660+0000][175][info ][gc,marking  ] GC(54) Concurrent Clear Claimed Marks 0.362ms
[2025-09-01T04:32:38.660+0000][175][info ][gc,marking  ] GC(54) Concurrent Cleanup for Next Mark
[2025-09-01T04:32:38.667+0000][175][info ][gc,marking  ] GC(54) Concurrent Cleanup for Next Mark 6.908ms
[2025-09-01T04:32:38.667+0000][175][info ][gc          ] GC(54) Concurrent Mark Cycle 241.940ms
[2025-09-01T04:33:44.880+0000][175][info ][safepoint   ] Safepoint "Cleanup", Time since last: 66221304989 ns, Reaching safepoint: 171708 ns, Cleanup: 44084 ns, At safepoint: 165250 ns, Total: 381042 ns
[2025-09-01T04:33:55.114+0000][175][info ][safepoint   ] Safepoint "Cleanup", Time since last: 10234510546 ns, Reaching safepoint: 3959 ns, Cleanup: 9541 ns, At safepoint: 3584 ns, Total: 17084 ns
[2025-09-01T04:33:56.557+0000][175][info ][safepoint   ] Safepoint "Cleanup", Time since last: 1442660167 ns, Reaching safepoint: 89583 ns, Cleanup: 79959 ns, At safepoint: 34541 ns, Total: 204083 ns
[2025-09-01T04:34:06.606+0000][175][info ][safepoint   ] Safepoint "Cleanup", Time since last: 10047389963 ns, Reaching safepoint: 43916 ns, Cleanup: 32667 ns, At safepoint: 12292 ns, Total: 88875 ns
[2025-09-01T04:34:29.052+0000][175][info ][safepoint   ] Safepoint "Cleanup", Time since last: 22445726469 ns, Reaching safepoint: 35833 ns, Cleanup: 25917 ns, At safepoint: 12750 ns, Total: 74500 ns
[2025-09-01T04:35:07.843+0000][175][info ][safepoint   ] Safepoint "Cleanup", Time since last: 38790914475 ns, Reaching safepoint: 68292 ns, Cleanup: 50208 ns, At safepoint: 22792 ns, Total: 141292 ns
[2025-09-01T04:36:02.027+0000][175][info ][safepoint   ] Safepoint "Cleanup", Time since last: 54184646191 ns, Reaching safepoint: 18792 ns, Cleanup: 18125 ns, At safepoint: 12958 ns, Total: 49875 ns
[2025-09-01T04:36:03.066+0000][175][info ][safepoint   ] Safepoint "Cleanup", Time since last: 1038735417 ns, Reaching safepoint: 10875 ns, Cleanup: 25625 ns, At safepoint: 3834 ns, Total: 40334 ns
[2025-09-01T04:36:05.092+0000][175][info ][safepoint   ] Safepoint "Cleanup", Time since last: 2025571626 ns, Reaching safepoint: 10458 ns, Cleanup: 16000 ns, At safepoint: 3000 ns, Total: 29458 ns
[2025-09-01T04:37:07.174+0000][175][info ][safepoint   ] Safepoint "Cleanup", Time since last: 62081992361 ns, Reaching safepoint: 29792 ns, Cleanup: 23958 ns, At safepoint: 12167 ns, Total: 65917 ns
[2025-09-01T04:37:08.361+0000][175][info ][safepoint   ] Safepoint "Cleanup", Time since last: 1187215917 ns, Reaching safepoint: 85792 ns, Cleanup: 89750 ns, At safepoint: 26541 ns, Total: 202083 ns
[2025-09-01T04:38:41.517+0000][175][info ][gc,start    ] GC(55) Pause Young (Prepare Mixed) (G1 Evacuation Pause)
[2025-09-01T04:38:41.519+0000][175][info ][gc,task     ] GC(55) Using 8 workers of 8 for evacuation
[2025-09-01T04:38:41.519+0000][175][debug][gc,age      ] GC(55) Desired survivor size 41943040 bytes, new threshold 15 (max threshold 15)
[2025-09-01T04:38:41.542+0000][175][info ][gc,phases   ] GC(55)   Pre Evacuate Collection Set: 1.17ms
[2025-09-01T04:38:41.542+0000][175][info ][gc,phases   ] GC(55)   Merge Heap Roots: 0.32ms
[2025-09-01T04:38:41.542+0000][175][info ][gc,phases   ] GC(55)   Evacuate Collection Set: 13.80ms
[2025-09-01T04:38:41.542+0000][175][info ][gc,phases   ] GC(55)   Post Evacuate Collection Set: 7.23ms
[2025-09-01T04:38:41.542+0000][175][info ][gc,phases   ] GC(55)   Other: 0.62ms
[2025-09-01T04:38:41.543+0000][175][trace][gc,age      ] GC(55) Age table with threshold 15 (max threshold 15)
[2025-09-01T04:38:41.543+0000][175][trace][gc,age      ] GC(55) - age   1:     988488 bytes,     988488 total
[2025-09-01T04:38:41.543+0000][175][trace][gc,age      ] GC(55) - age   2:      40880 bytes,    1029368 total
[2025-09-01T04:38:41.543+0000][175][trace][gc,age      ] GC(55) - age   3:      12224 bytes,    1041592 total
[2025-09-01T04:38:41.543+0000][175][trace][gc,age      ] GC(55) - age   4:       7712 bytes,    1049304 total
[2025-09-01T04:38:41.543+0000][175][trace][gc,age      ] GC(55) - age   5:     332032 bytes,    1381336 total
[2025-09-01T04:38:41.543+0000][175][trace][gc,age      ] GC(55) - age   6:      22920 bytes,    1404256 total
[2025-09-01T04:38:41.543+0000][175][trace][gc,age      ] GC(55) - age   7:      11048 bytes,    1415304 total
[2025-09-01T04:38:41.543+0000][175][trace][gc,age      ] GC(55) - age   8:       9136 bytes,    1424440 total
[2025-09-01T04:38:41.543+0000][175][trace][gc,age      ] GC(55) - age   9:      41264 bytes,    1465704 total
[2025-09-01T04:38:41.543+0000][175][trace][gc,age      ] GC(55) - age  10:      28248 bytes,    1493952 total
[2025-09-01T04:38:41.543+0000][175][trace][gc,age      ] GC(55) - age  11:      19432 bytes,    1513384 total
[2025-09-01T04:38:41.543+0000][175][trace][gc,age      ] GC(55) - age  12:     790136 bytes,    2303520 total
[2025-09-01T04:38:41.543+0000][175][trace][gc,age      ] GC(55) - age  13:       8296 bytes,    2311816 total
[2025-09-01T04:38:41.544+0000][175][trace][gc,age      ] GC(55) - age  14:       9272 bytes,    2321088 total
[2025-09-01T04:38:41.544+0000][175][trace][gc,age      ] GC(55) - age  15:      15384 bytes,    2336472 total
[2025-09-01T04:38:41.544+0000][175][info ][gc,heap     ] GC(55) Eden regions: 152->0(152)
[2025-09-01T04:38:41.544+0000][175][info ][gc,heap     ] GC(55) Survivor regions: 1->1(20)
[2025-09-01T04:38:41.544+0000][175][info ][gc,heap     ] GC(55) Old regions: 37->37
[2025-09-01T04:38:41.544+0000][175][info ][gc,heap     ] GC(55) Humongous regions: 2->2
[2025-09-01T04:38:41.544+0000][175][info ][gc,metaspace] GC(55) Metaspace: 160485K(165888K)->160485K(165888K) NonClass: 138947K(141696K)->138947K(141696K) Class: 21538K(24192K)->21538K(24192K)
[2025-09-01T04:38:41.544+0000][175][info ][gc          ] GC(55) Pause Young (Prepare Mixed) (G1 Evacuation Pause) 766M->158M(1024M) 27.373ms
[2025-09-01T04:38:41.544+0000][175][info ][gc,cpu      ] GC(55) User=0.15s Sys=0.00s Real=0.03s
[2025-09-01T04:38:41.544+0000][175][info ][safepoint   ] Safepoint "G1CollectForAllocation", Time since last: 93155306876 ns, Reaching safepoint: 56459 ns, Cleanup: 11041 ns, At safepoint: 27727167 ns, Total: 27794667 ns
[2025-09-01T04:38:43.561+0000][175][info ][safepoint   ] Safepoint "Cleanup", Time since last: 2016536001 ns, Reaching safepoint: 54208 ns, Cleanup: 22834 ns, At safepoint: 11166 ns, Total: 88208 ns
[2025-09-01T04:38:51.569+0000][175][info ][safepoint   ] Safepoint "Cleanup", Time since last: 8008116296 ns, Reaching safepoint: 151708 ns, Cleanup: 52334 ns, At safepoint: 20666 ns, Total: 224708 ns
[2025-09-01T04:40:03.898+0000][175][info ][safepoint   ] Safepoint "Cleanup", Time since last: 72328694658 ns, Reaching safepoint: 67125 ns, Cleanup: 79542 ns, At safepoint: 21958 ns, Total: 168625 ns
[2025-09-01T04:40:12.014+0000][175][info ][safepoint   ] Safepoint "Cleanup", Time since last: 8115582004 ns, Reaching safepoint: 17083 ns, Cleanup: 20125 ns, At safepoint: 15500 ns, Total: 52708 ns
[2025-09-01T04:40:17.091+0000][175][info ][safepoint   ] Safepoint "Cleanup", Time since last: 5077437877 ns, Reaching safepoint: 12459 ns, Cleanup: 22958 ns, At safepoint: 5667 ns, Total: 41084 ns
[2025-09-01T04:40:19.194+0000][175][info ][safepoint   ] Safepoint "Cleanup", Time since last: 2102985001 ns, Reaching safepoint: 5875 ns, Cleanup: 9333 ns, At safepoint: 2833 ns, Total: 18041 ns
[2025-09-01T04:41:17.347+0000][175][info ][safepoint   ] Safepoint "Cleanup", Time since last: 58153271194 ns, Reaching safepoint: 13875 ns, Cleanup: 75834 ns, At safepoint: 8083 ns, Total: 97792 ns
[2025-09-01T04:41:19.351+0000][175][info ][safepoint   ] Safepoint "Cleanup", Time since last: 2003401542 ns, Reaching safepoint: 22834 ns, Cleanup: 9750 ns, At safepoint: 2250 ns, Total: 34834 ns
[2025-09-01T04:42:19.538+0000][175][info ][safepoint   ] Safepoint "Cleanup", Time since last: 60186281236 ns, Reaching safepoint: 109166 ns, Cleanup: 6542 ns, At safepoint: 5583 ns, Total: 121291 ns
[2025-09-01T04:44:28.342+0000][175][info ][gc,start    ] GC(56) Pause Young (Mixed) (G1 Evacuation Pause)
[2025-09-01T04:44:28.343+0000][175][info ][gc,task     ] GC(56) Using 8 workers of 8 for evacuation
[2025-09-01T04:44:28.343+0000][175][debug][gc,age      ] GC(56) Desired survivor size 41943040 bytes, new threshold 15 (max threshold 15)
[2025-09-01T04:44:28.363+0000][175][info ][gc,phases   ] GC(56)   Pre Evacuate Collection Set: 0.64ms
[2025-09-01T04:44:28.363+0000][175][info ][gc,phases   ] GC(56)   Merge Heap Roots: 0.16ms
[2025-09-01T04:44:28.363+0000][175][info ][gc,phases   ] GC(56)   Evacuate Collection Set: 17.18ms
[2025-09-01T04:44:28.363+0000][175][info ][gc,phases   ] GC(56)   Post Evacuate Collection Set: 2.40ms
[2025-09-01T04:44:28.364+0000][175][info ][gc,phases   ] GC(56)   Other: 0.20ms
[2025-09-01T04:44:28.364+0000][175][trace][gc,age      ] GC(56) Age table with threshold 15 (max threshold 15)
[2025-09-01T04:44:28.364+0000][175][trace][gc,age      ] GC(56) - age   1:     898872 bytes,     898872 total
[2025-09-01T04:44:28.364+0000][175][trace][gc,age      ] GC(56) - age   2:      46792 bytes,     945664 total
[2025-09-01T04:44:28.364+0000][175][trace][gc,age      ] GC(56) - age   3:      26784 bytes,     972448 total
[2025-09-01T04:44:28.364+0000][175][trace][gc,age      ] GC(56) - age   4:      10328 bytes,     982776 total
[2025-09-01T04:44:28.364+0000][175][trace][gc,age      ] GC(56) - age   5:       7648 bytes,     990424 total
[2025-09-01T04:44:28.364+0000][175][trace][gc,age      ] GC(56) - age   6:     331464 bytes,    1321888 total
[2025-09-01T04:44:28.364+0000][175][trace][gc,age      ] GC(56) - age   7:       6768 bytes,    1328656 total
[2025-09-01T04:44:28.364+0000][175][trace][gc,age      ] GC(56) - age   8:      11048 bytes,    1339704 total
[2025-09-01T04:44:28.364+0000][175][trace][gc,age      ] GC(56) - age   9:       9136 bytes,    1348840 total
[2025-09-01T04:44:28.364+0000][175][trace][gc,age      ] GC(56) - age  10:      41264 bytes,    1390104 total
[2025-09-01T04:44:28.364+0000][175][trace][gc,age      ] GC(56) - age  11:      28248 bytes,    1418352 total
[2025-09-01T04:44:28.364+0000][175][trace][gc,age      ] GC(56) - age  12:      19432 bytes,    1437784 total
[2025-09-01T04:44:28.364+0000][175][trace][gc,age      ] GC(56) - age  13:     790136 bytes,    2227920 total
[2025-09-01T04:44:28.364+0000][175][trace][gc,age      ] GC(56) - age  14:       8296 bytes,    2236216 total
[2025-09-01T04:44:28.364+0000][175][trace][gc,age      ] GC(56) - age  15:       9272 bytes,    2245488 total
[2025-09-01T04:44:28.364+0000][175][info ][gc,heap     ] GC(56) Eden regions: 152->0(152)
[2025-09-01T04:44:28.364+0000][175][info ][gc,heap     ] GC(56) Survivor regions: 1->1(20)
[2025-09-01T04:44:28.364+0000][175][info ][gc,heap     ] GC(56) Old regions: 37->37
[2025-09-01T04:44:28.364+0000][175][info ][gc,heap     ] GC(56) Humongous regions: 2->2
[2025-09-01T04:44:28.364+0000][175][info ][gc,metaspace] GC(56) Metaspace: 160492K(165888K)->160492K(165888K) NonClass: 138954K(141696K)->138954K(141696K) Class: 21538K(24192K)->21538K(24192K)
[2025-09-01T04:44:28.364+0000][175][info ][gc          ] GC(56) Pause Young (Mixed) (G1 Evacuation Pause) 766M->157M(1024M) 22.108ms
[2025-09-01T04:44:28.364+0000][175][info ][gc,cpu      ] GC(56) User=0.12s Sys=0.00s Real=0.02s
[2025-09-01T04:44:28.364+0000][175][info ][safepoint   ] Safepoint "G1CollectForAllocation", Time since last: 128805515308 ns, Reaching safepoint: 18542 ns, Cleanup: 5208 ns, At safepoint: 22246667 ns, Total: 22270417 ns
[2025-09-01T04:44:30.039+0000][175][info ][safepoint   ] Safepoint "Cleanup", Time since last: 1674416209 ns, Reaching safepoint: 27417 ns, Cleanup: 24583 ns, At safepoint: 8667 ns, Total: 60667 ns
[2025-09-01T04:45:03.077+0000][175][info ][safepoint   ] Safepoint "Cleanup", Time since last: 33038314140 ns, Reaching safepoint: 54917 ns, Cleanup: 35667 ns, At safepoint: 58875 ns, Total: 149459 ns
[2025-09-01T04:48:28.362+0000][175][info ][safepoint   ] Safepoint "Cleanup", Time since last: 176796211204 ns, Reaching safepoint: 196875 ns, Cleanup: 114250 ns, At safepoint: 18542 ns, Total: 329667 ns
[2025-09-01T04:48:34.374+0000][175][info ][safepoint   ] Safepoint "Cleanup", Time since last: 6011742753 ns, Reaching safepoint: 73333 ns, Cleanup: 50209 ns, At safepoint: 28208 ns, Total: 151750 ns
[2025-09-01T04:48:58.443+0000][175][info ][safepoint   ] Safepoint "Cleanup", Time since last: 24073585636 ns, Reaching safepoint: 156250 ns, Cleanup: 105209 ns, At safepoint: 22458 ns, Total: 283917 ns
[2025-09-01T05:05:30.812+0000][175][info ][safepoint   ] Safepoint "Cleanup", Time since last: 7399719628 ns, Reaching safepoint: 3833 ns, Cleanup: 6709 ns, At safepoint: 5958 ns, Total: 16500 ns
[2025-09-01T05:05:32.578+0000][175][info ][safepoint   ] Safepoint "Cleanup", Time since last: 1765742709 ns, Reaching safepoint: 49042 ns, Cleanup: 56500 ns, At safepoint: 22292 ns, Total: 127834 ns
[2025-09-01T05:05:35.560+0000][175][info ][safepoint   ] Safepoint "Cleanup", Time since last: 2981818918 ns, Reaching safepoint: 5708 ns, Cleanup: 9458 ns, At safepoint: 2500 ns, Total: 17666 ns
[2025-09-01T05:06:32.082+0000][175][info ][safepoint   ] Safepoint "Cleanup", Time since last: 55255552108 ns, Reaching safepoint: 1397959 ns, Cleanup: 16250 ns, At safepoint: 10708 ns, Total: 1424917 ns
[2025-09-01T05:06:34.039+0000][175][info ][safepoint   ] Safepoint "Cleanup", Time since last: 1956672959 ns, Reaching safepoint: 22500 ns, Cleanup: 50542 ns, At safepoint: 15292 ns, Total: 88334 ns
[2025-09-01T05:15:44.293+0000][175][info ][safepoint   ] Safepoint "Cleanup", Time since last: 28043428637 ns, Reaching safepoint: 4375 ns, Cleanup: 25709 ns, At safepoint: 3708 ns, Total: 33792 ns
[2025-09-01T05:15:44.638+0000][175][info ][gc,start    ] GC(57) Pause Young (Concurrent Start) (G1 Evacuation Pause)
[2025-09-01T05:15:44.638+0000][175][info ][gc,task     ] GC(57) Using 8 workers of 8 for evacuation
[2025-09-01T05:15:44.638+0000][175][debug][gc,age      ] GC(57) Desired survivor size 41943040 bytes, new threshold 15 (max threshold 15)
[2025-09-01T05:15:44.657+0000][175][info ][gc,phases   ] GC(57)   Pre Evacuate Collection Set: 0.78ms
[2025-09-01T05:15:44.657+0000][175][info ][gc,phases   ] GC(57)   Merge Heap Roots: 0.22ms
[2025-09-01T05:15:44.657+0000][175][info ][gc,phases   ] GC(57)   Evacuate Collection Set: 15.01ms
[2025-09-01T05:15:44.657+0000][175][info ][gc,phases   ] GC(57)   Post Evacuate Collection Set: 2.47ms
[2025-09-01T05:15:44.657+0000][175][info ][gc,phases   ] GC(57)   Other: 0.40ms
[2025-09-01T05:15:44.657+0000][175][trace][gc,age      ] GC(57) Age table with threshold 15 (max threshold 15)
[2025-09-01T05:15:44.657+0000][175][trace][gc,age      ] GC(57) - age   1:    1286464 bytes,    1286464 total
[2025-09-01T05:15:44.657+0000][175][trace][gc,age      ] GC(57) - age   2:      34400 bytes,    1320864 total
[2025-09-01T05:15:44.657+0000][175][trace][gc,age      ] GC(57) - age   3:      40824 bytes,    1361688 total
[2025-09-01T05:15:44.657+0000][175][trace][gc,age      ] GC(57) - age   4:      23288 bytes,    1384976 total
[2025-09-01T05:15:44.658+0000][175][trace][gc,age      ] GC(57) - age   5:       7992 bytes,    1392968 total
[2025-09-01T05:15:44.658+0000][175][trace][gc,age      ] GC(57) - age   6:       7496 bytes,    1400464 total
[2025-09-01T05:15:44.658+0000][175][trace][gc,age      ] GC(57) - age   7:     329656 bytes,    1730120 total
[2025-09-01T05:15:44.658+0000][175][trace][gc,age      ] GC(57) - age   8:       6728 bytes,    1736848 total
[2025-09-01T05:15:44.658+0000][175][trace][gc,age      ] GC(57) - age   9:      10984 bytes,    1747832 total
[2025-09-01T05:15:44.658+0000][175][trace][gc,age      ] GC(57) - age  10:       9136 bytes,    1756968 total
[2025-09-01T05:15:44.658+0000][175][trace][gc,age      ] GC(57) - age  11:      41192 bytes,    1798160 total
[2025-09-01T05:15:44.658+0000][175][trace][gc,age      ] GC(57) - age  12:      12096 bytes,    1810256 total
[2025-09-01T05:15:44.658+0000][175][trace][gc,age      ] GC(57) - age  13:      19400 bytes,    1829656 total
[2025-09-01T05:15:44.658+0000][175][trace][gc,age      ] GC(57) - age  14:     790136 bytes,    2619792 total
[2025-09-01T05:15:44.658+0000][175][trace][gc,age      ] GC(57) - age  15:       8160 bytes,    2627952 total
[2025-09-01T05:15:44.658+0000][175][info ][gc,heap     ] GC(57) Eden regions: 152->0(152)
[2025-09-01T05:15:44.658+0000][175][info ][gc,heap     ] GC(57) Survivor regions: 1->1(20)
[2025-09-01T05:15:44.658+0000][175][info ][gc,heap     ] GC(57) Old regions: 37->37
[2025-09-01T05:15:44.658+0000][175][info ][gc,heap     ] GC(57) Humongous regions: 2->2
[2025-09-01T05:15:44.658+0000][175][info ][gc,metaspace] GC(57) Metaspace: 160569K(165888K)->160569K(165888K) NonClass: 139030K(141696K)->139030K(141696K) Class: 21538K(24192K)->21538K(24192K)
[2025-09-01T05:15:44.658+0000][175][info ][gc          ] GC(57) Pause Young (Concurrent Start) (G1 Evacuation Pause) 765M->158M(1024M) 20.317ms
[2025-09-01T05:15:44.658+0000][175][info ][gc          ] GC(58) Concurrent Mark Cycle
[2025-09-01T05:15:44.658+0000][175][info ][gc,marking  ] GC(58) Concurrent Scan Root Regions
[2025-09-01T05:15:44.658+0000][175][info ][gc,cpu      ] GC(57) User=0.09s Sys=0.00s Real=0.02s
[2025-09-01T05:15:44.659+0000][175][info ][safepoint   ] Safepoint "G1CollectForAllocation", Time since last: 344513292 ns, Reaching safepoint: 36958 ns, Cleanup: 72375 ns, At safepoint: 20778959 ns, Total: 20888292 ns
[2025-09-01T05:15:44.666+0000][175][info ][gc,marking  ] GC(58) Concurrent Scan Root Regions 7.934ms
[2025-09-01T05:15:44.666+0000][175][info ][gc,marking  ] GC(58) Concurrent Mark
[2025-09-01T05:15:44.667+0000][175][info ][gc,marking  ] GC(58) Concurrent Mark From Roots
[2025-09-01T05:15:44.667+0000][175][info ][gc,task     ] GC(58) Using 2 workers of 2 for marking
[2025-09-01T05:15:44.747+0000][175][info ][gc,marking  ] GC(58) Concurrent Mark From Roots 80.687ms
[2025-09-01T05:15:44.747+0000][175][info ][gc,marking  ] GC(58) Concurrent Preclean
[2025-09-01T05:15:44.748+0000][175][info ][gc,marking  ] GC(58) Concurrent Preclean 0.463ms
[2025-09-01T05:15:44.748+0000][175][info ][gc,start    ] GC(58) Pause Remark
[2025-09-01T05:15:44.768+0000][175][info ][gc          ] GC(58) Pause Remark 163M->163M(1024M) 20.528ms
[2025-09-01T05:15:44.769+0000][175][info ][gc,cpu      ] GC(58) User=0.08s Sys=0.02s Real=0.03s
[2025-09-01T05:15:44.769+0000][175][info ][safepoint   ] Safepoint "G1PauseRemark", Time since last: 89224666 ns, Reaching safepoint: 14667 ns, Cleanup: 2667 ns, At safepoint: 20752875 ns, Total: 20770209 ns
[2025-09-01T05:15:44.769+0000][175][info ][gc,marking  ] GC(58) Concurrent Mark 102.296ms
[2025-09-01T05:15:44.769+0000][175][info ][gc,marking  ] GC(58) Concurrent Rebuild Remembered Sets and Scrub Regions
[2025-09-01T05:15:44.803+0000][175][info ][gc,marking  ] GC(58) Concurrent Rebuild Remembered Sets and Scrub Regions 33.949ms
[2025-09-01T05:15:44.803+0000][175][info ][gc,start    ] GC(58) Pause Cleanup
[2025-09-01T05:15:44.803+0000][175][info ][gc          ] GC(58) Pause Cleanup 165M->165M(1024M) 0.131ms
[2025-09-01T05:15:44.803+0000][175][info ][gc,cpu      ] GC(58) User=0.00s Sys=0.00s Real=0.00s
[2025-09-01T05:15:44.803+0000][175][info ][safepoint   ] Safepoint "G1PauseCleanup", Time since last: 34240833 ns, Reaching safepoint: 8833 ns, Cleanup: 32875 ns, At safepoint: 286625 ns, Total: 328333 ns
[2025-09-01T05:15:44.803+0000][175][info ][gc,marking  ] GC(58) Concurrent Clear Claimed Marks
[2025-09-01T05:15:44.804+0000][175][info ][gc,marking  ] GC(58) Concurrent Clear Claimed Marks 0.253ms
[2025-09-01T05:15:44.804+0000][175][info ][gc,marking  ] GC(58) Concurrent Cleanup for Next Mark
[2025-09-01T05:15:44.807+0000][175][info ][gc,marking  ] GC(58) Concurrent Cleanup for Next Mark 3.886ms
[2025-09-01T05:15:44.808+0000][175][info ][gc          ] GC(58) Concurrent Mark Cycle 149.192ms
[2025-09-01T05:15:46.450+0000][175][info ][safepoint   ] Safepoint "Cleanup", Time since last: 1646652876 ns, Reaching safepoint: 72250 ns, Cleanup: 77000 ns, At safepoint: 29500 ns, Total: 178750 ns
[2025-09-01T05:15:47.469+0000][175][info ][safepoint   ] Safepoint "Cleanup", Time since last: 1018572542 ns, Reaching safepoint: 4375 ns, Cleanup: 9709 ns, At safepoint: 6750 ns, Total: 20834 ns
[2025-09-01T05:15:49.162+0000][175][info ][safepoint   ] Safepoint "Cleanup", Time since last: 1693061000 ns, Reaching safepoint: 3584 ns, Cleanup: 44166 ns, At safepoint: 4917 ns, Total: 52667 ns
[2025-09-01T05:15:50.566+0000][175][info ][safepoint   ] Safepoint "Cleanup", Time since last: 1404073251 ns, Reaching safepoint: 35125 ns, Cleanup: 54916 ns, At safepoint: 10834 ns, Total: 100875 ns
[2025-09-01T05:15:54.571+0000][175][info ][safepoint   ] Safepoint "Cleanup", Time since last: 4004749085 ns, Reaching safepoint: 64708 ns, Cleanup: 50000 ns, At safepoint: 17292 ns, Total: 132000 ns
[2025-09-01T05:16:47.302+0000][175][info ][safepoint   ] Safepoint "Cleanup", Time since last: 52731686440 ns, Reaching safepoint: 6709 ns, Cleanup: 11833 ns, At safepoint: 9500 ns, Total: 28042 ns
[2025-09-01T05:16:48.734+0000][175][info ][safepoint   ] Safepoint "Cleanup", Time since last: 1432396542 ns, Reaching safepoint: 3917 ns, Cleanup: 10958 ns, At safepoint: 5084 ns, Total: 19959 ns
[2025-09-01T05:17:13.764+0000][175][info ][safepoint   ] Safepoint "Cleanup", Time since last: 25029921511 ns, Reaching safepoint: 90000 ns, Cleanup: 60541 ns, At safepoint: 101375 ns, Total: 251916 ns
[2025-09-01T05:17:44.800+0000][175][info ][safepoint   ] Safepoint "Cleanup", Time since last: 31035655140 ns, Reaching safepoint: 80500 ns, Cleanup: 55708 ns, At safepoint: 111375 ns, Total: 247583 ns
[2025-09-01T05:18:23.994+0000][175][info ][safepoint   ] Safepoint "Cleanup", Time since last: 39192741768 ns, Reaching safepoint: 499833 ns, Cleanup: 141709 ns, At safepoint: 25958 ns, Total: 667500 ns
[2025-09-01T05:18:46.018+0000][175][info ][safepoint   ] Safepoint "Cleanup", Time since last: 22024409760 ns, Reaching safepoint: 70625 ns, Cleanup: 49166 ns, At safepoint: 21875 ns, Total: 141666 ns
[2025-09-01T05:19:53.392+0000][175][info ][safepoint   ] Safepoint "Cleanup", Time since last: 67374072115 ns, Reaching safepoint: 548875 ns, Cleanup: 12333 ns, At safepoint: 9667 ns, Total: 570875 ns
[2025-09-01T05:19:55.293+0000][175][info ][safepoint   ] Safepoint "Cleanup", Time since last: 1900589334 ns, Reaching safepoint: 59459 ns, Cleanup: 73625 ns, At safepoint: 40375 ns, Total: 173459 ns
[2025-09-01T05:19:57.318+0000][175][info ][safepoint   ] Safepoint "Cleanup", Time since last: 2025051126 ns, Reaching safepoint: 158250 ns, Cleanup: 26208 ns, At safepoint: 12250 ns, Total: 196708 ns
[2025-09-01T05:20:59.675+0000][175][info ][safepoint   ] Safepoint "Cleanup", Time since last: 62356821612 ns, Reaching safepoint: 18500 ns, Cleanup: 15375 ns, At safepoint: 6875 ns, Total: 40750 ns
[2025-09-01T05:21:44.620+0000][175][info ][gc,start    ] GC(59) Pause Young (Prepare Mixed) (G1 Evacuation Pause)
[2025-09-01T05:21:44.622+0000][175][info ][gc,task     ] GC(59) Using 8 workers of 8 for evacuation
[2025-09-01T05:21:44.622+0000][175][debug][gc,age      ] GC(59) Desired survivor size 41943040 bytes, new threshold 15 (max threshold 15)
[2025-09-01T05:21:44.637+0000][175][info ][gc,phases   ] GC(59)   Pre Evacuate Collection Set: 0.76ms
[2025-09-01T05:21:44.637+0000][175][info ][gc,phases   ] GC(59)   Merge Heap Roots: 0.25ms
[2025-09-01T05:21:44.638+0000][175][info ][gc,phases   ] GC(59)   Evacuate Collection Set: 9.51ms
[2025-09-01T05:21:44.638+0000][175][info ][gc,phases   ] GC(59)   Post Evacuate Collection Set: 4.22ms
[2025-09-01T05:21:44.638+0000][175][info ][gc,phases   ] GC(59)   Other: 0.53ms
[2025-09-01T05:21:44.638+0000][175][trace][gc,age      ] GC(59) Age table with threshold 15 (max threshold 15)
[2025-09-01T05:21:44.638+0000][175][trace][gc,age      ] GC(59) - age   1:    1560064 bytes,    1560064 total
[2025-09-01T05:21:44.638+0000][175][trace][gc,age      ] GC(59) - age   2:     112904 bytes,    1672968 total
[2025-09-01T05:21:44.638+0000][175][trace][gc,age      ] GC(59) - age   3:      27048 bytes,    1700016 total
[2025-09-01T05:21:44.638+0000][175][trace][gc,age      ] GC(59) - age   4:      38912 bytes,    1738928 total
[2025-09-01T05:21:44.638+0000][175][trace][gc,age      ] GC(59) - age   5:      22384 bytes,    1761312 total
[2025-09-01T05:21:44.638+0000][175][trace][gc,age      ] GC(59) - age   6:       7928 bytes,    1769240 total
[2025-09-01T05:21:44.638+0000][175][trace][gc,age      ] GC(59) - age   7:       7400 bytes,    1776640 total
[2025-09-01T05:21:44.638+0000][175][trace][gc,age      ] GC(59) - age   8:      62240 bytes,    1838880 total
[2025-09-01T05:21:44.638+0000][175][trace][gc,age      ] GC(59) - age   9:       6728 bytes,    1845608 total
[2025-09-01T05:21:44.638+0000][175][trace][gc,age      ] GC(59) - age  10:      10848 bytes,    1856456 total
[2025-09-01T05:21:44.639+0000][175][trace][gc,age      ] GC(59) - age  11:       9136 bytes,    1865592 total
[2025-09-01T05:21:44.639+0000][175][trace][gc,age      ] GC(59) - age  12:      41192 bytes,    1906784 total
[2025-09-01T05:21:44.639+0000][175][trace][gc,age      ] GC(59) - age  13:      12096 bytes,    1918880 total
[2025-09-01T05:21:44.639+0000][175][trace][gc,age      ] GC(59) - age  14:      19136 bytes,    1938016 total
[2025-09-01T05:21:44.639+0000][175][trace][gc,age      ] GC(59) - age  15:     790136 bytes,    2728152 total
[2025-09-01T05:21:44.639+0000][175][info ][gc,heap     ] GC(59) Eden regions: 152->0(152)
[2025-09-01T05:21:44.639+0000][175][info ][gc,heap     ] GC(59) Survivor regions: 1->1(20)
[2025-09-01T05:21:44.639+0000][175][info ][gc,heap     ] GC(59) Old regions: 37->37
[2025-09-01T05:21:44.639+0000][175][info ][gc,heap     ] GC(59) Humongous regions: 2->2
[2025-09-01T05:21:44.639+0000][175][info ][gc,metaspace] GC(59) Metaspace: 160600K(165888K)->160600K(165888K) NonClass: 139061K(141696K)->139061K(141696K) Class: 21538K(24192K)->21538K(24192K)
[2025-09-01T05:21:44.639+0000][175][info ][gc          ] GC(59) Pause Young (Prepare Mixed) (G1 Evacuation Pause) 766M->158M(1024M) 18.682ms
[2025-09-01T05:21:44.639+0000][175][info ][gc,cpu      ] GC(59) User=0.10s Sys=0.00s Real=0.02s
[2025-09-01T05:21:44.639+0000][175][info ][safepoint   ] Safepoint "G1CollectForAllocation", Time since last: 44945890728 ns, Reaching safepoint: 177333 ns, Cleanup: 18709 ns, At safepoint: 19001791 ns, Total: 19197833 ns
[2025-09-01T05:21:59.900+0000][175][info ][safepoint   ] Safepoint "Cleanup", Time since last: 15260138591 ns, Reaching safepoint: 9250 ns, Cleanup: 17750 ns, At safepoint: 9250 ns, Total: 36250 ns
[2025-09-01T05:22:00.918+0000][175][info ][safepoint   ] Safepoint "Cleanup", Time since last: 1018197542 ns, Reaching safepoint: 66042 ns, Cleanup: 68041 ns, At safepoint: 14125 ns, Total: 148208 ns
[2025-09-01T05:22:02.938+0000][175][info ][safepoint   ] Safepoint "Cleanup", Time since last: 2019768668 ns, Reaching safepoint: 17708 ns, Cleanup: 21209 ns, At safepoint: 9041 ns, Total: 47958 ns
[2025-09-01T05:23:02.476+0000][175][info ][safepoint   ] Safepoint "Cleanup", Time since last: 59539124319 ns, Reaching safepoint: 3083 ns, Cleanup: 4334 ns, At safepoint: 4166 ns, Total: 11583 ns
[2025-09-01T05:25:08.677+0000][175][info ][safepoint   ] Safepoint "Cleanup", Time since last: 126202002433 ns, Reaching safepoint: 3500 ns, Cleanup: 24625 ns, At safepoint: 4917 ns, Total: 33042 ns
[2025-09-01T05:26:45.296+0000][175][info ][safepoint   ] Safepoint "Cleanup", Time since last: 96618643501 ns, Reaching safepoint: 318250 ns, Cleanup: 85125 ns, At safepoint: 114959 ns, Total: 518334 ns
[2025-09-01T05:27:19.308+0000][175][info ][safepoint   ] Safepoint "Cleanup", Time since last: 34011680682 ns, Reaching safepoint: 41167 ns, Cleanup: 32667 ns, At safepoint: 15916 ns, Total: 89750 ns
[2025-09-01T05:27:37.065+0000][175][info ][gc,start    ] GC(60) Pause Young (Mixed) (G1 Evacuation Pause)
[2025-09-01T05:27:37.066+0000][175][info ][gc,task     ] GC(60) Using 8 workers of 8 for evacuation
[2025-09-01T05:27:37.066+0000][175][debug][gc,age      ] GC(60) Desired survivor size 41943040 bytes, new threshold 15 (max threshold 15)
[2025-09-01T05:27:37.122+0000][175][info ][gc,phases   ] GC(60)   Pre Evacuate Collection Set: 1.77ms
[2025-09-01T05:27:37.122+0000][175][info ][gc,phases   ] GC(60)   Merge Heap Roots: 0.89ms
[2025-09-01T05:27:37.122+0000][175][info ][gc,phases   ] GC(60)   Evacuate Collection Set: 48.50ms
[2025-09-01T05:27:37.123+0000][175][info ][gc,phases   ] GC(60)   Post Evacuate Collection Set: 4.56ms
[2025-09-01T05:27:37.123+0000][175][info ][gc,phases   ] GC(60)   Other: 0.86ms
[2025-09-01T05:27:37.123+0000][175][trace][gc,age      ] GC(60) Age table with threshold 15 (max threshold 15)
[2025-09-01T05:27:37.123+0000][175][trace][gc,age      ] GC(60) - age   1:     906056 bytes,     906056 total
[2025-09-01T05:27:37.123+0000][175][trace][gc,age      ] GC(60) - age   2:     274136 bytes,    1180192 total
[2025-09-01T05:27:37.123+0000][175][trace][gc,age      ] GC(60) - age   3:      96944 bytes,    1277136 total
[2025-09-01T05:27:37.123+0000][175][trace][gc,age      ] GC(60) - age   4:      26856 bytes,    1303992 total
[2025-09-01T05:27:37.123+0000][175][trace][gc,age      ] GC(60) - age   5:      38784 bytes,    1342776 total
[2025-09-01T05:27:37.123+0000][175][trace][gc,age      ] GC(60) - age   6:      22256 bytes,    1365032 total
[2025-09-01T05:27:37.123+0000][175][trace][gc,age      ] GC(60) - age   7:       7928 bytes,    1372960 total
[2025-09-01T05:27:37.123+0000][175][trace][gc,age      ] GC(60) - age   8:       7400 bytes,    1380360 total
[2025-09-01T05:27:37.123+0000][175][trace][gc,age      ] GC(60) - age   9:      62240 bytes,    1442600 total
[2025-09-01T05:27:37.123+0000][175][trace][gc,age      ] GC(60) - age  10:       6728 bytes,    1449328 total
[2025-09-01T05:27:37.123+0000][175][trace][gc,age      ] GC(60) - age  11:      10848 bytes,    1460176 total
[2025-09-01T05:27:37.123+0000][175][trace][gc,age      ] GC(60) - age  12:       9136 bytes,    1469312 total
[2025-09-01T05:27:37.123+0000][175][trace][gc,age      ] GC(60) - age  13:      41192 bytes,    1510504 total
[2025-09-01T05:27:37.123+0000][175][trace][gc,age      ] GC(60) - age  14:      12056 bytes,    1522560 total
[2025-09-01T05:27:37.123+0000][175][trace][gc,age      ] GC(60) - age  15:      19136 bytes,    1541696 total
[2025-09-01T05:27:37.123+0000][175][info ][gc,heap     ] GC(60) Eden regions: 152->0(152)
[2025-09-01T05:27:37.123+0000][175][info ][gc,heap     ] GC(60) Survivor regions: 1->1(20)
[2025-09-01T05:27:37.123+0000][175][info ][gc,heap     ] GC(60) Old regions: 37->37
[2025-09-01T05:27:37.123+0000][175][info ][gc,heap     ] GC(60) Humongous regions: 2->2
[2025-09-01T05:27:37.123+0000][175][info ][gc,metaspace] GC(60) Metaspace: 160616K(165888K)->160616K(165888K) NonClass: 139077K(141696K)->139077K(141696K) Class: 21538K(24192K)->21538K(24192K)
[2025-09-01T05:27:37.124+0000][175][info ][gc          ] GC(60) Pause Young (Mixed) (G1 Evacuation Pause) 766M->157M(1024M) 58.954ms
[2025-09-01T05:27:37.124+0000][175][info ][gc,cpu      ] GC(60) User=0.40s Sys=0.00s Real=0.05s
[2025-09-01T05:27:37.124+0000][175][info ][safepoint   ] Safepoint "G1CollectForAllocation", Time since last: 17756410426 ns, Reaching safepoint: 276666 ns, Cleanup: 20084 ns, At safepoint: 59280666 ns, Total: 59577416 ns
[2025-09-01T05:28:21.481+0000][175][info ][safepoint   ] Safepoint "Cleanup", Time since last: 44357618062 ns, Reaching safepoint: 14625 ns, Cleanup: 26625 ns, At safepoint: 12791 ns, Total: 54041 ns
[2025-09-01T05:29:44.849+0000][175][info ][safepoint   ] Safepoint "Cleanup", Time since last: 83368295122 ns, Reaching safepoint: 383792 ns, Cleanup: 125667 ns, At safepoint: 35750 ns, Total: 545209 ns
[2025-09-01T05:30:13.824+0000][175][info ][safepoint   ] Safepoint "Cleanup", Time since last: 28974470971 ns, Reaching safepoint: 116875 ns, Cleanup: 30792 ns, At safepoint: 17625 ns, Total: 165292 ns
[2025-09-01T05:30:23.947+0000][175][info ][safepoint   ] Safepoint "Cleanup", Time since last: 10123185255 ns, Reaching safepoint: 11333 ns, Cleanup: 15459 ns, At safepoint: 10416 ns, Total: 37208 ns
[2025-09-01T05:30:54.127+0000][175][info ][safepoint   ] Safepoint "Cleanup", Time since last: 30179269389 ns, Reaching safepoint: 1137167 ns, Cleanup: 38791 ns, At safepoint: 19584 ns, Total: 1195542 ns
[2025-09-01T05:31:24.176+0000][175][info ][safepoint   ] Safepoint "Cleanup", Time since last: 30048200347 ns, Reaching safepoint: 709750 ns, Cleanup: 58625 ns, At safepoint: 32250 ns, Total: 800625 ns
[2025-09-01T05:31:27.279+0000][175][info ][safepoint   ] Safepoint "Cleanup", Time since last: 3102194001 ns, Reaching safepoint: 695667 ns, Cleanup: 7167 ns, At safepoint: 13333 ns, Total: 716167 ns
[2025-09-01T05:31:28.287+0000][175][info ][safepoint   ] Safepoint "Cleanup", Time since last: 1008390376 ns, Reaching safepoint: 22208 ns, Cleanup: 33292 ns, At safepoint: 19916 ns, Total: 75416 ns
[2025-09-01T05:31:45.366+0000][175][info ][safepoint   ] Safepoint "Cleanup", Time since last: 17078605007 ns, Reaching safepoint: 127125 ns, Cleanup: 95584 ns, At safepoint: 39416 ns, Total: 262125 ns
[2025-09-01T05:32:14.996+0000][175][info ][safepoint   ] Safepoint "Cleanup", Time since last: 29630006347 ns, Reaching safepoint: 43625 ns, Cleanup: 31292 ns, At safepoint: 38875 ns, Total: 113792 ns
[2025-09-01T05:32:30.507+0000][175][info ][safepoint   ] Safepoint "Cleanup", Time since last: 15510618840 ns, Reaching safepoint: 32834 ns, Cleanup: 72125 ns, At safepoint: 7625 ns, Total: 112584 ns
[2025-09-01T05:32:41.606+0000][175][info ][safepoint   ] Safepoint "Cleanup", Time since last: 11099253588 ns, Reaching safepoint: 21750 ns, Cleanup: 23667 ns, At safepoint: 17042 ns, Total: 62459 ns
[2025-09-01T05:33:32.539+0000][175][info ][safepoint   ] Safepoint "Cleanup", Time since last: 50933487106 ns, Reaching safepoint: 6084 ns, Cleanup: 9500 ns, At safepoint: 3500 ns, Total: 19084 ns
[2025-09-01T05:33:35.554+0000][175][info ][gc,start    ] GC(61) Pause Young (Concurrent Start) (G1 Evacuation Pause)
[2025-09-01T05:33:35.554+0000][175][info ][gc,task     ] GC(61) Using 8 workers of 8 for evacuation
[2025-09-01T05:33:35.554+0000][175][debug][gc,age      ] GC(61) Desired survivor size 41943040 bytes, new threshold 15 (max threshold 15)
[2025-09-01T05:33:35.569+0000][175][info ][gc,phases   ] GC(61)   Pre Evacuate Collection Set: 0.73ms
[2025-09-01T05:33:35.569+0000][175][info ][gc,phases   ] GC(61)   Merge Heap Roots: 0.13ms
[2025-09-01T05:33:35.569+0000][175][info ][gc,phases   ] GC(61)   Evacuate Collection Set: 11.58ms
[2025-09-01T05:33:35.569+0000][175][info ][gc,phases   ] GC(61)   Post Evacuate Collection Set: 2.59ms
[2025-09-01T05:33:35.569+0000][175][info ][gc,phases   ] GC(61)   Other: 0.29ms
[2025-09-01T05:33:35.569+0000][175][trace][gc,age      ] GC(61) Age table with threshold 15 (max threshold 15)
[2025-09-01T05:33:35.569+0000][175][trace][gc,age      ] GC(61) - age   1:     930920 bytes,     930920 total
[2025-09-01T05:33:35.569+0000][175][trace][gc,age      ] GC(61) - age   2:     173464 bytes,    1104384 total
[2025-09-01T05:33:35.569+0000][175][trace][gc,age      ] GC(61) - age   3:     268336 bytes,    1372720 total
[2025-09-01T05:33:35.569+0000][175][trace][gc,age      ] GC(61) - age   4:      79856 bytes,    1452576 total
[2025-09-01T05:33:35.569+0000][175][trace][gc,age      ] GC(61) - age   5:      24520 bytes,    1477096 total
[2025-09-01T05:33:35.569+0000][175][trace][gc,age      ] GC(61) - age   6:      22568 bytes,    1499664 total
[2025-09-01T05:33:35.569+0000][175][trace][gc,age      ] GC(61) - age   7:       6040 bytes,    1505704 total
[2025-09-01T05:33:35.570+0000][175][trace][gc,age      ] GC(61) - age   8:       7928 bytes,    1513632 total
[2025-09-01T05:33:35.570+0000][175][trace][gc,age      ] GC(61) - age   9:       7400 bytes,    1521032 total
[2025-09-01T05:33:35.570+0000][175][trace][gc,age      ] GC(61) - age  10:      62240 bytes,    1583272 total
[2025-09-01T05:33:35.570+0000][175][trace][gc,age      ] GC(61) - age  11:       6464 bytes,    1589736 total
[2025-09-01T05:33:35.570+0000][175][trace][gc,age      ] GC(61) - age  12:      10848 bytes,    1600584 total
[2025-09-01T05:33:35.570+0000][175][trace][gc,age      ] GC(61) - age  13:       9136 bytes,    1609720 total
[2025-09-01T05:33:35.570+0000][175][trace][gc,age      ] GC(61) - age  14:      41192 bytes,    1650912 total
[2025-09-01T05:33:35.570+0000][175][trace][gc,age      ] GC(61) - age  15:      12056 bytes,    1662968 total
[2025-09-01T05:33:35.570+0000][175][info ][gc,heap     ] GC(61) Eden regions: 152->0(152)
[2025-09-01T05:33:35.570+0000][175][info ][gc,heap     ] GC(61) Survivor regions: 1->1(20)
[2025-09-01T05:33:35.570+0000][175][info ][gc,heap     ] GC(61) Old regions: 37->37
[2025-09-01T05:33:35.570+0000][175][info ][gc,heap     ] GC(61) Humongous regions: 2->2
[2025-09-01T05:33:35.570+0000][175][info ][gc,metaspace] GC(61) Metaspace: 160632K(165888K)->160632K(165888K) NonClass: 139094K(141696K)->139094K(141696K) Class: 21538K(24192K)->21538K(24192K)
[2025-09-01T05:33:35.570+0000][175][info ][gc          ] GC(61) Pause Young (Concurrent Start) (G1 Evacuation Pause) 765M->157M(1024M) 16.411ms
[2025-09-01T05:33:35.570+0000][175][info ][gc,cpu      ] GC(61) User=0.06s Sys=0.00s Real=0.01s
[2025-09-01T05:33:35.570+0000][175][info ][gc          ] GC(62) Concurrent Mark Cycle
[2025-09-01T05:33:35.570+0000][175][info ][gc,marking  ] GC(62) Concurrent Scan Root Regions
[2025-09-01T05:33:35.570+0000][175][info ][safepoint   ] Safepoint "G1CollectForAllocation", Time since last: 3014113459 ns, Reaching safepoint: 5292 ns, Cleanup: 2417 ns, At safepoint: 16553125 ns, Total: 16560834 ns
[2025-09-01T05:33:35.573+0000][175][info ][gc,marking  ] GC(62) Concurrent Scan Root Regions 3.095ms
[2025-09-01T05:33:35.573+0000][175][info ][gc,marking  ] GC(62) Concurrent Mark
[2025-09-01T05:33:35.573+0000][175][info ][gc,marking  ] GC(62) Concurrent Mark From Roots
[2025-09-01T05:33:35.573+0000][175][info ][gc,task     ] GC(62) Using 2 workers of 2 for marking
[2025-09-01T05:33:35.653+0000][175][info ][gc,marking  ] GC(62) Concurrent Mark From Roots 79.254ms
[2025-09-01T05:33:35.653+0000][175][info ][gc,marking  ] GC(62) Concurrent Preclean
[2025-09-01T05:33:35.653+0000][175][info ][gc,marking  ] GC(62) Concurrent Preclean 0.483ms
[2025-09-01T05:33:35.653+0000][175][info ][gc,start    ] GC(62) Pause Remark
[2025-09-01T05:33:35.714+0000][175][info ][gc          ] GC(62) Pause Remark 163M->163M(1024M) 60.864ms
[2025-09-01T05:33:35.714+0000][175][info ][gc,cpu      ] GC(62) User=0.45s Sys=0.00s Real=0.06s
[2025-09-01T05:33:35.714+0000][175][info ][safepoint   ] Safepoint "G1PauseRemark", Time since last: 83130333 ns, Reaching safepoint: 8792 ns, Cleanup: 2166 ns, At safepoint: 61144334 ns, Total: 61155292 ns
[2025-09-01T05:33:35.714+0000][175][info ][gc,marking  ] GC(62) Concurrent Mark 141.224ms
[2025-09-01T05:33:35.715+0000][175][info ][gc,marking  ] GC(62) Concurrent Rebuild Remembered Sets and Scrub Regions
[2025-09-01T05:33:35.747+0000][175][info ][gc,marking  ] GC(62) Concurrent Rebuild Remembered Sets and Scrub Regions 32.187ms
[2025-09-01T05:33:35.747+0000][175][info ][gc,start    ] GC(62) Pause Cleanup
[2025-09-01T05:33:35.747+0000][175][info ][gc          ] GC(62) Pause Cleanup 164M->164M(1024M) 0.125ms
[2025-09-01T05:33:35.747+0000][175][info ][gc,cpu      ] GC(62) User=0.00s Sys=0.00s Real=0.00s
[2025-09-01T05:33:35.747+0000][175][info ][safepoint   ] Safepoint "G1PauseCleanup", Time since last: 32482750 ns, Reaching safepoint: 7833 ns, Cleanup: 10625 ns, At safepoint: 258834 ns, Total: 277292 ns
[2025-09-01T05:33:35.747+0000][175][info ][gc,marking  ] GC(62) Concurrent Clear Claimed Marks
[2025-09-01T05:33:35.747+0000][175][info ][gc,marking  ] GC(62) Concurrent Clear Claimed Marks 0.155ms
[2025-09-01T05:33:35.747+0000][175][info ][gc,marking  ] GC(62) Concurrent Cleanup for Next Mark
[2025-09-01T05:33:35.752+0000][175][info ][gc,marking  ] GC(62) Concurrent Cleanup for Next Mark 4.922ms
[2025-09-01T05:33:35.752+0000][175][info ][gc          ] GC(62) Concurrent Mark Cycle 182.347ms
[2025-09-01T05:36:42.549+0000][175][info ][safepoint   ] Safepoint "Cleanup", Time since last: 186803176460 ns, Reaching safepoint: 26583 ns, Cleanup: 81084 ns, At safepoint: 17583 ns, Total: 125250 ns
[2025-09-01T05:36:43.589+0000][175][info ][safepoint   ] Safepoint "Cleanup", Time since last: 1039524791 ns, Reaching safepoint: 15042 ns, Cleanup: 83000 ns, At safepoint: 33458 ns, Total: 131500 ns
[2025-09-01T05:36:45.577+0000][175][info ][safepoint   ] Safepoint "Cleanup", Time since last: 1988563460 ns, Reaching safepoint: 66083 ns, Cleanup: 84667 ns, At safepoint: 32166 ns, Total: 182916 ns
[2025-09-01T05:37:44.575+0000][175][info ][safepoint   ] Safepoint "Cleanup", Time since last: 58997970319 ns, Reaching safepoint: 6500 ns, Cleanup: 17459 ns, At safepoint: 7833 ns, Total: 31792 ns
[2025-09-01T05:37:45.877+0000][175][info ][safepoint   ] Safepoint "Cleanup", Time since last: 1301428584 ns, Reaching safepoint: 31667 ns, Cleanup: 47166 ns, At safepoint: 16292 ns, Total: 95125 ns
[2025-09-01T05:37:47.562+0000][175][info ][safepoint   ] Safepoint "Cleanup", Time since last: 1685604542 ns, Reaching safepoint: 8917 ns, Cleanup: 29958 ns, At safepoint: 9750 ns, Total: 48625 ns
[2025-09-01T05:37:48.909+0000][175][info ][safepoint   ] Safepoint "Cleanup", Time since last: 1346142709 ns, Reaching safepoint: 51000 ns, Cleanup: 33625 ns, At safepoint: 12500 ns, Total: 97125 ns
[2025-09-01T05:37:51.860+0000][175][info ][safepoint   ] Safepoint "Cleanup", Time since last: 2951238419 ns, Reaching safepoint: 67208 ns, Cleanup: 64583 ns, At safepoint: 29834 ns, Total: 161625 ns
[2025-09-01T05:38:18.891+0000][175][info ][safepoint   ] Safepoint "Cleanup", Time since last: 27030902303 ns, Reaching safepoint: 71208 ns, Cleanup: 45000 ns, At safepoint: 108584 ns, Total: 224792 ns
[2025-09-01T05:38:44.925+0000][175][info ][safepoint   ] Safepoint "Cleanup", Time since last: 26032846262 ns, Reaching safepoint: 705708 ns, Cleanup: 106833 ns, At safepoint: 198917 ns, Total: 1011458 ns
[2025-09-01T05:39:33.550+0000][175][info ][gc,start    ] GC(63) Pause Young (Prepare Mixed) (G1 Evacuation Pause)
[2025-09-01T05:39:33.552+0000][175][info ][gc,task     ] GC(63) Using 8 workers of 8 for evacuation
[2025-09-01T05:39:33.552+0000][175][debug][gc,age      ] GC(63) Desired survivor size 41943040 bytes, new threshold 15 (max threshold 15)
[2025-09-01T05:39:33.579+0000][175][info ][gc,phases   ] GC(63)   Pre Evacuate Collection Set: 1.74ms
[2025-09-01T05:39:33.579+0000][175][info ][gc,phases   ] GC(63)   Merge Heap Roots: 0.36ms
[2025-09-01T05:39:33.579+0000][175][info ][gc,phases   ] GC(63)   Evacuate Collection Set: 19.15ms
[2025-09-01T05:39:33.579+0000][175][info ][gc,phases   ] GC(63)   Post Evacuate Collection Set: 5.08ms
[2025-09-01T05:39:33.579+0000][175][info ][gc,phases   ] GC(63)   Other: 0.52ms
[2025-09-01T05:39:33.580+0000][175][trace][gc,age      ] GC(63) Age table with threshold 15 (max threshold 15)
[2025-09-01T05:39:33.580+0000][175][trace][gc,age      ] GC(63) - age   1:    1101872 bytes,    1101872 total
[2025-09-01T05:39:33.580+0000][175][trace][gc,age      ] GC(63) - age   2:       7584 bytes,    1109456 total
[2025-09-01T05:39:33.580+0000][175][trace][gc,age      ] GC(63) - age   3:      28160 bytes,    1137616 total
[2025-09-01T05:39:33.580+0000][175][trace][gc,age      ] GC(63) - age   4:     170520 bytes,    1308136 total
[2025-09-01T05:39:33.580+0000][175][trace][gc,age      ] GC(63) - age   5:      60072 bytes,    1368208 total
[2025-09-01T05:39:33.580+0000][175][trace][gc,age      ] GC(63) - age   6:      22936 bytes,    1391144 total
[2025-09-01T05:39:33.580+0000][175][trace][gc,age      ] GC(63) - age   7:      22504 bytes,    1413648 total
[2025-09-01T05:39:33.580+0000][175][trace][gc,age      ] GC(63) - age   8:       5888 bytes,    1419536 total
[2025-09-01T05:39:33.580+0000][175][trace][gc,age      ] GC(63) - age   9:       7928 bytes,    1427464 total
[2025-09-01T05:39:33.580+0000][175][trace][gc,age      ] GC(63) - age  10:       7400 bytes,    1434864 total
[2025-09-01T05:39:33.580+0000][175][trace][gc,age      ] GC(63) - age  11:      61832 bytes,    1496696 total
[2025-09-01T05:39:33.580+0000][175][trace][gc,age      ] GC(63) - age  12:       6464 bytes,    1503160 total
[2025-09-01T05:39:33.580+0000][175][trace][gc,age      ] GC(63) - age  13:      10848 bytes,    1514008 total
[2025-09-01T05:39:33.580+0000][175][trace][gc,age      ] GC(63) - age  14:       9136 bytes,    1523144 total
[2025-09-01T05:39:33.580+0000][175][trace][gc,age      ] GC(63) - age  15:      41112 bytes,    1564256 total
[2025-09-01T05:39:33.580+0000][175][info ][gc,heap     ] GC(63) Eden regions: 152->0(152)
[2025-09-01T05:39:33.581+0000][175][info ][gc,heap     ] GC(63) Survivor regions: 1->1(20)
[2025-09-01T05:39:33.581+0000][175][info ][gc,heap     ] GC(63) Old regions: 37->37
[2025-09-01T05:39:33.581+0000][175][info ][gc,heap     ] GC(63) Humongous regions: 2->2
[2025-09-01T05:39:33.581+0000][175][info ][gc,metaspace] GC(63) Metaspace: 160638K(165888K)->160638K(165888K) NonClass: 139101K(141696K)->139101K(141696K) Class: 21537K(24192K)->21537K(24192K)
[2025-09-01T05:39:33.581+0000][175][info ][gc          ] GC(63) Pause Young (Prepare Mixed) (G1 Evacuation Pause) 765M->157M(1024M) 30.334ms
[2025-09-01T05:39:33.581+0000][175][info ][gc,cpu      ] GC(63) User=0.15s Sys=0.00s Real=0.03s
[2025-09-01T05:39:33.581+0000][175][info ][safepoint   ] Safepoint "G1CollectForAllocation", Time since last: 48622860106 ns, Reaching safepoint: 2939292 ns, Cleanup: 284333 ns, At safepoint: 30707208 ns, Total: 33930833 ns
[2025-09-01T05:39:45.595+0000][175][info ][safepoint   ] Safepoint "Cleanup", Time since last: 12014375547 ns, Reaching safepoint: 51167 ns, Cleanup: 45833 ns, At safepoint: 14917 ns, Total: 111917 ns
[2025-09-01T05:39:48.599+0000][175][info ][safepoint   ] Safepoint "Cleanup", Time since last: 3003498501 ns, Reaching safepoint: 38625 ns, Cleanup: 31709 ns, At safepoint: 12041 ns, Total: 82375 ns
[2025-09-01T05:40:29.433+0000][175][info ][safepoint   ] Safepoint "Cleanup", Time since last: 40833893103 ns, Reaching safepoint: 108791 ns, Cleanup: 29459 ns, At safepoint: 12750 ns, Total: 151000 ns
[2025-09-01T05:40:45.450+0000][175][info ][safepoint   ] Safepoint "Cleanup", Time since last: 16016912549 ns, Reaching safepoint: 571375 ns, Cleanup: 118291 ns, At safepoint: 90917 ns, Total: 780583 ns
[2025-09-01T05:41:56.739+0000][175][info ][safepoint   ] Safepoint "Cleanup", Time since last: 71289093492 ns, Reaching safepoint: 3916 ns, Cleanup: 24625 ns, At safepoint: 2250 ns, Total: 30791 ns
[2025-09-01T05:41:57.770+0000][175][info ][safepoint   ] Safepoint "Cleanup", Time since last: 1030953459 ns, Reaching safepoint: 5917 ns, Cleanup: 18000 ns, At safepoint: 8000 ns, Total: 31917 ns
[2025-09-01T05:42:44.876+0000][175][info ][safepoint   ] Safepoint "Cleanup", Time since last: 47106416813 ns, Reaching safepoint: 204584 ns, Cleanup: 38125 ns, At safepoint: 25166 ns, Total: 267875 ns
[2025-09-01T05:43:03.035+0000][175][info ][safepoint   ] Safepoint "Cleanup", Time since last: 18158951926 ns, Reaching safepoint: 6958 ns, Cleanup: 10667 ns, At safepoint: 3916 ns, Total: 21541 ns
[2025-09-01T05:44:45.364+0000][175][info ][safepoint   ] Safepoint "Cleanup", Time since last: 102328228672 ns, Reaching safepoint: 45417 ns, Cleanup: 95833 ns, At safepoint: 20834 ns, Total: 162084 ns
[2025-09-01T05:45:03.771+0000][175][info ][safepoint   ] Safepoint "Cleanup", Time since last: 18407134342 ns, Reaching safepoint: 89417 ns, Cleanup: 49166 ns, At safepoint: 28375 ns, Total: 166958 ns
[2025-09-01T05:45:08.653+0000][175][info ][safepoint   ] Safepoint "Cleanup", Time since last: 4882119253 ns, Reaching safepoint: 5250 ns, Cleanup: 14041 ns, At safepoint: 2500 ns, Total: 21791 ns
[2025-09-01T05:45:38.644+0000][175][info ][gc,start    ] GC(64) Pause Young (Mixed) (G1 Evacuation Pause)
[2025-09-01T05:45:38.645+0000][175][info ][gc,task     ] GC(64) Using 8 workers of 8 for evacuation
[2025-09-01T05:45:38.645+0000][175][debug][gc,age      ] GC(64) Desired survivor size 41943040 bytes, new threshold 15 (max threshold 15)
[2025-09-01T05:45:38.717+0000][175][info ][gc,phases   ] GC(64)   Pre Evacuate Collection Set: 0.98ms
[2025-09-01T05:45:38.717+0000][175][info ][gc,phases   ] GC(64)   Merge Heap Roots: 0.81ms
[2025-09-01T05:45:38.717+0000][175][info ][gc,phases   ] GC(64)   Evacuate Collection Set: 62.92ms
[2025-09-01T05:45:38.717+0000][175][info ][gc,phases   ] GC(64)   Post Evacuate Collection Set: 7.47ms
[2025-09-01T05:45:38.717+0000][175][info ][gc,phases   ] GC(64)   Other: 0.39ms
[2025-09-01T05:45:38.717+0000][175][trace][gc,age      ] GC(64) Age table with threshold 15 (max threshold 15)
[2025-09-01T05:45:38.717+0000][175][trace][gc,age      ] GC(64) - age   1:    1007568 bytes,    1007568 total
[2025-09-01T05:45:38.717+0000][175][trace][gc,age      ] GC(64) - age   2:     122152 bytes,    1129720 total
[2025-09-01T05:45:38.717+0000][175][trace][gc,age      ] GC(64) - age   3:       6312 bytes,    1136032 total
[2025-09-01T05:45:38.717+0000][175][trace][gc,age      ] GC(64) - age   4:      23784 bytes,    1159816 total
[2025-09-01T05:45:38.717+0000][175][trace][gc,age      ] GC(64) - age   5:     167808 bytes,    1327624 total
[2025-09-01T05:45:38.718+0000][175][trace][gc,age      ] GC(64) - age   6:      59968 bytes,    1387592 total
[2025-09-01T05:45:38.718+0000][175][trace][gc,age      ] GC(64) - age   7:      22672 bytes,    1410264 total
[2025-09-01T05:45:38.718+0000][175][trace][gc,age      ] GC(64) - age   8:       6352 bytes,    1416616 total
[2025-09-01T05:45:38.718+0000][175][trace][gc,age      ] GC(64) - age   9:       5888 bytes,    1422504 total
[2025-09-01T05:45:38.718+0000][175][trace][gc,age      ] GC(64) - age  10:       7928 bytes,    1430432 total
[2025-09-01T05:45:38.718+0000][175][trace][gc,age      ] GC(64) - age  11:       7400 bytes,    1437832 total
[2025-09-01T05:45:38.718+0000][175][trace][gc,age      ] GC(64) - age  12:      45680 bytes,    1483512 total
[2025-09-01T05:45:38.718+0000][175][trace][gc,age      ] GC(64) - age  13:       6464 bytes,    1489976 total
[2025-09-01T05:45:38.718+0000][175][trace][gc,age      ] GC(64) - age  14:      10848 bytes,    1500824 total
[2025-09-01T05:45:38.718+0000][175][trace][gc,age      ] GC(64) - age  15:       9136 bytes,    1509960 total
[2025-09-01T05:45:38.718+0000][175][info ][gc,heap     ] GC(64) Eden regions: 152->0(152)
[2025-09-01T05:45:38.718+0000][175][info ][gc,heap     ] GC(64) Survivor regions: 1->1(20)
[2025-09-01T05:45:38.718+0000][175][info ][gc,heap     ] GC(64) Old regions: 37->37
[2025-09-01T05:45:38.718+0000][175][info ][gc,heap     ] GC(64) Humongous regions: 2->2
[2025-09-01T05:45:38.718+0000][175][info ][gc,metaspace] GC(64) Metaspace: 160676K(165888K)->160676K(165888K) NonClass: 139138K(141696K)->139138K(141696K) Class: 21537K(24192K)->21537K(24192K)
[2025-09-01T05:45:38.718+0000][175][info ][gc          ] GC(64) Pause Young (Mixed) (G1 Evacuation Pause) 765M->156M(1024M) 73.788ms
[2025-09-01T05:45:38.718+0000][175][info ][gc,cpu      ] GC(64) User=0.50s Sys=0.02s Real=0.08s
[2025-09-01T05:45:38.718+0000][175][info ][safepoint   ] Safepoint "G1CollectForAllocation", Time since last: 29991500389 ns, Reaching safepoint: 249625 ns, Cleanup: 9084 ns, At safepoint: 73959625 ns, Total: 74218334 ns
[2025-09-01T05:45:44.724+0000][175][info ][safepoint   ] Safepoint "Cleanup", Time since last: 6005974460 ns, Reaching safepoint: 39709 ns, Cleanup: 56458 ns, At safepoint: 16750 ns, Total: 112917 ns
[2025-09-01T05:46:45.409+0000][175][info ][safepoint   ] Safepoint "Cleanup", Time since last: 60685165902 ns, Reaching safepoint: 76750 ns, Cleanup: 37334 ns, At safepoint: 26333 ns, Total: 140417 ns
[2025-09-01T05:47:44.209+0000][175][info ][safepoint   ] Safepoint "Cleanup", Time since last: 58800406110 ns, Reaching safepoint: 76583 ns, Cleanup: 99250 ns, At safepoint: 22208 ns, Total: 198041 ns
[2025-09-01T05:47:45.211+0000][175][info ][safepoint   ] Safepoint "Cleanup", Time since last: 1001467501 ns, Reaching safepoint: 80083 ns, Cleanup: 59792 ns, At safepoint: 66541 ns, Total: 206416 ns
[2025-09-01T05:48:18.367+0000][175][info ][safepoint   ] Safepoint "Cleanup", Time since last: 33156149973 ns, Reaching safepoint: 19959 ns, Cleanup: 18916 ns, At safepoint: 9709 ns, Total: 48584 ns
[2025-09-01T05:49:21.612+0000][175][info ][safepoint   ] Safepoint "Cleanup", Time since last: 63245432196 ns, Reaching safepoint: 10041 ns, Cleanup: 35667 ns, At safepoint: 25208 ns, Total: 70916 ns
[2025-09-01T05:50:03.563+0000][175][info ][safepoint   ] Safepoint "Cleanup", Time since last: 41950939769 ns, Reaching safepoint: 113625 ns, Cleanup: 54667 ns, At safepoint: 38917 ns, Total: 207209 ns
[2025-09-01T05:50:20.717+0000][175][info ][safepoint   ] Safepoint "Cleanup", Time since last: 17153957424 ns, Reaching safepoint: 7166 ns, Cleanup: 29167 ns, At safepoint: 5708 ns, Total: 42041 ns
[2025-09-01T05:50:59.733+0000][175][info ][safepoint   ] Safepoint "Cleanup", Time since last: 39016481018 ns, Reaching safepoint: 17125 ns, Cleanup: 5750 ns, At safepoint: 2125 ns, Total: 25000 ns
[2025-09-01T05:51:06.655+0000][175][info ][gc,start    ] GC(65) Pause Young (Concurrent Start) (G1 Evacuation Pause)
[2025-09-01T05:51:06.656+0000][175][info ][gc,task     ] GC(65) Using 8 workers of 8 for evacuation
[2025-09-01T05:51:06.656+0000][175][debug][gc,age      ] GC(65) Desired survivor size 41943040 bytes, new threshold 15 (max threshold 15)
[2025-09-01T05:51:06.692+0000][175][info ][gc,phases   ] GC(65)   Pre Evacuate Collection Set: 1.35ms
[2025-09-01T05:51:06.692+0000][175][info ][gc,phases   ] GC(65)   Merge Heap Roots: 0.25ms
[2025-09-01T05:51:06.692+0000][175][info ][gc,phases   ] GC(65)   Evacuate Collection Set: 29.09ms
[2025-09-01T05:51:06.693+0000][175][info ][gc,phases   ] GC(65)   Post Evacuate Collection Set: 3.47ms
[2025-09-01T05:51:06.693+0000][175][info ][gc,phases   ] GC(65)   Other: 2.49ms
[2025-09-01T05:51:06.693+0000][175][trace][gc,age      ] GC(65) Age table with threshold 15 (max threshold 15)
[2025-09-01T05:51:06.693+0000][175][trace][gc,age      ] GC(65) - age   1:    1329560 bytes,    1329560 total
[2025-09-01T05:51:06.693+0000][175][trace][gc,age      ] GC(65) - age   2:     107528 bytes,    1437088 total
[2025-09-01T05:51:06.693+0000][175][trace][gc,age      ] GC(65) - age   3:     106384 bytes,    1543472 total
[2025-09-01T05:51:06.693+0000][175][trace][gc,age      ] GC(65) - age   4:       5992 bytes,    1549464 total
[2025-09-01T05:51:06.693+0000][175][trace][gc,age      ] GC(65) - age   5:      23784 bytes,    1573248 total
[2025-09-01T05:51:06.693+0000][175][trace][gc,age      ] GC(65) - age   6:     167808 bytes,    1741056 total
[2025-09-01T05:51:06.693+0000][175][trace][gc,age      ] GC(65) - age   7:      59704 bytes,    1800760 total
[2025-09-01T05:51:06.693+0000][175][trace][gc,age      ] GC(65) - age   8:      22608 bytes,    1823368 total
[2025-09-01T05:51:06.693+0000][175][trace][gc,age      ] GC(65) - age   9:       6352 bytes,    1829720 total
[2025-09-01T05:51:06.693+0000][175][trace][gc,age      ] GC(65) - age  10:       5888 bytes,    1835608 total
[2025-09-01T05:51:06.693+0000][175][trace][gc,age      ] GC(65) - age  11:       7928 bytes,    1843536 total
[2025-09-01T05:51:06.693+0000][175][trace][gc,age      ] GC(65) - age  12:       7400 bytes,    1850936 total
[2025-09-01T05:51:06.693+0000][175][trace][gc,age      ] GC(65) - age  13:      45680 bytes,    1896616 total
[2025-09-01T05:51:06.693+0000][175][trace][gc,age      ] GC(65) - age  14:       6464 bytes,    1903080 total
[2025-09-01T05:51:06.693+0000][175][trace][gc,age      ] GC(65) - age  15:      10848 bytes,    1913928 total
[2025-09-01T05:51:06.694+0000][175][info ][gc,heap     ] GC(65) Eden regions: 152->0(152)
[2025-09-01T05:51:06.694+0000][175][info ][gc,heap     ] GC(65) Survivor regions: 1->1(20)
[2025-09-01T05:51:06.694+0000][175][info ][gc,heap     ] GC(65) Old regions: 37->37
[2025-09-01T05:51:06.694+0000][175][info ][gc,heap     ] GC(65) Humongous regions: 2->2
[2025-09-01T05:51:06.694+0000][175][info ][gc,metaspace] GC(65) Metaspace: 160733K(165952K)->160733K(165952K) NonClass: 139195K(141760K)->139195K(141760K) Class: 21537K(24192K)->21537K(24192K)
[2025-09-01T05:51:06.694+0000][175][info ][gc          ] GC(65) Pause Young (Concurrent Start) (G1 Evacuation Pause) 764M->157M(1024M) 39.325ms
[2025-09-01T05:51:06.694+0000][175][info ][gc          ] GC(66) Concurrent Mark Cycle
[2025-09-01T05:51:06.694+0000][175][info ][gc,marking  ] GC(66) Concurrent Scan Root Regions
[2025-09-01T05:51:06.694+0000][175][info ][gc,cpu      ] GC(65) User=0.15s Sys=0.01s Real=0.04s
[2025-09-01T05:51:06.694+0000][175][info ][safepoint   ] Safepoint "G1CollectForAllocation", Time since last: 6921250254 ns, Reaching safepoint: 52375 ns, Cleanup: 14083 ns, At safepoint: 39789958 ns, Total: 39856416 ns
[2025-09-01T05:51:06.698+0000][175][info ][gc,marking  ] GC(66) Concurrent Scan Root Regions 4.267ms
[2025-09-01T05:51:06.698+0000][175][info ][gc,marking  ] GC(66) Concurrent Mark
[2025-09-01T05:51:06.698+0000][175][info ][gc,marking  ] GC(66) Concurrent Mark From Roots
[2025-09-01T05:51:06.699+0000][175][info ][gc,task     ] GC(66) Using 2 workers of 2 for marking
[2025-09-01T05:51:06.788+0000][175][info ][gc,marking  ] GC(66) Concurrent Mark From Roots 89.496ms
[2025-09-01T05:51:06.788+0000][175][info ][gc,marking  ] GC(66) Concurrent Preclean
[2025-09-01T05:51:06.789+0000][175][info ][gc,marking  ] GC(66) Concurrent Preclean 0.477ms
[2025-09-01T05:51:06.789+0000][175][info ][gc,start    ] GC(66) Pause Remark
[2025-09-01T05:51:06.803+0000][175][info ][gc          ] GC(66) Pause Remark 158M->158M(1024M) 14.226ms
[2025-09-01T05:51:06.803+0000][175][info ][gc,cpu      ] GC(66) User=0.07s Sys=0.00s Real=0.01s
[2025-09-01T05:51:06.803+0000][175][info ][safepoint   ] Safepoint "G1PauseRemark", Time since last: 94507584 ns, Reaching safepoint: 49333 ns, Cleanup: 10958 ns, At safepoint: 14437209 ns, Total: 14497500 ns
[2025-09-01T05:51:06.803+0000][175][info ][gc,marking  ] GC(66) Concurrent Mark 104.847ms
[2025-09-01T05:51:06.803+0000][175][info ][gc,marking  ] GC(66) Concurrent Rebuild Remembered Sets and Scrub Regions
[2025-09-01T05:51:06.833+0000][175][info ][gc,marking  ] GC(66) Concurrent Rebuild Remembered Sets and Scrub Regions 29.389ms
[2025-09-01T05:51:06.833+0000][175][info ][gc,start    ] GC(66) Pause Cleanup
[2025-09-01T05:51:06.833+0000][175][info ][gc          ] GC(66) Pause Cleanup 158M->158M(1024M) 0.147ms
[2025-09-01T05:51:06.833+0000][175][info ][gc,cpu      ] GC(66) User=0.00s Sys=0.00s Real=0.00s
[2025-09-01T05:51:06.833+0000][175][info ][safepoint   ] Safepoint "G1PauseCleanup", Time since last: 29605041 ns, Reaching safepoint: 8959 ns, Cleanup: 19583 ns, At safepoint: 283042 ns, Total: 311584 ns
[2025-09-01T05:51:06.833+0000][175][info ][gc,marking  ] GC(66) Concurrent Clear Claimed Marks
[2025-09-01T05:51:06.833+0000][175][info ][gc,marking  ] GC(66) Concurrent Clear Claimed Marks 0.267ms
[2025-09-01T05:51:06.833+0000][175][info ][gc,marking  ] GC(66) Concurrent Cleanup for Next Mark
[2025-09-01T05:51:06.838+0000][175][info ][gc,marking  ] GC(66) Concurrent Cleanup for Next Mark 4.586ms
[2025-09-01T05:51:06.838+0000][175][info ][gc          ] GC(66) Concurrent Mark Cycle 144.162ms
[2025-09-01T05:51:14.842+0000][175][info ][safepoint   ] Safepoint "Cleanup", Time since last: 8008234169 ns, Reaching safepoint: 100792 ns, Cleanup: 50750 ns, At safepoint: 41542 ns, Total: 193084 ns
[2025-09-01T05:51:23.744+0000][175][info ][safepoint   ] Safepoint "Cleanup", Time since last: 8901724962 ns, Reaching safepoint: 536084 ns, Cleanup: 10541 ns, At safepoint: 23209 ns, Total: 569834 ns
[2025-09-01T05:51:25.161+0000][175][info ][safepoint   ] Safepoint "Cleanup", Time since last: 1417030084 ns, Reaching safepoint: 8958 ns, Cleanup: 23042 ns, At safepoint: 7958 ns, Total: 39958 ns
[2025-09-01T05:51:29.243+0000][175][info ][safepoint   ] Safepoint "Cleanup", Time since last: 4081911502 ns, Reaching safepoint: 102875 ns, Cleanup: 37708 ns, At safepoint: 16875 ns, Total: 157458 ns
[2025-09-01T05:51:45.261+0000][175][info ][safepoint   ] Safepoint "Cleanup", Time since last: 16017806632 ns, Reaching safepoint: 77834 ns, Cleanup: 42833 ns, At safepoint: 27917 ns, Total: 148584 ns
[2025-09-01T05:51:49.266+0000][175][info ][safepoint   ] Safepoint "Cleanup", Time since last: 4005040252 ns, Reaching safepoint: 69583 ns, Cleanup: 41292 ns, At safepoint: 21041 ns, Total: 131916 ns
[2025-09-01T05:53:30.692+0000][175][info ][safepoint   ] Safepoint "Cleanup", Time since last: 101397130797 ns, Reaching safepoint: 19083 ns, Cleanup: 24500 ns, At safepoint: 7709 ns, Total: 51292 ns
[2025-09-01T05:54:13.879+0000][175][info ][safepoint   ] Safepoint "Cleanup", Time since last: 43186310519 ns, Reaching safepoint: 32166 ns, Cleanup: 27250 ns, At safepoint: 10667 ns, Total: 70083 ns
[2025-09-01T05:54:58.965+0000][175][info ][safepoint   ] Safepoint "Cleanup", Time since last: 45085702062 ns, Reaching safepoint: 35333 ns, Cleanup: 25042 ns, At safepoint: 14167 ns, Total: 74542 ns
[2025-09-01T05:55:36.205+0000][175][info ][safepoint   ] Safepoint "Cleanup", Time since last: 37240479434 ns, Reaching safepoint: 22958 ns, Cleanup: 40542 ns, At safepoint: 12541 ns, Total: 76041 ns
[2025-09-01T05:55:42.269+0000][175][info ][safepoint   ] Safepoint "Cleanup", Time since last: 6062875337 ns, Reaching safepoint: 77875 ns, Cleanup: 58708 ns, At safepoint: 26917 ns, Total: 163500 ns
[2025-09-01T05:55:45.272+0000][175][info ][safepoint   ] Safepoint "Cleanup", Time since last: 3003147251 ns, Reaching safepoint: 76416 ns, Cleanup: 51500 ns, At safepoint: 16667 ns, Total: 144583 ns
[2025-09-01T05:56:21.456+0000][175][info ][safepoint   ] Safepoint "Cleanup", Time since last: 36183502850 ns, Reaching safepoint: 78000 ns, Cleanup: 106459 ns, At safepoint: 21375 ns, Total: 205834 ns
[2025-09-01T05:56:44.768+0000][175][info ][gc,start    ] GC(67) Pause Young (Normal) (G1 Evacuation Pause)
[2025-09-01T05:56:44.770+0000][175][info ][gc,task     ] GC(67) Using 8 workers of 8 for evacuation
[2025-09-01T05:56:44.770+0000][175][debug][gc,age      ] GC(67) Desired survivor size 41943040 bytes, new threshold 15 (max threshold 15)
[2025-09-01T05:56:44.786+0000][175][info ][gc,phases   ] GC(67)   Pre Evacuate Collection Set: 0.98ms
[2025-09-01T05:56:44.786+0000][175][info ][gc,phases   ] GC(67)   Merge Heap Roots: 0.29ms
[2025-09-01T05:56:44.786+0000][175][info ][gc,phases   ] GC(67)   Evacuate Collection Set: 10.89ms
[2025-09-01T05:56:44.786+0000][175][info ][gc,phases   ] GC(67)   Post Evacuate Collection Set: 3.81ms
[2025-09-01T05:56:44.786+0000][175][info ][gc,phases   ] GC(67)   Other: 0.49ms
[2025-09-01T05:56:44.786+0000][175][trace][gc,age      ] GC(67) Age table with threshold 15 (max threshold 15)
[2025-09-01T05:56:44.786+0000][175][trace][gc,age      ] GC(67) - age   1:    1106576 bytes,    1106576 total
[2025-09-01T05:56:44.786+0000][175][trace][gc,age      ] GC(67) - age   2:      29944 bytes,    1136520 total
[2025-09-01T05:56:44.787+0000][175][trace][gc,age      ] GC(67) - age   3:      23240 bytes,    1159760 total
[2025-09-01T05:56:44.787+0000][175][trace][gc,age      ] GC(67) - age   4:     102176 bytes,    1261936 total
[2025-09-01T05:56:44.787+0000][175][trace][gc,age      ] GC(67) - age   5:       5928 bytes,    1267864 total
[2025-09-01T05:56:44.787+0000][175][trace][gc,age      ] GC(67) - age   6:       5984 bytes,    1273848 total
[2025-09-01T05:56:44.787+0000][175][trace][gc,age      ] GC(67) - age   7:     167768 bytes,    1441616 total
[2025-09-01T05:56:44.787+0000][175][trace][gc,age      ] GC(67) - age   8:      41896 bytes,    1483512 total
[2025-09-01T05:56:44.787+0000][175][trace][gc,age      ] GC(67) - age   9:      22608 bytes,    1506120 total
[2025-09-01T05:56:44.787+0000][175][trace][gc,age      ] GC(67) - age  10:       6312 bytes,    1512432 total
[2025-09-01T05:56:44.787+0000][175][trace][gc,age      ] GC(67) - age  11:       5856 bytes,    1518288 total
[2025-09-01T05:56:44.787+0000][175][trace][gc,age      ] GC(67) - age  12:       7928 bytes,    1526216 total
[2025-09-01T05:56:44.787+0000][175][trace][gc,age      ] GC(67) - age  13:       7400 bytes,    1533616 total
[2025-09-01T05:56:44.787+0000][175][trace][gc,age      ] GC(67) - age  14:      45680 bytes,    1579296 total
[2025-09-01T05:56:44.787+0000][175][trace][gc,age      ] GC(67) - age  15:       6464 bytes,    1585760 total
[2025-09-01T05:56:44.787+0000][175][info ][gc,heap     ] GC(67) Eden regions: 152->0(152)
[2025-09-01T05:56:44.787+0000][175][info ][gc,heap     ] GC(67) Survivor regions: 1->1(20)
[2025-09-01T05:56:44.787+0000][175][info ][gc,heap     ] GC(67) Old regions: 37->37
[2025-09-01T05:56:44.787+0000][175][info ][gc,heap     ] GC(67) Humongous regions: 2->2
[2025-09-01T05:56:44.788+0000][175][info ][gc,metaspace] GC(67) Metaspace: 160743K(165952K)->160743K(165952K) NonClass: 139206K(141760K)->139206K(141760K) Class: 21537K(24192K)->21537K(24192K)
[2025-09-01T05:56:44.788+0000][175][info ][gc          ] GC(67) Pause Young (Normal) (G1 Evacuation Pause) 765M->157M(1024M) 19.237ms
[2025-09-01T05:56:44.788+0000][175][info ][gc,cpu      ] GC(67) User=0.09s Sys=0.00s Real=0.02s
[2025-09-01T05:56:44.788+0000][175][info ][safepoint   ] Safepoint "G1CollectForAllocation", Time since last: 23312080468 ns, Reaching safepoint: 116000 ns, Cleanup: 27209 ns, At safepoint: 19464291 ns, Total: 19607500 ns
[2025-09-01T05:57:42.815+0000][175][info ][safepoint   ] Safepoint "Cleanup", Time since last: 58027686777 ns, Reaching safepoint: 3750 ns, Cleanup: 4333 ns, At safepoint: 4834 ns, Total: 12917 ns
[2025-09-01T05:57:44.781+0000][175][info ][safepoint   ] Safepoint "Cleanup", Time since last: 1964893791 ns, Reaching safepoint: 4834 ns, Cleanup: 11500 ns, At safepoint: 7000 ns, Total: 23334 ns
[2025-09-01T05:58:45.017+0000][175][info ][safepoint   ] Safepoint "Cleanup", Time since last: 60236301443 ns, Reaching safepoint: 9084 ns, Cleanup: 47833 ns, At safepoint: 15500 ns, Total: 72417 ns
[2025-09-01T05:58:48.052+0000][175][info ][safepoint   ] Safepoint "Cleanup", Time since last: 3035134418 ns, Reaching safepoint: 4959 ns, Cleanup: 12250 ns, At safepoint: 7541 ns, Total: 24750 ns
[2025-09-01T05:59:32.458+0000][175][info ][safepoint   ] Safepoint "Cleanup", Time since last: 44405541229 ns, Reaching safepoint: 226958 ns, Cleanup: 77459 ns, At safepoint: 32666 ns, Total: 337083 ns
[2025-09-01T05:59:47.845+0000][175][info ][safepoint   ] Safepoint "Cleanup", Time since last: 15386398882 ns, Reaching safepoint: 3750 ns, Cleanup: 6583 ns, At safepoint: 4584 ns, Total: 14917 ns
[2025-09-01T06:00:47.960+0000][175][info ][safepoint   ] Safepoint "Cleanup", Time since last: 60116173986 ns, Reaching safepoint: 4041 ns, Cleanup: 12250 ns, At safepoint: 7167 ns, Total: 23458 ns
[2025-09-01T06:00:49.498+0000][175][info ][safepoint   ] Safepoint "Cleanup", Time since last: 1537646626 ns, Reaching safepoint: 50625 ns, Cleanup: 55125 ns, At safepoint: 22166 ns, Total: 127916 ns
[2025-09-01T06:00:59.685+0000][175][info ][safepoint   ] Safepoint "Cleanup", Time since last: 10186745255 ns, Reaching safepoint: 12750 ns, Cleanup: 9833 ns, At safepoint: 5959 ns, Total: 28542 ns
[2025-09-01T06:01:03.655+0000][175][info ][safepoint   ] Safepoint "Cleanup", Time since last: 3970002918 ns, Reaching safepoint: 10250 ns, Cleanup: 20667 ns, At safepoint: 4750 ns, Total: 35667 ns
[2025-09-01T06:02:38.824+0000][175][info ][gc,start    ] GC(68) Pause Young (Concurrent Start) (G1 Evacuation Pause)
[2025-09-01T06:02:38.825+0000][175][info ][gc,task     ] GC(68) Using 8 workers of 8 for evacuation
[2025-09-01T06:02:38.825+0000][175][debug][gc,age      ] GC(68) Desired survivor size 41943040 bytes, new threshold 15 (max threshold 15)
[2025-09-01T06:02:38.853+0000][175][info ][gc,phases   ] GC(68)   Pre Evacuate Collection Set: 1.07ms
[2025-09-01T06:02:38.853+0000][175][info ][gc,phases   ] GC(68)   Merge Heap Roots: 0.16ms
[2025-09-01T06:02:38.854+0000][175][info ][gc,phases   ] GC(68)   Evacuate Collection Set: 23.55ms
[2025-09-01T06:02:38.854+0000][175][info ][gc,phases   ] GC(68)   Post Evacuate Collection Set: 2.61ms
[2025-09-01T06:02:38.854+0000][175][info ][gc,phases   ] GC(68)   Other: 0.66ms
[2025-09-01T06:02:38.854+0000][175][trace][gc,age      ] GC(68) Age table with threshold 15 (max threshold 15)
[2025-09-01T06:02:38.854+0000][175][trace][gc,age      ] GC(68) - age   1:     816568 bytes,     816568 total
[2025-09-01T06:02:38.854+0000][175][trace][gc,age      ] GC(68) - age   2:      62808 bytes,     879376 total
[2025-09-01T06:02:38.854+0000][175][trace][gc,age      ] GC(68) - age   3:      28384 bytes,     907760 total
[2025-09-01T06:02:38.854+0000][175][trace][gc,age      ] GC(68) - age   4:      23240 bytes,     931000 total
[2025-09-01T06:02:38.854+0000][175][trace][gc,age      ] GC(68) - age   5:      99904 bytes,    1030904 total
[2025-09-01T06:02:38.854+0000][175][trace][gc,age      ] GC(68) - age   6:       5768 bytes,    1036672 total
[2025-09-01T06:02:38.854+0000][175][trace][gc,age      ] GC(68) - age   7:       5960 bytes,    1042632 total
[2025-09-01T06:02:38.854+0000][175][trace][gc,age      ] GC(68) - age   8:     167712 bytes,    1210344 total
[2025-09-01T06:02:38.854+0000][175][trace][gc,age      ] GC(68) - age   9:      41856 bytes,    1252200 total
[2025-09-01T06:02:38.854+0000][175][trace][gc,age      ] GC(68) - age  10:       6456 bytes,    1258656 total
[2025-09-01T06:02:38.854+0000][175][trace][gc,age      ] GC(68) - age  11:       6312 bytes,    1264968 total
[2025-09-01T06:02:38.854+0000][175][trace][gc,age      ] GC(68) - age  12:       5856 bytes,    1270824 total
[2025-09-01T06:02:38.854+0000][175][trace][gc,age      ] GC(68) - age  13:       7928 bytes,    1278752 total
[2025-09-01T06:02:38.854+0000][175][trace][gc,age      ] GC(68) - age  14:       7400 bytes,    1286152 total
[2025-09-01T06:02:38.854+0000][175][trace][gc,age      ] GC(68) - age  15:      45640 bytes,    1331792 total
[2025-09-01T06:02:38.854+0000][175][info ][gc,heap     ] GC(68) Eden regions: 152->0(152)
[2025-09-01T06:02:38.854+0000][175][info ][gc,heap     ] GC(68) Survivor regions: 1->1(20)
[2025-09-01T06:02:38.854+0000][175][info ][gc,heap     ] GC(68) Old regions: 37->37
[2025-09-01T06:02:38.854+0000][175][info ][gc,heap     ] GC(68) Humongous regions: 2->2
[2025-09-01T06:02:38.854+0000][175][info ][gc,metaspace] GC(68) Metaspace: 160754K(166016K)->160754K(166016K) NonClass: 139216K(141824K)->139216K(141824K) Class: 21537K(24192K)->21537K(24192K)
[2025-09-01T06:02:38.854+0000][175][info ][gc          ] GC(68) Pause Young (Concurrent Start) (G1 Evacuation Pause) 765M->156M(1024M) 30.295ms
[2025-09-01T06:02:38.855+0000][175][info ][gc          ] GC(69) Concurrent Mark Cycle
[2025-09-01T06:02:38.855+0000][175][info ][gc,marking  ] GC(69) Concurrent Scan Root Regions
[2025-09-01T06:02:38.855+0000][175][info ][gc,cpu      ] GC(68) User=0.11s Sys=0.00s Real=0.03s
[2025-09-01T06:02:38.855+0000][175][info ][safepoint   ] Safepoint "G1CollectForAllocation", Time since last: 95168369961 ns, Reaching safepoint: 55583 ns, Cleanup: 19042 ns, At safepoint: 30793583 ns, Total: 30868208 ns
[2025-09-01T06:02:38.858+0000][175][info ][gc,marking  ] GC(69) Concurrent Scan Root Regions 3.821ms
[2025-09-01T06:02:38.859+0000][175][info ][gc,marking  ] GC(69) Concurrent Mark
[2025-09-01T06:02:38.859+0000][175][info ][gc,marking  ] GC(69) Concurrent Mark From Roots
[2025-09-01T06:02:38.859+0000][175][info ][gc,task     ] GC(69) Using 2 workers of 2 for marking
[2025-09-01T06:02:38.939+0000][175][info ][gc,marking  ] GC(69) Concurrent Mark From Roots 80.353ms
[2025-09-01T06:02:38.939+0000][175][info ][gc,marking  ] GC(69) Concurrent Preclean
[2025-09-01T06:02:38.940+0000][175][info ][gc,marking  ] GC(69) Concurrent Preclean 0.515ms
[2025-09-01T06:02:38.940+0000][175][info ][gc,start    ] GC(69) Pause Remark
[2025-09-01T06:02:38.949+0000][175][info ][gc          ] GC(69) Pause Remark 158M->158M(1024M) 9.421ms
[2025-09-01T06:02:38.949+0000][175][info ][gc,cpu      ] GC(69) User=0.06s Sys=0.00s Real=0.01s
[2025-09-01T06:02:38.949+0000][175][info ][safepoint   ] Safepoint "G1PauseRemark", Time since last: 84784417 ns, Reaching safepoint: 39583 ns, Cleanup: 7000 ns, At safepoint: 9680292 ns, Total: 9726875 ns
[2025-09-01T06:02:38.950+0000][175][info ][gc,marking  ] GC(69) Concurrent Mark 90.964ms
[2025-09-01T06:02:38.950+0000][175][info ][gc,marking  ] GC(69) Concurrent Rebuild Remembered Sets and Scrub Regions
[2025-09-01T06:02:38.980+0000][175][info ][gc,marking  ] GC(69) Concurrent Rebuild Remembered Sets and Scrub Regions 30.254ms
[2025-09-01T06:02:38.980+0000][175][info ][gc,start    ] GC(69) Pause Cleanup
[2025-09-01T06:02:38.980+0000][175][info ][gc          ] GC(69) Pause Cleanup 159M->159M(1024M) 0.166ms
[2025-09-01T06:02:38.980+0000][175][info ][gc,cpu      ] GC(69) User=0.00s Sys=0.00s Real=0.00s
[2025-09-01T06:02:38.980+0000][175][info ][safepoint   ] Safepoint "G1PauseCleanup", Time since last: 30490541 ns, Reaching safepoint: 7417 ns, Cleanup: 8583 ns, At safepoint: 298334 ns, Total: 314334 ns
[2025-09-01T06:02:38.980+0000][175][info ][gc,marking  ] GC(69) Concurrent Clear Claimed Marks
[2025-09-01T06:02:38.981+0000][175][info ][gc,marking  ] GC(69) Concurrent Clear Claimed Marks 0.257ms
[2025-09-01T06:02:38.981+0000][175][info ][gc,marking  ] GC(69) Concurrent Cleanup for Next Mark
[2025-09-01T06:02:38.983+0000][175][info ][gc,marking  ] GC(69) Concurrent Cleanup for Next Mark 2.524ms
[2025-09-01T06:02:38.983+0000][175][info ][gc          ] GC(69) Concurrent Mark Cycle 128.557ms
[2025-09-01T06:02:44.986+0000][175][info ][safepoint   ] Safepoint "Cleanup", Time since last: 6005909710 ns, Reaching safepoint: 36084 ns, Cleanup: 36291 ns, At safepoint: 14000 ns, Total: 86375 ns
[2025-09-01T06:02:57.097+0000][175][info ][safepoint   ] Safepoint "Cleanup", Time since last: 12110494881 ns, Reaching safepoint: 6084 ns, Cleanup: 19333 ns, At safepoint: 10958 ns, Total: 36375 ns
[2025-09-01T06:02:59.127+0000][175][info ][safepoint   ] Safepoint "Cleanup", Time since last: 2029824210 ns, Reaching safepoint: 53958 ns, Cleanup: 24208 ns, At safepoint: 11292 ns, Total: 89458 ns
[2025-09-01T06:03:41.211+0000][175][info ][safepoint   ] Safepoint "Cleanup", Time since last: 42083619645 ns, Reaching safepoint: 191833 ns, Cleanup: 29042 ns, At safepoint: 19125 ns, Total: 240000 ns
[2025-09-01T06:04:25.450+0000][175][info ][safepoint   ] Safepoint "Cleanup", Time since last: 44239434812 ns, Reaching safepoint: 36166 ns, Cleanup: 26292 ns, At safepoint: 13958 ns, Total: 76416 ns
[2025-09-01T06:06:03.920+0000][175][info ][safepoint   ] Safepoint "Cleanup", Time since last: 98469579795 ns, Reaching safepoint: 20500 ns, Cleanup: 66958 ns, At safepoint: 11000 ns, Total: 98458 ns
[2025-09-01T06:06:43.779+0000][175][info ][safepoint   ] Safepoint "Cleanup", Time since last: 39858184185 ns, Reaching safepoint: 34708 ns, Cleanup: 31042 ns, At safepoint: 10667 ns, Total: 76417 ns
[2025-09-01T06:07:11.903+0000][175][info ][safepoint   ] Safepoint "Cleanup", Time since last: 28124556180 ns, Reaching safepoint: 3875 ns, Cleanup: 5666 ns, At safepoint: 5375 ns, Total: 14916 ns
[2025-09-01T06:07:44.377+0000][175][info ][safepoint   ] Safepoint "Cleanup", Time since last: 32473008973 ns, Reaching safepoint: 345250 ns, Cleanup: 58625 ns, At safepoint: 25666 ns, Total: 429541 ns
[2025-09-01T06:08:12.523+0000][175][info ][safepoint   ] Safepoint "Cleanup", Time since last: 28146092389 ns, Reaching safepoint: 3750 ns, Cleanup: 11875 ns, At safepoint: 4583 ns, Total: 20208 ns
[2025-09-01T06:08:14.885+0000][175][info ][safepoint   ] Safepoint "Cleanup", Time since last: 2362220418 ns, Reaching safepoint: 2958 ns, Cleanup: 5167 ns, At safepoint: 3791 ns, Total: 11916 ns
[2025-09-01T06:08:14.962+0000][175][info ][gc,start    ] GC(70) Pause Young (Normal) (G1 Evacuation Pause)
[2025-09-01T06:08:14.962+0000][175][info ][gc,task     ] GC(70) Using 8 workers of 8 for evacuation
[2025-09-01T06:08:14.962+0000][175][debug][gc,age      ] GC(70) Desired survivor size 41943040 bytes, new threshold 15 (max threshold 15)
[2025-09-01T06:08:14.985+0000][175][info ][gc,phases   ] GC(70)   Pre Evacuate Collection Set: 0.49ms
[2025-09-01T06:08:14.985+0000][175][info ][gc,phases   ] GC(70)   Merge Heap Roots: 0.50ms
[2025-09-01T06:08:14.985+0000][175][info ][gc,phases   ] GC(70)   Evacuate Collection Set: 18.59ms
[2025-09-01T06:08:14.985+0000][175][info ][gc,phases   ] GC(70)   Post Evacuate Collection Set: 2.76ms
[2025-09-01T06:08:14.985+0000][175][info ][gc,phases   ] GC(70)   Other: 0.19ms
[2025-09-01T06:08:14.985+0000][175][trace][gc,age      ] GC(70) Age table with threshold 15 (max threshold 15)
[2025-09-01T06:08:14.985+0000][175][trace][gc,age      ] GC(70) - age   1:     974560 bytes,     974560 total
[2025-09-01T06:08:14.985+0000][175][trace][gc,age      ] GC(70) - age   2:     167768 bytes,    1142328 total
[2025-09-01T06:08:14.985+0000][175][trace][gc,age      ] GC(70) - age   3:      44336 bytes,    1186664 total
[2025-09-01T06:08:14.985+0000][175][trace][gc,age      ] GC(70) - age   4:      26552 bytes,    1213216 total
[2025-09-01T06:08:14.985+0000][175][trace][gc,age      ] GC(70) - age   5:      23112 bytes,    1236328 total
[2025-09-01T06:08:14.985+0000][175][trace][gc,age      ] GC(70) - age   6:      99840 bytes,    1336168 total
[2025-09-01T06:08:14.985+0000][175][trace][gc,age      ] GC(70) - age   7:       5576 bytes,    1341744 total
[2025-09-01T06:08:14.985+0000][175][trace][gc,age      ] GC(70) - age   8:       5960 bytes,    1347704 total
[2025-09-01T06:08:14.985+0000][175][trace][gc,age      ] GC(70) - age   9:     167712 bytes,    1515416 total
[2025-09-01T06:08:14.985+0000][175][trace][gc,age      ] GC(70) - age  10:      41856 bytes,    1557272 total
[2025-09-01T06:08:14.985+0000][175][trace][gc,age      ] GC(70) - age  11:       6416 bytes,    1563688 total
[2025-09-01T06:08:14.985+0000][175][trace][gc,age      ] GC(70) - age  12:       6312 bytes,    1570000 total
[2025-09-01T06:08:14.985+0000][175][trace][gc,age      ] GC(70) - age  13:       5824 bytes,    1575824 total
[2025-09-01T06:08:14.985+0000][175][trace][gc,age      ] GC(70) - age  14:       7928 bytes,    1583752 total
[2025-09-01T06:08:14.985+0000][175][trace][gc,age      ] GC(70) - age  15:       7400 bytes,    1591152 total
[2025-09-01T06:08:14.985+0000][175][info ][gc,heap     ] GC(70) Eden regions: 152->0(152)
[2025-09-01T06:08:14.985+0000][175][info ][gc,heap     ] GC(70) Survivor regions: 1->1(20)
[2025-09-01T06:08:14.985+0000][175][info ][gc,heap     ] GC(70) Old regions: 37->37
[2025-09-01T06:08:14.985+0000][175][info ][gc,heap     ] GC(70) Humongous regions: 2->2
[2025-09-01T06:08:14.985+0000][175][info ][gc,metaspace] GC(70) Metaspace: 160761K(166016K)->160761K(166016K) NonClass: 139223K(141824K)->139223K(141824K) Class: 21537K(24192K)->21537K(24192K)
[2025-09-01T06:08:14.985+0000][175][info ][gc          ] GC(70) Pause Young (Normal) (G1 Evacuation Pause) 764M->157M(1024M) 23.580ms
[2025-09-01T06:08:14.985+0000][175][info ][gc,cpu      ] GC(70) User=0.14s Sys=0.01s Real=0.02s
[2025-09-01T06:08:14.986+0000][175][info ][safepoint   ] Safepoint "G1CollectForAllocation", Time since last: 76666875 ns, Reaching safepoint: 17834 ns, Cleanup: 4500 ns, At safepoint: 23727166 ns, Total: 23749500 ns
[2025-09-01T06:08:41.594+0000][175][info ][safepoint   ] Safepoint "Cleanup", Time since last: 26608185430 ns, Reaching safepoint: 103458 ns, Cleanup: 26250 ns, At safepoint: 25083 ns, Total: 154791 ns
[2025-09-01T06:09:15.704+0000][175][info ][safepoint   ] Safepoint "Cleanup", Time since last: 34110337223 ns, Reaching safepoint: 5417 ns, Cleanup: 23667 ns, At safepoint: 5833 ns, Total: 34917 ns
[2025-09-01T06:10:15.899+0000][175][info ][safepoint   ] Safepoint "Cleanup", Time since last: 60194255403 ns, Reaching safepoint: 6666 ns, Cleanup: 54459 ns, At safepoint: 16208 ns, Total: 77333 ns
[2025-09-01T06:10:20.944+0000][175][info ][safepoint   ] Safepoint "Cleanup", Time since last: 5045028169 ns, Reaching safepoint: 8750 ns, Cleanup: 9667 ns, At safepoint: 7541 ns, Total: 25958 ns
[2025-09-01T06:10:49.068+0000][175][info ][safepoint   ] Safepoint "Cleanup", Time since last: 28123502513 ns, Reaching safepoint: 151292 ns, Cleanup: 57542 ns, At safepoint: 39333 ns, Total: 248167 ns
[2025-09-01T06:11:06.793+0000][175][info ][safepoint   ] Safepoint "ICBufferFull", Time since last: 17725022092 ns, Reaching safepoint: 206625 ns, Cleanup: 216333 ns, At safepoint: 19625 ns, Total: 442583 ns
[2025-09-01T06:11:06.841+0000][175][info ][safepoint   ] Safepoint "ICBufferFull", Time since last: 46738000 ns, Reaching safepoint: 672209 ns, Cleanup: 142375 ns, At safepoint: 14750 ns, Total: 829334 ns
[2025-09-01T06:11:06.921+0000][175][info ][safepoint   ] Safepoint "ICBufferFull", Time since last: 80483625 ns, Reaching safepoint: 9625 ns, Cleanup: 116750 ns, At safepoint: 13500 ns, Total: 139875 ns
[2025-09-01T06:11:08.154+0000][175][info ][safepoint   ] Safepoint "Cleanup", Time since last: 1231434375 ns, Reaching safepoint: 900500 ns, Cleanup: 106208 ns, At safepoint: 13584 ns, Total: 1020292 ns
[2025-09-01T06:11:20.166+0000][175][info ][safepoint   ] Safepoint "Cleanup", Time since last: 12011284047 ns, Reaching safepoint: 177917 ns, Cleanup: 72458 ns, At safepoint: 40625 ns, Total: 291000 ns
[2025-09-01T06:12:23.943+0000][175][info ][safepoint   ] Safepoint "Cleanup", Time since last: 63778857945 ns, Reaching safepoint: 22875 ns, Cleanup: 26167 ns, At safepoint: 9125 ns, Total: 58167 ns
[2025-09-01T06:14:08.948+0000][175][info ][gc,start    ] GC(71) Pause Young (Concurrent Start) (G1 Evacuation Pause)
[2025-09-01T06:14:08.950+0000][175][info ][gc,task     ] GC(71) Using 8 workers of 8 for evacuation
[2025-09-01T06:14:08.950+0000][175][debug][gc,age      ] GC(71) Desired survivor size 41943040 bytes, new threshold 15 (max threshold 15)
[2025-09-01T06:14:08.977+0000][175][info ][gc,phases   ] GC(71)   Pre Evacuate Collection Set: 1.65ms
[2025-09-01T06:14:08.977+0000][175][info ][gc,phases   ] GC(71)   Merge Heap Roots: 0.27ms
[2025-09-01T06:14:08.977+0000][175][info ][gc,phases   ] GC(71)   Evacuate Collection Set: 20.05ms
[2025-09-01T06:14:08.977+0000][175][info ][gc,phases   ] GC(71)   Post Evacuate Collection Set: 3.88ms
[2025-09-01T06:14:08.977+0000][175][info ][gc,phases   ] GC(71)   Other: 0.71ms
[2025-09-01T06:14:08.977+0000][175][trace][gc,age      ] GC(71) Age table with threshold 15 (max threshold 15)
[2025-09-01T06:14:08.977+0000][175][trace][gc,age      ] GC(71) - age   1:    1868040 bytes,    1868040 total
[2025-09-01T06:14:08.977+0000][175][trace][gc,age      ] GC(71) - age   2:      40704 bytes,    1908744 total
[2025-09-01T06:14:08.977+0000][175][trace][gc,age      ] GC(71) - age   3:      39312 bytes,    1948056 total
[2025-09-01T06:14:08.977+0000][175][trace][gc,age      ] GC(71) - age   4:      43072 bytes,    1991128 total
[2025-09-01T06:14:08.977+0000][175][trace][gc,age      ] GC(71) - age   5:      24216 bytes,    2015344 total
[2025-09-01T06:14:08.977+0000][175][trace][gc,age      ] GC(71) - age   6:       6960 bytes,    2022304 total
[2025-09-01T06:14:08.977+0000][175][trace][gc,age      ] GC(71) - age   7:      83560 bytes,    2105864 total
[2025-09-01T06:14:08.977+0000][175][trace][gc,age      ] GC(71) - age   8:       5576 bytes,    2111440 total
[2025-09-01T06:14:08.977+0000][175][trace][gc,age      ] GC(71) - age   9:       5960 bytes,    2117400 total
[2025-09-01T06:14:08.977+0000][175][trace][gc,age      ] GC(71) - age  10:     167448 bytes,    2284848 total
[2025-09-01T06:14:08.977+0000][175][trace][gc,age      ] GC(71) - age  11:      41792 bytes,    2326640 total
[2025-09-01T06:14:08.977+0000][175][trace][gc,age      ] GC(71) - age  12:       6416 bytes,    2333056 total
[2025-09-01T06:14:08.977+0000][175][trace][gc,age      ] GC(71) - age  13:       6312 bytes,    2339368 total
[2025-09-01T06:14:08.977+0000][175][trace][gc,age      ] GC(71) - age  14:       5824 bytes,    2345192 total
[2025-09-01T06:14:08.978+0000][175][trace][gc,age      ] GC(71) - age  15:       7928 bytes,    2353120 total
[2025-09-01T06:14:08.978+0000][175][info ][gc,heap     ] GC(71) Eden regions: 152->0(152)
[2025-09-01T06:14:08.978+0000][175][info ][gc,heap     ] GC(71) Survivor regions: 1->1(20)
[2025-09-01T06:14:08.978+0000][175][info ][gc,heap     ] GC(71) Old regions: 37->37
[2025-09-01T06:14:08.978+0000][175][info ][gc,heap     ] GC(71) Humongous regions: 2->2
[2025-09-01T06:14:08.978+0000][175][info ][gc,metaspace] GC(71) Metaspace: 160786K(166016K)->160786K(166016K) NonClass: 139247K(141824K)->139247K(141824K) Class: 21538K(24192K)->21538K(24192K)
[2025-09-01T06:14:08.978+0000][175][info ][gc          ] GC(71) Pause Young (Concurrent Start) (G1 Evacuation Pause) 765M->158M(1024M) 29.959ms
[2025-09-01T06:14:08.978+0000][175][info ][gc,cpu      ] GC(71) User=0.12s Sys=0.00s Real=0.03s
[2025-09-01T06:14:08.978+0000][175][info ][gc          ] GC(72) Concurrent Mark Cycle
[2025-09-01T06:14:08.978+0000][175][info ][gc,marking  ] GC(72) Concurrent Scan Root Regions
[2025-09-01T06:14:08.978+0000][175][info ][safepoint   ] Safepoint "G1CollectForAllocation", Time since last: 105006244132 ns, Reaching safepoint: 110125 ns, Cleanup: 54375 ns, At safepoint: 30242375 ns, Total: 30406875 ns
[2025-09-01T06:14:08.983+0000][175][info ][gc,marking  ] GC(72) Concurrent Scan Root Regions 5.393ms
[2025-09-01T06:14:08.984+0000][175][info ][gc,marking  ] GC(72) Concurrent Mark
[2025-09-01T06:14:08.984+0000][175][info ][gc,marking  ] GC(72) Concurrent Mark From Roots
[2025-09-01T06:14:08.984+0000][175][info ][gc,task     ] GC(72) Using 2 workers of 2 for marking
[2025-09-01T06:14:09.058+0000][175][info ][gc,marking  ] GC(72) Concurrent Mark From Roots 74.413ms
[2025-09-01T06:14:09.058+0000][175][info ][gc,marking  ] GC(72) Concurrent Preclean
[2025-09-01T06:14:09.058+0000][175][info ][gc,marking  ] GC(72) Concurrent Preclean 0.388ms
[2025-09-01T06:14:09.059+0000][175][info ][gc,start    ] GC(72) Pause Remark
[2025-09-01T06:14:09.119+0000][175][info ][gc          ] GC(72) Pause Remark 160M->160M(1024M) 59.962ms
[2025-09-01T06:14:09.119+0000][175][info ][gc,cpu      ] GC(72) User=0.44s Sys=0.00s Real=0.06s
[2025-09-01T06:14:09.119+0000][175][info ][safepoint   ] Safepoint "G1PauseRemark", Time since last: 80504917 ns, Reaching safepoint: 8208 ns, Cleanup: 2667 ns, At safepoint: 60175041 ns, Total: 60185916 ns
[2025-09-01T06:14:09.119+0000][175][info ][gc,marking  ] GC(72) Concurrent Mark 135.239ms
[2025-09-01T06:14:09.119+0000][175][info ][gc,marking  ] GC(72) Concurrent Rebuild Remembered Sets and Scrub Regions
[2025-09-01T06:14:09.157+0000][175][info ][gc,marking  ] GC(72) Concurrent Rebuild Remembered Sets and Scrub Regions 38.688ms
[2025-09-01T06:14:09.158+0000][175][info ][gc,start    ] GC(72) Pause Cleanup
[2025-09-01T06:14:09.158+0000][175][info ][gc          ] GC(72) Pause Cleanup 160M->160M(1024M) 0.142ms
[2025-09-01T06:14:09.158+0000][175][info ][gc,cpu      ] GC(72) User=0.00s Sys=0.00s Real=0.00s
[2025-09-01T06:14:09.158+0000][175][info ][safepoint   ] Safepoint "G1PauseCleanup", Time since last: 38879917 ns, Reaching safepoint: 6708 ns, Cleanup: 8000 ns, At safepoint: 261709 ns, Total: 276417 ns
[2025-09-01T06:14:09.158+0000][175][info ][gc,marking  ] GC(72) Concurrent Clear Claimed Marks
[2025-09-01T06:14:09.158+0000][175][info ][gc,marking  ] GC(72) Concurrent Clear Claimed Marks 0.143ms
[2025-09-01T06:14:09.158+0000][175][info ][gc,marking  ] GC(72) Concurrent Cleanup for Next Mark
[2025-09-01T06:14:09.160+0000][175][info ][gc,marking  ] GC(72) Concurrent Cleanup for Next Mark 2.280ms
[2025-09-01T06:14:09.160+0000][175][info ][gc          ] GC(72) Concurrent Mark Cycle 182.453ms
[2025-09-01T06:14:30.897+0000][175][info ][safepoint   ] Safepoint "Cleanup", Time since last: 21735645592 ns, Reaching safepoint: 23167 ns, Cleanup: 28500 ns, At safepoint: 29917 ns, Total: 81584 ns
[2025-09-01T06:14:34.996+0000][175][info ][safepoint   ] Safepoint "Cleanup", Time since last: 4099211293 ns, Reaching safepoint: 59459 ns, Cleanup: 38333 ns, At safepoint: 40875 ns, Total: 138667 ns
[2025-09-01T06:15:42.277+0000][175][info ][safepoint   ] Safepoint "Cleanup", Time since last: 67280697864 ns, Reaching safepoint: 262000 ns, Cleanup: 127750 ns, At safepoint: 41250 ns, Total: 431000 ns
[2025-09-01T06:15:44.987+0000][175][info ][safepoint   ] Safepoint "Cleanup", Time since last: 2709761626 ns, Reaching safepoint: 10417 ns, Cleanup: 11125 ns, At safepoint: 10916 ns, Total: 32458 ns
[2025-09-01T06:15:46.373+0000][175][info ][safepoint   ] Safepoint "Cleanup", Time since last: 1386133251 ns, Reaching safepoint: 13833 ns, Cleanup: 39834 ns, At safepoint: 7958 ns, Total: 61625 ns
[2025-09-01T06:15:48.412+0000][175][info ][safepoint   ] Safepoint "Cleanup", Time since last: 2038482043 ns, Reaching safepoint: 18583 ns, Cleanup: 48792 ns, At safepoint: 4041 ns, Total: 71416 ns
[2025-09-01T06:15:49.894+0000][175][info ][safepoint   ] Safepoint "Cleanup", Time since last: 1482500751 ns, Reaching safepoint: 3708 ns, Cleanup: 6125 ns, At safepoint: 1334 ns, Total: 11167 ns
[2025-09-01T06:15:50.898+0000][175][info ][safepoint   ] Safepoint "Cleanup", Time since last: 1003544209 ns, Reaching safepoint: 21916 ns, Cleanup: 48792 ns, At safepoint: 17708 ns, Total: 88416 ns
[2025-09-01T06:15:51.899+0000][175][info ][safepoint   ] Safepoint "Cleanup", Time since last: 1001174584 ns, Reaching safepoint: 73583 ns, Cleanup: 59542 ns, At safepoint: 25333 ns, Total: 158458 ns
[2025-09-01T06:15:54.864+0000][175][info ][safepoint   ] Safepoint "Cleanup", Time since last: 2964606918 ns, Reaching safepoint: 17875 ns, Cleanup: 22792 ns, At safepoint: 8083 ns, Total: 48750 ns
[2025-09-01T06:16:06.016+0000][175][info ][safepoint   ] Safepoint "Cleanup", Time since last: 11151975506 ns, Reaching safepoint: 20166 ns, Cleanup: 7792 ns, At safepoint: 4500 ns, Total: 32458 ns
[2025-09-01T06:16:25.119+0000][175][info ][safepoint   ] Safepoint "Cleanup", Time since last: 19103004384 ns, Reaching safepoint: 4208 ns, Cleanup: 54875 ns, At safepoint: 9125 ns, Total: 68208 ns
[2025-09-01T06:16:27.112+0000][175][info ][safepoint   ] Safepoint "Cleanup", Time since last: 1992880709 ns, Reaching safepoint: 60125 ns, Cleanup: 49125 ns, At safepoint: 33459 ns, Total: 142709 ns
[2025-09-01T06:16:36.687+0000][175][info ][safepoint   ] Safepoint "Cleanup", Time since last: 9574659087 ns, Reaching safepoint: 17750 ns, Cleanup: 23667 ns, At safepoint: 10958 ns, Total: 52375 ns
[2025-09-01T06:16:37.729+0000][175][info ][safepoint   ] Safepoint "Cleanup", Time since last: 1042346876 ns, Reaching safepoint: 25125 ns, Cleanup: 30250 ns, At safepoint: 12792 ns, Total: 68167 ns
[2025-09-01T06:18:04.048+0000][175][info ][safepoint   ] Safepoint "Cleanup", Time since last: 86317812706 ns, Reaching safepoint: 261666 ns, Cleanup: 152959 ns, At safepoint: 33791 ns, Total: 448416 ns
[2025-09-01T06:18:42.237+0000][175][info ][safepoint   ] Safepoint "Cleanup", Time since last: 38188547060 ns, Reaching safepoint: 13958 ns, Cleanup: 16792 ns, At safepoint: 8166 ns, Total: 38916 ns
[2025-09-01T06:18:45.020+0000][175][info ][safepoint   ] Safepoint "Cleanup", Time since last: 2783703876 ns, Reaching safepoint: 8125 ns, Cleanup: 33041 ns, At safepoint: 26834 ns, Total: 68000 ns
[2025-09-01T06:18:54.317+0000][175][info ][safepoint   ] Safepoint "Cleanup", Time since last: 9297037337 ns, Reaching safepoint: 110084 ns, Cleanup: 72041 ns, At safepoint: 37292 ns, Total: 219417 ns
[2025-09-01T06:19:04.081+0000][175][info ][safepoint   ] Safepoint "Cleanup", Time since last: 9763000088 ns, Reaching safepoint: 168208 ns, Cleanup: 45834 ns, At safepoint: 27291 ns, Total: 241333 ns
[2025-09-01T06:19:09.088+0000][175][info ][safepoint   ] Safepoint "Cleanup", Time since last: 5007616128 ns, Reaching safepoint: 82000 ns, Cleanup: 53417 ns, At safepoint: 32708 ns, Total: 168125 ns
[2025-09-01T06:19:30.019+0000][175][info ][gc,start    ] GC(73) Pause Young (Prepare Mixed) (G1 Evacuation Pause)
[2025-09-01T06:19:30.020+0000][175][info ][gc,task     ] GC(73) Using 8 workers of 8 for evacuation
[2025-09-01T06:19:30.020+0000][175][debug][gc,age      ] GC(73) Desired survivor size 41943040 bytes, new threshold 15 (max threshold 15)
[2025-09-01T06:19:30.047+0000][175][info ][gc,phases   ] GC(73)   Pre Evacuate Collection Set: 1.17ms
[2025-09-01T06:19:30.047+0000][175][info ][gc,phases   ] GC(73)   Merge Heap Roots: 0.20ms
[2025-09-01T06:19:30.047+0000][175][info ][gc,phases   ] GC(73)   Evacuate Collection Set: 17.02ms
[2025-09-01T06:19:30.047+0000][175][info ][gc,phases   ] GC(73)   Post Evacuate Collection Set: 8.38ms
[2025-09-01T06:19:30.047+0000][175][info ][gc,phases   ] GC(73)   Other: 0.47ms
[2025-09-01T06:19:30.048+0000][175][trace][gc,age      ] GC(73) Age table with threshold 15 (max threshold 15)
[2025-09-01T06:19:30.048+0000][175][trace][gc,age      ] GC(73) - age   1:    1025584 bytes,    1025584 total
[2025-09-01T06:19:30.048+0000][175][trace][gc,age      ] GC(73) - age   2:     926520 bytes,    1952104 total
[2025-09-01T06:19:30.048+0000][175][trace][gc,age      ] GC(73) - age   3:      26512 bytes,    1978616 total
[2025-09-01T06:19:30.048+0000][175][trace][gc,age      ] GC(73) - age   4:      38640 bytes,    2017256 total
[2025-09-01T06:19:30.048+0000][175][trace][gc,age      ] GC(73) - age   5:      38872 bytes,    2056128 total
[2025-09-01T06:19:30.048+0000][175][trace][gc,age      ] GC(73) - age   6:      23888 bytes,    2080016 total
[2025-09-01T06:19:30.048+0000][175][trace][gc,age      ] GC(73) - age   7:       6920 bytes,    2086936 total
[2025-09-01T06:19:30.048+0000][175][trace][gc,age      ] GC(73) - age   8:       6648 bytes,    2093584 total
[2025-09-01T06:19:30.048+0000][175][trace][gc,age      ] GC(73) - age   9:       5544 bytes,    2099128 total
[2025-09-01T06:19:30.049+0000][175][trace][gc,age      ] GC(73) - age  10:       5960 bytes,    2105088 total
[2025-09-01T06:19:30.049+0000][175][trace][gc,age      ] GC(73) - age  11:      20704 bytes,    2125792 total
[2025-09-01T06:19:30.049+0000][175][trace][gc,age      ] GC(73) - age  12:      41000 bytes,    2166792 total
[2025-09-01T06:19:30.049+0000][175][trace][gc,age      ] GC(73) - age  13:       6416 bytes,    2173208 total
[2025-09-01T06:19:30.049+0000][175][trace][gc,age      ] GC(73) - age  14:       6312 bytes,    2179520 total
[2025-09-01T06:19:30.049+0000][175][trace][gc,age      ] GC(73) - age  15:       5824 bytes,    2185344 total
[2025-09-01T06:19:30.049+0000][175][info ][gc,heap     ] GC(73) Eden regions: 152->0(152)
[2025-09-01T06:19:30.049+0000][175][info ][gc,heap     ] GC(73) Survivor regions: 1->1(20)
[2025-09-01T06:19:30.049+0000][175][info ][gc,heap     ] GC(73) Old regions: 37->37
[2025-09-01T06:19:30.049+0000][175][info ][gc,heap     ] GC(73) Humongous regions: 2->2
[2025-09-01T06:19:30.049+0000][175][info ][gc,metaspace] GC(73) Metaspace: 160802K(166016K)->160802K(166016K) NonClass: 139265K(141824K)->139265K(141824K) Class: 21537K(24192K)->21537K(24192K)
[2025-09-01T06:19:30.049+0000][175][info ][gc          ] GC(73) Pause Young (Prepare Mixed) (G1 Evacuation Pause) 766M->157M(1024M) 30.096ms
[2025-09-01T06:19:30.049+0000][175][info ][gc,cpu      ] GC(73) User=0.17s Sys=0.00s Real=0.03s
[2025-09-01T06:19:30.049+0000][175][info ][safepoint   ] Safepoint "G1CollectForAllocation", Time since last: 20929903051 ns, Reaching safepoint: 275667 ns, Cleanup: 13208 ns, At safepoint: 30445792 ns, Total: 30734667 ns
[2025-09-01T06:20:04.087+0000][175][info ][safepoint   ] Safepoint "Cleanup", Time since last: 34037379349 ns, Reaching safepoint: 68333 ns, Cleanup: 48625 ns, At safepoint: 24000 ns, Total: 140958 ns
[2025-09-01T06:20:48.849+0000][175][info ][safepoint   ] Safepoint "Cleanup", Time since last: 44762283979 ns, Reaching safepoint: 17458 ns, Cleanup: 30250 ns, At safepoint: 7542 ns, Total: 55250 ns
[2025-09-01T06:20:51.864+0000][175][info ][safepoint   ] Safepoint "Cleanup", Time since last: 3013278751 ns, Reaching safepoint: 1110792 ns, Cleanup: 29250 ns, At safepoint: 16708 ns, Total: 1156750 ns
[2025-09-01T06:21:44.972+0000][175][info ][safepoint   ] Safepoint "Cleanup", Time since last: 53107453774 ns, Reaching safepoint: 153500 ns, Cleanup: 107333 ns, At safepoint: 33500 ns, Total: 294333 ns
[2025-09-01T06:25:17.938+0000][175][info ][gc,start    ] GC(74) Pause Young (Mixed) (G1 Evacuation Pause)
[2025-09-01T06:25:17.940+0000][175][info ][gc,task     ] GC(74) Using 8 workers of 8 for evacuation
[2025-09-01T06:25:17.940+0000][175][debug][gc,age      ] GC(74) Desired survivor size 41943040 bytes, new threshold 15 (max threshold 15)
[2025-09-01T06:25:17.968+0000][175][info ][gc,phases   ] GC(74)   Pre Evacuate Collection Set: 1.49ms
[2025-09-01T06:25:17.968+0000][175][info ][gc,phases   ] GC(74)   Merge Heap Roots: 0.36ms
[2025-09-01T06:25:17.968+0000][175][info ][gc,phases   ] GC(74)   Evacuate Collection Set: 21.78ms
[2025-09-01T06:25:17.968+0000][175][info ][gc,phases   ] GC(74)   Post Evacuate Collection Set: 3.76ms
[2025-09-01T06:25:17.969+0000][175][info ][gc,phases   ] GC(74)   Other: 0.79ms
[2025-09-01T06:25:17.969+0000][175][trace][gc,age      ] GC(74) Age table with threshold 15 (max threshold 15)
[2025-09-01T06:25:17.969+0000][175][trace][gc,age      ] GC(74) - age   1:     923568 bytes,     923568 total
[2025-09-01T06:25:17.969+0000][175][trace][gc,age      ] GC(74) - age   2:     316752 bytes,    1240320 total
[2025-09-01T06:25:17.969+0000][175][trace][gc,age      ] GC(74) - age   3:     922272 bytes,    2162592 total
[2025-09-01T06:25:17.969+0000][175][trace][gc,age      ] GC(74) - age   4:      25320 bytes,    2187912 total
[2025-09-01T06:25:17.969+0000][175][trace][gc,age      ] GC(74) - age   5:      38512 bytes,    2226424 total
[2025-09-01T06:25:17.969+0000][175][trace][gc,age      ] GC(74) - age   6:      38872 bytes,    2265296 total
[2025-09-01T06:25:17.969+0000][175][trace][gc,age      ] GC(74) - age   7:      23888 bytes,    2289184 total
[2025-09-01T06:25:17.969+0000][175][trace][gc,age      ] GC(74) - age   8:       6920 bytes,    2296104 total
[2025-09-01T06:25:17.969+0000][175][trace][gc,age      ] GC(74) - age   9:       5376 bytes,    2301480 total
[2025-09-01T06:25:17.969+0000][175][trace][gc,age      ] GC(74) - age  10:       5416 bytes,    2306896 total
[2025-09-01T06:25:17.969+0000][175][trace][gc,age      ] GC(74) - age  11:       5896 bytes,    2312792 total
[2025-09-01T06:25:17.969+0000][175][trace][gc,age      ] GC(74) - age  12:      19304 bytes,    2332096 total
[2025-09-01T06:25:17.969+0000][175][trace][gc,age      ] GC(74) - age  13:      40856 bytes,    2372952 total
[2025-09-01T06:25:17.970+0000][175][trace][gc,age      ] GC(74) - age  14:       6416 bytes,    2379368 total
[2025-09-01T06:25:17.970+0000][175][trace][gc,age      ] GC(74) - age  15:       6272 bytes,    2385640 total
[2025-09-01T06:25:17.970+0000][175][info ][gc,heap     ] GC(74) Eden regions: 152->0(152)
[2025-09-01T06:25:17.970+0000][175][info ][gc,heap     ] GC(74) Survivor regions: 1->1(20)
[2025-09-01T06:25:17.970+0000][175][info ][gc,heap     ] GC(74) Old regions: 37->37
[2025-09-01T06:25:17.970+0000][175][info ][gc,heap     ] GC(74) Humongous regions: 2->2
[2025-09-01T06:25:17.970+0000][175][info ][gc,metaspace] GC(74) Metaspace: 160828K(166016K)->160828K(166016K) NonClass: 139290K(141824K)->139290K(141824K) Class: 21537K(24192K)->21537K(24192K)
[2025-09-01T06:25:17.970+0000][175][info ][gc          ] GC(74) Pause Young (Mixed) (G1 Evacuation Pause) 765M->157M(1024M) 32.258ms
[2025-09-01T06:25:17.970+0000][175][info ][gc,cpu      ] GC(74) User=0.18s Sys=0.00s Real=0.04s
[2025-09-01T06:25:17.970+0000][175][info ][safepoint   ] Safepoint "G1CollectForAllocation", Time since last: 212965114722 ns, Reaching safepoint: 133375 ns, Cleanup: 83042 ns, At safepoint: 32647458 ns, Total: 32863875 ns
[2025-09-01T06:26:03.146+0000][175][info ][safepoint   ] Safepoint "Cleanup", Time since last: 45175749313 ns, Reaching safepoint: 5833 ns, Cleanup: 11292 ns, At safepoint: 8792 ns, Total: 25917 ns
[2025-09-01T06:26:09.146+0000][175][info ][safepoint   ] Safepoint "Cleanup", Time since last: 6000323253 ns, Reaching safepoint: 4750 ns, Cleanup: 23375 ns, At safepoint: 7708 ns, Total: 35833 ns
[2025-09-01T06:27:06.128+0000][175][info ][safepoint   ] Safepoint "Cleanup", Time since last: 56982603026 ns, Reaching safepoint: 3916 ns, Cleanup: 8709 ns, At safepoint: 5416 ns, Total: 18041 ns
[2025-09-01T06:27:07.420+0000][175][info ][safepoint   ] Safepoint "Cleanup", Time since last: 1292174418 ns, Reaching safepoint: 21500 ns, Cleanup: 35416 ns, At safepoint: 19834 ns, Total: 76750 ns
[2025-09-01T06:27:45.557+0000][175][info ][safepoint   ] Safepoint "Cleanup", Time since last: 38136761433 ns, Reaching safepoint: 65042 ns, Cleanup: 41500 ns, At safepoint: 28708 ns, Total: 135250 ns
[2025-09-01T06:28:09.109+0000][175][info ][safepoint   ] Safepoint "Cleanup", Time since last: 23551669928 ns, Reaching safepoint: 7417 ns, Cleanup: 25916 ns, At safepoint: 5834 ns, Total: 39167 ns
[2025-09-01T06:28:10.656+0000][175][info ][safepoint   ] Safepoint "Cleanup", Time since last: 1546469001 ns, Reaching safepoint: 78375 ns, Cleanup: 58166 ns, At safepoint: 46125 ns, Total: 182666 ns
[2025-09-01T06:28:12.103+0000][175][info ][safepoint   ] Safepoint "Cleanup", Time since last: 1447569876 ns, Reaching safepoint: 7000 ns, Cleanup: 13542 ns, At safepoint: 3666 ns, Total: 24208 ns
[2025-09-01T06:28:13.702+0000][175][info ][safepoint   ] Safepoint "Cleanup", Time since last: 1598680459 ns, Reaching safepoint: 73500 ns, Cleanup: 56834 ns, At safepoint: 19625 ns, Total: 149959 ns
[2025-09-01T06:28:44.737+0000][175][info ][safepoint   ] Safepoint "Cleanup", Time since last: 31034338471 ns, Reaching safepoint: 64583 ns, Cleanup: 22667 ns, At safepoint: 69500 ns, Total: 156750 ns
[2025-09-01T06:29:12.918+0000][175][info ][safepoint   ] Safepoint "Cleanup", Time since last: 28180977013 ns, Reaching safepoint: 3875 ns, Cleanup: 10125 ns, At safepoint: 2417 ns, Total: 16417 ns
[2025-09-01T06:29:15.114+0000][175][info ][safepoint   ] Safepoint "Cleanup", Time since last: 2196386375 ns, Reaching safepoint: 10250 ns, Cleanup: 10750 ns, At safepoint: 7209 ns, Total: 28209 ns
[2025-09-01T06:29:43.012+0000][175][info ][safepoint   ] Safepoint "Cleanup", Time since last: 27897563638 ns, Reaching safepoint: 144792 ns, Cleanup: 43458 ns, At safepoint: 24208 ns, Total: 212458 ns
[2025-09-01T06:31:21.142+0000][175][info ][gc,start    ] GC(75) Pause Young (Concurrent Start) (G1 Evacuation Pause)
[2025-09-01T06:31:21.142+0000][175][info ][gc,task     ] GC(75) Using 8 workers of 8 for evacuation
[2025-09-01T06:31:21.142+0000][175][debug][gc,age      ] GC(75) Desired survivor size 41943040 bytes, new threshold 15 (max threshold 15)
[2025-09-01T06:31:21.160+0000][175][info ][gc,phases   ] GC(75)   Pre Evacuate Collection Set: 0.60ms
[2025-09-01T06:31:21.160+0000][175][info ][gc,phases   ] GC(75)   Merge Heap Roots: 0.15ms
[2025-09-01T06:31:21.160+0000][175][info ][gc,phases   ] GC(75)   Evacuate Collection Set: 13.49ms
[2025-09-01T06:31:21.160+0000][175][info ][gc,phases   ] GC(75)   Post Evacuate Collection Set: 2.93ms
[2025-09-01T06:31:21.160+0000][175][info ][gc,phases   ] GC(75)   Other: 0.21ms
[2025-09-01T06:31:21.160+0000][175][trace][gc,age      ] GC(75) Age table with threshold 15 (max threshold 15)
[2025-09-01T06:31:21.160+0000][175][trace][gc,age      ] GC(75) - age   1:     786728 bytes,     786728 total
[2025-09-01T06:31:21.160+0000][175][trace][gc,age      ] GC(75) - age   2:      44424 bytes,     831152 total
[2025-09-01T06:31:21.160+0000][175][trace][gc,age      ] GC(75) - age   3:     298776 bytes,    1129928 total
[2025-09-01T06:31:21.160+0000][175][trace][gc,age      ] GC(75) - age   4:     872552 bytes,    2002480 total
[2025-09-01T06:31:21.160+0000][175][trace][gc,age      ] GC(75) - age   5:      25256 bytes,    2027736 total
[2025-09-01T06:31:21.160+0000][175][trace][gc,age      ] GC(75) - age   6:      38320 bytes,    2066056 total
[2025-09-01T06:31:21.160+0000][175][trace][gc,age      ] GC(75) - age   7:      38872 bytes,    2104928 total
[2025-09-01T06:31:21.160+0000][175][trace][gc,age      ] GC(75) - age   8:      23888 bytes,    2128816 total
[2025-09-01T06:31:21.160+0000][175][trace][gc,age      ] GC(75) - age   9:       6920 bytes,    2135736 total
[2025-09-01T06:31:21.160+0000][175][trace][gc,age      ] GC(75) - age  10:       5376 bytes,    2141112 total
[2025-09-01T06:31:21.160+0000][175][trace][gc,age      ] GC(75) - age  11:       5416 bytes,    2146528 total
[2025-09-01T06:31:21.160+0000][175][trace][gc,age      ] GC(75) - age  12:       5896 bytes,    2152424 total
[2025-09-01T06:31:21.160+0000][175][trace][gc,age      ] GC(75) - age  13:      19304 bytes,    2171728 total
[2025-09-01T06:31:21.160+0000][175][trace][gc,age      ] GC(75) - age  14:      40856 bytes,    2212584 total
[2025-09-01T06:31:21.160+0000][175][trace][gc,age      ] GC(75) - age  15:       6416 bytes,    2219000 total
[2025-09-01T06:31:21.160+0000][175][info ][gc,heap     ] GC(75) Eden regions: 152->0(152)
[2025-09-01T06:31:21.160+0000][175][info ][gc,heap     ] GC(75) Survivor regions: 1->1(20)
[2025-09-01T06:31:21.161+0000][175][info ][gc,heap     ] GC(75) Old regions: 37->37
[2025-09-01T06:31:21.161+0000][175][info ][gc,heap     ] GC(75) Humongous regions: 2->2
[2025-09-01T06:31:21.161+0000][175][info ][gc,metaspace] GC(75) Metaspace: 160854K(166016K)->160854K(166016K) NonClass: 139316K(141824K)->139316K(141824K) Class: 21537K(24192K)->21537K(24192K)
[2025-09-01T06:31:21.161+0000][175][info ][gc          ] GC(75) Pause Young (Concurrent Start) (G1 Evacuation Pause) 765M->157M(1024M) 18.773ms
[2025-09-01T06:31:21.161+0000][175][info ][gc,cpu      ] GC(75) User=0.08s Sys=0.01s Real=0.02s
[2025-09-01T06:31:21.161+0000][175][info ][gc          ] GC(76) Concurrent Mark Cycle
[2025-09-01T06:31:21.161+0000][175][info ][gc,marking  ] GC(76) Concurrent Scan Root Regions
[2025-09-01T06:31:21.161+0000][175][info ][safepoint   ] Safepoint "G1CollectForAllocation", Time since last: 98129874545 ns, Reaching safepoint: 23000 ns, Cleanup: 3167 ns, At safepoint: 18910375 ns, Total: 18936542 ns
[2025-09-01T06:31:21.165+0000][175][info ][gc,marking  ] GC(76) Concurrent Scan Root Regions 4.613ms
[2025-09-01T06:31:21.165+0000][175][info ][gc,marking  ] GC(76) Concurrent Mark
[2025-09-01T06:31:21.166+0000][175][info ][gc,marking  ] GC(76) Concurrent Mark From Roots
[2025-09-01T06:31:21.166+0000][175][info ][gc,task     ] GC(76) Using 2 workers of 2 for marking
[2025-09-01T06:31:21.247+0000][175][info ][gc,marking  ] GC(76) Concurrent Mark From Roots 81.268ms
[2025-09-01T06:31:21.247+0000][175][info ][gc,marking  ] GC(76) Concurrent Preclean
[2025-09-01T06:31:21.247+0000][175][info ][gc,marking  ] GC(76) Concurrent Preclean 0.422ms
[2025-09-01T06:31:21.248+0000][175][info ][gc,start    ] GC(76) Pause Remark
[2025-09-01T06:31:21.258+0000][175][info ][gc          ] GC(76) Pause Remark 165M->165M(1024M) 10.046ms
[2025-09-01T06:31:21.258+0000][175][info ][gc,cpu      ] GC(76) User=0.05s Sys=0.00s Real=0.01s
[2025-09-01T06:31:21.258+0000][175][info ][safepoint   ] Safepoint "G1PauseRemark", Time since last: 86568167 ns, Reaching safepoint: 373375 ns, Cleanup: 2583 ns, At safepoint: 10186542 ns, Total: 10562500 ns
[2025-09-01T06:31:21.258+0000][175][info ][gc,marking  ] GC(76) Concurrent Mark 92.448ms
[2025-09-01T06:31:21.258+0000][175][info ][gc,marking  ] GC(76) Concurrent Rebuild Remembered Sets and Scrub Regions
[2025-09-01T06:31:21.285+0000][175][info ][gc,marking  ] GC(76) Concurrent Rebuild Remembered Sets and Scrub Regions 26.994ms
[2025-09-01T06:31:21.285+0000][175][info ][gc,start    ] GC(76) Pause Cleanup
[2025-09-01T06:31:21.285+0000][175][info ][gc          ] GC(76) Pause Cleanup 166M->166M(1024M) 0.179ms
[2025-09-01T06:31:21.285+0000][175][info ][gc,cpu      ] GC(76) User=0.00s Sys=0.00s Real=0.00s
[2025-09-01T06:31:21.285+0000][175][info ][safepoint   ] Safepoint "G1PauseCleanup", Time since last: 27181166 ns, Reaching safepoint: 8834 ns, Cleanup: 11250 ns, At safepoint: 325291 ns, Total: 345375 ns
[2025-09-01T06:31:21.285+0000][175][info ][gc,marking  ] GC(76) Concurrent Clear Claimed Marks
[2025-09-01T06:31:21.286+0000][175][info ][gc,marking  ] GC(76) Concurrent Clear Claimed Marks 0.271ms
[2025-09-01T06:31:21.286+0000][175][info ][gc,marking  ] GC(76) Concurrent Cleanup for Next Mark
[2025-09-01T06:31:21.295+0000][175][info ][gc,marking  ] GC(76) Concurrent Cleanup for Next Mark 9.204ms
[2025-09-01T06:31:21.295+0000][175][info ][gc          ] GC(76) Concurrent Mark Cycle 134.331ms
[2025-09-01T06:32:24.797+0000][175][info ][safepoint   ] Safepoint "Cleanup", Time since last: 63511358071 ns, Reaching safepoint: 120250 ns, Cleanup: 41834 ns, At safepoint: 17708 ns, Total: 179792 ns
[2025-09-01T06:34:27.161+0000][175][info ][safepoint   ] Safepoint "Cleanup", Time since last: 122363420930 ns, Reaching safepoint: 6958 ns, Cleanup: 12209 ns, At safepoint: 8250 ns, Total: 27417 ns
[2025-09-01T06:34:47.359+0000][175][info ][safepoint   ] Safepoint "Cleanup", Time since last: 20198328175 ns, Reaching safepoint: 61500 ns, Cleanup: 46375 ns, At safepoint: 19500 ns, Total: 127375 ns
[2025-09-01T06:34:52.366+0000][175][info ][safepoint   ] Safepoint "Cleanup", Time since last: 5006370211 ns, Reaching safepoint: 82916 ns, Cleanup: 70167 ns, At safepoint: 18583 ns, Total: 171666 ns
[2025-09-01T06:35:30.169+0000][175][info ][safepoint   ] Safepoint "Cleanup", Time since last: 37802808976 ns, Reaching safepoint: 7875 ns, Cleanup: 13875 ns, At safepoint: 3375 ns, Total: 25125 ns
[2025-09-01T06:36:33.179+0000][175][info ][safepoint   ] Safepoint "Cleanup", Time since last: 63009561654 ns, Reaching safepoint: 7458 ns, Cleanup: 40417 ns, At safepoint: 6125 ns, Total: 54000 ns
[2025-09-01T06:36:43.397+0000][175][info ][safepoint   ] Safepoint "Cleanup", Time since last: 10218638838 ns, Reaching safepoint: 73542 ns, Cleanup: 39292 ns, At safepoint: 44708 ns, Total: 157542 ns
[2025-09-01T06:37:14.051+0000][175][info ][gc,start    ] GC(77) Pause Young (Prepare Mixed) (G1 Evacuation Pause)
[2025-09-01T06:37:14.052+0000][175][info ][gc,task     ] GC(77) Using 8 workers of 8 for evacuation
[2025-09-01T06:37:14.052+0000][175][debug][gc,age      ] GC(77) Desired survivor size 41943040 bytes, new threshold 15 (max threshold 15)
[2025-09-01T06:37:14.075+0000][175][info ][gc,phases   ] GC(77)   Pre Evacuate Collection Set: 0.78ms
[2025-09-01T06:37:14.076+0000][175][info ][gc,phases   ] GC(77)   Merge Heap Roots: 0.27ms
[2025-09-01T06:37:14.076+0000][175][info ][gc,phases   ] GC(77)   Evacuate Collection Set: 11.35ms
[2025-09-01T06:37:14.076+0000][175][info ][gc,phases   ] GC(77)   Post Evacuate Collection Set: 10.41ms
[2025-09-01T06:37:14.076+0000][175][info ][gc,phases   ] GC(77)   Other: 0.40ms
[2025-09-01T06:37:14.076+0000][175][trace][gc,age      ] GC(77) Age table with threshold 15 (max threshold 15)
[2025-09-01T06:37:14.076+0000][175][trace][gc,age      ] GC(77) - age   1:    1174304 bytes,    1174304 total
[2025-09-01T06:37:14.076+0000][175][trace][gc,age      ] GC(77) - age   2:       8192 bytes,    1182496 total
[2025-09-01T06:37:14.076+0000][175][trace][gc,age      ] GC(77) - age   3:      27976 bytes,    1210472 total
[2025-09-01T06:37:14.076+0000][175][trace][gc,age      ] GC(77) - age   4:     179328 bytes,    1389800 total
[2025-09-01T06:37:14.076+0000][175][trace][gc,age      ] GC(77) - age   5:     872520 bytes,    2262320 total
[2025-09-01T06:37:14.076+0000][175][trace][gc,age      ] GC(77) - age   6:      22984 bytes,    2285304 total
[2025-09-01T06:37:14.076+0000][175][trace][gc,age      ] GC(77) - age   7:      22168 bytes,    2307472 total
[2025-09-01T06:37:14.076+0000][175][trace][gc,age      ] GC(77) - age   8:      22608 bytes,    2330080 total
[2025-09-01T06:37:14.076+0000][175][trace][gc,age      ] GC(77) - age   9:      22368 bytes,    2352448 total
[2025-09-01T06:37:14.077+0000][175][trace][gc,age      ] GC(77) - age  10:       6920 bytes,    2359368 total
[2025-09-01T06:37:14.077+0000][175][trace][gc,age      ] GC(77) - age  11:       4968 bytes,    2364336 total
[2025-09-01T06:37:14.077+0000][175][trace][gc,age      ] GC(77) - age  12:       5152 bytes,    2369488 total
[2025-09-01T06:37:14.077+0000][175][trace][gc,age      ] GC(77) - age  13:       5896 bytes,    2375384 total
[2025-09-01T06:37:14.077+0000][175][trace][gc,age      ] GC(77) - age  14:      19304 bytes,    2394688 total
[2025-09-01T06:37:14.077+0000][175][trace][gc,age      ] GC(77) - age  15:      40856 bytes,    2435544 total
[2025-09-01T06:37:14.077+0000][175][info ][gc,heap     ] GC(77) Eden regions: 152->0(152)
[2025-09-01T06:37:14.077+0000][175][info ][gc,heap     ] GC(77) Survivor regions: 1->1(20)
[2025-09-01T06:37:14.077+0000][175][info ][gc,heap     ] GC(77) Old regions: 37->37
[2025-09-01T06:37:14.077+0000][175][info ][gc,heap     ] GC(77) Humongous regions: 2->2
[2025-09-01T06:37:14.077+0000][175][info ][gc,metaspace] GC(77) Metaspace: 160892K(166016K)->160892K(166016K) NonClass: 139355K(141824K)->139355K(141824K) Class: 21537K(24192K)->21537K(24192K)
[2025-09-01T06:37:14.077+0000][175][info ][gc          ] GC(77) Pause Young (Prepare Mixed) (G1 Evacuation Pause) 765M->157M(1024M) 26.173ms
[2025-09-01T06:37:14.077+0000][175][info ][gc,cpu      ] GC(77) User=0.15s Sys=0.00s Real=0.02s
[2025-09-01T06:37:14.078+0000][175][info ][safepoint   ] Safepoint "G1CollectForAllocation", Time since last: 30653556972 ns, Reaching safepoint: 33792 ns, Cleanup: 6583 ns, At safepoint: 26443000 ns, Total: 26483375 ns
[2025-09-01T06:37:36.233+0000][175][info ][safepoint   ] Safepoint "Cleanup", Time since last: 22155804635 ns, Reaching safepoint: 5709 ns, Cleanup: 9375 ns, At safepoint: 2125 ns, Total: 17209 ns
[2025-09-01T06:38:39.245+0000][175][info ][safepoint   ] Safepoint "Cleanup", Time since last: 63011577529 ns, Reaching safepoint: 6916 ns, Cleanup: 7000 ns, At safepoint: 6375 ns, Total: 20291 ns
[2025-09-01T06:40:48.816+0000][175][info ][safepoint   ] Safepoint "Cleanup", Time since last: 129569609350 ns, Reaching safepoint: 1180292 ns, Cleanup: 44958 ns, At safepoint: 7584 ns, Total: 1232834 ns
[2025-09-01T06:42:51.237+0000][175][info ][safepoint   ] Safepoint "Cleanup", Time since last: 122421413931 ns, Reaching safepoint: 6250 ns, Cleanup: 39083 ns, At safepoint: 3375 ns, Total: 48708 ns
[2025-09-01T06:43:14.107+0000][175][info ][gc,start    ] GC(78) Pause Young (Mixed) (G1 Evacuation Pause)
[2025-09-01T06:43:14.107+0000][175][info ][gc,task     ] GC(78) Using 8 workers of 8 for evacuation
[2025-09-01T06:43:14.107+0000][175][debug][gc,age      ] GC(78) Desired survivor size 41943040 bytes, new threshold 15 (max threshold 15)
[2025-09-01T06:43:14.155+0000][175][info ][gc,phases   ] GC(78)   Pre Evacuate Collection Set: 1.18ms
[2025-09-01T06:43:14.155+0000][175][info ][gc,phases   ] GC(78)   Merge Heap Roots: 0.80ms
[2025-09-01T06:43:14.155+0000][175][info ][gc,phases   ] GC(78)   Evacuate Collection Set: 40.75ms
[2025-09-01T06:43:14.155+0000][175][info ][gc,phases   ] GC(78)   Post Evacuate Collection Set: 4.81ms
[2025-09-01T06:43:14.155+0000][175][info ][gc,phases   ] GC(78)   Other: 0.40ms
[2025-09-01T06:43:14.155+0000][175][trace][gc,age      ] GC(78) Age table with threshold 15 (max threshold 15)
[2025-09-01T06:43:14.155+0000][175][trace][gc,age      ] GC(78) - age   1:     984648 bytes,     984648 total
[2025-09-01T06:43:14.156+0000][175][trace][gc,age      ] GC(78) - age   2:     106712 bytes,    1091360 total
[2025-09-01T06:43:14.156+0000][175][trace][gc,age      ] GC(78) - age   3:       7008 bytes,    1098368 total
[2025-09-01T06:43:14.156+0000][175][trace][gc,age      ] GC(78) - age   4:       9504 bytes,    1107872 total
[2025-09-01T06:43:14.156+0000][175][trace][gc,age      ] GC(78) - age   5:     178968 bytes,    1286840 total
[2025-09-01T06:43:14.156+0000][175][trace][gc,age      ] GC(78) - age   6:     872456 bytes,    2159296 total
[2025-09-01T06:43:14.156+0000][175][trace][gc,age      ] GC(78) - age   7:      22984 bytes,    2182280 total
[2025-09-01T06:43:14.156+0000][175][trace][gc,age      ] GC(78) - age   8:      22168 bytes,    2204448 total
[2025-09-01T06:43:14.156+0000][175][trace][gc,age      ] GC(78) - age   9:      22608 bytes,    2227056 total
[2025-09-01T06:43:14.156+0000][175][trace][gc,age      ] GC(78) - age  10:      22368 bytes,    2249424 total
[2025-09-01T06:43:14.156+0000][175][trace][gc,age      ] GC(78) - age  11:       6920 bytes,    2256344 total
[2025-09-01T06:43:14.156+0000][175][trace][gc,age      ] GC(78) - age  12:       4968 bytes,    2261312 total
[2025-09-01T06:43:14.156+0000][175][trace][gc,age      ] GC(78) - age  13:       5152 bytes,    2266464 total
[2025-09-01T06:43:14.156+0000][175][trace][gc,age      ] GC(78) - age  14:       5896 bytes,    2272360 total
[2025-09-01T06:43:14.156+0000][175][trace][gc,age      ] GC(78) - age  15:      19304 bytes,    2291664 total
[2025-09-01T06:43:14.156+0000][175][info ][gc,heap     ] GC(78) Eden regions: 152->0(152)
[2025-09-01T06:43:14.156+0000][175][info ][gc,heap     ] GC(78) Survivor regions: 1->1(20)
[2025-09-01T06:43:14.156+0000][175][info ][gc,heap     ] GC(78) Old regions: 37->37
[2025-09-01T06:43:14.156+0000][175][info ][gc,heap     ] GC(78) Humongous regions: 2->2
[2025-09-01T06:43:14.156+0000][175][info ][gc,metaspace] GC(78) Metaspace: 160902K(166016K)->160902K(166016K) NonClass: 139365K(141824K)->139365K(141824K) Class: 21537K(24192K)->21537K(24192K)
[2025-09-01T06:43:14.156+0000][175][info ][gc          ] GC(78) Pause Young (Mixed) (G1 Evacuation Pause) 765M->156M(1024M) 49.368ms
[2025-09-01T06:43:14.156+0000][175][info ][gc,cpu      ] GC(78) User=0.33s Sys=0.00s Real=0.05s
[2025-09-01T06:43:14.156+0000][175][info ][safepoint   ] Safepoint "G1CollectForAllocation", Time since last: 22868952094 ns, Reaching safepoint: 110958 ns, Cleanup: 9125 ns, At safepoint: 49531750 ns, Total: 49651833 ns
[2025-09-01T06:44:44.758+0000][175][info ][safepoint   ] Safepoint "Cleanup", Time since last: 90601219291 ns, Reaching safepoint: 56875 ns, Cleanup: 30167 ns, At safepoint: 11750 ns, Total: 98792 ns
[2025-09-01T06:47:03.389+0000][175][info ][safepoint   ] Safepoint "Cleanup", Time since last: 138630572272 ns, Reaching safepoint: 955542 ns, Cleanup: 35708 ns, At safepoint: 9125 ns, Total: 1000375 ns
[2025-09-01T06:48:06.610+0000][175][info ][safepoint   ] Safepoint "Cleanup", Time since last: 63220687738 ns, Reaching safepoint: 6750 ns, Cleanup: 57542 ns, At safepoint: 11333 ns, Total: 75625 ns
[2025-09-01T06:49:07.094+0000][175][info ][gc,start    ] GC(79) Pause Young (Concurrent Start) (G1 Evacuation Pause)
[2025-09-01T06:49:07.096+0000][175][info ][gc,task     ] GC(79) Using 8 workers of 8 for evacuation
[2025-09-01T06:49:07.096+0000][175][debug][gc,age      ] GC(79) Desired survivor size 41943040 bytes, new threshold 15 (max threshold 15)
[2025-09-01T06:49:07.145+0000][175][info ][gc,phases   ] GC(79)   Pre Evacuate Collection Set: 1.37ms
[2025-09-01T06:49:07.146+0000][175][info ][gc,phases   ] GC(79)   Merge Heap Roots: 0.26ms
[2025-09-01T06:49:07.146+0000][175][info ][gc,phases   ] GC(79)   Evacuate Collection Set: 44.52ms
[2025-09-01T06:49:07.146+0000][175][info ][gc,phases   ] GC(79)   Post Evacuate Collection Set: 2.79ms
[2025-09-01T06:49:07.146+0000][175][info ][gc,phases   ] GC(79)   Other: 0.70ms
[2025-09-01T06:49:07.146+0000][175][trace][gc,age      ] GC(79) Age table with threshold 15 (max threshold 15)
[2025-09-01T06:49:07.146+0000][175][trace][gc,age      ] GC(79) - age   1:     929744 bytes,     929744 total
[2025-09-01T06:49:07.146+0000][175][trace][gc,age      ] GC(79) - age   2:      12912 bytes,     942656 total
[2025-09-01T06:49:07.146+0000][175][trace][gc,age      ] GC(79) - age   3:      92232 bytes,    1034888 total
[2025-09-01T06:49:07.146+0000][175][trace][gc,age      ] GC(79) - age   4:       6560 bytes,    1041448 total
[2025-09-01T06:49:07.146+0000][175][trace][gc,age      ] GC(79) - age   5:       9440 bytes,    1050888 total
[2025-09-01T06:49:07.146+0000][175][trace][gc,age      ] GC(79) - age   6:     178968 bytes,    1229856 total
[2025-09-01T06:49:07.146+0000][175][trace][gc,age      ] GC(79) - age   7:     872192 bytes,    2102048 total
[2025-09-01T06:49:07.146+0000][175][trace][gc,age      ] GC(79) - age   8:      22984 bytes,    2125032 total
[2025-09-01T06:49:07.146+0000][175][trace][gc,age      ] GC(79) - age   9:      22168 bytes,    2147200 total
[2025-09-01T06:49:07.146+0000][175][trace][gc,age      ] GC(79) - age  10:      22608 bytes,    2169808 total
[2025-09-01T06:49:07.146+0000][175][trace][gc,age      ] GC(79) - age  11:      22368 bytes,    2192176 total
[2025-09-01T06:49:07.146+0000][175][trace][gc,age      ] GC(79) - age  12:       6920 bytes,    2199096 total
[2025-09-01T06:49:07.146+0000][175][trace][gc,age      ] GC(79) - age  13:       4968 bytes,    2204064 total
[2025-09-01T06:49:07.146+0000][175][trace][gc,age      ] GC(79) - age  14:       5152 bytes,    2209216 total
[2025-09-01T06:49:07.147+0000][175][trace][gc,age      ] GC(79) - age  15:       5896 bytes,    2215112 total
[2025-09-01T06:49:07.147+0000][175][info ][gc,heap     ] GC(79) Eden regions: 152->0(152)
[2025-09-01T06:49:07.147+0000][175][info ][gc,heap     ] GC(79) Survivor regions: 1->1(20)
[2025-09-01T06:49:07.147+0000][175][info ][gc,heap     ] GC(79) Old regions: 37->37
[2025-09-01T06:49:07.147+0000][175][info ][gc,heap     ] GC(79) Humongous regions: 2->2
[2025-09-01T06:49:07.147+0000][175][info ][gc,metaspace] GC(79) Metaspace: 160928K(166016K)->160928K(166016K) NonClass: 139390K(141824K)->139390K(141824K) Class: 21537K(24192K)->21537K(24192K)
[2025-09-01T06:49:07.147+0000][175][info ][gc          ] GC(79) Pause Young (Concurrent Start) (G1 Evacuation Pause) 764M->156M(1024M) 52.706ms
[2025-09-01T06:49:07.147+0000][175][info ][gc          ] GC(80) Concurrent Mark Cycle
[2025-09-01T06:49:07.147+0000][175][info ][gc,marking  ] GC(80) Concurrent Scan Root Regions
[2025-09-01T06:49:07.147+0000][175][info ][gc,cpu      ] GC(79) User=0.14s Sys=0.00s Real=0.05s
[2025-09-01T06:49:07.147+0000][175][info ][safepoint   ] Safepoint "G1CollectForAllocation", Time since last: 60483879944 ns, Reaching safepoint: 57750 ns, Cleanup: 70875 ns, At safepoint: 53158875 ns, Total: 53287500 ns
[2025-09-01T06:49:07.153+0000][175][info ][gc,marking  ] GC(80) Concurrent Scan Root Regions 6.435ms
[2025-09-01T06:49:07.153+0000][175][info ][gc,marking  ] GC(80) Concurrent Mark
[2025-09-01T06:49:07.153+0000][175][info ][gc,marking  ] GC(80) Concurrent Mark From Roots
[2025-09-01T06:49:07.154+0000][175][info ][gc,task     ] GC(80) Using 2 workers of 2 for marking
[2025-09-01T06:49:07.226+0000][175][info ][gc,marking  ] GC(80) Concurrent Mark From Roots 72.775ms
[2025-09-01T06:49:07.226+0000][175][info ][gc,marking  ] GC(80) Concurrent Preclean
[2025-09-01T06:49:07.227+0000][175][info ][gc,marking  ] GC(80) Concurrent Preclean 0.461ms
[2025-09-01T06:49:07.227+0000][175][info ][gc,start    ] GC(80) Pause Remark
[2025-09-01T06:49:07.240+0000][175][info ][gc          ] GC(80) Pause Remark 159M->159M(1024M) 13.042ms
[2025-09-01T06:49:07.240+0000][175][info ][gc,cpu      ] GC(80) User=0.09s Sys=0.00s Real=0.02s
[2025-09-01T06:49:07.240+0000][175][info ][safepoint   ] Safepoint "G1PauseRemark", Time since last: 79805958 ns, Reaching safepoint: 9125 ns, Cleanup: 1750 ns, At safepoint: 13216750 ns, Total: 13227625 ns
[2025-09-01T06:49:07.240+0000][175][info ][gc,marking  ] GC(80) Concurrent Mark 86.754ms
[2025-09-01T06:49:07.240+0000][175][info ][gc,marking  ] GC(80) Concurrent Rebuild Remembered Sets and Scrub Regions
[2025-09-01T06:49:07.264+0000][175][info ][gc,marking  ] GC(80) Concurrent Rebuild Remembered Sets and Scrub Regions 23.632ms
[2025-09-01T06:49:07.264+0000][175][info ][gc,start    ] GC(80) Pause Cleanup
[2025-09-01T06:49:07.264+0000][175][info ][gc          ] GC(80) Pause Cleanup 159M->159M(1024M) 0.139ms
[2025-09-01T06:49:07.264+0000][175][info ][gc,cpu      ] GC(80) User=0.00s Sys=0.00s Real=0.00s
[2025-09-01T06:49:07.264+0000][175][info ][safepoint   ] Safepoint "G1PauseCleanup", Time since last: 23828167 ns, Reaching safepoint: 7375 ns, Cleanup: 2500 ns, At safepoint: 269667 ns, Total: 279542 ns
[2025-09-01T06:49:07.264+0000][175][info ][gc,marking  ] GC(80) Concurrent Clear Claimed Marks
[2025-09-01T06:49:07.265+0000][175][info ][gc,marking  ] GC(80) Concurrent Clear Claimed Marks 0.250ms
[2025-09-01T06:49:07.265+0000][175][info ][gc,marking  ] GC(80) Concurrent Cleanup for Next Mark
[2025-09-01T06:49:07.270+0000][175][info ][gc,marking  ] GC(80) Concurrent Cleanup for Next Mark 5.031ms
[2025-09-01T06:49:07.270+0000][175][info ][gc          ] GC(80) Concurrent Mark Cycle 122.780ms
[2025-09-01T06:49:44.949+0000][175][info ][safepoint   ] Safepoint "Cleanup", Time since last: 37683613933 ns, Reaching safepoint: 68125 ns, Cleanup: 38792 ns, At safepoint: 116542 ns, Total: 223459 ns
[2025-09-01T06:50:03.378+0000][175][info ][safepoint   ] Safepoint "Cleanup", Time since last: 18429543342 ns, Reaching safepoint: 75958 ns, Cleanup: 48042 ns, At safepoint: 25833 ns, Total: 149833 ns
[2025-09-01T06:50:13.024+0000][175][info ][safepoint   ] Safepoint "Cleanup", Time since last: 9645682880 ns, Reaching safepoint: 18083 ns, Cleanup: 30417 ns, At safepoint: 9666 ns, Total: 58166 ns
[2025-09-01T06:50:34.164+0000][175][info ][safepoint   ] Safepoint "Cleanup", Time since last: 21139585968 ns, Reaching safepoint: 62000 ns, Cleanup: 23000 ns, At safepoint: 4041 ns, Total: 89041 ns
[2025-09-01T06:51:38.490+0000][175][info ][safepoint   ] Safepoint "Cleanup", Time since last: 64326193155 ns, Reaching safepoint: 20917 ns, Cleanup: 41000 ns, At safepoint: 8958 ns, Total: 70875 ns
[2025-09-01T06:51:45.499+0000][175][info ][safepoint   ] Safepoint "Cleanup", Time since last: 7008410919 ns, Reaching safepoint: 120042 ns, Cleanup: 39792 ns, At safepoint: 30000 ns, Total: 189834 ns
[2025-09-01T06:51:55.298+0000][175][info ][safepoint   ] Safepoint "Cleanup", Time since last: 9799173379 ns, Reaching safepoint: 5750 ns, Cleanup: 12792 ns, At safepoint: 8375 ns, Total: 26917 ns
[2025-09-01T06:51:56.673+0000][175][info ][safepoint   ] Safepoint "Cleanup", Time since last: 1375202501 ns, Reaching safepoint: 73708 ns, Cleanup: 49000 ns, At safepoint: 19083 ns, Total: 141791 ns
[2025-09-01T06:51:57.675+0000][175][info ][safepoint   ] Safepoint "Cleanup", Time since last: 1001344668 ns, Reaching safepoint: 24291 ns, Cleanup: 57459 ns, At safepoint: 39000 ns, Total: 120750 ns
[2025-09-01T06:52:15.573+0000][175][info ][safepoint   ] Safepoint "Cleanup", Time since last: 17897513175 ns, Reaching safepoint: 48041 ns, Cleanup: 86042 ns, At safepoint: 35167 ns, Total: 169250 ns
[2025-09-01T06:54:00.848+0000][175][info ][safepoint   ] Safepoint "Cleanup", Time since last: 105275220297 ns, Reaching safepoint: 12917 ns, Cleanup: 32167 ns, At safepoint: 9791 ns, Total: 54875 ns
[2025-09-01T06:54:25.116+0000][175][info ][safepoint   ] Safepoint "Cleanup", Time since last: 24268289844 ns, Reaching safepoint: 11792 ns, Cleanup: 17417 ns, At safepoint: 12500 ns, Total: 41709 ns
[2025-09-01T06:54:59.099+0000][175][info ][gc,start    ] GC(81) Pause Young (Normal) (G1 Evacuation Pause)
[2025-09-01T06:54:59.101+0000][175][info ][gc,task     ] GC(81) Using 8 workers of 8 for evacuation
[2025-09-01T06:54:59.101+0000][175][debug][gc,age      ] GC(81) Desired survivor size 41943040 bytes, new threshold 15 (max threshold 15)
[2025-09-01T06:54:59.125+0000][175][info ][gc,phases   ] GC(81)   Pre Evacuate Collection Set: 1.33ms
[2025-09-01T06:54:59.125+0000][175][info ][gc,phases   ] GC(81)   Merge Heap Roots: 0.43ms
[2025-09-01T06:54:59.125+0000][175][info ][gc,phases   ] GC(81)   Evacuate Collection Set: 12.38ms
[2025-09-01T06:54:59.125+0000][175][info ][gc,phases   ] GC(81)   Post Evacuate Collection Set: 8.69ms
[2025-09-01T06:54:59.125+0000][175][info ][gc,phases   ] GC(81)   Other: 0.62ms
[2025-09-01T06:54:59.125+0000][175][trace][gc,age      ] GC(81) Age table with threshold 15 (max threshold 15)
[2025-09-01T06:54:59.125+0000][175][trace][gc,age      ] GC(81) - age   1:    1041928 bytes,    1041928 total
[2025-09-01T06:54:59.125+0000][175][trace][gc,age      ] GC(81) - age   2:      21200 bytes,    1063128 total
[2025-09-01T06:54:59.125+0000][175][trace][gc,age      ] GC(81) - age   3:      11496 bytes,    1074624 total
[2025-09-01T06:54:59.125+0000][175][trace][gc,age      ] GC(81) - age   4:      89456 bytes,    1164080 total
[2025-09-01T06:54:59.125+0000][175][trace][gc,age      ] GC(81) - age   5:       6432 bytes,    1170512 total
[2025-09-01T06:54:59.126+0000][175][trace][gc,age      ] GC(81) - age   6:       9376 bytes,    1179888 total
[2025-09-01T06:54:59.126+0000][175][trace][gc,age      ] GC(81) - age   7:     178968 bytes,    1358856 total
[2025-09-01T06:54:59.126+0000][175][trace][gc,age      ] GC(81) - age   8:     840128 bytes,    2198984 total
[2025-09-01T06:54:59.126+0000][175][trace][gc,age      ] GC(81) - age   9:      21400 bytes,    2220384 total
[2025-09-01T06:54:59.126+0000][175][trace][gc,age      ] GC(81) - age  10:      22168 bytes,    2242552 total
[2025-09-01T06:54:59.126+0000][175][trace][gc,age      ] GC(81) - age  11:      22608 bytes,    2265160 total
[2025-09-01T06:54:59.126+0000][175][trace][gc,age      ] GC(81) - age  12:      22368 bytes,    2287528 total
[2025-09-01T06:54:59.126+0000][175][trace][gc,age      ] GC(81) - age  13:       6920 bytes,    2294448 total
[2025-09-01T06:54:59.126+0000][175][trace][gc,age      ] GC(81) - age  14:       4968 bytes,    2299416 total
[2025-09-01T06:54:59.126+0000][175][trace][gc,age      ] GC(81) - age  15:       5152 bytes,    2304568 total
[2025-09-01T06:54:59.126+0000][175][info ][gc,heap     ] GC(81) Eden regions: 152->0(152)
[2025-09-01T06:54:59.126+0000][175][info ][gc,heap     ] GC(81) Survivor regions: 1->1(20)
[2025-09-01T06:54:59.126+0000][175][info ][gc,heap     ] GC(81) Old regions: 37->37
[2025-09-01T06:54:59.126+0000][175][info ][gc,heap     ] GC(81) Humongous regions: 2->2
[2025-09-01T06:54:59.126+0000][175][info ][gc,metaspace] GC(81) Metaspace: 160989K(166080K)->160989K(166080K) NonClass: 139452K(141888K)->139452K(141888K) Class: 21537K(24192K)->21537K(24192K)
[2025-09-01T06:54:59.127+0000][175][info ][gc          ] GC(81) Pause Young (Normal) (G1 Evacuation Pause) 764M->157M(1024M) 27.586ms
[2025-09-01T06:54:59.127+0000][175][info ][gc,cpu      ] GC(81) User=0.16s Sys=0.00s Real=0.03s
[2025-09-01T06:54:59.127+0000][175][info ][safepoint   ] Safepoint "G1CollectForAllocation", Time since last: 33982520974 ns, Reaching safepoint: 53583 ns, Cleanup: 6084 ns, At safepoint: 27883625 ns, Total: 27943292 ns
[2025-09-01T06:55:00.128+0000][175][info ][safepoint   ] Safepoint "Cleanup", Time since last: 1001338708 ns, Reaching safepoint: 79834 ns, Cleanup: 59250 ns, At safepoint: 26208 ns, Total: 165292 ns
[2025-09-01T06:55:30.364+0000][175][info ][safepoint   ] Safepoint "Cleanup", Time since last: 30235991930 ns, Reaching safepoint: 22375 ns, Cleanup: 14834 ns, At safepoint: 14125 ns, Total: 51334 ns
[2025-09-01T06:56:24.375+0000][175][info ][safepoint   ] Safepoint "Cleanup", Time since last: 54009977316 ns, Reaching safepoint: 7208 ns, Cleanup: 30584 ns, At safepoint: 8541 ns, Total: 46333 ns
[2025-09-01T06:56:49.756+0000][175][info ][safepoint   ] Safepoint "Cleanup", Time since last: 25381573054 ns, Reaching safepoint: 11291 ns, Cleanup: 10500 ns, At safepoint: 5292 ns, Total: 27083 ns
[2025-09-01T06:58:20.268+0000][175][info ][safepoint   ] Safepoint "Cleanup", Time since last: 90510854291 ns, Reaching safepoint: 350125 ns, Cleanup: 43208 ns, At safepoint: 91542 ns, Total: 484875 ns
[2025-09-01T06:58:36.438+0000][175][info ][safepoint   ] Safepoint "Cleanup", Time since last: 16170335091 ns, Reaching safepoint: 3500 ns, Cleanup: 12208 ns, At safepoint: 4542 ns, Total: 20250 ns
[2025-09-01T06:58:38.147+0000][175][info ][safepoint   ] Safepoint "Cleanup", Time since last: 1709144042 ns, Reaching safepoint: 45959 ns, Cleanup: 51291 ns, At safepoint: 13792 ns, Total: 111042 ns
[2025-09-01T06:58:40.158+0000][175][info ][safepoint   ] Safepoint "Cleanup", Time since last: 2010794418 ns, Reaching safepoint: 16458 ns, Cleanup: 33875 ns, At safepoint: 10542 ns, Total: 60875 ns
[2025-09-01T06:58:46.184+0000][175][info ][safepoint   ] Safepoint "Cleanup", Time since last: 6026339293 ns, Reaching safepoint: 63750 ns, Cleanup: 50625 ns, At safepoint: 27000 ns, Total: 141375 ns
[2025-09-01T06:59:39.436+0000][175][info ][safepoint   ] Safepoint "Cleanup", Time since last: 53251087317 ns, Reaching safepoint: 3416 ns, Cleanup: 12417 ns, At safepoint: 8000 ns, Total: 23833 ns
[2025-09-01T07:00:45.500+0000][175][info ][gc,start    ] GC(82) Pause Young (Concurrent Start) (G1 Evacuation Pause)
[2025-09-01T07:00:45.500+0000][175][info ][gc,task     ] GC(82) Using 8 workers of 8 for evacuation
[2025-09-01T07:00:45.500+0000][175][debug][gc,age      ] GC(82) Desired survivor size 41943040 bytes, new threshold 15 (max threshold 15)
[2025-09-01T07:00:45.517+0000][175][info ][gc,phases   ] GC(82)   Pre Evacuate Collection Set: 0.52ms
[2025-09-01T07:00:45.517+0000][175][info ][gc,phases   ] GC(82)   Merge Heap Roots: 0.12ms
[2025-09-01T07:00:45.517+0000][175][info ][gc,phases   ] GC(82)   Evacuate Collection Set: 13.21ms
[2025-09-01T07:00:45.517+0000][175][info ][gc,phases   ] GC(82)   Post Evacuate Collection Set: 2.43ms
[2025-09-01T07:00:45.517+0000][175][info ][gc,phases   ] GC(82)   Other: 0.27ms
[2025-09-01T07:00:45.517+0000][175][trace][gc,age      ] GC(82) Age table with threshold 15 (max threshold 15)
[2025-09-01T07:00:45.517+0000][175][trace][gc,age      ] GC(82) - age   1:    1020520 bytes,    1020520 total
[2025-09-01T07:00:45.517+0000][175][trace][gc,age      ] GC(82) - age   2:      48136 bytes,    1068656 total
[2025-09-01T07:00:45.517+0000][175][trace][gc,age      ] GC(82) - age   3:       6920 bytes,    1075576 total
[2025-09-01T07:00:45.517+0000][175][trace][gc,age      ] GC(82) - age   4:      11240 bytes,    1086816 total
[2025-09-01T07:00:45.517+0000][175][trace][gc,age      ] GC(82) - age   5:      86840 bytes,    1173656 total
[2025-09-01T07:00:45.517+0000][175][trace][gc,age      ] GC(82) - age   6:       6432 bytes,    1180088 total
[2025-09-01T07:00:45.517+0000][175][trace][gc,age      ] GC(82) - age   7:       9376 bytes,    1189464 total
[2025-09-01T07:00:45.517+0000][175][trace][gc,age      ] GC(82) - age   8:     178856 bytes,    1368320 total
[2025-09-01T07:00:45.517+0000][175][trace][gc,age      ] GC(82) - age   9:     840128 bytes,    2208448 total
[2025-09-01T07:00:45.517+0000][175][trace][gc,age      ] GC(82) - age  10:      21400 bytes,    2229848 total
[2025-09-01T07:00:45.517+0000][175][trace][gc,age      ] GC(82) - age  11:      22168 bytes,    2252016 total
[2025-09-01T07:00:45.518+0000][175][trace][gc,age      ] GC(82) - age  12:      22576 bytes,    2274592 total
[2025-09-01T07:00:45.518+0000][175][trace][gc,age      ] GC(82) - age  13:      22368 bytes,    2296960 total
[2025-09-01T07:00:45.518+0000][175][trace][gc,age      ] GC(82) - age  14:       6920 bytes,    2303880 total
[2025-09-01T07:00:45.518+0000][175][trace][gc,age      ] GC(82) - age  15:       4968 bytes,    2308848 total
[2025-09-01T07:00:45.518+0000][175][info ][gc,heap     ] GC(82) Eden regions: 152->0(152)
[2025-09-01T07:00:45.518+0000][175][info ][gc,heap     ] GC(82) Survivor regions: 1->1(20)
[2025-09-01T07:00:45.518+0000][175][info ][gc,heap     ] GC(82) Old regions: 37->37
[2025-09-01T07:00:45.518+0000][175][info ][gc,heap     ] GC(82) Humongous regions: 2->2
[2025-09-01T07:00:45.518+0000][175][info ][gc,metaspace] GC(82) Metaspace: 161014K(166080K)->161014K(166080K) NonClass: 139476K(141888K)->139476K(141888K) Class: 21537K(24192K)->21537K(24192K)
[2025-09-01T07:00:45.518+0000][175][info ][gc          ] GC(82) Pause Young (Concurrent Start) (G1 Evacuation Pause) 765M->156M(1024M) 17.894ms
[2025-09-01T07:00:45.518+0000][175][info ][gc          ] GC(83) Concurrent Mark Cycle
[2025-09-01T07:00:45.518+0000][175][info ][gc,marking  ] GC(83) Concurrent Scan Root Regions
[2025-09-01T07:00:45.518+0000][175][info ][gc,cpu      ] GC(82) User=0.05s Sys=0.01s Real=0.02s
[2025-09-01T07:00:45.518+0000][175][info ][safepoint   ] Safepoint "G1CollectForAllocation", Time since last: 66063908321 ns, Reaching safepoint: 8500 ns, Cleanup: 2792 ns, At safepoint: 18187791 ns, Total: 18199083 ns
[2025-09-01T07:00:45.527+0000][175][info ][gc,marking  ] GC(83) Concurrent Scan Root Regions 8.624ms
[2025-09-01T07:00:45.527+0000][175][info ][gc,marking  ] GC(83) Concurrent Mark
[2025-09-01T07:00:45.527+0000][175][info ][gc,marking  ] GC(83) Concurrent Mark From Roots
[2025-09-01T07:00:45.527+0000][175][info ][gc,task     ] GC(83) Using 2 workers of 2 for marking
[2025-09-01T07:00:45.605+0000][175][info ][gc,marking  ] GC(83) Concurrent Mark From Roots 78.434ms
[2025-09-01T07:00:45.605+0000][175][info ][gc,marking  ] GC(83) Concurrent Preclean
[2025-09-01T07:00:45.606+0000][175][info ][gc,marking  ] GC(83) Concurrent Preclean 0.538ms
[2025-09-01T07:00:45.606+0000][175][info ][gc,start    ] GC(83) Pause Remark
[2025-09-01T07:00:45.618+0000][175][info ][gc          ] GC(83) Pause Remark 162M->162M(1024M) 12.501ms
[2025-09-01T07:00:45.619+0000][175][info ][gc,cpu      ] GC(83) User=0.06s Sys=0.01s Real=0.01s
[2025-09-01T07:00:45.619+0000][175][info ][safepoint   ] Safepoint "G1PauseRemark", Time since last: 87793459 ns, Reaching safepoint: 20708 ns, Cleanup: 24875 ns, At safepoint: 12739000 ns, Total: 12784583 ns
[2025-09-01T07:00:45.619+0000][175][info ][gc,marking  ] GC(83) Concurrent Mark 92.048ms
[2025-09-01T07:00:45.619+0000][175][info ][gc,marking  ] GC(83) Concurrent Rebuild Remembered Sets and Scrub Regions
[2025-09-01T07:00:45.644+0000][175][info ][gc,marking  ] GC(83) Concurrent Rebuild Remembered Sets and Scrub Regions 25.123ms
[2025-09-01T07:00:45.644+0000][175][info ][gc,start    ] GC(83) Pause Cleanup
[2025-09-01T07:00:45.644+0000][175][info ][gc          ] GC(83) Pause Cleanup 165M->165M(1024M) 0.104ms
[2025-09-01T07:00:45.644+0000][175][info ][gc,cpu      ] GC(83) User=0.00s Sys=0.01s Real=0.00s
[2025-09-01T07:00:45.644+0000][175][info ][safepoint   ] Safepoint "G1PauseCleanup", Time since last: 25300750 ns, Reaching safepoint: 8792 ns, Cleanup: 17625 ns, At safepoint: 177916 ns, Total: 204333 ns
[2025-09-01T07:00:45.644+0000][175][info ][gc,marking  ] GC(83) Concurrent Clear Claimed Marks
[2025-09-01T07:00:45.644+0000][175][info ][gc,marking  ] GC(83) Concurrent Clear Claimed Marks 0.230ms
[2025-09-01T07:00:45.644+0000][175][info ][gc,marking  ] GC(83) Concurrent Cleanup for Next Mark
[2025-09-01T07:00:45.650+0000][175][info ][gc,marking  ] GC(83) Concurrent Cleanup for Next Mark 5.954ms
[2025-09-01T07:00:45.650+0000][175][info ][gc          ] GC(83) Concurrent Mark Cycle 132.559ms
[2025-09-01T07:01:50.399+0000][175][info ][safepoint   ] Safepoint "Cleanup", Time since last: 64754815114 ns, Reaching safepoint: 4625 ns, Cleanup: 8000 ns, At safepoint: 5833 ns, Total: 18458 ns
[2025-09-01T07:02:48.468+0000][175][info ][safepoint   ] Safepoint "Cleanup", Time since last: 58068348652 ns, Reaching safepoint: 186791 ns, Cleanup: 18125 ns, At safepoint: 12459 ns, Total: 217375 ns
[2025-09-01T07:03:52.677+0000][175][info ][safepoint   ] Safepoint "Cleanup", Time since last: 64208856445 ns, Reaching safepoint: 103000 ns, Cleanup: 32375 ns, At safepoint: 47292 ns, Total: 182667 ns
[2025-09-01T07:04:06.731+0000][175][info ][safepoint   ] Safepoint "Cleanup", Time since last: 14053980715 ns, Reaching safepoint: 64500 ns, Cleanup: 34000 ns, At safepoint: 16417 ns, Total: 114917 ns
[2025-09-01T07:04:20.745+0000][175][info ][safepoint   ] Safepoint "Cleanup", Time since last: 14013586756 ns, Reaching safepoint: 11291 ns, Cleanup: 10125 ns, At safepoint: 27125 ns, Total: 48541 ns
[2025-09-01T07:05:33.504+0000][175][info ][safepoint   ] Safepoint "Cleanup", Time since last: 72759026659 ns, Reaching safepoint: 3750 ns, Cleanup: 5208 ns, At safepoint: 5542 ns, Total: 14500 ns
[2025-09-01T07:05:57.492+0000][175][info ][safepoint   ] Safepoint "Cleanup", Time since last: 23987878135 ns, Reaching safepoint: 8167 ns, Cleanup: 12000 ns, At safepoint: 8083 ns, Total: 28250 ns
[2025-09-01T07:06:38.097+0000][175][info ][gc,start    ] GC(84) Pause Young (Normal) (G1 Evacuation Pause)
[2025-09-01T07:06:38.099+0000][175][info ][gc,task     ] GC(84) Using 8 workers of 8 for evacuation
[2025-09-01T07:06:38.099+0000][175][debug][gc,age      ] GC(84) Desired survivor size 41943040 bytes, new threshold 15 (max threshold 15)
[2025-09-01T07:06:38.120+0000][175][info ][gc,phases   ] GC(84)   Pre Evacuate Collection Set: 1.10ms
[2025-09-01T07:06:38.120+0000][175][info ][gc,phases   ] GC(84)   Merge Heap Roots: 0.31ms
[2025-09-01T07:06:38.120+0000][175][info ][gc,phases   ] GC(84)   Evacuate Collection Set: 12.81ms
[2025-09-01T07:06:38.120+0000][175][info ][gc,phases   ] GC(84)   Post Evacuate Collection Set: 6.38ms
[2025-09-01T07:06:38.120+0000][175][info ][gc,phases   ] GC(84)   Other: 0.53ms
[2025-09-01T07:06:38.120+0000][175][trace][gc,age      ] GC(84) Age table with threshold 15 (max threshold 15)
[2025-09-01T07:06:38.120+0000][175][trace][gc,age      ] GC(84) - age   1:    1058304 bytes,    1058304 total
[2025-09-01T07:06:38.121+0000][175][trace][gc,age      ] GC(84) - age   2:      12032 bytes,    1070336 total
[2025-09-01T07:06:38.121+0000][175][trace][gc,age      ] GC(84) - age   3:      45080 bytes,    1115416 total
[2025-09-01T07:06:38.121+0000][175][trace][gc,age      ] GC(84) - age   4:       6632 bytes,    1122048 total
[2025-09-01T07:06:38.121+0000][175][trace][gc,age      ] GC(84) - age   5:       6992 bytes,    1129040 total
[2025-09-01T07:06:38.121+0000][175][trace][gc,age      ] GC(84) - age   6:      84272 bytes,    1213312 total
[2025-09-01T07:06:38.121+0000][175][trace][gc,age      ] GC(84) - age   7:       6432 bytes,    1219744 total
[2025-09-01T07:06:38.121+0000][175][trace][gc,age      ] GC(84) - age   8:       7040 bytes,    1226784 total
[2025-09-01T07:06:38.121+0000][175][trace][gc,age      ] GC(84) - age   9:     162704 bytes,    1389488 total
[2025-09-01T07:06:38.121+0000][175][trace][gc,age      ] GC(84) - age  10:     832112 bytes,    2221600 total
[2025-09-01T07:06:38.121+0000][175][trace][gc,age      ] GC(84) - age  11:      21400 bytes,    2243000 total
[2025-09-01T07:06:38.121+0000][175][trace][gc,age      ] GC(84) - age  12:       5976 bytes,    2248976 total
[2025-09-01T07:06:38.121+0000][175][trace][gc,age      ] GC(84) - age  13:      22576 bytes,    2271552 total
[2025-09-01T07:06:38.121+0000][175][trace][gc,age      ] GC(84) - age  14:       6216 bytes,    2277768 total
[2025-09-01T07:06:38.122+0000][175][trace][gc,age      ] GC(84) - age  15:       6920 bytes,    2284688 total
[2025-09-01T07:06:38.122+0000][175][info ][gc,heap     ] GC(84) Eden regions: 152->0(152)
[2025-09-01T07:06:38.122+0000][175][info ][gc,heap     ] GC(84) Survivor regions: 1->1(20)
[2025-09-01T07:06:38.122+0000][175][info ][gc,heap     ] GC(84) Old regions: 37->37
[2025-09-01T07:06:38.122+0000][175][info ][gc,heap     ] GC(84) Humongous regions: 2->2
[2025-09-01T07:06:38.122+0000][175][info ][gc,metaspace] GC(84) Metaspace: 161020K(166080K)->161020K(166080K) NonClass: 139482K(141888K)->139482K(141888K) Class: 21537K(24192K)->21537K(24192K)
[2025-09-01T07:06:38.122+0000][175][info ][gc          ] GC(84) Pause Young (Normal) (G1 Evacuation Pause) 764M->157M(1024M) 24.779ms
[2025-09-01T07:06:38.122+0000][175][info ][gc,cpu      ] GC(84) User=0.13s Sys=0.00s Real=0.02s
[2025-09-01T07:06:38.122+0000][175][info ][safepoint   ] Safepoint "G1CollectForAllocation", Time since last: 40604929728 ns, Reaching safepoint: 56750 ns, Cleanup: 31625 ns, At safepoint: 25122167 ns, Total: 25210542 ns
[2025-09-01T07:06:51.124+0000][175][info ][safepoint   ] Safepoint "Cleanup", Time since last: 13002499130 ns, Reaching safepoint: 3792 ns, Cleanup: 5791 ns, At safepoint: 5834 ns, Total: 15417 ns
[2025-09-01T07:07:01.566+0000][175][info ][safepoint   ] Safepoint "Cleanup", Time since last: 10441924088 ns, Reaching safepoint: 3792 ns, Cleanup: 5625 ns, At safepoint: 1708 ns, Total: 11125 ns
[2025-09-01T07:07:44.648+0000][175][info ][safepoint   ] Safepoint "Cleanup", Time since last: 43081248187 ns, Reaching safepoint: 72166 ns, Cleanup: 42125 ns, At safepoint: 19584 ns, Total: 133875 ns
[2025-09-01T07:08:06.778+0000][175][info ][safepoint   ] Safepoint "Cleanup", Time since last: 22130370177 ns, Reaching safepoint: 17667 ns, Cleanup: 26666 ns, At safepoint: 10792 ns, Total: 55125 ns
[2025-09-01T07:09:06.510+0000][175][info ][safepoint   ] Safepoint "Cleanup", Time since last: 59731353611 ns, Reaching safepoint: 7208 ns, Cleanup: 11542 ns, At safepoint: 8583 ns, Total: 27333 ns
[2025-09-01T07:11:12.532+0000][175][info ][safepoint   ] Safepoint "Cleanup", Time since last: 126021688559 ns, Reaching safepoint: 18000 ns, Cleanup: 44625 ns, At safepoint: 7417 ns, Total: 70042 ns
[2025-09-01T07:11:45.700+0000][175][info ][safepoint   ] Safepoint "Cleanup", Time since last: 33167349264 ns, Reaching safepoint: 14209 ns, Cleanup: 11000 ns, At safepoint: 9125 ns, Total: 34334 ns
[2025-09-01T07:12:02.729+0000][175][info ][safepoint   ] Safepoint "Cleanup", Time since last: 17029536925 ns, Reaching safepoint: 40125 ns, Cleanup: 23583 ns, At safepoint: 16083 ns, Total: 79791 ns
[2025-09-01T07:12:15.545+0000][175][info ][safepoint   ] Safepoint "Cleanup", Time since last: 12815478256 ns, Reaching safepoint: 4583 ns, Cleanup: 25042 ns, At safepoint: 11208 ns, Total: 40833 ns
[2025-09-01T07:12:16.863+0000][175][info ][safepoint   ] Safepoint "Cleanup", Time since last: 1317829501 ns, Reaching safepoint: 13250 ns, Cleanup: 22166 ns, At safepoint: 8042 ns, Total: 43458 ns
[2025-09-01T07:12:29.986+0000][175][info ][gc,start    ] GC(85) Pause Young (Concurrent Start) (G1 Evacuation Pause)
[2025-09-01T07:12:29.987+0000][175][info ][gc,task     ] GC(85) Using 8 workers of 8 for evacuation
[2025-09-01T07:12:29.987+0000][175][debug][gc,age      ] GC(85) Desired survivor size 41943040 bytes, new threshold 15 (max threshold 15)
[2025-09-01T07:12:30.006+0000][175][info ][gc,phases   ] GC(85)   Pre Evacuate Collection Set: 0.67ms
[2025-09-01T07:12:30.007+0000][175][info ][gc,phases   ] GC(85)   Merge Heap Roots: 0.14ms
[2025-09-01T07:12:30.007+0000][175][info ][gc,phases   ] GC(85)   Evacuate Collection Set: 15.22ms
[2025-09-01T07:12:30.007+0000][175][info ][gc,phases   ] GC(85)   Post Evacuate Collection Set: 3.29ms
[2025-09-01T07:12:30.007+0000][175][info ][gc,phases   ] GC(85)   Other: 0.53ms
[2025-09-01T07:12:30.007+0000][175][trace][gc,age      ] GC(85) Age table with threshold 15 (max threshold 15)
[2025-09-01T07:12:30.007+0000][175][trace][gc,age      ] GC(85) - age   1:     730304 bytes,     730304 total
[2025-09-01T07:12:30.007+0000][175][trace][gc,age      ] GC(85) - age   2:      55296 bytes,     785600 total
[2025-09-01T07:12:30.007+0000][175][trace][gc,age      ] GC(85) - age   3:      10664 bytes,     796264 total
[2025-09-01T07:12:30.007+0000][175][trace][gc,age      ] GC(85) - age   4:      40640 bytes,     836904 total
[2025-09-01T07:12:30.007+0000][175][trace][gc,age      ] GC(85) - age   5:       5856 bytes,     842760 total
[2025-09-01T07:12:30.007+0000][175][trace][gc,age      ] GC(85) - age   6:       6736 bytes,     849496 total
[2025-09-01T07:12:30.008+0000][175][trace][gc,age      ] GC(85) - age   7:      84240 bytes,     933736 total
[2025-09-01T07:12:30.008+0000][175][trace][gc,age      ] GC(85) - age   8:       6432 bytes,     940168 total
[2025-09-01T07:12:30.008+0000][175][trace][gc,age      ] GC(85) - age   9:       7040 bytes,     947208 total
[2025-09-01T07:12:30.008+0000][175][trace][gc,age      ] GC(85) - age  10:     162704 bytes,    1109912 total
[2025-09-01T07:12:30.008+0000][175][trace][gc,age      ] GC(85) - age  11:     832112 bytes,    1942024 total
[2025-09-01T07:12:30.008+0000][175][trace][gc,age      ] GC(85) - age  12:      21400 bytes,    1963424 total
[2025-09-01T07:12:30.008+0000][175][trace][gc,age      ] GC(85) - age  13:       5936 bytes,    1969360 total
[2025-09-01T07:12:30.008+0000][175][trace][gc,age      ] GC(85) - age  14:      22272 bytes,    1991632 total
[2025-09-01T07:12:30.008+0000][175][trace][gc,age      ] GC(85) - age  15:       6216 bytes,    1997848 total
[2025-09-01T07:12:30.008+0000][175][info ][gc,heap     ] GC(85) Eden regions: 152->0(152)
[2025-09-01T07:12:30.008+0000][175][info ][gc,heap     ] GC(85) Survivor regions: 1->1(20)
[2025-09-01T07:12:30.008+0000][175][info ][gc,heap     ] GC(85) Old regions: 37->37
[2025-09-01T07:12:30.008+0000][175][info ][gc,heap     ] GC(85) Humongous regions: 2->2
[2025-09-01T07:12:30.008+0000][175][info ][gc,metaspace] GC(85) Metaspace: 161027K(166080K)->161027K(166080K) NonClass: 139489K(141888K)->139489K(141888K) Class: 21537K(24192K)->21537K(24192K)
[2025-09-01T07:12:30.008+0000][175][info ][gc          ] GC(85) Pause Young (Concurrent Start) (G1 Evacuation Pause) 765M->156M(1024M) 22.422ms
[2025-09-01T07:12:30.009+0000][175][info ][gc          ] GC(86) Concurrent Mark Cycle
[2025-09-01T07:12:30.009+0000][175][info ][gc,marking  ] GC(86) Concurrent Scan Root Regions
[2025-09-01T07:12:30.009+0000][175][info ][gc,cpu      ] GC(85) User=0.08s Sys=0.01s Real=0.02s
[2025-09-01T07:12:30.009+0000][175][info ][safepoint   ] Safepoint "G1CollectForAllocation", Time since last: 13123141548 ns, Reaching safepoint: 147208 ns, Cleanup: 7375 ns, At safepoint: 22911750 ns, Total: 23066333 ns
[2025-09-01T07:12:30.017+0000][175][info ][gc,marking  ] GC(86) Concurrent Scan Root Regions 8.538ms
[2025-09-01T07:12:30.017+0000][175][info ][gc,marking  ] GC(86) Concurrent Mark
[2025-09-01T07:12:30.017+0000][175][info ][gc,marking  ] GC(86) Concurrent Mark From Roots
[2025-09-01T07:12:30.017+0000][175][info ][gc,task     ] GC(86) Using 2 workers of 2 for marking
[2025-09-01T07:12:30.095+0000][175][info ][gc,marking  ] GC(86) Concurrent Mark From Roots 78.059ms
[2025-09-01T07:12:30.095+0000][175][info ][gc,marking  ] GC(86) Concurrent Preclean
[2025-09-01T07:12:30.096+0000][175][info ][gc,marking  ] GC(86) Concurrent Preclean 0.448ms
[2025-09-01T07:12:30.096+0000][175][info ][gc,start    ] GC(86) Pause Remark
[2025-09-01T07:12:30.103+0000][175][info ][gc          ] GC(86) Pause Remark 156M->156M(1024M) 7.014ms
[2025-09-01T07:12:30.103+0000][175][info ][gc,cpu      ] GC(86) User=0.04s Sys=0.00s Real=0.01s
[2025-09-01T07:12:30.103+0000][175][info ][safepoint   ] Safepoint "G1PauseRemark", Time since last: 87132250 ns, Reaching safepoint: 12417 ns, Cleanup: 1708 ns, At safepoint: 7163834 ns, Total: 7177959 ns
[2025-09-01T07:12:30.103+0000][175][info ][gc,marking  ] GC(86) Concurrent Mark 85.968ms
[2025-09-01T07:12:30.103+0000][175][info ][gc,marking  ] GC(86) Concurrent Rebuild Remembered Sets and Scrub Regions
[2025-09-01T07:12:30.128+0000][175][info ][gc,marking  ] GC(86) Concurrent Rebuild Remembered Sets and Scrub Regions 24.259ms
[2025-09-01T07:12:30.128+0000][175][info ][gc,start    ] GC(86) Pause Cleanup
[2025-09-01T07:12:30.128+0000][175][info ][gc          ] GC(86) Pause Cleanup 156M->156M(1024M) 0.137ms
[2025-09-01T07:12:30.128+0000][175][info ][gc,cpu      ] GC(86) User=0.00s Sys=0.00s Real=0.00s
[2025-09-01T07:12:30.128+0000][175][info ][safepoint   ] Safepoint "G1PauseCleanup", Time since last: 24420333 ns, Reaching safepoint: 7583 ns, Cleanup: 8125 ns, At safepoint: 235542 ns, Total: 251250 ns
[2025-09-01T07:12:30.128+0000][175][info ][gc,marking  ] GC(86) Concurrent Clear Claimed Marks
[2025-09-01T07:12:30.128+0000][175][info ][gc,marking  ] GC(86) Concurrent Clear Claimed Marks 0.236ms
[2025-09-01T07:12:30.128+0000][175][info ][gc,marking  ] GC(86) Concurrent Cleanup for Next Mark
[2025-09-01T07:12:30.133+0000][175][info ][gc,marking  ] GC(86) Concurrent Cleanup for Next Mark 4.481ms
[2025-09-01T07:12:30.133+0000][175][info ][gc          ] GC(86) Concurrent Mark Cycle 124.119ms
[2025-09-01T07:13:21.564+0000][175][info ][safepoint   ] Safepoint "Cleanup", Time since last: 51436216440 ns, Reaching safepoint: 5333 ns, Cleanup: 9084 ns, At safepoint: 7750 ns, Total: 22167 ns
[2025-09-01T07:14:24.452+0000][175][info ][safepoint   ] Safepoint "Cleanup", Time since last: 58355860692 ns, Reaching safepoint: 67792 ns, Cleanup: 87458 ns, At safepoint: 28625 ns, Total: 183875 ns
[2025-09-01T07:15:23.648+0000][175][info ][safepoint   ] Safepoint "Cleanup", Time since last: 59203374235 ns, Reaching safepoint: 23500 ns, Cleanup: 10084 ns, At safepoint: 10916 ns, Total: 44500 ns
[2025-09-01T07:15:26.684+0000][175][info ][safepoint   ] Safepoint "Cleanup", Time since last: 3035835627 ns, Reaching safepoint: 5958 ns, Cleanup: 14667 ns, At safepoint: 7125 ns, Total: 27750 ns
[2025-09-01T07:15:47.498+0000][175][info ][safepoint   ] Safepoint "Cleanup", Time since last: 20814297051 ns, Reaching safepoint: 3750 ns, Cleanup: 8334 ns, At safepoint: 4166 ns, Total: 16250 ns
[2025-09-01T07:15:50.574+0000][175][info ][safepoint   ] Safepoint "Cleanup", Time since last: 3075924501 ns, Reaching safepoint: 4833 ns, Cleanup: 8667 ns, At safepoint: 5167 ns, Total: 18667 ns
[2025-09-01T07:18:19.484+0000][175][info ][gc,start    ] GC(87) Pause Young (Normal) (G1 Evacuation Pause)
[2025-09-01T07:18:19.486+0000][175][info ][gc,task     ] GC(87) Using 8 workers of 8 for evacuation
[2025-09-01T07:18:19.486+0000][175][debug][gc,age      ] GC(87) Desired survivor size 41943040 bytes, new threshold 15 (max threshold 15)
[2025-09-01T07:18:19.504+0000][175][info ][gc,phases   ] GC(87)   Pre Evacuate Collection Set: 0.99ms
[2025-09-01T07:18:19.504+0000][175][info ][gc,phases   ] GC(87)   Merge Heap Roots: 0.27ms
[2025-09-01T07:18:19.504+0000][175][info ][gc,phases   ] GC(87)   Evacuate Collection Set: 10.66ms
[2025-09-01T07:18:19.504+0000][175][info ][gc,phases   ] GC(87)   Post Evacuate Collection Set: 5.25ms
[2025-09-01T07:18:19.504+0000][175][info ][gc,phases   ] GC(87)   Other: 0.53ms
[2025-09-01T07:18:19.504+0000][175][trace][gc,age      ] GC(87) Age table with threshold 15 (max threshold 15)
[2025-09-01T07:18:19.504+0000][175][trace][gc,age      ] GC(87) - age   1:    1439216 bytes,    1439216 total
[2025-09-01T07:18:19.504+0000][175][trace][gc,age      ] GC(87) - age   2:      41112 bytes,    1480328 total
[2025-09-01T07:18:19.504+0000][175][trace][gc,age      ] GC(87) - age   3:      39768 bytes,    1520096 total
[2025-09-01T07:18:19.504+0000][175][trace][gc,age      ] GC(87) - age   4:       6592 bytes,    1526688 total
[2025-09-01T07:18:19.504+0000][175][trace][gc,age      ] GC(87) - age   5:      40576 bytes,    1567264 total
[2025-09-01T07:18:19.505+0000][175][trace][gc,age      ] GC(87) - age   6:       5736 bytes,    1573000 total
[2025-09-01T07:18:19.505+0000][175][trace][gc,age      ] GC(87) - age   7:       6608 bytes,    1579608 total
[2025-09-01T07:18:19.505+0000][175][trace][gc,age      ] GC(87) - age   8:      70632 bytes,    1650240 total
[2025-09-01T07:18:19.505+0000][175][trace][gc,age      ] GC(87) - age   9:       6280 bytes,    1656520 total
[2025-09-01T07:18:19.505+0000][175][trace][gc,age      ] GC(87) - age  10:       7000 bytes,    1663520 total
[2025-09-01T07:18:19.505+0000][175][trace][gc,age      ] GC(87) - age  11:      97016 bytes,    1760536 total
[2025-09-01T07:18:19.505+0000][175][trace][gc,age      ] GC(87) - age  12:     832112 bytes,    2592648 total
[2025-09-01T07:18:19.505+0000][175][trace][gc,age      ] GC(87) - age  13:      21136 bytes,    2613784 total
[2025-09-01T07:18:19.505+0000][175][trace][gc,age      ] GC(87) - age  14:       5912 bytes,    2619696 total
[2025-09-01T07:18:19.505+0000][175][trace][gc,age      ] GC(87) - age  15:       6120 bytes,    2625816 total
[2025-09-01T07:18:19.505+0000][175][info ][gc,heap     ] GC(87) Eden regions: 152->0(152)
[2025-09-01T07:18:19.505+0000][175][info ][gc,heap     ] GC(87) Survivor regions: 1->1(20)
[2025-09-01T07:18:19.505+0000][175][info ][gc,heap     ] GC(87) Old regions: 37->37
[2025-09-01T07:18:19.505+0000][175][info ][gc,heap     ] GC(87) Humongous regions: 2->2
[2025-09-01T07:18:19.506+0000][175][info ][gc,metaspace] GC(87) Metaspace: 161029K(166080K)->161029K(166080K) NonClass: 139491K(141888K)->139491K(141888K) Class: 21537K(24192K)->21537K(24192K)
[2025-09-01T07:18:19.506+0000][175][info ][gc          ] GC(87) Pause Young (Normal) (G1 Evacuation Pause) 764M->157M(1024M) 21.210ms
[2025-09-01T07:18:19.506+0000][175][info ][gc,cpu      ] GC(87) User=0.10s Sys=0.00s Real=0.02s
[2025-09-01T07:18:19.506+0000][175][info ][safepoint   ] Safepoint "G1CollectForAllocation", Time since last: 148910373191 ns, Reaching safepoint: 51625 ns, Cleanup: 24042 ns, At safepoint: 21552625 ns, Total: 21628292 ns
[2025-09-01T07:20:35.482+0000][175][info ][safepoint   ] Safepoint "Cleanup", Time since last: 135976228895 ns, Reaching safepoint: 5959 ns, Cleanup: 26708 ns, At safepoint: 3500 ns, Total: 36167 ns
[2025-09-01T07:20:37.047+0000][175][info ][safepoint   ] Safepoint "Cleanup", Time since last: 1565497542 ns, Reaching safepoint: 16875 ns, Cleanup: 22875 ns, At safepoint: 11584 ns, Total: 51334 ns
[2025-09-01T07:20:42.120+0000][175][info ][safepoint   ] Safepoint "Cleanup", Time since last: 5072321961 ns, Reaching safepoint: 15208 ns, Cleanup: 27583 ns, At safepoint: 8459 ns, Total: 51250 ns
[2025-09-01T07:21:41.507+0000][175][info ][safepoint   ] Safepoint "Cleanup", Time since last: 59386951944 ns, Reaching safepoint: 5041 ns, Cleanup: 8250 ns, At safepoint: 6625 ns, Total: 19916 ns
[2025-09-01T07:21:56.452+0000][175][info ][safepoint   ] Safepoint "Cleanup", Time since last: 14945750007 ns, Reaching safepoint: 36791 ns, Cleanup: 30459 ns, At safepoint: 12416 ns, Total: 79666 ns
[2025-09-01T07:22:44.566+0000][175][info ][safepoint   ] Safepoint "Cleanup", Time since last: 48114292106 ns, Reaching safepoint: 3500 ns, Cleanup: 64625 ns, At safepoint: 4334 ns, Total: 72459 ns
[2025-09-01T07:23:56.497+0000][175][info ][gc,start    ] GC(88) Pause Young (Concurrent Start) (G1 Evacuation Pause)
[2025-09-01T07:23:56.498+0000][175][info ][gc,task     ] GC(88) Using 8 workers of 8 for evacuation
[2025-09-01T07:23:56.498+0000][175][debug][gc,age      ] GC(88) Desired survivor size 41943040 bytes, new threshold 15 (max threshold 15)
[2025-09-01T07:23:56.522+0000][175][info ][gc,phases   ] GC(88)   Pre Evacuate Collection Set: 0.77ms
[2025-09-01T07:23:56.522+0000][175][info ][gc,phases   ] GC(88)   Merge Heap Roots: 0.15ms
[2025-09-01T07:23:56.522+0000][175][info ][gc,phases   ] GC(88)   Evacuate Collection Set: 19.65ms
[2025-09-01T07:23:56.522+0000][175][info ][gc,phases   ] GC(88)   Post Evacuate Collection Set: 2.88ms
[2025-09-01T07:23:56.522+0000][175][info ][gc,phases   ] GC(88)   Other: 0.58ms
[2025-09-01T07:23:56.522+0000][175][trace][gc,age      ] GC(88) Age table with threshold 15 (max threshold 15)
[2025-09-01T07:23:56.522+0000][175][trace][gc,age      ] GC(88) - age   1:    1068016 bytes,    1068016 total
[2025-09-01T07:23:56.522+0000][175][trace][gc,age      ] GC(88) - age   2:     521424 bytes,    1589440 total
[2025-09-01T07:23:56.522+0000][175][trace][gc,age      ] GC(88) - age   3:      40056 bytes,    1629496 total
[2025-09-01T07:23:56.523+0000][175][trace][gc,age      ] GC(88) - age   4:      39024 bytes,    1668520 total
[2025-09-01T07:23:56.523+0000][175][trace][gc,age      ] GC(88) - age   5:       6568 bytes,    1675088 total
[2025-09-01T07:23:56.523+0000][175][trace][gc,age      ] GC(88) - age   6:      40576 bytes,    1715664 total
[2025-09-01T07:23:56.523+0000][175][trace][gc,age      ] GC(88) - age   7:       5736 bytes,    1721400 total
[2025-09-01T07:23:56.523+0000][175][trace][gc,age      ] GC(88) - age   8:       6608 bytes,    1728008 total
[2025-09-01T07:23:56.523+0000][175][trace][gc,age      ] GC(88) - age   9:      70632 bytes,    1798640 total
[2025-09-01T07:23:56.523+0000][175][trace][gc,age      ] GC(88) - age  10:       6280 bytes,    1804920 total
[2025-09-01T07:23:56.523+0000][175][trace][gc,age      ] GC(88) - age  11:       7000 bytes,    1811920 total
[2025-09-01T07:23:56.523+0000][175][trace][gc,age      ] GC(88) - age  12:      97016 bytes,    1908936 total
[2025-09-01T07:23:56.523+0000][175][trace][gc,age      ] GC(88) - age  13:     832112 bytes,    2741048 total
[2025-09-01T07:23:56.523+0000][175][trace][gc,age      ] GC(88) - age  14:      21136 bytes,    2762184 total
[2025-09-01T07:23:56.523+0000][175][trace][gc,age      ] GC(88) - age  15:       5912 bytes,    2768096 total
[2025-09-01T07:23:56.523+0000][175][info ][gc,heap     ] GC(88) Eden regions: 152->0(152)
[2025-09-01T07:23:56.523+0000][175][info ][gc,heap     ] GC(88) Survivor regions: 1->1(20)
[2025-09-01T07:23:56.523+0000][175][info ][gc,heap     ] GC(88) Old regions: 37->37
[2025-09-01T07:23:56.523+0000][175][info ][gc,heap     ] GC(88) Humongous regions: 2->2
[2025-09-01T07:23:56.523+0000][175][info ][gc,metaspace] GC(88) Metaspace: 161042K(166080K)->161042K(166080K) NonClass: 139504K(141888K)->139504K(141888K) Class: 21537K(24192K)->21537K(24192K)
[2025-09-01T07:23:56.523+0000][175][info ][gc          ] GC(88) Pause Young (Concurrent Start) (G1 Evacuation Pause) 765M->157M(1024M) 26.835ms
[2025-09-01T07:23:56.523+0000][175][info ][gc,cpu      ] GC(88) User=0.09s Sys=0.00s Real=0.02s
[2025-09-01T07:23:56.523+0000][175][info ][gc          ] GC(89) Concurrent Mark Cycle
[2025-09-01T07:23:56.524+0000][175][info ][gc,marking  ] GC(89) Concurrent Scan Root Regions
[2025-09-01T07:23:56.524+0000][175][info ][safepoint   ] Safepoint "G1CollectForAllocation", Time since last: 71929876366 ns, Reaching safepoint: 84250 ns, Cleanup: 6583 ns, At safepoint: 27113792 ns, Total: 27204625 ns
[2025-09-01T07:23:56.533+0000][175][info ][gc,marking  ] GC(89) Concurrent Scan Root Regions 8.146ms
[2025-09-01T07:23:56.535+0000][175][info ][gc,marking  ] GC(89) Concurrent Mark
[2025-09-01T07:23:56.535+0000][175][info ][gc,marking  ] GC(89) Concurrent Mark From Roots
[2025-09-01T07:23:56.535+0000][175][info ][gc,task     ] GC(89) Using 2 workers of 2 for marking
[2025-09-01T07:23:56.612+0000][175][info ][gc,marking  ] GC(89) Concurrent Mark From Roots 76.855ms
[2025-09-01T07:23:56.612+0000][175][info ][gc,marking  ] GC(89) Concurrent Preclean
[2025-09-01T07:23:56.613+0000][175][info ][gc,marking  ] GC(89) Concurrent Preclean 0.543ms
[2025-09-01T07:23:56.613+0000][175][info ][gc,start    ] GC(89) Pause Remark
[2025-09-01T07:23:56.622+0000][175][info ][gc          ] GC(89) Pause Remark 161M->161M(1024M) 9.027ms
[2025-09-01T07:23:56.622+0000][175][info ][gc,cpu      ] GC(89) User=0.05s Sys=0.00s Real=0.01s
[2025-09-01T07:23:56.622+0000][175][info ][safepoint   ] Safepoint "G1PauseRemark", Time since last: 89303875 ns, Reaching safepoint: 10333 ns, Cleanup: 2875 ns, At safepoint: 9207125 ns, Total: 9220333 ns
[2025-09-01T07:23:56.622+0000][175][info ][gc,marking  ] GC(89) Concurrent Mark 86.956ms
[2025-09-01T07:23:56.622+0000][175][info ][gc,marking  ] GC(89) Concurrent Rebuild Remembered Sets and Scrub Regions
[2025-09-01T07:23:56.647+0000][175][info ][gc,marking  ] GC(89) Concurrent Rebuild Remembered Sets and Scrub Regions 24.416ms
[2025-09-01T07:23:56.647+0000][175][info ][gc,start    ] GC(89) Pause Cleanup
[2025-09-01T07:23:56.647+0000][175][info ][gc          ] GC(89) Pause Cleanup 161M->161M(1024M) 0.153ms
[2025-09-01T07:23:56.647+0000][175][info ][gc,cpu      ] GC(89) User=0.00s Sys=0.00s Real=0.00s
[2025-09-01T07:23:56.647+0000][175][info ][safepoint   ] Safepoint "G1PauseCleanup", Time since last: 24601959 ns, Reaching safepoint: 8083 ns, Cleanup: 7333 ns, At safepoint: 284959 ns, Total: 300375 ns
[2025-09-01T07:23:56.647+0000][175][info ][gc,marking  ] GC(89) Concurrent Clear Claimed Marks
[2025-09-01T07:23:56.647+0000][175][info ][gc,marking  ] GC(89) Concurrent Clear Claimed Marks 0.240ms
[2025-09-01T07:23:56.647+0000][175][info ][gc,marking  ] GC(89) Concurrent Cleanup for Next Mark
[2025-09-01T07:23:56.651+0000][175][info ][gc,marking  ] GC(89) Concurrent Cleanup for Next Mark 4.029ms
[2025-09-01T07:23:56.651+0000][175][info ][gc          ] GC(89) Concurrent Mark Cycle 127.915ms
[2025-09-01T07:24:49.622+0000][175][info ][safepoint   ] Safepoint "Cleanup", Time since last: 52974998482 ns, Reaching safepoint: 85459 ns, Cleanup: 65583 ns, At safepoint: 151750 ns, Total: 302792 ns
[2025-09-01T07:25:54.330+0000][175][info ][safepoint   ] Safepoint "Cleanup", Time since last: 64707833321 ns, Reaching safepoint: 14583 ns, Cleanup: 29250 ns, At safepoint: 14292 ns, Total: 58125 ns
[2025-09-01T07:29:59.067+0000][175][info ][gc,start    ] GC(90) Pause Young (Normal) (G1 Evacuation Pause)
[2025-09-01T07:29:59.069+0000][175][info ][gc,task     ] GC(90) Using 8 workers of 8 for evacuation
[2025-09-01T07:29:59.069+0000][175][debug][gc,age      ] GC(90) Desired survivor size 41943040 bytes, new threshold 15 (max threshold 15)
[2025-09-01T07:29:59.089+0000][175][info ][gc,phases   ] GC(90)   Pre Evacuate Collection Set: 1.22ms
[2025-09-01T07:29:59.089+0000][175][info ][gc,phases   ] GC(90)   Merge Heap Roots: 0.44ms
[2025-09-01T07:29:59.089+0000][175][info ][gc,phases   ] GC(90)   Evacuate Collection Set: 10.32ms
[2025-09-01T07:29:59.089+0000][175][info ][gc,phases   ] GC(90)   Post Evacuate Collection Set: 7.29ms
[2025-09-01T07:29:59.089+0000][175][info ][gc,phases   ] GC(90)   Other: 0.58ms
[2025-09-01T07:29:59.089+0000][175][trace][gc,age      ] GC(90) Age table with threshold 15 (max threshold 15)
[2025-09-01T07:29:59.089+0000][175][trace][gc,age      ] GC(90) - age   1:    1044960 bytes,    1044960 total
[2025-09-01T07:29:59.089+0000][175][trace][gc,age      ] GC(90) - age   2:     187088 bytes,    1232048 total
[2025-09-01T07:29:59.089+0000][175][trace][gc,age      ] GC(90) - age   3:     501984 bytes,    1734032 total
[2025-09-01T07:29:59.089+0000][175][trace][gc,age      ] GC(90) - age   4:      39992 bytes,    1774024 total
[2025-09-01T07:29:59.089+0000][175][trace][gc,age      ] GC(90) - age   5:      39024 bytes,    1813048 total
[2025-09-01T07:29:59.089+0000][175][trace][gc,age      ] GC(90) - age   6:       6568 bytes,    1819616 total
[2025-09-01T07:29:59.090+0000][175][trace][gc,age      ] GC(90) - age   7:      40576 bytes,    1860192 total
[2025-09-01T07:29:59.090+0000][175][trace][gc,age      ] GC(90) - age   8:       5736 bytes,    1865928 total
[2025-09-01T07:29:59.090+0000][175][trace][gc,age      ] GC(90) - age   9:       6608 bytes,    1872536 total
[2025-09-01T07:29:59.090+0000][175][trace][gc,age      ] GC(90) - age  10:      70632 bytes,    1943168 total
[2025-09-01T07:29:59.090+0000][175][trace][gc,age      ] GC(90) - age  11:       6280 bytes,    1949448 total
[2025-09-01T07:29:59.090+0000][175][trace][gc,age      ] GC(90) - age  12:       7000 bytes,    1956448 total
[2025-09-01T07:29:59.090+0000][175][trace][gc,age      ] GC(90) - age  13:      97016 bytes,    2053464 total
[2025-09-01T07:29:59.090+0000][175][trace][gc,age      ] GC(90) - age  14:     832112 bytes,    2885576 total
[2025-09-01T07:29:59.090+0000][175][trace][gc,age      ] GC(90) - age  15:      21136 bytes,    2906712 total
[2025-09-01T07:29:59.090+0000][175][info ][gc,heap     ] GC(90) Eden regions: 152->0(152)
[2025-09-01T07:29:59.090+0000][175][info ][gc,heap     ] GC(90) Survivor regions: 1->1(20)
[2025-09-01T07:29:59.090+0000][175][info ][gc,heap     ] GC(90) Old regions: 37->37
[2025-09-01T07:29:59.090+0000][175][info ][gc,heap     ] GC(90) Humongous regions: 2->2
[2025-09-01T07:29:59.090+0000][175][info ][gc,metaspace] GC(90) Metaspace: 161047K(166080K)->161047K(166080K) NonClass: 139509K(141888K)->139509K(141888K) Class: 21537K(24192K)->21537K(24192K)
[2025-09-01T07:29:59.090+0000][175][info ][gc          ] GC(90) Pause Young (Normal) (G1 Evacuation Pause) 765M->157M(1024M) 23.273ms
[2025-09-01T07:29:59.091+0000][175][info ][gc,cpu      ] GC(90) User=0.13s Sys=0.01s Real=0.02s
[2025-09-01T07:29:59.091+0000][175][info ][safepoint   ] Safepoint "G1CollectForAllocation", Time since last: 244737562028 ns, Reaching safepoint: 189375 ns, Cleanup: 47042 ns, At safepoint: 23684166 ns, Total: 23920583 ns
[2025-09-01T07:30:04.096+0000][175][info ][safepoint   ] Safepoint "Cleanup", Time since last: 5005563628 ns, Reaching safepoint: 34541 ns, Cleanup: 67792 ns, At safepoint: 20500 ns, Total: 122833 ns
[2025-09-01T07:30:57.198+0000][175][info ][safepoint   ] Safepoint "Cleanup", Time since last: 53101180358 ns, Reaching safepoint: 66333 ns, Cleanup: 31833 ns, At safepoint: 19084 ns, Total: 117250 ns
[2025-09-01T07:31:08.612+0000][175][info ][safepoint   ] Safepoint "Cleanup", Time since last: 11414640922 ns, Reaching safepoint: 3583 ns, Cleanup: 6917 ns, At safepoint: 2000 ns, Total: 12500 ns
[2025-09-01T07:31:09.614+0000][175][info ][safepoint   ] Safepoint "Cleanup", Time since last: 1001512959 ns, Reaching safepoint: 76375 ns, Cleanup: 44750 ns, At safepoint: 22625 ns, Total: 143750 ns
[2025-09-01T07:31:10.701+0000][175][info ][safepoint   ] Safepoint "Cleanup", Time since last: 1087185917 ns, Reaching safepoint: 24583 ns, Cleanup: 18708 ns, At safepoint: 12167 ns, Total: 55458 ns
[2025-09-01T07:31:55.327+0000][175][info ][safepoint   ] Safepoint "Cleanup", Time since last: 44625307436 ns, Reaching safepoint: 6084 ns, Cleanup: 14375 ns, At safepoint: 8333 ns, Total: 28792 ns
[2025-09-01T07:34:49.646+0000][175][info ][safepoint   ] Safepoint "Cleanup", Time since last: 174319887871 ns, Reaching safepoint: 188084 ns, Cleanup: 44791 ns, At safepoint: 220459 ns, Total: 453334 ns
[2025-09-01T07:35:03.661+0000][175][info ][safepoint   ] Safepoint "Cleanup", Time since last: 14014982048 ns, Reaching safepoint: 153458 ns, Cleanup: 58000 ns, At safepoint: 22500 ns, Total: 233958 ns
[2025-09-01T07:35:34.143+0000][175][info ][gc,start    ] GC(91) Pause Young (Concurrent Start) (G1 Evacuation Pause)
[2025-09-01T07:35:34.144+0000][175][info ][gc,task     ] GC(91) Using 8 workers of 8 for evacuation
[2025-09-01T07:35:34.144+0000][175][debug][gc,age      ] GC(91) Desired survivor size 41943040 bytes, new threshold 15 (max threshold 15)
[2025-09-01T07:35:34.160+0000][175][info ][gc,phases   ] GC(91)   Pre Evacuate Collection Set: 0.86ms
[2025-09-01T07:35:34.160+0000][175][info ][gc,phases   ] GC(91)   Merge Heap Roots: 0.19ms
[2025-09-01T07:35:34.161+0000][175][info ][gc,phases   ] GC(91)   Evacuate Collection Set: 13.54ms
[2025-09-01T07:35:34.161+0000][175][info ][gc,phases   ] GC(91)   Post Evacuate Collection Set: 1.26ms
[2025-09-01T07:35:34.161+0000][175][info ][gc,phases   ] GC(91)   Other: 0.56ms
[2025-09-01T07:35:34.161+0000][175][trace][gc,age      ] GC(91) Age table with threshold 15 (max threshold 15)
[2025-09-01T07:35:34.161+0000][175][trace][gc,age      ] GC(91) - age   1:     827600 bytes,     827600 total
[2025-09-01T07:35:34.161+0000][175][trace][gc,age      ] GC(91) - age   2:      27104 bytes,     854704 total
[2025-09-01T07:35:34.161+0000][175][trace][gc,age      ] GC(91) - age   3:      57616 bytes,     912320 total
[2025-09-01T07:35:34.161+0000][175][trace][gc,age      ] GC(91) - age   4:     351248 bytes,    1263568 total
[2025-09-01T07:35:34.161+0000][175][trace][gc,age      ] GC(91) - age   5:      23384 bytes,    1286952 total
[2025-09-01T07:35:34.161+0000][175][trace][gc,age      ] GC(91) - age   6:      22712 bytes,    1309664 total
[2025-09-01T07:35:34.161+0000][175][trace][gc,age      ] GC(91) - age   7:       6240 bytes,    1315904 total
[2025-09-01T07:35:34.161+0000][175][trace][gc,age      ] GC(91) - age   8:      40576 bytes,    1356480 total
[2025-09-01T07:35:34.161+0000][175][trace][gc,age      ] GC(91) - age   9:       5736 bytes,    1362216 total
[2025-09-01T07:35:34.161+0000][175][trace][gc,age      ] GC(91) - age  10:       6608 bytes,    1368824 total
[2025-09-01T07:35:34.161+0000][175][trace][gc,age      ] GC(91) - age  11:      70632 bytes,    1439456 total
[2025-09-01T07:35:34.161+0000][175][trace][gc,age      ] GC(91) - age  12:       6280 bytes,    1445736 total
[2025-09-01T07:35:34.161+0000][175][trace][gc,age      ] GC(91) - age  13:       7000 bytes,    1452736 total
[2025-09-01T07:35:34.161+0000][175][trace][gc,age      ] GC(91) - age  14:      97016 bytes,    1549752 total
[2025-09-01T07:35:34.161+0000][175][trace][gc,age      ] GC(91) - age  15:     832112 bytes,    2381864 total
[2025-09-01T07:35:34.162+0000][175][info ][gc,heap     ] GC(91) Eden regions: 152->0(152)
[2025-09-01T07:35:34.162+0000][175][info ][gc,heap     ] GC(91) Survivor regions: 1->1(20)
[2025-09-01T07:35:34.162+0000][175][info ][gc,heap     ] GC(91) Old regions: 37->37
[2025-09-01T07:35:34.162+0000][175][info ][gc,heap     ] GC(91) Humongous regions: 2->2
[2025-09-01T07:35:34.162+0000][175][info ][gc,metaspace] GC(91) Metaspace: 161091K(166080K)->161091K(166080K) NonClass: 139553K(141888K)->139553K(141888K) Class: 21537K(24192K)->21537K(24192K)
[2025-09-01T07:35:34.162+0000][175][info ][gc          ] GC(91) Pause Young (Concurrent Start) (G1 Evacuation Pause) 765M->157M(1024M) 18.916ms
[2025-09-01T07:35:34.162+0000][175][info ][gc,cpu      ] GC(91) User=0.06s Sys=0.00s Real=0.02s
[2025-09-01T07:35:34.162+0000][175][info ][gc          ] GC(92) Concurrent Mark Cycle
[2025-09-01T07:35:34.162+0000][175][info ][gc,marking  ] GC(92) Concurrent Scan Root Regions
[2025-09-01T07:35:34.162+0000][175][info ][safepoint   ] Safepoint "G1CollectForAllocation", Time since last: 30481345056 ns, Reaching safepoint: 55625 ns, Cleanup: 5292 ns, At safepoint: 19138125 ns, Total: 19199042 ns
[2025-09-01T07:35:34.168+0000][175][info ][gc,marking  ] GC(92) Concurrent Scan Root Regions 6.343ms
[2025-09-01T07:35:34.168+0000][175][info ][gc,marking  ] GC(92) Concurrent Mark
[2025-09-01T07:35:34.168+0000][175][info ][gc,marking  ] GC(92) Concurrent Mark From Roots
[2025-09-01T07:35:34.169+0000][175][info ][gc,task     ] GC(92) Using 2 workers of 2 for marking
[2025-09-01T07:35:34.268+0000][175][info ][gc,marking  ] GC(92) Concurrent Mark From Roots 99.616ms
[2025-09-01T07:35:34.268+0000][175][info ][gc,marking  ] GC(92) Concurrent Preclean
[2025-09-01T07:35:34.269+0000][175][info ][gc,marking  ] GC(92) Concurrent Preclean 0.594ms
[2025-09-01T07:35:34.269+0000][175][info ][gc,start    ] GC(92) Pause Remark
[2025-09-01T07:35:34.275+0000][175][info ][gc          ] GC(92) Pause Remark 157M->157M(1024M) 6.480ms
[2025-09-01T07:35:34.276+0000][175][info ][gc,cpu      ] GC(92) User=0.04s Sys=0.00s Real=0.01s
[2025-09-01T07:35:34.276+0000][175][info ][safepoint   ] Safepoint "G1PauseRemark", Time since last: 106925708 ns, Reaching safepoint: 22459 ns, Cleanup: 4666 ns, At safepoint: 6649459 ns, Total: 6676584 ns
[2025-09-01T07:35:34.276+0000][175][info ][gc,marking  ] GC(92) Concurrent Mark 107.194ms
[2025-09-01T07:35:34.276+0000][175][info ][gc,marking  ] GC(92) Concurrent Rebuild Remembered Sets and Scrub Regions
[2025-09-01T07:35:34.300+0000][175][info ][gc,marking  ] GC(92) Concurrent Rebuild Remembered Sets and Scrub Regions 24.019ms
[2025-09-01T07:35:34.300+0000][175][info ][gc,start    ] GC(92) Pause Cleanup
[2025-09-01T07:35:34.300+0000][175][info ][gc          ] GC(92) Pause Cleanup 157M->157M(1024M) 0.135ms
[2025-09-01T07:35:34.300+0000][175][info ][gc,cpu      ] GC(92) User=0.00s Sys=0.00s Real=0.00s
[2025-09-01T07:35:34.300+0000][175][info ][safepoint   ] Safepoint "G1PauseCleanup", Time since last: 24217875 ns, Reaching safepoint: 8083 ns, Cleanup: 1708 ns, At safepoint: 258625 ns, Total: 268416 ns
[2025-09-01T07:35:34.300+0000][175][info ][gc,marking  ] GC(92) Concurrent Clear Claimed Marks
[2025-09-01T07:35:34.300+0000][175][info ][gc,marking  ] GC(92) Concurrent Clear Claimed Marks 0.258ms
[2025-09-01T07:35:34.300+0000][175][info ][gc,marking  ] GC(92) Concurrent Cleanup for Next Mark
[2025-09-01T07:35:34.306+0000][175][info ][gc,marking  ] GC(92) Concurrent Cleanup for Next Mark 6.083ms
[2025-09-01T07:35:34.307+0000][175][info ][gc          ] GC(92) Concurrent Mark Cycle 144.640ms
[2025-09-01T07:35:47.918+0000][175][info ][safepoint   ] Safepoint "Cleanup", Time since last: 13617461507 ns, Reaching safepoint: 35250 ns, Cleanup: 53458 ns, At safepoint: 21125 ns, Total: 109833 ns
[2025-09-01T07:36:50.104+0000][175][info ][safepoint   ] Safepoint "Cleanup", Time since last: 62186298653 ns, Reaching safepoint: 36375 ns, Cleanup: 65875 ns, At safepoint: 13958 ns, Total: 116208 ns
[2025-09-01T07:38:30.617+0000][175][info ][safepoint   ] Safepoint "Cleanup", Time since last: 100513795296 ns, Reaching safepoint: 15250 ns, Cleanup: 32000 ns, At safepoint: 8542 ns, Total: 55792 ns
[2025-09-01T07:40:03.979+0000][175][info ][safepoint   ] Safepoint "Cleanup", Time since last: 93361856334 ns, Reaching safepoint: 31084 ns, Cleanup: 35666 ns, At safepoint: 7334 ns, Total: 74084 ns
[2025-09-01T07:40:21.127+0000][175][info ][safepoint   ] Safepoint "Cleanup", Time since last: 17147942048 ns, Reaching safepoint: 70167 ns, Cleanup: 12917 ns, At safepoint: 9291 ns, Total: 92375 ns
[2025-09-01T07:41:34.659+0000][175][info ][gc,start    ] GC(93) Pause Young (Normal) (G1 Evacuation Pause)
[2025-09-01T07:41:34.661+0000][175][info ][gc,task     ] GC(93) Using 8 workers of 8 for evacuation
[2025-09-01T07:41:34.661+0000][175][debug][gc,age      ] GC(93) Desired survivor size 41943040 bytes, new threshold 15 (max threshold 15)
[2025-09-01T07:41:34.681+0000][175][info ][gc,phases   ] GC(93)   Pre Evacuate Collection Set: 1.16ms
[2025-09-01T07:41:34.682+0000][175][info ][gc,phases   ] GC(93)   Merge Heap Roots: 0.33ms
[2025-09-01T07:41:34.682+0000][175][info ][gc,phases   ] GC(93)   Evacuate Collection Set: 14.01ms
[2025-09-01T07:41:34.682+0000][175][info ][gc,phases   ] GC(93)   Post Evacuate Collection Set: 4.92ms
[2025-09-01T07:41:34.682+0000][175][info ][gc,phases   ] GC(93)   Other: 0.46ms
[2025-09-01T07:41:34.682+0000][175][trace][gc,age      ] GC(93) Age table with threshold 15 (max threshold 15)
[2025-09-01T07:41:34.682+0000][175][trace][gc,age      ] GC(93) - age   1:    1101488 bytes,    1101488 total
[2025-09-01T07:41:34.682+0000][175][trace][gc,age      ] GC(93) - age   2:      28696 bytes,    1130184 total
[2025-09-01T07:41:34.682+0000][175][trace][gc,age      ] GC(93) - age   3:      13616 bytes,    1143800 total
[2025-09-01T07:41:34.682+0000][175][trace][gc,age      ] GC(93) - age   4:      51728 bytes,    1195528 total
[2025-09-01T07:41:34.682+0000][175][trace][gc,age      ] GC(93) - age   5:     348368 bytes,    1543896 total
[2025-09-01T07:41:34.683+0000][175][trace][gc,age      ] GC(93) - age   6:      23384 bytes,    1567280 total
[2025-09-01T07:41:34.683+0000][175][trace][gc,age      ] GC(93) - age   7:      22712 bytes,    1589992 total
[2025-09-01T07:41:34.683+0000][175][trace][gc,age      ] GC(93) - age   8:       6128 bytes,    1596120 total
[2025-09-01T07:41:34.683+0000][175][trace][gc,age      ] GC(93) - age   9:      24544 bytes,    1620664 total
[2025-09-01T07:41:34.683+0000][175][trace][gc,age      ] GC(93) - age  10:       5736 bytes,    1626400 total
[2025-09-01T07:41:34.683+0000][175][trace][gc,age      ] GC(93) - age  11:       6608 bytes,    1633008 total
[2025-09-01T07:41:34.683+0000][175][trace][gc,age      ] GC(93) - age  12:       5752 bytes,    1638760 total
[2025-09-01T07:41:34.683+0000][175][trace][gc,age      ] GC(93) - age  13:       6280 bytes,    1645040 total
[2025-09-01T07:41:34.683+0000][175][trace][gc,age      ] GC(93) - age  14:       7000 bytes,    1652040 total
[2025-09-01T07:41:34.683+0000][175][trace][gc,age      ] GC(93) - age  15:      97016 bytes,    1749056 total
[2025-09-01T07:41:34.683+0000][175][info ][gc,heap     ] GC(93) Eden regions: 152->0(152)
[2025-09-01T07:41:34.683+0000][175][info ][gc,heap     ] GC(93) Survivor regions: 1->1(20)
[2025-09-01T07:41:34.683+0000][175][info ][gc,heap     ] GC(93) Old regions: 37->37
[2025-09-01T07:41:34.683+0000][175][info ][gc,heap     ] GC(93) Humongous regions: 2->2
[2025-09-01T07:41:34.683+0000][175][info ][gc,metaspace] GC(93) Metaspace: 161091K(166080K)->161091K(166080K) NonClass: 139553K(141888K)->139553K(141888K) Class: 21537K(24192K)->21537K(24192K)
[2025-09-01T07:41:34.684+0000][175][info ][gc          ] GC(93) Pause Young (Normal) (G1 Evacuation Pause) 765M->157M(1024M) 24.373ms
[2025-09-01T07:41:34.684+0000][175][info ][gc,cpu      ] GC(93) User=0.14s Sys=0.00s Real=0.03s
[2025-09-01T07:41:34.684+0000][175][info ][safepoint   ] Safepoint "G1CollectForAllocation", Time since last: 73532519826 ns, Reaching safepoint: 62458 ns, Cleanup: 30583 ns, At safepoint: 24678959 ns, Total: 24772000 ns
[2025-09-01T07:41:35.727+0000][175][info ][safepoint   ] Safepoint "Cleanup", Time since last: 1042045583 ns, Reaching safepoint: 696250 ns, Cleanup: 31292 ns, At safepoint: 14167 ns, Total: 741709 ns
[2025-09-01T07:41:37.302+0000][175][info ][safepoint   ] Safepoint "Cleanup", Time since last: 1575111584 ns, Reaching safepoint: 65166 ns, Cleanup: 32542 ns, At safepoint: 27208 ns, Total: 124916 ns
[2025-09-01T07:42:41.701+0000][175][info ][safepoint   ] Safepoint "Cleanup", Time since last: 64398784197 ns, Reaching safepoint: 8958 ns, Cleanup: 18834 ns, At safepoint: 3500 ns, Total: 31292 ns
[2025-09-01T07:43:49.948+0000][175][info ][safepoint   ] Safepoint "Cleanup", Time since last: 68246869655 ns, Reaching safepoint: 16500 ns, Cleanup: 55166 ns, At safepoint: 9125 ns, Total: 80791 ns
[2025-09-01T07:46:43.007+0000][175][info ][safepoint   ] Safepoint "Cleanup", Time since last: 173059137997 ns, Reaching safepoint: 801250 ns, Cleanup: 21041 ns, At safepoint: 31834 ns, Total: 854125 ns
[2025-09-01T07:46:43.082+0000][175][info ][safepoint   ] Safepoint "ICBufferFull", Time since last: 74857625 ns, Reaching safepoint: 39000 ns, Cleanup: 120208 ns, At safepoint: 12375 ns, Total: 171583 ns
[2025-09-01T07:46:43.146+0000][175][info ][safepoint   ] Safepoint "ICBufferFull", Time since last: 63325459 ns, Reaching safepoint: 29416 ns, Cleanup: 160042 ns, At safepoint: 26583 ns, Total: 216041 ns
[2025-09-01T07:46:43.196+0000][175][info ][safepoint   ] Safepoint "ICBufferFull", Time since last: 49770375 ns, Reaching safepoint: 10334 ns, Cleanup: 140791 ns, At safepoint: 16542 ns, Total: 167667 ns
[2025-09-01T07:46:43.296+0000][175][info ][safepoint   ] Safepoint "ICBufferFull", Time since last: 99507875 ns, Reaching safepoint: 45583 ns, Cleanup: 106500 ns, At safepoint: 427375 ns, Total: 579458 ns
[2025-09-01T07:46:43.396+0000][175][info ][safepoint   ] Safepoint "ICBufferFull", Time since last: 99839000 ns, Reaching safepoint: 41917 ns, Cleanup: 116583 ns, At safepoint: 18709 ns, Total: 177209 ns
[2025-09-01T07:46:43.544+0000][175][info ][safepoint   ] Safepoint "ICBufferFull", Time since last: 148400041 ns, Reaching safepoint: 9875 ns, Cleanup: 105375 ns, At safepoint: 11584 ns, Total: 126834 ns
[2025-09-01T07:46:44.546+0000][175][info ][safepoint   ] Safepoint "Cleanup", Time since last: 1000928584 ns, Reaching safepoint: 92541 ns, Cleanup: 180042 ns, At safepoint: 23333 ns, Total: 295916 ns
[2025-09-01T07:46:48.551+0000][175][info ][safepoint   ] Safepoint "Cleanup", Time since last: 4005159919 ns, Reaching safepoint: 59000 ns, Cleanup: 37500 ns, At safepoint: 18166 ns, Total: 114666 ns
[2025-09-01T07:46:49.552+0000][175][info ][safepoint   ] Safepoint "Cleanup", Time since last: 1000745834 ns, Reaching safepoint: 10708 ns, Cleanup: 15167 ns, At safepoint: 6833 ns, Total: 32708 ns
[2025-09-01T07:46:50.803+0000][175][info ][safepoint   ] Safepoint "Cleanup", Time since last: 1251739084 ns, Reaching safepoint: 4125 ns, Cleanup: 11584 ns, At safepoint: 6291 ns, Total: 22000 ns
[2025-09-01T07:46:51.733+0000][175][info ][gc,start    ] GC(94) Pause Young (Concurrent Start) (G1 Evacuation Pause)
[2025-09-01T07:46:51.733+0000][175][info ][gc,task     ] GC(94) Using 8 workers of 8 for evacuation
[2025-09-01T07:46:51.733+0000][175][debug][gc,age      ] GC(94) Desired survivor size 41943040 bytes, new threshold 15 (max threshold 15)
[2025-09-01T07:46:51.739+0000][175][info ][gc,phases   ] GC(94)   Pre Evacuate Collection Set: 0.44ms
[2025-09-01T07:46:51.739+0000][175][info ][gc,phases   ] GC(94)   Merge Heap Roots: 0.15ms
[2025-09-01T07:46:51.739+0000][175][info ][gc,phases   ] GC(94)   Evacuate Collection Set: 4.36ms
[2025-09-01T07:46:51.739+0000][175][info ][gc,phases   ] GC(94)   Post Evacuate Collection Set: 0.78ms
[2025-09-01T07:46:51.739+0000][175][info ][gc,phases   ] GC(94)   Other: 0.27ms
[2025-09-01T07:46:51.739+0000][175][trace][gc,age      ] GC(94) Age table with threshold 15 (max threshold 15)
[2025-09-01T07:46:51.739+0000][175][trace][gc,age      ] GC(94) - age   1:    2922240 bytes,    2922240 total
[2025-09-01T07:46:51.739+0000][175][trace][gc,age      ] GC(94) - age   2:     226032 bytes,    3148272 total
[2025-09-01T07:46:51.739+0000][175][trace][gc,age      ] GC(94) - age   3:      25136 bytes,    3173408 total
[2025-09-01T07:46:51.739+0000][175][trace][gc,age      ] GC(94) - age   4:      13160 bytes,    3186568 total
[2025-09-01T07:46:51.739+0000][175][trace][gc,age      ] GC(94) - age   5:      51648 bytes,    3238216 total
[2025-09-01T07:46:51.739+0000][175][trace][gc,age      ] GC(94) - age   6:     348312 bytes,    3586528 total
[2025-09-01T07:46:51.740+0000][175][trace][gc,age      ] GC(94) - age   7:      23080 bytes,    3609608 total
[2025-09-01T07:46:51.740+0000][175][trace][gc,age      ] GC(94) - age   8:      22672 bytes,    3632280 total
[2025-09-01T07:46:51.740+0000][175][trace][gc,age      ] GC(94) - age   9:       6128 bytes,    3638408 total
[2025-09-01T07:46:51.740+0000][175][trace][gc,age      ] GC(94) - age  10:       8512 bytes,    3646920 total
[2025-09-01T07:46:51.740+0000][175][trace][gc,age      ] GC(94) - age  11:       5736 bytes,    3652656 total
[2025-09-01T07:46:51.740+0000][175][trace][gc,age      ] GC(94) - age  12:       6608 bytes,    3659264 total
[2025-09-01T07:46:51.740+0000][175][trace][gc,age      ] GC(94) - age  13:       5752 bytes,    3665016 total
[2025-09-01T07:46:51.740+0000][175][trace][gc,age      ] GC(94) - age  14:       6280 bytes,    3671296 total
[2025-09-01T07:46:51.740+0000][175][trace][gc,age      ] GC(94) - age  15:       7000 bytes,    3678296 total
[2025-09-01T07:46:51.740+0000][175][info ][gc,heap     ] GC(94) Eden regions: 152->0(152)
[2025-09-01T07:46:51.740+0000][175][info ][gc,heap     ] GC(94) Survivor regions: 1->1(20)
[2025-09-01T07:46:51.740+0000][175][info ][gc,heap     ] GC(94) Old regions: 37->37
[2025-09-01T07:46:51.740+0000][175][info ][gc,heap     ] GC(94) Humongous regions: 2->2
[2025-09-01T07:46:51.740+0000][175][info ][gc,metaspace] GC(94) Metaspace: 161275K(166208K)->161275K(166208K) NonClass: 139709K(142016K)->139709K(142016K) Class: 21565K(24192K)->21565K(24192K)
[2025-09-01T07:46:51.740+0000][175][info ][gc          ] GC(94) Pause Young (Concurrent Start) (G1 Evacuation Pause) 765M->159M(1024M) 6.869ms
[2025-09-01T07:46:51.740+0000][175][info ][gc,cpu      ] GC(94) User=0.03s Sys=0.00s Real=0.01s
[2025-09-01T07:46:51.740+0000][175][info ][gc          ] GC(95) Concurrent Mark Cycle
[2025-09-01T07:46:51.740+0000][175][info ][gc,marking  ] GC(95) Concurrent Scan Root Regions
[2025-09-01T07:46:51.740+0000][175][info ][safepoint   ] Safepoint "G1CollectForAllocation", Time since last: 929505917 ns, Reaching safepoint: 5834 ns, Cleanup: 18958 ns, At safepoint: 6987833 ns, Total: 7012625 ns
[2025-09-01T07:46:51.743+0000][175][info ][gc,marking  ] GC(95) Concurrent Scan Root Regions 3.201ms
[2025-09-01T07:46:51.743+0000][175][info ][gc,marking  ] GC(95) Concurrent Mark
[2025-09-01T07:46:51.743+0000][175][info ][gc,marking  ] GC(95) Concurrent Mark From Roots
[2025-09-01T07:46:51.743+0000][175][info ][gc,task     ] GC(95) Using 2 workers of 2 for marking
[2025-09-01T07:46:51.808+0000][175][info ][gc,marking  ] GC(95) Concurrent Mark From Roots 64.309ms
[2025-09-01T07:46:51.808+0000][175][info ][gc,marking  ] GC(95) Concurrent Preclean
[2025-09-01T07:46:51.808+0000][175][info ][gc,marking  ] GC(95) Concurrent Preclean 0.425ms
[2025-09-01T07:46:51.808+0000][175][info ][gc,start    ] GC(95) Pause Remark
[2025-09-01T07:46:51.844+0000][175][info ][gc          ] GC(95) Pause Remark 163M->163M(1024M) 35.713ms
[2025-09-01T07:46:51.844+0000][175][info ][gc,cpu      ] GC(95) User=0.27s Sys=0.00s Real=0.04s
[2025-09-01T07:46:51.844+0000][175][info ][safepoint   ] Safepoint "G1PauseRemark", Time since last: 68234125 ns, Reaching safepoint: 9917 ns, Cleanup: 15250 ns, At safepoint: 35923750 ns, Total: 35948917 ns
[2025-09-01T07:46:51.844+0000][175][info ][gc,marking  ] GC(95) Concurrent Mark 100.965ms
[2025-09-01T07:46:51.844+0000][175][info ][gc,marking  ] GC(95) Concurrent Rebuild Remembered Sets and Scrub Regions
[2025-09-01T07:46:51.869+0000][175][info ][gc,marking  ] GC(95) Concurrent Rebuild Remembered Sets and Scrub Regions 24.697ms
[2025-09-01T07:46:51.869+0000][175][info ][gc,start    ] GC(95) Pause Cleanup
[2025-09-01T07:46:51.869+0000][175][info ][gc          ] GC(95) Pause Cleanup 163M->163M(1024M) 0.126ms
[2025-09-01T07:46:51.869+0000][175][info ][gc,cpu      ] GC(95) User=0.00s Sys=0.00s Real=0.00s
[2025-09-01T07:46:51.869+0000][175][info ][safepoint   ] Safepoint "G1PauseCleanup", Time since last: 25000708 ns, Reaching safepoint: 8084 ns, Cleanup: 1458 ns, At safepoint: 295333 ns, Total: 304875 ns
[2025-09-01T07:46:51.870+0000][175][info ][gc,marking  ] GC(95) Concurrent Clear Claimed Marks
[2025-09-01T07:46:51.870+0000][175][info ][gc,marking  ] GC(95) Concurrent Clear Claimed Marks 0.149ms
[2025-09-01T07:46:51.870+0000][175][info ][gc,marking  ] GC(95) Concurrent Cleanup for Next Mark
[2025-09-01T07:46:51.872+0000][175][info ][gc,marking  ] GC(95) Concurrent Cleanup for Next Mark 2.098ms
[2025-09-01T07:46:51.872+0000][175][info ][gc          ] GC(95) Concurrent Mark Cycle 131.923ms
[2025-09-01T07:46:54.734+0000][175][info ][safepoint   ] Safepoint "Cleanup", Time since last: 2864747710 ns, Reaching safepoint: 77458 ns, Cleanup: 43959 ns, At safepoint: 19875 ns, Total: 141292 ns
[2025-09-01T07:46:56.657+0000][175][info ][safepoint   ] Safepoint "Cleanup", Time since last: 1922917959 ns, Reaching safepoint: 55417 ns, Cleanup: 59500 ns, At safepoint: 18083 ns, Total: 133000 ns
[2025-09-01T07:46:57.757+0000][175][info ][safepoint   ] Safepoint "Cleanup", Time since last: 1099345542 ns, Reaching safepoint: 8000 ns, Cleanup: 28792 ns, At safepoint: 11667 ns, Total: 48459 ns
[2025-09-01T07:46:58.776+0000][175][info ][safepoint   ] Safepoint "Cleanup", Time since last: 1018722875 ns, Reaching safepoint: 45958 ns, Cleanup: 19167 ns, At safepoint: 17917 ns, Total: 83042 ns
[2025-09-01T07:47:09.005+0000][175][info ][safepoint   ] Safepoint "Cleanup", Time since last: 10229234005 ns, Reaching safepoint: 20208 ns, Cleanup: 18708 ns, At safepoint: 9209 ns, Total: 48125 ns
[2025-09-01T07:47:18.015+0000][175][info ][safepoint   ] Safepoint "Cleanup", Time since last: 9009530921 ns, Reaching safepoint: 271875 ns, Cleanup: 125916 ns, At safepoint: 43959 ns, Total: 441750 ns
[2025-09-01T07:47:36.034+0000][175][info ][safepoint   ] Safepoint "Cleanup", Time since last: 18019555091 ns, Reaching safepoint: 216083 ns, Cleanup: 51667 ns, At safepoint: 29250 ns, Total: 297000 ns
[2025-09-01T07:47:39.038+0000][175][info ][safepoint   ] Safepoint "Cleanup", Time since last: 3003611668 ns, Reaching safepoint: 79125 ns, Cleanup: 57292 ns, At safepoint: 24083 ns, Total: 160500 ns
[2025-09-01T07:47:48.048+0000][175][info ][safepoint   ] Safepoint "Cleanup", Time since last: 9009703421 ns, Reaching safepoint: 88459 ns, Cleanup: 73041 ns, At safepoint: 33792 ns, Total: 195292 ns
[2025-09-01T07:47:49.051+0000][175][info ][safepoint   ] Safepoint "Cleanup", Time since last: 1002701542 ns, Reaching safepoint: 78750 ns, Cleanup: 45292 ns, At safepoint: 32083 ns, Total: 156125 ns
[2025-09-01T07:47:53.797+0000][175][info ][safepoint   ] Safepoint "Cleanup", Time since last: 4745646752 ns, Reaching safepoint: 6208 ns, Cleanup: 14917 ns, At safepoint: 2833 ns, Total: 23958 ns
[2025-09-01T07:47:54.935+0000][175][info ][safepoint   ] Safepoint "Cleanup", Time since last: 1138374876 ns, Reaching safepoint: 15083 ns, Cleanup: 27500 ns, At safepoint: 8042 ns, Total: 50625 ns
[2025-09-01T07:47:59.987+0000][175][info ][safepoint   ] Safepoint "Cleanup", Time since last: 5052207877 ns, Reaching safepoint: 24167 ns, Cleanup: 17041 ns, At safepoint: 2459 ns, Total: 43667 ns
[2025-09-01T07:48:18.166+0000][175][info ][safepoint   ] Safepoint "Cleanup", Time since last: 18178394258 ns, Reaching safepoint: 183959 ns, Cleanup: 66375 ns, At safepoint: 36375 ns, Total: 286709 ns
[2025-09-01T07:48:31.186+0000][175][info ][safepoint   ] Safepoint "Cleanup", Time since last: 13020064172 ns, Reaching safepoint: 109583 ns, Cleanup: 70000 ns, At safepoint: 31125 ns, Total: 210708 ns
[2025-09-01T07:48:56.822+0000][175][info ][safepoint   ] Safepoint "Cleanup", Time since last: 25635938303 ns, Reaching safepoint: 6417 ns, Cleanup: 12500 ns, At safepoint: 3333 ns, Total: 22250 ns
[2025-09-01T07:49:48.438+0000][175][info ][safepoint   ] Safepoint "Cleanup", Time since last: 51620034691 ns, Reaching safepoint: 76458 ns, Cleanup: 31125 ns, At safepoint: 45875 ns, Total: 153458 ns
[2025-09-01T07:50:00.502+0000][175][info ][safepoint   ] Safepoint "Cleanup", Time since last: 12077292047 ns, Reaching safepoint: 11500 ns, Cleanup: 14541 ns, At safepoint: 8209 ns, Total: 34250 ns
[2025-09-01T07:50:36.653+0000][175][info ][safepoint   ] Safepoint "Cleanup", Time since last: 36152814557 ns, Reaching safepoint: 35042 ns, Cleanup: 40792 ns, At safepoint: 5958 ns, Total: 81792 ns
[2025-09-01T07:51:03.791+0000][175][info ][safepoint   ] Safepoint "Cleanup", Time since last: 27138542054 ns, Reaching safepoint: 3375 ns, Cleanup: 5959 ns, At safepoint: 1875 ns, Total: 11209 ns
[2025-09-01T07:51:08.806+0000][175][info ][safepoint   ] Safepoint "Cleanup", Time since last: 5015060002 ns, Reaching safepoint: 19875 ns, Cleanup: 8333 ns, At safepoint: 5042 ns, Total: 33250 ns
[2025-09-01T07:51:09.820+0000][175][info ][safepoint   ] Safepoint "Cleanup", Time since last: 1013933001 ns, Reaching safepoint: 11833 ns, Cleanup: 11083 ns, At safepoint: 10459 ns, Total: 33375 ns
[2025-09-01T07:51:10.836+0000][175][info ][safepoint   ] Safepoint "Cleanup", Time since last: 1015827750 ns, Reaching safepoint: 37000 ns, Cleanup: 35125 ns, At safepoint: 14083 ns, Total: 86208 ns
[2025-09-01T07:51:21.847+0000][175][info ][safepoint   ] Safepoint "Cleanup", Time since last: 11011021796 ns, Reaching safepoint: 65542 ns, Cleanup: 25625 ns, At safepoint: 19375 ns, Total: 110542 ns
[2025-09-01T07:51:38.932+0000][175][info ][safepoint   ] Safepoint "Cleanup", Time since last: 17085202508 ns, Reaching safepoint: 3667 ns, Cleanup: 7667 ns, At safepoint: 4666 ns, Total: 16000 ns
[2025-09-01T07:51:39.943+0000][175][info ][safepoint   ] Safepoint "Cleanup", Time since last: 1010637584 ns, Reaching safepoint: 49583 ns, Cleanup: 43125 ns, At safepoint: 18375 ns, Total: 111083 ns
[2025-09-01T07:51:47.995+0000][175][info ][safepoint   ] Safepoint "Cleanup", Time since last: 8052498671 ns, Reaching safepoint: 102208 ns, Cleanup: 31292 ns, At safepoint: 35042 ns, Total: 168542 ns
[2025-09-01T07:51:52.000+0000][175][info ][safepoint   ] Safepoint "Cleanup", Time since last: 4004737459 ns, Reaching safepoint: 85000 ns, Cleanup: 93167 ns, At safepoint: 31250 ns, Total: 209417 ns
[2025-09-01T07:52:06.041+0000][175][info ][safepoint   ] Safepoint "Cleanup", Time since last: 14041346381 ns, Reaching safepoint: 3709 ns, Cleanup: 15583 ns, At safepoint: 5458 ns, Total: 24750 ns
[2025-09-01T07:52:11.831+0000][175][info ][safepoint   ] Safepoint "Cleanup", Time since last: 5790239920 ns, Reaching safepoint: 3875 ns, Cleanup: 6333 ns, At safepoint: 7667 ns, Total: 17875 ns
[2025-09-01T07:52:43.564+0000][175][info ][gc,start    ] GC(96) Pause Young (Normal) (G1 Evacuation Pause)
[2025-09-01T07:52:43.565+0000][175][info ][gc,task     ] GC(96) Using 8 workers of 8 for evacuation
[2025-09-01T07:52:43.565+0000][175][debug][gc,age      ] GC(96) Desired survivor size 41943040 bytes, new threshold 15 (max threshold 15)
[2025-09-01T07:52:43.583+0000][175][info ][gc,phases   ] GC(96)   Pre Evacuate Collection Set: 1.01ms
[2025-09-01T07:52:43.584+0000][175][info ][gc,phases   ] GC(96)   Merge Heap Roots: 0.27ms
[2025-09-01T07:52:43.584+0000][175][info ][gc,phases   ] GC(96)   Evacuate Collection Set: 10.91ms
[2025-09-01T07:52:43.584+0000][175][info ][gc,phases   ] GC(96)   Post Evacuate Collection Set: 5.48ms
[2025-09-01T07:52:43.584+0000][175][info ][gc,phases   ] GC(96)   Other: 0.49ms
[2025-09-01T07:52:43.584+0000][175][trace][gc,age      ] GC(96) Age table with threshold 15 (max threshold 15)
[2025-09-01T07:52:43.584+0000][175][trace][gc,age      ] GC(96) - age   1:     724016 bytes,     724016 total
[2025-09-01T07:52:43.584+0000][175][trace][gc,age      ] GC(96) - age   2:    1534680 bytes,    2258696 total
[2025-09-01T07:52:43.584+0000][175][trace][gc,age      ] GC(96) - age   3:      90176 bytes,    2348872 total
[2025-09-01T07:52:43.584+0000][175][trace][gc,age      ] GC(96) - age   4:      24616 bytes,    2373488 total
[2025-09-01T07:52:43.584+0000][175][trace][gc,age      ] GC(96) - age   5:      13032 bytes,    2386520 total
[2025-09-01T07:52:43.584+0000][175][trace][gc,age      ] GC(96) - age   6:      51648 bytes,    2438168 total
[2025-09-01T07:52:43.585+0000][175][trace][gc,age      ] GC(96) - age   7:     346752 bytes,    2784920 total
[2025-09-01T07:52:43.585+0000][175][trace][gc,age      ] GC(96) - age   8:      23080 bytes,    2808000 total
[2025-09-01T07:52:43.585+0000][175][trace][gc,age      ] GC(96) - age   9:      22672 bytes,    2830672 total
[2025-09-01T07:52:43.585+0000][175][trace][gc,age      ] GC(96) - age  10:       6064 bytes,    2836736 total
[2025-09-01T07:52:43.585+0000][175][trace][gc,age      ] GC(96) - age  11:       6240 bytes,    2842976 total
[2025-09-01T07:52:43.585+0000][175][trace][gc,age      ] GC(96) - age  12:       5736 bytes,    2848712 total
[2025-09-01T07:52:43.585+0000][175][trace][gc,age      ] GC(96) - age  13:       6608 bytes,    2855320 total
[2025-09-01T07:52:43.585+0000][175][trace][gc,age      ] GC(96) - age  14:       5752 bytes,    2861072 total
[2025-09-01T07:52:43.585+0000][175][trace][gc,age      ] GC(96) - age  15:       6280 bytes,    2867352 total
[2025-09-01T07:52:43.585+0000][175][info ][gc,heap     ] GC(96) Eden regions: 152->0(152)
[2025-09-01T07:52:43.585+0000][175][info ][gc,heap     ] GC(96) Survivor regions: 1->1(20)
[2025-09-01T07:52:43.585+0000][175][info ][gc,heap     ] GC(96) Old regions: 37->37
[2025-09-01T07:52:43.585+0000][175][info ][gc,heap     ] GC(96) Humongous regions: 2->2
[2025-09-01T07:52:43.585+0000][175][info ][gc,metaspace] GC(96) Metaspace: 161278K(166208K)->161278K(166208K) NonClass: 139713K(142016K)->139713K(142016K) Class: 21564K(24192K)->21564K(24192K)
[2025-09-01T07:52:43.586+0000][175][info ][gc          ] GC(96) Pause Young (Normal) (G1 Evacuation Pause) 767M->158M(1024M) 21.615ms
[2025-09-01T07:52:43.586+0000][175][info ][gc,cpu      ] GC(96) User=0.10s Sys=0.00s Real=0.02s
[2025-09-01T07:52:43.586+0000][175][info ][safepoint   ] Safepoint "G1CollectForAllocation", Time since last: 31732987515 ns, Reaching safepoint: 106458 ns, Cleanup: 9583 ns, At safepoint: 21920417 ns, Total: 22036458 ns
[2025-09-01T07:55:09.689+0000][175][info ][safepoint   ] Safepoint "Cleanup", Time since last: 146104150983 ns, Reaching safepoint: 152750 ns, Cleanup: 114000 ns, At safepoint: 24584 ns, Total: 291334 ns
[2025-09-01T07:55:49.950+0000][175][info ][safepoint   ] Safepoint "Cleanup", Time since last: 40262184850 ns, Reaching safepoint: 80584 ns, Cleanup: 53958 ns, At safepoint: 45458 ns, Total: 180000 ns
[2025-09-01T07:56:17.903+0000][175][info ][safepoint   ] Safepoint "Cleanup", Time since last: 27952415514 ns, Reaching safepoint: 4791 ns, Cleanup: 8959 ns, At safepoint: 27291 ns, Total: 41041 ns
[2025-09-01T07:56:22.063+0000][175][info ][safepoint   ] Safepoint "Cleanup", Time since last: 4160171502 ns, Reaching safepoint: 46333 ns, Cleanup: 48458 ns, At safepoint: 16750 ns, Total: 111541 ns
[2025-09-01T07:56:54.220+0000][175][info ][safepoint   ] Safepoint "Cleanup", Time since last: 32156954932 ns, Reaching safepoint: 25792 ns, Cleanup: 26416 ns, At safepoint: 19042 ns, Total: 71250 ns
[2025-09-01T07:56:55.594+0000][175][info ][safepoint   ] Safepoint "Cleanup", Time since last: 1374364417 ns, Reaching safepoint: 3417 ns, Cleanup: 6667 ns, At safepoint: 1791 ns, Total: 11875 ns
[2025-09-01T07:58:41.655+0000][175][info ][safepoint   ] Safepoint "Cleanup", Time since last: 106061737716 ns, Reaching safepoint: 14708 ns, Cleanup: 40917 ns, At safepoint: 5000 ns, Total: 60625 ns
[2025-09-01T07:58:46.605+0000][175][info ][gc,start    ] GC(97) Pause Young (Concurrent Start) (G1 Evacuation Pause)
[2025-09-01T07:58:46.606+0000][175][info ][gc,task     ] GC(97) Using 8 workers of 8 for evacuation
[2025-09-01T07:58:46.606+0000][175][debug][gc,age      ] GC(97) Desired survivor size 41943040 bytes, new threshold 15 (max threshold 15)
[2025-09-01T07:58:46.638+0000][175][info ][gc,phases   ] GC(97)   Pre Evacuate Collection Set: 1.72ms
[2025-09-01T07:58:46.638+0000][175][info ][gc,phases   ] GC(97)   Merge Heap Roots: 0.24ms
[2025-09-01T07:58:46.638+0000][175][info ][gc,phases   ] GC(97)   Evacuate Collection Set: 24.07ms
[2025-09-01T07:58:46.638+0000][175][info ][gc,phases   ] GC(97)   Post Evacuate Collection Set: 4.62ms
[2025-09-01T07:58:46.638+0000][175][info ][gc,phases   ] GC(97)   Other: 0.85ms
[2025-09-01T07:58:46.638+0000][175][trace][gc,age      ] GC(97) Age table with threshold 15 (max threshold 15)
[2025-09-01T07:58:46.638+0000][175][trace][gc,age      ] GC(97) - age   1:     967408 bytes,     967408 total
[2025-09-01T07:58:46.638+0000][175][trace][gc,age      ] GC(97) - age   2:      99040 bytes,    1066448 total
[2025-09-01T07:58:46.638+0000][175][trace][gc,age      ] GC(97) - age   3:    1520088 bytes,    2586536 total
[2025-09-01T07:58:46.638+0000][175][trace][gc,age      ] GC(97) - age   4:      86232 bytes,    2672768 total
[2025-09-01T07:58:46.638+0000][175][trace][gc,age      ] GC(97) - age   5:       8368 bytes,    2681136 total
[2025-09-01T07:58:46.638+0000][175][trace][gc,age      ] GC(97) - age   6:      13000 bytes,    2694136 total
[2025-09-01T07:58:46.638+0000][175][trace][gc,age      ] GC(97) - age   7:      51648 bytes,    2745784 total
[2025-09-01T07:58:46.638+0000][175][trace][gc,age      ] GC(97) - age   8:     346536 bytes,    3092320 total
[2025-09-01T07:58:46.639+0000][175][trace][gc,age      ] GC(97) - age   9:      23080 bytes,    3115400 total
[2025-09-01T07:58:46.639+0000][175][trace][gc,age      ] GC(97) - age  10:      22672 bytes,    3138072 total
[2025-09-01T07:58:46.639+0000][175][trace][gc,age      ] GC(97) - age  11:       6032 bytes,    3144104 total
[2025-09-01T07:58:46.639+0000][175][trace][gc,age      ] GC(97) - age  12:       5976 bytes,    3150080 total
[2025-09-01T07:58:46.639+0000][175][trace][gc,age      ] GC(97) - age  13:       5736 bytes,    3155816 total
[2025-09-01T07:58:46.639+0000][175][trace][gc,age      ] GC(97) - age  14:       6608 bytes,    3162424 total
[2025-09-01T07:58:46.639+0000][175][trace][gc,age      ] GC(97) - age  15:       5752 bytes,    3168176 total
[2025-09-01T07:58:46.639+0000][175][info ][gc,heap     ] GC(97) Eden regions: 152->0(152)
[2025-09-01T07:58:46.639+0000][175][info ][gc,heap     ] GC(97) Survivor regions: 1->1(20)
[2025-09-01T07:58:46.639+0000][175][info ][gc,heap     ] GC(97) Old regions: 37->37
[2025-09-01T07:58:46.639+0000][175][info ][gc,heap     ] GC(97) Humongous regions: 2->2
[2025-09-01T07:58:46.639+0000][175][info ][gc,metaspace] GC(97) Metaspace: 161289K(166208K)->161289K(166208K) NonClass: 139724K(142016K)->139724K(142016K) Class: 21565K(24192K)->21565K(24192K)
[2025-09-01T07:58:46.639+0000][175][info ][gc          ] GC(97) Pause Young (Concurrent Start) (G1 Evacuation Pause) 766M->158M(1024M) 33.798ms
[2025-09-01T07:58:46.639+0000][175][info ][gc          ] GC(98) Concurrent Mark Cycle
[2025-09-01T07:58:46.639+0000][175][info ][gc,marking  ] GC(98) Concurrent Scan Root Regions
[2025-09-01T07:58:46.639+0000][175][info ][gc,cpu      ] GC(97) User=0.13s Sys=0.00s Real=0.04s
[2025-09-01T07:58:46.640+0000][175][info ][safepoint   ] Safepoint "G1CollectForAllocation", Time since last: 4950170877 ns, Reaching safepoint: 132208 ns, Cleanup: 16125 ns, At safepoint: 34365042 ns, Total: 34513375 ns
[2025-09-01T07:58:46.646+0000][175][info ][gc,marking  ] GC(98) Concurrent Scan Root Regions 6.431ms
[2025-09-01T07:58:46.646+0000][175][info ][gc,marking  ] GC(98) Concurrent Mark
[2025-09-01T07:58:46.646+0000][175][info ][gc,marking  ] GC(98) Concurrent Mark From Roots
[2025-09-01T07:58:46.646+0000][175][info ][gc,task     ] GC(98) Using 2 workers of 2 for marking
[2025-09-01T07:58:46.719+0000][175][info ][gc,marking  ] GC(98) Concurrent Mark From Roots 73.143ms
[2025-09-01T07:58:46.719+0000][175][info ][gc,marking  ] GC(98) Concurrent Preclean
[2025-09-01T07:58:46.720+0000][175][info ][gc,marking  ] GC(98) Concurrent Preclean 0.466ms
[2025-09-01T07:58:46.720+0000][175][info ][gc,start    ] GC(98) Pause Remark
[2025-09-01T07:58:46.732+0000][175][info ][gc          ] GC(98) Pause Remark 159M->159M(1024M) 11.902ms
[2025-09-01T07:58:46.732+0000][175][info ][gc,cpu      ] GC(98) User=0.08s Sys=0.00s Real=0.01s
[2025-09-01T07:58:46.732+0000][175][info ][safepoint   ] Safepoint "G1PauseRemark", Time since last: 80095667 ns, Reaching safepoint: 9458 ns, Cleanup: 1959 ns, At safepoint: 12051000 ns, Total: 12062417 ns
[2025-09-01T07:58:46.732+0000][175][info ][gc,marking  ] GC(98) Concurrent Mark 85.903ms
[2025-09-01T07:58:46.732+0000][175][info ][gc,marking  ] GC(98) Concurrent Rebuild Remembered Sets and Scrub Regions
[2025-09-01T07:58:46.757+0000][175][info ][gc,marking  ] GC(98) Concurrent Rebuild Remembered Sets and Scrub Regions 24.726ms
[2025-09-01T07:58:46.757+0000][175][info ][gc,start    ] GC(98) Pause Cleanup
[2025-09-01T07:58:46.757+0000][175][info ][gc          ] GC(98) Pause Cleanup 160M->160M(1024M) 0.225ms
[2025-09-01T07:58:46.757+0000][175][info ][gc,cpu      ] GC(98) User=0.00s Sys=0.00s Real=0.00s
[2025-09-01T07:58:46.757+0000][175][info ][safepoint   ] Safepoint "G1PauseCleanup", Time since last: 24923125 ns, Reaching safepoint: 11250 ns, Cleanup: 11166 ns, At safepoint: 392042 ns, Total: 414458 ns
[2025-09-01T07:58:46.757+0000][175][info ][gc,marking  ] GC(98) Concurrent Clear Claimed Marks
[2025-09-01T07:58:46.757+0000][175][info ][gc,marking  ] GC(98) Concurrent Clear Claimed Marks 0.261ms
[2025-09-01T07:58:46.758+0000][175][info ][gc,marking  ] GC(98) Concurrent Cleanup for Next Mark
[2025-09-01T07:58:46.760+0000][175][info ][gc,marking  ] GC(98) Concurrent Cleanup for Next Mark 2.264ms
[2025-09-01T07:58:46.760+0000][175][info ][gc          ] GC(98) Concurrent Mark Cycle 120.585ms
[2025-09-01T08:00:28.338+0000][175][info ][safepoint   ] Safepoint "Cleanup", Time since last: 101581680629 ns, Reaching safepoint: 85083 ns, Cleanup: 144584 ns, At safepoint: 27666 ns, Total: 257333 ns
[2025-09-01T08:00:29.917+0000][175][info ][safepoint   ] Safepoint "Cleanup", Time since last: 1579012835 ns, Reaching safepoint: 7333 ns, Cleanup: 15000 ns, At safepoint: 3500 ns, Total: 25833 ns
[2025-09-01T08:00:31.021+0000][175][info ][safepoint   ] Safepoint "Cleanup", Time since last: 1104209917 ns, Reaching safepoint: 7292 ns, Cleanup: 14333 ns, At safepoint: 3792 ns, Total: 25417 ns
[2025-09-01T08:00:36.060+0000][175][info ][safepoint   ] Safepoint "Cleanup", Time since last: 5038613919 ns, Reaching safepoint: 5791 ns, Cleanup: 6417 ns, At safepoint: 2375 ns, Total: 14583 ns
[2025-09-01T08:00:37.075+0000][175][info ][safepoint   ] Safepoint "Cleanup", Time since last: 1014684959 ns, Reaching safepoint: 60417 ns, Cleanup: 39541 ns, At safepoint: 16084 ns, Total: 116042 ns
[2025-09-01T08:00:38.112+0000][175][info ][safepoint   ] Safepoint "Cleanup", Time since last: 1036831250 ns, Reaching safepoint: 73292 ns, Cleanup: 47125 ns, At safepoint: 26833 ns, Total: 147250 ns
[2025-09-01T08:00:39.114+0000][175][info ][safepoint   ] Safepoint "Cleanup", Time since last: 1001824126 ns, Reaching safepoint: 23625 ns, Cleanup: 18333 ns, At safepoint: 24708 ns, Total: 66666 ns
[2025-09-01T08:00:44.119+0000][175][info ][safepoint   ] Safepoint "Cleanup", Time since last: 5005119878 ns, Reaching safepoint: 31291 ns, Cleanup: 25709 ns, At safepoint: 7333 ns, Total: 64333 ns
[2025-09-01T08:00:48.126+0000][175][info ][safepoint   ] Safepoint "Cleanup", Time since last: 4007233627 ns, Reaching safepoint: 88333 ns, Cleanup: 26875 ns, At safepoint: 18417 ns, Total: 133625 ns
[2025-09-01T08:00:50.130+0000][175][info ][safepoint   ] Safepoint "Cleanup", Time since last: 2002863167 ns, Reaching safepoint: 268333 ns, Cleanup: 116084 ns, At safepoint: 66250 ns, Total: 450667 ns
[2025-09-01T08:00:51.133+0000][175][info ][safepoint   ] Safepoint "Cleanup", Time since last: 1002625083 ns, Reaching safepoint: 57750 ns, Cleanup: 121792 ns, At safepoint: 21125 ns, Total: 200667 ns
[2025-09-01T08:00:57.143+0000][175][info ][safepoint   ] Safepoint "Cleanup", Time since last: 6010262795 ns, Reaching safepoint: 121708 ns, Cleanup: 86375 ns, At safepoint: 24000 ns, Total: 232083 ns
[2025-09-01T08:01:12.541+0000][175][info ][safepoint   ] Safepoint "Cleanup", Time since last: 15397949966 ns, Reaching safepoint: 64708 ns, Cleanup: 35292 ns, At safepoint: 32500 ns, Total: 132500 ns
[2025-09-01T08:01:14.544+0000][175][info ][safepoint   ] Safepoint "Cleanup", Time since last: 2002482500 ns, Reaching safepoint: 95917 ns, Cleanup: 36417 ns, At safepoint: 21416 ns, Total: 153750 ns
[2025-09-01T08:01:15.546+0000][175][info ][safepoint   ] Safepoint "Cleanup", Time since last: 1001761584 ns, Reaching safepoint: 69500 ns, Cleanup: 59375 ns, At safepoint: 45209 ns, Total: 174084 ns
[2025-09-01T08:01:17.548+0000][175][info ][safepoint   ] Safepoint "Cleanup", Time since last: 2002356917 ns, Reaching safepoint: 50500 ns, Cleanup: 24667 ns, At safepoint: 21208 ns, Total: 96375 ns
[2025-09-01T08:01:24.554+0000][175][info ][safepoint   ] Safepoint "Cleanup", Time since last: 7006234044 ns, Reaching safepoint: 122417 ns, Cleanup: 59375 ns, At safepoint: 30375 ns, Total: 212167 ns
[2025-09-01T08:01:38.980+0000][175][info ][safepoint   ] Safepoint "Cleanup", Time since last: 14426388257 ns, Reaching safepoint: 3667 ns, Cleanup: 5458 ns, At safepoint: 7458 ns, Total: 16583 ns
[2025-09-01T08:01:40.352+0000][175][info ][safepoint   ] Safepoint "Cleanup", Time since last: 1371199209 ns, Reaching safepoint: 86542 ns, Cleanup: 54125 ns, At safepoint: 28541 ns, Total: 169208 ns
[2025-09-01T08:01:54.421+0000][175][info ][safepoint   ] Safepoint "Cleanup", Time since last: 14069370423 ns, Reaching safepoint: 66875 ns, Cleanup: 101250 ns, At safepoint: 28834 ns, Total: 196959 ns
[2025-09-01T08:01:55.657+0000][175][info ][safepoint   ] Safepoint "Cleanup", Time since last: 1236128792 ns, Reaching safepoint: 9125 ns, Cleanup: 14833 ns, At safepoint: 3000 ns, Total: 26958 ns
[2025-09-01T08:02:03.050+0000][175][info ][safepoint   ] Safepoint "Cleanup", Time since last: 7392744670 ns, Reaching safepoint: 107292 ns, Cleanup: 30583 ns, At safepoint: 35750 ns, Total: 173625 ns
[2025-09-01T08:02:36.521+0000][175][info ][safepoint   ] Safepoint "Cleanup", Time since last: 33471186308 ns, Reaching safepoint: 21083 ns, Cleanup: 73292 ns, At safepoint: 19208 ns, Total: 113583 ns
[2025-09-01T08:02:47.615+0000][175][info ][safepoint   ] Safepoint "Cleanup", Time since last: 11094148464 ns, Reaching safepoint: 44541 ns, Cleanup: 27292 ns, At safepoint: 14708 ns, Total: 86541 ns
[2025-09-01T08:02:56.627+0000][175][info ][safepoint   ] Safepoint "Cleanup", Time since last: 9011277420 ns, Reaching safepoint: 94000 ns, Cleanup: 78000 ns, At safepoint: 26000 ns, Total: 198000 ns
[2025-09-01T08:03:29.834+0000][175][info ][safepoint   ] Safepoint "Cleanup", Time since last: 33206874932 ns, Reaching safepoint: 93708 ns, Cleanup: 42917 ns, At safepoint: 12708 ns, Total: 149333 ns
[2025-09-01T08:04:48.025+0000][175][info ][gc,start    ] GC(99) Pause Young (Normal) (G1 Evacuation Pause)
[2025-09-01T08:04:48.025+0000][175][info ][gc,task     ] GC(99) Using 8 workers of 8 for evacuation
[2025-09-01T08:04:48.025+0000][175][debug][gc,age      ] GC(99) Desired survivor size 41943040 bytes, new threshold 15 (max threshold 15)
[2025-09-01T08:04:48.048+0000][175][info ][gc,phases   ] GC(99)   Pre Evacuate Collection Set: 0.65ms
[2025-09-01T08:04:48.048+0000][175][info ][gc,phases   ] GC(99)   Merge Heap Roots: 0.21ms
[2025-09-01T08:04:48.048+0000][175][info ][gc,phases   ] GC(99)   Evacuate Collection Set: 14.41ms
[2025-09-01T08:04:48.048+0000][175][info ][gc,phases   ] GC(99)   Post Evacuate Collection Set: 6.75ms
[2025-09-01T08:04:48.048+0000][175][info ][gc,phases   ] GC(99)   Other: 0.26ms
[2025-09-01T08:04:48.048+0000][175][trace][gc,age      ] GC(99) Age table with threshold 15 (max threshold 15)
[2025-09-01T08:04:48.048+0000][175][trace][gc,age      ] GC(99) - age   1:     800896 bytes,     800896 total
[2025-09-01T08:04:48.048+0000][175][trace][gc,age      ] GC(99) - age   2:      46528 bytes,     847424 total
[2025-09-01T08:04:48.048+0000][175][trace][gc,age      ] GC(99) - age   3:      81008 bytes,     928432 total
[2025-09-01T08:04:48.048+0000][175][trace][gc,age      ] GC(99) - age   4:    1287768 bytes,    2216200 total
[2025-09-01T08:04:48.048+0000][175][trace][gc,age      ] GC(99) - age   5:      86232 bytes,    2302432 total
[2025-09-01T08:04:48.048+0000][175][trace][gc,age      ] GC(99) - age   6:       8152 bytes,    2310584 total
[2025-09-01T08:04:48.048+0000][175][trace][gc,age      ] GC(99) - age   7:      12744 bytes,    2323328 total
[2025-09-01T08:04:48.048+0000][175][trace][gc,age      ] GC(99) - age   8:      51648 bytes,    2374976 total
[2025-09-01T08:04:48.048+0000][175][trace][gc,age      ] GC(99) - age   9:     346536 bytes,    2721512 total
[2025-09-01T08:04:48.048+0000][175][trace][gc,age      ] GC(99) - age  10:      23080 bytes,    2744592 total
[2025-09-01T08:04:48.048+0000][175][trace][gc,age      ] GC(99) - age  11:       5000 bytes,    2749592 total
[2025-09-01T08:04:48.048+0000][175][trace][gc,age      ] GC(99) - age  12:       6032 bytes,    2755624 total
[2025-09-01T08:04:48.048+0000][175][trace][gc,age      ] GC(99) - age  13:       5976 bytes,    2761600 total
[2025-09-01T08:04:48.048+0000][175][trace][gc,age      ] GC(99) - age  14:       5736 bytes,    2767336 total
[2025-09-01T08:04:48.048+0000][175][trace][gc,age      ] GC(99) - age  15:       6344 bytes,    2773680 total
[2025-09-01T08:04:48.048+0000][175][info ][gc,heap     ] GC(99) Eden regions: 152->0(152)
[2025-09-01T08:04:48.048+0000][175][info ][gc,heap     ] GC(99) Survivor regions: 1->1(20)
[2025-09-01T08:04:48.048+0000][175][info ][gc,heap     ] GC(99) Old regions: 37->37
[2025-09-01T08:04:48.048+0000][175][info ][gc,heap     ] GC(99) Humongous regions: 2->2
[2025-09-01T08:04:48.048+0000][175][info ][gc,metaspace] GC(99) Metaspace: 161293K(166208K)->161293K(166208K) NonClass: 139728K(142016K)->139728K(142016K) Class: 21565K(24192K)->21565K(24192K)
[2025-09-01T08:04:48.049+0000][175][info ][gc          ] GC(99) Pause Young (Normal) (G1 Evacuation Pause) 766M->158M(1024M) 23.529ms
[2025-09-01T08:04:48.049+0000][175][info ][gc,cpu      ] GC(99) User=0.12s Sys=0.00s Real=0.02s
[2025-09-01T08:04:48.049+0000][175][info ][safepoint   ] Safepoint "G1CollectForAllocation", Time since last: 78192424161 ns, Reaching safepoint: 6584 ns, Cleanup: 2250 ns, At safepoint: 23664208 ns, Total: 23673042 ns
[2025-09-01T08:04:55.094+0000][175][info ][safepoint   ] Safepoint "Cleanup", Time since last: 7045078003 ns, Reaching safepoint: 140583 ns, Cleanup: 85584 ns, At safepoint: 24333 ns, Total: 250500 ns
[2025-09-01T08:05:16.958+0000][175][info ][safepoint   ] Safepoint "Cleanup", Time since last: 21863644760 ns, Reaching safepoint: 402500 ns, Cleanup: 41209 ns, At safepoint: 43750 ns, Total: 487459 ns
[2025-09-01T08:05:45.340+0000][175][info ][safepoint   ] Safepoint "Cleanup", Time since last: 28382385638 ns, Reaching safepoint: 3416 ns, Cleanup: 16250 ns, At safepoint: 4959 ns, Total: 24625 ns
[2025-09-01T08:05:49.334+0000][175][info ][safepoint   ] Safepoint "Cleanup", Time since last: 3993765710 ns, Reaching safepoint: 14750 ns, Cleanup: 14625 ns, At safepoint: 8916 ns, Total: 38291 ns
[2025-09-01T08:06:09.400+0000][175][info ][safepoint   ] Safepoint "Cleanup", Time since last: 20066014301 ns, Reaching safepoint: 82708 ns, Cleanup: 36500 ns, At safepoint: 28000 ns, Total: 147208 ns
[2025-09-01T08:06:40.565+0000][175][info ][safepoint   ] Safepoint "Cleanup", Time since last: 31165283223 ns, Reaching safepoint: 3375 ns, Cleanup: 7083 ns, At safepoint: 5167 ns, Total: 15625 ns
[2025-09-01T08:06:48.613+0000][175][info ][safepoint   ] Safepoint "Cleanup", Time since last: 8048198795 ns, Reaching safepoint: 3917 ns, Cleanup: 9542 ns, At safepoint: 10250 ns, Total: 23709 ns
[2025-09-01T08:06:49.616+0000][175][info ][safepoint   ] Safepoint "Cleanup", Time since last: 1003555291 ns, Reaching safepoint: 15208 ns, Cleanup: 35875 ns, At safepoint: 15500 ns, Total: 66583 ns
[2025-09-01T08:07:49.383+0000][175][info ][safepoint   ] Safepoint "Cleanup", Time since last: 59767617070 ns, Reaching safepoint: 185875 ns, Cleanup: 72125 ns, At safepoint: 22958 ns, Total: 280958 ns
[2025-09-01T08:08:49.474+0000][175][info ][safepoint   ] Safepoint "Cleanup", Time since last: 60090773319 ns, Reaching safepoint: 354167 ns, Cleanup: 53500 ns, At safepoint: 34166 ns, Total: 441833 ns
[2025-09-01T08:09:03.113+0000][175][info ][safepoint   ] Safepoint "Cleanup", Time since last: 13639140548 ns, Reaching safepoint: 29500 ns, Cleanup: 16084 ns, At safepoint: 6416 ns, Total: 52000 ns
[2025-09-01T08:09:04.263+0000][175][info ][safepoint   ] Safepoint "ICBufferFull", Time since last: 1149454168 ns, Reaching safepoint: 41125 ns, Cleanup: 145083 ns, At safepoint: 15625 ns, Total: 201833 ns
[2025-09-01T08:09:04.416+0000][175][info ][safepoint   ] Safepoint "ICBufferFull", Time since last: 152981458 ns, Reaching safepoint: 34292 ns, Cleanup: 118542 ns, At safepoint: 18208 ns, Total: 171042 ns
[2025-09-01T08:09:06.293+0000][175][info ][safepoint   ] Safepoint "Cleanup", Time since last: 1876512584 ns, Reaching safepoint: 65709 ns, Cleanup: 198000 ns, At safepoint: 24666 ns, Total: 288375 ns
[2025-09-01T08:09:12.433+0000][175][info ][safepoint   ] Safepoint "Cleanup", Time since last: 6139388878 ns, Reaching safepoint: 62000 ns, Cleanup: 34417 ns, At safepoint: 17458 ns, Total: 113875 ns
[2025-09-01T08:09:21.443+0000][175][info ][safepoint   ] Safepoint "Cleanup", Time since last: 9010332462 ns, Reaching safepoint: 69583 ns, Cleanup: 48459 ns, At safepoint: 27833 ns, Total: 145875 ns
[2025-09-01T08:09:45.473+0000][175][info ][safepoint   ] Safepoint "Cleanup", Time since last: 24029895970 ns, Reaching safepoint: 73208 ns, Cleanup: 50667 ns, At safepoint: 24625 ns, Total: 148500 ns
[2025-09-01T08:09:48.479+0000][175][info ][safepoint   ] Safepoint "Cleanup", Time since last: 3006214501 ns, Reaching safepoint: 33667 ns, Cleanup: 50000 ns, At safepoint: 49125 ns, Total: 132792 ns
[2025-09-01T08:09:57.056+0000][175][info ][safepoint   ] Safepoint "Cleanup", Time since last: 8577494087 ns, Reaching safepoint: 5833 ns, Cleanup: 10708 ns, At safepoint: 2792 ns, Total: 19333 ns
[2025-09-01T08:10:03.286+0000][175][info ][safepoint   ] Safepoint "Cleanup", Time since last: 6230152003 ns, Reaching safepoint: 5708 ns, Cleanup: 14542 ns, At safepoint: 9250 ns, Total: 29500 ns
[2025-09-01T08:10:15.218+0000][175][info ][gc,start    ] GC(100) Pause Young (Concurrent Start) (G1 Evacuation Pause)
[2025-09-01T08:10:15.218+0000][175][info ][gc,task     ] GC(100) Using 8 workers of 8 for evacuation
[2025-09-01T08:10:15.218+0000][175][debug][gc,age      ] GC(100) Desired survivor size 41943040 bytes, new threshold 15 (max threshold 15)
[2025-09-01T08:10:15.234+0000][175][info ][gc,phases   ] GC(100)   Pre Evacuate Collection Set: 0.67ms
[2025-09-01T08:10:15.234+0000][175][info ][gc,phases   ] GC(100)   Merge Heap Roots: 0.17ms
[2025-09-01T08:10:15.234+0000][175][info ][gc,phases   ] GC(100)   Evacuate Collection Set: 12.70ms
[2025-09-01T08:10:15.234+0000][175][info ][gc,phases   ] GC(100)   Post Evacuate Collection Set: 1.28ms
[2025-09-01T08:10:15.234+0000][175][info ][gc,phases   ] GC(100)   Other: 0.58ms
[2025-09-01T08:10:15.234+0000][175][trace][gc,age      ] GC(100) Age table with threshold 15 (max threshold 15)
[2025-09-01T08:10:15.234+0000][175][trace][gc,age      ] GC(100) - age   1:    2688096 bytes,    2688096 total
[2025-09-01T08:10:15.234+0000][175][trace][gc,age      ] GC(100) - age   2:      27576 bytes,    2715672 total
[2025-09-01T08:10:15.234+0000][175][trace][gc,age      ] GC(100) - age   3:      26920 bytes,    2742592 total
[2025-09-01T08:10:15.234+0000][175][trace][gc,age      ] GC(100) - age   4:      79256 bytes,    2821848 total
[2025-09-01T08:10:15.234+0000][175][trace][gc,age      ] GC(100) - age   5:     558536 bytes,    3380384 total
[2025-09-01T08:10:15.234+0000][175][trace][gc,age      ] GC(100) - age   6:      86232 bytes,    3466616 total
[2025-09-01T08:10:15.234+0000][175][trace][gc,age      ] GC(100) - age   7:       8088 bytes,    3474704 total
[2025-09-01T08:10:15.234+0000][175][trace][gc,age      ] GC(100) - age   8:      12680 bytes,    3487384 total
[2025-09-01T08:10:15.234+0000][175][trace][gc,age      ] GC(100) - age   9:      51648 bytes,    3539032 total
[2025-09-01T08:10:15.234+0000][175][trace][gc,age      ] GC(100) - age  10:     346272 bytes,    3885304 total
[2025-09-01T08:10:15.234+0000][175][trace][gc,age      ] GC(100) - age  11:       6928 bytes,    3892232 total
[2025-09-01T08:10:15.234+0000][175][trace][gc,age      ] GC(100) - age  12:       5000 bytes,    3897232 total
[2025-09-01T08:10:15.234+0000][175][trace][gc,age      ] GC(100) - age  13:       6032 bytes,    3903264 total
[2025-09-01T08:10:15.234+0000][175][trace][gc,age      ] GC(100) - age  14:       5976 bytes,    3909240 total
[2025-09-01T08:10:15.234+0000][175][trace][gc,age      ] GC(100) - age  15:       5736 bytes,    3914976 total
[2025-09-01T08:10:15.234+0000][175][info ][gc,heap     ] GC(100) Eden regions: 152->0(151)
[2025-09-01T08:10:15.234+0000][175][info ][gc,heap     ] GC(100) Survivor regions: 1->2(20)
[2025-09-01T08:10:15.234+0000][175][info ][gc,heap     ] GC(100) Old regions: 37->37
[2025-09-01T08:10:15.234+0000][175][info ][gc,heap     ] GC(100) Humongous regions: 2->2
[2025-09-01T08:10:15.234+0000][175][info ][gc,metaspace] GC(100) Metaspace: 161395K(166208K)->161395K(166208K) NonClass: 139826K(142016K)->139826K(142016K) Class: 21568K(24192K)->21568K(24192K)
[2025-09-01T08:10:15.234+0000][175][info ][gc          ] GC(100) Pause Young (Concurrent Start) (G1 Evacuation Pause) 766M->159M(1024M) 16.500ms
[2025-09-01T08:10:15.234+0000][175][info ][gc,cpu      ] GC(100) User=0.09s Sys=0.00s Real=0.02s
[2025-09-01T08:10:15.234+0000][175][info ][gc          ] GC(101) Concurrent Mark Cycle
[2025-09-01T08:10:15.235+0000][175][info ][gc,marking  ] GC(101) Concurrent Scan Root Regions
[2025-09-01T08:10:15.234+0000][175][info ][safepoint   ] Safepoint "G1CollectForAllocation", Time since last: 11931434922 ns, Reaching safepoint: 9709 ns, Cleanup: 37208 ns, At safepoint: 16660208 ns, Total: 16707125 ns
[2025-09-01T08:10:15.238+0000][175][info ][gc,marking  ] GC(101) Concurrent Scan Root Regions 3.178ms
[2025-09-01T08:10:15.238+0000][175][info ][gc,marking  ] GC(101) Concurrent Mark
[2025-09-01T08:10:15.238+0000][175][info ][gc,marking  ] GC(101) Concurrent Mark From Roots
[2025-09-01T08:10:15.238+0000][175][info ][gc,task     ] GC(101) Using 2 workers of 2 for marking
[2025-09-01T08:10:15.309+0000][175][info ][gc,marking  ] GC(101) Concurrent Mark From Roots 71.168ms
[2025-09-01T08:10:15.309+0000][175][info ][gc,marking  ] GC(101) Concurrent Preclean
[2025-09-01T08:10:15.310+0000][175][info ][gc,marking  ] GC(101) Concurrent Preclean 0.448ms
[2025-09-01T08:10:15.310+0000][175][info ][gc,start    ] GC(101) Pause Remark
[2025-09-01T08:10:15.316+0000][175][info ][gc          ] GC(101) Pause Remark 160M->160M(1024M) 6.072ms
[2025-09-01T08:10:15.316+0000][175][info ][gc,cpu      ] GC(101) User=0.04s Sys=0.00s Real=0.01s
[2025-09-01T08:10:15.316+0000][175][info ][safepoint   ] Safepoint "G1PauseRemark", Time since last: 75211375 ns, Reaching safepoint: 10209 ns, Cleanup: 2125 ns, At safepoint: 6238125 ns, Total: 6250459 ns
[2025-09-01T08:10:15.316+0000][175][info ][gc,marking  ] GC(101) Concurrent Mark 78.165ms
[2025-09-01T08:10:15.316+0000][175][info ][gc,marking  ] GC(101) Concurrent Rebuild Remembered Sets and Scrub Regions
[2025-09-01T08:10:15.339+0000][175][info ][gc,marking  ] GC(101) Concurrent Rebuild Remembered Sets and Scrub Regions 23.436ms
[2025-09-01T08:10:15.340+0000][175][info ][gc,start    ] GC(101) Pause Cleanup
[2025-09-01T08:10:15.340+0000][175][info ][gc          ] GC(101) Pause Cleanup 160M->160M(1024M) 0.179ms
[2025-09-01T08:10:15.340+0000][175][info ][gc,cpu      ] GC(101) User=0.00s Sys=0.00s Real=0.00s
[2025-09-01T08:10:15.340+0000][175][info ][safepoint   ] Safepoint "G1PauseCleanup", Time since last: 23675375 ns, Reaching safepoint: 7625 ns, Cleanup: 2125 ns, At safepoint: 292542 ns, Total: 302292 ns
[2025-09-01T08:10:15.340+0000][175][info ][gc,marking  ] GC(101) Concurrent Clear Claimed Marks
[2025-09-01T08:10:15.340+0000][175][info ][gc,marking  ] GC(101) Concurrent Clear Claimed Marks 0.261ms
[2025-09-01T08:10:15.340+0000][175][info ][gc,marking  ] GC(101) Concurrent Cleanup for Next Mark
[2025-09-01T08:10:15.346+0000][175][info ][gc,marking  ] GC(101) Concurrent Cleanup for Next Mark 5.949ms
[2025-09-01T08:10:15.346+0000][175][info ][gc          ] GC(101) Concurrent Mark Cycle 111.888ms
[2025-09-01T08:10:50.439+0000][175][info ][safepoint   ] Safepoint "Cleanup", Time since last: 35097422974 ns, Reaching safepoint: 2589208 ns, Cleanup: 39542 ns, At safepoint: 12083 ns, Total: 2640833 ns
[2025-09-01T08:11:00.570+0000][175][info ][safepoint   ] Safepoint "Cleanup", Time since last: 10130824880 ns, Reaching safepoint: 3666 ns, Cleanup: 8084 ns, At safepoint: 1833 ns, Total: 13583 ns
[2025-09-01T08:11:06.059+0000][175][info ][safepoint   ] Safepoint "Cleanup", Time since last: 5488718336 ns, Reaching safepoint: 8958 ns, Cleanup: 12209 ns, At safepoint: 9833 ns, Total: 31000 ns
[2025-09-01T08:11:34.802+0000][175][info ][safepoint   ] Safepoint "Cleanup", Time since last: 28742928471 ns, Reaching safepoint: 71667 ns, Cleanup: 61791 ns, At safepoint: 29375 ns, Total: 162833 ns
[2025-09-01T08:11:39.680+0000][175][info ][safepoint   ] Safepoint "Cleanup", Time since last: 4878031836 ns, Reaching safepoint: 9042 ns, Cleanup: 22458 ns, At safepoint: 11750 ns, Total: 43250 ns
[2025-09-01T08:12:04.805+0000][175][info ][safepoint   ] Safepoint "Cleanup", Time since last: 25125831345 ns, Reaching safepoint: 20542 ns, Cleanup: 37083 ns, At safepoint: 13875 ns, Total: 71500 ns
[2025-09-01T08:13:07.060+0000][175][info ][safepoint   ] Safepoint "Cleanup", Time since last: 62255064988 ns, Reaching safepoint: 37833 ns, Cleanup: 26875 ns, At safepoint: 16167 ns, Total: 80875 ns
[2025-09-01T08:14:09.149+0000][175][info ][safepoint   ] Safepoint "Cleanup", Time since last: 62089812528 ns, Reaching safepoint: 6125 ns, Cleanup: 31500 ns, At safepoint: 3083 ns, Total: 40708 ns
[2025-09-01T08:15:03.463+0000][175][info ][safepoint   ] Safepoint "Cleanup", Time since last: 54314547441 ns, Reaching safepoint: 107459 ns, Cleanup: 32416 ns, At safepoint: 21500 ns, Total: 161375 ns
[2025-09-01T08:15:48.148+0000][175][info ][safepoint   ] Safepoint "Cleanup", Time since last: 44685334396 ns, Reaching safepoint: 10083 ns, Cleanup: 13958 ns, At safepoint: 8459 ns, Total: 32500 ns
[2025-09-01T08:15:49.764+0000][175][info ][safepoint   ] Safepoint "Cleanup", Time since last: 1615872541 ns, Reaching safepoint: 63209 ns, Cleanup: 80208 ns, At safepoint: 23333 ns, Total: 166750 ns
[2025-09-01T08:15:50.817+0000][175][info ][gc,start    ] GC(102) Pause Young (Normal) (G1 Evacuation Pause)
[2025-09-01T08:15:50.818+0000][175][info ][gc,task     ] GC(102) Using 8 workers of 8 for evacuation
[2025-09-01T08:15:50.818+0000][175][debug][gc,age      ] GC(102) Desired survivor size 41943040 bytes, new threshold 15 (max threshold 15)
[2025-09-01T08:15:50.836+0000][175][info ][gc,phases   ] GC(102)   Pre Evacuate Collection Set: 1.63ms
[2025-09-01T08:15:50.836+0000][175][info ][gc,phases   ] GC(102)   Merge Heap Roots: 0.48ms
[2025-09-01T08:15:50.836+0000][175][info ][gc,phases   ] GC(102)   Evacuate Collection Set: 11.96ms
[2025-09-01T08:15:50.836+0000][175][info ][gc,phases   ] GC(102)   Post Evacuate Collection Set: 3.91ms
[2025-09-01T08:15:50.836+0000][175][info ][gc,phases   ] GC(102)   Other: 0.92ms
[2025-09-01T08:15:50.836+0000][175][trace][gc,age      ] GC(102) Age table with threshold 15 (max threshold 15)
[2025-09-01T08:15:50.836+0000][175][trace][gc,age      ] GC(102) - age   1:    2302160 bytes,    2302160 total
[2025-09-01T08:15:50.836+0000][175][trace][gc,age      ] GC(102) - age   2:    1271936 bytes,    3574096 total
[2025-09-01T08:15:50.836+0000][175][trace][gc,age      ] GC(102) - age   3:      25904 bytes,    3600000 total
[2025-09-01T08:15:50.836+0000][175][trace][gc,age      ] GC(102) - age   4:      23304 bytes,    3623304 total
[2025-09-01T08:15:50.837+0000][175][trace][gc,age      ] GC(102) - age   5:      79200 bytes,    3702504 total
[2025-09-01T08:15:50.837+0000][175][trace][gc,age      ] GC(102) - age   6:     558432 bytes,    4260936 total
[2025-09-01T08:15:50.837+0000][175][trace][gc,age      ] GC(102) - age   7:      86192 bytes,    4347128 total
[2025-09-01T08:15:50.837+0000][175][trace][gc,age      ] GC(102) - age   8:       8088 bytes,    4355216 total
[2025-09-01T08:15:50.837+0000][175][trace][gc,age      ] GC(102) - age   9:      12616 bytes,    4367832 total
[2025-09-01T08:15:50.837+0000][175][trace][gc,age      ] GC(102) - age  10:      51648 bytes,    4419480 total
[2025-09-01T08:15:50.837+0000][175][trace][gc,age      ] GC(102) - age  11:     345096 bytes,    4764576 total
[2025-09-01T08:15:50.837+0000][175][trace][gc,age      ] GC(102) - age  12:       6888 bytes,    4771464 total
[2025-09-01T08:15:50.837+0000][175][trace][gc,age      ] GC(102) - age  13:       4960 bytes,    4776424 total
[2025-09-01T08:15:50.837+0000][175][trace][gc,age      ] GC(102) - age  14:       6032 bytes,    4782456 total
[2025-09-01T08:15:50.837+0000][175][trace][gc,age      ] GC(102) - age  15:       5976 bytes,    4788432 total
[2025-09-01T08:15:50.837+0000][175][info ][gc,heap     ] GC(102) Eden regions: 151->0(151)
[2025-09-01T08:15:50.837+0000][175][info ][gc,heap     ] GC(102) Survivor regions: 2->2(20)
[2025-09-01T08:15:50.837+0000][175][info ][gc,heap     ] GC(102) Old regions: 37->37
[2025-09-01T08:15:50.837+0000][175][info ][gc,heap     ] GC(102) Humongous regions: 2->2
[2025-09-01T08:15:50.837+0000][175][info ][gc,metaspace] GC(102) Metaspace: 161397K(166208K)->161397K(166208K) NonClass: 139829K(142016K)->139829K(142016K) Class: 21568K(24192K)->21568K(24192K)
[2025-09-01T08:15:50.837+0000][175][info ][gc          ] GC(102) Pause Young (Normal) (G1 Evacuation Pause) 763M->160M(1024M) 20.400ms
[2025-09-01T08:15:50.837+0000][175][info ][gc,cpu      ] GC(102) User=0.12s Sys=0.00s Real=0.02s
[2025-09-01T08:15:50.837+0000][175][info ][safepoint   ] Safepoint "G1CollectForAllocation", Time since last: 1052477292 ns, Reaching safepoint: 12084 ns, Cleanup: 3333 ns, At safepoint: 20568250 ns, Total: 20583667 ns
[2025-09-01T08:15:51.875+0000][175][info ][safepoint   ] Safepoint "Cleanup", Time since last: 1037933834 ns, Reaching safepoint: 8375 ns, Cleanup: 21667 ns, At safepoint: 10708 ns, Total: 40750 ns
[2025-09-01T08:16:21.202+0000][175][info ][safepoint   ] Safepoint "Cleanup", Time since last: 29327091472 ns, Reaching safepoint: 3583 ns, Cleanup: 38875 ns, At safepoint: 4958 ns, Total: 47416 ns
[2025-09-01T08:17:18.170+0000][175][info ][safepoint   ] Safepoint "Cleanup", Time since last: 56968338569 ns, Reaching safepoint: 6958 ns, Cleanup: 11792 ns, At safepoint: 3833 ns, Total: 22583 ns
[2025-09-01T08:17:50.414+0000][175][info ][safepoint   ] Safepoint "Cleanup", Time since last: 32244201598 ns, Reaching safepoint: 234792 ns, Cleanup: 46208 ns, At safepoint: 35583 ns, Total: 316583 ns
[2025-09-01T08:19:31.884+0000][175][info ][safepoint   ] Safepoint "Cleanup", Time since last: 101471348589 ns, Reaching safepoint: 113625 ns, Cleanup: 68208 ns, At safepoint: 24625 ns, Total: 206458 ns
[2025-09-01T08:19:34.888+0000][175][info ][safepoint   ] Safepoint "Cleanup", Time since last: 3003883460 ns, Reaching safepoint: 97125 ns, Cleanup: 58541 ns, At safepoint: 32250 ns, Total: 187916 ns
[2025-09-01T08:20:03.920+0000][175][info ][safepoint   ] Safepoint "Cleanup", Time since last: 29031631472 ns, Reaching safepoint: 207459 ns, Cleanup: 55500 ns, At safepoint: 98625 ns, Total: 361584 ns
[2025-09-01T08:20:16.074+0000][175][info ][safepoint   ] Safepoint "Cleanup", Time since last: 12153805922 ns, Reaching safepoint: 36083 ns, Cleanup: 53125 ns, At safepoint: 16959 ns, Total: 106167 ns
[2025-09-01T08:21:18.182+0000][175][info ][gc,start    ] GC(103) Pause Young (Concurrent Start) (G1 Evacuation Pause)
[2025-09-01T08:21:18.183+0000][175][info ][gc,task     ] GC(103) Using 8 workers of 8 for evacuation
[2025-09-01T08:21:18.183+0000][175][debug][gc,age      ] GC(103) Desired survivor size 41943040 bytes, new threshold 15 (max threshold 15)
[2025-09-01T08:21:18.206+0000][175][info ][gc,phases   ] GC(103)   Pre Evacuate Collection Set: 1.40ms
[2025-09-01T08:21:18.206+0000][175][info ][gc,phases   ] GC(103)   Merge Heap Roots: 0.26ms
[2025-09-01T08:21:18.206+0000][175][info ][gc,phases   ] GC(103)   Evacuate Collection Set: 16.66ms
[2025-09-01T08:21:18.206+0000][175][info ][gc,phases   ] GC(103)   Post Evacuate Collection Set: 3.49ms
[2025-09-01T08:21:18.206+0000][175][info ][gc,phases   ] GC(103)   Other: 0.65ms
[2025-09-01T08:21:18.206+0000][175][trace][gc,age      ] GC(103) Age table with threshold 15 (max threshold 15)
[2025-09-01T08:21:18.206+0000][175][trace][gc,age      ] GC(103) - age   1:    1813192 bytes,    1813192 total
[2025-09-01T08:21:18.206+0000][175][trace][gc,age      ] GC(103) - age   2:     184944 bytes,    1998136 total
[2025-09-01T08:21:18.206+0000][175][trace][gc,age      ] GC(103) - age   3:    1264656 bytes,    3262792 total
[2025-09-01T08:21:18.206+0000][175][trace][gc,age      ] GC(103) - age   4:      25512 bytes,    3288304 total
[2025-09-01T08:21:18.206+0000][175][trace][gc,age      ] GC(103) - age   5:      22592 bytes,    3310896 total
[2025-09-01T08:21:18.206+0000][175][trace][gc,age      ] GC(103) - age   6:      45016 bytes,    3355912 total
[2025-09-01T08:21:18.206+0000][175][trace][gc,age      ] GC(103) - age   7:     558432 bytes,    3914344 total
[2025-09-01T08:21:18.206+0000][175][trace][gc,age      ] GC(103) - age   8:      86120 bytes,    4000464 total
[2025-09-01T08:21:18.206+0000][175][trace][gc,age      ] GC(103) - age   9:       7848 bytes,    4008312 total
[2025-09-01T08:21:18.206+0000][175][trace][gc,age      ] GC(103) - age  10:      12616 bytes,    4020928 total
[2025-09-01T08:21:18.206+0000][175][trace][gc,age      ] GC(103) - age  11:      51648 bytes,    4072576 total
[2025-09-01T08:21:18.207+0000][175][trace][gc,age      ] GC(103) - age  12:      86808 bytes,    4159384 total
[2025-09-01T08:21:18.207+0000][175][trace][gc,age      ] GC(103) - age  13:       6888 bytes,    4166272 total
[2025-09-01T08:21:18.207+0000][175][trace][gc,age      ] GC(103) - age  14:       4960 bytes,    4171232 total
[2025-09-01T08:21:18.207+0000][175][trace][gc,age      ] GC(103) - age  15:       6032 bytes,    4177264 total
[2025-09-01T08:21:18.207+0000][175][info ][gc,heap     ] GC(103) Eden regions: 151->0(151)
[2025-09-01T08:21:18.207+0000][175][info ][gc,heap     ] GC(103) Survivor regions: 2->2(20)
[2025-09-01T08:21:18.207+0000][175][info ][gc,heap     ] GC(103) Old regions: 37->37
[2025-09-01T08:21:18.207+0000][175][info ][gc,heap     ] GC(103) Humongous regions: 2->2
[2025-09-01T08:21:18.207+0000][175][info ][gc,metaspace] GC(103) Metaspace: 161397K(166208K)->161397K(166208K) NonClass: 139829K(142016K)->139829K(142016K) Class: 21568K(24192K)->21568K(24192K)
[2025-09-01T08:21:18.207+0000][175][info ][gc          ] GC(103) Pause Young (Concurrent Start) (G1 Evacuation Pause) 764M->160M(1024M) 25.280ms
[2025-09-01T08:21:18.207+0000][175][info ][gc,cpu      ] GC(103) User=0.09s Sys=0.01s Real=0.03s
[2025-09-01T08:21:18.207+0000][175][info ][gc          ] GC(104) Concurrent Mark Cycle
[2025-09-01T08:21:18.207+0000][175][info ][gc,marking  ] GC(104) Concurrent Scan Root Regions
[2025-09-01T08:21:18.207+0000][175][info ][safepoint   ] Safepoint "G1CollectForAllocation", Time since last: 62108189361 ns, Reaching safepoint: 22541 ns, Cleanup: 5542 ns, At safepoint: 25545708 ns, Total: 25573791 ns
[2025-09-01T08:21:18.218+0000][175][info ][gc,marking  ] GC(104) Concurrent Scan Root Regions 10.310ms
[2025-09-01T08:21:18.218+0000][175][info ][gc,marking  ] GC(104) Concurrent Mark
[2025-09-01T08:21:18.218+0000][175][info ][gc,marking  ] GC(104) Concurrent Mark From Roots
[2025-09-01T08:21:18.218+0000][175][info ][gc,task     ] GC(104) Using 2 workers of 2 for marking
[2025-09-01T08:21:18.290+0000][175][info ][gc,marking  ] GC(104) Concurrent Mark From Roots 72.137ms
[2025-09-01T08:21:18.290+0000][175][info ][gc,marking  ] GC(104) Concurrent Preclean
[2025-09-01T08:21:18.290+0000][175][info ][gc,marking  ] GC(104) Concurrent Preclean 0.520ms
[2025-09-01T08:21:18.291+0000][175][info ][gc,start    ] GC(104) Pause Remark
[2025-09-01T08:21:18.300+0000][175][info ][gc          ] GC(104) Pause Remark 164M->164M(1024M) 9.164ms
[2025-09-01T08:21:18.300+0000][175][info ][gc,cpu      ] GC(104) User=0.06s Sys=0.00s Real=0.01s
[2025-09-01T08:21:18.300+0000][175][info ][safepoint   ] Safepoint "G1PauseRemark", Time since last: 83309501 ns, Reaching safepoint: 9916 ns, Cleanup: 1959 ns, At safepoint: 9342875 ns, Total: 9354750 ns
[2025-09-01T08:21:18.300+0000][175][info ][gc,marking  ] GC(104) Concurrent Mark 82.274ms
[2025-09-01T08:21:18.300+0000][175][info ][gc,marking  ] GC(104) Concurrent Rebuild Remembered Sets and Scrub Regions
[2025-09-01T08:21:18.324+0000][175][info ][gc,marking  ] GC(104) Concurrent Rebuild Remembered Sets and Scrub Regions 23.571ms
[2025-09-01T08:21:18.324+0000][175][info ][gc,start    ] GC(104) Pause Cleanup
[2025-09-01T08:21:18.324+0000][175][info ][gc          ] GC(104) Pause Cleanup 164M->164M(1024M) 0.130ms
[2025-09-01T08:21:18.324+0000][175][info ][gc,cpu      ] GC(104) User=0.00s Sys=0.00s Real=0.00s
[2025-09-01T08:21:18.324+0000][175][info ][safepoint   ] Safepoint "G1PauseCleanup", Time since last: 23739166 ns, Reaching safepoint: 7750 ns, Cleanup: 16875 ns, At safepoint: 244834 ns, Total: 269459 ns
[2025-09-01T08:21:18.324+0000][175][info ][gc,marking  ] GC(104) Concurrent Clear Claimed Marks
[2025-09-01T08:21:18.324+0000][175][info ][gc,marking  ] GC(104) Concurrent Clear Claimed Marks 0.252ms
[2025-09-01T08:21:18.324+0000][175][info ][gc,marking  ] GC(104) Concurrent Cleanup for Next Mark
[2025-09-01T08:21:18.326+0000][175][info ][gc,marking  ] GC(104) Concurrent Cleanup for Next Mark 1.900ms
[2025-09-01T08:21:18.326+0000][175][info ][gc          ] GC(104) Concurrent Mark Cycle 119.020ms
[2025-09-01T08:21:30.206+0000][175][info ][safepoint   ] Safepoint "Cleanup", Time since last: 11882177963 ns, Reaching safepoint: 27208 ns, Cleanup: 11875 ns, At safepoint: 7292 ns, Total: 46375 ns
[2025-09-01T08:21:31.375+0000][175][info ][safepoint   ] Safepoint "Cleanup", Time since last: 1169437667 ns, Reaching safepoint: 7875 ns, Cleanup: 21250 ns, At safepoint: 8958 ns, Total: 38083 ns
[2025-09-01T08:21:42.476+0000][175][info ][safepoint   ] Safepoint "Cleanup", Time since last: 11100351255 ns, Reaching safepoint: 5084 ns, Cleanup: 10500 ns, At safepoint: 3541 ns, Total: 19125 ns
[2025-09-01T08:21:55.889+0000][175][info ][safepoint   ] Safepoint "Cleanup", Time since last: 13413828007 ns, Reaching safepoint: 6166 ns, Cleanup: 14125 ns, At safepoint: 7125 ns, Total: 27416 ns
[2025-09-01T08:21:57.176+0000][175][info ][safepoint   ] Safepoint "Cleanup", Time since last: 1286436751 ns, Reaching safepoint: 53000 ns, Cleanup: 28458 ns, At safepoint: 30750 ns, Total: 112208 ns
[2025-09-01T08:22:39.217+0000][175][info ][safepoint   ] Safepoint "Cleanup", Time since last: 42041402520 ns, Reaching safepoint: 11250 ns, Cleanup: 24291 ns, At safepoint: 6000 ns, Total: 41541 ns
[2025-09-01T08:26:42.300+0000][175][info ][safepoint   ] Safepoint "Cleanup", Time since last: 243085382277 ns, Reaching safepoint: 25500 ns, Cleanup: 30417 ns, At safepoint: 12458 ns, Total: 68375 ns
[2025-09-01T08:26:44.661+0000][175][info ][safepoint   ] Safepoint "Cleanup", Time since last: 2361125210 ns, Reaching safepoint: 41166 ns, Cleanup: 18334 ns, At safepoint: 10666 ns, Total: 70166 ns
[2025-09-01T08:26:51.273+0000][175][info ][gc,start    ] GC(105) Pause Young (Normal) (G1 Evacuation Pause)
[2025-09-01T08:26:51.273+0000][175][info ][gc,task     ] GC(105) Using 8 workers of 8 for evacuation
[2025-09-01T08:26:51.273+0000][175][debug][gc,age      ] GC(105) Desired survivor size 41943040 bytes, new threshold 15 (max threshold 15)
[2025-09-01T08:26:51.292+0000][175][info ][gc,phases   ] GC(105)   Pre Evacuate Collection Set: 1.03ms
[2025-09-01T08:26:51.293+0000][175][info ][gc,phases   ] GC(105)   Merge Heap Roots: 0.19ms
[2025-09-01T08:26:51.293+0000][175][info ][gc,phases   ] GC(105)   Evacuate Collection Set: 12.78ms
[2025-09-01T08:26:51.293+0000][175][info ][gc,phases   ] GC(105)   Post Evacuate Collection Set: 4.88ms
[2025-09-01T08:26:51.293+0000][175][info ][gc,phases   ] GC(105)   Other: 0.30ms
[2025-09-01T08:26:51.293+0000][175][trace][gc,age      ] GC(105) Age table with threshold 15 (max threshold 15)
[2025-09-01T08:26:51.293+0000][175][trace][gc,age      ] GC(105) - age   1:    1431424 bytes,    1431424 total
[2025-09-01T08:26:51.293+0000][175][trace][gc,age      ] GC(105) - age   2:     306096 bytes,    1737520 total
[2025-09-01T08:26:51.293+0000][175][trace][gc,age      ] GC(105) - age   3:     165800 bytes,    1903320 total
[2025-09-01T08:26:51.293+0000][175][trace][gc,age      ] GC(105) - age   4:    1131856 bytes,    3035176 total
[2025-09-01T08:26:51.293+0000][175][trace][gc,age      ] GC(105) - age   5:      25512 bytes,    3060688 total
[2025-09-01T08:26:51.293+0000][175][trace][gc,age      ] GC(105) - age   6:      22464 bytes,    3083152 total
[2025-09-01T08:26:51.293+0000][175][trace][gc,age      ] GC(105) - age   7:      44888 bytes,    3128040 total
[2025-09-01T08:26:51.293+0000][175][trace][gc,age      ] GC(105) - age   8:     558088 bytes,    3686128 total
[2025-09-01T08:26:51.293+0000][175][trace][gc,age      ] GC(105) - age   9:      86120 bytes,    3772248 total
[2025-09-01T08:26:51.293+0000][175][trace][gc,age      ] GC(105) - age  10:       7848 bytes,    3780096 total
[2025-09-01T08:26:51.293+0000][175][trace][gc,age      ] GC(105) - age  11:      12616 bytes,    3792712 total
[2025-09-01T08:26:51.293+0000][175][trace][gc,age      ] GC(105) - age  12:      51648 bytes,    3844360 total
[2025-09-01T08:26:51.293+0000][175][trace][gc,age      ] GC(105) - age  13:      86808 bytes,    3931168 total
[2025-09-01T08:26:51.293+0000][175][trace][gc,age      ] GC(105) - age  14:       6888 bytes,    3938056 total
[2025-09-01T08:26:51.294+0000][175][trace][gc,age      ] GC(105) - age  15:       4960 bytes,    3943016 total
[2025-09-01T08:26:51.294+0000][175][info ][gc,heap     ] GC(105) Eden regions: 151->0(151)
[2025-09-01T08:26:51.294+0000][175][info ][gc,heap     ] GC(105) Survivor regions: 2->2(20)
[2025-09-01T08:26:51.294+0000][175][info ][gc,heap     ] GC(105) Old regions: 37->37
[2025-09-01T08:26:51.294+0000][175][info ][gc,heap     ] GC(105) Humongous regions: 2->2
[2025-09-01T08:26:51.294+0000][175][info ][gc,metaspace] GC(105) Metaspace: 161402K(166208K)->161402K(166208K) NonClass: 139834K(142016K)->139834K(142016K) Class: 21568K(24192K)->21568K(24192K)
[2025-09-01T08:26:51.294+0000][175][info ][gc          ] GC(105) Pause Young (Normal) (G1 Evacuation Pause) 764M->159M(1024M) 21.103ms
[2025-09-01T08:26:51.294+0000][175][info ][gc,cpu      ] GC(105) User=0.11s Sys=0.00s Real=0.02s
[2025-09-01T08:26:51.294+0000][175][info ][safepoint   ] Safepoint "G1CollectForAllocation", Time since last: 6611515003 ns, Reaching safepoint: 14959 ns, Cleanup: 4708 ns, At safepoint: 21329958 ns, Total: 21349625 ns
[2025-09-01T08:27:23.810+0000][175][info ][safepoint   ] Safepoint "Cleanup", Time since last: 32515860473 ns, Reaching safepoint: 62708 ns, Cleanup: 27209 ns, At safepoint: 12916 ns, Total: 102833 ns
[2025-09-01T08:27:48.958+0000][175][info ][safepoint   ] Safepoint "Cleanup", Time since last: 25147895804 ns, Reaching safepoint: 6333 ns, Cleanup: 10584 ns, At safepoint: 9000 ns, Total: 25917 ns
[2025-09-01T08:28:51.331+0000][175][info ][safepoint   ] Safepoint "Cleanup", Time since last: 62375002237 ns, Reaching safepoint: 30250 ns, Cleanup: 49458 ns, At safepoint: 9292 ns, Total: 89000 ns
[2025-09-01T08:28:57.231+0000][175][info ][safepoint   ] Safepoint "Cleanup", Time since last: 5899745461 ns, Reaching safepoint: 48958 ns, Cleanup: 21792 ns, At safepoint: 9625 ns, Total: 80375 ns
[2025-09-01T08:31:14.320+0000][175][info ][safepoint   ] Safepoint "Cleanup", Time since last: 137089071772 ns, Reaching safepoint: 67916 ns, Cleanup: 87750 ns, At safepoint: 17334 ns, Total: 173000 ns
[2025-09-01T08:31:42.372+0000][175][info ][safepoint   ] Safepoint "Cleanup", Time since last: 28052551762 ns, Reaching safepoint: 3958 ns, Cleanup: 6250 ns, At safepoint: 4959 ns, Total: 15167 ns
[2025-09-01T08:31:43.985+0000][175][info ][safepoint   ] Safepoint "Cleanup", Time since last: 1612928167 ns, Reaching safepoint: 65292 ns, Cleanup: 53000 ns, At safepoint: 18041 ns, Total: 136333 ns
[2025-09-01T08:31:49.994+0000][175][info ][safepoint   ] Safepoint "Cleanup", Time since last: 6009357086 ns, Reaching safepoint: 31917 ns, Cleanup: 21083 ns, At safepoint: 10583 ns, Total: 63583 ns
[2025-09-01T08:32:45.337+0000][175][info ][gc,start    ] GC(106) Pause Young (Concurrent Start) (G1 Evacuation Pause)
[2025-09-01T08:32:45.338+0000][175][info ][gc,task     ] GC(106) Using 8 workers of 8 for evacuation
[2025-09-01T08:32:45.338+0000][175][debug][gc,age      ] GC(106) Desired survivor size 41943040 bytes, new threshold 15 (max threshold 15)
[2025-09-01T08:32:45.370+0000][175][info ][gc,phases   ] GC(106)   Pre Evacuate Collection Set: 1.27ms
[2025-09-01T08:32:45.370+0000][175][info ][gc,phases   ] GC(106)   Merge Heap Roots: 0.26ms
[2025-09-01T08:32:45.370+0000][175][info ][gc,phases   ] GC(106)   Evacuate Collection Set: 25.17ms
[2025-09-01T08:32:45.371+0000][175][info ][gc,phases   ] GC(106)   Post Evacuate Collection Set: 4.74ms
[2025-09-01T08:32:45.371+0000][175][info ][gc,phases   ] GC(106)   Other: 0.69ms
[2025-09-01T08:32:45.371+0000][175][trace][gc,age      ] GC(106) Age table with threshold 15 (max threshold 15)
[2025-09-01T08:32:45.371+0000][175][trace][gc,age      ] GC(106) - age   1:     871288 bytes,     871288 total
[2025-09-01T08:32:45.371+0000][175][trace][gc,age      ] GC(106) - age   2:      21488 bytes,     892776 total
[2025-09-01T08:32:45.371+0000][175][trace][gc,age      ] GC(106) - age   3:     299720 bytes,    1192496 total
[2025-09-01T08:32:45.371+0000][175][trace][gc,age      ] GC(106) - age   4:      66704 bytes,    1259200 total
[2025-09-01T08:32:45.371+0000][175][trace][gc,age      ] GC(106) - age   5:    1131728 bytes,    2390928 total
[2025-09-01T08:32:45.371+0000][175][trace][gc,age      ] GC(106) - age   6:      25448 bytes,    2416376 total
[2025-09-01T08:32:45.371+0000][175][trace][gc,age      ] GC(106) - age   7:      22464 bytes,    2438840 total
[2025-09-01T08:32:45.371+0000][175][trace][gc,age      ] GC(106) - age   8:      44848 bytes,    2483688 total
[2025-09-01T08:32:45.371+0000][175][trace][gc,age      ] GC(106) - age   9:     557824 bytes,    3041512 total
[2025-09-01T08:32:45.371+0000][175][trace][gc,age      ] GC(106) - age  10:      86120 bytes,    3127632 total
[2025-09-01T08:32:45.371+0000][175][trace][gc,age      ] GC(106) - age  11:       7848 bytes,    3135480 total
[2025-09-01T08:32:45.371+0000][175][trace][gc,age      ] GC(106) - age  12:      12616 bytes,    3148096 total
[2025-09-01T08:32:45.371+0000][175][trace][gc,age      ] GC(106) - age  13:      51648 bytes,    3199744 total
[2025-09-01T08:32:45.371+0000][175][trace][gc,age      ] GC(106) - age  14:      86768 bytes,    3286512 total
[2025-09-01T08:32:45.372+0000][175][trace][gc,age      ] GC(106) - age  15:       6888 bytes,    3293400 total
[2025-09-01T08:32:45.372+0000][175][info ][gc,heap     ] GC(106) Eden regions: 151->0(152)
[2025-09-01T08:32:45.372+0000][175][info ][gc,heap     ] GC(106) Survivor regions: 2->1(20)
[2025-09-01T08:32:45.372+0000][175][info ][gc,heap     ] GC(106) Old regions: 37->37
[2025-09-01T08:32:45.372+0000][175][info ][gc,heap     ] GC(106) Humongous regions: 2->2
[2025-09-01T08:32:45.372+0000][175][info ][gc,metaspace] GC(106) Metaspace: 161408K(166208K)->161408K(166208K) NonClass: 139840K(142016K)->139840K(142016K) Class: 21568K(24192K)->21568K(24192K)
[2025-09-01T08:32:45.372+0000][175][info ][gc          ] GC(106) Pause Young (Concurrent Start) (G1 Evacuation Pause) 763M->159M(1024M) 35.003ms
[2025-09-01T08:32:45.372+0000][175][info ][gc          ] GC(107) Concurrent Mark Cycle
[2025-09-01T08:32:45.372+0000][175][info ][gc,marking  ] GC(107) Concurrent Scan Root Regions
[2025-09-01T08:32:45.372+0000][175][info ][gc,cpu      ] GC(106) User=0.18s Sys=0.00s Real=0.04s
[2025-09-01T08:32:45.372+0000][175][info ][safepoint   ] Safepoint "G1CollectForAllocation", Time since last: 55342758193 ns, Reaching safepoint: 59458 ns, Cleanup: 4292 ns, At safepoint: 35599333 ns, Total: 35663083 ns
[2025-09-01T08:32:45.379+0000][175][info ][gc,marking  ] GC(107) Concurrent Scan Root Regions 6.494ms
[2025-09-01T08:32:45.379+0000][175][info ][gc,marking  ] GC(107) Concurrent Mark
[2025-09-01T08:32:45.379+0000][175][info ][gc,marking  ] GC(107) Concurrent Mark From Roots
[2025-09-01T08:32:45.379+0000][175][info ][gc,task     ] GC(107) Using 2 workers of 2 for marking
[2025-09-01T08:32:45.456+0000][175][info ][gc,marking  ] GC(107) Concurrent Mark From Roots 77.068ms
[2025-09-01T08:32:45.456+0000][175][info ][gc,marking  ] GC(107) Concurrent Preclean
[2025-09-01T08:32:45.457+0000][175][info ][gc,marking  ] GC(107) Concurrent Preclean 0.609ms
[2025-09-01T08:32:45.457+0000][175][info ][gc,start    ] GC(107) Pause Remark
[2025-09-01T08:32:45.468+0000][175][info ][gc          ] GC(107) Pause Remark 162M->162M(1024M) 11.251ms
[2025-09-01T08:32:45.468+0000][175][info ][gc,cpu      ] GC(107) User=0.07s Sys=0.00s Real=0.02s
[2025-09-01T08:32:45.468+0000][175][info ][safepoint   ] Safepoint "G1PauseRemark", Time since last: 84266084 ns, Reaching safepoint: 45416 ns, Cleanup: 4709 ns, At safepoint: 11491875 ns, Total: 11542000 ns
[2025-09-01T08:32:45.468+0000][175][info ][gc,marking  ] GC(107) Concurrent Mark 89.573ms
[2025-09-01T08:32:45.468+0000][175][info ][gc,marking  ] GC(107) Concurrent Rebuild Remembered Sets and Scrub Regions
[2025-09-01T08:32:45.493+0000][175][info ][gc,marking  ] GC(107) Concurrent Rebuild Remembered Sets and Scrub Regions 25.023ms
[2025-09-01T08:32:45.493+0000][175][info ][gc,start    ] GC(107) Pause Cleanup
[2025-09-01T08:32:45.494+0000][175][info ][gc          ] GC(107) Pause Cleanup 162M->162M(1024M) 0.136ms
[2025-09-01T08:32:45.494+0000][175][info ][gc,cpu      ] GC(107) User=0.00s Sys=0.00s Real=0.00s
[2025-09-01T08:32:45.494+0000][175][info ][safepoint   ] Safepoint "G1PauseCleanup", Time since last: 25231333 ns, Reaching safepoint: 11375 ns, Cleanup: 2583 ns, At safepoint: 314875 ns, Total: 328833 ns
[2025-09-01T08:32:45.494+0000][175][info ][gc,marking  ] GC(107) Concurrent Clear Claimed Marks
[2025-09-01T08:32:45.494+0000][175][info ][gc,marking  ] GC(107) Concurrent Clear Claimed Marks 0.246ms
[2025-09-01T08:32:45.494+0000][175][info ][gc,marking  ] GC(107) Concurrent Cleanup for Next Mark
[2025-09-01T08:32:45.497+0000][175][info ][gc,marking  ] GC(107) Concurrent Cleanup for Next Mark 3.355ms
[2025-09-01T08:32:45.498+0000][175][info ][gc          ] GC(107) Concurrent Mark Cycle 125.493ms
[2025-09-01T08:33:18.685+0000][175][info ][safepoint   ] Safepoint "Cleanup", Time since last: 33190913432 ns, Reaching safepoint: 76167 ns, Cleanup: 62292 ns, At safepoint: 23333 ns, Total: 161792 ns
[2025-09-01T08:33:49.716+0000][175][info ][safepoint   ] Safepoint "Cleanup", Time since last: 31032144055 ns, Reaching safepoint: 15750 ns, Cleanup: 13375 ns, At safepoint: 9000 ns, Total: 38125 ns
[2025-09-01T08:34:49.869+0000][175][info ][safepoint   ] Safepoint "Cleanup", Time since last: 60152902527 ns, Reaching safepoint: 86125 ns, Cleanup: 46250 ns, At safepoint: 105500 ns, Total: 237875 ns
[2025-09-01T08:38:33.394+0000][175][info ][gc,start    ] GC(108) Pause Young (Normal) (G1 Evacuation Pause)
[2025-09-01T08:38:33.395+0000][175][info ][gc,task     ] GC(108) Using 8 workers of 8 for evacuation
[2025-09-01T08:38:33.395+0000][175][debug][gc,age      ] GC(108) Desired survivor size 41943040 bytes, new threshold 15 (max threshold 15)
[2025-09-01T08:38:33.410+0000][175][info ][gc,phases   ] GC(108)   Pre Evacuate Collection Set: 1.20ms
[2025-09-01T08:38:33.410+0000][175][info ][gc,phases   ] GC(108)   Merge Heap Roots: 0.43ms
[2025-09-01T08:38:33.410+0000][175][info ][gc,phases   ] GC(108)   Evacuate Collection Set: 9.78ms
[2025-09-01T08:38:33.410+0000][175][info ][gc,phases   ] GC(108)   Post Evacuate Collection Set: 2.44ms
[2025-09-01T08:38:33.410+0000][175][info ][gc,phases   ] GC(108)   Other: 0.67ms
[2025-09-01T08:38:33.410+0000][175][trace][gc,age      ] GC(108) Age table with threshold 15 (max threshold 15)
[2025-09-01T08:38:33.410+0000][175][trace][gc,age      ] GC(108) - age   1:    1058696 bytes,    1058696 total
[2025-09-01T08:38:33.410+0000][175][trace][gc,age      ] GC(108) - age   2:      48344 bytes,    1107040 total
[2025-09-01T08:38:33.411+0000][175][trace][gc,age      ] GC(108) - age   3:       7272 bytes,    1114312 total
[2025-09-01T08:38:33.411+0000][175][trace][gc,age      ] GC(108) - age   4:     263032 bytes,    1377344 total
[2025-09-01T08:38:33.411+0000][175][trace][gc,age      ] GC(108) - age   5:      65984 bytes,    1443328 total
[2025-09-01T08:38:33.411+0000][175][trace][gc,age      ] GC(108) - age   6:    1131400 bytes,    2574728 total
[2025-09-01T08:38:33.411+0000][175][trace][gc,age      ] GC(108) - age   7:      25448 bytes,    2600176 total
[2025-09-01T08:38:33.411+0000][175][trace][gc,age      ] GC(108) - age   8:      22352 bytes,    2622528 total
[2025-09-01T08:38:33.411+0000][175][trace][gc,age      ] GC(108) - age   9:      44848 bytes,    2667376 total
[2025-09-01T08:38:33.411+0000][175][trace][gc,age      ] GC(108) - age  10:     557824 bytes,    3225200 total
[2025-09-01T08:38:33.411+0000][175][trace][gc,age      ] GC(108) - age  11:      21368 bytes,    3246568 total
[2025-09-01T08:38:33.411+0000][175][trace][gc,age      ] GC(108) - age  12:       7848 bytes,    3254416 total
[2025-09-01T08:38:33.411+0000][175][trace][gc,age      ] GC(108) - age  13:      12616 bytes,    3267032 total
[2025-09-01T08:38:33.411+0000][175][trace][gc,age      ] GC(108) - age  14:      49376 bytes,    3316408 total
[2025-09-01T08:38:33.411+0000][175][trace][gc,age      ] GC(108) - age  15:      70488 bytes,    3386896 total
[2025-09-01T08:38:33.411+0000][175][info ][gc,heap     ] GC(108) Eden regions: 152->0(152)
[2025-09-01T08:38:33.412+0000][175][info ][gc,heap     ] GC(108) Survivor regions: 1->1(20)
[2025-09-01T08:38:33.412+0000][175][info ][gc,heap     ] GC(108) Old regions: 37->37
[2025-09-01T08:38:33.412+0000][175][info ][gc,heap     ] GC(108) Humongous regions: 2->2
[2025-09-01T08:38:33.412+0000][175][info ][gc,metaspace] GC(108) Metaspace: 161425K(166208K)->161425K(166208K) NonClass: 139857K(142016K)->139857K(142016K) Class: 21568K(24192K)->21568K(24192K)
[2025-09-01T08:38:33.412+0000][175][info ][gc          ] GC(108) Pause Young (Normal) (G1 Evacuation Pause) 767M->159M(1024M) 18.304ms
[2025-09-01T08:38:33.412+0000][175][info ][gc,cpu      ] GC(108) User=0.07s Sys=0.01s Real=0.02s
[2025-09-01T08:38:33.412+0000][175][info ][safepoint   ] Safepoint "G1CollectForAllocation", Time since last: 223526601310 ns, Reaching safepoint: 72250 ns, Cleanup: 66292 ns, At safepoint: 18722542 ns, Total: 18861084 ns
[2025-09-01T08:42:28.642+0000][175][info ][safepoint   ] Safepoint "Cleanup", Time since last: 235232525106 ns, Reaching safepoint: 51625 ns, Cleanup: 23583 ns, At safepoint: 14750 ns, Total: 89958 ns
[2025-09-01T08:43:33.922+0000][175][info ][safepoint   ] Safepoint "Cleanup", Time since last: 65279557156 ns, Reaching safepoint: 1046500 ns, Cleanup: 112042 ns, At safepoint: 15875 ns, Total: 1174417 ns
[2025-09-01T08:43:34.164+0000][175][info ][safepoint   ] Safepoint "ICBufferFull", Time since last: 241663291 ns, Reaching safepoint: 9542 ns, Cleanup: 104250 ns, At safepoint: 10208 ns, Total: 124000 ns
[2025-09-01T08:43:36.064+0000][175][info ][safepoint   ] Safepoint "Cleanup", Time since last: 1900027126 ns, Reaching safepoint: 33042 ns, Cleanup: 145917 ns, At safepoint: 20000 ns, Total: 198959 ns
[2025-09-01T08:43:39.483+0000][175][info ][safepoint   ] Safepoint "Cleanup", Time since last: 3418365918 ns, Reaching safepoint: 5917 ns, Cleanup: 8916 ns, At safepoint: 8042 ns, Total: 22875 ns
[2025-09-01T08:43:41.030+0000][175][info ][safepoint   ] Safepoint "Cleanup", Time since last: 1547305709 ns, Reaching safepoint: 54208 ns, Cleanup: 33500 ns, At safepoint: 20542 ns, Total: 108250 ns
[2025-09-01T08:43:50.039+0000][175][info ][safepoint   ] Safepoint "Cleanup", Time since last: 9009419087 ns, Reaching safepoint: 95542 ns, Cleanup: 70750 ns, At safepoint: 30375 ns, Total: 196667 ns
[2025-09-01T08:44:23.632+0000][175][info ][gc,start    ] GC(109) Pause Young (Concurrent Start) (G1 Evacuation Pause)
[2025-09-01T08:44:23.632+0000][175][info ][gc,task     ] GC(109) Using 8 workers of 8 for evacuation
[2025-09-01T08:44:23.632+0000][175][debug][gc,age      ] GC(109) Desired survivor size 41943040 bytes, new threshold 15 (max threshold 15)
[2025-09-01T08:44:23.654+0000][175][info ][gc,phases   ] GC(109)   Pre Evacuate Collection Set: 1.05ms
[2025-09-01T08:44:23.654+0000][175][info ][gc,phases   ] GC(109)   Merge Heap Roots: 0.15ms
[2025-09-01T08:44:23.654+0000][175][info ][gc,phases   ] GC(109)   Evacuate Collection Set: 18.00ms
[2025-09-01T08:44:23.654+0000][175][info ][gc,phases   ] GC(109)   Post Evacuate Collection Set: 2.27ms
[2025-09-01T08:44:23.654+0000][175][info ][gc,phases   ] GC(109)   Other: 0.31ms
[2025-09-01T08:44:23.654+0000][175][trace][gc,age      ] GC(109) Age table with threshold 15 (max threshold 15)
[2025-09-01T08:44:23.655+0000][175][trace][gc,age      ] GC(109) - age   1:    2338936 bytes,    2338936 total
[2025-09-01T08:44:23.655+0000][175][trace][gc,age      ] GC(109) - age   2:     221544 bytes,    2560480 total
[2025-09-01T08:44:23.655+0000][175][trace][gc,age      ] GC(109) - age   3:      43824 bytes,    2604304 total
[2025-09-01T08:44:23.655+0000][175][trace][gc,age      ] GC(109) - age   4:       6336 bytes,    2610640 total
[2025-09-01T08:44:23.655+0000][175][trace][gc,age      ] GC(109) - age   5:     262720 bytes,    2873360 total
[2025-09-01T08:44:23.655+0000][175][trace][gc,age      ] GC(109) - age   6:      65920 bytes,    2939280 total
[2025-09-01T08:44:23.655+0000][175][trace][gc,age      ] GC(109) - age   7:     369904 bytes,    3309184 total
[2025-09-01T08:44:23.655+0000][175][trace][gc,age      ] GC(109) - age   8:       9416 bytes,    3318600 total
[2025-09-01T08:44:23.655+0000][175][trace][gc,age      ] GC(109) - age   9:      22256 bytes,    3340856 total
[2025-09-01T08:44:23.655+0000][175][trace][gc,age      ] GC(109) - age  10:      44848 bytes,    3385704 total
[2025-09-01T08:44:23.655+0000][175][trace][gc,age      ] GC(109) - age  11:     557104 bytes,    3942808 total
[2025-09-01T08:44:23.655+0000][175][trace][gc,age      ] GC(109) - age  12:       5336 bytes,    3948144 total
[2025-09-01T08:44:23.655+0000][175][trace][gc,age      ] GC(109) - age  13:       7848 bytes,    3955992 total
[2025-09-01T08:44:23.655+0000][175][trace][gc,age      ] GC(109) - age  14:      12616 bytes,    3968608 total
[2025-09-01T08:44:23.655+0000][175][trace][gc,age      ] GC(109) - age  15:      49376 bytes,    4017984 total
[2025-09-01T08:44:23.655+0000][175][info ][gc,heap     ] GC(109) Eden regions: 152->0(151)
[2025-09-01T08:44:23.655+0000][175][info ][gc,heap     ] GC(109) Survivor regions: 1->2(20)
[2025-09-01T08:44:23.655+0000][175][info ][gc,heap     ] GC(109) Old regions: 37->37
[2025-09-01T08:44:23.655+0000][175][info ][gc,heap     ] GC(109) Humongous regions: 2->2
[2025-09-01T08:44:23.655+0000][175][info ][gc,metaspace] GC(109) Metaspace: 161466K(166336K)->161466K(166336K) NonClass: 139896K(142144K)->139896K(142144K) Class: 21569K(24192K)->21569K(24192K)
[2025-09-01T08:44:23.655+0000][175][info ][gc          ] GC(109) Pause Young (Concurrent Start) (G1 Evacuation Pause) 767M->160M(1024M) 23.144ms
[2025-09-01T08:44:23.655+0000][175][info ][gc          ] GC(110) Concurrent Mark Cycle
[2025-09-01T08:44:23.655+0000][175][info ][gc,marking  ] GC(110) Concurrent Scan Root Regions
[2025-09-01T08:44:23.655+0000][175][info ][gc,cpu      ] GC(109) User=0.10s Sys=0.00s Real=0.02s
[2025-09-01T08:44:23.655+0000][175][info ][safepoint   ] Safepoint "G1CollectForAllocation", Time since last: 33592973848 ns, Reaching safepoint: 64625 ns, Cleanup: 16125 ns, At safepoint: 23462625 ns, Total: 23543375 ns
[2025-09-01T08:44:23.662+0000][175][info ][gc,marking  ] GC(110) Concurrent Scan Root Regions 6.383ms
[2025-09-01T08:44:23.662+0000][175][info ][gc,marking  ] GC(110) Concurrent Mark
[2025-09-01T08:44:23.662+0000][175][info ][gc,marking  ] GC(110) Concurrent Mark From Roots
[2025-09-01T08:44:23.662+0000][175][info ][gc,task     ] GC(110) Using 2 workers of 2 for marking
[2025-09-01T08:44:23.789+0000][175][info ][gc,marking  ] GC(110) Concurrent Mark From Roots 127.270ms
[2025-09-01T08:44:23.789+0000][175][info ][gc,marking  ] GC(110) Concurrent Preclean
[2025-09-01T08:44:23.790+0000][175][info ][gc,marking  ] GC(110) Concurrent Preclean 0.969ms
[2025-09-01T08:44:23.792+0000][175][info ][gc,start    ] GC(110) Pause Remark
[2025-09-01T08:44:23.804+0000][175][info ][gc          ] GC(110) Pause Remark 163M->163M(1024M) 11.988ms
[2025-09-01T08:44:23.804+0000][175][info ][gc,cpu      ] GC(110) User=0.07s Sys=0.00s Real=0.01s
[2025-09-01T08:44:23.804+0000][175][info ][safepoint   ] Safepoint "G1PauseRemark", Time since last: 135574625 ns, Reaching safepoint: 1208583 ns, Cleanup: 16292 ns, At safepoint: 12238792 ns, Total: 13463667 ns
[2025-09-01T08:44:23.805+0000][175][info ][gc,marking  ] GC(110) Concurrent Mark 143.210ms
[2025-09-01T08:44:23.805+0000][175][info ][gc,marking  ] GC(110) Concurrent Rebuild Remembered Sets and Scrub Regions
[2025-09-01T08:44:23.836+0000][175][info ][gc,marking  ] GC(110) Concurrent Rebuild Remembered Sets and Scrub Regions 31.287ms
[2025-09-01T08:44:23.837+0000][175][info ][gc,start    ] GC(110) Pause Cleanup
[2025-09-01T08:44:23.837+0000][175][info ][gc          ] GC(110) Pause Cleanup 166M->166M(1024M) 0.131ms
[2025-09-01T08:44:23.837+0000][175][info ][gc,cpu      ] GC(110) User=0.00s Sys=0.00s Real=0.00s
[2025-09-01T08:44:23.837+0000][175][info ][safepoint   ] Safepoint "G1PauseCleanup", Time since last: 32414041 ns, Reaching safepoint: 11292 ns, Cleanup: 10333 ns, At safepoint: 263959 ns, Total: 285584 ns
[2025-09-01T08:44:23.837+0000][175][info ][gc,marking  ] GC(110) Concurrent Clear Claimed Marks
[2025-09-01T08:44:23.838+0000][175][info ][gc,marking  ] GC(110) Concurrent Clear Claimed Marks 0.743ms
[2025-09-01T08:44:23.838+0000][175][info ][gc,marking  ] GC(110) Concurrent Cleanup for Next Mark
[2025-09-01T08:44:23.845+0000][175][info ][gc,marking  ] GC(110) Concurrent Cleanup for Next Mark 6.666ms
[2025-09-01T08:44:23.847+0000][175][info ][gc          ] GC(110) Concurrent Mark Cycle 192.230ms
[2025-09-01T08:44:24.098+0000][175][info ][safepoint   ] Safepoint "ICBufferFull", Time since last: 260481875 ns, Reaching safepoint: 40125 ns, Cleanup: 116292 ns, At safepoint: 12666 ns, Total: 169083 ns
[2025-09-01T08:44:25.963+0000][175][info ][safepoint   ] Safepoint "Cleanup", Time since last: 1865167459 ns, Reaching safepoint: 71125 ns, Cleanup: 115250 ns, At safepoint: 13917 ns, Total: 200292 ns
[2025-09-01T08:44:34.972+0000][175][info ][safepoint   ] Safepoint "Cleanup", Time since last: 9008995171 ns, Reaching safepoint: 22458 ns, Cleanup: 20250 ns, At safepoint: 14375 ns, Total: 57083 ns
[2025-09-01T08:44:36.501+0000][175][info ][safepoint   ] Safepoint "Cleanup", Time since last: 1528567543 ns, Reaching safepoint: 5708 ns, Cleanup: 14125 ns, At safepoint: 9333 ns, Total: 29166 ns
[2025-09-01T08:44:40.262+0000][175][info ][safepoint   ] Safepoint "Cleanup", Time since last: 3761257794 ns, Reaching safepoint: 169667 ns, Cleanup: 39500 ns, At safepoint: 18958 ns, Total: 228125 ns
[2025-09-01T08:44:42.508+0000][175][info ][safepoint   ] Safepoint "Cleanup", Time since last: 2245943209 ns, Reaching safepoint: 4959 ns, Cleanup: 9166 ns, At safepoint: 2209 ns, Total: 16334 ns
[2025-09-01T08:44:44.319+0000][175][info ][safepoint   ] Safepoint "Cleanup", Time since last: 1811054876 ns, Reaching safepoint: 27291 ns, Cleanup: 22125 ns, At safepoint: 11459 ns, Total: 60875 ns
[2025-09-01T08:44:48.323+0000][175][info ][safepoint   ] Safepoint "Cleanup", Time since last: 4003735251 ns, Reaching safepoint: 41792 ns, Cleanup: 26417 ns, At safepoint: 15000 ns, Total: 83209 ns
[2025-09-01T08:44:49.324+0000][175][info ][safepoint   ] Safepoint "Cleanup", Time since last: 1001017709 ns, Reaching safepoint: 55250 ns, Cleanup: 43166 ns, At safepoint: 17167 ns, Total: 115583 ns
[2025-09-01T08:45:40.547+0000][175][info ][safepoint   ] Safepoint "Cleanup", Time since last: 51231088773 ns, Reaching safepoint: 45333 ns, Cleanup: 84959 ns, At safepoint: 27583 ns, Total: 157875 ns
[2025-09-01T08:45:41.583+0000][175][info ][safepoint   ] Safepoint "Cleanup", Time since last: 1035365667 ns, Reaching safepoint: 32959 ns, Cleanup: 21708 ns, At safepoint: 144042 ns, Total: 198709 ns
[2025-09-01T08:45:46.637+0000][175][info ][safepoint   ] Safepoint "Cleanup", Time since last: 5054140752 ns, Reaching safepoint: 9875 ns, Cleanup: 9625 ns, At safepoint: 7208 ns, Total: 26708 ns
[2025-09-01T08:46:42.600+0000][175][info ][safepoint   ] Safepoint "Cleanup", Time since last: 55955691526 ns, Reaching safepoint: 3625 ns, Cleanup: 103083 ns, At safepoint: 4834 ns, Total: 111542 ns
[2025-09-01T08:46:43.884+0000][175][info ][safepoint   ] Safepoint "Cleanup", Time since last: 1284123875 ns, Reaching safepoint: 72459 ns, Cleanup: 47375 ns, At safepoint: 20250 ns, Total: 140084 ns
[2025-09-01T08:46:44.928+0000][175][info ][safepoint   ] Safepoint "Cleanup", Time since last: 1043989333 ns, Reaching safepoint: 53459 ns, Cleanup: 50166 ns, At safepoint: 16459 ns, Total: 120084 ns
[2025-09-01T08:46:48.565+0000][175][info ][safepoint   ] Safepoint "Cleanup", Time since last: 3636692168 ns, Reaching safepoint: 6417 ns, Cleanup: 8833 ns, At safepoint: 7000 ns, Total: 22250 ns
[2025-09-01T08:46:49.978+0000][175][info ][safepoint   ] Safepoint "Cleanup", Time since last: 1413009375 ns, Reaching safepoint: 15375 ns, Cleanup: 63375 ns, At safepoint: 9792 ns, Total: 88542 ns
[2025-09-01T08:46:54.982+0000][175][info ][safepoint   ] Safepoint "Cleanup", Time since last: 5004327002 ns, Reaching safepoint: 47083 ns, Cleanup: 37375 ns, At safepoint: 14459 ns, Total: 98917 ns
[2025-09-01T08:47:50.130+0000][175][info ][safepoint   ] Safepoint "Cleanup", Time since last: 55148386024 ns, Reaching safepoint: 77334 ns, Cleanup: 54500 ns, At safepoint: 24958 ns, Total: 156792 ns
[2025-09-01T08:48:55.420+0000][175][info ][safepoint   ] Safepoint "Cleanup", Time since last: 65290405864 ns, Reaching safepoint: 12583 ns, Cleanup: 24500 ns, At safepoint: 15292 ns, Total: 52375 ns
[2025-09-01T08:49:45.575+0000][175][info ][gc,start    ] GC(111) Pause Young (Normal) (G1 Evacuation Pause)
[2025-09-01T08:49:45.576+0000][175][info ][gc,task     ] GC(111) Using 8 workers of 8 for evacuation
[2025-09-01T08:49:45.576+0000][175][debug][gc,age      ] GC(111) Desired survivor size 41943040 bytes, new threshold 15 (max threshold 15)
[2025-09-01T08:49:45.593+0000][175][info ][gc,phases   ] GC(111)   Pre Evacuate Collection Set: 1.14ms
[2025-09-01T08:49:45.593+0000][175][info ][gc,phases   ] GC(111)   Merge Heap Roots: 0.38ms
[2025-09-01T08:49:45.593+0000][175][info ][gc,phases   ] GC(111)   Evacuate Collection Set: 11.03ms
[2025-09-01T08:49:45.593+0000][175][info ][gc,phases   ] GC(111)   Post Evacuate Collection Set: 3.74ms
[2025-09-01T08:49:45.593+0000][175][info ][gc,phases   ] GC(111)   Other: 0.47ms
[2025-09-01T08:49:45.593+0000][175][trace][gc,age      ] GC(111) Age table with threshold 15 (max threshold 15)
[2025-09-01T08:49:45.593+0000][175][trace][gc,age      ] GC(111) - age   1:    2711632 bytes,    2711632 total
[2025-09-01T08:49:45.593+0000][175][trace][gc,age      ] GC(111) - age   2:     555592 bytes,    3267224 total
[2025-09-01T08:49:45.593+0000][175][trace][gc,age      ] GC(111) - age   3:      75472 bytes,    3342696 total
[2025-09-01T08:49:45.593+0000][175][trace][gc,age      ] GC(111) - age   4:      43272 bytes,    3385968 total
[2025-09-01T08:49:45.593+0000][175][trace][gc,age      ] GC(111) - age   5:       5984 bytes,    3391952 total
[2025-09-01T08:49:45.594+0000][175][trace][gc,age      ] GC(111) - age   6:     262456 bytes,    3654408 total
[2025-09-01T08:49:45.594+0000][175][trace][gc,age      ] GC(111) - age   7:      65848 bytes,    3720256 total
[2025-09-01T08:49:45.594+0000][175][trace][gc,age      ] GC(111) - age   8:     369824 bytes,    4090080 total
[2025-09-01T08:49:45.594+0000][175][trace][gc,age      ] GC(111) - age   9:       9416 bytes,    4099496 total
[2025-09-01T08:49:45.594+0000][175][trace][gc,age      ] GC(111) - age  10:      22256 bytes,    4121752 total
[2025-09-01T08:49:45.594+0000][175][trace][gc,age      ] GC(111) - age  11:      23352 bytes,    4145104 total
[2025-09-01T08:49:45.594+0000][175][trace][gc,age      ] GC(111) - age  12:     554136 bytes,    4699240 total
[2025-09-01T08:49:45.594+0000][175][trace][gc,age      ] GC(111) - age  13:       5336 bytes,    4704576 total
[2025-09-01T08:49:45.594+0000][175][trace][gc,age      ] GC(111) - age  14:       7848 bytes,    4712424 total
[2025-09-01T08:49:45.594+0000][175][trace][gc,age      ] GC(111) - age  15:      12616 bytes,    4725040 total
[2025-09-01T08:49:45.594+0000][175][info ][gc,heap     ] GC(111) Eden regions: 151->0(151)
[2025-09-01T08:49:45.594+0000][175][info ][gc,heap     ] GC(111) Survivor regions: 2->2(20)
[2025-09-01T08:49:45.594+0000][175][info ][gc,heap     ] GC(111) Old regions: 37->37
[2025-09-01T08:49:45.594+0000][175][info ][gc,heap     ] GC(111) Humongous regions: 2->2
[2025-09-01T08:49:45.594+0000][175][info ][gc,metaspace] GC(111) Metaspace: 161560K(166336K)->161560K(166336K) NonClass: 139987K(142144K)->139987K(142144K) Class: 21573K(24192K)->21573K(24192K)
[2025-09-01T08:49:45.594+0000][175][info ][gc          ] GC(111) Pause Young (Normal) (G1 Evacuation Pause) 764M->160M(1024M) 19.689ms
[2025-09-01T08:49:45.594+0000][175][info ][gc,cpu      ] GC(111) User=0.11s Sys=0.00s Real=0.02s
[2025-09-01T08:49:45.594+0000][175][info ][safepoint   ] Safepoint "G1CollectForAllocation", Time since last: 50155195731 ns, Reaching safepoint: 62542 ns, Cleanup: 5583 ns, At safepoint: 19965959 ns, Total: 20034084 ns
[2025-09-01T08:50:03.667+0000][175][info ][safepoint   ] Safepoint "Cleanup", Time since last: 18072500091 ns, Reaching safepoint: 78083 ns, Cleanup: 49917 ns, At safepoint: 25666 ns, Total: 153666 ns
[2025-09-01T08:50:36.587+0000][175][info ][safepoint   ] Safepoint "Cleanup", Time since last: 32919558182 ns, Reaching safepoint: 19541 ns, Cleanup: 16209 ns, At safepoint: 11583 ns, Total: 47333 ns
[2025-09-01T08:51:18.706+0000][175][info ][safepoint   ] Safepoint "Cleanup", Time since last: 42119894937 ns, Reaching safepoint: 60083 ns, Cleanup: 41667 ns, At safepoint: 25250 ns, Total: 127000 ns
[2025-09-01T08:52:39.773+0000][175][info ][safepoint   ] Safepoint "Cleanup", Time since last: 81067188995 ns, Reaching safepoint: 63667 ns, Cleanup: 39541 ns, At safepoint: 56250 ns, Total: 159458 ns
[2025-09-01T08:55:22.082+0000][175][info ][safepoint   ] Safepoint "Cleanup", Time since last: 162311099991 ns, Reaching safepoint: 57875 ns, Cleanup: 59583 ns, At safepoint: 16292 ns, Total: 133750 ns
[2025-09-01T08:55:22.635+0000][175][info ][gc,start    ] GC(112) Pause Young (Concurrent Start) (G1 Evacuation Pause)
[2025-09-01T08:55:22.636+0000][175][info ][gc,task     ] GC(112) Using 8 workers of 8 for evacuation
[2025-09-01T08:55:22.636+0000][175][debug][gc,age      ] GC(112) Desired survivor size 41943040 bytes, new threshold 15 (max threshold 15)
[2025-09-01T08:55:22.671+0000][175][info ][gc,phases   ] GC(112)   Pre Evacuate Collection Set: 1.87ms
[2025-09-01T08:55:22.671+0000][175][info ][gc,phases   ] GC(112)   Merge Heap Roots: 0.30ms
[2025-09-01T08:55:22.671+0000][175][info ][gc,phases   ] GC(112)   Evacuate Collection Set: 25.37ms
[2025-09-01T08:55:22.671+0000][175][info ][gc,phases   ] GC(112)   Post Evacuate Collection Set: 6.69ms
[2025-09-01T08:55:22.671+0000][175][info ][gc,phases   ] GC(112)   Other: 0.62ms
[2025-09-01T08:55:22.671+0000][175][trace][gc,age      ] GC(112) Age table with threshold 15 (max threshold 15)
[2025-09-01T08:55:22.671+0000][175][trace][gc,age      ] GC(112) - age   1:     955552 bytes,     955552 total
[2025-09-01T08:55:22.671+0000][175][trace][gc,age      ] GC(112) - age   2:    1663056 bytes,    2618608 total
[2025-09-01T08:55:22.671+0000][175][trace][gc,age      ] GC(112) - age   3:     548296 bytes,    3166904 total
[2025-09-01T08:55:22.671+0000][175][trace][gc,age      ] GC(112) - age   4:      72632 bytes,    3239536 total
[2025-09-01T08:55:22.671+0000][175][trace][gc,age      ] GC(112) - age   5:      43144 bytes,    3282680 total
[2025-09-01T08:55:22.671+0000][175][trace][gc,age      ] GC(112) - age   6:       5856 bytes,    3288536 total
[2025-09-01T08:55:22.671+0000][175][trace][gc,age      ] GC(112) - age   7:     262456 bytes,    3550992 total
[2025-09-01T08:55:22.671+0000][175][trace][gc,age      ] GC(112) - age   8:      65752 bytes,    3616744 total
[2025-09-01T08:55:22.671+0000][175][trace][gc,age      ] GC(112) - age   9:     359536 bytes,    3976280 total
[2025-09-01T08:55:22.671+0000][175][trace][gc,age      ] GC(112) - age  10:       9416 bytes,    3985696 total
[2025-09-01T08:55:22.671+0000][175][trace][gc,age      ] GC(112) - age  11:       6104 bytes,    3991800 total
[2025-09-01T08:55:22.672+0000][175][trace][gc,age      ] GC(112) - age  12:      23352 bytes,    4015152 total
[2025-09-01T08:55:22.672+0000][175][trace][gc,age      ] GC(112) - age  13:     554136 bytes,    4569288 total
[2025-09-01T08:55:22.672+0000][175][trace][gc,age      ] GC(112) - age  14:       5336 bytes,    4574624 total
[2025-09-01T08:55:22.672+0000][175][trace][gc,age      ] GC(112) - age  15:       7848 bytes,    4582472 total
[2025-09-01T08:55:22.672+0000][175][info ][gc,heap     ] GC(112) Eden regions: 151->0(151)
[2025-09-01T08:55:22.672+0000][175][info ][gc,heap     ] GC(112) Survivor regions: 2->2(20)
[2025-09-01T08:55:22.672+0000][175][info ][gc,heap     ] GC(112) Old regions: 37->37
[2025-09-01T08:55:22.672+0000][175][info ][gc,heap     ] GC(112) Humongous regions: 2->2
[2025-09-01T08:55:22.672+0000][175][info ][gc,metaspace] GC(112) Metaspace: 161566K(166400K)->161566K(166400K) NonClass: 139993K(142208K)->139993K(142208K) Class: 21573K(24192K)->21573K(24192K)
[2025-09-01T08:55:22.672+0000][175][info ][gc          ] GC(112) Pause Young (Concurrent Start) (G1 Evacuation Pause) 764M->160M(1024M) 36.768ms
[2025-09-01T08:55:22.672+0000][175][info ][gc          ] GC(113) Concurrent Mark Cycle
[2025-09-01T08:55:22.672+0000][175][info ][gc,marking  ] GC(113) Concurrent Scan Root Regions
[2025-09-01T08:55:22.672+0000][175][info ][gc,cpu      ] GC(112) User=0.18s Sys=0.00s Real=0.03s
[2025-09-01T08:55:22.673+0000][175][info ][safepoint   ] Safepoint "G1CollectForAllocation", Time since last: 552980416 ns, Reaching safepoint: 101792 ns, Cleanup: 7792 ns, At safepoint: 37389291 ns, Total: 37498875 ns
[2025-09-01T08:55:22.678+0000][175][info ][gc,marking  ] GC(113) Concurrent Scan Root Regions 5.853ms
[2025-09-01T08:55:22.678+0000][175][info ][gc,marking  ] GC(113) Concurrent Mark
[2025-09-01T08:55:22.678+0000][175][info ][gc,marking  ] GC(113) Concurrent Mark From Roots
[2025-09-01T08:55:22.678+0000][175][info ][gc,task     ] GC(113) Using 2 workers of 2 for marking
[2025-09-01T08:55:22.808+0000][175][info ][gc,marking  ] GC(113) Concurrent Mark From Roots 129.129ms
[2025-09-01T08:55:22.808+0000][175][info ][gc,marking  ] GC(113) Concurrent Preclean
[2025-09-01T08:55:22.808+0000][175][info ][gc,marking  ] GC(113) Concurrent Preclean 0.551ms
[2025-09-01T08:55:22.808+0000][175][info ][gc,start    ] GC(113) Pause Remark
[2025-09-01T08:55:22.825+0000][175][info ][gc          ] GC(113) Pause Remark 160M->160M(1024M) 16.418ms
[2025-09-01T08:55:22.825+0000][175][info ][gc,cpu      ] GC(113) User=0.10s Sys=0.00s Real=0.02s
[2025-09-01T08:55:22.825+0000][175][info ][safepoint   ] Safepoint "G1PauseRemark", Time since last: 135710584 ns, Reaching safepoint: 27500 ns, Cleanup: 12750 ns, At safepoint: 16664458 ns, Total: 16704708 ns
[2025-09-01T08:55:22.825+0000][175][info ][gc,marking  ] GC(113) Concurrent Mark 146.804ms
[2025-09-01T08:55:22.825+0000][175][info ][gc,marking  ] GC(113) Concurrent Rebuild Remembered Sets and Scrub Regions
[2025-09-01T08:55:22.850+0000][175][info ][gc,marking  ] GC(113) Concurrent Rebuild Remembered Sets and Scrub Regions 25.020ms
[2025-09-01T08:55:22.850+0000][175][info ][gc,start    ] GC(113) Pause Cleanup
[2025-09-01T08:55:22.851+0000][175][info ][gc          ] GC(113) Pause Cleanup 160M->160M(1024M) 0.151ms
[2025-09-01T08:55:22.851+0000][175][info ][gc,cpu      ] GC(113) User=0.00s Sys=0.00s Real=0.00s
[2025-09-01T08:55:22.851+0000][175][info ][safepoint   ] Safepoint "G1PauseCleanup", Time since last: 25244084 ns, Reaching safepoint: 10958 ns, Cleanup: 30083 ns, At safepoint: 299750 ns, Total: 340791 ns
[2025-09-01T08:55:22.851+0000][175][info ][gc,marking  ] GC(113) Concurrent Clear Claimed Marks
[2025-09-01T08:55:22.851+0000][175][info ][gc,marking  ] GC(113) Concurrent Clear Claimed Marks 0.270ms
[2025-09-01T08:55:22.851+0000][175][info ][gc,marking  ] GC(113) Concurrent Cleanup for Next Mark
[2025-09-01T08:55:22.856+0000][175][info ][gc,marking  ] GC(113) Concurrent Cleanup for Next Mark 4.898ms
[2025-09-01T08:55:22.856+0000][175][info ][gc          ] GC(113) Concurrent Mark Cycle 183.675ms
[2025-09-01T08:56:09.670+0000][175][info ][safepoint   ] Safepoint "Cleanup", Time since last: 46819346438 ns, Reaching safepoint: 5875 ns, Cleanup: 10792 ns, At safepoint: 4792 ns, Total: 21459 ns
[2025-09-01T08:57:18.678+0000][175][info ][safepoint   ] Safepoint "Cleanup", Time since last: 69009542948 ns, Reaching safepoint: 13542 ns, Cleanup: 57583 ns, At safepoint: 18250 ns, Total: 89375 ns
[2025-09-01T08:57:20.553+0000][175][info ][safepoint   ] Safepoint "Cleanup", Time since last: 1875067916 ns, Reaching safepoint: 80292 ns, Cleanup: 50625 ns, At safepoint: 20000 ns, Total: 150917 ns
[2025-09-01T08:57:48.590+0000][175][info ][safepoint   ] Safepoint "Cleanup", Time since last: 28036599514 ns, Reaching safepoint: 152791 ns, Cleanup: 44000 ns, At safepoint: 28750 ns, Total: 225541 ns
[2025-09-01T08:57:49.593+0000][175][info ][safepoint   ] Safepoint "Cleanup", Time since last: 1002448376 ns, Reaching safepoint: 106291 ns, Cleanup: 49584 ns, At safepoint: 26041 ns, Total: 181916 ns
[2025-09-01T08:59:50.029+0000][175][info ][safepoint   ] Safepoint "Cleanup", Time since last: 120437405555 ns, Reaching safepoint: 122167 ns, Cleanup: 120958 ns, At safepoint: 39292 ns, Total: 282417 ns
[2025-09-01T09:01:12.723+0000][175][info ][gc,start    ] GC(114) Pause Young (Normal) (G1 Evacuation Pause)
[2025-09-01T09:01:12.724+0000][175][info ][gc,task     ] GC(114) Using 8 workers of 8 for evacuation
[2025-09-01T09:01:12.724+0000][175][debug][gc,age      ] GC(114) Desired survivor size 41943040 bytes, new threshold 15 (max threshold 15)
[2025-09-01T09:01:12.755+0000][175][info ][gc,phases   ] GC(114)   Pre Evacuate Collection Set: 1.61ms
[2025-09-01T09:01:12.755+0000][175][info ][gc,phases   ] GC(114)   Merge Heap Roots: 0.44ms
[2025-09-01T09:01:12.756+0000][175][info ][gc,phases   ] GC(114)   Evacuate Collection Set: 23.52ms
[2025-09-01T09:01:12.756+0000][175][info ][gc,phases   ] GC(114)   Post Evacuate Collection Set: 5.44ms
[2025-09-01T09:01:12.756+0000][175][info ][gc,phases   ] GC(114)   Other: 0.63ms
[2025-09-01T09:01:12.756+0000][175][trace][gc,age      ] GC(114) Age table with threshold 15 (max threshold 15)
[2025-09-01T09:01:12.756+0000][175][trace][gc,age      ] GC(114) - age   1:    1175872 bytes,    1175872 total
[2025-09-01T09:01:12.756+0000][175][trace][gc,age      ] GC(114) - age   2:      16656 bytes,    1192528 total
[2025-09-01T09:01:12.756+0000][175][trace][gc,age      ] GC(114) - age   3:    1648608 bytes,    2841136 total
[2025-09-01T09:01:12.756+0000][175][trace][gc,age      ] GC(114) - age   4:     547264 bytes,    3388400 total
[2025-09-01T09:01:12.756+0000][175][trace][gc,age      ] GC(114) - age   5:      69656 bytes,    3458056 total
[2025-09-01T09:01:12.756+0000][175][trace][gc,age      ] GC(114) - age   6:      43016 bytes,    3501072 total
[2025-09-01T09:01:12.756+0000][175][trace][gc,age      ] GC(114) - age   7:       4336 bytes,    3505408 total
[2025-09-01T09:01:12.756+0000][175][trace][gc,age      ] GC(114) - age   8:     262416 bytes,    3767824 total
[2025-09-01T09:01:12.756+0000][175][trace][gc,age      ] GC(114) - age   9:      49464 bytes,    3817288 total
[2025-09-01T09:01:12.756+0000][175][trace][gc,age      ] GC(114) - age  10:     359536 bytes,    4176824 total
[2025-09-01T09:01:12.756+0000][175][trace][gc,age      ] GC(114) - age  11:       9416 bytes,    4186240 total
[2025-09-01T09:01:12.756+0000][175][trace][gc,age      ] GC(114) - age  12:       6072 bytes,    4192312 total
[2025-09-01T09:01:12.756+0000][175][trace][gc,age      ] GC(114) - age  13:      21080 bytes,    4213392 total
[2025-09-01T09:01:12.756+0000][175][trace][gc,age      ] GC(114) - age  14:     554136 bytes,    4767528 total
[2025-09-01T09:01:12.756+0000][175][trace][gc,age      ] GC(114) - age  15:       5336 bytes,    4772864 total
[2025-09-01T09:01:12.757+0000][175][info ][gc,heap     ] GC(114) Eden regions: 151->0(151)
[2025-09-01T09:01:12.757+0000][175][info ][gc,heap     ] GC(114) Survivor regions: 2->2(20)
[2025-09-01T09:01:12.757+0000][175][info ][gc,heap     ] GC(114) Old regions: 37->37
[2025-09-01T09:01:12.757+0000][175][info ][gc,heap     ] GC(114) Humongous regions: 2->2
[2025-09-01T09:01:12.757+0000][175][info ][gc,metaspace] GC(114) Metaspace: 161593K(166400K)->161593K(166400K) NonClass: 140019K(142208K)->140019K(142208K) Class: 21573K(24192K)->21573K(24192K)
[2025-09-01T09:01:12.757+0000][175][info ][gc          ] GC(114) Pause Young (Normal) (G1 Evacuation Pause) 764M->160M(1024M) 34.345ms
[2025-09-01T09:01:12.757+0000][175][info ][gc,cpu      ] GC(114) User=0.18s Sys=0.01s Real=0.03s
[2025-09-01T09:01:12.757+0000][175][info ][safepoint   ] Safepoint "G1CollectForAllocation", Time since last: 82693551371 ns, Reaching safepoint: 117542 ns, Cleanup: 32250 ns, At safepoint: 34648958 ns, Total: 34798750 ns
[2025-09-01T09:02:50.040+0000][175][info ][safepoint   ] Safepoint "Cleanup", Time since last: 97208527544 ns, Reaching safepoint: 75625 ns, Cleanup: 105708 ns, At safepoint: 44417 ns, Total: 225750 ns
[2025-09-01T09:04:49.520+0000][175][info ][safepoint   ] Safepoint "Cleanup", Time since last: 119478972305 ns, Reaching safepoint: 36458 ns, Cleanup: 124583 ns, At safepoint: 16625 ns, Total: 177666 ns
[2025-09-01T09:05:03.536+0000][175][info ][safepoint   ] Safepoint "Cleanup", Time since last: 14015660548 ns, Reaching safepoint: 163166 ns, Cleanup: 42292 ns, At safepoint: 35333 ns, Total: 240791 ns
[2025-09-01T09:05:36.900+0000][175][info ][safepoint   ] Safepoint "Cleanup", Time since last: 33364011516 ns, Reaching safepoint: 297458 ns, Cleanup: 9584 ns, At safepoint: 12333 ns, Total: 319375 ns
[2025-09-01T09:05:43.737+0000][175][info ][safepoint   ] Safepoint "Cleanup", Time since last: 6836815503 ns, Reaching safepoint: 124833 ns, Cleanup: 19250 ns, At safepoint: 19250 ns, Total: 163333 ns
[2025-09-01T09:06:39.952+0000][175][info ][safepoint   ] Safepoint "Cleanup", Time since last: 56214288651 ns, Reaching safepoint: 150667 ns, Cleanup: 110791 ns, At safepoint: 32292 ns, Total: 293750 ns
[2025-09-01T09:06:44.958+0000][175][info ][safepoint   ] Safepoint "Cleanup", Time since last: 5005640544 ns, Reaching safepoint: 68542 ns, Cleanup: 43250 ns, At safepoint: 23791 ns, Total: 135583 ns
[2025-09-01T09:06:51.879+0000][175][info ][gc,start    ] GC(115) Pause Young (Concurrent Start) (G1 Evacuation Pause)
[2025-09-01T09:06:51.879+0000][175][info ][gc,task     ] GC(115) Using 8 workers of 8 for evacuation
[2025-09-01T09:06:51.879+0000][175][debug][gc,age      ] GC(115) Desired survivor size 41943040 bytes, new threshold 15 (max threshold 15)
[2025-09-01T09:06:51.912+0000][175][info ][gc,phases   ] GC(115)   Pre Evacuate Collection Set: 1.80ms
[2025-09-01T09:06:51.912+0000][175][info ][gc,phases   ] GC(115)   Merge Heap Roots: 0.39ms
[2025-09-01T09:06:51.912+0000][175][info ][gc,phases   ] GC(115)   Evacuate Collection Set: 26.80ms
[2025-09-01T09:06:51.912+0000][175][info ][gc,phases   ] GC(115)   Post Evacuate Collection Set: 3.28ms
[2025-09-01T09:06:51.912+0000][175][info ][gc,phases   ] GC(115)   Other: 0.69ms
[2025-09-01T09:06:51.913+0000][175][trace][gc,age      ] GC(115) Age table with threshold 15 (max threshold 15)
[2025-09-01T09:06:51.913+0000][175][trace][gc,age      ] GC(115) - age   1:     857176 bytes,     857176 total
[2025-09-01T09:06:51.913+0000][175][trace][gc,age      ] GC(115) - age   2:      29336 bytes,     886512 total
[2025-09-01T09:06:51.913+0000][175][trace][gc,age      ] GC(115) - age   3:       8616 bytes,     895128 total
[2025-09-01T09:06:51.913+0000][175][trace][gc,age      ] GC(115) - age   4:    1509144 bytes,    2404272 total
[2025-09-01T09:06:51.913+0000][175][trace][gc,age      ] GC(115) - age   5:     449256 bytes,    2853528 total
[2025-09-01T09:06:51.913+0000][175][trace][gc,age      ] GC(115) - age   6:      69592 bytes,    2923120 total
[2025-09-01T09:06:51.913+0000][175][trace][gc,age      ] GC(115) - age   7:      25280 bytes,    2948400 total
[2025-09-01T09:06:51.913+0000][175][trace][gc,age      ] GC(115) - age   8:       4336 bytes,    2952736 total
[2025-09-01T09:06:51.913+0000][175][trace][gc,age      ] GC(115) - age   9:     262376 bytes,    3215112 total
[2025-09-01T09:06:51.913+0000][175][trace][gc,age      ] GC(115) - age  10:      49424 bytes,    3264536 total
[2025-09-01T09:06:51.913+0000][175][trace][gc,age      ] GC(115) - age  11:     359536 bytes,    3624072 total
[2025-09-01T09:06:51.913+0000][175][trace][gc,age      ] GC(115) - age  12:       9416 bytes,    3633488 total
[2025-09-01T09:06:51.913+0000][175][trace][gc,age      ] GC(115) - age  13:       6072 bytes,    3639560 total
[2025-09-01T09:06:51.913+0000][175][trace][gc,age      ] GC(115) - age  14:      20816 bytes,    3660376 total
[2025-09-01T09:06:51.913+0000][175][trace][gc,age      ] GC(115) - age  15:     554136 bytes,    4214512 total
[2025-09-01T09:06:51.913+0000][175][info ][gc,heap     ] GC(115) Eden regions: 151->0(151)
[2025-09-01T09:06:51.913+0000][175][info ][gc,heap     ] GC(115) Survivor regions: 2->2(20)
[2025-09-01T09:06:51.913+0000][175][info ][gc,heap     ] GC(115) Old regions: 37->37
[2025-09-01T09:06:51.913+0000][175][info ][gc,heap     ] GC(115) Humongous regions: 2->2
[2025-09-01T09:06:51.913+0000][175][info ][gc,metaspace] GC(115) Metaspace: 161593K(166400K)->161593K(166400K) NonClass: 140019K(142208K)->140019K(142208K) Class: 21573K(24192K)->21573K(24192K)
[2025-09-01T09:06:51.914+0000][175][info ][gc          ] GC(115) Pause Young (Concurrent Start) (G1 Evacuation Pause) 764M->160M(1024M) 34.836ms
[2025-09-01T09:06:51.914+0000][175][info ][gc,cpu      ] GC(115) User=0.18s Sys=0.00s Real=0.03s
[2025-09-01T09:06:51.914+0000][175][info ][gc          ] GC(116) Concurrent Mark Cycle
[2025-09-01T09:06:51.914+0000][175][info ][gc,marking  ] GC(116) Concurrent Scan Root Regions
[2025-09-01T09:06:51.914+0000][175][info ][safepoint   ] Safepoint "G1CollectForAllocation", Time since last: 6919631920 ns, Reaching safepoint: 16458 ns, Cleanup: 4625 ns, At safepoint: 35203458 ns, Total: 35224541 ns
[2025-09-01T09:06:51.920+0000][175][info ][gc,marking  ] GC(116) Concurrent Scan Root Regions 5.663ms
[2025-09-01T09:06:51.920+0000][175][info ][gc,marking  ] GC(116) Concurrent Mark
[2025-09-01T09:06:51.920+0000][175][info ][gc,marking  ] GC(116) Concurrent Mark From Roots
[2025-09-01T09:06:51.920+0000][175][info ][gc,task     ] GC(116) Using 2 workers of 2 for marking
[2025-09-01T09:06:51.998+0000][175][info ][gc,marking  ] GC(116) Concurrent Mark From Roots 78.660ms
[2025-09-01T09:06:51.998+0000][175][info ][gc,marking  ] GC(116) Concurrent Preclean
[2025-09-01T09:06:51.999+0000][175][info ][gc,marking  ] GC(116) Concurrent Preclean 0.600ms
[2025-09-01T09:06:51.999+0000][175][info ][gc,start    ] GC(116) Pause Remark
[2025-09-01T09:06:52.013+0000][175][info ][gc          ] GC(116) Pause Remark 162M->162M(1024M) 13.735ms
[2025-09-01T09:06:52.013+0000][175][info ][gc,cpu      ] GC(116) User=0.09s Sys=0.00s Real=0.01s
[2025-09-01T09:06:52.013+0000][175][info ][safepoint   ] Safepoint "G1PauseRemark", Time since last: 85277917 ns, Reaching safepoint: 16792 ns, Cleanup: 2875 ns, At safepoint: 13967250 ns, Total: 13986917 ns
[2025-09-01T09:06:52.013+0000][175][info ][gc,marking  ] GC(116) Concurrent Mark 93.587ms
[2025-09-01T09:06:52.013+0000][175][info ][gc,marking  ] GC(116) Concurrent Rebuild Remembered Sets and Scrub Regions
[2025-09-01T09:06:52.038+0000][175][info ][gc,marking  ] GC(116) Concurrent Rebuild Remembered Sets and Scrub Regions 25.102ms
[2025-09-01T09:06:52.039+0000][175][info ][gc,start    ] GC(116) Pause Cleanup
[2025-09-01T09:06:52.039+0000][175][info ][gc          ] GC(116) Pause Cleanup 162M->162M(1024M) 0.147ms
[2025-09-01T09:06:52.039+0000][175][info ][gc,cpu      ] GC(116) User=0.01s Sys=0.00s Real=0.00s
[2025-09-01T09:06:52.039+0000][175][info ][safepoint   ] Safepoint "G1PauseCleanup", Time since last: 25342625 ns, Reaching safepoint: 9583 ns, Cleanup: 8542 ns, At safepoint: 285041 ns, Total: 303166 ns
[2025-09-01T09:06:52.039+0000][175][info ][gc,marking  ] GC(116) Concurrent Clear Claimed Marks
[2025-09-01T09:06:52.039+0000][175][info ][gc,marking  ] GC(116) Concurrent Clear Claimed Marks 0.288ms
[2025-09-01T09:06:52.039+0000][175][info ][gc,marking  ] GC(116) Concurrent Cleanup for Next Mark
[2025-09-01T09:06:52.042+0000][175][info ][gc,marking  ] GC(116) Concurrent Cleanup for Next Mark 2.998ms
[2025-09-01T09:06:52.042+0000][175][info ][gc          ] GC(116) Concurrent Mark Cycle 128.479ms
[2025-09-01T09:08:45.407+0000][175][info ][safepoint   ] Safepoint "Cleanup", Time since last: 113367111261 ns, Reaching safepoint: 96625 ns, Cleanup: 91625 ns, At safepoint: 140167 ns, Total: 328417 ns
[2025-09-01T09:09:15.508+0000][175][info ][safepoint   ] Safepoint "Cleanup", Time since last: 30100665055 ns, Reaching safepoint: 263708 ns, Cleanup: 45542 ns, At safepoint: 27125 ns, Total: 336375 ns
[2025-09-01T09:10:49.914+0000][175][info ][safepoint   ] Safepoint "Cleanup", Time since last: 94405345044 ns, Reaching safepoint: 43958 ns, Cleanup: 57334 ns, At safepoint: 12791 ns, Total: 114083 ns
[2025-09-01T09:11:20.338+0000][175][info ][safepoint   ] Safepoint "Cleanup", Time since last: 30423179221 ns, Reaching safepoint: 70334 ns, Cleanup: 42166 ns, At safepoint: 18500 ns, Total: 131000 ns
[2025-09-01T09:11:47.128+0000][175][info ][safepoint   ] Safepoint "Cleanup", Time since last: 26789911888 ns, Reaching safepoint: 81750 ns, Cleanup: 48208 ns, At safepoint: 47209 ns, Total: 177167 ns
[2025-09-01T09:11:48.963+0000][175][info ][safepoint   ] Safepoint "Cleanup", Time since last: 1834670626 ns, Reaching safepoint: 4625 ns, Cleanup: 27250 ns, At safepoint: 6500 ns, Total: 38375 ns
[2025-09-01T09:12:53.543+0000][175][info ][gc,start    ] GC(117) Pause Young (Normal) (G1 Evacuation Pause)
[2025-09-01T09:12:53.545+0000][175][info ][gc,task     ] GC(117) Using 8 workers of 8 for evacuation
[2025-09-01T09:12:53.545+0000][175][debug][gc,age      ] GC(117) Desired survivor size 41943040 bytes, new threshold 15 (max threshold 15)
[2025-09-01T09:12:53.590+0000][175][info ][gc,phases   ] GC(117)   Pre Evacuate Collection Set: 2.29ms
[2025-09-01T09:12:53.591+0000][175][info ][gc,phases   ] GC(117)   Merge Heap Roots: 0.72ms
[2025-09-01T09:12:53.591+0000][175][info ][gc,phases   ] GC(117)   Evacuate Collection Set: 36.53ms
[2025-09-01T09:12:53.591+0000][175][info ][gc,phases   ] GC(117)   Post Evacuate Collection Set: 5.77ms
[2025-09-01T09:12:53.591+0000][175][info ][gc,phases   ] GC(117)   Other: 0.58ms
[2025-09-01T09:12:53.591+0000][175][trace][gc,age      ] GC(117) Age table with threshold 15 (max threshold 15)
[2025-09-01T09:12:53.591+0000][175][trace][gc,age      ] GC(117) - age   1:     853272 bytes,     853272 total
[2025-09-01T09:12:53.591+0000][175][trace][gc,age      ] GC(117) - age   2:      42152 bytes,     895424 total
[2025-09-01T09:12:53.591+0000][175][trace][gc,age      ] GC(117) - age   3:      27632 bytes,     923056 total
[2025-09-01T09:12:53.591+0000][175][trace][gc,age      ] GC(117) - age   4:       8424 bytes,     931480 total
[2025-09-01T09:12:53.591+0000][175][trace][gc,age      ] GC(117) - age   5:    1508888 bytes,    2440368 total
[2025-09-01T09:12:53.591+0000][175][trace][gc,age      ] GC(117) - age   6:     449000 bytes,    2889368 total
[2025-09-01T09:12:53.591+0000][175][trace][gc,age      ] GC(117) - age   7:      69528 bytes,    2958896 total
[2025-09-01T09:12:53.591+0000][175][trace][gc,age      ] GC(117) - age   8:      25176 bytes,    2984072 total
[2025-09-01T09:12:53.592+0000][175][trace][gc,age      ] GC(117) - age   9:       4336 bytes,    2988408 total
[2025-09-01T09:12:53.592+0000][175][trace][gc,age      ] GC(117) - age  10:     262376 bytes,    3250784 total
[2025-09-01T09:12:53.592+0000][175][trace][gc,age      ] GC(117) - age  11:      33272 bytes,    3284056 total
[2025-09-01T09:12:53.592+0000][175][trace][gc,age      ] GC(117) - age  12:     359496 bytes,    3643552 total
[2025-09-01T09:12:53.592+0000][175][trace][gc,age      ] GC(117) - age  13:       9416 bytes,    3652968 total
[2025-09-01T09:12:53.592+0000][175][trace][gc,age      ] GC(117) - age  14:       6072 bytes,    3659040 total
[2025-09-01T09:12:53.592+0000][175][trace][gc,age      ] GC(117) - age  15:      20816 bytes,    3679856 total
[2025-09-01T09:12:53.592+0000][175][info ][gc,heap     ] GC(117) Eden regions: 151->0(152)
[2025-09-01T09:12:53.592+0000][175][info ][gc,heap     ] GC(117) Survivor regions: 2->1(20)
[2025-09-01T09:12:53.592+0000][175][info ][gc,heap     ] GC(117) Old regions: 37->38
[2025-09-01T09:12:53.592+0000][175][info ][gc,heap     ] GC(117) Humongous regions: 2->2
[2025-09-01T09:12:53.592+0000][175][info ][gc,metaspace] GC(117) Metaspace: 161593K(166400K)->161593K(166400K) NonClass: 140020K(142208K)->140020K(142208K) Class: 21573K(24192K)->21573K(24192K)
[2025-09-01T09:12:53.592+0000][175][info ][gc          ] GC(117) Pause Young (Normal) (G1 Evacuation Pause) 764M->160M(1024M) 48.810ms
[2025-09-01T09:12:53.592+0000][175][info ][gc,cpu      ] GC(117) User=0.30s Sys=0.01s Real=0.05s
[2025-09-01T09:12:53.592+0000][175][info ][safepoint   ] Safepoint "G1CollectForAllocation", Time since last: 64580719486 ns, Reaching safepoint: 64917 ns, Cleanup: 109167 ns, At safepoint: 49153125 ns, Total: 49327209 ns
[2025-09-01T09:15:30.659+0000][175][info ][safepoint   ] Safepoint "Cleanup", Time since last: 157063867487 ns, Reaching safepoint: 65375 ns, Cleanup: 77250 ns, At safepoint: 26458 ns, Total: 169083 ns
[2025-09-01T09:15:49.124+0000][175][info ][safepoint   ] Safepoint "Cleanup", Time since last: 18464089259 ns, Reaching safepoint: 847125 ns, Cleanup: 23584 ns, At safepoint: 18666 ns, Total: 889375 ns
[2025-09-01T09:15:50.136+0000][175][info ][safepoint   ] Safepoint "Cleanup", Time since last: 1012196209 ns, Reaching safepoint: 80250 ns, Cleanup: 71375 ns, At safepoint: 26583 ns, Total: 178208 ns
[2025-09-01T09:15:52.243+0000][175][info ][safepoint   ] Safepoint "Cleanup", Time since last: 2104664834 ns, Reaching safepoint: 888500 ns, Cleanup: 22291 ns, At safepoint: 11250 ns, Total: 922041 ns
[2025-09-01T09:16:14.473+0000][175][info ][safepoint   ] Safepoint "Cleanup", Time since last: 22228958886 ns, Reaching safepoint: 1075708 ns, Cleanup: 67250 ns, At safepoint: 18667 ns, Total: 1161625 ns
[2025-09-01T09:16:19.486+0000][175][info ][safepoint   ] Safepoint "Cleanup", Time since last: 5012866919 ns, Reaching safepoint: 40917 ns, Cleanup: 27166 ns, At safepoint: 14250 ns, Total: 82333 ns
[2025-09-01T09:16:49.066+0000][175][info ][safepoint   ] Safepoint "Cleanup", Time since last: 29580826348 ns, Reaching safepoint: 5375 ns, Cleanup: 17541 ns, At safepoint: 4959 ns, Total: 27875 ns
[2025-09-01T09:16:50.615+0000][175][info ][safepoint   ] Safepoint "Cleanup", Time since last: 1549120416 ns, Reaching safepoint: 19625 ns, Cleanup: 39375 ns, At safepoint: 8833 ns, Total: 67833 ns
[2025-09-01T09:16:56.713+0000][175][info ][safepoint   ] Safepoint "Cleanup", Time since last: 6097467128 ns, Reaching safepoint: 6209 ns, Cleanup: 11666 ns, At safepoint: 9375 ns, Total: 27250 ns
[2025-09-01T09:17:49.867+0000][175][info ][safepoint   ] Safepoint "Cleanup", Time since last: 53152624400 ns, Reaching safepoint: 121042 ns, Cleanup: 34750 ns, At safepoint: 168916 ns, Total: 324708 ns
[2025-09-01T09:18:07.080+0000][175][info ][gc,start    ] GC(118) Pause Young (Concurrent Start) (G1 Evacuation Pause)
[2025-09-01T09:18:07.080+0000][175][info ][gc,task     ] GC(118) Using 8 workers of 8 for evacuation
[2025-09-01T09:18:07.080+0000][175][debug][gc,age      ] GC(118) Desired survivor size 41943040 bytes, new threshold 15 (max threshold 15)
[2025-09-01T09:18:07.097+0000][175][info ][gc,phases   ] GC(118)   Pre Evacuate Collection Set: 0.74ms
[2025-09-01T09:18:07.097+0000][175][info ][gc,phases   ] GC(118)   Merge Heap Roots: 0.12ms
[2025-09-01T09:18:07.097+0000][175][info ][gc,phases   ] GC(118)   Evacuate Collection Set: 13.07ms
[2025-09-01T09:18:07.097+0000][175][info ][gc,phases   ] GC(118)   Post Evacuate Collection Set: 2.67ms
[2025-09-01T09:18:07.097+0000][175][info ][gc,phases   ] GC(118)   Other: 0.27ms
[2025-09-01T09:18:07.097+0000][175][trace][gc,age      ] GC(118) Age table with threshold 15 (max threshold 15)
[2025-09-01T09:18:07.097+0000][175][trace][gc,age      ] GC(118) - age   1:    1953992 bytes,    1953992 total
[2025-09-01T09:18:07.097+0000][175][trace][gc,age      ] GC(118) - age   2:      56760 bytes,    2010752 total
[2025-09-01T09:18:07.097+0000][175][trace][gc,age      ] GC(118) - age   3:      22472 bytes,    2033224 total
[2025-09-01T09:18:07.097+0000][175][trace][gc,age      ] GC(118) - age   4:      22736 bytes,    2055960 total
[2025-09-01T09:18:07.097+0000][175][trace][gc,age      ] GC(118) - age   5:       8424 bytes,    2064384 total
[2025-09-01T09:18:07.097+0000][175][trace][gc,age      ] GC(118) - age   6:    1508816 bytes,    3573200 total
[2025-09-01T09:18:07.097+0000][175][trace][gc,age      ] GC(118) - age   7:     449000 bytes,    4022200 total
[2025-09-01T09:18:07.097+0000][175][trace][gc,age      ] GC(118) - age   8:      69416 bytes,    4091616 total
[2025-09-01T09:18:07.097+0000][175][trace][gc,age      ] GC(118) - age   9:      24912 bytes,    4116528 total
[2025-09-01T09:18:07.098+0000][175][trace][gc,age      ] GC(118) - age  10:       4336 bytes,    4120864 total
[2025-09-01T09:18:07.098+0000][175][trace][gc,age      ] GC(118) - age  11:       5264 bytes,    4126128 total
[2025-09-01T09:18:07.098+0000][175][trace][gc,age      ] GC(118) - age  12:      30784 bytes,    4156912 total
[2025-09-01T09:18:07.098+0000][175][trace][gc,age      ] GC(118) - age  13:     359496 bytes,    4516408 total
[2025-09-01T09:18:07.098+0000][175][trace][gc,age      ] GC(118) - age  14:       9416 bytes,    4525824 total
[2025-09-01T09:18:07.098+0000][175][trace][gc,age      ] GC(118) - age  15:       6032 bytes,    4531856 total
[2025-09-01T09:18:07.098+0000][175][info ][gc,heap     ] GC(118) Eden regions: 152->0(151)
[2025-09-01T09:18:07.098+0000][175][info ][gc,heap     ] GC(118) Survivor regions: 1->2(20)
[2025-09-01T09:18:07.098+0000][175][info ][gc,heap     ] GC(118) Old regions: 38->38
[2025-09-01T09:18:07.098+0000][175][info ][gc,heap     ] GC(118) Humongous regions: 2->2
[2025-09-01T09:18:07.098+0000][175][info ][gc,metaspace] GC(118) Metaspace: 161620K(166400K)->161620K(166400K) NonClass: 140047K(142208K)->140047K(142208K) Class: 21573K(24192K)->21573K(24192K)
[2025-09-01T09:18:07.098+0000][175][info ][gc          ] GC(118) Pause Young (Concurrent Start) (G1 Evacuation Pause) 768M->161M(1024M) 17.812ms
[2025-09-01T09:18:07.098+0000][175][info ][gc,cpu      ] GC(118) User=0.07s Sys=0.00s Real=0.02s
[2025-09-01T09:18:07.098+0000][175][info ][gc          ] GC(119) Concurrent Mark Cycle
[2025-09-01T09:18:07.098+0000][175][info ][gc,marking  ] GC(119) Concurrent Scan Root Regions
[2025-09-01T09:18:07.098+0000][175][info ][safepoint   ] Safepoint "G1CollectForAllocation", Time since last: 17213432883 ns, Reaching safepoint: 6459 ns, Cleanup: 2375 ns, At safepoint: 17972916 ns, Total: 17981750 ns
[2025-09-01T09:18:07.105+0000][175][info ][gc,marking  ] GC(119) Concurrent Scan Root Regions 7.293ms
[2025-09-01T09:18:07.106+0000][175][info ][gc,marking  ] GC(119) Concurrent Mark
[2025-09-01T09:18:07.106+0000][175][info ][gc,marking  ] GC(119) Concurrent Mark From Roots
[2025-09-01T09:18:07.106+0000][175][info ][gc,task     ] GC(119) Using 2 workers of 2 for marking
[2025-09-01T09:18:07.187+0000][175][info ][gc,marking  ] GC(119) Concurrent Mark From Roots 81.279ms
[2025-09-01T09:18:07.187+0000][175][info ][gc,marking  ] GC(119) Concurrent Preclean
[2025-09-01T09:18:07.188+0000][175][info ][gc,marking  ] GC(119) Concurrent Preclean 0.579ms
[2025-09-01T09:18:07.188+0000][175][info ][gc,start    ] GC(119) Pause Remark
[2025-09-01T09:18:07.236+0000][175][info ][gc          ] GC(119) Pause Remark 169M->169M(1024M) 48.113ms
[2025-09-01T09:18:07.236+0000][175][info ][gc,cpu      ] GC(119) User=0.36s Sys=0.00s Real=0.05s
[2025-09-01T09:18:07.236+0000][175][info ][safepoint   ] Safepoint "G1PauseRemark", Time since last: 89798625 ns, Reaching safepoint: 25625 ns, Cleanup: 3750 ns, At safepoint: 48463542 ns, Total: 48492917 ns
[2025-09-01T09:18:07.237+0000][175][info ][gc,marking  ] GC(119) Concurrent Mark 131.943ms
[2025-09-01T09:18:07.238+0000][175][info ][gc,marking  ] GC(119) Concurrent Rebuild Remembered Sets and Scrub Regions
[2025-09-01T09:18:07.265+0000][175][info ][gc,marking  ] GC(119) Concurrent Rebuild Remembered Sets and Scrub Regions 27.650ms
[2025-09-01T09:18:07.266+0000][175][info ][gc,start    ] GC(119) Pause Cleanup
[2025-09-01T09:18:07.266+0000][175][info ][gc          ] GC(119) Pause Cleanup 170M->170M(1024M) 0.129ms
[2025-09-01T09:18:07.266+0000][175][info ][gc,cpu      ] GC(119) User=0.00s Sys=0.00s Real=0.00s
[2025-09-01T09:18:07.266+0000][175][info ][safepoint   ] Safepoint "G1PauseCleanup", Time since last: 29047708 ns, Reaching safepoint: 595292 ns, Cleanup: 8208 ns, At safepoint: 306459 ns, Total: 909959 ns
[2025-09-01T09:18:07.266+0000][175][info ][gc,marking  ] GC(119) Concurrent Clear Claimed Marks
[2025-09-01T09:18:07.266+0000][175][info ][gc,marking  ] GC(119) Concurrent Clear Claimed Marks 0.135ms
[2025-09-01T09:18:07.266+0000][175][info ][gc,marking  ] GC(119) Concurrent Cleanup for Next Mark
[2025-09-01T09:18:07.268+0000][175][info ][gc,marking  ] GC(119) Concurrent Cleanup for Next Mark 1.985ms
[2025-09-01T09:18:07.269+0000][175][info ][gc          ] GC(119) Concurrent Mark Cycle 170.573ms
[2025-09-01T09:18:19.077+0000][175][info ][safepoint   ] Safepoint "Cleanup", Time since last: 11810497630 ns, Reaching safepoint: 3959 ns, Cleanup: 12291 ns, At safepoint: 5584 ns, Total: 21834 ns
[2025-09-01T09:19:10.068+0000][175][info ][safepoint   ] Safepoint "Cleanup", Time since last: 50990875982 ns, Reaching safepoint: 7375 ns, Cleanup: 11416 ns, At safepoint: 2917 ns, Total: 21708 ns
[2025-09-01T09:19:22.100+0000][175][info ][safepoint   ] Safepoint "Cleanup", Time since last: 12030447964 ns, Reaching safepoint: 969583 ns, Cleanup: 17958 ns, At safepoint: 11584 ns, Total: 999125 ns
[2025-09-01T09:20:25.474+0000][175][info ][safepoint   ] Safepoint "Cleanup", Time since last: 63373448695 ns, Reaching safepoint: 16209 ns, Cleanup: 27958 ns, At safepoint: 13542 ns, Total: 57709 ns
[2025-09-01T09:20:26.487+0000][175][info ][safepoint   ] Safepoint "Cleanup", Time since last: 1013008417 ns, Reaching safepoint: 63166 ns, Cleanup: 34917 ns, At safepoint: 20750 ns, Total: 118833 ns
[2025-09-01T09:20:37.102+0000][175][info ][safepoint   ] Safepoint "Cleanup", Time since last: 10615322255 ns, Reaching safepoint: 9375 ns, Cleanup: 11959 ns, At safepoint: 9625 ns, Total: 30959 ns
[2025-09-01T09:20:38.570+0000][175][info ][safepoint   ] Safepoint "Cleanup", Time since last: 1467512042 ns, Reaching safepoint: 101125 ns, Cleanup: 57958 ns, At safepoint: 78542 ns, Total: 237625 ns
[2025-09-01T09:21:49.880+0000][175][info ][safepoint   ] Safepoint "Cleanup", Time since last: 71309185866 ns, Reaching safepoint: 14917 ns, Cleanup: 17417 ns, At safepoint: 11208 ns, Total: 43542 ns
[2025-09-01T09:21:56.810+0000][175][info ][safepoint   ] Safepoint "Cleanup", Time since last: 6929710878 ns, Reaching safepoint: 8541 ns, Cleanup: 37750 ns, At safepoint: 9250 ns, Total: 55541 ns
[2025-09-01T09:21:58.004+0000][175][info ][safepoint   ] Safepoint "Cleanup", Time since last: 1192458584 ns, Reaching safepoint: 1026250 ns, Cleanup: 39834 ns, At safepoint: 53125 ns, Total: 1119209 ns
[2025-09-01T09:23:29.237+0000][175][info ][safepoint   ] Safepoint "Cleanup", Time since last: 91232305542 ns, Reaching safepoint: 211916 ns, Cleanup: 166417 ns, At safepoint: 39000 ns, Total: 417333 ns
[2025-09-01T09:23:50.243+0000][175][info ][gc,start    ] GC(120) Pause Young (Prepare Mixed) (G1 Evacuation Pause)
[2025-09-01T09:23:50.244+0000][175][info ][gc,task     ] GC(120) Using 8 workers of 8 for evacuation
[2025-09-01T09:23:50.244+0000][175][debug][gc,age      ] GC(120) Desired survivor size 41943040 bytes, new threshold 15 (max threshold 15)
[2025-09-01T09:23:50.267+0000][175][info ][gc,phases   ] GC(120)   Pre Evacuate Collection Set: 1.65ms
[2025-09-01T09:23:50.268+0000][175][info ][gc,phases   ] GC(120)   Merge Heap Roots: 0.44ms
[2025-09-01T09:23:50.268+0000][175][info ][gc,phases   ] GC(120)   Evacuate Collection Set: 14.13ms
[2025-09-01T09:23:50.268+0000][175][info ][gc,phases   ] GC(120)   Post Evacuate Collection Set: 6.30ms
[2025-09-01T09:23:50.268+0000][175][info ][gc,phases   ] GC(120)   Other: 0.54ms
[2025-09-01T09:23:50.268+0000][175][trace][gc,age      ] GC(120) Age table with threshold 15 (max threshold 15)
[2025-09-01T09:23:50.268+0000][175][trace][gc,age      ] GC(120) - age   1:    1140264 bytes,    1140264 total
[2025-09-01T09:23:50.268+0000][175][trace][gc,age      ] GC(120) - age   2:     437392 bytes,    1577656 total
[2025-09-01T09:23:50.268+0000][175][trace][gc,age      ] GC(120) - age   3:      55064 bytes,    1632720 total
[2025-09-01T09:23:50.268+0000][175][trace][gc,age      ] GC(120) - age   4:      21856 bytes,    1654576 total
[2025-09-01T09:23:50.268+0000][175][trace][gc,age      ] GC(120) - age   5:      22736 bytes,    1677312 total
[2025-09-01T09:23:50.268+0000][175][trace][gc,age      ] GC(120) - age   6:       8424 bytes,    1685736 total
[2025-09-01T09:23:50.268+0000][175][trace][gc,age      ] GC(120) - age   7:    1444688 bytes,    3130424 total
[2025-09-01T09:23:50.268+0000][175][trace][gc,age      ] GC(120) - age   8:     432968 bytes,    3563392 total
[2025-09-01T09:23:50.269+0000][175][trace][gc,age      ] GC(120) - age   9:      69416 bytes,    3632808 total
[2025-09-01T09:23:50.269+0000][175][trace][gc,age      ] GC(120) - age  10:      24912 bytes,    3657720 total
[2025-09-01T09:23:50.269+0000][175][trace][gc,age      ] GC(120) - age  11:       4336 bytes,    3662056 total
[2025-09-01T09:23:50.269+0000][175][trace][gc,age      ] GC(120) - age  12:       5264 bytes,    3667320 total
[2025-09-01T09:23:50.269+0000][175][trace][gc,age      ] GC(120) - age  13:      30744 bytes,    3698064 total
[2025-09-01T09:23:50.269+0000][175][trace][gc,age      ] GC(120) - age  14:     359496 bytes,    4057560 total
[2025-09-01T09:23:50.269+0000][175][trace][gc,age      ] GC(120) - age  15:       9416 bytes,    4066976 total
[2025-09-01T09:23:50.269+0000][175][info ][gc,heap     ] GC(120) Eden regions: 151->0(151)
[2025-09-01T09:23:50.269+0000][175][info ][gc,heap     ] GC(120) Survivor regions: 2->2(20)
[2025-09-01T09:23:50.269+0000][175][info ][gc,heap     ] GC(120) Old regions: 38->38
[2025-09-01T09:23:50.269+0000][175][info ][gc,heap     ] GC(120) Humongous regions: 2->2
[2025-09-01T09:23:50.269+0000][175][info ][gc,metaspace] GC(120) Metaspace: 161610K(166400K)->161610K(166400K) NonClass: 140040K(142208K)->140040K(142208K) Class: 21569K(24192K)->21569K(24192K)
[2025-09-01T09:23:50.269+0000][175][info ][gc          ] GC(120) Pause Young (Prepare Mixed) (G1 Evacuation Pause) 765M->160M(1024M) 26.060ms
[2025-09-01T09:23:50.270+0000][175][info ][gc,cpu      ] GC(120) User=0.15s Sys=0.00s Real=0.03s
[2025-09-01T09:23:50.270+0000][175][info ][safepoint   ] Safepoint "G1CollectForAllocation", Time since last: 21005618093 ns, Reaching safepoint: 250625 ns, Cleanup: 10750 ns, At safepoint: 26431709 ns, Total: 26693084 ns
