[2025-08-24T10:47:38.378+0000][121][info][gc,init] CardTable entry size: 512
[2025-08-24T10:47:38.379+0000][121][info][gc     ] Using G1
[2025-08-24T10:47:38.643+0000][121][info][gc,init] Version: 22.0.1+8-16 (release)
[2025-08-24T10:47:38.643+0000][121][info][gc,init] CPUs: 8 total, 8 available
[2025-08-24T10:47:38.643+0000][121][info][gc,init] Memory: 7837M
[2025-08-24T10:47:38.643+0000][121][info][gc,init] Large Page Support: Disabled
[2025-08-24T10:47:38.643+0000][121][info][gc,init] NUMA Support: Disabled
[2025-08-24T10:47:38.643+0000][121][info][gc,init] Compressed Oops: Enabled (32-bit)
[2025-08-24T10:47:38.643+0000][121][info][gc,init] Heap Region Size: 4M
[2025-08-24T10:47:38.643+0000][121][info][gc,init] Heap Min Capacity: 1G
[2025-08-24T10:47:38.643+0000][121][info][gc,init] Heap Initial Capacity: 1G
[2025-08-24T10:47:38.643+0000][121][info][gc,init] Heap Max Capacity: 1G
[2025-08-24T10:47:38.643+0000][121][info][gc,init] Pre-touch: Enabled
[2025-08-24T10:47:38.643+0000][121][info][gc,init] Parallel Workers: 8
[2025-08-24T10:47:38.643+0000][121][info][gc,init] Concurrent Workers: 2
[2025-08-24T10:47:38.643+0000][121][info][gc,init] Concurrent Refinement Workers: 8
[2025-08-24T10:47:38.643+0000][121][info][gc,init] Periodic GC: Disabled
[2025-08-24T10:47:38.650+0000][121][info][gc,metaspace] CDS archive(s) mapped at: [0x00003ffc00000000-0x00003ffc00c80000-0x00003ffc00c80000), size 13107200, SharedBaseAddress: 0x00003ffc00000000, ArchiveRelocationMode: 1.
[2025-08-24T10:47:38.650+0000][121][info][gc,metaspace] Compressed class space mapped at: 0x00003ffc01000000-0x00003ffc41000000, reserved size: 1073741824
[2025-08-24T10:47:38.650+0000][121][info][gc,metaspace] Narrow klass base: 0x00003ffc00000000, Narrow klass shift: 0, Narrow klass range: 0x100000000
[2025-08-24T10:47:38.694+0000][121][info][safepoint   ] Safepoint "ICBufferFull", Time since last: 40624958 ns, Reaching safepoint: 1084542 ns, Cleanup: 78541 ns, At safepoint: 20875 ns, Total: 1183958 ns
[2025-08-24T10:47:38.748+0000][121][info][safepoint   ] Safepoint "ICBufferFull", Time since last: 53657334 ns, Reaching safepoint: 1625 ns, Cleanup: 42208 ns, At safepoint: 1833 ns, Total: 45666 ns
[2025-08-24T10:47:38.819+0000][121][info][safepoint   ] Safepoint "ICBufferFull", Time since last: 70961250 ns, Reaching safepoint: 1584 ns, Cleanup: 44291 ns, At safepoint: 6750 ns, Total: 52625 ns
[2025-08-24T10:47:38.876+0000][121][info][safepoint   ] Safepoint "ICBufferFull", Time since last: 57087042 ns, Reaching safepoint: 2000 ns, Cleanup: 58833 ns, At safepoint: 3959 ns, Total: 64792 ns
[2025-08-24T10:47:38.895+0000][121][info][gc,start    ] GC(0) Pause Young (Normal) (G1 Evacuation Pause)
[2025-08-24T10:47:38.895+0000][121][info][gc,task     ] GC(0) Using 8 workers of 8 for evacuation
[2025-08-24T10:47:38.895+0000][121][debug][gc,age      ] GC(0) Desired survivor size 4194304 bytes, new threshold 15 (max threshold 15)
[2025-08-24T10:47:38.897+0000][121][info ][gc,phases   ] GC(0)   Pre Evacuate Collection Set: 0.16ms
[2025-08-24T10:47:38.897+0000][121][info ][gc,phases   ] GC(0)   Merge Heap Roots: 0.10ms
[2025-08-24T10:47:38.897+0000][121][info ][gc,phases   ] GC(0)   Evacuate Collection Set: 1.54ms
[2025-08-24T10:47:38.897+0000][121][info ][gc,phases   ] GC(0)   Post Evacuate Collection Set: 0.41ms
[2025-08-24T10:47:38.897+0000][121][info ][gc,phases   ] GC(0)   Other: 0.16ms
[2025-08-24T10:47:38.897+0000][121][trace][gc,age      ] GC(0) Age table with threshold 15 (max threshold 15)
[2025-08-24T10:47:38.897+0000][121][trace][gc,age      ] GC(0) - age   1:    4675280 bytes,    4675280 total
[2025-08-24T10:47:38.898+0000][121][info ][gc,heap     ] GC(0) Eden regions: 12->0(22)
[2025-08-24T10:47:38.898+0000][121][info ][gc,heap     ] GC(0) Survivor regions: 0->2(2)
[2025-08-24T10:47:38.898+0000][121][info ][gc,heap     ] GC(0) Old regions: 1->1
[2025-08-24T10:47:38.898+0000][121][info ][gc,heap     ] GC(0) Humongous regions: 0->0
[2025-08-24T10:47:38.898+0000][121][info ][gc,metaspace] GC(0) Metaspace: 7256K(7488K)->7256K(7488K) NonClass: 6389K(6528K)->6389K(6528K) Class: 867K(960K)->867K(960K)
[2025-08-24T10:47:38.898+0000][121][info ][gc          ] GC(0) Pause Young (Normal) (G1 Evacuation Pause) 49M->5M(1024M) 3.102ms
[2025-08-24T10:47:38.898+0000][121][info ][gc,cpu      ] GC(0) User=0.01s Sys=0.01s Real=0.00s
[2025-08-24T10:47:38.898+0000][121][info ][safepoint   ] Safepoint "G1CollectForAllocation", Time since last: 18581125 ns, Reaching safepoint: 2333 ns, Cleanup: 106083 ns, At safepoint: 3220625 ns, Total: 3329041 ns
[2025-08-24T10:47:38.965+0000][121][info ][safepoint   ] Safepoint "ICBufferFull", Time since last: 67062584 ns, Reaching safepoint: 1416 ns, Cleanup: 56584 ns, At safepoint: 1958 ns, Total: 59958 ns
[2025-08-24T10:47:39.001+0000][121][info ][safepoint   ] Safepoint "ICBufferFull", Time since last: 36325792 ns, Reaching safepoint: 1958 ns, Cleanup: 54792 ns, At safepoint: 9458 ns, Total: 66208 ns
[2025-08-24T10:47:39.084+0000][121][info ][safepoint   ] Safepoint "ICBufferFull", Time since last: 82227292 ns, Reaching safepoint: 1875 ns, Cleanup: 105041 ns, At safepoint: 8917 ns, Total: 115833 ns
[2025-08-24T10:47:39.248+0000][121][info ][safepoint   ] Safepoint "ICBufferFull", Time since last: 164438375 ns, Reaching safepoint: 2125 ns, Cleanup: 73375 ns, At safepoint: 5584 ns, Total: 81084 ns
[2025-08-24T10:47:39.325+0000][121][info ][safepoint   ] Safepoint "ICBufferFull", Time since last: 76898833 ns, Reaching safepoint: 1875 ns, Cleanup: 71625 ns, At safepoint: 3833 ns, Total: 77333 ns
[2025-08-24T10:47:39.424+0000][121][info ][safepoint   ] Safepoint "ICBufferFull", Time since last: 99099084 ns, Reaching safepoint: 2208 ns, Cleanup: 80958 ns, At safepoint: 7542 ns, Total: 90708 ns
[2025-08-24T10:47:39.477+0000][121][info ][gc,start    ] GC(1) Pause Young (Normal) (G1 Evacuation Pause)
[2025-08-24T10:47:39.477+0000][121][info ][gc,task     ] GC(1) Using 8 workers of 8 for evacuation
[2025-08-24T10:47:39.477+0000][121][debug][gc,age      ] GC(1) Desired survivor size 6291456 bytes, new threshold 15 (max threshold 15)
[2025-08-24T10:47:39.481+0000][121][info ][gc,phases   ] GC(1)   Pre Evacuate Collection Set: 0.13ms
[2025-08-24T10:47:39.481+0000][121][info ][gc,phases   ] GC(1)   Merge Heap Roots: 0.04ms
[2025-08-24T10:47:39.481+0000][121][info ][gc,phases   ] GC(1)   Evacuate Collection Set: 2.49ms
[2025-08-24T10:47:39.481+0000][121][info ][gc,phases   ] GC(1)   Post Evacuate Collection Set: 0.81ms
[2025-08-24T10:47:39.481+0000][121][info ][gc,phases   ] GC(1)   Other: 0.16ms
[2025-08-24T10:47:39.481+0000][121][trace][gc,age      ] GC(1) Age table with threshold 15 (max threshold 15)
[2025-08-24T10:47:39.481+0000][121][trace][gc,age      ] GC(1) - age   1:    4975856 bytes,    4975856 total
[2025-08-24T10:47:39.481+0000][121][trace][gc,age      ] GC(1) - age   2:    4603752 bytes,    9579608 total
[2025-08-24T10:47:39.481+0000][121][info ][gc,heap     ] GC(1) Eden regions: 22->0(42)
[2025-08-24T10:47:39.481+0000][121][info ][gc,heap     ] GC(1) Survivor regions: 2->3(3)
[2025-08-24T10:47:39.481+0000][121][info ][gc,heap     ] GC(1) Old regions: 1->1
[2025-08-24T10:47:39.481+0000][121][info ][gc,heap     ] GC(1) Humongous regions: 0->0
[2025-08-24T10:47:39.481+0000][121][info ][gc,metaspace] GC(1) Metaspace: 20154K(20800K)->20154K(20800K) NonClass: 17837K(18240K)->17837K(18240K) Class: 2317K(2560K)->2317K(2560K)
[2025-08-24T10:47:39.481+0000][121][info ][gc          ] GC(1) Pause Young (Normal) (G1 Evacuation Pause) 93M->10M(1024M) 4.200ms
[2025-08-24T10:47:39.481+0000][121][info ][gc,cpu      ] GC(1) User=0.01s Sys=0.00s Real=0.00s
[2025-08-24T10:47:39.481+0000][121][info ][safepoint   ] Safepoint "G1CollectForAllocation", Time since last: 52041750 ns, Reaching safepoint: 320167 ns, Cleanup: 46916 ns, At safepoint: 4294209 ns, Total: 4661292 ns
[2025-08-24T10:47:39.543+0000][121][info ][gc,start    ] GC(2) Pause Young (Concurrent Start) (Metadata GC Threshold)
[2025-08-24T10:47:39.543+0000][121][info ][gc,task     ] GC(2) Using 8 workers of 8 for evacuation
[2025-08-24T10:47:39.543+0000][121][debug][gc,age      ] GC(2) Desired survivor size 12582912 bytes, new threshold 15 (max threshold 15)
[2025-08-24T10:47:39.547+0000][121][info ][gc,phases   ] GC(2)   Pre Evacuate Collection Set: 0.11ms
[2025-08-24T10:47:39.547+0000][121][info ][gc,phases   ] GC(2)   Merge Heap Roots: 0.07ms
[2025-08-24T10:47:39.547+0000][121][info ][gc,phases   ] GC(2)   Evacuate Collection Set: 2.58ms
[2025-08-24T10:47:39.547+0000][121][info ][gc,phases   ] GC(2)   Post Evacuate Collection Set: 0.71ms
[2025-08-24T10:47:39.547+0000][121][info ][gc,phases   ] GC(2)   Other: 0.21ms
[2025-08-24T10:47:39.547+0000][121][trace][gc,age      ] GC(2) Age table with threshold 15 (max threshold 15)
[2025-08-24T10:47:39.547+0000][121][trace][gc,age      ] GC(2) - age   1:     504488 bytes,     504488 total
[2025-08-24T10:47:39.547+0000][121][trace][gc,age      ] GC(2) - age   2:    4061056 bytes,    4565544 total
[2025-08-24T10:47:39.547+0000][121][trace][gc,age      ] GC(2) - age   3:    4588024 bytes,    9153568 total
[2025-08-24T10:47:39.547+0000][121][info ][gc,heap     ] GC(2) Eden regions: 6->0(79)
[2025-08-24T10:47:39.547+0000][121][info ][gc,heap     ] GC(2) Survivor regions: 3->3(6)
[2025-08-24T10:47:39.547+0000][121][info ][gc,heap     ] GC(2) Old regions: 1->1
[2025-08-24T10:47:39.547+0000][121][info ][gc,heap     ] GC(2) Humongous regions: 0->0
[2025-08-24T10:47:39.547+0000][121][info ][gc,metaspace] GC(2) Metaspace: 20863K(21504K)->20863K(21504K) NonClass: 18436K(18816K)->18436K(18816K) Class: 2427K(2688K)->2427K(2688K)
[2025-08-24T10:47:39.547+0000][121][info ][gc          ] GC(2) Pause Young (Concurrent Start) (Metadata GC Threshold) 32M->10M(1024M) 4.277ms
[2025-08-24T10:47:39.547+0000][121][info ][gc,cpu      ] GC(2) User=0.02s Sys=0.00s Real=0.00s
[2025-08-24T10:47:39.547+0000][121][info ][gc          ] GC(3) Concurrent Mark Cycle
[2025-08-24T10:47:39.547+0000][121][info ][gc,marking  ] GC(3) Concurrent Scan Root Regions
[2025-08-24T10:47:39.547+0000][121][info ][safepoint   ] Safepoint "CollectForMetadataAllocation", Time since last: 61667208 ns, Reaching safepoint: 2000 ns, Cleanup: 66917 ns, At safepoint: 4435291 ns, Total: 4504208 ns
[2025-08-24T10:47:39.549+0000][121][info ][gc,marking  ] GC(3) Concurrent Scan Root Regions 1.736ms
[2025-08-24T10:47:39.550+0000][121][info ][gc,marking  ] GC(3) Concurrent Mark
[2025-08-24T10:47:39.551+0000][121][info ][gc,marking  ] GC(3) Concurrent Mark From Roots
[2025-08-24T10:47:39.551+0000][121][info ][gc,task     ] GC(3) Using 2 workers of 2 for marking
[2025-08-24T10:47:39.552+0000][121][info ][gc,marking  ] GC(3) Concurrent Mark From Roots 0.801ms
[2025-08-24T10:47:39.552+0000][121][info ][gc,marking  ] GC(3) Concurrent Preclean
[2025-08-24T10:47:39.553+0000][121][info ][gc,marking  ] GC(3) Concurrent Preclean 1.162ms
[2025-08-24T10:47:39.554+0000][121][info ][gc,start    ] GC(3) Pause Remark
[2025-08-24T10:47:39.555+0000][121][info ][gc          ] GC(3) Pause Remark 13M->13M(1024M) 1.576ms
[2025-08-24T10:47:39.556+0000][121][info ][gc,cpu      ] GC(3) User=0.01s Sys=0.00s Real=0.00s
[2025-08-24T10:47:39.556+0000][121][info ][safepoint   ] Safepoint "G1PauseRemark", Time since last: 5820250 ns, Reaching safepoint: 753042 ns, Cleanup: 17208 ns, At safepoint: 1694750 ns, Total: 2465000 ns
[2025-08-24T10:47:39.559+0000][121][info ][gc,marking  ] GC(3) Concurrent Mark 9.348ms
[2025-08-24T10:47:39.560+0000][121][info ][gc,marking  ] GC(3) Concurrent Rebuild Remembered Sets and Scrub Regions
[2025-08-24T10:47:39.560+0000][121][info ][gc,marking  ] GC(3) Concurrent Rebuild Remembered Sets and Scrub Regions 0.661ms
[2025-08-24T10:47:39.563+0000][121][info ][gc,start    ] GC(3) Pause Cleanup
[2025-08-24T10:47:39.563+0000][121][info ][gc          ] GC(3) Pause Cleanup 16M->16M(1024M) 0.132ms
[2025-08-24T10:47:39.563+0000][121][info ][gc,cpu      ] GC(3) User=0.00s Sys=0.00s Real=0.00s
[2025-08-24T10:47:39.563+0000][121][info ][safepoint   ] Safepoint "G1PauseCleanup", Time since last: 6830084 ns, Reaching safepoint: 332750 ns, Cleanup: 12958 ns, At safepoint: 237500 ns, Total: 583208 ns
[2025-08-24T10:47:39.568+0000][121][info ][gc,marking  ] GC(3) Concurrent Clear Claimed Marks
[2025-08-24T10:47:39.569+0000][121][info ][gc,marking  ] GC(3) Concurrent Clear Claimed Marks 1.150ms
[2025-08-24T10:47:39.569+0000][121][info ][gc,marking  ] GC(3) Concurrent Cleanup for Next Mark
[2025-08-24T10:47:39.569+0000][121][info ][gc,marking  ] GC(3) Concurrent Cleanup for Next Mark 0.429ms
[2025-08-24T10:47:39.570+0000][121][info ][gc          ] GC(3) Concurrent Mark Cycle 22.297ms
[2025-08-24T10:47:39.650+0000][121][info ][safepoint   ] Safepoint "ICBufferFull", Time since last: 86977333 ns, Reaching safepoint: 2959 ns, Cleanup: 64041 ns, At safepoint: 4167 ns, Total: 71167 ns
[2025-08-24T10:47:39.738+0000][121][info ][safepoint   ] Safepoint "ICBufferFull", Time since last: 88275542 ns, Reaching safepoint: 2083 ns, Cleanup: 51708 ns, At safepoint: 4334 ns, Total: 58125 ns
[2025-08-24T10:47:39.796+0000][121][info ][safepoint   ] Safepoint "ICBufferFull", Time since last: 57944291 ns, Reaching safepoint: 5750 ns, Cleanup: 88459 ns, At safepoint: 6083 ns, Total: 100292 ns
[2025-08-24T10:47:39.912+0000][121][info ][safepoint   ] Safepoint "ICBufferFull", Time since last: 115520667 ns, Reaching safepoint: 2291 ns, Cleanup: 69167 ns, At safepoint: 5083 ns, Total: 76541 ns
[2025-08-24T10:47:40.005+0000][121][info ][safepoint   ] Safepoint "ICBufferFull", Time since last: 93158667 ns, Reaching safepoint: 2500 ns, Cleanup: 84334 ns, At safepoint: 4791 ns, Total: 91625 ns
[2025-08-24T10:47:40.037+0000][121][info ][gc,start    ] GC(4) Pause Young (Prepare Mixed) (G1 Evacuation Pause)
[2025-08-24T10:47:40.037+0000][121][info ][gc,task     ] GC(4) Using 8 workers of 8 for evacuation
[2025-08-24T10:47:40.038+0000][121][debug][gc,age      ] GC(4) Desired survivor size 23068672 bytes, new threshold 15 (max threshold 15)
[2025-08-24T10:47:40.042+0000][121][info ][gc,phases   ] GC(4)   Pre Evacuate Collection Set: 0.11ms
[2025-08-24T10:47:40.042+0000][121][info ][gc,phases   ] GC(4)   Merge Heap Roots: 0.04ms
[2025-08-24T10:47:40.042+0000][121][info ][gc,phases   ] GC(4)   Evacuate Collection Set: 3.64ms
[2025-08-24T10:47:40.042+0000][121][info ][gc,phases   ] GC(4)   Post Evacuate Collection Set: 0.77ms
[2025-08-24T10:47:40.042+0000][121][info ][gc,phases   ] GC(4)   Other: 0.17ms
[2025-08-24T10:47:40.042+0000][121][trace][gc,age      ] GC(4) Age table with threshold 15 (max threshold 15)
[2025-08-24T10:47:40.042+0000][121][trace][gc,age      ] GC(4) - age   1:    6374400 bytes,    6374400 total
[2025-08-24T10:47:40.042+0000][121][trace][gc,age      ] GC(4) - age   2:     424504 bytes,    6798904 total
[2025-08-24T10:47:40.043+0000][121][trace][gc,age      ] GC(4) - age   3:    4028032 bytes,   10826936 total
[2025-08-24T10:47:40.043+0000][121][trace][gc,age      ] GC(4) - age   4:    4586864 bytes,   15413800 total
[2025-08-24T10:47:40.043+0000][121][info ][gc,heap     ] GC(4) Eden regions: 79->0(149)
[2025-08-24T10:47:40.043+0000][121][info ][gc,heap     ] GC(4) Survivor regions: 3->4(11)
[2025-08-24T10:47:40.043+0000][121][info ][gc,heap     ] GC(4) Old regions: 1->1
[2025-08-24T10:47:40.043+0000][121][info ][gc,heap     ] GC(4) Humongous regions: 0->0
[2025-08-24T10:47:40.043+0000][121][info ][gc,metaspace] GC(4) Metaspace: 28968K(29760K)->28968K(29760K) NonClass: 25620K(26048K)->25620K(26048K) Class: 3347K(3712K)->3347K(3712K)
[2025-08-24T10:47:40.043+0000][121][info ][gc          ] GC(4) Pause Young (Prepare Mixed) (G1 Evacuation Pause) 326M->17M(1024M) 5.361ms
[2025-08-24T10:47:40.043+0000][121][info ][gc,cpu      ] GC(4) User=0.03s Sys=0.00s Real=0.01s
[2025-08-24T10:47:40.043+0000][121][info ][safepoint   ] Safepoint "G1CollectForAllocation", Time since last: 32040167 ns, Reaching safepoint: 2042 ns, Cleanup: 43875 ns, At safepoint: 5454583 ns, Total: 5500500 ns
[2025-08-24T10:47:40.149+0000][121][info ][safepoint   ] Safepoint "ICBufferFull", Time since last: 106177792 ns, Reaching safepoint: 2250 ns, Cleanup: 98583 ns, At safepoint: 4417 ns, Total: 105250 ns
[2025-08-24T10:47:40.246+0000][121][info ][safepoint   ] Safepoint "ICBufferFull", Time since last: 96328208 ns, Reaching safepoint: 2042 ns, Cleanup: 69583 ns, At safepoint: 2458 ns, Total: 74083 ns
[2025-08-24T10:47:40.409+0000][121][info ][safepoint   ] Safepoint "ICBufferFull", Time since last: 163533209 ns, Reaching safepoint: 2291 ns, Cleanup: 87584 ns, At safepoint: 14416 ns, Total: 104291 ns
[2025-08-24T10:47:40.481+0000][121][info ][gc,start    ] GC(5) Pause Young (Mixed) (Metadata GC Threshold)
[2025-08-24T10:47:40.481+0000][121][info ][gc,task     ] GC(5) Using 8 workers of 8 for evacuation
[2025-08-24T10:47:40.481+0000][121][debug][gc,age      ] GC(5) Desired survivor size 41943040 bytes, new threshold 15 (max threshold 15)
[2025-08-24T10:47:40.487+0000][121][info ][gc,phases   ] GC(5)   Pre Evacuate Collection Set: 0.11ms
[2025-08-24T10:47:40.488+0000][121][info ][gc,phases   ] GC(5)   Merge Heap Roots: 0.06ms
[2025-08-24T10:47:40.488+0000][121][info ][gc,phases   ] GC(5)   Evacuate Collection Set: 5.14ms
[2025-08-24T10:47:40.488+0000][121][info ][gc,phases   ] GC(5)   Post Evacuate Collection Set: 0.78ms
[2025-08-24T10:47:40.488+0000][121][info ][gc,phases   ] GC(5)   Other: 0.13ms
[2025-08-24T10:47:40.488+0000][121][trace][gc,age      ] GC(5) Age table with threshold 15 (max threshold 15)
[2025-08-24T10:47:40.488+0000][121][trace][gc,age      ] GC(5) - age   1:    8197696 bytes,    8197696 total
[2025-08-24T10:47:40.488+0000][121][trace][gc,age      ] GC(5) - age   2:    5942064 bytes,   14139760 total
[2025-08-24T10:47:40.488+0000][121][trace][gc,age      ] GC(5) - age   3:     424384 bytes,   14564144 total
[2025-08-24T10:47:40.488+0000][121][trace][gc,age      ] GC(5) - age   4:    4026560 bytes,   18590704 total
[2025-08-24T10:47:40.488+0000][121][trace][gc,age      ] GC(5) - age   5:    4586800 bytes,   23177504 total
[2025-08-24T10:47:40.488+0000][121][info ][gc,heap     ] GC(5) Eden regions: 134->0(147)
[2025-08-24T10:47:40.488+0000][121][info ][gc,heap     ] GC(5) Survivor regions: 4->6(20)
[2025-08-24T10:47:40.488+0000][121][info ][gc,heap     ] GC(5) Old regions: 1->1
[2025-08-24T10:47:40.488+0000][121][info ][gc,heap     ] GC(5) Humongous regions: 0->0
[2025-08-24T10:47:40.488+0000][121][info ][gc,metaspace] GC(5) Metaspace: 35303K(36160K)->35303K(36160K) NonClass: 31225K(31680K)->31225K(31680K) Class: 4078K(4480K)->4078K(4480K)
[2025-08-24T10:47:40.488+0000][121][info ][gc          ] GC(5) Pause Young (Mixed) (Metadata GC Threshold) 551M->24M(1024M) 6.816ms
[2025-08-24T10:47:40.488+0000][121][info ][gc,cpu      ] GC(5) User=0.03s Sys=0.01s Real=0.01s
[2025-08-24T10:47:40.488+0000][121][info ][safepoint   ] Safepoint "CollectForMetadataAllocation", Time since last: 72004834 ns, Reaching safepoint: 2083 ns, Cleanup: 34000 ns, At safepoint: 6940250 ns, Total: 6976333 ns
[2025-08-24T10:47:40.494+0000][121][info ][gc,start    ] GC(6) Pause Young (Concurrent Start) (Metadata GC Threshold)
[2025-08-24T10:47:40.494+0000][121][info ][gc,task     ] GC(6) Using 8 workers of 8 for evacuation
[2025-08-24T10:47:40.494+0000][121][debug][gc,age      ] GC(6) Desired survivor size 41943040 bytes, new threshold 15 (max threshold 15)
[2025-08-24T10:47:40.499+0000][121][info ][gc,phases   ] GC(6)   Pre Evacuate Collection Set: 0.10ms
[2025-08-24T10:47:40.499+0000][121][info ][gc,phases   ] GC(6)   Merge Heap Roots: 0.05ms
[2025-08-24T10:47:40.499+0000][121][info ][gc,phases   ] GC(6)   Evacuate Collection Set: 4.00ms
[2025-08-24T10:47:40.499+0000][121][info ][gc,phases   ] GC(6)   Post Evacuate Collection Set: 0.60ms
[2025-08-24T10:47:40.499+0000][121][info ][gc,phases   ] GC(6)   Other: 0.15ms
[2025-08-24T10:47:40.499+0000][121][trace][gc,age      ] GC(6) Age table with threshold 15 (max threshold 15)
[2025-08-24T10:47:40.499+0000][121][trace][gc,age      ] GC(6) - age   1:      59816 bytes,      59816 total
[2025-08-24T10:47:40.499+0000][121][trace][gc,age      ] GC(6) - age   2:    8164512 bytes,    8224328 total
[2025-08-24T10:47:40.499+0000][121][trace][gc,age      ] GC(6) - age   3:    5942032 bytes,   14166360 total
[2025-08-24T10:47:40.499+0000][121][trace][gc,age      ] GC(6) - age   4:     424384 bytes,   14590744 total
[2025-08-24T10:47:40.499+0000][121][trace][gc,age      ] GC(6) - age   5:    4025712 bytes,   18616456 total
[2025-08-24T10:47:40.499+0000][121][trace][gc,age      ] GC(6) - age   6:    4586704 bytes,   23203160 total
[2025-08-24T10:47:40.499+0000][121][info ][gc,heap     ] GC(6) Eden regions: 1->0(146)
[2025-08-24T10:47:40.499+0000][121][info ][gc,heap     ] GC(6) Survivor regions: 6->7(20)
[2025-08-24T10:47:40.499+0000][121][info ][gc,heap     ] GC(6) Old regions: 1->1
[2025-08-24T10:47:40.500+0000][121][info ][gc,heap     ] GC(6) Humongous regions: 0->0
[2025-08-24T10:47:40.500+0000][121][info ][gc,metaspace] GC(6) Metaspace: 35561K(36480K)->35561K(36480K) NonClass: 31441K(31936K)->31441K(31936K) Class: 4120K(4544K)->4120K(4544K)
[2025-08-24T10:47:40.500+0000][121][info ][gc          ] GC(6) Pause Young (Concurrent Start) (Metadata GC Threshold) 28M->25M(1024M) 5.515ms
[2025-08-24T10:47:40.500+0000][121][info ][gc,cpu      ] GC(6) User=0.02s Sys=0.00s Real=0.00s
[2025-08-24T10:47:40.500+0000][121][info ][gc          ] GC(7) Concurrent Mark Cycle
[2025-08-24T10:47:40.500+0000][121][info ][gc,marking  ] GC(7) Concurrent Scan Root Regions
[2025-08-24T10:47:40.500+0000][121][info ][safepoint   ] Safepoint "CollectForMetadataAllocation", Time since last: 5949542 ns, Reaching safepoint: 1583 ns, Cleanup: 958 ns, At safepoint: 5674709 ns, Total: 5677250 ns
[2025-08-24T10:47:40.502+0000][121][info ][gc,marking  ] GC(7) Concurrent Scan Root Regions 2.681ms
[2025-08-24T10:47:40.504+0000][121][info ][gc,marking  ] GC(7) Concurrent Mark
[2025-08-24T10:47:40.504+0000][121][info ][gc,marking  ] GC(7) Concurrent Mark From Roots
[2025-08-24T10:47:40.504+0000][121][info ][gc,task     ] GC(7) Using 2 workers of 2 for marking
[2025-08-24T10:47:40.505+0000][121][info ][gc,marking  ] GC(7) Concurrent Mark From Roots 1.026ms
[2025-08-24T10:47:40.505+0000][121][info ][gc,marking  ] GC(7) Concurrent Preclean
[2025-08-24T10:47:40.505+0000][121][info ][gc,marking  ] GC(7) Concurrent Preclean 0.046ms
[2025-08-24T10:47:40.506+0000][121][info ][gc,start    ] GC(7) Pause Remark
[2025-08-24T10:47:40.508+0000][121][info ][gc          ] GC(7) Pause Remark 29M->29M(1024M) 1.862ms
[2025-08-24T10:47:40.508+0000][121][info ][gc,cpu      ] GC(7) User=0.01s Sys=0.00s Real=0.00s
[2025-08-24T10:47:40.508+0000][121][info ][safepoint   ] Safepoint "G1PauseRemark", Time since last: 5409208 ns, Reaching safepoint: 766875 ns, Cleanup: 21833 ns, At safepoint: 1936584 ns, Total: 2725292 ns
[2025-08-24T10:47:40.508+0000][121][info ][gc,marking  ] GC(7) Concurrent Mark 4.166ms
[2025-08-24T10:47:40.508+0000][121][info ][gc,marking  ] GC(7) Concurrent Rebuild Remembered Sets and Scrub Regions
[2025-08-24T10:47:40.508+0000][121][info ][gc,marking  ] GC(7) Concurrent Rebuild Remembered Sets and Scrub Regions 0.386ms
[2025-08-24T10:47:40.508+0000][121][info ][gc,start    ] GC(7) Pause Cleanup
[2025-08-24T10:47:40.508+0000][121][info ][gc          ] GC(7) Pause Cleanup 29M->29M(1024M) 0.107ms
[2025-08-24T10:47:40.509+0000][121][info ][gc,cpu      ] GC(7) User=0.00s Sys=0.00s Real=0.00s
[2025-08-24T10:47:40.509+0000][121][info ][safepoint   ] Safepoint "G1PauseCleanup", Time since last: 493708 ns, Reaching safepoint: 1708 ns, Cleanup: 5084 ns, At safepoint: 189000 ns, Total: 195792 ns
[2025-08-24T10:47:40.509+0000][121][info ][gc,marking  ] GC(7) Concurrent Clear Claimed Marks
[2025-08-24T10:47:40.509+0000][121][info ][gc,marking  ] GC(7) Concurrent Clear Claimed Marks 0.049ms
[2025-08-24T10:47:40.509+0000][121][info ][gc,marking  ] GC(7) Concurrent Cleanup for Next Mark
[2025-08-24T10:47:40.509+0000][121][info ][gc,marking  ] GC(7) Concurrent Cleanup for Next Mark 0.289ms
[2025-08-24T10:47:40.509+0000][121][info ][gc          ] GC(7) Concurrent Mark Cycle 9.411ms
[2025-08-24T10:47:40.744+0000][121][info ][safepoint   ] Safepoint "ICBufferFull", Time since last: 235681167 ns, Reaching safepoint: 3041 ns, Cleanup: 78500 ns, At safepoint: 5209 ns, Total: 86750 ns
[2025-08-24T10:47:40.885+0000][121][info ][safepoint   ] Safepoint "ICBufferFull", Time since last: 141025583 ns, Reaching safepoint: 2958 ns, Cleanup: 66042 ns, At safepoint: 4917 ns, Total: 73917 ns
[2025-08-24T10:47:40.913+0000][121][info ][gc,start    ] GC(8) Pause Young (Normal) (G1 Evacuation Pause)
[2025-08-24T10:47:40.913+0000][121][info ][gc,task     ] GC(8) Using 8 workers of 8 for evacuation
[2025-08-24T10:47:40.913+0000][121][debug][gc,age      ] GC(8) Desired survivor size 41943040 bytes, new threshold 15 (max threshold 15)
[2025-08-24T10:47:40.919+0000][121][info ][gc,phases   ] GC(8)   Pre Evacuate Collection Set: 0.11ms
[2025-08-24T10:47:40.919+0000][121][info ][gc,phases   ] GC(8)   Merge Heap Roots: 0.04ms
[2025-08-24T10:47:40.919+0000][121][info ][gc,phases   ] GC(8)   Evacuate Collection Set: 5.05ms
[2025-08-24T10:47:40.919+0000][121][info ][gc,phases   ] GC(8)   Post Evacuate Collection Set: 0.89ms
[2025-08-24T10:47:40.919+0000][121][info ][gc,phases   ] GC(8)   Other: 0.15ms
[2025-08-24T10:47:40.919+0000][121][trace][gc,age      ] GC(8) Age table with threshold 15 (max threshold 15)
[2025-08-24T10:47:40.919+0000][121][trace][gc,age      ] GC(8) - age   1:    9726152 bytes,    9726152 total
[2025-08-24T10:47:40.919+0000][121][trace][gc,age      ] GC(8) - age   2:      45536 bytes,    9771688 total
[2025-08-24T10:47:40.919+0000][121][trace][gc,age      ] GC(8) - age   3:    8150888 bytes,   17922576 total
[2025-08-24T10:47:40.919+0000][121][trace][gc,age      ] GC(8) - age   4:    5934264 bytes,   23856840 total
[2025-08-24T10:47:40.919+0000][121][trace][gc,age      ] GC(8) - age   5:     404400 bytes,   24261240 total
[2025-08-24T10:47:40.919+0000][121][trace][gc,age      ] GC(8) - age   6:    4018616 bytes,   28279856 total
[2025-08-24T10:47:40.920+0000][121][trace][gc,age      ] GC(8) - age   7:    4579920 bytes,   32859776 total
[2025-08-24T10:47:40.920+0000][121][info ][gc,heap     ] GC(8) Eden regions: 146->0(144)
[2025-08-24T10:47:40.920+0000][121][info ][gc,heap     ] GC(8) Survivor regions: 7->9(20)
[2025-08-24T10:47:40.920+0000][121][info ][gc,heap     ] GC(8) Old regions: 1->1
[2025-08-24T10:47:40.920+0000][121][info ][gc,heap     ] GC(8) Humongous regions: 0->0
[2025-08-24T10:47:40.920+0000][121][info ][gc,metaspace] GC(8) Metaspace: 38276K(39296K)->38276K(39296K) NonClass: 33784K(34368K)->33784K(34368K) Class: 4491K(4928K)->4491K(4928K)
[2025-08-24T10:47:40.920+0000][121][info ][gc          ] GC(8) Pause Young (Normal) (G1 Evacuation Pause) 609M->35M(1024M) 6.928ms
[2025-08-24T10:47:40.920+0000][121][info ][gc,cpu      ] GC(8) User=0.03s Sys=0.00s Real=0.00s
[2025-08-24T10:47:40.920+0000][121][info ][safepoint   ] Safepoint "G1CollectForAllocation", Time since last: 27296750 ns, Reaching safepoint: 2875 ns, Cleanup: 17750 ns, At safepoint: 7005250 ns, Total: 7025875 ns
[2025-08-24T10:47:41.090+0000][121][info ][safepoint   ] Safepoint "ICBufferFull", Time since last: 170515166 ns, Reaching safepoint: 2584 ns, Cleanup: 71791 ns, At safepoint: 4750 ns, Total: 79125 ns
[2025-08-24T10:47:41.169+0000][121][info ][safepoint   ] Safepoint "ICBufferFull", Time since last: 78854875 ns, Reaching safepoint: 2292 ns, Cleanup: 71792 ns, At safepoint: 10458 ns, Total: 84542 ns
[2025-08-24T10:47:41.272+0000][121][info ][safepoint   ] Safepoint "ICBufferFull", Time since last: 102895125 ns, Reaching safepoint: 2167 ns, Cleanup: 74125 ns, At safepoint: 4708 ns, Total: 81000 ns
[2025-08-24T10:47:41.553+0000][121][info ][safepoint   ] Safepoint "ICBufferFull", Time since last: 280826417 ns, Reaching safepoint: 2042 ns, Cleanup: 80291 ns, At safepoint: 7500 ns, Total: 89833 ns
[2025-08-24T10:47:41.703+0000][121][info ][safepoint   ] Safepoint "ICBufferFull", Time since last: 149948000 ns, Reaching safepoint: 6209 ns, Cleanup: 78791 ns, At safepoint: 9250 ns, Total: 94250 ns
[2025-08-24T10:47:41.890+0000][121][info ][safepoint   ] Safepoint "ICBufferFull", Time since last: 186718834 ns, Reaching safepoint: 1916 ns, Cleanup: 50000 ns, At safepoint: 4000 ns, Total: 55916 ns
[2025-08-24T10:47:41.919+0000][121][info ][gc,start    ] GC(9) Pause Young (Concurrent Start) (Metadata GC Threshold)
[2025-08-24T10:47:41.919+0000][121][info ][gc,task     ] GC(9) Using 8 workers of 8 for evacuation
[2025-08-24T10:47:41.919+0000][121][debug][gc,age      ] GC(9) Desired survivor size 41943040 bytes, new threshold 15 (max threshold 15)
[2025-08-24T10:47:41.929+0000][121][info ][gc,phases   ] GC(9)   Pre Evacuate Collection Set: 0.12ms
[2025-08-24T10:47:41.929+0000][121][info ][gc,phases   ] GC(9)   Merge Heap Roots: 0.08ms
[2025-08-24T10:47:41.929+0000][121][info ][gc,phases   ] GC(9)   Evacuate Collection Set: 8.59ms
[2025-08-24T10:47:41.929+0000][121][info ][gc,phases   ] GC(9)   Post Evacuate Collection Set: 1.22ms
[2025-08-24T10:47:41.929+0000][121][info ][gc,phases   ] GC(9)   Other: 0.24ms
[2025-08-24T10:47:41.929+0000][121][trace][gc,age      ] GC(9) Age table with threshold 15 (max threshold 15)
[2025-08-24T10:47:41.929+0000][121][trace][gc,age      ] GC(9) - age   1:   10299272 bytes,   10299272 total
[2025-08-24T10:47:41.929+0000][121][trace][gc,age      ] GC(9) - age   2:    8868560 bytes,   19167832 total
[2025-08-24T10:47:41.929+0000][121][trace][gc,age      ] GC(9) - age   3:      43984 bytes,   19211816 total
[2025-08-24T10:47:41.929+0000][121][trace][gc,age      ] GC(9) - age   4:    8110120 bytes,   27321936 total
[2025-08-24T10:47:41.929+0000][121][trace][gc,age      ] GC(9) - age   5:    5749128 bytes,   33071064 total
[2025-08-24T10:47:41.929+0000][121][trace][gc,age      ] GC(9) - age   6:     400840 bytes,   33471904 total
[2025-08-24T10:47:41.929+0000][121][trace][gc,age      ] GC(9) - age   7:    3981024 bytes,   37452928 total
[2025-08-24T10:47:41.929+0000][121][trace][gc,age      ] GC(9) - age   8:    4570864 bytes,   42023792 total
[2025-08-24T10:47:41.929+0000][121][info ][gc,heap     ] GC(9) Eden regions: 136->0(142)
[2025-08-24T10:47:41.929+0000][121][info ][gc,heap     ] GC(9) Survivor regions: 9->11(20)
[2025-08-24T10:47:41.929+0000][121][info ][gc,heap     ] GC(9) Old regions: 1->1
[2025-08-24T10:47:41.929+0000][121][info ][gc,heap     ] GC(9) Humongous regions: 0->0
[2025-08-24T10:47:41.929+0000][121][info ][gc,metaspace] GC(9) Metaspace: 59723K(61120K)->59723K(61120K) NonClass: 52179K(53056K)->52179K(53056K) Class: 7544K(8064K)->7544K(8064K)
[2025-08-24T10:47:41.929+0000][121][info ][gc          ] GC(9) Pause Young (Concurrent Start) (Metadata GC Threshold) 577M->44M(1024M) 10.982ms
[2025-08-24T10:47:41.930+0000][121][info ][gc,cpu      ] GC(9) User=0.06s Sys=0.01s Real=0.01s
[2025-08-24T10:47:41.930+0000][121][info ][gc          ] GC(10) Concurrent Mark Cycle
[2025-08-24T10:47:41.930+0000][121][info ][gc,marking  ] GC(10) Concurrent Scan Root Regions
[2025-08-24T10:47:41.930+0000][121][info ][safepoint   ] Safepoint "CollectForMetadataAllocation", Time since last: 28471792 ns, Reaching safepoint: 2083 ns, Cleanup: 17459 ns, At safepoint: 11168583 ns, Total: 11188125 ns
[2025-08-24T10:47:41.935+0000][121][info ][gc,marking  ] GC(10) Concurrent Scan Root Regions 5.510ms
[2025-08-24T10:47:41.938+0000][121][info ][gc,marking  ] GC(10) Concurrent Mark
[2025-08-24T10:47:41.939+0000][121][info ][gc,marking  ] GC(10) Concurrent Mark From Roots
[2025-08-24T10:47:41.939+0000][121][info ][gc,task     ] GC(10) Using 2 workers of 2 for marking
[2025-08-24T10:47:41.939+0000][121][info ][safepoint   ] Safepoint "CollectForMetadataAllocation", Time since last: 9628583 ns, Reaching safepoint: 2250 ns, Cleanup: 2042 ns, At safepoint: 80792 ns, Total: 85084 ns
[2025-08-24T10:47:41.940+0000][121][info ][gc,marking  ] GC(10) Concurrent Mark From Roots 1.341ms
[2025-08-24T10:47:41.940+0000][121][info ][gc,marking  ] GC(10) Concurrent Preclean
[2025-08-24T10:47:41.940+0000][121][info ][gc,marking  ] GC(10) Concurrent Preclean 0.026ms
[2025-08-24T10:47:41.941+0000][121][info ][gc,start    ] GC(10) Pause Remark
[2025-08-24T10:47:41.943+0000][121][info ][gc          ] GC(10) Pause Remark 47M->47M(1024M) 2.353ms
[2025-08-24T10:47:41.943+0000][121][info ][gc,cpu      ] GC(10) User=0.01s Sys=0.00s Real=0.01s
[2025-08-24T10:47:41.943+0000][121][info ][safepoint   ] Safepoint "G1PauseRemark", Time since last: 799000 ns, Reaching safepoint: 563500 ns, Cleanup: 2041 ns, At safepoint: 2456000 ns, Total: 3021541 ns
[2025-08-24T10:47:41.943+0000][121][info ][gc,marking  ] GC(10) Concurrent Mark 5.518ms
[2025-08-24T10:47:41.943+0000][121][info ][gc,marking  ] GC(10) Concurrent Rebuild Remembered Sets and Scrub Regions
[2025-08-24T10:47:41.944+0000][121][info ][gc,marking  ] GC(10) Concurrent Rebuild Remembered Sets and Scrub Regions 0.382ms
[2025-08-24T10:47:41.945+0000][121][info ][gc,start    ] GC(10) Pause Cleanup
[2025-08-24T10:47:41.945+0000][121][info ][gc          ] GC(10) Pause Cleanup 47M->47M(1024M) 0.103ms
[2025-08-24T10:47:41.945+0000][121][info ][gc,cpu      ] GC(10) User=0.00s Sys=0.00s Real=0.00s
[2025-08-24T10:47:41.945+0000][121][info ][safepoint   ] Safepoint "G1PauseCleanup", Time since last: 565584 ns, Reaching safepoint: 1230958 ns, Cleanup: 9625 ns, At safepoint: 189333 ns, Total: 1429916 ns
[2025-08-24T10:47:41.945+0000][121][info ][gc,marking  ] GC(10) Concurrent Clear Claimed Marks
[2025-08-24T10:47:41.945+0000][121][info ][gc,marking  ] GC(10) Concurrent Clear Claimed Marks 0.042ms
[2025-08-24T10:47:41.945+0000][121][info ][gc,marking  ] GC(10) Concurrent Cleanup for Next Mark
[2025-08-24T10:47:41.946+0000][121][info ][gc,marking  ] GC(10) Concurrent Cleanup for Next Mark 0.294ms
[2025-08-24T10:47:41.946+0000][121][info ][gc          ] GC(10) Concurrent Mark Cycle 16.109ms
[2025-08-24T10:47:42.236+0000][121][info ][safepoint   ] Safepoint "ICBufferFull", Time since last: 290227459 ns, Reaching safepoint: 2625 ns, Cleanup: 80333 ns, At safepoint: 10500 ns, Total: 93458 ns
[2025-08-24T10:47:42.325+0000][121][info ][safepoint   ] Safepoint "ICBufferFull", Time since last: 89394375 ns, Reaching safepoint: 3500 ns, Cleanup: 106125 ns, At safepoint: 8000 ns, Total: 117625 ns
[2025-08-24T10:47:42.571+0000][121][info ][safepoint   ] Safepoint "ICBufferFull", Time since last: 245464709 ns, Reaching safepoint: 3000 ns, Cleanup: 86916 ns, At safepoint: 5334 ns, Total: 95250 ns
[2025-08-24T10:47:42.871+0000][121][info ][safepoint   ] Safepoint "ICBufferFull", Time since last: 300378417 ns, Reaching safepoint: 6125 ns, Cleanup: 106375 ns, At safepoint: 11250 ns, Total: 123750 ns
[2025-08-24T10:47:42.946+0000][121][info ][safepoint   ] Safepoint "ICBufferFull", Time since last: 73951875 ns, Reaching safepoint: 916666 ns, Cleanup: 82542 ns, At safepoint: 15750 ns, Total: 1014958 ns
[2025-08-24T10:47:43.224+0000][121][info ][gc,start    ] GC(11) Pause Young (Normal) (G1 Evacuation Pause)
[2025-08-24T10:47:43.224+0000][121][info ][gc,task     ] GC(11) Using 8 workers of 8 for evacuation
[2025-08-24T10:47:43.224+0000][121][debug][gc,age      ] GC(11) Desired survivor size 41943040 bytes, new threshold 8 (max threshold 15)
[2025-08-24T10:47:43.238+0000][121][info ][gc,phases   ] GC(11)   Pre Evacuate Collection Set: 0.11ms
[2025-08-24T10:47:43.238+0000][121][info ][gc,phases   ] GC(11)   Merge Heap Roots: 0.12ms
[2025-08-24T10:47:43.238+0000][121][info ][gc,phases   ] GC(11)   Evacuate Collection Set: 11.23ms
[2025-08-24T10:47:43.238+0000][121][info ][gc,phases   ] GC(11)   Post Evacuate Collection Set: 1.78ms
[2025-08-24T10:47:43.238+0000][121][info ][gc,phases   ] GC(11)   Other: 0.29ms
[2025-08-24T10:47:43.238+0000][121][trace][gc,age      ] GC(11) Age table with threshold 8 (max threshold 15)
[2025-08-24T10:47:43.238+0000][121][trace][gc,age      ] GC(11) - age   1:   10810008 bytes,   10810008 total
[2025-08-24T10:47:43.238+0000][121][trace][gc,age      ] GC(11) - age   2:    9858120 bytes,   20668128 total
[2025-08-24T10:47:43.238+0000][121][trace][gc,age      ] GC(11) - age   3:    8819520 bytes,   29487648 total
[2025-08-24T10:47:43.238+0000][121][trace][gc,age      ] GC(11) - age   4:      43856 bytes,   29531504 total
[2025-08-24T10:47:43.238+0000][121][trace][gc,age      ] GC(11) - age   5:    8098832 bytes,   37630336 total
[2025-08-24T10:47:43.238+0000][121][trace][gc,age      ] GC(11) - age   6:    5724936 bytes,   43355272 total
[2025-08-24T10:47:43.238+0000][121][trace][gc,age      ] GC(11) - age   7:     398440 bytes,   43753712 total
[2025-08-24T10:47:43.238+0000][121][trace][gc,age      ] GC(11) - age   8:    3973632 bytes,   47727344 total
[2025-08-24T10:47:43.238+0000][121][info ][gc,heap     ] GC(11) Eden regions: 142->0(140)
[2025-08-24T10:47:43.238+0000][121][info ][gc,heap     ] GC(11) Survivor regions: 11->13(20)
[2025-08-24T10:47:43.238+0000][121][info ][gc,heap     ] GC(11) Old regions: 1->2
[2025-08-24T10:47:43.239+0000][121][info ][gc,heap     ] GC(11) Humongous regions: 0->0
[2025-08-24T10:47:43.239+0000][121][info ][gc,metaspace] GC(11) Metaspace: 75233K(77120K)->75233K(77120K) NonClass: 65145K(66304K)->65145K(66304K) Class: 10087K(10816K)->10087K(10816K)
[2025-08-24T10:47:43.239+0000][121][info ][gc          ] GC(11) Pause Young (Normal) (G1 Evacuation Pause) 612M->55M(1024M) 14.515ms
[2025-08-24T10:47:43.239+0000][121][info ][gc,cpu      ] GC(11) User=0.09s Sys=0.00s Real=0.01s
[2025-08-24T10:47:43.239+0000][121][info ][safepoint   ] Safepoint "G1CollectForAllocation", Time since last: 277991208 ns, Reaching safepoint: 3042 ns, Cleanup: 13917 ns, At safepoint: 14617375 ns, Total: 14634334 ns
[2025-08-24T10:47:43.432+0000][121][info ][safepoint   ] Safepoint "ICBufferFull", Time since last: 193260583 ns, Reaching safepoint: 3000 ns, Cleanup: 84959 ns, At safepoint: 7833 ns, Total: 95792 ns
[2025-08-24T10:47:43.571+0000][121][info ][safepoint   ] Safepoint "ICBufferFull", Time since last: 138690958 ns, Reaching safepoint: 3167 ns, Cleanup: 83083 ns, At safepoint: 7459 ns, Total: 93709 ns
[2025-08-24T10:47:43.833+0000][121][info ][safepoint   ] Safepoint "ICBufferFull", Time since last: 262433333 ns, Reaching safepoint: 2875 ns, Cleanup: 83917 ns, At safepoint: 9833 ns, Total: 96625 ns
[2025-08-24T10:47:44.055+0000][121][info ][safepoint   ] Safepoint "ICBufferFull", Time since last: 221209667 ns, Reaching safepoint: 184541 ns, Cleanup: 88417 ns, At safepoint: 14250 ns, Total: 287208 ns
[2025-08-24T10:47:44.253+0000][121][info ][gc,start    ] GC(12) Pause Young (Concurrent Start) (Metadata GC Threshold)
[2025-08-24T10:47:44.253+0000][121][info ][gc,task     ] GC(12) Using 8 workers of 8 for evacuation
[2025-08-24T10:47:44.253+0000][121][debug][gc,age      ] GC(12) Desired survivor size 41943040 bytes, new threshold 6 (max threshold 15)
[2025-08-24T10:47:44.267+0000][121][info ][gc,phases   ] GC(12)   Pre Evacuate Collection Set: 0.15ms
[2025-08-24T10:47:44.267+0000][121][info ][gc,phases   ] GC(12)   Merge Heap Roots: 0.10ms
[2025-08-24T10:47:44.267+0000][121][info ][gc,phases   ] GC(12)   Evacuate Collection Set: 11.86ms
[2025-08-24T10:47:44.267+0000][121][info ][gc,phases   ] GC(12)   Post Evacuate Collection Set: 1.38ms
[2025-08-24T10:47:44.267+0000][121][info ][gc,phases   ] GC(12)   Other: 0.24ms
[2025-08-24T10:47:44.267+0000][121][trace][gc,age      ] GC(12) Age table with threshold 6 (max threshold 15)
[2025-08-24T10:47:44.267+0000][121][trace][gc,age      ] GC(12) - age   1:    9720192 bytes,    9720192 total
[2025-08-24T10:47:44.267+0000][121][trace][gc,age      ] GC(12) - age   2:   10473568 bytes,   20193760 total
[2025-08-24T10:47:44.267+0000][121][trace][gc,age      ] GC(12) - age   3:    9693056 bytes,   29886816 total
[2025-08-24T10:47:44.268+0000][121][trace][gc,age      ] GC(12) - age   4:    8803176 bytes,   38689992 total
[2025-08-24T10:47:44.268+0000][121][trace][gc,age      ] GC(12) - age   5:      43600 bytes,   38733592 total
[2025-08-24T10:47:44.268+0000][121][trace][gc,age      ] GC(12) - age   6:    8073664 bytes,   46807256 total
[2025-08-24T10:47:44.268+0000][121][info ][gc,heap     ] GC(12) Eden regions: 80->0(140)
[2025-08-24T10:47:44.268+0000][121][info ][gc,heap     ] GC(12) Survivor regions: 13->13(20)
[2025-08-24T10:47:44.268+0000][121][info ][gc,heap     ] GC(12) Old regions: 2->4
[2025-08-24T10:47:44.268+0000][121][info ][gc,heap     ] GC(12) Humongous regions: 0->0
[2025-08-24T10:47:44.268+0000][121][info ][gc,metaspace] GC(12) Metaspace: 100462K(102528K)->100462K(102528K) NonClass: 86901K(88128K)->86901K(88128K) Class: 13560K(14400K)->13560K(14400K)
[2025-08-24T10:47:44.268+0000][121][info ][gc          ] GC(12) Pause Young (Concurrent Start) (Metadata GC Threshold) 373M->66M(1024M) 14.496ms
[2025-08-24T10:47:44.268+0000][121][info ][gc,cpu      ] GC(12) User=0.08s Sys=0.01s Real=0.01s
[2025-08-24T10:47:44.268+0000][121][info ][safepoint   ] Safepoint "CollectForMetadataAllocation", Time since last: 198361792 ns, Reaching safepoint: 3333 ns, Cleanup: 39667 ns, At safepoint: 14729333 ns, Total: 14772333 ns
[2025-08-24T10:47:44.268+0000][121][info ][gc          ] GC(13) Concurrent Mark Cycle
[2025-08-24T10:47:44.268+0000][121][info ][gc,marking  ] GC(13) Concurrent Scan Root Regions
[2025-08-24T10:47:44.278+0000][121][info ][gc,marking  ] GC(13) Concurrent Scan Root Regions 9.689ms
[2025-08-24T10:47:44.278+0000][121][info ][gc,marking  ] GC(13) Concurrent Mark
[2025-08-24T10:47:44.278+0000][121][info ][gc,marking  ] GC(13) Concurrent Mark From Roots
[2025-08-24T10:47:44.278+0000][121][info ][gc,task     ] GC(13) Using 2 workers of 2 for marking
[2025-08-24T10:47:44.278+0000][121][info ][safepoint   ] Safepoint "CollectForMetadataAllocation", Time since last: 10239625 ns, Reaching safepoint: 37250 ns, Cleanup: 5875 ns, At safepoint: 56250 ns, Total: 99375 ns
[2025-08-24T10:47:44.280+0000][121][info ][gc,marking  ] GC(13) Concurrent Mark From Roots 2.158ms
[2025-08-24T10:47:44.280+0000][121][info ][gc,marking  ] GC(13) Concurrent Preclean
[2025-08-24T10:47:44.280+0000][121][info ][gc,marking  ] GC(13) Concurrent Preclean 0.040ms
[2025-08-24T10:47:44.281+0000][121][info ][gc,start    ] GC(13) Pause Remark
[2025-08-24T10:47:44.284+0000][121][info ][gc          ] GC(13) Pause Remark 72M->72M(1024M) 3.261ms
[2025-08-24T10:47:44.284+0000][121][info ][gc,cpu      ] GC(13) User=0.02s Sys=0.00s Real=0.01s
[2025-08-24T10:47:44.284+0000][121][info ][safepoint   ] Safepoint "G1PauseRemark", Time since last: 1953750 ns, Reaching safepoint: 469292 ns, Cleanup: 1792 ns, At safepoint: 3385833 ns, Total: 3856917 ns
[2025-08-24T10:47:44.284+0000][121][info ][gc,marking  ] GC(13) Concurrent Mark 6.218ms
[2025-08-24T10:47:44.284+0000][121][info ][gc,marking  ] GC(13) Concurrent Rebuild Remembered Sets and Scrub Regions
[2025-08-24T10:47:44.285+0000][121][info ][gc,marking  ] GC(13) Concurrent Rebuild Remembered Sets and Scrub Regions 1.076ms
[2025-08-24T10:47:44.285+0000][121][info ][gc,start    ] GC(13) Pause Cleanup
[2025-08-24T10:47:44.285+0000][121][info ][gc          ] GC(13) Pause Cleanup 72M->72M(1024M) 0.033ms
[2025-08-24T10:47:44.285+0000][121][info ][gc,cpu      ] GC(13) User=0.00s Sys=0.00s Real=0.00s
[2025-08-24T10:47:44.285+0000][121][info ][safepoint   ] Safepoint "G1PauseCleanup", Time since last: 1184667 ns, Reaching safepoint: 1875 ns, Cleanup: 8250 ns, At safepoint: 103500 ns, Total: 113625 ns
[2025-08-24T10:47:44.285+0000][121][info ][gc,marking  ] GC(13) Concurrent Clear Claimed Marks
[2025-08-24T10:47:44.286+0000][121][info ][gc,marking  ] GC(13) Concurrent Clear Claimed Marks 0.048ms
[2025-08-24T10:47:44.286+0000][121][info ][gc,marking  ] GC(13) Concurrent Cleanup for Next Mark
[2025-08-24T10:47:44.286+0000][121][info ][gc,marking  ] GC(13) Concurrent Cleanup for Next Mark 0.314ms
[2025-08-24T10:47:44.286+0000][121][info ][gc          ] GC(13) Concurrent Mark Cycle 18.014ms
[2025-08-24T10:47:44.433+0000][121][info ][safepoint   ] Safepoint "ICBufferFull", Time since last: 147176750 ns, Reaching safepoint: 141541 ns, Cleanup: 68334 ns, At safepoint: 9333 ns, Total: 219208 ns
[2025-08-24T10:47:44.645+0000][121][info ][safepoint   ] Safepoint "ICBufferFull", Time since last: 211187750 ns, Reaching safepoint: 731167 ns, Cleanup: 79875 ns, At safepoint: 14458 ns, Total: 825500 ns
[2025-08-24T10:47:44.879+0000][121][info ][safepoint   ] Safepoint "ICBufferFull", Time since last: 234247792 ns, Reaching safepoint: 2792 ns, Cleanup: 68708 ns, At safepoint: 5125 ns, Total: 76625 ns
[2025-08-24T10:47:44.997+0000][121][info ][safepoint   ] Safepoint "ICBufferFull", Time since last: 118072125 ns, Reaching safepoint: 3250 ns, Cleanup: 80958 ns, At safepoint: 8292 ns, Total: 92500 ns
[2025-08-24T10:47:45.063+0000][121][info ][safepoint   ] Safepoint "ICBufferFull", Time since last: 64519958 ns, Reaching safepoint: 1091792 ns, Cleanup: 66667 ns, At safepoint: 17125 ns, Total: 1175584 ns
[2025-08-24T10:47:45.085+0000][121][info ][safepoint   ] Safepoint "ICBufferFull", Time since last: 21237541 ns, Reaching safepoint: 579292 ns, Cleanup: 60333 ns, At safepoint: 12917 ns, Total: 652542 ns
[2025-08-24T10:47:45.114+0000][121][info ][safepoint   ] Safepoint "ICBufferFull", Time since last: 25867542 ns, Reaching safepoint: 2961541 ns, Cleanup: 94500 ns, At safepoint: 11542 ns, Total: 3067583 ns
[2025-08-24T10:47:45.164+0000][121][info ][safepoint   ] Safepoint "ICBufferFull", Time since last: 49556125 ns, Reaching safepoint: 393625 ns, Cleanup: 76417 ns, At safepoint: 14000 ns, Total: 484042 ns
[2025-08-24T10:47:45.186+0000][121][info ][safepoint   ] Safepoint "ICBufferFull", Time since last: 21568625 ns, Reaching safepoint: 2750 ns, Cleanup: 69083 ns, At safepoint: 10167 ns, Total: 82000 ns
[2025-08-24T10:47:45.233+0000][121][info ][safepoint   ] Safepoint "ICBufferFull", Time since last: 47009125 ns, Reaching safepoint: 3041 ns, Cleanup: 77000 ns, At safepoint: 12334 ns, Total: 92375 ns
[2025-08-24T10:47:45.341+0000][121][info ][safepoint   ] Safepoint "ICBufferFull", Time since last: 108204583 ns, Reaching safepoint: 2833 ns, Cleanup: 71500 ns, At safepoint: 4125 ns, Total: 78458 ns
[2025-08-24T10:47:45.427+0000][121][info ][safepoint   ] Safepoint "ICBufferFull", Time since last: 85435375 ns, Reaching safepoint: 391042 ns, Cleanup: 166833 ns, At safepoint: 12167 ns, Total: 570042 ns
[2025-08-24T10:47:45.491+0000][121][info ][safepoint   ] Safepoint "ICBufferFull", Time since last: 64490708 ns, Reaching safepoint: 3375 ns, Cleanup: 68584 ns, At safepoint: 6000 ns, Total: 77959 ns
[2025-08-24T10:47:45.569+0000][121][info ][safepoint   ] Safepoint "ICBufferFull", Time since last: 77228125 ns, Reaching safepoint: 7708 ns, Cleanup: 94334 ns, At safepoint: 6166 ns, Total: 108208 ns
[2025-08-24T10:47:45.694+0000][121][info ][safepoint   ] Safepoint "ICBufferFull", Time since last: 123887959 ns, Reaching safepoint: 1291041 ns, Cleanup: 104084 ns, At safepoint: 54916 ns, Total: 1450041 ns
[2025-08-24T10:47:45.810+0000][121][info ][safepoint   ] Safepoint "ICBufferFull", Time since last: 115439375 ns, Reaching safepoint: 5292 ns, Cleanup: 68333 ns, At safepoint: 5042 ns, Total: 78667 ns
[2025-08-24T10:47:45.898+0000][121][info ][safepoint   ] Safepoint "ICBufferFull", Time since last: 88060875 ns, Reaching safepoint: 4875 ns, Cleanup: 83750 ns, At safepoint: 10708 ns, Total: 99333 ns
[2025-08-24T10:47:45.984+0000][121][info ][safepoint   ] Safepoint "ICBufferFull", Time since last: 85888334 ns, Reaching safepoint: 4583 ns, Cleanup: 71917 ns, At safepoint: 11791 ns, Total: 88291 ns
[2025-08-24T10:47:46.062+0000][121][info ][safepoint   ] Safepoint "ICBufferFull", Time since last: 77945042 ns, Reaching safepoint: 28083 ns, Cleanup: 89417 ns, At safepoint: 17208 ns, Total: 134708 ns
[2025-08-24T10:47:46.136+0000][121][info ][safepoint   ] Safepoint "ICBufferFull", Time since last: 73129084 ns, Reaching safepoint: 917166 ns, Cleanup: 77042 ns, At safepoint: 19417 ns, Total: 1013625 ns
[2025-08-24T10:47:46.224+0000][121][info ][safepoint   ] Safepoint "ICBufferFull", Time since last: 87391583 ns, Reaching safepoint: 6292 ns, Cleanup: 82458 ns, At safepoint: 6417 ns, Total: 95167 ns
[2025-08-24T10:47:46.289+0000][121][info ][safepoint   ] Safepoint "ICBufferFull", Time since last: 65204083 ns, Reaching safepoint: 5959 ns, Cleanup: 68250 ns, At safepoint: 7500 ns, Total: 81709 ns
[2025-08-24T10:47:46.436+0000][121][info ][safepoint   ] Safepoint "ICBufferFull", Time since last: 146738791 ns, Reaching safepoint: 6417 ns, Cleanup: 96375 ns, At safepoint: 9458 ns, Total: 112250 ns
[2025-08-24T10:47:46.437+0000][121][info ][gc,start    ] GC(14) Pause Young (Normal) (G1 Evacuation Pause)
[2025-08-24T10:47:46.437+0000][121][info ][gc,task     ] GC(14) Using 8 workers of 8 for evacuation
[2025-08-24T10:47:46.437+0000][121][debug][gc,age      ] GC(14) Desired survivor size 41943040 bytes, new threshold 6 (max threshold 15)
[2025-08-24T10:47:46.456+0000][121][info ][gc,phases   ] GC(14)   Pre Evacuate Collection Set: 0.12ms
[2025-08-24T10:47:46.456+0000][121][info ][gc,phases   ] GC(14)   Merge Heap Roots: 0.08ms
[2025-08-24T10:47:46.456+0000][121][info ][gc,phases   ] GC(14)   Evacuate Collection Set: 16.25ms
[2025-08-24T10:47:46.456+0000][121][info ][gc,phases   ] GC(14)   Post Evacuate Collection Set: 1.74ms
[2025-08-24T10:47:46.456+0000][121][info ][gc,phases   ] GC(14)   Other: 0.19ms
[2025-08-24T10:47:46.456+0000][121][trace][gc,age      ] GC(14) Age table with threshold 6 (max threshold 15)
[2025-08-24T10:47:46.456+0000][121][trace][gc,age      ] GC(14) - age   1:   32804544 bytes,   32804544 total
[2025-08-24T10:47:46.456+0000][121][trace][gc,age      ] GC(14) - age   2:    9295280 bytes,   42099824 total
[2025-08-24T10:47:46.456+0000][121][trace][gc,age      ] GC(14) - age   3:   10399016 bytes,   52498840 total
[2025-08-24T10:47:46.456+0000][121][trace][gc,age      ] GC(14) - age   4:    9584248 bytes,   62083088 total
[2025-08-24T10:47:46.456+0000][121][trace][gc,age      ] GC(14) - age   5:    8796248 bytes,   70879336 total
[2025-08-24T10:47:46.456+0000][121][trace][gc,age      ] GC(14) - age   6:      43536 bytes,   70922872 total
[2025-08-24T10:47:46.456+0000][121][info ][gc,heap     ] GC(14) Eden regions: 140->0(134)
[2025-08-24T10:47:46.456+0000][121][info ][gc,heap     ] GC(14) Survivor regions: 13->19(20)
[2025-08-24T10:47:46.456+0000][121][info ][gc,heap     ] GC(14) Old regions: 4->7
[2025-08-24T10:47:46.456+0000][121][info ][gc,heap     ] GC(14) Humongous regions: 2->2
[2025-08-24T10:47:46.456+0000][121][info ][gc,metaspace] GC(14) Metaspace: 137411K(141504K)->137411K(141504K) NonClass: 117917K(120128K)->117917K(120128K) Class: 19494K(21376K)->19494K(21376K)
[2025-08-24T10:47:46.456+0000][121][info ][gc          ] GC(14) Pause Young (Normal) (G1 Evacuation Pause) 634M->107M(1024M) 19.035ms
[2025-08-24T10:47:46.456+0000][121][info ][gc,cpu      ] GC(14) User=0.12s Sys=0.00s Real=0.02s
[2025-08-24T10:47:46.456+0000][121][info ][safepoint   ] Safepoint "G1CollectForAllocation", Time since last: 1407000 ns, Reaching safepoint: 4917 ns, Cleanup: 4333 ns, At safepoint: 19166042 ns, Total: 19175292 ns
[2025-08-24T10:47:46.582+0000][121][info ][safepoint   ] Safepoint "ICBufferFull", Time since last: 125939167 ns, Reaching safepoint: 6083 ns, Cleanup: 100167 ns, At safepoint: 16041 ns, Total: 122291 ns
[2025-08-24T10:47:46.685+0000][121][info ][safepoint   ] Safepoint "ICBufferFull", Time since last: 101646042 ns, Reaching safepoint: 763833 ns, Cleanup: 97417 ns, At safepoint: 21167 ns, Total: 882417 ns
[2025-08-24T10:47:47.716+0000][121][info ][safepoint   ] Safepoint "Cleanup", Time since last: 1030932667 ns, Reaching safepoint: 42292 ns, Cleanup: 192250 ns, At safepoint: 19958 ns, Total: 254500 ns
[2025-08-24T10:47:48.717+0000][121][info ][safepoint   ] Safepoint "Cleanup", Time since last: 1000983042 ns, Reaching safepoint: 47708 ns, Cleanup: 36834 ns, At safepoint: 17208 ns, Total: 101750 ns
[2025-08-24T10:47:50.719+0000][121][info ][safepoint   ] Safepoint "Cleanup", Time since last: 2002082709 ns, Reaching safepoint: 29292 ns, Cleanup: 29958 ns, At safepoint: 13292 ns, Total: 72542 ns
[2025-08-24T10:47:51.720+0000][121][info ][safepoint   ] Safepoint "Cleanup", Time since last: 1000566417 ns, Reaching safepoint: 49542 ns, Cleanup: 28625 ns, At safepoint: 13125 ns, Total: 91292 ns
[2025-08-24T10:47:53.723+0000][121][info ][safepoint   ] Safepoint "Cleanup", Time since last: 2002513751 ns, Reaching safepoint: 28250 ns, Cleanup: 28125 ns, At safepoint: 7166 ns, Total: 63541 ns
[2025-08-24T10:47:55.726+0000][121][info ][safepoint   ] Safepoint "Cleanup", Time since last: 2003017126 ns, Reaching safepoint: 34542 ns, Cleanup: 37417 ns, At safepoint: 11833 ns, Total: 83792 ns
[2025-08-24T10:47:56.727+0000][121][info ][safepoint   ] Safepoint "Cleanup", Time since last: 1001170291 ns, Reaching safepoint: 26167 ns, Cleanup: 29083 ns, At safepoint: 8625 ns, Total: 63875 ns
[2025-08-24T10:47:57.729+0000][121][info ][safepoint   ] Safepoint "Cleanup", Time since last: 1001626334 ns, Reaching safepoint: 32833 ns, Cleanup: 41667 ns, At safepoint: 9375 ns, Total: 83875 ns
[2025-08-24T10:47:58.730+0000][121][info ][safepoint   ] Safepoint "Cleanup", Time since last: 1001356209 ns, Reaching safepoint: 12833 ns, Cleanup: 14583 ns, At safepoint: 6750 ns, Total: 34166 ns
[2025-08-24T10:47:59.731+0000][121][info ][safepoint   ] Safepoint "Cleanup", Time since last: 1001044834 ns, Reaching safepoint: 32125 ns, Cleanup: 25875 ns, At safepoint: 12125 ns, Total: 70125 ns
[2025-08-24T10:48:00.732+0000][121][info ][safepoint   ] Safepoint "Cleanup", Time since last: 1001156751 ns, Reaching safepoint: 43500 ns, Cleanup: 32583 ns, At safepoint: 13375 ns, Total: 89458 ns
[2025-08-24T10:48:02.735+0000][121][info ][safepoint   ] Safepoint "Cleanup", Time since last: 2002310334 ns, Reaching safepoint: 35042 ns, Cleanup: 39125 ns, At safepoint: 12333 ns, Total: 86500 ns
[2025-08-24T10:48:05.738+0000][121][info ][safepoint   ] Safepoint "Cleanup", Time since last: 3003163627 ns, Reaching safepoint: 47000 ns, Cleanup: 187500 ns, At safepoint: 16791 ns, Total: 251291 ns
[2025-08-24T10:48:07.742+0000][121][info ][safepoint   ] Safepoint "Cleanup", Time since last: 2003423251 ns, Reaching safepoint: 61959 ns, Cleanup: 24083 ns, At safepoint: 10750 ns, Total: 96792 ns
[2025-08-24T10:48:12.749+0000][121][info ][safepoint   ] Safepoint "Cleanup", Time since last: 5007738711 ns, Reaching safepoint: 45125 ns, Cleanup: 36000 ns, At safepoint: 17625 ns, Total: 98750 ns
[2025-08-24T10:48:13.751+0000][121][info ][safepoint   ] Safepoint "Cleanup", Time since last: 1001658167 ns, Reaching safepoint: 45583 ns, Cleanup: 42292 ns, At safepoint: 7125 ns, Total: 95000 ns
[2025-08-24T10:48:15.754+0000][121][info ][safepoint   ] Safepoint "Cleanup", Time since last: 2003070001 ns, Reaching safepoint: 35000 ns, Cleanup: 33833 ns, At safepoint: 14875 ns, Total: 83708 ns
[2025-08-24T10:48:16.755+0000][121][info ][safepoint   ] Safepoint "Cleanup", Time since last: 1000817959 ns, Reaching safepoint: 10625 ns, Cleanup: 45125 ns, At safepoint: 5292 ns, Total: 61042 ns
[2025-08-24T10:48:17.756+0000][121][info ][safepoint   ] Safepoint "Cleanup", Time since last: 1000714375 ns, Reaching safepoint: 51292 ns, Cleanup: 36458 ns, At safepoint: 10125 ns, Total: 97875 ns
[2025-08-24T10:48:18.757+0000][121][info ][safepoint   ] Safepoint "Cleanup", Time since last: 1001055292 ns, Reaching safepoint: 175167 ns, Cleanup: 49125 ns, At safepoint: 22125 ns, Total: 246417 ns
[2025-08-24T10:48:22.766+0000][121][info ][safepoint   ] Safepoint "Cleanup", Time since last: 4008669585 ns, Reaching safepoint: 125500 ns, Cleanup: 58542 ns, At safepoint: 26042 ns, Total: 210084 ns
[2025-08-24T10:48:23.770+0000][121][info ][safepoint   ] Safepoint "Cleanup", Time since last: 1003928458 ns, Reaching safepoint: 28875 ns, Cleanup: 20542 ns, At safepoint: 10125 ns, Total: 59542 ns
[2025-08-24T10:48:27.779+0000][121][info ][safepoint   ] Safepoint "Cleanup", Time since last: 4008892585 ns, Reaching safepoint: 76208 ns, Cleanup: 58334 ns, At safepoint: 15000 ns, Total: 149542 ns
[2025-08-24T10:48:29.782+0000][121][info ][safepoint   ] Safepoint "Cleanup", Time since last: 2003068876 ns, Reaching safepoint: 49000 ns, Cleanup: 41250 ns, At safepoint: 12958 ns, Total: 103208 ns
[2025-08-24T10:48:30.784+0000][121][info ][safepoint   ] Safepoint "Cleanup", Time since last: 1001524125 ns, Reaching safepoint: 51959 ns, Cleanup: 61458 ns, At safepoint: 15667 ns, Total: 129084 ns
[2025-08-24T10:48:32.786+0000][121][info ][safepoint   ] Safepoint "Cleanup", Time since last: 2001956959 ns, Reaching safepoint: 47250 ns, Cleanup: 44667 ns, At safepoint: 20125 ns, Total: 112042 ns
[2025-08-24T10:48:33.787+0000][121][info ][safepoint   ] Safepoint "Cleanup", Time since last: 1001427709 ns, Reaching safepoint: 48375 ns, Cleanup: 41625 ns, At safepoint: 40166 ns, Total: 130166 ns
[2025-08-24T10:48:37.794+0000][121][info ][safepoint   ] Safepoint "Cleanup", Time since last: 4006205294 ns, Reaching safepoint: 86625 ns, Cleanup: 25541 ns, At safepoint: 14917 ns, Total: 127083 ns
[2025-08-24T10:48:44.518+0000][121][info ][safepoint   ] Safepoint "Cleanup", Time since last: 6723999295 ns, Reaching safepoint: 69625 ns, Cleanup: 68833 ns, At safepoint: 28125 ns, Total: 166583 ns
[2025-08-24T10:48:45.522+0000][121][info ][safepoint   ] Safepoint "Cleanup", Time since last: 1003321292 ns, Reaching safepoint: 67875 ns, Cleanup: 155750 ns, At safepoint: 26875 ns, Total: 250500 ns
[2025-08-24T10:48:46.523+0000][121][info ][safepoint   ] Safepoint "Cleanup", Time since last: 1001790418 ns, Reaching safepoint: 37166 ns, Cleanup: 65084 ns, At safepoint: 52250 ns, Total: 154500 ns
[2025-08-24T10:48:47.525+0000][121][info ][safepoint   ] Safepoint "Cleanup", Time since last: 1001317833 ns, Reaching safepoint: 66250 ns, Cleanup: 38167 ns, At safepoint: 20417 ns, Total: 124834 ns
[2025-08-24T10:48:48.528+0000][121][info ][safepoint   ] Safepoint "Cleanup", Time since last: 1003307584 ns, Reaching safepoint: 50625 ns, Cleanup: 30083 ns, At safepoint: 14458 ns, Total: 95166 ns
[2025-08-24T10:48:56.538+0000][121][info ][safepoint   ] Safepoint "Cleanup", Time since last: 8009260421 ns, Reaching safepoint: 98875 ns, Cleanup: 37541 ns, At safepoint: 11167 ns, Total: 147583 ns
[2025-08-24T10:48:57.540+0000][121][info ][safepoint   ] Safepoint "Cleanup", Time since last: 1001781875 ns, Reaching safepoint: 70916 ns, Cleanup: 88209 ns, At safepoint: 23375 ns, Total: 182500 ns
[2025-08-24T10:48:59.545+0000][121][info ][safepoint   ] Safepoint "Cleanup", Time since last: 2005212001 ns, Reaching safepoint: 71666 ns, Cleanup: 68584 ns, At safepoint: 29125 ns, Total: 169375 ns
[2025-08-24T10:49:02.550+0000][121][info ][safepoint   ] Safepoint "Cleanup", Time since last: 3004735959 ns, Reaching safepoint: 96417 ns, Cleanup: 68958 ns, At safepoint: 22584 ns, Total: 187959 ns
[2025-08-24T10:49:05.556+0000][121][info ][safepoint   ] Safepoint "Cleanup", Time since last: 3005830126 ns, Reaching safepoint: 53958 ns, Cleanup: 46542 ns, At safepoint: 20875 ns, Total: 121375 ns
[2025-08-24T10:49:07.560+0000][121][info ][safepoint   ] Safepoint "Cleanup", Time since last: 2003777043 ns, Reaching safepoint: 10750 ns, Cleanup: 16083 ns, At safepoint: 7125 ns, Total: 33958 ns
[2025-08-24T10:49:13.570+0000][121][info ][safepoint   ] Safepoint "Cleanup", Time since last: 6010088003 ns, Reaching safepoint: 166917 ns, Cleanup: 44625 ns, At safepoint: 30958 ns, Total: 242500 ns
[2025-08-24T10:49:14.574+0000][121][info ][safepoint   ] Safepoint "Cleanup", Time since last: 1003577000 ns, Reaching safepoint: 35334 ns, Cleanup: 28666 ns, At safepoint: 17959 ns, Total: 81959 ns
[2025-08-24T10:49:15.575+0000][121][info ][safepoint   ] Safepoint "Cleanup", Time since last: 1000960625 ns, Reaching safepoint: 69292 ns, Cleanup: 77875 ns, At safepoint: 22083 ns, Total: 169250 ns
[2025-08-24T10:49:16.577+0000][121][info ][safepoint   ] Safepoint "Cleanup", Time since last: 1001688959 ns, Reaching safepoint: 48250 ns, Cleanup: 104042 ns, At safepoint: 25125 ns, Total: 177417 ns
[2025-08-24T10:49:24.588+0000][121][info ][safepoint   ] Safepoint "Cleanup", Time since last: 8010355962 ns, Reaching safepoint: 170125 ns, Cleanup: 73166 ns, At safepoint: 58500 ns, Total: 301791 ns
[2025-08-24T10:49:29.596+0000][121][info ][safepoint   ] Safepoint "Cleanup", Time since last: 5008209294 ns, Reaching safepoint: 49500 ns, Cleanup: 36000 ns, At safepoint: 28458 ns, Total: 113958 ns
[2025-08-24T10:49:34.601+0000][121][info ][safepoint   ] Safepoint "Cleanup", Time since last: 5005777503 ns, Reaching safepoint: 41708 ns, Cleanup: 36583 ns, At safepoint: 14750 ns, Total: 93041 ns
[2025-08-24T10:49:37.607+0000][121][info ][safepoint   ] Safepoint "Cleanup", Time since last: 3005313168 ns, Reaching safepoint: 11667 ns, Cleanup: 12417 ns, At safepoint: 5458 ns, Total: 29542 ns
[2025-08-24T10:49:39.654+0000][121][info ][safepoint   ] Safepoint "Cleanup", Time since last: 2046810459 ns, Reaching safepoint: 75000 ns, Cleanup: 72875 ns, At safepoint: 32667 ns, Total: 180542 ns
[2025-08-24T10:49:45.665+0000][121][info ][safepoint   ] Safepoint "Cleanup", Time since last: 6011407253 ns, Reaching safepoint: 21542 ns, Cleanup: 35583 ns, At safepoint: 12292 ns, Total: 69417 ns
[2025-08-24T10:49:46.666+0000][121][info ][safepoint   ] Safepoint "Cleanup", Time since last: 1001117292 ns, Reaching safepoint: 32833 ns, Cleanup: 26375 ns, At safepoint: 10042 ns, Total: 69250 ns
[2025-08-24T10:49:49.671+0000][121][info ][safepoint   ] Safepoint "Cleanup", Time since last: 3004798001 ns, Reaching safepoint: 84208 ns, Cleanup: 32917 ns, At safepoint: 19417 ns, Total: 136542 ns
[2025-08-24T10:49:50.673+0000][121][info ][safepoint   ] Safepoint "Cleanup", Time since last: 1001383084 ns, Reaching safepoint: 37125 ns, Cleanup: 29833 ns, At safepoint: 11250 ns, Total: 78208 ns
[2025-08-24T10:49:52.677+0000][121][info ][safepoint   ] Safepoint "Cleanup", Time since last: 2003847751 ns, Reaching safepoint: 59458 ns, Cleanup: 42209 ns, At safepoint: 14000 ns, Total: 115667 ns
[2025-08-24T10:49:59.687+0000][121][info ][safepoint   ] Safepoint "Cleanup", Time since last: 7010134919 ns, Reaching safepoint: 151500 ns, Cleanup: 42291 ns, At safepoint: 26625 ns, Total: 220416 ns
[2025-08-24T10:50:03.693+0000][121][info ][safepoint   ] Safepoint "Cleanup", Time since last: 4005930211 ns, Reaching safepoint: 113125 ns, Cleanup: 36208 ns, At safepoint: 28125 ns, Total: 177458 ns
[2025-08-24T10:50:09.703+0000][121][info ][safepoint   ] Safepoint "Cleanup", Time since last: 6009207586 ns, Reaching safepoint: 323500 ns, Cleanup: 101917 ns, At safepoint: 16583 ns, Total: 442000 ns
[2025-08-24T10:50:13.709+0000][121][info ][safepoint   ] Safepoint "Cleanup", Time since last: 4005747877 ns, Reaching safepoint: 32917 ns, Cleanup: 31958 ns, At safepoint: 12917 ns, Total: 77792 ns
[2025-08-24T10:50:15.712+0000][121][info ][safepoint   ] Safepoint "Cleanup", Time since last: 2003201417 ns, Reaching safepoint: 40542 ns, Cleanup: 41042 ns, At safepoint: 18791 ns, Total: 100375 ns
[2025-08-24T10:50:16.714+0000][121][info ][safepoint   ] Safepoint "Cleanup", Time since last: 1002095334 ns, Reaching safepoint: 36000 ns, Cleanup: 47042 ns, At safepoint: 14166 ns, Total: 97208 ns
[2025-08-24T10:50:18.717+0000][121][info ][safepoint   ] Safepoint "Cleanup", Time since last: 2002169168 ns, Reaching safepoint: 1031333 ns, Cleanup: 50500 ns, At safepoint: 10750 ns, Total: 1092583 ns
[2025-08-24T10:50:19.813+0000][121][info ][safepoint   ] Safepoint "Cleanup", Time since last: 1095906751 ns, Reaching safepoint: 12500 ns, Cleanup: 176958 ns, At safepoint: 12917 ns, Total: 202375 ns
[2025-08-24T10:50:20.765+0000][121][info ][gc,heap,exit] Heap
[2025-08-24T10:50:20.766+0000][121][info ][gc,heap,exit]  garbage-first heap   total reserved 1048576K, committed 1048576K, used 282518K [0x00000000c0000000, 0x0000000100000000)
[2025-08-24T10:50:20.766+0000][121][info ][gc,heap,exit]   region size 4096K, 61 young (249856K), 19 survivors (77824K)
[2025-08-24T10:50:20.766+0000][121][info ][gc,heap,exit]  Metaspace       used 141064K, committed 145216K, reserved 1179648K
[2025-08-24T10:50:20.766+0000][121][info ][gc,heap,exit]   class space    used 19983K, committed 21888K, reserved 1048576K
