[2025-08-24T10:29:06.825+0000][175][info][gc,init] CardTable entry size: 512
[2025-08-24T10:29:06.825+0000][175][info][gc     ] Using G1
[2025-08-24T10:29:07.141+0000][175][info][gc,init] Version: 22.0.1+8-16 (release)
[2025-08-24T10:29:07.142+0000][175][info][gc,init] CPUs: 8 total, 8 available
[2025-08-24T10:29:07.142+0000][175][info][gc,init] Memory: 7837M
[2025-08-24T10:29:07.142+0000][175][info][gc,init] Large Page Support: Disabled
[2025-08-24T10:29:07.142+0000][175][info][gc,init] NUMA Support: Disabled
[2025-08-24T10:29:07.142+0000][175][info][gc,init] Compressed Oops: Enabled (32-bit)
[2025-08-24T10:29:07.142+0000][175][info][gc,init] Heap Region Size: 4M
[2025-08-24T10:29:07.142+0000][175][info][gc,init] Heap Min Capacity: 1G
[2025-08-24T10:29:07.142+0000][175][info][gc,init] Heap Initial Capacity: 1G
[2025-08-24T10:29:07.142+0000][175][info][gc,init] Heap Max Capacity: 1G
[2025-08-24T10:29:07.142+0000][175][info][gc,init] Pre-touch: Enabled
[2025-08-24T10:29:07.142+0000][175][info][gc,init] Parallel Workers: 8
[2025-08-24T10:29:07.142+0000][175][info][gc,init] Concurrent Workers: 2
[2025-08-24T10:29:07.142+0000][175][info][gc,init] Concurrent Refinement Workers: 8
[2025-08-24T10:29:07.142+0000][175][info][gc,init] Periodic GC: Disabled
[2025-08-24T10:29:07.156+0000][175][info][gc,metaspace] CDS archive(s) mapped at: [0x000003e000000000-0x000003e000c80000-0x000003e000c80000), size 13107200, SharedBaseAddress: 0x000003e000000000, ArchiveRelocationMode: 1.
[2025-08-24T10:29:07.156+0000][175][info][gc,metaspace] Compressed class space mapped at: 0x000003e001000000-0x000003e041000000, reserved size: 1073741824
[2025-08-24T10:29:07.156+0000][175][info][gc,metaspace] Narrow klass base: 0x000003e000000000, Narrow klass shift: 0, Narrow klass range: 0x100000000
[2025-08-24T10:29:07.203+0000][175][info][safepoint   ] Safepoint "ICBufferFull", Time since last: 45367084 ns, Reaching safepoint: 1625 ns, Cleanup: 56083 ns, At safepoint: 11708 ns, Total: 69416 ns
[2025-08-24T10:29:07.263+0000][175][info][safepoint   ] Safepoint "ICBufferFull", Time since last: 59190292 ns, Reaching safepoint: 1875 ns, Cleanup: 60542 ns, At safepoint: 3583 ns, Total: 66000 ns
[2025-08-24T10:29:07.343+0000][175][info][safepoint   ] Safepoint "ICBufferFull", Time since last: 80157917 ns, Reaching safepoint: 590875 ns, Cleanup: 90750 ns, At safepoint: 10833 ns, Total: 692458 ns
[2025-08-24T10:29:07.410+0000][175][info][safepoint   ] Safepoint "ICBufferFull", Time since last: 66266750 ns, Reaching safepoint: 1875 ns, Cleanup: 86833 ns, At safepoint: 7875 ns, Total: 96583 ns
[2025-08-24T10:29:07.422+0000][175][info][gc,start    ] GC(0) Pause Young (Normal) (G1 Evacuation Pause)
[2025-08-24T10:29:07.422+0000][175][info][gc,task     ] GC(0) Using 8 workers of 8 for evacuation
[2025-08-24T10:29:07.422+0000][175][debug][gc,age      ] GC(0) Desired survivor size 4194304 bytes, new threshold 15 (max threshold 15)
[2025-08-24T10:29:07.424+0000][175][info ][gc,phases   ] GC(0)   Pre Evacuate Collection Set: 0.12ms
[2025-08-24T10:29:07.424+0000][175][info ][gc,phases   ] GC(0)   Merge Heap Roots: 0.08ms
[2025-08-24T10:29:07.424+0000][175][info ][gc,phases   ] GC(0)   Evacuate Collection Set: 1.47ms
[2025-08-24T10:29:07.424+0000][175][info ][gc,phases   ] GC(0)   Post Evacuate Collection Set: 0.32ms
[2025-08-24T10:29:07.424+0000][175][info ][gc,phases   ] GC(0)   Other: 0.16ms
[2025-08-24T10:29:07.424+0000][175][trace][gc,age      ] GC(0) Age table with threshold 15 (max threshold 15)
[2025-08-24T10:29:07.424+0000][175][trace][gc,age      ] GC(0) - age   1:    4674992 bytes,    4674992 total
[2025-08-24T10:29:07.424+0000][175][info ][gc,heap     ] GC(0) Eden regions: 12->0(22)
[2025-08-24T10:29:07.424+0000][175][info ][gc,heap     ] GC(0) Survivor regions: 0->2(2)
[2025-08-24T10:29:07.424+0000][175][info ][gc,heap     ] GC(0) Old regions: 1->1
[2025-08-24T10:29:07.424+0000][175][info ][gc,heap     ] GC(0) Humongous regions: 0->0
[2025-08-24T10:29:07.424+0000][175][info ][gc,metaspace] GC(0) Metaspace: 7256K(7488K)->7256K(7488K) NonClass: 6388K(6528K)->6388K(6528K) Class: 867K(960K)->867K(960K)
[2025-08-24T10:29:07.425+0000][175][info ][gc          ] GC(0) Pause Young (Normal) (G1 Evacuation Pause) 49M->5M(1024M) 2.838ms
[2025-08-24T10:29:07.425+0000][175][info ][gc,cpu      ] GC(0) User=0.01s Sys=0.00s Real=0.00s
[2025-08-24T10:29:07.425+0000][175][info ][safepoint   ] Safepoint "G1CollectForAllocation", Time since last: 11849084 ns, Reaching safepoint: 1708 ns, Cleanup: 13750 ns, At safepoint: 2929250 ns, Total: 2944708 ns
[2025-08-24T10:29:07.506+0000][175][info ][safepoint   ] Safepoint "ICBufferFull", Time since last: 81573708 ns, Reaching safepoint: 1584 ns, Cleanup: 104958 ns, At safepoint: 5750 ns, Total: 112292 ns
[2025-08-24T10:29:07.581+0000][175][info ][safepoint   ] Safepoint "ICBufferFull", Time since last: 74902583 ns, Reaching safepoint: 1584 ns, Cleanup: 69541 ns, At safepoint: 3292 ns, Total: 74417 ns
[2025-08-24T10:29:07.647+0000][175][info ][safepoint   ] Safepoint "ICBufferFull", Time since last: 65380875 ns, Reaching safepoint: 2334 ns, Cleanup: 86416 ns, At safepoint: 12125 ns, Total: 100875 ns
[2025-08-24T10:29:07.879+0000][175][info ][safepoint   ] Safepoint "ICBufferFull", Time since last: 232290209 ns, Reaching safepoint: 2000 ns, Cleanup: 62333 ns, At safepoint: 3750 ns, Total: 68083 ns
[2025-08-24T10:29:07.965+0000][175][info ][safepoint   ] Safepoint "ICBufferFull", Time since last: 85883458 ns, Reaching safepoint: 288167 ns, Cleanup: 59625 ns, At safepoint: 8292 ns, Total: 356084 ns
[2025-08-24T10:29:08.080+0000][175][info ][safepoint   ] Safepoint "ICBufferFull", Time since last: 114378750 ns, Reaching safepoint: 2583 ns, Cleanup: 63792 ns, At safepoint: 6375 ns, Total: 72750 ns
[2025-08-24T10:29:08.119+0000][175][info ][gc,start    ] GC(1) Pause Young (Normal) (G1 Evacuation Pause)
[2025-08-24T10:29:08.119+0000][175][info ][gc,task     ] GC(1) Using 8 workers of 8 for evacuation
[2025-08-24T10:29:08.119+0000][175][debug][gc,age      ] GC(1) Desired survivor size 6291456 bytes, new threshold 15 (max threshold 15)
[2025-08-24T10:29:08.123+0000][175][info ][gc,phases   ] GC(1)   Pre Evacuate Collection Set: 0.12ms
[2025-08-24T10:29:08.123+0000][175][info ][gc,phases   ] GC(1)   Merge Heap Roots: 0.05ms
[2025-08-24T10:29:08.123+0000][175][info ][gc,phases   ] GC(1)   Evacuate Collection Set: 2.81ms
[2025-08-24T10:29:08.123+0000][175][info ][gc,phases   ] GC(1)   Post Evacuate Collection Set: 0.66ms
[2025-08-24T10:29:08.123+0000][175][info ][gc,phases   ] GC(1)   Other: 0.13ms
[2025-08-24T10:29:08.123+0000][175][trace][gc,age      ] GC(1) Age table with threshold 15 (max threshold 15)
[2025-08-24T10:29:08.123+0000][175][trace][gc,age      ] GC(1) - age   1:    4922168 bytes,    4922168 total
[2025-08-24T10:29:08.123+0000][175][trace][gc,age      ] GC(1) - age   2:    4603528 bytes,    9525696 total
[2025-08-24T10:29:08.123+0000][175][info ][gc,heap     ] GC(1) Eden regions: 22->0(41)
[2025-08-24T10:29:08.123+0000][175][info ][gc,heap     ] GC(1) Survivor regions: 2->3(3)
[2025-08-24T10:29:08.123+0000][175][info ][gc,heap     ] GC(1) Old regions: 1->1
[2025-08-24T10:29:08.123+0000][175][info ][gc,heap     ] GC(1) Humongous regions: 0->0
[2025-08-24T10:29:08.123+0000][175][info ][gc,metaspace] GC(1) Metaspace: 20143K(20800K)->20143K(20800K) NonClass: 17825K(18240K)->17825K(18240K) Class: 2317K(2560K)->2317K(2560K)
[2025-08-24T10:29:08.123+0000][175][info ][gc          ] GC(1) Pause Young (Normal) (G1 Evacuation Pause) 93M->10M(1024M) 4.290ms
[2025-08-24T10:29:08.123+0000][175][info ][gc,cpu      ] GC(1) User=0.02s Sys=0.00s Real=0.00s
[2025-08-24T10:29:08.123+0000][175][info ][safepoint   ] Safepoint "G1CollectForAllocation", Time since last: 39002666 ns, Reaching safepoint: 2709 ns, Cleanup: 27916 ns, At safepoint: 4375417 ns, Total: 4406042 ns
[2025-08-24T10:29:08.202+0000][175][info ][gc,start    ] GC(2) Pause Young (Concurrent Start) (Metadata GC Threshold)
[2025-08-24T10:29:08.202+0000][175][info ][gc,task     ] GC(2) Using 8 workers of 8 for evacuation
[2025-08-24T10:29:08.202+0000][175][debug][gc,age      ] GC(2) Desired survivor size 12582912 bytes, new threshold 15 (max threshold 15)
[2025-08-24T10:29:08.205+0000][175][info ][gc,phases   ] GC(2)   Pre Evacuate Collection Set: 0.14ms
[2025-08-24T10:29:08.205+0000][175][info ][gc,phases   ] GC(2)   Merge Heap Roots: 0.04ms
[2025-08-24T10:29:08.205+0000][175][info ][gc,phases   ] GC(2)   Evacuate Collection Set: 2.52ms
[2025-08-24T10:29:08.205+0000][175][info ][gc,phases   ] GC(2)   Post Evacuate Collection Set: 0.52ms
[2025-08-24T10:29:08.205+0000][175][info ][gc,phases   ] GC(2)   Other: 0.26ms
[2025-08-24T10:29:08.205+0000][175][trace][gc,age      ] GC(2) Age table with threshold 15 (max threshold 15)
[2025-08-24T10:29:08.205+0000][175][trace][gc,age      ] GC(2) - age   1:     504368 bytes,     504368 total
[2025-08-24T10:29:08.205+0000][175][trace][gc,age      ] GC(2) - age   2:    4061824 bytes,    4566192 total
[2025-08-24T10:29:08.205+0000][175][trace][gc,age      ] GC(2) - age   3:    4587800 bytes,    9153992 total
[2025-08-24T10:29:08.206+0000][175][info ][gc,heap     ] GC(2) Eden regions: 6->0(76)
[2025-08-24T10:29:08.206+0000][175][info ][gc,heap     ] GC(2) Survivor regions: 3->3(6)
[2025-08-24T10:29:08.206+0000][175][info ][gc,heap     ] GC(2) Old regions: 1->1
[2025-08-24T10:29:08.206+0000][175][info ][gc,heap     ] GC(2) Humongous regions: 0->0
[2025-08-24T10:29:08.206+0000][175][info ][gc,metaspace] GC(2) Metaspace: 20869K(21504K)->20869K(21504K) NonClass: 18441K(18816K)->18441K(18816K) Class: 2427K(2688K)->2427K(2688K)
[2025-08-24T10:29:08.206+0000][175][info ][gc          ] GC(2) Pause Young (Concurrent Start) (Metadata GC Threshold) 32M->11M(1024M) 4.175ms
[2025-08-24T10:29:08.206+0000][175][info ][gc,cpu      ] GC(2) User=0.02s Sys=0.00s Real=0.00s
[2025-08-24T10:29:08.206+0000][175][info ][gc          ] GC(3) Concurrent Mark Cycle
[2025-08-24T10:29:08.206+0000][175][info ][gc,marking  ] GC(3) Concurrent Scan Root Regions
[2025-08-24T10:29:08.206+0000][175][info ][safepoint   ] Safepoint "CollectForMetadataAllocation", Time since last: 78141625 ns, Reaching safepoint: 23917 ns, Cleanup: 92416 ns, At safepoint: 4360084 ns, Total: 4476417 ns
[2025-08-24T10:29:08.209+0000][175][info ][gc,marking  ] GC(3) Concurrent Scan Root Regions 3.221ms
[2025-08-24T10:29:08.209+0000][175][info ][gc,marking  ] GC(3) Concurrent Mark
[2025-08-24T10:29:08.209+0000][175][info ][gc,marking  ] GC(3) Concurrent Mark From Roots
[2025-08-24T10:29:08.210+0000][175][info ][gc,task     ] GC(3) Using 2 workers of 2 for marking
[2025-08-24T10:29:08.211+0000][175][info ][gc,marking  ] GC(3) Concurrent Mark From Roots 1.543ms
[2025-08-24T10:29:08.211+0000][175][info ][gc,marking  ] GC(3) Concurrent Preclean
[2025-08-24T10:29:08.212+0000][175][info ][gc,marking  ] GC(3) Concurrent Preclean 0.603ms
[2025-08-24T10:29:08.212+0000][175][info ][gc,start    ] GC(3) Pause Remark
[2025-08-24T10:29:08.214+0000][175][info ][gc          ] GC(3) Pause Remark 14M->14M(1024M) 1.560ms
[2025-08-24T10:29:08.214+0000][175][info ][gc,cpu      ] GC(3) User=0.00s Sys=0.00s Real=0.00s
[2025-08-24T10:29:08.214+0000][175][info ][safepoint   ] Safepoint "G1PauseRemark", Time since last: 6282583 ns, Reaching safepoint: 142458 ns, Cleanup: 11084 ns, At safepoint: 1678708 ns, Total: 1832250 ns
[2025-08-24T10:29:08.215+0000][175][info ][gc,marking  ] GC(3) Concurrent Mark 5.786ms
[2025-08-24T10:29:08.215+0000][175][info ][gc,marking  ] GC(3) Concurrent Rebuild Remembered Sets and Scrub Regions
[2025-08-24T10:29:08.218+0000][175][info ][gc,marking  ] GC(3) Concurrent Rebuild Remembered Sets and Scrub Regions 2.378ms
[2025-08-24T10:29:08.218+0000][175][info ][gc,start    ] GC(3) Pause Cleanup
[2025-08-24T10:29:08.218+0000][175][info ][gc          ] GC(3) Pause Cleanup 17M->17M(1024M) 0.145ms
[2025-08-24T10:29:08.219+0000][175][info ][gc,cpu      ] GC(3) User=0.00s Sys=0.00s Real=0.00s
[2025-08-24T10:29:08.219+0000][175][info ][safepoint   ] Safepoint "G1PauseCleanup", Time since last: 4346542 ns, Reaching safepoint: 23500 ns, Cleanup: 9833 ns, At safepoint: 232167 ns, Total: 265500 ns
[2025-08-24T10:29:08.219+0000][175][info ][gc,marking  ] GC(3) Concurrent Clear Claimed Marks
[2025-08-24T10:29:08.221+0000][175][info ][gc,marking  ] GC(3) Concurrent Clear Claimed Marks 2.051ms
[2025-08-24T10:29:08.222+0000][175][info ][gc,marking  ] GC(3) Concurrent Cleanup for Next Mark
[2025-08-24T10:29:08.223+0000][175][info ][gc,marking  ] GC(3) Concurrent Cleanup for Next Mark 0.651ms
[2025-08-24T10:29:08.223+0000][175][info ][gc          ] GC(3) Concurrent Mark Cycle 17.277ms
[2025-08-24T10:29:08.317+0000][175][info ][safepoint   ] Safepoint "ICBufferFull", Time since last: 98339875 ns, Reaching safepoint: 21625 ns, Cleanup: 147083 ns, At safepoint: 10042 ns, Total: 178750 ns
[2025-08-24T10:29:08.419+0000][175][info ][safepoint   ] Safepoint "ICBufferFull", Time since last: 100628500 ns, Reaching safepoint: 850167 ns, Cleanup: 142583 ns, At safepoint: 13083 ns, Total: 1005833 ns
[2025-08-24T10:29:08.527+0000][175][info ][safepoint   ] Safepoint "ICBufferFull", Time since last: 108267125 ns, Reaching safepoint: 313625 ns, Cleanup: 81542 ns, At safepoint: 16917 ns, Total: 412084 ns
[2025-08-24T10:29:08.765+0000][175][info ][safepoint   ] Safepoint "ICBufferFull", Time since last: 237285583 ns, Reaching safepoint: 2000 ns, Cleanup: 81458 ns, At safepoint: 12292 ns, Total: 95750 ns
[2025-08-24T10:29:08.876+0000][175][info ][gc,start    ] GC(4) Pause Young (Prepare Mixed) (G1 Evacuation Pause)
[2025-08-24T10:29:08.876+0000][175][info ][gc,task     ] GC(4) Using 8 workers of 8 for evacuation
[2025-08-24T10:29:08.877+0000][175][debug][gc,age      ] GC(4) Desired survivor size 20971520 bytes, new threshold 15 (max threshold 15)
[2025-08-24T10:29:08.884+0000][175][info ][gc,phases   ] GC(4)   Pre Evacuate Collection Set: 0.18ms
[2025-08-24T10:29:08.884+0000][175][info ][gc,phases   ] GC(4)   Merge Heap Roots: 0.10ms
[2025-08-24T10:29:08.884+0000][175][info ][gc,phases   ] GC(4)   Evacuate Collection Set: 6.09ms
[2025-08-24T10:29:08.884+0000][175][info ][gc,phases   ] GC(4)   Post Evacuate Collection Set: 0.86ms
[2025-08-24T10:29:08.884+0000][175][info ][gc,phases   ] GC(4)   Other: 0.16ms
[2025-08-24T10:29:08.884+0000][175][trace][gc,age      ] GC(4) Age table with threshold 15 (max threshold 15)
[2025-08-24T10:29:08.884+0000][175][trace][gc,age      ] GC(4) - age   1:    7618000 bytes,    7618000 total
[2025-08-24T10:29:08.884+0000][175][trace][gc,age      ] GC(4) - age   2:     424384 bytes,    8042384 total
[2025-08-24T10:29:08.884+0000][175][trace][gc,age      ] GC(4) - age   3:    4028832 bytes,   12071216 total
[2025-08-24T10:29:08.884+0000][175][trace][gc,age      ] GC(4) - age   4:    4586672 bytes,   16657888 total
[2025-08-24T10:29:08.884+0000][175][info ][gc,heap     ] GC(4) Eden regions: 76->0(148)
[2025-08-24T10:29:08.884+0000][175][info ][gc,heap     ] GC(4) Survivor regions: 3->5(10)
[2025-08-24T10:29:08.884+0000][175][info ][gc,heap     ] GC(4) Old regions: 1->1
[2025-08-24T10:29:08.884+0000][175][info ][gc,heap     ] GC(4) Humongous regions: 0->0
[2025-08-24T10:29:08.884+0000][175][info ][gc,metaspace] GC(4) Metaspace: 28934K(29824K)->28934K(29824K) NonClass: 25589K(26112K)->25589K(26112K) Class: 3344K(3712K)->3344K(3712K)
[2025-08-24T10:29:08.884+0000][175][info ][gc          ] GC(4) Pause Young (Prepare Mixed) (G1 Evacuation Pause) 315M->17M(1024M) 8.082ms
[2025-08-24T10:29:08.884+0000][175][info ][gc,cpu      ] GC(4) User=0.04s Sys=0.00s Real=0.01s
[2025-08-24T10:29:08.884+0000][175][info ][safepoint   ] Safepoint "G1CollectForAllocation", Time since last: 111404167 ns, Reaching safepoint: 2750 ns, Cleanup: 94666 ns, At safepoint: 8169417 ns, Total: 8266833 ns
[2025-08-24T10:29:08.946+0000][175][info ][safepoint   ] Safepoint "ICBufferFull", Time since last: 60979833 ns, Reaching safepoint: 1834 ns, Cleanup: 64583 ns, At safepoint: 9500 ns, Total: 75917 ns
[2025-08-24T10:29:09.025+0000][175][info ][safepoint   ] Safepoint "ICBufferFull", Time since last: 79414125 ns, Reaching safepoint: 2625 ns, Cleanup: 99834 ns, At safepoint: 7375 ns, Total: 109834 ns
[2025-08-24T10:29:09.128+0000][175][info ][safepoint   ] Safepoint "ICBufferFull", Time since last: 102510791 ns, Reaching safepoint: 2584 ns, Cleanup: 63000 ns, At safepoint: 6875 ns, Total: 72459 ns
[2025-08-24T10:29:09.297+0000][175][info ][safepoint   ] Safepoint "ICBufferFull", Time since last: 167826708 ns, Reaching safepoint: 1070333 ns, Cleanup: 127917 ns, At safepoint: 13083 ns, Total: 1211333 ns
[2025-08-24T10:29:09.360+0000][175][info ][gc,start    ] GC(5) Pause Young (Mixed) (Metadata GC Threshold)
[2025-08-24T10:29:09.361+0000][175][info ][gc,task     ] GC(5) Using 8 workers of 8 for evacuation
[2025-08-24T10:29:09.361+0000][175][debug][gc,age      ] GC(5) Desired survivor size 41943040 bytes, new threshold 15 (max threshold 15)
[2025-08-24T10:29:09.367+0000][175][info ][gc,phases   ] GC(5)   Pre Evacuate Collection Set: 0.14ms
[2025-08-24T10:29:09.367+0000][175][info ][gc,phases   ] GC(5)   Merge Heap Roots: 0.09ms
[2025-08-24T10:29:09.367+0000][175][info ][gc,phases   ] GC(5)   Evacuate Collection Set: 4.77ms
[2025-08-24T10:29:09.367+0000][175][info ][gc,phases   ] GC(5)   Post Evacuate Collection Set: 0.76ms
[2025-08-24T10:29:09.367+0000][175][info ][gc,phases   ] GC(5)   Other: 0.16ms
[2025-08-24T10:29:09.367+0000][175][trace][gc,age      ] GC(5) Age table with threshold 15 (max threshold 15)
[2025-08-24T10:29:09.367+0000][175][trace][gc,age      ] GC(5) - age   1:    8440736 bytes,    8440736 total
[2025-08-24T10:29:09.367+0000][175][trace][gc,age      ] GC(5) - age   2:    5712208 bytes,   14152944 total
[2025-08-24T10:29:09.367+0000][175][trace][gc,age      ] GC(5) - age   3:     424264 bytes,   14577208 total
[2025-08-24T10:29:09.367+0000][175][trace][gc,age      ] GC(5) - age   4:    4027264 bytes,   18604472 total
[2025-08-24T10:29:09.367+0000][175][trace][gc,age      ] GC(5) - age   5:    4586640 bytes,   23191112 total
[2025-08-24T10:29:09.367+0000][175][info ][gc,heap     ] GC(5) Eden regions: 136->0(146)
[2025-08-24T10:29:09.367+0000][175][info ][gc,heap     ] GC(5) Survivor regions: 5->7(20)
[2025-08-24T10:29:09.367+0000][175][info ][gc,heap     ] GC(5) Old regions: 1->1
[2025-08-24T10:29:09.367+0000][175][info ][gc,heap     ] GC(5) Humongous regions: 0->0
[2025-08-24T10:29:09.367+0000][175][info ][gc,metaspace] GC(5) Metaspace: 35225K(36160K)->35225K(36160K) NonClass: 31161K(31744K)->31161K(31744K) Class: 4063K(4416K)->4063K(4416K)
[2025-08-24T10:29:09.367+0000][175][info ][gc          ] GC(5) Pause Young (Mixed) (Metadata GC Threshold) 561M->25M(1024M) 6.605ms
[2025-08-24T10:29:09.367+0000][175][info ][gc,cpu      ] GC(5) User=0.03s Sys=0.00s Real=0.00s
[2025-08-24T10:29:09.367+0000][175][info ][safepoint   ] Safepoint "CollectForMetadataAllocation", Time since last: 63726792 ns, Reaching safepoint: 2208 ns, Cleanup: 54792 ns, At safepoint: 6730833 ns, Total: 6787833 ns
[2025-08-24T10:29:09.374+0000][175][info ][gc,start    ] GC(6) Pause Young (Concurrent Start) (Metadata GC Threshold)
[2025-08-24T10:29:09.374+0000][175][info ][gc,task     ] GC(6) Using 8 workers of 8 for evacuation
[2025-08-24T10:29:09.374+0000][175][debug][gc,age      ] GC(6) Desired survivor size 41943040 bytes, new threshold 15 (max threshold 15)
[2025-08-24T10:29:09.379+0000][175][info ][gc,phases   ] GC(6)   Pre Evacuate Collection Set: 0.11ms
[2025-08-24T10:29:09.379+0000][175][info ][gc,phases   ] GC(6)   Merge Heap Roots: 0.04ms
[2025-08-24T10:29:09.379+0000][175][info ][gc,phases   ] GC(6)   Evacuate Collection Set: 4.40ms
[2025-08-24T10:29:09.379+0000][175][info ][gc,phases   ] GC(6)   Post Evacuate Collection Set: 0.77ms
[2025-08-24T10:29:09.379+0000][175][info ][gc,phases   ] GC(6)   Other: 0.16ms
[2025-08-24T10:29:09.379+0000][175][trace][gc,age      ] GC(6) Age table with threshold 15 (max threshold 15)
[2025-08-24T10:29:09.379+0000][175][trace][gc,age      ] GC(6) - age   1:      54008 bytes,      54008 total
[2025-08-24T10:29:09.379+0000][175][trace][gc,age      ] GC(6) - age   2:    8389432 bytes,    8443440 total
[2025-08-24T10:29:09.379+0000][175][trace][gc,age      ] GC(6) - age   3:    5712176 bytes,   14155616 total
[2025-08-24T10:29:09.380+0000][175][trace][gc,age      ] GC(6) - age   4:     424264 bytes,   14579880 total
[2025-08-24T10:29:09.380+0000][175][trace][gc,age      ] GC(6) - age   5:    4026416 bytes,   18606296 total
[2025-08-24T10:29:09.380+0000][175][trace][gc,age      ] GC(6) - age   6:    4586544 bytes,   23192840 total
[2025-08-24T10:29:09.380+0000][175][info ][gc,heap     ] GC(6) Eden regions: 1->0(146)
[2025-08-24T10:29:09.380+0000][175][info ][gc,heap     ] GC(6) Survivor regions: 7->7(20)
[2025-08-24T10:29:09.380+0000][175][info ][gc,heap     ] GC(6) Old regions: 1->1
[2025-08-24T10:29:09.380+0000][175][info ][gc,heap     ] GC(6) Humongous regions: 0->0
[2025-08-24T10:29:09.380+0000][175][info ][gc,metaspace] GC(6) Metaspace: 35543K(36480K)->35543K(36480K) NonClass: 31424K(31936K)->31424K(31936K) Class: 4119K(4544K)->4119K(4544K)
[2025-08-24T10:29:09.380+0000][175][info ][gc          ] GC(6) Pause Young (Concurrent Start) (Metadata GC Threshold) 28M->25M(1024M) 6.134ms
[2025-08-24T10:29:09.380+0000][175][info ][gc,cpu      ] GC(6) User=0.02s Sys=0.00s Real=0.01s
[2025-08-24T10:29:09.380+0000][175][info ][gc          ] GC(7) Concurrent Mark Cycle
[2025-08-24T10:29:09.380+0000][175][info ][gc,marking  ] GC(7) Concurrent Scan Root Regions
[2025-08-24T10:29:09.380+0000][175][info ][safepoint   ] Safepoint "CollectForMetadataAllocation", Time since last: 6467250 ns, Reaching safepoint: 1459 ns, Cleanup: 1083 ns, At safepoint: 6291292 ns, Total: 6293834 ns
[2025-08-24T10:29:09.383+0000][175][info ][gc,marking  ] GC(7) Concurrent Scan Root Regions 2.718ms
[2025-08-24T10:29:09.383+0000][175][info ][gc,marking  ] GC(7) Concurrent Mark
[2025-08-24T10:29:09.383+0000][175][info ][gc,marking  ] GC(7) Concurrent Mark From Roots
[2025-08-24T10:29:09.383+0000][175][info ][gc,task     ] GC(7) Using 2 workers of 2 for marking
[2025-08-24T10:29:09.384+0000][175][info ][gc,marking  ] GC(7) Concurrent Mark From Roots 0.754ms
[2025-08-24T10:29:09.384+0000][175][info ][gc,marking  ] GC(7) Concurrent Preclean
[2025-08-24T10:29:09.384+0000][175][info ][gc,marking  ] GC(7) Concurrent Preclean 0.150ms
[2025-08-24T10:29:09.385+0000][175][info ][gc,start    ] GC(7) Pause Remark
[2025-08-24T10:29:09.387+0000][175][info ][gc          ] GC(7) Pause Remark 29M->29M(1024M) 1.990ms
[2025-08-24T10:29:09.387+0000][175][info ][gc,cpu      ] GC(7) User=0.01s Sys=0.00s Real=0.00s
[2025-08-24T10:29:09.387+0000][175][info ][safepoint   ] Safepoint "G1PauseRemark", Time since last: 4793291 ns, Reaching safepoint: 1667 ns, Cleanup: 9875 ns, At safepoint: 2099000 ns, Total: 2110542 ns
[2025-08-24T10:29:09.387+0000][175][info ][gc,marking  ] GC(7) Concurrent Mark 3.634ms
[2025-08-24T10:29:09.387+0000][175][info ][gc,marking  ] GC(7) Concurrent Rebuild Remembered Sets and Scrub Regions
[2025-08-24T10:29:09.387+0000][175][info ][gc,marking  ] GC(7) Concurrent Rebuild Remembered Sets and Scrub Regions 0.374ms
[2025-08-24T10:29:09.387+0000][175][info ][gc,start    ] GC(7) Pause Cleanup
[2025-08-24T10:29:09.387+0000][175][info ][gc          ] GC(7) Pause Cleanup 29M->29M(1024M) 0.119ms
[2025-08-24T10:29:09.388+0000][175][info ][gc,cpu      ] GC(7) User=0.00s Sys=0.00s Real=0.00s
[2025-08-24T10:29:09.388+0000][175][info ][safepoint   ] Safepoint "G1PauseCleanup", Time since last: 515833 ns, Reaching safepoint: 1625 ns, Cleanup: 8042 ns, At safepoint: 195667 ns, Total: 205334 ns
[2025-08-24T10:29:09.388+0000][175][info ][gc,marking  ] GC(7) Concurrent Clear Claimed Marks
[2025-08-24T10:29:09.388+0000][175][info ][gc,marking  ] GC(7) Concurrent Clear Claimed Marks 0.046ms
[2025-08-24T10:29:09.388+0000][175][info ][gc,marking  ] GC(7) Concurrent Cleanup for Next Mark
[2025-08-24T10:29:09.388+0000][175][info ][gc,marking  ] GC(7) Concurrent Cleanup for Next Mark 0.267ms
[2025-08-24T10:29:09.388+0000][175][info ][gc          ] GC(7) Concurrent Mark Cycle 8.148ms
[2025-08-24T10:29:09.655+0000][175][info ][safepoint   ] Safepoint "ICBufferFull", Time since last: 266928000 ns, Reaching safepoint: 2375 ns, Cleanup: 85708 ns, At safepoint: 17667 ns, Total: 105750 ns
[2025-08-24T10:29:09.775+0000][175][info ][gc,start    ] GC(8) Pause Young (Normal) (G1 Evacuation Pause)
[2025-08-24T10:29:09.776+0000][175][info ][gc,task     ] GC(8) Using 8 workers of 8 for evacuation
[2025-08-24T10:29:09.776+0000][175][debug][gc,age      ] GC(8) Desired survivor size 41943040 bytes, new threshold 15 (max threshold 15)
[2025-08-24T10:29:09.782+0000][175][info ][gc,phases   ] GC(8)   Pre Evacuate Collection Set: 0.11ms
[2025-08-24T10:29:09.783+0000][175][info ][gc,phases   ] GC(8)   Merge Heap Roots: 0.07ms
[2025-08-24T10:29:09.783+0000][175][info ][gc,phases   ] GC(8)   Evacuate Collection Set: 5.49ms
[2025-08-24T10:29:09.783+0000][175][info ][gc,phases   ] GC(8)   Post Evacuate Collection Set: 0.98ms
[2025-08-24T10:29:09.783+0000][175][info ][gc,phases   ] GC(8)   Other: 0.14ms
[2025-08-24T10:29:09.783+0000][175][trace][gc,age      ] GC(8) Age table with threshold 15 (max threshold 15)
[2025-08-24T10:29:09.783+0000][175][trace][gc,age      ] GC(8) - age   1:   10205984 bytes,   10205984 total
[2025-08-24T10:29:09.783+0000][175][trace][gc,age      ] GC(8) - age   2:      45888 bytes,   10251872 total
[2025-08-24T10:29:09.783+0000][175][trace][gc,age      ] GC(8) - age   3:    8375568 bytes,   18627440 total
[2025-08-24T10:29:09.783+0000][175][trace][gc,age      ] GC(8) - age   4:    5704424 bytes,   24331864 total
[2025-08-24T10:29:09.783+0000][175][trace][gc,age      ] GC(8) - age   5:     404280 bytes,   24736144 total
[2025-08-24T10:29:09.783+0000][175][trace][gc,age      ] GC(8) - age   6:    4019448 bytes,   28755592 total
[2025-08-24T10:29:09.783+0000][175][trace][gc,age      ] GC(8) - age   7:    4579728 bytes,   33335320 total
[2025-08-24T10:29:09.783+0000][175][info ][gc,heap     ] GC(8) Eden regions: 146->0(144)
[2025-08-24T10:29:09.783+0000][175][info ][gc,heap     ] GC(8) Survivor regions: 7->9(20)
[2025-08-24T10:29:09.783+0000][175][info ][gc,heap     ] GC(8) Old regions: 1->1
[2025-08-24T10:29:09.783+0000][175][info ][gc,heap     ] GC(8) Humongous regions: 0->0
[2025-08-24T10:29:09.783+0000][175][info ][gc,metaspace] GC(8) Metaspace: 38282K(39360K)->38282K(39360K) NonClass: 33790K(34432K)->33790K(34432K) Class: 4491K(4928K)->4491K(4928K)
[2025-08-24T10:29:09.783+0000][175][info ][gc          ] GC(8) Pause Young (Normal) (G1 Evacuation Pause) 609M->35M(1024M) 7.636ms
[2025-08-24T10:29:09.783+0000][175][info ][gc,cpu      ] GC(8) User=0.04s Sys=0.00s Real=0.01s
[2025-08-24T10:29:09.783+0000][175][info ][safepoint   ] Safepoint "G1CollectForAllocation", Time since last: 120743292 ns, Reaching safepoint: 2458 ns, Cleanup: 61250 ns, At safepoint: 7719000 ns, Total: 7782708 ns
[2025-08-24T10:29:09.962+0000][175][info ][safepoint   ] Safepoint "ICBufferFull", Time since last: 178986083 ns, Reaching safepoint: 166375 ns, Cleanup: 91084 ns, At safepoint: 7833 ns, Total: 265292 ns
[2025-08-24T10:29:10.110+0000][175][info ][safepoint   ] Safepoint "ICBufferFull", Time since last: 147487083 ns, Reaching safepoint: 2500 ns, Cleanup: 80667 ns, At safepoint: 12833 ns, Total: 96000 ns
[2025-08-24T10:29:10.300+0000][175][info ][safepoint   ] Safepoint "ICBufferFull", Time since last: 190016084 ns, Reaching safepoint: 2291 ns, Cleanup: 85250 ns, At safepoint: 10584 ns, Total: 98125 ns
[2025-08-24T10:29:10.429+0000][175][info ][safepoint   ] Safepoint "ICBufferFull", Time since last: 128599083 ns, Reaching safepoint: 2167 ns, Cleanup: 78833 ns, At safepoint: 10792 ns, Total: 91792 ns
[2025-08-24T10:29:10.579+0000][175][info ][safepoint   ] Safepoint "ICBufferFull", Time since last: 150047375 ns, Reaching safepoint: 1833 ns, Cleanup: 61875 ns, At safepoint: 3375 ns, Total: 67083 ns
[2025-08-24T10:29:10.760+0000][175][info ][safepoint   ] Safepoint "ICBufferFull", Time since last: 180938875 ns, Reaching safepoint: 2417 ns, Cleanup: 49667 ns, At safepoint: 4958 ns, Total: 57042 ns
[2025-08-24T10:29:10.775+0000][175][info ][gc,start    ] GC(9) Pause Young (Concurrent Start) (Metadata GC Threshold)
[2025-08-24T10:29:10.775+0000][175][info ][gc,task     ] GC(9) Using 8 workers of 8 for evacuation
[2025-08-24T10:29:10.775+0000][175][debug][gc,age      ] GC(9) Desired survivor size 41943040 bytes, new threshold 15 (max threshold 15)
[2025-08-24T10:29:10.785+0000][175][info ][gc,phases   ] GC(9)   Pre Evacuate Collection Set: 0.15ms
[2025-08-24T10:29:10.785+0000][175][info ][gc,phases   ] GC(9)   Merge Heap Roots: 0.09ms
[2025-08-24T10:29:10.785+0000][175][info ][gc,phases   ] GC(9)   Evacuate Collection Set: 8.19ms
[2025-08-24T10:29:10.785+0000][175][info ][gc,phases   ] GC(9)   Post Evacuate Collection Set: 1.34ms
[2025-08-24T10:29:10.785+0000][175][info ][gc,phases   ] GC(9)   Other: 0.19ms
[2025-08-24T10:29:10.785+0000][175][trace][gc,age      ] GC(9) Age table with threshold 15 (max threshold 15)
[2025-08-24T10:29:10.785+0000][175][trace][gc,age      ] GC(9) - age   1:   10298680 bytes,   10298680 total
[2025-08-24T10:29:10.785+0000][175][trace][gc,age      ] GC(9) - age   2:    8872856 bytes,   19171536 total
[2025-08-24T10:29:10.785+0000][175][trace][gc,age      ] GC(9) - age   3:      44336 bytes,   19215872 total
[2025-08-24T10:29:10.785+0000][175][trace][gc,age      ] GC(9) - age   4:    8333544 bytes,   27549416 total
[2025-08-24T10:29:10.786+0000][175][trace][gc,age      ] GC(9) - age   5:    5520544 bytes,   33069960 total
[2025-08-24T10:29:10.786+0000][175][trace][gc,age      ] GC(9) - age   6:     400720 bytes,   33470680 total
[2025-08-24T10:29:10.786+0000][175][trace][gc,age      ] GC(9) - age   7:    3981856 bytes,   37452536 total
[2025-08-24T10:29:10.786+0000][175][trace][gc,age      ] GC(9) - age   8:    4570704 bytes,   42023240 total
[2025-08-24T10:29:10.786+0000][175][info ][gc,heap     ] GC(9) Eden regions: 132->0(142)
[2025-08-24T10:29:10.786+0000][175][info ][gc,heap     ] GC(9) Survivor regions: 9->11(20)
[2025-08-24T10:29:10.786+0000][175][info ][gc,heap     ] GC(9) Old regions: 1->1
[2025-08-24T10:29:10.786+0000][175][info ][gc,heap     ] GC(9) Humongous regions: 0->0
[2025-08-24T10:29:10.786+0000][175][info ][gc,metaspace] GC(9) Metaspace: 59719K(61120K)->59719K(61120K) NonClass: 52174K(53056K)->52174K(53056K) Class: 7544K(8064K)->7544K(8064K)
[2025-08-24T10:29:10.786+0000][175][info ][gc          ] GC(9) Pause Young (Concurrent Start) (Metadata GC Threshold) 563M->44M(1024M) 10.750ms
[2025-08-24T10:29:10.786+0000][175][info ][gc,cpu      ] GC(9) User=0.05s Sys=0.01s Real=0.01s
[2025-08-24T10:29:10.786+0000][175][info ][gc          ] GC(10) Concurrent Mark Cycle
[2025-08-24T10:29:10.786+0000][175][info ][gc,marking  ] GC(10) Concurrent Scan Root Regions
[2025-08-24T10:29:10.786+0000][175][info ][safepoint   ] Safepoint "CollectForMetadataAllocation", Time since last: 15126917 ns, Reaching safepoint: 1833 ns, Cleanup: 6542 ns, At safepoint: 10935875 ns, Total: 10944250 ns
[2025-08-24T10:29:10.793+0000][175][info ][gc,marking  ] GC(10) Concurrent Scan Root Regions 6.573ms
[2025-08-24T10:29:10.794+0000][175][info ][gc,marking  ] GC(10) Concurrent Mark
[2025-08-24T10:29:10.795+0000][175][info ][gc,marking  ] GC(10) Concurrent Mark From Roots
[2025-08-24T10:29:10.796+0000][175][info ][gc,task     ] GC(10) Using 2 workers of 2 for marking
[2025-08-24T10:29:10.797+0000][175][info ][safepoint   ] Safepoint "CollectForMetadataAllocation", Time since last: 10576375 ns, Reaching safepoint: 1958 ns, Cleanup: 1208 ns, At safepoint: 68917 ns, Total: 72083 ns
[2025-08-24T10:29:10.798+0000][175][info ][gc,marking  ] GC(10) Concurrent Mark From Roots 2.507ms
[2025-08-24T10:29:10.798+0000][175][info ][gc,marking  ] GC(10) Concurrent Preclean
[2025-08-24T10:29:10.798+0000][175][info ][gc,marking  ] GC(10) Concurrent Preclean 0.034ms
[2025-08-24T10:29:10.798+0000][175][info ][gc,start    ] GC(10) Pause Remark
[2025-08-24T10:29:10.801+0000][175][info ][gc          ] GC(10) Pause Remark 47M->47M(1024M) 2.641ms
[2025-08-24T10:29:10.801+0000][175][info ][gc,cpu      ] GC(10) User=0.01s Sys=0.00s Real=0.00s
[2025-08-24T10:29:10.801+0000][175][info ][safepoint   ] Safepoint "G1PauseRemark", Time since last: 1139208 ns, Reaching safepoint: 536625 ns, Cleanup: 2167 ns, At safepoint: 2762083 ns, Total: 3300875 ns
[2025-08-24T10:29:10.801+0000][175][info ][gc,marking  ] GC(10) Concurrent Mark 6.766ms
[2025-08-24T10:29:10.801+0000][175][info ][gc,marking  ] GC(10) Concurrent Rebuild Remembered Sets and Scrub Regions
[2025-08-24T10:29:10.802+0000][175][info ][gc,marking  ] GC(10) Concurrent Rebuild Remembered Sets and Scrub Regions 0.481ms
[2025-08-24T10:29:10.802+0000][175][info ][gc,start    ] GC(10) Pause Cleanup
[2025-08-24T10:29:10.803+0000][175][info ][gc          ] GC(10) Pause Cleanup 47M->47M(1024M) 0.162ms
[2025-08-24T10:29:10.803+0000][175][info ][gc,cpu      ] GC(10) User=0.00s Sys=0.00s Real=0.00s
[2025-08-24T10:29:10.803+0000][175][info ][safepoint   ] Safepoint "G1PauseCleanup", Time since last: 627750 ns, Reaching safepoint: 806334 ns, Cleanup: 23541 ns, At safepoint: 235750 ns, Total: 1065625 ns
[2025-08-24T10:29:10.803+0000][175][info ][gc,marking  ] GC(10) Concurrent Clear Claimed Marks
[2025-08-24T10:29:10.803+0000][175][info ][gc,marking  ] GC(10) Concurrent Clear Claimed Marks 0.055ms
[2025-08-24T10:29:10.803+0000][175][info ][gc,marking  ] GC(10) Concurrent Cleanup for Next Mark
[2025-08-24T10:29:10.803+0000][175][info ][gc,marking  ] GC(10) Concurrent Cleanup for Next Mark 0.320ms
[2025-08-24T10:29:10.803+0000][175][info ][gc          ] GC(10) Concurrent Mark Cycle 17.404ms
[2025-08-24T10:29:11.113+0000][175][info ][safepoint   ] Safepoint "ICBufferFull", Time since last: 308780959 ns, Reaching safepoint: 994500 ns, Cleanup: 125042 ns, At safepoint: 17583 ns, Total: 1137125 ns
[2025-08-24T10:29:11.205+0000][175][info ][safepoint   ] Safepoint "ICBufferFull", Time since last: 92168542 ns, Reaching safepoint: 2541 ns, Cleanup: 87417 ns, At safepoint: 5625 ns, Total: 95583 ns
[2025-08-24T10:29:11.647+0000][175][info ][safepoint   ] Safepoint "ICBufferFull", Time since last: 441777375 ns, Reaching safepoint: 2917 ns, Cleanup: 102083 ns, At safepoint: 5875 ns, Total: 110875 ns
[2025-08-24T10:29:11.772+0000][175][info ][safepoint   ] Safepoint "ICBufferFull", Time since last: 124914792 ns, Reaching safepoint: 5833 ns, Cleanup: 109208 ns, At safepoint: 12292 ns, Total: 127333 ns
[2025-08-24T10:29:11.838+0000][175][info ][safepoint   ] Safepoint "ICBufferFull", Time since last: 66057542 ns, Reaching safepoint: 2167 ns, Cleanup: 88916 ns, At safepoint: 5292 ns, Total: 96375 ns
[2025-08-24T10:29:12.073+0000][175][info ][gc,start    ] GC(11) Pause Young (Normal) (G1 Evacuation Pause)
[2025-08-24T10:29:12.073+0000][175][info ][gc,task     ] GC(11) Using 8 workers of 8 for evacuation
[2025-08-24T10:29:12.073+0000][175][debug][gc,age      ] GC(11) Desired survivor size 41943040 bytes, new threshold 8 (max threshold 15)
[2025-08-24T10:29:12.087+0000][175][info ][gc,phases   ] GC(11)   Pre Evacuate Collection Set: 0.18ms
[2025-08-24T10:29:12.088+0000][175][info ][gc,phases   ] GC(11)   Merge Heap Roots: 0.09ms
[2025-08-24T10:29:12.088+0000][175][info ][gc,phases   ] GC(11)   Evacuate Collection Set: 12.29ms
[2025-08-24T10:29:12.088+0000][175][info ][gc,phases   ] GC(11)   Post Evacuate Collection Set: 1.54ms
[2025-08-24T10:29:12.088+0000][175][info ][gc,phases   ] GC(11)   Other: 0.15ms
[2025-08-24T10:29:12.088+0000][175][trace][gc,age      ] GC(11) Age table with threshold 8 (max threshold 15)
[2025-08-24T10:29:12.088+0000][175][trace][gc,age      ] GC(11) - age   1:   10848120 bytes,   10848120 total
[2025-08-24T10:29:12.088+0000][175][trace][gc,age      ] GC(11) - age   2:    9857672 bytes,   20705792 total
[2025-08-24T10:29:12.088+0000][175][trace][gc,age      ] GC(11) - age   3:    8823784 bytes,   29529576 total
[2025-08-24T10:29:12.088+0000][175][trace][gc,age      ] GC(11) - age   4:      44240 bytes,   29573816 total
[2025-08-24T10:29:12.088+0000][175][trace][gc,age      ] GC(11) - age   5:    8321528 bytes,   37895344 total
[2025-08-24T10:29:12.088+0000][175][trace][gc,age      ] GC(11) - age   6:    5497080 bytes,   43392424 total
[2025-08-24T10:29:12.088+0000][175][trace][gc,age      ] GC(11) - age   7:     398320 bytes,   43790744 total
[2025-08-24T10:29:12.088+0000][175][trace][gc,age      ] GC(11) - age   8:    3974464 bytes,   47765208 total
[2025-08-24T10:29:12.088+0000][175][info ][gc,heap     ] GC(11) Eden regions: 142->0(140)
[2025-08-24T10:29:12.088+0000][175][info ][gc,heap     ] GC(11) Survivor regions: 11->13(20)
[2025-08-24T10:29:12.088+0000][175][info ][gc,heap     ] GC(11) Old regions: 1->2
[2025-08-24T10:29:12.088+0000][175][info ][gc,heap     ] GC(11) Humongous regions: 0->0
[2025-08-24T10:29:12.088+0000][175][info ][gc,metaspace] GC(11) Metaspace: 75237K(77056K)->75237K(77056K) NonClass: 65149K(66240K)->65149K(66240K) Class: 10088K(10816K)->10088K(10816K)
[2025-08-24T10:29:12.088+0000][175][info ][gc          ] GC(11) Pause Young (Normal) (G1 Evacuation Pause) 612M->55M(1024M) 15.134ms
[2025-08-24T10:29:12.088+0000][175][info ][gc,cpu      ] GC(11) User=0.09s Sys=0.00s Real=0.02s
[2025-08-24T10:29:12.088+0000][175][info ][safepoint   ] Safepoint "G1CollectForAllocation", Time since last: 235034667 ns, Reaching safepoint: 2625 ns, Cleanup: 11791 ns, At safepoint: 15231292 ns, Total: 15245708 ns
[2025-08-24T10:29:12.286+0000][175][info ][safepoint   ] Safepoint "ICBufferFull", Time since last: 196211000 ns, Reaching safepoint: 1027292 ns, Cleanup: 104000 ns, At safepoint: 8541 ns, Total: 1139833 ns
[2025-08-24T10:29:12.384+0000][175][info ][safepoint   ] Safepoint "ICBufferFull", Time since last: 97865000 ns, Reaching safepoint: 4750 ns, Cleanup: 66209 ns, At safepoint: 4166 ns, Total: 75125 ns
[2025-08-24T10:29:12.519+0000][175][info ][safepoint   ] Safepoint "ICBufferFull", Time since last: 135529126 ns, Reaching safepoint: 2750 ns, Cleanup: 70208 ns, At safepoint: 7292 ns, Total: 80250 ns
[2025-08-24T10:29:12.880+0000][175][info ][safepoint   ] Safepoint "ICBufferFull", Time since last: 360954000 ns, Reaching safepoint: 2916 ns, Cleanup: 84459 ns, At safepoint: 9750 ns, Total: 97125 ns
[2025-08-24T10:29:13.092+0000][175][info ][gc,start    ] GC(12) Pause Young (Concurrent Start) (Metadata GC Threshold)
[2025-08-24T10:29:13.092+0000][175][info ][gc,task     ] GC(12) Using 8 workers of 8 for evacuation
[2025-08-24T10:29:13.092+0000][175][debug][gc,age      ] GC(12) Desired survivor size 41943040 bytes, new threshold 6 (max threshold 15)
[2025-08-24T10:29:13.110+0000][175][info ][gc,phases   ] GC(12)   Pre Evacuate Collection Set: 0.17ms
[2025-08-24T10:29:13.110+0000][175][info ][gc,phases   ] GC(12)   Merge Heap Roots: 0.08ms
[2025-08-24T10:29:13.110+0000][175][info ][gc,phases   ] GC(12)   Evacuate Collection Set: 16.06ms
[2025-08-24T10:29:13.110+0000][175][info ][gc,phases   ] GC(12)   Post Evacuate Collection Set: 1.49ms
[2025-08-24T10:29:13.110+0000][175][info ][gc,phases   ] GC(12)   Other: 0.24ms
[2025-08-24T10:29:13.110+0000][175][trace][gc,age      ] GC(12) Age table with threshold 6 (max threshold 15)
[2025-08-24T10:29:13.110+0000][175][trace][gc,age      ] GC(12) - age   1:    9678624 bytes,    9678624 total
[2025-08-24T10:29:13.110+0000][175][trace][gc,age      ] GC(12) - age   2:   10473568 bytes,   20152192 total
[2025-08-24T10:29:13.111+0000][175][trace][gc,age      ] GC(12) - age   3:    9692544 bytes,   29844736 total
[2025-08-24T10:29:13.111+0000][175][trace][gc,age      ] GC(12) - age   4:    8807440 bytes,   38652176 total
[2025-08-24T10:29:13.111+0000][175][trace][gc,age      ] GC(12) - age   5:      43952 bytes,   38696128 total
[2025-08-24T10:29:13.111+0000][175][trace][gc,age      ] GC(12) - age   6:    8296392 bytes,   46992520 total
[2025-08-24T10:29:13.111+0000][175][info ][gc,heap     ] GC(12) Eden regions: 82->0(140)
[2025-08-24T10:29:13.111+0000][175][info ][gc,heap     ] GC(12) Survivor regions: 13->13(20)
[2025-08-24T10:29:13.111+0000][175][info ][gc,heap     ] GC(12) Old regions: 2->4
[2025-08-24T10:29:13.111+0000][175][info ][gc,heap     ] GC(12) Humongous regions: 0->0
[2025-08-24T10:29:13.111+0000][175][info ][gc,metaspace] GC(12) Metaspace: 100430K(102528K)->100430K(102528K) NonClass: 86881K(88128K)->86881K(88128K) Class: 13549K(14400K)->13549K(14400K)
[2025-08-24T10:29:13.111+0000][175][info ][gc          ] GC(12) Pause Young (Concurrent Start) (Metadata GC Threshold) 383M->66M(1024M) 18.797ms
[2025-08-24T10:29:13.111+0000][175][info ][gc,cpu      ] GC(12) User=0.10s Sys=0.00s Real=0.02s
[2025-08-24T10:29:13.111+0000][175][info ][safepoint   ] Safepoint "CollectForMetadataAllocation", Time since last: 211686458 ns, Reaching safepoint: 3000 ns, Cleanup: 45458 ns, At safepoint: 18994334 ns, Total: 19042792 ns
[2025-08-24T10:29:13.111+0000][175][info ][gc          ] GC(13) Concurrent Mark Cycle
[2025-08-24T10:29:13.111+0000][175][info ][gc,marking  ] GC(13) Concurrent Scan Root Regions
[2025-08-24T10:29:13.121+0000][175][info ][safepoint   ] Safepoint "CollectForMetadataAllocation", Time since last: 10350291 ns, Reaching safepoint: 3042 ns, Cleanup: 5708 ns, At safepoint: 57084 ns, Total: 65834 ns
[2025-08-24T10:29:13.123+0000][175][info ][gc,marking  ] GC(13) Concurrent Scan Root Regions 11.411ms
[2025-08-24T10:29:13.123+0000][175][info ][gc,marking  ] GC(13) Concurrent Mark
[2025-08-24T10:29:13.123+0000][175][info ][gc,marking  ] GC(13) Concurrent Mark From Roots
[2025-08-24T10:29:13.123+0000][175][info ][gc,task     ] GC(13) Using 2 workers of 2 for marking
[2025-08-24T10:29:13.125+0000][175][info ][gc,marking  ] GC(13) Concurrent Mark From Roots 2.059ms
[2025-08-24T10:29:13.125+0000][175][info ][gc,marking  ] GC(13) Concurrent Preclean
[2025-08-24T10:29:13.125+0000][175][info ][gc,marking  ] GC(13) Concurrent Preclean 0.058ms
[2025-08-24T10:29:13.125+0000][175][info ][gc,start    ] GC(13) Pause Remark
[2025-08-24T10:29:13.128+0000][175][info ][gc          ] GC(13) Pause Remark 72M->72M(1024M) 2.885ms
[2025-08-24T10:29:13.128+0000][175][info ][gc,cpu      ] GC(13) User=0.02s Sys=0.00s Real=0.01s
[2025-08-24T10:29:13.128+0000][175][info ][safepoint   ] Safepoint "G1PauseRemark", Time since last: 3579416 ns, Reaching safepoint: 324209 ns, Cleanup: 2083 ns, At safepoint: 3014292 ns, Total: 3340584 ns
[2025-08-24T10:29:13.128+0000][175][info ][gc,marking  ] GC(13) Concurrent Mark 5.641ms
[2025-08-24T10:29:13.128+0000][175][info ][gc,marking  ] GC(13) Concurrent Rebuild Remembered Sets and Scrub Regions
[2025-08-24T10:29:13.129+0000][175][info ][gc,marking  ] GC(13) Concurrent Rebuild Remembered Sets and Scrub Regions 1.031ms
[2025-08-24T10:29:13.129+0000][175][info ][gc,start    ] GC(13) Pause Cleanup
[2025-08-24T10:29:13.130+0000][175][info ][gc          ] GC(13) Pause Cleanup 72M->72M(1024M) 0.055ms
[2025-08-24T10:29:13.130+0000][175][info ][gc,cpu      ] GC(13) User=0.00s Sys=0.00s Real=0.00s
[2025-08-24T10:29:13.130+0000][175][info ][safepoint   ] Safepoint "G1PauseCleanup", Time since last: 1150875 ns, Reaching safepoint: 1583 ns, Cleanup: 7958 ns, At safepoint: 129084 ns, Total: 138625 ns
[2025-08-24T10:29:13.130+0000][175][info ][gc,marking  ] GC(13) Concurrent Clear Claimed Marks
[2025-08-24T10:29:13.130+0000][175][info ][gc,marking  ] GC(13) Concurrent Clear Claimed Marks 0.049ms
[2025-08-24T10:29:13.130+0000][175][info ][gc,marking  ] GC(13) Concurrent Cleanup for Next Mark
[2025-08-24T10:29:13.130+0000][175][info ][gc,marking  ] GC(13) Concurrent Cleanup for Next Mark 0.278ms
[2025-08-24T10:29:13.130+0000][175][info ][gc          ] GC(13) Concurrent Mark Cycle 19.174ms
[2025-08-24T10:29:13.284+0000][175][info ][safepoint   ] Safepoint "ICBufferFull", Time since last: 154390333 ns, Reaching safepoint: 344334 ns, Cleanup: 64958 ns, At safepoint: 10958 ns, Total: 420250 ns
[2025-08-24T10:29:13.483+0000][175][info ][safepoint   ] Safepoint "ICBufferFull", Time since last: 198086167 ns, Reaching safepoint: 2708 ns, Cleanup: 80834 ns, At safepoint: 5208 ns, Total: 88750 ns
[2025-08-24T10:29:13.718+0000][175][info ][safepoint   ] Safepoint "ICBufferFull", Time since last: 235616917 ns, Reaching safepoint: 3000 ns, Cleanup: 95125 ns, At safepoint: 5875 ns, Total: 104000 ns
[2025-08-24T10:29:13.871+0000][175][info ][safepoint   ] Safepoint "ICBufferFull", Time since last: 152345125 ns, Reaching safepoint: 3250 ns, Cleanup: 77291 ns, At safepoint: 8417 ns, Total: 88958 ns
[2025-08-24T10:29:13.980+0000][175][info ][safepoint   ] Safepoint "ICBufferFull", Time since last: 108841459 ns, Reaching safepoint: 861666 ns, Cleanup: 69250 ns, At safepoint: 10125 ns, Total: 941041 ns
[2025-08-24T10:29:14.001+0000][175][info ][safepoint   ] Safepoint "ICBufferFull", Time since last: 20368834 ns, Reaching safepoint: 2041 ns, Cleanup: 49334 ns, At safepoint: 6666 ns, Total: 58041 ns
[2025-08-24T10:29:14.019+0000][175][info ][safepoint   ] Safepoint "ICBufferFull", Time since last: 17706792 ns, Reaching safepoint: 770833 ns, Cleanup: 78375 ns, At safepoint: 9500 ns, Total: 858708 ns
[2025-08-24T10:29:14.039+0000][175][info ][safepoint   ] Safepoint "ICBufferFull", Time since last: 18069334 ns, Reaching safepoint: 863041 ns, Cleanup: 78584 ns, At safepoint: 17875 ns, Total: 959500 ns
[2025-08-24T10:29:14.074+0000][175][info ][safepoint   ] Safepoint "ICBufferFull", Time since last: 35520916 ns, Reaching safepoint: 2750 ns, Cleanup: 89875 ns, At safepoint: 12584 ns, Total: 105209 ns
[2025-08-24T10:29:14.112+0000][175][info ][safepoint   ] Safepoint "ICBufferFull", Time since last: 38121666 ns, Reaching safepoint: 7375 ns, Cleanup: 174750 ns, At safepoint: 33250 ns, Total: 215375 ns
[2025-08-24T10:29:14.159+0000][175][info ][safepoint   ] Safepoint "ICBufferFull", Time since last: 45086167 ns, Reaching safepoint: 849375 ns, Cleanup: 91958 ns, At safepoint: 10334 ns, Total: 951667 ns
[2025-08-24T10:29:14.275+0000][175][info ][safepoint   ] Safepoint "ICBufferFull", Time since last: 116839291 ns, Reaching safepoint: 2500 ns, Cleanup: 71792 ns, At safepoint: 2542 ns, Total: 76834 ns
[2025-08-24T10:29:14.353+0000][175][info ][safepoint   ] Safepoint "ICBufferFull", Time since last: 77642416 ns, Reaching safepoint: 3875 ns, Cleanup: 72500 ns, At safepoint: 6625 ns, Total: 83000 ns
[2025-08-24T10:29:14.390+0000][175][info ][safepoint   ] Safepoint "ICBufferFull", Time since last: 36873584 ns, Reaching safepoint: 2791 ns, Cleanup: 59375 ns, At safepoint: 10834 ns, Total: 73000 ns
[2025-08-24T10:29:14.473+0000][175][info ][safepoint   ] Safepoint "ICBufferFull", Time since last: 82989541 ns, Reaching safepoint: 168542 ns, Cleanup: 72417 ns, At safepoint: 14416 ns, Total: 255375 ns
[2025-08-24T10:29:14.510+0000][175][info ][safepoint   ] Safepoint "ICBufferFull", Time since last: 36873042 ns, Reaching safepoint: 27917 ns, Cleanup: 73083 ns, At safepoint: 5708 ns, Total: 106708 ns
[2025-08-24T10:29:14.599+0000][175][info ][safepoint   ] Safepoint "ICBufferFull", Time since last: 88726125 ns, Reaching safepoint: 224834 ns, Cleanup: 85166 ns, At safepoint: 84209 ns, Total: 394209 ns
[2025-08-24T10:29:14.603+0000][175][info ][safepoint   ] Safepoint "ICBufferFull", Time since last: 3579167 ns, Reaching safepoint: 4875 ns, Cleanup: 5375 ns, At safepoint: 17458 ns, Total: 27708 ns
[2025-08-24T10:29:14.604+0000][175][info ][safepoint   ] Safepoint "ICBufferFull", Time since last: 695250 ns, Reaching safepoint: 11458 ns, Cleanup: 17084 ns, At safepoint: 160125 ns, Total: 188667 ns
[2025-08-24T10:29:14.607+0000][175][info ][safepoint   ] Safepoint "ICBufferFull", Time since last: 1243166 ns, Reaching safepoint: 1276834 ns, Cleanup: 4250 ns, At safepoint: 740708 ns, Total: 2021792 ns
[2025-08-24T10:29:14.722+0000][175][info ][safepoint   ] Safepoint "ICBufferFull", Time since last: 115062750 ns, Reaching safepoint: 52167 ns, Cleanup: 89875 ns, At safepoint: 13208 ns, Total: 155250 ns
[2025-08-24T10:29:14.787+0000][175][info ][safepoint   ] Safepoint "ICBufferFull", Time since last: 64299250 ns, Reaching safepoint: 632583 ns, Cleanup: 68084 ns, At safepoint: 14041 ns, Total: 714708 ns
[2025-08-24T10:29:14.891+0000][175][info ][safepoint   ] Safepoint "ICBufferFull", Time since last: 102851584 ns, Reaching safepoint: 1077833 ns, Cleanup: 69208 ns, At safepoint: 10834 ns, Total: 1157875 ns
[2025-08-24T10:29:14.955+0000][175][info ][safepoint   ] Safepoint "ICBufferFull", Time since last: 63210333 ns, Reaching safepoint: 665042 ns, Cleanup: 107708 ns, At safepoint: 6000 ns, Total: 778750 ns
[2025-08-24T10:29:15.047+0000][175][info ][safepoint   ] Safepoint "ICBufferFull", Time since last: 91733708 ns, Reaching safepoint: 5417 ns, Cleanup: 92625 ns, At safepoint: 7125 ns, Total: 105167 ns
[2025-08-24T10:29:15.126+0000][175][info ][safepoint   ] Safepoint "ICBufferFull", Time since last: 78547917 ns, Reaching safepoint: 5500 ns, Cleanup: 79500 ns, At safepoint: 10583 ns, Total: 95583 ns
[2025-08-24T10:29:15.257+0000][175][info ][safepoint   ] Safepoint "ICBufferFull", Time since last: 130878750 ns, Reaching safepoint: 5250 ns, Cleanup: 74625 ns, At safepoint: 13208 ns, Total: 93083 ns
[2025-08-24T10:29:15.314+0000][175][info ][gc,start    ] GC(14) Pause Young (Normal) (G1 Evacuation Pause)
[2025-08-24T10:29:15.314+0000][175][info ][gc,task     ] GC(14) Using 8 workers of 8 for evacuation
[2025-08-24T10:29:15.314+0000][175][debug][gc,age      ] GC(14) Desired survivor size 41943040 bytes, new threshold 6 (max threshold 15)
[2025-08-24T10:29:15.333+0000][175][info ][gc,phases   ] GC(14)   Pre Evacuate Collection Set: 0.12ms
[2025-08-24T10:29:15.334+0000][175][info ][gc,phases   ] GC(14)   Merge Heap Roots: 0.08ms
[2025-08-24T10:29:15.334+0000][175][info ][gc,phases   ] GC(14)   Evacuate Collection Set: 16.59ms
[2025-08-24T10:29:15.334+0000][175][info ][gc,phases   ] GC(14)   Post Evacuate Collection Set: 1.99ms
[2025-08-24T10:29:15.334+0000][175][info ][gc,phases   ] GC(14)   Other: 0.10ms
[2025-08-24T10:29:15.334+0000][175][trace][gc,age      ] GC(14) Age table with threshold 6 (max threshold 15)
[2025-08-24T10:29:15.334+0000][175][trace][gc,age      ] GC(14) - age   1:   32870784 bytes,   32870784 total
[2025-08-24T10:29:15.334+0000][175][trace][gc,age      ] GC(14) - age   2:    9270320 bytes,   42141104 total
[2025-08-24T10:29:15.334+0000][175][trace][gc,age      ] GC(14) - age   3:   10399048 bytes,   52540152 total
[2025-08-24T10:29:15.336+0000][175][trace][gc,age      ] GC(14) - age   4:    9583800 bytes,   62123952 total
[2025-08-24T10:29:15.336+0000][175][trace][gc,age      ] GC(14) - age   5:    8800512 bytes,   70924464 total
[2025-08-24T10:29:15.336+0000][175][trace][gc,age      ] GC(14) - age   6:      43888 bytes,   70968352 total
[2025-08-24T10:29:15.336+0000][175][info ][gc,heap     ] GC(14) Eden regions: 140->0(134)
[2025-08-24T10:29:15.337+0000][175][info ][gc,heap     ] GC(14) Survivor regions: 13->19(20)
[2025-08-24T10:29:15.337+0000][175][info ][gc,heap     ] GC(14) Old regions: 4->7
[2025-08-24T10:29:15.337+0000][175][info ][gc,heap     ] GC(14) Humongous regions: 2->2
[2025-08-24T10:29:15.337+0000][175][info ][gc,metaspace] GC(14) Metaspace: 137589K(141696K)->137589K(141696K) NonClass: 118072K(120320K)->118072K(120320K) Class: 19516K(21376K)->19516K(21376K)
[2025-08-24T10:29:15.337+0000][175][info ][gc          ] GC(14) Pause Young (Normal) (G1 Evacuation Pause) 634M->107M(1024M) 22.967ms
[2025-08-24T10:29:15.337+0000][175][info ][gc,cpu      ] GC(14) User=0.14s Sys=0.00s Real=0.02s
[2025-08-24T10:29:15.337+0000][175][info ][safepoint   ] Safepoint "G1CollectForAllocation", Time since last: 57036959 ns, Reaching safepoint: 5417 ns, Cleanup: 41041 ns, At safepoint: 23094042 ns, Total: 23140500 ns
[2025-08-24T10:29:15.408+0000][175][info ][safepoint   ] Safepoint "ICBufferFull", Time since last: 71052417 ns, Reaching safepoint: 5083 ns, Cleanup: 87792 ns, At safepoint: 4625 ns, Total: 97500 ns
[2025-08-24T10:29:15.511+0000][175][info ][safepoint   ] Safepoint "ICBufferFull", Time since last: 102384958 ns, Reaching safepoint: 5500 ns, Cleanup: 98000 ns, At safepoint: 10958 ns, Total: 114458 ns
[2025-08-24T10:29:16.567+0000][175][info ][safepoint   ] Safepoint "Cleanup", Time since last: 1055415167 ns, Reaching safepoint: 43584 ns, Cleanup: 369666 ns, At safepoint: 14292 ns, Total: 427542 ns
[2025-08-24T10:29:17.568+0000][175][info ][safepoint   ] Safepoint "Cleanup", Time since last: 1000859042 ns, Reaching safepoint: 46917 ns, Cleanup: 43042 ns, At safepoint: 13625 ns, Total: 103584 ns
[2025-08-24T10:29:19.550+0000][175][info ][safepoint   ] Safepoint "Cleanup", Time since last: 1981985792 ns, Reaching safepoint: 40417 ns, Cleanup: 110833 ns, At safepoint: 10209 ns, Total: 161459 ns
[2025-08-24T10:29:20.551+0000][175][info ][safepoint   ] Safepoint "Cleanup", Time since last: 1001227542 ns, Reaching safepoint: 62333 ns, Cleanup: 61792 ns, At safepoint: 38625 ns, Total: 162750 ns
[2025-08-24T10:29:21.554+0000][175][info ][safepoint   ] Safepoint "Cleanup", Time since last: 1002464833 ns, Reaching safepoint: 49709 ns, Cleanup: 48208 ns, At safepoint: 30500 ns, Total: 128417 ns
[2025-08-24T10:29:22.557+0000][175][info ][safepoint   ] Safepoint "Cleanup", Time since last: 1002747626 ns, Reaching safepoint: 51625 ns, Cleanup: 77541 ns, At safepoint: 29584 ns, Total: 158750 ns
[2025-08-24T10:29:24.559+0000][175][info ][safepoint   ] Safepoint "Cleanup", Time since last: 2001928834 ns, Reaching safepoint: 41625 ns, Cleanup: 45792 ns, At safepoint: 13375 ns, Total: 100792 ns
[2025-08-24T10:29:25.560+0000][175][info ][safepoint   ] Safepoint "Cleanup", Time since last: 1000862458 ns, Reaching safepoint: 55375 ns, Cleanup: 43917 ns, At safepoint: 15333 ns, Total: 114625 ns
[2025-08-24T10:29:26.561+0000][175][info ][safepoint   ] Safepoint "Cleanup", Time since last: 1001528417 ns, Reaching safepoint: 35000 ns, Cleanup: 37167 ns, At safepoint: 9833 ns, Total: 82000 ns
[2025-08-24T10:29:27.563+0000][175][info ][safepoint   ] Safepoint "Cleanup", Time since last: 1001539917 ns, Reaching safepoint: 53792 ns, Cleanup: 68708 ns, At safepoint: 15250 ns, Total: 137750 ns
[2025-08-24T10:29:28.564+0000][175][info ][safepoint   ] Safepoint "Cleanup", Time since last: 1001566626 ns, Reaching safepoint: 55041 ns, Cleanup: 43875 ns, At safepoint: 16000 ns, Total: 114916 ns
[2025-08-24T10:29:29.567+0000][175][info ][safepoint   ] Safepoint "Cleanup", Time since last: 1002177042 ns, Reaching safepoint: 54250 ns, Cleanup: 44167 ns, At safepoint: 19750 ns, Total: 118167 ns
[2025-08-24T10:29:33.573+0000][175][info ][safepoint   ] Safepoint "Cleanup", Time since last: 4005693877 ns, Reaching safepoint: 50083 ns, Cleanup: 256375 ns, At safepoint: 14709 ns, Total: 321167 ns
[2025-08-24T10:29:34.575+0000][175][info ][safepoint   ] Safepoint "Cleanup", Time since last: 1002476458 ns, Reaching safepoint: 128375 ns, Cleanup: 65625 ns, At safepoint: 16459 ns, Total: 210459 ns
[2025-08-24T10:29:37.579+0000][175][info ][safepoint   ] Safepoint "Cleanup", Time since last: 3003330334 ns, Reaching safepoint: 63334 ns, Cleanup: 53208 ns, At safepoint: 22917 ns, Total: 139459 ns
[2025-08-24T10:29:39.582+0000][175][info ][safepoint   ] Safepoint "Cleanup", Time since last: 2003452417 ns, Reaching safepoint: 56709 ns, Cleanup: 39250 ns, At safepoint: 21291 ns, Total: 117250 ns
[2025-08-24T10:29:41.584+0000][175][info ][safepoint   ] Safepoint "Cleanup", Time since last: 2001838668 ns, Reaching safepoint: 55750 ns, Cleanup: 49667 ns, At safepoint: 25166 ns, Total: 130583 ns
[2025-08-24T10:29:42.585+0000][175][info ][safepoint   ] Safepoint "Cleanup", Time since last: 1000911293 ns, Reaching safepoint: 30541 ns, Cleanup: 29542 ns, At safepoint: 12125 ns, Total: 72208 ns
[2025-08-24T10:29:44.589+0000][175][info ][safepoint   ] Safepoint "Cleanup", Time since last: 2003375834 ns, Reaching safepoint: 50750 ns, Cleanup: 65083 ns, At safepoint: 23792 ns, Total: 139625 ns
[2025-08-24T10:29:45.590+0000][175][info ][safepoint   ] Safepoint "Cleanup", Time since last: 1001330751 ns, Reaching safepoint: 35916 ns, Cleanup: 80042 ns, At safepoint: 23042 ns, Total: 139000 ns
[2025-08-24T10:29:46.592+0000][175][info ][safepoint   ] Safepoint "Cleanup", Time since last: 1001675000 ns, Reaching safepoint: 110375 ns, Cleanup: 161500 ns, At safepoint: 34333 ns, Total: 306208 ns
[2025-08-24T10:29:49.595+0000][175][info ][safepoint   ] Safepoint "Cleanup", Time since last: 3002911794 ns, Reaching safepoint: 128000 ns, Cleanup: 52833 ns, At safepoint: 16167 ns, Total: 197000 ns
[2025-08-24T10:29:57.606+0000][175][info ][safepoint   ] Safepoint "Cleanup", Time since last: 8009935002 ns, Reaching safepoint: 33959 ns, Cleanup: 33333 ns, At safepoint: 13250 ns, Total: 80542 ns
[2025-08-24T10:29:59.610+0000][175][info ][safepoint   ] Safepoint "Cleanup", Time since last: 2003928084 ns, Reaching safepoint: 49209 ns, Cleanup: 37750 ns, At safepoint: 13500 ns, Total: 100459 ns
[2025-08-24T10:30:01.614+0000][175][info ][safepoint   ] Safepoint "Cleanup", Time since last: 2004617709 ns, Reaching safepoint: 65417 ns, Cleanup: 52958 ns, At safepoint: 35625 ns, Total: 154000 ns
[2025-08-24T10:30:02.617+0000][175][info ][safepoint   ] Safepoint "Cleanup", Time since last: 1002600625 ns, Reaching safepoint: 57875 ns, Cleanup: 49584 ns, At safepoint: 20250 ns, Total: 127709 ns
[2025-08-24T10:30:04.620+0000][175][info ][safepoint   ] Safepoint "Cleanup", Time since last: 2002590376 ns, Reaching safepoint: 211625 ns, Cleanup: 41500 ns, At safepoint: 27416 ns, Total: 280541 ns
[2025-08-24T10:30:14.002+0000][175][info ][safepoint   ] Safepoint "Cleanup", Time since last: 9381561672 ns, Reaching safepoint: 47958 ns, Cleanup: 40208 ns, At safepoint: 15084 ns, Total: 103250 ns
[2025-08-24T10:30:15.004+0000][175][info ][safepoint   ] Safepoint "Cleanup", Time since last: 1002242542 ns, Reaching safepoint: 56666 ns, Cleanup: 57250 ns, At safepoint: 24209 ns, Total: 138125 ns
[2025-08-24T10:30:16.006+0000][175][info ][safepoint   ] Safepoint "Cleanup", Time since last: 1001878375 ns, Reaching safepoint: 62875 ns, Cleanup: 71500 ns, At safepoint: 26500 ns, Total: 160875 ns
[2025-08-24T10:30:18.009+0000][175][info ][safepoint   ] Safepoint "Cleanup", Time since last: 2002615793 ns, Reaching safepoint: 66166 ns, Cleanup: 39834 ns, At safepoint: 25291 ns, Total: 131291 ns
[2025-08-24T10:30:24.023+0000][175][info ][safepoint   ] Safepoint "Cleanup", Time since last: 6013353587 ns, Reaching safepoint: 202041 ns, Cleanup: 54792 ns, At safepoint: 27750 ns, Total: 284583 ns
[2025-08-24T10:30:25.025+0000][175][info ][safepoint   ] Safepoint "Cleanup", Time since last: 1002587375 ns, Reaching safepoint: 47709 ns, Cleanup: 49166 ns, At safepoint: 26042 ns, Total: 122917 ns
[2025-08-24T10:30:26.029+0000][175][info ][safepoint   ] Safepoint "Cleanup", Time since last: 1003252417 ns, Reaching safepoint: 60584 ns, Cleanup: 36125 ns, At safepoint: 11958 ns, Total: 108667 ns
[2025-08-24T10:30:27.030+0000][175][info ][safepoint   ] Safepoint "Cleanup", Time since last: 1000906541 ns, Reaching safepoint: 56125 ns, Cleanup: 47084 ns, At safepoint: 21750 ns, Total: 124959 ns
[2025-08-24T10:30:28.031+0000][175][info ][safepoint   ] Safepoint "Cleanup", Time since last: 1001361667 ns, Reaching safepoint: 51458 ns, Cleanup: 42667 ns, At safepoint: 23125 ns, Total: 117250 ns
[2025-08-24T10:30:31.036+0000][175][info ][safepoint   ] Safepoint "Cleanup", Time since last: 3004425835 ns, Reaching safepoint: 67416 ns, Cleanup: 39625 ns, At safepoint: 20292 ns, Total: 127333 ns
[2025-08-24T10:30:33.039+0000][175][info ][safepoint   ] Safepoint "Cleanup", Time since last: 2003602418 ns, Reaching safepoint: 86708 ns, Cleanup: 37667 ns, At safepoint: 19875 ns, Total: 144250 ns
[2025-08-24T10:30:34.042+0000][175][info ][safepoint   ] Safepoint "Cleanup", Time since last: 1002363708 ns, Reaching safepoint: 58875 ns, Cleanup: 44167 ns, At safepoint: 14125 ns, Total: 117167 ns
[2025-08-24T10:30:35.043+0000][175][info ][safepoint   ] Safepoint "Cleanup", Time since last: 1001560917 ns, Reaching safepoint: 62584 ns, Cleanup: 57125 ns, At safepoint: 14916 ns, Total: 134625 ns
[2025-08-24T10:30:38.047+0000][175][info ][safepoint   ] Safepoint "Cleanup", Time since last: 3003131085 ns, Reaching safepoint: 141125 ns, Cleanup: 52167 ns, At safepoint: 16458 ns, Total: 209750 ns
[2025-08-24T10:30:43.055+0000][175][info ][safepoint   ] Safepoint "Cleanup", Time since last: 5007930544 ns, Reaching safepoint: 59667 ns, Cleanup: 49416 ns, At safepoint: 15334 ns, Total: 124417 ns
[2025-08-24T10:30:45.057+0000][175][info ][safepoint   ] Safepoint "Cleanup", Time since last: 2001787709 ns, Reaching safepoint: 32458 ns, Cleanup: 67459 ns, At safepoint: 9958 ns, Total: 109875 ns
[2025-08-24T10:30:46.057+0000][175][info ][safepoint   ] Safepoint "Cleanup", Time since last: 1000487126 ns, Reaching safepoint: 51875 ns, Cleanup: 58916 ns, At safepoint: 27250 ns, Total: 138041 ns
[2025-08-24T10:30:58.082+0000][175][info ][safepoint   ] Safepoint "Cleanup", Time since last: 12024903922 ns, Reaching safepoint: 144209 ns, Cleanup: 36291 ns, At safepoint: 21000 ns, Total: 201500 ns
[2025-08-24T10:31:03.089+0000][175][info ][safepoint   ] Safepoint "Cleanup", Time since last: 5007013503 ns, Reaching safepoint: 30666 ns, Cleanup: 30417 ns, At safepoint: 9583 ns, Total: 70666 ns
[2025-08-24T10:31:05.091+0000][175][info ][safepoint   ] Safepoint "Cleanup", Time since last: 2002087460 ns, Reaching safepoint: 50041 ns, Cleanup: 38125 ns, At safepoint: 29625 ns, Total: 117791 ns
[2025-08-24T10:31:08.140+0000][175][info ][safepoint   ] Safepoint "Cleanup", Time since last: 3048019293 ns, Reaching safepoint: 55459 ns, Cleanup: 33666 ns, At safepoint: 15000 ns, Total: 104125 ns
[2025-08-24T10:31:14.153+0000][175][info ][safepoint   ] Safepoint "Cleanup", Time since last: 6013694295 ns, Reaching safepoint: 74958 ns, Cleanup: 37959 ns, At safepoint: 17416 ns, Total: 130333 ns
[2025-08-24T10:31:15.155+0000][175][info ][safepoint   ] Safepoint "Cleanup", Time since last: 1001764584 ns, Reaching safepoint: 26333 ns, Cleanup: 37000 ns, At safepoint: 30625 ns, Total: 93958 ns
[2025-08-24T10:31:16.157+0000][175][info ][safepoint   ] Safepoint "Cleanup", Time since last: 1001316084 ns, Reaching safepoint: 64375 ns, Cleanup: 82959 ns, At safepoint: 15500 ns, Total: 162834 ns
[2025-08-24T10:31:19.161+0000][175][info ][safepoint   ] Safepoint "Cleanup", Time since last: 3004608793 ns, Reaching safepoint: 37625 ns, Cleanup: 41500 ns, At safepoint: 14416 ns, Total: 93541 ns
[2025-08-24T10:31:20.164+0000][175][info ][safepoint   ] Safepoint "Cleanup", Time since last: 1002584667 ns, Reaching safepoint: 13167 ns, Cleanup: 14958 ns, At safepoint: 7209 ns, Total: 35334 ns
[2025-08-24T10:31:28.177+0000][175][info ][safepoint   ] Safepoint "Cleanup", Time since last: 8012593462 ns, Reaching safepoint: 142625 ns, Cleanup: 68625 ns, At safepoint: 14500 ns, Total: 225750 ns
[2025-08-24T10:31:29.181+0000][175][info ][safepoint   ] Safepoint "Cleanup", Time since last: 1003651542 ns, Reaching safepoint: 33541 ns, Cleanup: 56584 ns, At safepoint: 70041 ns, Total: 160166 ns
[2025-08-24T10:31:31.184+0000][175][info ][safepoint   ] Safepoint "Cleanup", Time since last: 2003317626 ns, Reaching safepoint: 65875 ns, Cleanup: 33667 ns, At safepoint: 11083 ns, Total: 110625 ns
[2025-08-24T10:31:35.189+0000][175][info ][safepoint   ] Safepoint "Cleanup", Time since last: 4004692627 ns, Reaching safepoint: 108667 ns, Cleanup: 26417 ns, At safepoint: 11708 ns, Total: 146792 ns
[2025-08-24T10:31:39.198+0000][175][info ][safepoint   ] Safepoint "Cleanup", Time since last: 4009078544 ns, Reaching safepoint: 152583 ns, Cleanup: 127792 ns, At safepoint: 18833 ns, Total: 299208 ns
[2025-08-24T10:31:43.207+0000][175][info ][safepoint   ] Safepoint "Cleanup", Time since last: 4008979127 ns, Reaching safepoint: 72416 ns, Cleanup: 69042 ns, At safepoint: 27708 ns, Total: 169166 ns
[2025-08-24T10:31:45.212+0000][175][info ][safepoint   ] Safepoint "Cleanup", Time since last: 2004522418 ns, Reaching safepoint: 28000 ns, Cleanup: 49417 ns, At safepoint: 10416 ns, Total: 87833 ns
[2025-08-24T10:31:46.214+0000][175][info ][safepoint   ] Safepoint "Cleanup", Time since last: 1002195709 ns, Reaching safepoint: 37500 ns, Cleanup: 37334 ns, At safepoint: 15000 ns, Total: 89834 ns
[2025-08-24T10:31:51.224+0000][175][info ][safepoint   ] Safepoint "Cleanup", Time since last: 5009134460 ns, Reaching safepoint: 87292 ns, Cleanup: 59125 ns, At safepoint: 25208 ns, Total: 171625 ns
[2025-08-24T10:32:05.239+0000][175][info ][safepoint   ] Safepoint "Cleanup", Time since last: 14015294715 ns, Reaching safepoint: 184750 ns, Cleanup: 45750 ns, At safepoint: 19583 ns, Total: 250083 ns
[2025-08-24T10:32:07.242+0000][175][info ][safepoint   ] Safepoint "Cleanup", Time since last: 2002538918 ns, Reaching safepoint: 17125 ns, Cleanup: 103625 ns, At safepoint: 19458 ns, Total: 140208 ns
[2025-08-24T10:32:14.252+0000][175][info ][safepoint   ] Safepoint "Cleanup", Time since last: 7010458795 ns, Reaching safepoint: 71708 ns, Cleanup: 67667 ns, At safepoint: 28208 ns, Total: 167583 ns
[2025-08-24T10:32:15.255+0000][175][info ][safepoint   ] Safepoint "Cleanup", Time since last: 1002028667 ns, Reaching safepoint: 31084 ns, Cleanup: 61750 ns, At safepoint: 13875 ns, Total: 106709 ns
[2025-08-24T10:32:16.256+0000][175][info ][safepoint   ] Safepoint "Cleanup", Time since last: 1001344417 ns, Reaching safepoint: 74042 ns, Cleanup: 55458 ns, At safepoint: 25875 ns, Total: 155375 ns
[2025-08-24T10:32:17.258+0000][175][info ][safepoint   ] Safepoint "Cleanup", Time since last: 1001790667 ns, Reaching safepoint: 72167 ns, Cleanup: 69666 ns, At safepoint: 30625 ns, Total: 172458 ns
[2025-08-24T10:32:24.269+0000][175][info ][safepoint   ] Safepoint "Cleanup", Time since last: 7010887254 ns, Reaching safepoint: 127583 ns, Cleanup: 72417 ns, At safepoint: 170541 ns, Total: 370541 ns
[2025-08-24T10:32:45.299+0000][175][info ][safepoint   ] Safepoint "Cleanup", Time since last: 21029496010 ns, Reaching safepoint: 72166 ns, Cleanup: 114750 ns, At safepoint: 16792 ns, Total: 203708 ns
[2025-08-24T10:32:46.302+0000][175][info ][safepoint   ] Safepoint "Cleanup", Time since last: 1003423917 ns, Reaching safepoint: 56167 ns, Cleanup: 43125 ns, At safepoint: 19292 ns, Total: 118584 ns
[2025-08-24T10:33:05.332+0000][175][info ][safepoint   ] Safepoint "Cleanup", Time since last: 19029469550 ns, Reaching safepoint: 68125 ns, Cleanup: 49292 ns, At safepoint: 17000 ns, Total: 134417 ns
[2025-08-24T10:33:09.287+0000][175][info ][safepoint   ] Safepoint "Cleanup", Time since last: 3955261877 ns, Reaching safepoint: 72125 ns, Cleanup: 33375 ns, At safepoint: 16333 ns, Total: 121833 ns
[2025-08-24T10:33:15.298+0000][175][info ][safepoint   ] Safepoint "Cleanup", Time since last: 6010838336 ns, Reaching safepoint: 35917 ns, Cleanup: 71666 ns, At safepoint: 17250 ns, Total: 124833 ns
[2025-08-24T10:33:35.326+0000][175][info ][safepoint   ] Safepoint "Cleanup", Time since last: 20027524218 ns, Reaching safepoint: 153333 ns, Cleanup: 40000 ns, At safepoint: 18875 ns, Total: 212208 ns
[2025-08-24T10:33:45.341+0000][175][info ][safepoint   ] Safepoint "Cleanup", Time since last: 10015416130 ns, Reaching safepoint: 54083 ns, Cleanup: 98958 ns, At safepoint: 27875 ns, Total: 180916 ns
[2025-08-24T10:34:12.468+0000][175][info ][safepoint   ] Safepoint "Cleanup", Time since last: 27126613929 ns, Reaching safepoint: 58375 ns, Cleanup: 50500 ns, At safepoint: 78000 ns, Total: 186875 ns
[2025-08-24T10:34:15.471+0000][175][info ][safepoint   ] Safepoint "Cleanup", Time since last: 3003261335 ns, Reaching safepoint: 40125 ns, Cleanup: 137917 ns, At safepoint: 16667 ns, Total: 194709 ns
[2025-08-24T10:34:17.504+0000][175][info ][safepoint   ] Safepoint "Cleanup", Time since last: 2032928501 ns, Reaching safepoint: 5916 ns, Cleanup: 19334 ns, At safepoint: 8500 ns, Total: 33750 ns
[2025-08-24T10:34:18.794+0000][175][info ][safepoint   ] Safepoint "Cleanup", Time since last: 1289041458 ns, Reaching safepoint: 54959 ns, Cleanup: 191583 ns, At safepoint: 56167 ns, Total: 302709 ns
[2025-08-24T10:34:21.798+0000][175][info ][safepoint   ] Safepoint "Cleanup", Time since last: 3003919585 ns, Reaching safepoint: 70750 ns, Cleanup: 55458 ns, At safepoint: 25625 ns, Total: 151833 ns
[2025-08-24T10:34:28.808+0000][175][info ][safepoint   ] Safepoint "Cleanup", Time since last: 7010328336 ns, Reaching safepoint: 28333 ns, Cleanup: 14125 ns, At safepoint: 4500 ns, Total: 46958 ns
[2025-08-24T10:34:32.814+0000][175][info ][safepoint   ] Safepoint "Cleanup", Time since last: 4005977919 ns, Reaching safepoint: 70208 ns, Cleanup: 36083 ns, At safepoint: 14084 ns, Total: 120375 ns
[2025-08-24T10:34:34.819+0000][175][info ][safepoint   ] Safepoint "Cleanup", Time since last: 2004701292 ns, Reaching safepoint: 8333 ns, Cleanup: 9584 ns, At safepoint: 4375 ns, Total: 22292 ns
[2025-08-24T10:34:41.832+0000][175][info ][safepoint   ] Safepoint "Cleanup", Time since last: 7013209586 ns, Reaching safepoint: 117834 ns, Cleanup: 46708 ns, At safepoint: 15667 ns, Total: 180209 ns
[2025-08-24T10:34:44.838+0000][175][info ][safepoint   ] Safepoint "Cleanup", Time since last: 3005847085 ns, Reaching safepoint: 59916 ns, Cleanup: 88084 ns, At safepoint: 14458 ns, Total: 162458 ns
[2025-08-24T10:34:45.840+0000][175][info ][safepoint   ] Safepoint "Cleanup", Time since last: 1001582250 ns, Reaching safepoint: 49750 ns, Cleanup: 88584 ns, At safepoint: 18875 ns, Total: 157209 ns
[2025-08-24T10:35:03.874+0000][175][info ][safepoint   ] Safepoint "Cleanup", Time since last: 18034129382 ns, Reaching safepoint: 79584 ns, Cleanup: 55833 ns, At safepoint: 18375 ns, Total: 153792 ns
[2025-08-24T10:35:04.876+0000][175][info ][safepoint   ] Safepoint "Cleanup", Time since last: 1001669417 ns, Reaching safepoint: 8208 ns, Cleanup: 8792 ns, At safepoint: 3375 ns, Total: 20375 ns
[2025-08-24T10:35:07.540+0000][175][info ][safepoint   ] Safepoint "Cleanup", Time since last: 2664432501 ns, Reaching safepoint: 21084 ns, Cleanup: 38791 ns, At safepoint: 17917 ns, Total: 77792 ns
[2025-08-24T10:35:14.550+0000][175][info ][safepoint   ] Safepoint "Cleanup", Time since last: 7009580587 ns, Reaching safepoint: 54041 ns, Cleanup: 57750 ns, At safepoint: 11834 ns, Total: 123625 ns
[2025-08-24T10:35:15.553+0000][175][info ][safepoint   ] Safepoint "Cleanup", Time since last: 1002482709 ns, Reaching safepoint: 48083 ns, Cleanup: 79125 ns, At safepoint: 16958 ns, Total: 144166 ns
[2025-08-24T10:35:44.592+0000][175][info ][safepoint   ] Safepoint "Cleanup", Time since last: 29039043097 ns, Reaching safepoint: 233958 ns, Cleanup: 47000 ns, At safepoint: 21834 ns, Total: 302792 ns
[2025-08-24T10:35:45.595+0000][175][info ][safepoint   ] Safepoint "Cleanup", Time since last: 1002950834 ns, Reaching safepoint: 53625 ns, Cleanup: 41250 ns, At safepoint: 14416 ns, Total: 109291 ns
[2025-08-24T10:35:46.597+0000][175][info ][safepoint   ] Safepoint "Cleanup", Time since last: 1002273334 ns, Reaching safepoint: 68042 ns, Cleanup: 43250 ns, At safepoint: 15333 ns, Total: 126625 ns
[2025-08-24T10:35:54.611+0000][175][info ][safepoint   ] Safepoint "Cleanup", Time since last: 8013855337 ns, Reaching safepoint: 70292 ns, Cleanup: 55208 ns, At safepoint: 21709 ns, Total: 147209 ns
[2025-08-24T10:36:05.633+0000][175][info ][safepoint   ] Safepoint "Cleanup", Time since last: 11020979546 ns, Reaching safepoint: 105209 ns, Cleanup: 80041 ns, At safepoint: 216250 ns, Total: 401500 ns
[2025-08-24T10:36:14.683+0000][175][info ][safepoint   ] Safepoint "Cleanup", Time since last: 9049508880 ns, Reaching safepoint: 152375 ns, Cleanup: 50375 ns, At safepoint: 21125 ns, Total: 223875 ns
[2025-08-24T10:36:42.733+0000][175][info ][safepoint   ] Safepoint "Cleanup", Time since last: 28050382512 ns, Reaching safepoint: 341667 ns, Cleanup: 29917 ns, At safepoint: 16750 ns, Total: 388334 ns
[2025-08-24T10:37:07.773+0000][175][info ][safepoint   ] Safepoint "Cleanup", Time since last: 25040266178 ns, Reaching safepoint: 78125 ns, Cleanup: 69417 ns, At safepoint: 50125 ns, Total: 197667 ns
[2025-08-24T10:37:13.922+0000][175][info ][safepoint   ] Safepoint "Cleanup", Time since last: 6148417752 ns, Reaching safepoint: 77625 ns, Cleanup: 71459 ns, At safepoint: 26416 ns, Total: 175500 ns
[2025-08-24T10:37:14.924+0000][175][info ][safepoint   ] Safepoint "Cleanup", Time since last: 1001558918 ns, Reaching safepoint: 51333 ns, Cleanup: 31917 ns, At safepoint: 11125 ns, Total: 94375 ns
[2025-08-24T10:37:45.969+0000][175][info ][safepoint   ] Safepoint "Cleanup", Time since last: 31046072472 ns, Reaching safepoint: 90166 ns, Cleanup: 124334 ns, At safepoint: 129125 ns, Total: 343625 ns
[2025-08-24T10:38:02.993+0000][175][info ][safepoint   ] Safepoint "Cleanup", Time since last: 17023205716 ns, Reaching safepoint: 295125 ns, Cleanup: 67250 ns, At safepoint: 40875 ns, Total: 403250 ns
[2025-08-24T10:38:15.035+0000][175][info ][safepoint   ] Safepoint "Cleanup", Time since last: 12041397714 ns, Reaching safepoint: 73583 ns, Cleanup: 47500 ns, At safepoint: 15375 ns, Total: 136458 ns
[2025-08-24T10:38:36.064+0000][175][info ][safepoint   ] Safepoint "Cleanup", Time since last: 21028892593 ns, Reaching safepoint: 118542 ns, Cleanup: 32958 ns, At safepoint: 9333 ns, Total: 160833 ns
[2025-08-24T10:38:44.076+0000][175][info ][safepoint   ] Safepoint "Cleanup", Time since last: 8011779796 ns, Reaching safepoint: 180542 ns, Cleanup: 41833 ns, At safepoint: 21583 ns, Total: 243958 ns
[2025-08-24T10:38:59.096+0000][175][info ][safepoint   ] Safepoint "Cleanup", Time since last: 15019875590 ns, Reaching safepoint: 111292 ns, Cleanup: 41208 ns, At safepoint: 14875 ns, Total: 167375 ns
[2025-08-24T10:39:00.099+0000][175][info ][safepoint   ] Safepoint "Cleanup", Time since last: 1002183792 ns, Reaching safepoint: 1090584 ns, Cleanup: 28750 ns, At safepoint: 31083 ns, Total: 1150417 ns
[2025-08-24T10:39:01.182+0000][175][info ][safepoint   ] Safepoint "Cleanup", Time since last: 1082647750 ns, Reaching safepoint: 18709 ns, Cleanup: 266166 ns, At safepoint: 21000 ns, Total: 305875 ns
[2025-08-24T10:39:02.169+0000][175][info ][gc,heap,exit] Heap
[2025-08-24T10:39:02.169+0000][175][info ][gc,heap,exit]  garbage-first heap   total reserved 1048576K, committed 1048576K, used 391784K [0x00000000c0000000, 0x0000000100000000)
[2025-08-24T10:39:02.169+0000][175][info ][gc,heap,exit]   region size 4096K, 88 young (360448K), 19 survivors (77824K)
[2025-08-24T10:39:02.169+0000][175][info ][gc,heap,exit]  Metaspace       used 141883K, committed 146048K, reserved 1179648K
[2025-08-24T10:39:02.170+0000][175][info ][gc,heap,exit]   class space    used 20078K, committed 21952K, reserved 1048576K
