[2025-09-17T07:42:48.373+0000][184][info][gc,init] CardTable entry size: 512
[2025-09-17T07:42:48.375+0000][184][info][gc     ] Using G1
[2025-09-17T07:42:48.768+0000][184][info][gc,init] Version: 22.0.1+8-16 (release)
[2025-09-17T07:42:48.768+0000][184][info][gc,init] CPUs: 8 total, 8 available
[2025-09-17T07:42:48.768+0000][184][info][gc,init] Memory: 7837M
[2025-09-17T07:42:48.768+0000][184][info][gc,init] Large Page Support: Disabled
[2025-09-17T07:42:48.768+0000][184][info][gc,init] NUMA Support: Disabled
[2025-09-17T07:42:48.768+0000][184][info][gc,init] Compressed Oops: Enabled (32-bit)
[2025-09-17T07:42:48.768+0000][184][info][gc,init] Heap Region Size: 4M
[2025-09-17T07:42:48.768+0000][184][info][gc,init] Heap Min Capacity: 1G
[2025-09-17T07:42:48.768+0000][184][info][gc,init] Heap Initial Capacity: 1G
[2025-09-17T07:42:48.768+0000][184][info][gc,init] Heap Max Capacity: 1G
[2025-09-17T07:42:48.768+0000][184][info][gc,init] Pre-touch: Enabled
[2025-09-17T07:42:48.768+0000][184][info][gc,init] Parallel Workers: 8
[2025-09-17T07:42:48.768+0000][184][info][gc,init] Concurrent Workers: 2
[2025-09-17T07:42:48.768+0000][184][info][gc,init] Concurrent Refinement Workers: 8
[2025-09-17T07:42:48.769+0000][184][info][gc,init] Periodic GC: Disabled
[2025-09-17T07:42:48.802+0000][184][info][gc,metaspace] CDS archive(s) mapped at: [0x000003f800000000-0x000003f800c80000-0x000003f800c80000), size 13107200, SharedBaseAddress: 0x000003f800000000, ArchiveRelocationMode: 1.
[2025-09-17T07:42:48.802+0000][184][info][gc,metaspace] Compressed class space mapped at: 0x000003f801000000-0x000003f841000000, reserved size: 1073741824
[2025-09-17T07:42:48.802+0000][184][info][gc,metaspace] Narrow klass base: 0x000003f800000000, Narrow klass shift: 0, Narrow klass range: 0x100000000
[2025-09-17T07:42:48.863+0000][184][info][safepoint   ] Safepoint "ICBufferFull", Time since last: 59016042 ns, Reaching safepoint: 4500 ns, Cleanup: 112125 ns, At safepoint: 7292 ns, Total: 123917 ns
[2025-09-17T07:42:48.946+0000][184][info][safepoint   ] Safepoint "ICBufferFull", Time since last: 82403583 ns, Reaching safepoint: 1792 ns, Cleanup: 46291 ns, At safepoint: 5250 ns, Total: 53333 ns
[2025-09-17T07:42:49.042+0000][184][info][safepoint   ] Safepoint "ICBufferFull", Time since last: 95679334 ns, Reaching safepoint: 831625 ns, Cleanup: 50958 ns, At safepoint: 7542 ns, Total: 890125 ns
[2025-09-17T07:42:49.112+0000][184][info][safepoint   ] Safepoint "ICBufferFull", Time since last: 69703708 ns, Reaching safepoint: 1792 ns, Cleanup: 173500 ns, At safepoint: 5333 ns, Total: 180625 ns
[2025-09-17T07:42:49.136+0000][184][info][gc,start    ] GC(0) Pause Young (Normal) (G1 Evacuation Pause)
[2025-09-17T07:42:49.136+0000][184][info][gc,task     ] GC(0) Using 8 workers of 8 for evacuation
[2025-09-17T07:42:49.137+0000][184][debug][gc,age      ] GC(0) Desired survivor size 4194304 bytes, new threshold 15 (max threshold 15)
[2025-09-17T07:42:49.140+0000][184][info ][gc,phases   ] GC(0)   Pre Evacuate Collection Set: 0.20ms
[2025-09-17T07:42:49.141+0000][184][info ][gc,phases   ] GC(0)   Merge Heap Roots: 0.28ms
[2025-09-17T07:42:49.141+0000][184][info ][gc,phases   ] GC(0)   Evacuate Collection Set: 2.58ms
[2025-09-17T07:42:49.141+0000][184][info ][gc,phases   ] GC(0)   Post Evacuate Collection Set: 0.46ms
[2025-09-17T07:42:49.141+0000][184][info ][gc,phases   ] GC(0)   Other: 0.38ms
[2025-09-17T07:42:49.141+0000][184][trace][gc,age      ] GC(0) Age table with threshold 15 (max threshold 15)
[2025-09-17T07:42:49.142+0000][184][trace][gc,age      ] GC(0) - age   1:    4677640 bytes,    4677640 total
[2025-09-17T07:42:49.142+0000][184][info ][gc,heap     ] GC(0) Eden regions: 12->0(22)
[2025-09-17T07:42:49.142+0000][184][info ][gc,heap     ] GC(0) Survivor regions: 0->2(2)
[2025-09-17T07:42:49.142+0000][184][info ][gc,heap     ] GC(0) Old regions: 1->1
[2025-09-17T07:42:49.142+0000][184][info ][gc,heap     ] GC(0) Humongous regions: 0->0
[2025-09-17T07:42:49.142+0000][184][info ][gc,metaspace] GC(0) Metaspace: 7248K(7488K)->7248K(7488K) NonClass: 6381K(6528K)->6381K(6528K) Class: 866K(960K)->866K(960K)
[2025-09-17T07:42:49.142+0000][184][info ][gc          ] GC(0) Pause Young (Normal) (G1 Evacuation Pause) 49M->5M(1024M) 5.903ms
[2025-09-17T07:42:49.142+0000][184][info ][gc,cpu      ] GC(0) User=0.01s Sys=0.01s Real=0.01s
[2025-09-17T07:42:49.142+0000][184][info ][safepoint   ] Safepoint "G1CollectForAllocation", Time since last: 23527083 ns, Reaching safepoint: 2625 ns, Cleanup: 37334 ns, At safepoint: 6107750 ns, Total: 6147709 ns
[2025-09-17T07:42:49.251+0000][184][info ][safepoint   ] Safepoint "ICBufferFull", Time since last: 108818792 ns, Reaching safepoint: 1916 ns, Cleanup: 68625 ns, At safepoint: 7167 ns, Total: 77708 ns
[2025-09-17T07:42:49.291+0000][184][info ][safepoint   ] Safepoint "ICBufferFull", Time since last: 40361167 ns, Reaching safepoint: 1750 ns, Cleanup: 55958 ns, At safepoint: 2417 ns, Total: 60125 ns
[2025-09-17T07:42:49.402+0000][184][info ][safepoint   ] Safepoint "ICBufferFull", Time since last: 109905333 ns, Reaching safepoint: 1039750 ns, Cleanup: 98167 ns, At safepoint: 11333 ns, Total: 1149250 ns
[2025-09-17T07:42:49.737+0000][184][info ][safepoint   ] Safepoint "ICBufferFull", Time since last: 334500500 ns, Reaching safepoint: 2125 ns, Cleanup: 87292 ns, At safepoint: 14833 ns, Total: 104250 ns
[2025-09-17T07:42:49.854+0000][184][info ][safepoint   ] Safepoint "ICBufferFull", Time since last: 117339417 ns, Reaching safepoint: 2000 ns, Cleanup: 63875 ns, At safepoint: 7625 ns, Total: 73500 ns
[2025-09-17T07:42:49.995+0000][184][info ][safepoint   ] Safepoint "ICBufferFull", Time since last: 140364875 ns, Reaching safepoint: 5042 ns, Cleanup: 116208 ns, At safepoint: 6458 ns, Total: 127708 ns
[2025-09-17T07:42:50.053+0000][184][info ][gc,start    ] GC(1) Pause Young (Normal) (G1 Evacuation Pause)
[2025-09-17T07:42:50.054+0000][184][info ][gc,task     ] GC(1) Using 8 workers of 8 for evacuation
[2025-09-17T07:42:50.054+0000][184][debug][gc,age      ] GC(1) Desired survivor size 6291456 bytes, new threshold 15 (max threshold 15)
[2025-09-17T07:42:50.062+0000][184][info ][gc,phases   ] GC(1)   Pre Evacuate Collection Set: 0.53ms
[2025-09-17T07:42:50.062+0000][184][info ][gc,phases   ] GC(1)   Merge Heap Roots: 0.04ms
[2025-09-17T07:42:50.062+0000][184][info ][gc,phases   ] GC(1)   Evacuate Collection Set: 5.49ms
[2025-09-17T07:42:50.062+0000][184][info ][gc,phases   ] GC(1)   Post Evacuate Collection Set: 1.35ms
[2025-09-17T07:42:50.062+0000][184][info ][gc,phases   ] GC(1)   Other: 0.74ms
[2025-09-17T07:42:50.062+0000][184][trace][gc,age      ] GC(1) Age table with threshold 15 (max threshold 15)
[2025-09-17T07:42:50.062+0000][184][trace][gc,age      ] GC(1) - age   1:    4931640 bytes,    4931640 total
[2025-09-17T07:42:50.062+0000][184][trace][gc,age      ] GC(1) - age   2:    4605368 bytes,    9537008 total
[2025-09-17T07:42:50.062+0000][184][info ][gc,heap     ] GC(1) Eden regions: 22->0(40)
[2025-09-17T07:42:50.062+0000][184][info ][gc,heap     ] GC(1) Survivor regions: 2->3(3)
[2025-09-17T07:42:50.062+0000][184][info ][gc,heap     ] GC(1) Old regions: 1->1
[2025-09-17T07:42:50.062+0000][184][info ][gc,heap     ] GC(1) Humongous regions: 0->0
[2025-09-17T07:42:50.063+0000][184][info ][gc,metaspace] GC(1) Metaspace: 20189K(20800K)->20189K(20800K) NonClass: 17872K(18240K)->17872K(18240K) Class: 2317K(2560K)->2317K(2560K)
[2025-09-17T07:42:50.063+0000][184][info ][gc          ] GC(1) Pause Young (Normal) (G1 Evacuation Pause) 93M->10M(1024M) 9.791ms
[2025-09-17T07:42:50.063+0000][184][info ][gc,cpu      ] GC(1) User=0.03s Sys=0.00s Real=0.01s
[2025-09-17T07:42:50.063+0000][184][info ][safepoint   ] Safepoint "G1CollectForAllocation", Time since last: 57695084 ns, Reaching safepoint: 3083 ns, Cleanup: 159250 ns, At safepoint: 10110250 ns, Total: 10272583 ns
[2025-09-17T07:42:50.148+0000][184][info ][gc,start    ] GC(2) Pause Young (Concurrent Start) (Metadata GC Threshold)
[2025-09-17T07:42:50.148+0000][184][info ][gc,task     ] GC(2) Using 8 workers of 8 for evacuation
[2025-09-17T07:42:50.148+0000][184][debug][gc,age      ] GC(2) Desired survivor size 12582912 bytes, new threshold 15 (max threshold 15)
[2025-09-17T07:42:50.151+0000][184][info ][gc,phases   ] GC(2)   Pre Evacuate Collection Set: 0.09ms
[2025-09-17T07:42:50.151+0000][184][info ][gc,phases   ] GC(2)   Merge Heap Roots: 0.05ms
[2025-09-17T07:42:50.151+0000][184][info ][gc,phases   ] GC(2)   Evacuate Collection Set: 2.18ms
[2025-09-17T07:42:50.151+0000][184][info ][gc,phases   ] GC(2)   Post Evacuate Collection Set: 0.64ms
[2025-09-17T07:42:50.151+0000][184][info ][gc,phases   ] GC(2)   Other: 0.13ms
[2025-09-17T07:42:50.151+0000][184][trace][gc,age      ] GC(2) Age table with threshold 15 (max threshold 15)
[2025-09-17T07:42:50.151+0000][184][trace][gc,age      ] GC(2) - age   1:     474216 bytes,     474216 total
[2025-09-17T07:42:50.151+0000][184][trace][gc,age      ] GC(2) - age   2:    4061936 bytes,    4536152 total
[2025-09-17T07:42:50.151+0000][184][trace][gc,age      ] GC(2) - age   3:    4589208 bytes,    9125360 total
[2025-09-17T07:42:50.151+0000][184][info ][gc,heap     ] GC(2) Eden regions: 6->0(78)
[2025-09-17T07:42:50.151+0000][184][info ][gc,heap     ] GC(2) Survivor regions: 3->3(6)
[2025-09-17T07:42:50.151+0000][184][info ][gc,heap     ] GC(2) Old regions: 1->1
[2025-09-17T07:42:50.151+0000][184][info ][gc,heap     ] GC(2) Humongous regions: 0->0
[2025-09-17T07:42:50.151+0000][184][info ][gc,metaspace] GC(2) Metaspace: 20871K(21504K)->20871K(21504K) NonClass: 18444K(18816K)->18444K(18816K) Class: 2427K(2688K)->2427K(2688K)
[2025-09-17T07:42:50.151+0000][184][info ][gc          ] GC(2) Pause Young (Concurrent Start) (Metadata GC Threshold) 32M->10M(1024M) 3.656ms
[2025-09-17T07:42:50.151+0000][184][info ][gc,cpu      ] GC(2) User=0.01s Sys=0.00s Real=0.01s
[2025-09-17T07:42:50.151+0000][184][info ][gc          ] GC(3) Concurrent Mark Cycle
[2025-09-17T07:42:50.152+0000][184][info ][gc,marking  ] GC(3) Concurrent Scan Root Regions
[2025-09-17T07:42:50.151+0000][184][info ][safepoint   ] Safepoint "CollectForMetadataAllocation", Time since last: 84703625 ns, Reaching safepoint: 2292 ns, Cleanup: 53666 ns, At safepoint: 3822042 ns, Total: 3878000 ns
[2025-09-17T07:42:50.153+0000][184][info ][gc,marking  ] GC(3) Concurrent Scan Root Regions 1.669ms
[2025-09-17T07:42:50.155+0000][184][info ][gc,marking  ] GC(3) Concurrent Mark
[2025-09-17T07:42:50.155+0000][184][info ][gc,marking  ] GC(3) Concurrent Mark From Roots
[2025-09-17T07:42:50.155+0000][184][info ][gc,task     ] GC(3) Using 2 workers of 2 for marking
[2025-09-17T07:42:50.156+0000][184][info ][gc,marking  ] GC(3) Concurrent Mark From Roots 0.856ms
[2025-09-17T07:42:50.156+0000][184][info ][gc,marking  ] GC(3) Concurrent Preclean
[2025-09-17T07:42:50.156+0000][184][info ][gc,marking  ] GC(3) Concurrent Preclean 0.095ms
[2025-09-17T07:42:50.157+0000][184][info ][gc,start    ] GC(3) Pause Remark
[2025-09-17T07:42:50.159+0000][184][info ][gc          ] GC(3) Pause Remark 14M->14M(1024M) 1.496ms
[2025-09-17T07:42:50.159+0000][184][info ][gc,cpu      ] GC(3) User=0.01s Sys=0.00s Real=0.00s
[2025-09-17T07:42:50.159+0000][184][info ][safepoint   ] Safepoint "G1PauseRemark", Time since last: 4933917 ns, Reaching safepoint: 1049291 ns, Cleanup: 14042 ns, At safepoint: 1586917 ns, Total: 2650250 ns
[2025-09-17T07:42:50.162+0000][184][info ][gc,marking  ] GC(3) Concurrent Mark 6.718ms
[2025-09-17T07:42:50.162+0000][184][info ][gc,marking  ] GC(3) Concurrent Rebuild Remembered Sets and Scrub Regions
[2025-09-17T07:42:50.163+0000][184][info ][gc,marking  ] GC(3) Concurrent Rebuild Remembered Sets and Scrub Regions 0.460ms
[2025-09-17T07:42:50.165+0000][184][info ][gc,start    ] GC(3) Pause Cleanup
[2025-09-17T07:42:50.165+0000][184][info ][gc          ] GC(3) Pause Cleanup 14M->14M(1024M) 0.118ms
[2025-09-17T07:42:50.165+0000][184][info ][gc,cpu      ] GC(3) User=0.00s Sys=0.00s Real=0.00s
[2025-09-17T07:42:50.165+0000][184][info ][safepoint   ] Safepoint "G1PauseCleanup", Time since last: 4261083 ns, Reaching safepoint: 1189583 ns, Cleanup: 14209 ns, At safepoint: 198000 ns, Total: 1401792 ns
[2025-09-17T07:42:50.166+0000][184][info ][gc,marking  ] GC(3) Concurrent Clear Claimed Marks
[2025-09-17T07:42:50.166+0000][184][info ][gc,marking  ] GC(3) Concurrent Clear Claimed Marks 0.188ms
[2025-09-17T07:42:50.166+0000][184][info ][gc,marking  ] GC(3) Concurrent Cleanup for Next Mark
[2025-09-17T07:42:50.166+0000][184][info ][gc,marking  ] GC(3) Concurrent Cleanup for Next Mark 0.506ms
[2025-09-17T07:42:50.167+0000][184][info ][gc          ] GC(3) Concurrent Mark Cycle 15.194ms
[2025-09-17T07:42:50.294+0000][184][info ][safepoint   ] Safepoint "ICBufferFull", Time since last: 128753166 ns, Reaching safepoint: 816750 ns, Cleanup: 101792 ns, At safepoint: 17292 ns, Total: 935834 ns
[2025-09-17T07:42:50.443+0000][184][info ][safepoint   ] Safepoint "ICBufferFull", Time since last: 147992666 ns, Reaching safepoint: 3625 ns, Cleanup: 117834 ns, At safepoint: 6375 ns, Total: 127834 ns
[2025-09-17T07:42:50.731+0000][184][info ][safepoint   ] Safepoint "ICBufferFull", Time since last: 288128208 ns, Reaching safepoint: 2500 ns, Cleanup: 93834 ns, At safepoint: 6000 ns, Total: 102334 ns
[2025-09-17T07:42:50.937+0000][184][info ][safepoint   ] Safepoint "ICBufferFull", Time since last: 206297083 ns, Reaching safepoint: 6583 ns, Cleanup: 127209 ns, At safepoint: 21541 ns, Total: 155333 ns
[2025-09-17T07:42:51.097+0000][184][info ][safepoint   ] Safepoint "ICBufferFull", Time since last: 158381292 ns, Reaching safepoint: 5042 ns, Cleanup: 1376666 ns, At safepoint: 8792 ns, Total: 1390500 ns
[2025-09-17T07:42:51.167+0000][184][info ][gc,start    ] GC(4) Pause Young (Prepare Mixed) (G1 Evacuation Pause)
[2025-09-17T07:42:51.168+0000][184][info ][gc,task     ] GC(4) Using 8 workers of 8 for evacuation
[2025-09-17T07:42:51.168+0000][184][debug][gc,age      ] GC(4) Desired survivor size 23068672 bytes, new threshold 15 (max threshold 15)
[2025-09-17T07:42:51.177+0000][184][info ][gc,phases   ] GC(4)   Pre Evacuate Collection Set: 0.41ms
[2025-09-17T07:42:51.178+0000][184][info ][gc,phases   ] GC(4)   Merge Heap Roots: 0.14ms
[2025-09-17T07:42:51.178+0000][184][info ][gc,phases   ] GC(4)   Evacuate Collection Set: 6.60ms
[2025-09-17T07:42:51.178+0000][184][info ][gc,phases   ] GC(4)   Post Evacuate Collection Set: 2.17ms
[2025-09-17T07:42:51.178+0000][184][info ][gc,phases   ] GC(4)   Other: 0.33ms
[2025-09-17T07:42:51.179+0000][184][trace][gc,age      ] GC(4) Age table with threshold 15 (max threshold 15)
[2025-09-17T07:42:51.179+0000][184][trace][gc,age      ] GC(4) - age   1:    5981120 bytes,    5981120 total
[2025-09-17T07:42:51.179+0000][184][trace][gc,age      ] GC(4) - age   2:     423720 bytes,    6404840 total
[2025-09-17T07:42:51.179+0000][184][trace][gc,age      ] GC(4) - age   3:    4029040 bytes,   10433880 total
[2025-09-17T07:42:51.180+0000][184][trace][gc,age      ] GC(4) - age   4:    4588016 bytes,   15021896 total
[2025-09-17T07:42:51.180+0000][184][info ][gc,heap     ] GC(4) Eden regions: 78->0(149)
[2025-09-17T07:42:51.180+0000][184][info ][gc,heap     ] GC(4) Survivor regions: 3->4(11)
[2025-09-17T07:42:51.180+0000][184][info ][gc,heap     ] GC(4) Old regions: 1->1
[2025-09-17T07:42:51.181+0000][184][info ][gc,heap     ] GC(4) Humongous regions: 0->0
[2025-09-17T07:42:51.181+0000][184][info ][gc,metaspace] GC(4) Metaspace: 28996K(29824K)->28996K(29824K) NonClass: 25649K(26112K)->25649K(26112K) Class: 3347K(3712K)->3347K(3712K)
[2025-09-17T07:42:51.181+0000][184][info ][gc          ] GC(4) Pause Young (Prepare Mixed) (G1 Evacuation Pause) 322M->17M(1024M) 14.054ms
[2025-09-17T07:42:51.181+0000][184][info ][gc,cpu      ] GC(4) User=0.03s Sys=0.00s Real=0.02s
[2025-09-17T07:42:51.181+0000][184][info ][safepoint   ] Safepoint "G1CollectForAllocation", Time since last: 69760167 ns, Reaching safepoint: 3458 ns, Cleanup: 62083 ns, At safepoint: 14574500 ns, Total: 14640041 ns
[2025-09-17T07:42:51.375+0000][184][info ][safepoint   ] Safepoint "ICBufferFull", Time since last: 193419251 ns, Reaching safepoint: 2166 ns, Cleanup: 78584 ns, At safepoint: 4250 ns, Total: 85000 ns
[2025-09-17T07:42:51.568+0000][184][info ][safepoint   ] Safepoint "ICBufferFull", Time since last: 192729250 ns, Reaching safepoint: 709083 ns, Cleanup: 86292 ns, At safepoint: 13916 ns, Total: 809291 ns
[2025-09-17T07:42:52.037+0000][184][info ][safepoint   ] Safepoint "ICBufferFull", Time since last: 467442626 ns, Reaching safepoint: 401291 ns, Cleanup: 291959 ns, At safepoint: 18750 ns, Total: 712000 ns
[2025-09-17T07:42:52.134+0000][184][info ][gc,start    ] GC(5) Pause Young (Mixed) (Metadata GC Threshold)
[2025-09-17T07:42:52.134+0000][184][info ][gc,task     ] GC(5) Using 8 workers of 8 for evacuation
[2025-09-17T07:42:52.134+0000][184][debug][gc,age      ] GC(5) Desired survivor size 41943040 bytes, new threshold 15 (max threshold 15)
[2025-09-17T07:42:52.156+0000][184][info ][gc,phases   ] GC(5)   Pre Evacuate Collection Set: 0.19ms
[2025-09-17T07:42:52.156+0000][184][info ][gc,phases   ] GC(5)   Merge Heap Roots: 0.05ms
[2025-09-17T07:42:52.156+0000][184][info ][gc,phases   ] GC(5)   Evacuate Collection Set: 19.49ms
[2025-09-17T07:42:52.156+0000][184][info ][gc,phases   ] GC(5)   Post Evacuate Collection Set: 1.46ms
[2025-09-17T07:42:52.156+0000][184][info ][gc,phases   ] GC(5)   Other: 0.12ms
[2025-09-17T07:42:52.156+0000][184][trace][gc,age      ] GC(5) Age table with threshold 15 (max threshold 15)
[2025-09-17T07:42:52.156+0000][184][trace][gc,age      ] GC(5) - age   1:    8211512 bytes,    8211512 total
[2025-09-17T07:42:52.156+0000][184][trace][gc,age      ] GC(5) - age   2:    5946664 bytes,   14158176 total
[2025-09-17T07:42:52.156+0000][184][trace][gc,age      ] GC(5) - age   3:     423600 bytes,   14581776 total
[2025-09-17T07:42:52.156+0000][184][trace][gc,age      ] GC(5) - age   4:    4027504 bytes,   18609280 total
[2025-09-17T07:42:52.156+0000][184][trace][gc,age      ] GC(5) - age   5:    4588016 bytes,   23197296 total
[2025-09-17T07:42:52.156+0000][184][info ][gc,heap     ] GC(5) Eden regions: 135->0(146)
[2025-09-17T07:42:52.156+0000][184][info ][gc,heap     ] GC(5) Survivor regions: 4->7(20)
[2025-09-17T07:42:52.156+0000][184][info ][gc,heap     ] GC(5) Old regions: 1->1
[2025-09-17T07:42:52.156+0000][184][info ][gc,heap     ] GC(5) Humongous regions: 0->0
[2025-09-17T07:42:52.156+0000][184][info ][gc,metaspace] GC(5) Metaspace: 35263K(36160K)->35263K(36160K) NonClass: 31199K(31744K)->31199K(31744K) Class: 4063K(4416K)->4063K(4416K)
[2025-09-17T07:42:52.156+0000][184][info ][gc          ] GC(5) Pause Young (Mixed) (Metadata GC Threshold) 555M->25M(1024M) 21.853ms
[2025-09-17T07:42:52.156+0000][184][info ][gc,cpu      ] GC(5) User=0.10s Sys=0.01s Real=0.02s
[2025-09-17T07:42:52.156+0000][184][info ][safepoint   ] Safepoint "CollectForMetadataAllocation", Time since last: 97521916 ns, Reaching safepoint: 2167 ns, Cleanup: 55833 ns, At safepoint: 21999084 ns, Total: 22057084 ns
[2025-09-17T07:42:52.165+0000][184][info ][gc,start    ] GC(6) Pause Young (Concurrent Start) (Metadata GC Threshold)
[2025-09-17T07:42:52.165+0000][184][info ][gc,task     ] GC(6) Using 8 workers of 8 for evacuation
[2025-09-17T07:42:52.165+0000][184][debug][gc,age      ] GC(6) Desired survivor size 41943040 bytes, new threshold 15 (max threshold 15)
[2025-09-17T07:42:52.177+0000][184][info ][gc,phases   ] GC(6)   Pre Evacuate Collection Set: 0.13ms
[2025-09-17T07:42:52.178+0000][184][info ][gc,phases   ] GC(6)   Merge Heap Roots: 0.03ms
[2025-09-17T07:42:52.178+0000][184][info ][gc,phases   ] GC(6)   Evacuate Collection Set: 10.50ms
[2025-09-17T07:42:52.178+0000][184][info ][gc,phases   ] GC(6)   Post Evacuate Collection Set: 1.66ms
[2025-09-17T07:42:52.178+0000][184][info ][gc,phases   ] GC(6)   Other: 0.18ms
[2025-09-17T07:42:52.178+0000][184][trace][gc,age      ] GC(6) Age table with threshold 15 (max threshold 15)
[2025-09-17T07:42:52.178+0000][184][trace][gc,age      ] GC(6) - age   1:      38112 bytes,      38112 total
[2025-09-17T07:42:52.178+0000][184][trace][gc,age      ] GC(6) - age   2:    8160560 bytes,    8198672 total
[2025-09-17T07:42:52.178+0000][184][trace][gc,age      ] GC(6) - age   3:    5946632 bytes,   14145304 total
[2025-09-17T07:42:52.178+0000][184][trace][gc,age      ] GC(6) - age   4:     423600 bytes,   14568904 total
[2025-09-17T07:42:52.178+0000][184][trace][gc,age      ] GC(6) - age   5:    4027504 bytes,   18596408 total
[2025-09-17T07:42:52.178+0000][184][trace][gc,age      ] GC(6) - age   6:    4588016 bytes,   23184424 total
[2025-09-17T07:42:52.178+0000][184][info ][gc,heap     ] GC(6) Eden regions: 1->0(146)
[2025-09-17T07:42:52.178+0000][184][info ][gc,heap     ] GC(6) Survivor regions: 7->7(20)
[2025-09-17T07:42:52.178+0000][184][info ][gc,heap     ] GC(6) Old regions: 1->1
[2025-09-17T07:42:52.178+0000][184][info ][gc,heap     ] GC(6) Humongous regions: 0->0
[2025-09-17T07:42:52.178+0000][184][info ][gc,metaspace] GC(6) Metaspace: 35557K(36480K)->35557K(36480K) NonClass: 31442K(32000K)->31442K(32000K) Class: 4114K(4480K)->4114K(4480K)
[2025-09-17T07:42:52.178+0000][184][info ][gc          ] GC(6) Pause Young (Concurrent Start) (Metadata GC Threshold) 29M->25M(1024M) 13.539ms
[2025-09-17T07:42:52.178+0000][184][info ][gc,cpu      ] GC(6) User=0.05s Sys=0.00s Real=0.01s
[2025-09-17T07:42:52.178+0000][184][info ][gc          ] GC(7) Concurrent Mark Cycle
[2025-09-17T07:42:52.179+0000][184][info ][gc,marking  ] GC(7) Concurrent Scan Root Regions
[2025-09-17T07:42:52.179+0000][184][info ][safepoint   ] Safepoint "CollectForMetadataAllocation", Time since last: 8643708 ns, Reaching safepoint: 2542 ns, Cleanup: 1833 ns, At safepoint: 13702000 ns, Total: 13706375 ns
[2025-09-17T07:42:52.182+0000][184][info ][gc,marking  ] GC(7) Concurrent Scan Root Regions 3.415ms
[2025-09-17T07:42:52.185+0000][184][info ][gc,marking  ] GC(7) Concurrent Mark
[2025-09-17T07:42:52.185+0000][184][info ][gc,marking  ] GC(7) Concurrent Mark From Roots
[2025-09-17T07:42:52.185+0000][184][info ][gc,task     ] GC(7) Using 2 workers of 2 for marking
[2025-09-17T07:42:52.186+0000][184][info ][gc,marking  ] GC(7) Concurrent Mark From Roots 0.813ms
[2025-09-17T07:42:52.186+0000][184][info ][gc,marking  ] GC(7) Concurrent Preclean
[2025-09-17T07:42:52.186+0000][184][info ][gc,marking  ] GC(7) Concurrent Preclean 0.068ms
[2025-09-17T07:42:52.189+0000][184][info ][gc,start    ] GC(7) Pause Remark
[2025-09-17T07:42:52.194+0000][184][info ][gc          ] GC(7) Pause Remark 29M->29M(1024M) 4.707ms
[2025-09-17T07:42:52.194+0000][184][info ][gc,cpu      ] GC(7) User=0.01s Sys=0.00s Real=0.01s
[2025-09-17T07:42:52.194+0000][184][info ][safepoint   ] Safepoint "G1PauseRemark", Time since last: 10761167 ns, Reaching safepoint: 2416 ns, Cleanup: 4667 ns, At safepoint: 4834917 ns, Total: 4842000 ns
[2025-09-17T07:42:52.198+0000][184][info ][gc,marking  ] GC(7) Concurrent Mark 12.258ms
[2025-09-17T07:42:52.198+0000][184][info ][gc,marking  ] GC(7) Concurrent Rebuild Remembered Sets and Scrub Regions
[2025-09-17T07:42:52.198+0000][184][info ][gc,marking  ] GC(7) Concurrent Rebuild Remembered Sets and Scrub Regions 0.418ms
[2025-09-17T07:42:52.202+0000][184][info ][gc,start    ] GC(7) Pause Cleanup
[2025-09-17T07:42:52.203+0000][184][info ][gc          ] GC(7) Pause Cleanup 29M->29M(1024M) 0.315ms
[2025-09-17T07:42:52.203+0000][184][info ][gc,cpu      ] GC(7) User=0.00s Sys=0.00s Real=0.00s
[2025-09-17T07:42:52.203+0000][184][info ][safepoint   ] Safepoint "G1PauseCleanup", Time since last: 7153791 ns, Reaching safepoint: 1026000 ns, Cleanup: 8959 ns, At safepoint: 410750 ns, Total: 1445709 ns
[2025-09-17T07:42:52.204+0000][184][info ][gc,marking  ] GC(7) Concurrent Clear Claimed Marks
[2025-09-17T07:42:52.204+0000][184][info ][gc,marking  ] GC(7) Concurrent Clear Claimed Marks 0.169ms
[2025-09-17T07:42:52.204+0000][184][info ][gc,marking  ] GC(7) Concurrent Cleanup for Next Mark
[2025-09-17T07:42:52.206+0000][184][info ][gc,marking  ] GC(7) Concurrent Cleanup for Next Mark 1.443ms
[2025-09-17T07:42:52.206+0000][184][info ][gc          ] GC(7) Concurrent Mark Cycle 27.338ms
[2025-09-17T07:42:52.660+0000][184][info ][safepoint   ] Safepoint "ICBufferFull", Time since last: 455724250 ns, Reaching safepoint: 1036583 ns, Cleanup: 120917 ns, At safepoint: 15125 ns, Total: 1172625 ns
[2025-09-17T07:42:52.980+0000][184][info ][gc,start    ] GC(8) Pause Young (Normal) (G1 Evacuation Pause)
[2025-09-17T07:42:52.981+0000][184][info ][gc,task     ] GC(8) Using 8 workers of 8 for evacuation
[2025-09-17T07:42:52.981+0000][184][debug][gc,age      ] GC(8) Desired survivor size 41943040 bytes, new threshold 15 (max threshold 15)
[2025-09-17T07:42:53.023+0000][184][info ][gc,phases   ] GC(8)   Pre Evacuate Collection Set: 0.13ms
[2025-09-17T07:42:53.024+0000][184][info ][gc,phases   ] GC(8)   Merge Heap Roots: 0.11ms
[2025-09-17T07:42:53.025+0000][184][info ][gc,phases   ] GC(8)   Evacuate Collection Set: 35.37ms
[2025-09-17T07:42:53.025+0000][184][info ][gc,phases   ] GC(8)   Post Evacuate Collection Set: 6.96ms
[2025-09-17T07:42:53.025+0000][184][info ][gc,phases   ] GC(8)   Other: 0.17ms
[2025-09-17T07:42:53.025+0000][184][trace][gc,age      ] GC(8) Age table with threshold 15 (max threshold 15)
[2025-09-17T07:42:53.025+0000][184][trace][gc,age      ] GC(8) - age   1:    9915792 bytes,    9915792 total
[2025-09-17T07:42:53.025+0000][184][trace][gc,age      ] GC(8) - age   2:      36088 bytes,    9951880 total
[2025-09-17T07:42:53.027+0000][184][trace][gc,age      ] GC(8) - age   3:    8146904 bytes,   18098784 total
[2025-09-17T07:42:53.027+0000][184][trace][gc,age      ] GC(8) - age   4:    5938736 bytes,   24037520 total
[2025-09-17T07:42:53.027+0000][184][trace][gc,age      ] GC(8) - age   5:     403680 bytes,   24441200 total
[2025-09-17T07:42:53.027+0000][184][trace][gc,age      ] GC(8) - age   6:    4019624 bytes,   28460824 total
[2025-09-17T07:42:53.028+0000][184][trace][gc,age      ] GC(8) - age   7:    4581136 bytes,   33041960 total
[2025-09-17T07:42:53.028+0000][184][info ][gc,heap     ] GC(8) Eden regions: 146->0(144)
[2025-09-17T07:42:53.028+0000][184][info ][gc,heap     ] GC(8) Survivor regions: 7->9(20)
[2025-09-17T07:42:53.028+0000][184][info ][gc,heap     ] GC(8) Old regions: 1->1
[2025-09-17T07:42:53.028+0000][184][info ][gc,heap     ] GC(8) Humongous regions: 0->0
[2025-09-17T07:42:53.028+0000][184][info ][gc,metaspace] GC(8) Metaspace: 38324K(39360K)->38324K(39360K) NonClass: 33832K(34432K)->33832K(34432K) Class: 4491K(4928K)->4491K(4928K)
[2025-09-17T07:42:53.028+0000][184][info ][gc          ] GC(8) Pause Young (Normal) (G1 Evacuation Pause) 609M->34M(1024M) 47.610ms
[2025-09-17T07:42:53.028+0000][184][info ][gc,cpu      ] GC(8) User=0.14s Sys=0.01s Real=0.04s
[2025-09-17T07:42:53.028+0000][184][info ][safepoint   ] Safepoint "G1CollectForAllocation", Time since last: 320630042 ns, Reaching safepoint: 2750 ns, Cleanup: 117041 ns, At safepoint: 47720250 ns, Total: 47840041 ns
[2025-09-17T07:42:53.391+0000][184][info ][safepoint   ] Safepoint "ICBufferFull", Time since last: 362442167 ns, Reaching safepoint: 2709 ns, Cleanup: 106083 ns, At safepoint: 7458 ns, Total: 116250 ns
[2025-09-17T07:42:53.575+0000][184][info ][safepoint   ] Safepoint "ICBufferFull", Time since last: 184425917 ns, Reaching safepoint: 3000 ns, Cleanup: 123750 ns, At safepoint: 6625 ns, Total: 133375 ns
[2025-09-17T07:42:53.781+0000][184][info ][safepoint   ] Safepoint "ICBufferFull", Time since last: 205383417 ns, Reaching safepoint: 3208 ns, Cleanup: 116167 ns, At safepoint: 6333 ns, Total: 125708 ns
[2025-09-17T07:42:54.356+0000][184][info ][safepoint   ] Safepoint "ICBufferFull", Time since last: 573638084 ns, Reaching safepoint: 1140541 ns, Cleanup: 92292 ns, At safepoint: 14667 ns, Total: 1247500 ns
[2025-09-17T07:42:54.430+0000][184][info ][safepoint   ] Safepoint "ICBufferFull", Time since last: 74699875 ns, Reaching safepoint: 3333 ns, Cleanup: 90333 ns, At safepoint: 10125 ns, Total: 103791 ns
[2025-09-17T07:42:55.019+0000][184][info ][safepoint   ] Safepoint "ICBufferFull", Time since last: 588378917 ns, Reaching safepoint: 2584 ns, Cleanup: 125041 ns, At safepoint: 10459 ns, Total: 138084 ns
[2025-09-17T07:42:55.242+0000][184][info ][gc,start    ] GC(9) Pause Young (Concurrent Start) (Metadata GC Threshold)
[2025-09-17T07:42:55.242+0000][184][info ][gc,task     ] GC(9) Using 8 workers of 8 for evacuation
[2025-09-17T07:42:55.243+0000][184][debug][gc,age      ] GC(9) Desired survivor size 41943040 bytes, new threshold 15 (max threshold 15)
[2025-09-17T07:42:55.266+0000][184][info ][gc,phases   ] GC(9)   Pre Evacuate Collection Set: 0.22ms
[2025-09-17T07:42:55.266+0000][184][info ][gc,phases   ] GC(9)   Merge Heap Roots: 0.07ms
[2025-09-17T07:42:55.266+0000][184][info ][gc,phases   ] GC(9)   Evacuate Collection Set: 18.60ms
[2025-09-17T07:42:55.266+0000][184][info ][gc,phases   ] GC(9)   Post Evacuate Collection Set: 4.17ms
[2025-09-17T07:42:55.266+0000][184][info ][gc,phases   ] GC(9)   Other: 0.34ms
[2025-09-17T07:42:55.266+0000][184][trace][gc,age      ] GC(9) Age table with threshold 15 (max threshold 15)
[2025-09-17T07:42:55.266+0000][184][trace][gc,age      ] GC(9) - age   1:   10311160 bytes,   10311160 total
[2025-09-17T07:42:55.266+0000][184][trace][gc,age      ] GC(9) - age   2:    8880888 bytes,   19192048 total
[2025-09-17T07:42:55.266+0000][184][trace][gc,age      ] GC(9) - age   3:      35928 bytes,   19227976 total
[2025-09-17T07:42:55.266+0000][184][trace][gc,age      ] GC(9) - age   4:    8106112 bytes,   27334088 total
[2025-09-17T07:42:55.266+0000][184][trace][gc,age      ] GC(9) - age   5:    5753656 bytes,   33087744 total
[2025-09-17T07:42:55.266+0000][184][trace][gc,age      ] GC(9) - age   6:     399992 bytes,   33487736 total
[2025-09-17T07:42:55.266+0000][184][trace][gc,age      ] GC(9) - age   7:    3982128 bytes,   37469864 total
[2025-09-17T07:42:55.266+0000][184][trace][gc,age      ] GC(9) - age   8:    4571824 bytes,   42041688 total
[2025-09-17T07:42:55.266+0000][184][info ][gc,heap     ] GC(9) Eden regions: 136->0(142)
[2025-09-17T07:42:55.266+0000][184][info ][gc,heap     ] GC(9) Survivor regions: 9->11(20)
[2025-09-17T07:42:55.266+0000][184][info ][gc,heap     ] GC(9) Old regions: 1->1
[2025-09-17T07:42:55.266+0000][184][info ][gc,heap     ] GC(9) Humongous regions: 0->0
[2025-09-17T07:42:55.266+0000][184][info ][gc,metaspace] GC(9) Metaspace: 59795K(61248K)->59795K(61248K) NonClass: 52246K(53120K)->52246K(53120K) Class: 7549K(8128K)->7549K(8128K)
[2025-09-17T07:42:55.266+0000][184][info ][gc          ] GC(9) Pause Young (Concurrent Start) (Metadata GC Threshold) 576M->44M(1024M) 24.198ms
[2025-09-17T07:42:55.267+0000][184][info ][gc,cpu      ] GC(9) User=0.11s Sys=0.01s Real=0.02s
[2025-09-17T07:42:55.267+0000][184][info ][gc          ] GC(10) Concurrent Mark Cycle
[2025-09-17T07:42:55.267+0000][184][info ][gc,marking  ] GC(10) Concurrent Scan Root Regions
[2025-09-17T07:42:55.267+0000][184][info ][safepoint   ] Safepoint "CollectForMetadataAllocation", Time since last: 223262166 ns, Reaching safepoint: 2709 ns, Cleanup: 53000 ns, At safepoint: 24405000 ns, Total: 24460709 ns
[2025-09-17T07:42:55.274+0000][184][info ][gc,marking  ] GC(10) Concurrent Scan Root Regions 7.092ms
[2025-09-17T07:42:55.276+0000][184][info ][gc,marking  ] GC(10) Concurrent Mark
[2025-09-17T07:42:55.276+0000][184][info ][gc,marking  ] GC(10) Concurrent Mark From Roots
[2025-09-17T07:42:55.276+0000][184][info ][gc,task     ] GC(10) Using 2 workers of 2 for marking
[2025-09-17T07:42:55.277+0000][184][info ][gc,marking  ] GC(10) Concurrent Mark From Roots 0.949ms
[2025-09-17T07:42:55.277+0000][184][info ][gc,marking  ] GC(10) Concurrent Preclean
[2025-09-17T07:42:55.277+0000][184][info ][gc,marking  ] GC(10) Concurrent Preclean 0.030ms
[2025-09-17T07:42:55.278+0000][184][info ][gc,start    ] GC(10) Pause Remark
[2025-09-17T07:42:55.282+0000][184][info ][gc          ] GC(10) Pause Remark 47M->47M(1024M) 3.535ms
[2025-09-17T07:42:55.282+0000][184][info ][gc,cpu      ] GC(10) User=0.02s Sys=0.00s Real=0.01s
[2025-09-17T07:42:55.282+0000][184][info ][safepoint   ] Safepoint "G1PauseRemark", Time since last: 10523208 ns, Reaching safepoint: 1159458 ns, Cleanup: 3292 ns, At safepoint: 3673250 ns, Total: 4836000 ns
[2025-09-17T07:42:55.282+0000][184][info ][gc,marking  ] GC(10) Concurrent Mark 6.344ms
[2025-09-17T07:42:55.282+0000][184][info ][gc,marking  ] GC(10) Concurrent Rebuild Remembered Sets and Scrub Regions
[2025-09-17T07:42:55.283+0000][184][info ][gc,marking  ] GC(10) Concurrent Rebuild Remembered Sets and Scrub Regions 0.918ms
[2025-09-17T07:42:55.297+0000][184][info ][gc,start    ] GC(10) Pause Cleanup
[2025-09-17T07:42:55.298+0000][184][info ][gc          ] GC(10) Pause Cleanup 48M->48M(1024M) 1.289ms
[2025-09-17T07:42:55.299+0000][184][info ][gc,cpu      ] GC(10) User=0.00s Sys=0.00s Real=0.00s
[2025-09-17T07:42:55.299+0000][184][info ][safepoint   ] Safepoint "G1PauseCleanup", Time since last: 14794125 ns, Reaching safepoint: 2792 ns, Cleanup: 10291 ns, At safepoint: 1978875 ns, Total: 1991958 ns
[2025-09-17T07:42:55.299+0000][184][info ][gc,marking  ] GC(10) Concurrent Clear Claimed Marks
[2025-09-17T07:42:55.299+0000][184][info ][gc,marking  ] GC(10) Concurrent Clear Claimed Marks 0.411ms
[2025-09-17T07:42:55.303+0000][184][info ][gc,marking  ] GC(10) Concurrent Cleanup for Next Mark
[2025-09-17T07:42:55.313+0000][184][info ][gc,marking  ] GC(10) Concurrent Cleanup for Next Mark 9.761ms
[2025-09-17T07:42:55.315+0000][184][info ][gc          ] GC(10) Concurrent Mark Cycle 48.108ms
[2025-09-17T07:42:55.885+0000][184][info ][safepoint   ] Safepoint "ICBufferFull", Time since last: 585501667 ns, Reaching safepoint: 7292 ns, Cleanup: 192750 ns, At safepoint: 12542 ns, Total: 212584 ns
[2025-09-17T07:42:56.083+0000][184][info ][safepoint   ] Safepoint "ICBufferFull", Time since last: 197572375 ns, Reaching safepoint: 257083 ns, Cleanup: 190875 ns, At safepoint: 22792 ns, Total: 470750 ns
[2025-09-17T07:42:57.084+0000][184][info ][safepoint   ] Safepoint "Cleanup", Time since last: 1001044500 ns, Reaching safepoint: 714625 ns, Cleanup: 112834 ns, At safepoint: 17750 ns, Total: 845209 ns
[2025-09-17T07:42:57.486+0000][184][info ][safepoint   ] Safepoint "ICBufferFull", Time since last: 400939125 ns, Reaching safepoint: 6250 ns, Cleanup: 217625 ns, At safepoint: 12916 ns, Total: 236791 ns
[2025-09-17T07:42:57.853+0000][184][info ][safepoint   ] Safepoint "ICBufferFull", Time since last: 367613917 ns, Reaching safepoint: 60125 ns, Cleanup: 99292 ns, At safepoint: 9000 ns, Total: 168417 ns
[2025-09-17T07:42:58.083+0000][184][info ][gc,start    ] GC(11) Pause Young (Normal) (G1 Evacuation Pause)
[2025-09-17T07:42:58.083+0000][184][info ][gc,task     ] GC(11) Using 8 workers of 8 for evacuation
[2025-09-17T07:42:58.084+0000][184][debug][gc,age      ] GC(11) Desired survivor size 41943040 bytes, new threshold 8 (max threshold 15)
[2025-09-17T07:42:58.126+0000][184][info ][gc,phases   ] GC(11)   Pre Evacuate Collection Set: 0.45ms
[2025-09-17T07:42:58.126+0000][184][info ][gc,phases   ] GC(11)   Merge Heap Roots: 0.20ms
[2025-09-17T07:42:58.126+0000][184][info ][gc,phases   ] GC(11)   Evacuate Collection Set: 38.31ms
[2025-09-17T07:42:58.126+0000][184][info ][gc,phases   ] GC(11)   Post Evacuate Collection Set: 3.40ms
[2025-09-17T07:42:58.126+0000][184][info ][gc,phases   ] GC(11)   Other: 0.22ms
[2025-09-17T07:42:58.126+0000][184][trace][gc,age      ] GC(11) Age table with threshold 8 (max threshold 15)
[2025-09-17T07:42:58.126+0000][184][trace][gc,age      ] GC(11) - age   1:   10804088 bytes,   10804088 total
[2025-09-17T07:42:58.126+0000][184][trace][gc,age      ] GC(11) - age   2:    9863896 bytes,   20667984 total
[2025-09-17T07:42:58.126+0000][184][trace][gc,age      ] GC(11) - age   3:    8831976 bytes,   29499960 total
[2025-09-17T07:42:58.127+0000][184][trace][gc,age      ] GC(11) - age   4:      35896 bytes,   29535856 total
[2025-09-17T07:42:58.127+0000][184][trace][gc,age      ] GC(11) - age   5:    8094824 bytes,   37630680 total
[2025-09-17T07:42:58.127+0000][184][trace][gc,age      ] GC(11) - age   6:    5729464 bytes,   43360144 total
[2025-09-17T07:42:58.127+0000][184][trace][gc,age      ] GC(11) - age   7:     397592 bytes,   43757736 total
[2025-09-17T07:42:58.127+0000][184][trace][gc,age      ] GC(11) - age   8:    3974736 bytes,   47732472 total
[2025-09-17T07:42:58.127+0000][184][info ][gc,heap     ] GC(11) Eden regions: 142->0(140)
[2025-09-17T07:42:58.127+0000][184][info ][gc,heap     ] GC(11) Survivor regions: 11->13(20)
[2025-09-17T07:42:58.127+0000][184][info ][gc,heap     ] GC(11) Old regions: 1->2
[2025-09-17T07:42:58.127+0000][184][info ][gc,heap     ] GC(11) Humongous regions: 0->0
[2025-09-17T07:42:58.127+0000][184][info ][gc,metaspace] GC(11) Metaspace: 75264K(77120K)->75264K(77120K) NonClass: 65175K(66304K)->65175K(66304K) Class: 10088K(10816K)->10088K(10816K)
[2025-09-17T07:42:58.127+0000][184][info ][gc          ] GC(11) Pause Young (Normal) (G1 Evacuation Pause) 612M->55M(1024M) 43.477ms
[2025-09-17T07:42:58.127+0000][184][info ][gc,cpu      ] GC(11) User=0.20s Sys=0.01s Real=0.04s
[2025-09-17T07:42:58.127+0000][184][info ][safepoint   ] Safepoint "G1CollectForAllocation", Time since last: 229902625 ns, Reaching safepoint: 3375 ns, Cleanup: 10875 ns, At safepoint: 43593583 ns, Total: 43607833 ns
[2025-09-17T07:42:58.497+0000][184][info ][safepoint   ] Safepoint "ICBufferFull", Time since last: 370474709 ns, Reaching safepoint: 2542 ns, Cleanup: 90666 ns, At safepoint: 4417 ns, Total: 97625 ns
[2025-09-17T07:42:58.834+0000][184][info ][safepoint   ] Safepoint "ICBufferFull", Time since last: 336510667 ns, Reaching safepoint: 5041 ns, Cleanup: 117250 ns, At safepoint: 6250 ns, Total: 128541 ns
[2025-09-17T07:42:59.194+0000][184][info ][safepoint   ] Safepoint "ICBufferFull", Time since last: 360155751 ns, Reaching safepoint: 3041 ns, Cleanup: 76834 ns, At safepoint: 4625 ns, Total: 84500 ns
[2025-09-17T07:42:59.541+0000][184][info ][safepoint   ] Safepoint "ICBufferFull", Time since last: 344915916 ns, Reaching safepoint: 1264542 ns, Cleanup: 418417 ns, At safepoint: 18583 ns, Total: 1701542 ns
[2025-09-17T07:42:59.780+0000][184][info ][gc,start    ] GC(12) Pause Young (Concurrent Start) (Metadata GC Threshold)
[2025-09-17T07:42:59.780+0000][184][info ][gc,task     ] GC(12) Using 8 workers of 8 for evacuation
[2025-09-17T07:42:59.780+0000][184][debug][gc,age      ] GC(12) Desired survivor size 41943040 bytes, new threshold 6 (max threshold 15)
[2025-09-17T07:42:59.802+0000][184][info ][gc,phases   ] GC(12)   Pre Evacuate Collection Set: 0.14ms
[2025-09-17T07:42:59.803+0000][184][info ][gc,phases   ] GC(12)   Merge Heap Roots: 0.07ms
[2025-09-17T07:42:59.803+0000][184][info ][gc,phases   ] GC(12)   Evacuate Collection Set: 20.57ms
[2025-09-17T07:42:59.803+0000][184][info ][gc,phases   ] GC(12)   Post Evacuate Collection Set: 1.64ms
[2025-09-17T07:42:59.803+0000][184][info ][gc,phases   ] GC(12)   Other: 0.15ms
[2025-09-17T07:42:59.803+0000][184][trace][gc,age      ] GC(12) Age table with threshold 6 (max threshold 15)
[2025-09-17T07:42:59.803+0000][184][trace][gc,age      ] GC(12) - age   1:    9775992 bytes,    9775992 total
[2025-09-17T07:42:59.803+0000][184][trace][gc,age      ] GC(12) - age   2:   10468440 bytes,   20244432 total
[2025-09-17T07:42:59.803+0000][184][trace][gc,age      ] GC(12) - age   3:    9698176 bytes,   29942608 total
[2025-09-17T07:42:59.803+0000][184][trace][gc,age      ] GC(12) - age   4:    8815600 bytes,   38758208 total
[2025-09-17T07:42:59.803+0000][184][trace][gc,age      ] GC(12) - age   5:      35640 bytes,   38793848 total
[2025-09-17T07:42:59.803+0000][184][trace][gc,age      ] GC(12) - age   6:    8069688 bytes,   46863536 total
[2025-09-17T07:42:59.803+0000][184][info ][gc,heap     ] GC(12) Eden regions: 83->0(140)
[2025-09-17T07:42:59.803+0000][184][info ][gc,heap     ] GC(12) Survivor regions: 13->13(20)
[2025-09-17T07:42:59.803+0000][184][info ][gc,heap     ] GC(12) Old regions: 2->4
[2025-09-17T07:42:59.803+0000][184][info ][gc,heap     ] GC(12) Humongous regions: 0->0
[2025-09-17T07:42:59.803+0000][184][info ][gc,metaspace] GC(12) Metaspace: 100510K(102528K)->100510K(102528K) NonClass: 86949K(88128K)->86949K(88128K) Class: 13561K(14400K)->13561K(14400K)
[2025-09-17T07:42:59.803+0000][184][info ][gc          ] GC(12) Pause Young (Concurrent Start) (Metadata GC Threshold) 387M->65M(1024M) 23.563ms
[2025-09-17T07:42:59.803+0000][184][info ][gc          ] GC(13) Concurrent Mark Cycle
[2025-09-17T07:42:59.803+0000][184][info ][gc,marking  ] GC(13) Concurrent Scan Root Regions
[2025-09-17T07:42:59.803+0000][184][info ][gc,cpu      ] GC(12) User=0.13s Sys=0.00s Real=0.03s
[2025-09-17T07:42:59.804+0000][184][info ][safepoint   ] Safepoint "CollectForMetadataAllocation", Time since last: 238680334 ns, Reaching safepoint: 3250 ns, Cleanup: 36416 ns, At safepoint: 23922625 ns, Total: 23962291 ns
[2025-09-17T07:42:59.817+0000][184][info ][gc,marking  ] GC(13) Concurrent Scan Root Regions 13.161ms
[2025-09-17T07:42:59.817+0000][184][info ][gc,marking  ] GC(13) Concurrent Mark
[2025-09-17T07:42:59.817+0000][184][info ][gc,marking  ] GC(13) Concurrent Mark From Roots
[2025-09-17T07:42:59.817+0000][184][info ][gc,task     ] GC(13) Using 2 workers of 2 for marking
[2025-09-17T07:42:59.819+0000][184][info ][gc,marking  ] GC(13) Concurrent Mark From Roots 2.319ms
[2025-09-17T07:42:59.819+0000][184][info ][gc,marking  ] GC(13) Concurrent Preclean
[2025-09-17T07:42:59.819+0000][184][info ][gc,marking  ] GC(13) Concurrent Preclean 0.049ms
[2025-09-17T07:42:59.819+0000][184][info ][gc,start    ] GC(13) Pause Remark
[2025-09-17T07:42:59.823+0000][184][info ][gc          ] GC(13) Pause Remark 69M->69M(1024M) 4.058ms
[2025-09-17T07:42:59.823+0000][184][info ][gc,cpu      ] GC(13) User=0.01s Sys=0.00s Real=0.01s
[2025-09-17T07:42:59.823+0000][184][info ][safepoint   ] Safepoint "G1PauseRemark", Time since last: 15544334 ns, Reaching safepoint: 135541 ns, Cleanup: 12334 ns, At safepoint: 4136583 ns, Total: 4284458 ns
[2025-09-17T07:42:59.823+0000][184][info ][gc,marking  ] GC(13) Concurrent Mark 6.846ms
[2025-09-17T07:42:59.824+0000][184][info ][gc,marking  ] GC(13) Concurrent Rebuild Remembered Sets and Scrub Regions
[2025-09-17T07:42:59.825+0000][184][info ][gc,marking  ] GC(13) Concurrent Rebuild Remembered Sets and Scrub Regions 1.155ms
[2025-09-17T07:42:59.825+0000][184][info ][gc,start    ] GC(13) Pause Cleanup
[2025-09-17T07:42:59.825+0000][184][info ][gc          ] GC(13) Pause Cleanup 70M->70M(1024M) 0.046ms
[2025-09-17T07:42:59.825+0000][184][info ][gc,cpu      ] GC(13) User=0.00s Sys=0.00s Real=0.00s
[2025-09-17T07:42:59.825+0000][184][info ][safepoint   ] Safepoint "G1PauseCleanup", Time since last: 1261875 ns, Reaching safepoint: 603458 ns, Cleanup: 9667 ns, At safepoint: 133708 ns, Total: 746833 ns
[2025-09-17T07:42:59.825+0000][184][info ][gc,marking  ] GC(13) Concurrent Clear Claimed Marks
[2025-09-17T07:42:59.826+0000][184][info ][gc,marking  ] GC(13) Concurrent Clear Claimed Marks 0.074ms
[2025-09-17T07:42:59.826+0000][184][info ][gc,marking  ] GC(13) Concurrent Cleanup for Next Mark
[2025-09-17T07:42:59.831+0000][184][info ][gc,marking  ] GC(13) Concurrent Cleanup for Next Mark 5.594ms
[2025-09-17T07:42:59.832+0000][184][info ][gc          ] GC(13) Concurrent Mark Cycle 28.293ms
[2025-09-17T07:43:00.067+0000][184][info ][safepoint   ] Safepoint "ICBufferFull", Time since last: 241199084 ns, Reaching safepoint: 3625 ns, Cleanup: 74166 ns, At safepoint: 9292 ns, Total: 87083 ns
[2025-09-17T07:43:00.731+0000][184][info ][safepoint   ] Safepoint "ICBufferFull", Time since last: 663083875 ns, Reaching safepoint: 3584 ns, Cleanup: 952041 ns, At safepoint: 9417 ns, Total: 965042 ns
[2025-09-17T07:43:01.221+0000][184][info ][safepoint   ] Safepoint "ICBufferFull", Time since last: 488723917 ns, Reaching safepoint: 927458 ns, Cleanup: 106334 ns, At safepoint: 7750 ns, Total: 1041542 ns
[2025-09-17T07:43:01.401+0000][184][info ][safepoint   ] Safepoint "ICBufferFull", Time since last: 180016291 ns, Reaching safepoint: 3042 ns, Cleanup: 75458 ns, At safepoint: 4917 ns, Total: 83417 ns
[2025-09-17T07:43:01.488+0000][184][info ][safepoint   ] Safepoint "ICBufferFull", Time since last: 86175708 ns, Reaching safepoint: 639875 ns, Cleanup: 165334 ns, At safepoint: 30750 ns, Total: 835959 ns
[2025-09-17T07:43:01.553+0000][184][info ][safepoint   ] Safepoint "ICBufferFull", Time since last: 63976916 ns, Reaching safepoint: 780875 ns, Cleanup: 92125 ns, At safepoint: 16125 ns, Total: 889125 ns
[2025-09-17T07:43:01.581+0000][184][info ][safepoint   ] Safepoint "ICBufferFull", Time since last: 28042250 ns, Reaching safepoint: 3292 ns, Cleanup: 89625 ns, At safepoint: 13208 ns, Total: 106125 ns
[2025-09-17T07:43:01.648+0000][184][info ][safepoint   ] Safepoint "ICBufferFull", Time since last: 67437542 ns, Reaching safepoint: 3708 ns, Cleanup: 94834 ns, At safepoint: 5875 ns, Total: 104417 ns
[2025-09-17T07:43:01.792+0000][184][info ][safepoint   ] Safepoint "ICBufferFull", Time since last: 143409125 ns, Reaching safepoint: 8583 ns, Cleanup: 197334 ns, At safepoint: 9333 ns, Total: 215250 ns
[2025-09-17T07:43:01.858+0000][184][info ][safepoint   ] Safepoint "ICBufferFull", Time since last: 66326458 ns, Reaching safepoint: 2792 ns, Cleanup: 76875 ns, At safepoint: 20917 ns, Total: 100584 ns
[2025-09-17T07:43:01.941+0000][184][info ][safepoint   ] Safepoint "ICBufferFull", Time since last: 82310083 ns, Reaching safepoint: 7708 ns, Cleanup: 291542 ns, At safepoint: 11125 ns, Total: 310375 ns
[2025-09-17T07:43:02.309+0000][184][info ][safepoint   ] Safepoint "ICBufferFull", Time since last: 368300792 ns, Reaching safepoint: 3958 ns, Cleanup: 121333 ns, At safepoint: 9334 ns, Total: 134625 ns
[2025-09-17T07:43:02.456+0000][184][info ][safepoint   ] Safepoint "ICBufferFull", Time since last: 146061500 ns, Reaching safepoint: 3625 ns, Cleanup: 104875 ns, At safepoint: 9375 ns, Total: 117875 ns
[2025-09-17T07:43:02.512+0000][184][info ][safepoint   ] Safepoint "ICBufferFull", Time since last: 56356875 ns, Reaching safepoint: 3417 ns, Cleanup: 68041 ns, At safepoint: 13667 ns, Total: 85125 ns
[2025-09-17T07:43:02.723+0000][184][info ][safepoint   ] Safepoint "ICBufferFull", Time since last: 211051167 ns, Reaching safepoint: 9958 ns, Cleanup: 156833 ns, At safepoint: 19667 ns, Total: 186458 ns
[2025-09-17T07:43:02.809+0000][184][info ][safepoint   ] Safepoint "ICBufferFull", Time since last: 85826917 ns, Reaching safepoint: 4250 ns, Cleanup: 78666 ns, At safepoint: 5625 ns, Total: 88541 ns
[2025-09-17T07:43:03.013+0000][184][info ][safepoint   ] Safepoint "ICBufferFull", Time since last: 199647875 ns, Reaching safepoint: 1602500 ns, Cleanup: 200834 ns, At safepoint: 2404000 ns, Total: 4207334 ns
[2025-09-17T07:43:03.138+0000][184][info ][safepoint   ] Safepoint "ICBufferFull", Time since last: 124744166 ns, Reaching safepoint: 15584 ns, Cleanup: 125583 ns, At safepoint: 28917 ns, Total: 170084 ns
[2025-09-17T07:43:03.423+0000][184][info ][safepoint   ] Safepoint "ICBufferFull", Time since last: 284876292 ns, Reaching safepoint: 9833 ns, Cleanup: 107333 ns, At safepoint: 11084 ns, Total: 128250 ns
[2025-09-17T07:43:03.509+0000][184][info ][gc,start    ] GC(14) Pause Young (Normal) (G1 Evacuation Pause)
[2025-09-17T07:43:03.510+0000][184][info ][gc,task     ] GC(14) Using 8 workers of 8 for evacuation
[2025-09-17T07:43:03.510+0000][184][debug][gc,age      ] GC(14) Desired survivor size 41943040 bytes, new threshold 6 (max threshold 15)
[2025-09-17T07:43:03.623+0000][184][info ][gc,phases   ] GC(14)   Pre Evacuate Collection Set: 0.41ms
[2025-09-17T07:43:03.623+0000][184][info ][gc,phases   ] GC(14)   Merge Heap Roots: 0.19ms
[2025-09-17T07:43:03.623+0000][184][info ][gc,phases   ] GC(14)   Evacuate Collection Set: 106.57ms
[2025-09-17T07:43:03.623+0000][184][info ][gc,phases   ] GC(14)   Post Evacuate Collection Set: 5.63ms
[2025-09-17T07:43:03.623+0000][184][info ][gc,phases   ] GC(14)   Other: 0.45ms
[2025-09-17T07:43:03.623+0000][184][trace][gc,age      ] GC(14) Age table with threshold 6 (max threshold 15)
[2025-09-17T07:43:03.623+0000][184][trace][gc,age      ] GC(14) - age   1:   46333384 bytes,   46333384 total
[2025-09-17T07:43:03.623+0000][184][trace][gc,age      ] GC(14) - age   2:    8675664 bytes,   55009048 total
[2025-09-17T07:43:03.623+0000][184][trace][gc,age      ] GC(14) - age   3:   10011192 bytes,   65020240 total
[2025-09-17T07:43:03.623+0000][184][trace][gc,age      ] GC(14) - age   4:    8861536 bytes,   73881776 total
[2025-09-17T07:43:03.623+0000][184][trace][gc,age      ] GC(14) - age   5:    8766368 bytes,   82648144 total
[2025-09-17T07:43:03.624+0000][184][trace][gc,age      ] GC(14) - age   6:      35480 bytes,   82683624 total
[2025-09-17T07:43:03.624+0000][184][info ][gc,heap     ] GC(14) Eden regions: 140->0(133)
[2025-09-17T07:43:03.624+0000][184][info ][gc,heap     ] GC(14) Survivor regions: 13->20(20)
[2025-09-17T07:43:03.624+0000][184][info ][gc,heap     ] GC(14) Old regions: 4->9
[2025-09-17T07:43:03.624+0000][184][info ][gc,heap     ] GC(14) Humongous regions: 2->2
[2025-09-17T07:43:03.624+0000][184][info ][gc,metaspace] GC(14) Metaspace: 139095K(143232K)->139095K(143232K) NonClass: 119387K(121664K)->119387K(121664K) Class: 19707K(21568K)->19707K(21568K)
[2025-09-17T07:43:03.624+0000][184][info ][gc          ] GC(14) Pause Young (Normal) (G1 Evacuation Pause) 633M->121M(1024M) 114.594ms
[2025-09-17T07:43:03.624+0000][184][info ][gc,cpu      ] GC(14) User=0.63s Sys=0.02s Real=0.12s
[2025-09-17T07:43:03.624+0000][184][info ][safepoint   ] Safepoint "G1CollectForAllocation", Time since last: 85400750 ns, Reaching safepoint: 1007041 ns, Cleanup: 50375 ns, At safepoint: 114804917 ns, Total: 115862333 ns
[2025-09-17T07:43:03.691+0000][184][info ][gc,start    ] GC(15) Pause Young (Normal) (G1 Evacuation Pause)
[2025-09-17T07:43:03.692+0000][184][info ][gc,task     ] GC(15) Using 8 workers of 8 for evacuation
[2025-09-17T07:43:03.692+0000][184][debug][gc,age      ] GC(15) Desired survivor size 6291456 bytes, new threshold 1 (max threshold 15)
[2025-09-17T07:43:03.754+0000][184][info ][gc,phases   ] GC(15)   Pre Evacuate Collection Set: 0.12ms
[2025-09-17T07:43:03.754+0000][184][info ][gc,phases   ] GC(15)   Merge Heap Roots: 0.23ms
[2025-09-17T07:43:03.754+0000][184][info ][gc,phases   ] GC(15)   Evacuate Collection Set: 60.58ms
[2025-09-17T07:43:03.754+0000][184][info ][gc,phases   ] GC(15)   Post Evacuate Collection Set: 1.58ms
[2025-09-17T07:43:03.755+0000][184][info ][gc,phases   ] GC(15)   Other: 0.21ms
[2025-09-17T07:43:03.755+0000][184][trace][gc,age      ] GC(15) Age table with threshold 1 (max threshold 15)
[2025-09-17T07:43:03.755+0000][184][trace][gc,age      ] GC(15) - age   1:     510576 bytes,     510576 total
[2025-09-17T07:43:03.755+0000][184][info ][gc,heap     ] GC(15) Eden regions: 3->0(150)
[2025-09-17T07:43:03.755+0000][184][info ][gc,heap     ] GC(15) Survivor regions: 20->3(3)
[2025-09-17T07:43:03.755+0000][184][info ][gc,heap     ] GC(15) Old regions: 9->29
[2025-09-17T07:43:03.755+0000][184][info ][gc,heap     ] GC(15) Humongous regions: 2->2
[2025-09-17T07:43:03.755+0000][184][info ][gc,metaspace] GC(15) Metaspace: 139510K(143616K)->139510K(143616K) NonClass: 119726K(121984K)->119726K(121984K) Class: 19783K(21632K)->19783K(21632K)
[2025-09-17T07:43:03.755+0000][184][info ][gc          ] GC(15) Pause Young (Normal) (G1 Evacuation Pause) 133M->135M(1024M) 63.401ms
[2025-09-17T07:43:03.755+0000][184][info ][gc,cpu      ] GC(15) User=0.32s Sys=0.03s Real=0.06s
[2025-09-17T07:43:03.755+0000][184][info ][safepoint   ] Safepoint "G1CollectForAllocation", Time since last: 67021750 ns, Reaching safepoint: 11875 ns, Cleanup: 263583 ns, At safepoint: 63881584 ns, Total: 64157042 ns
[2025-09-17T07:43:03.872+0000][184][info ][safepoint   ] Safepoint "ICBufferFull", Time since last: 116238583 ns, Reaching safepoint: 12375 ns, Cleanup: 83417 ns, At safepoint: 8750 ns, Total: 104542 ns
[2025-09-17T07:43:04.022+0000][184][info ][safepoint   ] Safepoint "ICBufferFull", Time since last: 149847708 ns, Reaching safepoint: 6542 ns, Cleanup: 86500 ns, At safepoint: 6708 ns, Total: 99750 ns
[2025-09-17T07:43:04.189+0000][184][info ][safepoint   ] Safepoint "ICBufferFull", Time since last: 165841000 ns, Reaching safepoint: 1023792 ns, Cleanup: 134750 ns, At safepoint: 19750 ns, Total: 1178292 ns
[2025-09-17T07:43:04.333+0000][184][info ][safepoint   ] Safepoint "ICBufferFull", Time since last: 144126458 ns, Reaching safepoint: 24834 ns, Cleanup: 194666 ns, At safepoint: 24667 ns, Total: 244167 ns
[2025-09-17T07:43:04.534+0000][184][info ][safepoint   ] Safepoint "ICBufferFull", Time since last: 199578708 ns, Reaching safepoint: 780834 ns, Cleanup: 174875 ns, At safepoint: 269916 ns, Total: 1225625 ns
[2025-09-17T07:43:04.595+0000][184][info ][safepoint   ] Safepoint "ICBufferFull", Time since last: 59731376 ns, Reaching safepoint: 901375 ns, Cleanup: 76583 ns, At safepoint: 34375 ns, Total: 1012333 ns
[2025-09-17T07:43:04.734+0000][184][info ][safepoint   ] Safepoint "ICBufferFull", Time since last: 138844375 ns, Reaching safepoint: 874250 ns, Cleanup: 110583 ns, At safepoint: 20625 ns, Total: 1005458 ns
[2025-09-17T07:43:04.835+0000][184][info ][safepoint   ] Safepoint "ICBufferFull", Time since last: 100103917 ns, Reaching safepoint: 832458 ns, Cleanup: 129250 ns, At safepoint: 24167 ns, Total: 985875 ns
[2025-09-17T07:43:05.077+0000][184][info ][safepoint   ] Safepoint "ICBufferFull", Time since last: 241362583 ns, Reaching safepoint: 24375 ns, Cleanup: 139292 ns, At safepoint: 48917 ns, Total: 212584 ns
[2025-09-17T07:43:05.542+0000][184][info ][safepoint   ] Safepoint "ICBufferFull", Time since last: 464366542 ns, Reaching safepoint: 81500 ns, Cleanup: 120500 ns, At safepoint: 17958 ns, Total: 219958 ns
[2025-09-17T07:43:05.692+0000][184][info ][safepoint   ] Safepoint "ICBufferFull", Time since last: 149004917 ns, Reaching safepoint: 736375 ns, Cleanup: 94875 ns, At safepoint: 24958 ns, Total: 856208 ns
[2025-09-17T07:43:05.758+0000][184][info ][safepoint   ] Safepoint "ICBufferFull", Time since last: 66202375 ns, Reaching safepoint: 610917 ns, Cleanup: 95708 ns, At safepoint: 13792 ns, Total: 720417 ns
[2025-09-17T07:43:05.914+0000][184][info ][safepoint   ] Safepoint "ICBufferFull", Time since last: 155733083 ns, Reaching safepoint: 26083 ns, Cleanup: 123084 ns, At safepoint: 16583 ns, Total: 165750 ns
[2025-09-17T07:43:06.035+0000][184][info ][safepoint   ] Safepoint "ICBufferFull", Time since last: 120654167 ns, Reaching safepoint: 346125 ns, Cleanup: 86208 ns, At safepoint: 22875 ns, Total: 455208 ns
[2025-09-17T07:43:06.225+0000][184][info ][safepoint   ] Safepoint "ICBufferFull", Time since last: 189124334 ns, Reaching safepoint: 9916 ns, Cleanup: 141042 ns, At safepoint: 11208 ns, Total: 162166 ns
[2025-09-17T07:43:06.630+0000][184][info ][safepoint   ] Safepoint "ICBufferFull", Time since last: 405139167 ns, Reaching safepoint: 488458 ns, Cleanup: 74834 ns, At safepoint: 17166 ns, Total: 580458 ns
[2025-09-17T07:43:06.786+0000][184][info ][safepoint   ] Safepoint "ICBufferFull", Time since last: 155804792 ns, Reaching safepoint: 28959 ns, Cleanup: 97166 ns, At safepoint: 9792 ns, Total: 135917 ns
[2025-09-17T07:43:06.920+0000][184][info ][safepoint   ] Safepoint "ICBufferFull", Time since last: 133766083 ns, Reaching safepoint: 12625 ns, Cleanup: 148834 ns, At safepoint: 6875 ns, Total: 168334 ns
[2025-09-17T07:43:07.921+0000][184][info ][safepoint   ] Safepoint "Cleanup", Time since last: 1000351542 ns, Reaching safepoint: 246208 ns, Cleanup: 80458 ns, At safepoint: 14750 ns, Total: 341416 ns
[2025-09-17T07:43:08.925+0000][184][info ][safepoint   ] Safepoint "Cleanup", Time since last: 1004604708 ns, Reaching safepoint: 135084 ns, Cleanup: 39791 ns, At safepoint: 13417 ns, Total: 188292 ns
[2025-09-17T07:43:09.927+0000][184][info ][safepoint   ] Safepoint "Cleanup", Time since last: 1001559750 ns, Reaching safepoint: 112542 ns, Cleanup: 22000 ns, At safepoint: 13250 ns, Total: 147792 ns
[2025-09-17T07:43:10.929+0000][184][info ][safepoint   ] Safepoint "Cleanup", Time since last: 1000895459 ns, Reaching safepoint: 970833 ns, Cleanup: 49334 ns, At safepoint: 14500 ns, Total: 1034667 ns
[2025-09-17T07:43:11.930+0000][184][info ][safepoint   ] Safepoint "Cleanup", Time since last: 1000883542 ns, Reaching safepoint: 72458 ns, Cleanup: 29917 ns, At safepoint: 11000 ns, Total: 113375 ns
[2025-09-17T07:43:12.931+0000][184][info ][safepoint   ] Safepoint "Cleanup", Time since last: 1000853750 ns, Reaching safepoint: 41750 ns, Cleanup: 24959 ns, At safepoint: 5916 ns, Total: 72625 ns
[2025-09-17T07:43:13.932+0000][184][info ][safepoint   ] Safepoint "Cleanup", Time since last: 1000961126 ns, Reaching safepoint: 24125 ns, Cleanup: 26625 ns, At safepoint: 11208 ns, Total: 61958 ns
[2025-09-17T07:43:14.933+0000][184][info ][safepoint   ] Safepoint "Cleanup", Time since last: 1000901667 ns, Reaching safepoint: 18583 ns, Cleanup: 22417 ns, At safepoint: 6917 ns, Total: 47917 ns
[2025-09-17T07:43:15.934+0000][184][info ][safepoint   ] Safepoint "Cleanup", Time since last: 1001131709 ns, Reaching safepoint: 818541 ns, Cleanup: 23500 ns, At safepoint: 13584 ns, Total: 855625 ns
[2025-09-17T07:43:16.936+0000][184][info ][safepoint   ] Safepoint "Cleanup", Time since last: 1001168625 ns, Reaching safepoint: 94167 ns, Cleanup: 54166 ns, At safepoint: 73292 ns, Total: 221625 ns
[2025-09-17T07:43:17.937+0000][184][info ][safepoint   ] Safepoint "Cleanup", Time since last: 1000595042 ns, Reaching safepoint: 63084 ns, Cleanup: 45166 ns, At safepoint: 8167 ns, Total: 116417 ns
[2025-09-17T07:43:18.938+0000][184][info ][safepoint   ] Safepoint "Cleanup", Time since last: 1000895000 ns, Reaching safepoint: 142000 ns, Cleanup: 24875 ns, At safepoint: 7875 ns, Total: 174750 ns
[2025-09-17T07:43:19.970+0000][184][info ][safepoint   ] Safepoint "Cleanup", Time since last: 1001774751 ns, Reaching safepoint: 29991250 ns, Cleanup: 37083 ns, At safepoint: 30375 ns, Total: 30058708 ns
[2025-09-17T07:43:20.204+0000][184][info ][safepoint   ] Safepoint "ICBufferFull", Time since last: 233189792 ns, Reaching safepoint: 768708 ns, Cleanup: 93875 ns, At safepoint: 60542 ns, Total: 923125 ns
[2025-09-17T07:43:20.204+0000][184][info ][safepoint   ] Safepoint "ICBufferFull", Time since last: 307125 ns, Reaching safepoint: 40167 ns, Cleanup: 7541 ns, At safepoint: 9709 ns, Total: 57417 ns
[2025-09-17T07:43:20.283+0000][184][info ][safepoint   ] Safepoint "ICBufferFull", Time since last: 77656916 ns, Reaching safepoint: 949084 ns, Cleanup: 208083 ns, At safepoint: 17375 ns, Total: 1174542 ns
[2025-09-17T07:43:20.285+0000][184][info ][safepoint   ] Safepoint "ICBufferFull", Time since last: 2190958 ns, Reaching safepoint: 25209 ns, Cleanup: 53833 ns, At safepoint: 13042 ns, Total: 92084 ns
[2025-09-17T07:43:20.287+0000][184][info ][safepoint   ] Safepoint "ICBufferFull", Time since last: 1308750 ns, Reaching safepoint: 7666 ns, Cleanup: 75500 ns, At safepoint: 15584 ns, Total: 98750 ns
[2025-09-17T07:43:20.292+0000][184][info ][safepoint   ] Safepoint "ICBufferFull", Time since last: 4877791 ns, Reaching safepoint: 9084 ns, Cleanup: 131416 ns, At safepoint: 10625 ns, Total: 151125 ns
[2025-09-17T07:43:20.333+0000][184][info ][safepoint   ] Safepoint "ICBufferFull", Time since last: 41454292 ns, Reaching safepoint: 31000 ns, Cleanup: 161292 ns, At safepoint: 20916 ns, Total: 213208 ns
[2025-09-17T07:43:20.334+0000][184][info ][safepoint   ] Safepoint "ICBufferFull", Time since last: 623959 ns, Reaching safepoint: 34708 ns, Cleanup: 3500 ns, At safepoint: 27500 ns, Total: 65708 ns
[2025-09-17T07:43:21.003+0000][184][info ][safepoint   ] Safepoint "ICBufferFull", Time since last: 668108417 ns, Reaching safepoint: 541333 ns, Cleanup: 334500 ns, At safepoint: 28959 ns, Total: 904792 ns
[2025-09-17T07:43:21.046+0000][184][info ][gc,start    ] GC(16) Pause Young (Normal) (G1 Evacuation Pause)
[2025-09-17T07:43:21.049+0000][184][info ][gc,task     ] GC(16) Using 8 workers of 8 for evacuation
[2025-09-17T07:43:21.049+0000][184][debug][gc,age      ] GC(16) Desired survivor size 41943040 bytes, new threshold 15 (max threshold 15)
[2025-09-17T07:43:21.109+0000][184][info ][gc,phases   ] GC(16)   Pre Evacuate Collection Set: 0.86ms
[2025-09-17T07:43:21.109+0000][184][info ][gc,phases   ] GC(16)   Merge Heap Roots: 0.21ms
[2025-09-17T07:43:21.109+0000][184][info ][gc,phases   ] GC(16)   Evacuate Collection Set: 55.16ms
[2025-09-17T07:43:21.109+0000][184][info ][gc,phases   ] GC(16)   Post Evacuate Collection Set: 3.25ms
[2025-09-17T07:43:21.109+0000][184][info ][gc,phases   ] GC(16)   Other: 0.51ms
[2025-09-17T07:43:21.109+0000][184][trace][gc,age      ] GC(16) Age table with threshold 15 (max threshold 15)
[2025-09-17T07:43:21.109+0000][184][trace][gc,age      ] GC(16) - age   1:   21566608 bytes,   21566608 total
[2025-09-17T07:43:21.109+0000][184][trace][gc,age      ] GC(16) - age   2:     249032 bytes,   21815640 total
[2025-09-17T07:43:21.109+0000][184][info ][gc,heap     ] GC(16) Eden regions: 150->0(147)
[2025-09-17T07:43:21.110+0000][184][info ][gc,heap     ] GC(16) Survivor regions: 3->6(20)
[2025-09-17T07:43:21.110+0000][184][info ][gc,heap     ] GC(16) Old regions: 29->29
[2025-09-17T07:43:21.110+0000][184][info ][gc,heap     ] GC(16) Humongous regions: 2->2
[2025-09-17T07:43:21.110+0000][184][info ][gc,metaspace] GC(16) Metaspace: 148177K(152256K)->148177K(152256K) NonClass: 127212K(129472K)->127212K(129472K) Class: 20965K(22784K)->20965K(22784K)
[2025-09-17T07:43:21.110+0000][184][info ][gc          ] GC(16) Pause Young (Normal) (G1 Evacuation Pause) 735M->147M(1024M) 64.288ms
[2025-09-17T07:43:21.110+0000][184][info ][gc,cpu      ] GC(16) User=0.33s Sys=0.00s Real=0.07s
[2025-09-17T07:43:21.116+0000][184][info ][safepoint   ] Safepoint "G1CollectForAllocation", Time since last: 41954750 ns, Reaching safepoint: 578625 ns, Cleanup: 61541 ns, At safepoint: 70939125 ns, Total: 71579291 ns
[2025-09-17T07:43:21.314+0000][184][info ][safepoint   ] Safepoint "ICBufferFull", Time since last: 197873626 ns, Reaching safepoint: 11541 ns, Cleanup: 146042 ns, At safepoint: 15583 ns, Total: 173166 ns
[2025-09-17T07:43:21.471+0000][184][info ][safepoint   ] Safepoint "ICBufferFull", Time since last: 156225667 ns, Reaching safepoint: 11708 ns, Cleanup: 110667 ns, At safepoint: 15583 ns, Total: 137958 ns
[2025-09-17T07:43:22.263+0000][184][info ][safepoint   ] Safepoint "ICBufferFull", Time since last: 790107001 ns, Reaching safepoint: 1711833 ns, Cleanup: 114625 ns, At safepoint: 43583 ns, Total: 1870041 ns
[2025-09-17T07:43:22.334+0000][184][info ][safepoint   ] Safepoint "ICBufferFull", Time since last: 69202167 ns, Reaching safepoint: 2078792 ns, Cleanup: 170000 ns, At safepoint: 52791 ns, Total: 2301583 ns
[2025-09-17T07:43:22.441+0000][184][info ][safepoint   ] Safepoint "ICBufferFull", Time since last: 106492834 ns, Reaching safepoint: 16375 ns, Cleanup: 121791 ns, At safepoint: 7667 ns, Total: 145833 ns
[2025-09-17T07:43:22.515+0000][184][info ][safepoint   ] Safepoint "ICBufferFull", Time since last: 74031083 ns, Reaching safepoint: 9459 ns, Cleanup: 67541 ns, At safepoint: 5292 ns, Total: 82292 ns
[2025-09-17T07:43:22.632+0000][184][info ][safepoint   ] Safepoint "ICBufferFull", Time since last: 113555833 ns, Reaching safepoint: 950250 ns, Cleanup: 229500 ns, At safepoint: 1704709 ns, Total: 2884459 ns
[2025-09-17T07:43:22.633+0000][184][info ][safepoint   ] Safepoint "ICBufferFull", Time since last: 502541 ns, Reaching safepoint: 504500 ns, Cleanup: 6084 ns, At safepoint: 31750 ns, Total: 542334 ns
[2025-09-17T07:43:22.637+0000][184][info ][safepoint   ] Safepoint "ICBufferFull", Time since last: 3029208 ns, Reaching safepoint: 917667 ns, Cleanup: 12458 ns, At safepoint: 74167 ns, Total: 1004292 ns
[2025-09-17T07:43:22.693+0000][184][info ][safepoint   ] Safepoint "ICBufferFull", Time since last: 55590000 ns, Reaching safepoint: 326792 ns, Cleanup: 220916 ns, At safepoint: 32917 ns, Total: 580625 ns
[2025-09-17T07:43:22.863+0000][184][info ][safepoint   ] Safepoint "ICBufferFull", Time since last: 169338458 ns, Reaching safepoint: 30750 ns, Cleanup: 435959 ns, At safepoint: 21416 ns, Total: 488125 ns
[2025-09-17T07:43:22.968+0000][184][info ][safepoint   ] Safepoint "ICBufferFull", Time since last: 104660042 ns, Reaching safepoint: 223417 ns, Cleanup: 163291 ns, At safepoint: 28167 ns, Total: 414875 ns
[2025-09-17T07:43:22.971+0000][184][info ][safepoint   ] Safepoint "ICBufferFull", Time since last: 1149667 ns, Reaching safepoint: 1765250 ns, Cleanup: 5541 ns, At safepoint: 115292 ns, Total: 1886083 ns
[2025-09-17T07:43:23.074+0000][184][info ][safepoint   ] Safepoint "ICBufferFull", Time since last: 102461208 ns, Reaching safepoint: 74667 ns, Cleanup: 242458 ns, At safepoint: 81500 ns, Total: 398625 ns
[2025-09-17T07:43:23.162+0000][184][info ][gc,start    ] GC(17) Pause Young (Normal) (G1 Evacuation Pause)
[2025-09-17T07:43:23.162+0000][184][info ][gc,task     ] GC(17) Using 8 workers of 8 for evacuation
[2025-09-17T07:43:23.162+0000][184][debug][gc,age      ] GC(17) Desired survivor size 41943040 bytes, new threshold 15 (max threshold 15)
[2025-09-17T07:43:23.178+0000][184][info ][gc,phases   ] GC(17)   Pre Evacuate Collection Set: 0.19ms
[2025-09-17T07:43:23.178+0000][184][info ][gc,phases   ] GC(17)   Merge Heap Roots: 0.12ms
[2025-09-17T07:43:23.178+0000][184][info ][gc,phases   ] GC(17)   Evacuate Collection Set: 13.03ms
[2025-09-17T07:43:23.179+0000][184][info ][gc,phases   ] GC(17)   Post Evacuate Collection Set: 1.93ms
[2025-09-17T07:43:23.179+0000][184][info ][gc,phases   ] GC(17)   Other: 0.39ms
[2025-09-17T07:43:23.179+0000][184][trace][gc,age      ] GC(17) Age table with threshold 15 (max threshold 15)
[2025-09-17T07:43:23.179+0000][184][trace][gc,age      ] GC(17) - age   1:   10497736 bytes,   10497736 total
[2025-09-17T07:43:23.179+0000][184][trace][gc,age      ] GC(17) - age   2:   20293408 bytes,   30791144 total
[2025-09-17T07:43:23.179+0000][184][trace][gc,age      ] GC(17) - age   3:     248904 bytes,   31040048 total
[2025-09-17T07:43:23.179+0000][184][info ][gc,heap     ] GC(17) Eden regions: 147->0(144)
[2025-09-17T07:43:23.179+0000][184][info ][gc,heap     ] GC(17) Survivor regions: 6->9(20)
[2025-09-17T07:43:23.179+0000][184][info ][gc,heap     ] GC(17) Old regions: 29->29
[2025-09-17T07:43:23.179+0000][184][info ][gc,heap     ] GC(17) Humongous regions: 2->2
[2025-09-17T07:43:23.179+0000][184][info ][gc,metaspace] GC(17) Metaspace: 152388K(156672K)->152388K(156672K) NonClass: 130858K(133248K)->130858K(133248K) Class: 21529K(23424K)->21529K(23424K)
[2025-09-17T07:43:23.179+0000][184][info ][gc          ] GC(17) Pause Young (Normal) (G1 Evacuation Pause) 735M->158M(1024M) 17.571ms
[2025-09-17T07:43:23.180+0000][184][info ][gc,cpu      ] GC(17) User=0.07s Sys=0.00s Real=0.02s
[2025-09-17T07:43:23.180+0000][184][info ][safepoint   ] Safepoint "G1CollectForAllocation", Time since last: 88052500 ns, Reaching safepoint: 45500 ns, Cleanup: 86875 ns, At safepoint: 18147917 ns, Total: 18280292 ns
[2025-09-17T07:43:23.380+0000][184][info ][safepoint   ] Safepoint "ICBufferFull", Time since last: 199919792 ns, Reaching safepoint: 14792 ns, Cleanup: 141000 ns, At safepoint: 11375 ns, Total: 167167 ns
[2025-09-17T07:43:23.636+0000][184][info ][safepoint   ] Safepoint "ICBufferFull", Time since last: 256293041 ns, Reaching safepoint: 11875 ns, Cleanup: 108084 ns, At safepoint: 7875 ns, Total: 127834 ns
[2025-09-17T07:43:23.728+0000][184][info ][gc,start    ] GC(18) Pause Young (Concurrent Start) (CodeCache GC Threshold)
[2025-09-17T07:43:23.728+0000][184][info ][gc,task     ] GC(18) Using 8 workers of 8 for evacuation
[2025-09-17T07:43:23.728+0000][184][debug][gc,age      ] GC(18) Desired survivor size 41943040 bytes, new threshold 15 (max threshold 15)
[2025-09-17T07:43:23.741+0000][184][info ][gc,phases   ] GC(18)   Pre Evacuate Collection Set: 0.24ms
[2025-09-17T07:43:23.741+0000][184][info ][gc,phases   ] GC(18)   Merge Heap Roots: 0.10ms
[2025-09-17T07:43:23.741+0000][184][info ][gc,phases   ] GC(18)   Evacuate Collection Set: 9.76ms
[2025-09-17T07:43:23.741+0000][184][info ][gc,phases   ] GC(18)   Post Evacuate Collection Set: 2.32ms
[2025-09-17T07:43:23.741+0000][184][info ][gc,phases   ] GC(18)   Other: 0.22ms
[2025-09-17T07:43:23.741+0000][184][trace][gc,age      ] GC(18) Age table with threshold 15 (max threshold 15)
[2025-09-17T07:43:23.741+0000][184][trace][gc,age      ] GC(18) - age   1:     830664 bytes,     830664 total
[2025-09-17T07:43:23.742+0000][184][trace][gc,age      ] GC(18) - age   2:    6755496 bytes,    7586160 total
[2025-09-17T07:43:23.742+0000][184][trace][gc,age      ] GC(18) - age   3:   20292048 bytes,   27878208 total
[2025-09-17T07:43:23.742+0000][184][trace][gc,age      ] GC(18) - age   4:     248904 bytes,   28127112 total
[2025-09-17T07:43:23.742+0000][184][info ][gc,heap     ] GC(18) Eden regions: 37->0(145)
[2025-09-17T07:43:23.742+0000][184][info ][gc,heap     ] GC(18) Survivor regions: 9->8(20)
[2025-09-17T07:43:23.742+0000][184][info ][gc,heap     ] GC(18) Old regions: 29->30
[2025-09-17T07:43:23.742+0000][184][info ][gc,heap     ] GC(18) Humongous regions: 2->2
[2025-09-17T07:43:23.742+0000][184][info ][gc,metaspace] GC(18) Metaspace: 152638K(156864K)->152638K(156864K) NonClass: 131105K(133440K)->131105K(133440K) Class: 21532K(23424K)->21532K(23424K)
[2025-09-17T07:43:23.742+0000][184][info ][gc          ] GC(18) Pause Young (Concurrent Start) (CodeCache GC Threshold) (Evacuation Failure: Pinned) 304M->157M(1024M) 14.526ms
[2025-09-17T07:43:23.743+0000][184][info ][gc,cpu      ] GC(18) User=0.06s Sys=0.01s Real=0.02s
[2025-09-17T07:43:23.743+0000][184][info ][safepoint   ] Safepoint "G1TryInitiateConcMark", Time since last: 91377083 ns, Reaching safepoint: 30042 ns, Cleanup: 23458 ns, At safepoint: 14805750 ns, Total: 14859250 ns
[2025-09-17T07:43:23.743+0000][184][info ][gc          ] GC(19) Concurrent Mark Cycle
[2025-09-17T07:43:23.743+0000][184][info ][gc,marking  ] GC(19) Concurrent Scan Root Regions
[2025-09-17T07:43:23.758+0000][184][info ][gc,marking  ] GC(19) Concurrent Scan Root Regions 14.902ms
[2025-09-17T07:43:23.758+0000][184][info ][gc,marking  ] GC(19) Concurrent Mark
[2025-09-17T07:43:23.758+0000][184][info ][gc,marking  ] GC(19) Concurrent Mark From Roots
[2025-09-17T07:43:23.759+0000][184][info ][gc,task     ] GC(19) Using 2 workers of 2 for marking
[2025-09-17T07:43:23.865+0000][184][info ][gc,marking  ] GC(19) Concurrent Mark From Roots 106.574ms
[2025-09-17T07:43:23.865+0000][184][info ][gc,marking  ] GC(19) Concurrent Preclean
[2025-09-17T07:43:23.866+0000][184][info ][gc,marking  ] GC(19) Concurrent Preclean 0.587ms
[2025-09-17T07:43:23.868+0000][184][info ][gc,start    ] GC(19) Pause Remark
[2025-09-17T07:43:23.939+0000][184][info ][gc          ] GC(19) Pause Remark 168M->168M(1024M) 71.253ms
[2025-09-17T07:43:23.939+0000][184][info ][gc,cpu      ] GC(19) User=0.31s Sys=0.01s Real=0.07s
[2025-09-17T07:43:23.939+0000][184][info ][safepoint   ] Safepoint "G1PauseRemark", Time since last: 123923792 ns, Reaching safepoint: 1096541 ns, Cleanup: 65042 ns, At safepoint: 71694208 ns, Total: 72855791 ns
[2025-09-17T07:43:23.943+0000][184][info ][gc,marking  ] GC(19) Concurrent Mark 184.608ms
[2025-09-17T07:43:23.943+0000][184][info ][gc,marking  ] GC(19) Concurrent Rebuild Remembered Sets and Scrub Regions
[2025-09-17T07:43:23.975+0000][184][info ][gc,marking  ] GC(19) Concurrent Rebuild Remembered Sets and Scrub Regions 31.693ms
[2025-09-17T07:43:23.976+0000][184][info ][gc,start    ] GC(19) Pause Cleanup
[2025-09-17T07:43:23.976+0000][184][info ][gc          ] GC(19) Pause Cleanup 169M->169M(1024M) 0.185ms
[2025-09-17T07:43:23.976+0000][184][info ][gc,cpu      ] GC(19) User=0.00s Sys=0.00s Real=0.00s
[2025-09-17T07:43:23.976+0000][184][info ][safepoint   ] Safepoint "G1PauseCleanup", Time since last: 35538750 ns, Reaching safepoint: 1138750 ns, Cleanup: 14917 ns, At safepoint: 364208 ns, Total: 1517875 ns
[2025-09-17T07:43:23.977+0000][184][info ][gc,marking  ] GC(19) Concurrent Clear Claimed Marks
[2025-09-17T07:43:23.977+0000][184][info ][gc,marking  ] GC(19) Concurrent Clear Claimed Marks 0.479ms
[2025-09-17T07:43:23.977+0000][184][info ][gc,marking  ] GC(19) Concurrent Cleanup for Next Mark
[2025-09-17T07:43:23.984+0000][184][info ][gc,marking  ] GC(19) Concurrent Cleanup for Next Mark 7.097ms
[2025-09-17T07:43:23.984+0000][184][info ][gc          ] GC(19) Concurrent Mark Cycle 241.918ms
[2025-09-17T07:43:24.129+0000][184][info ][safepoint   ] Safepoint "ICBufferFull", Time since last: 152133459 ns, Reaching safepoint: 32042 ns, Cleanup: 142291 ns, At safepoint: 9917 ns, Total: 184250 ns
[2025-09-17T07:43:24.338+0000][184][info ][safepoint   ] Safepoint "ICBufferFull", Time since last: 208692458 ns, Reaching safepoint: 13042 ns, Cleanup: 129708 ns, At safepoint: 6625 ns, Total: 149375 ns
[2025-09-17T07:43:24.488+0000][184][info ][safepoint   ] Safepoint "ICBufferFull", Time since last: 149887584 ns, Reaching safepoint: 15375 ns, Cleanup: 119833 ns, At safepoint: 14667 ns, Total: 149875 ns
[2025-09-17T07:43:24.597+0000][184][info ][safepoint   ] Safepoint "ICBufferFull", Time since last: 108970208 ns, Reaching safepoint: 12000 ns, Cleanup: 124417 ns, At safepoint: 8958 ns, Total: 145375 ns
[2025-09-17T07:43:25.433+0000][184][info ][safepoint   ] Safepoint "ICBufferFull", Time since last: 835818542 ns, Reaching safepoint: 11333 ns, Cleanup: 151084 ns, At safepoint: 8000 ns, Total: 170417 ns
[2025-09-17T07:43:25.570+0000][184][info ][safepoint   ] Safepoint "ICBufferFull", Time since last: 137296125 ns, Reaching safepoint: 4792 ns, Cleanup: 83916 ns, At safepoint: 4459 ns, Total: 93167 ns
[2025-09-17T07:43:26.449+0000][184][info ][safepoint   ] Safepoint "ICBufferFull", Time since last: 877246542 ns, Reaching safepoint: 1273208 ns, Cleanup: 129167 ns, At safepoint: 19666 ns, Total: 1422041 ns
[2025-09-17T07:43:27.949+0000][184][info ][safepoint   ] Safepoint "ICBufferFull", Time since last: 1500360418 ns, Reaching safepoint: 53416 ns, Cleanup: 224667 ns, At safepoint: 20750 ns, Total: 298833 ns
[2025-09-17T07:43:28.951+0000][184][info ][safepoint   ] Safepoint "Cleanup", Time since last: 1001017167 ns, Reaching safepoint: 114667 ns, Cleanup: 18375 ns, At safepoint: 18958 ns, Total: 152000 ns
[2025-09-17T07:43:29.952+0000][184][info ][safepoint   ] Safepoint "Cleanup", Time since last: 1001003584 ns, Reaching safepoint: 46875 ns, Cleanup: 112833 ns, At safepoint: 12750 ns, Total: 172458 ns
[2025-09-17T07:43:30.960+0000][184][info ][safepoint   ] Safepoint "ICBufferFull", Time since last: 1006612167 ns, Reaching safepoint: 1242792 ns, Cleanup: 229250 ns, At safepoint: 36625 ns, Total: 1508667 ns
[2025-09-17T07:43:31.961+0000][184][info ][safepoint   ] Safepoint "Cleanup", Time since last: 1000857417 ns, Reaching safepoint: 88125 ns, Cleanup: 19792 ns, At safepoint: 26708 ns, Total: 134625 ns
[2025-09-17T07:43:32.963+0000][184][info ][safepoint   ] Safepoint "Cleanup", Time since last: 1001707209 ns, Reaching safepoint: 69250 ns, Cleanup: 175083 ns, At safepoint: 24959 ns, Total: 269292 ns
[2025-09-17T07:43:33.964+0000][184][info ][safepoint   ] Safepoint "Cleanup", Time since last: 1000561500 ns, Reaching safepoint: 21292 ns, Cleanup: 19208 ns, At safepoint: 11667 ns, Total: 52167 ns
[2025-09-17T07:43:35.075+0000][184][info ][safepoint   ] Safepoint "ICBufferFull", Time since last: 1111675667 ns, Reaching safepoint: 17375 ns, Cleanup: 163125 ns, At safepoint: 20500 ns, Total: 201000 ns
[2025-09-17T07:43:36.077+0000][184][info ][safepoint   ] Safepoint "Cleanup", Time since last: 1001304542 ns, Reaching safepoint: 24084 ns, Cleanup: 44625 ns, At safepoint: 6250 ns, Total: 74959 ns
[2025-09-17T07:43:38.071+0000][184][info ][safepoint   ] Safepoint "Cleanup", Time since last: 1993706334 ns, Reaching safepoint: 32792 ns, Cleanup: 115750 ns, At safepoint: 14333 ns, Total: 162875 ns
[2025-09-17T07:43:38.746+0000][184][info ][safepoint   ] Safepoint "ICBufferFull", Time since last: 674627541 ns, Reaching safepoint: 10000 ns, Cleanup: 108209 ns, At safepoint: 24166 ns, Total: 142375 ns
[2025-09-17T07:43:38.748+0000][184][info ][safepoint   ] Safepoint "ICBufferFull", Time since last: 227167 ns, Reaching safepoint: 970167 ns, Cleanup: 6000 ns, At safepoint: 23291 ns, Total: 999458 ns
[2025-09-17T07:43:38.856+0000][184][info ][safepoint   ] Safepoint "ICBufferFull", Time since last: 108614000 ns, Reaching safepoint: 11167 ns, Cleanup: 49625 ns, At safepoint: 9917 ns, Total: 70709 ns
[2025-09-17T07:43:38.858+0000][184][info ][safepoint   ] Safepoint "ICBufferFull", Time since last: 190125 ns, Reaching safepoint: 1180583 ns, Cleanup: 8250 ns, At safepoint: 16500 ns, Total: 1205333 ns
[2025-09-17T07:43:38.859+0000][184][info ][safepoint   ] Safepoint "ICBufferFull", Time since last: 105500 ns, Reaching safepoint: 790875 ns, Cleanup: 9583 ns, At safepoint: 15292 ns, Total: 815750 ns
[2025-09-17T07:43:39.860+0000][184][info ][safepoint   ] Safepoint "Cleanup", Time since last: 1001082584 ns, Reaching safepoint: 145500 ns, Cleanup: 195958 ns, At safepoint: 21917 ns, Total: 363375 ns
[2025-09-17T07:43:40.407+0000][184][info ][safepoint   ] Safepoint "ICBufferFull", Time since last: 546997083 ns, Reaching safepoint: 17625 ns, Cleanup: 133375 ns, At safepoint: 14792 ns, Total: 165792 ns
[2025-09-17T07:43:41.729+0000][184][info ][safepoint   ] Safepoint "Cleanup", Time since last: 1321354876 ns, Reaching safepoint: 121666 ns, Cleanup: 284334 ns, At safepoint: 15750 ns, Total: 421750 ns
[2025-09-17T07:43:42.733+0000][184][info ][safepoint   ] Safepoint "Cleanup", Time since last: 1003694792 ns, Reaching safepoint: 59333 ns, Cleanup: 23208 ns, At safepoint: 19042 ns, Total: 101583 ns
[2025-09-17T07:43:43.734+0000][184][info ][safepoint   ] Safepoint "Cleanup", Time since last: 1000779584 ns, Reaching safepoint: 23625 ns, Cleanup: 15083 ns, At safepoint: 8042 ns, Total: 46750 ns
[2025-09-17T07:43:44.735+0000][184][info ][safepoint   ] Safepoint "Cleanup", Time since last: 1001246750 ns, Reaching safepoint: 94250 ns, Cleanup: 256500 ns, At safepoint: 23042 ns, Total: 373792 ns
[2025-09-17T07:43:45.738+0000][184][info ][safepoint   ] Safepoint "Cleanup", Time since last: 1002640501 ns, Reaching safepoint: 27625 ns, Cleanup: 49000 ns, At safepoint: 12875 ns, Total: 89500 ns
[2025-09-17T07:43:46.351+0000][184][info ][safepoint   ] Safepoint "ICBufferFull", Time since last: 612803208 ns, Reaching safepoint: 62583 ns, Cleanup: 101292 ns, At safepoint: 15625 ns, Total: 179500 ns
[2025-09-17T07:43:47.354+0000][184][info ][safepoint   ] Safepoint "Cleanup", Time since last: 1002690917 ns, Reaching safepoint: 106167 ns, Cleanup: 102500 ns, At safepoint: 17375 ns, Total: 226042 ns
[2025-09-17T07:43:48.355+0000][184][info ][safepoint   ] Safepoint "Cleanup", Time since last: 1001350417 ns, Reaching safepoint: 78292 ns, Cleanup: 99208 ns, At safepoint: 16958 ns, Total: 194458 ns
[2025-09-17T07:43:49.409+0000][184][info ][safepoint   ] Safepoint "Cleanup", Time since last: 1053825209 ns, Reaching safepoint: 72625 ns, Cleanup: 44917 ns, At safepoint: 27417 ns, Total: 144959 ns
[2025-09-17T07:43:50.411+0000][184][info ][safepoint   ] Safepoint "Cleanup", Time since last: 1001079583 ns, Reaching safepoint: 25542 ns, Cleanup: 54792 ns, At safepoint: 34583 ns, Total: 114917 ns
[2025-09-17T07:43:51.412+0000][184][info ][safepoint   ] Safepoint "Cleanup", Time since last: 1000885709 ns, Reaching safepoint: 171792 ns, Cleanup: 138458 ns, At safepoint: 18667 ns, Total: 328917 ns
[2025-09-17T07:43:52.413+0000][184][info ][safepoint   ] Safepoint "Cleanup", Time since last: 1000712333 ns, Reaching safepoint: 54375 ns, Cleanup: 61542 ns, At safepoint: 12167 ns, Total: 128084 ns
[2025-09-17T07:43:53.414+0000][184][info ][safepoint   ] Safepoint "Cleanup", Time since last: 1000812292 ns, Reaching safepoint: 35333 ns, Cleanup: 171000 ns, At safepoint: 16417 ns, Total: 222750 ns
[2025-09-17T07:43:54.415+0000][184][info ][safepoint   ] Safepoint "Cleanup", Time since last: 1001360500 ns, Reaching safepoint: 83417 ns, Cleanup: 65458 ns, At safepoint: 19834 ns, Total: 168709 ns
[2025-09-17T07:43:55.420+0000][184][info ][safepoint   ] Safepoint "Cleanup", Time since last: 1005131125 ns, Reaching safepoint: 77125 ns, Cleanup: 43750 ns, At safepoint: 31292 ns, Total: 152167 ns
[2025-09-17T07:43:56.423+0000][184][info ][safepoint   ] Safepoint "Cleanup", Time since last: 1000962042 ns, Reaching safepoint: 1202792 ns, Cleanup: 30708 ns, At safepoint: 27500 ns, Total: 1261000 ns
[2025-09-17T07:43:58.424+0000][184][info ][safepoint   ] Safepoint "Cleanup", Time since last: 2001249834 ns, Reaching safepoint: 69334 ns, Cleanup: 77416 ns, At safepoint: 19750 ns, Total: 166500 ns
[2025-09-17T07:43:59.426+0000][184][info ][safepoint   ] Safepoint "Cleanup", Time since last: 1001945459 ns, Reaching safepoint: 10833 ns, Cleanup: 27209 ns, At safepoint: 3833 ns, Total: 41875 ns
[2025-09-17T07:44:00.428+0000][184][info ][safepoint   ] Safepoint "Cleanup", Time since last: 1001195042 ns, Reaching safepoint: 137792 ns, Cleanup: 267542 ns, At safepoint: 53583 ns, Total: 458917 ns
[2025-09-17T07:44:01.432+0000][184][info ][safepoint   ] Safepoint "Cleanup", Time since last: 1003774709 ns, Reaching safepoint: 92875 ns, Cleanup: 26208 ns, At safepoint: 11083 ns, Total: 130166 ns
[2025-09-17T07:44:02.433+0000][184][info ][safepoint   ] Safepoint "Cleanup", Time since last: 1001336834 ns, Reaching safepoint: 74625 ns, Cleanup: 17167 ns, At safepoint: 10333 ns, Total: 102125 ns
[2025-09-17T07:44:03.436+0000][184][info ][safepoint   ] Safepoint "Cleanup", Time since last: 1002758459 ns, Reaching safepoint: 151750 ns, Cleanup: 79417 ns, At safepoint: 12958 ns, Total: 244125 ns
[2025-09-17T07:44:04.438+0000][184][info ][safepoint   ] Safepoint "Cleanup", Time since last: 1001743917 ns, Reaching safepoint: 75042 ns, Cleanup: 17791 ns, At safepoint: 5459 ns, Total: 98292 ns
[2025-09-17T07:44:04.675+0000][184][info ][safepoint   ] Safepoint "ICBufferFull", Time since last: 237369542 ns, Reaching safepoint: 18000 ns, Cleanup: 99458 ns, At safepoint: 7750 ns, Total: 125208 ns
[2025-09-17T07:44:04.677+0000][184][info ][safepoint   ] Safepoint "ICBufferFull", Time since last: 122667 ns, Reaching safepoint: 1010708 ns, Cleanup: 2958 ns, At safepoint: 7875 ns, Total: 1021541 ns
[2025-09-17T07:44:05.746+0000][184][info ][safepoint   ] Safepoint "ICBufferFull", Time since last: 1068723209 ns, Reaching safepoint: 114583 ns, Cleanup: 233750 ns, At safepoint: 14625 ns, Total: 362958 ns
[2025-09-17T07:44:06.747+0000][184][info ][safepoint   ] Safepoint "Cleanup", Time since last: 1000756209 ns, Reaching safepoint: 29834 ns, Cleanup: 71875 ns, At safepoint: 12833 ns, Total: 114542 ns
[2025-09-17T07:44:06.924+0000][184][info ][gc,start    ] GC(20) Pause Young (Prepare Mixed) (G1 Evacuation Pause)
[2025-09-17T07:44:06.924+0000][184][info ][gc,task     ] GC(20) Using 8 workers of 8 for evacuation
[2025-09-17T07:44:06.924+0000][184][debug][gc,age      ] GC(20) Desired survivor size 41943040 bytes, new threshold 15 (max threshold 15)
[2025-09-17T07:44:06.955+0000][184][info ][gc,phases   ] GC(20)   Pre Evacuate Collection Set: 0.57ms
[2025-09-17T07:44:06.955+0000][184][info ][gc,phases   ] GC(20)   Merge Heap Roots: 0.20ms
[2025-09-17T07:44:06.955+0000][184][info ][gc,phases   ] GC(20)   Evacuate Collection Set: 28.08ms
[2025-09-17T07:44:06.955+0000][184][info ][gc,phases   ] GC(20)   Post Evacuate Collection Set: 2.04ms
[2025-09-17T07:44:06.956+0000][184][info ][gc,phases   ] GC(20)   Other: 0.48ms
[2025-09-17T07:44:06.956+0000][184][trace][gc,age      ] GC(20) Age table with threshold 15 (max threshold 15)
[2025-09-17T07:44:06.956+0000][184][trace][gc,age      ] GC(20) - age   1:   12701752 bytes,   12701752 total
[2025-09-17T07:44:06.956+0000][184][trace][gc,age      ] GC(20) - age   2:     309512 bytes,   13011264 total
[2025-09-17T07:44:06.956+0000][184][trace][gc,age      ] GC(20) - age   3:    3402832 bytes,   16414096 total
[2025-09-17T07:44:06.956+0000][184][trace][gc,age      ] GC(20) - age   4:   19086424 bytes,   35500520 total
[2025-09-17T07:44:06.956+0000][184][trace][gc,age      ] GC(20) - age   5:     248312 bytes,   35748832 total
[2025-09-17T07:44:06.956+0000][184][info ][gc,heap     ] GC(20) Eden regions: 145->0(143)
[2025-09-17T07:44:06.956+0000][184][info ][gc,heap     ] GC(20) Survivor regions: 8->10(20)
[2025-09-17T07:44:06.956+0000][184][info ][gc,heap     ] GC(20) Old regions: 30->30
[2025-09-17T07:44:06.956+0000][184][info ][gc,heap     ] GC(20) Humongous regions: 2->2
[2025-09-17T07:44:06.956+0000][184][info ][gc,metaspace] GC(20) Metaspace: 155641K(160128K)->155641K(160128K) NonClass: 133855K(136320K)->133855K(136320K) Class: 21786K(23808K)->21786K(23808K)
[2025-09-17T07:44:06.956+0000][184][info ][gc          ] GC(20) Pause Young (Prepare Mixed) (G1 Evacuation Pause) 737M->160M(1024M) 32.253ms
[2025-09-17T07:44:06.956+0000][184][info ][gc,cpu      ] GC(20) User=0.17s Sys=0.00s Real=0.03s
[2025-09-17T07:44:06.956+0000][184][info ][safepoint   ] Safepoint "G1CollectForAllocation", Time since last: 177015458 ns, Reaching safepoint: 16084 ns, Cleanup: 67041 ns, At safepoint: 32419584 ns, Total: 32502709 ns
[2025-09-17T07:44:08.103+0000][184][info ][safepoint   ] Safepoint "Cleanup", Time since last: 1145417125 ns, Reaching safepoint: 172500 ns, Cleanup: 941000 ns, At safepoint: 37209 ns, Total: 1150709 ns
[2025-09-17T07:44:09.101+0000][184][info ][safepoint   ] Safepoint "Cleanup", Time since last: 1001052833 ns, Reaching safepoint: 129667 ns, Cleanup: 51791 ns, At safepoint: 26042 ns, Total: 207500 ns
[2025-09-17T07:44:10.102+0000][184][info ][safepoint   ] Safepoint "Cleanup", Time since last: 1001039584 ns, Reaching safepoint: 88625 ns, Cleanup: 40042 ns, At safepoint: 13291 ns, Total: 141958 ns
[2025-09-17T07:44:11.103+0000][184][info ][safepoint   ] Safepoint "Cleanup", Time since last: 1000602917 ns, Reaching safepoint: 38917 ns, Cleanup: 65417 ns, At safepoint: 13166 ns, Total: 117500 ns
[2025-09-17T07:44:12.104+0000][184][info ][safepoint   ] Safepoint "Cleanup", Time since last: 1000862542 ns, Reaching safepoint: 109875 ns, Cleanup: 37792 ns, At safepoint: 8333 ns, Total: 156000 ns
[2025-09-17T07:44:13.105+0000][184][info ][safepoint   ] Safepoint "Cleanup", Time since last: 1000948668 ns, Reaching safepoint: 85833 ns, Cleanup: 60708 ns, At safepoint: 25792 ns, Total: 172333 ns
[2025-09-17T07:44:14.106+0000][184][info ][safepoint   ] Safepoint "Cleanup", Time since last: 1000547167 ns, Reaching safepoint: 87917 ns, Cleanup: 31708 ns, At safepoint: 84542 ns, Total: 204167 ns
[2025-09-17T07:44:15.107+0000][184][info ][safepoint   ] Safepoint "Cleanup", Time since last: 1000731209 ns, Reaching safepoint: 51000 ns, Cleanup: 146625 ns, At safepoint: 8958 ns, Total: 206583 ns
[2025-09-17T07:44:16.108+0000][184][info ][safepoint   ] Safepoint "Cleanup", Time since last: 1000825417 ns, Reaching safepoint: 70208 ns, Cleanup: 40459 ns, At safepoint: 12625 ns, Total: 123292 ns
[2025-09-17T07:44:17.109+0000][184][info ][safepoint   ] Safepoint "Cleanup", Time since last: 1000922917 ns, Reaching safepoint: 51542 ns, Cleanup: 28541 ns, At safepoint: 12667 ns, Total: 92750 ns
[2025-09-17T07:44:18.110+0000][184][info ][safepoint   ] Safepoint "Cleanup", Time since last: 1001008250 ns, Reaching safepoint: 77292 ns, Cleanup: 79500 ns, At safepoint: 14750 ns, Total: 171542 ns
[2025-09-17T07:44:20.115+0000][184][info ][safepoint   ] Safepoint "Cleanup", Time since last: 2004730876 ns, Reaching safepoint: 45417 ns, Cleanup: 62750 ns, At safepoint: 11208 ns, Total: 119375 ns
[2025-09-17T07:44:20.468+0000][184][info ][safepoint   ] Safepoint "ICBufferFull", Time since last: 352846833 ns, Reaching safepoint: 13000 ns, Cleanup: 147250 ns, At safepoint: 8500 ns, Total: 168750 ns
[2025-09-17T07:44:21.821+0000][184][info ][safepoint   ] Safepoint "Cleanup", Time since last: 1353640334 ns, Reaching safepoint: 54792 ns, Cleanup: 180292 ns, At safepoint: 12458 ns, Total: 247542 ns
[2025-09-17T07:44:22.823+0000][184][info ][safepoint   ] Safepoint "Cleanup", Time since last: 1001644334 ns, Reaching safepoint: 83292 ns, Cleanup: 254625 ns, At safepoint: 27625 ns, Total: 365542 ns
[2025-09-17T07:44:23.634+0000][184][info ][safepoint   ] Safepoint "ICBufferFull", Time since last: 810737125 ns, Reaching safepoint: 12500 ns, Cleanup: 156667 ns, At safepoint: 10916 ns, Total: 180083 ns
[2025-09-17T07:44:25.422+0000][184][info ][safepoint   ] Safepoint "ICBufferFull", Time since last: 1786629459 ns, Reaching safepoint: 377667 ns, Cleanup: 835833 ns, At safepoint: 35167 ns, Total: 1248667 ns
[2025-09-17T07:44:26.519+0000][184][info ][safepoint   ] Safepoint "Cleanup", Time since last: 1096337251 ns, Reaching safepoint: 42875 ns, Cleanup: 112083 ns, At safepoint: 11542 ns, Total: 166500 ns
[2025-09-17T07:44:28.521+0000][184][info ][safepoint   ] Safepoint "Cleanup", Time since last: 2002058959 ns, Reaching safepoint: 197958 ns, Cleanup: 103875 ns, At safepoint: 14667 ns, Total: 316500 ns
[2025-09-17T07:44:29.523+0000][184][info ][safepoint   ] Safepoint "Cleanup", Time since last: 1001514917 ns, Reaching safepoint: 38958 ns, Cleanup: 84167 ns, At safepoint: 12875 ns, Total: 136000 ns
[2025-09-17T07:44:30.523+0000][184][info ][safepoint   ] Safepoint "Cleanup", Time since last: 1000540792 ns, Reaching safepoint: 20250 ns, Cleanup: 40500 ns, At safepoint: 7625 ns, Total: 68375 ns
[2025-09-17T07:44:31.528+0000][184][info ][safepoint   ] Safepoint "Cleanup", Time since last: 1004369417 ns, Reaching safepoint: 181959 ns, Cleanup: 66208 ns, At safepoint: 16542 ns, Total: 264709 ns
[2025-09-17T07:44:32.530+0000][184][info ][safepoint   ] Safepoint "Cleanup", Time since last: 1001516125 ns, Reaching safepoint: 19084 ns, Cleanup: 20458 ns, At safepoint: 6917 ns, Total: 46459 ns
[2025-09-17T07:44:33.533+0000][184][info ][safepoint   ] Safepoint "Cleanup", Time since last: 1003145250 ns, Reaching safepoint: 84458 ns, Cleanup: 75042 ns, At safepoint: 16292 ns, Total: 175792 ns
[2025-09-17T07:44:34.534+0000][184][info ][safepoint   ] Safepoint "Cleanup", Time since last: 1000530042 ns, Reaching safepoint: 117541 ns, Cleanup: 37375 ns, At safepoint: 20917 ns, Total: 175833 ns
[2025-09-17T07:44:35.062+0000][184][info ][safepoint   ] Safepoint "ICBufferFull", Time since last: 528683334 ns, Reaching safepoint: 5625 ns, Cleanup: 96250 ns, At safepoint: 5375 ns, Total: 107250 ns
[2025-09-17T07:44:36.105+0000][184][info ][safepoint   ] Safepoint "Cleanup", Time since last: 1042186209 ns, Reaching safepoint: 60375 ns, Cleanup: 51500 ns, At safepoint: 12708 ns, Total: 124583 ns
[2025-09-17T07:44:37.106+0000][184][info ][safepoint   ] Safepoint "Cleanup", Time since last: 1000700417 ns, Reaching safepoint: 25542 ns, Cleanup: 24291 ns, At safepoint: 9000 ns, Total: 58833 ns
[2025-09-17T07:44:38.107+0000][184][info ][safepoint   ] Safepoint "Cleanup", Time since last: 1001433084 ns, Reaching safepoint: 57417 ns, Cleanup: 27208 ns, At safepoint: 10250 ns, Total: 94875 ns
[2025-09-17T07:44:39.110+0000][184][info ][safepoint   ] Safepoint "Cleanup", Time since last: 1000422375 ns, Reaching safepoint: 124334 ns, Cleanup: 65333 ns, At safepoint: 27917 ns, Total: 217584 ns
[2025-09-17T07:44:40.112+0000][184][info ][safepoint   ] Safepoint "Cleanup", Time since last: 1001426834 ns, Reaching safepoint: 236166 ns, Cleanup: 51334 ns, At safepoint: 22458 ns, Total: 309958 ns
[2025-09-17T07:44:40.179+0000][184][info ][safepoint   ] Safepoint "ICBufferFull", Time since last: 66548875 ns, Reaching safepoint: 9958 ns, Cleanup: 67084 ns, At safepoint: 10291 ns, Total: 87333 ns
[2025-09-17T07:44:40.425+0000][184][info ][safepoint   ] Safepoint "ICBufferFull", Time since last: 245993792 ns, Reaching safepoint: 16042 ns, Cleanup: 137583 ns, At safepoint: 11583 ns, Total: 165208 ns
[2025-09-17T07:44:41.426+0000][184][info ][safepoint   ] Safepoint "Cleanup", Time since last: 1001217792 ns, Reaching safepoint: 23792 ns, Cleanup: 43917 ns, At safepoint: 16125 ns, Total: 83834 ns
[2025-09-17T07:44:42.427+0000][184][info ][safepoint   ] Safepoint "Cleanup", Time since last: 1000943542 ns, Reaching safepoint: 61750 ns, Cleanup: 35250 ns, At safepoint: 20042 ns, Total: 117042 ns
[2025-09-17T07:44:44.429+0000][184][info ][safepoint   ] Safepoint "Cleanup", Time since last: 2001796209 ns, Reaching safepoint: 56167 ns, Cleanup: 15458 ns, At safepoint: 13250 ns, Total: 84875 ns
[2025-09-17T07:44:45.432+0000][184][info ][safepoint   ] Safepoint "Cleanup", Time since last: 1003000625 ns, Reaching safepoint: 48667 ns, Cleanup: 40667 ns, At safepoint: 31916 ns, Total: 121250 ns
[2025-09-17T07:44:46.433+0000][184][info ][safepoint   ] Safepoint "Cleanup", Time since last: 1001074793 ns, Reaching safepoint: 55208 ns, Cleanup: 76708 ns, At safepoint: 13084 ns, Total: 145000 ns
[2025-09-17T07:44:47.436+0000][184][info ][safepoint   ] Safepoint "Cleanup", Time since last: 1001610375 ns, Reaching safepoint: 1164125 ns, Cleanup: 29958 ns, At safepoint: 22334 ns, Total: 1216417 ns
[2025-09-17T07:44:48.437+0000][184][info ][safepoint   ] Safepoint "Cleanup", Time since last: 1001116250 ns, Reaching safepoint: 91792 ns, Cleanup: 84750 ns, At safepoint: 24000 ns, Total: 200542 ns
[2025-09-17T07:44:50.606+0000][184][info ][safepoint   ] Safepoint "Cleanup", Time since last: 2168576959 ns, Reaching safepoint: 17209 ns, Cleanup: 53500 ns, At safepoint: 8916 ns, Total: 79625 ns
[2025-09-17T07:44:51.607+0000][184][info ][safepoint   ] Safepoint "Cleanup", Time since last: 1000825876 ns, Reaching safepoint: 72000 ns, Cleanup: 102125 ns, At safepoint: 11250 ns, Total: 185375 ns
[2025-09-17T07:44:52.608+0000][184][info ][safepoint   ] Safepoint "Cleanup", Time since last: 1001060917 ns, Reaching safepoint: 258458 ns, Cleanup: 75292 ns, At safepoint: 22333 ns, Total: 356083 ns
[2025-09-17T07:44:53.610+0000][184][info ][safepoint   ] Safepoint "Cleanup", Time since last: 1001443667 ns, Reaching safepoint: 14334 ns, Cleanup: 41333 ns, At safepoint: 10250 ns, Total: 65917 ns
[2025-09-17T07:44:55.613+0000][184][info ][safepoint   ] Safepoint "Cleanup", Time since last: 2002288209 ns, Reaching safepoint: 157042 ns, Cleanup: 71625 ns, At safepoint: 28583 ns, Total: 257250 ns
[2025-09-17T07:44:56.614+0000][184][info ][safepoint   ] Safepoint "Cleanup", Time since last: 1001740292 ns, Reaching safepoint: 103459 ns, Cleanup: 51416 ns, At safepoint: 19667 ns, Total: 174542 ns
[2025-09-17T07:44:57.616+0000][184][info ][safepoint   ] Safepoint "Cleanup", Time since last: 1001474876 ns, Reaching safepoint: 73666 ns, Cleanup: 68042 ns, At safepoint: 13625 ns, Total: 155333 ns
[2025-09-17T07:44:58.617+0000][184][info ][safepoint   ] Safepoint "Cleanup", Time since last: 1000949875 ns, Reaching safepoint: 69625 ns, Cleanup: 21959 ns, At safepoint: 12125 ns, Total: 103709 ns
[2025-09-17T07:44:59.618+0000][184][info ][safepoint   ] Safepoint "Cleanup", Time since last: 1001197250 ns, Reaching safepoint: 79917 ns, Cleanup: 55416 ns, At safepoint: 14125 ns, Total: 149458 ns
[2025-09-17T07:45:00.621+0000][184][info ][safepoint   ] Safepoint "Cleanup", Time since last: 1002016626 ns, Reaching safepoint: 74958 ns, Cleanup: 79417 ns, At safepoint: 18875 ns, Total: 173250 ns
[2025-09-17T07:45:01.623+0000][184][info ][safepoint   ] Safepoint "Cleanup", Time since last: 1002029209 ns, Reaching safepoint: 78791 ns, Cleanup: 63042 ns, At safepoint: 23292 ns, Total: 165125 ns
[2025-09-17T07:45:02.624+0000][184][info ][safepoint   ] Safepoint "Cleanup", Time since last: 1001178042 ns, Reaching safepoint: 14083 ns, Cleanup: 52625 ns, At safepoint: 9417 ns, Total: 76125 ns
[2025-09-17T07:45:04.628+0000][184][info ][safepoint   ] Safepoint "Cleanup", Time since last: 2003557668 ns, Reaching safepoint: 67125 ns, Cleanup: 26166 ns, At safepoint: 23959 ns, Total: 117250 ns
[2025-09-17T07:45:04.983+0000][184][info ][safepoint   ] Safepoint "ICBufferFull", Time since last: 354802750 ns, Reaching safepoint: 9166 ns, Cleanup: 64459 ns, At safepoint: 11541 ns, Total: 85166 ns
[2025-09-17T07:45:05.999+0000][184][info ][safepoint   ] Safepoint "Cleanup", Time since last: 1015713001 ns, Reaching safepoint: 58708 ns, Cleanup: 95000 ns, At safepoint: 16959 ns, Total: 170667 ns
[2025-09-17T07:45:07.000+0000][184][info ][safepoint   ] Safepoint "Cleanup", Time since last: 1001344792 ns, Reaching safepoint: 105583 ns, Cleanup: 38833 ns, At safepoint: 16917 ns, Total: 161333 ns
[2025-09-17T07:45:08.003+0000][184][info ][safepoint   ] Safepoint "Cleanup", Time since last: 1002409334 ns, Reaching safepoint: 375875 ns, Cleanup: 20791 ns, At safepoint: 29959 ns, Total: 426625 ns
[2025-09-17T07:45:09.006+0000][184][info ][safepoint   ] Safepoint "Cleanup", Time since last: 1002414917 ns, Reaching safepoint: 85958 ns, Cleanup: 35417 ns, At safepoint: 14958 ns, Total: 136333 ns
[2025-09-17T07:45:10.008+0000][184][info ][safepoint   ] Safepoint "Cleanup", Time since last: 1001800584 ns, Reaching safepoint: 113916 ns, Cleanup: 47584 ns, At safepoint: 15291 ns, Total: 176791 ns
[2025-09-17T07:45:11.009+0000][184][info ][safepoint   ] Safepoint "Cleanup", Time since last: 1000943668 ns, Reaching safepoint: 71958 ns, Cleanup: 53083 ns, At safepoint: 11292 ns, Total: 136333 ns
[2025-09-17T07:45:12.010+0000][184][info ][safepoint   ] Safepoint "Cleanup", Time since last: 1000779209 ns, Reaching safepoint: 70500 ns, Cleanup: 36916 ns, At safepoint: 19500 ns, Total: 126916 ns
[2025-09-17T07:45:14.013+0000][184][info ][safepoint   ] Safepoint "Cleanup", Time since last: 2002639168 ns, Reaching safepoint: 233708 ns, Cleanup: 60625 ns, At safepoint: 19250 ns, Total: 313583 ns
[2025-09-17T07:45:15.015+0000][184][info ][safepoint   ] Safepoint "Cleanup", Time since last: 1002210334 ns, Reaching safepoint: 80834 ns, Cleanup: 44583 ns, At safepoint: 12583 ns, Total: 138000 ns
[2025-09-17T07:45:16.017+0000][184][info ][safepoint   ] Safepoint "Cleanup", Time since last: 1001517209 ns, Reaching safepoint: 42417 ns, Cleanup: 49083 ns, At safepoint: 10542 ns, Total: 102042 ns
[2025-09-17T07:45:17.017+0000][184][info ][safepoint   ] Safepoint "Cleanup", Time since last: 1000684417 ns, Reaching safepoint: 78000 ns, Cleanup: 75416 ns, At safepoint: 24292 ns, Total: 177708 ns
[2025-09-17T07:45:18.018+0000][184][info ][safepoint   ] Safepoint "Cleanup", Time since last: 1000861584 ns, Reaching safepoint: 78458 ns, Cleanup: 119084 ns, At safepoint: 20875 ns, Total: 218417 ns
[2025-09-17T07:45:19.019+0000][184][info ][safepoint   ] Safepoint "Cleanup", Time since last: 1000708167 ns, Reaching safepoint: 115750 ns, Cleanup: 107125 ns, At safepoint: 18541 ns, Total: 241416 ns
[2025-09-17T07:45:20.020+0000][184][info ][safepoint   ] Safepoint "Cleanup", Time since last: 1000682959 ns, Reaching safepoint: 78125 ns, Cleanup: 68084 ns, At safepoint: 31166 ns, Total: 177375 ns
[2025-09-17T07:45:21.027+0000][184][info ][safepoint   ] Safepoint "Cleanup", Time since last: 1006907626 ns, Reaching safepoint: 47291 ns, Cleanup: 43542 ns, At safepoint: 13833 ns, Total: 104666 ns
[2025-09-17T07:45:23.031+0000][184][info ][safepoint   ] Safepoint "Cleanup", Time since last: 2003021543 ns, Reaching safepoint: 135958 ns, Cleanup: 99334 ns, At safepoint: 20875 ns, Total: 256167 ns
[2025-09-17T07:45:24.032+0000][184][info ][safepoint   ] Safepoint "Cleanup", Time since last: 1000662667 ns, Reaching safepoint: 148916 ns, Cleanup: 135625 ns, At safepoint: 21292 ns, Total: 305833 ns
[2025-09-17T07:45:26.035+0000][184][info ][safepoint   ] Safepoint "Cleanup", Time since last: 2002903168 ns, Reaching safepoint: 73083 ns, Cleanup: 64125 ns, At safepoint: 13417 ns, Total: 150625 ns
[2025-09-17T07:45:26.574+0000][184][info ][safepoint   ] Safepoint "ICBufferFull", Time since last: 539649125 ns, Reaching safepoint: 18500 ns, Cleanup: 76083 ns, At safepoint: 5250 ns, Total: 99833 ns
[2025-09-17T07:45:27.632+0000][184][info ][safepoint   ] Safepoint "Cleanup", Time since last: 1057595334 ns, Reaching safepoint: 9584 ns, Cleanup: 212000 ns, At safepoint: 21250 ns, Total: 242834 ns
[2025-09-17T07:45:28.664+0000][184][info ][safepoint   ] Safepoint "Cleanup", Time since last: 1032078667 ns, Reaching safepoint: 90041 ns, Cleanup: 79584 ns, At safepoint: 22791 ns, Total: 192416 ns
[2025-09-17T07:45:29.665+0000][184][info ][safepoint   ] Safepoint "Cleanup", Time since last: 1000640292 ns, Reaching safepoint: 57917 ns, Cleanup: 36583 ns, At safepoint: 11584 ns, Total: 106084 ns
[2025-09-17T07:45:30.666+0000][184][info ][safepoint   ] Safepoint "Cleanup", Time since last: 1000890209 ns, Reaching safepoint: 18833 ns, Cleanup: 35833 ns, At safepoint: 12375 ns, Total: 67041 ns
[2025-09-17T07:45:32.668+0000][184][info ][safepoint   ] Safepoint "Cleanup", Time since last: 2002009876 ns, Reaching safepoint: 67000 ns, Cleanup: 43084 ns, At safepoint: 12500 ns, Total: 122584 ns
[2025-09-17T07:45:33.669+0000][184][info ][safepoint   ] Safepoint "Cleanup", Time since last: 1000752417 ns, Reaching safepoint: 13708 ns, Cleanup: 15167 ns, At safepoint: 3125 ns, Total: 32000 ns
[2025-09-17T07:45:34.670+0000][184][info ][safepoint   ] Safepoint "Cleanup", Time since last: 1001086875 ns, Reaching safepoint: 101834 ns, Cleanup: 51041 ns, At safepoint: 21292 ns, Total: 174167 ns
[2025-09-17T07:45:35.671+0000][184][info ][safepoint   ] Safepoint "Cleanup", Time since last: 1000862667 ns, Reaching safepoint: 73292 ns, Cleanup: 38250 ns, At safepoint: 15041 ns, Total: 126583 ns
[2025-09-17T07:45:36.672+0000][184][info ][safepoint   ] Safepoint "Cleanup", Time since last: 1000949209 ns, Reaching safepoint: 97792 ns, Cleanup: 91208 ns, At safepoint: 20959 ns, Total: 209959 ns
[2025-09-17T07:45:37.675+0000][184][info ][safepoint   ] Safepoint "Cleanup", Time since last: 1001925333 ns, Reaching safepoint: 70334 ns, Cleanup: 47000 ns, At safepoint: 12458 ns, Total: 129792 ns
[2025-09-17T07:45:38.676+0000][184][info ][safepoint   ] Safepoint "Cleanup", Time since last: 1001245375 ns, Reaching safepoint: 75584 ns, Cleanup: 39166 ns, At safepoint: 24917 ns, Total: 139667 ns
[2025-09-17T07:45:40.679+0000][184][info ][safepoint   ] Safepoint "Cleanup", Time since last: 2002284667 ns, Reaching safepoint: 130750 ns, Cleanup: 42125 ns, At safepoint: 26167 ns, Total: 199042 ns
[2025-09-17T07:45:41.680+0000][184][info ][safepoint   ] Safepoint "Cleanup", Time since last: 1001351167 ns, Reaching safepoint: 264167 ns, Cleanup: 121833 ns, At safepoint: 51084 ns, Total: 437084 ns
[2025-09-17T07:45:42.682+0000][184][info ][safepoint   ] Safepoint "Cleanup", Time since last: 1001094208 ns, Reaching safepoint: 30042 ns, Cleanup: 22917 ns, At safepoint: 7500 ns, Total: 60459 ns
[2025-09-17T07:45:43.682+0000][184][info ][safepoint   ] Safepoint "Cleanup", Time since last: 1000674584 ns, Reaching safepoint: 14208 ns, Cleanup: 14708 ns, At safepoint: 3875 ns, Total: 32791 ns
[2025-09-17T07:45:44.684+0000][184][info ][safepoint   ] Safepoint "Cleanup", Time since last: 1001749459 ns, Reaching safepoint: 90167 ns, Cleanup: 66833 ns, At safepoint: 68167 ns, Total: 225167 ns
[2025-09-17T07:45:45.686+0000][184][info ][safepoint   ] Safepoint "Cleanup", Time since last: 1001745625 ns, Reaching safepoint: 109208 ns, Cleanup: 63625 ns, At safepoint: 67042 ns, Total: 239875 ns
[2025-09-17T07:45:46.688+0000][184][info ][safepoint   ] Safepoint "Cleanup", Time since last: 1001377292 ns, Reaching safepoint: 98209 ns, Cleanup: 73416 ns, At safepoint: 36917 ns, Total: 208542 ns
[2025-09-17T07:45:47.689+0000][184][info ][safepoint   ] Safepoint "Cleanup", Time since last: 1001137750 ns, Reaching safepoint: 82334 ns, Cleanup: 85083 ns, At safepoint: 22125 ns, Total: 189542 ns
[2025-09-17T07:45:48.695+0000][184][info ][safepoint   ] Safepoint "Cleanup", Time since last: 1005821501 ns, Reaching safepoint: 58708 ns, Cleanup: 39500 ns, At safepoint: 13833 ns, Total: 112041 ns
[2025-09-17T07:45:50.744+0000][184][info ][safepoint   ] Safepoint "Cleanup", Time since last: 2048442585 ns, Reaching safepoint: 86666 ns, Cleanup: 76959 ns, At safepoint: 20125 ns, Total: 183750 ns
[2025-09-17T07:45:51.746+0000][184][info ][safepoint   ] Safepoint "Cleanup", Time since last: 1002107333 ns, Reaching safepoint: 86584 ns, Cleanup: 64500 ns, At safepoint: 17625 ns, Total: 168709 ns
[2025-09-17T07:45:55.751+0000][184][info ][safepoint   ] Safepoint "Cleanup", Time since last: 4004650835 ns, Reaching safepoint: 42000 ns, Cleanup: 12542 ns, At safepoint: 6208 ns, Total: 60750 ns
[2025-09-17T07:45:56.752+0000][184][info ][safepoint   ] Safepoint "Cleanup", Time since last: 1000593834 ns, Reaching safepoint: 217125 ns, Cleanup: 33083 ns, At safepoint: 17875 ns, Total: 268083 ns
[2025-09-17T07:45:57.753+0000][184][info ][safepoint   ] Safepoint "Cleanup", Time since last: 1001032376 ns, Reaching safepoint: 104208 ns, Cleanup: 50208 ns, At safepoint: 16084 ns, Total: 170500 ns
[2025-09-17T07:46:00.757+0000][184][info ][safepoint   ] Safepoint "Cleanup", Time since last: 3004501084 ns, Reaching safepoint: 84625 ns, Cleanup: 43625 ns, At safepoint: 15750 ns, Total: 144000 ns
[2025-09-17T07:46:02.759+0000][184][info ][safepoint   ] Safepoint "Cleanup", Time since last: 2001865210 ns, Reaching safepoint: 75375 ns, Cleanup: 46333 ns, At safepoint: 14375 ns, Total: 136083 ns
[2025-09-17T07:46:03.762+0000][184][info ][safepoint   ] Safepoint "Cleanup", Time since last: 1002366750 ns, Reaching safepoint: 49584 ns, Cleanup: 32750 ns, At safepoint: 11416 ns, Total: 93750 ns
[2025-09-17T07:46:05.764+0000][184][info ][safepoint   ] Safepoint "Cleanup", Time since last: 2002016543 ns, Reaching safepoint: 90958 ns, Cleanup: 71334 ns, At safepoint: 17666 ns, Total: 179958 ns
[2025-09-17T07:46:06.765+0000][184][info ][safepoint   ] Safepoint "Cleanup", Time since last: 1001302084 ns, Reaching safepoint: 65834 ns, Cleanup: 24500 ns, At safepoint: 14625 ns, Total: 104959 ns
[2025-09-17T07:46:07.767+0000][184][info ][safepoint   ] Safepoint "Cleanup", Time since last: 1000863125 ns, Reaching safepoint: 242917 ns, Cleanup: 40000 ns, At safepoint: 12916 ns, Total: 295833 ns
[2025-09-17T07:46:08.768+0000][184][info ][safepoint   ] Safepoint "Cleanup", Time since last: 1000823417 ns, Reaching safepoint: 35917 ns, Cleanup: 42083 ns, At safepoint: 8292 ns, Total: 86292 ns
[2025-09-17T07:46:11.771+0000][184][info ][safepoint   ] Safepoint "Cleanup", Time since last: 3002936168 ns, Reaching safepoint: 73916 ns, Cleanup: 62042 ns, At safepoint: 15792 ns, Total: 151750 ns
[2025-09-17T07:46:13.773+0000][184][info ][safepoint   ] Safepoint "Cleanup", Time since last: 2002378292 ns, Reaching safepoint: 55209 ns, Cleanup: 19208 ns, At safepoint: 9750 ns, Total: 84167 ns
[2025-09-17T07:46:14.775+0000][184][info ][safepoint   ] Safepoint "Cleanup", Time since last: 1001708667 ns, Reaching safepoint: 40042 ns, Cleanup: 34041 ns, At safepoint: 11000 ns, Total: 85083 ns
[2025-09-17T07:46:15.776+0000][184][info ][safepoint   ] Safepoint "Cleanup", Time since last: 1000593626 ns, Reaching safepoint: 73458 ns, Cleanup: 21334 ns, At safepoint: 13583 ns, Total: 108375 ns
[2025-09-17T07:46:18.779+0000][184][info ][safepoint   ] Safepoint "Cleanup", Time since last: 3002987585 ns, Reaching safepoint: 70083 ns, Cleanup: 26500 ns, At safepoint: 17625 ns, Total: 114208 ns
[2025-09-17T07:46:20.450+0000][184][info ][gc,start    ] GC(21) Pause Young (Mixed) (G1 Evacuation Pause)
[2025-09-17T07:46:20.451+0000][184][info ][gc,task     ] GC(21) Using 8 workers of 8 for evacuation
[2025-09-17T07:46:20.451+0000][184][debug][gc,age      ] GC(21) Desired survivor size 41943040 bytes, new threshold 15 (max threshold 15)
[2025-09-17T07:46:20.505+0000][184][info ][gc,phases   ] GC(21)   Pre Evacuate Collection Set: 0.71ms
[2025-09-17T07:46:20.505+0000][184][info ][gc,phases   ] GC(21)   Merge Heap Roots: 0.19ms
[2025-09-17T07:46:20.505+0000][184][info ][gc,phases   ] GC(21)   Evacuate Collection Set: 49.87ms
[2025-09-17T07:46:20.505+0000][184][info ][gc,phases   ] GC(21)   Post Evacuate Collection Set: 3.18ms
[2025-09-17T07:46:20.505+0000][184][info ][gc,phases   ] GC(21)   Other: 0.26ms
[2025-09-17T07:46:20.505+0000][184][trace][gc,age      ] GC(21) Age table with threshold 15 (max threshold 15)
[2025-09-17T07:46:20.505+0000][184][trace][gc,age      ] GC(21) - age   1:    3049360 bytes,    3049360 total
[2025-09-17T07:46:20.505+0000][184][trace][gc,age      ] GC(21) - age   2:    6932360 bytes,    9981720 total
[2025-09-17T07:46:20.505+0000][184][trace][gc,age      ] GC(21) - age   3:      75336 bytes,   10057056 total
[2025-09-17T07:46:20.506+0000][184][trace][gc,age      ] GC(21) - age   4:    3048712 bytes,   13105768 total
[2025-09-17T07:46:20.506+0000][184][trace][gc,age      ] GC(21) - age   5:   18743136 bytes,   31848904 total
[2025-09-17T07:46:20.506+0000][184][trace][gc,age      ] GC(21) - age   6:     246824 bytes,   32095728 total
[2025-09-17T07:46:20.506+0000][184][info ][gc,heap     ] GC(21) Eden regions: 143->0(144)
[2025-09-17T07:46:20.506+0000][184][info ][gc,heap     ] GC(21) Survivor regions: 10->9(20)
[2025-09-17T07:46:20.506+0000][184][info ][gc,heap     ] GC(21) Old regions: 30->29
[2025-09-17T07:46:20.506+0000][184][info ][gc,heap     ] GC(21) Humongous regions: 2->2
[2025-09-17T07:46:20.506+0000][184][info ][gc,metaspace] GC(21) Metaspace: 158252K(162816K)->158252K(162816K) NonClass: 136261K(138752K)->136261K(138752K) Class: 21991K(24064K)->21991K(24064K)
[2025-09-17T07:46:20.506+0000][184][info ][gc          ] GC(21) Pause Young (Mixed) (G1 Evacuation Pause) 732M->157M(1024M) 55.346ms
[2025-09-17T07:46:20.506+0000][184][info ][gc,cpu      ] GC(21) User=0.40s Sys=0.00s Real=0.05s
[2025-09-17T07:46:20.506+0000][184][info ][safepoint   ] Safepoint "G1CollectForAllocation", Time since last: 1671572584 ns, Reaching safepoint: 56125 ns, Cleanup: 29042 ns, At safepoint: 55624166 ns, Total: 55709333 ns
[2025-09-17T07:46:21.507+0000][184][info ][safepoint   ] Safepoint "Cleanup", Time since last: 1000972126 ns, Reaching safepoint: 51917 ns, Cleanup: 38750 ns, At safepoint: 13791 ns, Total: 104458 ns
[2025-09-17T07:46:22.509+0000][184][info ][safepoint   ] Safepoint "Cleanup", Time since last: 1001573292 ns, Reaching safepoint: 56125 ns, Cleanup: 105792 ns, At safepoint: 15375 ns, Total: 177292 ns
[2025-09-17T07:46:23.511+0000][184][info ][safepoint   ] Safepoint "Cleanup", Time since last: 1001728626 ns, Reaching safepoint: 138958 ns, Cleanup: 113292 ns, At safepoint: 18708 ns, Total: 270958 ns
[2025-09-17T07:46:25.520+0000][184][info ][safepoint   ] Safepoint "Cleanup", Time since last: 2009583168 ns, Reaching safepoint: 71333 ns, Cleanup: 49833 ns, At safepoint: 8584 ns, Total: 129750 ns
[2025-09-17T07:46:26.522+0000][184][info ][safepoint   ] Safepoint "Cleanup", Time since last: 1001065583 ns, Reaching safepoint: 12750 ns, Cleanup: 49542 ns, At safepoint: 8083 ns, Total: 70375 ns
[2025-09-17T07:46:28.523+0000][184][info ][safepoint   ] Safepoint "Cleanup", Time since last: 2001393210 ns, Reaching safepoint: 80666 ns, Cleanup: 142042 ns, At safepoint: 22417 ns, Total: 245125 ns
[2025-09-17T07:46:29.525+0000][184][info ][safepoint   ] Safepoint "Cleanup", Time since last: 1001701583 ns, Reaching safepoint: 58334 ns, Cleanup: 58750 ns, At safepoint: 12875 ns, Total: 129959 ns
[2025-09-17T07:46:30.812+0000][184][info ][safepoint   ] Safepoint "Cleanup", Time since last: 1286124459 ns, Reaching safepoint: 108541 ns, Cleanup: 299792 ns, At safepoint: 20375 ns, Total: 428708 ns
[2025-09-17T07:46:31.813+0000][184][info ][safepoint   ] Safepoint "Cleanup", Time since last: 1001622751 ns, Reaching safepoint: 34541 ns, Cleanup: 12084 ns, At safepoint: 14416 ns, Total: 61041 ns
[2025-09-17T07:46:32.815+0000][184][info ][safepoint   ] Safepoint "Cleanup", Time since last: 1001348292 ns, Reaching safepoint: 17125 ns, Cleanup: 50917 ns, At safepoint: 13500 ns, Total: 81542 ns
[2025-09-17T07:46:33.816+0000][184][info ][safepoint   ] Safepoint "Cleanup", Time since last: 1001612542 ns, Reaching safepoint: 33333 ns, Cleanup: 17667 ns, At safepoint: 9125 ns, Total: 60125 ns
[2025-09-17T07:46:34.817+0000][184][info ][safepoint   ] Safepoint "Cleanup", Time since last: 1000918042 ns, Reaching safepoint: 35542 ns, Cleanup: 23333 ns, At safepoint: 14167 ns, Total: 73042 ns
[2025-09-17T07:46:35.818+0000][184][info ][safepoint   ] Safepoint "Cleanup", Time since last: 1000810750 ns, Reaching safepoint: 125667 ns, Cleanup: 25625 ns, At safepoint: 10208 ns, Total: 161500 ns
[2025-09-17T07:46:37.824+0000][184][info ][safepoint   ] Safepoint "Cleanup", Time since last: 2004966126 ns, Reaching safepoint: 103709 ns, Cleanup: 40500 ns, At safepoint: 20416 ns, Total: 164625 ns
[2025-09-17T07:46:38.824+0000][184][info ][safepoint   ] Safepoint "Cleanup", Time since last: 1000764500 ns, Reaching safepoint: 83459 ns, Cleanup: 50541 ns, At safepoint: 21709 ns, Total: 155709 ns
[2025-09-17T07:46:40.829+0000][184][info ][safepoint   ] Safepoint "Cleanup", Time since last: 2004281084 ns, Reaching safepoint: 73792 ns, Cleanup: 36541 ns, At safepoint: 15959 ns, Total: 126292 ns
[2025-09-17T07:46:41.831+0000][184][info ][safepoint   ] Safepoint "Cleanup", Time since last: 1001958708 ns, Reaching safepoint: 163667 ns, Cleanup: 122500 ns, At safepoint: 27417 ns, Total: 313584 ns
[2025-09-17T07:46:42.832+0000][184][info ][safepoint   ] Safepoint "Cleanup", Time since last: 1001116958 ns, Reaching safepoint: 30959 ns, Cleanup: 24750 ns, At safepoint: 9416 ns, Total: 65125 ns
[2025-09-17T07:46:43.833+0000][184][info ][safepoint   ] Safepoint "Cleanup", Time since last: 1001332709 ns, Reaching safepoint: 29250 ns, Cleanup: 25500 ns, At safepoint: 9834 ns, Total: 64584 ns
[2025-09-17T07:46:44.834+0000][184][info ][safepoint   ] Safepoint "Cleanup", Time since last: 1000779958 ns, Reaching safepoint: 54250 ns, Cleanup: 29292 ns, At safepoint: 12917 ns, Total: 96459 ns
[2025-09-17T07:46:45.836+0000][184][info ][safepoint   ] Safepoint "Cleanup", Time since last: 1001697334 ns, Reaching safepoint: 88583 ns, Cleanup: 56417 ns, At safepoint: 23416 ns, Total: 168416 ns
[2025-09-17T07:46:47.838+0000][184][info ][safepoint   ] Safepoint "Cleanup", Time since last: 2002007543 ns, Reaching safepoint: 15417 ns, Cleanup: 9000 ns, At safepoint: 6708 ns, Total: 31125 ns
[2025-09-17T07:46:50.916+0000][184][info ][safepoint   ] Safepoint "Cleanup", Time since last: 3078104043 ns, Reaching safepoint: 58417 ns, Cleanup: 68083 ns, At safepoint: 15542 ns, Total: 142042 ns
[2025-09-17T07:46:51.919+0000][184][info ][safepoint   ] Safepoint "Cleanup", Time since last: 1002036500 ns, Reaching safepoint: 205833 ns, Cleanup: 82042 ns, At safepoint: 17625 ns, Total: 305500 ns
[2025-09-17T07:46:52.920+0000][184][info ][safepoint   ] Safepoint "Cleanup", Time since last: 1001159209 ns, Reaching safepoint: 29042 ns, Cleanup: 33458 ns, At safepoint: 9667 ns, Total: 72167 ns
[2025-09-17T07:46:53.921+0000][184][info ][safepoint   ] Safepoint "Cleanup", Time since last: 1001013042 ns, Reaching safepoint: 106541 ns, Cleanup: 32959 ns, At safepoint: 21750 ns, Total: 161250 ns
[2025-09-17T07:46:55.923+0000][184][info ][safepoint   ] Safepoint "Cleanup", Time since last: 2001897501 ns, Reaching safepoint: 153750 ns, Cleanup: 32000 ns, At safepoint: 16666 ns, Total: 202416 ns
[2025-09-17T07:46:56.924+0000][184][info ][safepoint   ] Safepoint "Cleanup", Time since last: 1000923043 ns, Reaching safepoint: 93000 ns, Cleanup: 64583 ns, At safepoint: 22292 ns, Total: 179875 ns
[2025-09-17T07:47:00.023+0000][184][info ][safepoint   ] Safepoint "Cleanup", Time since last: 3097907668 ns, Reaching safepoint: 436041 ns, Cleanup: 67792 ns, At safepoint: 9292 ns, Total: 513125 ns
[2025-09-17T07:47:01.024+0000][184][info ][safepoint   ] Safepoint "Cleanup", Time since last: 1001100250 ns, Reaching safepoint: 92250 ns, Cleanup: 47917 ns, At safepoint: 22083 ns, Total: 162250 ns
[2025-09-17T07:47:03.026+0000][184][info ][safepoint   ] Safepoint "Cleanup", Time since last: 2001970376 ns, Reaching safepoint: 19833 ns, Cleanup: 12209 ns, At safepoint: 7125 ns, Total: 39167 ns
[2025-09-17T07:47:06.029+0000][184][info ][safepoint   ] Safepoint "Cleanup", Time since last: 3002669501 ns, Reaching safepoint: 285500 ns, Cleanup: 142375 ns, At safepoint: 30292 ns, Total: 458167 ns
[2025-09-17T07:47:08.032+0000][184][info ][safepoint   ] Safepoint "Cleanup", Time since last: 2002828209 ns, Reaching safepoint: 213292 ns, Cleanup: 57125 ns, At safepoint: 28125 ns, Total: 298542 ns
[2025-09-17T07:47:12.042+0000][184][info ][safepoint   ] Safepoint "Cleanup", Time since last: 4006183960 ns, Reaching safepoint: 212583 ns, Cleanup: 2872000 ns, At safepoint: 17667 ns, Total: 3102250 ns
[2025-09-17T07:47:14.047+0000][184][info ][safepoint   ] Safepoint "Cleanup", Time since last: 2004474209 ns, Reaching safepoint: 575458 ns, Cleanup: 62000 ns, At safepoint: 28000 ns, Total: 665458 ns
[2025-09-17T07:47:15.049+0000][184][info ][safepoint   ] Safepoint "Cleanup", Time since last: 1001506293 ns, Reaching safepoint: 134041 ns, Cleanup: 96292 ns, At safepoint: 35250 ns, Total: 265583 ns
[2025-09-17T07:47:16.050+0000][184][info ][safepoint   ] Safepoint "Cleanup", Time since last: 1001640084 ns, Reaching safepoint: 76625 ns, Cleanup: 39208 ns, At safepoint: 16042 ns, Total: 131875 ns
[2025-09-17T07:47:17.051+0000][184][info ][safepoint   ] Safepoint "Cleanup", Time since last: 1000837167 ns, Reaching safepoint: 138875 ns, Cleanup: 54708 ns, At safepoint: 29958 ns, Total: 223541 ns
[2025-09-17T07:47:18.052+0000][184][info ][safepoint   ] Safepoint "Cleanup", Time since last: 1000700293 ns, Reaching safepoint: 170125 ns, Cleanup: 55708 ns, At safepoint: 18625 ns, Total: 244458 ns
[2025-09-17T07:47:20.065+0000][184][info ][safepoint   ] Safepoint "Cleanup", Time since last: 2012895543 ns, Reaching safepoint: 77541 ns, Cleanup: 51667 ns, At safepoint: 21125 ns, Total: 150333 ns
[2025-09-17T07:47:21.067+0000][184][info ][safepoint   ] Safepoint "Cleanup", Time since last: 1000954125 ns, Reaching safepoint: 98125 ns, Cleanup: 62000 ns, At safepoint: 22209 ns, Total: 182334 ns
[2025-09-17T07:47:23.073+0000][184][info ][safepoint   ] Safepoint "Cleanup", Time since last: 2005360792 ns, Reaching safepoint: 161709 ns, Cleanup: 364416 ns, At safepoint: 86084 ns, Total: 612209 ns
[2025-09-17T07:47:24.078+0000][184][info ][safepoint   ] Safepoint "Cleanup", Time since last: 1005621292 ns, Reaching safepoint: 157166 ns, Cleanup: 84250 ns, At safepoint: 20709 ns, Total: 262125 ns
[2025-09-17T07:47:27.087+0000][184][info ][safepoint   ] Safepoint "Cleanup", Time since last: 3008846293 ns, Reaching safepoint: 77167 ns, Cleanup: 17458 ns, At safepoint: 9625 ns, Total: 104250 ns
[2025-09-17T07:47:30.093+0000][184][info ][safepoint   ] Safepoint "Cleanup", Time since last: 3005791460 ns, Reaching safepoint: 70583 ns, Cleanup: 52500 ns, At safepoint: 10167 ns, Total: 133250 ns
[2025-09-17T07:47:31.097+0000][184][info ][safepoint   ] Safepoint "Cleanup", Time since last: 1003526625 ns, Reaching safepoint: 49167 ns, Cleanup: 41916 ns, At safepoint: 14334 ns, Total: 105417 ns
[2025-09-17T07:47:32.494+0000][184][info ][safepoint   ] Safepoint "Cleanup", Time since last: 1397483792 ns, Reaching safepoint: 5792 ns, Cleanup: 14583 ns, At safepoint: 5917 ns, Total: 26292 ns
[2025-09-17T07:47:33.991+0000][184][info ][safepoint   ] Safepoint "Cleanup", Time since last: 1496619376 ns, Reaching safepoint: 135875 ns, Cleanup: 140791 ns, At safepoint: 25459 ns, Total: 302125 ns
[2025-09-17T07:47:35.997+0000][184][info ][safepoint   ] Safepoint "Cleanup", Time since last: 2005712042 ns, Reaching safepoint: 106750 ns, Cleanup: 38583 ns, At safepoint: 28667 ns, Total: 174000 ns
[2025-09-17T07:47:37.000+0000][184][info ][safepoint   ] Safepoint "Cleanup", Time since last: 1002669084 ns, Reaching safepoint: 65125 ns, Cleanup: 35875 ns, At safepoint: 11000 ns, Total: 112000 ns
[2025-09-17T07:47:38.002+0000][184][info ][safepoint   ] Safepoint "Cleanup", Time since last: 1002201209 ns, Reaching safepoint: 205125 ns, Cleanup: 45208 ns, At safepoint: 22292 ns, Total: 272625 ns
[2025-09-17T07:47:39.008+0000][184][info ][safepoint   ] Safepoint "Cleanup", Time since last: 1005046833 ns, Reaching safepoint: 272208 ns, Cleanup: 175500 ns, At safepoint: 25084 ns, Total: 472792 ns
[2025-09-17T07:47:42.019+0000][184][info ][safepoint   ] Safepoint "Cleanup", Time since last: 3010495543 ns, Reaching safepoint: 298291 ns, Cleanup: 82959 ns, At safepoint: 27333 ns, Total: 408583 ns
[2025-09-17T07:47:45.025+0000][184][info ][safepoint   ] Safepoint "Cleanup", Time since last: 3006146876 ns, Reaching safepoint: 114959 ns, Cleanup: 70166 ns, At safepoint: 24542 ns, Total: 209667 ns
[2025-09-17T07:47:46.028+0000][184][info ][safepoint   ] Safepoint "Cleanup", Time since last: 1001926626 ns, Reaching safepoint: 397458 ns, Cleanup: 166708 ns, At safepoint: 25917 ns, Total: 590083 ns
[2025-09-17T07:47:48.035+0000][184][info ][safepoint   ] Safepoint "Cleanup", Time since last: 2006582543 ns, Reaching safepoint: 92541 ns, Cleanup: 36084 ns, At safepoint: 15875 ns, Total: 144500 ns
[2025-09-17T07:47:49.038+0000][184][info ][safepoint   ] Safepoint "Cleanup", Time since last: 1003069875 ns, Reaching safepoint: 105333 ns, Cleanup: 384750 ns, At safepoint: 60834 ns, Total: 550917 ns
[2025-09-17T07:47:53.163+0000][184][info ][safepoint   ] Safepoint "Cleanup", Time since last: 4124831252 ns, Reaching safepoint: 90583 ns, Cleanup: 95958 ns, At safepoint: 17917 ns, Total: 204458 ns
[2025-09-17T07:47:54.164+0000][184][info ][safepoint   ] Safepoint "Cleanup", Time since last: 1000820167 ns, Reaching safepoint: 30834 ns, Cleanup: 107958 ns, At safepoint: 23667 ns, Total: 162459 ns
[2025-09-17T07:47:56.167+0000][184][info ][safepoint   ] Safepoint "Cleanup", Time since last: 2003145209 ns, Reaching safepoint: 82000 ns, Cleanup: 38208 ns, At safepoint: 23708 ns, Total: 143916 ns
[2025-09-17T07:47:57.169+0000][184][info ][safepoint   ] Safepoint "Cleanup", Time since last: 1001562751 ns, Reaching safepoint: 134792 ns, Cleanup: 33250 ns, At safepoint: 11833 ns, Total: 179875 ns
[2025-09-17T07:47:58.171+0000][184][info ][safepoint   ] Safepoint "Cleanup", Time since last: 1001016292 ns, Reaching safepoint: 155542 ns, Cleanup: 90000 ns, At safepoint: 38041 ns, Total: 283583 ns
[2025-09-17T07:47:59.174+0000][184][info ][safepoint   ] Safepoint "Cleanup", Time since last: 1003315251 ns, Reaching safepoint: 103708 ns, Cleanup: 84584 ns, At safepoint: 29500 ns, Total: 217792 ns
[2025-09-17T07:48:00.176+0000][184][info ][safepoint   ] Safepoint "Cleanup", Time since last: 1001155083 ns, Reaching safepoint: 376334 ns, Cleanup: 136208 ns, At safepoint: 39917 ns, Total: 552459 ns
[2025-09-17T07:48:01.180+0000][184][info ][safepoint   ] Safepoint "Cleanup", Time since last: 1003911042 ns, Reaching safepoint: 99958 ns, Cleanup: 68334 ns, At safepoint: 27541 ns, Total: 195833 ns
[2025-09-17T07:48:03.186+0000][184][info ][safepoint   ] Safepoint "Cleanup", Time since last: 2005825668 ns, Reaching safepoint: 88750 ns, Cleanup: 163166 ns, At safepoint: 63334 ns, Total: 315250 ns
[2025-09-17T07:48:04.190+0000][184][info ][safepoint   ] Safepoint "Cleanup", Time since last: 1003527042 ns, Reaching safepoint: 49542 ns, Cleanup: 30958 ns, At safepoint: 13083 ns, Total: 93583 ns
[2025-09-17T07:48:06.192+0000][184][info ][safepoint   ] Safepoint "Cleanup", Time since last: 2002302710 ns, Reaching safepoint: 122083 ns, Cleanup: 22167 ns, At safepoint: 10708 ns, Total: 154958 ns
[2025-09-17T07:48:07.194+0000][184][info ][safepoint   ] Safepoint "Cleanup", Time since last: 1001503542 ns, Reaching safepoint: 70958 ns, Cleanup: 123334 ns, At safepoint: 20500 ns, Total: 214792 ns
[2025-09-17T07:48:08.196+0000][184][info ][safepoint   ] Safepoint "Cleanup", Time since last: 1002141167 ns, Reaching safepoint: 81542 ns, Cleanup: 35791 ns, At safepoint: 15667 ns, Total: 133000 ns
[2025-09-17T07:48:09.199+0000][184][info ][safepoint   ] Safepoint "Cleanup", Time since last: 1002490874 ns, Reaching safepoint: 123917 ns, Cleanup: 70792 ns, At safepoint: 18833 ns, Total: 213542 ns
[2025-09-17T07:48:12.211+0000][184][info ][safepoint   ] Safepoint "Cleanup", Time since last: 3007650460 ns, Reaching safepoint: 2766541 ns, Cleanup: 134667 ns, At safepoint: 33042 ns, Total: 2934250 ns
[2025-09-17T07:48:15.221+0000][184][info ][safepoint   ] Safepoint "Cleanup", Time since last: 3010668543 ns, Reaching safepoint: 124125 ns, Cleanup: 169042 ns, At safepoint: 19208 ns, Total: 312375 ns
[2025-09-17T07:48:16.223+0000][184][info ][safepoint   ] Safepoint "Cleanup", Time since last: 1001924667 ns, Reaching safepoint: 207375 ns, Cleanup: 78625 ns, At safepoint: 28583 ns, Total: 314583 ns
[2025-09-17T07:48:18.233+0000][184][info ][safepoint   ] Safepoint "Cleanup", Time since last: 2010070210 ns, Reaching safepoint: 176583 ns, Cleanup: 34958 ns, At safepoint: 14500 ns, Total: 226041 ns
[2025-09-17T07:48:19.239+0000][184][info ][safepoint   ] Safepoint "Cleanup", Time since last: 1005191251 ns, Reaching safepoint: 171250 ns, Cleanup: 180625 ns, At safepoint: 40833 ns, Total: 392708 ns
[2025-09-17T07:48:20.243+0000][184][info ][safepoint   ] Safepoint "Cleanup", Time since last: 1004016084 ns, Reaching safepoint: 48917 ns, Cleanup: 56416 ns, At safepoint: 12584 ns, Total: 117917 ns
[2025-09-17T07:48:21.248+0000][184][info ][safepoint   ] Safepoint "Cleanup", Time since last: 1000570958 ns, Reaching safepoint: 3249917 ns, Cleanup: 203292 ns, At safepoint: 793000 ns, Total: 4246209 ns
[2025-09-17T07:48:21.296+0000][184][info ][safepoint   ] Safepoint "ICBufferFull", Time since last: 46851458 ns, Reaching safepoint: 743750 ns, Cleanup: 142667 ns, At safepoint: 36541 ns, Total: 922958 ns
[2025-09-17T07:48:21.299+0000][184][info ][safepoint   ] Safepoint "ICBufferFull", Time since last: 2396084 ns, Reaching safepoint: 447708 ns, Cleanup: 8333 ns, At safepoint: 32334 ns, Total: 488375 ns
[2025-09-17T07:48:21.302+0000][184][info ][safepoint   ] Safepoint "ICBufferFull", Time since last: 1704750 ns, Reaching safepoint: 1440708 ns, Cleanup: 5667 ns, At safepoint: 37541 ns, Total: 1483916 ns
[2025-09-17T07:48:21.313+0000][184][info ][safepoint   ] Safepoint "ICBufferFull", Time since last: 1368625 ns, Reaching safepoint: 9365792 ns, Cleanup: 4375 ns, At safepoint: 46458 ns, Total: 9416625 ns
[2025-09-17T07:48:21.319+0000][184][info ][safepoint   ] Safepoint "ICBufferFull", Time since last: 5730750 ns, Reaching safepoint: 281500 ns, Cleanup: 84125 ns, At safepoint: 40250 ns, Total: 405875 ns
[2025-09-17T07:48:21.374+0000][184][info ][safepoint   ] Safepoint "ICBufferFull", Time since last: 54123792 ns, Reaching safepoint: 831959 ns, Cleanup: 121166 ns, At safepoint: 30084 ns, Total: 983209 ns
[2025-09-17T07:48:21.530+0000][184][info ][safepoint   ] Safepoint "ICBufferFull", Time since last: 156064916 ns, Reaching safepoint: 14042 ns, Cleanup: 503417 ns, At safepoint: 22958 ns, Total: 540417 ns
[2025-09-17T07:48:21.665+0000][184][info ][safepoint   ] Safepoint "ICBufferFull", Time since last: 133016875 ns, Reaching safepoint: 1183500 ns, Cleanup: 261375 ns, At safepoint: 60833 ns, Total: 1505708 ns
[2025-09-17T07:48:22.238+0000][184][info ][safepoint   ] Safepoint "ICBufferFull", Time since last: 572472667 ns, Reaching safepoint: 28417 ns, Cleanup: 212708 ns, At safepoint: 8000 ns, Total: 249125 ns
[2025-09-17T07:48:23.226+0000][184][info ][safepoint   ] Safepoint "ICBufferFull", Time since last: 988164001 ns, Reaching safepoint: 102875 ns, Cleanup: 213208 ns, At safepoint: 15792 ns, Total: 331875 ns
[2025-09-17T07:48:25.131+0000][184][info ][safepoint   ] Safepoint "Cleanup", Time since last: 1904939501 ns, Reaching safepoint: 110166 ns, Cleanup: 128959 ns, At safepoint: 17416 ns, Total: 256541 ns
[2025-09-17T07:48:26.263+0000][184][info ][safepoint   ] Safepoint "Cleanup", Time since last: 1128175751 ns, Reaching safepoint: 133958 ns, Cleanup: 3030500 ns, At safepoint: 27792 ns, Total: 3192250 ns
[2025-09-17T07:48:27.423+0000][184][info ][safepoint   ] Safepoint "Cleanup", Time since last: 1159896667 ns, Reaching safepoint: 107667 ns, Cleanup: 36791 ns, At safepoint: 21125 ns, Total: 165583 ns
[2025-09-17T07:48:29.430+0000][184][info ][safepoint   ] Safepoint "Cleanup", Time since last: 2006316585 ns, Reaching safepoint: 275791 ns, Cleanup: 159250 ns, At safepoint: 34375 ns, Total: 469416 ns
[2025-09-17T07:48:30.431+0000][184][info ][safepoint   ] Safepoint "Cleanup", Time since last: 1001606126 ns, Reaching safepoint: 92708 ns, Cleanup: 72959 ns, At safepoint: 13041 ns, Total: 178708 ns
[2025-09-17T07:48:31.433+0000][184][info ][safepoint   ] Safepoint "Cleanup", Time since last: 1001351084 ns, Reaching safepoint: 36000 ns, Cleanup: 31833 ns, At safepoint: 10667 ns, Total: 78500 ns
[2025-09-17T07:48:33.436+0000][184][info ][safepoint   ] Safepoint "Cleanup", Time since last: 2003346959 ns, Reaching safepoint: 105959 ns, Cleanup: 44083 ns, At safepoint: 17625 ns, Total: 167667 ns
[2025-09-17T07:48:34.440+0000][184][info ][safepoint   ] Safepoint "Cleanup", Time since last: 1002915709 ns, Reaching safepoint: 231833 ns, Cleanup: 93458 ns, At safepoint: 26834 ns, Total: 352125 ns
[2025-09-17T07:48:35.441+0000][184][info ][safepoint   ] Safepoint "Cleanup", Time since last: 1001461292 ns, Reaching safepoint: 73458 ns, Cleanup: 107125 ns, At safepoint: 14875 ns, Total: 195458 ns
[2025-09-17T07:48:36.367+0000][184][info ][gc,start    ] GC(22) Pause Young (Concurrent Start) (CodeCache GC Threshold)
[2025-09-17T07:48:36.367+0000][184][info ][gc,task     ] GC(22) Using 8 workers of 8 for evacuation
[2025-09-17T07:48:36.367+0000][184][debug][gc,age      ] GC(22) Desired survivor size 41943040 bytes, new threshold 15 (max threshold 15)
[2025-09-17T07:48:36.427+0000][184][info ][gc,phases   ] GC(22)   Pre Evacuate Collection Set: 0.78ms
[2025-09-17T07:48:36.427+0000][184][info ][gc,phases   ] GC(22)   Merge Heap Roots: 0.21ms
[2025-09-17T07:48:36.427+0000][184][info ][gc,phases   ] GC(22)   Evacuate Collection Set: 54.21ms
[2025-09-17T07:48:36.427+0000][184][info ][gc,phases   ] GC(22)   Post Evacuate Collection Set: 4.38ms
[2025-09-17T07:48:36.427+0000][184][info ][gc,phases   ] GC(22)   Other: 0.40ms
[2025-09-17T07:48:36.427+0000][184][trace][gc,age      ] GC(22) Age table with threshold 15 (max threshold 15)
[2025-09-17T07:48:36.427+0000][184][trace][gc,age      ] GC(22) - age   1:    3808696 bytes,    3808696 total
[2025-09-17T07:48:36.427+0000][184][trace][gc,age      ] GC(22) - age   2:    2371296 bytes,    6179992 total
[2025-09-17T07:48:36.428+0000][184][trace][gc,age      ] GC(22) - age   3:    6885720 bytes,   13065712 total
[2025-09-17T07:48:36.428+0000][184][trace][gc,age      ] GC(22) - age   4:      73712 bytes,   13139424 total
[2025-09-17T07:48:36.428+0000][184][trace][gc,age      ] GC(22) - age   5:    3010776 bytes,   16150200 total
[2025-09-17T07:48:36.428+0000][184][trace][gc,age      ] GC(22) - age   6:   18050568 bytes,   34200768 total
[2025-09-17T07:48:36.428+0000][184][trace][gc,age      ] GC(22) - age   7:     222192 bytes,   34422960 total
[2025-09-17T07:48:36.428+0000][184][info ][gc,heap     ] GC(22) Eden regions: 92->0(143)
[2025-09-17T07:48:36.428+0000][184][info ][gc,heap     ] GC(22) Survivor regions: 9->10(20)
[2025-09-17T07:48:36.428+0000][184][info ][gc,heap     ] GC(22) Old regions: 29->29
[2025-09-17T07:48:36.428+0000][184][info ][gc,heap     ] GC(22) Humongous regions: 2->2
[2025-09-17T07:48:36.428+0000][184][info ][gc,metaspace] GC(22) Metaspace: 161053K(165632K)->161053K(165632K) NonClass: 138646K(141120K)->138646K(141120K) Class: 22406K(24512K)->22406K(24512K)
[2025-09-17T07:48:36.428+0000][184][info ][gc          ] GC(22) Pause Young (Concurrent Start) (CodeCache GC Threshold) 523M->160M(1024M) 61.288ms
[2025-09-17T07:48:36.428+0000][184][info ][gc,cpu      ] GC(22) User=0.42s Sys=0.00s Real=0.06s
[2025-09-17T07:48:36.428+0000][184][info ][gc          ] GC(23) Concurrent Mark Cycle
[2025-09-17T07:48:36.429+0000][184][info ][gc,marking  ] GC(23) Concurrent Scan Root Regions
[2025-09-17T07:48:36.428+0000][184][info ][safepoint   ] Safepoint "G1TryInitiateConcMark", Time since last: 925432251 ns, Reaching safepoint: 7916 ns, Cleanup: 69667 ns, At safepoint: 61567708 ns, Total: 61645291 ns
[2025-09-17T07:48:36.444+0000][184][info ][gc,marking  ] GC(23) Concurrent Scan Root Regions 15.246ms
[2025-09-17T07:48:36.444+0000][184][info ][gc,marking  ] GC(23) Concurrent Mark
[2025-09-17T07:48:36.444+0000][184][info ][gc,marking  ] GC(23) Concurrent Mark From Roots
[2025-09-17T07:48:36.444+0000][184][info ][gc,task     ] GC(23) Using 2 workers of 2 for marking
[2025-09-17T07:48:36.531+0000][184][info ][gc,marking  ] GC(23) Concurrent Mark From Roots 86.504ms
[2025-09-17T07:48:36.531+0000][184][info ][gc,marking  ] GC(23) Concurrent Preclean
[2025-09-17T07:48:36.531+0000][184][info ][gc,marking  ] GC(23) Concurrent Preclean 0.348ms
[2025-09-17T07:48:36.531+0000][184][info ][gc,start    ] GC(23) Pause Remark
[2025-09-17T07:48:36.564+0000][184][info ][gc          ] GC(23) Pause Remark 166M->166M(1024M) 32.402ms
[2025-09-17T07:48:36.564+0000][184][info ][gc,cpu      ] GC(23) User=0.21s Sys=0.01s Real=0.03s
[2025-09-17T07:48:36.564+0000][184][info ][safepoint   ] Safepoint "G1PauseRemark", Time since last: 102765834 ns, Reaching safepoint: 31833 ns, Cleanup: 44208 ns, At safepoint: 32598375 ns, Total: 32674416 ns
[2025-09-17T07:48:36.564+0000][184][info ][gc,marking  ] GC(23) Concurrent Mark 119.948ms
[2025-09-17T07:48:36.564+0000][184][info ][gc,marking  ] GC(23) Concurrent Rebuild Remembered Sets and Scrub Regions
[2025-09-17T07:48:36.588+0000][184][info ][gc,marking  ] GC(23) Concurrent Rebuild Remembered Sets and Scrub Regions 23.607ms
[2025-09-17T07:48:36.588+0000][184][info ][gc,start    ] GC(23) Pause Cleanup
[2025-09-17T07:48:36.588+0000][184][info ][gc          ] GC(23) Pause Cleanup 167M->167M(1024M) 0.113ms
[2025-09-17T07:48:36.588+0000][184][info ][gc,cpu      ] GC(23) User=0.00s Sys=0.00s Real=0.00s
[2025-09-17T07:48:36.588+0000][184][info ][safepoint   ] Safepoint "G1PauseCleanup", Time since last: 23980375 ns, Reaching safepoint: 12084 ns, Cleanup: 74291 ns, At safepoint: 300709 ns, Total: 387084 ns
[2025-09-17T07:48:36.588+0000][184][info ][gc,marking  ] GC(23) Concurrent Clear Claimed Marks
[2025-09-17T07:48:36.589+0000][184][info ][gc,marking  ] GC(23) Concurrent Clear Claimed Marks 0.569ms
[2025-09-17T07:48:36.589+0000][184][info ][gc,marking  ] GC(23) Concurrent Cleanup for Next Mark
[2025-09-17T07:48:36.594+0000][184][info ][gc,marking  ] GC(23) Concurrent Cleanup for Next Mark 4.931ms
[2025-09-17T07:48:36.594+0000][184][info ][gc          ] GC(23) Concurrent Mark Cycle 165.566ms
[2025-09-17T07:48:38.373+0000][184][info ][safepoint   ] Safepoint "Cleanup", Time since last: 1785079542 ns, Reaching safepoint: 81875 ns, Cleanup: 55750 ns, At safepoint: 20750 ns, Total: 158375 ns
[2025-09-17T07:48:39.377+0000][184][info ][safepoint   ] Safepoint "Cleanup", Time since last: 1003381375 ns, Reaching safepoint: 167083 ns, Cleanup: 61417 ns, At safepoint: 38125 ns, Total: 266625 ns
[2025-09-17T07:48:40.379+0000][184][info ][safepoint   ] Safepoint "Cleanup", Time since last: 1001919542 ns, Reaching safepoint: 47292 ns, Cleanup: 23875 ns, At safepoint: 9833 ns, Total: 81000 ns
[2025-09-17T07:48:42.382+0000][184][info ][safepoint   ] Safepoint "Cleanup", Time since last: 2002373626 ns, Reaching safepoint: 308459 ns, Cleanup: 122500 ns, At safepoint: 43291 ns, Total: 474250 ns
[2025-09-17T07:48:43.384+0000][184][info ][safepoint   ] Safepoint "Cleanup", Time since last: 1001803334 ns, Reaching safepoint: 59333 ns, Cleanup: 34459 ns, At safepoint: 16583 ns, Total: 110375 ns
[2025-09-17T07:48:44.385+0000][184][info ][safepoint   ] Safepoint "Cleanup", Time since last: 1000817459 ns, Reaching safepoint: 130500 ns, Cleanup: 75542 ns, At safepoint: 39708 ns, Total: 245750 ns
[2025-09-17T07:48:48.392+0000][184][info ][safepoint   ] Safepoint "Cleanup", Time since last: 4007220543 ns, Reaching safepoint: 240709 ns, Cleanup: 87791 ns, At safepoint: 19584 ns, Total: 348084 ns
[2025-09-17T07:48:50.376+0000][184][info ][safepoint   ] Safepoint "Cleanup", Time since last: 1983403626 ns, Reaching safepoint: 81541 ns, Cleanup: 96167 ns, At safepoint: 38875 ns, Total: 216583 ns
[2025-09-17T07:48:51.379+0000][184][info ][safepoint   ] Safepoint "Cleanup", Time since last: 1002261209 ns, Reaching safepoint: 74625 ns, Cleanup: 44542 ns, At safepoint: 20208 ns, Total: 139375 ns
[2025-09-17T07:48:52.380+0000][184][info ][safepoint   ] Safepoint "Cleanup", Time since last: 1001433125 ns, Reaching safepoint: 222750 ns, Cleanup: 83542 ns, At safepoint: 42708 ns, Total: 349000 ns
[2025-09-17T07:48:54.384+0000][184][info ][safepoint   ] Safepoint "Cleanup", Time since last: 2003003626 ns, Reaching safepoint: 518667 ns, Cleanup: 115250 ns, At safepoint: 48458 ns, Total: 682375 ns
[2025-09-17T07:48:56.386+0000][184][info ][safepoint   ] Safepoint "Cleanup", Time since last: 2002231085 ns, Reaching safepoint: 68875 ns, Cleanup: 28583 ns, At safepoint: 13708 ns, Total: 111166 ns
[2025-09-17T07:48:57.388+0000][184][info ][safepoint   ] Safepoint "Cleanup", Time since last: 1001532042 ns, Reaching safepoint: 39792 ns, Cleanup: 44167 ns, At safepoint: 9666 ns, Total: 93625 ns
[2025-09-17T07:48:59.391+0000][184][info ][safepoint   ] Safepoint "Cleanup", Time since last: 2002881793 ns, Reaching safepoint: 210458 ns, Cleanup: 87125 ns, At safepoint: 32667 ns, Total: 330250 ns
[2025-09-17T07:49:00.944+0000][184][info ][safepoint   ] Safepoint "Cleanup", Time since last: 1552877626 ns, Reaching safepoint: 108583 ns, Cleanup: 44583 ns, At safepoint: 16792 ns, Total: 169958 ns
[2025-09-17T07:49:02.947+0000][184][info ][safepoint   ] Safepoint "Cleanup", Time since last: 2002748834 ns, Reaching safepoint: 93459 ns, Cleanup: 82208 ns, At safepoint: 23958 ns, Total: 199625 ns
[2025-09-17T07:49:05.950+0000][184][info ][safepoint   ] Safepoint "Cleanup", Time since last: 3002676668 ns, Reaching safepoint: 77875 ns, Cleanup: 61334 ns, At safepoint: 20458 ns, Total: 159667 ns
[2025-09-17T07:49:06.951+0000][184][info ][safepoint   ] Safepoint "Cleanup", Time since last: 1000810626 ns, Reaching safepoint: 147750 ns, Cleanup: 28583 ns, At safepoint: 8958 ns, Total: 185291 ns
[2025-09-17T07:49:07.952+0000][184][info ][safepoint   ] Safepoint "Cleanup", Time since last: 1000689417 ns, Reaching safepoint: 31500 ns, Cleanup: 18125 ns, At safepoint: 7875 ns, Total: 57500 ns
[2025-09-17T07:49:09.953+0000][184][info ][safepoint   ] Safepoint "Cleanup", Time since last: 2002030375 ns, Reaching safepoint: 98667 ns, Cleanup: 30125 ns, At safepoint: 16833 ns, Total: 145625 ns
[2025-09-17T07:49:11.956+0000][184][info ][safepoint   ] Safepoint "Cleanup", Time since last: 2002616293 ns, Reaching safepoint: 43125 ns, Cleanup: 46458 ns, At safepoint: 10209 ns, Total: 99792 ns
[2025-09-17T07:49:12.958+0000][184][info ][safepoint   ] Safepoint "Cleanup", Time since last: 1001724625 ns, Reaching safepoint: 111209 ns, Cleanup: 56833 ns, At safepoint: 28500 ns, Total: 196542 ns
[2025-09-17T07:49:14.961+0000][184][info ][safepoint   ] Safepoint "Cleanup", Time since last: 2003355626 ns, Reaching safepoint: 111875 ns, Cleanup: 37083 ns, At safepoint: 19958 ns, Total: 168916 ns
[2025-09-17T07:49:15.963+0000][184][info ][safepoint   ] Safepoint "Cleanup", Time since last: 1001212251 ns, Reaching safepoint: 126500 ns, Cleanup: 72875 ns, At safepoint: 21000 ns, Total: 220375 ns
[2025-09-17T07:49:17.965+0000][184][info ][safepoint   ] Safepoint "Cleanup", Time since last: 2002266459 ns, Reaching safepoint: 159417 ns, Cleanup: 52083 ns, At safepoint: 18292 ns, Total: 229792 ns
[2025-09-17T07:49:18.967+0000][184][info ][safepoint   ] Safepoint "Cleanup", Time since last: 1001525584 ns, Reaching safepoint: 190291 ns, Cleanup: 30875 ns, At safepoint: 16334 ns, Total: 237500 ns
[2025-09-17T07:49:20.971+0000][184][info ][safepoint   ] Safepoint "Cleanup", Time since last: 2002922584 ns, Reaching safepoint: 379125 ns, Cleanup: 349667 ns, At safepoint: 46541 ns, Total: 775333 ns
[2025-09-17T07:49:21.972+0000][184][info ][safepoint   ] Safepoint "Cleanup", Time since last: 1001323126 ns, Reaching safepoint: 94833 ns, Cleanup: 75583 ns, At safepoint: 25584 ns, Total: 196000 ns
[2025-09-17T07:49:22.975+0000][184][info ][safepoint   ] Safepoint "Cleanup", Time since last: 1002447875 ns, Reaching safepoint: 60292 ns, Cleanup: 72417 ns, At safepoint: 15000 ns, Total: 147709 ns
[2025-09-17T07:49:23.979+0000][184][info ][safepoint   ] Safepoint "Cleanup", Time since last: 1004628833 ns, Reaching safepoint: 17250 ns, Cleanup: 14417 ns, At safepoint: 7500 ns, Total: 39167 ns
[2025-09-17T07:49:25.987+0000][184][info ][safepoint   ] Safepoint "Cleanup", Time since last: 2008039626 ns, Reaching safepoint: 65375 ns, Cleanup: 28292 ns, At safepoint: 11833 ns, Total: 105500 ns
[2025-09-17T07:49:26.990+0000][184][info ][safepoint   ] Safepoint "Cleanup", Time since last: 1002565042 ns, Reaching safepoint: 136959 ns, Cleanup: 67041 ns, At safepoint: 23292 ns, Total: 227292 ns
[2025-09-17T07:49:29.994+0000][184][info ][safepoint   ] Safepoint "Cleanup", Time since last: 3003505960 ns, Reaching safepoint: 356291 ns, Cleanup: 52042 ns, At safepoint: 25000 ns, Total: 433333 ns
[2025-09-17T07:49:30.996+0000][184][info ][safepoint   ] Safepoint "Cleanup", Time since last: 1002069167 ns, Reaching safepoint: 66042 ns, Cleanup: 49791 ns, At safepoint: 30375 ns, Total: 146208 ns
[2025-09-17T07:49:32.999+0000][184][info ][safepoint   ] Safepoint "Cleanup", Time since last: 2002741835 ns, Reaching safepoint: 167833 ns, Cleanup: 108167 ns, At safepoint: 35583 ns, Total: 311583 ns
[2025-09-17T07:49:34.001+0000][184][info ][safepoint   ] Safepoint "Cleanup", Time since last: 1001453001 ns, Reaching safepoint: 109708 ns, Cleanup: 30333 ns, At safepoint: 17250 ns, Total: 157291 ns
[2025-09-17T07:49:38.510+0000][184][info ][safepoint   ] Safepoint "Cleanup", Time since last: 4508684669 ns, Reaching safepoint: 5167 ns, Cleanup: 41750 ns, At safepoint: 9000 ns, Total: 55917 ns
[2025-09-17T07:49:39.531+0000][184][info ][safepoint   ] Safepoint "Cleanup", Time since last: 1018762708 ns, Reaching safepoint: 1262542 ns, Cleanup: 109208 ns, At safepoint: 25292 ns, Total: 1397042 ns
[2025-09-17T07:49:40.588+0000][184][info ][safepoint   ] Safepoint "Cleanup", Time since last: 1057125084 ns, Reaching safepoint: 6291 ns, Cleanup: 64375 ns, At safepoint: 6709 ns, Total: 77375 ns
[2025-09-17T07:49:41.592+0000][184][info ][safepoint   ] Safepoint "Cleanup", Time since last: 1003893792 ns, Reaching safepoint: 108042 ns, Cleanup: 18791 ns, At safepoint: 11125 ns, Total: 137958 ns
[2025-09-17T07:49:44.601+0000][184][info ][safepoint   ] Safepoint "Cleanup", Time since last: 3008594960 ns, Reaching safepoint: 174833 ns, Cleanup: 114959 ns, At safepoint: 24291 ns, Total: 314083 ns
[2025-09-17T07:49:45.604+0000][184][info ][safepoint   ] Safepoint "Cleanup", Time since last: 1003153459 ns, Reaching safepoint: 41458 ns, Cleanup: 62834 ns, At safepoint: 18625 ns, Total: 122917 ns
[2025-09-17T07:49:47.609+0000][184][info ][safepoint   ] Safepoint "Cleanup", Time since last: 2004593751 ns, Reaching safepoint: 27875 ns, Cleanup: 26166 ns, At safepoint: 21334 ns, Total: 75375 ns
[2025-09-17T07:49:48.611+0000][184][info ][safepoint   ] Safepoint "Cleanup", Time since last: 1001235709 ns, Reaching safepoint: 52291 ns, Cleanup: 152125 ns, At safepoint: 24834 ns, Total: 229250 ns
[2025-09-17T07:49:50.409+0000][184][info ][safepoint   ] Safepoint "Cleanup", Time since last: 1797953875 ns, Reaching safepoint: 79125 ns, Cleanup: 60792 ns, At safepoint: 20750 ns, Total: 160667 ns
[2025-09-17T07:49:51.410+0000][184][info ][safepoint   ] Safepoint "Cleanup", Time since last: 1001537084 ns, Reaching safepoint: 163292 ns, Cleanup: 46958 ns, At safepoint: 20750 ns, Total: 231000 ns
[2025-09-17T07:49:52.413+0000][184][info ][safepoint   ] Safepoint "Cleanup", Time since last: 1001989667 ns, Reaching safepoint: 61625 ns, Cleanup: 51375 ns, At safepoint: 18667 ns, Total: 131667 ns
[2025-09-17T07:49:54.416+0000][184][info ][safepoint   ] Safepoint "Cleanup", Time since last: 2002923834 ns, Reaching safepoint: 150958 ns, Cleanup: 32250 ns, At safepoint: 10542 ns, Total: 193750 ns
[2025-09-17T07:50:00.427+0000][184][info ][safepoint   ] Safepoint "Cleanup", Time since last: 6010710544 ns, Reaching safepoint: 217459 ns, Cleanup: 53750 ns, At safepoint: 24916 ns, Total: 296125 ns
[2025-09-17T07:50:01.429+0000][184][info ][safepoint   ] Safepoint "Cleanup", Time since last: 1002447459 ns, Reaching safepoint: 74500 ns, Cleanup: 48417 ns, At safepoint: 19625 ns, Total: 142542 ns
[2025-09-17T07:50:03.437+0000][184][info ][safepoint   ] Safepoint "Cleanup", Time since last: 2008003959 ns, Reaching safepoint: 112792 ns, Cleanup: 74792 ns, At safepoint: 29125 ns, Total: 216709 ns
[2025-09-17T07:50:06.015+0000][184][info ][safepoint   ] Safepoint "Cleanup", Time since last: 2577778334 ns, Reaching safepoint: 80125 ns, Cleanup: 73917 ns, At safepoint: 28791 ns, Total: 182833 ns
[2025-09-17T07:50:07.017+0000][184][info ][safepoint   ] Safepoint "Cleanup", Time since last: 1001842334 ns, Reaching safepoint: 80667 ns, Cleanup: 27208 ns, At safepoint: 10000 ns, Total: 117875 ns
[2025-09-17T07:50:09.022+0000][184][info ][safepoint   ] Safepoint "Cleanup", Time since last: 2004847125 ns, Reaching safepoint: 181709 ns, Cleanup: 38583 ns, At safepoint: 15333 ns, Total: 235625 ns
[2025-09-17T07:50:11.034+0000][184][info ][safepoint   ] Safepoint "Cleanup", Time since last: 2012040418 ns, Reaching safepoint: 51917 ns, Cleanup: 29916 ns, At safepoint: 18459 ns, Total: 100292 ns
[2025-09-17T07:50:15.045+0000][184][info ][safepoint   ] Safepoint "Cleanup", Time since last: 4010870293 ns, Reaching safepoint: 159750 ns, Cleanup: 99333 ns, At safepoint: 38417 ns, Total: 297500 ns
[2025-09-17T07:50:16.048+0000][184][info ][safepoint   ] Safepoint "Cleanup", Time since last: 1002627959 ns, Reaching safepoint: 36083 ns, Cleanup: 42250 ns, At safepoint: 11584 ns, Total: 89917 ns
[2025-09-17T07:50:20.056+0000][184][info ][safepoint   ] Safepoint "Cleanup", Time since last: 4007531335 ns, Reaching safepoint: 71125 ns, Cleanup: 38917 ns, At safepoint: 12750 ns, Total: 122792 ns
[2025-09-17T07:50:21.057+0000][184][info ][safepoint   ] Safepoint "Cleanup", Time since last: 1001442542 ns, Reaching safepoint: 98666 ns, Cleanup: 48542 ns, At safepoint: 14333 ns, Total: 161541 ns
[2025-09-17T07:50:23.061+0000][184][info ][safepoint   ] Safepoint "Cleanup", Time since last: 2003101543 ns, Reaching safepoint: 121833 ns, Cleanup: 183209 ns, At safepoint: 46583 ns, Total: 351625 ns
[2025-09-17T07:50:24.062+0000][184][info ][safepoint   ] Safepoint "Cleanup", Time since last: 1001538084 ns, Reaching safepoint: 66375 ns, Cleanup: 40583 ns, At safepoint: 24250 ns, Total: 131208 ns
[2025-09-17T07:50:26.067+0000][184][info ][safepoint   ] Safepoint "Cleanup", Time since last: 2004318626 ns, Reaching safepoint: 302792 ns, Cleanup: 52958 ns, At safepoint: 16958 ns, Total: 372708 ns
[2025-09-17T07:50:30.080+0000][184][info ][safepoint   ] Safepoint "Cleanup", Time since last: 4012929794 ns, Reaching safepoint: 274625 ns, Cleanup: 49375 ns, At safepoint: 35542 ns, Total: 359542 ns
[2025-09-17T07:50:31.084+0000][184][info ][safepoint   ] Safepoint "Cleanup", Time since last: 1003719083 ns, Reaching safepoint: 140709 ns, Cleanup: 81125 ns, At safepoint: 30291 ns, Total: 252125 ns
[2025-09-17T07:50:35.090+0000][184][info ][safepoint   ] Safepoint "Cleanup", Time since last: 4005551919 ns, Reaching safepoint: 131500 ns, Cleanup: 61042 ns, At safepoint: 18500 ns, Total: 211042 ns
[2025-09-17T07:50:36.093+0000][184][info ][safepoint   ] Safepoint "Cleanup", Time since last: 1002568750 ns, Reaching safepoint: 57292 ns, Cleanup: 29958 ns, At safepoint: 10417 ns, Total: 97667 ns
[2025-09-17T07:50:37.095+0000][184][info ][safepoint   ] Safepoint "Cleanup", Time since last: 1002275209 ns, Reaching safepoint: 246541 ns, Cleanup: 73750 ns, At safepoint: 43209 ns, Total: 363500 ns
[2025-09-17T07:50:39.101+0000][184][info ][safepoint   ] Safepoint "Cleanup", Time since last: 2005557583 ns, Reaching safepoint: 99292 ns, Cleanup: 49042 ns, At safepoint: 23291 ns, Total: 171625 ns
[2025-09-17T07:50:40.103+0000][184][info ][safepoint   ] Safepoint "Cleanup", Time since last: 1001567001 ns, Reaching safepoint: 110708 ns, Cleanup: 64833 ns, At safepoint: 28917 ns, Total: 204458 ns
[2025-09-17T07:50:41.104+0000][184][info ][safepoint   ] Safepoint "Cleanup", Time since last: 1001463584 ns, Reaching safepoint: 13000 ns, Cleanup: 10458 ns, At safepoint: 5834 ns, Total: 29292 ns
[2025-09-17T07:50:42.742+0000][184][info ][safepoint   ] Safepoint "Cleanup", Time since last: 1635702959 ns, Reaching safepoint: 1359666 ns, Cleanup: 140292 ns, At safepoint: 15417 ns, Total: 1515375 ns
[2025-09-17T07:50:43.744+0000][184][info ][safepoint   ] Safepoint "Cleanup", Time since last: 1002681417 ns, Reaching safepoint: 39000 ns, Cleanup: 20833 ns, At safepoint: 12042 ns, Total: 71875 ns
[2025-09-17T07:50:45.748+0000][184][info ][safepoint   ] Safepoint "Cleanup", Time since last: 2003602084 ns, Reaching safepoint: 106667 ns, Cleanup: 253291 ns, At safepoint: 19084 ns, Total: 379042 ns
[2025-09-17T07:50:48.758+0000][184][info ][safepoint   ] Safepoint "Cleanup", Time since last: 3008695293 ns, Reaching safepoint: 427667 ns, Cleanup: 64333 ns, At safepoint: 40667 ns, Total: 532667 ns
[2025-09-17T07:50:50.625+0000][184][info ][safepoint   ] Safepoint "Cleanup", Time since last: 1867070709 ns, Reaching safepoint: 116500 ns, Cleanup: 98083 ns, At safepoint: 25958 ns, Total: 240541 ns
[2025-09-17T07:50:51.627+0000][184][info ][safepoint   ] Safepoint "Cleanup", Time since last: 1001779043 ns, Reaching safepoint: 96250 ns, Cleanup: 63541 ns, At safepoint: 23625 ns, Total: 183416 ns
[2025-09-17T07:50:53.635+0000][184][info ][safepoint   ] Safepoint "Cleanup", Time since last: 2007409085 ns, Reaching safepoint: 83666 ns, Cleanup: 63459 ns, At safepoint: 31375 ns, Total: 178500 ns
[2025-09-17T07:50:54.637+0000][184][info ][safepoint   ] Safepoint "Cleanup", Time since last: 1002501333 ns, Reaching safepoint: 101084 ns, Cleanup: 58916 ns, At safepoint: 17250 ns, Total: 177250 ns
[2025-09-17T07:50:58.643+0000][184][info ][safepoint   ] Safepoint "Cleanup", Time since last: 4005432752 ns, Reaching safepoint: 105084 ns, Cleanup: 42041 ns, At safepoint: 21209 ns, Total: 168334 ns
[2025-09-17T07:50:59.645+0000][184][info ][safepoint   ] Safepoint "Cleanup", Time since last: 1002485167 ns, Reaching safepoint: 86625 ns, Cleanup: 38375 ns, At safepoint: 18291 ns, Total: 143291 ns
[2025-09-17T07:51:00.647+0000][184][info ][safepoint   ] Safepoint "Cleanup", Time since last: 1001106293 ns, Reaching safepoint: 71291 ns, Cleanup: 37542 ns, At safepoint: 16458 ns, Total: 125291 ns
[2025-09-17T07:51:02.654+0000][184][info ][safepoint   ] Safepoint "Cleanup", Time since last: 2006977001 ns, Reaching safepoint: 177084 ns, Cleanup: 42166 ns, At safepoint: 24084 ns, Total: 243334 ns
[2025-09-17T07:51:03.656+0000][184][info ][safepoint   ] Safepoint "Cleanup", Time since last: 1002144333 ns, Reaching safepoint: 109500 ns, Cleanup: 83375 ns, At safepoint: 69459 ns, Total: 262334 ns
[2025-09-17T07:51:05.660+0000][184][info ][safepoint   ] Safepoint "Cleanup", Time since last: 2002921792 ns, Reaching safepoint: 165209 ns, Cleanup: 81041 ns, At safepoint: 34000 ns, Total: 280250 ns
[2025-09-17T07:51:08.667+0000][184][info ][safepoint   ] Safepoint "Cleanup", Time since last: 3007180960 ns, Reaching safepoint: 124333 ns, Cleanup: 62625 ns, At safepoint: 28167 ns, Total: 215125 ns
[2025-09-17T07:51:17.679+0000][184][info ][safepoint   ] Safepoint "Cleanup", Time since last: 9011610170 ns, Reaching safepoint: 65292 ns, Cleanup: 14000 ns, At safepoint: 7166 ns, Total: 86458 ns
[2025-09-17T07:51:18.682+0000][184][info ][safepoint   ] Safepoint "Cleanup", Time since last: 1002850751 ns, Reaching safepoint: 110458 ns, Cleanup: 70625 ns, At safepoint: 37917 ns, Total: 219000 ns
[2025-09-17T07:51:20.688+0000][184][info ][safepoint   ] Safepoint "Cleanup", Time since last: 2005667418 ns, Reaching safepoint: 67291 ns, Cleanup: 45750 ns, At safepoint: 21542 ns, Total: 134583 ns
[2025-09-17T07:51:22.692+0000][184][info ][safepoint   ] Safepoint "Cleanup", Time since last: 2004200042 ns, Reaching safepoint: 92667 ns, Cleanup: 104792 ns, At safepoint: 23416 ns, Total: 220875 ns
[2025-09-17T07:51:24.695+0000][184][info ][safepoint   ] Safepoint "Cleanup", Time since last: 2002835001 ns, Reaching safepoint: 187709 ns, Cleanup: 78625 ns, At safepoint: 33750 ns, Total: 300084 ns
[2025-09-17T07:51:25.699+0000][184][info ][safepoint   ] Safepoint "Cleanup", Time since last: 1003685959 ns, Reaching safepoint: 118666 ns, Cleanup: 70417 ns, At safepoint: 25542 ns, Total: 214625 ns
[2025-09-17T07:51:26.705+0000][184][info ][safepoint   ] Safepoint "Cleanup", Time since last: 1005905917 ns, Reaching safepoint: 190250 ns, Cleanup: 103750 ns, At safepoint: 19291 ns, Total: 313291 ns
[2025-09-17T07:51:27.708+0000][184][info ][safepoint   ] Safepoint "Cleanup", Time since last: 1003006626 ns, Reaching safepoint: 63958 ns, Cleanup: 39375 ns, At safepoint: 42625 ns, Total: 145958 ns
[2025-09-17T07:51:28.710+0000][184][info ][safepoint   ] Safepoint "Cleanup", Time since last: 1001229917 ns, Reaching safepoint: 89250 ns, Cleanup: 48000 ns, At safepoint: 13750 ns, Total: 151000 ns
[2025-09-17T07:51:29.713+0000][184][info ][safepoint   ] Safepoint "Cleanup", Time since last: 1003382584 ns, Reaching safepoint: 59667 ns, Cleanup: 56916 ns, At safepoint: 15875 ns, Total: 132458 ns
[2025-09-17T07:51:30.715+0000][184][info ][safepoint   ] Safepoint "Cleanup", Time since last: 1001340209 ns, Reaching safepoint: 45584 ns, Cleanup: 31541 ns, At safepoint: 13542 ns, Total: 90667 ns
[2025-09-17T07:51:34.720+0000][184][info ][safepoint   ] Safepoint "Cleanup", Time since last: 4004820919 ns, Reaching safepoint: 99916 ns, Cleanup: 91625 ns, At safepoint: 27959 ns, Total: 219500 ns
[2025-09-17T07:51:36.722+0000][184][info ][safepoint   ] Safepoint "Cleanup", Time since last: 2002267084 ns, Reaching safepoint: 111250 ns, Cleanup: 65500 ns, At safepoint: 34625 ns, Total: 211375 ns
[2025-09-17T07:51:37.724+0000][184][info ][safepoint   ] Safepoint "Cleanup", Time since last: 1001251709 ns, Reaching safepoint: 140000 ns, Cleanup: 81958 ns, At safepoint: 22375 ns, Total: 244333 ns
[2025-09-17T07:51:38.726+0000][184][info ][safepoint   ] Safepoint "Cleanup", Time since last: 1001783292 ns, Reaching safepoint: 73958 ns, Cleanup: 50584 ns, At safepoint: 21500 ns, Total: 146042 ns
[2025-09-17T07:51:41.729+0000][184][info ][safepoint   ] Safepoint "Cleanup", Time since last: 3002993668 ns, Reaching safepoint: 94250 ns, Cleanup: 67208 ns, At safepoint: 26250 ns, Total: 187708 ns
[2025-09-17T07:51:44.545+0000][184][info ][safepoint   ] Safepoint "Cleanup", Time since last: 2816543085 ns, Reaching safepoint: 5500 ns, Cleanup: 19000 ns, At safepoint: 6333 ns, Total: 30833 ns
[2025-09-17T07:51:45.974+0000][184][info ][safepoint   ] Safepoint "Cleanup", Time since last: 1399053542 ns, Reaching safepoint: 29744000 ns, Cleanup: 121084 ns, At safepoint: 36708 ns, Total: 29901792 ns
[2025-09-17T07:51:50.812+0000][184][info ][safepoint   ] Safepoint "Cleanup", Time since last: 4837304502 ns, Reaching safepoint: 179667 ns, Cleanup: 239125 ns, At safepoint: 39250 ns, Total: 458042 ns
[2025-09-17T07:51:52.816+0000][184][info ][safepoint   ] Safepoint "Cleanup", Time since last: 2003491251 ns, Reaching safepoint: 77083 ns, Cleanup: 46334 ns, At safepoint: 16500 ns, Total: 139917 ns
[2025-09-17T07:51:55.822+0000][184][info ][safepoint   ] Safepoint "Cleanup", Time since last: 3006456709 ns, Reaching safepoint: 65750 ns, Cleanup: 43667 ns, At safepoint: 15833 ns, Total: 125250 ns
[2025-09-17T07:52:00.828+0000][184][info ][safepoint   ] Safepoint "Cleanup", Time since last: 5005301753 ns, Reaching safepoint: 75041 ns, Cleanup: 26917 ns, At safepoint: 11250 ns, Total: 113208 ns
[2025-09-17T07:52:01.829+0000][184][info ][safepoint   ] Safepoint "Cleanup", Time since last: 1000906542 ns, Reaching safepoint: 66583 ns, Cleanup: 52167 ns, At safepoint: 17458 ns, Total: 136208 ns
[2025-09-17T07:52:03.831+0000][184][info ][safepoint   ] Safepoint "Cleanup", Time since last: 2001650960 ns, Reaching safepoint: 201416 ns, Cleanup: 38209 ns, At safepoint: 39125 ns, Total: 278750 ns
[2025-09-17T07:52:05.838+0000][184][info ][safepoint   ] Safepoint "Cleanup", Time since last: 2007170334 ns, Reaching safepoint: 87375 ns, Cleanup: 27417 ns, At safepoint: 14833 ns, Total: 129625 ns
[2025-09-17T07:52:06.840+0000][184][info ][safepoint   ] Safepoint "Cleanup", Time since last: 1002528459 ns, Reaching safepoint: 35625 ns, Cleanup: 21875 ns, At safepoint: 11958 ns, Total: 69458 ns
[2025-09-17T07:52:09.864+0000][184][info ][safepoint   ] Safepoint "Cleanup", Time since last: 3021296293 ns, Reaching safepoint: 1618458 ns, Cleanup: 54084 ns, At safepoint: 30666 ns, Total: 1703208 ns
[2025-09-17T07:52:10.867+0000][184][info ][safepoint   ] Safepoint "Cleanup", Time since last: 1003304167 ns, Reaching safepoint: 102084 ns, Cleanup: 43666 ns, At safepoint: 18917 ns, Total: 164667 ns
[2025-09-17T07:52:12.872+0000][184][info ][safepoint   ] Safepoint "Cleanup", Time since last: 2004120543 ns, Reaching safepoint: 282541 ns, Cleanup: 44250 ns, At safepoint: 19917 ns, Total: 346708 ns
[2025-09-17T07:52:14.875+0000][184][info ][safepoint   ] Safepoint "Cleanup", Time since last: 2002887418 ns, Reaching safepoint: 63000 ns, Cleanup: 18416 ns, At safepoint: 18167 ns, Total: 99583 ns
[2025-09-17T07:52:17.880+0000][184][info ][safepoint   ] Safepoint "Cleanup", Time since last: 3005078376 ns, Reaching safepoint: 39625 ns, Cleanup: 23084 ns, At safepoint: 11083 ns, Total: 73792 ns
[2025-09-17T07:52:19.884+0000][184][info ][safepoint   ] Safepoint "Cleanup", Time since last: 2004191584 ns, Reaching safepoint: 78042 ns, Cleanup: 45458 ns, At safepoint: 16167 ns, Total: 139667 ns
[2025-09-17T07:52:22.890+0000][184][info ][safepoint   ] Safepoint "Cleanup", Time since last: 3005768335 ns, Reaching safepoint: 127250 ns, Cleanup: 113333 ns, At safepoint: 23042 ns, Total: 263625 ns
[2025-09-17T07:52:24.895+0000][184][info ][safepoint   ] Safepoint "Cleanup", Time since last: 2004544751 ns, Reaching safepoint: 52958 ns, Cleanup: 25000 ns, At safepoint: 10000 ns, Total: 87958 ns
[2025-09-17T07:52:25.896+0000][184][info ][safepoint   ] Safepoint "Cleanup", Time since last: 1000967751 ns, Reaching safepoint: 77958 ns, Cleanup: 50625 ns, At safepoint: 20208 ns, Total: 148791 ns
[2025-09-17T07:52:26.898+0000][184][info ][safepoint   ] Safepoint "Cleanup", Time since last: 1001929126 ns, Reaching safepoint: 104333 ns, Cleanup: 47458 ns, At safepoint: 13959 ns, Total: 165750 ns
[2025-09-17T07:52:29.906+0000][184][info ][safepoint   ] Safepoint "Cleanup", Time since last: 3007857960 ns, Reaching safepoint: 83500 ns, Cleanup: 39250 ns, At safepoint: 26458 ns, Total: 149208 ns
[2025-09-17T07:52:30.913+0000][184][info ][safepoint   ] Safepoint "Cleanup", Time since last: 1007043542 ns, Reaching safepoint: 98958 ns, Cleanup: 47917 ns, At safepoint: 13792 ns, Total: 160667 ns
[2025-09-17T07:52:32.917+0000][184][info ][safepoint   ] Safepoint "Cleanup", Time since last: 2003278417 ns, Reaching safepoint: 159625 ns, Cleanup: 54584 ns, At safepoint: 20833 ns, Total: 235042 ns
[2025-09-17T07:52:33.918+0000][184][info ][safepoint   ] Safepoint "Cleanup", Time since last: 1000830792 ns, Reaching safepoint: 34958 ns, Cleanup: 10459 ns, At safepoint: 10166 ns, Total: 55583 ns
[2025-09-17T07:52:35.923+0000][184][info ][safepoint   ] Safepoint "Cleanup", Time since last: 2005852543 ns, Reaching safepoint: 40500 ns, Cleanup: 19875 ns, At safepoint: 10125 ns, Total: 70500 ns
[2025-09-17T07:52:38.931+0000][184][info ][safepoint   ] Safepoint "Cleanup", Time since last: 3007147501 ns, Reaching safepoint: 102250 ns, Cleanup: 44083 ns, At safepoint: 15958 ns, Total: 162291 ns
[2025-09-17T07:52:43.939+0000][184][info ][safepoint   ] Safepoint "Cleanup", Time since last: 5007924003 ns, Reaching safepoint: 202083 ns, Cleanup: 62833 ns, At safepoint: 10500 ns, Total: 275416 ns
[2025-09-17T07:52:47.570+0000][184][info ][safepoint   ] Safepoint "Cleanup", Time since last: 3631112585 ns, Reaching safepoint: 6709 ns, Cleanup: 50958 ns, At safepoint: 9500 ns, Total: 67167 ns
[2025-09-17T07:52:49.234+0000][184][info ][safepoint   ] Safepoint "Cleanup", Time since last: 1663727042 ns, Reaching safepoint: 11125 ns, Cleanup: 49834 ns, At safepoint: 12041 ns, Total: 73000 ns
[2025-09-17T07:52:50.988+0000][184][info ][safepoint   ] Safepoint "Cleanup", Time since last: 1753728626 ns, Reaching safepoint: 94250 ns, Cleanup: 52209 ns, At safepoint: 12250 ns, Total: 158709 ns
[2025-09-17T07:52:52.992+0000][184][info ][safepoint   ] Safepoint "Cleanup", Time since last: 2003303251 ns, Reaching safepoint: 357750 ns, Cleanup: 41583 ns, At safepoint: 22958 ns, Total: 422291 ns
[2025-09-17T07:52:53.993+0000][184][info ][safepoint   ] Safepoint "Cleanup", Time since last: 1000847126 ns, Reaching safepoint: 51500 ns, Cleanup: 38541 ns, At safepoint: 13250 ns, Total: 103291 ns
[2025-09-17T07:52:54.995+0000][184][info ][safepoint   ] Safepoint "Cleanup", Time since last: 1002140334 ns, Reaching safepoint: 47250 ns, Cleanup: 79917 ns, At safepoint: 13583 ns, Total: 140750 ns
[2025-09-17T07:52:56.997+0000][184][info ][safepoint   ] Safepoint "Cleanup", Time since last: 2001820710 ns, Reaching safepoint: 149666 ns, Cleanup: 56542 ns, At safepoint: 17125 ns, Total: 223333 ns
[2025-09-17T07:53:03.003+0000][184][info ][safepoint   ] Safepoint "Cleanup", Time since last: 6006025753 ns, Reaching safepoint: 23041 ns, Cleanup: 41000 ns, At safepoint: 9542 ns, Total: 73583 ns
[2025-09-17T07:53:06.006+0000][184][info ][safepoint   ] Safepoint "Cleanup", Time since last: 3002608585 ns, Reaching safepoint: 56458 ns, Cleanup: 18208 ns, At safepoint: 10417 ns, Total: 85083 ns
[2025-09-17T07:53:07.007+0000][184][info ][safepoint   ] Safepoint "Cleanup", Time since last: 1000981084 ns, Reaching safepoint: 108875 ns, Cleanup: 285958 ns, At safepoint: 34500 ns, Total: 429333 ns
[2025-09-17T07:53:09.011+0000][184][info ][safepoint   ] Safepoint "Cleanup", Time since last: 2002945584 ns, Reaching safepoint: 474542 ns, Cleanup: 69875 ns, At safepoint: 36041 ns, Total: 580458 ns
[2025-09-17T07:53:12.015+0000][184][info ][safepoint   ] Safepoint "Cleanup", Time since last: 3004593585 ns, Reaching safepoint: 94708 ns, Cleanup: 41625 ns, At safepoint: 16167 ns, Total: 152500 ns
[2025-09-17T07:53:19.024+0000][184][info ][safepoint   ] Safepoint "Cleanup", Time since last: 7007929670 ns, Reaching safepoint: 404792 ns, Cleanup: 93916 ns, At safepoint: 34042 ns, Total: 532750 ns
[2025-09-17T07:53:21.027+0000][184][info ][safepoint   ] Safepoint "Cleanup", Time since last: 2003291543 ns, Reaching safepoint: 104750 ns, Cleanup: 55625 ns, At safepoint: 21166 ns, Total: 181541 ns
[2025-09-17T07:53:23.030+0000][184][info ][safepoint   ] Safepoint "Cleanup", Time since last: 2002564501 ns, Reaching safepoint: 72875 ns, Cleanup: 46917 ns, At safepoint: 21250 ns, Total: 141042 ns
[2025-09-17T07:53:24.032+0000][184][info ][safepoint   ] Safepoint "Cleanup", Time since last: 1001683292 ns, Reaching safepoint: 113208 ns, Cleanup: 75125 ns, At safepoint: 16500 ns, Total: 204833 ns
[2025-09-17T07:53:25.033+0000][184][info ][safepoint   ] Safepoint "Cleanup", Time since last: 1000870418 ns, Reaching safepoint: 100250 ns, Cleanup: 76750 ns, At safepoint: 13958 ns, Total: 190958 ns
[2025-09-17T07:53:26.035+0000][184][info ][safepoint   ] Safepoint "Cleanup", Time since last: 1001735459 ns, Reaching safepoint: 79958 ns, Cleanup: 51667 ns, At safepoint: 20541 ns, Total: 152166 ns
[2025-09-17T07:53:27.321+0000][184][info ][safepoint   ] Safepoint "Cleanup", Time since last: 1286322293 ns, Reaching safepoint: 12750 ns, Cleanup: 30333 ns, At safepoint: 13042 ns, Total: 56125 ns
[2025-09-17T07:53:28.359+0000][184][info ][safepoint   ] Safepoint "Cleanup", Time since last: 1037771500 ns, Reaching safepoint: 99375 ns, Cleanup: 96000 ns, At safepoint: 26750 ns, Total: 222125 ns
[2025-09-17T07:53:29.423+0000][184][info ][safepoint   ] Safepoint "Cleanup", Time since last: 1063483126 ns, Reaching safepoint: 88166 ns, Cleanup: 53542 ns, At safepoint: 13708 ns, Total: 155416 ns
[2025-09-17T07:53:31.040+0000][184][info ][safepoint   ] Safepoint "Cleanup", Time since last: 1617205751 ns, Reaching safepoint: 9958 ns, Cleanup: 41334 ns, At safepoint: 20333 ns, Total: 71625 ns
[2025-09-17T07:53:32.120+0000][184][info ][safepoint   ] Safepoint "Cleanup", Time since last: 1079957959 ns, Reaching safepoint: 69000 ns, Cleanup: 36083 ns, At safepoint: 13292 ns, Total: 118375 ns
[2025-09-17T07:53:33.122+0000][184][info ][safepoint   ] Safepoint "Cleanup", Time since last: 1002021250 ns, Reaching safepoint: 93167 ns, Cleanup: 53625 ns, At safepoint: 20250 ns, Total: 167042 ns
[2025-09-17T07:53:36.129+0000][184][info ][safepoint   ] Safepoint "Cleanup", Time since last: 3006952710 ns, Reaching safepoint: 88458 ns, Cleanup: 40000 ns, At safepoint: 13917 ns, Total: 142375 ns
[2025-09-17T07:53:37.133+0000][184][info ][safepoint   ] Safepoint "Cleanup", Time since last: 1003359084 ns, Reaching safepoint: 91375 ns, Cleanup: 95500 ns, At safepoint: 16166 ns, Total: 203041 ns
[2025-09-17T07:53:38.137+0000][184][info ][safepoint   ] Safepoint "Cleanup", Time since last: 1003687834 ns, Reaching safepoint: 207125 ns, Cleanup: 46167 ns, At safepoint: 19458 ns, Total: 272750 ns
[2025-09-17T07:53:42.143+0000][184][info ][safepoint   ] Safepoint "Cleanup", Time since last: 4005491043 ns, Reaching safepoint: 179750 ns, Cleanup: 35667 ns, At safepoint: 161166 ns, Total: 376583 ns
[2025-09-17T07:53:48.157+0000][184][info ][safepoint   ] Safepoint "Cleanup", Time since last: 6013233462 ns, Reaching safepoint: 277833 ns, Cleanup: 117083 ns, At safepoint: 54125 ns, Total: 449041 ns
[2025-09-17T07:53:50.572+0000][184][info ][safepoint   ] Safepoint "Cleanup", Time since last: 2415356460 ns, Reaching safepoint: 5000 ns, Cleanup: 29583 ns, At safepoint: 7875 ns, Total: 42458 ns
[2025-09-17T07:53:52.514+0000][184][info ][safepoint   ] Safepoint "Cleanup", Time since last: 1941903584 ns, Reaching safepoint: 20875 ns, Cleanup: 146584 ns, At safepoint: 16916 ns, Total: 184375 ns
[2025-09-17T07:53:56.528+0000][184][info ][safepoint   ] Safepoint "Cleanup", Time since last: 4013353586 ns, Reaching safepoint: 306833 ns, Cleanup: 56458 ns, At safepoint: 12125 ns, Total: 375416 ns
[2025-09-17T07:54:02.539+0000][184][info ][safepoint   ] Safepoint "Cleanup", Time since last: 6010811128 ns, Reaching safepoint: 164583 ns, Cleanup: 22292 ns, At safepoint: 21958 ns, Total: 208833 ns
[2025-09-17T07:54:09.551+0000][184][info ][safepoint   ] Safepoint "Cleanup", Time since last: 7011071753 ns, Reaching safepoint: 83042 ns, Cleanup: 50708 ns, At safepoint: 23458 ns, Total: 157208 ns
[2025-09-17T07:54:10.553+0000][184][info ][safepoint   ] Safepoint "Cleanup", Time since last: 1001893667 ns, Reaching safepoint: 26375 ns, Cleanup: 23375 ns, At safepoint: 20250 ns, Total: 70000 ns
[2025-09-17T07:54:11.553+0000][184][info ][safepoint   ] Safepoint "Cleanup", Time since last: 1000509376 ns, Reaching safepoint: 241083 ns, Cleanup: 14333 ns, At safepoint: 7834 ns, Total: 263250 ns
[2025-09-17T07:54:12.555+0000][184][info ][safepoint   ] Safepoint "Cleanup", Time since last: 1001154334 ns, Reaching safepoint: 85083 ns, Cleanup: 63375 ns, At safepoint: 28625 ns, Total: 177083 ns
[2025-09-17T07:54:14.558+0000][184][info ][safepoint   ] Safepoint "Cleanup", Time since last: 2002943751 ns, Reaching safepoint: 15792 ns, Cleanup: 14250 ns, At safepoint: 9125 ns, Total: 39167 ns
[2025-09-17T07:54:20.567+0000][184][info ][safepoint   ] Safepoint "Cleanup", Time since last: 6008869169 ns, Reaching safepoint: 216208 ns, Cleanup: 62250 ns, At safepoint: 19875 ns, Total: 298333 ns
[2025-09-17T07:54:22.572+0000][184][info ][safepoint   ] Safepoint "Cleanup", Time since last: 2005275210 ns, Reaching safepoint: 93333 ns, Cleanup: 158708 ns, At safepoint: 27459 ns, Total: 279500 ns
[2025-09-17T07:54:23.575+0000][184][info ][safepoint   ] Safepoint "Cleanup", Time since last: 1002835334 ns, Reaching safepoint: 32291 ns, Cleanup: 18584 ns, At safepoint: 8791 ns, Total: 59666 ns
[2025-09-17T07:54:25.577+0000][184][info ][safepoint   ] Safepoint "Cleanup", Time since last: 2001547626 ns, Reaching safepoint: 488083 ns, Cleanup: 48959 ns, At safepoint: 13583 ns, Total: 550625 ns
[2025-09-17T07:54:30.584+0000][184][info ][safepoint   ] Safepoint "Cleanup", Time since last: 5006917336 ns, Reaching safepoint: 66750 ns, Cleanup: 35458 ns, At safepoint: 21750 ns, Total: 123958 ns
[2025-09-17T07:54:38.597+0000][184][info ][safepoint   ] Safepoint "Cleanup", Time since last: 8012754129 ns, Reaching safepoint: 51292 ns, Cleanup: 40583 ns, At safepoint: 13917 ns, Total: 105792 ns
[2025-09-17T07:54:42.601+0000][184][info ][safepoint   ] Safepoint "Cleanup", Time since last: 4004128084 ns, Reaching safepoint: 47167 ns, Cleanup: 26041 ns, At safepoint: 14292 ns, Total: 87500 ns
[2025-09-17T07:54:53.562+0000][184][info ][safepoint   ] Safepoint "Cleanup", Time since last: 10960310089 ns, Reaching safepoint: 5583 ns, Cleanup: 17250 ns, At safepoint: 6458 ns, Total: 29291 ns
[2025-09-17T07:54:54.579+0000][184][info ][safepoint   ] Safepoint "Cleanup", Time since last: 1017453126 ns, Reaching safepoint: 33083 ns, Cleanup: 33958 ns, At safepoint: 8250 ns, Total: 75291 ns
[2025-09-17T07:54:55.682+0000][184][info ][safepoint   ] Safepoint "Cleanup", Time since last: 1102864209 ns, Reaching safepoint: 13334 ns, Cleanup: 58750 ns, At safepoint: 8000 ns, Total: 80084 ns
[2025-09-17T07:54:59.693+0000][184][info ][safepoint   ] Safepoint "Cleanup", Time since last: 4010034376 ns, Reaching safepoint: 262542 ns, Cleanup: 90083 ns, At safepoint: 34375 ns, Total: 387000 ns
[2025-09-17T07:55:00.696+0000][184][info ][safepoint   ] Safepoint "Cleanup", Time since last: 1003157001 ns, Reaching safepoint: 34500 ns, Cleanup: 38250 ns, At safepoint: 9667 ns, Total: 82417 ns
[2025-09-17T07:55:03.698+0000][184][info ][safepoint   ] Safepoint "Cleanup", Time since last: 3002246459 ns, Reaching safepoint: 33250 ns, Cleanup: 22042 ns, At safepoint: 8917 ns, Total: 64209 ns
[2025-09-17T07:55:05.703+0000][184][info ][safepoint   ] Safepoint "Cleanup", Time since last: 2004473584 ns, Reaching safepoint: 45292 ns, Cleanup: 25041 ns, At safepoint: 21292 ns, Total: 91625 ns
[2025-09-17T07:55:09.711+0000][184][info ][safepoint   ] Safepoint "Cleanup", Time since last: 4008386668 ns, Reaching safepoint: 228125 ns, Cleanup: 27500 ns, At safepoint: 28458 ns, Total: 284083 ns
[2025-09-17T07:55:10.712+0000][184][info ][safepoint   ] Safepoint "Cleanup", Time since last: 1001295376 ns, Reaching safepoint: 35083 ns, Cleanup: 24083 ns, At safepoint: 9084 ns, Total: 68250 ns
[2025-09-17T07:55:11.715+0000][184][info ][safepoint   ] Safepoint "Cleanup", Time since last: 1002295125 ns, Reaching safepoint: 54667 ns, Cleanup: 33250 ns, At safepoint: 14583 ns, Total: 102500 ns
[2025-09-17T07:55:14.723+0000][184][info ][safepoint   ] Safepoint "Cleanup", Time since last: 3008166502 ns, Reaching safepoint: 40500 ns, Cleanup: 27083 ns, At safepoint: 14417 ns, Total: 82000 ns
[2025-09-17T07:55:17.727+0000][184][info ][safepoint   ] Safepoint "Cleanup", Time since last: 3003728834 ns, Reaching safepoint: 148292 ns, Cleanup: 122458 ns, At safepoint: 9500 ns, Total: 280250 ns
[2025-09-17T07:55:20.732+0000][184][info ][safepoint   ] Safepoint "Cleanup", Time since last: 3003655335 ns, Reaching safepoint: 853917 ns, Cleanup: 49292 ns, At safepoint: 18958 ns, Total: 922167 ns
[2025-09-17T07:55:22.736+0000][184][info ][safepoint   ] Safepoint "Cleanup", Time since last: 2003679042 ns, Reaching safepoint: 106709 ns, Cleanup: 202375 ns, At safepoint: 21791 ns, Total: 330875 ns
[2025-09-17T07:55:23.737+0000][184][info ][safepoint   ] Safepoint "Cleanup", Time since last: 1001427126 ns, Reaching safepoint: 79042 ns, Cleanup: 34500 ns, At safepoint: 17250 ns, Total: 130792 ns
[2025-09-17T07:55:25.740+0000][184][info ][safepoint   ] Safepoint "Cleanup", Time since last: 2002831334 ns, Reaching safepoint: 115542 ns, Cleanup: 91500 ns, At safepoint: 20750 ns, Total: 227792 ns
[2025-09-17T07:55:29.745+0000][184][info ][safepoint   ] Safepoint "Cleanup", Time since last: 4004746585 ns, Reaching safepoint: 200375 ns, Cleanup: 61458 ns, At safepoint: 28208 ns, Total: 290041 ns
[2025-09-17T07:55:30.747+0000][184][info ][safepoint   ] Safepoint "Cleanup", Time since last: 1001530834 ns, Reaching safepoint: 126625 ns, Cleanup: 44000 ns, At safepoint: 18500 ns, Total: 189125 ns
[2025-09-17T07:55:32.749+0000][184][info ][safepoint   ] Safepoint "Cleanup", Time since last: 2001574585 ns, Reaching safepoint: 25958 ns, Cleanup: 12417 ns, At safepoint: 6208 ns, Total: 44583 ns
[2025-09-17T07:55:35.752+0000][184][info ][safepoint   ] Safepoint "Cleanup", Time since last: 3003200460 ns, Reaching safepoint: 19916 ns, Cleanup: 20417 ns, At safepoint: 9000 ns, Total: 49333 ns
[2025-09-17T07:55:38.999+0000][184][info ][gc,start    ] GC(24) Pause Young (Prepare Mixed) (G1 Evacuation Pause)
[2025-09-17T07:55:38.999+0000][184][info ][gc,task     ] GC(24) Using 8 workers of 8 for evacuation
[2025-09-17T07:55:38.999+0000][184][debug][gc,age      ] GC(24) Desired survivor size 41943040 bytes, new threshold 15 (max threshold 15)
[2025-09-17T07:55:39.045+0000][184][info ][gc,phases   ] GC(24)   Pre Evacuate Collection Set: 0.85ms
[2025-09-17T07:55:39.045+0000][184][info ][gc,phases   ] GC(24)   Merge Heap Roots: 0.27ms
[2025-09-17T07:55:39.045+0000][184][info ][gc,phases   ] GC(24)   Evacuate Collection Set: 39.53ms
[2025-09-17T07:55:39.045+0000][184][info ][gc,phases   ] GC(24)   Post Evacuate Collection Set: 4.74ms
[2025-09-17T07:55:39.045+0000][184][info ][gc,phases   ] GC(24)   Other: 0.31ms
[2025-09-17T07:55:39.045+0000][184][trace][gc,age      ] GC(24) Age table with threshold 15 (max threshold 15)
[2025-09-17T07:55:39.045+0000][184][trace][gc,age      ] GC(24) - age   1:    1215744 bytes,    1215744 total
[2025-09-17T07:55:39.045+0000][184][trace][gc,age      ] GC(24) - age   2:    2424480 bytes,    3640224 total
[2025-09-17T07:55:39.045+0000][184][trace][gc,age      ] GC(24) - age   3:    1829032 bytes,    5469256 total
[2025-09-17T07:55:39.045+0000][184][trace][gc,age      ] GC(24) - age   4:    6734632 bytes,   12203888 total
[2025-09-17T07:55:39.045+0000][184][trace][gc,age      ] GC(24) - age   5:      64192 bytes,   12268080 total
[2025-09-17T07:55:39.045+0000][184][trace][gc,age      ] GC(24) - age   6:    2931728 bytes,   15199808 total
[2025-09-17T07:55:39.045+0000][184][trace][gc,age      ] GC(24) - age   7:   18003592 bytes,   33203400 total
[2025-09-17T07:55:39.045+0000][184][trace][gc,age      ] GC(24) - age   8:     222176 bytes,   33425576 total
[2025-09-17T07:55:39.045+0000][184][info ][gc,heap     ] GC(24) Eden regions: 143->0(144)
[2025-09-17T07:55:39.046+0000][184][info ][gc,heap     ] GC(24) Survivor regions: 10->9(20)
[2025-09-17T07:55:39.046+0000][184][info ][gc,heap     ] GC(24) Old regions: 29->29
[2025-09-17T07:55:39.046+0000][184][info ][gc,heap     ] GC(24) Humongous regions: 2->2
[2025-09-17T07:55:39.046+0000][184][info ][gc,metaspace] GC(24) Metaspace: 161983K(166528K)->161983K(166528K) NonClass: 139560K(142016K)->139560K(142016K) Class: 22422K(24512K)->22422K(24512K)
[2025-09-17T07:55:39.046+0000][184][info ][gc          ] GC(24) Pause Young (Prepare Mixed) (G1 Evacuation Pause) 732M->157M(1024M) 47.161ms
[2025-09-17T07:55:39.046+0000][184][info ][gc,cpu      ] GC(24) User=0.33s Sys=0.00s Real=0.05s
[2025-09-17T07:55:39.046+0000][184][info ][safepoint   ] Safepoint "G1CollectForAllocation", Time since last: 3246682335 ns, Reaching safepoint: 41500 ns, Cleanup: 17458 ns, At safepoint: 47392042 ns, Total: 47451000 ns
[2025-09-17T07:55:42.049+0000][184][info ][safepoint   ] Safepoint "Cleanup", Time since last: 3002746376 ns, Reaching safepoint: 46625 ns, Cleanup: 29208 ns, At safepoint: 13875 ns, Total: 89708 ns
[2025-09-17T07:55:45.051+0000][184][info ][safepoint   ] Safepoint "Cleanup", Time since last: 3002070627 ns, Reaching safepoint: 148333 ns, Cleanup: 46042 ns, At safepoint: 28583 ns, Total: 222958 ns
[2025-09-17T07:55:50.058+0000][184][info ][safepoint   ] Safepoint "Cleanup", Time since last: 5006897586 ns, Reaching safepoint: 193250 ns, Cleanup: 32917 ns, At safepoint: 21333 ns, Total: 247500 ns
[2025-09-17T07:55:51.585+0000][184][info ][safepoint   ] Safepoint "Cleanup", Time since last: 1526902001 ns, Reaching safepoint: 72958 ns, Cleanup: 87667 ns, At safepoint: 25333 ns, Total: 185958 ns
[2025-09-17T07:55:55.634+0000][184][info ][safepoint   ] Safepoint "Cleanup", Time since last: 4048605877 ns, Reaching safepoint: 108208 ns, Cleanup: 28375 ns, At safepoint: 14917 ns, Total: 151500 ns
[2025-09-17T07:55:56.808+0000][184][info ][safepoint   ] Safepoint "Cleanup", Time since last: 1173638709 ns, Reaching safepoint: 7083 ns, Cleanup: 70458 ns, At safepoint: 8500 ns, Total: 86041 ns
[2025-09-17T07:55:57.857+0000][184][info ][safepoint   ] Safepoint "Cleanup", Time since last: 1049347668 ns, Reaching safepoint: 12625 ns, Cleanup: 45541 ns, At safepoint: 14625 ns, Total: 72791 ns
[2025-09-17T07:55:59.861+0000][184][info ][safepoint   ] Safepoint "Cleanup", Time since last: 2003402793 ns, Reaching safepoint: 110708 ns, Cleanup: 68375 ns, At safepoint: 19209 ns, Total: 198292 ns
[2025-09-17T07:56:00.862+0000][184][info ][safepoint   ] Safepoint "Cleanup", Time since last: 1001047083 ns, Reaching safepoint: 73959 ns, Cleanup: 75291 ns, At safepoint: 19459 ns, Total: 168709 ns
[2025-09-17T07:56:03.868+0000][184][info ][safepoint   ] Safepoint "Cleanup", Time since last: 3004685126 ns, Reaching safepoint: 949875 ns, Cleanup: 79958 ns, At safepoint: 14792 ns, Total: 1044625 ns
[2025-09-17T07:56:05.870+0000][184][info ][safepoint   ] Safepoint "Cleanup", Time since last: 2002318626 ns, Reaching safepoint: 91792 ns, Cleanup: 61916 ns, At safepoint: 12125 ns, Total: 165833 ns
[2025-09-17T07:56:08.874+0000][184][info ][safepoint   ] Safepoint "Cleanup", Time since last: 3003600043 ns, Reaching safepoint: 208584 ns, Cleanup: 48000 ns, At safepoint: 29833 ns, Total: 286417 ns
[2025-09-17T07:56:09.876+0000][184][info ][safepoint   ] Safepoint "Cleanup", Time since last: 1001774917 ns, Reaching safepoint: 99833 ns, Cleanup: 88584 ns, At safepoint: 28291 ns, Total: 216708 ns
[2025-09-17T07:56:11.879+0000][184][info ][safepoint   ] Safepoint "Cleanup", Time since last: 2002745210 ns, Reaching safepoint: 201875 ns, Cleanup: 72166 ns, At safepoint: 29459 ns, Total: 303500 ns
[2025-09-17T07:56:15.887+0000][184][info ][safepoint   ] Safepoint "Cleanup", Time since last: 4007583585 ns, Reaching safepoint: 81625 ns, Cleanup: 48208 ns, At safepoint: 47834 ns, Total: 177667 ns
[2025-09-17T07:56:22.898+0000][184][info ][safepoint   ] Safepoint "Cleanup", Time since last: 7010301170 ns, Reaching safepoint: 92500 ns, Cleanup: 55791 ns, At safepoint: 27209 ns, Total: 175500 ns
[2025-09-17T07:56:23.900+0000][184][info ][safepoint   ] Safepoint "Cleanup", Time since last: 1002233583 ns, Reaching safepoint: 104375 ns, Cleanup: 10792 ns, At safepoint: 12792 ns, Total: 127959 ns
[2025-09-17T07:56:34.916+0000][184][info ][safepoint   ] Safepoint "Cleanup", Time since last: 11016234838 ns, Reaching safepoint: 175917 ns, Cleanup: 70167 ns, At safepoint: 37291 ns, Total: 283375 ns
[2025-09-17T07:56:35.919+0000][184][info ][safepoint   ] Safepoint "Cleanup", Time since last: 1002832376 ns, Reaching safepoint: 75750 ns, Cleanup: 61250 ns, At safepoint: 19083 ns, Total: 156083 ns
[2025-09-17T07:56:40.924+0000][184][info ][safepoint   ] Safepoint "Cleanup", Time since last: 5004668835 ns, Reaching safepoint: 110250 ns, Cleanup: 36500 ns, At safepoint: 23875 ns, Total: 170625 ns
[2025-09-17T07:56:50.584+0000][184][info ][safepoint   ] Safepoint "Cleanup", Time since last: 9660109880 ns, Reaching safepoint: 6583 ns, Cleanup: 10667 ns, At safepoint: 3375 ns, Total: 20625 ns
[2025-09-17T07:56:52.588+0000][184][info ][safepoint   ] Safepoint "Cleanup", Time since last: 2003297876 ns, Reaching safepoint: 70708 ns, Cleanup: 37209 ns, At safepoint: 17541 ns, Total: 125458 ns
[2025-09-17T07:56:53.589+0000][184][info ][safepoint   ] Safepoint "Cleanup", Time since last: 1001241876 ns, Reaching safepoint: 31292 ns, Cleanup: 13333 ns, At safepoint: 14792 ns, Total: 59417 ns
[2025-09-17T07:56:58.596+0000][184][info ][safepoint   ] Safepoint "Cleanup", Time since last: 5005183669 ns, Reaching safepoint: 1180000 ns, Cleanup: 259916 ns, At safepoint: 54209 ns, Total: 1494125 ns
[2025-09-17T07:56:59.599+0000][184][info ][safepoint   ] Safepoint "Cleanup", Time since last: 1001965167 ns, Reaching safepoint: 1054333 ns, Cleanup: 19917 ns, At safepoint: 19416 ns, Total: 1093666 ns
[2025-09-17T07:57:01.048+0000][184][info ][safepoint   ] Safepoint "Cleanup", Time since last: 1448386543 ns, Reaching safepoint: 20125 ns, Cleanup: 318333 ns, At safepoint: 30917 ns, Total: 369375 ns
[2025-09-17T07:57:03.056+0000][184][info ][safepoint   ] Safepoint "Cleanup", Time since last: 2007670542 ns, Reaching safepoint: 110875 ns, Cleanup: 39167 ns, At safepoint: 24333 ns, Total: 174375 ns
[2025-09-17T07:57:04.056+0000][184][info ][safepoint   ] Safepoint "Cleanup", Time since last: 1000403959 ns, Reaching safepoint: 47375 ns, Cleanup: 32375 ns, At safepoint: 18500 ns, Total: 98250 ns
[2025-09-17T07:57:06.059+0000][184][info ][safepoint   ] Safepoint "Cleanup", Time since last: 2002815459 ns, Reaching safepoint: 36792 ns, Cleanup: 29542 ns, At safepoint: 11916 ns, Total: 78250 ns
[2025-09-17T07:57:09.062+0000][184][info ][safepoint   ] Safepoint "Cleanup", Time since last: 3003038710 ns, Reaching safepoint: 100417 ns, Cleanup: 29916 ns, At safepoint: 19917 ns, Total: 150250 ns
[2025-09-17T07:57:10.063+0000][184][info ][safepoint   ] Safepoint "Cleanup", Time since last: 1000981250 ns, Reaching safepoint: 102167 ns, Cleanup: 34833 ns, At safepoint: 13834 ns, Total: 150834 ns
[2025-09-17T07:57:11.072+0000][184][info ][safepoint   ] Safepoint "Cleanup", Time since last: 1004717500 ns, Reaching safepoint: 1493667 ns, Cleanup: 2909500 ns, At safepoint: 34583 ns, Total: 4437750 ns
[2025-09-17T07:57:23.101+0000][184][info ][safepoint   ] Safepoint "Cleanup", Time since last: 12027099089 ns, Reaching safepoint: 1061209 ns, Cleanup: 184500 ns, At safepoint: 35625 ns, Total: 1281334 ns
[2025-09-17T07:57:26.110+0000][184][info ][safepoint   ] Safepoint "Cleanup", Time since last: 3009432209 ns, Reaching safepoint: 79000 ns, Cleanup: 73959 ns, At safepoint: 28083 ns, Total: 181042 ns
[2025-09-17T07:57:28.115+0000][184][info ][safepoint   ] Safepoint "Cleanup", Time since last: 2004431834 ns, Reaching safepoint: 100834 ns, Cleanup: 59333 ns, At safepoint: 24125 ns, Total: 184292 ns
[2025-09-17T07:57:36.127+0000][184][info ][safepoint   ] Safepoint "Cleanup", Time since last: 8012103171 ns, Reaching safepoint: 145916 ns, Cleanup: 103875 ns, At safepoint: 57834 ns, Total: 307625 ns
[2025-09-17T07:57:38.131+0000][184][info ][safepoint   ] Safepoint "Cleanup", Time since last: 2003461750 ns, Reaching safepoint: 87292 ns, Cleanup: 15875 ns, At safepoint: 9167 ns, Total: 112334 ns
[2025-09-17T07:57:39.135+0000][184][info ][safepoint   ] Safepoint "Cleanup", Time since last: 1004308041 ns, Reaching safepoint: 37375 ns, Cleanup: 26208 ns, At safepoint: 9375 ns, Total: 72958 ns
[2025-09-17T07:57:40.137+0000][184][info ][safepoint   ] Safepoint "Cleanup", Time since last: 1001036417 ns, Reaching safepoint: 318250 ns, Cleanup: 56125 ns, At safepoint: 38334 ns, Total: 412709 ns
[2025-09-17T07:57:41.138+0000][184][info ][safepoint   ] Safepoint "Cleanup", Time since last: 1001463750 ns, Reaching safepoint: 74292 ns, Cleanup: 49667 ns, At safepoint: 15875 ns, Total: 139834 ns
[2025-09-17T07:57:42.148+0000][184][info ][safepoint   ] Safepoint "Cleanup", Time since last: 1010031958 ns, Reaching safepoint: 19334 ns, Cleanup: 49958 ns, At safepoint: 19833 ns, Total: 89125 ns
[2025-09-17T07:57:43.201+0000][184][info ][safepoint   ] Safepoint "Cleanup", Time since last: 1052018001 ns, Reaching safepoint: 8167 ns, Cleanup: 15083 ns, At safepoint: 7667 ns, Total: 30917 ns
[2025-09-17T07:57:44.225+0000][184][info ][safepoint   ] Safepoint "Cleanup", Time since last: 1024759542 ns, Reaching safepoint: 53500 ns, Cleanup: 41666 ns, At safepoint: 14667 ns, Total: 109833 ns
[2025-09-17T07:57:45.780+0000][184][info ][safepoint   ] Safepoint "Cleanup", Time since last: 1554942626 ns, Reaching safepoint: 5041 ns, Cleanup: 15500 ns, At safepoint: 5542 ns, Total: 26083 ns
[2025-09-17T07:57:46.822+0000][184][info ][safepoint   ] Safepoint "Cleanup", Time since last: 1041365501 ns, Reaching safepoint: 91625 ns, Cleanup: 47833 ns, At safepoint: 33750 ns, Total: 173208 ns
[2025-09-17T07:57:50.604+0000][184][info ][safepoint   ] Safepoint "Cleanup", Time since last: 3782122627 ns, Reaching safepoint: 7875 ns, Cleanup: 14333 ns, At safepoint: 16292 ns, Total: 38500 ns
[2025-09-17T07:57:53.609+0000][184][info ][safepoint   ] Safepoint "Cleanup", Time since last: 3005038668 ns, Reaching safepoint: 269500 ns, Cleanup: 68458 ns, At safepoint: 18167 ns, Total: 356125 ns
[2025-09-17T07:57:59.626+0000][184][info ][safepoint   ] Safepoint "Cleanup", Time since last: 6016197961 ns, Reaching safepoint: 81208 ns, Cleanup: 22584 ns, At safepoint: 11958 ns, Total: 115750 ns
[2025-09-17T07:58:00.629+0000][184][info ][safepoint   ] Safepoint "Cleanup", Time since last: 1003426042 ns, Reaching safepoint: 46917 ns, Cleanup: 31500 ns, At safepoint: 9500 ns, Total: 87917 ns
[2025-09-17T07:58:01.631+0000][184][info ][safepoint   ] Safepoint "Cleanup", Time since last: 1001544834 ns, Reaching safepoint: 87291 ns, Cleanup: 91084 ns, At safepoint: 23625 ns, Total: 202000 ns
[2025-09-17T07:58:02.637+0000][184][info ][safepoint   ] Safepoint "Cleanup", Time since last: 1005855584 ns, Reaching safepoint: 3416 ns, Cleanup: 8334 ns, At safepoint: 5541 ns, Total: 17291 ns
[2025-09-17T07:58:04.333+0000][184][info ][safepoint   ] Safepoint "Cleanup", Time since last: 1696460959 ns, Reaching safepoint: 16542 ns, Cleanup: 114375 ns, At safepoint: 13208 ns, Total: 144125 ns
[2025-09-17T07:58:05.342+0000][184][info ][safepoint   ] Safepoint "Cleanup", Time since last: 1008356667 ns, Reaching safepoint: 90417 ns, Cleanup: 39958 ns, At safepoint: 24584 ns, Total: 154959 ns
[2025-09-17T07:58:06.345+0000][184][info ][safepoint   ] Safepoint "Cleanup", Time since last: 1002293709 ns, Reaching safepoint: 115958 ns, Cleanup: 61625 ns, At safepoint: 18250 ns, Total: 195833 ns
[2025-09-17T07:58:08.354+0000][184][info ][safepoint   ] Safepoint "Cleanup", Time since last: 2008660043 ns, Reaching safepoint: 251000 ns, Cleanup: 75625 ns, At safepoint: 36375 ns, Total: 363000 ns
[2025-09-17T07:58:12.357+0000][184][info ][safepoint   ] Safepoint "Cleanup", Time since last: 4003554167 ns, Reaching safepoint: 214417 ns, Cleanup: 72208 ns, At safepoint: 50084 ns, Total: 336709 ns
[2025-09-17T07:58:16.368+0000][184][info ][safepoint   ] Safepoint "Cleanup", Time since last: 4010092835 ns, Reaching safepoint: 151208 ns, Cleanup: 65750 ns, At safepoint: 40375 ns, Total: 257333 ns
[2025-09-17T07:58:21.375+0000][184][info ][safepoint   ] Safepoint "Cleanup", Time since last: 5007319461 ns, Reaching safepoint: 107417 ns, Cleanup: 34125 ns, At safepoint: 27625 ns, Total: 169167 ns
[2025-09-17T07:58:22.378+0000][184][info ][safepoint   ] Safepoint "Cleanup", Time since last: 1002953000 ns, Reaching safepoint: 28209 ns, Cleanup: 119833 ns, At safepoint: 17750 ns, Total: 165792 ns
[2025-09-17T07:58:23.618+0000][184][info ][safepoint   ] Safepoint "Cleanup", Time since last: 1239807751 ns, Reaching safepoint: 5125 ns, Cleanup: 6041 ns, At safepoint: 2125 ns, Total: 13291 ns
[2025-09-17T07:58:25.426+0000][184][info ][safepoint   ] Safepoint "Cleanup", Time since last: 1807219001 ns, Reaching safepoint: 260250 ns, Cleanup: 89625 ns, At safepoint: 20625 ns, Total: 370500 ns
[2025-09-17T07:58:26.428+0000][184][info ][safepoint   ] Safepoint "Cleanup", Time since last: 1002727834 ns, Reaching safepoint: 37167 ns, Cleanup: 33833 ns, At safepoint: 44750 ns, Total: 115750 ns
[2025-09-17T07:58:27.430+0000][184][info ][safepoint   ] Safepoint "Cleanup", Time since last: 1001100375 ns, Reaching safepoint: 44000 ns, Cleanup: 18834 ns, At safepoint: 10125 ns, Total: 72959 ns
[2025-09-17T07:58:29.619+0000][184][info ][safepoint   ] Safepoint "Cleanup", Time since last: 2188829667 ns, Reaching safepoint: 1039417 ns, Cleanup: 11417 ns, At safepoint: 13041 ns, Total: 1063875 ns
[2025-09-17T07:58:31.469+0000][184][info ][safepoint   ] Safepoint "Cleanup", Time since last: 1849423710 ns, Reaching safepoint: 86125 ns, Cleanup: 61166 ns, At safepoint: 13917 ns, Total: 161208 ns
[2025-09-17T07:58:32.800+0000][184][info ][safepoint   ] Safepoint "Cleanup", Time since last: 1330973501 ns, Reaching safepoint: 38791 ns, Cleanup: 42209 ns, At safepoint: 15500 ns, Total: 96500 ns
[2025-09-17T07:58:35.811+0000][184][info ][safepoint   ] Safepoint "Cleanup", Time since last: 3010178834 ns, Reaching safepoint: 157667 ns, Cleanup: 42292 ns, At safepoint: 24041 ns, Total: 224000 ns
[2025-09-17T07:58:36.812+0000][184][info ][safepoint   ] Safepoint "Cleanup", Time since last: 1001299667 ns, Reaching safepoint: 85292 ns, Cleanup: 34792 ns, At safepoint: 25416 ns, Total: 145500 ns
[2025-09-17T07:58:37.813+0000][184][info ][safepoint   ] Safepoint "Cleanup", Time since last: 1000802168 ns, Reaching safepoint: 47083 ns, Cleanup: 39542 ns, At safepoint: 13083 ns, Total: 99708 ns
[2025-09-17T07:58:38.816+0000][184][info ][safepoint   ] Safepoint "Cleanup", Time since last: 1002744000 ns, Reaching safepoint: 434584 ns, Cleanup: 61583 ns, At safepoint: 37042 ns, Total: 533209 ns
[2025-09-17T07:58:39.821+0000][184][info ][safepoint   ] Safepoint "Cleanup", Time since last: 1004826208 ns, Reaching safepoint: 53875 ns, Cleanup: 34209 ns, At safepoint: 11875 ns, Total: 99959 ns
[2025-09-17T07:58:40.824+0000][184][info ][safepoint   ] Safepoint "Cleanup", Time since last: 1002164917 ns, Reaching safepoint: 42000 ns, Cleanup: 37125 ns, At safepoint: 11666 ns, Total: 90791 ns
[2025-09-17T07:58:43.826+0000][184][info ][safepoint   ] Safepoint "Cleanup", Time since last: 3002263627 ns, Reaching safepoint: 213750 ns, Cleanup: 41375 ns, At safepoint: 19500 ns, Total: 274625 ns
[2025-09-17T07:58:45.829+0000][184][info ][safepoint   ] Safepoint "Cleanup", Time since last: 2002753209 ns, Reaching safepoint: 75250 ns, Cleanup: 32833 ns, At safepoint: 26792 ns, Total: 134875 ns
[2025-09-17T07:58:50.782+0000][184][info ][safepoint   ] Safepoint "Cleanup", Time since last: 4953016378 ns, Reaching safepoint: 21583 ns, Cleanup: 24917 ns, At safepoint: 7583 ns, Total: 54083 ns
[2025-09-17T07:58:53.786+0000][184][info ][safepoint   ] Safepoint "Cleanup", Time since last: 3004010043 ns, Reaching safepoint: 68833 ns, Cleanup: 76584 ns, At safepoint: 18125 ns, Total: 163542 ns
[2025-09-17T07:58:55.793+0000][184][info ][safepoint   ] Safepoint "Cleanup", Time since last: 2005479792 ns, Reaching safepoint: 1126500 ns, Cleanup: 20709 ns, At safepoint: 38333 ns, Total: 1185542 ns
[2025-09-17T07:58:56.795+0000][184][info ][safepoint   ] Safepoint "Cleanup", Time since last: 1001882834 ns, Reaching safepoint: 18875 ns, Cleanup: 7250 ns, At safepoint: 6500 ns, Total: 32625 ns
[2025-09-17T07:58:59.799+0000][184][info ][safepoint   ] Safepoint "Cleanup", Time since last: 3004224334 ns, Reaching safepoint: 158292 ns, Cleanup: 42125 ns, At safepoint: 21667 ns, Total: 222084 ns
[2025-09-17T07:59:00.801+0000][184][info ][safepoint   ] Safepoint "Cleanup", Time since last: 1001393250 ns, Reaching safepoint: 53000 ns, Cleanup: 21000 ns, At safepoint: 17459 ns, Total: 91459 ns
[2025-09-17T07:59:03.809+0000][184][info ][safepoint   ] Safepoint "Cleanup", Time since last: 3007823293 ns, Reaching safepoint: 129875 ns, Cleanup: 70333 ns, At safepoint: 61583 ns, Total: 261791 ns
[2025-09-17T07:59:05.625+0000][184][info ][safepoint   ] Safepoint "Cleanup", Time since last: 1815532335 ns, Reaching safepoint: 4708 ns, Cleanup: 10667 ns, At safepoint: 6583 ns, Total: 21958 ns
[2025-09-17T07:59:06.637+0000][184][info ][safepoint   ] Safepoint "Cleanup", Time since last: 1012669917 ns, Reaching safepoint: 4625 ns, Cleanup: 50833 ns, At safepoint: 4834 ns, Total: 60292 ns
[2025-09-17T07:59:10.629+0000][184][info ][safepoint   ] Safepoint "Cleanup", Time since last: 3991789876 ns, Reaching safepoint: 281292 ns, Cleanup: 58792 ns, At safepoint: 26916 ns, Total: 367000 ns
[2025-09-17T07:59:17.643+0000][184][info ][safepoint   ] Safepoint "Cleanup", Time since last: 7013488879 ns, Reaching safepoint: 18083 ns, Cleanup: 135333 ns, At safepoint: 11167 ns, Total: 164583 ns
[2025-09-17T07:59:18.649+0000][184][info ][safepoint   ] Safepoint "Cleanup", Time since last: 1005894709 ns, Reaching safepoint: 107166 ns, Cleanup: 43875 ns, At safepoint: 14334 ns, Total: 165375 ns
[2025-09-17T07:59:19.651+0000][184][info ][safepoint   ] Safepoint "Cleanup", Time since last: 1001317334 ns, Reaching safepoint: 152458 ns, Cleanup: 107083 ns, At safepoint: 51584 ns, Total: 311125 ns
[2025-09-17T07:59:20.652+0000][184][info ][safepoint   ] Safepoint "Cleanup", Time since last: 1001188625 ns, Reaching safepoint: 11125 ns, Cleanup: 21458 ns, At safepoint: 8000 ns, Total: 40583 ns
[2025-09-17T07:59:21.653+0000][184][info ][safepoint   ] Safepoint "Cleanup", Time since last: 1001174626 ns, Reaching safepoint: 257750 ns, Cleanup: 61042 ns, At safepoint: 14166 ns, Total: 332958 ns
[2025-09-17T07:59:22.656+0000][184][info ][safepoint   ] Safepoint "Cleanup", Time since last: 1002049626 ns, Reaching safepoint: 84125 ns, Cleanup: 49791 ns, At safepoint: 11709 ns, Total: 145625 ns
[2025-09-17T07:59:25.661+0000][184][info ][safepoint   ] Safepoint "Cleanup", Time since last: 3005722001 ns, Reaching safepoint: 92125 ns, Cleanup: 39458 ns, At safepoint: 19459 ns, Total: 151042 ns
[2025-09-17T07:59:28.667+0000][184][info ][safepoint   ] Safepoint "Cleanup", Time since last: 3005455668 ns, Reaching safepoint: 141208 ns, Cleanup: 68459 ns, At safepoint: 25125 ns, Total: 234792 ns
[2025-09-17T07:59:31.677+0000][184][info ][safepoint   ] Safepoint "Cleanup", Time since last: 3009263834 ns, Reaching safepoint: 75667 ns, Cleanup: 38833 ns, At safepoint: 21000 ns, Total: 135500 ns
[2025-09-17T07:59:32.680+0000][184][info ][safepoint   ] Safepoint "Cleanup", Time since last: 1003077959 ns, Reaching safepoint: 85875 ns, Cleanup: 24334 ns, At safepoint: 11458 ns, Total: 121667 ns
[2025-09-17T07:59:33.682+0000][184][info ][safepoint   ] Safepoint "Cleanup", Time since last: 1001769334 ns, Reaching safepoint: 228708 ns, Cleanup: 69042 ns, At safepoint: 37916 ns, Total: 335666 ns
[2025-09-17T07:59:35.689+0000][184][info ][safepoint   ] Safepoint "Cleanup", Time since last: 2007596210 ns, Reaching safepoint: 25208 ns, Cleanup: 17458 ns, At safepoint: 5917 ns, Total: 48583 ns
[2025-09-17T07:59:36.692+0000][184][info ][safepoint   ] Safepoint "Cleanup", Time since last: 1002010459 ns, Reaching safepoint: 78750 ns, Cleanup: 86375 ns, At safepoint: 26750 ns, Total: 191875 ns
[2025-09-17T07:59:38.698+0000][184][info ][safepoint   ] Safepoint "Cleanup", Time since last: 2005734292 ns, Reaching safepoint: 103334 ns, Cleanup: 30250 ns, At safepoint: 11458 ns, Total: 145042 ns
[2025-09-17T07:59:40.702+0000][184][info ][safepoint   ] Safepoint "Cleanup", Time since last: 2004302500 ns, Reaching safepoint: 231792 ns, Cleanup: 44125 ns, At safepoint: 21750 ns, Total: 297667 ns
[2025-09-17T07:59:50.726+0000][184][info ][safepoint   ] Safepoint "Cleanup", Time since last: 10023381671 ns, Reaching safepoint: 38292 ns, Cleanup: 19208 ns, At safepoint: 37875 ns, Total: 95375 ns
[2025-09-17T08:00:01.040+0000][184][info ][safepoint   ] Safepoint "Cleanup", Time since last: 10314066922 ns, Reaching safepoint: 204333 ns, Cleanup: 38875 ns, At safepoint: 17250 ns, Total: 260458 ns
[2025-09-17T08:00:08.641+0000][184][info ][safepoint   ] Safepoint "Cleanup", Time since last: 7601346212 ns, Reaching safepoint: 5667 ns, Cleanup: 11125 ns, At safepoint: 2292 ns, Total: 19084 ns
[2025-09-17T08:00:09.659+0000][184][info ][safepoint   ] Safepoint "Cleanup", Time since last: 1016585333 ns, Reaching safepoint: 115625 ns, Cleanup: 145167 ns, At safepoint: 16958 ns, Total: 277750 ns
[2025-09-17T08:00:10.817+0000][184][info ][safepoint   ] Safepoint "Cleanup", Time since last: 1157869167 ns, Reaching safepoint: 23250 ns, Cleanup: 38709 ns, At safepoint: 10583 ns, Total: 72542 ns
[2025-09-17T08:00:23.850+0000][184][info ][safepoint   ] Safepoint "Cleanup", Time since last: 13032300923 ns, Reaching safepoint: 1136375 ns, Cleanup: 132083 ns, At safepoint: 45209 ns, Total: 1313667 ns
[2025-09-17T08:00:25.858+0000][184][info ][safepoint   ] Safepoint "Cleanup", Time since last: 2007608751 ns, Reaching safepoint: 70666 ns, Cleanup: 41000 ns, At safepoint: 24834 ns, Total: 136500 ns
[2025-09-17T08:00:33.873+0000][184][info ][safepoint   ] Safepoint "Cleanup", Time since last: 8013536003 ns, Reaching safepoint: 766167 ns, Cleanup: 37167 ns, At safepoint: 36333 ns, Total: 839667 ns
[2025-09-17T08:00:34.876+0000][184][info ][safepoint   ] Safepoint "Cleanup", Time since last: 1003639084 ns, Reaching safepoint: 162125 ns, Cleanup: 64125 ns, At safepoint: 29250 ns, Total: 255500 ns
[2025-09-17T08:00:38.882+0000][184][info ][safepoint   ] Safepoint "Cleanup", Time since last: 4005242210 ns, Reaching safepoint: 91792 ns, Cleanup: 53875 ns, At safepoint: 45250 ns, Total: 190917 ns
[2025-09-17T08:00:44.892+0000][184][info ][safepoint   ] Safepoint "Cleanup", Time since last: 6009835960 ns, Reaching safepoint: 191792 ns, Cleanup: 39708 ns, At safepoint: 22375 ns, Total: 253875 ns
[2025-09-17T08:00:45.895+0000][184][info ][safepoint   ] Safepoint "Cleanup", Time since last: 1003618001 ns, Reaching safepoint: 63125 ns, Cleanup: 33375 ns, At safepoint: 12791 ns, Total: 109291 ns
[2025-09-17T08:00:54.174+0000][184][info ][safepoint   ] Safepoint "Cleanup", Time since last: 8278126212 ns, Reaching safepoint: 40625 ns, Cleanup: 37125 ns, At safepoint: 14459 ns, Total: 92209 ns
[2025-09-17T08:01:00.181+0000][184][info ][safepoint   ] Safepoint "Cleanup", Time since last: 6007078961 ns, Reaching safepoint: 88750 ns, Cleanup: 61625 ns, At safepoint: 24375 ns, Total: 174750 ns
[2025-09-17T08:01:03.187+0000][184][info ][safepoint   ] Safepoint "Cleanup", Time since last: 3005651085 ns, Reaching safepoint: 71500 ns, Cleanup: 60458 ns, At safepoint: 18250 ns, Total: 150208 ns
[2025-09-17T08:01:04.189+0000][184][info ][safepoint   ] Safepoint "Cleanup", Time since last: 1002682709 ns, Reaching safepoint: 105625 ns, Cleanup: 56667 ns, At safepoint: 15625 ns, Total: 177917 ns
[2025-09-17T08:01:06.195+0000][184][info ][safepoint   ] Safepoint "Cleanup", Time since last: 2004683917 ns, Reaching safepoint: 1011542 ns, Cleanup: 28167 ns, At safepoint: 27166 ns, Total: 1066875 ns
[2025-09-17T08:01:11.660+0000][184][info ][safepoint   ] Safepoint "Cleanup", Time since last: 5465142627 ns, Reaching safepoint: 4833 ns, Cleanup: 18625 ns, At safepoint: 5209 ns, Total: 28667 ns
[2025-09-17T08:01:12.980+0000][184][info ][safepoint   ] Safepoint "Cleanup", Time since last: 1319104584 ns, Reaching safepoint: 11250 ns, Cleanup: 17750 ns, At safepoint: 7625 ns, Total: 36625 ns
[2025-09-17T08:01:15.989+0000][184][info ][safepoint   ] Safepoint "Cleanup", Time since last: 3009002460 ns, Reaching safepoint: 243666 ns, Cleanup: 28417 ns, At safepoint: 13792 ns, Total: 285875 ns
[2025-09-17T08:01:17.993+0000][184][info ][safepoint   ] Safepoint "Cleanup", Time since last: 2004066875 ns, Reaching safepoint: 106834 ns, Cleanup: 38208 ns, At safepoint: 12458 ns, Total: 157500 ns
[2025-09-17T08:01:21.001+0000][184][info ][safepoint   ] Safepoint "Cleanup", Time since last: 3007294710 ns, Reaching safepoint: 120167 ns, Cleanup: 28417 ns, At safepoint: 12250 ns, Total: 160834 ns
[2025-09-17T08:01:23.002+0000][184][info ][safepoint   ] Safepoint "Cleanup", Time since last: 2001573792 ns, Reaching safepoint: 66875 ns, Cleanup: 50042 ns, At safepoint: 21792 ns, Total: 138709 ns
[2025-09-17T08:01:26.007+0000][184][info ][safepoint   ] Safepoint "Cleanup", Time since last: 3004259376 ns, Reaching safepoint: 324583 ns, Cleanup: 49500 ns, At safepoint: 34042 ns, Total: 408125 ns
[2025-09-17T08:01:31.015+0000][184][info ][safepoint   ] Safepoint "Cleanup", Time since last: 5007523544 ns, Reaching safepoint: 81083 ns, Cleanup: 53209 ns, At safepoint: 23083 ns, Total: 157375 ns
[2025-09-17T08:01:34.021+0000][184][info ][safepoint   ] Safepoint "Cleanup", Time since last: 3006609668 ns, Reaching safepoint: 72042 ns, Cleanup: 41791 ns, At safepoint: 20959 ns, Total: 134792 ns
[2025-09-17T08:01:36.024+0000][184][info ][safepoint   ] Safepoint "Cleanup", Time since last: 2002485084 ns, Reaching safepoint: 73417 ns, Cleanup: 33708 ns, At safepoint: 20583 ns, Total: 127708 ns
[2025-09-17T08:01:43.036+0000][184][info ][safepoint   ] Safepoint "Cleanup", Time since last: 7012300836 ns, Reaching safepoint: 45375 ns, Cleanup: 32083 ns, At safepoint: 16834 ns, Total: 94292 ns
[2025-09-17T08:01:52.324+0000][184][info ][safepoint   ] Safepoint "Cleanup", Time since last: 9288234338 ns, Reaching safepoint: 23041 ns, Cleanup: 15667 ns, At safepoint: 9708 ns, Total: 48416 ns
[2025-09-17T08:01:54.327+0000][184][info ][safepoint   ] Safepoint "Cleanup", Time since last: 2002618710 ns, Reaching safepoint: 79250 ns, Cleanup: 41750 ns, At safepoint: 14500 ns, Total: 135500 ns
[2025-09-17T08:01:57.330+0000][184][info ][safepoint   ] Safepoint "Cleanup", Time since last: 3002914709 ns, Reaching safepoint: 420542 ns, Cleanup: 84000 ns, At safepoint: 42833 ns, Total: 547375 ns
[2025-09-17T08:02:01.335+0000][184][info ][safepoint   ] Safepoint "Cleanup", Time since last: 4004610919 ns, Reaching safepoint: 66333 ns, Cleanup: 17750 ns, At safepoint: 12917 ns, Total: 97000 ns
[2025-09-17T08:02:06.347+0000][184][info ][safepoint   ] Safepoint "Cleanup", Time since last: 5011884711 ns, Reaching safepoint: 28708 ns, Cleanup: 32250 ns, At safepoint: 20833 ns, Total: 81791 ns
[2025-09-17T08:02:13.365+0000][184][info ][safepoint   ] Safepoint "Cleanup", Time since last: 7017479253 ns, Reaching safepoint: 189166 ns, Cleanup: 105667 ns, At safepoint: 37167 ns, Total: 332000 ns
[2025-09-17T08:02:14.664+0000][184][info ][safepoint   ] Safepoint "Cleanup", Time since last: 1298927875 ns, Reaching safepoint: 5959 ns, Cleanup: 12333 ns, At safepoint: 3792 ns, Total: 22084 ns
[2025-09-17T08:02:16.173+0000][184][info ][safepoint   ] Safepoint "Cleanup", Time since last: 1509124500 ns, Reaching safepoint: 18792 ns, Cleanup: 38708 ns, At safepoint: 11875 ns, Total: 69375 ns
[2025-09-17T08:02:23.192+0000][184][info ][safepoint   ] Safepoint "Cleanup", Time since last: 7018798795 ns, Reaching safepoint: 100042 ns, Cleanup: 83083 ns, At safepoint: 25792 ns, Total: 208917 ns
[2025-09-17T08:02:26.196+0000][184][info ][safepoint   ] Safepoint "Cleanup", Time since last: 3003542126 ns, Reaching safepoint: 116209 ns, Cleanup: 17666 ns, At safepoint: 13292 ns, Total: 147167 ns
[2025-09-17T08:02:26.624+0000][184][info ][gc,start    ] GC(25) Pause Young (Mixed) (G1 Evacuation Pause)
[2025-09-17T08:02:26.625+0000][184][info ][gc,task     ] GC(25) Using 8 workers of 8 for evacuation
[2025-09-17T08:02:26.625+0000][184][debug][gc,age      ] GC(25) Desired survivor size 41943040 bytes, new threshold 15 (max threshold 15)
[2025-09-17T08:02:26.694+0000][184][info ][gc,phases   ] GC(25)   Pre Evacuate Collection Set: 1.17ms
[2025-09-17T08:02:26.694+0000][184][info ][gc,phases   ] GC(25)   Merge Heap Roots: 0.29ms
[2025-09-17T08:02:26.694+0000][184][info ][gc,phases   ] GC(25)   Evacuate Collection Set: 63.81ms
[2025-09-17T08:02:26.694+0000][184][info ][gc,phases   ] GC(25)   Post Evacuate Collection Set: 3.25ms
[2025-09-17T08:02:26.694+0000][184][info ][gc,phases   ] GC(25)   Other: 0.45ms
[2025-09-17T08:02:26.694+0000][184][trace][gc,age      ] GC(25) Age table with threshold 15 (max threshold 15)
[2025-09-17T08:02:26.694+0000][184][trace][gc,age      ] GC(25) - age   1:     713832 bytes,     713832 total
[2025-09-17T08:02:26.694+0000][184][trace][gc,age      ] GC(25) - age   2:     659320 bytes,    1373152 total
[2025-09-17T08:02:26.694+0000][184][trace][gc,age      ] GC(25) - age   3:    2418648 bytes,    3791800 total
[2025-09-17T08:02:26.694+0000][184][trace][gc,age      ] GC(25) - age   4:    1828200 bytes,    5620000 total
[2025-09-17T08:02:26.694+0000][184][trace][gc,age      ] GC(25) - age   5:    6734312 bytes,   12354312 total
[2025-09-17T08:02:26.694+0000][184][trace][gc,age      ] GC(25) - age   6:      64192 bytes,   12418504 total
[2025-09-17T08:02:26.694+0000][184][trace][gc,age      ] GC(25) - age   7:    2931664 bytes,   15350168 total
[2025-09-17T08:02:26.694+0000][184][trace][gc,age      ] GC(25) - age   8:   18003448 bytes,   33353616 total
[2025-09-17T08:02:26.694+0000][184][trace][gc,age      ] GC(25) - age   9:     222176 bytes,   33575792 total
[2025-09-17T08:02:26.694+0000][184][info ][gc,heap     ] GC(25) Eden regions: 144->0(144)
[2025-09-17T08:02:26.694+0000][184][info ][gc,heap     ] GC(25) Survivor regions: 9->9(20)
[2025-09-17T08:02:26.694+0000][184][info ][gc,heap     ] GC(25) Old regions: 29->29
[2025-09-17T08:02:26.694+0000][184][info ][gc,heap     ] GC(25) Humongous regions: 2->2
[2025-09-17T08:02:26.694+0000][184][info ][gc,metaspace] GC(25) Metaspace: 162445K(166976K)->162445K(166976K) NonClass: 140018K(142464K)->140018K(142464K) Class: 22427K(24512K)->22427K(24512K)
[2025-09-17T08:02:26.694+0000][184][info ][gc          ] GC(25) Pause Young (Mixed) (G1 Evacuation Pause) 733M->157M(1024M) 69.958ms
[2025-09-17T08:02:26.694+0000][184][info ][gc,cpu      ] GC(25) User=0.51s Sys=0.00s Real=0.07s
[2025-09-17T08:02:26.694+0000][184][info ][safepoint   ] Safepoint "G1CollectForAllocation", Time since last: 428213834 ns, Reaching safepoint: 123083 ns, Cleanup: 13708 ns, At safepoint: 70239792 ns, Total: 70376583 ns
[2025-09-17T08:02:30.699+0000][184][info ][safepoint   ] Safepoint "Cleanup", Time since last: 4004320044 ns, Reaching safepoint: 171458 ns, Cleanup: 85667 ns, At safepoint: 36583 ns, Total: 293708 ns
[2025-09-17T08:02:31.701+0000][184][info ][safepoint   ] Safepoint "Cleanup", Time since last: 1001954542 ns, Reaching safepoint: 72292 ns, Cleanup: 37833 ns, At safepoint: 16875 ns, Total: 127000 ns
[2025-09-17T08:02:32.703+0000][184][info ][safepoint   ] Safepoint "Cleanup", Time since last: 1001554251 ns, Reaching safepoint: 25041 ns, Cleanup: 26250 ns, At safepoint: 14250 ns, Total: 65541 ns
[2025-09-17T08:02:34.711+0000][184][info ][safepoint   ] Safepoint "Cleanup", Time since last: 2007229084 ns, Reaching safepoint: 370334 ns, Cleanup: 65958 ns, At safepoint: 43917 ns, Total: 480209 ns
[2025-09-17T08:02:40.723+0000][184][info ][safepoint   ] Safepoint "Cleanup", Time since last: 6011598627 ns, Reaching safepoint: 48125 ns, Cleanup: 34958 ns, At safepoint: 10708 ns, Total: 93791 ns
[2025-09-17T08:02:41.725+0000][184][info ][safepoint   ] Safepoint "Cleanup", Time since last: 1002387209 ns, Reaching safepoint: 89958 ns, Cleanup: 87542 ns, At safepoint: 21250 ns, Total: 198750 ns
[2025-09-17T08:02:44.732+0000][184][info ][safepoint   ] Safepoint "Cleanup", Time since last: 3006239877 ns, Reaching safepoint: 81500 ns, Cleanup: 47625 ns, At safepoint: 14833 ns, Total: 143958 ns
[2025-09-17T08:02:45.733+0000][184][info ][safepoint   ] Safepoint "Cleanup", Time since last: 1001357417 ns, Reaching safepoint: 93875 ns, Cleanup: 62250 ns, At safepoint: 63083 ns, Total: 219208 ns
[2025-09-17T08:02:46.734+0000][184][info ][safepoint   ] Safepoint "Cleanup", Time since last: 1001113251 ns, Reaching safepoint: 71625 ns, Cleanup: 24833 ns, At safepoint: 13667 ns, Total: 110125 ns
[2025-09-17T08:02:52.578+0000][184][info ][safepoint   ] Safepoint "Cleanup", Time since last: 5843019794 ns, Reaching safepoint: 94375 ns, Cleanup: 50750 ns, At safepoint: 21709 ns, Total: 166834 ns
[2025-09-17T08:02:54.581+0000][184][info ][safepoint   ] Safepoint "Cleanup", Time since last: 2002903292 ns, Reaching safepoint: 20292 ns, Cleanup: 16792 ns, At safepoint: 8500 ns, Total: 45584 ns
[2025-09-17T08:02:55.582+0000][184][info ][safepoint   ] Safepoint "Cleanup", Time since last: 1000963583 ns, Reaching safepoint: 86459 ns, Cleanup: 62083 ns, At safepoint: 18792 ns, Total: 167334 ns
[2025-09-17T08:02:57.586+0000][184][info ][safepoint   ] Safepoint "Cleanup", Time since last: 2004669042 ns, Reaching safepoint: 93334 ns, Cleanup: 54208 ns, At safepoint: 18458 ns, Total: 166000 ns
[2025-09-17T08:03:03.595+0000][184][info ][safepoint   ] Safepoint "Cleanup", Time since last: 6008641587 ns, Reaching safepoint: 122583 ns, Cleanup: 68083 ns, At safepoint: 31750 ns, Total: 222416 ns
[2025-09-17T08:03:04.600+0000][184][info ][safepoint   ] Safepoint "Cleanup", Time since last: 1004159626 ns, Reaching safepoint: 313958 ns, Cleanup: 48667 ns, At safepoint: 38708 ns, Total: 401333 ns
[2025-09-17T08:03:05.605+0000][184][info ][safepoint   ] Safepoint "Cleanup", Time since last: 1005249501 ns, Reaching safepoint: 92708 ns, Cleanup: 46833 ns, At safepoint: 47042 ns, Total: 186583 ns
[2025-09-17T08:03:10.618+0000][184][info ][safepoint   ] Safepoint "Cleanup", Time since last: 5012823418 ns, Reaching safepoint: 38834 ns, Cleanup: 37833 ns, At safepoint: 12500 ns, Total: 89167 ns
[2025-09-17T08:03:11.620+0000][184][info ][safepoint   ] Safepoint "Cleanup", Time since last: 1001382250 ns, Reaching safepoint: 104667 ns, Cleanup: 79083 ns, At safepoint: 34417 ns, Total: 218167 ns
[2025-09-17T08:03:14.628+0000][184][info ][safepoint   ] Safepoint "Cleanup", Time since last: 3007419252 ns, Reaching safepoint: 1030125 ns, Cleanup: 47375 ns, At safepoint: 30583 ns, Total: 1108083 ns
[2025-09-17T08:03:16.348+0000][184][info ][safepoint   ] Safepoint "Cleanup", Time since last: 1719303542 ns, Reaching safepoint: 38417 ns, Cleanup: 43125 ns, At safepoint: 9000 ns, Total: 90542 ns
[2025-09-17T08:03:17.675+0000][184][info ][safepoint   ] Safepoint "Cleanup", Time since last: 1327929709 ns, Reaching safepoint: 7833 ns, Cleanup: 13959 ns, At safepoint: 11833 ns, Total: 33625 ns
[2025-09-17T08:03:19.401+0000][184][info ][safepoint   ] Safepoint "Cleanup", Time since last: 1725155001 ns, Reaching safepoint: 73875 ns, Cleanup: 63208 ns, At safepoint: 11500 ns, Total: 148583 ns
[2025-09-17T08:03:21.405+0000][184][info ][safepoint   ] Safepoint "Cleanup", Time since last: 2004376918 ns, Reaching safepoint: 148291 ns, Cleanup: 51667 ns, At safepoint: 19917 ns, Total: 219875 ns
[2025-09-17T08:03:22.407+0000][184][info ][safepoint   ] Safepoint "Cleanup", Time since last: 1001169625 ns, Reaching safepoint: 63084 ns, Cleanup: 73291 ns, At safepoint: 13125 ns, Total: 149500 ns
[2025-09-17T08:03:26.414+0000][184][info ][safepoint   ] Safepoint "Cleanup", Time since last: 4006518169 ns, Reaching safepoint: 452375 ns, Cleanup: 96958 ns, At safepoint: 47000 ns, Total: 596333 ns
[2025-09-17T08:03:27.416+0000][184][info ][safepoint   ] Safepoint "Cleanup", Time since last: 1001810251 ns, Reaching safepoint: 96833 ns, Cleanup: 69625 ns, At safepoint: 25250 ns, Total: 191708 ns
[2025-09-17T08:03:32.680+0000][184][info ][safepoint   ] Safepoint "Cleanup", Time since last: 5264229794 ns, Reaching safepoint: 18125 ns, Cleanup: 12667 ns, At safepoint: 12125 ns, Total: 42917 ns
[2025-09-17T08:03:34.466+0000][184][info ][safepoint   ] Safepoint "Cleanup", Time since last: 1786048334 ns, Reaching safepoint: 34000 ns, Cleanup: 28208 ns, At safepoint: 14709 ns, Total: 76917 ns
[2025-09-17T08:03:35.548+0000][184][info ][safepoint   ] Safepoint "Cleanup", Time since last: 1081167084 ns, Reaching safepoint: 90958 ns, Cleanup: 43833 ns, At safepoint: 18334 ns, Total: 153125 ns
[2025-09-17T08:03:37.402+0000][184][info ][safepoint   ] Safepoint "Cleanup", Time since last: 1854654292 ns, Reaching safepoint: 37167 ns, Cleanup: 32041 ns, At safepoint: 14167 ns, Total: 83375 ns
[2025-09-17T08:03:41.408+0000][184][info ][safepoint   ] Safepoint "Cleanup", Time since last: 4005861126 ns, Reaching safepoint: 68709 ns, Cleanup: 40750 ns, At safepoint: 43500 ns, Total: 152959 ns
[2025-09-17T08:03:46.420+0000][184][info ][safepoint   ] Safepoint "Cleanup", Time since last: 5010641752 ns, Reaching safepoint: 615000 ns, Cleanup: 94292 ns, At safepoint: 48666 ns, Total: 757958 ns
[2025-09-17T08:03:56.740+0000][184][info ][safepoint   ] Safepoint "Cleanup", Time since last: 10320058047 ns, Reaching safepoint: 40250 ns, Cleanup: 21667 ns, At safepoint: 11041 ns, Total: 72958 ns
[2025-09-17T08:04:00.754+0000][184][info ][safepoint   ] Safepoint "Cleanup", Time since last: 4014727919 ns, Reaching safepoint: 15042 ns, Cleanup: 7666 ns, At safepoint: 5625 ns, Total: 28333 ns
[2025-09-17T08:04:05.761+0000][184][info ][safepoint   ] Safepoint "Cleanup", Time since last: 5005939669 ns, Reaching safepoint: 176542 ns, Cleanup: 49625 ns, At safepoint: 17875 ns, Total: 244042 ns
[2025-09-17T08:04:09.769+0000][184][info ][safepoint   ] Safepoint "Cleanup", Time since last: 4006432502 ns, Reaching safepoint: 1017041 ns, Cleanup: 79459 ns, At safepoint: 42250 ns, Total: 1138750 ns
[2025-09-17T08:04:10.771+0000][184][info ][safepoint   ] Safepoint "Cleanup", Time since last: 1002351500 ns, Reaching safepoint: 74250 ns, Cleanup: 18542 ns, At safepoint: 11166 ns, Total: 103958 ns
[2025-09-17T08:04:12.775+0000][184][info ][safepoint   ] Safepoint "Cleanup", Time since last: 2004346168 ns, Reaching safepoint: 99125 ns, Cleanup: 57167 ns, At safepoint: 25333 ns, Total: 181625 ns
[2025-09-17T08:04:14.782+0000][184][info ][safepoint   ] Safepoint "Cleanup", Time since last: 2005952918 ns, Reaching safepoint: 107958 ns, Cleanup: 41625 ns, At safepoint: 24583 ns, Total: 174166 ns
[2025-09-17T08:04:17.774+0000][184][info ][safepoint   ] Safepoint "Cleanup", Time since last: 2992706418 ns, Reaching safepoint: 5500 ns, Cleanup: 17709 ns, At safepoint: 4708 ns, Total: 27917 ns
[2025-09-17T08:04:19.686+0000][184][info ][safepoint   ] Safepoint "Cleanup", Time since last: 1910968501 ns, Reaching safepoint: 128125 ns, Cleanup: 194667 ns, At safepoint: 12041 ns, Total: 334833 ns
[2025-09-17T08:04:21.664+0000][184][info ][safepoint   ] Safepoint "Cleanup", Time since last: 1978532793 ns, Reaching safepoint: 75417 ns, Cleanup: 78583 ns, At safepoint: 27000 ns, Total: 181000 ns
[2025-09-17T08:04:22.751+0000][184][info ][safepoint   ] Safepoint "Cleanup", Time since last: 1086094250 ns, Reaching safepoint: 85375 ns, Cleanup: 67709 ns, At safepoint: 19583 ns, Total: 172667 ns
[2025-09-17T08:04:23.752+0000][184][info ][safepoint   ] Safepoint "Cleanup", Time since last: 1001463334 ns, Reaching safepoint: 48542 ns, Cleanup: 17750 ns, At safepoint: 13958 ns, Total: 80250 ns
[2025-09-17T08:04:40.783+0000][184][info ][safepoint   ] Safepoint "Cleanup", Time since last: 17031060049 ns, Reaching safepoint: 283125 ns, Cleanup: 43792 ns, At safepoint: 11833 ns, Total: 338750 ns
[2025-09-17T08:04:43.793+0000][184][info ][safepoint   ] Safepoint "Cleanup", Time since last: 3009170085 ns, Reaching safepoint: 123500 ns, Cleanup: 55083 ns, At safepoint: 28542 ns, Total: 207125 ns
[2025-09-17T08:04:45.798+0000][184][info ][safepoint   ] Safepoint "Cleanup", Time since last: 2004911751 ns, Reaching safepoint: 64375 ns, Cleanup: 25750 ns, At safepoint: 14042 ns, Total: 104167 ns
[2025-09-17T08:05:01.878+0000][184][info ][safepoint   ] Safepoint "Cleanup", Time since last: 16079392716 ns, Reaching safepoint: 633750 ns, Cleanup: 56708 ns, At safepoint: 26083 ns, Total: 716541 ns
[2025-09-17T08:05:06.890+0000][184][info ][safepoint   ] Safepoint "Cleanup", Time since last: 5011572711 ns, Reaching safepoint: 67708 ns, Cleanup: 23625 ns, At safepoint: 9584 ns, Total: 100917 ns
[2025-09-17T08:05:09.896+0000][184][info ][safepoint   ] Safepoint "Cleanup", Time since last: 3006213000 ns, Reaching safepoint: 143500 ns, Cleanup: 213917 ns, At safepoint: 21708 ns, Total: 379125 ns
[2025-09-17T08:05:10.898+0000][184][info ][safepoint   ] Safepoint "Cleanup", Time since last: 1001919376 ns, Reaching safepoint: 45625 ns, Cleanup: 34375 ns, At safepoint: 13208 ns, Total: 93208 ns
[2025-09-17T08:05:11.901+0000][184][info ][safepoint   ] Safepoint "Cleanup", Time since last: 1002035959 ns, Reaching safepoint: 54583 ns, Cleanup: 38042 ns, At safepoint: 22000 ns, Total: 114625 ns
[2025-09-17T08:05:15.906+0000][184][info ][safepoint   ] Safepoint "Cleanup", Time since last: 4004787502 ns, Reaching safepoint: 273666 ns, Cleanup: 86417 ns, At safepoint: 29833 ns, Total: 389916 ns
[2025-09-17T08:05:20.695+0000][184][info ][safepoint   ] Safepoint "Cleanup", Time since last: 4789059836 ns, Reaching safepoint: 349000 ns, Cleanup: 28750 ns, At safepoint: 9708 ns, Total: 387458 ns
[2025-09-17T08:05:21.917+0000][184][info ][safepoint   ] Safepoint "Cleanup", Time since last: 1221814751 ns, Reaching safepoint: 7292 ns, Cleanup: 39541 ns, At safepoint: 8417 ns, Total: 55250 ns
[2025-09-17T08:05:22.941+0000][184][info ][safepoint   ] Safepoint "Cleanup", Time since last: 1023266084 ns, Reaching safepoint: 151541 ns, Cleanup: 86709 ns, At safepoint: 25791 ns, Total: 264041 ns
[2025-09-17T08:05:23.953+0000][184][info ][safepoint   ] Safepoint "Cleanup", Time since last: 1012256918 ns, Reaching safepoint: 6666 ns, Cleanup: 19167 ns, At safepoint: 15542 ns, Total: 41375 ns
[2025-09-17T08:05:24.975+0000][184][info ][safepoint   ] Safepoint "Cleanup", Time since last: 1022169208 ns, Reaching safepoint: 32750 ns, Cleanup: 13542 ns, At safepoint: 4792 ns, Total: 51084 ns
[2025-09-17T08:05:35.987+0000][184][info ][safepoint   ] Safepoint "Cleanup", Time since last: 11011094797 ns, Reaching safepoint: 555875 ns, Cleanup: 78166 ns, At safepoint: 47792 ns, Total: 681833 ns
[2025-09-17T08:05:46.005+0000][184][info ][safepoint   ] Safepoint "Cleanup", Time since last: 10017008296 ns, Reaching safepoint: 679125 ns, Cleanup: 37166 ns, At safepoint: 24084 ns, Total: 740375 ns
[2025-09-17T08:05:52.958+0000][184][info ][safepoint   ] Safepoint "Cleanup", Time since last: 6953688753 ns, Reaching safepoint: 36667 ns, Cleanup: 23833 ns, At safepoint: 7750 ns, Total: 68250 ns
[2025-09-17T08:05:53.959+0000][184][info ][safepoint   ] Safepoint "Cleanup", Time since last: 1000907625 ns, Reaching safepoint: 33209 ns, Cleanup: 23375 ns, At safepoint: 9083 ns, Total: 65667 ns
[2025-09-17T08:05:57.963+0000][184][info ][safepoint   ] Safepoint "Cleanup", Time since last: 4003957794 ns, Reaching safepoint: 78666 ns, Cleanup: 32375 ns, At safepoint: 21167 ns, Total: 132208 ns
[2025-09-17T08:06:03.970+0000][184][info ][safepoint   ] Safepoint "Cleanup", Time since last: 6006020253 ns, Reaching safepoint: 134416 ns, Cleanup: 50792 ns, At safepoint: 37667 ns, Total: 222875 ns
[2025-09-17T08:06:05.974+0000][184][info ][safepoint   ] Safepoint "Cleanup", Time since last: 2004020251 ns, Reaching safepoint: 298000 ns, Cleanup: 133583 ns, At safepoint: 31500 ns, Total: 463083 ns
[2025-09-17T08:06:09.979+0000][184][info ][safepoint   ] Safepoint "Cleanup", Time since last: 4004202918 ns, Reaching safepoint: 67166 ns, Cleanup: 36209 ns, At safepoint: 19125 ns, Total: 122500 ns
[2025-09-17T08:06:20.991+0000][184][info ][safepoint   ] Safepoint "Cleanup", Time since last: 11012051213 ns, Reaching safepoint: 151084 ns, Cleanup: 52916 ns, At safepoint: 28959 ns, Total: 232959 ns
[2025-09-17T08:06:22.994+0000][184][info ][safepoint   ] Safepoint "Cleanup", Time since last: 2002744292 ns, Reaching safepoint: 112667 ns, Cleanup: 27875 ns, At safepoint: 26708 ns, Total: 167250 ns
[2025-09-17T08:06:24.089+0000][184][info ][safepoint   ] Safepoint "Cleanup", Time since last: 1095624876 ns, Reaching safepoint: 24000 ns, Cleanup: 25791 ns, At safepoint: 41667 ns, Total: 91458 ns
[2025-09-17T08:06:27.154+0000][184][info ][safepoint   ] Safepoint "Cleanup", Time since last: 3064812377 ns, Reaching safepoint: 8208 ns, Cleanup: 16000 ns, At safepoint: 9208 ns, Total: 33416 ns
[2025-09-17T08:06:28.177+0000][184][info ][safepoint   ] Safepoint "Cleanup", Time since last: 1023091501 ns, Reaching safepoint: 22666 ns, Cleanup: 30667 ns, At safepoint: 9292 ns, Total: 62625 ns
[2025-09-17T08:06:33.185+0000][184][info ][safepoint   ] Safepoint "Cleanup", Time since last: 5007708835 ns, Reaching safepoint: 178375 ns, Cleanup: 51834 ns, At safepoint: 19083 ns, Total: 249292 ns
[2025-09-17T08:06:36.191+0000][184][info ][safepoint   ] Safepoint "Cleanup", Time since last: 3004999085 ns, Reaching safepoint: 90541 ns, Cleanup: 27292 ns, At safepoint: 17833 ns, Total: 135666 ns
[2025-09-17T08:06:41.199+0000][184][info ][safepoint   ] Safepoint "Cleanup", Time since last: 5008593002 ns, Reaching safepoint: 77417 ns, Cleanup: 26333 ns, At safepoint: 19125 ns, Total: 122875 ns
[2025-09-17T08:06:42.201+0000][184][info ][safepoint   ] Safepoint "Cleanup", Time since last: 1001424376 ns, Reaching safepoint: 35416 ns, Cleanup: 32084 ns, At safepoint: 11041 ns, Total: 78541 ns
[2025-09-17T08:06:44.204+0000][184][info ][safepoint   ] Safepoint "Cleanup", Time since last: 2003262501 ns, Reaching safepoint: 228667 ns, Cleanup: 23708 ns, At safepoint: 19750 ns, Total: 272125 ns
[2025-09-17T08:06:51.216+0000][184][info ][safepoint   ] Safepoint "Cleanup", Time since last: 7011254962 ns, Reaching safepoint: 125750 ns, Cleanup: 84250 ns, At safepoint: 31167 ns, Total: 241167 ns
[2025-09-17T08:06:53.976+0000][184][info ][safepoint   ] Safepoint "Cleanup", Time since last: 2760475959 ns, Reaching safepoint: 157209 ns, Cleanup: 89916 ns, At safepoint: 13459 ns, Total: 260584 ns
[2025-09-17T08:07:09.005+0000][184][info ][safepoint   ] Safepoint "Cleanup", Time since last: 15027761090 ns, Reaching safepoint: 621708 ns, Cleanup: 100667 ns, At safepoint: 53000 ns, Total: 775375 ns
[2025-09-17T08:07:11.010+0000][184][info ][safepoint   ] Safepoint "Cleanup", Time since last: 2004754542 ns, Reaching safepoint: 12459 ns, Cleanup: 11000 ns, At safepoint: 12208 ns, Total: 35667 ns
[2025-09-17T08:07:18.026+0000][184][info ][safepoint   ] Safepoint "Cleanup", Time since last: 7015513628 ns, Reaching safepoint: 86834 ns, Cleanup: 33750 ns, At safepoint: 25541 ns, Total: 146125 ns
[2025-09-17T08:07:26.041+0000][184][info ][safepoint   ] Safepoint "Cleanup", Time since last: 8014978546 ns, Reaching safepoint: 114708 ns, Cleanup: 34500 ns, At safepoint: 17167 ns, Total: 166375 ns
[2025-09-17T08:07:27.324+0000][184][info ][safepoint   ] Safepoint "Cleanup", Time since last: 1283264667 ns, Reaching safepoint: 10167 ns, Cleanup: 38458 ns, At safepoint: 19417 ns, Total: 68042 ns
[2025-09-17T08:07:28.372+0000][184][info ][safepoint   ] Safepoint "Cleanup", Time since last: 1047986292 ns, Reaching safepoint: 101000 ns, Cleanup: 64333 ns, At safepoint: 21209 ns, Total: 186542 ns
[2025-09-17T08:07:30.394+0000][184][info ][safepoint   ] Safepoint "Cleanup", Time since last: 2021404959 ns, Reaching safepoint: 7458 ns, Cleanup: 16667 ns, At safepoint: 4542 ns, Total: 28667 ns
[2025-09-17T08:07:31.421+0000][184][info ][safepoint   ] Safepoint "Cleanup", Time since last: 1027733334 ns, Reaching safepoint: 34916 ns, Cleanup: 46667 ns, At safepoint: 16792 ns, Total: 98375 ns
[2025-09-17T08:07:33.425+0000][184][info ][safepoint   ] Safepoint "Cleanup", Time since last: 2002411584 ns, Reaching safepoint: 867583 ns, Cleanup: 108208 ns, At safepoint: 45334 ns, Total: 1021125 ns
[2025-09-17T08:07:35.428+0000][184][info ][safepoint   ] Safepoint "Cleanup", Time since last: 2002579917 ns, Reaching safepoint: 122250 ns, Cleanup: 51334 ns, At safepoint: 17541 ns, Total: 191125 ns
[2025-09-17T08:07:37.433+0000][184][info ][safepoint   ] Safepoint "Cleanup", Time since last: 2005033710 ns, Reaching safepoint: 54583 ns, Cleanup: 25917 ns, At safepoint: 16458 ns, Total: 96958 ns
[2025-09-17T08:07:38.434+0000][184][info ][safepoint   ] Safepoint "Cleanup", Time since last: 1001528084 ns, Reaching safepoint: 50500 ns, Cleanup: 34250 ns, At safepoint: 12708 ns, Total: 97458 ns
[2025-09-17T08:07:45.441+0000][184][info ][safepoint   ] Safepoint "Cleanup", Time since last: 7006827003 ns, Reaching safepoint: 226292 ns, Cleanup: 39208 ns, At safepoint: 17500 ns, Total: 283000 ns
[2025-09-17T08:08:01.176+0000][184][info ][safepoint   ] Safepoint "Cleanup", Time since last: 15734302507 ns, Reaching safepoint: 191834 ns, Cleanup: 81041 ns, At safepoint: 81875 ns, Total: 354750 ns
[2025-09-17T08:08:09.190+0000][184][info ][safepoint   ] Safepoint "Cleanup", Time since last: 8013699545 ns, Reaching safepoint: 140750 ns, Cleanup: 35667 ns, At safepoint: 21708 ns, Total: 198125 ns
[2025-09-17T08:08:11.197+0000][184][info ][safepoint   ] Safepoint "Cleanup", Time since last: 2006366210 ns, Reaching safepoint: 19625 ns, Cleanup: 12125 ns, At safepoint: 7458 ns, Total: 39208 ns
[2025-09-17T08:08:23.217+0000][184][info ][safepoint   ] Safepoint "Cleanup", Time since last: 12020046631 ns, Reaching safepoint: 305791 ns, Cleanup: 29375 ns, At safepoint: 16584 ns, Total: 351750 ns
[2025-09-17T08:08:24.219+0000][184][info ][safepoint   ] Safepoint "Cleanup", Time since last: 1001667750 ns, Reaching safepoint: 111625 ns, Cleanup: 36208 ns, At safepoint: 10125 ns, Total: 157958 ns
[2025-09-17T08:08:29.730+0000][184][info ][gc,start    ] GC(26) Pause Young (Normal) (G1 Evacuation Pause)
[2025-09-17T08:08:29.730+0000][184][info ][gc,task     ] GC(26) Using 8 workers of 8 for evacuation
[2025-09-17T08:08:29.730+0000][184][debug][gc,age      ] GC(26) Desired survivor size 41943040 bytes, new threshold 15 (max threshold 15)
[2025-09-17T08:08:29.784+0000][184][info ][gc,phases   ] GC(26)   Pre Evacuate Collection Set: 0.75ms
[2025-09-17T08:08:29.784+0000][184][info ][gc,phases   ] GC(26)   Merge Heap Roots: 0.16ms
[2025-09-17T08:08:29.784+0000][184][info ][gc,phases   ] GC(26)   Evacuate Collection Set: 48.66ms
[2025-09-17T08:08:29.784+0000][184][info ][gc,phases   ] GC(26)   Post Evacuate Collection Set: 3.51ms
[2025-09-17T08:08:29.784+0000][184][info ][gc,phases   ] GC(26)   Other: 0.32ms
[2025-09-17T08:08:29.784+0000][184][trace][gc,age      ] GC(26) Age table with threshold 15 (max threshold 15)
[2025-09-17T08:08:29.784+0000][184][trace][gc,age      ] GC(26) - age   1:    1781856 bytes,    1781856 total
[2025-09-17T08:08:29.784+0000][184][trace][gc,age      ] GC(26) - age   2:      66152 bytes,    1848008 total
[2025-09-17T08:08:29.784+0000][184][trace][gc,age      ] GC(26) - age   3:     557448 bytes,    2405456 total
[2025-09-17T08:08:29.784+0000][184][trace][gc,age      ] GC(26) - age   4:    2253616 bytes,    4659072 total
[2025-09-17T08:08:29.784+0000][184][trace][gc,age      ] GC(26) - age   5:    1789240 bytes,    6448312 total
[2025-09-17T08:08:29.784+0000][184][trace][gc,age      ] GC(26) - age   6:    6536736 bytes,   12985048 total
[2025-09-17T08:08:29.784+0000][184][trace][gc,age      ] GC(26) - age   7:      63464 bytes,   13048512 total
[2025-09-17T08:08:29.784+0000][184][trace][gc,age      ] GC(26) - age   8:    2875640 bytes,   15924152 total
[2025-09-17T08:08:29.784+0000][184][trace][gc,age      ] GC(26) - age   9:   17902048 bytes,   33826200 total
[2025-09-17T08:08:29.784+0000][184][trace][gc,age      ] GC(26) - age  10:     222176 bytes,   34048376 total
[2025-09-17T08:08:29.785+0000][184][info ][gc,heap     ] GC(26) Eden regions: 144->0(144)
[2025-09-17T08:08:29.785+0000][184][info ][gc,heap     ] GC(26) Survivor regions: 9->9(20)
[2025-09-17T08:08:29.785+0000][184][info ][gc,heap     ] GC(26) Old regions: 29->29
[2025-09-17T08:08:29.785+0000][184][info ][gc,heap     ] GC(26) Humongous regions: 2->2
[2025-09-17T08:08:29.785+0000][184][info ][gc,metaspace] GC(26) Metaspace: 162714K(167296K)->162714K(167296K) NonClass: 140286K(142784K)->140286K(142784K) Class: 22427K(24512K)->22427K(24512K)
[2025-09-17T08:08:29.785+0000][184][info ][gc          ] GC(26) Pause Young (Normal) (G1 Evacuation Pause) 733M->156M(1024M) 55.005ms
[2025-09-17T08:08:29.785+0000][184][info ][gc,cpu      ] GC(26) User=0.38s Sys=0.01s Real=0.06s
[2025-09-17T08:08:29.785+0000][184][info ][safepoint   ] Safepoint "G1CollectForAllocation", Time since last: 5510830211 ns, Reaching safepoint: 52584 ns, Cleanup: 11125 ns, At safepoint: 55255833 ns, Total: 55319542 ns
[2025-09-17T08:08:31.644+0000][184][info ][safepoint   ] Safepoint "Cleanup", Time since last: 1858534209 ns, Reaching safepoint: 108542 ns, Cleanup: 42333 ns, At safepoint: 128042 ns, Total: 278917 ns
[2025-09-17T08:08:32.769+0000][184][info ][safepoint   ] Safepoint "Cleanup", Time since last: 1125655709 ns, Reaching safepoint: 7166 ns, Cleanup: 23459 ns, At safepoint: 9458 ns, Total: 40083 ns
[2025-09-17T08:08:34.682+0000][184][info ][safepoint   ] Safepoint "Cleanup", Time since last: 1911999209 ns, Reaching safepoint: 68042 ns, Cleanup: 86667 ns, At safepoint: 33041 ns, Total: 187750 ns
[2025-09-17T08:08:35.682+0000][184][info ][safepoint   ] Safepoint "Cleanup", Time since last: 1000748251 ns, Reaching safepoint: 41042 ns, Cleanup: 13208 ns, At safepoint: 11542 ns, Total: 65792 ns
[2025-09-17T08:08:36.727+0000][184][info ][safepoint   ] Safepoint "Cleanup", Time since last: 1044191083 ns, Reaching safepoint: 17000 ns, Cleanup: 33875 ns, At safepoint: 19000 ns, Total: 69875 ns
[2025-09-17T08:08:37.756+0000][184][info ][safepoint   ] Safepoint "Cleanup", Time since last: 1028727626 ns, Reaching safepoint: 61083 ns, Cleanup: 48792 ns, At safepoint: 14708 ns, Total: 124583 ns
[2025-09-17T08:08:38.838+0000][184][info ][safepoint   ] Safepoint "Cleanup", Time since last: 1082219501 ns, Reaching safepoint: 190500 ns, Cleanup: 49250 ns, At safepoint: 23250 ns, Total: 263000 ns
[2025-09-17T08:08:40.987+0000][184][info ][safepoint   ] Safepoint "Cleanup", Time since last: 2148823500 ns, Reaching safepoint: 9250 ns, Cleanup: 31458 ns, At safepoint: 20500 ns, Total: 61208 ns
[2025-09-17T08:08:43.059+0000][184][info ][safepoint   ] Safepoint "Cleanup", Time since last: 2071375793 ns, Reaching safepoint: 84375 ns, Cleanup: 44041 ns, At safepoint: 21125 ns, Total: 149541 ns
[2025-09-17T08:08:46.062+0000][184][info ][safepoint   ] Safepoint "Cleanup", Time since last: 3002952002 ns, Reaching safepoint: 194875 ns, Cleanup: 48708 ns, At safepoint: 39959 ns, Total: 283542 ns
[2025-09-17T08:09:04.383+0000][184][info ][safepoint   ] Safepoint "Cleanup", Time since last: 18320793717 ns, Reaching safepoint: 474250 ns, Cleanup: 114166 ns, At safepoint: 30875 ns, Total: 619291 ns
[2025-09-17T08:09:11.392+0000][184][info ][safepoint   ] Safepoint "Cleanup", Time since last: 7008329587 ns, Reaching safepoint: 377291 ns, Cleanup: 29209 ns, At safepoint: 12833 ns, Total: 419333 ns
[2025-09-17T08:09:13.395+0000][184][info ][safepoint   ] Safepoint "Cleanup", Time since last: 2002518043 ns, Reaching safepoint: 56083 ns, Cleanup: 164333 ns, At safepoint: 20875 ns, Total: 241291 ns
[2025-09-17T08:09:22.408+0000][184][info ][safepoint   ] Safepoint "Cleanup", Time since last: 9012396505 ns, Reaching safepoint: 1218958 ns, Cleanup: 43375 ns, At safepoint: 19208 ns, Total: 1281541 ns
[2025-09-17T08:09:24.412+0000][184][info ][safepoint   ] Safepoint "Cleanup", Time since last: 2003330085 ns, Reaching safepoint: 95708 ns, Cleanup: 169417 ns, At safepoint: 32708 ns, Total: 297833 ns
[2025-09-17T08:09:32.765+0000][184][info ][safepoint   ] Safepoint "Cleanup", Time since last: 8353216545 ns, Reaching safepoint: 5167 ns, Cleanup: 7417 ns, At safepoint: 3375 ns, Total: 15959 ns
[2025-09-17T08:09:33.991+0000][184][info ][safepoint   ] Safepoint "Cleanup", Time since last: 1225042375 ns, Reaching safepoint: 49209 ns, Cleanup: 78500 ns, At safepoint: 22208 ns, Total: 149917 ns
[2025-09-17T08:09:35.743+0000][184][info ][safepoint   ] Safepoint "Cleanup", Time since last: 1752105751 ns, Reaching safepoint: 5042 ns, Cleanup: 9000 ns, At safepoint: 2416 ns, Total: 16458 ns
[2025-09-17T08:09:37.127+0000][184][info ][safepoint   ] Safepoint "Cleanup", Time since last: 1383896626 ns, Reaching safepoint: 83042 ns, Cleanup: 63958 ns, At safepoint: 16417 ns, Total: 163417 ns
[2025-09-17T08:09:48.141+0000][184][info ][safepoint   ] Safepoint "Cleanup", Time since last: 11013845255 ns, Reaching safepoint: 315916 ns, Cleanup: 33375 ns, At safepoint: 23084 ns, Total: 372375 ns
[2025-09-17T08:09:53.584+0000][184][info ][safepoint   ] Safepoint "Cleanup", Time since last: 5442330835 ns, Reaching safepoint: 220667 ns, Cleanup: 92167 ns, At safepoint: 34583 ns, Total: 347417 ns
[2025-09-17T08:10:06.600+0000][184][info ][safepoint   ] Safepoint "Cleanup", Time since last: 13016274631 ns, Reaching safepoint: 118084 ns, Cleanup: 51000 ns, At safepoint: 44500 ns, Total: 213584 ns
[2025-09-17T08:10:13.643+0000][184][info ][safepoint   ] Safepoint "Cleanup", Time since last: 7042519711 ns, Reaching safepoint: 72542 ns, Cleanup: 30750 ns, At safepoint: 25958 ns, Total: 129250 ns
[2025-09-17T08:10:16.677+0000][184][info ][safepoint   ] Safepoint "Cleanup", Time since last: 3033563793 ns, Reaching safepoint: 726792 ns, Cleanup: 79791 ns, At safepoint: 30917 ns, Total: 837500 ns
[2025-09-17T08:10:22.685+0000][184][info ][safepoint   ] Safepoint "Cleanup", Time since last: 6008218795 ns, Reaching safepoint: 253541 ns, Cleanup: 52125 ns, At safepoint: 26584 ns, Total: 332250 ns
[2025-09-17T08:10:25.691+0000][184][info ][safepoint   ] Safepoint "Cleanup", Time since last: 3005024334 ns, Reaching safepoint: 321959 ns, Cleanup: 44000 ns, At safepoint: 19208 ns, Total: 385167 ns
[2025-09-17T08:10:31.701+0000][184][info ][safepoint   ] Safepoint "Cleanup", Time since last: 6010046170 ns, Reaching safepoint: 123458 ns, Cleanup: 48333 ns, At safepoint: 26875 ns, Total: 198666 ns
[2025-09-17T08:10:33.703+0000][184][info ][safepoint   ] Safepoint "Cleanup", Time since last: 2002232335 ns, Reaching safepoint: 37791 ns, Cleanup: 37792 ns, At safepoint: 15833 ns, Total: 91416 ns
[2025-09-17T08:10:35.706+0000][184][info ][safepoint   ] Safepoint "Cleanup", Time since last: 2002703126 ns, Reaching safepoint: 78125 ns, Cleanup: 17375 ns, At safepoint: 15542 ns, Total: 111042 ns
[2025-09-17T08:10:37.298+0000][184][info ][safepoint   ] Safepoint "Cleanup", Time since last: 1591461959 ns, Reaching safepoint: 557375 ns, Cleanup: 35875 ns, At safepoint: 16333 ns, Total: 609583 ns
[2025-09-17T08:10:38.800+0000][184][info ][safepoint   ] Safepoint "Cleanup", Time since last: 1501552001 ns, Reaching safepoint: 3667 ns, Cleanup: 6250 ns, At safepoint: 4916 ns, Total: 14833 ns
[2025-09-17T08:10:40.352+0000][184][info ][safepoint   ] Safepoint "Cleanup", Time since last: 1551866959 ns, Reaching safepoint: 106958 ns, Cleanup: 68125 ns, At safepoint: 21500 ns, Total: 196583 ns
[2025-09-17T08:10:41.357+0000][184][info ][safepoint   ] Safepoint "Cleanup", Time since last: 1004098084 ns, Reaching safepoint: 494542 ns, Cleanup: 46000 ns, At safepoint: 20333 ns, Total: 560875 ns
[2025-09-17T08:10:51.372+0000][184][info ][safepoint   ] Safepoint "Cleanup", Time since last: 10014886838 ns, Reaching safepoint: 140459 ns, Cleanup: 46208 ns, At safepoint: 26750 ns, Total: 213417 ns
[2025-09-17T08:10:53.810+0000][184][info ][safepoint   ] Safepoint "Cleanup", Time since last: 2437567085 ns, Reaching safepoint: 71583 ns, Cleanup: 29708 ns, At safepoint: 15625 ns, Total: 116916 ns
[2025-09-17T08:10:55.823+0000][184][info ][safepoint   ] Safepoint "Cleanup", Time since last: 2011980710 ns, Reaching safepoint: 940250 ns, Cleanup: 11875 ns, At safepoint: 9166 ns, Total: 961291 ns
[2025-09-17T08:11:01.846+0000][184][info ][safepoint   ] Safepoint "Cleanup", Time since last: 6022434211 ns, Reaching safepoint: 773500 ns, Cleanup: 116584 ns, At safepoint: 45125 ns, Total: 935209 ns
[2025-09-17T08:11:04.853+0000][184][info ][safepoint   ] Safepoint "Cleanup", Time since last: 3006683834 ns, Reaching safepoint: 82417 ns, Cleanup: 22167 ns, At safepoint: 15083 ns, Total: 119667 ns
[2025-09-17T08:11:09.860+0000][184][info ][safepoint   ] Safepoint "Cleanup", Time since last: 5007021252 ns, Reaching safepoint: 772417 ns, Cleanup: 90416 ns, At safepoint: 47375 ns, Total: 910208 ns
[2025-09-17T08:11:10.863+0000][184][info ][safepoint   ] Safepoint "Cleanup", Time since last: 1002207501 ns, Reaching safepoint: 77375 ns, Cleanup: 71541 ns, At safepoint: 22792 ns, Total: 171708 ns
[2025-09-17T08:11:14.868+0000][184][info ][safepoint   ] Safepoint "Cleanup", Time since last: 4004976752 ns, Reaching safepoint: 50750 ns, Cleanup: 15042 ns, At safepoint: 9500 ns, Total: 75292 ns
[2025-09-17T08:11:33.907+0000][184][info ][safepoint   ] Safepoint "Cleanup", Time since last: 19038464342 ns, Reaching safepoint: 789083 ns, Cleanup: 149500 ns, At safepoint: 51709 ns, Total: 990292 ns
[2025-09-17T08:11:34.912+0000][184][info ][safepoint   ] Safepoint "Cleanup", Time since last: 1004579375 ns, Reaching safepoint: 125458 ns, Cleanup: 54750 ns, At safepoint: 24959 ns, Total: 205167 ns
[2025-09-17T08:11:38.826+0000][184][info ][safepoint   ] Safepoint "Cleanup", Time since last: 3913730585 ns, Reaching safepoint: 5667 ns, Cleanup: 7750 ns, At safepoint: 2541 ns, Total: 15958 ns
[2025-09-17T08:11:40.539+0000][184][info ][safepoint   ] Safepoint "Cleanup", Time since last: 1712671167 ns, Reaching safepoint: 20500 ns, Cleanup: 19625 ns, At safepoint: 8959 ns, Total: 49084 ns
[2025-09-17T08:11:41.542+0000][184][info ][safepoint   ] Safepoint "Cleanup", Time since last: 1003202500 ns, Reaching safepoint: 56542 ns, Cleanup: 26541 ns, At safepoint: 10875 ns, Total: 93958 ns
[2025-09-17T08:11:43.584+0000][184][info ][safepoint   ] Safepoint "Cleanup", Time since last: 2041164710 ns, Reaching safepoint: 76250 ns, Cleanup: 33250 ns, At safepoint: 35458 ns, Total: 144958 ns
[2025-09-17T08:11:51.614+0000][184][info ][safepoint   ] Safepoint "Cleanup", Time since last: 8019655670 ns, Reaching safepoint: 1255459 ns, Cleanup: 9143833 ns, At safepoint: 29708 ns, Total: 10429000 ns
[2025-09-17T08:11:52.619+0000][184][info ][safepoint   ] Safepoint "Cleanup", Time since last: 1004538126 ns, Reaching safepoint: 436625 ns, Cleanup: 31333 ns, At safepoint: 22792 ns, Total: 490750 ns
[2025-09-17T08:11:55.992+0000][184][info ][safepoint   ] Safepoint "Cleanup", Time since last: 3372665668 ns, Reaching safepoint: 350667 ns, Cleanup: 114042 ns, At safepoint: 26083 ns, Total: 490792 ns
[2025-09-17T08:11:59.001+0000][184][info ][safepoint   ] Safepoint "Cleanup", Time since last: 3009090376 ns, Reaching safepoint: 50209 ns, Cleanup: 32791 ns, At safepoint: 12750 ns, Total: 95750 ns
[2025-09-17T08:12:04.010+0000][184][info ][safepoint   ] Safepoint "Cleanup", Time since last: 5008246919 ns, Reaching safepoint: 182667 ns, Cleanup: 28750 ns, At safepoint: 17167 ns, Total: 228584 ns
[2025-09-17T08:12:06.013+0000][184][info ][safepoint   ] Safepoint "Cleanup", Time since last: 2002716667 ns, Reaching safepoint: 290250 ns, Cleanup: 54417 ns, At safepoint: 23958 ns, Total: 368625 ns
[2025-09-17T08:12:09.020+0000][184][info ][safepoint   ] Safepoint "Cleanup", Time since last: 3006630252 ns, Reaching safepoint: 140708 ns, Cleanup: 51750 ns, At safepoint: 23250 ns, Total: 215708 ns
[2025-09-17T08:12:11.022+0000][184][info ][safepoint   ] Safepoint "Cleanup", Time since last: 2002818958 ns, Reaching safepoint: 359875 ns, Cleanup: 61500 ns, At safepoint: 30000 ns, Total: 451375 ns
[2025-09-17T08:12:12.025+0000][184][info ][safepoint   ] Safepoint "Cleanup", Time since last: 1002857126 ns, Reaching safepoint: 33417 ns, Cleanup: 23458 ns, At safepoint: 10250 ns, Total: 67125 ns
[2025-09-17T08:12:14.032+0000][184][info ][safepoint   ] Safepoint "Cleanup", Time since last: 2007160126 ns, Reaching safepoint: 42208 ns, Cleanup: 25292 ns, At safepoint: 16625 ns, Total: 84125 ns
[2025-09-17T08:12:20.045+0000][184][info ][safepoint   ] Safepoint "Cleanup", Time since last: 6012425878 ns, Reaching safepoint: 61000 ns, Cleanup: 22000 ns, At safepoint: 12083 ns, Total: 95083 ns
[2025-09-17T08:12:41.103+0000][184][info ][safepoint   ] Safepoint "Cleanup", Time since last: 21057193676 ns, Reaching safepoint: 130333 ns, Cleanup: 44417 ns, At safepoint: 18833 ns, Total: 193583 ns
[2025-09-17T08:12:42.764+0000][184][info ][safepoint   ] Safepoint "Cleanup", Time since last: 1660925085 ns, Reaching safepoint: 11750 ns, Cleanup: 19041 ns, At safepoint: 19292 ns, Total: 50083 ns
[2025-09-17T08:12:44.813+0000][184][info ][safepoint   ] Safepoint "Cleanup", Time since last: 2049263543 ns, Reaching safepoint: 75916 ns, Cleanup: 14250 ns, At safepoint: 16750 ns, Total: 106916 ns
[2025-09-17T08:12:45.826+0000][184][info ][safepoint   ] Safepoint "Cleanup", Time since last: 1013007876 ns, Reaching safepoint: 24666 ns, Cleanup: 41750 ns, At safepoint: 13000 ns, Total: 79416 ns
[2025-09-17T08:12:52.866+0000][184][info ][safepoint   ] Safepoint "Cleanup", Time since last: 7040060212 ns, Reaching safepoint: 75875 ns, Cleanup: 18833 ns, At safepoint: 9917 ns, Total: 104625 ns
[2025-09-17T08:12:54.126+0000][184][info ][safepoint   ] Safepoint "Cleanup", Time since last: 1259832001 ns, Reaching safepoint: 55750 ns, Cleanup: 26541 ns, At safepoint: 26792 ns, Total: 109083 ns
[2025-09-17T08:12:56.130+0000][184][info ][safepoint   ] Safepoint "Cleanup", Time since last: 2003537501 ns, Reaching safepoint: 126333 ns, Cleanup: 37542 ns, At safepoint: 18708 ns, Total: 182583 ns
[2025-09-17T08:13:01.143+0000][184][info ][safepoint   ] Safepoint "Cleanup", Time since last: 5012699294 ns, Reaching safepoint: 90125 ns, Cleanup: 22667 ns, At safepoint: 12458 ns, Total: 125250 ns
[2025-09-17T08:13:18.202+0000][184][info ][safepoint   ] Safepoint "Cleanup", Time since last: 17058489716 ns, Reaching safepoint: 251584 ns, Cleanup: 55125 ns, At safepoint: 19250 ns, Total: 325959 ns
[2025-09-17T08:13:23.218+0000][184][info ][safepoint   ] Safepoint "Cleanup", Time since last: 5016511335 ns, Reaching safepoint: 172917 ns, Cleanup: 65000 ns, At safepoint: 33917 ns, Total: 271834 ns
[2025-09-17T08:13:24.967+0000][184][info ][safepoint   ] Safepoint "Cleanup", Time since last: 1748490084 ns, Reaching safepoint: 84750 ns, Cleanup: 62541 ns, At safepoint: 13459 ns, Total: 160750 ns
[2025-09-17T08:13:26.022+0000][184][info ][safepoint   ] Safepoint "Cleanup", Time since last: 1054717292 ns, Reaching safepoint: 127917 ns, Cleanup: 23916 ns, At safepoint: 12500 ns, Total: 164333 ns
[2025-09-17T08:13:35.035+0000][184][info ][safepoint   ] Safepoint "Cleanup", Time since last: 9012443171 ns, Reaching safepoint: 160334 ns, Cleanup: 34666 ns, At safepoint: 18084 ns, Total: 213084 ns
[2025-09-17T08:13:36.069+0000][184][info ][safepoint   ] Safepoint "Cleanup", Time since last: 1034019417 ns, Reaching safepoint: 6125 ns, Cleanup: 36083 ns, At safepoint: 11542 ns, Total: 53750 ns
[2025-09-17T08:13:37.085+0000][184][info ][safepoint   ] Safepoint "Cleanup", Time since last: 1016007334 ns, Reaching safepoint: 106500 ns, Cleanup: 83458 ns, At safepoint: 15875 ns, Total: 205833 ns
[2025-09-17T08:13:44.846+0000][184][info ][safepoint   ] Safepoint "Cleanup", Time since last: 7760880795 ns, Reaching safepoint: 6000 ns, Cleanup: 32542 ns, At safepoint: 11333 ns, Total: 49875 ns
[2025-09-17T08:13:44.907+0000][184][info ][gc,start    ] GC(27) Pause Young (Concurrent Start) (G1 Evacuation Pause)
[2025-09-17T08:13:44.907+0000][184][info ][gc,task     ] GC(27) Using 8 workers of 8 for evacuation
[2025-09-17T08:13:44.907+0000][184][debug][gc,age      ] GC(27) Desired survivor size 41943040 bytes, new threshold 15 (max threshold 15)
[2025-09-17T08:13:44.977+0000][184][info ][gc,phases   ] GC(27)   Pre Evacuate Collection Set: 0.64ms
[2025-09-17T08:13:44.977+0000][184][info ][gc,phases   ] GC(27)   Merge Heap Roots: 0.51ms
[2025-09-17T08:13:44.977+0000][184][info ][gc,phases   ] GC(27)   Evacuate Collection Set: 64.01ms
[2025-09-17T08:13:44.977+0000][184][info ][gc,phases   ] GC(27)   Post Evacuate Collection Set: 4.34ms
[2025-09-17T08:13:44.977+0000][184][info ][gc,phases   ] GC(27)   Other: 0.38ms
[2025-09-17T08:13:44.977+0000][184][trace][gc,age      ] GC(27) Age table with threshold 15 (max threshold 15)
[2025-09-17T08:13:44.977+0000][184][trace][gc,age      ] GC(27) - age   1:    1814048 bytes,    1814048 total
[2025-09-17T08:13:44.977+0000][184][trace][gc,age      ] GC(27) - age   2:     393464 bytes,    2207512 total
[2025-09-17T08:13:44.977+0000][184][trace][gc,age      ] GC(27) - age   3:      60792 bytes,    2268304 total
[2025-09-17T08:13:44.977+0000][184][trace][gc,age      ] GC(27) - age   4:     557064 bytes,    2825368 total
[2025-09-17T08:13:44.977+0000][184][trace][gc,age      ] GC(27) - age   5:    2249368 bytes,    5074736 total
[2025-09-17T08:13:44.977+0000][184][trace][gc,age      ] GC(27) - age   6:    1789240 bytes,    6863976 total
[2025-09-17T08:13:44.977+0000][184][trace][gc,age      ] GC(27) - age   7:    6536224 bytes,   13400200 total
[2025-09-17T08:13:44.977+0000][184][trace][gc,age      ] GC(27) - age   8:      63464 bytes,   13463664 total
[2025-09-17T08:13:44.977+0000][184][trace][gc,age      ] GC(27) - age   9:    2875496 bytes,   16339160 total
[2025-09-17T08:13:44.977+0000][184][trace][gc,age      ] GC(27) - age  10:   17901912 bytes,   34241072 total
[2025-09-17T08:13:44.977+0000][184][trace][gc,age      ] GC(27) - age  11:     222176 bytes,   34463248 total
[2025-09-17T08:13:44.977+0000][184][info ][gc,heap     ] GC(27) Eden regions: 144->0(144)
[2025-09-17T08:13:44.977+0000][184][info ][gc,heap     ] GC(27) Survivor regions: 9->9(20)
[2025-09-17T08:13:44.978+0000][184][info ][gc,heap     ] GC(27) Old regions: 29->29
[2025-09-17T08:13:44.978+0000][184][info ][gc,heap     ] GC(27) Humongous regions: 2->2
[2025-09-17T08:13:44.978+0000][184][info ][gc,metaspace] GC(27) Metaspace: 162900K(167488K)->162900K(167488K) NonClass: 140472K(142976K)->140472K(142976K) Class: 22427K(24512K)->22427K(24512K)
[2025-09-17T08:13:44.978+0000][184][info ][gc          ] GC(27) Pause Young (Concurrent Start) (G1 Evacuation Pause) 732M->157M(1024M) 71.093ms
[2025-09-17T08:13:44.978+0000][184][info ][gc,cpu      ] GC(27) User=0.44s Sys=0.01s Real=0.07s
[2025-09-17T08:13:44.978+0000][184][info ][gc          ] GC(28) Concurrent Mark Cycle
[2025-09-17T08:13:44.978+0000][184][info ][gc,marking  ] GC(28) Concurrent Scan Root Regions
[2025-09-17T08:13:44.978+0000][184][info ][safepoint   ] Safepoint "G1CollectForAllocation", Time since last: 60794000 ns, Reaching safepoint: 15708 ns, Cleanup: 27167 ns, At safepoint: 71370958 ns, Total: 71413833 ns
[2025-09-17T08:13:45.000+0000][184][info ][gc,marking  ] GC(28) Concurrent Scan Root Regions 22.182ms
[2025-09-17T08:13:45.001+0000][184][info ][gc,marking  ] GC(28) Concurrent Mark
[2025-09-17T08:13:45.001+0000][184][info ][gc,marking  ] GC(28) Concurrent Mark From Roots
[2025-09-17T08:13:45.001+0000][184][info ][gc,task     ] GC(28) Using 2 workers of 2 for marking
[2025-09-17T08:13:45.126+0000][184][info ][gc,marking  ] GC(28) Concurrent Mark From Roots 125.018ms
[2025-09-17T08:13:45.126+0000][184][info ][gc,marking  ] GC(28) Concurrent Preclean
[2025-09-17T08:13:45.127+0000][184][info ][gc,marking  ] GC(28) Concurrent Preclean 0.985ms
[2025-09-17T08:13:45.127+0000][184][info ][gc,start    ] GC(28) Pause Remark
[2025-09-17T08:13:45.232+0000][184][info ][gc          ] GC(28) Pause Remark 164M->164M(1024M) 104.812ms
[2025-09-17T08:13:45.232+0000][184][info ][gc,cpu      ] GC(28) User=0.66s Sys=0.01s Real=0.11s
[2025-09-17T08:13:45.232+0000][184][info ][safepoint   ] Safepoint "G1PauseRemark", Time since last: 149269334 ns, Reaching safepoint: 14166 ns, Cleanup: 21250 ns, At safepoint: 105103834 ns, Total: 105139250 ns
[2025-09-17T08:13:45.233+0000][184][info ][gc,marking  ] GC(28) Concurrent Mark 231.801ms
[2025-09-17T08:13:45.233+0000][184][info ][gc,marking  ] GC(28) Concurrent Rebuild Remembered Sets and Scrub Regions
[2025-09-17T08:13:45.267+0000][184][info ][gc,marking  ] GC(28) Concurrent Rebuild Remembered Sets and Scrub Regions 33.939ms
[2025-09-17T08:13:45.267+0000][184][info ][gc,start    ] GC(28) Pause Cleanup
[2025-09-17T08:13:45.267+0000][184][info ][gc          ] GC(28) Pause Cleanup 165M->165M(1024M) 0.139ms
[2025-09-17T08:13:45.267+0000][184][info ][gc,cpu      ] GC(28) User=0.00s Sys=0.00s Real=0.00s
[2025-09-17T08:13:45.267+0000][184][info ][safepoint   ] Safepoint "G1PauseCleanup", Time since last: 34626041 ns, Reaching safepoint: 10167 ns, Cleanup: 89708 ns, At safepoint: 227792 ns, Total: 327667 ns
[2025-09-17T08:13:45.267+0000][184][info ][gc,marking  ] GC(28) Concurrent Clear Claimed Marks
[2025-09-17T08:13:45.268+0000][184][info ][gc,marking  ] GC(28) Concurrent Clear Claimed Marks 0.537ms
[2025-09-17T08:13:45.268+0000][184][info ][gc,marking  ] GC(28) Concurrent Cleanup for Next Mark
[2025-09-17T08:13:45.274+0000][184][info ][gc,marking  ] GC(28) Concurrent Cleanup for Next Mark 5.484ms
[2025-09-17T08:13:45.274+0000][184][info ][gc          ] GC(28) Concurrent Mark Cycle 295.996ms
[2025-09-17T08:13:46.310+0000][184][info ][safepoint   ] Safepoint "Cleanup", Time since last: 1042417042 ns, Reaching safepoint: 172292 ns, Cleanup: 72292 ns, At safepoint: 24041 ns, Total: 268625 ns
[2025-09-17T08:13:48.329+0000][184][info ][safepoint   ] Safepoint "Cleanup", Time since last: 2018822210 ns, Reaching safepoint: 28375 ns, Cleanup: 31208 ns, At safepoint: 11333 ns, Total: 70916 ns
[2025-09-17T08:13:50.361+0000][184][info ][safepoint   ] Safepoint "Cleanup", Time since last: 2031935793 ns, Reaching safepoint: 101458 ns, Cleanup: 45917 ns, At safepoint: 18417 ns, Total: 165792 ns
[2025-09-17T08:13:56.362+0000][184][info ][safepoint   ] Safepoint "Cleanup", Time since last: 6000616836 ns, Reaching safepoint: 579458 ns, Cleanup: 81417 ns, At safepoint: 75583 ns, Total: 736458 ns
[2025-09-17T08:13:59.375+0000][184][info ][safepoint   ] Safepoint "Cleanup", Time since last: 3012801710 ns, Reaching safepoint: 149958 ns, Cleanup: 64834 ns, At safepoint: 20833 ns, Total: 235625 ns
[2025-09-17T08:14:12.403+0000][184][info ][safepoint   ] Safepoint "Cleanup", Time since last: 13025931130 ns, Reaching safepoint: 1053583 ns, Cleanup: 126375 ns, At safepoint: 41625 ns, Total: 1221583 ns
[2025-09-17T08:14:22.425+0000][184][info ][safepoint   ] Safepoint "Cleanup", Time since last: 10021583464 ns, Reaching safepoint: 525083 ns, Cleanup: 42958 ns, At safepoint: 18459 ns, Total: 586500 ns
[2025-09-17T08:14:45.471+0000][184][info ][safepoint   ] Safepoint "Cleanup", Time since last: 23046129219 ns, Reaching safepoint: 359041 ns, Cleanup: 83542 ns, At safepoint: 38208 ns, Total: 480791 ns
[2025-09-17T08:14:47.866+0000][184][info ][safepoint   ] Safepoint "Cleanup", Time since last: 2394891001 ns, Reaching safepoint: 5084 ns, Cleanup: 15916 ns, At safepoint: 8875 ns, Total: 29875 ns
[2025-09-17T08:14:49.555+0000][184][info ][safepoint   ] Safepoint "Cleanup", Time since last: 1688106251 ns, Reaching safepoint: 118708 ns, Cleanup: 75042 ns, At safepoint: 19542 ns, Total: 213292 ns
[2025-09-17T08:14:50.559+0000][184][info ][safepoint   ] Safepoint "Cleanup", Time since last: 1004587375 ns, Reaching safepoint: 85459 ns, Cleanup: 59750 ns, At safepoint: 30875 ns, Total: 176084 ns
[2025-09-17T08:14:51.581+0000][184][info ][safepoint   ] Safepoint "Cleanup", Time since last: 1021704917 ns, Reaching safepoint: 7041 ns, Cleanup: 13792 ns, At safepoint: 4833 ns, Total: 25666 ns
[2025-09-17T08:14:59.478+0000][184][info ][safepoint   ] Safepoint "Cleanup", Time since last: 7896236379 ns, Reaching safepoint: 108834 ns, Cleanup: 128375 ns, At safepoint: 29666 ns, Total: 266875 ns
[2025-09-17T08:15:04.486+0000][184][info ][safepoint   ] Safepoint "Cleanup", Time since last: 5008500044 ns, Reaching safepoint: 217834 ns, Cleanup: 68208 ns, At safepoint: 29458 ns, Total: 315500 ns
[2025-09-17T08:15:11.502+0000][184][info ][safepoint   ] Safepoint "Cleanup", Time since last: 7013965919 ns, Reaching safepoint: 652375 ns, Cleanup: 146875 ns, At safepoint: 52459 ns, Total: 851709 ns
[2025-09-17T08:15:15.513+0000][184][info ][safepoint   ] Safepoint "Cleanup", Time since last: 4011104418 ns, Reaching safepoint: 88875 ns, Cleanup: 97584 ns, At safepoint: 20375 ns, Total: 206834 ns
[2025-09-17T08:15:21.525+0000][184][info ][safepoint   ] Safepoint "Cleanup", Time since last: 6011172752 ns, Reaching safepoint: 103167 ns, Cleanup: 90208 ns, At safepoint: 174250 ns, Total: 367625 ns
[2025-09-17T08:15:24.529+0000][184][info ][safepoint   ] Safepoint "Cleanup", Time since last: 3004362544 ns, Reaching safepoint: 123416 ns, Cleanup: 58084 ns, At safepoint: 17583 ns, Total: 199083 ns
[2025-09-17T08:15:25.533+0000][184][info ][safepoint   ] Safepoint "Cleanup", Time since last: 1003082584 ns, Reaching safepoint: 185750 ns, Cleanup: 66875 ns, At safepoint: 24708 ns, Total: 277333 ns
[2025-09-17T08:15:30.541+0000][184][info ][safepoint   ] Safepoint "Cleanup", Time since last: 5008336544 ns, Reaching safepoint: 52750 ns, Cleanup: 36125 ns, At safepoint: 13583 ns, Total: 102458 ns
[2025-09-17T08:15:50.880+0000][184][info ][safepoint   ] Safepoint "Cleanup", Time since last: 20338935676 ns, Reaching safepoint: 51958 ns, Cleanup: 59792 ns, At safepoint: 11583 ns, Total: 123333 ns
[2025-09-17T08:15:52.828+0000][184][info ][safepoint   ] Safepoint "Cleanup", Time since last: 1947808834 ns, Reaching safepoint: 62417 ns, Cleanup: 108083 ns, At safepoint: 13917 ns, Total: 184417 ns
[2025-09-17T08:15:53.859+0000][184][info ][safepoint   ] Safepoint "Cleanup", Time since last: 1030715501 ns, Reaching safepoint: 7041 ns, Cleanup: 8209 ns, At safepoint: 3208 ns, Total: 18458 ns
[2025-09-17T08:15:54.859+0000][184][info ][safepoint   ] Safepoint "Cleanup", Time since last: 1000181584 ns, Reaching safepoint: 7333 ns, Cleanup: 14500 ns, At safepoint: 10583 ns, Total: 32416 ns
[2025-09-17T08:15:55.868+0000][184][info ][safepoint   ] Safepoint "Cleanup", Time since last: 1008467584 ns, Reaching safepoint: 99500 ns, Cleanup: 55167 ns, At safepoint: 26791 ns, Total: 181458 ns
[2025-09-17T08:16:03.889+0000][184][info ][safepoint   ] Safepoint "Cleanup", Time since last: 8021299213 ns, Reaching safepoint: 137041 ns, Cleanup: 46084 ns, At safepoint: 31750 ns, Total: 214875 ns
[2025-09-17T08:16:09.904+0000][184][info ][safepoint   ] Safepoint "Cleanup", Time since last: 6014920794 ns, Reaching safepoint: 272541 ns, Cleanup: 34417 ns, At safepoint: 13625 ns, Total: 320583 ns
[2025-09-17T08:16:10.906+0000][184][info ][safepoint   ] Safepoint "Cleanup", Time since last: 1001190709 ns, Reaching safepoint: 131875 ns, Cleanup: 75708 ns, At safepoint: 31083 ns, Total: 238666 ns
[2025-09-17T08:16:20.924+0000][184][info ][safepoint   ] Safepoint "Cleanup", Time since last: 10018165172 ns, Reaching safepoint: 108250 ns, Cleanup: 58208 ns, At safepoint: 18333 ns, Total: 184791 ns
[2025-09-17T08:16:22.932+0000][184][info ][safepoint   ] Safepoint "Cleanup", Time since last: 2007947751 ns, Reaching safepoint: 93792 ns, Cleanup: 48208 ns, At safepoint: 24292 ns, Total: 166292 ns
[2025-09-17T08:16:29.945+0000][184][info ][safepoint   ] Safepoint "Cleanup", Time since last: 7012856128 ns, Reaching safepoint: 322584 ns, Cleanup: 65291 ns, At safepoint: 31792 ns, Total: 419667 ns
[2025-09-17T08:16:33.951+0000][184][info ][safepoint   ] Safepoint "Cleanup", Time since last: 4005055585 ns, Reaching safepoint: 152125 ns, Cleanup: 56084 ns, At safepoint: 35583 ns, Total: 243792 ns
[2025-09-17T08:16:45.978+0000][184][info ][safepoint   ] Safepoint "Cleanup", Time since last: 12027017588 ns, Reaching safepoint: 83959 ns, Cleanup: 33583 ns, At safepoint: 39667 ns, Total: 157209 ns
[2025-09-17T08:16:49.992+0000][184][info ][safepoint   ] Safepoint "Cleanup", Time since last: 4014360877 ns, Reaching safepoint: 93500 ns, Cleanup: 37000 ns, At safepoint: 23583 ns, Total: 154083 ns
[2025-09-17T08:16:53.986+0000][184][info ][safepoint   ] Safepoint "Cleanup", Time since last: 3993702460 ns, Reaching safepoint: 2917 ns, Cleanup: 4917 ns, At safepoint: 7583 ns, Total: 15417 ns
[2025-09-17T08:16:56.860+0000][184][info ][safepoint   ] Safepoint "Cleanup", Time since last: 2873630293 ns, Reaching safepoint: 6500 ns, Cleanup: 8083 ns, At safepoint: 3042 ns, Total: 17625 ns
[2025-09-17T08:16:58.099+0000][184][info ][safepoint   ] Safepoint "Cleanup", Time since last: 1239746417 ns, Reaching safepoint: 61459 ns, Cleanup: 31208 ns, At safepoint: 12750 ns, Total: 105417 ns
[2025-09-17T08:17:06.109+0000][184][info ][safepoint   ] Safepoint "Cleanup", Time since last: 8009888420 ns, Reaching safepoint: 57292 ns, Cleanup: 37708 ns, At safepoint: 14917 ns, Total: 109917 ns
[2025-09-17T08:17:13.122+0000][184][info ][safepoint   ] Safepoint "Cleanup", Time since last: 7011804544 ns, Reaching safepoint: 204875 ns, Cleanup: 72792 ns, At safepoint: 35458 ns, Total: 313125 ns
[2025-09-17T08:17:21.139+0000][184][info ][safepoint   ] Safepoint "Cleanup", Time since last: 8016717254 ns, Reaching safepoint: 149334 ns, Cleanup: 61166 ns, At safepoint: 22459 ns, Total: 232959 ns
[2025-09-17T08:17:26.149+0000][184][info ][safepoint   ] Safepoint "Cleanup", Time since last: 5010458335 ns, Reaching safepoint: 122042 ns, Cleanup: 28542 ns, At safepoint: 14333 ns, Total: 164917 ns
[2025-09-17T08:17:37.171+0000][184][info ][safepoint   ] Safepoint "Cleanup", Time since last: 11021430589 ns, Reaching safepoint: 172791 ns, Cleanup: 51334 ns, At safepoint: 32125 ns, Total: 256250 ns
[2025-09-17T08:17:48.189+0000][184][info ][safepoint   ] Safepoint "Cleanup", Time since last: 11018134713 ns, Reaching safepoint: 117208 ns, Cleanup: 62875 ns, At safepoint: 25292 ns, Total: 205375 ns
[2025-09-17T08:17:50.192+0000][184][info ][safepoint   ] Safepoint "Cleanup", Time since last: 2002815042 ns, Reaching safepoint: 94709 ns, Cleanup: 54458 ns, At safepoint: 23583 ns, Total: 172750 ns
[2025-09-17T08:17:56.887+0000][184][info ][safepoint   ] Safepoint "Cleanup", Time since last: 6694488545 ns, Reaching safepoint: 5542 ns, Cleanup: 7000 ns, At safepoint: 2583 ns, Total: 15125 ns
[2025-09-17T08:17:58.290+0000][184][info ][safepoint   ] Safepoint "Cleanup", Time since last: 1403457001 ns, Reaching safepoint: 122458 ns, Cleanup: 109042 ns, At safepoint: 28625 ns, Total: 260125 ns
[2025-09-17T08:17:59.877+0000][184][info ][safepoint   ] Safepoint "Cleanup", Time since last: 1586082959 ns, Reaching safepoint: 6917 ns, Cleanup: 12125 ns, At safepoint: 18333 ns, Total: 37375 ns
[2025-09-17T08:18:02.960+0000][184][info ][safepoint   ] Safepoint "ICBufferFull", Time since last: 3082867918 ns, Reaching safepoint: 39542 ns, Cleanup: 130792 ns, At safepoint: 17416 ns, Total: 187750 ns
[2025-09-17T08:18:02.983+0000][184][info ][safepoint   ] Safepoint "ICBufferFull", Time since last: 23080042 ns, Reaching safepoint: 12000 ns, Cleanup: 132375 ns, At safepoint: 8083 ns, Total: 152458 ns
[2025-09-17T08:18:03.985+0000][184][info ][safepoint   ] Safepoint "Cleanup", Time since last: 1001447334 ns, Reaching safepoint: 76500 ns, Cleanup: 403917 ns, At safepoint: 22583 ns, Total: 503000 ns
[2025-09-17T08:18:11.011+0000][184][info ][safepoint   ] Safepoint "Cleanup", Time since last: 7026043003 ns, Reaching safepoint: 86292 ns, Cleanup: 53166 ns, At safepoint: 19292 ns, Total: 158750 ns
[2025-09-17T08:18:13.016+0000][184][info ][safepoint   ] Safepoint "Cleanup", Time since last: 2005275876 ns, Reaching safepoint: 64208 ns, Cleanup: 24500 ns, At safepoint: 8875 ns, Total: 97583 ns
[2025-09-17T08:18:15.022+0000][184][info ][safepoint   ] Safepoint "Cleanup", Time since last: 2005265043 ns, Reaching safepoint: 221917 ns, Cleanup: 52125 ns, At safepoint: 21625 ns, Total: 295667 ns
[2025-09-17T08:18:16.026+0000][184][info ][safepoint   ] Safepoint "Cleanup", Time since last: 1004277000 ns, Reaching safepoint: 92708 ns, Cleanup: 38792 ns, At safepoint: 25458 ns, Total: 156958 ns
[2025-09-17T08:18:35.069+0000][184][info ][safepoint   ] Safepoint "Cleanup", Time since last: 19042513426 ns, Reaching safepoint: 52500 ns, Cleanup: 26334 ns, At safepoint: 15083 ns, Total: 93917 ns
[2025-09-17T08:18:38.900+0000][184][info ][safepoint   ] Safepoint "Cleanup", Time since last: 3830975377 ns, Reaching safepoint: 5500 ns, Cleanup: 6875 ns, At safepoint: 5708 ns, Total: 18083 ns
[2025-09-17T08:18:40.480+0000][184][info ][safepoint   ] Safepoint "Cleanup", Time since last: 1579831417 ns, Reaching safepoint: 52166 ns, Cleanup: 77834 ns, At safepoint: 11208 ns, Total: 141208 ns
[2025-09-17T08:18:42.276+0000][184][info ][safepoint   ] Safepoint "Cleanup", Time since last: 1795309793 ns, Reaching safepoint: 82666 ns, Cleanup: 114709 ns, At safepoint: 14708 ns, Total: 212083 ns
[2025-09-17T08:18:51.290+0000][184][info ][safepoint   ] Safepoint "Cleanup", Time since last: 9013233338 ns, Reaching safepoint: 534791 ns, Cleanup: 56667 ns, At safepoint: 30500 ns, Total: 621958 ns
[2025-09-17T08:18:55.141+0000][184][info ][safepoint   ] Safepoint "Cleanup", Time since last: 3851391835 ns, Reaching safepoint: 83708 ns, Cleanup: 21750 ns, At safepoint: 13500 ns, Total: 118958 ns
[2025-09-17T08:19:00.583+0000][184][info ][safepoint   ] Safepoint "Cleanup", Time since last: 5441865920 ns, Reaching safepoint: 9083 ns, Cleanup: 77417 ns, At safepoint: 14375 ns, Total: 100875 ns
[2025-09-17T08:19:02.879+0000][184][info ][safepoint   ] Safepoint "Cleanup", Time since last: 2295318959 ns, Reaching safepoint: 7542 ns, Cleanup: 18625 ns, At safepoint: 5416 ns, Total: 31583 ns
[2025-09-17T08:19:04.663+0000][184][info ][safepoint   ] Safepoint "Cleanup", Time since last: 1784150751 ns, Reaching safepoint: 144000 ns, Cleanup: 79417 ns, At safepoint: 35625 ns, Total: 259042 ns
[2025-09-17T08:19:05.665+0000][184][info ][safepoint   ] Safepoint "Cleanup", Time since last: 1002061750 ns, Reaching safepoint: 225875 ns, Cleanup: 59167 ns, At safepoint: 32500 ns, Total: 317542 ns
[2025-09-17T08:19:06.856+0000][184][info ][gc,start    ] GC(29) Pause Young (Prepare Mixed) (G1 Evacuation Pause)
[2025-09-17T08:19:06.856+0000][184][info ][gc,task     ] GC(29) Using 8 workers of 8 for evacuation
[2025-09-17T08:19:06.856+0000][184][debug][gc,age      ] GC(29) Desired survivor size 41943040 bytes, new threshold 15 (max threshold 15)
[2025-09-17T08:19:06.904+0000][184][info ][gc,phases   ] GC(29)   Pre Evacuate Collection Set: 0.49ms
[2025-09-17T08:19:06.904+0000][184][info ][gc,phases   ] GC(29)   Merge Heap Roots: 0.26ms
[2025-09-17T08:19:06.905+0000][184][info ][gc,phases   ] GC(29)   Evacuate Collection Set: 43.62ms
[2025-09-17T08:19:06.905+0000][184][info ][gc,phases   ] GC(29)   Post Evacuate Collection Set: 3.34ms
[2025-09-17T08:19:06.905+0000][184][info ][gc,phases   ] GC(29)   Other: 0.27ms
[2025-09-17T08:19:06.905+0000][184][trace][gc,age      ] GC(29) Age table with threshold 15 (max threshold 15)
[2025-09-17T08:19:06.905+0000][184][trace][gc,age      ] GC(29) - age   1:    1957928 bytes,    1957928 total
[2025-09-17T08:19:06.905+0000][184][trace][gc,age      ] GC(29) - age   2:      79936 bytes,    2037864 total
[2025-09-17T08:19:06.905+0000][184][trace][gc,age      ] GC(29) - age   3:     376256 bytes,    2414120 total
[2025-09-17T08:19:06.905+0000][184][trace][gc,age      ] GC(29) - age   4:      60040 bytes,    2474160 total
[2025-09-17T08:19:06.905+0000][184][trace][gc,age      ] GC(29) - age   5:     556760 bytes,    3030920 total
[2025-09-17T08:19:06.905+0000][184][trace][gc,age      ] GC(29) - age   6:    2034360 bytes,    5065280 total
[2025-09-17T08:19:06.905+0000][184][trace][gc,age      ] GC(29) - age   7:    1788848 bytes,    6854128 total
[2025-09-17T08:19:06.905+0000][184][trace][gc,age      ] GC(29) - age   8:    6511216 bytes,   13365344 total
[2025-09-17T08:19:06.905+0000][184][trace][gc,age      ] GC(29) - age   9:      63464 bytes,   13428808 total
[2025-09-17T08:19:06.905+0000][184][trace][gc,age      ] GC(29) - age  10:    2871472 bytes,   16300280 total
[2025-09-17T08:19:06.905+0000][184][trace][gc,age      ] GC(29) - age  11:   17786368 bytes,   34086648 total
[2025-09-17T08:19:06.905+0000][184][trace][gc,age      ] GC(29) - age  12:     222176 bytes,   34308824 total
[2025-09-17T08:19:06.905+0000][184][info ][gc,heap     ] GC(29) Eden regions: 144->0(143)
[2025-09-17T08:19:06.905+0000][184][info ][gc,heap     ] GC(29) Survivor regions: 9->10(20)
[2025-09-17T08:19:06.905+0000][184][info ][gc,heap     ] GC(29) Old regions: 29->29
[2025-09-17T08:19:06.906+0000][184][info ][gc,heap     ] GC(29) Humongous regions: 2->2
[2025-09-17T08:19:06.906+0000][184][info ][gc,metaspace] GC(29) Metaspace: 160699K(167488K)->160699K(167488K) NonClass: 138905K(142976K)->138905K(142976K) Class: 21794K(24512K)->21794K(24512K)
[2025-09-17T08:19:06.906+0000][184][info ][gc          ] GC(29) Pause Young (Prepare Mixed) (G1 Evacuation Pause) 733M->158M(1024M) 49.530ms
[2025-09-17T08:19:06.906+0000][184][info ][gc,cpu      ] GC(29) User=0.35s Sys=0.01s Real=0.05s
[2025-09-17T08:19:06.906+0000][184][info ][safepoint   ] Safepoint "G1CollectForAllocation", Time since last: 1190611376 ns, Reaching safepoint: 18041 ns, Cleanup: 3500 ns, At safepoint: 49744709 ns, Total: 49766250 ns
[2025-09-17T08:19:20.935+0000][184][info ][safepoint   ] Safepoint "Cleanup", Time since last: 14028836964 ns, Reaching safepoint: 625667 ns, Cleanup: 71833 ns, At safepoint: 16083 ns, Total: 713583 ns
[2025-09-17T08:19:22.939+0000][184][info ][safepoint   ] Safepoint "Cleanup", Time since last: 2004096460 ns, Reaching safepoint: 126125 ns, Cleanup: 42291 ns, At safepoint: 31542 ns, Total: 199958 ns
[2025-09-17T08:19:25.946+0000][184][info ][safepoint   ] Safepoint "Cleanup", Time since last: 3006649627 ns, Reaching safepoint: 66541 ns, Cleanup: 31750 ns, At safepoint: 12334 ns, Total: 110625 ns
[2025-09-17T08:19:37.969+0000][184][info ][safepoint   ] Safepoint "Cleanup", Time since last: 12023017297 ns, Reaching safepoint: 284667 ns, Cleanup: 50125 ns, At safepoint: 22875 ns, Total: 357667 ns
[2025-09-17T08:19:40.973+0000][184][info ][safepoint   ] Safepoint "Cleanup", Time since last: 3004021833 ns, Reaching safepoint: 81542 ns, Cleanup: 36833 ns, At safepoint: 16000 ns, Total: 134375 ns
[2025-09-17T08:19:41.975+0000][184][info ][safepoint   ] Safepoint "Cleanup", Time since last: 1001797834 ns, Reaching safepoint: 183542 ns, Cleanup: 56333 ns, At safepoint: 25959 ns, Total: 265834 ns
[2025-09-17T08:19:52.993+0000][184][info ][safepoint   ] Safepoint "Cleanup", Time since last: 11017582588 ns, Reaching safepoint: 101292 ns, Cleanup: 48083 ns, At safepoint: 25667 ns, Total: 175042 ns
[2025-09-17T08:20:02.905+0000][184][info ][safepoint   ] Safepoint "Cleanup", Time since last: 9911381588 ns, Reaching safepoint: 12708 ns, Cleanup: 11292 ns, At safepoint: 11625 ns, Total: 35625 ns
[2025-09-17T08:20:04.861+0000][184][info ][safepoint   ] Safepoint "Cleanup", Time since last: 1956335417 ns, Reaching safepoint: 176709 ns, Cleanup: 115708 ns, At safepoint: 30333 ns, Total: 322750 ns
[2025-09-17T08:20:05.873+0000][184][info ][safepoint   ] Safepoint "Cleanup", Time since last: 1011285168 ns, Reaching safepoint: 4250 ns, Cleanup: 8708 ns, At safepoint: 4458 ns, Total: 17416 ns
[2025-09-17T08:20:06.878+0000][184][info ][safepoint   ] Safepoint "Cleanup", Time since last: 1005655917 ns, Reaching safepoint: 4250 ns, Cleanup: 33459 ns, At safepoint: 4583 ns, Total: 42292 ns
[2025-09-17T08:20:22.919+0000][184][info ][safepoint   ] Safepoint "Cleanup", Time since last: 16039823299 ns, Reaching safepoint: 301208 ns, Cleanup: 79958 ns, At safepoint: 33084 ns, Total: 414250 ns
[2025-09-17T08:20:25.930+0000][184][info ][safepoint   ] Safepoint "Cleanup", Time since last: 3010664085 ns, Reaching safepoint: 82041 ns, Cleanup: 46084 ns, At safepoint: 22791 ns, Total: 150916 ns
[2025-09-17T08:20:29.934+0000][184][info ][safepoint   ] Safepoint "Cleanup", Time since last: 4004716210 ns, Reaching safepoint: 30125 ns, Cleanup: 30084 ns, At safepoint: 16208 ns, Total: 76417 ns
[2025-09-17T08:20:34.941+0000][184][info ][safepoint   ] Safepoint "Cleanup", Time since last: 5006059502 ns, Reaching safepoint: 248959 ns, Cleanup: 54625 ns, At safepoint: 21958 ns, Total: 325542 ns
[2025-09-17T08:20:36.949+0000][184][info ][safepoint   ] Safepoint "Cleanup", Time since last: 2008589876 ns, Reaching safepoint: 87250 ns, Cleanup: 38958 ns, At safepoint: 21584 ns, Total: 147792 ns
[2025-09-17T08:20:41.963+0000][184][info ][safepoint   ] Safepoint "Cleanup", Time since last: 5013484085 ns, Reaching safepoint: 84458 ns, Cleanup: 36583 ns, At safepoint: 19709 ns, Total: 140750 ns
[2025-09-17T08:20:52.994+0000][184][info ][safepoint   ] Safepoint "Cleanup", Time since last: 11030077130 ns, Reaching safepoint: 147166 ns, Cleanup: 155125 ns, At safepoint: 30084 ns, Total: 332375 ns
[2025-09-17T08:20:55.307+0000][184][info ][safepoint   ] Safepoint "Cleanup", Time since last: 2312783709 ns, Reaching safepoint: 112292 ns, Cleanup: 200208 ns, At safepoint: 30917 ns, Total: 343417 ns
[2025-09-17T08:21:01.321+0000][184][info ][safepoint   ] Safepoint "Cleanup", Time since last: 6014340211 ns, Reaching safepoint: 52083 ns, Cleanup: 38792 ns, At safepoint: 12875 ns, Total: 103750 ns
[2025-09-17T08:21:05.330+0000][184][info ][safepoint   ] Safepoint "Cleanup", Time since last: 4008479044 ns, Reaching safepoint: 117500 ns, Cleanup: 37125 ns, At safepoint: 19875 ns, Total: 174500 ns
[2025-09-17T08:21:07.046+0000][184][info ][safepoint   ] Safepoint "Cleanup", Time since last: 1715987709 ns, Reaching safepoint: 67541 ns, Cleanup: 72459 ns, At safepoint: 19291 ns, Total: 159291 ns
[2025-09-17T08:21:08.128+0000][184][info ][safepoint   ] Safepoint "Cleanup", Time since last: 1081530126 ns, Reaching safepoint: 91125 ns, Cleanup: 43458 ns, At safepoint: 20917 ns, Total: 155500 ns
[2025-09-17T08:21:09.138+0000][184][info ][safepoint   ] Safepoint "Cleanup", Time since last: 1010500959 ns, Reaching safepoint: 5750 ns, Cleanup: 40208 ns, At safepoint: 12917 ns, Total: 58875 ns
[2025-09-17T08:21:10.163+0000][184][info ][safepoint   ] Safepoint "Cleanup", Time since last: 1024546083 ns, Reaching safepoint: 83042 ns, Cleanup: 49708 ns, At safepoint: 24334 ns, Total: 157084 ns
[2025-09-17T08:21:23.188+0000][184][info ][safepoint   ] Safepoint "Cleanup", Time since last: 13024593214 ns, Reaching safepoint: 520792 ns, Cleanup: 74000 ns, At safepoint: 22917 ns, Total: 617709 ns
[2025-09-17T08:21:25.196+0000][184][info ][safepoint   ] Safepoint "Cleanup", Time since last: 2007933667 ns, Reaching safepoint: 66917 ns, Cleanup: 30208 ns, At safepoint: 15250 ns, Total: 112375 ns
[2025-09-17T08:21:36.232+0000][184][info ][safepoint   ] Safepoint "Cleanup", Time since last: 11034958547 ns, Reaching safepoint: 139292 ns, Cleanup: 65833 ns, At safepoint: 43333 ns, Total: 248458 ns
[2025-09-17T08:21:41.242+0000][184][info ][safepoint   ] Safepoint "Cleanup", Time since last: 5010038169 ns, Reaching safepoint: 75458 ns, Cleanup: 131667 ns, At safepoint: 23833 ns, Total: 230958 ns
[2025-09-17T08:21:43.247+0000][184][info ][safepoint   ] Safepoint "Cleanup", Time since last: 2004800335 ns, Reaching safepoint: 77958 ns, Cleanup: 34917 ns, At safepoint: 26083 ns, Total: 138958 ns
[2025-09-17T08:21:55.532+0000][184][info ][safepoint   ] Safepoint "Cleanup", Time since last: 12285502089 ns, Reaching safepoint: 85750 ns, Cleanup: 51875 ns, At safepoint: 13667 ns, Total: 151292 ns
[2025-09-17T08:21:56.538+0000][184][info ][safepoint   ] Safepoint "Cleanup", Time since last: 1005344834 ns, Reaching safepoint: 32250 ns, Cleanup: 26625 ns, At safepoint: 21541 ns, Total: 80416 ns
[2025-09-17T08:21:58.544+0000][184][info ][safepoint   ] Safepoint "Cleanup", Time since last: 2006138460 ns, Reaching safepoint: 321875 ns, Cleanup: 67875 ns, At safepoint: 29750 ns, Total: 419500 ns
[2025-09-17T08:22:01.550+0000][184][info ][safepoint   ] Safepoint "Cleanup", Time since last: 3005596626 ns, Reaching safepoint: 97000 ns, Cleanup: 108292 ns, At safepoint: 24750 ns, Total: 230042 ns
[2025-09-17T08:22:03.554+0000][184][info ][safepoint   ] Safepoint "Cleanup", Time since last: 2003842709 ns, Reaching safepoint: 15958 ns, Cleanup: 23084 ns, At safepoint: 8291 ns, Total: 47333 ns
[2025-09-17T08:22:08.561+0000][184][info ][safepoint   ] Safepoint "Cleanup", Time since last: 5007198336 ns, Reaching safepoint: 111750 ns, Cleanup: 84667 ns, At safepoint: 31250 ns, Total: 227667 ns
[2025-09-17T08:22:10.391+0000][184][info ][safepoint   ] Safepoint "Cleanup", Time since last: 1829188542 ns, Reaching safepoint: 112667 ns, Cleanup: 67250 ns, At safepoint: 32041 ns, Total: 211958 ns
[2025-09-17T08:22:11.927+0000][184][info ][safepoint   ] Safepoint "Cleanup", Time since last: 1535607626 ns, Reaching safepoint: 7583 ns, Cleanup: 7042 ns, At safepoint: 3958 ns, Total: 18583 ns
[2025-09-17T08:22:13.435+0000][184][info ][safepoint   ] Safepoint "Cleanup", Time since last: 1508019126 ns, Reaching safepoint: 89167 ns, Cleanup: 49375 ns, At safepoint: 18583 ns, Total: 157125 ns
[2025-09-17T08:22:22.448+0000][184][info ][safepoint   ] Safepoint "Cleanup", Time since last: 9012742338 ns, Reaching safepoint: 87000 ns, Cleanup: 49333 ns, At safepoint: 18208 ns, Total: 154541 ns
[2025-09-17T08:22:30.462+0000][184][info ][safepoint   ] Safepoint "Cleanup", Time since last: 8013755713 ns, Reaching safepoint: 133958 ns, Cleanup: 48375 ns, At safepoint: 26667 ns, Total: 209000 ns
[2025-09-17T08:22:31.463+0000][184][info ][safepoint   ] Safepoint "Cleanup", Time since last: 1001256625 ns, Reaching safepoint: 84667 ns, Cleanup: 39833 ns, At safepoint: 16958 ns, Total: 141458 ns
[2025-09-17T08:22:44.491+0000][184][info ][safepoint   ] Safepoint "Cleanup", Time since last: 13027657215 ns, Reaching safepoint: 217041 ns, Cleanup: 37167 ns, At safepoint: 8292 ns, Total: 262500 ns
[2025-09-17T08:22:51.521+0000][184][info ][safepoint   ] Safepoint "Cleanup", Time since last: 7030349503 ns, Reaching safepoint: 125208 ns, Cleanup: 28042 ns, At safepoint: 30208 ns, Total: 183458 ns
[2025-09-17T08:23:01.553+0000][184][info ][safepoint   ] Safepoint "Cleanup", Time since last: 10031043755 ns, Reaching safepoint: 840209 ns, Cleanup: 87500 ns, At safepoint: 24291 ns, Total: 952000 ns
[2025-09-17T08:23:03.560+0000][184][info ][safepoint   ] Safepoint "Cleanup", Time since last: 2005955959 ns, Reaching safepoint: 51375 ns, Cleanup: 215000 ns, At safepoint: 13042 ns, Total: 279417 ns
[2025-09-17T08:23:10.568+0000][184][info ][safepoint   ] Safepoint "Cleanup", Time since last: 7007864961 ns, Reaching safepoint: 317750 ns, Cleanup: 48083 ns, At safepoint: 46959 ns, Total: 412792 ns
[2025-09-17T08:23:15.655+0000][184][info ][safepoint   ] Safepoint "Cleanup", Time since last: 5087119836 ns, Reaching safepoint: 6833 ns, Cleanup: 51167 ns, At safepoint: 3541 ns, Total: 61541 ns
[2025-09-17T08:23:24.689+0000][184][info ][safepoint   ] Safepoint "Cleanup", Time since last: 9033310880 ns, Reaching safepoint: 891458 ns, Cleanup: 66500 ns, At safepoint: 25583 ns, Total: 983541 ns
[2025-09-17T08:23:27.694+0000][184][info ][safepoint   ] Safepoint "Cleanup", Time since last: 3004160585 ns, Reaching safepoint: 327500 ns, Cleanup: 46667 ns, At safepoint: 24166 ns, Total: 398333 ns
[2025-09-17T08:23:33.701+0000][184][info ][safepoint   ] Safepoint "Cleanup", Time since last: 6006796212 ns, Reaching safepoint: 163583 ns, Cleanup: 88208 ns, At safepoint: 25084 ns, Total: 276875 ns
[2025-09-17T08:23:40.711+0000][184][info ][safepoint   ] Safepoint "Cleanup", Time since last: 7009288336 ns, Reaching safepoint: 384375 ns, Cleanup: 70583 ns, At safepoint: 26792 ns, Total: 481750 ns
[2025-09-17T08:23:41.958+0000][184][info ][safepoint   ] Safepoint "Cleanup", Time since last: 1247150667 ns, Reaching safepoint: 5250 ns, Cleanup: 11458 ns, At safepoint: 5625 ns, Total: 22333 ns
[2025-09-17T08:23:43.798+0000][184][info ][safepoint   ] Safepoint "Cleanup", Time since last: 1840350334 ns, Reaching safepoint: 34209 ns, Cleanup: 20083 ns, At safepoint: 11292 ns, Total: 65584 ns
[2025-09-17T08:23:53.965+0000][184][info ][safepoint   ] Safepoint "Cleanup", Time since last: 10166856963 ns, Reaching safepoint: 64583 ns, Cleanup: 49500 ns, At safepoint: 12542 ns, Total: 126625 ns
[2025-09-17T08:24:04.795+0000][184][info ][safepoint   ] Safepoint "Cleanup", Time since last: 10829273630 ns, Reaching safepoint: 383042 ns, Cleanup: 76958 ns, At safepoint: 87750 ns, Total: 547750 ns
[2025-09-17T08:24:06.799+0000][184][info ][safepoint   ] Safepoint "Cleanup", Time since last: 2003139501 ns, Reaching safepoint: 98833 ns, Cleanup: 50667 ns, At safepoint: 29292 ns, Total: 178792 ns
[2025-09-17T08:24:15.938+0000][184][info ][safepoint   ] Safepoint "Cleanup", Time since last: 9139268503 ns, Reaching safepoint: 12125 ns, Cleanup: 13167 ns, At safepoint: 10167 ns, Total: 35459 ns
[2025-09-17T08:24:17.007+0000][184][info ][safepoint   ] Safepoint "Cleanup", Time since last: 1068425792 ns, Reaching safepoint: 19917 ns, Cleanup: 57041 ns, At safepoint: 28417 ns, Total: 105375 ns
[2025-09-17T08:24:29.057+0000][184][info ][safepoint   ] Safepoint "Cleanup", Time since last: 12050383506 ns, Reaching safepoint: 40500 ns, Cleanup: 22041 ns, At safepoint: 72709 ns, Total: 135250 ns
[2025-09-17T08:24:31.063+0000][184][info ][safepoint   ] Safepoint "Cleanup", Time since last: 2005971584 ns, Reaching safepoint: 20083 ns, Cleanup: 24542 ns, At safepoint: 6333 ns, Total: 50958 ns
[2025-09-17T08:24:32.075+0000][184][info ][safepoint   ] Safepoint "Cleanup", Time since last: 1011549251 ns, Reaching safepoint: 38500 ns, Cleanup: 20208 ns, At safepoint: 11333 ns, Total: 70041 ns
[2025-09-17T08:24:35.944+0000][184][info ][gc,start    ] GC(30) Pause Young (Mixed) (G1 Evacuation Pause)
[2025-09-17T08:24:35.945+0000][184][info ][gc,task     ] GC(30) Using 8 workers of 8 for evacuation
[2025-09-17T08:24:35.945+0000][184][debug][gc,age      ] GC(30) Desired survivor size 41943040 bytes, new threshold 15 (max threshold 15)
[2025-09-17T08:24:36.031+0000][184][info ][gc,phases   ] GC(30)   Pre Evacuate Collection Set: 1.60ms
[2025-09-17T08:24:36.031+0000][184][info ][gc,phases   ] GC(30)   Merge Heap Roots: 0.82ms
[2025-09-17T08:24:36.031+0000][184][info ][gc,phases   ] GC(30)   Evacuate Collection Set: 70.70ms
[2025-09-17T08:24:36.031+0000][184][info ][gc,phases   ] GC(30)   Post Evacuate Collection Set: 12.37ms
[2025-09-17T08:24:36.031+0000][184][info ][gc,phases   ] GC(30)   Other: 0.75ms
[2025-09-17T08:24:36.031+0000][184][trace][gc,age      ] GC(30) Age table with threshold 15 (max threshold 15)
[2025-09-17T08:24:36.031+0000][184][trace][gc,age      ] GC(30) - age   1:    1551048 bytes,    1551048 total
[2025-09-17T08:24:36.032+0000][184][trace][gc,age      ] GC(30) - age   2:     630552 bytes,    2181600 total
[2025-09-17T08:24:36.032+0000][184][trace][gc,age      ] GC(30) - age   3:      54440 bytes,    2236040 total
[2025-09-17T08:24:36.032+0000][184][trace][gc,age      ] GC(30) - age   4:     324968 bytes,    2561008 total
[2025-09-17T08:24:36.032+0000][184][trace][gc,age      ] GC(30) - age   5:      59944 bytes,    2620952 total
[2025-09-17T08:24:36.032+0000][184][trace][gc,age      ] GC(30) - age   6:     556696 bytes,    3177648 total
[2025-09-17T08:24:36.032+0000][184][trace][gc,age      ] GC(30) - age   7:    2034176 bytes,    5211824 total
[2025-09-17T08:24:36.032+0000][184][trace][gc,age      ] GC(30) - age   8:    1665688 bytes,    6877512 total
[2025-09-17T08:24:36.032+0000][184][trace][gc,age      ] GC(30) - age   9:    6511136 bytes,   13388648 total
[2025-09-17T08:24:36.032+0000][184][trace][gc,age      ] GC(30) - age  10:      63464 bytes,   13452112 total
[2025-09-17T08:24:36.032+0000][184][trace][gc,age      ] GC(30) - age  11:    2839128 bytes,   16291240 total
[2025-09-17T08:24:36.032+0000][184][trace][gc,age      ] GC(30) - age  12:   17785296 bytes,   34076536 total
[2025-09-17T08:24:36.032+0000][184][trace][gc,age      ] GC(30) - age  13:     222176 bytes,   34298712 total
[2025-09-17T08:24:36.032+0000][184][info ][gc,heap     ] GC(30) Eden regions: 143->0(144)
[2025-09-17T08:24:36.032+0000][184][info ][gc,heap     ] GC(30) Survivor regions: 10->9(20)
[2025-09-17T08:24:36.032+0000][184][info ][gc,heap     ] GC(30) Old regions: 29->29
[2025-09-17T08:24:36.033+0000][184][info ][gc,heap     ] GC(30) Humongous regions: 2->2
[2025-09-17T08:24:36.033+0000][184][info ][gc,metaspace] GC(30) Metaspace: 160870K(167488K)->160870K(167488K) NonClass: 139069K(142976K)->139069K(142976K) Class: 21800K(24512K)->21800K(24512K)
[2025-09-17T08:24:36.033+0000][184][info ][gc          ] GC(30) Pause Young (Mixed) (G1 Evacuation Pause) 730M->157M(1024M) 88.645ms
[2025-09-17T08:24:36.033+0000][184][info ][gc,cpu      ] GC(30) User=0.60s Sys=0.01s Real=0.09s
[2025-09-17T08:24:36.033+0000][184][info ][safepoint   ] Safepoint "G1CollectForAllocation", Time since last: 3868786752 ns, Reaching safepoint: 319667 ns, Cleanup: 29125 ns, At safepoint: 88919083 ns, Total: 89267875 ns
[2025-09-17T08:24:37.034+0000][184][info ][safepoint   ] Safepoint "Cleanup", Time since last: 1001151542 ns, Reaching safepoint: 30625 ns, Cleanup: 25375 ns, At safepoint: 10500 ns, Total: 66500 ns
[2025-09-17T08:24:56.031+0000][184][info ][safepoint   ] Safepoint "Cleanup", Time since last: 18996565717 ns, Reaching safepoint: 260583 ns, Cleanup: 121125 ns, At safepoint: 34709 ns, Total: 416417 ns
[2025-09-17T08:25:17.986+0000][184][info ][safepoint   ] Safepoint "Cleanup", Time since last: 21955227134 ns, Reaching safepoint: 5750 ns, Cleanup: 11208 ns, At safepoint: 4792 ns, Total: 21750 ns
[2025-09-17T08:25:20.992+0000][184][info ][safepoint   ] Safepoint "Cleanup", Time since last: 3006083418 ns, Reaching safepoint: 5000 ns, Cleanup: 7458 ns, At safepoint: 5709 ns, Total: 18167 ns
[2025-09-17T08:25:23.275+0000][184][info ][safepoint   ] Safepoint "Cleanup", Time since last: 2282751084 ns, Reaching safepoint: 60834 ns, Cleanup: 40708 ns, At safepoint: 21958 ns, Total: 123500 ns
[2025-09-17T08:25:36.302+0000][184][info ][safepoint   ] Safepoint "Cleanup", Time since last: 13027198881 ns, Reaching safepoint: 88209 ns, Cleanup: 38958 ns, At safepoint: 22667 ns, Total: 149834 ns
[2025-09-17T08:25:52.328+0000][184][info ][safepoint   ] Safepoint "Cleanup", Time since last: 16024634590 ns, Reaching safepoint: 701417 ns, Cleanup: 99583 ns, At safepoint: 24292 ns, Total: 825292 ns
[2025-09-17T08:25:56.238+0000][184][info ][safepoint   ] Safepoint "Cleanup", Time since last: 3910202794 ns, Reaching safepoint: 109125 ns, Cleanup: 99791 ns, At safepoint: 27709 ns, Total: 236625 ns
[2025-09-17T08:26:01.255+0000][184][info ][safepoint   ] Safepoint "Cleanup", Time since last: 5016127169 ns, Reaching safepoint: 205291 ns, Cleanup: 65292 ns, At safepoint: 27750 ns, Total: 298333 ns
[2025-09-17T08:26:07.270+0000][184][info ][safepoint   ] Safepoint "Cleanup", Time since last: 6015017295 ns, Reaching safepoint: 50000 ns, Cleanup: 34166 ns, At safepoint: 10250 ns, Total: 94416 ns
[2025-09-17T08:26:22.482+0000][184][info ][safepoint   ] Safepoint "Cleanup", Time since last: 15211730673 ns, Reaching safepoint: 71083 ns, Cleanup: 28125 ns, At safepoint: 27625 ns, Total: 126833 ns
[2025-09-17T08:26:23.983+0000][184][info ][safepoint   ] Safepoint "Cleanup", Time since last: 1501647085 ns, Reaching safepoint: 5708 ns, Cleanup: 8542 ns, At safepoint: 6833 ns, Total: 21083 ns
[2025-09-17T08:26:25.522+0000][184][info ][safepoint   ] Safepoint "Cleanup", Time since last: 1538467334 ns, Reaching safepoint: 518208 ns, Cleanup: 86042 ns, At safepoint: 18125 ns, Total: 622375 ns
[2025-09-17T08:26:30.536+0000][184][info ][safepoint   ] Safepoint "Cleanup", Time since last: 5013622086 ns, Reaching safepoint: 286541 ns, Cleanup: 65250 ns, At safepoint: 26125 ns, Total: 377916 ns
[2025-09-17T08:26:31.538+0000][184][info ][safepoint   ] Safepoint "Cleanup", Time since last: 1001640042 ns, Reaching safepoint: 21459 ns, Cleanup: 13041 ns, At safepoint: 10709 ns, Total: 45209 ns
[2025-09-17T08:26:34.541+0000][184][info ][safepoint   ] Safepoint "Cleanup", Time since last: 3003321501 ns, Reaching safepoint: 13042 ns, Cleanup: 9833 ns, At safepoint: 4250 ns, Total: 27125 ns
[2025-09-17T08:26:41.564+0000][184][info ][safepoint   ] Safepoint "Cleanup", Time since last: 7022353711 ns, Reaching safepoint: 120625 ns, Cleanup: 62667 ns, At safepoint: 25666 ns, Total: 208958 ns
[2025-09-17T08:26:50.581+0000][184][info ][safepoint   ] Safepoint "Cleanup", Time since last: 9015981380 ns, Reaching safepoint: 92458 ns, Cleanup: 40458 ns, At safepoint: 80250 ns, Total: 213166 ns
[2025-09-17T08:26:52.583+0000][184][info ][safepoint   ] Safepoint "Cleanup", Time since last: 2002597126 ns, Reaching safepoint: 181125 ns, Cleanup: 47084 ns, At safepoint: 17166 ns, Total: 245375 ns
[2025-09-17T08:27:06.345+0000][184][info ][safepoint   ] Safepoint "Cleanup", Time since last: 13761607590 ns, Reaching safepoint: 100333 ns, Cleanup: 46167 ns, At safepoint: 24458 ns, Total: 170958 ns
[2025-09-17T08:27:10.358+0000][184][info ][safepoint   ] Safepoint "Cleanup", Time since last: 4012381960 ns, Reaching safepoint: 95875 ns, Cleanup: 50875 ns, At safepoint: 22667 ns, Total: 169417 ns
[2025-09-17T08:27:18.368+0000][184][info ][safepoint   ] Safepoint "Cleanup", Time since last: 8009952379 ns, Reaching safepoint: 37833 ns, Cleanup: 19042 ns, At safepoint: 7625 ns, Total: 64500 ns
[2025-09-17T08:27:22.379+0000][184][info ][safepoint   ] Safepoint "Cleanup", Time since last: 4010631752 ns, Reaching safepoint: 314541 ns, Cleanup: 42875 ns, At safepoint: 18417 ns, Total: 375833 ns
[2025-09-17T08:27:24.016+0000][184][info ][safepoint   ] Safepoint "Cleanup", Time since last: 1635706084 ns, Reaching safepoint: 1315542 ns, Cleanup: 7333 ns, At safepoint: 13375 ns, Total: 1336250 ns
[2025-09-17T08:27:26.712+0000][184][info ][safepoint   ] Safepoint "Cleanup", Time since last: 2696142752 ns, Reaching safepoint: 64125 ns, Cleanup: 40250 ns, At safepoint: 20208 ns, Total: 124583 ns
[2025-09-17T08:27:27.721+0000][184][info ][safepoint   ] Safepoint "Cleanup", Time since last: 1009468209 ns, Reaching safepoint: 8416 ns, Cleanup: 21334 ns, At safepoint: 12375 ns, Total: 42125 ns
[2025-09-17T08:27:38.771+0000][184][info ][safepoint   ] Safepoint "Cleanup", Time since last: 11049212088 ns, Reaching safepoint: 94084 ns, Cleanup: 60666 ns, At safepoint: 24500 ns, Total: 179250 ns
[2025-09-17T08:27:39.158+0000][184][info ][safepoint   ] Safepoint "ICBufferFull", Time since last: 387438584 ns, Reaching safepoint: 39541 ns, Cleanup: 175875 ns, At safepoint: 14084 ns, Total: 229500 ns
[2025-09-17T08:27:39.160+0000][184][info ][safepoint   ] Safepoint "ICBufferFull", Time since last: 263333 ns, Reaching safepoint: 770875 ns, Cleanup: 11583 ns, At safepoint: 54459 ns, Total: 836917 ns
[2025-09-17T08:27:40.849+0000][184][info ][safepoint   ] Safepoint "Cleanup", Time since last: 1688982875 ns, Reaching safepoint: 24209 ns, Cleanup: 104416 ns, At safepoint: 19250 ns, Total: 147875 ns
[2025-09-17T08:27:42.007+0000][184][info ][safepoint   ] Safepoint "Cleanup", Time since last: 1157825459 ns, Reaching safepoint: 5667 ns, Cleanup: 29875 ns, At safepoint: 7250 ns, Total: 42792 ns
[2025-09-17T08:27:43.890+0000][184][info ][safepoint   ] Safepoint "Cleanup", Time since last: 1883285584 ns, Reaching safepoint: 54750 ns, Cleanup: 96333 ns, At safepoint: 14334 ns, Total: 165417 ns
[2025-09-17T08:27:44.947+0000][184][info ][safepoint   ] Safepoint "Cleanup", Time since last: 1056859417 ns, Reaching safepoint: 56333 ns, Cleanup: 30417 ns, At safepoint: 14667 ns, Total: 101417 ns
[2025-09-17T08:27:45.950+0000][184][info ][safepoint   ] Safepoint "Cleanup", Time since last: 1001985417 ns, Reaching safepoint: 77708 ns, Cleanup: 69500 ns, At safepoint: 18750 ns, Total: 165958 ns
[2025-09-17T08:27:47.570+0000][184][info ][safepoint   ] Safepoint "Cleanup", Time since last: 1620735209 ns, Reaching safepoint: 36458 ns, Cleanup: 18750 ns, At safepoint: 8834 ns, Total: 64042 ns
[2025-09-17T08:27:51.576+0000][184][info ][safepoint   ] Safepoint "Cleanup", Time since last: 4005721168 ns, Reaching safepoint: 103834 ns, Cleanup: 58000 ns, At safepoint: 25083 ns, Total: 186917 ns
[2025-09-17T08:27:56.530+0000][184][info ][safepoint   ] Safepoint "Cleanup", Time since last: 4953403002 ns, Reaching safepoint: 46750 ns, Cleanup: 28292 ns, At safepoint: 12083 ns, Total: 87125 ns
[2025-09-17T08:27:57.532+0000][184][info ][safepoint   ] Safepoint "Cleanup", Time since last: 1001917126 ns, Reaching safepoint: 83208 ns, Cleanup: 64042 ns, At safepoint: 21417 ns, Total: 168667 ns
[2025-09-17T08:28:02.543+0000][184][info ][safepoint   ] Safepoint "Cleanup", Time since last: 5010973377 ns, Reaching safepoint: 135375 ns, Cleanup: 51625 ns, At safepoint: 21000 ns, Total: 208000 ns
[2025-09-17T08:28:04.543+0000][184][info ][safepoint   ] Safepoint "Cleanup", Time since last: 1999838376 ns, Reaching safepoint: 27333 ns, Cleanup: 178167 ns, At safepoint: 24583 ns, Total: 230083 ns
[2025-09-17T08:28:07.547+0000][184][info ][safepoint   ] Safepoint "Cleanup", Time since last: 3003803418 ns, Reaching safepoint: 65417 ns, Cleanup: 40417 ns, At safepoint: 22583 ns, Total: 128417 ns
[2025-09-17T08:28:10.550+0000][184][info ][safepoint   ] Safepoint "Cleanup", Time since last: 3003172542 ns, Reaching safepoint: 173708 ns, Cleanup: 49334 ns, At safepoint: 43250 ns, Total: 266292 ns
[2025-09-17T08:28:11.551+0000][184][info ][safepoint   ] Safepoint "Cleanup", Time since last: 1001446292 ns, Reaching safepoint: 63208 ns, Cleanup: 35292 ns, At safepoint: 16958 ns, Total: 115458 ns
[2025-09-17T08:28:15.555+0000][184][info ][safepoint   ] Safepoint "Cleanup", Time since last: 4003131961 ns, Reaching safepoint: 307333 ns, Cleanup: 73417 ns, At safepoint: 33291 ns, Total: 414041 ns
[2025-09-17T08:28:16.558+0000][184][info ][safepoint   ] Safepoint "Cleanup", Time since last: 1002740792 ns, Reaching safepoint: 62959 ns, Cleanup: 23958 ns, At safepoint: 12875 ns, Total: 99792 ns
[2025-09-17T08:28:17.713+0000][184][info ][safepoint   ] Safepoint "Cleanup", Time since last: 1154841209 ns, Reaching safepoint: 11833 ns, Cleanup: 62500 ns, At safepoint: 11167 ns, Total: 85500 ns
[2025-09-17T08:28:21.725+0000][184][info ][safepoint   ] Safepoint "Cleanup", Time since last: 4011534293 ns, Reaching safepoint: 322167 ns, Cleanup: 110875 ns, At safepoint: 27708 ns, Total: 460750 ns
[2025-09-17T08:28:22.727+0000][184][info ][safepoint   ] Safepoint "Cleanup", Time since last: 1001687418 ns, Reaching safepoint: 29541 ns, Cleanup: 61584 ns, At safepoint: 16208 ns, Total: 107333 ns
[2025-09-17T08:28:24.040+0000][184][info ][safepoint   ] Safepoint "Cleanup", Time since last: 1313546376 ns, Reaching safepoint: 5416 ns, Cleanup: 16167 ns, At safepoint: 5458 ns, Total: 27041 ns
[2025-09-17T08:28:25.057+0000][184][info ][safepoint   ] Safepoint "Cleanup", Time since last: 1016905626 ns, Reaching safepoint: 12458 ns, Cleanup: 53750 ns, At safepoint: 11875 ns, Total: 78083 ns
[2025-09-17T08:28:26.109+0000][184][info ][safepoint   ] Safepoint "Cleanup", Time since last: 1052070917 ns, Reaching safepoint: 61750 ns, Cleanup: 43917 ns, At safepoint: 13708 ns, Total: 119375 ns
[2025-09-17T08:28:27.131+0000][184][info ][safepoint   ] Safepoint "Cleanup", Time since last: 1021521542 ns, Reaching safepoint: 4417 ns, Cleanup: 9708 ns, At safepoint: 5084 ns, Total: 19209 ns
[2025-09-17T08:28:30.207+0000][184][info ][safepoint   ] Safepoint "Cleanup", Time since last: 3076518918 ns, Reaching safepoint: 2917 ns, Cleanup: 14791 ns, At safepoint: 7125 ns, Total: 24833 ns
[2025-09-17T08:28:32.221+0000][184][info ][safepoint   ] Safepoint "Cleanup", Time since last: 2013929626 ns, Reaching safepoint: 57667 ns, Cleanup: 36625 ns, At safepoint: 40250 ns, Total: 134542 ns
[2025-09-17T08:28:36.231+0000][184][info ][safepoint   ] Safepoint "Cleanup", Time since last: 4009067085 ns, Reaching safepoint: 109542 ns, Cleanup: 123875 ns, At safepoint: 21250 ns, Total: 254667 ns
[2025-09-17T08:28:41.245+0000][184][info ][safepoint   ] Safepoint "Cleanup", Time since last: 5013732709 ns, Reaching safepoint: 163667 ns, Cleanup: 62125 ns, At safepoint: 22458 ns, Total: 248250 ns
[2025-09-17T08:28:45.042+0000][184][info ][safepoint   ] Safepoint "Cleanup", Time since last: 3797545211 ns, Reaching safepoint: 37625 ns, Cleanup: 25125 ns, At safepoint: 9375 ns, Total: 72125 ns
[2025-09-17T08:28:46.285+0000][184][info ][safepoint   ] Safepoint "Cleanup", Time since last: 1242428334 ns, Reaching safepoint: 105083 ns, Cleanup: 51833 ns, At safepoint: 23500 ns, Total: 180416 ns
[2025-09-17T08:28:51.369+0000][184][info ][safepoint   ] Safepoint "Cleanup", Time since last: 5083512336 ns, Reaching safepoint: 79583 ns, Cleanup: 55709 ns, At safepoint: 16625 ns, Total: 151917 ns
[2025-09-17T08:28:57.692+0000][184][info ][safepoint   ] Safepoint "Cleanup", Time since last: 6322490128 ns, Reaching safepoint: 236125 ns, Cleanup: 93916 ns, At safepoint: 28042 ns, Total: 358083 ns
[2025-09-17T08:29:01.704+0000][184][info ][safepoint   ] Safepoint "Cleanup", Time since last: 4011509210 ns, Reaching safepoint: 1018417 ns, Cleanup: 87083 ns, At safepoint: 26584 ns, Total: 1132084 ns
[2025-09-17T08:29:03.708+0000][184][info ][safepoint   ] Safepoint "Cleanup", Time since last: 2003264001 ns, Reaching safepoint: 90625 ns, Cleanup: 62000 ns, At safepoint: 21416 ns, Total: 174041 ns
[2025-09-17T08:29:11.733+0000][184][info ][safepoint   ] Safepoint "Cleanup", Time since last: 8022000295 ns, Reaching safepoint: 2652000 ns, Cleanup: 52625 ns, At safepoint: 26250 ns, Total: 2730875 ns
[2025-09-17T08:29:12.734+0000][184][info ][safepoint   ] Safepoint "Cleanup", Time since last: 1001510917 ns, Reaching safepoint: 131375 ns, Cleanup: 126625 ns, At safepoint: 33417 ns, Total: 291417 ns
[2025-09-17T08:29:13.736+0000][184][info ][safepoint   ] Safepoint "Cleanup", Time since last: 1001298792 ns, Reaching safepoint: 95750 ns, Cleanup: 83958 ns, At safepoint: 22709 ns, Total: 202417 ns
[2025-09-17T08:29:15.739+0000][184][info ][safepoint   ] Safepoint "Cleanup", Time since last: 2002897292 ns, Reaching safepoint: 89042 ns, Cleanup: 41958 ns, At safepoint: 12834 ns, Total: 143834 ns
[2025-09-17T08:29:17.389+0000][184][info ][safepoint   ] Safepoint "Cleanup", Time since last: 1649959834 ns, Reaching safepoint: 454291 ns, Cleanup: 180667 ns, At safepoint: 15875 ns, Total: 650833 ns
[2025-09-17T08:29:21.394+0000][184][info ][safepoint   ] Safepoint "Cleanup", Time since last: 4004103794 ns, Reaching safepoint: 40333 ns, Cleanup: 16625 ns, At safepoint: 5125 ns, Total: 62083 ns
[2025-09-17T08:29:22.395+0000][184][info ][safepoint   ] Safepoint "Cleanup", Time since last: 1001446459 ns, Reaching safepoint: 58166 ns, Cleanup: 37375 ns, At safepoint: 20542 ns, Total: 116083 ns
[2025-09-17T08:29:26.401+0000][184][info ][safepoint   ] Safepoint "Cleanup", Time since last: 4004738794 ns, Reaching safepoint: 814375 ns, Cleanup: 97375 ns, At safepoint: 40666 ns, Total: 952416 ns
[2025-09-17T08:29:30.048+0000][184][info ][safepoint   ] Safepoint "Cleanup", Time since last: 3646695544 ns, Reaching safepoint: 7500 ns, Cleanup: 8125 ns, At safepoint: 6291 ns, Total: 21916 ns
[2025-09-17T08:29:30.514+0000][184][info ][gc,start    ] GC(31) Pause Young (Concurrent Start) (G1 Evacuation Pause)
[2025-09-17T08:29:30.514+0000][184][info ][gc,task     ] GC(31) Using 8 workers of 8 for evacuation
[2025-09-17T08:29:30.514+0000][184][debug][gc,age      ] GC(31) Desired survivor size 41943040 bytes, new threshold 15 (max threshold 15)
[2025-09-17T08:29:30.569+0000][184][info ][gc,phases   ] GC(31)   Pre Evacuate Collection Set: 0.56ms
[2025-09-17T08:29:30.570+0000][184][info ][gc,phases   ] GC(31)   Merge Heap Roots: 0.11ms
[2025-09-17T08:29:30.570+0000][184][info ][gc,phases   ] GC(31)   Evacuate Collection Set: 50.71ms
[2025-09-17T08:29:30.570+0000][184][info ][gc,phases   ] GC(31)   Post Evacuate Collection Set: 3.51ms
[2025-09-17T08:29:30.570+0000][184][info ][gc,phases   ] GC(31)   Other: 0.32ms
[2025-09-17T08:29:30.570+0000][184][trace][gc,age      ] GC(31) Age table with threshold 15 (max threshold 15)
[2025-09-17T08:29:30.570+0000][184][trace][gc,age      ] GC(31) - age   1:    1968968 bytes,    1968968 total
[2025-09-17T08:29:30.570+0000][184][trace][gc,age      ] GC(31) - age   2:     625440 bytes,    2594408 total
[2025-09-17T08:29:30.570+0000][184][trace][gc,age      ] GC(31) - age   3:     410672 bytes,    3005080 total
[2025-09-17T08:29:30.570+0000][184][trace][gc,age      ] GC(31) - age   4:      48616 bytes,    3053696 total
[2025-09-17T08:29:30.570+0000][184][trace][gc,age      ] GC(31) - age   5:     324936 bytes,    3378632 total
[2025-09-17T08:29:30.570+0000][184][trace][gc,age      ] GC(31) - age   6:      59856 bytes,    3438488 total
[2025-09-17T08:29:30.570+0000][184][trace][gc,age      ] GC(31) - age   7:     556696 bytes,    3995184 total
[2025-09-17T08:29:30.570+0000][184][trace][gc,age      ] GC(31) - age   8:    1859032 bytes,    5854216 total
[2025-09-17T08:29:30.570+0000][184][trace][gc,age      ] GC(31) - age   9:    1598304 bytes,    7452520 total
[2025-09-17T08:29:30.570+0000][184][trace][gc,age      ] GC(31) - age  10:    6429160 bytes,   13881680 total
[2025-09-17T08:29:30.570+0000][184][trace][gc,age      ] GC(31) - age  11:      63464 bytes,   13945144 total
[2025-09-17T08:29:30.570+0000][184][trace][gc,age      ] GC(31) - age  12:    2821248 bytes,   16766392 total
[2025-09-17T08:29:30.570+0000][184][trace][gc,age      ] GC(31) - age  13:   16727880 bytes,   33494272 total
[2025-09-17T08:29:30.570+0000][184][trace][gc,age      ] GC(31) - age  14:     222176 bytes,   33716448 total
[2025-09-17T08:29:30.571+0000][184][info ][gc,heap     ] GC(31) Eden regions: 144->0(143)
[2025-09-17T08:29:30.571+0000][184][info ][gc,heap     ] GC(31) Survivor regions: 9->10(20)
[2025-09-17T08:29:30.571+0000][184][info ][gc,heap     ] GC(31) Old regions: 29->29
[2025-09-17T08:29:30.571+0000][184][info ][gc,heap     ] GC(31) Humongous regions: 2->2
[2025-09-17T08:29:30.571+0000][184][info ][gc,metaspace] GC(31) Metaspace: 161502K(167552K)->161502K(167552K) NonClass: 139608K(143040K)->139608K(143040K) Class: 21893K(24512K)->21893K(24512K)
[2025-09-17T08:29:30.571+0000][184][info ][gc          ] GC(31) Pause Young (Concurrent Start) (G1 Evacuation Pause) 733M->158M(1024M) 56.744ms
[2025-09-17T08:29:30.571+0000][184][info ][gc          ] GC(32) Concurrent Mark Cycle
[2025-09-17T08:29:30.571+0000][184][info ][gc,marking  ] GC(32) Concurrent Scan Root Regions
[2025-09-17T08:29:30.571+0000][184][info ][gc,cpu      ] GC(31) User=0.39s Sys=0.00s Real=0.05s
[2025-09-17T08:29:30.574+0000][184][info ][safepoint   ] Safepoint "G1CollectForAllocation", Time since last: 466464417 ns, Reaching safepoint: 9542 ns, Cleanup: 10458 ns, At safepoint: 60320042 ns, Total: 60340042 ns
[2025-09-17T08:29:30.584+0000][184][info ][gc,marking  ] GC(32) Concurrent Scan Root Regions 13.070ms
[2025-09-17T08:29:30.584+0000][184][info ][gc,marking  ] GC(32) Concurrent Mark
[2025-09-17T08:29:30.584+0000][184][info ][gc,marking  ] GC(32) Concurrent Mark From Roots
[2025-09-17T08:29:30.584+0000][184][info ][gc,task     ] GC(32) Using 2 workers of 2 for marking
[2025-09-17T08:29:30.663+0000][184][info ][gc,marking  ] GC(32) Concurrent Mark From Roots 78.759ms
[2025-09-17T08:29:30.663+0000][184][info ][gc,marking  ] GC(32) Concurrent Preclean
[2025-09-17T08:29:30.664+0000][184][info ][gc,marking  ] GC(32) Concurrent Preclean 0.416ms
[2025-09-17T08:29:30.664+0000][184][info ][gc,start    ] GC(32) Pause Remark
[2025-09-17T08:29:30.706+0000][184][info ][gc          ] GC(32) Pause Remark 161M->161M(1024M) 42.141ms
[2025-09-17T08:29:30.706+0000][184][info ][gc,cpu      ] GC(32) User=0.21s Sys=0.01s Real=0.04s
[2025-09-17T08:29:30.706+0000][184][info ][safepoint   ] Safepoint "G1PauseRemark", Time since last: 89321417 ns, Reaching safepoint: 16708 ns, Cleanup: 21167 ns, At safepoint: 42419333 ns, Total: 42457208 ns
[2025-09-17T08:29:30.706+0000][184][info ][gc,marking  ] GC(32) Concurrent Mark 122.012ms
[2025-09-17T08:29:30.706+0000][184][info ][gc,marking  ] GC(32) Concurrent Rebuild Remembered Sets and Scrub Regions
[2025-09-17T08:29:30.733+0000][184][info ][gc,marking  ] GC(32) Concurrent Rebuild Remembered Sets and Scrub Regions 27.048ms
[2025-09-17T08:29:30.734+0000][184][info ][gc,start    ] GC(32) Pause Cleanup
[2025-09-17T08:29:30.734+0000][184][info ][gc          ] GC(32) Pause Cleanup 162M->162M(1024M) 0.179ms
[2025-09-17T08:29:30.734+0000][184][info ][gc,cpu      ] GC(32) User=0.00s Sys=0.00s Real=0.00s
[2025-09-17T08:29:30.734+0000][184][info ][safepoint   ] Safepoint "G1PauseCleanup", Time since last: 27350167 ns, Reaching safepoint: 11291 ns, Cleanup: 86167 ns, At safepoint: 338667 ns, Total: 436125 ns
[2025-09-17T08:29:30.734+0000][184][info ][gc,marking  ] GC(32) Concurrent Clear Claimed Marks
[2025-09-17T08:29:30.734+0000][184][info ][gc,marking  ] GC(32) Concurrent Clear Claimed Marks 0.417ms
[2025-09-17T08:29:30.734+0000][184][info ][gc,marking  ] GC(32) Concurrent Cleanup for Next Mark
[2025-09-17T08:29:30.740+0000][184][info ][gc,marking  ] GC(32) Concurrent Cleanup for Next Mark 5.379ms
[2025-09-17T08:29:30.740+0000][184][info ][gc          ] GC(32) Concurrent Mark Cycle 168.996ms
[2025-09-17T08:29:32.512+0000][184][info ][safepoint   ] Safepoint "Cleanup", Time since last: 1777686251 ns, Reaching safepoint: 110083 ns, Cleanup: 54250 ns, At safepoint: 29208 ns, Total: 193541 ns
[2025-09-17T08:29:33.524+0000][184][info ][safepoint   ] Safepoint "Cleanup", Time since last: 1012457667 ns, Reaching safepoint: 3625 ns, Cleanup: 12375 ns, At safepoint: 4167 ns, Total: 20167 ns
[2025-09-17T08:29:34.546+0000][184][info ][safepoint   ] Safepoint "Cleanup", Time since last: 1021113626 ns, Reaching safepoint: 65500 ns, Cleanup: 27458 ns, At safepoint: 12750 ns, Total: 105708 ns
[2025-09-17T08:29:36.550+0000][184][info ][safepoint   ] Safepoint "Cleanup", Time since last: 2004323293 ns, Reaching safepoint: 129666 ns, Cleanup: 55459 ns, At safepoint: 28333 ns, Total: 213458 ns
[2025-09-17T08:29:41.564+0000][184][info ][safepoint   ] Safepoint "Cleanup", Time since last: 5013894335 ns, Reaching safepoint: 251625 ns, Cleanup: 43625 ns, At safepoint: 12917 ns, Total: 308167 ns
[2025-09-17T08:29:45.575+0000][184][info ][safepoint   ] Safepoint "Cleanup", Time since last: 4010635460 ns, Reaching safepoint: 105000 ns, Cleanup: 43792 ns, At safepoint: 23833 ns, Total: 172625 ns
[2025-09-17T08:30:22.866+0000][184][info ][safepoint   ] Safepoint "Cleanup", Time since last: 37289456559 ns, Reaching safepoint: 625500 ns, Cleanup: 71625 ns, At safepoint: 25708 ns, Total: 722833 ns
[2025-09-17T08:30:31.875+0000][184][info ][safepoint   ] Safepoint "Cleanup", Time since last: 9009370671 ns, Reaching safepoint: 43417 ns, Cleanup: 13958 ns, At safepoint: 7750 ns, Total: 65125 ns
[2025-09-17T08:30:33.065+0000][184][info ][safepoint   ] Safepoint "Cleanup", Time since last: 1189616084 ns, Reaching safepoint: 5333 ns, Cleanup: 9292 ns, At safepoint: 6292 ns, Total: 20917 ns
[2025-09-17T08:30:36.026+0000][184][info ][safepoint   ] Safepoint "Cleanup", Time since last: 2960931084 ns, Reaching safepoint: 3417 ns, Cleanup: 4875 ns, At safepoint: 4042 ns, Total: 12334 ns
[2025-09-17T08:30:37.741+0000][184][info ][safepoint   ] Safepoint "Cleanup", Time since last: 1715343500 ns, Reaching safepoint: 36125 ns, Cleanup: 39042 ns, At safepoint: 12375 ns, Total: 87542 ns
[2025-09-17T08:30:52.779+0000][184][info ][safepoint   ] Safepoint "Cleanup", Time since last: 15037951715 ns, Reaching safepoint: 174750 ns, Cleanup: 81375 ns, At safepoint: 30292 ns, Total: 286417 ns
[2025-09-17T08:30:54.782+0000][184][info ][safepoint   ] Safepoint "Cleanup", Time since last: 2003471501 ns, Reaching safepoint: 57042 ns, Cleanup: 18125 ns, At safepoint: 13166 ns, Total: 88333 ns
[2025-09-17T08:31:22.950+0000][184][info ][safepoint   ] Safepoint "Cleanup", Time since last: 28166952471 ns, Reaching safepoint: 84042 ns, Cleanup: 38125 ns, At safepoint: 15958 ns, Total: 138125 ns
[2025-09-17T08:31:25.957+0000][184][info ][safepoint   ] Safepoint "Cleanup", Time since last: 3006572168 ns, Reaching safepoint: 101500 ns, Cleanup: 48417 ns, At safepoint: 17625 ns, Total: 167542 ns
[2025-09-17T08:31:35.973+0000][184][info ][safepoint   ] Safepoint "Cleanup", Time since last: 10016458463 ns, Reaching safepoint: 192042 ns, Cleanup: 46166 ns, At safepoint: 21709 ns, Total: 259917 ns
[2025-09-17T08:31:37.958+0000][184][info ][safepoint   ] Safepoint "Cleanup", Time since last: 1984710834 ns, Reaching safepoint: 110208 ns, Cleanup: 65084 ns, At safepoint: 21708 ns, Total: 197000 ns
[2025-09-17T08:31:39.055+0000][184][info ][safepoint   ] Safepoint "Cleanup", Time since last: 1096367667 ns, Reaching safepoint: 7042 ns, Cleanup: 12541 ns, At safepoint: 8042 ns, Total: 27625 ns
[2025-09-17T08:31:41.000+0000][184][info ][safepoint   ] Safepoint "Cleanup", Time since last: 1945457167 ns, Reaching safepoint: 77583 ns, Cleanup: 30667 ns, At safepoint: 16375 ns, Total: 124625 ns
[2025-09-17T08:31:42.003+0000][184][info ][safepoint   ] Safepoint "Cleanup", Time since last: 1002785250 ns, Reaching safepoint: 108000 ns, Cleanup: 67417 ns, At safepoint: 23750 ns, Total: 199167 ns
[2025-09-17T08:32:21.179+0000][184][info ][safepoint   ] Safepoint "Cleanup", Time since last: 39176084434 ns, Reaching safepoint: 87834 ns, Cleanup: 68458 ns, At safepoint: 31583 ns, Total: 187875 ns
[2025-09-17T08:32:23.185+0000][184][info ][safepoint   ] Safepoint "Cleanup", Time since last: 2005108543 ns, Reaching safepoint: 70875 ns, Cleanup: 59125 ns, At safepoint: 16250 ns, Total: 146250 ns
[2025-09-17T08:32:40.102+0000][184][info ][safepoint   ] Safepoint "Cleanup", Time since last: 16917100715 ns, Reaching safepoint: 85542 ns, Cleanup: 41917 ns, At safepoint: 13875 ns, Total: 141334 ns
[2025-09-17T08:32:41.187+0000][184][info ][safepoint   ] Safepoint "Cleanup", Time since last: 1084443958 ns, Reaching safepoint: 84334 ns, Cleanup: 30958 ns, At safepoint: 24375 ns, Total: 139667 ns
[2025-09-17T08:32:51.265+0000][184][info ][safepoint   ] Safepoint "Cleanup", Time since last: 10077667963 ns, Reaching safepoint: 63500 ns, Cleanup: 49209 ns, At safepoint: 28000 ns, Total: 140709 ns
[2025-09-17T08:32:57.257+0000][184][info ][safepoint   ] Safepoint "Cleanup", Time since last: 5992622794 ns, Reaching safepoint: 90500 ns, Cleanup: 40667 ns, At safepoint: 12875 ns, Total: 144042 ns
[2025-09-17T08:33:00.264+0000][184][info ][safepoint   ] Safepoint "Cleanup", Time since last: 3006114418 ns, Reaching safepoint: 142167 ns, Cleanup: 28500 ns, At safepoint: 31166 ns, Total: 201833 ns
[2025-09-17T08:33:02.268+0000][184][info ][safepoint   ] Safepoint "Cleanup", Time since last: 2004629334 ns, Reaching safepoint: 92834 ns, Cleanup: 63708 ns, At safepoint: 21417 ns, Total: 177959 ns
[2025-09-17T08:33:03.271+0000][184][info ][safepoint   ] Safepoint "Cleanup", Time since last: 1002486375 ns, Reaching safepoint: 90542 ns, Cleanup: 45708 ns, At safepoint: 16250 ns, Total: 152500 ns
[2025-09-17T08:33:06.277+0000][184][info ][safepoint   ] Safepoint "Cleanup", Time since last: 3006048918 ns, Reaching safepoint: 76584 ns, Cleanup: 37708 ns, At safepoint: 12375 ns, Total: 126667 ns
[2025-09-17T08:33:12.289+0000][184][info ][safepoint   ] Safepoint "Cleanup", Time since last: 6011810252 ns, Reaching safepoint: 70500 ns, Cleanup: 41125 ns, At safepoint: 17125 ns, Total: 128750 ns
[2025-09-17T08:33:21.302+0000][184][info ][safepoint   ] Safepoint "Cleanup", Time since last: 9013274879 ns, Reaching safepoint: 85709 ns, Cleanup: 41958 ns, At safepoint: 21375 ns, Total: 149042 ns
[2025-09-17T08:33:22.304+0000][184][info ][safepoint   ] Safepoint "Cleanup", Time since last: 1001776792 ns, Reaching safepoint: 30000 ns, Cleanup: 20542 ns, At safepoint: 14833 ns, Total: 65375 ns
[2025-09-17T08:33:37.342+0000][184][info ][safepoint   ] Safepoint "Cleanup", Time since last: 15037136299 ns, Reaching safepoint: 557208 ns, Cleanup: 63000 ns, At safepoint: 29834 ns, Total: 650042 ns
[2025-09-17T08:33:42.109+0000][184][info ][safepoint   ] Safepoint "Cleanup", Time since last: 4766949710 ns, Reaching safepoint: 5458 ns, Cleanup: 6417 ns, At safepoint: 5041 ns, Total: 16916 ns
[2025-09-17T08:33:45.124+0000][184][info ][safepoint   ] Safepoint "Cleanup", Time since last: 3014897710 ns, Reaching safepoint: 5333 ns, Cleanup: 4500 ns, At safepoint: 22084 ns, Total: 31917 ns
[2025-09-17T08:33:46.489+0000][184][info ][safepoint   ] Safepoint "Cleanup", Time since last: 1365334125 ns, Reaching safepoint: 34167 ns, Cleanup: 24542 ns, At safepoint: 8500 ns, Total: 67209 ns
[2025-09-17T08:33:48.139+0000][184][info ][safepoint   ] Safepoint "Cleanup", Time since last: 1648322417 ns, Reaching safepoint: 1161500 ns, Cleanup: 7875 ns, At safepoint: 16792 ns, Total: 1186167 ns
[2025-09-17T08:33:49.557+0000][184][info ][safepoint   ] Safepoint "Cleanup", Time since last: 1418061292 ns, Reaching safepoint: 35708 ns, Cleanup: 27334 ns, At safepoint: 8333 ns, Total: 71375 ns
[2025-09-17T08:34:09.506+0000][184][info ][safepoint   ] Safepoint "Cleanup", Time since last: 19948721718 ns, Reaching safepoint: 119500 ns, Cleanup: 48625 ns, At safepoint: 19250 ns, Total: 187375 ns
[2025-09-17T08:34:16.382+0000][184][info ][safepoint   ] Safepoint "Cleanup", Time since last: 6875771295 ns, Reaching safepoint: 5916 ns, Cleanup: 20459 ns, At safepoint: 5875 ns, Total: 32250 ns
[2025-09-17T08:34:17.466+0000][184][info ][safepoint   ] Safepoint "Cleanup", Time since last: 1084558833 ns, Reaching safepoint: 70042 ns, Cleanup: 73000 ns, At safepoint: 25583 ns, Total: 168625 ns
[2025-09-17T08:34:26.486+0000][184][info ][safepoint   ] Safepoint "Cleanup", Time since last: 9020019963 ns, Reaching safepoint: 23583 ns, Cleanup: 14750 ns, At safepoint: 9959 ns, Total: 48292 ns
[2025-09-17T08:34:27.493+0000][184][info ][safepoint   ] Safepoint "Cleanup", Time since last: 1006271375 ns, Reaching safepoint: 83917 ns, Cleanup: 54958 ns, At safepoint: 25084 ns, Total: 163959 ns
[2025-09-17T08:34:39.516+0000][184][info ][safepoint   ] Safepoint "Cleanup", Time since last: 12022932297 ns, Reaching safepoint: 73750 ns, Cleanup: 38708 ns, At safepoint: 16917 ns, Total: 129375 ns
[2025-09-17T08:34:45.110+0000][184][info ][safepoint   ] Safepoint "Cleanup", Time since last: 5593643461 ns, Reaching safepoint: 6541 ns, Cleanup: 26125 ns, At safepoint: 10250 ns, Total: 42916 ns
[2025-09-17T08:34:46.769+0000][184][info ][safepoint   ] Safepoint "Cleanup", Time since last: 1659259501 ns, Reaching safepoint: 3667 ns, Cleanup: 15250 ns, At safepoint: 7625 ns, Total: 26542 ns
[2025-09-17T08:34:48.783+0000][184][info ][safepoint   ] Safepoint "Cleanup", Time since last: 2014503292 ns, Reaching safepoint: 14417 ns, Cleanup: 30375 ns, At safepoint: 16292 ns, Total: 61084 ns
[2025-09-17T08:35:15.639+0000][184][info ][safepoint   ] Safepoint "Cleanup", Time since last: 26855392887 ns, Reaching safepoint: 90375 ns, Cleanup: 22625 ns, At safepoint: 11333 ns, Total: 124333 ns
[2025-09-17T08:35:26.653+0000][184][info ][safepoint   ] Safepoint "Cleanup", Time since last: 11013869797 ns, Reaching safepoint: 217166 ns, Cleanup: 36250 ns, At safepoint: 16417 ns, Total: 269833 ns
[2025-09-17T08:35:31.559+0000][184][info ][gc,start    ] GC(33) Pause Young (Prepare Mixed) (G1 Evacuation Pause)
[2025-09-17T08:35:31.559+0000][184][info ][gc,task     ] GC(33) Using 8 workers of 8 for evacuation
[2025-09-17T08:35:31.559+0000][184][debug][gc,age      ] GC(33) Desired survivor size 41943040 bytes, new threshold 15 (max threshold 15)
[2025-09-17T08:35:31.624+0000][184][info ][gc,phases   ] GC(33)   Pre Evacuate Collection Set: 2.86ms
[2025-09-17T08:35:31.624+0000][184][info ][gc,phases   ] GC(33)   Merge Heap Roots: 0.32ms
[2025-09-17T08:35:31.624+0000][184][info ][gc,phases   ] GC(33)   Evacuate Collection Set: 55.14ms
[2025-09-17T08:35:31.624+0000][184][info ][gc,phases   ] GC(33)   Post Evacuate Collection Set: 5.83ms
[2025-09-17T08:35:31.624+0000][184][info ][gc,phases   ] GC(33)   Other: 0.44ms
[2025-09-17T08:35:31.624+0000][184][trace][gc,age      ] GC(33) Age table with threshold 15 (max threshold 15)
[2025-09-17T08:35:31.624+0000][184][trace][gc,age      ] GC(33) - age   1:     825016 bytes,     825016 total
[2025-09-17T08:35:31.624+0000][184][trace][gc,age      ] GC(33) - age   2:     806984 bytes,    1632000 total
[2025-09-17T08:35:31.624+0000][184][trace][gc,age      ] GC(33) - age   3:     584096 bytes,    2216096 total
[2025-09-17T08:35:31.624+0000][184][trace][gc,age      ] GC(33) - age   4:     407344 bytes,    2623440 total
[2025-09-17T08:35:31.624+0000][184][trace][gc,age      ] GC(33) - age   5:      48616 bytes,    2672056 total
[2025-09-17T08:35:31.625+0000][184][trace][gc,age      ] GC(33) - age   6:     324936 bytes,    2996992 total
[2025-09-17T08:35:31.625+0000][184][trace][gc,age      ] GC(33) - age   7:      59856 bytes,    3056848 total
[2025-09-17T08:35:31.625+0000][184][trace][gc,age      ] GC(33) - age   8:     556696 bytes,    3613544 total
[2025-09-17T08:35:31.625+0000][184][trace][gc,age      ] GC(33) - age   9:    1859032 bytes,    5472576 total
[2025-09-17T08:35:31.625+0000][184][trace][gc,age      ] GC(33) - age  10:    1598304 bytes,    7070880 total
[2025-09-17T08:35:31.625+0000][184][trace][gc,age      ] GC(33) - age  11:    6429160 bytes,   13500040 total
[2025-09-17T08:35:31.625+0000][184][trace][gc,age      ] GC(33) - age  12:      63464 bytes,   13563504 total
[2025-09-17T08:35:31.625+0000][184][trace][gc,age      ] GC(33) - age  13:    2821248 bytes,   16384752 total
[2025-09-17T08:35:31.625+0000][184][trace][gc,age      ] GC(33) - age  14:   16727864 bytes,   33112616 total
[2025-09-17T08:35:31.625+0000][184][trace][gc,age      ] GC(33) - age  15:     222176 bytes,   33334792 total
[2025-09-17T08:35:31.625+0000][184][info ][gc,heap     ] GC(33) Eden regions: 143->0(144)
[2025-09-17T08:35:31.625+0000][184][info ][gc,heap     ] GC(33) Survivor regions: 10->9(20)
[2025-09-17T08:35:31.625+0000][184][info ][gc,heap     ] GC(33) Old regions: 29->29
[2025-09-17T08:35:31.625+0000][184][info ][gc,heap     ] GC(33) Humongous regions: 2->2
[2025-09-17T08:35:31.625+0000][184][info ][gc,metaspace] GC(33) Metaspace: 161619K(167616K)->161619K(167616K) NonClass: 139721K(143104K)->139721K(143104K) Class: 21897K(24512K)->21897K(24512K)
[2025-09-17T08:35:31.625+0000][184][info ][gc          ] GC(33) Pause Young (Prepare Mixed) (G1 Evacuation Pause) 730M->156M(1024M) 66.521ms
[2025-09-17T08:35:31.626+0000][184][info ][gc,cpu      ] GC(33) User=0.47s Sys=0.00s Real=0.07s
[2025-09-17T08:35:31.626+0000][184][info ][safepoint   ] Safepoint "G1CollectForAllocation", Time since last: 4905375752 ns, Reaching safepoint: 20000 ns, Cleanup: 3834 ns, At safepoint: 66915625 ns, Total: 66939459 ns
[2025-09-17T08:35:37.634+0000][184][info ][safepoint   ] Safepoint "Cleanup", Time since last: 6008028836 ns, Reaching safepoint: 43250 ns, Cleanup: 36625 ns, At safepoint: 12375 ns, Total: 92250 ns
[2025-09-17T08:35:47.648+0000][184][info ][safepoint   ] Safepoint "Cleanup", Time since last: 10013814129 ns, Reaching safepoint: 88875 ns, Cleanup: 40000 ns, At safepoint: 19708 ns, Total: 148583 ns
[2025-09-17T08:35:48.955+0000][184][info ][safepoint   ] Safepoint "Cleanup", Time since last: 1306907084 ns, Reaching safepoint: 13334 ns, Cleanup: 36083 ns, At safepoint: 12375 ns, Total: 61792 ns
[2025-09-17T08:35:51.103+0000][184][info ][safepoint   ] Safepoint "Cleanup", Time since last: 2148525959 ns, Reaching safepoint: 5000 ns, Cleanup: 9334 ns, At safepoint: 7708 ns, Total: 22042 ns
[2025-09-17T08:35:53.021+0000][184][info ][safepoint   ] Safepoint "Cleanup", Time since last: 1918074543 ns, Reaching safepoint: 44791 ns, Cleanup: 31542 ns, At safepoint: 11500 ns, Total: 87833 ns
[2025-09-17T08:36:12.826+0000][184][info ][safepoint   ] Safepoint "Cleanup", Time since last: 19803476551 ns, Reaching safepoint: 1269166 ns, Cleanup: 99209 ns, At safepoint: 26083 ns, Total: 1394458 ns
[2025-09-17T08:36:20.837+0000][184][info ][safepoint   ] Safepoint "Cleanup", Time since last: 8010996754 ns, Reaching safepoint: 85208 ns, Cleanup: 59333 ns, At safepoint: 17084 ns, Total: 161625 ns
[2025-09-17T08:36:34.866+0000][184][info ][safepoint   ] Safepoint "Cleanup", Time since last: 14028080048 ns, Reaching safepoint: 271000 ns, Cleanup: 42708 ns, At safepoint: 9584 ns, Total: 323292 ns
[2025-09-17T08:36:36.867+0000][184][info ][safepoint   ] Safepoint "Cleanup", Time since last: 2001644667 ns, Reaching safepoint: 14000 ns, Cleanup: 11584 ns, At safepoint: 3708 ns, Total: 29292 ns
[2025-09-17T08:36:37.868+0000][184][info ][safepoint   ] Safepoint "Cleanup", Time since last: 1000581875 ns, Reaching safepoint: 22167 ns, Cleanup: 18917 ns, At safepoint: 8166 ns, Total: 49250 ns
[2025-09-17T08:36:42.876+0000][184][info ][safepoint   ] Safepoint "Cleanup", Time since last: 5007976294 ns, Reaching safepoint: 49625 ns, Cleanup: 17916 ns, At safepoint: 7792 ns, Total: 75333 ns
[2025-09-17T08:36:45.881+0000][184][info ][safepoint   ] Safepoint "Cleanup", Time since last: 3005467960 ns, Reaching safepoint: 25750 ns, Cleanup: 22750 ns, At safepoint: 11125 ns, Total: 59625 ns
[2025-09-17T08:36:47.884+0000][184][info ][safepoint   ] Safepoint "Cleanup", Time since last: 2002794001 ns, Reaching safepoint: 83250 ns, Cleanup: 44333 ns, At safepoint: 17667 ns, Total: 145250 ns
[2025-09-17T08:36:51.142+0000][184][info ][safepoint   ] Safepoint "Cleanup", Time since last: 3257267793 ns, Reaching safepoint: 5625 ns, Cleanup: 16708 ns, At safepoint: 6250 ns, Total: 28583 ns
[2025-09-17T08:36:52.174+0000][184][info ][safepoint   ] Safepoint "Cleanup", Time since last: 1031662501 ns, Reaching safepoint: 227875 ns, Cleanup: 19750 ns, At safepoint: 8500 ns, Total: 256125 ns
[2025-09-17T08:36:54.229+0000][184][info ][safepoint   ] Safepoint "Cleanup", Time since last: 2055823501 ns, Reaching safepoint: 6583 ns, Cleanup: 6750 ns, At safepoint: 2083 ns, Total: 15416 ns
[2025-09-17T08:36:55.250+0000][184][info ][safepoint   ] Safepoint "Cleanup", Time since last: 1019978417 ns, Reaching safepoint: 79709 ns, Cleanup: 61291 ns, At safepoint: 18334 ns, Total: 159334 ns
[2025-09-17T08:36:58.003+0000][184][info ][safepoint   ] Safepoint "Cleanup", Time since last: 2753348626 ns, Reaching safepoint: 70000 ns, Cleanup: 28083 ns, At safepoint: 12750 ns, Total: 110833 ns
[2025-09-17T08:36:59.005+0000][184][info ][safepoint   ] Safepoint "Cleanup", Time since last: 1002371418 ns, Reaching safepoint: 54291 ns, Cleanup: 32334 ns, At safepoint: 12916 ns, Total: 99541 ns
[2025-09-17T08:37:01.009+0000][184][info ][safepoint   ] Safepoint "Cleanup", Time since last: 2002906626 ns, Reaching safepoint: 281959 ns, Cleanup: 40958 ns, At safepoint: 30125 ns, Total: 353042 ns
[2025-09-17T08:37:08.028+0000][184][info ][safepoint   ] Safepoint "Cleanup", Time since last: 7019007045 ns, Reaching safepoint: 78042 ns, Cleanup: 48666 ns, At safepoint: 18000 ns, Total: 144708 ns
[2025-09-17T08:37:12.043+0000][184][info ][safepoint   ] Safepoint "Cleanup", Time since last: 4015118543 ns, Reaching safepoint: 82250 ns, Cleanup: 44167 ns, At safepoint: 24541 ns, Total: 150958 ns
[2025-09-17T08:37:16.059+0000][184][info ][safepoint   ] Safepoint "Cleanup", Time since last: 4015416252 ns, Reaching safepoint: 216250 ns, Cleanup: 75875 ns, At safepoint: 27250 ns, Total: 319375 ns
[2025-09-17T08:37:23.080+0000][184][info ][safepoint   ] Safepoint "Cleanup", Time since last: 7018456337 ns, Reaching safepoint: 2041958 ns, Cleanup: 42125 ns, At safepoint: 20584 ns, Total: 2104667 ns
[2025-09-17T08:37:43.110+0000][184][info ][safepoint   ] Safepoint "Cleanup", Time since last: 20030354050 ns, Reaching safepoint: 353042 ns, Cleanup: 64750 ns, At safepoint: 16250 ns, Total: 434042 ns
[2025-09-17T08:37:44.114+0000][184][info ][safepoint   ] Safepoint "Cleanup", Time since last: 1003060625 ns, Reaching safepoint: 80750 ns, Cleanup: 57875 ns, At safepoint: 23500 ns, Total: 162125 ns
[2025-09-17T08:37:49.122+0000][184][info ][safepoint   ] Safepoint "Cleanup", Time since last: 5008554628 ns, Reaching safepoint: 81958 ns, Cleanup: 69959 ns, At safepoint: 28416 ns, Total: 180333 ns
[2025-09-17T08:37:54.129+0000][184][info ][safepoint   ] Safepoint "Cleanup", Time since last: 5006173961 ns, Reaching safepoint: 179750 ns, Cleanup: 16333 ns, At safepoint: 26834 ns, Total: 222917 ns
[2025-09-17T08:37:55.510+0000][184][info ][safepoint   ] Safepoint "Cleanup", Time since last: 1380936292 ns, Reaching safepoint: 126583 ns, Cleanup: 74750 ns, At safepoint: 15584 ns, Total: 216917 ns
[2025-09-17T08:37:57.188+0000][184][info ][safepoint   ] Safepoint "Cleanup", Time since last: 1678030084 ns, Reaching safepoint: 6291 ns, Cleanup: 5834 ns, At safepoint: 9833 ns, Total: 21958 ns
[2025-09-17T08:37:58.536+0000][184][info ][safepoint   ] Safepoint "Cleanup", Time since last: 1348104001 ns, Reaching safepoint: 80333 ns, Cleanup: 50333 ns, At safepoint: 19709 ns, Total: 150375 ns
[2025-09-17T08:38:21.575+0000][184][info ][safepoint   ] Safepoint "Cleanup", Time since last: 23037993343 ns, Reaching safepoint: 707125 ns, Cleanup: 124250 ns, At safepoint: 27208 ns, Total: 858583 ns
[2025-09-17T08:38:26.586+0000][184][info ][safepoint   ] Safepoint "Cleanup", Time since last: 5010498753 ns, Reaching safepoint: 136916 ns, Cleanup: 77875 ns, At safepoint: 26167 ns, Total: 240958 ns
[2025-09-17T08:38:32.594+0000][184][info ][safepoint   ] Safepoint "Cleanup", Time since last: 6007549045 ns, Reaching safepoint: 177458 ns, Cleanup: 44792 ns, At safepoint: 24500 ns, Total: 246750 ns
[2025-09-17T08:38:46.623+0000][184][info ][safepoint   ] Safepoint "Cleanup", Time since last: 14028408172 ns, Reaching safepoint: 745250 ns, Cleanup: 158583 ns, At safepoint: 21375 ns, Total: 925208 ns
[2025-09-17T08:38:47.624+0000][184][info ][safepoint   ] Safepoint "Cleanup", Time since last: 1001115709 ns, Reaching safepoint: 174208 ns, Cleanup: 55792 ns, At safepoint: 17125 ns, Total: 247125 ns
[2025-09-17T08:38:50.627+0000][184][info ][safepoint   ] Safepoint "Cleanup", Time since last: 3002951752 ns, Reaching safepoint: 165541 ns, Cleanup: 16250 ns, At safepoint: 8750 ns, Total: 190541 ns
[2025-09-17T08:38:51.683+0000][184][info ][safepoint   ] Safepoint "Cleanup", Time since last: 1056302876 ns, Reaching safepoint: 8666 ns, Cleanup: 24250 ns, At safepoint: 7792 ns, Total: 40708 ns
[2025-09-17T08:38:52.814+0000][184][info ][safepoint   ] Safepoint "Cleanup", Time since last: 1130344084 ns, Reaching safepoint: 36750 ns, Cleanup: 31750 ns, At safepoint: 10583 ns, Total: 79083 ns
[2025-09-17T08:39:00.969+0000][184][info ][safepoint   ] Safepoint "Cleanup", Time since last: 8154509671 ns, Reaching safepoint: 145708 ns, Cleanup: 215833 ns, At safepoint: 77209 ns, Total: 438750 ns
[2025-09-17T08:39:05.001+0000][184][info ][safepoint   ] Safepoint "Cleanup", Time since last: 4031851710 ns, Reaching safepoint: 50167 ns, Cleanup: 22750 ns, At safepoint: 10541 ns, Total: 83458 ns
[2025-09-17T08:39:13.019+0000][184][info ][safepoint   ] Safepoint "Cleanup", Time since last: 8015896337 ns, Reaching safepoint: 1362209 ns, Cleanup: 125250 ns, At safepoint: 11916 ns, Total: 1499375 ns
[2025-09-17T08:39:23.103+0000][184][info ][safepoint   ] Safepoint "Cleanup", Time since last: 10084215047 ns, Reaching safepoint: 401500 ns, Cleanup: 57958 ns, At safepoint: 18458 ns, Total: 477916 ns
[2025-09-17T08:40:00.219+0000][184][info ][safepoint   ] Safepoint "Cleanup", Time since last: 37115594809 ns, Reaching safepoint: 29125 ns, Cleanup: 25208 ns, At safepoint: 3958 ns, Total: 58291 ns
[2025-09-17T08:40:02.201+0000][184][info ][safepoint   ] Safepoint "Cleanup", Time since last: 1980793835 ns, Reaching safepoint: 1299416 ns, Cleanup: 54959 ns, At safepoint: 40208 ns, Total: 1394583 ns
[2025-09-17T08:40:04.247+0000][184][info ][safepoint   ] Safepoint "Cleanup", Time since last: 2045812126 ns, Reaching safepoint: 3042 ns, Cleanup: 4708 ns, At safepoint: 5875 ns, Total: 13625 ns
[2025-09-17T08:40:06.245+0000][184][info ][safepoint   ] Safepoint "Cleanup", Time since last: 1998230543 ns, Reaching safepoint: 74375 ns, Cleanup: 46916 ns, At safepoint: 16959 ns, Total: 138250 ns
[2025-09-17T08:40:23.278+0000][184][info ][safepoint   ] Safepoint "Cleanup", Time since last: 17031521507 ns, Reaching safepoint: 137291 ns, Cleanup: 48625 ns, At safepoint: 19000 ns, Total: 204916 ns
[2025-09-17T08:40:26.283+0000][184][info ][safepoint   ] Safepoint "Cleanup", Time since last: 3005555502 ns, Reaching safepoint: 263792 ns, Cleanup: 33125 ns, At safepoint: 19916 ns, Total: 316833 ns
[2025-09-17T08:40:46.314+0000][184][info ][safepoint   ] Safepoint "Cleanup", Time since last: 20030341718 ns, Reaching safepoint: 471041 ns, Cleanup: 83917 ns, At safepoint: 21250 ns, Total: 576208 ns
[2025-09-17T08:40:54.329+0000][184][info ][safepoint   ] Safepoint "Cleanup", Time since last: 8014718379 ns, Reaching safepoint: 160167 ns, Cleanup: 60541 ns, At safepoint: 15417 ns, Total: 236125 ns
[2025-09-17T08:41:03.204+0000][184][info ][safepoint   ] Safepoint "Cleanup", Time since last: 8874529129 ns, Reaching safepoint: 6250 ns, Cleanup: 14625 ns, At safepoint: 10875 ns, Total: 31750 ns
[2025-09-17T08:41:04.400+0000][184][info ][safepoint   ] Safepoint "Cleanup", Time since last: 1195796792 ns, Reaching safepoint: 226250 ns, Cleanup: 46584 ns, At safepoint: 17750 ns, Total: 290584 ns
[2025-09-17T08:41:06.498+0000][184][info ][safepoint   ] Safepoint "Cleanup", Time since last: 2098110042 ns, Reaching safepoint: 7292 ns, Cleanup: 12083 ns, At safepoint: 11750 ns, Total: 31125 ns
[2025-09-17T08:41:12.771+0000][184][info ][gc,start    ] GC(34) Pause Young (Mixed) (G1 Evacuation Pause)
[2025-09-17T08:41:12.772+0000][184][info ][gc,task     ] GC(34) Using 8 workers of 8 for evacuation
[2025-09-17T08:41:12.772+0000][184][debug][gc,age      ] GC(34) Desired survivor size 41943040 bytes, new threshold 15 (max threshold 15)
[2025-09-17T08:41:12.841+0000][184][info ][gc,phases   ] GC(34)   Pre Evacuate Collection Set: 1.34ms
[2025-09-17T08:41:12.841+0000][184][info ][gc,phases   ] GC(34)   Merge Heap Roots: 0.84ms
[2025-09-17T08:41:12.841+0000][184][info ][gc,phases   ] GC(34)   Evacuate Collection Set: 61.53ms
[2025-09-17T08:41:12.841+0000][184][info ][gc,phases   ] GC(34)   Post Evacuate Collection Set: 4.49ms
[2025-09-17T08:41:12.841+0000][184][info ][gc,phases   ] GC(34)   Other: 0.60ms
[2025-09-17T08:41:12.841+0000][184][trace][gc,age      ] GC(34) Age table with threshold 15 (max threshold 15)
[2025-09-17T08:41:12.841+0000][184][trace][gc,age      ] GC(34) - age   1:    1003352 bytes,    1003352 total
[2025-09-17T08:41:12.841+0000][184][trace][gc,age      ] GC(34) - age   2:      42544 bytes,    1045896 total
[2025-09-17T08:41:12.841+0000][184][trace][gc,age      ] GC(34) - age   3:     805360 bytes,    1851256 total
[2025-09-17T08:41:12.841+0000][184][trace][gc,age      ] GC(34) - age   4:     566616 bytes,    2417872 total
[2025-09-17T08:41:12.842+0000][184][trace][gc,age      ] GC(34) - age   5:     405152 bytes,    2823024 total
[2025-09-17T08:41:12.842+0000][184][trace][gc,age      ] GC(34) - age   6:      48616 bytes,    2871640 total
[2025-09-17T08:41:12.842+0000][184][trace][gc,age      ] GC(34) - age   7:     324936 bytes,    3196576 total
[2025-09-17T08:41:12.842+0000][184][trace][gc,age      ] GC(34) - age   8:      59856 bytes,    3256432 total
[2025-09-17T08:41:12.842+0000][184][trace][gc,age      ] GC(34) - age   9:     556696 bytes,    3813128 total
[2025-09-17T08:41:12.842+0000][184][trace][gc,age      ] GC(34) - age  10:    1859032 bytes,    5672160 total
[2025-09-17T08:41:12.842+0000][184][trace][gc,age      ] GC(34) - age  11:    1558192 bytes,    7230352 total
[2025-09-17T08:41:12.842+0000][184][trace][gc,age      ] GC(34) - age  12:    6429160 bytes,   13659512 total
[2025-09-17T08:41:12.842+0000][184][trace][gc,age      ] GC(34) - age  13:      63464 bytes,   13722976 total
[2025-09-17T08:41:12.842+0000][184][trace][gc,age      ] GC(34) - age  14:    2821248 bytes,   16544224 total
[2025-09-17T08:41:12.842+0000][184][trace][gc,age      ] GC(34) - age  15:   16727152 bytes,   33271376 total
[2025-09-17T08:41:12.842+0000][184][info ][gc,heap     ] GC(34) Eden regions: 144->0(144)
[2025-09-17T08:41:12.842+0000][184][info ][gc,heap     ] GC(34) Survivor regions: 9->9(20)
[2025-09-17T08:41:12.842+0000][184][info ][gc,heap     ] GC(34) Old regions: 29->29
[2025-09-17T08:41:12.842+0000][184][info ][gc,heap     ] GC(34) Humongous regions: 2->2
[2025-09-17T08:41:12.842+0000][184][info ][gc,metaspace] GC(34) Metaspace: 161714K(167616K)->161714K(167616K) NonClass: 139815K(143104K)->139815K(143104K) Class: 21898K(24512K)->21898K(24512K)
[2025-09-17T08:41:12.842+0000][184][info ][gc          ] GC(34) Pause Young (Mixed) (G1 Evacuation Pause) 732M->156M(1024M) 71.565ms
[2025-09-17T08:41:12.842+0000][184][info ][gc,cpu      ] GC(34) User=0.51s Sys=0.00s Real=0.07s
[2025-09-17T08:41:12.843+0000][184][info ][safepoint   ] Safepoint "G1CollectForAllocation", Time since last: 6272656294 ns, Reaching safepoint: 183958 ns, Cleanup: 11709 ns, At safepoint: 71836916 ns, Total: 72032583 ns
[2025-09-17T08:41:22.859+0000][184][info ][safepoint   ] Safepoint "Cleanup", Time since last: 10016597589 ns, Reaching safepoint: 46875 ns, Cleanup: 24333 ns, At safepoint: 11583 ns, Total: 82791 ns
[2025-09-17T08:41:54.918+0000][184][info ][safepoint   ] Safepoint "Cleanup", Time since last: 32057889473 ns, Reaching safepoint: 235417 ns, Cleanup: 31833 ns, At safepoint: 8333 ns, Total: 275583 ns
[2025-09-17T08:41:56.924+0000][184][info ][safepoint   ] Safepoint "Cleanup", Time since last: 2005778751 ns, Reaching safepoint: 47000 ns, Cleanup: 35000 ns, At safepoint: 21500 ns, Total: 103500 ns
[2025-09-17T08:42:01.642+0000][184][info ][safepoint   ] Safepoint "Cleanup", Time since last: 4717625711 ns, Reaching safepoint: 99708 ns, Cleanup: 85000 ns, At safepoint: 23708 ns, Total: 208416 ns
[2025-09-17T08:42:06.223+0000][184][info ][safepoint   ] Safepoint "Cleanup", Time since last: 4581845919 ns, Reaching safepoint: 8084 ns, Cleanup: 20416 ns, At safepoint: 7500 ns, Total: 36000 ns
[2025-09-17T08:42:09.189+0000][184][info ][safepoint   ] Safepoint "Cleanup", Time since last: 2965628127 ns, Reaching safepoint: 8291 ns, Cleanup: 27709 ns, At safepoint: 15875 ns, Total: 51875 ns
[2025-09-17T08:42:10.750+0000][184][info ][safepoint   ] Safepoint "Cleanup", Time since last: 1560767374 ns, Reaching safepoint: 39417 ns, Cleanup: 25625 ns, At safepoint: 9833 ns, Total: 74875 ns
[2025-09-17T08:42:22.773+0000][184][info ][safepoint   ] Safepoint "Cleanup", Time since last: 12021814756 ns, Reaching safepoint: 806250 ns, Cleanup: 118334 ns, At safepoint: 31291 ns, Total: 955875 ns
[2025-09-17T08:43:02.862+0000][184][info ][safepoint   ] Safepoint "Cleanup", Time since last: 40090142435 ns, Reaching safepoint: 53458 ns, Cleanup: 36959 ns, At safepoint: 25750 ns, Total: 116167 ns
[2025-09-17T08:43:03.869+0000][184][info ][safepoint   ] Safepoint "Cleanup", Time since last: 1006210500 ns, Reaching safepoint: 132917 ns, Cleanup: 62333 ns, At safepoint: 29375 ns, Total: 224625 ns
[2025-09-17T08:43:04.870+0000][184][info ][safepoint   ] Safepoint "Cleanup", Time since last: 1001101292 ns, Reaching safepoint: 32042 ns, Cleanup: 22500 ns, At safepoint: 13792 ns, Total: 68334 ns
[2025-09-17T08:43:06.874+0000][184][info ][safepoint   ] Safepoint "Cleanup", Time since last: 2003455001 ns, Reaching safepoint: 61125 ns, Cleanup: 33583 ns, At safepoint: 14417 ns, Total: 109125 ns
[2025-09-17T08:43:08.877+0000][184][info ][safepoint   ] Safepoint "Cleanup", Time since last: 2003610167 ns, Reaching safepoint: 53834 ns, Cleanup: 103875 ns, At safepoint: 24916 ns, Total: 182625 ns
[2025-09-17T08:43:10.009+0000][184][info ][safepoint   ] Safepoint "Cleanup", Time since last: 1130298250 ns, Reaching safepoint: 287625 ns, Cleanup: 9417 ns, At safepoint: 9916 ns, Total: 306958 ns
[2025-09-17T08:43:11.013+0000][184][info ][safepoint   ] Safepoint "Cleanup", Time since last: 1004517793 ns, Reaching safepoint: 11250 ns, Cleanup: 19541 ns, At safepoint: 6959 ns, Total: 37750 ns
[2025-09-17T08:43:12.223+0000][184][info ][safepoint   ] Safepoint "Cleanup", Time since last: 1210079792 ns, Reaching safepoint: 4000 ns, Cleanup: 7125 ns, At safepoint: 6583 ns, Total: 17708 ns
[2025-09-17T08:43:14.063+0000][184][info ][safepoint   ] Safepoint "Cleanup", Time since last: 1839200376 ns, Reaching safepoint: 55292 ns, Cleanup: 78166 ns, At safepoint: 16375 ns, Total: 149833 ns
[2025-09-17T08:43:16.065+0000][184][info ][safepoint   ] Safepoint "Cleanup", Time since last: 2002435626 ns, Reaching safepoint: 134792 ns, Cleanup: 40458 ns, At safepoint: 17500 ns, Total: 192750 ns
[2025-09-17T08:43:22.636+0000][184][info ][safepoint   ] Safepoint "Cleanup", Time since last: 6570315503 ns, Reaching safepoint: 119542 ns, Cleanup: 65958 ns, At safepoint: 25125 ns, Total: 210625 ns
[2025-09-17T08:43:25.117+0000][184][info ][safepoint   ] Safepoint "Cleanup", Time since last: 2481345835 ns, Reaching safepoint: 13083 ns, Cleanup: 19000 ns, At safepoint: 3917 ns, Total: 36000 ns
[2025-09-17T08:43:28.183+0000][184][info ][safepoint   ] Safepoint "Cleanup", Time since last: 3065414335 ns, Reaching safepoint: 18208 ns, Cleanup: 28833 ns, At safepoint: 12792 ns, Total: 59833 ns
[2025-09-17T08:43:34.223+0000][184][info ][safepoint   ] Safepoint "Cleanup", Time since last: 6040247628 ns, Reaching safepoint: 141625 ns, Cleanup: 58333 ns, At safepoint: 20750 ns, Total: 220708 ns
[2025-09-17T08:43:53.250+0000][184][info ][safepoint   ] Safepoint "Cleanup", Time since last: 19027167550 ns, Reaching safepoint: 361167 ns, Cleanup: 43333 ns, At safepoint: 14042 ns, Total: 418542 ns
[2025-09-17T08:43:54.258+0000][184][info ][safepoint   ] Safepoint "Cleanup", Time since last: 1007366875 ns, Reaching safepoint: 66417 ns, Cleanup: 17167 ns, At safepoint: 13958 ns, Total: 97542 ns
[2025-09-17T08:43:55.279+0000][184][info ][safepoint   ] Safepoint "Cleanup", Time since last: 1021284625 ns, Reaching safepoint: 72625 ns, Cleanup: 10584 ns, At safepoint: 29500 ns, Total: 112709 ns
[2025-09-17T08:44:13.452+0000][184][info ][safepoint   ] Safepoint "Cleanup", Time since last: 18173196050 ns, Reaching safepoint: 50166 ns, Cleanup: 24000 ns, At safepoint: 7875 ns, Total: 82041 ns
[2025-09-17T08:44:15.454+0000][184][info ][safepoint   ] Safepoint "Cleanup", Time since last: 2001888543 ns, Reaching safepoint: 3250 ns, Cleanup: 11958 ns, At safepoint: 6625 ns, Total: 21833 ns
[2025-09-17T08:44:16.474+0000][184][info ][safepoint   ] Safepoint "Cleanup", Time since last: 1019329168 ns, Reaching safepoint: 165666 ns, Cleanup: 54125 ns, At safepoint: 21917 ns, Total: 241708 ns
[2025-09-17T08:44:17.848+0000][184][info ][safepoint   ] Safepoint "Cleanup", Time since last: 1373422001 ns, Reaching safepoint: 171666 ns, Cleanup: 26042 ns, At safepoint: 9333 ns, Total: 207041 ns
[2025-09-17T08:44:20.853+0000][184][info ][safepoint   ] Safepoint "Cleanup", Time since last: 3004794085 ns, Reaching safepoint: 998583 ns, Cleanup: 31667 ns, At safepoint: 29458 ns, Total: 1059708 ns
[2025-09-17T08:44:22.927+0000][184][info ][safepoint   ] Safepoint "Cleanup", Time since last: 2073680668 ns, Reaching safepoint: 42375 ns, Cleanup: 29500 ns, At safepoint: 8875 ns, Total: 80750 ns
[2025-09-17T08:44:26.935+0000][184][info ][safepoint   ] Safepoint "Cleanup", Time since last: 4008035877 ns, Reaching safepoint: 118917 ns, Cleanup: 62125 ns, At safepoint: 22208 ns, Total: 203250 ns
[2025-09-17T08:44:33.945+0000][184][info ][safepoint   ] Safepoint "Cleanup", Time since last: 7009529087 ns, Reaching safepoint: 120041 ns, Cleanup: 183084 ns, At safepoint: 31875 ns, Total: 335000 ns
[2025-09-17T08:44:34.947+0000][184][info ][safepoint   ] Safepoint "Cleanup", Time since last: 1001948625 ns, Reaching safepoint: 21000 ns, Cleanup: 15333 ns, At safepoint: 7875 ns, Total: 44208 ns
[2025-09-17T08:44:38.957+0000][184][info ][safepoint   ] Safepoint "Cleanup", Time since last: 4008817086 ns, Reaching safepoint: 440541 ns, Cleanup: 97750 ns, At safepoint: 22209 ns, Total: 560500 ns
[2025-09-17T08:44:41.962+0000][184][info ][safepoint   ] Safepoint "Cleanup", Time since last: 3004673792 ns, Reaching safepoint: 39250 ns, Cleanup: 24292 ns, At safepoint: 18291 ns, Total: 81833 ns
[2025-09-17T08:44:46.971+0000][184][info ][safepoint   ] Safepoint "Cleanup", Time since last: 5009094878 ns, Reaching safepoint: 175750 ns, Cleanup: 59666 ns, At safepoint: 25042 ns, Total: 260458 ns
[2025-09-17T08:45:16.641+0000][184][info ][safepoint   ] Safepoint "Cleanup", Time since last: 29670211347 ns, Reaching safepoint: 304791 ns, Cleanup: 56000 ns, At safepoint: 20375 ns, Total: 381166 ns
[2025-09-17T08:45:18.242+0000][184][info ][safepoint   ] Safepoint "Cleanup", Time since last: 1600846876 ns, Reaching safepoint: 45458 ns, Cleanup: 15625 ns, At safepoint: 4625 ns, Total: 65708 ns
[2025-09-17T08:45:19.685+0000][184][info ][safepoint   ] Safepoint "Cleanup", Time since last: 1442946709 ns, Reaching safepoint: 89542 ns, Cleanup: 46625 ns, At safepoint: 15875 ns, Total: 152042 ns
[2025-09-17T08:45:28.705+0000][184][info ][safepoint   ] Safepoint "Cleanup", Time since last: 9018991671 ns, Reaching safepoint: 95750 ns, Cleanup: 34125 ns, At safepoint: 20958 ns, Total: 150833 ns
[2025-09-17T08:46:05.416+0000][184][info ][safepoint   ] Safepoint "Cleanup", Time since last: 36711874976 ns, Reaching safepoint: 61000 ns, Cleanup: 67791 ns, At safepoint: 14709 ns, Total: 143500 ns
[2025-09-17T08:46:21.242+0000][184][info ][safepoint   ] Safepoint "Cleanup", Time since last: 15825329631 ns, Reaching safepoint: 76250 ns, Cleanup: 18417 ns, At safepoint: 8833 ns, Total: 103500 ns
[2025-09-17T08:46:22.912+0000][184][info ][safepoint   ] Safepoint "Cleanup", Time since last: 1670357210 ns, Reaching safepoint: 77291 ns, Cleanup: 50125 ns, At safepoint: 17625 ns, Total: 145041 ns
[2025-09-17T08:46:34.934+0000][184][info ][safepoint   ] Safepoint "Cleanup", Time since last: 12020914839 ns, Reaching safepoint: 87334 ns, Cleanup: 45666 ns, At safepoint: 8250 ns, Total: 141250 ns
[2025-09-17T08:46:38.912+0000][184][info ][gc,start    ] GC(35) Pause Young (Concurrent Start) (G1 Evacuation Pause)
[2025-09-17T08:46:38.912+0000][184][info ][gc,task     ] GC(35) Using 8 workers of 8 for evacuation
[2025-09-17T08:46:38.912+0000][184][debug][gc,age      ] GC(35) Desired survivor size 41943040 bytes, new threshold 15 (max threshold 15)
[2025-09-17T08:46:38.988+0000][184][info ][gc,phases   ] GC(35)   Pre Evacuate Collection Set: 1.75ms
[2025-09-17T08:46:38.988+0000][184][info ][gc,phases   ] GC(35)   Merge Heap Roots: 0.31ms
[2025-09-17T08:46:38.988+0000][184][info ][gc,phases   ] GC(35)   Evacuate Collection Set: 67.51ms
[2025-09-17T08:46:38.988+0000][184][info ][gc,phases   ] GC(35)   Post Evacuate Collection Set: 5.09ms
[2025-09-17T08:46:38.988+0000][184][info ][gc,phases   ] GC(35)   Other: 0.86ms
[2025-09-17T08:46:38.988+0000][184][trace][gc,age      ] GC(35) Age table with threshold 15 (max threshold 15)
[2025-09-17T08:46:38.988+0000][184][trace][gc,age      ] GC(35) - age   1:    1150400 bytes,    1150400 total
[2025-09-17T08:46:38.988+0000][184][trace][gc,age      ] GC(35) - age   2:      44024 bytes,    1194424 total
[2025-09-17T08:46:38.988+0000][184][trace][gc,age      ] GC(35) - age   3:      16200 bytes,    1210624 total
[2025-09-17T08:46:38.988+0000][184][trace][gc,age      ] GC(35) - age   4:     756760 bytes,    1967384 total
[2025-09-17T08:46:38.988+0000][184][trace][gc,age      ] GC(35) - age   5:     564592 bytes,    2531976 total
[2025-09-17T08:46:38.988+0000][184][trace][gc,age      ] GC(35) - age   6:     355248 bytes,    2887224 total
[2025-09-17T08:46:38.988+0000][184][trace][gc,age      ] GC(35) - age   7:      48552 bytes,    2935776 total
[2025-09-17T08:46:38.988+0000][184][trace][gc,age      ] GC(35) - age   8:     324904 bytes,    3260680 total
[2025-09-17T08:46:38.988+0000][184][trace][gc,age      ] GC(35) - age   9:      59856 bytes,    3320536 total
[2025-09-17T08:46:38.988+0000][184][trace][gc,age      ] GC(35) - age  10:     556696 bytes,    3877232 total
[2025-09-17T08:46:38.988+0000][184][trace][gc,age      ] GC(35) - age  11:    1858864 bytes,    5736096 total
[2025-09-17T08:46:38.988+0000][184][trace][gc,age      ] GC(35) - age  12:    1558192 bytes,    7294288 total
[2025-09-17T08:46:38.988+0000][184][trace][gc,age      ] GC(35) - age  13:    6428632 bytes,   13722920 total
[2025-09-17T08:46:38.988+0000][184][trace][gc,age      ] GC(35) - age  14:      63464 bytes,   13786384 total
[2025-09-17T08:46:38.989+0000][184][trace][gc,age      ] GC(35) - age  15:    2821208 bytes,   16607592 total
[2025-09-17T08:46:38.989+0000][184][info ][gc,heap     ] GC(35) Eden regions: 144->0(148)
[2025-09-17T08:46:38.989+0000][184][info ][gc,heap     ] GC(35) Survivor regions: 9->5(20)
[2025-09-17T08:46:38.989+0000][184][info ][gc,heap     ] GC(35) Old regions: 29->33
[2025-09-17T08:46:38.989+0000][184][info ][gc,heap     ] GC(35) Humongous regions: 2->2
[2025-09-17T08:46:38.989+0000][184][info ][gc,metaspace] GC(35) Metaspace: 161839K(167616K)->161839K(167616K) NonClass: 139938K(143104K)->139938K(143104K) Class: 21900K(24512K)->21900K(24512K)
[2025-09-17T08:46:38.989+0000][184][info ][gc          ] GC(35) Pause Young (Concurrent Start) (G1 Evacuation Pause) 732M->157M(1024M) 77.095ms
[2025-09-17T08:46:38.989+0000][184][info ][gc          ] GC(36) Concurrent Mark Cycle
[2025-09-17T08:46:38.989+0000][184][info ][gc,marking  ] GC(36) Concurrent Scan Root Regions
[2025-09-17T08:46:38.989+0000][184][info ][gc,cpu      ] GC(35) User=0.54s Sys=0.00s Real=0.08s
[2025-09-17T08:46:38.989+0000][184][info ][safepoint   ] Safepoint "G1CollectForAllocation", Time since last: 3977836711 ns, Reaching safepoint: 252291 ns, Cleanup: 12000 ns, At safepoint: 77700292 ns, Total: 77964583 ns
[2025-09-17T08:46:39.003+0000][184][info ][gc,marking  ] GC(36) Concurrent Scan Root Regions 14.440ms
[2025-09-17T08:46:39.003+0000][184][info ][gc,marking  ] GC(36) Concurrent Mark
[2025-09-17T08:46:39.004+0000][184][info ][gc,marking  ] GC(36) Concurrent Mark From Roots
[2025-09-17T08:46:39.004+0000][184][info ][gc,task     ] GC(36) Using 2 workers of 2 for marking
[2025-09-17T08:46:39.085+0000][184][info ][gc,marking  ] GC(36) Concurrent Mark From Roots 81.455ms
[2025-09-17T08:46:39.085+0000][184][info ][gc,marking  ] GC(36) Concurrent Preclean
[2025-09-17T08:46:39.086+0000][184][info ][gc,marking  ] GC(36) Concurrent Preclean 0.482ms
[2025-09-17T08:46:39.086+0000][184][info ][gc,start    ] GC(36) Pause Remark
[2025-09-17T08:46:39.122+0000][184][info ][gc          ] GC(36) Pause Remark 158M->158M(1024M) 35.932ms
[2025-09-17T08:46:39.122+0000][184][info ][gc,cpu      ] GC(36) User=0.25s Sys=0.00s Real=0.03s
[2025-09-17T08:46:39.122+0000][184][info ][safepoint   ] Safepoint "G1PauseRemark", Time since last: 96638625 ns, Reaching safepoint: 20167 ns, Cleanup: 5083 ns, At safepoint: 36225458 ns, Total: 36250708 ns
[2025-09-17T08:46:39.122+0000][184][info ][gc,marking  ] GC(36) Concurrent Mark 118.781ms
[2025-09-17T08:46:39.122+0000][184][info ][gc,marking  ] GC(36) Concurrent Rebuild Remembered Sets and Scrub Regions
[2025-09-17T08:46:39.152+0000][184][info ][gc,marking  ] GC(36) Concurrent Rebuild Remembered Sets and Scrub Regions 29.312ms
[2025-09-17T08:46:39.152+0000][184][info ][gc,start    ] GC(36) Pause Cleanup
[2025-09-17T08:46:39.152+0000][184][info ][gc          ] GC(36) Pause Cleanup 160M->160M(1024M) 0.175ms
[2025-09-17T08:46:39.152+0000][184][info ][gc,cpu      ] GC(36) User=0.00s Sys=0.00s Real=0.00s
[2025-09-17T08:46:39.152+0000][184][info ][safepoint   ] Safepoint "G1PauseCleanup", Time since last: 29619834 ns, Reaching safepoint: 9458 ns, Cleanup: 51958 ns, At safepoint: 337542 ns, Total: 398958 ns
[2025-09-17T08:46:39.152+0000][184][info ][gc,marking  ] GC(36) Concurrent Clear Claimed Marks
[2025-09-17T08:46:39.153+0000][184][info ][gc,marking  ] GC(36) Concurrent Clear Claimed Marks 0.351ms
[2025-09-17T08:46:39.153+0000][184][info ][gc,marking  ] GC(36) Concurrent Cleanup for Next Mark
[2025-09-17T08:46:39.158+0000][184][info ][gc,marking  ] GC(36) Concurrent Cleanup for Next Mark 5.762ms
[2025-09-17T08:46:39.159+0000][184][info ][gc          ] GC(36) Concurrent Mark Cycle 169.691ms
[2025-09-17T08:47:04.647+0000][184][info ][safepoint   ] Safepoint "Cleanup", Time since last: 25494572178 ns, Reaching safepoint: 89000 ns, Cleanup: 36334 ns, At safepoint: 22625 ns, Total: 147959 ns
[2025-09-17T08:47:22.078+0000][184][info ][safepoint   ] Safepoint "Cleanup", Time since last: 17430594966 ns, Reaching safepoint: 3875 ns, Cleanup: 18625 ns, At safepoint: 4667 ns, Total: 27167 ns
[2025-09-17T08:47:23.099+0000][184][info ][safepoint   ] Safepoint "Cleanup", Time since last: 1021021833 ns, Reaching safepoint: 76125 ns, Cleanup: 41709 ns, At safepoint: 10875 ns, Total: 128709 ns
[2025-09-17T08:47:25.112+0000][184][info ][safepoint   ] Safepoint "Cleanup", Time since last: 2013141417 ns, Reaching safepoint: 5125 ns, Cleanup: 10625 ns, At safepoint: 7125 ns, Total: 22875 ns
[2025-09-17T08:47:36.152+0000][184][info ][safepoint   ] Safepoint "Cleanup", Time since last: 11038413714 ns, Reaching safepoint: 51125 ns, Cleanup: 995292 ns, At safepoint: 19250 ns, Total: 1065667 ns
[2025-09-17T08:47:53.181+0000][184][info ][safepoint   ] Safepoint "Cleanup", Time since last: 17029255882 ns, Reaching safepoint: 193333 ns, Cleanup: 33000 ns, At safepoint: 13750 ns, Total: 240083 ns
[2025-09-17T08:47:58.192+0000][184][info ][safepoint   ] Safepoint "Cleanup", Time since last: 5010860711 ns, Reaching safepoint: 91458 ns, Cleanup: 68042 ns, At safepoint: 21292 ns, Total: 180792 ns
[2025-09-17T08:48:09.900+0000][184][info ][safepoint   ] Safepoint "Cleanup", Time since last: 11707673713 ns, Reaching safepoint: 661458 ns, Cleanup: 87792 ns, At safepoint: 26250 ns, Total: 775500 ns
[2025-09-17T08:48:11.904+0000][184][info ][safepoint   ] Safepoint "Cleanup", Time since last: 2003012543 ns, Reaching safepoint: 95000 ns, Cleanup: 80166 ns, At safepoint: 19917 ns, Total: 195083 ns
[2025-09-17T08:48:22.919+0000][184][info ][safepoint   ] Safepoint "Cleanup", Time since last: 11014952297 ns, Reaching safepoint: 152542 ns, Cleanup: 48708 ns, At safepoint: 25708 ns, Total: 226958 ns
[2025-09-17T08:48:24.307+0000][184][info ][safepoint   ] Safepoint "Cleanup", Time since last: 1387945251 ns, Reaching safepoint: 6958 ns, Cleanup: 9375 ns, At safepoint: 6375 ns, Total: 22708 ns
[2025-09-17T08:48:25.307+0000][184][info ][safepoint   ] Safepoint "Cleanup", Time since last: 1000545626 ns, Reaching safepoint: 5750 ns, Cleanup: 32750 ns, At safepoint: 6875 ns, Total: 45375 ns
[2025-09-17T08:48:26.327+0000][184][info ][safepoint   ] Safepoint "Cleanup", Time since last: 1019532334 ns, Reaching safepoint: 85750 ns, Cleanup: 67166 ns, At safepoint: 18834 ns, Total: 171750 ns
[2025-09-17T08:48:28.314+0000][184][info ][safepoint   ] Safepoint "Cleanup", Time since last: 1986394917 ns, Reaching safepoint: 90375 ns, Cleanup: 63667 ns, At safepoint: 20833 ns, Total: 174875 ns
[2025-09-17T08:48:34.382+0000][184][info ][safepoint   ] Safepoint "Cleanup", Time since last: 6067842711 ns, Reaching safepoint: 90209 ns, Cleanup: 44958 ns, At safepoint: 14250 ns, Total: 149417 ns
[2025-09-17T08:48:48.406+0000][184][info ][safepoint   ] Safepoint "Cleanup", Time since last: 14023867047 ns, Reaching safepoint: 129417 ns, Cleanup: 76958 ns, At safepoint: 27250 ns, Total: 233625 ns
[2025-09-17T08:48:57.327+0000][184][info ][safepoint   ] Safepoint "Cleanup", Time since last: 8919625671 ns, Reaching safepoint: 1099375 ns, Cleanup: 9125 ns, At safepoint: 14125 ns, Total: 1122625 ns
[2025-09-17T08:48:58.490+0000][184][info ][safepoint   ] Safepoint "Cleanup", Time since last: 1162835584 ns, Reaching safepoint: 145459 ns, Cleanup: 244500 ns, At safepoint: 23375 ns, Total: 413334 ns
[2025-09-17T08:49:00.102+0000][184][info ][safepoint   ] Safepoint "Cleanup", Time since last: 1612249250 ns, Reaching safepoint: 75459 ns, Cleanup: 48625 ns, At safepoint: 18416 ns, Total: 142500 ns
[2025-09-17T08:49:16.599+0000][184][info ][safepoint   ] Safepoint "Cleanup", Time since last: 16496522925 ns, Reaching safepoint: 6125 ns, Cleanup: 9375 ns, At safepoint: 8625 ns, Total: 24125 ns
[2025-09-17T08:49:26.511+0000][184][info ][safepoint   ] Safepoint "Cleanup", Time since last: 9912004379 ns, Reaching safepoint: 93750 ns, Cleanup: 57250 ns, At safepoint: 170584 ns, Total: 321584 ns
[2025-09-17T08:49:30.681+0000][184][info ][safepoint   ] Safepoint "Cleanup", Time since last: 4169502460 ns, Reaching safepoint: 10333 ns, Cleanup: 16584 ns, At safepoint: 3625 ns, Total: 30542 ns
[2025-09-17T08:50:09.338+0000][184][info ][safepoint   ] Safepoint "Cleanup", Time since last: 38657147392 ns, Reaching safepoint: 68209 ns, Cleanup: 21750 ns, At safepoint: 10375 ns, Total: 100334 ns
[2025-09-17T08:50:34.932+0000][184][info ][safepoint   ] Safepoint "Cleanup", Time since last: 25593887470 ns, Reaching safepoint: 75875 ns, Cleanup: 47291 ns, At safepoint: 18875 ns, Total: 142041 ns
[2025-09-17T08:50:49.954+0000][184][info ][safepoint   ] Safepoint "Cleanup", Time since last: 15021350881 ns, Reaching safepoint: 485625 ns, Cleanup: 55959 ns, At safepoint: 22208 ns, Total: 563792 ns
[2025-09-17T08:51:22.543+0000][184][info ][safepoint   ] Safepoint "Cleanup", Time since last: 32588632598 ns, Reaching safepoint: 87958 ns, Cleanup: 63625 ns, At safepoint: 23917 ns, Total: 175500 ns
[2025-09-17T08:52:11.586+0000][184][info ][safepoint   ] Safepoint "Cleanup", Time since last: 49042605355 ns, Reaching safepoint: 84417 ns, Cleanup: 83958 ns, At safepoint: 24042 ns, Total: 192417 ns
[2025-09-17T08:52:21.609+0000][184][info ][safepoint   ] Safepoint "Cleanup", Time since last: 10022644380 ns, Reaching safepoint: 337000 ns, Cleanup: 43542 ns, At safepoint: 29208 ns, Total: 409750 ns
[2025-09-17T08:52:36.397+0000][184][info ][safepoint   ] Safepoint "Cleanup", Time since last: 14787962965 ns, Reaching safepoint: 5542 ns, Cleanup: 6833 ns, At safepoint: 5750 ns, Total: 18125 ns
[2025-09-17T08:52:40.413+0000][184][info ][safepoint   ] Safepoint "Cleanup", Time since last: 4015928168 ns, Reaching safepoint: 37625 ns, Cleanup: 26792 ns, At safepoint: 11500 ns, Total: 75917 ns
[2025-09-17T08:52:45.456+0000][184][info ][safepoint   ] Safepoint "Cleanup", Time since last: 5043002752 ns, Reaching safepoint: 98500 ns, Cleanup: 41292 ns, At safepoint: 12125 ns, Total: 151917 ns
[2025-09-17T08:52:46.937+0000][184][info ][gc,start    ] GC(37) Pause Young (Prepare Mixed) (G1 Evacuation Pause)
[2025-09-17T08:52:46.938+0000][184][info ][gc,task     ] GC(37) Using 8 workers of 8 for evacuation
[2025-09-17T08:52:46.938+0000][184][debug][gc,age      ] GC(37) Desired survivor size 41943040 bytes, new threshold 15 (max threshold 15)
[2025-09-17T08:52:47.002+0000][184][info ][gc,phases   ] GC(37)   Pre Evacuate Collection Set: 1.50ms
[2025-09-17T08:52:47.002+0000][184][info ][gc,phases   ] GC(37)   Merge Heap Roots: 3.08ms
[2025-09-17T08:52:47.002+0000][184][info ][gc,phases   ] GC(37)   Evacuate Collection Set: 56.10ms
[2025-09-17T08:52:47.002+0000][184][info ][gc,phases   ] GC(37)   Post Evacuate Collection Set: 3.02ms
[2025-09-17T08:52:47.002+0000][184][info ][gc,phases   ] GC(37)   Other: 0.63ms
[2025-09-17T08:52:47.002+0000][184][trace][gc,age      ] GC(37) Age table with threshold 15 (max threshold 15)
[2025-09-17T08:52:47.002+0000][184][trace][gc,age      ] GC(37) - age   1:    1013528 bytes,    1013528 total
[2025-09-17T08:52:47.002+0000][184][trace][gc,age      ] GC(37) - age   2:     177536 bytes,    1191064 total
[2025-09-17T08:52:47.003+0000][184][trace][gc,age      ] GC(37) - age   3:      25576 bytes,    1216640 total
[2025-09-17T08:52:47.003+0000][184][trace][gc,age      ] GC(37) - age   4:      16008 bytes,    1232648 total
[2025-09-17T08:52:47.003+0000][184][trace][gc,age      ] GC(37) - age   5:     754856 bytes,    1987504 total
[2025-09-17T08:52:47.003+0000][184][trace][gc,age      ] GC(37) - age   6:     564528 bytes,    2552032 total
[2025-09-17T08:52:47.003+0000][184][trace][gc,age      ] GC(37) - age   7:     355248 bytes,    2907280 total
[2025-09-17T08:52:47.003+0000][184][trace][gc,age      ] GC(37) - age   8:      48552 bytes,    2955832 total
[2025-09-17T08:52:47.003+0000][184][trace][gc,age      ] GC(37) - age   9:     324904 bytes,    3280736 total
[2025-09-17T08:52:47.003+0000][184][trace][gc,age      ] GC(37) - age  10:      59856 bytes,    3340592 total
[2025-09-17T08:52:47.003+0000][184][trace][gc,age      ] GC(37) - age  11:     556696 bytes,    3897288 total
[2025-09-17T08:52:47.003+0000][184][trace][gc,age      ] GC(37) - age  12:    1851328 bytes,    5748616 total
[2025-09-17T08:52:47.003+0000][184][trace][gc,age      ] GC(37) - age  13:    1557864 bytes,    7306480 total
[2025-09-17T08:52:47.003+0000][184][trace][gc,age      ] GC(37) - age  14:    6428632 bytes,   13735112 total
[2025-09-17T08:52:47.003+0000][184][trace][gc,age      ] GC(37) - age  15:      63464 bytes,   13798576 total
[2025-09-17T08:52:47.003+0000][184][info ][gc,heap     ] GC(37) Eden regions: 148->0(149)
[2025-09-17T08:52:47.003+0000][184][info ][gc,heap     ] GC(37) Survivor regions: 5->4(20)
[2025-09-17T08:52:47.003+0000][184][info ][gc,heap     ] GC(37) Old regions: 33->34
[2025-09-17T08:52:47.003+0000][184][info ][gc,heap     ] GC(37) Humongous regions: 2->2
[2025-09-17T08:52:47.003+0000][184][info ][gc,metaspace] GC(37) Metaspace: 161907K(167616K)->161907K(167616K) NonClass: 140006K(143104K)->140006K(143104K) Class: 21900K(24512K)->21900K(24512K)
[2025-09-17T08:52:47.003+0000][184][info ][gc          ] GC(37) Pause Young (Prepare Mixed) (G1 Evacuation Pause) 749M->156M(1024M) 65.843ms
[2025-09-17T08:52:47.003+0000][184][info ][gc,cpu      ] GC(37) User=0.45s Sys=0.01s Real=0.06s
[2025-09-17T08:52:47.003+0000][184][info ][safepoint   ] Safepoint "G1CollectForAllocation", Time since last: 1480450209 ns, Reaching safepoint: 92208 ns, Cleanup: 15792 ns, At safepoint: 66202291 ns, Total: 66310291 ns
[2025-09-17T08:53:02.752+0000][184][info ][safepoint   ] Safepoint "Cleanup", Time since last: 15748567425 ns, Reaching safepoint: 161083 ns, Cleanup: 51333 ns, At safepoint: 46584 ns, Total: 259000 ns
[2025-09-17T08:53:03.754+0000][184][info ][safepoint   ] Safepoint "Cleanup", Time since last: 1002353167 ns, Reaching safepoint: 77416 ns, Cleanup: 35584 ns, At safepoint: 19458 ns, Total: 132458 ns
[2025-09-17T08:53:05.757+0000][184][info ][safepoint   ] Safepoint "Cleanup", Time since last: 2001806084 ns, Reaching safepoint: 308125 ns, Cleanup: 105334 ns, At safepoint: 38666 ns, Total: 452125 ns
[2025-09-17T08:53:06.759+0000][184][info ][safepoint   ] Safepoint "Cleanup", Time since last: 1001933084 ns, Reaching safepoint: 100542 ns, Cleanup: 85125 ns, At safepoint: 25750 ns, Total: 211417 ns
[2025-09-17T08:53:22.784+0000][184][info ][safepoint   ] Safepoint "Cleanup", Time since last: 16025835465 ns, Reaching safepoint: 92917 ns, Cleanup: 59458 ns, At safepoint: 28292 ns, Total: 180667 ns
[2025-09-17T08:53:34.814+0000][184][info ][safepoint   ] Safepoint "Cleanup", Time since last: 12029703464 ns, Reaching safepoint: 86041 ns, Cleanup: 48834 ns, At safepoint: 105750 ns, Total: 240625 ns
[2025-09-17T08:53:39.402+0000][184][info ][safepoint   ] Safepoint "Cleanup", Time since last: 4588003502 ns, Reaching safepoint: 8083 ns, Cleanup: 17167 ns, At safepoint: 7583 ns, Total: 32833 ns
[2025-09-17T08:53:40.623+0000][184][info ][safepoint   ] Safepoint "Cleanup", Time since last: 1220486625 ns, Reaching safepoint: 125917 ns, Cleanup: 22417 ns, At safepoint: 8208 ns, Total: 156542 ns
[2025-09-17T08:53:51.670+0000][184][info ][safepoint   ] Safepoint "Cleanup", Time since last: 11046179297 ns, Reaching safepoint: 83042 ns, Cleanup: 81166 ns, At safepoint: 30417 ns, Total: 194625 ns
[2025-09-17T08:53:57.710+0000][184][info ][safepoint   ] Safepoint "Cleanup", Time since last: 6040558711 ns, Reaching safepoint: 3709 ns, Cleanup: 7875 ns, At safepoint: 4708 ns, Total: 16292 ns
[2025-09-17T08:53:58.742+0000][184][info ][safepoint   ] Safepoint "Cleanup", Time since last: 1031089500 ns, Reaching safepoint: 91000 ns, Cleanup: 73375 ns, At safepoint: 19250 ns, Total: 183625 ns
[2025-09-17T08:54:16.658+0000][184][info ][safepoint   ] Safepoint "Cleanup", Time since last: 17916188217 ns, Reaching safepoint: 7125 ns, Cleanup: 29958 ns, At safepoint: 6958 ns, Total: 44041 ns
[2025-09-17T08:54:23.169+0000][184][info ][safepoint   ] Safepoint "Cleanup", Time since last: 6511019920 ns, Reaching safepoint: 153542 ns, Cleanup: 45958 ns, At safepoint: 23875 ns, Total: 223375 ns
[2025-09-17T08:54:34.203+0000][184][info ][safepoint   ] Safepoint "Cleanup", Time since last: 11033265839 ns, Reaching safepoint: 273291 ns, Cleanup: 18375 ns, At safepoint: 13834 ns, Total: 305500 ns
[2025-09-17T08:54:42.455+0000][184][info ][safepoint   ] Safepoint "Cleanup", Time since last: 8252292378 ns, Reaching safepoint: 3375 ns, Cleanup: 6333 ns, At safepoint: 7834 ns, Total: 17542 ns
[2025-09-17T08:54:45.965+0000][184][info ][safepoint   ] Safepoint "Cleanup", Time since last: 3510372293 ns, Reaching safepoint: 17833 ns, Cleanup: 67875 ns, At safepoint: 13792 ns, Total: 99500 ns
[2025-09-17T08:55:19.156+0000][184][info ][safepoint   ] Safepoint "Cleanup", Time since last: 33191189348 ns, Reaching safepoint: 137709 ns, Cleanup: 40541 ns, At safepoint: 21084 ns, Total: 199334 ns
[2025-09-17T08:55:46.158+0000][184][info ][safepoint   ] Safepoint "Cleanup", Time since last: 27003130845 ns, Reaching safepoint: 10625 ns, Cleanup: 127000 ns, At safepoint: 19334 ns, Total: 156959 ns
[2025-09-17T08:55:49.219+0000][184][info ][safepoint   ] Safepoint "Cleanup", Time since last: 3061081293 ns, Reaching safepoint: 14333 ns, Cleanup: 27500 ns, At safepoint: 18792 ns, Total: 60625 ns
[2025-09-17T08:55:59.568+0000][184][info ][safepoint   ] Safepoint "Cleanup", Time since last: 10348477255 ns, Reaching safepoint: 77458 ns, Cleanup: 120208 ns, At safepoint: 15334 ns, Total: 213000 ns
[2025-09-17T08:56:01.324+0000][184][info ][safepoint   ] Safepoint "Cleanup", Time since last: 1756302876 ns, Reaching safepoint: 92791 ns, Cleanup: 39375 ns, At safepoint: 17500 ns, Total: 149666 ns
[2025-09-17T08:56:10.631+0000][184][info ][safepoint   ] Safepoint "Cleanup", Time since last: 9306344713 ns, Reaching safepoint: 285375 ns, Cleanup: 51125 ns, At safepoint: 9708 ns, Total: 346208 ns
[2025-09-17T08:56:12.445+0000][184][info ][safepoint   ] Safepoint "Cleanup", Time since last: 1813222001 ns, Reaching safepoint: 69542 ns, Cleanup: 149375 ns, At safepoint: 14583 ns, Total: 233500 ns
[2025-09-17T08:56:13.116+0000][184][info ][gc,heap,exit] Heap
[2025-09-17T08:56:13.117+0000][184][info ][gc,heap,exit]  garbage-first heap   total reserved 1048576K, committed 1048576K, used 523873K [0x00000000c0000000, 0x0000000100000000)
[2025-09-17T08:56:13.117+0000][184][info ][gc,heap,exit]   region size 4096K, 93 young (380928K), 4 survivors (16384K)
[2025-09-17T08:56:13.117+0000][184][info ][gc,heap,exit]  Metaspace       used 162388K, committed 167680K, reserved 1245184K
[2025-09-17T08:56:13.117+0000][184][info ][gc,heap,exit]   class space    used 22000K, committed 24512K, reserved 1048576K
