[2025-08-24T10:39:30.520+0000][176][info][gc,init] CardTable entry size: 512
[2025-08-24T10:39:30.521+0000][176][info][gc     ] Using G1
[2025-08-24T10:39:30.801+0000][176][info][gc,init] Version: 22.0.1+8-16 (release)
[2025-08-24T10:39:30.802+0000][176][info][gc,init] CPUs: 8 total, 8 available
[2025-08-24T10:39:30.802+0000][176][info][gc,init] Memory: 7837M
[2025-08-24T10:39:30.802+0000][176][info][gc,init] Large Page Support: Disabled
[2025-08-24T10:39:30.802+0000][176][info][gc,init] NUMA Support: Disabled
[2025-08-24T10:39:30.802+0000][176][info][gc,init] Compressed Oops: Enabled (32-bit)
[2025-08-24T10:39:30.802+0000][176][info][gc,init] Heap Region Size: 4M
[2025-08-24T10:39:30.802+0000][176][info][gc,init] Heap Min Capacity: 1G
[2025-08-24T10:39:30.802+0000][176][info][gc,init] Heap Initial Capacity: 1G
[2025-08-24T10:39:30.802+0000][176][info][gc,init] Heap Max Capacity: 1G
[2025-08-24T10:39:30.802+0000][176][info][gc,init] Pre-touch: Enabled
[2025-08-24T10:39:30.802+0000][176][info][gc,init] Parallel Workers: 8
[2025-08-24T10:39:30.802+0000][176][info][gc,init] Concurrent Workers: 2
[2025-08-24T10:39:30.802+0000][176][info][gc,init] Concurrent Refinement Workers: 8
[2025-08-24T10:39:30.802+0000][176][info][gc,init] Periodic GC: Disabled
[2025-08-24T10:39:30.810+0000][176][info][gc,metaspace] CDS archive(s) mapped at: [0x00000fc000000000-0x00000fc000c80000-0x00000fc000c80000), size 13107200, SharedBaseAddress: 0x00000fc000000000, ArchiveRelocationMode: 1.
[2025-08-24T10:39:30.810+0000][176][info][gc,metaspace] Compressed class space mapped at: 0x00000fc001000000-0x00000fc041000000, reserved size: 1073741824
[2025-08-24T10:39:30.810+0000][176][info][gc,metaspace] Narrow klass base: 0x00000fc000000000, Narrow klass shift: 0, Narrow klass range: 0x100000000
[2025-08-24T10:39:30.856+0000][176][info][safepoint   ] Safepoint "ICBufferFull", Time since last: 42690000 ns, Reaching safepoint: 842791 ns, Cleanup: 94584 ns, At safepoint: 15416 ns, Total: 952791 ns
[2025-08-24T10:39:30.909+0000][176][info][safepoint   ] Safepoint "ICBufferFull", Time since last: 51903000 ns, Reaching safepoint: 1016542 ns, Cleanup: 101458 ns, At safepoint: 17334 ns, Total: 1135334 ns
[2025-08-24T10:39:30.987+0000][176][info][safepoint   ] Safepoint "ICBufferFull", Time since last: 78436833 ns, Reaching safepoint: 2083 ns, Cleanup: 52875 ns, At safepoint: 7042 ns, Total: 62000 ns
[2025-08-24T10:39:31.046+0000][176][info][safepoint   ] Safepoint "ICBufferFull", Time since last: 58449167 ns, Reaching safepoint: 2208 ns, Cleanup: 62417 ns, At safepoint: 5041 ns, Total: 69666 ns
[2025-08-24T10:39:31.067+0000][176][info][gc,start    ] GC(0) Pause Young (Normal) (G1 Evacuation Pause)
[2025-08-24T10:39:31.068+0000][176][info][gc,task     ] GC(0) Using 8 workers of 8 for evacuation
[2025-08-24T10:39:31.068+0000][176][debug][gc,age      ] GC(0) Desired survivor size 4194304 bytes, new threshold 15 (max threshold 15)
[2025-08-24T10:39:31.069+0000][176][info ][gc,phases   ] GC(0)   Pre Evacuate Collection Set: 0.10ms
[2025-08-24T10:39:31.070+0000][176][info ][gc,phases   ] GC(0)   Merge Heap Roots: 0.10ms
[2025-08-24T10:39:31.070+0000][176][info ][gc,phases   ] GC(0)   Evacuate Collection Set: 1.08ms
[2025-08-24T10:39:31.070+0000][176][info ][gc,phases   ] GC(0)   Post Evacuate Collection Set: 0.33ms
[2025-08-24T10:39:31.070+0000][176][info ][gc,phases   ] GC(0)   Other: 0.19ms
[2025-08-24T10:39:31.070+0000][176][trace][gc,age      ] GC(0) Age table with threshold 15 (max threshold 15)
[2025-08-24T10:39:31.070+0000][176][trace][gc,age      ] GC(0) - age   1:    4674944 bytes,    4674944 total
[2025-08-24T10:39:31.070+0000][176][info ][gc,heap     ] GC(0) Eden regions: 12->0(22)
[2025-08-24T10:39:31.070+0000][176][info ][gc,heap     ] GC(0) Survivor regions: 0->2(2)
[2025-08-24T10:39:31.070+0000][176][info ][gc,heap     ] GC(0) Old regions: 1->1
[2025-08-24T10:39:31.070+0000][176][info ][gc,heap     ] GC(0) Humongous regions: 0->0
[2025-08-24T10:39:31.070+0000][176][info ][gc,metaspace] GC(0) Metaspace: 7273K(7488K)->7273K(7488K) NonClass: 6406K(6528K)->6406K(6528K) Class: 867K(960K)->867K(960K)
[2025-08-24T10:39:31.070+0000][176][info ][gc          ] GC(0) Pause Young (Normal) (G1 Evacuation Pause) 49M->5M(1024M) 2.867ms
[2025-08-24T10:39:31.070+0000][176][info ][gc,cpu      ] GC(0) User=0.01s Sys=0.00s Real=0.00s
[2025-08-24T10:39:31.070+0000][176][info ][safepoint   ] Safepoint "G1CollectForAllocation", Time since last: 21499584 ns, Reaching safepoint: 2708 ns, Cleanup: 31583 ns, At safepoint: 2982084 ns, Total: 3016375 ns
[2025-08-24T10:39:31.134+0000][176][info ][safepoint   ] Safepoint "ICBufferFull", Time since last: 63753375 ns, Reaching safepoint: 2083 ns, Cleanup: 60458 ns, At safepoint: 8875 ns, Total: 71416 ns
[2025-08-24T10:39:31.171+0000][176][info ][safepoint   ] Safepoint "ICBufferFull", Time since last: 36830500 ns, Reaching safepoint: 1834 ns, Cleanup: 53500 ns, At safepoint: 8125 ns, Total: 63459 ns
[2025-08-24T10:39:31.273+0000][176][info ][safepoint   ] Safepoint "ICBufferFull", Time since last: 101532208 ns, Reaching safepoint: 1750 ns, Cleanup: 102958 ns, At safepoint: 4875 ns, Total: 109583 ns
[2025-08-24T10:39:31.504+0000][176][info ][safepoint   ] Safepoint "ICBufferFull", Time since last: 230829834 ns, Reaching safepoint: 1792 ns, Cleanup: 79666 ns, At safepoint: 5125 ns, Total: 86583 ns
[2025-08-24T10:39:31.544+0000][176][info ][safepoint   ] Safepoint "ICBufferFull", Time since last: 39685209 ns, Reaching safepoint: 176458 ns, Cleanup: 50083 ns, At safepoint: 12334 ns, Total: 238875 ns
[2025-08-24T10:39:31.654+0000][176][info ][safepoint   ] Safepoint "ICBufferFull", Time since last: 109502875 ns, Reaching safepoint: 425875 ns, Cleanup: 87750 ns, At safepoint: 9000 ns, Total: 522625 ns
[2025-08-24T10:39:31.761+0000][176][info ][safepoint   ] Safepoint "ICBufferFull", Time since last: 107084208 ns, Reaching safepoint: 2458 ns, Cleanup: 75292 ns, At safepoint: 8083 ns, Total: 85833 ns
[2025-08-24T10:39:31.796+0000][176][info ][gc,start    ] GC(1) Pause Young (Normal) (G1 Evacuation Pause)
[2025-08-24T10:39:31.796+0000][176][info ][gc,task     ] GC(1) Using 8 workers of 8 for evacuation
[2025-08-24T10:39:31.796+0000][176][debug][gc,age      ] GC(1) Desired survivor size 6291456 bytes, new threshold 15 (max threshold 15)
[2025-08-24T10:39:31.800+0000][176][info ][gc,phases   ] GC(1)   Pre Evacuate Collection Set: 0.19ms
[2025-08-24T10:39:31.800+0000][176][info ][gc,phases   ] GC(1)   Merge Heap Roots: 0.10ms
[2025-08-24T10:39:31.800+0000][176][info ][gc,phases   ] GC(1)   Evacuate Collection Set: 3.21ms
[2025-08-24T10:39:31.800+0000][176][info ][gc,phases   ] GC(1)   Post Evacuate Collection Set: 0.81ms
[2025-08-24T10:39:31.800+0000][176][info ][gc,phases   ] GC(1)   Other: 0.12ms
[2025-08-24T10:39:31.800+0000][176][trace][gc,age      ] GC(1) Age table with threshold 15 (max threshold 15)
[2025-08-24T10:39:31.800+0000][176][trace][gc,age      ] GC(1) - age   1:    4964496 bytes,    4964496 total
[2025-08-24T10:39:31.801+0000][176][trace][gc,age      ] GC(1) - age   2:    4603480 bytes,    9567976 total
[2025-08-24T10:39:31.801+0000][176][info ][gc,heap     ] GC(1) Eden regions: 22->0(41)
[2025-08-24T10:39:31.801+0000][176][info ][gc,heap     ] GC(1) Survivor regions: 2->3(3)
[2025-08-24T10:39:31.801+0000][176][info ][gc,heap     ] GC(1) Old regions: 1->1
[2025-08-24T10:39:31.801+0000][176][info ][gc,heap     ] GC(1) Humongous regions: 0->0
[2025-08-24T10:39:31.801+0000][176][info ][gc,metaspace] GC(1) Metaspace: 20194K(20800K)->20194K(20800K) NonClass: 17876K(18240K)->17876K(18240K) Class: 2317K(2560K)->2317K(2560K)
[2025-08-24T10:39:31.801+0000][176][info ][gc          ] GC(1) Pause Young (Normal) (G1 Evacuation Pause) 93M->10M(1024M) 5.089ms
[2025-08-24T10:39:31.801+0000][176][info ][gc,cpu      ] GC(1) User=0.02s Sys=0.00s Real=0.00s
[2025-08-24T10:39:31.801+0000][176][info ][safepoint   ] Safepoint "G1CollectForAllocation", Time since last: 34630792 ns, Reaching safepoint: 115042 ns, Cleanup: 31333 ns, At safepoint: 5186875 ns, Total: 5333250 ns
[2025-08-24T10:39:31.858+0000][176][info ][gc,start    ] GC(2) Pause Young (Concurrent Start) (Metadata GC Threshold)
[2025-08-24T10:39:31.859+0000][176][info ][gc,task     ] GC(2) Using 8 workers of 8 for evacuation
[2025-08-24T10:39:31.859+0000][176][debug][gc,age      ] GC(2) Desired survivor size 12582912 bytes, new threshold 15 (max threshold 15)
[2025-08-24T10:39:31.862+0000][176][info ][gc,phases   ] GC(2)   Pre Evacuate Collection Set: 0.13ms
[2025-08-24T10:39:31.862+0000][176][info ][gc,phases   ] GC(2)   Merge Heap Roots: 0.03ms
[2025-08-24T10:39:31.862+0000][176][info ][gc,phases   ] GC(2)   Evacuate Collection Set: 2.26ms
[2025-08-24T10:39:31.862+0000][176][info ][gc,phases   ] GC(2)   Post Evacuate Collection Set: 0.66ms
[2025-08-24T10:39:31.862+0000][176][info ][gc,phases   ] GC(2)   Other: 0.17ms
[2025-08-24T10:39:31.862+0000][176][trace][gc,age      ] GC(2) Age table with threshold 15 (max threshold 15)
[2025-08-24T10:39:31.862+0000][176][trace][gc,age      ] GC(2) - age   1:     478872 bytes,     478872 total
[2025-08-24T10:39:31.862+0000][176][trace][gc,age      ] GC(2) - age   2:    4061464 bytes,    4540336 total
[2025-08-24T10:39:31.862+0000][176][trace][gc,age      ] GC(2) - age   3:    4587752 bytes,    9128088 total
[2025-08-24T10:39:31.862+0000][176][info ][gc,heap     ] GC(2) Eden regions: 6->0(81)
[2025-08-24T10:39:31.862+0000][176][info ][gc,heap     ] GC(2) Survivor regions: 3->3(6)
[2025-08-24T10:39:31.862+0000][176][info ][gc,heap     ] GC(2) Old regions: 1->1
[2025-08-24T10:39:31.862+0000][176][info ][gc,heap     ] GC(2) Humongous regions: 0->0
[2025-08-24T10:39:31.862+0000][176][info ][gc,metaspace] GC(2) Metaspace: 20854K(21504K)->20854K(21504K) NonClass: 18428K(18816K)->18428K(18816K) Class: 2425K(2688K)->2425K(2688K)
[2025-08-24T10:39:31.862+0000][176][info ][gc          ] GC(2) Pause Young (Concurrent Start) (Metadata GC Threshold) 32M->10M(1024M) 3.930ms
[2025-08-24T10:39:31.862+0000][176][info ][gc,cpu      ] GC(2) User=0.01s Sys=0.00s Real=0.00s
[2025-08-24T10:39:31.862+0000][176][info ][gc          ] GC(3) Concurrent Mark Cycle
[2025-08-24T10:39:31.862+0000][176][info ][gc,marking  ] GC(3) Concurrent Scan Root Regions
[2025-08-24T10:39:31.862+0000][176][info ][safepoint   ] Safepoint "CollectForMetadataAllocation", Time since last: 57493833 ns, Reaching safepoint: 1917 ns, Cleanup: 50875 ns, At safepoint: 4085625 ns, Total: 4138417 ns
[2025-08-24T10:39:31.865+0000][176][info ][gc,marking  ] GC(3) Concurrent Scan Root Regions 2.274ms
[2025-08-24T10:39:31.865+0000][176][info ][gc,marking  ] GC(3) Concurrent Mark
[2025-08-24T10:39:31.865+0000][176][info ][gc,marking  ] GC(3) Concurrent Mark From Roots
[2025-08-24T10:39:31.865+0000][176][info ][gc,task     ] GC(3) Using 2 workers of 2 for marking
[2025-08-24T10:39:31.866+0000][176][info ][gc,marking  ] GC(3) Concurrent Mark From Roots 1.016ms
[2025-08-24T10:39:31.866+0000][176][info ][gc,marking  ] GC(3) Concurrent Preclean
[2025-08-24T10:39:31.866+0000][176][info ][gc,marking  ] GC(3) Concurrent Preclean 0.027ms
[2025-08-24T10:39:31.867+0000][176][info ][gc,start    ] GC(3) Pause Remark
[2025-08-24T10:39:31.868+0000][176][info ][gc          ] GC(3) Pause Remark 13M->13M(1024M) 1.471ms
[2025-08-24T10:39:31.868+0000][176][info ][gc,cpu      ] GC(3) User=0.01s Sys=0.00s Real=0.00s
[2025-08-24T10:39:31.868+0000][176][info ][safepoint   ] Safepoint "G1PauseRemark", Time since last: 3501875 ns, Reaching safepoint: 639792 ns, Cleanup: 1583 ns, At safepoint: 1578125 ns, Total: 2219500 ns
[2025-08-24T10:39:31.868+0000][176][info ][gc,marking  ] GC(3) Concurrent Mark 3.410ms
[2025-08-24T10:39:31.868+0000][176][info ][gc,marking  ] GC(3) Concurrent Rebuild Remembered Sets and Scrub Regions
[2025-08-24T10:39:31.869+0000][176][info ][gc,marking  ] GC(3) Concurrent Rebuild Remembered Sets and Scrub Regions 0.379ms
[2025-08-24T10:39:31.869+0000][176][info ][gc,start    ] GC(3) Pause Cleanup
[2025-08-24T10:39:31.869+0000][176][info ][gc          ] GC(3) Pause Cleanup 13M->13M(1024M) 0.121ms
[2025-08-24T10:39:31.869+0000][176][info ][gc,cpu      ] GC(3) User=0.00s Sys=0.00s Real=0.00s
[2025-08-24T10:39:31.869+0000][176][info ][safepoint   ] Safepoint "G1PauseCleanup", Time since last: 499083 ns, Reaching safepoint: 1209 ns, Cleanup: 916 ns, At safepoint: 199792 ns, Total: 201917 ns
[2025-08-24T10:39:31.869+0000][176][info ][gc,marking  ] GC(3) Concurrent Clear Claimed Marks
[2025-08-24T10:39:31.869+0000][176][info ][gc,marking  ] GC(3) Concurrent Clear Claimed Marks 0.053ms
[2025-08-24T10:39:31.869+0000][176][info ][gc,marking  ] GC(3) Concurrent Cleanup for Next Mark
[2025-08-24T10:39:31.869+0000][176][info ][gc,marking  ] GC(3) Concurrent Cleanup for Next Mark 0.284ms
[2025-08-24T10:39:31.869+0000][176][info ][gc          ] GC(3) Concurrent Mark Cycle 7.019ms
[2025-08-24T10:39:32.025+0000][176][info ][safepoint   ] Safepoint "ICBufferFull", Time since last: 156529750 ns, Reaching safepoint: 2708 ns, Cleanup: 71542 ns, At safepoint: 3958 ns, Total: 78208 ns
[2025-08-24T10:39:32.106+0000][176][info ][safepoint   ] Safepoint "ICBufferFull", Time since last: 80258167 ns, Reaching safepoint: 2125 ns, Cleanup: 69625 ns, At safepoint: 8542 ns, Total: 80292 ns
[2025-08-24T10:39:32.200+0000][176][info ][safepoint   ] Safepoint "ICBufferFull", Time since last: 93627625 ns, Reaching safepoint: 5750 ns, Cleanup: 129458 ns, At safepoint: 16000 ns, Total: 151208 ns
[2025-08-24T10:39:32.342+0000][176][info ][safepoint   ] Safepoint "ICBufferFull", Time since last: 141239375 ns, Reaching safepoint: 963417 ns, Cleanup: 122542 ns, At safepoint: 12541 ns, Total: 1098500 ns
[2025-08-24T10:39:32.451+0000][176][info ][safepoint   ] Safepoint "ICBufferFull", Time since last: 108357792 ns, Reaching safepoint: 309292 ns, Cleanup: 83000 ns, At safepoint: 15458 ns, Total: 407750 ns
[2025-08-24T10:39:32.465+0000][176][info ][gc,start    ] GC(4) Pause Young (Prepare Mixed) (G1 Evacuation Pause)
[2025-08-24T10:39:32.465+0000][176][info ][gc,task     ] GC(4) Using 8 workers of 8 for evacuation
[2025-08-24T10:39:32.465+0000][176][debug][gc,age      ] GC(4) Desired survivor size 23068672 bytes, new threshold 15 (max threshold 15)
[2025-08-24T10:39:32.470+0000][176][info ][gc,phases   ] GC(4)   Pre Evacuate Collection Set: 0.15ms
[2025-08-24T10:39:32.470+0000][176][info ][gc,phases   ] GC(4)   Merge Heap Roots: 0.04ms
[2025-08-24T10:39:32.470+0000][176][info ][gc,phases   ] GC(4)   Evacuate Collection Set: 3.66ms
[2025-08-24T10:39:32.470+0000][176][info ][gc,phases   ] GC(4)   Post Evacuate Collection Set: 0.80ms
[2025-08-24T10:39:32.470+0000][176][info ][gc,phases   ] GC(4)   Other: 0.15ms
[2025-08-24T10:39:32.470+0000][176][trace][gc,age      ] GC(4) Age table with threshold 15 (max threshold 15)
[2025-08-24T10:39:32.470+0000][176][trace][gc,age      ] GC(4) - age   1:    6530200 bytes,    6530200 total
[2025-08-24T10:39:32.470+0000][176][trace][gc,age      ] GC(4) - age   2:     422960 bytes,    6953160 total
[2025-08-24T10:39:32.470+0000][176][trace][gc,age      ] GC(4) - age   3:    4028504 bytes,   10981664 total
[2025-08-24T10:39:32.470+0000][176][trace][gc,age      ] GC(4) - age   4:    4586528 bytes,   15568192 total
[2025-08-24T10:39:32.470+0000][176][info ][gc,heap     ] GC(4) Eden regions: 81->0(149)
[2025-08-24T10:39:32.470+0000][176][info ][gc,heap     ] GC(4) Survivor regions: 3->4(11)
[2025-08-24T10:39:32.470+0000][176][info ][gc,heap     ] GC(4) Old regions: 1->1
[2025-08-24T10:39:32.470+0000][176][info ][gc,heap     ] GC(4) Humongous regions: 0->0
[2025-08-24T10:39:32.470+0000][176][info ][gc,metaspace] GC(4) Metaspace: 28972K(29824K)->28972K(29824K) NonClass: 25625K(26112K)->25625K(26112K) Class: 3347K(3712K)->3347K(3712K)
[2025-08-24T10:39:32.470+0000][176][info ][gc          ] GC(4) Pause Young (Prepare Mixed) (G1 Evacuation Pause) 334M->17M(1024M) 5.443ms
[2025-08-24T10:39:32.470+0000][176][info ][gc,cpu      ] GC(4) User=0.02s Sys=0.00s Real=0.00s
[2025-08-24T10:39:32.470+0000][176][info ][safepoint   ] Safepoint "G1CollectForAllocation", Time since last: 13612708 ns, Reaching safepoint: 316959 ns, Cleanup: 20000 ns, At safepoint: 5544541 ns, Total: 5881500 ns
[2025-08-24T10:39:32.554+0000][176][info ][safepoint   ] Safepoint "ICBufferFull", Time since last: 83751792 ns, Reaching safepoint: 2458 ns, Cleanup: 72334 ns, At safepoint: 5083 ns, Total: 79875 ns
[2025-08-24T10:39:32.600+0000][176][info ][safepoint   ] Safepoint "ICBufferFull", Time since last: 45783542 ns, Reaching safepoint: 1833 ns, Cleanup: 65292 ns, At safepoint: 5083 ns, Total: 72208 ns
[2025-08-24T10:39:32.796+0000][176][info ][safepoint   ] Safepoint "ICBufferFull", Time since last: 195814625 ns, Reaching safepoint: 2417 ns, Cleanup: 81500 ns, At safepoint: 7000 ns, Total: 90917 ns
[2025-08-24T10:39:32.906+0000][176][info ][gc,start    ] GC(5) Pause Young (Mixed) (Metadata GC Threshold)
[2025-08-24T10:39:32.906+0000][176][info ][gc,task     ] GC(5) Using 8 workers of 8 for evacuation
[2025-08-24T10:39:32.906+0000][176][debug][gc,age      ] GC(5) Desired survivor size 41943040 bytes, new threshold 15 (max threshold 15)
[2025-08-24T10:39:32.913+0000][176][info ][gc,phases   ] GC(5)   Pre Evacuate Collection Set: 0.12ms
[2025-08-24T10:39:32.913+0000][176][info ][gc,phases   ] GC(5)   Merge Heap Roots: 0.05ms
[2025-08-24T10:39:32.913+0000][176][info ][gc,phases   ] GC(5)   Evacuate Collection Set: 5.36ms
[2025-08-24T10:39:32.913+0000][176][info ][gc,phases   ] GC(5)   Post Evacuate Collection Set: 0.79ms
[2025-08-24T10:39:32.913+0000][176][info ][gc,phases   ] GC(5)   Other: 0.15ms
[2025-08-24T10:39:32.913+0000][176][trace][gc,age      ] GC(5) Age table with threshold 15 (max threshold 15)
[2025-08-24T10:39:32.913+0000][176][trace][gc,age      ] GC(5) - age   1:    8171184 bytes,    8171184 total
[2025-08-24T10:39:32.913+0000][176][trace][gc,age      ] GC(5) - age   2:    5943368 bytes,   14114552 total
[2025-08-24T10:39:32.913+0000][176][trace][gc,age      ] GC(5) - age   3:     422840 bytes,   14537392 total
[2025-08-24T10:39:32.913+0000][176][trace][gc,age      ] GC(5) - age   4:    4027000 bytes,   18564392 total
[2025-08-24T10:39:32.913+0000][176][trace][gc,age      ] GC(5) - age   5:    4586496 bytes,   23150888 total
[2025-08-24T10:39:32.913+0000][176][info ][gc,heap     ] GC(5) Eden regions: 131->0(147)
[2025-08-24T10:39:32.913+0000][176][info ][gc,heap     ] GC(5) Survivor regions: 4->6(20)
[2025-08-24T10:39:32.913+0000][176][info ][gc,heap     ] GC(5) Old regions: 1->1
[2025-08-24T10:39:32.913+0000][176][info ][gc,heap     ] GC(5) Humongous regions: 0->0
[2025-08-24T10:39:32.913+0000][176][info ][gc,metaspace] GC(5) Metaspace: 35208K(36096K)->35208K(36096K) NonClass: 31145K(31680K)->31145K(31680K) Class: 4063K(4416K)->4063K(4416K)
[2025-08-24T10:39:32.913+0000][176][info ][gc          ] GC(5) Pause Young (Mixed) (Metadata GC Threshold) 541M->24M(1024M) 7.107ms
[2025-08-24T10:39:32.913+0000][176][info ][gc,cpu      ] GC(5) User=0.04s Sys=0.00s Real=0.00s
[2025-08-24T10:39:32.913+0000][176][info ][safepoint   ] Safepoint "CollectForMetadataAllocation", Time since last: 110191125 ns, Reaching safepoint: 1833 ns, Cleanup: 76500 ns, At safepoint: 7241792 ns, Total: 7320125 ns
[2025-08-24T10:39:32.919+0000][176][info ][gc,start    ] GC(6) Pause Young (Concurrent Start) (Metadata GC Threshold)
[2025-08-24T10:39:32.919+0000][176][info ][gc,task     ] GC(6) Using 8 workers of 8 for evacuation
[2025-08-24T10:39:32.919+0000][176][debug][gc,age      ] GC(6) Desired survivor size 41943040 bytes, new threshold 15 (max threshold 15)
[2025-08-24T10:39:32.924+0000][176][info ][gc,phases   ] GC(6)   Pre Evacuate Collection Set: 0.14ms
[2025-08-24T10:39:32.924+0000][176][info ][gc,phases   ] GC(6)   Merge Heap Roots: 0.06ms
[2025-08-24T10:39:32.924+0000][176][info ][gc,phases   ] GC(6)   Evacuate Collection Set: 4.29ms
[2025-08-24T10:39:32.924+0000][176][info ][gc,phases   ] GC(6)   Post Evacuate Collection Set: 0.59ms
[2025-08-24T10:39:32.924+0000][176][info ][gc,phases   ] GC(6)   Other: 0.15ms
[2025-08-24T10:39:32.924+0000][176][trace][gc,age      ] GC(6) Age table with threshold 15 (max threshold 15)
[2025-08-24T10:39:32.924+0000][176][trace][gc,age      ] GC(6) - age   1:      49208 bytes,      49208 total
[2025-08-24T10:39:32.924+0000][176][trace][gc,age      ] GC(6) - age   2:    8158672 bytes,    8207880 total
[2025-08-24T10:39:32.924+0000][176][trace][gc,age      ] GC(6) - age   3:    5943336 bytes,   14151216 total
[2025-08-24T10:39:32.924+0000][176][trace][gc,age      ] GC(6) - age   4:     422840 bytes,   14574056 total
[2025-08-24T10:39:32.924+0000][176][trace][gc,age      ] GC(6) - age   5:    4027000 bytes,   18601056 total
[2025-08-24T10:39:32.924+0000][176][trace][gc,age      ] GC(6) - age   6:    4586496 bytes,   23187552 total
[2025-08-24T10:39:32.924+0000][176][info ][gc,heap     ] GC(6) Eden regions: 1->0(146)
[2025-08-24T10:39:32.924+0000][176][info ][gc,heap     ] GC(6) Survivor regions: 6->7(20)
[2025-08-24T10:39:32.924+0000][176][info ][gc,heap     ] GC(6) Old regions: 1->1
[2025-08-24T10:39:32.924+0000][176][info ][gc,heap     ] GC(6) Humongous regions: 0->0
[2025-08-24T10:39:32.924+0000][176][info ][gc,metaspace] GC(6) Metaspace: 35538K(36416K)->35538K(36416K) NonClass: 31423K(31936K)->31423K(31936K) Class: 4114K(4480K)->4114K(4480K)
[2025-08-24T10:39:32.924+0000][176][info ][gc          ] GC(6) Pause Young (Concurrent Start) (Metadata GC Threshold) 28M->25M(1024M) 5.843ms
[2025-08-24T10:39:32.925+0000][176][info ][gc,cpu      ] GC(6) User=0.02s Sys=0.00s Real=0.00s
[2025-08-24T10:39:32.925+0000][176][info ][gc          ] GC(7) Concurrent Mark Cycle
[2025-08-24T10:39:32.925+0000][176][info ][gc,marking  ] GC(7) Concurrent Scan Root Regions
[2025-08-24T10:39:32.925+0000][176][info ][safepoint   ] Safepoint "CollectForMetadataAllocation", Time since last: 5358667 ns, Reaching safepoint: 1333 ns, Cleanup: 1000 ns, At safepoint: 5993833 ns, Total: 5996166 ns
[2025-08-24T10:39:32.928+0000][176][info ][gc,marking  ] GC(7) Concurrent Scan Root Regions 2.999ms
[2025-08-24T10:39:32.929+0000][176][info ][gc,marking  ] GC(7) Concurrent Mark
[2025-08-24T10:39:32.933+0000][176][info ][gc,marking  ] GC(7) Concurrent Mark From Roots
[2025-08-24T10:39:32.933+0000][176][info ][gc,task     ] GC(7) Using 2 workers of 2 for marking
[2025-08-24T10:39:32.933+0000][176][info ][safepoint   ] Safepoint "CollectForMetadataAllocation", Time since last: 8079584 ns, Reaching safepoint: 51083 ns, Cleanup: 5333 ns, At safepoint: 49417 ns, Total: 105833 ns
[2025-08-24T10:39:32.933+0000][176][info ][gc,marking  ] GC(7) Concurrent Mark From Roots 0.850ms
[2025-08-24T10:39:32.933+0000][176][info ][gc,marking  ] GC(7) Concurrent Preclean
[2025-08-24T10:39:32.933+0000][176][info ][gc,marking  ] GC(7) Concurrent Preclean 0.026ms
[2025-08-24T10:39:32.933+0000][176][info ][gc,start    ] GC(7) Pause Remark
[2025-08-24T10:39:32.935+0000][176][info ][gc          ] GC(7) Pause Remark 29M->29M(1024M) 1.937ms
[2025-08-24T10:39:32.935+0000][176][info ][gc,cpu      ] GC(7) User=0.01s Sys=0.00s Real=0.01s
[2025-08-24T10:39:32.935+0000][176][info ][safepoint   ] Safepoint "G1PauseRemark", Time since last: 673542 ns, Reaching safepoint: 1125 ns, Cleanup: 3000 ns, At safepoint: 2011541 ns, Total: 2015666 ns
[2025-08-24T10:39:32.936+0000][176][info ][gc,marking  ] GC(7) Concurrent Mark 6.507ms
[2025-08-24T10:39:32.936+0000][176][info ][gc,marking  ] GC(7) Concurrent Rebuild Remembered Sets and Scrub Regions
[2025-08-24T10:39:32.936+0000][176][info ][gc,marking  ] GC(7) Concurrent Rebuild Remembered Sets and Scrub Regions 0.427ms
[2025-08-24T10:39:32.937+0000][176][info ][gc,start    ] GC(7) Pause Cleanup
[2025-08-24T10:39:32.937+0000][176][info ][gc          ] GC(7) Pause Cleanup 31M->31M(1024M) 0.119ms
[2025-08-24T10:39:32.937+0000][176][info ][gc,cpu      ] GC(7) User=0.00s Sys=0.00s Real=0.00s
[2025-08-24T10:39:32.937+0000][176][info ][safepoint   ] Safepoint "G1PauseCleanup", Time since last: 530709 ns, Reaching safepoint: 515041 ns, Cleanup: 9375 ns, At safepoint: 216084 ns, Total: 740500 ns
[2025-08-24T10:39:32.937+0000][176][info ][gc,marking  ] GC(7) Concurrent Clear Claimed Marks
[2025-08-24T10:39:32.937+0000][176][info ][gc,marking  ] GC(7) Concurrent Clear Claimed Marks 0.057ms
[2025-08-24T10:39:32.937+0000][176][info ][gc,marking  ] GC(7) Concurrent Cleanup for Next Mark
[2025-08-24T10:39:32.937+0000][176][info ][gc,marking  ] GC(7) Concurrent Cleanup for Next Mark 0.329ms
[2025-08-24T10:39:32.937+0000][176][info ][gc          ] GC(7) Concurrent Mark Cycle 12.811ms
[2025-08-24T10:39:33.247+0000][176][info ][safepoint   ] Safepoint "ICBufferFull", Time since last: 310534041 ns, Reaching safepoint: 2250 ns, Cleanup: 98959 ns, At safepoint: 5083 ns, Total: 106292 ns
[2025-08-24T10:39:33.329+0000][176][info ][gc,start    ] GC(8) Pause Young (Normal) (G1 Evacuation Pause)
[2025-08-24T10:39:33.329+0000][176][info ][gc,task     ] GC(8) Using 8 workers of 8 for evacuation
[2025-08-24T10:39:33.329+0000][176][debug][gc,age      ] GC(8) Desired survivor size 41943040 bytes, new threshold 15 (max threshold 15)
[2025-08-24T10:39:33.337+0000][176][info ][gc,phases   ] GC(8)   Pre Evacuate Collection Set: 0.11ms
[2025-08-24T10:39:33.337+0000][176][info ][gc,phases   ] GC(8)   Merge Heap Roots: 0.04ms
[2025-08-24T10:39:33.337+0000][176][info ][gc,phases   ] GC(8)   Evacuate Collection Set: 6.06ms
[2025-08-24T10:39:33.337+0000][176][info ][gc,phases   ] GC(8)   Post Evacuate Collection Set: 0.85ms
[2025-08-24T10:39:33.337+0000][176][info ][gc,phases   ] GC(8)   Other: 0.15ms
[2025-08-24T10:39:33.337+0000][176][trace][gc,age      ] GC(8) Age table with threshold 15 (max threshold 15)
[2025-08-24T10:39:33.337+0000][176][trace][gc,age      ] GC(8) - age   1:   10189672 bytes,   10189672 total
[2025-08-24T10:39:33.337+0000][176][trace][gc,age      ] GC(8) - age   2:      38232 bytes,   10227904 total
[2025-08-24T10:39:33.337+0000][176][trace][gc,age      ] GC(8) - age   3:    8145048 bytes,   18372952 total
[2025-08-24T10:39:33.337+0000][176][trace][gc,age      ] GC(8) - age   4:    5935472 bytes,   24308424 total
[2025-08-24T10:39:33.337+0000][176][trace][gc,age      ] GC(8) - age   5:     402856 bytes,   24711280 total
[2025-08-24T10:39:33.337+0000][176][trace][gc,age      ] GC(8) - age   6:    4019184 bytes,   28730464 total
[2025-08-24T10:39:33.337+0000][176][trace][gc,age      ] GC(8) - age   7:    4579712 bytes,   33310176 total
[2025-08-24T10:39:33.337+0000][176][info ][gc,heap     ] GC(8) Eden regions: 146->0(144)
[2025-08-24T10:39:33.337+0000][176][info ][gc,heap     ] GC(8) Survivor regions: 7->9(20)
[2025-08-24T10:39:33.337+0000][176][info ][gc,heap     ] GC(8) Old regions: 1->1
[2025-08-24T10:39:33.337+0000][176][info ][gc,heap     ] GC(8) Humongous regions: 0->0
[2025-08-24T10:39:33.337+0000][176][info ][gc,metaspace] GC(8) Metaspace: 38294K(39424K)->38294K(39424K) NonClass: 33802K(34496K)->33802K(34496K) Class: 4491K(4928K)->4491K(4928K)
[2025-08-24T10:39:33.337+0000][176][info ][gc          ] GC(8) Pause Young (Normal) (G1 Evacuation Pause) 609M->36M(1024M) 7.980ms
[2025-08-24T10:39:33.337+0000][176][info ][gc,cpu      ] GC(8) User=0.04s Sys=0.00s Real=0.01s
[2025-08-24T10:39:33.337+0000][176][info ][safepoint   ] Safepoint "G1CollectForAllocation", Time since last: 81784375 ns, Reaching safepoint: 2833 ns, Cleanup: 47334 ns, At safepoint: 8058708 ns, Total: 8108875 ns
[2025-08-24T10:39:33.513+0000][176][info ][safepoint   ] Safepoint "ICBufferFull", Time since last: 175804208 ns, Reaching safepoint: 2250 ns, Cleanup: 77625 ns, At safepoint: 7334 ns, Total: 87209 ns
[2025-08-24T10:39:33.599+0000][176][info ][safepoint   ] Safepoint "ICBufferFull", Time since last: 85239500 ns, Reaching safepoint: 133833 ns, Cleanup: 95292 ns, At safepoint: 11292 ns, Total: 240417 ns
[2025-08-24T10:39:33.697+0000][176][info ][safepoint   ] Safepoint "ICBufferFull", Time since last: 97980666 ns, Reaching safepoint: 2209 ns, Cleanup: 82958 ns, At safepoint: 8375 ns, Total: 93542 ns
[2025-08-24T10:39:33.951+0000][176][info ][safepoint   ] Safepoint "ICBufferFull", Time since last: 254474667 ns, Reaching safepoint: 1791 ns, Cleanup: 71542 ns, At safepoint: 5542 ns, Total: 78875 ns
[2025-08-24T10:39:34.017+0000][176][info ][safepoint   ] Safepoint "ICBufferFull", Time since last: 65238583 ns, Reaching safepoint: 2417 ns, Cleanup: 88333 ns, At safepoint: 8750 ns, Total: 99500 ns
[2025-08-24T10:39:34.241+0000][176][info ][safepoint   ] Safepoint "ICBufferFull", Time since last: 223813209 ns, Reaching safepoint: 1791 ns, Cleanup: 51375 ns, At safepoint: 11375 ns, Total: 64541 ns
[2025-08-24T10:39:34.339+0000][176][info ][gc,start    ] GC(9) Pause Young (Concurrent Start) (Metadata GC Threshold)
[2025-08-24T10:39:34.339+0000][176][info ][gc,task     ] GC(9) Using 8 workers of 8 for evacuation
[2025-08-24T10:39:34.339+0000][176][debug][gc,age      ] GC(9) Desired survivor size 41943040 bytes, new threshold 15 (max threshold 15)
[2025-08-24T10:39:34.350+0000][176][info ][gc,phases   ] GC(9)   Pre Evacuate Collection Set: 0.13ms
[2025-08-24T10:39:34.350+0000][176][info ][gc,phases   ] GC(9)   Merge Heap Roots: 0.06ms
[2025-08-24T10:39:34.350+0000][176][info ][gc,phases   ] GC(9)   Evacuate Collection Set: 8.88ms
[2025-08-24T10:39:34.350+0000][176][info ][gc,phases   ] GC(9)   Post Evacuate Collection Set: 1.41ms
[2025-08-24T10:39:34.350+0000][176][info ][gc,phases   ] GC(9)   Other: 0.20ms
[2025-08-24T10:39:34.350+0000][176][trace][gc,age      ] GC(9) Age table with threshold 15 (max threshold 15)
[2025-08-24T10:39:34.350+0000][176][trace][gc,age      ] GC(9) - age   1:   10329752 bytes,   10329752 total
[2025-08-24T10:39:34.350+0000][176][trace][gc,age      ] GC(9) - age   2:    8878520 bytes,   19208272 total
[2025-08-24T10:39:34.350+0000][176][trace][gc,age      ] GC(9) - age   3:      38008 bytes,   19246280 total
[2025-08-24T10:39:34.350+0000][176][trace][gc,age      ] GC(9) - age   4:    8104472 bytes,   27350752 total
[2025-08-24T10:39:34.350+0000][176][trace][gc,age      ] GC(9) - age   5:    5750176 bytes,   33100928 total
[2025-08-24T10:39:34.350+0000][176][trace][gc,age      ] GC(9) - age   6:     399296 bytes,   33500224 total
[2025-08-24T10:39:34.350+0000][176][trace][gc,age      ] GC(9) - age   7:    3981656 bytes,   37481880 total
[2025-08-24T10:39:34.350+0000][176][trace][gc,age      ] GC(9) - age   8:    4570688 bytes,   42052568 total
[2025-08-24T10:39:34.350+0000][176][info ][gc,heap     ] GC(9) Eden regions: 135->0(142)
[2025-08-24T10:39:34.350+0000][176][info ][gc,heap     ] GC(9) Survivor regions: 9->11(20)
[2025-08-24T10:39:34.350+0000][176][info ][gc,heap     ] GC(9) Old regions: 1->1
[2025-08-24T10:39:34.350+0000][176][info ][gc,heap     ] GC(9) Humongous regions: 0->0
[2025-08-24T10:39:34.350+0000][176][info ][gc,metaspace] GC(9) Metaspace: 59939K(61376K)->59939K(61376K) NonClass: 52367K(53248K)->52367K(53248K) Class: 7571K(8128K)->7571K(8128K)
[2025-08-24T10:39:34.350+0000][176][info ][gc          ] GC(9) Pause Young (Concurrent Start) (Metadata GC Threshold) 576M->44M(1024M) 11.458ms
[2025-08-24T10:39:34.350+0000][176][info ][gc,cpu      ] GC(9) User=0.06s Sys=0.00s Real=0.01s
[2025-08-24T10:39:34.350+0000][176][info ][gc          ] GC(10) Concurrent Mark Cycle
[2025-08-24T10:39:34.351+0000][176][info ][gc,marking  ] GC(10) Concurrent Scan Root Regions
[2025-08-24T10:39:34.351+0000][176][info ][safepoint   ] Safepoint "CollectForMetadataAllocation", Time since last: 98332167 ns, Reaching safepoint: 2000 ns, Cleanup: 42208 ns, At safepoint: 11645125 ns, Total: 11689333 ns
[2025-08-24T10:39:34.355+0000][176][info ][gc,marking  ] GC(10) Concurrent Scan Root Regions 4.654ms
[2025-08-24T10:39:34.357+0000][176][info ][gc,marking  ] GC(10) Concurrent Mark
[2025-08-24T10:39:34.357+0000][176][info ][gc,marking  ] GC(10) Concurrent Mark From Roots
[2025-08-24T10:39:34.358+0000][176][info ][gc,task     ] GC(10) Using 2 workers of 2 for marking
[2025-08-24T10:39:34.358+0000][176][info ][safepoint   ] Safepoint "CollectForMetadataAllocation", Time since last: 7615459 ns, Reaching safepoint: 2500 ns, Cleanup: 1583 ns, At safepoint: 57833 ns, Total: 61916 ns
[2025-08-24T10:39:34.359+0000][176][info ][gc,marking  ] GC(10) Concurrent Mark From Roots 1.383ms
[2025-08-24T10:39:34.362+0000][176][info ][gc,marking  ] GC(10) Concurrent Preclean
[2025-08-24T10:39:34.363+0000][176][info ][gc,marking  ] GC(10) Concurrent Preclean 0.981ms
[2025-08-24T10:39:34.366+0000][176][info ][gc,start    ] GC(10) Pause Remark
[2025-08-24T10:39:34.368+0000][176][info ][gc          ] GC(10) Pause Remark 50M->50M(1024M) 2.478ms
[2025-08-24T10:39:34.368+0000][176][info ][gc,cpu      ] GC(10) User=0.01s Sys=0.00s Real=0.00s
[2025-08-24T10:39:34.368+0000][176][info ][safepoint   ] Safepoint "G1PauseRemark", Time since last: 6371792 ns, Reaching safepoint: 1181625 ns, Cleanup: 2125 ns, At safepoint: 2622667 ns, Total: 3806417 ns
[2025-08-24T10:39:34.368+0000][176][info ][gc,marking  ] GC(10) Concurrent Mark 11.878ms
[2025-08-24T10:39:34.368+0000][176][info ][gc,marking  ] GC(10) Concurrent Rebuild Remembered Sets and Scrub Regions
[2025-08-24T10:39:34.369+0000][176][info ][gc,marking  ] GC(10) Concurrent Rebuild Remembered Sets and Scrub Regions 0.401ms
[2025-08-24T10:39:34.369+0000][176][info ][gc,start    ] GC(10) Pause Cleanup
[2025-08-24T10:39:34.369+0000][176][info ][gc          ] GC(10) Pause Cleanup 50M->50M(1024M) 0.063ms
[2025-08-24T10:39:34.369+0000][176][info ][gc,cpu      ] GC(10) User=0.00s Sys=0.00s Real=0.00s
[2025-08-24T10:39:34.369+0000][176][info ][safepoint   ] Safepoint "G1PauseCleanup", Time since last: 539583 ns, Reaching safepoint: 1542 ns, Cleanup: 8375 ns, At safepoint: 147791 ns, Total: 157708 ns
[2025-08-24T10:39:34.369+0000][176][info ][gc,marking  ] GC(10) Concurrent Clear Claimed Marks
[2025-08-24T10:39:34.369+0000][176][info ][gc,marking  ] GC(10) Concurrent Clear Claimed Marks 0.051ms
[2025-08-24T10:39:34.369+0000][176][info ][gc,marking  ] GC(10) Concurrent Cleanup for Next Mark
[2025-08-24T10:39:34.369+0000][176][info ][gc,marking  ] GC(10) Concurrent Cleanup for Next Mark 0.264ms
[2025-08-24T10:39:34.370+0000][176][info ][gc          ] GC(10) Concurrent Mark Cycle 19.103ms
[2025-08-24T10:39:34.670+0000][176][info ][safepoint   ] Safepoint "ICBufferFull", Time since last: 301137792 ns, Reaching safepoint: 2875 ns, Cleanup: 98417 ns, At safepoint: 8958 ns, Total: 110250 ns
[2025-08-24T10:39:34.768+0000][176][info ][safepoint   ] Safepoint "ICBufferFull", Time since last: 97725917 ns, Reaching safepoint: 3166 ns, Cleanup: 94584 ns, At safepoint: 5000 ns, Total: 102750 ns
[2025-08-24T10:39:35.198+0000][176][info ][safepoint   ] Safepoint "ICBufferFull", Time since last: 429897500 ns, Reaching safepoint: 2708 ns, Cleanup: 96417 ns, At safepoint: 9292 ns, Total: 108417 ns
[2025-08-24T10:39:35.344+0000][176][info ][safepoint   ] Safepoint "ICBufferFull", Time since last: 145120208 ns, Reaching safepoint: 270333 ns, Cleanup: 83792 ns, At safepoint: 13500 ns, Total: 367625 ns
[2025-08-24T10:39:35.605+0000][176][info ][safepoint   ] Safepoint "ICBufferFull", Time since last: 261002500 ns, Reaching safepoint: 3750 ns, Cleanup: 89250 ns, At safepoint: 5917 ns, Total: 98917 ns
[2025-08-24T10:39:35.640+0000][176][info ][gc,start    ] GC(11) Pause Young (Normal) (G1 Evacuation Pause)
[2025-08-24T10:39:35.641+0000][176][info ][gc,task     ] GC(11) Using 8 workers of 8 for evacuation
[2025-08-24T10:39:35.641+0000][176][debug][gc,age      ] GC(11) Desired survivor size 41943040 bytes, new threshold 8 (max threshold 15)
[2025-08-24T10:39:35.656+0000][176][info ][gc,phases   ] GC(11)   Pre Evacuate Collection Set: 0.25ms
[2025-08-24T10:39:35.656+0000][176][info ][gc,phases   ] GC(11)   Merge Heap Roots: 0.12ms
[2025-08-24T10:39:35.656+0000][176][info ][gc,phases   ] GC(11)   Evacuate Collection Set: 13.46ms
[2025-08-24T10:39:35.657+0000][176][info ][gc,phases   ] GC(11)   Post Evacuate Collection Set: 1.63ms
[2025-08-24T10:39:35.657+0000][176][info ][gc,phases   ] GC(11)   Other: 0.20ms
[2025-08-24T10:39:35.657+0000][176][trace][gc,age      ] GC(11) Age table with threshold 8 (max threshold 15)
[2025-08-24T10:39:35.657+0000][176][trace][gc,age      ] GC(11) - age   1:   10825520 bytes,   10825520 total
[2025-08-24T10:39:35.657+0000][176][trace][gc,age      ] GC(11) - age   2:    9881912 bytes,   20707432 total
[2025-08-24T10:39:35.657+0000][176][trace][gc,age      ] GC(11) - age   3:    8829640 bytes,   29537072 total
[2025-08-24T10:39:35.657+0000][176][trace][gc,age      ] GC(11) - age   4:      37944 bytes,   29575016 total
[2025-08-24T10:39:35.657+0000][176][trace][gc,age      ] GC(11) - age   5:    8093184 bytes,   37668200 total
[2025-08-24T10:39:35.657+0000][176][trace][gc,age      ] GC(11) - age   6:    5725984 bytes,   43394184 total
[2025-08-24T10:39:35.657+0000][176][trace][gc,age      ] GC(11) - age   7:     396896 bytes,   43791080 total
[2025-08-24T10:39:35.657+0000][176][trace][gc,age      ] GC(11) - age   8:    3974264 bytes,   47765344 total
[2025-08-24T10:39:35.657+0000][176][info ][gc,heap     ] GC(11) Eden regions: 142->0(141)
[2025-08-24T10:39:35.657+0000][176][info ][gc,heap     ] GC(11) Survivor regions: 11->12(20)
[2025-08-24T10:39:35.657+0000][176][info ][gc,heap     ] GC(11) Old regions: 1->2
[2025-08-24T10:39:35.657+0000][176][info ][gc,heap     ] GC(11) Humongous regions: 0->0
[2025-08-24T10:39:35.657+0000][176][info ][gc,metaspace] GC(11) Metaspace: 75236K(77120K)->75236K(77120K) NonClass: 65147K(66304K)->65147K(66304K) Class: 10088K(10816K)->10088K(10816K)
[2025-08-24T10:39:35.657+0000][176][info ][gc          ] GC(11) Pause Young (Normal) (G1 Evacuation Pause) 612M->54M(1024M) 16.771ms
[2025-08-24T10:39:35.657+0000][176][info ][gc,cpu      ] GC(11) User=0.11s Sys=0.00s Real=0.02s
[2025-08-24T10:39:35.657+0000][176][info ][safepoint   ] Safepoint "G1CollectForAllocation", Time since last: 35597792 ns, Reaching safepoint: 3291 ns, Cleanup: 7042 ns, At safepoint: 16891542 ns, Total: 16901875 ns
[2025-08-24T10:39:35.887+0000][176][info ][safepoint   ] Safepoint "ICBufferFull", Time since last: 229710000 ns, Reaching safepoint: 2541 ns, Cleanup: 95334 ns, At safepoint: 10375 ns, Total: 108250 ns
[2025-08-24T10:39:36.057+0000][176][info ][safepoint   ] Safepoint "ICBufferFull", Time since last: 169853791 ns, Reaching safepoint: 3000 ns, Cleanup: 117542 ns, At safepoint: 7792 ns, Total: 128334 ns
[2025-08-24T10:39:36.390+0000][176][info ][safepoint   ] Safepoint "ICBufferFull", Time since last: 332496000 ns, Reaching safepoint: 12583 ns, Cleanup: 151209 ns, At safepoint: 20791 ns, Total: 184583 ns
[2025-08-24T10:39:36.642+0000][176][info ][safepoint   ] Safepoint "ICBufferFull", Time since last: 251666167 ns, Reaching safepoint: 7458 ns, Cleanup: 114292 ns, At safepoint: 11583 ns, Total: 133333 ns
[2025-08-24T10:39:36.974+0000][176][info ][gc,start    ] GC(12) Pause Young (Concurrent Start) (Metadata GC Threshold)
[2025-08-24T10:39:36.974+0000][176][info ][gc,task     ] GC(12) Using 8 workers of 8 for evacuation
[2025-08-24T10:39:36.974+0000][176][debug][gc,age      ] GC(12) Desired survivor size 41943040 bytes, new threshold 6 (max threshold 15)
[2025-08-24T10:39:36.991+0000][176][info ][gc,phases   ] GC(12)   Pre Evacuate Collection Set: 0.13ms
[2025-08-24T10:39:36.992+0000][176][info ][gc,phases   ] GC(12)   Merge Heap Roots: 0.07ms
[2025-08-24T10:39:36.992+0000][176][info ][gc,phases   ] GC(12)   Evacuate Collection Set: 15.25ms
[2025-08-24T10:39:36.992+0000][176][info ][gc,phases   ] GC(12)   Post Evacuate Collection Set: 1.91ms
[2025-08-24T10:39:36.992+0000][176][info ][gc,phases   ] GC(12)   Other: 0.21ms
[2025-08-24T10:39:36.992+0000][176][trace][gc,age      ] GC(12) Age table with threshold 6 (max threshold 15)
[2025-08-24T10:39:36.992+0000][176][trace][gc,age      ] GC(12) - age   1:    9896096 bytes,    9896096 total
[2025-08-24T10:39:36.992+0000][176][trace][gc,age      ] GC(12) - age   2:   10452480 bytes,   20348576 total
[2025-08-24T10:39:36.992+0000][176][trace][gc,age      ] GC(12) - age   3:    9715648 bytes,   30064224 total
[2025-08-24T10:39:36.992+0000][176][trace][gc,age      ] GC(12) - age   4:    8811896 bytes,   38876120 total
[2025-08-24T10:39:36.992+0000][176][trace][gc,age      ] GC(12) - age   5:      37688 bytes,   38913808 total
[2025-08-24T10:39:36.992+0000][176][trace][gc,age      ] GC(12) - age   6:    8068048 bytes,   46981856 total
[2025-08-24T10:39:36.992+0000][176][info ][gc,heap     ] GC(12) Eden regions: 81->0(140)
[2025-08-24T10:39:36.992+0000][176][info ][gc,heap     ] GC(12) Survivor regions: 12->13(20)
[2025-08-24T10:39:36.992+0000][176][info ][gc,heap     ] GC(12) Old regions: 2->4
[2025-08-24T10:39:36.992+0000][176][info ][gc,heap     ] GC(12) Humongous regions: 0->0
[2025-08-24T10:39:36.992+0000][176][info ][gc,metaspace] GC(12) Metaspace: 101324K(103360K)->101324K(103360K) NonClass: 87633K(88832K)->87633K(88832K) Class: 13690K(14528K)->13690K(14528K)
[2025-08-24T10:39:36.992+0000][176][info ][gc          ] GC(12) Pause Young (Concurrent Start) (Metadata GC Threshold) 376M->64M(1024M) 18.297ms
[2025-08-24T10:39:36.992+0000][176][info ][gc,cpu      ] GC(12) User=0.11s Sys=0.00s Real=0.02s
[2025-08-24T10:39:36.992+0000][176][info ][safepoint   ] Safepoint "CollectForMetadataAllocation", Time since last: 332096709 ns, Reaching safepoint: 3125 ns, Cleanup: 55125 ns, At safepoint: 18485208 ns, Total: 18543458 ns
[2025-08-24T10:39:36.992+0000][176][info ][gc          ] GC(13) Concurrent Mark Cycle
[2025-08-24T10:39:36.992+0000][176][info ][gc,marking  ] GC(13) Concurrent Scan Root Regions
[2025-08-24T10:39:36.996+0000][176][info ][safepoint   ] Safepoint "CollectForMetadataAllocation", Time since last: 3642417 ns, Reaching safepoint: 3083 ns, Cleanup: 6292 ns, At safepoint: 56666 ns, Total: 66041 ns
[2025-08-24T10:39:37.001+0000][176][info ][safepoint   ] Safepoint "CollectForMetadataAllocation", Time since last: 4953334 ns, Reaching safepoint: 6041 ns, Cleanup: 2917 ns, At safepoint: 121458 ns, Total: 130416 ns
[2025-08-24T10:39:37.005+0000][176][info ][gc,marking  ] GC(13) Concurrent Scan Root Regions 12.411ms
[2025-08-24T10:39:37.005+0000][176][info ][gc,marking  ] GC(13) Concurrent Mark
[2025-08-24T10:39:37.005+0000][176][info ][gc,marking  ] GC(13) Concurrent Mark From Roots
[2025-08-24T10:39:37.005+0000][176][info ][gc,task     ] GC(13) Using 2 workers of 2 for marking
[2025-08-24T10:39:37.009+0000][176][info ][gc,marking  ] GC(13) Concurrent Mark From Roots 3.795ms
[2025-08-24T10:39:37.009+0000][176][info ][gc,marking  ] GC(13) Concurrent Preclean
[2025-08-24T10:39:37.009+0000][176][info ][gc,marking  ] GC(13) Concurrent Preclean 0.078ms
[2025-08-24T10:39:37.010+0000][176][info ][gc,start    ] GC(13) Pause Remark
[2025-08-24T10:39:37.014+0000][176][info ][gc          ] GC(13) Pause Remark 68M->68M(1024M) 4.358ms
[2025-08-24T10:39:37.014+0000][176][info ][gc,cpu      ] GC(13) User=0.01s Sys=0.00s Real=0.00s
[2025-08-24T10:39:37.014+0000][176][info ][safepoint   ] Safepoint "G1PauseRemark", Time since last: 7902084 ns, Reaching safepoint: 690125 ns, Cleanup: 31291 ns, At safepoint: 4522084 ns, Total: 5243500 ns
[2025-08-24T10:39:37.014+0000][176][info ][gc,marking  ] GC(13) Concurrent Mark 9.416ms
[2025-08-24T10:39:37.014+0000][176][info ][gc,marking  ] GC(13) Concurrent Rebuild Remembered Sets and Scrub Regions
[2025-08-24T10:39:37.018+0000][176][info ][gc,marking  ] GC(13) Concurrent Rebuild Remembered Sets and Scrub Regions 3.369ms
[2025-08-24T10:39:37.019+0000][176][info ][gc,start    ] GC(13) Pause Cleanup
[2025-08-24T10:39:37.019+0000][176][info ][gc          ] GC(13) Pause Cleanup 71M->71M(1024M) 0.131ms
[2025-08-24T10:39:37.019+0000][176][info ][gc,cpu      ] GC(13) User=0.00s Sys=0.00s Real=0.00s
[2025-08-24T10:39:37.019+0000][176][info ][safepoint   ] Safepoint "G1PauseCleanup", Time since last: 3584583 ns, Reaching safepoint: 1103792 ns, Cleanup: 26333 ns, At safepoint: 223583 ns, Total: 1353708 ns
[2025-08-24T10:39:37.019+0000][176][info ][gc,marking  ] GC(13) Concurrent Clear Claimed Marks
[2025-08-24T10:39:37.019+0000][176][info ][gc,marking  ] GC(13) Concurrent Clear Claimed Marks 0.089ms
[2025-08-24T10:39:37.019+0000][176][info ][gc,marking  ] GC(13) Concurrent Cleanup for Next Mark
[2025-08-24T10:39:37.020+0000][176][info ][gc,marking  ] GC(13) Concurrent Cleanup for Next Mark 0.317ms
[2025-08-24T10:39:37.020+0000][176][info ][gc          ] GC(13) Concurrent Mark Cycle 27.517ms
[2025-08-24T10:39:37.228+0000][176][info ][safepoint   ] Safepoint "ICBufferFull", Time since last: 209209876 ns, Reaching safepoint: 3291 ns, Cleanup: 64084 ns, At safepoint: 4750 ns, Total: 72125 ns
[2025-08-24T10:39:37.495+0000][176][info ][safepoint   ] Safepoint "ICBufferFull", Time since last: 266049666 ns, Reaching safepoint: 3042 ns, Cleanup: 105208 ns, At safepoint: 6084 ns, Total: 114334 ns
[2025-08-24T10:39:37.846+0000][176][info ][safepoint   ] Safepoint "ICBufferFull", Time since last: 351344750 ns, Reaching safepoint: 2500 ns, Cleanup: 73833 ns, At safepoint: 3042 ns, Total: 79375 ns
[2025-08-24T10:39:37.969+0000][176][info ][safepoint   ] Safepoint "ICBufferFull", Time since last: 122974458 ns, Reaching safepoint: 2500 ns, Cleanup: 85167 ns, At safepoint: 4875 ns, Total: 92542 ns
[2025-08-24T10:39:38.002+0000][176][info ][safepoint   ] Safepoint "ICBufferFull", Time since last: 32282417 ns, Reaching safepoint: 321750 ns, Cleanup: 104166 ns, At safepoint: 19334 ns, Total: 445250 ns
[2025-08-24T10:39:38.043+0000][176][info ][safepoint   ] Safepoint "ICBufferFull", Time since last: 41596583 ns, Reaching safepoint: 3292 ns, Cleanup: 61125 ns, At safepoint: 8916 ns, Total: 73333 ns
[2025-08-24T10:39:38.055+0000][176][info ][safepoint   ] Safepoint "ICBufferFull", Time since last: 11777584 ns, Reaching safepoint: 2166 ns, Cleanup: 110209 ns, At safepoint: 2958 ns, Total: 115333 ns
[2025-08-24T10:39:38.075+0000][176][info ][safepoint   ] Safepoint "ICBufferFull", Time since last: 19460583 ns, Reaching safepoint: 3334 ns, Cleanup: 70125 ns, At safepoint: 8375 ns, Total: 81834 ns
[2025-08-24T10:39:38.103+0000][176][info ][safepoint   ] Safepoint "ICBufferFull", Time since last: 27223458 ns, Reaching safepoint: 602958 ns, Cleanup: 85084 ns, At safepoint: 16125 ns, Total: 704167 ns
[2025-08-24T10:39:38.174+0000][176][info ][safepoint   ] Safepoint "ICBufferFull", Time since last: 70896541 ns, Reaching safepoint: 3042 ns, Cleanup: 78917 ns, At safepoint: 12166 ns, Total: 94125 ns
[2025-08-24T10:39:38.253+0000][176][info ][safepoint   ] Safepoint "ICBufferFull", Time since last: 78069875 ns, Reaching safepoint: 720042 ns, Cleanup: 87417 ns, At safepoint: 8625 ns, Total: 816084 ns
[2025-08-24T10:39:38.356+0000][176][info ][safepoint   ] Safepoint "ICBufferFull", Time since last: 103493166 ns, Reaching safepoint: 3625 ns, Cleanup: 141375 ns, At safepoint: 16084 ns, Total: 161084 ns
[2025-08-24T10:39:38.526+0000][176][info ][safepoint   ] Safepoint "ICBufferFull", Time since last: 169574000 ns, Reaching safepoint: 4333 ns, Cleanup: 87000 ns, At safepoint: 8875 ns, Total: 100208 ns
[2025-08-24T10:39:38.602+0000][176][info ][safepoint   ] Safepoint "ICBufferFull", Time since last: 75767125 ns, Reaching safepoint: 4584 ns, Cleanup: 67958 ns, At safepoint: 10458 ns, Total: 83000 ns
[2025-08-24T10:39:38.652+0000][176][info ][safepoint   ] Safepoint "ICBufferFull", Time since last: 49878584 ns, Reaching safepoint: 3666 ns, Cleanup: 73542 ns, At safepoint: 10792 ns, Total: 88000 ns
[2025-08-24T10:39:38.755+0000][176][info ][safepoint   ] Safepoint "ICBufferFull", Time since last: 94861375 ns, Reaching safepoint: 6225000 ns, Cleanup: 313666 ns, At safepoint: 1852125 ns, Total: 8390791 ns
[2025-08-24T10:39:38.758+0000][176][info ][safepoint   ] Safepoint "ICBufferFull", Time since last: 823125 ns, Reaching safepoint: 795917 ns, Cleanup: 7000 ns, At safepoint: 1036208 ns, Total: 1839125 ns
[2025-08-24T10:39:38.855+0000][176][info ][safepoint   ] Safepoint "ICBufferFull", Time since last: 97443834 ns, Reaching safepoint: 5083 ns, Cleanup: 78833 ns, At safepoint: 5792 ns, Total: 89708 ns
[2025-08-24T10:39:38.968+0000][176][info ][safepoint   ] Safepoint "ICBufferFull", Time since last: 112907583 ns, Reaching safepoint: 23125 ns, Cleanup: 68500 ns, At safepoint: 13334 ns, Total: 104959 ns
[2025-08-24T10:39:39.062+0000][176][info ][safepoint   ] Safepoint "ICBufferFull", Time since last: 92589458 ns, Reaching safepoint: 929917 ns, Cleanup: 131791 ns, At safepoint: 11334 ns, Total: 1073042 ns
[2025-08-24T10:39:39.170+0000][176][info ][safepoint   ] Safepoint "ICBufferFull", Time since last: 107529750 ns, Reaching safepoint: 17375 ns, Cleanup: 146667 ns, At safepoint: 20250 ns, Total: 184292 ns
[2025-08-24T10:39:39.259+0000][176][info ][safepoint   ] Safepoint "ICBufferFull", Time since last: 88843166 ns, Reaching safepoint: 12625 ns, Cleanup: 79459 ns, At safepoint: 7708 ns, Total: 99792 ns
[2025-08-24T10:39:39.328+0000][176][info ][safepoint   ] Safepoint "ICBufferFull", Time since last: 69641583 ns, Reaching safepoint: 5042 ns, Cleanup: 73708 ns, At safepoint: 11500 ns, Total: 90250 ns
[2025-08-24T10:39:39.437+0000][176][info ][safepoint   ] Safepoint "ICBufferFull", Time since last: 107787334 ns, Reaching safepoint: 570250 ns, Cleanup: 73750 ns, At safepoint: 14208 ns, Total: 658208 ns
[2025-08-24T10:39:39.586+0000][176][info ][gc,start    ] GC(14) Pause Young (Prepare Mixed) (G1 Evacuation Pause)
[2025-08-24T10:39:39.586+0000][176][info ][gc,task     ] GC(14) Using 8 workers of 8 for evacuation
[2025-08-24T10:39:39.586+0000][176][debug][gc,age      ] GC(14) Desired survivor size 41943040 bytes, new threshold 6 (max threshold 15)
[2025-08-24T10:39:39.616+0000][176][info ][gc,phases   ] GC(14)   Pre Evacuate Collection Set: 0.13ms
[2025-08-24T10:39:39.616+0000][176][info ][gc,phases   ] GC(14)   Merge Heap Roots: 0.14ms
[2025-08-24T10:39:39.616+0000][176][info ][gc,phases   ] GC(14)   Evacuate Collection Set: 27.82ms
[2025-08-24T10:39:39.616+0000][176][info ][gc,phases   ] GC(14)   Post Evacuate Collection Set: 2.30ms
[2025-08-24T10:39:39.616+0000][176][info ][gc,phases   ] GC(14)   Other: 0.12ms
[2025-08-24T10:39:39.616+0000][176][trace][gc,age      ] GC(14) Age table with threshold 6 (max threshold 15)
[2025-08-24T10:39:39.616+0000][176][trace][gc,age      ] GC(14) - age   1:   30547576 bytes,   30547576 total
[2025-08-24T10:39:39.616+0000][176][trace][gc,age      ] GC(14) - age   2:    9430624 bytes,   39978200 total
[2025-08-24T10:39:39.616+0000][176][trace][gc,age      ] GC(14) - age   3:   10378032 bytes,   50356232 total
[2025-08-24T10:39:39.616+0000][176][trace][gc,age      ] GC(14) - age   4:    9607792 bytes,   59964024 total
[2025-08-24T10:39:39.617+0000][176][trace][gc,age      ] GC(14) - age   5:    8806336 bytes,   68770360 total
[2025-08-24T10:39:39.617+0000][176][trace][gc,age      ] GC(14) - age   6:      37624 bytes,   68807984 total
[2025-08-24T10:39:39.617+0000][176][info ][gc,heap     ] GC(14) Eden regions: 140->0(135)
[2025-08-24T10:39:39.617+0000][176][info ][gc,heap     ] GC(14) Survivor regions: 13->18(20)
[2025-08-24T10:39:39.617+0000][176][info ][gc,heap     ] GC(14) Old regions: 4->7
[2025-08-24T10:39:39.617+0000][176][info ][gc,heap     ] GC(14) Humongous regions: 2->2
[2025-08-24T10:39:39.617+0000][176][info ][gc,metaspace] GC(14) Metaspace: 137514K(141568K)->137514K(141568K) NonClass: 118023K(120192K)->118023K(120192K) Class: 19491K(21376K)->19491K(21376K)
[2025-08-24T10:39:39.617+0000][176][info ][gc          ] GC(14) Pause Young (Prepare Mixed) (G1 Evacuation Pause) 632M->104M(1024M) 31.091ms
[2025-08-24T10:39:39.617+0000][176][info ][gc,cpu      ] GC(14) User=0.18s Sys=0.00s Real=0.03s
[2025-08-24T10:39:39.617+0000][176][info ][safepoint   ] Safepoint "G1CollectForAllocation", Time since last: 148802667 ns, Reaching safepoint: 5291 ns, Cleanup: 78750 ns, At safepoint: 31192584 ns, Total: 31276625 ns
[2025-08-24T10:39:39.704+0000][176][info ][safepoint   ] Safepoint "ICBufferFull", Time since last: 86772125 ns, Reaching safepoint: 6083 ns, Cleanup: 95417 ns, At safepoint: 13250 ns, Total: 114750 ns
[2025-08-24T10:39:39.818+0000][176][info ][safepoint   ] Safepoint "ICBufferFull", Time since last: 113901875 ns, Reaching safepoint: 6000 ns, Cleanup: 83375 ns, At safepoint: 8041 ns, Total: 97416 ns
[2025-08-24T10:39:40.820+0000][176][info ][safepoint   ] Safepoint "Cleanup", Time since last: 1001522209 ns, Reaching safepoint: 51084 ns, Cleanup: 179250 ns, At safepoint: 53833 ns, Total: 284167 ns
[2025-08-24T10:39:41.821+0000][176][info ][safepoint   ] Safepoint "Cleanup", Time since last: 1001595417 ns, Reaching safepoint: 43792 ns, Cleanup: 41000 ns, At safepoint: 19791 ns, Total: 104583 ns
[2025-08-24T10:39:43.227+0000][176][info ][safepoint   ] Safepoint "Cleanup", Time since last: 1405398584 ns, Reaching safepoint: 15292 ns, Cleanup: 74042 ns, At safepoint: 8500 ns, Total: 97834 ns
[2025-08-24T10:39:44.228+0000][176][info ][safepoint   ] Safepoint "Cleanup", Time since last: 1001413834 ns, Reaching safepoint: 22666 ns, Cleanup: 20042 ns, At safepoint: 10000 ns, Total: 52708 ns
[2025-08-24T10:39:45.230+0000][176][info ][safepoint   ] Safepoint "Cleanup", Time since last: 1002160084 ns, Reaching safepoint: 44125 ns, Cleanup: 41625 ns, At safepoint: 18750 ns, Total: 104500 ns
[2025-08-24T10:39:46.233+0000][176][info ][safepoint   ] Safepoint "Cleanup", Time since last: 1002118000 ns, Reaching safepoint: 58250 ns, Cleanup: 48709 ns, At safepoint: 23291 ns, Total: 130250 ns
[2025-08-24T10:39:47.234+0000][176][info ][safepoint   ] Safepoint "Cleanup", Time since last: 1001240709 ns, Reaching safepoint: 53333 ns, Cleanup: 28334 ns, At safepoint: 17041 ns, Total: 98708 ns
[2025-08-24T10:39:48.235+0000][176][info ][safepoint   ] Safepoint "Cleanup", Time since last: 1000755251 ns, Reaching safepoint: 52500 ns, Cleanup: 45292 ns, At safepoint: 12208 ns, Total: 110000 ns
[2025-08-24T10:39:49.236+0000][176][info ][safepoint   ] Safepoint "Cleanup", Time since last: 1001018792 ns, Reaching safepoint: 41333 ns, Cleanup: 32084 ns, At safepoint: 12541 ns, Total: 85958 ns
[2025-08-24T10:39:50.237+0000][176][info ][safepoint   ] Safepoint "Cleanup", Time since last: 1000958042 ns, Reaching safepoint: 43417 ns, Cleanup: 61125 ns, At safepoint: 16458 ns, Total: 121000 ns
[2025-08-24T10:39:51.240+0000][176][info ][safepoint   ] Safepoint "Cleanup", Time since last: 1003289334 ns, Reaching safepoint: 48250 ns, Cleanup: 50792 ns, At safepoint: 19458 ns, Total: 118500 ns
[2025-08-24T10:39:58.249+0000][176][info ][safepoint   ] Safepoint "Cleanup", Time since last: 7008350878 ns, Reaching safepoint: 136041 ns, Cleanup: 76709 ns, At safepoint: 20958 ns, Total: 233708 ns
[2025-08-24T10:40:03.257+0000][176][info ][safepoint   ] Safepoint "Cleanup", Time since last: 5008221252 ns, Reaching safepoint: 13292 ns, Cleanup: 19167 ns, At safepoint: 9583 ns, Total: 42042 ns
[2025-08-24T10:40:06.262+0000][176][info ][safepoint   ] Safepoint "Cleanup", Time since last: 3004712210 ns, Reaching safepoint: 20958 ns, Cleanup: 26083 ns, At safepoint: 23709 ns, Total: 70750 ns
[2025-08-24T10:40:08.265+0000][176][info ][safepoint   ] Safepoint "Cleanup", Time since last: 2002809417 ns, Reaching safepoint: 40167 ns, Cleanup: 31167 ns, At safepoint: 16500 ns, Total: 87834 ns
[2025-08-24T10:40:09.266+0000][176][info ][safepoint   ] Safepoint "Cleanup", Time since last: 1000562792 ns, Reaching safepoint: 11375 ns, Cleanup: 49792 ns, At safepoint: 20916 ns, Total: 82083 ns
[2025-08-24T10:40:10.267+0000][176][info ][safepoint   ] Safepoint "Cleanup", Time since last: 1001270501 ns, Reaching safepoint: 62291 ns, Cleanup: 96584 ns, At safepoint: 23500 ns, Total: 182375 ns
[2025-08-24T10:40:11.269+0000][176][info ][safepoint   ] Safepoint "Cleanup", Time since last: 1001500209 ns, Reaching safepoint: 52166 ns, Cleanup: 46417 ns, At safepoint: 21042 ns, Total: 119625 ns
[2025-08-24T10:40:13.272+0000][176][info ][safepoint   ] Safepoint "Cleanup", Time since last: 2002548167 ns, Reaching safepoint: 116625 ns, Cleanup: 46083 ns, At safepoint: 15834 ns, Total: 178542 ns
[2025-08-24T10:40:16.278+0000][176][info ][safepoint   ] Safepoint "Cleanup", Time since last: 3006570626 ns, Reaching safepoint: 81250 ns, Cleanup: 50750 ns, At safepoint: 69500 ns, Total: 201500 ns
[2025-08-24T10:40:18.282+0000][176][info ][safepoint   ] Safepoint "Cleanup", Time since last: 2003443168 ns, Reaching safepoint: 37792 ns, Cleanup: 36083 ns, At safepoint: 13292 ns, Total: 87167 ns
[2025-08-24T10:40:23.287+0000][176][info ][safepoint   ] Safepoint "Cleanup", Time since last: 5004964169 ns, Reaching safepoint: 68958 ns, Cleanup: 57083 ns, At safepoint: 21167 ns, Total: 147208 ns
[2025-08-24T10:40:26.291+0000][176][info ][safepoint   ] Safepoint "Cleanup", Time since last: 3003380710 ns, Reaching safepoint: 60083 ns, Cleanup: 42000 ns, At safepoint: 20625 ns, Total: 122708 ns
[2025-08-24T10:40:28.296+0000][176][info ][safepoint   ] Safepoint "Cleanup", Time since last: 2005857750 ns, Reaching safepoint: 101875 ns, Cleanup: 37792 ns, At safepoint: 18541 ns, Total: 158208 ns
[2025-08-24T10:40:37.772+0000][176][info ][safepoint   ] Safepoint "Cleanup", Time since last: 9475047797 ns, Reaching safepoint: 48958 ns, Cleanup: 57792 ns, At safepoint: 21916 ns, Total: 128666 ns
[2025-08-24T10:40:38.773+0000][176][info ][safepoint   ] Safepoint "Cleanup", Time since last: 1001216167 ns, Reaching safepoint: 53042 ns, Cleanup: 94333 ns, At safepoint: 44834 ns, Total: 192209 ns
[2025-08-24T10:40:39.778+0000][176][info ][safepoint   ] Safepoint "Cleanup", Time since last: 1005266125 ns, Reaching safepoint: 83333 ns, Cleanup: 13667 ns, At safepoint: 7208 ns, Total: 104208 ns
[2025-08-24T10:40:40.781+0000][176][info ][safepoint   ] Safepoint "Cleanup", Time since last: 1002103834 ns, Reaching safepoint: 66542 ns, Cleanup: 57417 ns, At safepoint: 17791 ns, Total: 141750 ns
[2025-08-24T10:40:41.783+0000][176][info ][safepoint   ] Safepoint "Cleanup", Time since last: 1001995459 ns, Reaching safepoint: 37125 ns, Cleanup: 65500 ns, At safepoint: 22125 ns, Total: 124750 ns
[2025-08-24T10:40:47.790+0000][176][info ][safepoint   ] Safepoint "Cleanup", Time since last: 6007088461 ns, Reaching safepoint: 223417 ns, Cleanup: 67208 ns, At safepoint: 43084 ns, Total: 333709 ns
[2025-08-24T10:40:48.793+0000][176][info ][safepoint   ] Safepoint "Cleanup", Time since last: 1002828375 ns, Reaching safepoint: 57792 ns, Cleanup: 81958 ns, At safepoint: 30542 ns, Total: 170292 ns
[2025-08-24T10:40:50.796+0000][176][info ][safepoint   ] Safepoint "Cleanup", Time since last: 2002853667 ns, Reaching safepoint: 68709 ns, Cleanup: 85958 ns, At safepoint: 22000 ns, Total: 176667 ns
[2025-08-24T10:40:55.802+0000][176][info ][safepoint   ] Safepoint "Cleanup", Time since last: 5005857544 ns, Reaching safepoint: 41917 ns, Cleanup: 32125 ns, At safepoint: 13791 ns, Total: 87833 ns
[2025-08-24T10:40:56.803+0000][176][info ][safepoint   ] Safepoint "Cleanup", Time since last: 1001364917 ns, Reaching safepoint: 86042 ns, Cleanup: 42875 ns, At safepoint: 24583 ns, Total: 153500 ns
[2025-08-24T10:40:58.805+0000][176][info ][safepoint   ] Safepoint "Cleanup", Time since last: 2001381459 ns, Reaching safepoint: 51667 ns, Cleanup: 56917 ns, At safepoint: 24083 ns, Total: 132667 ns
[2025-08-24T10:41:01.809+0000][176][info ][safepoint   ] Safepoint "Cleanup", Time since last: 3004197043 ns, Reaching safepoint: 117917 ns, Cleanup: 62375 ns, At safepoint: 71958 ns, Total: 252250 ns
[2025-08-24T10:41:05.815+0000][176][info ][safepoint   ] Safepoint "Cleanup", Time since last: 4005378002 ns, Reaching safepoint: 64792 ns, Cleanup: 61291 ns, At safepoint: 16250 ns, Total: 142333 ns
[2025-08-24T10:41:06.817+0000][176][info ][safepoint   ] Safepoint "Cleanup", Time since last: 1002217709 ns, Reaching safepoint: 74917 ns, Cleanup: 47125 ns, At safepoint: 28416 ns, Total: 150458 ns
[2025-08-24T10:41:08.821+0000][176][info ][safepoint   ] Safepoint "Cleanup", Time since last: 2003461043 ns, Reaching safepoint: 61833 ns, Cleanup: 89292 ns, At safepoint: 46333 ns, Total: 197458 ns
[2025-08-24T10:41:09.823+0000][176][info ][safepoint   ] Safepoint "Cleanup", Time since last: 1001825417 ns, Reaching safepoint: 45875 ns, Cleanup: 50042 ns, At safepoint: 18167 ns, Total: 114084 ns
[2025-08-24T10:41:17.837+0000][176][info ][safepoint   ] Safepoint "Cleanup", Time since last: 8014157004 ns, Reaching safepoint: 202458 ns, Cleanup: 52708 ns, At safepoint: 68959 ns, Total: 324125 ns
[2025-08-24T10:41:21.843+0000][176][info ][safepoint   ] Safepoint "Cleanup", Time since last: 4004780002 ns, Reaching safepoint: 125875 ns, Cleanup: 35375 ns, At safepoint: 21583 ns, Total: 182833 ns
[2025-08-24T10:41:26.853+0000][176][info ][safepoint   ] Safepoint "Cleanup", Time since last: 5010003419 ns, Reaching safepoint: 112083 ns, Cleanup: 61125 ns, At safepoint: 16875 ns, Total: 190083 ns
[2025-08-24T10:41:31.817+0000][176][info ][safepoint   ] Safepoint "Cleanup", Time since last: 4963768169 ns, Reaching safepoint: 116458 ns, Cleanup: 55125 ns, At safepoint: 23250 ns, Total: 194833 ns
[2025-08-24T10:41:38.833+0000][176][info ][safepoint   ] Safepoint "Cleanup", Time since last: 7016401420 ns, Reaching safepoint: 90500 ns, Cleanup: 38125 ns, At safepoint: 23167 ns, Total: 151792 ns
[2025-08-24T10:41:39.835+0000][176][info ][safepoint   ] Safepoint "Cleanup", Time since last: 1001811959 ns, Reaching safepoint: 39083 ns, Cleanup: 123500 ns, At safepoint: 20708 ns, Total: 183291 ns
[2025-08-24T10:41:42.840+0000][176][info ][safepoint   ] Safepoint "Cleanup", Time since last: 3004765502 ns, Reaching safepoint: 104042 ns, Cleanup: 43083 ns, At safepoint: 30417 ns, Total: 177542 ns
[2025-08-24T10:41:43.842+0000][176][info ][safepoint   ] Safepoint "Cleanup", Time since last: 1002125750 ns, Reaching safepoint: 37917 ns, Cleanup: 44166 ns, At safepoint: 23292 ns, Total: 105375 ns
[2025-08-24T10:41:56.863+0000][176][info ][safepoint   ] Safepoint "Cleanup", Time since last: 13020656214 ns, Reaching safepoint: 76584 ns, Cleanup: 19458 ns, At safepoint: 8375 ns, Total: 104417 ns
[2025-08-24T10:41:57.865+0000][176][info ][safepoint   ] Safepoint "Cleanup", Time since last: 1001851542 ns, Reaching safepoint: 34167 ns, Cleanup: 27625 ns, At safepoint: 14958 ns, Total: 76750 ns
[2025-08-24T10:41:58.865+0000][176][info ][safepoint   ] Safepoint "Cleanup", Time since last: 1000698209 ns, Reaching safepoint: 17667 ns, Cleanup: 14458 ns, At safepoint: 5542 ns, Total: 37667 ns
[2025-08-24T10:42:01.869+0000][176][info ][safepoint   ] Safepoint "Cleanup", Time since last: 3003069293 ns, Reaching safepoint: 92166 ns, Cleanup: 28042 ns, At safepoint: 11250 ns, Total: 131458 ns
[2025-08-24T10:42:02.869+0000][176][info ][safepoint   ] Safepoint "Cleanup", Time since last: 1000656042 ns, Reaching safepoint: 19709 ns, Cleanup: 37833 ns, At safepoint: 12917 ns, Total: 70459 ns
[2025-08-24T10:42:06.875+0000][176][info ][safepoint   ] Safepoint "Cleanup", Time since last: 4005866751 ns, Reaching safepoint: 27834 ns, Cleanup: 27500 ns, At safepoint: 23416 ns, Total: 78750 ns
[2025-08-24T10:42:08.884+0000][176][info ][safepoint   ] Safepoint "Cleanup", Time since last: 2008976293 ns, Reaching safepoint: 27000 ns, Cleanup: 53167 ns, At safepoint: 10750 ns, Total: 90917 ns
[2025-08-24T10:42:09.886+0000][176][info ][safepoint   ] Safepoint "Cleanup", Time since last: 1001723667 ns, Reaching safepoint: 66208 ns, Cleanup: 43209 ns, At safepoint: 19375 ns, Total: 128792 ns
[2025-08-24T10:42:18.895+0000][176][info ][safepoint   ] Safepoint "Cleanup", Time since last: 9008706754 ns, Reaching safepoint: 124208 ns, Cleanup: 40542 ns, At safepoint: 15708 ns, Total: 180458 ns
[2025-08-24T10:42:37.933+0000][176][info ][safepoint   ] Safepoint "Cleanup", Time since last: 19038296717 ns, Reaching safepoint: 67875 ns, Cleanup: 63583 ns, At safepoint: 18083 ns, Total: 149541 ns
[2025-08-24T10:42:38.936+0000][176][info ][safepoint   ] Safepoint "Cleanup", Time since last: 1002226667 ns, Reaching safepoint: 57042 ns, Cleanup: 73333 ns, At safepoint: 21000 ns, Total: 151375 ns
[2025-08-24T10:42:39.938+0000][176][info ][safepoint   ] Safepoint "Cleanup", Time since last: 1002568668 ns, Reaching safepoint: 63583 ns, Cleanup: 68292 ns, At safepoint: 19333 ns, Total: 151208 ns
[2025-08-24T10:42:40.942+0000][176][info ][safepoint   ] Safepoint "Cleanup", Time since last: 1003709584 ns, Reaching safepoint: 52666 ns, Cleanup: 45375 ns, At safepoint: 16584 ns, Total: 114625 ns
[2025-08-24T10:42:58.967+0000][176][info ][safepoint   ] Safepoint "Cleanup", Time since last: 18024962633 ns, Reaching safepoint: 136417 ns, Cleanup: 61208 ns, At safepoint: 16208 ns, Total: 213833 ns
[2025-08-24T10:43:08.981+0000][176][info ][safepoint   ] Safepoint "Cleanup", Time since last: 10012960172 ns, Reaching safepoint: 49333 ns, Cleanup: 60667 ns, At safepoint: 15666 ns, Total: 125666 ns
[2025-08-24T10:43:09.982+0000][176][info ][safepoint   ] Safepoint "Cleanup", Time since last: 1001680584 ns, Reaching safepoint: 69084 ns, Cleanup: 62583 ns, At safepoint: 18208 ns, Total: 149875 ns
[2025-08-24T10:43:29.008+0000][176][info ][safepoint   ] Safepoint "Cleanup", Time since last: 19025699467 ns, Reaching safepoint: 43041 ns, Cleanup: 16709 ns, At safepoint: 6625 ns, Total: 66375 ns
[2025-08-24T10:43:38.948+0000][176][info ][safepoint   ] Safepoint "Cleanup", Time since last: 9940249338 ns, Reaching safepoint: 41583 ns, Cleanup: 32417 ns, At safepoint: 15833 ns, Total: 89833 ns
[2025-08-24T10:43:39.950+0000][176][info ][safepoint   ] Safepoint "Cleanup", Time since last: 1002071042 ns, Reaching safepoint: 67709 ns, Cleanup: 56875 ns, At safepoint: 16500 ns, Total: 141084 ns
[2025-08-24T10:43:56.973+0000][176][info ][safepoint   ] Safepoint "Cleanup", Time since last: 17022384049 ns, Reaching safepoint: 209583 ns, Cleanup: 46667 ns, At safepoint: 23916 ns, Total: 280166 ns
[2025-08-24T10:44:08.987+0000][176][info ][safepoint   ] Safepoint "Cleanup", Time since last: 12013734131 ns, Reaching safepoint: 67417 ns, Cleanup: 59458 ns, At safepoint: 14792 ns, Total: 141667 ns
[2025-08-24T10:44:09.988+0000][176][info ][safepoint   ] Safepoint "Cleanup", Time since last: 1001045417 ns, Reaching safepoint: 12708 ns, Cleanup: 16250 ns, At safepoint: 7625 ns, Total: 36583 ns
[2025-08-24T10:44:36.145+0000][176][info ][safepoint   ] Safepoint "Cleanup", Time since last: 26157443346 ns, Reaching safepoint: 52333 ns, Cleanup: 41542 ns, At safepoint: 18583 ns, Total: 112458 ns
[2025-08-24T10:44:39.155+0000][176][info ][safepoint   ] Safepoint "Cleanup", Time since last: 3009398918 ns, Reaching safepoint: 58875 ns, Cleanup: 135375 ns, At safepoint: 18333 ns, Total: 212583 ns
[2025-08-24T10:44:40.157+0000][176][info ][safepoint   ] Safepoint "Cleanup", Time since last: 1001951834 ns, Reaching safepoint: 62667 ns, Cleanup: 32292 ns, At safepoint: 19541 ns, Total: 114500 ns
[2025-08-24T10:44:42.093+0000][176][info ][safepoint   ] Safepoint "Cleanup", Time since last: 1935747210 ns, Reaching safepoint: 53458 ns, Cleanup: 169750 ns, At safepoint: 28792 ns, Total: 252000 ns
[2025-08-24T10:44:44.096+0000][176][info ][safepoint   ] Safepoint "Cleanup", Time since last: 2002923334 ns, Reaching safepoint: 49583 ns, Cleanup: 64167 ns, At safepoint: 35667 ns, Total: 149417 ns
[2025-08-24T10:44:45.099+0000][176][info ][safepoint   ] Safepoint "Cleanup", Time since last: 1002303292 ns, Reaching safepoint: 77541 ns, Cleanup: 23959 ns, At safepoint: 36416 ns, Total: 137916 ns
[2025-08-24T10:44:52.109+0000][176][info ][safepoint   ] Safepoint "Cleanup", Time since last: 7010376587 ns, Reaching safepoint: 126083 ns, Cleanup: 45375 ns, At safepoint: 14959 ns, Total: 186417 ns
[2025-08-24T10:44:53.112+0000][176][info ][safepoint   ] Safepoint "Cleanup", Time since last: 1002448042 ns, Reaching safepoint: 54708 ns, Cleanup: 45083 ns, At safepoint: 17250 ns, Total: 117041 ns
[2025-08-24T10:44:54.114+0000][176][info ][safepoint   ] Safepoint "Cleanup", Time since last: 1001803918 ns, Reaching safepoint: 59000 ns, Cleanup: 39791 ns, At safepoint: 15417 ns, Total: 114208 ns
[2025-08-24T10:44:59.122+0000][176][info ][safepoint   ] Safepoint "Cleanup", Time since last: 5007956126 ns, Reaching safepoint: 68292 ns, Cleanup: 33167 ns, At safepoint: 20541 ns, Total: 122000 ns
[2025-08-24T10:45:00.123+0000][176][info ][safepoint   ] Safepoint "Cleanup", Time since last: 1001560376 ns, Reaching safepoint: 58417 ns, Cleanup: 45541 ns, At safepoint: 16084 ns, Total: 120042 ns
[2025-08-24T10:45:09.134+0000][176][info ][safepoint   ] Safepoint "Cleanup", Time since last: 9010674670 ns, Reaching safepoint: 65250 ns, Cleanup: 92500 ns, At safepoint: 21334 ns, Total: 179084 ns
[2025-08-24T10:45:10.136+0000][176][info ][safepoint   ] Safepoint "Cleanup", Time since last: 1001404292 ns, Reaching safepoint: 55792 ns, Cleanup: 51750 ns, At safepoint: 17208 ns, Total: 124750 ns
[2025-08-24T10:45:29.160+0000][176][info ][safepoint   ] Safepoint "Cleanup", Time since last: 19023891091 ns, Reaching safepoint: 187500 ns, Cleanup: 37959 ns, At safepoint: 35708 ns, Total: 261167 ns
[2025-08-24T10:45:31.165+0000][176][info ][safepoint   ] Safepoint "Cleanup", Time since last: 2004813334 ns, Reaching safepoint: 66875 ns, Cleanup: 60084 ns, At safepoint: 18625 ns, Total: 145584 ns
[2025-08-24T10:45:38.349+0000][176][info ][safepoint   ] Safepoint "Cleanup", Time since last: 7184349170 ns, Reaching safepoint: 60291 ns, Cleanup: 36084 ns, At safepoint: 22500 ns, Total: 118875 ns
[2025-08-24T10:45:39.351+0000][176][info ][safepoint   ] Safepoint "Cleanup", Time since last: 1001266125 ns, Reaching safepoint: 52042 ns, Cleanup: 103917 ns, At safepoint: 24041 ns, Total: 180000 ns
[2025-08-24T10:45:59.376+0000][176][info ][safepoint   ] Safepoint "Cleanup", Time since last: 20024963426 ns, Reaching safepoint: 150333 ns, Cleanup: 35375 ns, At safepoint: 15459 ns, Total: 201167 ns
[2025-08-24T10:46:08.387+0000][176][info ][safepoint   ] Safepoint "Cleanup", Time since last: 9010662796 ns, Reaching safepoint: 50041 ns, Cleanup: 42959 ns, At safepoint: 18958 ns, Total: 111958 ns
[2025-08-24T10:46:10.390+0000][176][info ][safepoint   ] Safepoint "Cleanup", Time since last: 2003811793 ns, Reaching safepoint: 56250 ns, Cleanup: 44000 ns, At safepoint: 34916 ns, Total: 135166 ns
[2025-08-24T10:46:40.536+0000][176][info ][safepoint   ] Safepoint "Cleanup", Time since last: 30145297514 ns, Reaching safepoint: 38583 ns, Cleanup: 23792 ns, At safepoint: 21833 ns, Total: 84208 ns
[2025-08-24T10:46:59.561+0000][176][info ][safepoint   ] Safepoint "Cleanup", Time since last: 19025724509 ns, Reaching safepoint: 147792 ns, Cleanup: 75375 ns, At safepoint: 35916 ns, Total: 259083 ns
[2025-08-24T10:47:06.574+0000][176][info ][safepoint   ] Safepoint "Cleanup", Time since last: 7012664045 ns, Reaching safepoint: 72167 ns, Cleanup: 53917 ns, At safepoint: 25541 ns, Total: 151625 ns
[2025-08-24T10:47:09.580+0000][176][info ][safepoint   ] Safepoint "Cleanup", Time since last: 3005419752 ns, Reaching safepoint: 62416 ns, Cleanup: 57667 ns, At safepoint: 31708 ns, Total: 151791 ns
[2025-08-24T10:47:12.584+0000][176][info ][safepoint   ] Safepoint "Cleanup", Time since last: 3004417085 ns, Reaching safepoint: 63583 ns, Cleanup: 34000 ns, At safepoint: 16417 ns, Total: 114000 ns
[2025-08-24T10:47:29.604+0000][176][info ][safepoint   ] Safepoint "Cleanup", Time since last: 17020094216 ns, Reaching safepoint: 85333 ns, Cleanup: 25167 ns, At safepoint: 10250 ns, Total: 120750 ns
[2025-08-24T10:47:31.463+0000][176][info ][safepoint   ] Safepoint "Cleanup", Time since last: 1858219376 ns, Reaching safepoint: 27083 ns, Cleanup: 96583 ns, At safepoint: 26334 ns, Total: 150000 ns
[2025-08-24T10:47:34.103+0000][176][info ][safepoint   ] Safepoint "Cleanup", Time since last: 2639761709 ns, Reaching safepoint: 191792 ns, Cleanup: 39750 ns, At safepoint: 16250 ns, Total: 247792 ns
[2025-08-24T10:47:35.306+0000][176][info ][safepoint   ] Safepoint "Cleanup", Time since last: 1203230834 ns, Reaching safepoint: 31000 ns, Cleanup: 261125 ns, At safepoint: 21000 ns, Total: 313125 ns
[2025-08-24T10:47:36.172+0000][176][info ][gc,heap,exit] Heap
[2025-08-24T10:47:36.172+0000][176][info ][gc,heap,exit]  garbage-first heap   total reserved 1048576K, committed 1048576K, used 356308K [0x00000000c0000000, 0x0000000100000000)
[2025-08-24T10:47:36.172+0000][176][info ][gc,heap,exit]   region size 4096K, 79 young (323584K), 18 survivors (73728K)
[2025-08-24T10:47:36.172+0000][176][info ][gc,heap,exit]  Metaspace       used 141054K, committed 145216K, reserved 1179648K
[2025-08-24T10:47:36.173+0000][176][info ][gc,heap,exit]   class space    used 19939K, committed 21824K, reserved 1048576K
