[2025-09-09T08:01:19.455+0000][183][info][gc,init] CardTable entry size: 512
[2025-09-09T08:01:19.456+0000][183][info][gc     ] Using G1
[2025-09-09T08:01:20.062+0000][183][info][gc,init] Version: 22.0.1+8-16 (release)
[2025-09-09T08:01:20.062+0000][183][info][gc,init] CPUs: 8 total, 8 available
[2025-09-09T08:01:20.063+0000][183][info][gc,init] Memory: 7837M
[2025-09-09T08:01:20.063+0000][183][info][gc,init] Large Page Support: Disabled
[2025-09-09T08:01:20.064+0000][183][info][gc,init] NUMA Support: Disabled
[2025-09-09T08:01:20.064+0000][183][info][gc,init] Compressed Oops: Enabled (32-bit)
[2025-09-09T08:01:20.065+0000][183][info][gc,init] Heap Region Size: 4M
[2025-09-09T08:01:20.065+0000][183][info][gc,init] Heap Min Capacity: 1G
[2025-09-09T08:01:20.065+0000][183][info][gc,init] Heap Initial Capacity: 1G
[2025-09-09T08:01:20.065+0000][183][info][gc,init] Heap Max Capacity: 1G
[2025-09-09T08:01:20.066+0000][183][info][gc,init] Pre-touch: Enabled
[2025-09-09T08:01:20.066+0000][183][info][gc,init] Parallel Workers: 8
[2025-09-09T08:01:20.066+0000][183][info][gc,init] Concurrent Workers: 2
[2025-09-09T08:01:20.066+0000][183][info][gc,init] Concurrent Refinement Workers: 8
[2025-09-09T08:01:20.066+0000][183][info][gc,init] Periodic GC: Disabled
[2025-09-09T08:01:20.102+0000][183][info][gc,metaspace] CDS archive(s) mapped at: [0x000003e000000000-0x000003e000c80000-0x000003e000c80000), size 13107200, SharedBaseAddress: 0x000003e000000000, ArchiveRelocationMode: 1.
[2025-09-09T08:01:20.105+0000][183][info][gc,metaspace] Compressed class space mapped at: 0x000003e001000000-0x000003e041000000, reserved size: 1073741824
[2025-09-09T08:01:20.108+0000][183][info][gc,metaspace] Narrow klass base: 0x000003e000000000, Narrow klass shift: 0, Narrow klass range: 0x100000000
[2025-09-09T08:01:20.311+0000][183][info][safepoint   ] Safepoint "ICBufferFull", Time since last: 198573709 ns, Reaching safepoint: 2458 ns, Cleanup: 57500 ns, At safepoint: 3167 ns, Total: 63125 ns
[2025-09-09T08:01:20.491+0000][183][info][safepoint   ] Safepoint "ICBufferFull", Time since last: 178419708 ns, Reaching safepoint: 896709 ns, Cleanup: 122250 ns, At safepoint: 13416 ns, Total: 1032375 ns
[2025-09-09T08:01:20.642+0000][183][info][safepoint   ] Safepoint "ICBufferFull", Time since last: 150815125 ns, Reaching safepoint: 4625 ns, Cleanup: 349667 ns, At safepoint: 6917 ns, Total: 361209 ns
[2025-09-09T08:01:20.711+0000][183][info][gc,start    ] GC(0) Pause Young (Normal) (G1 Evacuation Pause)
[2025-09-09T08:01:20.712+0000][183][info][gc,task     ] GC(0) Using 8 workers of 8 for evacuation
[2025-09-09T08:01:20.712+0000][183][debug][gc,age      ] GC(0) Desired survivor size 4194304 bytes, new threshold 15 (max threshold 15)
[2025-09-09T08:01:20.716+0000][183][info ][gc,phases   ] GC(0)   Pre Evacuate Collection Set: 0.15ms
[2025-09-09T08:01:20.716+0000][183][info ][gc,phases   ] GC(0)   Merge Heap Roots: 0.04ms
[2025-09-09T08:01:20.716+0000][183][info ][gc,phases   ] GC(0)   Evacuate Collection Set: 2.61ms
[2025-09-09T08:01:20.716+0000][183][info ][gc,phases   ] GC(0)   Post Evacuate Collection Set: 0.55ms
[2025-09-09T08:01:20.716+0000][183][info ][gc,phases   ] GC(0)   Other: 0.67ms
[2025-09-09T08:01:20.717+0000][183][trace][gc,age      ] GC(0) Age table with threshold 15 (max threshold 15)
[2025-09-09T08:01:20.717+0000][183][trace][gc,age      ] GC(0) - age   1:    4675616 bytes,    4675616 total
[2025-09-09T08:01:20.717+0000][183][info ][gc,heap     ] GC(0) Eden regions: 12->0(22)
[2025-09-09T08:01:20.717+0000][183][info ][gc,heap     ] GC(0) Survivor regions: 0->2(2)
[2025-09-09T08:01:20.717+0000][183][info ][gc,heap     ] GC(0) Old regions: 1->1
[2025-09-09T08:01:20.717+0000][183][info ][gc,heap     ] GC(0) Humongous regions: 0->0
[2025-09-09T08:01:20.717+0000][183][info ][gc,metaspace] GC(0) Metaspace: 7255K(7488K)->7255K(7488K) NonClass: 6386K(6528K)->6386K(6528K) Class: 868K(960K)->868K(960K)
[2025-09-09T08:01:20.718+0000][183][info ][gc          ] GC(0) Pause Young (Normal) (G1 Evacuation Pause) 49M->5M(1024M) 6.283ms
[2025-09-09T08:01:20.718+0000][183][info ][gc,cpu      ] GC(0) User=0.01s Sys=0.00s Real=0.00s
[2025-09-09T08:01:20.718+0000][183][info ][safepoint   ] Safepoint "G1CollectForAllocation", Time since last: 69197708 ns, Reaching safepoint: 2333 ns, Cleanup: 62750 ns, At safepoint: 6670792 ns, Total: 6735875 ns
[2025-09-09T08:01:20.826+0000][183][info ][safepoint   ] Safepoint "ICBufferFull", Time since last: 107539750 ns, Reaching safepoint: 2000 ns, Cleanup: 80458 ns, At safepoint: 4000 ns, Total: 86458 ns
[2025-09-09T08:01:20.884+0000][183][info ][safepoint   ] Safepoint "ICBufferFull", Time since last: 57755209 ns, Reaching safepoint: 4417 ns, Cleanup: 245708 ns, At safepoint: 13542 ns, Total: 263667 ns
[2025-09-09T08:01:21.085+0000][183][info ][safepoint   ] Safepoint "ICBufferFull", Time since last: 201032833 ns, Reaching safepoint: 2875 ns, Cleanup: 210458 ns, At safepoint: 11125 ns, Total: 224458 ns
[2025-09-09T08:01:21.779+0000][183][info ][safepoint   ] Safepoint "ICBufferFull", Time since last: 694086292 ns, Reaching safepoint: 5667 ns, Cleanup: 356583 ns, At safepoint: 11709 ns, Total: 373959 ns
[2025-09-09T08:01:21.940+0000][183][info ][safepoint   ] Safepoint "ICBufferFull", Time since last: 160176833 ns, Reaching safepoint: 2792 ns, Cleanup: 72500 ns, At safepoint: 8291 ns, Total: 83583 ns
[2025-09-09T08:01:22.346+0000][183][info ][safepoint   ] Safepoint "ICBufferFull", Time since last: 406301751 ns, Reaching safepoint: 2916 ns, Cleanup: 113667 ns, At safepoint: 6917 ns, Total: 123500 ns
[2025-09-09T08:01:22.837+0000][183][info ][gc,start    ] GC(1) Pause Young (Normal) (G1 Evacuation Pause)
[2025-09-09T08:01:22.838+0000][183][info ][gc,task     ] GC(1) Using 8 workers of 8 for evacuation
[2025-09-09T08:01:22.838+0000][183][debug][gc,age      ] GC(1) Desired survivor size 6291456 bytes, new threshold 15 (max threshold 15)
[2025-09-09T08:01:22.848+0000][183][info ][gc,phases   ] GC(1)   Pre Evacuate Collection Set: 0.19ms
[2025-09-09T08:01:22.848+0000][183][info ][gc,phases   ] GC(1)   Merge Heap Roots: 0.08ms
[2025-09-09T08:01:22.849+0000][183][info ][gc,phases   ] GC(1)   Evacuate Collection Set: 4.47ms
[2025-09-09T08:01:22.849+0000][183][info ][gc,phases   ] GC(1)   Post Evacuate Collection Set: 4.41ms
[2025-09-09T08:01:22.849+0000][183][info ][gc,phases   ] GC(1)   Other: 0.52ms
[2025-09-09T08:01:22.849+0000][183][trace][gc,age      ] GC(1) Age table with threshold 15 (max threshold 15)
[2025-09-09T08:01:22.849+0000][183][trace][gc,age      ] GC(1) - age   1:    4921128 bytes,    4921128 total
[2025-09-09T08:01:22.850+0000][183][trace][gc,age      ] GC(1) - age   2:    4604200 bytes,    9525328 total
[2025-09-09T08:01:22.850+0000][183][info ][gc,heap     ] GC(1) Eden regions: 22->0(40)
[2025-09-09T08:01:22.850+0000][183][info ][gc,heap     ] GC(1) Survivor regions: 2->3(3)
[2025-09-09T08:01:22.850+0000][183][info ][gc,heap     ] GC(1) Old regions: 1->1
[2025-09-09T08:01:22.850+0000][183][info ][gc,heap     ] GC(1) Humongous regions: 0->0
[2025-09-09T08:01:22.850+0000][183][info ][gc,metaspace] GC(1) Metaspace: 20204K(20800K)->20204K(20800K) NonClass: 17887K(18240K)->17887K(18240K) Class: 2317K(2560K)->2317K(2560K)
[2025-09-09T08:01:22.850+0000][183][info ][gc          ] GC(1) Pause Young (Normal) (G1 Evacuation Pause) 93M->10M(1024M) 12.631ms
[2025-09-09T08:01:22.850+0000][183][info ][gc,cpu      ] GC(1) User=0.03s Sys=0.01s Real=0.01s
[2025-09-09T08:01:22.850+0000][183][info ][safepoint   ] Safepoint "G1CollectForAllocation", Time since last: 491369791 ns, Reaching safepoint: 6542 ns, Cleanup: 115875 ns, At safepoint: 12860292 ns, Total: 12982709 ns
[2025-09-09T08:01:23.013+0000][183][info ][gc,start    ] GC(2) Pause Young (Concurrent Start) (Metadata GC Threshold)
[2025-09-09T08:01:23.013+0000][183][info ][gc,task     ] GC(2) Using 8 workers of 8 for evacuation
[2025-09-09T08:01:23.013+0000][183][debug][gc,age      ] GC(2) Desired survivor size 12582912 bytes, new threshold 15 (max threshold 15)
[2025-09-09T08:01:23.017+0000][183][info ][gc,phases   ] GC(2)   Pre Evacuate Collection Set: 0.13ms
[2025-09-09T08:01:23.017+0000][183][info ][gc,phases   ] GC(2)   Merge Heap Roots: 0.06ms
[2025-09-09T08:01:23.017+0000][183][info ][gc,phases   ] GC(2)   Evacuate Collection Set: 3.00ms
[2025-09-09T08:01:23.017+0000][183][info ][gc,phases   ] GC(2)   Post Evacuate Collection Set: 0.58ms
[2025-09-09T08:01:23.017+0000][183][info ][gc,phases   ] GC(2)   Other: 0.18ms
[2025-09-09T08:01:23.017+0000][183][trace][gc,age      ] GC(2) Age table with threshold 15 (max threshold 15)
[2025-09-09T08:01:23.017+0000][183][trace][gc,age      ] GC(2) - age   1:     504816 bytes,     504816 total
[2025-09-09T08:01:23.017+0000][183][trace][gc,age      ] GC(2) - age   2:    4060736 bytes,    4565552 total
[2025-09-09T08:01:23.017+0000][183][trace][gc,age      ] GC(2) - age   3:    4588472 bytes,    9154024 total
[2025-09-09T08:01:23.017+0000][183][info ][gc,heap     ] GC(2) Eden regions: 6->0(78)
[2025-09-09T08:01:23.017+0000][183][info ][gc,heap     ] GC(2) Survivor regions: 3->3(6)
[2025-09-09T08:01:23.017+0000][183][info ][gc,heap     ] GC(2) Old regions: 1->1
[2025-09-09T08:01:23.017+0000][183][info ][gc,heap     ] GC(2) Humongous regions: 0->0
[2025-09-09T08:01:23.018+0000][183][info ][gc,metaspace] GC(2) Metaspace: 20895K(21504K)->20895K(21504K) NonClass: 18468K(18816K)->18468K(18816K) Class: 2427K(2688K)->2427K(2688K)
[2025-09-09T08:01:23.018+0000][183][info ][gc          ] GC(2) Pause Young (Concurrent Start) (Metadata GC Threshold) 32M->10M(1024M) 4.724ms
[2025-09-09T08:01:23.018+0000][183][info ][gc,cpu      ] GC(2) User=0.02s Sys=0.00s Real=0.00s
[2025-09-09T08:01:23.018+0000][183][info ][gc          ] GC(3) Concurrent Mark Cycle
[2025-09-09T08:01:23.018+0000][183][info ][gc,marking  ] GC(3) Concurrent Scan Root Regions
[2025-09-09T08:01:23.018+0000][183][info ][safepoint   ] Safepoint "CollectForMetadataAllocation", Time since last: 161513125 ns, Reaching safepoint: 960875 ns, Cleanup: 95875 ns, At safepoint: 4961083 ns, Total: 6017833 ns
[2025-09-09T08:01:23.021+0000][183][info ][gc,marking  ] GC(3) Concurrent Scan Root Regions 2.506ms
[2025-09-09T08:01:23.022+0000][183][info ][gc,marking  ] GC(3) Concurrent Mark
[2025-09-09T08:01:23.022+0000][183][info ][gc,marking  ] GC(3) Concurrent Mark From Roots
[2025-09-09T08:01:23.022+0000][183][info ][gc,task     ] GC(3) Using 2 workers of 2 for marking
[2025-09-09T08:01:23.024+0000][183][info ][gc,marking  ] GC(3) Concurrent Mark From Roots 2.136ms
[2025-09-09T08:01:23.024+0000][183][info ][gc,marking  ] GC(3) Concurrent Preclean
[2025-09-09T08:01:23.024+0000][183][info ][gc,marking  ] GC(3) Concurrent Preclean 0.116ms
[2025-09-09T08:01:23.025+0000][183][info ][gc,start    ] GC(3) Pause Remark
[2025-09-09T08:01:23.027+0000][183][info ][gc          ] GC(3) Pause Remark 13M->13M(1024M) 2.513ms
[2025-09-09T08:01:23.027+0000][183][info ][gc,cpu      ] GC(3) User=0.00s Sys=0.00s Real=0.00s
[2025-09-09T08:01:23.027+0000][183][info ][safepoint   ] Safepoint "G1PauseRemark", Time since last: 6423959 ns, Reaching safepoint: 391833 ns, Cleanup: 6500 ns, At safepoint: 2767292 ns, Total: 3165625 ns
[2025-09-09T08:01:23.028+0000][183][info ][gc,marking  ] GC(3) Concurrent Mark 6.121ms
[2025-09-09T08:01:23.029+0000][183][info ][gc,marking  ] GC(3) Concurrent Rebuild Remembered Sets and Scrub Regions
[2025-09-09T08:01:23.029+0000][183][info ][gc,marking  ] GC(3) Concurrent Rebuild Remembered Sets and Scrub Regions 0.515ms
[2025-09-09T08:01:23.030+0000][183][info ][gc,start    ] GC(3) Pause Cleanup
[2025-09-09T08:01:23.030+0000][183][info ][gc          ] GC(3) Pause Cleanup 13M->13M(1024M) 0.224ms
[2025-09-09T08:01:23.030+0000][183][info ][gc,cpu      ] GC(3) User=0.00s Sys=0.00s Real=0.00s
[2025-09-09T08:01:23.030+0000][183][info ][safepoint   ] Safepoint "G1PauseCleanup", Time since last: 2283291 ns, Reaching safepoint: 2334 ns, Cleanup: 1333 ns, At safepoint: 377542 ns, Total: 381209 ns
[2025-09-09T08:01:23.031+0000][183][info ][gc,marking  ] GC(3) Concurrent Clear Claimed Marks
[2025-09-09T08:01:23.032+0000][183][info ][gc,marking  ] GC(3) Concurrent Clear Claimed Marks 0.267ms
[2025-09-09T08:01:23.032+0000][183][info ][gc,marking  ] GC(3) Concurrent Cleanup for Next Mark
[2025-09-09T08:01:23.032+0000][183][info ][gc,marking  ] GC(3) Concurrent Cleanup for Next Mark 0.678ms
[2025-09-09T08:01:23.032+0000][183][info ][gc          ] GC(3) Concurrent Mark Cycle 14.766ms
[2025-09-09T08:01:23.188+0000][183][info ][safepoint   ] Safepoint "ICBufferFull", Time since last: 158163791 ns, Reaching safepoint: 2792 ns, Cleanup: 68750 ns, At safepoint: 4292 ns, Total: 75834 ns
[2025-09-09T08:01:23.305+0000][183][info ][safepoint   ] Safepoint "ICBufferFull", Time since last: 116908416 ns, Reaching safepoint: 2084 ns, Cleanup: 69375 ns, At safepoint: 10208 ns, Total: 81667 ns
[2025-09-09T08:01:23.567+0000][183][info ][safepoint   ] Safepoint "ICBufferFull", Time since last: 261256292 ns, Reaching safepoint: 2958 ns, Cleanup: 114458 ns, At safepoint: 5167 ns, Total: 122583 ns
[2025-09-09T08:01:23.933+0000][183][info ][safepoint   ] Safepoint "ICBufferFull", Time since last: 366464042 ns, Reaching safepoint: 3292 ns, Cleanup: 106333 ns, At safepoint: 5875 ns, Total: 115500 ns
[2025-09-09T08:01:24.176+0000][183][info ][safepoint   ] Safepoint "ICBufferFull", Time since last: 242679792 ns, Reaching safepoint: 29166 ns, Cleanup: 163875 ns, At safepoint: 11792 ns, Total: 204833 ns
[2025-09-09T08:01:24.222+0000][183][info ][gc,start    ] GC(4) Pause Young (Prepare Mixed) (G1 Evacuation Pause)
[2025-09-09T08:01:24.222+0000][183][info ][gc,task     ] GC(4) Using 8 workers of 8 for evacuation
[2025-09-09T08:01:24.222+0000][183][debug][gc,age      ] GC(4) Desired survivor size 23068672 bytes, new threshold 15 (max threshold 15)
[2025-09-09T08:01:24.228+0000][183][info ][gc,phases   ] GC(4)   Pre Evacuate Collection Set: 0.14ms
[2025-09-09T08:01:24.229+0000][183][info ][gc,phases   ] GC(4)   Merge Heap Roots: 0.08ms
[2025-09-09T08:01:24.229+0000][183][info ][gc,phases   ] GC(4)   Evacuate Collection Set: 5.53ms
[2025-09-09T08:01:24.229+0000][183][info ][gc,phases   ] GC(4)   Post Evacuate Collection Set: 0.89ms
[2025-09-09T08:01:24.229+0000][183][info ][gc,phases   ] GC(4)   Other: 0.14ms
[2025-09-09T08:01:24.229+0000][183][trace][gc,age      ] GC(4) Age table with threshold 15 (max threshold 15)
[2025-09-09T08:01:24.229+0000][183][trace][gc,age      ] GC(4) - age   1:    6628424 bytes,    6628424 total
[2025-09-09T08:01:24.229+0000][183][trace][gc,age      ] GC(4) - age   2:     424800 bytes,    7053224 total
[2025-09-09T08:01:24.229+0000][183][trace][gc,age      ] GC(4) - age   3:    4027776 bytes,   11081000 total
[2025-09-09T08:01:24.229+0000][183][trace][gc,age      ] GC(4) - age   4:    4587344 bytes,   15668344 total
[2025-09-09T08:01:24.229+0000][183][info ][gc,heap     ] GC(4) Eden regions: 78->0(149)
[2025-09-09T08:01:24.229+0000][183][info ][gc,heap     ] GC(4) Survivor regions: 3->4(11)
[2025-09-09T08:01:24.229+0000][183][info ][gc,heap     ] GC(4) Old regions: 1->1
[2025-09-09T08:01:24.229+0000][183][info ][gc,heap     ] GC(4) Humongous regions: 0->0
[2025-09-09T08:01:24.229+0000][183][info ][gc,metaspace] GC(4) Metaspace: 28976K(29824K)->28976K(29824K) NonClass: 25629K(26112K)->25629K(26112K) Class: 3347K(3712K)->3347K(3712K)
[2025-09-09T08:01:24.229+0000][183][info ][gc          ] GC(4) Pause Young (Prepare Mixed) (G1 Evacuation Pause) 322M->16M(1024M) 7.871ms
[2025-09-09T08:01:24.229+0000][183][info ][gc,cpu      ] GC(4) User=0.04s Sys=0.00s Real=0.00s
[2025-09-09T08:01:24.230+0000][183][info ][safepoint   ] Safepoint "G1CollectForAllocation", Time since last: 45363542 ns, Reaching safepoint: 2416 ns, Cleanup: 23542 ns, At safepoint: 8019750 ns, Total: 8045708 ns
[2025-09-09T08:01:24.360+0000][183][info ][safepoint   ] Safepoint "ICBufferFull", Time since last: 129637750 ns, Reaching safepoint: 457667 ns, Cleanup: 82375 ns, At safepoint: 17666 ns, Total: 557708 ns
[2025-09-09T08:01:24.496+0000][183][info ][safepoint   ] Safepoint "ICBufferFull", Time since last: 136389417 ns, Reaching safepoint: 5459 ns, Cleanup: 174250 ns, At safepoint: 6291 ns, Total: 186000 ns
[2025-09-09T08:01:24.987+0000][183][info ][safepoint   ] Safepoint "ICBufferFull", Time since last: 490921417 ns, Reaching safepoint: 2250 ns, Cleanup: 85250 ns, At safepoint: 2458 ns, Total: 89958 ns
[2025-09-09T08:01:25.154+0000][183][info ][safepoint   ] Safepoint "ICBufferFull", Time since last: 166070542 ns, Reaching safepoint: 4042 ns, Cleanup: 126375 ns, At safepoint: 22167 ns, Total: 152584 ns
[2025-09-09T08:01:25.226+0000][183][info ][gc,start    ] GC(5) Pause Young (Mixed) (Metadata GC Threshold)
[2025-09-09T08:01:25.227+0000][183][info ][gc,task     ] GC(5) Using 8 workers of 8 for evacuation
[2025-09-09T08:01:25.227+0000][183][debug][gc,age      ] GC(5) Desired survivor size 41943040 bytes, new threshold 15 (max threshold 15)
[2025-09-09T08:01:25.251+0000][183][info ][gc,phases   ] GC(5)   Pre Evacuate Collection Set: 0.14ms
[2025-09-09T08:01:25.252+0000][183][info ][gc,phases   ] GC(5)   Merge Heap Roots: 0.12ms
[2025-09-09T08:01:25.252+0000][183][info ][gc,phases   ] GC(5)   Evacuate Collection Set: 20.68ms
[2025-09-09T08:01:25.252+0000][183][info ][gc,phases   ] GC(5)   Post Evacuate Collection Set: 3.67ms
[2025-09-09T08:01:25.252+0000][183][info ][gc,phases   ] GC(5)   Other: 0.22ms
[2025-09-09T08:01:25.252+0000][183][trace][gc,age      ] GC(5) Age table with threshold 15 (max threshold 15)
[2025-09-09T08:01:25.252+0000][183][trace][gc,age      ] GC(5) - age   1:    8168056 bytes,    8168056 total
[2025-09-09T08:01:25.252+0000][183][trace][gc,age      ] GC(5) - age   2:    5941856 bytes,   14109912 total
[2025-09-09T08:01:25.252+0000][183][trace][gc,age      ] GC(5) - age   3:     424680 bytes,   14534592 total
[2025-09-09T08:01:25.252+0000][183][trace][gc,age      ] GC(5) - age   4:    4026240 bytes,   18560832 total
[2025-09-09T08:01:25.252+0000][183][trace][gc,age      ] GC(5) - age   5:    4587312 bytes,   23148144 total
[2025-09-09T08:01:25.252+0000][183][info ][gc,heap     ] GC(5) Eden regions: 134->0(146)
[2025-09-09T08:01:25.253+0000][183][info ][gc,heap     ] GC(5) Survivor regions: 4->7(20)
[2025-09-09T08:01:25.253+0000][183][info ][gc,heap     ] GC(5) Old regions: 1->1
[2025-09-09T08:01:25.253+0000][183][info ][gc,heap     ] GC(5) Humongous regions: 0->0
[2025-09-09T08:01:25.253+0000][183][info ][gc,metaspace] GC(5) Metaspace: 35203K(36096K)->35203K(36096K) NonClass: 31139K(31680K)->31139K(31680K) Class: 4063K(4416K)->4063K(4416K)
[2025-09-09T08:01:25.253+0000][183][info ][gc          ] GC(5) Pause Young (Mixed) (Metadata GC Threshold) 552M->25M(1024M) 26.658ms
[2025-09-09T08:01:25.253+0000][183][info ][gc,cpu      ] GC(5) User=0.12s Sys=0.00s Real=0.03s
[2025-09-09T08:01:25.253+0000][183][info ][safepoint   ] Safepoint "CollectForMetadataAllocation", Time since last: 72886416 ns, Reaching safepoint: 3042 ns, Cleanup: 15958 ns, At safepoint: 26949834 ns, Total: 26968834 ns
[2025-09-09T08:01:25.263+0000][183][info ][gc,start    ] GC(6) Pause Young (Concurrent Start) (Metadata GC Threshold)
[2025-09-09T08:01:25.263+0000][183][info ][gc,task     ] GC(6) Using 8 workers of 8 for evacuation
[2025-09-09T08:01:25.264+0000][183][debug][gc,age      ] GC(6) Desired survivor size 41943040 bytes, new threshold 15 (max threshold 15)
[2025-09-09T08:01:25.271+0000][183][info ][gc,phases   ] GC(6)   Pre Evacuate Collection Set: 0.45ms
[2025-09-09T08:01:25.271+0000][183][info ][gc,phases   ] GC(6)   Merge Heap Roots: 0.06ms
[2025-09-09T08:01:25.272+0000][183][info ][gc,phases   ] GC(6)   Evacuate Collection Set: 6.14ms
[2025-09-09T08:01:25.272+0000][183][info ][gc,phases   ] GC(6)   Post Evacuate Collection Set: 0.95ms
[2025-09-09T08:01:25.272+0000][183][info ][gc,phases   ] GC(6)   Other: 0.39ms
[2025-09-09T08:01:25.272+0000][183][trace][gc,age      ] GC(6) Age table with threshold 15 (max threshold 15)
[2025-09-09T08:01:25.272+0000][183][trace][gc,age      ] GC(6) - age   1:      48984 bytes,      48984 total
[2025-09-09T08:01:25.272+0000][183][trace][gc,age      ] GC(6) - age   2:    8159328 bytes,    8208312 total
[2025-09-09T08:01:25.272+0000][183][trace][gc,age      ] GC(6) - age   3:    5941824 bytes,   14150136 total
[2025-09-09T08:01:25.272+0000][183][trace][gc,age      ] GC(6) - age   4:     424680 bytes,   14574816 total
[2025-09-09T08:01:25.272+0000][183][trace][gc,age      ] GC(6) - age   5:    4026240 bytes,   18601056 total
[2025-09-09T08:01:25.272+0000][183][trace][gc,age      ] GC(6) - age   6:    4587312 bytes,   23188368 total
[2025-09-09T08:01:25.272+0000][183][info ][gc,heap     ] GC(6) Eden regions: 1->0(146)
[2025-09-09T08:01:25.272+0000][183][info ][gc,heap     ] GC(6) Survivor regions: 7->7(20)
[2025-09-09T08:01:25.272+0000][183][info ][gc,heap     ] GC(6) Old regions: 1->1
[2025-09-09T08:01:25.272+0000][183][info ][gc,heap     ] GC(6) Humongous regions: 0->0
[2025-09-09T08:01:25.272+0000][183][info ][gc,metaspace] GC(6) Metaspace: 35529K(36416K)->35529K(36416K) NonClass: 31414K(31936K)->31414K(31936K) Class: 4114K(4480K)->4114K(4480K)
[2025-09-09T08:01:25.272+0000][183][info ][gc          ] GC(6) Pause Young (Concurrent Start) (Metadata GC Threshold) 29M->25M(1024M) 9.220ms
[2025-09-09T08:01:25.272+0000][183][info ][gc,cpu      ] GC(6) User=0.04s Sys=0.00s Real=0.01s
[2025-09-09T08:01:25.272+0000][183][info ][gc          ] GC(7) Concurrent Mark Cycle
[2025-09-09T08:01:25.273+0000][183][info ][gc,marking  ] GC(7) Concurrent Scan Root Regions
[2025-09-09T08:01:25.273+0000][183][info ][safepoint   ] Safepoint "CollectForMetadataAllocation", Time since last: 9751833 ns, Reaching safepoint: 2625 ns, Cleanup: 1792 ns, At safepoint: 9533875 ns, Total: 9538292 ns
[2025-09-09T08:01:25.276+0000][183][info ][gc,marking  ] GC(7) Concurrent Scan Root Regions 2.910ms
[2025-09-09T08:01:25.276+0000][183][info ][gc,marking  ] GC(7) Concurrent Mark
[2025-09-09T08:01:25.276+0000][183][info ][gc,marking  ] GC(7) Concurrent Mark From Roots
[2025-09-09T08:01:25.276+0000][183][info ][gc,task     ] GC(7) Using 2 workers of 2 for marking
[2025-09-09T08:01:25.277+0000][183][info ][gc,marking  ] GC(7) Concurrent Mark From Roots 1.080ms
[2025-09-09T08:01:25.277+0000][183][info ][gc,marking  ] GC(7) Concurrent Preclean
[2025-09-09T08:01:25.279+0000][183][info ][gc,marking  ] GC(7) Concurrent Preclean 2.191ms
[2025-09-09T08:01:25.280+0000][183][info ][gc,start    ] GC(7) Pause Remark
[2025-09-09T08:01:25.284+0000][183][info ][gc          ] GC(7) Pause Remark 29M->29M(1024M) 4.030ms
[2025-09-09T08:01:25.284+0000][183][info ][gc,cpu      ] GC(7) User=0.02s Sys=0.00s Real=0.01s
[2025-09-09T08:01:25.284+0000][183][info ][safepoint   ] Safepoint "G1PauseRemark", Time since last: 6876000 ns, Reaching safepoint: 3750 ns, Cleanup: 2291 ns, At safepoint: 4236167 ns, Total: 4242208 ns
[2025-09-09T08:01:25.284+0000][183][info ][gc,marking  ] GC(7) Concurrent Mark 8.448ms
[2025-09-09T08:01:25.285+0000][183][info ][gc,marking  ] GC(7) Concurrent Rebuild Remembered Sets and Scrub Regions
[2025-09-09T08:01:25.285+0000][183][info ][gc,marking  ] GC(7) Concurrent Rebuild Remembered Sets and Scrub Regions 0.735ms
[2025-09-09T08:01:25.286+0000][183][info ][gc,start    ] GC(7) Pause Cleanup
[2025-09-09T08:01:25.286+0000][183][info ][gc          ] GC(7) Pause Cleanup 29M->29M(1024M) 0.354ms
[2025-09-09T08:01:25.286+0000][183][info ][gc,cpu      ] GC(7) User=0.00s Sys=0.00s Real=0.00s
[2025-09-09T08:01:25.287+0000][183][info ][safepoint   ] Safepoint "G1PauseCleanup", Time since last: 2124750 ns, Reaching safepoint: 1958 ns, Cleanup: 5500 ns, At safepoint: 575084 ns, Total: 582542 ns
[2025-09-09T08:01:25.287+0000][183][info ][gc,marking  ] GC(7) Concurrent Clear Claimed Marks
[2025-09-09T08:01:25.287+0000][183][info ][gc,marking  ] GC(7) Concurrent Clear Claimed Marks 0.155ms
[2025-09-09T08:01:25.288+0000][183][info ][gc,marking  ] GC(7) Concurrent Cleanup for Next Mark
[2025-09-09T08:01:25.290+0000][183][info ][gc,marking  ] GC(7) Concurrent Cleanup for Next Mark 2.278ms
[2025-09-09T08:01:25.290+0000][183][info ][gc          ] GC(7) Concurrent Mark Cycle 17.403ms
[2025-09-09T08:01:25.899+0000][183][info ][safepoint   ] Safepoint "ICBufferFull", Time since last: 612073667 ns, Reaching safepoint: 2583 ns, Cleanup: 105625 ns, At safepoint: 11792 ns, Total: 120000 ns
[2025-09-09T08:01:26.224+0000][183][info ][gc,start    ] GC(8) Pause Young (Normal) (G1 Evacuation Pause)
[2025-09-09T08:01:26.224+0000][183][info ][gc,task     ] GC(8) Using 8 workers of 8 for evacuation
[2025-09-09T08:01:26.224+0000][183][debug][gc,age      ] GC(8) Desired survivor size 41943040 bytes, new threshold 15 (max threshold 15)
[2025-09-09T08:01:26.266+0000][183][info ][gc,phases   ] GC(8)   Pre Evacuate Collection Set: 0.21ms
[2025-09-09T08:01:26.267+0000][183][info ][gc,phases   ] GC(8)   Merge Heap Roots: 0.14ms
[2025-09-09T08:01:26.267+0000][183][info ][gc,phases   ] GC(8)   Evacuate Collection Set: 39.02ms
[2025-09-09T08:01:26.267+0000][183][info ][gc,phases   ] GC(8)   Post Evacuate Collection Set: 2.93ms
[2025-09-09T08:01:26.267+0000][183][info ][gc,phases   ] GC(8)   Other: 0.25ms
[2025-09-09T08:01:26.267+0000][183][trace][gc,age      ] GC(8) Age table with threshold 15 (max threshold 15)
[2025-09-09T08:01:26.267+0000][183][trace][gc,age      ] GC(8) - age   1:    9688936 bytes,    9688936 total
[2025-09-09T08:01:26.267+0000][183][trace][gc,age      ] GC(8) - age   2:      38008 bytes,    9726944 total
[2025-09-09T08:01:26.267+0000][183][trace][gc,age      ] GC(8) - age   3:    8145704 bytes,   17872648 total
[2025-09-09T08:01:26.268+0000][183][trace][gc,age      ] GC(8) - age   4:    5934056 bytes,   23806704 total
[2025-09-09T08:01:26.268+0000][183][trace][gc,age      ] GC(8) - age   5:     404696 bytes,   24211400 total
[2025-09-09T08:01:26.268+0000][183][trace][gc,age      ] GC(8) - age   6:    4018424 bytes,   28229824 total
[2025-09-09T08:01:26.268+0000][183][trace][gc,age      ] GC(8) - age   7:    4580368 bytes,   32810192 total
[2025-09-09T08:01:26.268+0000][183][info ][gc,heap     ] GC(8) Eden regions: 146->0(144)
[2025-09-09T08:01:26.268+0000][183][info ][gc,heap     ] GC(8) Survivor regions: 7->9(20)
[2025-09-09T08:01:26.268+0000][183][info ][gc,heap     ] GC(8) Old regions: 1->1
[2025-09-09T08:01:26.268+0000][183][info ][gc,heap     ] GC(8) Humongous regions: 0->0
[2025-09-09T08:01:26.269+0000][183][info ][gc,metaspace] GC(8) Metaspace: 38279K(39360K)->38279K(39360K) NonClass: 33787K(34432K)->33787K(34432K) Class: 4491K(4928K)->4491K(4928K)
[2025-09-09T08:01:26.269+0000][183][info ][gc          ] GC(8) Pause Young (Normal) (G1 Evacuation Pause) 609M->34M(1024M) 45.066ms
[2025-09-09T08:01:26.269+0000][183][info ][gc,cpu      ] GC(8) User=0.22s Sys=0.00s Real=0.04s
[2025-09-09T08:01:26.269+0000][183][info ][safepoint   ] Safepoint "G1CollectForAllocation", Time since last: 324686500 ns, Reaching safepoint: 5916 ns, Cleanup: 114084 ns, At safepoint: 45317750 ns, Total: 45437750 ns
[2025-09-09T08:01:27.225+0000][183][info ][safepoint   ] Safepoint "ICBufferFull", Time since last: 955556917 ns, Reaching safepoint: 6208 ns, Cleanup: 227792 ns, At safepoint: 29917 ns, Total: 263917 ns
[2025-09-09T08:01:27.418+0000][183][info ][safepoint   ] Safepoint "ICBufferFull", Time since last: 193577250 ns, Reaching safepoint: 6333 ns, Cleanup: 165542 ns, At safepoint: 16291 ns, Total: 188166 ns
[2025-09-09T08:01:27.751+0000][183][info ][safepoint   ] Safepoint "ICBufferFull", Time since last: 332824459 ns, Reaching safepoint: 6541 ns, Cleanup: 149875 ns, At safepoint: 7167 ns, Total: 163583 ns
[2025-09-09T08:01:28.365+0000][183][info ][safepoint   ] Safepoint "ICBufferFull", Time since last: 613096334 ns, Reaching safepoint: 3166 ns, Cleanup: 103500 ns, At safepoint: 8917 ns, Total: 115583 ns
[2025-09-09T08:01:28.503+0000][183][info ][safepoint   ] Safepoint "ICBufferFull", Time since last: 138359208 ns, Reaching safepoint: 4459 ns, Cleanup: 126416 ns, At safepoint: 7500 ns, Total: 138375 ns
[2025-09-09T08:01:29.155+0000][183][info ][safepoint   ] Safepoint "ICBufferFull", Time since last: 651494209 ns, Reaching safepoint: 3125 ns, Cleanup: 164667 ns, At safepoint: 6750 ns, Total: 174542 ns
[2025-09-09T08:01:29.348+0000][183][info ][gc,start    ] GC(9) Pause Young (Concurrent Start) (Metadata GC Threshold)
[2025-09-09T08:01:29.349+0000][183][info ][gc,task     ] GC(9) Using 8 workers of 8 for evacuation
[2025-09-09T08:01:29.349+0000][183][debug][gc,age      ] GC(9) Desired survivor size 41943040 bytes, new threshold 15 (max threshold 15)
[2025-09-09T08:01:29.367+0000][183][info ][gc,phases   ] GC(9)   Pre Evacuate Collection Set: 0.23ms
[2025-09-09T08:01:29.367+0000][183][info ][gc,phases   ] GC(9)   Merge Heap Roots: 0.07ms
[2025-09-09T08:01:29.368+0000][183][info ][gc,phases   ] GC(9)   Evacuate Collection Set: 14.48ms
[2025-09-09T08:01:29.368+0000][183][info ][gc,phases   ] GC(9)   Post Evacuate Collection Set: 3.13ms
[2025-09-09T08:01:29.368+0000][183][info ][gc,phases   ] GC(9)   Other: 0.24ms
[2025-09-09T08:01:29.368+0000][183][trace][gc,age      ] GC(9) Age table with threshold 15 (max threshold 15)
[2025-09-09T08:01:29.368+0000][183][trace][gc,age      ] GC(9) - age   1:   10287680 bytes,   10287680 total
[2025-09-09T08:01:29.368+0000][183][trace][gc,age      ] GC(9) - age   2:    8879968 bytes,   19167648 total
[2025-09-09T08:01:29.368+0000][183][trace][gc,age      ] GC(9) - age   3:      37784 bytes,   19205432 total
[2025-09-09T08:01:29.368+0000][183][trace][gc,age      ] GC(9) - age   4:    8104912 bytes,   27310344 total
[2025-09-09T08:01:29.368+0000][183][trace][gc,age      ] GC(9) - age   5:    5748944 bytes,   33059288 total
[2025-09-09T08:01:29.368+0000][183][trace][gc,age      ] GC(9) - age   6:     401136 bytes,   33460424 total
[2025-09-09T08:01:29.368+0000][183][trace][gc,age      ] GC(9) - age   7:    3980832 bytes,   37441256 total
[2025-09-09T08:01:29.368+0000][183][trace][gc,age      ] GC(9) - age   8:    4571344 bytes,   42012600 total
[2025-09-09T08:01:29.368+0000][183][info ][gc,heap     ] GC(9) Eden regions: 136->0(141)
[2025-09-09T08:01:29.368+0000][183][info ][gc,heap     ] GC(9) Survivor regions: 9->12(20)
[2025-09-09T08:01:29.368+0000][183][info ][gc,heap     ] GC(9) Old regions: 1->1
[2025-09-09T08:01:29.368+0000][183][info ][gc,heap     ] GC(9) Humongous regions: 0->0
[2025-09-09T08:01:29.368+0000][183][info ][gc,metaspace] GC(9) Metaspace: 59671K(61056K)->59671K(61056K) NonClass: 52135K(52992K)->52135K(52992K) Class: 7536K(8064K)->7536K(8064K)
[2025-09-09T08:01:29.369+0000][183][info ][gc          ] GC(9) Pause Young (Concurrent Start) (Metadata GC Threshold) 578M->45M(1024M) 20.973ms
[2025-09-09T08:01:29.369+0000][183][info ][gc,cpu      ] GC(9) User=0.09s Sys=0.01s Real=0.02s
[2025-09-09T08:01:29.369+0000][183][info ][gc          ] GC(10) Concurrent Mark Cycle
[2025-09-09T08:01:29.369+0000][183][info ][gc,marking  ] GC(10) Concurrent Scan Root Regions
[2025-09-09T08:01:29.369+0000][183][info ][safepoint   ] Safepoint "CollectForMetadataAllocation", Time since last: 191997958 ns, Reaching safepoint: 782125 ns, Cleanup: 37834 ns, At safepoint: 21195375 ns, Total: 22015334 ns
[2025-09-09T08:01:29.376+0000][183][info ][gc,marking  ] GC(10) Concurrent Scan Root Regions 7.128ms
[2025-09-09T08:01:29.376+0000][183][info ][gc,marking  ] GC(10) Concurrent Mark
[2025-09-09T08:01:29.376+0000][183][info ][gc,marking  ] GC(10) Concurrent Mark From Roots
[2025-09-09T08:01:29.376+0000][183][info ][gc,task     ] GC(10) Using 2 workers of 2 for marking
[2025-09-09T08:01:29.378+0000][183][info ][gc,marking  ] GC(10) Concurrent Mark From Roots 2.161ms
[2025-09-09T08:01:29.378+0000][183][info ][gc,marking  ] GC(10) Concurrent Preclean
[2025-09-09T08:01:29.378+0000][183][info ][gc,marking  ] GC(10) Concurrent Preclean 0.057ms
[2025-09-09T08:01:29.379+0000][183][info ][gc,start    ] GC(10) Pause Remark
[2025-09-09T08:01:29.386+0000][183][info ][gc          ] GC(10) Pause Remark 48M->48M(1024M) 7.052ms
[2025-09-09T08:01:29.388+0000][183][info ][gc,cpu      ] GC(10) User=0.02s Sys=0.00s Real=0.01s
[2025-09-09T08:01:29.388+0000][183][info ][safepoint   ] Safepoint "G1PauseRemark", Time since last: 9655625 ns, Reaching safepoint: 95875 ns, Cleanup: 7791 ns, At safepoint: 9044875 ns, Total: 9148541 ns
[2025-09-09T08:01:29.388+0000][183][info ][gc,marking  ] GC(10) Concurrent Mark 11.677ms
[2025-09-09T08:01:29.388+0000][183][info ][gc,marking  ] GC(10) Concurrent Rebuild Remembered Sets and Scrub Regions
[2025-09-09T08:01:29.389+0000][183][info ][gc,marking  ] GC(10) Concurrent Rebuild Remembered Sets and Scrub Regions 0.941ms
[2025-09-09T08:01:29.390+0000][183][info ][gc,start    ] GC(10) Pause Cleanup
[2025-09-09T08:01:29.390+0000][183][info ][gc          ] GC(10) Pause Cleanup 48M->48M(1024M) 0.747ms
[2025-09-09T08:01:29.390+0000][183][info ][gc,cpu      ] GC(10) User=0.00s Sys=0.00s Real=0.00s
[2025-09-09T08:01:29.390+0000][183][info ][safepoint   ] Safepoint "G1PauseCleanup", Time since last: 1197500 ns, Reaching safepoint: 740042 ns, Cleanup: 10875 ns, At safepoint: 902000 ns, Total: 1652917 ns
[2025-09-09T08:01:29.391+0000][183][info ][gc,marking  ] GC(10) Concurrent Clear Claimed Marks
[2025-09-09T08:01:29.391+0000][183][info ][gc,marking  ] GC(10) Concurrent Clear Claimed Marks 0.094ms
[2025-09-09T08:01:29.391+0000][183][info ][gc,marking  ] GC(10) Concurrent Cleanup for Next Mark
[2025-09-09T08:01:29.394+0000][183][info ][gc,marking  ] GC(10) Concurrent Cleanup for Next Mark 2.359ms
[2025-09-09T08:01:29.394+0000][183][info ][gc          ] GC(10) Concurrent Mark Cycle 25.117ms
[2025-09-09T08:01:29.921+0000][183][info ][safepoint   ] Safepoint "ICBufferFull", Time since last: 530591333 ns, Reaching safepoint: 2875 ns, Cleanup: 106834 ns, At safepoint: 10333 ns, Total: 120042 ns
[2025-09-09T08:01:30.099+0000][183][info ][safepoint   ] Safepoint "ICBufferFull", Time since last: 177466125 ns, Reaching safepoint: 7209 ns, Cleanup: 138791 ns, At safepoint: 10667 ns, Total: 156667 ns
[2025-09-09T08:01:30.722+0000][183][info ][safepoint   ] Safepoint "ICBufferFull", Time since last: 622812500 ns, Reaching safepoint: 2709 ns, Cleanup: 88041 ns, At safepoint: 5542 ns, Total: 96292 ns
[2025-09-09T08:01:30.983+0000][183][info ][safepoint   ] Safepoint "ICBufferFull", Time since last: 261258708 ns, Reaching safepoint: 14959 ns, Cleanup: 110250 ns, At safepoint: 12500 ns, Total: 137709 ns
[2025-09-09T08:01:31.095+0000][183][info ][safepoint   ] Safepoint "ICBufferFull", Time since last: 111878041 ns, Reaching safepoint: 5417 ns, Cleanup: 98417 ns, At safepoint: 7625 ns, Total: 111459 ns
[2025-09-09T08:01:31.457+0000][183][info ][gc,start    ] GC(11) Pause Young (Normal) (G1 Evacuation Pause)
[2025-09-09T08:01:31.457+0000][183][info ][gc,task     ] GC(11) Using 8 workers of 8 for evacuation
[2025-09-09T08:01:31.457+0000][183][debug][gc,age      ] GC(11) Desired survivor size 41943040 bytes, new threshold 8 (max threshold 15)
[2025-09-09T08:01:31.487+0000][183][info ][gc,phases   ] GC(11)   Pre Evacuate Collection Set: 0.13ms
[2025-09-09T08:01:31.487+0000][183][info ][gc,phases   ] GC(11)   Merge Heap Roots: 0.10ms
[2025-09-09T08:01:31.487+0000][183][info ][gc,phases   ] GC(11)   Evacuate Collection Set: 27.01ms
[2025-09-09T08:01:31.487+0000][183][info ][gc,phases   ] GC(11)   Post Evacuate Collection Set: 2.53ms
[2025-09-09T08:01:31.487+0000][183][info ][gc,phases   ] GC(11)   Other: 0.17ms
[2025-09-09T08:01:31.487+0000][183][trace][gc,age      ] GC(11) Age table with threshold 8 (max threshold 15)
[2025-09-09T08:01:31.487+0000][183][trace][gc,age      ] GC(11) - age   1:   10827728 bytes,   10827728 total
[2025-09-09T08:01:31.487+0000][183][trace][gc,age      ] GC(11) - age   2:    9847312 bytes,   20675040 total
[2025-09-09T08:01:31.487+0000][183][trace][gc,age      ] GC(11) - age   3:    8830864 bytes,   29505904 total
[2025-09-09T08:01:31.487+0000][183][trace][gc,age      ] GC(11) - age   4:      37720 bytes,   29543624 total
[2025-09-09T08:01:31.487+0000][183][trace][gc,age      ] GC(11) - age   5:    8093624 bytes,   37637248 total
[2025-09-09T08:01:31.487+0000][183][trace][gc,age      ] GC(11) - age   6:    5724752 bytes,   43362000 total
[2025-09-09T08:01:31.487+0000][183][trace][gc,age      ] GC(11) - age   7:     398736 bytes,   43760736 total
[2025-09-09T08:01:31.487+0000][183][trace][gc,age      ] GC(11) - age   8:    3973440 bytes,   47734176 total
[2025-09-09T08:01:31.487+0000][183][info ][gc,heap     ] GC(11) Eden regions: 141->0(140)
[2025-09-09T08:01:31.487+0000][183][info ][gc,heap     ] GC(11) Survivor regions: 12->13(20)
[2025-09-09T08:01:31.487+0000][183][info ][gc,heap     ] GC(11) Old regions: 1->2
[2025-09-09T08:01:31.487+0000][183][info ][gc,heap     ] GC(11) Humongous regions: 0->0
[2025-09-09T08:01:31.487+0000][183][info ][gc,metaspace] GC(11) Metaspace: 75221K(77120K)->75221K(77120K) NonClass: 65133K(66304K)->65133K(66304K) Class: 10087K(10816K)->10087K(10816K)
[2025-09-09T08:01:31.487+0000][183][info ][gc          ] GC(11) Pause Young (Normal) (G1 Evacuation Pause) 609M->56M(1024M) 30.721ms
[2025-09-09T08:01:31.487+0000][183][info ][gc,cpu      ] GC(11) User=0.21s Sys=0.01s Real=0.03s
[2025-09-09T08:01:31.487+0000][183][info ][safepoint   ] Safepoint "G1CollectForAllocation", Time since last: 361360958 ns, Reaching safepoint: 9125 ns, Cleanup: 20209 ns, At safepoint: 30815541 ns, Total: 30844875 ns
[2025-09-09T08:01:31.828+0000][183][info ][safepoint   ] Safepoint "ICBufferFull", Time since last: 341098292 ns, Reaching safepoint: 2375 ns, Cleanup: 90083 ns, At safepoint: 4250 ns, Total: 96708 ns
[2025-09-09T08:01:32.011+0000][183][info ][safepoint   ] Safepoint "ICBufferFull", Time since last: 182541667 ns, Reaching safepoint: 2583 ns, Cleanup: 95584 ns, At safepoint: 9125 ns, Total: 107292 ns
[2025-09-09T08:01:32.338+0000][183][info ][safepoint   ] Safepoint "ICBufferFull", Time since last: 326953417 ns, Reaching safepoint: 3291 ns, Cleanup: 87334 ns, At safepoint: 3875 ns, Total: 94500 ns
[2025-09-09T08:01:32.623+0000][183][info ][safepoint   ] Safepoint "ICBufferFull", Time since last: 284552250 ns, Reaching safepoint: 2541 ns, Cleanup: 86750 ns, At safepoint: 4625 ns, Total: 93916 ns
[2025-09-09T08:01:33.008+0000][183][info ][gc,start    ] GC(12) Pause Young (Concurrent Start) (Metadata GC Threshold)
[2025-09-09T08:01:33.008+0000][183][info ][gc,task     ] GC(12) Using 8 workers of 8 for evacuation
[2025-09-09T08:01:33.008+0000][183][debug][gc,age      ] GC(12) Desired survivor size 41943040 bytes, new threshold 6 (max threshold 15)
[2025-09-09T08:01:33.029+0000][183][info ][gc,phases   ] GC(12)   Pre Evacuate Collection Set: 0.17ms
[2025-09-09T08:01:33.029+0000][183][info ][gc,phases   ] GC(12)   Merge Heap Roots: 0.08ms
[2025-09-09T08:01:33.029+0000][183][info ][gc,phases   ] GC(12)   Evacuate Collection Set: 18.02ms
[2025-09-09T08:01:33.029+0000][183][info ][gc,phases   ] GC(12)   Post Evacuate Collection Set: 2.11ms
[2025-09-09T08:01:33.029+0000][183][info ][gc,phases   ] GC(12)   Other: 0.17ms
[2025-09-09T08:01:33.029+0000][183][trace][gc,age      ] GC(12) Age table with threshold 6 (max threshold 15)
[2025-09-09T08:01:33.029+0000][183][trace][gc,age      ] GC(12) - age   1:    9748576 bytes,    9748576 total
[2025-09-09T08:01:33.029+0000][183][trace][gc,age      ] GC(12) - age   2:   10484120 bytes,   20232696 total
[2025-09-09T08:01:33.029+0000][183][trace][gc,age      ] GC(12) - age   3:    9682696 bytes,   29915392 total
[2025-09-09T08:01:33.029+0000][183][trace][gc,age      ] GC(12) - age   4:    8814680 bytes,   38730072 total
[2025-09-09T08:01:33.029+0000][183][trace][gc,age      ] GC(12) - age   5:      37464 bytes,   38767536 total
[2025-09-09T08:01:33.029+0000][183][trace][gc,age      ] GC(12) - age   6:    8068488 bytes,   46836024 total
[2025-09-09T08:01:33.029+0000][183][info ][gc,heap     ] GC(12) Eden regions: 84->0(141)
[2025-09-09T08:01:33.029+0000][183][info ][gc,heap     ] GC(12) Survivor regions: 13->12(20)
[2025-09-09T08:01:33.029+0000][183][info ][gc,heap     ] GC(12) Old regions: 2->4
[2025-09-09T08:01:33.029+0000][183][info ][gc,heap     ] GC(12) Humongous regions: 0->0
[2025-09-09T08:01:33.029+0000][183][info ][gc,metaspace] GC(12) Metaspace: 99914K(102080K)->99914K(102080K) NonClass: 86441K(87680K)->86441K(87680K) Class: 13473K(14400K)->13473K(14400K)
[2025-09-09T08:01:33.029+0000][183][info ][gc          ] GC(12) Pause Young (Concurrent Start) (Metadata GC Threshold) 390M->63M(1024M) 21.316ms
[2025-09-09T08:01:33.029+0000][183][info ][gc,cpu      ] GC(12) User=0.09s Sys=0.00s Real=0.02s
[2025-09-09T08:01:33.030+0000][183][info ][safepoint   ] Safepoint "CollectForMetadataAllocation", Time since last: 385165792 ns, Reaching safepoint: 2834 ns, Cleanup: 78708 ns, At safepoint: 21505375 ns, Total: 21586917 ns
[2025-09-09T08:01:33.029+0000][183][info ][gc          ] GC(13) Concurrent Mark Cycle
[2025-09-09T08:01:33.030+0000][183][info ][gc,marking  ] GC(13) Concurrent Scan Root Regions
[2025-09-09T08:01:33.046+0000][183][info ][gc,marking  ] GC(13) Concurrent Scan Root Regions 16.289ms
[2025-09-09T08:01:33.046+0000][183][info ][gc,marking  ] GC(13) Concurrent Mark
[2025-09-09T08:01:33.047+0000][183][info ][gc,marking  ] GC(13) Concurrent Mark From Roots
[2025-09-09T08:01:33.047+0000][183][info ][gc,task     ] GC(13) Using 2 workers of 2 for marking
[2025-09-09T08:01:33.051+0000][183][info ][gc,marking  ] GC(13) Concurrent Mark From Roots 4.648ms
[2025-09-09T08:01:33.051+0000][183][info ][gc,marking  ] GC(13) Concurrent Preclean
[2025-09-09T08:01:33.052+0000][183][info ][gc,marking  ] GC(13) Concurrent Preclean 0.148ms
[2025-09-09T08:01:33.052+0000][183][info ][gc,start    ] GC(13) Pause Remark
[2025-09-09T08:01:33.055+0000][183][info ][gc          ] GC(13) Pause Remark 73M->73M(1024M) 3.574ms
[2025-09-09T08:01:33.055+0000][183][info ][gc,cpu      ] GC(13) User=0.02s Sys=0.01s Real=0.00s
[2025-09-09T08:01:33.055+0000][183][info ][safepoint   ] Safepoint "G1PauseRemark", Time since last: 22155333 ns, Reaching safepoint: 7875 ns, Cleanup: 21209 ns, At safepoint: 3704041 ns, Total: 3733125 ns
[2025-09-09T08:01:33.056+0000][183][info ][gc,marking  ] GC(13) Concurrent Mark 9.131ms
[2025-09-09T08:01:33.056+0000][183][info ][gc,marking  ] GC(13) Concurrent Rebuild Remembered Sets and Scrub Regions
[2025-09-09T08:01:33.057+0000][183][info ][gc,marking  ] GC(13) Concurrent Rebuild Remembered Sets and Scrub Regions 1.081ms
[2025-09-09T08:01:33.058+0000][183][info ][gc,start    ] GC(13) Pause Cleanup
[2025-09-09T08:01:33.058+0000][183][info ][gc          ] GC(13) Pause Cleanup 73M->73M(1024M) 0.057ms
[2025-09-09T08:01:33.058+0000][183][info ][gc,cpu      ] GC(13) User=0.00s Sys=0.00s Real=0.00s
[2025-09-09T08:01:33.058+0000][183][info ][safepoint   ] Safepoint "G1PauseCleanup", Time since last: 1255084 ns, Reaching safepoint: 844708 ns, Cleanup: 10500 ns, At safepoint: 154583 ns, Total: 1009791 ns
[2025-09-09T08:01:33.058+0000][183][info ][gc,marking  ] GC(13) Concurrent Clear Claimed Marks
[2025-09-09T08:01:33.058+0000][183][info ][gc,marking  ] GC(13) Concurrent Clear Claimed Marks 0.051ms
[2025-09-09T08:01:33.058+0000][183][info ][gc,marking  ] GC(13) Concurrent Cleanup for Next Mark
[2025-09-09T08:01:33.058+0000][183][info ][gc,marking  ] GC(13) Concurrent Cleanup for Next Mark 0.280ms
[2025-09-09T08:01:33.058+0000][183][info ][gc          ] GC(13) Concurrent Mark Cycle 28.688ms
[2025-09-09T08:01:33.284+0000][183][info ][safepoint   ] Safepoint "ICBufferFull", Time since last: 226204709 ns, Reaching safepoint: 2958 ns, Cleanup: 91917 ns, At safepoint: 13083 ns, Total: 107958 ns
[2025-09-09T08:01:33.533+0000][183][info ][safepoint   ] Safepoint "ICBufferFull", Time since last: 247498542 ns, Reaching safepoint: 1295917 ns, Cleanup: 135625 ns, At safepoint: 10791 ns, Total: 1442333 ns
[2025-09-09T08:01:33.863+0000][183][info ][safepoint   ] Safepoint "ICBufferFull", Time since last: 330088750 ns, Reaching safepoint: 2500 ns, Cleanup: 95875 ns, At safepoint: 2917 ns, Total: 101292 ns
[2025-09-09T08:01:34.024+0000][183][info ][safepoint   ] Safepoint "ICBufferFull", Time since last: 159466292 ns, Reaching safepoint: 1124000 ns, Cleanup: 69375 ns, At safepoint: 10083 ns, Total: 1203458 ns
[2025-09-09T08:01:34.083+0000][183][info ][safepoint   ] Safepoint "ICBufferFull", Time since last: 58613417 ns, Reaching safepoint: 84791 ns, Cleanup: 91917 ns, At safepoint: 15667 ns, Total: 192375 ns
[2025-09-09T08:01:34.125+0000][183][info ][safepoint   ] Safepoint "ICBufferFull", Time since last: 41800208 ns, Reaching safepoint: 106708 ns, Cleanup: 92125 ns, At safepoint: 9750 ns, Total: 208583 ns
[2025-09-09T08:01:34.164+0000][183][info ][safepoint   ] Safepoint "ICBufferFull", Time since last: 38100500 ns, Reaching safepoint: 975834 ns, Cleanup: 99083 ns, At safepoint: 12875 ns, Total: 1087792 ns
[2025-09-09T08:01:34.185+0000][183][info ][safepoint   ] Safepoint "ICBufferFull", Time since last: 20739334 ns, Reaching safepoint: 3500 ns, Cleanup: 82875 ns, At safepoint: 8875 ns, Total: 95250 ns
[2025-09-09T08:01:34.259+0000][183][info ][safepoint   ] Safepoint "ICBufferFull", Time since last: 73614541 ns, Reaching safepoint: 303875 ns, Cleanup: 78417 ns, At safepoint: 12375 ns, Total: 394667 ns
[2025-09-09T08:01:34.303+0000][183][info ][safepoint   ] Safepoint "ICBufferFull", Time since last: 43989375 ns, Reaching safepoint: 3208 ns, Cleanup: 106417 ns, At safepoint: 9292 ns, Total: 118917 ns
[2025-09-09T08:01:34.342+0000][183][info ][safepoint   ] Safepoint "ICBufferFull", Time since last: 37672958 ns, Reaching safepoint: 1089375 ns, Cleanup: 121208 ns, At safepoint: 8917 ns, Total: 1219500 ns
[2025-09-09T08:01:34.470+0000][183][info ][safepoint   ] Safepoint "ICBufferFull", Time since last: 127422833 ns, Reaching safepoint: 529125 ns, Cleanup: 80167 ns, At safepoint: 8167 ns, Total: 617459 ns
[2025-09-09T08:01:34.573+0000][183][info ][safepoint   ] Safepoint "ICBufferFull", Time since last: 103463041 ns, Reaching safepoint: 10334 ns, Cleanup: 114708 ns, At safepoint: 15500 ns, Total: 140542 ns
[2025-09-09T08:01:34.697+0000][183][info ][safepoint   ] Safepoint "ICBufferFull", Time since last: 123277083 ns, Reaching safepoint: 3125 ns, Cleanup: 81875 ns, At safepoint: 7167 ns, Total: 92167 ns
[2025-09-09T08:01:34.782+0000][183][info ][safepoint   ] Safepoint "ICBufferFull", Time since last: 84929000 ns, Reaching safepoint: 4958 ns, Cleanup: 73417 ns, At safepoint: 8583 ns, Total: 86958 ns
[2025-09-09T08:01:34.859+0000][183][info ][safepoint   ] Safepoint "ICBufferFull", Time since last: 77235959 ns, Reaching safepoint: 4166 ns, Cleanup: 77084 ns, At safepoint: 7458 ns, Total: 88708 ns
[2025-09-09T08:01:34.988+0000][183][info ][safepoint   ] Safepoint "ICBufferFull", Time since last: 125617292 ns, Reaching safepoint: 934375 ns, Cleanup: 176208 ns, At safepoint: 1867417 ns, Total: 2978000 ns
[2025-09-09T08:01:35.139+0000][183][info ][safepoint   ] Safepoint "ICBufferFull", Time since last: 151652833 ns, Reaching safepoint: 4459 ns, Cleanup: 70916 ns, At safepoint: 2667 ns, Total: 78042 ns
[2025-09-09T08:01:35.240+0000][183][info ][safepoint   ] Safepoint "ICBufferFull", Time since last: 100600917 ns, Reaching safepoint: 5250 ns, Cleanup: 71166 ns, At safepoint: 10834 ns, Total: 87250 ns
[2025-09-09T08:01:35.321+0000][183][info ][safepoint   ] Safepoint "ICBufferFull", Time since last: 80377500 ns, Reaching safepoint: 9583 ns, Cleanup: 125000 ns, At safepoint: 16917 ns, Total: 151500 ns
[2025-09-09T08:01:35.339+0000][183][info ][gc,start    ] GC(14) Pause Young (Normal) (G1 Evacuation Pause)
[2025-09-09T08:01:35.339+0000][183][info ][gc,task     ] GC(14) Using 8 workers of 8 for evacuation
[2025-09-09T08:01:35.339+0000][183][debug][gc,age      ] GC(14) Desired survivor size 41943040 bytes, new threshold 6 (max threshold 15)
[2025-09-09T08:01:35.411+0000][183][info ][gc,phases   ] GC(14)   Pre Evacuate Collection Set: 0.11ms
[2025-09-09T08:01:35.412+0000][183][info ][gc,phases   ] GC(14)   Merge Heap Roots: 0.07ms
[2025-09-09T08:01:35.412+0000][183][info ][gc,phases   ] GC(14)   Evacuate Collection Set: 67.87ms
[2025-09-09T08:01:35.412+0000][183][info ][gc,phases   ] GC(14)   Post Evacuate Collection Set: 4.28ms
[2025-09-09T08:01:35.413+0000][183][info ][gc,phases   ] GC(14)   Other: 0.10ms
[2025-09-09T08:01:35.413+0000][183][trace][gc,age      ] GC(14) Age table with threshold 6 (max threshold 15)
[2025-09-09T08:01:35.413+0000][183][trace][gc,age      ] GC(14) - age   1:   44660688 bytes,   44660688 total
[2025-09-09T08:01:35.413+0000][183][trace][gc,age      ] GC(14) - age   2:    8769912 bytes,   53430600 total
[2025-09-09T08:01:35.413+0000][183][trace][gc,age      ] GC(14) - age   3:   10213576 bytes,   63644176 total
[2025-09-09T08:01:35.414+0000][183][trace][gc,age      ] GC(14) - age   4:    8980800 bytes,   72624976 total
[2025-09-09T08:01:35.414+0000][183][trace][gc,age      ] GC(14) - age   5:    8762920 bytes,   81387896 total
[2025-09-09T08:01:35.414+0000][183][trace][gc,age      ] GC(14) - age   6:      37304 bytes,   81425200 total
[2025-09-09T08:01:35.414+0000][183][info ][gc,heap     ] GC(14) Eden regions: 141->0(133)
[2025-09-09T08:01:35.414+0000][183][info ][gc,heap     ] GC(14) Survivor regions: 12->20(20)
[2025-09-09T08:01:35.414+0000][183][info ][gc,heap     ] GC(14) Old regions: 4->9
[2025-09-09T08:01:35.414+0000][183][info ][gc,heap     ] GC(14) Humongous regions: 2->2
[2025-09-09T08:01:35.414+0000][183][info ][gc,metaspace] GC(14) Metaspace: 138075K(142016K)->138075K(142016K) NonClass: 118508K(120640K)->118508K(120640K) Class: 19566K(21376K)->19566K(21376K)
[2025-09-09T08:01:35.414+0000][183][info ][gc          ] GC(14) Pause Young (Normal) (G1 Evacuation Pause) 635M->122M(1024M) 75.363ms
[2025-09-09T08:01:35.414+0000][183][info ][gc,cpu      ] GC(14) User=0.42s Sys=0.02s Real=0.08s
[2025-09-09T08:01:35.416+0000][183][info ][safepoint   ] Safepoint "G1CollectForAllocation", Time since last: 18306958 ns, Reaching safepoint: 3833 ns, Cleanup: 20000 ns, At safepoint: 76651917 ns, Total: 76675750 ns
[2025-09-09T08:01:35.417+0000][183][info ][gc,start    ] GC(15) Pause Young (Normal) (G1 Evacuation Pause)
[2025-09-09T08:01:35.417+0000][183][info ][gc,task     ] GC(15) Using 8 workers of 8 for evacuation
[2025-09-09T08:01:35.417+0000][183][debug][gc,age      ] GC(15) Desired survivor size 6291456 bytes, new threshold 1 (max threshold 15)
[2025-09-09T08:01:35.498+0000][183][info ][gc,phases   ] GC(15)   Pre Evacuate Collection Set: 0.14ms
[2025-09-09T08:01:35.498+0000][183][info ][gc,phases   ] GC(15)   Merge Heap Roots: 0.36ms
[2025-09-09T08:01:35.499+0000][183][info ][gc,phases   ] GC(15)   Evacuate Collection Set: 79.09ms
[2025-09-09T08:01:35.499+0000][183][info ][gc,phases   ] GC(15)   Post Evacuate Collection Set: 1.61ms
[2025-09-09T08:01:35.499+0000][183][info ][gc,phases   ] GC(15)   Other: 0.34ms
[2025-09-09T08:01:35.500+0000][183][trace][gc,age      ] GC(15) Age table with threshold 1 (max threshold 15)
[2025-09-09T08:01:35.500+0000][183][trace][gc,age      ] GC(15) - age   1:      12528 bytes,      12528 total
[2025-09-09T08:01:35.500+0000][183][info ][gc,heap     ] GC(15) Eden regions: 1->0(151)
[2025-09-09T08:01:35.500+0000][183][info ][gc,heap     ] GC(15) Survivor regions: 20->2(3)
[2025-09-09T08:01:35.500+0000][183][info ][gc,heap     ] GC(15) Old regions: 9->30
[2025-09-09T08:01:35.500+0000][183][info ][gc,heap     ] GC(15) Humongous regions: 2->2
[2025-09-09T08:01:35.500+0000][183][info ][gc,metaspace] GC(15) Metaspace: 138079K(142016K)->138079K(142016K) NonClass: 118512K(120640K)->118512K(120640K) Class: 19566K(21376K)->19566K(21376K)
[2025-09-09T08:01:35.500+0000][183][info ][gc          ] GC(15) Pause Young (Normal) (G1 Evacuation Pause) 126M->132M(1024M) 83.392ms
[2025-09-09T08:01:35.500+0000][183][info ][gc,cpu      ] GC(15) User=0.33s Sys=0.01s Real=0.08s
[2025-09-09T08:01:35.503+0000][183][info ][safepoint   ] Safepoint "G1CollectForAllocation", Time since last: 543458 ns, Reaching safepoint: 451292 ns, Cleanup: 7625 ns, At safepoint: 86123750 ns, Total: 86582667 ns
[2025-09-09T08:01:35.640+0000][183][info ][safepoint   ] Safepoint "ICBufferFull", Time since last: 136399459 ns, Reaching safepoint: 540416 ns, Cleanup: 95625 ns, At safepoint: 13000 ns, Total: 649041 ns
[2025-09-09T08:01:35.774+0000][183][info ][safepoint   ] Safepoint "ICBufferFull", Time since last: 133818834 ns, Reaching safepoint: 60666 ns, Cleanup: 75625 ns, At safepoint: 5000 ns, Total: 141291 ns
[2025-09-09T08:01:35.854+0000][183][info ][safepoint   ] Safepoint "ICBufferFull", Time since last: 80661542 ns, Reaching safepoint: 5750 ns, Cleanup: 69458 ns, At safepoint: 17875 ns, Total: 93083 ns
[2025-09-09T08:01:35.961+0000][183][info ][safepoint   ] Safepoint "ICBufferFull", Time since last: 106131625 ns, Reaching safepoint: 5125 ns, Cleanup: 85334 ns, At safepoint: 6041 ns, Total: 96500 ns
[2025-09-09T08:01:35.962+0000][183][info ][safepoint   ] Safepoint "ICBufferFull", Time since last: 138000 ns, Reaching safepoint: 715042 ns, Cleanup: 4208 ns, At safepoint: 8792 ns, Total: 728042 ns
[2025-09-09T08:01:35.963+0000][183][info ][safepoint   ] Safepoint "ICBufferFull", Time since last: 220750 ns, Reaching safepoint: 766125 ns, Cleanup: 1917 ns, At safepoint: 18416 ns, Total: 786458 ns
[2025-09-09T08:01:36.044+0000][183][info ][safepoint   ] Safepoint "ICBufferFull", Time since last: 80405417 ns, Reaching safepoint: 688042 ns, Cleanup: 145291 ns, At safepoint: 23917 ns, Total: 857250 ns
[2025-09-09T08:01:36.168+0000][183][info ][safepoint   ] Safepoint "ICBufferFull", Time since last: 123928542 ns, Reaching safepoint: 38250 ns, Cleanup: 101083 ns, At safepoint: 18292 ns, Total: 157625 ns
[2025-09-09T08:01:36.259+0000][183][info ][safepoint   ] Safepoint "ICBufferFull", Time since last: 91103333 ns, Reaching safepoint: 24500 ns, Cleanup: 139167 ns, At safepoint: 24750 ns, Total: 188417 ns
[2025-09-09T08:01:36.393+0000][183][info ][safepoint   ] Safepoint "ICBufferFull", Time since last: 133331958 ns, Reaching safepoint: 9000 ns, Cleanup: 99667 ns, At safepoint: 9458 ns, Total: 118125 ns
[2025-09-09T08:01:36.632+0000][183][info ][safepoint   ] Safepoint "ICBufferFull", Time since last: 238781292 ns, Reaching safepoint: 11000 ns, Cleanup: 302250 ns, At safepoint: 14583 ns, Total: 327833 ns
[2025-09-09T08:01:37.009+0000][183][info ][safepoint   ] Safepoint "ICBufferFull", Time since last: 377104334 ns, Reaching safepoint: 7625 ns, Cleanup: 93083 ns, At safepoint: 8042 ns, Total: 108750 ns
[2025-09-09T08:01:37.113+0000][183][info ][safepoint   ] Safepoint "ICBufferFull", Time since last: 103671667 ns, Reaching safepoint: 8041 ns, Cleanup: 96667 ns, At safepoint: 4958 ns, Total: 109666 ns
[2025-09-09T08:01:37.219+0000][183][info ][safepoint   ] Safepoint "ICBufferFull", Time since last: 105495209 ns, Reaching safepoint: 22250 ns, Cleanup: 209958 ns, At safepoint: 15625 ns, Total: 247833 ns
[2025-09-09T08:01:37.356+0000][183][info ][safepoint   ] Safepoint "ICBufferFull", Time since last: 137215542 ns, Reaching safepoint: 8875 ns, Cleanup: 76250 ns, At safepoint: 10458 ns, Total: 95583 ns
[2025-09-09T08:01:37.535+0000][183][info ][safepoint   ] Safepoint "ICBufferFull", Time since last: 178055208 ns, Reaching safepoint: 688125 ns, Cleanup: 91167 ns, At safepoint: 12833 ns, Total: 792125 ns
[2025-09-09T08:01:37.718+0000][183][info ][safepoint   ] Safepoint "ICBufferFull", Time since last: 183458501 ns, Reaching safepoint: 8875 ns, Cleanup: 74458 ns, At safepoint: 12750 ns, Total: 96083 ns
[2025-09-09T08:01:37.870+0000][183][info ][safepoint   ] Safepoint "ICBufferFull", Time since last: 150518500 ns, Reaching safepoint: 1043583 ns, Cleanup: 123959 ns, At safepoint: 18458 ns, Total: 1186000 ns
[2025-09-09T08:01:38.049+0000][183][info ][safepoint   ] Safepoint "ICBufferFull", Time since last: 179383917 ns, Reaching safepoint: 9291 ns, Cleanup: 83834 ns, At safepoint: 4375 ns, Total: 97500 ns
[2025-09-09T08:01:39.129+0000][183][info ][safepoint   ] Safepoint "Cleanup", Time since last: 1079548250 ns, Reaching safepoint: 260417 ns, Cleanup: 90208 ns, At safepoint: 10125 ns, Total: 360750 ns
[2025-09-09T08:01:40.131+0000][183][info ][safepoint   ] Safepoint "Cleanup", Time since last: 1001256834 ns, Reaching safepoint: 40000 ns, Cleanup: 27042 ns, At safepoint: 11958 ns, Total: 79000 ns
[2025-09-09T08:01:41.132+0000][183][info ][safepoint   ] Safepoint "Cleanup", Time since last: 1001423500 ns, Reaching safepoint: 88459 ns, Cleanup: 38333 ns, At safepoint: 13042 ns, Total: 139834 ns
[2025-09-09T08:01:42.134+0000][183][info ][safepoint   ] Safepoint "Cleanup", Time since last: 1001354584 ns, Reaching safepoint: 36708 ns, Cleanup: 35042 ns, At safepoint: 6750 ns, Total: 78500 ns
[2025-09-09T08:01:43.137+0000][183][info ][safepoint   ] Safepoint "Cleanup", Time since last: 1000932791 ns, Reaching safepoint: 25958 ns, Cleanup: 14792 ns, At safepoint: 6250 ns, Total: 47000 ns
[2025-09-09T08:01:44.138+0000][183][info ][safepoint   ] Safepoint "Cleanup", Time since last: 1000996209 ns, Reaching safepoint: 23000 ns, Cleanup: 18083 ns, At safepoint: 6833 ns, Total: 47916 ns
[2025-09-09T08:01:46.155+0000][183][info ][safepoint   ] Safepoint "Cleanup", Time since last: 2015095918 ns, Reaching safepoint: 1110917 ns, Cleanup: 234625 ns, At safepoint: 22458 ns, Total: 1368000 ns
[2025-09-09T08:01:47.165+0000][183][info ][safepoint   ] Safepoint "Cleanup", Time since last: 1009605917 ns, Reaching safepoint: 50958 ns, Cleanup: 106292 ns, At safepoint: 9750 ns, Total: 167000 ns
[2025-09-09T08:01:48.165+0000][183][info ][safepoint   ] Safepoint "Cleanup", Time since last: 1000705334 ns, Reaching safepoint: 59750 ns, Cleanup: 36875 ns, At safepoint: 22917 ns, Total: 119542 ns
[2025-09-09T08:01:49.167+0000][183][info ][safepoint   ] Safepoint "Cleanup", Time since last: 1001157167 ns, Reaching safepoint: 45291 ns, Cleanup: 30000 ns, At safepoint: 6375 ns, Total: 81666 ns
[2025-09-09T08:01:52.170+0000][183][info ][safepoint   ] Safepoint "Cleanup", Time since last: 3002634293 ns, Reaching safepoint: 311292 ns, Cleanup: 23667 ns, At safepoint: 8083 ns, Total: 343042 ns
[2025-09-09T08:01:53.306+0000][183][info ][safepoint   ] Safepoint "Cleanup", Time since last: 1136495626 ns, Reaching safepoint: 27833 ns, Cleanup: 17542 ns, At safepoint: 9750 ns, Total: 55125 ns
[2025-09-09T08:01:53.841+0000][183][info ][safepoint   ] Safepoint "ICBufferFull", Time since last: 529924167 ns, Reaching safepoint: 4289333 ns, Cleanup: 159417 ns, At safepoint: 44041 ns, Total: 4492791 ns
[2025-09-09T08:01:53.843+0000][183][info ][safepoint   ] Safepoint "ICBufferFull", Time since last: 1366875 ns, Reaching safepoint: 1353917 ns, Cleanup: 17208 ns, At safepoint: 51917 ns, Total: 1423042 ns
[2025-09-09T08:01:53.851+0000][183][info ][safepoint   ] Safepoint "ICBufferFull", Time since last: 4037708 ns, Reaching safepoint: 3943834 ns, Cleanup: 25583 ns, At safepoint: 20958 ns, Total: 3990375 ns
[2025-09-09T08:01:53.985+0000][183][info ][safepoint   ] Safepoint "ICBufferFull", Time since last: 132896792 ns, Reaching safepoint: 972625 ns, Cleanup: 192458 ns, At safepoint: 12750 ns, Total: 1177833 ns
[2025-09-09T08:01:54.082+0000][183][info ][safepoint   ] Safepoint "ICBufferFull", Time since last: 95286042 ns, Reaching safepoint: 1112375 ns, Cleanup: 132000 ns, At safepoint: 8917 ns, Total: 1253292 ns
[2025-09-09T08:01:54.090+0000][183][info ][safepoint   ] Safepoint "ICBufferFull", Time since last: 6056750 ns, Reaching safepoint: 1408958 ns, Cleanup: 42000 ns, At safepoint: 46792 ns, Total: 1497750 ns
[2025-09-09T08:01:54.093+0000][183][info ][safepoint   ] Safepoint "ICBufferFull", Time since last: 1886708 ns, Reaching safepoint: 1680458 ns, Cleanup: 4209 ns, At safepoint: 46166 ns, Total: 1730833 ns
[2025-09-09T08:01:54.110+0000][183][info ][safepoint   ] Safepoint "ICBufferFull", Time since last: 16266459 ns, Reaching safepoint: 794000 ns, Cleanup: 91875 ns, At safepoint: 19291 ns, Total: 905166 ns
[2025-09-09T08:01:55.079+0000][183][info ][safepoint   ] Safepoint "ICBufferFull", Time since last: 959834626 ns, Reaching safepoint: 1293125 ns, Cleanup: 191791 ns, At safepoint: 7532334 ns, Total: 9017250 ns
[2025-09-09T08:01:55.081+0000][183][info ][safepoint   ] Safepoint "ICBufferFull", Time since last: 1645875 ns, Reaching safepoint: 351833 ns, Cleanup: 9042 ns, At safepoint: 20541 ns, Total: 381416 ns
[2025-09-09T08:01:55.081+0000][183][info ][safepoint   ] Safepoint "ICBufferFull", Time since last: 253167 ns, Reaching safepoint: 30708 ns, Cleanup: 16792 ns, At safepoint: 16625 ns, Total: 64125 ns
[2025-09-09T08:01:55.141+0000][183][info ][safepoint   ] Safepoint "ICBufferFull", Time since last: 59050750 ns, Reaching safepoint: 11875 ns, Cleanup: 118500 ns, At safepoint: 14625 ns, Total: 145000 ns
[2025-09-09T08:01:55.152+0000][183][info ][gc,start    ] GC(16) Pause Young (Normal) (G1 Evacuation Pause)
[2025-09-09T08:01:55.152+0000][183][info ][gc,task     ] GC(16) Using 8 workers of 8 for evacuation
[2025-09-09T08:01:55.153+0000][183][debug][gc,age      ] GC(16) Desired survivor size 41943040 bytes, new threshold 15 (max threshold 15)
[2025-09-09T08:01:55.236+0000][183][info ][gc,phases   ] GC(16)   Pre Evacuate Collection Set: 0.85ms
[2025-09-09T08:01:55.236+0000][183][info ][gc,phases   ] GC(16)   Merge Heap Roots: 0.18ms
[2025-09-09T08:01:55.236+0000][183][info ][gc,phases   ] GC(16)   Evacuate Collection Set: 74.86ms
[2025-09-09T08:01:55.236+0000][183][info ][gc,phases   ] GC(16)   Post Evacuate Collection Set: 6.92ms
[2025-09-09T08:01:55.236+0000][183][info ][gc,phases   ] GC(16)   Other: 0.32ms
[2025-09-09T08:01:55.236+0000][183][trace][gc,age      ] GC(16) Age table with threshold 15 (max threshold 15)
[2025-09-09T08:01:55.236+0000][183][trace][gc,age      ] GC(16) - age   1:   20759664 bytes,   20759664 total
[2025-09-09T08:01:55.236+0000][183][trace][gc,age      ] GC(16) - age   2:       5160 bytes,   20764824 total
[2025-09-09T08:01:55.236+0000][183][info ][gc,heap     ] GC(16) Eden regions: 151->0(147)
[2025-09-09T08:01:55.236+0000][183][info ][gc,heap     ] GC(16) Survivor regions: 2->6(20)
[2025-09-09T08:01:55.237+0000][183][info ][gc,heap     ] GC(16) Old regions: 30->30
[2025-09-09T08:01:55.237+0000][183][info ][gc,heap     ] GC(16) Humongous regions: 2->2
[2025-09-09T08:01:55.237+0000][183][info ][gc,metaspace] GC(16) Metaspace: 148429K(152384K)->148429K(152384K) NonClass: 127437K(129600K)->127437K(129600K) Class: 20991K(22784K)->20991K(22784K)
[2025-09-09T08:01:55.237+0000][183][info ][gc          ] GC(16) Pause Young (Normal) (G1 Evacuation Pause) 736M->147M(1024M) 84.508ms
[2025-09-09T08:01:55.237+0000][183][info ][gc,cpu      ] GC(16) User=0.32s Sys=0.01s Real=0.09s
[2025-09-09T08:01:55.237+0000][183][info ][safepoint   ] Safepoint "G1CollectForAllocation", Time since last: 10002292 ns, Reaching safepoint: 1460750 ns, Cleanup: 43500 ns, At safepoint: 84951083 ns, Total: 86455333 ns
[2025-09-09T08:01:55.507+0000][183][info ][safepoint   ] Safepoint "ICBufferFull", Time since last: 270054667 ns, Reaching safepoint: 13667 ns, Cleanup: 108375 ns, At safepoint: 7291 ns, Total: 129333 ns
[2025-09-09T08:01:56.482+0000][183][info ][safepoint   ] Safepoint "ICBufferFull", Time since last: 973170917 ns, Reaching safepoint: 923709 ns, Cleanup: 133625 ns, At safepoint: 30958 ns, Total: 1088292 ns
[2025-09-09T08:01:56.539+0000][183][info ][safepoint   ] Safepoint "ICBufferFull", Time since last: 49413542 ns, Reaching safepoint: 203667 ns, Cleanup: 137541 ns, At safepoint: 7335667 ns, Total: 7676875 ns
[2025-09-09T08:01:56.664+0000][183][info ][safepoint   ] Safepoint "ICBufferFull", Time since last: 124228917 ns, Reaching safepoint: 14916 ns, Cleanup: 1168792 ns, At safepoint: 13667 ns, Total: 1197375 ns
[2025-09-09T08:01:56.672+0000][183][info ][safepoint   ] Safepoint "ICBufferFull", Time since last: 8067541 ns, Reaching safepoint: 33709 ns, Cleanup: 66833 ns, At safepoint: 19125 ns, Total: 119667 ns
[2025-09-09T08:01:57.006+0000][183][info ][safepoint   ] Safepoint "ICBufferFull", Time since last: 332064500 ns, Reaching safepoint: 997500 ns, Cleanup: 173458 ns, At safepoint: 39417 ns, Total: 1210375 ns
[2025-09-09T08:01:57.128+0000][183][info ][safepoint   ] Safepoint "ICBufferFull", Time since last: 122321708 ns, Reaching safepoint: 328667 ns, Cleanup: 133167 ns, At safepoint: 22666 ns, Total: 484500 ns
[2025-09-09T08:01:57.296+0000][183][info ][safepoint   ] Safepoint "ICBufferFull", Time since last: 166179792 ns, Reaching safepoint: 754250 ns, Cleanup: 163209 ns, At safepoint: 39416 ns, Total: 956875 ns
[2025-09-09T08:01:57.417+0000][183][info ][safepoint   ] Safepoint "ICBufferFull", Time since last: 121282959 ns, Reaching safepoint: 418625 ns, Cleanup: 130250 ns, At safepoint: 50791 ns, Total: 599666 ns
[2025-09-09T08:01:57.536+0000][183][info ][safepoint   ] Safepoint "ICBufferFull", Time since last: 117900834 ns, Reaching safepoint: 52541 ns, Cleanup: 193667 ns, At safepoint: 14708 ns, Total: 260916 ns
[2025-09-09T08:01:57.818+0000][183][info ][gc,start    ] GC(17) Pause Young (Normal) (G1 Evacuation Pause)
[2025-09-09T08:01:57.818+0000][183][info ][gc,task     ] GC(17) Using 8 workers of 8 for evacuation
[2025-09-09T08:01:57.819+0000][183][debug][gc,age      ] GC(17) Desired survivor size 41943040 bytes, new threshold 15 (max threshold 15)
[2025-09-09T08:01:57.834+0000][183][info ][gc,phases   ] GC(17)   Pre Evacuate Collection Set: 0.26ms
[2025-09-09T08:01:57.834+0000][183][info ][gc,phases   ] GC(17)   Merge Heap Roots: 0.10ms
[2025-09-09T08:01:57.834+0000][183][info ][gc,phases   ] GC(17)   Evacuate Collection Set: 13.20ms
[2025-09-09T08:01:57.834+0000][183][info ][gc,phases   ] GC(17)   Post Evacuate Collection Set: 1.54ms
[2025-09-09T08:01:57.834+0000][183][info ][gc,phases   ] GC(17)   Other: 0.31ms
[2025-09-09T08:01:57.834+0000][183][trace][gc,age      ] GC(17) Age table with threshold 15 (max threshold 15)
[2025-09-09T08:01:57.834+0000][183][trace][gc,age      ] GC(17) - age   1:   10826624 bytes,   10826624 total
[2025-09-09T08:01:57.834+0000][183][trace][gc,age      ] GC(17) - age   2:   19814296 bytes,   30640920 total
[2025-09-09T08:01:57.835+0000][183][trace][gc,age      ] GC(17) - age   3:       5160 bytes,   30646080 total
[2025-09-09T08:01:57.835+0000][183][info ][gc,heap     ] GC(17) Eden regions: 147->0(145)
[2025-09-09T08:01:57.835+0000][183][info ][gc,heap     ] GC(17) Survivor regions: 6->8(20)
[2025-09-09T08:01:57.835+0000][183][info ][gc,heap     ] GC(17) Old regions: 30->30
[2025-09-09T08:01:57.835+0000][183][info ][gc,heap     ] GC(17) Humongous regions: 2->2
[2025-09-09T08:01:57.835+0000][183][info ][gc,metaspace] GC(17) Metaspace: 152052K(156288K)->152052K(156288K) NonClass: 130597K(132928K)->130597K(132928K) Class: 21454K(23360K)->21454K(23360K)
[2025-09-09T08:01:57.835+0000][183][info ][gc          ] GC(17) Pause Young (Normal) (G1 Evacuation Pause) 735M->157M(1024M) 16.658ms
[2025-09-09T08:01:57.835+0000][183][info ][gc,cpu      ] GC(17) User=0.07s Sys=0.01s Real=0.02s
[2025-09-09T08:01:57.835+0000][183][info ][safepoint   ] Safepoint "G1CollectForAllocation", Time since last: 281732084 ns, Reaching safepoint: 918083 ns, Cleanup: 166000 ns, At safepoint: 16947667 ns, Total: 18031750 ns
[2025-09-09T08:01:57.998+0000][183][info ][safepoint   ] Safepoint "ICBufferFull", Time since last: 161447375 ns, Reaching safepoint: 502458 ns, Cleanup: 305667 ns, At safepoint: 25917 ns, Total: 834042 ns
[2025-09-09T08:01:58.392+0000][183][info ][safepoint   ] Safepoint "ICBufferFull", Time since last: 394352166 ns, Reaching safepoint: 22042 ns, Cleanup: 185458 ns, At safepoint: 15709 ns, Total: 223209 ns
[2025-09-09T08:01:58.603+0000][183][info ][safepoint   ] Safepoint "ICBufferFull", Time since last: 210457042 ns, Reaching safepoint: 8041 ns, Cleanup: 81042 ns, At safepoint: 10583 ns, Total: 99666 ns
[2025-09-09T08:01:59.175+0000][183][info ][safepoint   ] Safepoint "ICBufferFull", Time since last: 571613292 ns, Reaching safepoint: 864542 ns, Cleanup: 84750 ns, At safepoint: 49208 ns, Total: 998500 ns
[2025-09-09T08:01:59.176+0000][183][info ][safepoint   ] Safepoint "ICBufferFull", Time since last: 557667 ns, Reaching safepoint: 8666 ns, Cleanup: 3709 ns, At safepoint: 6000 ns, Total: 18375 ns
[2025-09-09T08:02:00.306+0000][183][info ][safepoint   ] Safepoint "ICBufferFull", Time since last: 1129987167 ns, Reaching safepoint: 24292 ns, Cleanup: 123166 ns, At safepoint: 15625 ns, Total: 163083 ns
[2025-09-09T08:02:00.405+0000][183][info ][safepoint   ] Safepoint "ICBufferFull", Time since last: 98442459 ns, Reaching safepoint: 30375 ns, Cleanup: 148250 ns, At safepoint: 23708 ns, Total: 202333 ns
[2025-09-09T08:02:01.144+0000][183][info ][gc,start    ] GC(18) Pause Young (Concurrent Start) (CodeCache GC Threshold)
[2025-09-09T08:02:01.144+0000][183][info ][gc,task     ] GC(18) Using 8 workers of 8 for evacuation
[2025-09-09T08:02:01.144+0000][183][debug][gc,age      ] GC(18) Desired survivor size 41943040 bytes, new threshold 15 (max threshold 15)
[2025-09-09T08:02:01.163+0000][183][info ][gc,phases   ] GC(18)   Pre Evacuate Collection Set: 0.50ms
[2025-09-09T08:02:01.163+0000][183][info ][gc,phases   ] GC(18)   Merge Heap Roots: 0.10ms
[2025-09-09T08:02:01.163+0000][183][info ][gc,phases   ] GC(18)   Evacuate Collection Set: 16.91ms
[2025-09-09T08:02:01.163+0000][183][info ][gc,phases   ] GC(18)   Post Evacuate Collection Set: 1.10ms
[2025-09-09T08:02:01.163+0000][183][info ][gc,phases   ] GC(18)   Other: 0.18ms
[2025-09-09T08:02:01.163+0000][183][trace][gc,age      ] GC(18) Age table with threshold 15 (max threshold 15)
[2025-09-09T08:02:01.163+0000][183][trace][gc,age      ] GC(18) - age   1:    5199496 bytes,    5199496 total
[2025-09-09T08:02:01.163+0000][183][trace][gc,age      ] GC(18) - age   2:    3289856 bytes,    8489352 total
[2025-09-09T08:02:01.163+0000][183][trace][gc,age      ] GC(18) - age   3:   19681720 bytes,   28171072 total
[2025-09-09T08:02:01.163+0000][183][trace][gc,age      ] GC(18) - age   4:       5160 bytes,   28176232 total
[2025-09-09T08:02:01.163+0000][183][info ][gc,heap     ] GC(18) Eden regions: 47->0(145)
[2025-09-09T08:02:01.163+0000][183][info ][gc,heap     ] GC(18) Survivor regions: 8->8(20)
[2025-09-09T08:02:01.163+0000][183][info ][gc,heap     ] GC(18) Old regions: 30->30
[2025-09-09T08:02:01.163+0000][183][info ][gc,heap     ] GC(18) Humongous regions: 2->2
[2025-09-09T08:02:01.163+0000][183][info ][gc,metaspace] GC(18) Metaspace: 153206K(157568K)->153206K(157568K) NonClass: 131602K(133952K)->131602K(133952K) Class: 21603K(23616K)->21603K(23616K)
[2025-09-09T08:02:01.163+0000][183][info ][gc          ] GC(18) Pause Young (Concurrent Start) (CodeCache GC Threshold) 345M->156M(1024M) 19.514ms
[2025-09-09T08:02:01.164+0000][183][info ][gc          ] GC(19) Concurrent Mark Cycle
[2025-09-09T08:02:01.164+0000][183][info ][gc,marking  ] GC(19) Concurrent Scan Root Regions
[2025-09-09T08:02:01.164+0000][183][info ][gc,cpu      ] GC(18) User=0.10s Sys=0.00s Real=0.02s
[2025-09-09T08:02:01.164+0000][183][info ][safepoint   ] Safepoint "G1TryInitiateConcMark", Time since last: 739132084 ns, Reaching safepoint: 27125 ns, Cleanup: 76958 ns, At safepoint: 19798250 ns, Total: 19902333 ns
[2025-09-09T08:02:01.171+0000][183][info ][gc,marking  ] GC(19) Concurrent Scan Root Regions 7.725ms
[2025-09-09T08:02:01.171+0000][183][info ][gc,marking  ] GC(19) Concurrent Mark
[2025-09-09T08:02:01.172+0000][183][info ][gc,marking  ] GC(19) Concurrent Mark From Roots
[2025-09-09T08:02:01.172+0000][183][info ][gc,task     ] GC(19) Using 2 workers of 2 for marking
[2025-09-09T08:02:01.238+0000][183][info ][gc,marking  ] GC(19) Concurrent Mark From Roots 66.266ms
[2025-09-09T08:02:01.238+0000][183][info ][gc,marking  ] GC(19) Concurrent Preclean
[2025-09-09T08:02:01.238+0000][183][info ][gc,marking  ] GC(19) Concurrent Preclean 0.218ms
[2025-09-09T08:02:01.238+0000][183][info ][gc,start    ] GC(19) Pause Remark
[2025-09-09T08:02:01.294+0000][183][info ][gc          ] GC(19) Pause Remark 159M->159M(1024M) 55.832ms
[2025-09-09T08:02:01.294+0000][183][info ][gc,cpu      ] GC(19) User=0.39s Sys=0.00s Real=0.06s
[2025-09-09T08:02:01.294+0000][183][info ][safepoint   ] Safepoint "G1PauseRemark", Time since last: 74491250 ns, Reaching safepoint: 21292 ns, Cleanup: 37625 ns, At safepoint: 56121166 ns, Total: 56180083 ns
[2025-09-09T08:02:01.295+0000][183][info ][gc,marking  ] GC(19) Concurrent Mark 123.056ms
[2025-09-09T08:02:01.295+0000][183][info ][gc,marking  ] GC(19) Concurrent Rebuild Remembered Sets and Scrub Regions
[2025-09-09T08:02:01.317+0000][183][info ][gc,marking  ] GC(19) Concurrent Rebuild Remembered Sets and Scrub Regions 21.762ms
[2025-09-09T08:02:01.317+0000][183][info ][gc,start    ] GC(19) Pause Cleanup
[2025-09-09T08:02:01.318+0000][183][info ][gc          ] GC(19) Pause Cleanup 161M->161M(1024M) 0.132ms
[2025-09-09T08:02:01.318+0000][183][info ][gc,cpu      ] GC(19) User=0.01s Sys=0.00s Real=0.00s
[2025-09-09T08:02:01.318+0000][183][info ][safepoint   ] Safepoint "G1PauseCleanup", Time since last: 22228375 ns, Reaching safepoint: 660417 ns, Cleanup: 30958 ns, At safepoint: 277459 ns, Total: 968834 ns
[2025-09-09T08:02:01.318+0000][183][info ][gc,marking  ] GC(19) Concurrent Clear Claimed Marks
[2025-09-09T08:02:01.318+0000][183][info ][gc,marking  ] GC(19) Concurrent Clear Claimed Marks 0.399ms
[2025-09-09T08:02:01.318+0000][183][info ][gc,marking  ] GC(19) Concurrent Cleanup for Next Mark
[2025-09-09T08:02:01.323+0000][183][info ][gc,marking  ] GC(19) Concurrent Cleanup for Next Mark 4.857ms
[2025-09-09T08:02:01.323+0000][183][info ][gc          ] GC(19) Concurrent Mark Cycle 159.535ms
[2025-09-09T08:02:02.318+0000][183][info ][safepoint   ] Safepoint "Cleanup", Time since last: 1000639417 ns, Reaching safepoint: 16000 ns, Cleanup: 25583 ns, At safepoint: 5792 ns, Total: 47375 ns
[2025-09-09T08:02:03.319+0000][183][info ][safepoint   ] Safepoint "Cleanup", Time since last: 1000900875 ns, Reaching safepoint: 38042 ns, Cleanup: 56417 ns, At safepoint: 17875 ns, Total: 112334 ns
[2025-09-09T08:02:04.321+0000][183][info ][safepoint   ] Safepoint "Cleanup", Time since last: 1001115584 ns, Reaching safepoint: 31291 ns, Cleanup: 102292 ns, At safepoint: 6000 ns, Total: 139583 ns
[2025-09-09T08:02:05.444+0000][183][info ][safepoint   ] Safepoint "Cleanup", Time since last: 1122820000 ns, Reaching safepoint: 35375 ns, Cleanup: 79667 ns, At safepoint: 7750 ns, Total: 122792 ns
[2025-09-09T08:02:06.445+0000][183][info ][safepoint   ] Safepoint "Cleanup", Time since last: 1001076917 ns, Reaching safepoint: 19459 ns, Cleanup: 79291 ns, At safepoint: 10584 ns, Total: 109334 ns
[2025-09-09T08:02:07.445+0000][183][info ][safepoint   ] Safepoint "Cleanup", Time since last: 1000615583 ns, Reaching safepoint: 31625 ns, Cleanup: 48750 ns, At safepoint: 10417 ns, Total: 90792 ns
[2025-09-09T08:02:08.448+0000][183][info ][safepoint   ] Safepoint "Cleanup", Time since last: 1002793084 ns, Reaching safepoint: 64750 ns, Cleanup: 146583 ns, At safepoint: 17167 ns, Total: 228500 ns
[2025-09-09T08:02:09.450+0000][183][info ][safepoint   ] Safepoint "Cleanup", Time since last: 1001075667 ns, Reaching safepoint: 871208 ns, Cleanup: 75417 ns, At safepoint: 9250 ns, Total: 955875 ns
[2025-09-09T08:02:09.510+0000][183][info ][safepoint   ] Safepoint "ICBufferFull", Time since last: 59656833 ns, Reaching safepoint: 9750 ns, Cleanup: 133667 ns, At safepoint: 7667 ns, Total: 151084 ns
[2025-09-09T08:02:09.522+0000][183][info ][safepoint   ] Safepoint "ICBufferFull", Time since last: 11255166 ns, Reaching safepoint: 4375 ns, Cleanup: 96542 ns, At safepoint: 8250 ns, Total: 109167 ns
[2025-09-09T08:02:11.480+0000][183][info ][safepoint   ] Safepoint "Cleanup", Time since last: 1958543293 ns, Reaching safepoint: 12166 ns, Cleanup: 46709 ns, At safepoint: 5916 ns, Total: 64791 ns
[2025-09-09T08:02:12.481+0000][183][info ][safepoint   ] Safepoint "Cleanup", Time since last: 1001121209 ns, Reaching safepoint: 14250 ns, Cleanup: 59208 ns, At safepoint: 5709 ns, Total: 79167 ns
[2025-09-09T08:02:13.483+0000][183][info ][safepoint   ] Safepoint "Cleanup", Time since last: 1000967333 ns, Reaching safepoint: 15541 ns, Cleanup: 19709 ns, At safepoint: 6416 ns, Total: 41666 ns
[2025-09-09T08:02:14.484+0000][183][info ][safepoint   ] Safepoint "Cleanup", Time since last: 1001092251 ns, Reaching safepoint: 72500 ns, Cleanup: 151000 ns, At safepoint: 13500 ns, Total: 237000 ns
[2025-09-09T08:02:15.485+0000][183][info ][safepoint   ] Safepoint "Cleanup", Time since last: 1000625000 ns, Reaching safepoint: 14334 ns, Cleanup: 21916 ns, At safepoint: 3834 ns, Total: 40084 ns
[2025-09-09T08:02:16.486+0000][183][info ][safepoint   ] Safepoint "Cleanup", Time since last: 1000978583 ns, Reaching safepoint: 35917 ns, Cleanup: 21833 ns, At safepoint: 7792 ns, Total: 65542 ns
[2025-09-09T08:02:17.486+0000][183][info ][safepoint   ] Safepoint "Cleanup", Time since last: 1000722834 ns, Reaching safepoint: 22417 ns, Cleanup: 14333 ns, At safepoint: 6583 ns, Total: 43333 ns
[2025-09-09T08:02:18.488+0000][183][info ][safepoint   ] Safepoint "Cleanup", Time since last: 1001054626 ns, Reaching safepoint: 30458 ns, Cleanup: 107083 ns, At safepoint: 16834 ns, Total: 154375 ns
[2025-09-09T08:02:20.458+0000][183][info ][safepoint   ] Safepoint "Cleanup", Time since last: 1969766417 ns, Reaching safepoint: 26375 ns, Cleanup: 114875 ns, At safepoint: 9834 ns, Total: 151084 ns
[2025-09-09T08:02:21.458+0000][183][info ][safepoint   ] Safepoint "Cleanup", Time since last: 1000810208 ns, Reaching safepoint: 15167 ns, Cleanup: 25250 ns, At safepoint: 4417 ns, Total: 44834 ns
[2025-09-09T08:02:22.460+0000][183][info ][safepoint   ] Safepoint "Cleanup", Time since last: 1001148959 ns, Reaching safepoint: 167083 ns, Cleanup: 64833 ns, At safepoint: 14125 ns, Total: 246041 ns
[2025-09-09T08:02:23.461+0000][183][info ][safepoint   ] Safepoint "Cleanup", Time since last: 1000737709 ns, Reaching safepoint: 58875 ns, Cleanup: 20042 ns, At safepoint: 9250 ns, Total: 88167 ns
[2025-09-09T08:02:24.462+0000][183][info ][safepoint   ] Safepoint "Cleanup", Time since last: 1001199667 ns, Reaching safepoint: 127208 ns, Cleanup: 51125 ns, At safepoint: 7500 ns, Total: 185833 ns
[2025-09-09T08:02:25.463+0000][183][info ][safepoint   ] Safepoint "Cleanup", Time since last: 1000938459 ns, Reaching safepoint: 90208 ns, Cleanup: 71042 ns, At safepoint: 18542 ns, Total: 179792 ns
[2025-09-09T08:02:26.467+0000][183][info ][safepoint   ] Safepoint "Cleanup", Time since last: 1002394792 ns, Reaching safepoint: 1052625 ns, Cleanup: 20250 ns, At safepoint: 19375 ns, Total: 1092250 ns
[2025-09-09T08:02:27.468+0000][183][info ][safepoint   ] Safepoint "Cleanup", Time since last: 1001367584 ns, Reaching safepoint: 17666 ns, Cleanup: 57125 ns, At safepoint: 5042 ns, Total: 79833 ns
[2025-09-09T08:02:28.469+0000][183][info ][safepoint   ] Safepoint "Cleanup", Time since last: 1000663709 ns, Reaching safepoint: 17458 ns, Cleanup: 18792 ns, At safepoint: 10916 ns, Total: 47166 ns
[2025-09-09T08:02:29.470+0000][183][info ][safepoint   ] Safepoint "Cleanup", Time since last: 1001040001 ns, Reaching safepoint: 95792 ns, Cleanup: 56125 ns, At safepoint: 15666 ns, Total: 167583 ns
[2025-09-09T08:02:30.472+0000][183][info ][safepoint   ] Safepoint "Cleanup", Time since last: 1002213876 ns, Reaching safepoint: 33958 ns, Cleanup: 16542 ns, At safepoint: 4250 ns, Total: 54750 ns
[2025-09-09T08:02:32.475+0000][183][info ][safepoint   ] Safepoint "Cleanup", Time since last: 2002819584 ns, Reaching safepoint: 13792 ns, Cleanup: 16750 ns, At safepoint: 4041 ns, Total: 34583 ns
[2025-09-09T08:02:33.476+0000][183][info ][safepoint   ] Safepoint "Cleanup", Time since last: 1000815084 ns, Reaching safepoint: 17625 ns, Cleanup: 41792 ns, At safepoint: 6417 ns, Total: 65834 ns
[2025-09-09T08:02:34.476+0000][183][info ][safepoint   ] Safepoint "Cleanup", Time since last: 1000354125 ns, Reaching safepoint: 42125 ns, Cleanup: 21333 ns, At safepoint: 5084 ns, Total: 68542 ns
[2025-09-09T08:02:35.478+0000][183][info ][safepoint   ] Safepoint "Cleanup", Time since last: 1001237875 ns, Reaching safepoint: 87583 ns, Cleanup: 36334 ns, At safepoint: 8666 ns, Total: 132583 ns
[2025-09-09T08:02:36.479+0000][183][info ][safepoint   ] Safepoint "Cleanup", Time since last: 1000624209 ns, Reaching safepoint: 99125 ns, Cleanup: 19917 ns, At safepoint: 12000 ns, Total: 131042 ns
[2025-09-09T08:02:37.481+0000][183][info ][safepoint   ] Safepoint "Cleanup", Time since last: 1002563750 ns, Reaching safepoint: 103334 ns, Cleanup: 18333 ns, At safepoint: 9458 ns, Total: 131125 ns
[2025-09-09T08:02:38.484+0000][183][info ][safepoint   ] Safepoint "Cleanup", Time since last: 1002207209 ns, Reaching safepoint: 126084 ns, Cleanup: 54250 ns, At safepoint: 15875 ns, Total: 196209 ns
[2025-09-09T08:02:39.485+0000][183][info ][safepoint   ] Safepoint "Cleanup", Time since last: 1001448500 ns, Reaching safepoint: 21083 ns, Cleanup: 59167 ns, At safepoint: 7250 ns, Total: 87500 ns
[2025-09-09T08:02:40.487+0000][183][info ][safepoint   ] Safepoint "Cleanup", Time since last: 1001839834 ns, Reaching safepoint: 71125 ns, Cleanup: 38125 ns, At safepoint: 10625 ns, Total: 119875 ns
[2025-09-09T08:02:41.488+0000][183][info ][safepoint   ] Safepoint "Cleanup", Time since last: 1001216709 ns, Reaching safepoint: 11000 ns, Cleanup: 6083 ns, At safepoint: 4792 ns, Total: 21875 ns
[2025-09-09T08:02:42.490+0000][183][info ][safepoint   ] Safepoint "Cleanup", Time since last: 1001007333 ns, Reaching safepoint: 23792 ns, Cleanup: 63917 ns, At safepoint: 6416 ns, Total: 94125 ns
[2025-09-09T08:02:43.490+0000][183][info ][safepoint   ] Safepoint "Cleanup", Time since last: 1000860417 ns, Reaching safepoint: 14458 ns, Cleanup: 12792 ns, At safepoint: 4458 ns, Total: 31708 ns
[2025-09-09T08:02:44.492+0000][183][info ][safepoint   ] Safepoint "Cleanup", Time since last: 1001218917 ns, Reaching safepoint: 20292 ns, Cleanup: 34708 ns, At safepoint: 9584 ns, Total: 64584 ns
[2025-09-09T08:02:45.493+0000][183][info ][safepoint   ] Safepoint "Cleanup", Time since last: 1001181084 ns, Reaching safepoint: 15791 ns, Cleanup: 19167 ns, At safepoint: 3375 ns, Total: 38333 ns
[2025-09-09T08:02:46.494+0000][183][info ][safepoint   ] Safepoint "Cleanup", Time since last: 1000938125 ns, Reaching safepoint: 76375 ns, Cleanup: 23417 ns, At safepoint: 9417 ns, Total: 109209 ns
[2025-09-09T08:02:47.495+0000][183][info ][safepoint   ] Safepoint "Cleanup", Time since last: 1000611542 ns, Reaching safepoint: 16917 ns, Cleanup: 19625 ns, At safepoint: 8833 ns, Total: 45375 ns
[2025-09-09T08:02:48.496+0000][183][info ][safepoint   ] Safepoint "Cleanup", Time since last: 1001268584 ns, Reaching safepoint: 27083 ns, Cleanup: 78083 ns, At safepoint: 10584 ns, Total: 115750 ns
[2025-09-09T08:02:49.497+0000][183][info ][safepoint   ] Safepoint "Cleanup", Time since last: 1000877333 ns, Reaching safepoint: 14167 ns, Cleanup: 29333 ns, At safepoint: 7459 ns, Total: 50959 ns
[2025-09-09T08:02:51.500+0000][183][info ][safepoint   ] Safepoint "Cleanup", Time since last: 2002693626 ns, Reaching safepoint: 11791 ns, Cleanup: 32334 ns, At safepoint: 4666 ns, Total: 48791 ns
[2025-09-09T08:02:53.501+0000][183][info ][safepoint   ] Safepoint "Cleanup", Time since last: 2001723168 ns, Reaching safepoint: 15708 ns, Cleanup: 11000 ns, At safepoint: 4750 ns, Total: 31458 ns
[2025-09-09T08:02:55.240+0000][183][info ][safepoint   ] Safepoint "Cleanup", Time since last: 1738802460 ns, Reaching safepoint: 14625 ns, Cleanup: 133708 ns, At safepoint: 8250 ns, Total: 156583 ns
[2025-09-09T08:02:56.241+0000][183][info ][safepoint   ] Safepoint "Cleanup", Time since last: 1001018042 ns, Reaching safepoint: 24583 ns, Cleanup: 15000 ns, At safepoint: 6125 ns, Total: 45708 ns
[2025-09-09T08:02:57.243+0000][183][info ][safepoint   ] Safepoint "Cleanup", Time since last: 1001302626 ns, Reaching safepoint: 11458 ns, Cleanup: 66500 ns, At safepoint: 3584 ns, Total: 81542 ns
[2025-09-09T08:02:57.449+0000][183][info ][safepoint   ] Safepoint "ICBufferFull", Time since last: 206397541 ns, Reaching safepoint: 11417 ns, Cleanup: 100708 ns, At safepoint: 4959 ns, Total: 117084 ns
[2025-09-09T08:02:58.379+0000][183][info ][safepoint   ] Safepoint "ICBufferFull", Time since last: 929575917 ns, Reaching safepoint: 6625 ns, Cleanup: 105000 ns, At safepoint: 5916 ns, Total: 117541 ns
[2025-09-09T08:03:00.322+0000][183][info ][safepoint   ] Safepoint "Cleanup", Time since last: 1943102876 ns, Reaching safepoint: 3834 ns, Cleanup: 83583 ns, At safepoint: 7375 ns, Total: 94792 ns
[2025-09-09T08:03:01.335+0000][183][info ][safepoint   ] Safepoint "Cleanup", Time since last: 1012365625 ns, Reaching safepoint: 280209 ns, Cleanup: 162291 ns, At safepoint: 15375 ns, Total: 457875 ns
[2025-09-09T08:03:02.418+0000][183][info ][safepoint   ] Safepoint "Cleanup", Time since last: 1082577209 ns, Reaching safepoint: 96167 ns, Cleanup: 33792 ns, At safepoint: 9375 ns, Total: 139334 ns
[2025-09-09T08:03:03.456+0000][183][info ][safepoint   ] Safepoint "Cleanup", Time since last: 1038609000 ns, Reaching safepoint: 20417 ns, Cleanup: 10583 ns, At safepoint: 4625 ns, Total: 35625 ns
[2025-09-09T08:03:04.458+0000][183][info ][safepoint   ] Safepoint "Cleanup", Time since last: 1001050542 ns, Reaching safepoint: 43667 ns, Cleanup: 54250 ns, At safepoint: 7375 ns, Total: 105292 ns
[2025-09-09T08:03:05.700+0000][183][info ][safepoint   ] Safepoint "Cleanup", Time since last: 1241852792 ns, Reaching safepoint: 150875 ns, Cleanup: 89334 ns, At safepoint: 14125 ns, Total: 254334 ns
[2025-09-09T08:03:06.701+0000][183][info ][safepoint   ] Safepoint "Cleanup", Time since last: 1000957833 ns, Reaching safepoint: 21792 ns, Cleanup: 18500 ns, At safepoint: 7583 ns, Total: 47875 ns
[2025-09-09T08:03:07.701+0000][183][info ][safepoint   ] Safepoint "Cleanup", Time since last: 1000693126 ns, Reaching safepoint: 12792 ns, Cleanup: 29166 ns, At safepoint: 13042 ns, Total: 55000 ns
[2025-09-09T08:03:08.703+0000][183][info ][safepoint   ] Safepoint "Cleanup", Time since last: 1001078209 ns, Reaching safepoint: 58541 ns, Cleanup: 44459 ns, At safepoint: 10375 ns, Total: 113375 ns
[2025-09-09T08:03:09.703+0000][183][info ][safepoint   ] Safepoint "Cleanup", Time since last: 1000764333 ns, Reaching safepoint: 30250 ns, Cleanup: 39125 ns, At safepoint: 21584 ns, Total: 90959 ns
[2025-09-09T08:03:11.705+0000][183][info ][safepoint   ] Safepoint "Cleanup", Time since last: 2000916501 ns, Reaching safepoint: 177083 ns, Cleanup: 22875 ns, At safepoint: 7167 ns, Total: 207125 ns
[2025-09-09T08:03:12.706+0000][183][info ][safepoint   ] Safepoint "Cleanup", Time since last: 1000794375 ns, Reaching safepoint: 94083 ns, Cleanup: 31500 ns, At safepoint: 7833 ns, Total: 133416 ns
[2025-09-09T08:03:14.707+0000][183][info ][safepoint   ] Safepoint "Cleanup", Time since last: 2001062418 ns, Reaching safepoint: 42750 ns, Cleanup: 25792 ns, At safepoint: 8333 ns, Total: 76875 ns
[2025-09-09T08:03:15.708+0000][183][info ][safepoint   ] Safepoint "Cleanup", Time since last: 1000948667 ns, Reaching safepoint: 161417 ns, Cleanup: 57083 ns, At safepoint: 16292 ns, Total: 234792 ns
[2025-09-09T08:03:17.711+0000][183][info ][safepoint   ] Safepoint "Cleanup", Time since last: 2001651376 ns, Reaching safepoint: 1242375 ns, Cleanup: 266750 ns, At safepoint: 14416 ns, Total: 1523541 ns
[2025-09-09T08:03:18.714+0000][183][info ][safepoint   ] Safepoint "Cleanup", Time since last: 1002611501 ns, Reaching safepoint: 18083 ns, Cleanup: 41292 ns, At safepoint: 6333 ns, Total: 65708 ns
[2025-09-09T08:03:20.519+0000][183][info ][safepoint   ] Safepoint "Cleanup", Time since last: 1804681293 ns, Reaching safepoint: 18583 ns, Cleanup: 77500 ns, At safepoint: 7417 ns, Total: 103500 ns
[2025-09-09T08:03:21.520+0000][183][info ][safepoint   ] Safepoint "Cleanup", Time since last: 1000899542 ns, Reaching safepoint: 26791 ns, Cleanup: 24334 ns, At safepoint: 6291 ns, Total: 57416 ns
[2025-09-09T08:03:22.521+0000][183][info ][safepoint   ] Safepoint "Cleanup", Time since last: 1001202334 ns, Reaching safepoint: 110292 ns, Cleanup: 13875 ns, At safepoint: 6708 ns, Total: 130875 ns
[2025-09-09T08:03:23.522+0000][183][info ][safepoint   ] Safepoint "Cleanup", Time since last: 1000637876 ns, Reaching safepoint: 16875 ns, Cleanup: 15916 ns, At safepoint: 6459 ns, Total: 39250 ns
[2025-09-09T08:03:24.523+0000][183][info ][safepoint   ] Safepoint "Cleanup", Time since last: 1001168917 ns, Reaching safepoint: 31542 ns, Cleanup: 22750 ns, At safepoint: 6875 ns, Total: 61167 ns
[2025-09-09T08:03:25.525+0000][183][info ][safepoint   ] Safepoint "Cleanup", Time since last: 1001436792 ns, Reaching safepoint: 45458 ns, Cleanup: 10875 ns, At safepoint: 6417 ns, Total: 62750 ns
[2025-09-09T08:03:27.526+0000][183][info ][safepoint   ] Safepoint "Cleanup", Time since last: 2001231042 ns, Reaching safepoint: 71500 ns, Cleanup: 22167 ns, At safepoint: 7833 ns, Total: 101500 ns
[2025-09-09T08:03:28.527+0000][183][info ][safepoint   ] Safepoint "Cleanup", Time since last: 1000862501 ns, Reaching safepoint: 25833 ns, Cleanup: 26208 ns, At safepoint: 5667 ns, Total: 57708 ns
[2025-09-09T08:03:29.528+0000][183][info ][safepoint   ] Safepoint "Cleanup", Time since last: 1000941042 ns, Reaching safepoint: 49375 ns, Cleanup: 26500 ns, At safepoint: 10042 ns, Total: 85917 ns
[2025-09-09T08:03:30.532+0000][183][info ][safepoint   ] Safepoint "Cleanup", Time since last: 1004176875 ns, Reaching safepoint: 49292 ns, Cleanup: 21125 ns, At safepoint: 5083 ns, Total: 75500 ns
[2025-09-09T08:03:31.533+0000][183][info ][safepoint   ] Safepoint "Cleanup", Time since last: 1000855584 ns, Reaching safepoint: 28125 ns, Cleanup: 30000 ns, At safepoint: 11875 ns, Total: 70000 ns
[2025-09-09T08:03:33.534+0000][183][info ][safepoint   ] Safepoint "Cleanup", Time since last: 2001221293 ns, Reaching safepoint: 28958 ns, Cleanup: 31500 ns, At safepoint: 7459 ns, Total: 67917 ns
[2025-09-09T08:03:34.535+0000][183][info ][safepoint   ] Safepoint "Cleanup", Time since last: 1000651875 ns, Reaching safepoint: 25125 ns, Cleanup: 31250 ns, At safepoint: 5667 ns, Total: 62042 ns
[2025-09-09T08:03:35.536+0000][183][info ][safepoint   ] Safepoint "Cleanup", Time since last: 1001057042 ns, Reaching safepoint: 19000 ns, Cleanup: 25041 ns, At safepoint: 5209 ns, Total: 49250 ns
[2025-09-09T08:03:36.537+0000][183][info ][safepoint   ] Safepoint "Cleanup", Time since last: 1001143792 ns, Reaching safepoint: 13167 ns, Cleanup: 47333 ns, At safepoint: 5542 ns, Total: 66042 ns
[2025-09-09T08:03:37.538+0000][183][info ][safepoint   ] Safepoint "Cleanup", Time since last: 1000615875 ns, Reaching safepoint: 13167 ns, Cleanup: 8541 ns, At safepoint: 5125 ns, Total: 26833 ns
[2025-09-09T08:03:38.540+0000][183][info ][safepoint   ] Safepoint "Cleanup", Time since last: 1001787084 ns, Reaching safepoint: 61125 ns, Cleanup: 80959 ns, At safepoint: 17291 ns, Total: 159375 ns
[2025-09-09T08:03:39.541+0000][183][info ][safepoint   ] Safepoint "Cleanup", Time since last: 1001056001 ns, Reaching safepoint: 21625 ns, Cleanup: 28916 ns, At safepoint: 8334 ns, Total: 58875 ns
[2025-09-09T08:03:43.545+0000][183][info ][safepoint   ] Safepoint "Cleanup", Time since last: 4003949793 ns, Reaching safepoint: 15042 ns, Cleanup: 9916 ns, At safepoint: 4959 ns, Total: 29917 ns
[2025-09-09T08:03:44.546+0000][183][info ][safepoint   ] Safepoint "Cleanup", Time since last: 1000938250 ns, Reaching safepoint: 30292 ns, Cleanup: 39833 ns, At safepoint: 7375 ns, Total: 77500 ns
[2025-09-09T08:03:46.548+0000][183][info ][safepoint   ] Safepoint "Cleanup", Time since last: 2001930543 ns, Reaching safepoint: 61541 ns, Cleanup: 19750 ns, At safepoint: 6209 ns, Total: 87500 ns
[2025-09-09T08:03:47.549+0000][183][info ][safepoint   ] Safepoint "Cleanup", Time since last: 1001184459 ns, Reaching safepoint: 14250 ns, Cleanup: 12291 ns, At safepoint: 5042 ns, Total: 31583 ns
[2025-09-09T08:03:48.550+0000][183][info ][safepoint   ] Safepoint "Cleanup", Time since last: 1000545375 ns, Reaching safepoint: 20792 ns, Cleanup: 77083 ns, At safepoint: 11875 ns, Total: 109750 ns
[2025-09-09T08:03:49.551+0000][183][info ][safepoint   ] Safepoint "Cleanup", Time since last: 1001538418 ns, Reaching safepoint: 26208 ns, Cleanup: 21292 ns, At safepoint: 4791 ns, Total: 52291 ns
[2025-09-09T08:03:51.553+0000][183][info ][safepoint   ] Safepoint "Cleanup", Time since last: 2001395459 ns, Reaching safepoint: 16209 ns, Cleanup: 11875 ns, At safepoint: 4541 ns, Total: 32625 ns
[2025-09-09T08:03:53.557+0000][183][info ][safepoint   ] Safepoint "Cleanup", Time since last: 2004303751 ns, Reaching safepoint: 13084 ns, Cleanup: 10625 ns, At safepoint: 3333 ns, Total: 27042 ns
[2025-09-09T08:03:54.558+0000][183][info ][safepoint   ] Safepoint "Cleanup", Time since last: 1000833501 ns, Reaching safepoint: 87166 ns, Cleanup: 135417 ns, At safepoint: 10542 ns, Total: 233125 ns
[2025-09-09T08:03:56.561+0000][183][info ][safepoint   ] Safepoint "Cleanup", Time since last: 2002827542 ns, Reaching safepoint: 15125 ns, Cleanup: 75250 ns, At safepoint: 8334 ns, Total: 98709 ns
[2025-09-09T08:03:57.562+0000][183][info ][safepoint   ] Safepoint "Cleanup", Time since last: 1000581333 ns, Reaching safepoint: 31500 ns, Cleanup: 30500 ns, At safepoint: 6834 ns, Total: 68834 ns
[2025-09-09T08:03:58.563+0000][183][info ][safepoint   ] Safepoint "Cleanup", Time since last: 1001207292 ns, Reaching safepoint: 63833 ns, Cleanup: 95000 ns, At safepoint: 11875 ns, Total: 170708 ns
[2025-09-09T08:03:59.564+0000][183][info ][safepoint   ] Safepoint "Cleanup", Time since last: 1000604376 ns, Reaching safepoint: 14666 ns, Cleanup: 19250 ns, At safepoint: 5334 ns, Total: 39250 ns
[2025-09-09T08:04:00.434+0000][183][info ][safepoint   ] Safepoint "ICBufferFull", Time since last: 869844250 ns, Reaching safepoint: 70333 ns, Cleanup: 120750 ns, At safepoint: 11792 ns, Total: 202875 ns
[2025-09-09T08:04:01.568+0000][183][info ][safepoint   ] Safepoint "Cleanup", Time since last: 1133880501 ns, Reaching safepoint: 7625 ns, Cleanup: 120666 ns, At safepoint: 9250 ns, Total: 137541 ns
[2025-09-09T08:04:03.572+0000][183][info ][safepoint   ] Safepoint "Cleanup", Time since last: 2004070501 ns, Reaching safepoint: 54834 ns, Cleanup: 37125 ns, At safepoint: 9000 ns, Total: 100959 ns
[2025-09-09T08:04:04.573+0000][183][info ][safepoint   ] Safepoint "Cleanup", Time since last: 1001076250 ns, Reaching safepoint: 47333 ns, Cleanup: 58209 ns, At safepoint: 5708 ns, Total: 111250 ns
[2025-09-09T08:04:05.574+0000][183][info ][safepoint   ] Safepoint "Cleanup", Time since last: 1001140084 ns, Reaching safepoint: 20208 ns, Cleanup: 14500 ns, At safepoint: 7125 ns, Total: 41833 ns
[2025-09-09T08:04:06.576+0000][183][info ][safepoint   ] Safepoint "Cleanup", Time since last: 1001253834 ns, Reaching safepoint: 204083 ns, Cleanup: 37042 ns, At safepoint: 19500 ns, Total: 260625 ns
[2025-09-09T08:04:07.577+0000][183][info ][safepoint   ] Safepoint "Cleanup", Time since last: 1000817750 ns, Reaching safepoint: 26417 ns, Cleanup: 21000 ns, At safepoint: 8833 ns, Total: 56250 ns
[2025-09-09T08:04:08.578+0000][183][info ][safepoint   ] Safepoint "Cleanup", Time since last: 1000890418 ns, Reaching safepoint: 27875 ns, Cleanup: 99291 ns, At safepoint: 10625 ns, Total: 137791 ns
[2025-09-09T08:04:11.581+0000][183][info ][safepoint   ] Safepoint "Cleanup", Time since last: 3003130877 ns, Reaching safepoint: 15833 ns, Cleanup: 10958 ns, At safepoint: 6459 ns, Total: 33250 ns
[2025-09-09T08:04:12.582+0000][183][info ][safepoint   ] Safepoint "Cleanup", Time since last: 1000649916 ns, Reaching safepoint: 29333 ns, Cleanup: 15959 ns, At safepoint: 7458 ns, Total: 52750 ns
[2025-09-09T08:04:13.582+0000][183][info ][safepoint   ] Safepoint "Cleanup", Time since last: 1000366459 ns, Reaching safepoint: 14541 ns, Cleanup: 10334 ns, At safepoint: 2875 ns, Total: 27750 ns
[2025-09-09T08:04:18.587+0000][183][info ][safepoint   ] Safepoint "Cleanup", Time since last: 5004942085 ns, Reaching safepoint: 72000 ns, Cleanup: 44000 ns, At safepoint: 10750 ns, Total: 126750 ns
[2025-09-09T08:04:21.627+0000][183][info ][safepoint   ] Safepoint "Cleanup", Time since last: 3039706544 ns, Reaching safepoint: 135875 ns, Cleanup: 34708 ns, At safepoint: 12875 ns, Total: 183458 ns
[2025-09-09T08:04:24.630+0000][183][info ][safepoint   ] Safepoint "Cleanup", Time since last: 3002775210 ns, Reaching safepoint: 18958 ns, Cleanup: 41500 ns, At safepoint: 9000 ns, Total: 69458 ns
[2025-09-09T08:04:26.632+0000][183][info ][safepoint   ] Safepoint "Cleanup", Time since last: 2001808668 ns, Reaching safepoint: 31875 ns, Cleanup: 24000 ns, At safepoint: 7833 ns, Total: 63708 ns
[2025-09-09T08:04:27.633+0000][183][info ][safepoint   ] Safepoint "Cleanup", Time since last: 1001092667 ns, Reaching safepoint: 82750 ns, Cleanup: 53625 ns, At safepoint: 18792 ns, Total: 155167 ns
[2025-09-09T08:04:28.635+0000][183][info ][safepoint   ] Safepoint "Cleanup", Time since last: 1001674542 ns, Reaching safepoint: 14500 ns, Cleanup: 15958 ns, At safepoint: 4000 ns, Total: 34458 ns
[2025-09-09T08:04:29.636+0000][183][info ][safepoint   ] Safepoint "Cleanup", Time since last: 1000940834 ns, Reaching safepoint: 88833 ns, Cleanup: 42084 ns, At safepoint: 12125 ns, Total: 143042 ns
[2025-09-09T08:04:30.637+0000][183][info ][safepoint   ] Safepoint "Cleanup", Time since last: 1001102750 ns, Reaching safepoint: 37375 ns, Cleanup: 12000 ns, At safepoint: 5667 ns, Total: 55042 ns
[2025-09-09T08:04:31.638+0000][183][info ][safepoint   ] Safepoint "Cleanup", Time since last: 1000682459 ns, Reaching safepoint: 85791 ns, Cleanup: 32500 ns, At safepoint: 10209 ns, Total: 128500 ns
[2025-09-09T08:04:32.639+0000][183][info ][safepoint   ] Safepoint "Cleanup", Time since last: 1001134208 ns, Reaching safepoint: 16250 ns, Cleanup: 19500 ns, At safepoint: 5625 ns, Total: 41375 ns
[2025-09-09T08:04:33.640+0000][183][info ][safepoint   ] Safepoint "Cleanup", Time since last: 1000685334 ns, Reaching safepoint: 57792 ns, Cleanup: 24958 ns, At safepoint: 9125 ns, Total: 91875 ns
[2025-09-09T08:04:34.642+0000][183][info ][safepoint   ] Safepoint "Cleanup", Time since last: 1002043042 ns, Reaching safepoint: 29375 ns, Cleanup: 17709 ns, At safepoint: 5708 ns, Total: 52792 ns
[2025-09-09T08:04:35.643+0000][183][info ][safepoint   ] Safepoint "Cleanup", Time since last: 1000841042 ns, Reaching safepoint: 24250 ns, Cleanup: 21584 ns, At safepoint: 17375 ns, Total: 63209 ns
[2025-09-09T08:04:36.644+0000][183][info ][safepoint   ] Safepoint "Cleanup", Time since last: 1001204792 ns, Reaching safepoint: 14291 ns, Cleanup: 21042 ns, At safepoint: 4125 ns, Total: 39458 ns
[2025-09-09T08:04:37.646+0000][183][info ][safepoint   ] Safepoint "Cleanup", Time since last: 1001457334 ns, Reaching safepoint: 17875 ns, Cleanup: 23833 ns, At safepoint: 5875 ns, Total: 47583 ns
[2025-09-09T08:04:38.647+0000][183][info ][safepoint   ] Safepoint "Cleanup", Time since last: 1001377667 ns, Reaching safepoint: 14625 ns, Cleanup: 21500 ns, At safepoint: 5250 ns, Total: 41375 ns
[2025-09-09T08:04:39.648+0000][183][info ][safepoint   ] Safepoint "Cleanup", Time since last: 1001052167 ns, Reaching safepoint: 29250 ns, Cleanup: 30334 ns, At safepoint: 10166 ns, Total: 69750 ns
[2025-09-09T08:04:42.651+0000][183][info ][safepoint   ] Safepoint "Cleanup", Time since last: 3002838084 ns, Reaching safepoint: 13834 ns, Cleanup: 25875 ns, At safepoint: 4625 ns, Total: 44334 ns
[2025-09-09T08:04:43.652+0000][183][info ][safepoint   ] Safepoint "Cleanup", Time since last: 1000924042 ns, Reaching safepoint: 20208 ns, Cleanup: 13292 ns, At safepoint: 7458 ns, Total: 40958 ns
[2025-09-09T08:04:48.658+0000][183][info ][safepoint   ] Safepoint "Cleanup", Time since last: 5004778044 ns, Reaching safepoint: 264917 ns, Cleanup: 59916 ns, At safepoint: 6959 ns, Total: 331792 ns
[2025-09-09T08:04:49.658+0000][183][info ][safepoint   ] Safepoint "Cleanup", Time since last: 1000676167 ns, Reaching safepoint: 98042 ns, Cleanup: 41000 ns, At safepoint: 21000 ns, Total: 160042 ns
[2025-09-09T08:04:51.671+0000][183][info ][safepoint   ] Safepoint "Cleanup", Time since last: 2007429917 ns, Reaching safepoint: 4674334 ns, Cleanup: 56375 ns, At safepoint: 27125 ns, Total: 4757834 ns
[2025-09-09T08:04:52.682+0000][183][info ][safepoint   ] Safepoint "Cleanup", Time since last: 1010831958 ns, Reaching safepoint: 143834 ns, Cleanup: 66541 ns, At safepoint: 8834 ns, Total: 219209 ns
[2025-09-09T08:04:53.682+0000][183][info ][safepoint   ] Safepoint "Cleanup", Time since last: 1000591292 ns, Reaching safepoint: 25458 ns, Cleanup: 10958 ns, At safepoint: 6042 ns, Total: 42458 ns
[2025-09-09T08:04:54.684+0000][183][info ][safepoint   ] Safepoint "Cleanup", Time since last: 1001242292 ns, Reaching safepoint: 58625 ns, Cleanup: 27125 ns, At safepoint: 7084 ns, Total: 92834 ns
[2025-09-09T08:04:56.685+0000][183][info ][safepoint   ] Safepoint "Cleanup", Time since last: 2001787126 ns, Reaching safepoint: 19416 ns, Cleanup: 29625 ns, At safepoint: 5625 ns, Total: 54666 ns
[2025-09-09T08:04:57.687+0000][183][info ][safepoint   ] Safepoint "Cleanup", Time since last: 1001056042 ns, Reaching safepoint: 103417 ns, Cleanup: 86250 ns, At safepoint: 17917 ns, Total: 207584 ns
[2025-09-09T08:04:58.688+0000][183][info ][safepoint   ] Safepoint "Cleanup", Time since last: 1001499209 ns, Reaching safepoint: 14458 ns, Cleanup: 12625 ns, At safepoint: 3125 ns, Total: 30208 ns
[2025-09-09T08:04:59.690+0000][183][info ][safepoint   ] Safepoint "Cleanup", Time since last: 1001443084 ns, Reaching safepoint: 21833 ns, Cleanup: 38292 ns, At safepoint: 8000 ns, Total: 68125 ns
[2025-09-09T08:05:00.690+0000][183][info ][safepoint   ] Safepoint "Cleanup", Time since last: 1000458375 ns, Reaching safepoint: 15000 ns, Cleanup: 12667 ns, At safepoint: 4250 ns, Total: 31917 ns
[2025-09-09T08:05:01.691+0000][183][info ][safepoint   ] Safepoint "Cleanup", Time since last: 1000981375 ns, Reaching safepoint: 20209 ns, Cleanup: 16791 ns, At safepoint: 14042 ns, Total: 51042 ns
[2025-09-09T08:05:02.692+0000][183][info ][safepoint   ] Safepoint "Cleanup", Time since last: 1001019042 ns, Reaching safepoint: 31875 ns, Cleanup: 12625 ns, At safepoint: 5125 ns, Total: 49625 ns
[2025-09-09T08:05:03.696+0000][183][info ][safepoint   ] Safepoint "Cleanup", Time since last: 1003845709 ns, Reaching safepoint: 5375 ns, Cleanup: 106125 ns, At safepoint: 11833 ns, Total: 123333 ns
[2025-09-09T08:05:04.737+0000][183][info ][safepoint   ] Safepoint "Cleanup", Time since last: 1040803334 ns, Reaching safepoint: 5875 ns, Cleanup: 56292 ns, At safepoint: 8541 ns, Total: 70708 ns
[2025-09-09T08:05:05.739+0000][183][info ][safepoint   ] Safepoint "Cleanup", Time since last: 1002029876 ns, Reaching safepoint: 17875 ns, Cleanup: 11375 ns, At safepoint: 6125 ns, Total: 35375 ns
[2025-09-09T08:05:06.740+0000][183][info ][safepoint   ] Safepoint "Cleanup", Time since last: 1001199125 ns, Reaching safepoint: 17250 ns, Cleanup: 27125 ns, At safepoint: 5792 ns, Total: 50167 ns
[2025-09-09T08:05:07.743+0000][183][info ][safepoint   ] Safepoint "Cleanup", Time since last: 1002343209 ns, Reaching safepoint: 39542 ns, Cleanup: 21291 ns, At safepoint: 8959 ns, Total: 69792 ns
[2025-09-09T08:05:08.743+0000][183][info ][safepoint   ] Safepoint "Cleanup", Time since last: 1000318833 ns, Reaching safepoint: 43792 ns, Cleanup: 18958 ns, At safepoint: 9084 ns, Total: 71834 ns
[2025-09-09T08:05:09.745+0000][183][info ][safepoint   ] Safepoint "Cleanup", Time since last: 1001434417 ns, Reaching safepoint: 15916 ns, Cleanup: 18417 ns, At safepoint: 6042 ns, Total: 40375 ns
[2025-09-09T08:05:10.745+0000][183][info ][safepoint   ] Safepoint "Cleanup", Time since last: 1000478500 ns, Reaching safepoint: 65542 ns, Cleanup: 17000 ns, At safepoint: 11458 ns, Total: 94000 ns
[2025-09-09T08:05:12.748+0000][183][info ][safepoint   ] Safepoint "Cleanup", Time since last: 2002340543 ns, Reaching safepoint: 25708 ns, Cleanup: 18250 ns, At safepoint: 10333 ns, Total: 54291 ns
[2025-09-09T08:05:16.752+0000][183][info ][safepoint   ] Safepoint "Cleanup", Time since last: 4003452711 ns, Reaching safepoint: 321666 ns, Cleanup: 28542 ns, At safepoint: 12083 ns, Total: 362291 ns
[2025-09-09T08:05:17.753+0000][183][info ][safepoint   ] Safepoint "Cleanup", Time since last: 1001119251 ns, Reaching safepoint: 80916 ns, Cleanup: 14500 ns, At safepoint: 4750 ns, Total: 100166 ns
[2025-09-09T08:05:18.754+0000][183][info ][safepoint   ] Safepoint "Cleanup", Time since last: 1000514876 ns, Reaching safepoint: 97416 ns, Cleanup: 115459 ns, At safepoint: 11791 ns, Total: 224666 ns
[2025-09-09T08:05:20.695+0000][183][info ][safepoint   ] Safepoint "Cleanup", Time since last: 1940796543 ns, Reaching safepoint: 65292 ns, Cleanup: 95458 ns, At safepoint: 14875 ns, Total: 175625 ns
[2025-09-09T08:05:21.696+0000][183][info ][safepoint   ] Safepoint "Cleanup", Time since last: 1001452334 ns, Reaching safepoint: 12958 ns, Cleanup: 9584 ns, At safepoint: 3791 ns, Total: 26333 ns
[2025-09-09T08:05:22.697+0000][183][info ][safepoint   ] Safepoint "Cleanup", Time since last: 1000716126 ns, Reaching safepoint: 19958 ns, Cleanup: 21375 ns, At safepoint: 6375 ns, Total: 47708 ns
[2025-09-09T08:05:23.698+0000][183][info ][safepoint   ] Safepoint "Cleanup", Time since last: 1000496417 ns, Reaching safepoint: 13875 ns, Cleanup: 9042 ns, At safepoint: 3375 ns, Total: 26292 ns
[2025-09-09T08:05:24.699+0000][183][info ][safepoint   ] Safepoint "Cleanup", Time since last: 1001271459 ns, Reaching safepoint: 82083 ns, Cleanup: 37417 ns, At safepoint: 10916 ns, Total: 130416 ns
[2025-09-09T08:05:25.700+0000][183][info ][safepoint   ] Safepoint "Cleanup", Time since last: 1001052751 ns, Reaching safepoint: 32666 ns, Cleanup: 27542 ns, At safepoint: 18667 ns, Total: 78875 ns
[2025-09-09T08:05:26.703+0000][183][info ][safepoint   ] Safepoint "Cleanup", Time since last: 1002420875 ns, Reaching safepoint: 13250 ns, Cleanup: 32459 ns, At safepoint: 4958 ns, Total: 50667 ns
[2025-09-09T08:05:27.704+0000][183][info ][safepoint   ] Safepoint "Cleanup", Time since last: 1001043167 ns, Reaching safepoint: 30125 ns, Cleanup: 21583 ns, At safepoint: 9292 ns, Total: 61000 ns
[2025-09-09T08:05:28.705+0000][183][info ][safepoint   ] Safepoint "Cleanup", Time since last: 1001021042 ns, Reaching safepoint: 12959 ns, Cleanup: 8416 ns, At safepoint: 3209 ns, Total: 24584 ns
[2025-09-09T08:05:29.706+0000][183][info ][safepoint   ] Safepoint "Cleanup", Time since last: 1000997792 ns, Reaching safepoint: 63833 ns, Cleanup: 42208 ns, At safepoint: 13959 ns, Total: 120000 ns
[2025-09-09T08:05:34.711+0000][183][info ][safepoint   ] Safepoint "Cleanup", Time since last: 5004772919 ns, Reaching safepoint: 54791 ns, Cleanup: 27250 ns, At safepoint: 5209 ns, Total: 87250 ns
[2025-09-09T08:05:36.712+0000][183][info ][safepoint   ] Safepoint "Cleanup", Time since last: 2001812126 ns, Reaching safepoint: 12500 ns, Cleanup: 13458 ns, At safepoint: 2708 ns, Total: 28666 ns
[2025-09-09T08:05:37.714+0000][183][info ][safepoint   ] Safepoint "Cleanup", Time since last: 1001389334 ns, Reaching safepoint: 14709 ns, Cleanup: 12833 ns, At safepoint: 4958 ns, Total: 32500 ns
[2025-09-09T08:05:38.715+0000][183][info ][safepoint   ] Safepoint "Cleanup", Time since last: 1001203709 ns, Reaching safepoint: 164625 ns, Cleanup: 24083 ns, At safepoint: 9917 ns, Total: 198625 ns
[2025-09-09T08:05:39.717+0000][183][info ][safepoint   ] Safepoint "Cleanup", Time since last: 1001163000 ns, Reaching safepoint: 20500 ns, Cleanup: 26167 ns, At safepoint: 6083 ns, Total: 52750 ns
[2025-09-09T08:05:42.720+0000][183][info ][safepoint   ] Safepoint "Cleanup", Time since last: 3003409043 ns, Reaching safepoint: 73208 ns, Cleanup: 17209 ns, At safepoint: 9791 ns, Total: 100208 ns
[2025-09-09T08:05:43.722+0000][183][info ][safepoint   ] Safepoint "Cleanup", Time since last: 1001671584 ns, Reaching safepoint: 16333 ns, Cleanup: 18417 ns, At safepoint: 7208 ns, Total: 41958 ns
[2025-09-09T08:05:44.723+0000][183][info ][safepoint   ] Safepoint "Cleanup", Time since last: 1001062334 ns, Reaching safepoint: 60459 ns, Cleanup: 27500 ns, At safepoint: 12916 ns, Total: 100875 ns
[2025-09-09T08:05:45.724+0000][183][info ][safepoint   ] Safepoint "Cleanup", Time since last: 1000796042 ns, Reaching safepoint: 73250 ns, Cleanup: 56500 ns, At safepoint: 12375 ns, Total: 142125 ns
[2025-09-09T08:05:46.725+0000][183][info ][safepoint   ] Safepoint "Cleanup", Time since last: 1000641751 ns, Reaching safepoint: 18958 ns, Cleanup: 13334 ns, At safepoint: 6125 ns, Total: 38417 ns
[2025-09-09T08:05:47.726+0000][183][info ][safepoint   ] Safepoint "Cleanup", Time since last: 1001169708 ns, Reaching safepoint: 101167 ns, Cleanup: 32625 ns, At safepoint: 18583 ns, Total: 152375 ns
[2025-09-09T08:05:48.727+0000][183][info ][safepoint   ] Safepoint "Cleanup", Time since last: 1000627917 ns, Reaching safepoint: 63959 ns, Cleanup: 15000 ns, At safepoint: 9208 ns, Total: 88167 ns
[2025-09-09T08:05:52.733+0000][183][info ][safepoint   ] Safepoint "Cleanup", Time since last: 4005981419 ns, Reaching safepoint: 184375 ns, Cleanup: 21791 ns, At safepoint: 12709 ns, Total: 218875 ns
[2025-09-09T08:05:54.735+0000][183][info ][safepoint   ] Safepoint "Cleanup", Time since last: 2001785417 ns, Reaching safepoint: 179125 ns, Cleanup: 30667 ns, At safepoint: 8042 ns, Total: 217834 ns
[2025-09-09T08:05:56.737+0000][183][info ][safepoint   ] Safepoint "Cleanup", Time since last: 2001961167 ns, Reaching safepoint: 113834 ns, Cleanup: 50625 ns, At safepoint: 9541 ns, Total: 174000 ns
[2025-09-09T08:05:57.738+0000][183][info ][safepoint   ] Safepoint "Cleanup", Time since last: 1000567459 ns, Reaching safepoint: 28500 ns, Cleanup: 13333 ns, At safepoint: 5459 ns, Total: 47292 ns
[2025-09-09T08:05:58.739+0000][183][info ][safepoint   ] Safepoint "Cleanup", Time since last: 1001199542 ns, Reaching safepoint: 16125 ns, Cleanup: 30042 ns, At safepoint: 4916 ns, Total: 51083 ns
[2025-09-09T08:05:59.740+0000][183][info ][safepoint   ] Safepoint "Cleanup", Time since last: 1000701292 ns, Reaching safepoint: 20084 ns, Cleanup: 34416 ns, At safepoint: 5625 ns, Total: 60125 ns
[2025-09-09T08:06:00.741+0000][183][info ][safepoint   ] Safepoint "Cleanup", Time since last: 1000947751 ns, Reaching safepoint: 18000 ns, Cleanup: 13250 ns, At safepoint: 6417 ns, Total: 37667 ns
[2025-09-09T08:06:04.745+0000][183][info ][safepoint   ] Safepoint "Cleanup", Time since last: 4003929543 ns, Reaching safepoint: 60292 ns, Cleanup: 55833 ns, At safepoint: 7417 ns, Total: 123542 ns
[2025-09-09T08:06:05.746+0000][183][info ][safepoint   ] Safepoint "Cleanup", Time since last: 1000901584 ns, Reaching safepoint: 39166 ns, Cleanup: 14834 ns, At safepoint: 7041 ns, Total: 61041 ns
[2025-09-09T08:06:06.864+0000][183][info ][safepoint   ] Safepoint "Cleanup", Time since last: 1117621792 ns, Reaching safepoint: 6417 ns, Cleanup: 221250 ns, At safepoint: 29792 ns, Total: 257459 ns
[2025-09-09T08:06:07.898+0000][183][info ][safepoint   ] Safepoint "Cleanup", Time since last: 1034467667 ns, Reaching safepoint: 21875 ns, Cleanup: 39000 ns, At safepoint: 12750 ns, Total: 73625 ns
[2025-09-09T08:06:08.900+0000][183][info ][safepoint   ] Safepoint "Cleanup", Time since last: 1001976334 ns, Reaching safepoint: 26750 ns, Cleanup: 46375 ns, At safepoint: 9375 ns, Total: 82500 ns
[2025-09-09T08:06:09.901+0000][183][info ][safepoint   ] Safepoint "Cleanup", Time since last: 1000460000 ns, Reaching safepoint: 19209 ns, Cleanup: 25250 ns, At safepoint: 7000 ns, Total: 51459 ns
[2025-09-09T08:06:12.906+0000][183][info ][safepoint   ] Safepoint "Cleanup", Time since last: 3004453417 ns, Reaching safepoint: 689333 ns, Cleanup: 43375 ns, At safepoint: 18208 ns, Total: 750916 ns
[2025-09-09T08:06:14.910+0000][183][info ][safepoint   ] Safepoint "Cleanup", Time since last: 2003217876 ns, Reaching safepoint: 608917 ns, Cleanup: 19333 ns, At safepoint: 13750 ns, Total: 642000 ns
[2025-09-09T08:06:15.911+0000][183][info ][safepoint   ] Safepoint "Cleanup", Time since last: 1001120626 ns, Reaching safepoint: 183250 ns, Cleanup: 31083 ns, At safepoint: 13500 ns, Total: 227833 ns
[2025-09-09T08:06:19.807+0000][183][info ][safepoint   ] Safepoint "Cleanup", Time since last: 3895484044 ns, Reaching safepoint: 32875 ns, Cleanup: 22250 ns, At safepoint: 4125 ns, Total: 59250 ns
[2025-09-09T08:06:23.811+0000][183][info ][safepoint   ] Safepoint "Cleanup", Time since last: 4004480835 ns, Reaching safepoint: 19917 ns, Cleanup: 11000 ns, At safepoint: 10916 ns, Total: 41833 ns
[2025-09-09T08:06:24.813+0000][183][info ][safepoint   ] Safepoint "Cleanup", Time since last: 1002193126 ns, Reaching safepoint: 14291 ns, Cleanup: 17750 ns, At safepoint: 7959 ns, Total: 40000 ns
[2025-09-09T08:06:26.816+0000][183][info ][safepoint   ] Safepoint "Cleanup", Time since last: 2002959751 ns, Reaching safepoint: 31208 ns, Cleanup: 19000 ns, At safepoint: 6292 ns, Total: 56500 ns
[2025-09-09T08:06:27.817+0000][183][info ][safepoint   ] Safepoint "Cleanup", Time since last: 1000441208 ns, Reaching safepoint: 83542 ns, Cleanup: 29875 ns, At safepoint: 9667 ns, Total: 123084 ns
[2025-09-09T08:06:28.818+0000][183][info ][safepoint   ] Safepoint "Cleanup", Time since last: 1000810875 ns, Reaching safepoint: 15292 ns, Cleanup: 8208 ns, At safepoint: 3292 ns, Total: 26792 ns
[2025-09-09T08:06:30.819+0000][183][info ][safepoint   ] Safepoint "Cleanup", Time since last: 2001191168 ns, Reaching safepoint: 13000 ns, Cleanup: 11500 ns, At safepoint: 3791 ns, Total: 28291 ns
[2025-09-09T08:06:31.820+0000][183][info ][safepoint   ] Safepoint "Cleanup", Time since last: 1000825042 ns, Reaching safepoint: 85500 ns, Cleanup: 45084 ns, At safepoint: 10166 ns, Total: 140750 ns
[2025-09-09T08:06:34.824+0000][183][info ][safepoint   ] Safepoint "Cleanup", Time since last: 3003671168 ns, Reaching safepoint: 14209 ns, Cleanup: 12000 ns, At safepoint: 4083 ns, Total: 30292 ns
[2025-09-09T08:06:35.825+0000][183][info ][safepoint   ] Safepoint "Cleanup", Time since last: 1000917792 ns, Reaching safepoint: 35417 ns, Cleanup: 48458 ns, At safepoint: 7500 ns, Total: 91375 ns
[2025-09-09T08:06:36.826+0000][183][info ][safepoint   ] Safepoint "Cleanup", Time since last: 1001112126 ns, Reaching safepoint: 20291 ns, Cleanup: 10834 ns, At safepoint: 5208 ns, Total: 36333 ns
[2025-09-09T08:06:37.827+0000][183][info ][safepoint   ] Safepoint "Cleanup", Time since last: 1000789376 ns, Reaching safepoint: 82250 ns, Cleanup: 44041 ns, At safepoint: 8459 ns, Total: 134750 ns
[2025-09-09T08:06:39.830+0000][183][info ][safepoint   ] Safepoint "Cleanup", Time since last: 2002844001 ns, Reaching safepoint: 29250 ns, Cleanup: 19833 ns, At safepoint: 4000 ns, Total: 53083 ns
[2025-09-09T08:06:41.832+0000][183][info ][safepoint   ] Safepoint "Cleanup", Time since last: 2002171167 ns, Reaching safepoint: 13750 ns, Cleanup: 21584 ns, At safepoint: 3583 ns, Total: 38917 ns
[2025-09-09T08:06:42.834+0000][183][info ][safepoint   ] Safepoint "Cleanup", Time since last: 1001731083 ns, Reaching safepoint: 24084 ns, Cleanup: 106625 ns, At safepoint: 7125 ns, Total: 137834 ns
[2025-09-09T08:06:43.835+0000][183][info ][safepoint   ] Safepoint "Cleanup", Time since last: 1000865042 ns, Reaching safepoint: 14708 ns, Cleanup: 16375 ns, At safepoint: 3833 ns, Total: 34916 ns
[2025-09-09T08:06:44.837+0000][183][info ][safepoint   ] Safepoint "Cleanup", Time since last: 1001963709 ns, Reaching safepoint: 42584 ns, Cleanup: 40000 ns, At safepoint: 14125 ns, Total: 96709 ns
[2025-09-09T08:06:45.838+0000][183][info ][safepoint   ] Safepoint "Cleanup", Time since last: 1001081292 ns, Reaching safepoint: 26291 ns, Cleanup: 21625 ns, At safepoint: 6417 ns, Total: 54333 ns
[2025-09-09T08:06:46.840+0000][183][info ][safepoint   ] Safepoint "Cleanup", Time since last: 1001503917 ns, Reaching safepoint: 16125 ns, Cleanup: 17584 ns, At safepoint: 18625 ns, Total: 52334 ns
[2025-09-09T08:06:47.840+0000][183][info ][safepoint   ] Safepoint "Cleanup", Time since last: 1000214083 ns, Reaching safepoint: 27125 ns, Cleanup: 58792 ns, At safepoint: 5042 ns, Total: 90959 ns
[2025-09-09T08:06:48.842+0000][183][info ][safepoint   ] Safepoint "Cleanup", Time since last: 1001493334 ns, Reaching safepoint: 35250 ns, Cleanup: 17375 ns, At safepoint: 6125 ns, Total: 58750 ns
[2025-09-09T08:06:49.842+0000][183][info ][safepoint   ] Safepoint "Cleanup", Time since last: 1000352292 ns, Reaching safepoint: 12375 ns, Cleanup: 10083 ns, At safepoint: 4083 ns, Total: 26541 ns
[2025-09-09T08:06:51.844+0000][183][info ][safepoint   ] Safepoint "Cleanup", Time since last: 2002006960 ns, Reaching safepoint: 36333 ns, Cleanup: 18792 ns, At safepoint: 7750 ns, Total: 62875 ns
[2025-09-09T08:06:55.849+0000][183][info ][safepoint   ] Safepoint "Cleanup", Time since last: 4004918335 ns, Reaching safepoint: 14250 ns, Cleanup: 9583 ns, At safepoint: 4334 ns, Total: 28167 ns
[2025-09-09T08:06:56.850+0000][183][info ][safepoint   ] Safepoint "Cleanup", Time since last: 1000306875 ns, Reaching safepoint: 27250 ns, Cleanup: 44250 ns, At safepoint: 6458 ns, Total: 77958 ns
[2025-09-09T08:06:57.850+0000][183][info ][safepoint   ] Safepoint "Cleanup", Time since last: 1000930792 ns, Reaching safepoint: 21084 ns, Cleanup: 29333 ns, At safepoint: 6833 ns, Total: 57250 ns
[2025-09-09T08:06:58.852+0000][183][info ][safepoint   ] Safepoint "Cleanup", Time since last: 1001838126 ns, Reaching safepoint: 27333 ns, Cleanup: 48834 ns, At safepoint: 6833 ns, Total: 83000 ns
[2025-09-09T08:06:59.853+0000][183][info ][safepoint   ] Safepoint "Cleanup", Time since last: 1000656792 ns, Reaching safepoint: 13542 ns, Cleanup: 29083 ns, At safepoint: 3375 ns, Total: 46000 ns
[2025-09-09T08:07:00.854+0000][183][info ][safepoint   ] Safepoint "Cleanup", Time since last: 1001195876 ns, Reaching safepoint: 71666 ns, Cleanup: 37625 ns, At safepoint: 10917 ns, Total: 120208 ns
[2025-09-09T08:07:02.858+0000][183][info ][safepoint   ] Safepoint "Cleanup", Time since last: 2002584168 ns, Reaching safepoint: 599541 ns, Cleanup: 39667 ns, At safepoint: 19458 ns, Total: 658666 ns
[2025-09-09T08:07:03.859+0000][183][info ][safepoint   ] Safepoint "Cleanup", Time since last: 1001532126 ns, Reaching safepoint: 13666 ns, Cleanup: 14000 ns, At safepoint: 3667 ns, Total: 31333 ns
[2025-09-09T08:07:04.860+0000][183][info ][safepoint   ] Safepoint "Cleanup", Time since last: 1001045417 ns, Reaching safepoint: 25333 ns, Cleanup: 40625 ns, At safepoint: 7125 ns, Total: 73083 ns
[2025-09-09T08:07:05.862+0000][183][info ][safepoint   ] Safepoint "Cleanup", Time since last: 1000942001 ns, Reaching safepoint: 202583 ns, Cleanup: 28792 ns, At safepoint: 10750 ns, Total: 242125 ns
[2025-09-09T08:07:07.863+0000][183][info ][safepoint   ] Safepoint "Cleanup", Time since last: 2001768501 ns, Reaching safepoint: 13000 ns, Cleanup: 13542 ns, At safepoint: 2875 ns, Total: 29417 ns
[2025-09-09T08:07:08.864+0000][183][info ][safepoint   ] Safepoint "Cleanup", Time since last: 1000856292 ns, Reaching safepoint: 18208 ns, Cleanup: 18625 ns, At safepoint: 6208 ns, Total: 43041 ns
[2025-09-09T08:07:10.000+0000][183][info ][safepoint   ] Safepoint "Cleanup", Time since last: 1135884376 ns, Reaching safepoint: 3333 ns, Cleanup: 64500 ns, At safepoint: 5000 ns, Total: 72833 ns
[2025-09-09T08:07:11.024+0000][183][info ][safepoint   ] Safepoint "Cleanup", Time since last: 1024023542 ns, Reaching safepoint: 13917 ns, Cleanup: 63542 ns, At safepoint: 12208 ns, Total: 89667 ns
[2025-09-09T08:07:12.030+0000][183][info ][safepoint   ] Safepoint "Cleanup", Time since last: 1005081334 ns, Reaching safepoint: 74500 ns, Cleanup: 32208 ns, At safepoint: 12834 ns, Total: 119542 ns
[2025-09-09T08:07:14.031+0000][183][info ][safepoint   ] Safepoint "Cleanup", Time since last: 2001659583 ns, Reaching safepoint: 28917 ns, Cleanup: 21791 ns, At safepoint: 7875 ns, Total: 58583 ns
[2025-09-09T08:07:15.033+0000][183][info ][safepoint   ] Safepoint "Cleanup", Time since last: 1001585959 ns, Reaching safepoint: 13375 ns, Cleanup: 13083 ns, At safepoint: 3709 ns, Total: 30167 ns
[2025-09-09T08:07:19.037+0000][183][info ][safepoint   ] Safepoint "Cleanup", Time since last: 4003547502 ns, Reaching safepoint: 42333 ns, Cleanup: 11792 ns, At safepoint: 4708 ns, Total: 58833 ns
[2025-09-09T08:07:20.911+0000][183][info ][safepoint   ] Safepoint "Cleanup", Time since last: 1873925459 ns, Reaching safepoint: 46167 ns, Cleanup: 14666 ns, At safepoint: 10250 ns, Total: 71083 ns
[2025-09-09T08:07:21.912+0000][183][info ][safepoint   ] Safepoint "Cleanup", Time since last: 1001007043 ns, Reaching safepoint: 16208 ns, Cleanup: 13917 ns, At safepoint: 4125 ns, Total: 34250 ns
[2025-09-09T08:07:24.914+0000][183][info ][safepoint   ] Safepoint "Cleanup", Time since last: 3002624251 ns, Reaching safepoint: 25167 ns, Cleanup: 22833 ns, At safepoint: 29583 ns, Total: 77583 ns
[2025-09-09T08:07:26.916+0000][183][info ][safepoint   ] Safepoint "Cleanup", Time since last: 2001923210 ns, Reaching safepoint: 21291 ns, Cleanup: 18709 ns, At safepoint: 33541 ns, Total: 73541 ns
[2025-09-09T08:07:27.918+0000][183][info ][safepoint   ] Safepoint "Cleanup", Time since last: 1001425418 ns, Reaching safepoint: 51083 ns, Cleanup: 16917 ns, At safepoint: 5208 ns, Total: 73208 ns
[2025-09-09T08:07:29.920+0000][183][info ][safepoint   ] Safepoint "Cleanup", Time since last: 2001837459 ns, Reaching safepoint: 15333 ns, Cleanup: 18209 ns, At safepoint: 3750 ns, Total: 37292 ns
[2025-09-09T08:07:34.187+0000][183][info ][safepoint   ] Safepoint "Cleanup", Time since last: 4267518377 ns, Reaching safepoint: 29458 ns, Cleanup: 11958 ns, At safepoint: 4209 ns, Total: 45625 ns
[2025-09-09T08:07:35.189+0000][183][info ][safepoint   ] Safepoint "Cleanup", Time since last: 1001295584 ns, Reaching safepoint: 26666 ns, Cleanup: 16125 ns, At safepoint: 14542 ns, Total: 57333 ns
[2025-09-09T08:07:36.189+0000][183][info ][safepoint   ] Safepoint "Cleanup", Time since last: 1000835625 ns, Reaching safepoint: 10834 ns, Cleanup: 7708 ns, At safepoint: 6833 ns, Total: 25375 ns
[2025-09-09T08:07:37.190+0000][183][info ][safepoint   ] Safepoint "Cleanup", Time since last: 1000952834 ns, Reaching safepoint: 13959 ns, Cleanup: 12458 ns, At safepoint: 4500 ns, Total: 30917 ns
[2025-09-09T08:07:39.193+0000][183][info ][safepoint   ] Safepoint "Cleanup", Time since last: 2002177334 ns, Reaching safepoint: 13959 ns, Cleanup: 43875 ns, At safepoint: 8416 ns, Total: 66250 ns
[2025-09-09T08:07:41.193+0000][183][info ][safepoint   ] Safepoint "Cleanup", Time since last: 2000716876 ns, Reaching safepoint: 13792 ns, Cleanup: 14041 ns, At safepoint: 4000 ns, Total: 31833 ns
[2025-09-09T08:07:42.194+0000][183][info ][safepoint   ] Safepoint "Cleanup", Time since last: 1000870126 ns, Reaching safepoint: 14167 ns, Cleanup: 10583 ns, At safepoint: 3792 ns, Total: 28542 ns
[2025-09-09T08:07:43.196+0000][183][info ][safepoint   ] Safepoint "Cleanup", Time since last: 1001794374 ns, Reaching safepoint: 25625 ns, Cleanup: 40667 ns, At safepoint: 6708 ns, Total: 73000 ns
[2025-09-09T08:07:44.198+0000][183][info ][safepoint   ] Safepoint "Cleanup", Time since last: 1001484709 ns, Reaching safepoint: 11625 ns, Cleanup: 12292 ns, At safepoint: 3125 ns, Total: 27042 ns
[2025-09-09T08:07:45.199+0000][183][info ][safepoint   ] Safepoint "Cleanup", Time since last: 1001025584 ns, Reaching safepoint: 13000 ns, Cleanup: 19833 ns, At safepoint: 3708 ns, Total: 36541 ns
[2025-09-09T08:07:46.200+0000][183][info ][safepoint   ] Safepoint "Cleanup", Time since last: 1000911084 ns, Reaching safepoint: 11750 ns, Cleanup: 17459 ns, At safepoint: 3583 ns, Total: 32792 ns
[2025-09-09T08:07:47.201+0000][183][info ][safepoint   ] Safepoint "Cleanup", Time since last: 1000577417 ns, Reaching safepoint: 17750 ns, Cleanup: 21167 ns, At safepoint: 7208 ns, Total: 46125 ns
[2025-09-09T08:07:49.203+0000][183][info ][safepoint   ] Safepoint "Cleanup", Time since last: 2002081001 ns, Reaching safepoint: 15042 ns, Cleanup: 17458 ns, At safepoint: 5708 ns, Total: 38208 ns
[2025-09-09T08:07:52.206+0000][183][info ][safepoint   ] Safepoint "Cleanup", Time since last: 3003220793 ns, Reaching safepoint: 26625 ns, Cleanup: 12084 ns, At safepoint: 4958 ns, Total: 43667 ns
[2025-09-09T08:07:53.207+0000][183][info ][safepoint   ] Safepoint "Cleanup", Time since last: 1000636376 ns, Reaching safepoint: 14666 ns, Cleanup: 9209 ns, At safepoint: 4541 ns, Total: 28416 ns
[2025-09-09T08:07:55.209+0000][183][info ][safepoint   ] Safepoint "Cleanup", Time since last: 2002246418 ns, Reaching safepoint: 14375 ns, Cleanup: 22208 ns, At safepoint: 5959 ns, Total: 42542 ns
[2025-09-09T08:07:57.211+0000][183][info ][safepoint   ] Safepoint "Cleanup", Time since last: 2002005709 ns, Reaching safepoint: 53291 ns, Cleanup: 75209 ns, At safepoint: 7333 ns, Total: 135833 ns
[2025-09-09T08:07:59.213+0000][183][info ][safepoint   ] Safepoint "Cleanup", Time since last: 2001920959 ns, Reaching safepoint: 80667 ns, Cleanup: 23542 ns, At safepoint: 6583 ns, Total: 110792 ns
[2025-09-09T08:08:00.215+0000][183][info ][safepoint   ] Safepoint "Cleanup", Time since last: 1001423459 ns, Reaching safepoint: 15750 ns, Cleanup: 105000 ns, At safepoint: 7833 ns, Total: 128583 ns
[2025-09-09T08:08:00.428+0000][183][info ][gc,start    ] GC(20) Pause Young (Prepare Mixed) (G1 Evacuation Pause)
[2025-09-09T08:08:00.428+0000][183][info ][gc,task     ] GC(20) Using 8 workers of 8 for evacuation
[2025-09-09T08:08:00.428+0000][183][debug][gc,age      ] GC(20) Desired survivor size 41943040 bytes, new threshold 15 (max threshold 15)
[2025-09-09T08:08:00.478+0000][183][info ][gc,phases   ] GC(20)   Pre Evacuate Collection Set: 0.59ms
[2025-09-09T08:08:00.478+0000][183][info ][gc,phases   ] GC(20)   Merge Heap Roots: 0.19ms
[2025-09-09T08:08:00.478+0000][183][info ][gc,phases   ] GC(20)   Evacuate Collection Set: 44.35ms
[2025-09-09T08:08:00.478+0000][183][info ][gc,phases   ] GC(20)   Post Evacuate Collection Set: 4.49ms
[2025-09-09T08:08:00.479+0000][183][info ][gc,phases   ] GC(20)   Other: 0.19ms
[2025-09-09T08:08:00.479+0000][183][trace][gc,age      ] GC(20) Age table with threshold 15 (max threshold 15)
[2025-09-09T08:08:00.479+0000][183][trace][gc,age      ] GC(20) - age   1:    2452344 bytes,    2452344 total
[2025-09-09T08:08:00.479+0000][183][trace][gc,age      ] GC(20) - age   2:    3796632 bytes,    6248976 total
[2025-09-09T08:08:00.479+0000][183][trace][gc,age      ] GC(20) - age   3:    2758440 bytes,    9007416 total
[2025-09-09T08:08:00.479+0000][183][trace][gc,age      ] GC(20) - age   4:   18676480 bytes,   27683896 total
[2025-09-09T08:08:00.479+0000][183][trace][gc,age      ] GC(20) - age   5:       5120 bytes,   27689016 total
[2025-09-09T08:08:00.479+0000][183][info ][gc,heap     ] GC(20) Eden regions: 145->0(145)
[2025-09-09T08:08:00.479+0000][183][info ][gc,heap     ] GC(20) Survivor regions: 8->8(20)
[2025-09-09T08:08:00.479+0000][183][info ][gc,heap     ] GC(20) Old regions: 30->30
[2025-09-09T08:08:00.479+0000][183][info ][gc,heap     ] GC(20) Humongous regions: 2->2
[2025-09-09T08:08:00.479+0000][183][info ][gc,metaspace] GC(20) Metaspace: 156792K(161152K)->156792K(161152K) NonClass: 135057K(137472K)->135057K(137472K) Class: 21734K(23680K)->21734K(23680K)
[2025-09-09T08:08:00.479+0000][183][info ][gc          ] GC(20) Pause Young (Prepare Mixed) (G1 Evacuation Pause) 736M->154M(1024M) 50.638ms
[2025-09-09T08:08:00.479+0000][183][info ][gc,cpu      ] GC(20) User=0.35s Sys=0.01s Real=0.05s
[2025-09-09T08:08:00.479+0000][183][info ][safepoint   ] Safepoint "G1CollectForAllocation", Time since last: 213643750 ns, Reaching safepoint: 6500 ns, Cleanup: 40834 ns, At safepoint: 50795000 ns, Total: 50842334 ns
[2025-09-09T08:08:02.123+0000][183][info ][safepoint   ] Safepoint "Cleanup", Time since last: 1644154709 ns, Reaching safepoint: 60375 ns, Cleanup: 100042 ns, At safepoint: 15750 ns, Total: 176167 ns
[2025-09-09T08:08:03.188+0000][183][info ][safepoint   ] Safepoint "Cleanup", Time since last: 1064670083 ns, Reaching safepoint: 20625 ns, Cleanup: 18334 ns, At safepoint: 13416 ns, Total: 52375 ns
[2025-09-09T08:08:04.189+0000][183][info ][safepoint   ] Safepoint "Cleanup", Time since last: 1000479042 ns, Reaching safepoint: 11792 ns, Cleanup: 8292 ns, At safepoint: 4250 ns, Total: 24334 ns
[2025-09-09T08:08:05.334+0000][183][info ][safepoint   ] Safepoint "Cleanup", Time since last: 1144772917 ns, Reaching safepoint: 25125 ns, Cleanup: 83125 ns, At safepoint: 8833 ns, Total: 117083 ns
[2025-09-09T08:08:06.336+0000][183][info ][safepoint   ] Safepoint "Cleanup", Time since last: 1002352834 ns, Reaching safepoint: 15709 ns, Cleanup: 13666 ns, At safepoint: 5709 ns, Total: 35084 ns
[2025-09-09T08:08:07.336+0000][183][info ][safepoint   ] Safepoint "Cleanup", Time since last: 1000474792 ns, Reaching safepoint: 12083 ns, Cleanup: 15250 ns, At safepoint: 5208 ns, Total: 32541 ns
[2025-09-09T08:08:09.339+0000][183][info ][safepoint   ] Safepoint "Cleanup", Time since last: 2002689835 ns, Reaching safepoint: 13875 ns, Cleanup: 26583 ns, At safepoint: 8667 ns, Total: 49125 ns
[2025-09-09T08:08:10.340+0000][183][info ][safepoint   ] Safepoint "Cleanup", Time since last: 1000565167 ns, Reaching safepoint: 18416 ns, Cleanup: 27792 ns, At safepoint: 17500 ns, Total: 63708 ns
[2025-09-09T08:08:12.428+0000][183][info ][safepoint   ] Safepoint "Cleanup", Time since last: 2088657251 ns, Reaching safepoint: 4792 ns, Cleanup: 25791 ns, At safepoint: 1709 ns, Total: 32292 ns
[2025-09-09T08:08:14.237+0000][183][info ][safepoint   ] Safepoint "Cleanup", Time since last: 1807846709 ns, Reaching safepoint: 1287500 ns, Cleanup: 55458 ns, At safepoint: 10250 ns, Total: 1353208 ns
[2025-09-09T08:08:15.239+0000][183][info ][safepoint   ] Safepoint "Cleanup", Time since last: 1001714750 ns, Reaching safepoint: 16250 ns, Cleanup: 19500 ns, At safepoint: 6334 ns, Total: 42084 ns
[2025-09-09T08:08:16.240+0000][183][info ][safepoint   ] Safepoint "Cleanup", Time since last: 1001080084 ns, Reaching safepoint: 26083 ns, Cleanup: 12958 ns, At safepoint: 3042 ns, Total: 42083 ns
[2025-09-09T08:08:17.241+0000][183][info ][safepoint   ] Safepoint "Cleanup", Time since last: 1000613125 ns, Reaching safepoint: 18125 ns, Cleanup: 15917 ns, At safepoint: 6250 ns, Total: 40292 ns
[2025-09-09T08:08:18.242+0000][183][info ][safepoint   ] Safepoint "Cleanup", Time since last: 1001180959 ns, Reaching safepoint: 14750 ns, Cleanup: 10792 ns, At safepoint: 5041 ns, Total: 30583 ns
[2025-09-09T08:08:19.244+0000][183][info ][safepoint   ] Safepoint "Cleanup", Time since last: 1001195376 ns, Reaching safepoint: 921833 ns, Cleanup: 17375 ns, At safepoint: 13250 ns, Total: 952458 ns
[2025-09-09T08:08:22.004+0000][183][info ][safepoint   ] Safepoint "Cleanup", Time since last: 2760058043 ns, Reaching safepoint: 26750 ns, Cleanup: 18833 ns, At safepoint: 9209 ns, Total: 54792 ns
[2025-09-09T08:08:24.006+0000][183][info ][safepoint   ] Safepoint "Cleanup", Time since last: 2001834584 ns, Reaching safepoint: 51500 ns, Cleanup: 29042 ns, At safepoint: 4541 ns, Total: 85083 ns
[2025-09-09T08:08:25.007+0000][183][info ][safepoint   ] Safepoint "Cleanup", Time since last: 1000792834 ns, Reaching safepoint: 13083 ns, Cleanup: 12959 ns, At safepoint: 4416 ns, Total: 30458 ns
[2025-09-09T08:08:27.009+0000][183][info ][safepoint   ] Safepoint "Cleanup", Time since last: 2001973543 ns, Reaching safepoint: 31417 ns, Cleanup: 17708 ns, At safepoint: 5875 ns, Total: 55000 ns
[2025-09-09T08:08:28.010+0000][183][info ][safepoint   ] Safepoint "Cleanup", Time since last: 1001055292 ns, Reaching safepoint: 27542 ns, Cleanup: 25333 ns, At safepoint: 8542 ns, Total: 61417 ns
[2025-09-09T08:08:29.012+0000][183][info ][safepoint   ] Safepoint "Cleanup", Time since last: 1001307667 ns, Reaching safepoint: 47917 ns, Cleanup: 19041 ns, At safepoint: 7209 ns, Total: 74167 ns
[2025-09-09T08:08:30.012+0000][183][info ][safepoint   ] Safepoint "Cleanup", Time since last: 1000654583 ns, Reaching safepoint: 28667 ns, Cleanup: 37792 ns, At safepoint: 8250 ns, Total: 74709 ns
[2025-09-09T08:08:31.013+0000][183][info ][safepoint   ] Safepoint "Cleanup", Time since last: 1000728625 ns, Reaching safepoint: 51834 ns, Cleanup: 18416 ns, At safepoint: 13834 ns, Total: 84084 ns
[2025-09-09T08:08:33.015+0000][183][info ][safepoint   ] Safepoint "Cleanup", Time since last: 2002155751 ns, Reaching safepoint: 20833 ns, Cleanup: 12667 ns, At safepoint: 4500 ns, Total: 38000 ns
[2025-09-09T08:08:34.016+0000][183][info ][safepoint   ] Safepoint "Cleanup", Time since last: 1000950500 ns, Reaching safepoint: 16042 ns, Cleanup: 11666 ns, At safepoint: 5250 ns, Total: 32958 ns
[2025-09-09T08:08:35.017+0000][183][info ][safepoint   ] Safepoint "Cleanup", Time since last: 1000726751 ns, Reaching safepoint: 19875 ns, Cleanup: 20500 ns, At safepoint: 5875 ns, Total: 46250 ns
[2025-09-09T08:08:37.021+0000][183][info ][safepoint   ] Safepoint "Cleanup", Time since last: 2004057709 ns, Reaching safepoint: 13000 ns, Cleanup: 11792 ns, At safepoint: 2250 ns, Total: 27042 ns
[2025-09-09T08:08:38.022+0000][183][info ][safepoint   ] Safepoint "Cleanup", Time since last: 1000958375 ns, Reaching safepoint: 17709 ns, Cleanup: 18958 ns, At safepoint: 6250 ns, Total: 42917 ns
[2025-09-09T08:08:39.023+0000][183][info ][safepoint   ] Safepoint "Cleanup", Time since last: 1000857834 ns, Reaching safepoint: 14333 ns, Cleanup: 12000 ns, At safepoint: 3333 ns, Total: 29666 ns
[2025-09-09T08:08:40.025+0000][183][info ][safepoint   ] Safepoint "Cleanup", Time since last: 1001812251 ns, Reaching safepoint: 28417 ns, Cleanup: 20166 ns, At safepoint: 7000 ns, Total: 55583 ns
[2025-09-09T08:08:42.027+0000][183][info ][safepoint   ] Safepoint "Cleanup", Time since last: 2002482085 ns, Reaching safepoint: 25791 ns, Cleanup: 30459 ns, At safepoint: 7833 ns, Total: 64083 ns
[2025-09-09T08:08:43.029+0000][183][info ][safepoint   ] Safepoint "Cleanup", Time since last: 1000654542 ns, Reaching safepoint: 13791 ns, Cleanup: 13459 ns, At safepoint: 3458 ns, Total: 30708 ns
[2025-09-09T08:08:44.030+0000][183][info ][safepoint   ] Safepoint "Cleanup", Time since last: 1000879251 ns, Reaching safepoint: 18500 ns, Cleanup: 25083 ns, At safepoint: 6667 ns, Total: 50250 ns
[2025-09-09T08:08:45.037+0000][183][info ][safepoint   ] Safepoint "Cleanup", Time since last: 1006599083 ns, Reaching safepoint: 81750 ns, Cleanup: 40917 ns, At safepoint: 9458 ns, Total: 132125 ns
[2025-09-09T08:08:46.038+0000][183][info ][safepoint   ] Safepoint "Cleanup", Time since last: 1001640334 ns, Reaching safepoint: 27417 ns, Cleanup: 20125 ns, At safepoint: 9458 ns, Total: 57000 ns
[2025-09-09T08:08:47.039+0000][183][info ][safepoint   ] Safepoint "Cleanup", Time since last: 1000989834 ns, Reaching safepoint: 14292 ns, Cleanup: 12291 ns, At safepoint: 3834 ns, Total: 30417 ns
[2025-09-09T08:08:48.040+0000][183][info ][safepoint   ] Safepoint "Cleanup", Time since last: 1001153125 ns, Reaching safepoint: 33125 ns, Cleanup: 21667 ns, At safepoint: 14083 ns, Total: 68875 ns
[2025-09-09T08:08:49.042+0000][183][info ][safepoint   ] Safepoint "Cleanup", Time since last: 1001752959 ns, Reaching safepoint: 13583 ns, Cleanup: 11375 ns, At safepoint: 4625 ns, Total: 29583 ns
[2025-09-09T08:08:52.045+0000][183][info ][safepoint   ] Safepoint "Cleanup", Time since last: 3002833127 ns, Reaching safepoint: 108958 ns, Cleanup: 60667 ns, At safepoint: 20541 ns, Total: 190166 ns
[2025-09-09T08:08:57.051+0000][183][info ][safepoint   ] Safepoint "Cleanup", Time since last: 5005659669 ns, Reaching safepoint: 32417 ns, Cleanup: 24375 ns, At safepoint: 6125 ns, Total: 62917 ns
[2025-09-09T08:08:59.053+0000][183][info ][safepoint   ] Safepoint "Cleanup", Time since last: 2001726501 ns, Reaching safepoint: 114833 ns, Cleanup: 21292 ns, At safepoint: 6167 ns, Total: 142292 ns
[2025-09-09T08:09:00.058+0000][183][info ][safepoint   ] Safepoint "Cleanup", Time since last: 1005507417 ns, Reaching safepoint: 41833 ns, Cleanup: 11917 ns, At safepoint: 5458 ns, Total: 59208 ns
[2025-09-09T08:09:02.060+0000][183][info ][safepoint   ] Safepoint "Cleanup", Time since last: 2001787001 ns, Reaching safepoint: 60583 ns, Cleanup: 34667 ns, At safepoint: 10625 ns, Total: 105875 ns
[2025-09-09T08:09:05.064+0000][183][info ][safepoint   ] Safepoint "Cleanup", Time since last: 3003738377 ns, Reaching safepoint: 14666 ns, Cleanup: 21792 ns, At safepoint: 4250 ns, Total: 40708 ns
[2025-09-09T08:09:07.068+0000][183][info ][safepoint   ] Safepoint "Cleanup", Time since last: 2003877876 ns, Reaching safepoint: 12750 ns, Cleanup: 15167 ns, At safepoint: 4958 ns, Total: 32875 ns
[2025-09-09T08:09:08.070+0000][183][info ][safepoint   ] Safepoint "Cleanup", Time since last: 1001577459 ns, Reaching safepoint: 16875 ns, Cleanup: 8916 ns, At safepoint: 4875 ns, Total: 30666 ns
[2025-09-09T08:09:09.073+0000][183][info ][safepoint   ] Safepoint "Cleanup", Time since last: 1003117501 ns, Reaching safepoint: 17916 ns, Cleanup: 22834 ns, At safepoint: 6125 ns, Total: 46875 ns
[2025-09-09T08:09:10.075+0000][183][info ][safepoint   ] Safepoint "Cleanup", Time since last: 1001859625 ns, Reaching safepoint: 22125 ns, Cleanup: 24875 ns, At safepoint: 94667 ns, Total: 141667 ns
[2025-09-09T08:09:15.080+0000][183][info ][safepoint   ] Safepoint "Cleanup", Time since last: 5005016043 ns, Reaching safepoint: 19875 ns, Cleanup: 36000 ns, At safepoint: 8458 ns, Total: 64333 ns
[2025-09-09T08:09:16.362+0000][183][info ][safepoint   ] Safepoint "Cleanup", Time since last: 1281662834 ns, Reaching safepoint: 5417 ns, Cleanup: 75625 ns, At safepoint: 9833 ns, Total: 90875 ns
[2025-09-09T08:09:17.396+0000][183][info ][safepoint   ] Safepoint "Cleanup", Time since last: 1034393459 ns, Reaching safepoint: 4833 ns, Cleanup: 21250 ns, At safepoint: 6584 ns, Total: 32667 ns
[2025-09-09T08:09:18.398+0000][183][info ][safepoint   ] Safepoint "Cleanup", Time since last: 1001691000 ns, Reaching safepoint: 54209 ns, Cleanup: 14208 ns, At safepoint: 7458 ns, Total: 75875 ns
[2025-09-09T08:09:19.399+0000][183][info ][safepoint   ] Safepoint "Cleanup", Time since last: 1001061834 ns, Reaching safepoint: 18125 ns, Cleanup: 26500 ns, At safepoint: 6042 ns, Total: 50667 ns
[2025-09-09T08:09:22.166+0000][183][info ][safepoint   ] Safepoint "Cleanup", Time since last: 2767188959 ns, Reaching safepoint: 50959 ns, Cleanup: 41208 ns, At safepoint: 10833 ns, Total: 103000 ns
[2025-09-09T08:09:27.173+0000][183][info ][safepoint   ] Safepoint "Cleanup", Time since last: 5006750461 ns, Reaching safepoint: 55292 ns, Cleanup: 32958 ns, At safepoint: 11375 ns, Total: 99625 ns
[2025-09-09T08:09:30.176+0000][183][info ][safepoint   ] Safepoint "Cleanup", Time since last: 3002721460 ns, Reaching safepoint: 38292 ns, Cleanup: 9000 ns, At safepoint: 5958 ns, Total: 53250 ns
[2025-09-09T08:09:35.185+0000][183][info ][safepoint   ] Safepoint "Cleanup", Time since last: 5008916544 ns, Reaching safepoint: 164250 ns, Cleanup: 30833 ns, At safepoint: 8750 ns, Total: 203833 ns
[2025-09-09T08:09:36.188+0000][183][info ][safepoint   ] Safepoint "Cleanup", Time since last: 1002876459 ns, Reaching safepoint: 17125 ns, Cleanup: 19375 ns, At safepoint: 6333 ns, Total: 42833 ns
[2025-09-09T08:09:37.190+0000][183][info ][safepoint   ] Safepoint "Cleanup", Time since last: 1001835043 ns, Reaching safepoint: 16833 ns, Cleanup: 9625 ns, At safepoint: 4917 ns, Total: 31375 ns
[2025-09-09T08:09:39.194+0000][183][info ][safepoint   ] Safepoint "Cleanup", Time since last: 2004181667 ns, Reaching safepoint: 15084 ns, Cleanup: 16750 ns, At safepoint: 5125 ns, Total: 36959 ns
[2025-09-09T08:09:44.199+0000][183][info ][safepoint   ] Safepoint "Cleanup", Time since last: 5004968002 ns, Reaching safepoint: 17416 ns, Cleanup: 23250 ns, At safepoint: 7000 ns, Total: 47666 ns
[2025-09-09T08:09:46.202+0000][183][info ][safepoint   ] Safepoint "Cleanup", Time since last: 2002826710 ns, Reaching safepoint: 18041 ns, Cleanup: 9084 ns, At safepoint: 4916 ns, Total: 32041 ns
[2025-09-09T08:09:49.205+0000][183][info ][safepoint   ] Safepoint "Cleanup", Time since last: 3002884377 ns, Reaching safepoint: 12958 ns, Cleanup: 11000 ns, At safepoint: 4250 ns, Total: 28208 ns
[2025-09-09T08:09:53.208+0000][183][info ][safepoint   ] Safepoint "Cleanup", Time since last: 4003214710 ns, Reaching safepoint: 12500 ns, Cleanup: 9959 ns, At safepoint: 4416 ns, Total: 26875 ns
[2025-09-09T08:09:54.210+0000][183][info ][safepoint   ] Safepoint "Cleanup", Time since last: 1002021876 ns, Reaching safepoint: 14541 ns, Cleanup: 9459 ns, At safepoint: 5958 ns, Total: 29958 ns
[2025-09-09T08:09:55.211+0000][183][info ][safepoint   ] Safepoint "Cleanup", Time since last: 1000920626 ns, Reaching safepoint: 11625 ns, Cleanup: 10875 ns, At safepoint: 3333 ns, Total: 25833 ns
[2025-09-09T08:09:57.214+0000][183][info ][safepoint   ] Safepoint "Cleanup", Time since last: 2002972501 ns, Reaching safepoint: 12250 ns, Cleanup: 14875 ns, At safepoint: 4125 ns, Total: 31250 ns
[2025-09-09T08:09:59.216+0000][183][info ][safepoint   ] Safepoint "Cleanup", Time since last: 2001964959 ns, Reaching safepoint: 11125 ns, Cleanup: 21042 ns, At safepoint: 4000 ns, Total: 36167 ns
[2025-09-09T08:10:00.217+0000][183][info ][safepoint   ] Safepoint "Cleanup", Time since last: 1001293959 ns, Reaching safepoint: 15916 ns, Cleanup: 16250 ns, At safepoint: 10834 ns, Total: 43000 ns
[2025-09-09T08:10:03.220+0000][183][info ][safepoint   ] Safepoint "Cleanup", Time since last: 3003124209 ns, Reaching safepoint: 26334 ns, Cleanup: 10375 ns, At safepoint: 3625 ns, Total: 40334 ns
[2025-09-09T08:10:05.222+0000][183][info ][safepoint   ] Safepoint "Cleanup", Time since last: 2001453292 ns, Reaching safepoint: 11375 ns, Cleanup: 9750 ns, At safepoint: 4375 ns, Total: 25500 ns
[2025-09-09T08:10:07.224+0000][183][info ][safepoint   ] Safepoint "Cleanup", Time since last: 2001749168 ns, Reaching safepoint: 10250 ns, Cleanup: 12542 ns, At safepoint: 3833 ns, Total: 26625 ns
[2025-09-09T08:10:08.225+0000][183][info ][safepoint   ] Safepoint "Cleanup", Time since last: 1001658792 ns, Reaching safepoint: 15750 ns, Cleanup: 10792 ns, At safepoint: 5000 ns, Total: 31542 ns
[2025-09-09T08:10:10.227+0000][183][info ][safepoint   ] Safepoint "Cleanup", Time since last: 2002058667 ns, Reaching safepoint: 18667 ns, Cleanup: 12167 ns, At safepoint: 7125 ns, Total: 37959 ns
[2025-09-09T08:10:13.231+0000][183][info ][safepoint   ] Safepoint "Cleanup", Time since last: 3002419626 ns, Reaching safepoint: 12916 ns, Cleanup: 10417 ns, At safepoint: 5292 ns, Total: 28625 ns
[2025-09-09T08:10:14.232+0000][183][info ][safepoint   ] Safepoint "Cleanup", Time since last: 1001154625 ns, Reaching safepoint: 14375 ns, Cleanup: 23375 ns, At safepoint: 4834 ns, Total: 42584 ns
[2025-09-09T08:10:18.434+0000][183][info ][safepoint   ] Safepoint "Cleanup", Time since last: 4202155210 ns, Reaching safepoint: 8583 ns, Cleanup: 87625 ns, At safepoint: 4250 ns, Total: 100458 ns
[2025-09-09T08:10:19.578+0000][183][info ][safepoint   ] Safepoint "Cleanup", Time since last: 1144400168 ns, Reaching safepoint: 3125 ns, Cleanup: 76541 ns, At safepoint: 4625 ns, Total: 84291 ns
[2025-09-09T08:10:21.277+0000][183][info ][safepoint   ] Safepoint "Cleanup", Time since last: 1698954543 ns, Reaching safepoint: 12791 ns, Cleanup: 9917 ns, At safepoint: 4167 ns, Total: 26875 ns
[2025-09-09T08:10:23.280+0000][183][info ][safepoint   ] Safepoint "Cleanup", Time since last: 2002479751 ns, Reaching safepoint: 18583 ns, Cleanup: 10042 ns, At safepoint: 5250 ns, Total: 33875 ns
[2025-09-09T08:10:24.281+0000][183][info ][safepoint   ] Safepoint "Cleanup", Time since last: 1000521000 ns, Reaching safepoint: 25583 ns, Cleanup: 12875 ns, At safepoint: 7042 ns, Total: 45500 ns
[2025-09-09T08:10:28.285+0000][183][info ][safepoint   ] Safepoint "Cleanup", Time since last: 4003819794 ns, Reaching safepoint: 120708 ns, Cleanup: 50208 ns, At safepoint: 13375 ns, Total: 184291 ns
[2025-09-09T08:10:29.286+0000][183][info ][safepoint   ] Safepoint "Cleanup", Time since last: 1001743917 ns, Reaching safepoint: 11209 ns, Cleanup: 19125 ns, At safepoint: 8000 ns, Total: 38334 ns
[2025-09-09T08:10:31.289+0000][183][info ][safepoint   ] Safepoint "Cleanup", Time since last: 2002191876 ns, Reaching safepoint: 36000 ns, Cleanup: 11291 ns, At safepoint: 7375 ns, Total: 54666 ns
[2025-09-09T08:10:32.289+0000][183][info ][safepoint   ] Safepoint "Cleanup", Time since last: 1000884334 ns, Reaching safepoint: 44167 ns, Cleanup: 24208 ns, At safepoint: 6167 ns, Total: 74542 ns
[2025-09-09T08:10:33.291+0000][183][info ][safepoint   ] Safepoint "Cleanup", Time since last: 1001561042 ns, Reaching safepoint: 12042 ns, Cleanup: 11500 ns, At safepoint: 5333 ns, Total: 28875 ns
[2025-09-09T08:10:34.292+0000][183][info ][safepoint   ] Safepoint "Cleanup", Time since last: 1001189959 ns, Reaching safepoint: 21208 ns, Cleanup: 24625 ns, At safepoint: 9250 ns, Total: 55083 ns
[2025-09-09T08:10:37.295+0000][183][info ][safepoint   ] Safepoint "Cleanup", Time since last: 3002484252 ns, Reaching safepoint: 246833 ns, Cleanup: 35125 ns, At safepoint: 12583 ns, Total: 294541 ns
[2025-09-09T08:10:39.298+0000][183][info ][safepoint   ] Safepoint "Cleanup", Time since last: 2002492543 ns, Reaching safepoint: 80167 ns, Cleanup: 40625 ns, At safepoint: 14375 ns, Total: 135167 ns
[2025-09-09T08:10:40.298+0000][183][info ][safepoint   ] Safepoint "Cleanup", Time since last: 1000518042 ns, Reaching safepoint: 13625 ns, Cleanup: 14666 ns, At safepoint: 6084 ns, Total: 34375 ns
[2025-09-09T08:10:44.302+0000][183][info ][safepoint   ] Safepoint "Cleanup", Time since last: 4003962501 ns, Reaching safepoint: 38125 ns, Cleanup: 7250 ns, At safepoint: 6000 ns, Total: 51375 ns
[2025-09-09T08:10:46.304+0000][183][info ][safepoint   ] Safepoint "Cleanup", Time since last: 2001946751 ns, Reaching safepoint: 12084 ns, Cleanup: 13125 ns, At safepoint: 2833 ns, Total: 28042 ns
[2025-09-09T08:10:47.305+0000][183][info ][safepoint   ] Safepoint "Cleanup", Time since last: 1001181625 ns, Reaching safepoint: 30709 ns, Cleanup: 18708 ns, At safepoint: 8625 ns, Total: 58042 ns
[2025-09-09T08:10:49.307+0000][183][info ][safepoint   ] Safepoint "Cleanup", Time since last: 2001762126 ns, Reaching safepoint: 14417 ns, Cleanup: 14666 ns, At safepoint: 5667 ns, Total: 34750 ns
[2025-09-09T08:10:53.311+0000][183][info ][safepoint   ] Safepoint "Cleanup", Time since last: 4002954252 ns, Reaching safepoint: 1210375 ns, Cleanup: 15708 ns, At safepoint: 34167 ns, Total: 1260250 ns
[2025-09-09T08:10:55.313+0000][183][info ][safepoint   ] Safepoint "Cleanup", Time since last: 2001788501 ns, Reaching safepoint: 18500 ns, Cleanup: 25458 ns, At safepoint: 10542 ns, Total: 54500 ns
[2025-09-09T08:10:57.314+0000][183][info ][safepoint   ] Safepoint "Cleanup", Time since last: 2000903251 ns, Reaching safepoint: 36042 ns, Cleanup: 41666 ns, At safepoint: 6709 ns, Total: 84417 ns
[2025-09-09T08:10:58.316+0000][183][info ][safepoint   ] Safepoint "Cleanup", Time since last: 1001372667 ns, Reaching safepoint: 19750 ns, Cleanup: 23916 ns, At safepoint: 4375 ns, Total: 48041 ns
[2025-09-09T08:10:59.316+0000][183][info ][safepoint   ] Safepoint "Cleanup", Time since last: 1000564959 ns, Reaching safepoint: 33792 ns, Cleanup: 122583 ns, At safepoint: 8500 ns, Total: 164875 ns
[2025-09-09T08:11:01.318+0000][183][info ][safepoint   ] Safepoint "Cleanup", Time since last: 2001754709 ns, Reaching safepoint: 39292 ns, Cleanup: 10542 ns, At safepoint: 9250 ns, Total: 59084 ns
[2025-09-09T08:11:10.328+0000][183][info ][safepoint   ] Safepoint "Cleanup", Time since last: 9009268087 ns, Reaching safepoint: 114625 ns, Cleanup: 37792 ns, At safepoint: 12000 ns, Total: 164417 ns
[2025-09-09T08:11:14.333+0000][183][info ][safepoint   ] Safepoint "Cleanup", Time since last: 4004972751 ns, Reaching safepoint: 12792 ns, Cleanup: 15208 ns, At safepoint: 5708 ns, Total: 33708 ns
[2025-09-09T08:11:16.335+0000][183][info ][safepoint   ] Safepoint "Cleanup", Time since last: 2002121001 ns, Reaching safepoint: 18292 ns, Cleanup: 43042 ns, At safepoint: 6375 ns, Total: 67709 ns
[2025-09-09T08:11:19.339+0000][183][info ][safepoint   ] Safepoint "Cleanup", Time since last: 3003298834 ns, Reaching safepoint: 13084 ns, Cleanup: 10125 ns, At safepoint: 3500 ns, Total: 26709 ns
[2025-09-09T08:11:21.439+0000][183][info ][safepoint   ] Safepoint "Cleanup", Time since last: 2100002876 ns, Reaching safepoint: 10250 ns, Cleanup: 23166 ns, At safepoint: 3875 ns, Total: 37291 ns
[2025-09-09T08:11:22.749+0000][183][info ][safepoint   ] Safepoint "Cleanup", Time since last: 1310221459 ns, Reaching safepoint: 17625 ns, Cleanup: 50125 ns, At safepoint: 7042 ns, Total: 74792 ns
[2025-09-09T08:11:23.750+0000][183][info ][safepoint   ] Safepoint "Cleanup", Time since last: 1000643376 ns, Reaching safepoint: 19083 ns, Cleanup: 14583 ns, At safepoint: 6000 ns, Total: 39666 ns
[2025-09-09T08:11:24.755+0000][183][info ][safepoint   ] Safepoint "Cleanup", Time since last: 1005106084 ns, Reaching safepoint: 15125 ns, Cleanup: 15958 ns, At safepoint: 4917 ns, Total: 36000 ns
[2025-09-09T08:11:26.757+0000][183][info ][safepoint   ] Safepoint "Cleanup", Time since last: 2001827084 ns, Reaching safepoint: 20417 ns, Cleanup: 21833 ns, At safepoint: 25000 ns, Total: 67250 ns
[2025-09-09T08:11:27.758+0000][183][info ][safepoint   ] Safepoint "Cleanup", Time since last: 1000935917 ns, Reaching safepoint: 106542 ns, Cleanup: 20000 ns, At safepoint: 7917 ns, Total: 134459 ns
[2025-09-09T08:11:30.770+0000][183][info ][safepoint   ] Safepoint "Cleanup", Time since last: 3003805460 ns, Reaching safepoint: 6970458 ns, Cleanup: 955042 ns, At safepoint: 11500 ns, Total: 7937000 ns
[2025-09-09T08:11:34.775+0000][183][info ][safepoint   ] Safepoint "Cleanup", Time since last: 4005130751 ns, Reaching safepoint: 47334 ns, Cleanup: 23875 ns, At safepoint: 9916 ns, Total: 81125 ns
[2025-09-09T08:11:35.776+0000][183][info ][safepoint   ] Safepoint "Cleanup", Time since last: 1000913293 ns, Reaching safepoint: 194500 ns, Cleanup: 54958 ns, At safepoint: 10500 ns, Total: 259958 ns
[2025-09-09T08:11:36.777+0000][183][info ][safepoint   ] Safepoint "Cleanup", Time since last: 1000763250 ns, Reaching safepoint: 32334 ns, Cleanup: 15375 ns, At safepoint: 7125 ns, Total: 54834 ns
[2025-09-09T08:11:39.781+0000][183][info ][safepoint   ] Safepoint "Cleanup", Time since last: 3003752459 ns, Reaching safepoint: 54375 ns, Cleanup: 17959 ns, At safepoint: 6666 ns, Total: 79000 ns
[2025-09-09T08:11:42.793+0000][183][info ][safepoint   ] Safepoint "Cleanup", Time since last: 3012258626 ns, Reaching safepoint: 88083 ns, Cleanup: 20792 ns, At safepoint: 17667 ns, Total: 126542 ns
[2025-09-09T08:11:43.794+0000][183][info ][safepoint   ] Safepoint "Cleanup", Time since last: 1000696583 ns, Reaching safepoint: 108584 ns, Cleanup: 16833 ns, At safepoint: 6583 ns, Total: 132000 ns
[2025-09-09T08:11:44.795+0000][183][info ][safepoint   ] Safepoint "Cleanup", Time since last: 1001340334 ns, Reaching safepoint: 14750 ns, Cleanup: 14417 ns, At safepoint: 6500 ns, Total: 35667 ns
[2025-09-09T08:11:49.800+0000][183][info ][safepoint   ] Safepoint "Cleanup", Time since last: 5004478169 ns, Reaching safepoint: 24667 ns, Cleanup: 18708 ns, At safepoint: 6208 ns, Total: 49583 ns
[2025-09-09T08:11:56.806+0000][183][info ][safepoint   ] Safepoint "Cleanup", Time since last: 7005951337 ns, Reaching safepoint: 12792 ns, Cleanup: 12916 ns, At safepoint: 4792 ns, Total: 30500 ns
[2025-09-09T08:11:59.809+0000][183][info ][safepoint   ] Safepoint "Cleanup", Time since last: 3003424710 ns, Reaching safepoint: 42500 ns, Cleanup: 13416 ns, At safepoint: 26125 ns, Total: 82041 ns
[2025-09-09T08:12:05.816+0000][183][info ][safepoint   ] Safepoint "Cleanup", Time since last: 6006757295 ns, Reaching safepoint: 18333 ns, Cleanup: 13792 ns, At safepoint: 5250 ns, Total: 37375 ns
[2025-09-09T08:12:06.817+0000][183][info ][safepoint   ] Safepoint "Cleanup", Time since last: 1000711209 ns, Reaching safepoint: 89500 ns, Cleanup: 25333 ns, At safepoint: 17167 ns, Total: 132000 ns
[2025-09-09T08:12:09.820+0000][183][info ][safepoint   ] Safepoint "Cleanup", Time since last: 3003292834 ns, Reaching safepoint: 20792 ns, Cleanup: 28917 ns, At safepoint: 5291 ns, Total: 55000 ns
[2025-09-09T08:12:14.825+0000][183][info ][safepoint   ] Safepoint "Cleanup", Time since last: 5005104127 ns, Reaching safepoint: 27500 ns, Cleanup: 21584 ns, At safepoint: 6958 ns, Total: 56042 ns
[2025-09-09T08:12:15.826+0000][183][info ][safepoint   ] Safepoint "Cleanup", Time since last: 1001364959 ns, Reaching safepoint: 15333 ns, Cleanup: 9083 ns, At safepoint: 3959 ns, Total: 28375 ns
[2025-09-09T08:12:19.830+0000][183][info ][safepoint   ] Safepoint "Cleanup", Time since last: 4003949710 ns, Reaching safepoint: 14625 ns, Cleanup: 32333 ns, At safepoint: 9667 ns, Total: 56625 ns
[2025-09-09T08:12:24.448+0000][183][info ][safepoint   ] Safepoint "Cleanup", Time since last: 4616959585 ns, Reaching safepoint: 1007250 ns, Cleanup: 31375 ns, At safepoint: 8334 ns, Total: 1046959 ns
[2025-09-09T08:12:25.899+0000][183][info ][safepoint   ] Safepoint "Cleanup", Time since last: 1450947501 ns, Reaching safepoint: 14625 ns, Cleanup: 20458 ns, At safepoint: 5625 ns, Total: 40708 ns
[2025-09-09T08:12:28.903+0000][183][info ][safepoint   ] Safepoint "Cleanup", Time since last: 3003931585 ns, Reaching safepoint: 66791 ns, Cleanup: 16917 ns, At safepoint: 9542 ns, Total: 93250 ns
[2025-09-09T08:12:29.905+0000][183][info ][safepoint   ] Safepoint "Cleanup", Time since last: 1001144708 ns, Reaching safepoint: 267125 ns, Cleanup: 69292 ns, At safepoint: 7958 ns, Total: 344375 ns
[2025-09-09T08:12:33.910+0000][183][info ][safepoint   ] Safepoint "Cleanup", Time since last: 4004748419 ns, Reaching safepoint: 14458 ns, Cleanup: 10792 ns, At safepoint: 3542 ns, Total: 28792 ns
[2025-09-09T08:12:37.915+0000][183][info ][safepoint   ] Safepoint "Cleanup", Time since last: 4005375627 ns, Reaching safepoint: 23458 ns, Cleanup: 12167 ns, At safepoint: 5875 ns, Total: 41500 ns
[2025-09-09T08:12:38.916+0000][183][info ][safepoint   ] Safepoint "Cleanup", Time since last: 1000451250 ns, Reaching safepoint: 62083 ns, Cleanup: 15459 ns, At safepoint: 6375 ns, Total: 83917 ns
[2025-09-09T08:12:39.916+0000][183][info ][safepoint   ] Safepoint "Cleanup", Time since last: 1000717625 ns, Reaching safepoint: 90042 ns, Cleanup: 33125 ns, At safepoint: 14458 ns, Total: 137625 ns
[2025-09-09T08:12:42.923+0000][183][info ][safepoint   ] Safepoint "Cleanup", Time since last: 3005937001 ns, Reaching safepoint: 119458 ns, Cleanup: 26209 ns, At safepoint: 16916 ns, Total: 162583 ns
[2025-09-09T08:12:49.930+0000][183][info ][safepoint   ] Safepoint "Cleanup", Time since last: 7006952670 ns, Reaching safepoint: 88167 ns, Cleanup: 22542 ns, At safepoint: 7041 ns, Total: 117750 ns
[2025-09-09T08:12:50.931+0000][183][info ][safepoint   ] Safepoint "Cleanup", Time since last: 1000719834 ns, Reaching safepoint: 16833 ns, Cleanup: 12834 ns, At safepoint: 6291 ns, Total: 35958 ns
[2025-09-09T08:12:51.932+0000][183][info ][safepoint   ] Safepoint "Cleanup", Time since last: 1001391251 ns, Reaching safepoint: 13875 ns, Cleanup: 12917 ns, At safepoint: 4291 ns, Total: 31083 ns
[2025-09-09T08:12:54.935+0000][183][info ][safepoint   ] Safepoint "Cleanup", Time since last: 3002963085 ns, Reaching safepoint: 33083 ns, Cleanup: 17667 ns, At safepoint: 8958 ns, Total: 59708 ns
[2025-09-09T08:12:56.937+0000][183][info ][safepoint   ] Safepoint "Cleanup", Time since last: 2001682543 ns, Reaching safepoint: 15250 ns, Cleanup: 41125 ns, At safepoint: 7167 ns, Total: 63542 ns
[2025-09-09T08:12:58.939+0000][183][info ][safepoint   ] Safepoint "Cleanup", Time since last: 2001706834 ns, Reaching safepoint: 11792 ns, Cleanup: 8666 ns, At safepoint: 4459 ns, Total: 24917 ns
[2025-09-09T08:12:59.941+0000][183][info ][safepoint   ] Safepoint "Cleanup", Time since last: 1001580625 ns, Reaching safepoint: 25000 ns, Cleanup: 33292 ns, At safepoint: 7083 ns, Total: 65375 ns
[2025-09-09T08:13:03.460+0000][183][info ][safepoint   ] Safepoint "Cleanup", Time since last: 3519545168 ns, Reaching safepoint: 5417 ns, Cleanup: 10333 ns, At safepoint: 1709 ns, Total: 17459 ns
[2025-09-09T08:13:04.800+0000][183][info ][safepoint   ] Safepoint "Cleanup", Time since last: 1340079750 ns, Reaching safepoint: 4042 ns, Cleanup: 54833 ns, At safepoint: 9334 ns, Total: 68209 ns
[2025-09-09T08:13:06.046+0000][183][info ][safepoint   ] Safepoint "Cleanup", Time since last: 1241893250 ns, Reaching safepoint: 4050834 ns, Cleanup: 27916 ns, At safepoint: 51125 ns, Total: 4129875 ns
[2025-09-09T08:13:07.048+0000][183][info ][safepoint   ] Safepoint "Cleanup", Time since last: 1001090293 ns, Reaching safepoint: 30500 ns, Cleanup: 24583 ns, At safepoint: 15833 ns, Total: 70916 ns
[2025-09-09T08:13:09.049+0000][183][info ][safepoint   ] Safepoint "Cleanup", Time since last: 2001437668 ns, Reaching safepoint: 21416 ns, Cleanup: 28042 ns, At safepoint: 7500 ns, Total: 56958 ns
[2025-09-09T08:13:10.050+0000][183][info ][safepoint   ] Safepoint "Cleanup", Time since last: 1000945751 ns, Reaching safepoint: 13916 ns, Cleanup: 15917 ns, At safepoint: 3042 ns, Total: 32875 ns
[2025-09-09T08:13:13.053+0000][183][info ][safepoint   ] Safepoint "Cleanup", Time since last: 3002981542 ns, Reaching safepoint: 41084 ns, Cleanup: 21875 ns, At safepoint: 7958 ns, Total: 70917 ns
[2025-09-09T08:13:15.056+0000][183][info ][safepoint   ] Safepoint "Cleanup", Time since last: 2001917459 ns, Reaching safepoint: 153667 ns, Cleanup: 54875 ns, At safepoint: 15042 ns, Total: 223584 ns
[2025-09-09T08:13:16.056+0000][183][info ][safepoint   ] Safepoint "Cleanup", Time since last: 1000794958 ns, Reaching safepoint: 24625 ns, Cleanup: 15167 ns, At safepoint: 5667 ns, Total: 45459 ns
[2025-09-09T08:13:17.057+0000][183][info ][safepoint   ] Safepoint "Cleanup", Time since last: 1000916542 ns, Reaching safepoint: 36542 ns, Cleanup: 28041 ns, At safepoint: 6250 ns, Total: 70833 ns
[2025-09-09T08:13:19.059+0000][183][info ][safepoint   ] Safepoint "Cleanup", Time since last: 2001942251 ns, Reaching safepoint: 17667 ns, Cleanup: 16875 ns, At safepoint: 8708 ns, Total: 43250 ns
[2025-09-09T08:13:21.622+0000][183][info ][safepoint   ] Safepoint "Cleanup", Time since last: 2563034001 ns, Reaching safepoint: 14292 ns, Cleanup: 10750 ns, At safepoint: 3500 ns, Total: 28542 ns
[2025-09-09T08:13:24.445+0000][183][info ][safepoint   ] Safepoint "Cleanup", Time since last: 2822926460 ns, Reaching safepoint: 3791 ns, Cleanup: 8042 ns, At safepoint: 1583 ns, Total: 13416 ns
[2025-09-09T08:13:26.100+0000][183][info ][safepoint   ] Safepoint "Cleanup", Time since last: 1654062585 ns, Reaching safepoint: 78625 ns, Cleanup: 108833 ns, At safepoint: 7875 ns, Total: 195333 ns
[2025-09-09T08:13:27.143+0000][183][info ][safepoint   ] Safepoint "Cleanup", Time since last: 1042743917 ns, Reaching safepoint: 190750 ns, Cleanup: 50000 ns, At safepoint: 13083 ns, Total: 253833 ns
[2025-09-09T08:13:28.144+0000][183][info ][safepoint   ] Safepoint "Cleanup", Time since last: 1000915668 ns, Reaching safepoint: 4166 ns, Cleanup: 61667 ns, At safepoint: 7083 ns, Total: 72916 ns
[2025-09-09T08:13:29.164+0000][183][info ][safepoint   ] Safepoint "Cleanup", Time since last: 1019787251 ns, Reaching safepoint: 61000 ns, Cleanup: 38000 ns, At safepoint: 10500 ns, Total: 109500 ns
[2025-09-09T08:13:30.889+0000][183][info ][safepoint   ] Safepoint "Cleanup", Time since last: 1725830417 ns, Reaching safepoint: 16959 ns, Cleanup: 25250 ns, At safepoint: 6416 ns, Total: 48625 ns
[2025-09-09T08:13:36.896+0000][183][info ][safepoint   ] Safepoint "Cleanup", Time since last: 6006202961 ns, Reaching safepoint: 80167 ns, Cleanup: 28375 ns, At safepoint: 15958 ns, Total: 124500 ns
[2025-09-09T08:13:42.902+0000][183][info ][safepoint   ] Safepoint "Cleanup", Time since last: 6005810503 ns, Reaching safepoint: 33083 ns, Cleanup: 24667 ns, At safepoint: 8125 ns, Total: 65875 ns
[2025-09-09T08:13:44.904+0000][183][info ][safepoint   ] Safepoint "Cleanup", Time since last: 2001963043 ns, Reaching safepoint: 87875 ns, Cleanup: 28125 ns, At safepoint: 12666 ns, Total: 128666 ns
[2025-09-09T08:13:49.910+0000][183][info ][safepoint   ] Safepoint "Cleanup", Time since last: 5006049419 ns, Reaching safepoint: 42292 ns, Cleanup: 32667 ns, At safepoint: 12750 ns, Total: 87709 ns
[2025-09-09T08:13:54.914+0000][183][info ][safepoint   ] Safepoint "Cleanup", Time since last: 5004252669 ns, Reaching safepoint: 63000 ns, Cleanup: 13000 ns, At safepoint: 9166 ns, Total: 85166 ns
[2025-09-09T08:13:56.917+0000][183][info ][safepoint   ] Safepoint "Cleanup", Time since last: 2002214168 ns, Reaching safepoint: 16542 ns, Cleanup: 35250 ns, At safepoint: 6541 ns, Total: 58333 ns
[2025-09-09T08:13:58.922+0000][183][info ][safepoint   ] Safepoint "Cleanup", Time since last: 2004902585 ns, Reaching safepoint: 15041 ns, Cleanup: 11084 ns, At safepoint: 5375 ns, Total: 31500 ns
[2025-09-09T08:13:59.924+0000][183][info ][safepoint   ] Safepoint "Cleanup", Time since last: 1002461042 ns, Reaching safepoint: 40000 ns, Cleanup: 42500 ns, At safepoint: 13750 ns, Total: 96250 ns
[2025-09-09T08:14:00.925+0000][183][info ][safepoint   ] Safepoint "Cleanup", Time since last: 1000439250 ns, Reaching safepoint: 167500 ns, Cleanup: 26125 ns, At safepoint: 10667 ns, Total: 204292 ns
[2025-09-09T08:14:06.930+0000][183][info ][safepoint   ] Safepoint "Cleanup", Time since last: 6004745503 ns, Reaching safepoint: 22583 ns, Cleanup: 10833 ns, At safepoint: 5250 ns, Total: 38666 ns
[2025-09-09T08:14:09.932+0000][183][info ][safepoint   ] Safepoint "Cleanup", Time since last: 3002861585 ns, Reaching safepoint: 18417 ns, Cleanup: 13625 ns, At safepoint: 5917 ns, Total: 37959 ns
[2025-09-09T08:14:12.936+0000][183][info ][safepoint   ] Safepoint "Cleanup", Time since last: 3003276542 ns, Reaching safepoint: 15125 ns, Cleanup: 12458 ns, At safepoint: 5917 ns, Total: 33500 ns
[2025-09-09T08:14:18.941+0000][183][info ][safepoint   ] Safepoint "Cleanup", Time since last: 6004767294 ns, Reaching safepoint: 30834 ns, Cleanup: 17041 ns, At safepoint: 4834 ns, Total: 52709 ns
[2025-09-09T08:14:24.771+0000][183][info ][safepoint   ] Safepoint "Cleanup", Time since last: 5830529419 ns, Reaching safepoint: 13625 ns, Cleanup: 20000 ns, At safepoint: 4917 ns, Total: 38542 ns
[2025-09-09T08:14:26.774+0000][183][info ][safepoint   ] Safepoint "Cleanup", Time since last: 2003167417 ns, Reaching safepoint: 16459 ns, Cleanup: 10916 ns, At safepoint: 4500 ns, Total: 31875 ns
[2025-09-09T08:14:27.776+0000][183][info ][safepoint   ] Safepoint "Cleanup", Time since last: 1001952917 ns, Reaching safepoint: 31250 ns, Cleanup: 16667 ns, At safepoint: 7250 ns, Total: 55167 ns
[2025-09-09T08:14:29.779+0000][183][info ][safepoint   ] Safepoint "Cleanup", Time since last: 2002802293 ns, Reaching safepoint: 20958 ns, Cleanup: 25083 ns, At safepoint: 9375 ns, Total: 55416 ns
[2025-09-09T08:14:30.618+0000][183][info ][gc,start    ] GC(21) Pause Young (Mixed) (G1 Evacuation Pause)
[2025-09-09T08:14:30.618+0000][183][info ][gc,task     ] GC(21) Using 8 workers of 8 for evacuation
[2025-09-09T08:14:30.618+0000][183][debug][gc,age      ] GC(21) Desired survivor size 41943040 bytes, new threshold 15 (max threshold 15)
[2025-09-09T08:14:30.672+0000][183][info ][gc,phases   ] GC(21)   Pre Evacuate Collection Set: 0.63ms
[2025-09-09T08:14:30.672+0000][183][info ][gc,phases   ] GC(21)   Merge Heap Roots: 0.20ms
[2025-09-09T08:14:30.672+0000][183][info ][gc,phases   ] GC(21)   Evacuate Collection Set: 48.89ms
[2025-09-09T08:14:30.672+0000][183][info ][gc,phases   ] GC(21)   Post Evacuate Collection Set: 4.03ms
[2025-09-09T08:14:30.672+0000][183][info ][gc,phases   ] GC(21)   Other: 0.26ms
[2025-09-09T08:14:30.672+0000][183][trace][gc,age      ] GC(21) Age table with threshold 15 (max threshold 15)
[2025-09-09T08:14:30.673+0000][183][trace][gc,age      ] GC(21) - age   1:    1319776 bytes,    1319776 total
[2025-09-09T08:14:30.673+0000][183][trace][gc,age      ] GC(21) - age   2:    1521536 bytes,    2841312 total
[2025-09-09T08:14:30.673+0000][183][trace][gc,age      ] GC(21) - age   3:    3795408 bytes,    6636720 total
[2025-09-09T08:14:30.673+0000][183][trace][gc,age      ] GC(21) - age   4:    2754048 bytes,    9390768 total
[2025-09-09T08:14:30.673+0000][183][trace][gc,age      ] GC(21) - age   5:   18666984 bytes,   28057752 total
[2025-09-09T08:14:30.673+0000][183][trace][gc,age      ] GC(21) - age   6:       5120 bytes,   28062872 total
[2025-09-09T08:14:30.673+0000][183][info ][gc,heap     ] GC(21) Eden regions: 145->0(145)
[2025-09-09T08:14:30.673+0000][183][info ][gc,heap     ] GC(21) Survivor regions: 8->8(20)
[2025-09-09T08:14:30.673+0000][183][info ][gc,heap     ] GC(21) Old regions: 30->29
[2025-09-09T08:14:30.673+0000][183][info ][gc,heap     ] GC(21) Humongous regions: 2->2
[2025-09-09T08:14:30.673+0000][183][info ][gc,metaspace] GC(21) Metaspace: 157663K(162048K)->157663K(162048K) NonClass: 135916K(138304K)->135916K(138304K) Class: 21747K(23744K)->21747K(23744K)
[2025-09-09T08:14:30.673+0000][183][info ][gc          ] GC(21) Pause Young (Mixed) (G1 Evacuation Pause) 734M->153M(1024M) 55.538ms
[2025-09-09T08:14:30.673+0000][183][info ][gc,cpu      ] GC(21) User=0.38s Sys=0.01s Real=0.06s
[2025-09-09T08:14:30.673+0000][183][info ][safepoint   ] Safepoint "G1CollectForAllocation", Time since last: 838189917 ns, Reaching safepoint: 9459 ns, Cleanup: 24375 ns, At safepoint: 55759625 ns, Total: 55793459 ns
[2025-09-09T08:14:32.324+0000][183][info ][safepoint   ] Safepoint "Cleanup", Time since last: 1650558417 ns, Reaching safepoint: 118959 ns, Cleanup: 26000 ns, At safepoint: 10208 ns, Total: 155167 ns
[2025-09-09T08:14:34.326+0000][183][info ][safepoint   ] Safepoint "Cleanup", Time since last: 2001835626 ns, Reaching safepoint: 24333 ns, Cleanup: 14209 ns, At safepoint: 6750 ns, Total: 45292 ns
[2025-09-09T08:14:36.328+0000][183][info ][safepoint   ] Safepoint "Cleanup", Time since last: 2002284459 ns, Reaching safepoint: 67250 ns, Cleanup: 55833 ns, At safepoint: 16083 ns, Total: 139166 ns
[2025-09-09T08:14:37.330+0000][183][info ][safepoint   ] Safepoint "Cleanup", Time since last: 1001297501 ns, Reaching safepoint: 14500 ns, Cleanup: 16167 ns, At safepoint: 5166 ns, Total: 35833 ns
[2025-09-09T08:14:40.333+0000][183][info ][safepoint   ] Safepoint "Cleanup", Time since last: 3003100502 ns, Reaching safepoint: 120500 ns, Cleanup: 19875 ns, At safepoint: 8166 ns, Total: 148541 ns
[2025-09-09T08:14:43.334+0000][183][info ][safepoint   ] Safepoint "Cleanup", Time since last: 3000789418 ns, Reaching safepoint: 23834 ns, Cleanup: 13625 ns, At safepoint: 10125 ns, Total: 47584 ns
[2025-09-09T08:14:49.339+0000][183][info ][safepoint   ] Safepoint "Cleanup", Time since last: 6005115461 ns, Reaching safepoint: 10666 ns, Cleanup: 51709 ns, At safepoint: 4750 ns, Total: 67125 ns
[2025-09-09T08:14:52.342+0000][183][info ][safepoint   ] Safepoint "Cleanup", Time since last: 3002696293 ns, Reaching safepoint: 14625 ns, Cleanup: 20833 ns, At safepoint: 5542 ns, Total: 41000 ns
[2025-09-09T08:14:54.344+0000][183][info ][safepoint   ] Safepoint "Cleanup", Time since last: 2001968376 ns, Reaching safepoint: 13041 ns, Cleanup: 12000 ns, At safepoint: 3792 ns, Total: 28833 ns
[2025-09-09T08:14:57.346+0000][183][info ][safepoint   ] Safepoint "Cleanup", Time since last: 3002354335 ns, Reaching safepoint: 14125 ns, Cleanup: 20792 ns, At safepoint: 3500 ns, Total: 38417 ns
[2025-09-09T08:14:58.348+0000][183][info ][safepoint   ] Safepoint "Cleanup", Time since last: 1001801125 ns, Reaching safepoint: 14667 ns, Cleanup: 12083 ns, At safepoint: 5375 ns, Total: 32125 ns
[2025-09-09T08:14:59.349+0000][183][info ][safepoint   ] Safepoint "Cleanup", Time since last: 1001311042 ns, Reaching safepoint: 24292 ns, Cleanup: 29166 ns, At safepoint: 12417 ns, Total: 65875 ns
[2025-09-09T08:15:04.356+0000][183][info ][safepoint   ] Safepoint "Cleanup", Time since last: 5006511003 ns, Reaching safepoint: 15708 ns, Cleanup: 14750 ns, At safepoint: 9833 ns, Total: 40291 ns
[2025-09-09T08:15:05.357+0000][183][info ][safepoint   ] Safepoint "Cleanup", Time since last: 1001071501 ns, Reaching safepoint: 15625 ns, Cleanup: 17166 ns, At safepoint: 5625 ns, Total: 38416 ns
[2025-09-09T08:15:10.362+0000][183][info ][safepoint   ] Safepoint "Cleanup", Time since last: 5004949878 ns, Reaching safepoint: 13083 ns, Cleanup: 11583 ns, At safepoint: 4625 ns, Total: 29291 ns
[2025-09-09T08:15:12.364+0000][183][info ][safepoint   ] Safepoint "Cleanup", Time since last: 2001957168 ns, Reaching safepoint: 15958 ns, Cleanup: 18542 ns, At safepoint: 6292 ns, Total: 40792 ns
[2025-09-09T08:15:13.365+0000][183][info ][safepoint   ] Safepoint "Cleanup", Time since last: 1000774833 ns, Reaching safepoint: 16542 ns, Cleanup: 24125 ns, At safepoint: 6000 ns, Total: 46667 ns
[2025-09-09T08:15:14.366+0000][183][info ][safepoint   ] Safepoint "Cleanup", Time since last: 1001412500 ns, Reaching safepoint: 13292 ns, Cleanup: 7750 ns, At safepoint: 6250 ns, Total: 27292 ns
[2025-09-09T08:15:16.368+0000][183][info ][safepoint   ] Safepoint "Cleanup", Time since last: 2001341584 ns, Reaching safepoint: 18167 ns, Cleanup: 16333 ns, At safepoint: 6375 ns, Total: 40875 ns
[2025-09-09T08:15:19.372+0000][183][info ][safepoint   ] Safepoint "Cleanup", Time since last: 3004061960 ns, Reaching safepoint: 28833 ns, Cleanup: 12125 ns, At safepoint: 5334 ns, Total: 46292 ns
[2025-09-09T08:15:33.517+0000][183][info ][safepoint   ] Safepoint "Cleanup", Time since last: 14144621673 ns, Reaching safepoint: 5583 ns, Cleanup: 6459 ns, At safepoint: 1708 ns, Total: 13750 ns
[2025-09-09T08:15:34.533+0000][183][info ][safepoint   ] Safepoint "Cleanup", Time since last: 1016093709 ns, Reaching safepoint: 4875 ns, Cleanup: 26792 ns, At safepoint: 1833 ns, Total: 33500 ns
[2025-09-09T08:15:36.536+0000][183][info ][safepoint   ] Safepoint "Cleanup", Time since last: 2003565376 ns, Reaching safepoint: 38875 ns, Cleanup: 6792 ns, At safepoint: 8666 ns, Total: 54333 ns
[2025-09-09T08:15:39.539+0000][183][info ][safepoint   ] Safepoint "Cleanup", Time since last: 3002601585 ns, Reaching safepoint: 13458 ns, Cleanup: 14709 ns, At safepoint: 4166 ns, Total: 32333 ns
[2025-09-09T08:15:48.548+0000][183][info ][safepoint   ] Safepoint "Cleanup", Time since last: 9008356879 ns, Reaching safepoint: 72167 ns, Cleanup: 9083 ns, At safepoint: 5084 ns, Total: 86334 ns
[2025-09-09T08:15:49.549+0000][183][info ][safepoint   ] Safepoint "Cleanup", Time since last: 1001503458 ns, Reaching safepoint: 13250 ns, Cleanup: 11959 ns, At safepoint: 3375 ns, Total: 28584 ns
[2025-09-09T08:15:56.557+0000][183][info ][safepoint   ] Safepoint "Cleanup", Time since last: 7007684503 ns, Reaching safepoint: 17625 ns, Cleanup: 28042 ns, At safepoint: 5166 ns, Total: 50833 ns
[2025-09-09T08:15:57.558+0000][183][info ][safepoint   ] Safepoint "Cleanup", Time since last: 1001502459 ns, Reaching safepoint: 17917 ns, Cleanup: 14000 ns, At safepoint: 5875 ns, Total: 37792 ns
[2025-09-09T08:15:59.561+0000][183][info ][safepoint   ] Safepoint "Cleanup", Time since last: 2002369626 ns, Reaching safepoint: 41000 ns, Cleanup: 26542 ns, At safepoint: 5000 ns, Total: 72542 ns
[2025-09-09T08:16:00.562+0000][183][info ][safepoint   ] Safepoint "Cleanup", Time since last: 1000727958 ns, Reaching safepoint: 23750 ns, Cleanup: 13292 ns, At safepoint: 6667 ns, Total: 43709 ns
[2025-09-09T08:16:14.576+0000][183][info ][safepoint   ] Safepoint "Cleanup", Time since last: 14014764005 ns, Reaching safepoint: 91334 ns, Cleanup: 48250 ns, At safepoint: 22041 ns, Total: 161625 ns
[2025-09-09T08:16:19.583+0000][183][info ][safepoint   ] Safepoint "Cleanup", Time since last: 5006679253 ns, Reaching safepoint: 25291 ns, Cleanup: 7042 ns, At safepoint: 3000 ns, Total: 35333 ns
[2025-09-09T08:16:20.584+0000][183][info ][safepoint   ] Safepoint "Cleanup", Time since last: 1001236626 ns, Reaching safepoint: 72625 ns, Cleanup: 56791 ns, At safepoint: 9375 ns, Total: 138791 ns
[2025-09-09T08:16:25.059+0000][183][info ][safepoint   ] Safepoint "Cleanup", Time since last: 4474536044 ns, Reaching safepoint: 46833 ns, Cleanup: 19334 ns, At safepoint: 8708 ns, Total: 74875 ns
[2025-09-09T08:16:27.061+0000][183][info ][safepoint   ] Safepoint "Cleanup", Time since last: 2001942334 ns, Reaching safepoint: 61250 ns, Cleanup: 39625 ns, At safepoint: 32292 ns, Total: 133167 ns
[2025-09-09T08:16:28.062+0000][183][info ][safepoint   ] Safepoint "Cleanup", Time since last: 1001205834 ns, Reaching safepoint: 13750 ns, Cleanup: 12375 ns, At safepoint: 3792 ns, Total: 29917 ns
[2025-09-09T08:16:30.064+0000][183][info ][safepoint   ] Safepoint "Cleanup", Time since last: 2001674875 ns, Reaching safepoint: 13209 ns, Cleanup: 9541 ns, At safepoint: 5667 ns, Total: 28417 ns
[2025-09-09T08:16:33.069+0000][183][info ][safepoint   ] Safepoint "Cleanup", Time since last: 3005871002 ns, Reaching safepoint: 35958 ns, Cleanup: 11375 ns, At safepoint: 9042 ns, Total: 56375 ns
[2025-09-09T08:16:35.071+0000][183][info ][safepoint   ] Safepoint "Cleanup", Time since last: 2001954209 ns, Reaching safepoint: 18667 ns, Cleanup: 25041 ns, At safepoint: 5375 ns, Total: 49083 ns
[2025-09-09T08:16:36.520+0000][183][info ][safepoint   ] Safepoint "Cleanup", Time since last: 1448517834 ns, Reaching safepoint: 5000 ns, Cleanup: 8042 ns, At safepoint: 5250 ns, Total: 18292 ns
[2025-09-09T08:16:36.555+0000][183][info ][gc,start    ] GC(22) Pause Young (Concurrent Start) (CodeCache GC Threshold)
[2025-09-09T08:16:36.555+0000][183][info ][gc,task     ] GC(22) Using 8 workers of 8 for evacuation
[2025-09-09T08:16:36.555+0000][183][debug][gc,age      ] GC(22) Desired survivor size 41943040 bytes, new threshold 15 (max threshold 15)
[2025-09-09T08:16:36.612+0000][183][info ][gc,phases   ] GC(22)   Pre Evacuate Collection Set: 0.44ms
[2025-09-09T08:16:36.613+0000][183][info ][gc,phases   ] GC(22)   Merge Heap Roots: 0.12ms
[2025-09-09T08:16:36.613+0000][183][info ][gc,phases   ] GC(22)   Evacuate Collection Set: 53.39ms
[2025-09-09T08:16:36.613+0000][183][info ][gc,phases   ] GC(22)   Post Evacuate Collection Set: 2.84ms
[2025-09-09T08:16:36.613+0000][183][info ][gc,phases   ] GC(22)   Other: 0.22ms
[2025-09-09T08:16:36.613+0000][183][trace][gc,age      ] GC(22) Age table with threshold 15 (max threshold 15)
[2025-09-09T08:16:36.613+0000][183][trace][gc,age      ] GC(22) - age   1:     350456 bytes,     350456 total
[2025-09-09T08:16:36.613+0000][183][trace][gc,age      ] GC(22) - age   2:     663720 bytes,    1014176 total
[2025-09-09T08:16:36.613+0000][183][trace][gc,age      ] GC(22) - age   3:    1521480 bytes,    2535656 total
[2025-09-09T08:16:36.613+0000][183][trace][gc,age      ] GC(22) - age   4:    3795408 bytes,    6331064 total
[2025-09-09T08:16:36.613+0000][183][trace][gc,age      ] GC(22) - age   5:    2753632 bytes,    9084696 total
[2025-09-09T08:16:36.613+0000][183][trace][gc,age      ] GC(22) - age   6:   18666568 bytes,   27751264 total
[2025-09-09T08:16:36.613+0000][183][trace][gc,age      ] GC(22) - age   7:       5120 bytes,   27756384 total
[2025-09-09T08:16:36.613+0000][183][info ][gc,heap     ] GC(22) Eden regions: 43->0(145)
[2025-09-09T08:16:36.613+0000][183][info ][gc,heap     ] GC(22) Survivor regions: 8->8(20)
[2025-09-09T08:16:36.613+0000][183][info ][gc,heap     ] GC(22) Old regions: 29->29
[2025-09-09T08:16:36.613+0000][183][info ][gc,heap     ] GC(22) Humongous regions: 2->2
[2025-09-09T08:16:36.613+0000][183][info ][gc,metaspace] GC(22) Metaspace: 157862K(162240K)->157862K(162240K) NonClass: 136110K(138496K)->136110K(138496K) Class: 21751K(23744K)->21751K(23744K)
[2025-09-09T08:16:36.613+0000][183][info ][gc          ] GC(22) Pause Young (Concurrent Start) (CodeCache GC Threshold) 325M->154M(1024M) 57.984ms
[2025-09-09T08:16:36.613+0000][183][info ][gc          ] GC(23) Concurrent Mark Cycle
[2025-09-09T08:16:36.613+0000][183][info ][gc,marking  ] GC(23) Concurrent Scan Root Regions
[2025-09-09T08:16:36.613+0000][183][info ][gc,cpu      ] GC(22) User=0.40s Sys=0.01s Real=0.06s
[2025-09-09T08:16:36.614+0000][183][info ][safepoint   ] Safepoint "G1TryInitiateConcMark", Time since last: 35226250 ns, Reaching safepoint: 10250 ns, Cleanup: 12083 ns, At safepoint: 58424875 ns, Total: 58447208 ns
[2025-09-09T08:16:36.635+0000][183][info ][gc,marking  ] GC(23) Concurrent Scan Root Regions 21.446ms
[2025-09-09T08:16:36.635+0000][183][info ][gc,marking  ] GC(23) Concurrent Mark
[2025-09-09T08:16:36.636+0000][183][info ][gc,marking  ] GC(23) Concurrent Mark From Roots
[2025-09-09T08:16:36.636+0000][183][info ][gc,task     ] GC(23) Using 2 workers of 2 for marking
[2025-09-09T08:16:36.722+0000][183][info ][gc,marking  ] GC(23) Concurrent Mark From Roots 86.018ms
[2025-09-09T08:16:36.722+0000][183][info ][gc,marking  ] GC(23) Concurrent Preclean
[2025-09-09T08:16:36.722+0000][183][info ][gc,marking  ] GC(23) Concurrent Preclean 0.773ms
[2025-09-09T08:16:36.723+0000][183][info ][gc,start    ] GC(23) Pause Remark
[2025-09-09T08:16:36.803+0000][183][info ][gc          ] GC(23) Pause Remark 161M->161M(1024M) 80.858ms
[2025-09-09T08:16:36.804+0000][183][info ][gc,cpu      ] GC(23) User=0.46s Sys=0.00s Real=0.08s
[2025-09-09T08:16:36.804+0000][183][info ][safepoint   ] Safepoint "G1PauseRemark", Time since last: 108816417 ns, Reaching safepoint: 27333 ns, Cleanup: 9792 ns, At safepoint: 81135167 ns, Total: 81172292 ns
[2025-09-09T08:16:36.804+0000][183][info ][gc,marking  ] GC(23) Concurrent Mark 168.702ms
[2025-09-09T08:16:36.804+0000][183][info ][gc,marking  ] GC(23) Concurrent Rebuild Remembered Sets and Scrub Regions
[2025-09-09T08:16:36.836+0000][183][info ][gc,marking  ] GC(23) Concurrent Rebuild Remembered Sets and Scrub Regions 31.832ms
[2025-09-09T08:16:36.836+0000][183][info ][gc,start    ] GC(23) Pause Cleanup
[2025-09-09T08:16:36.836+0000][183][info ][gc          ] GC(23) Pause Cleanup 163M->163M(1024M) 0.128ms
[2025-09-09T08:16:36.836+0000][183][info ][gc,cpu      ] GC(23) User=0.00s Sys=0.00s Real=0.00s
[2025-09-09T08:16:36.836+0000][183][info ][safepoint   ] Safepoint "G1PauseCleanup", Time since last: 32190791 ns, Reaching safepoint: 12834 ns, Cleanup: 58583 ns, At safepoint: 282833 ns, Total: 354250 ns
[2025-09-09T08:16:36.836+0000][183][info ][gc,marking  ] GC(23) Concurrent Clear Claimed Marks
[2025-09-09T08:16:36.837+0000][183][info ][gc,marking  ] GC(23) Concurrent Clear Claimed Marks 0.258ms
[2025-09-09T08:16:36.837+0000][183][info ][gc,marking  ] GC(23) Concurrent Cleanup for Next Mark
[2025-09-09T08:16:36.844+0000][183][info ][gc,marking  ] GC(23) Concurrent Cleanup for Next Mark 7.078ms
[2025-09-09T08:16:36.844+0000][183][info ][gc          ] GC(23) Concurrent Mark Cycle 230.464ms
[2025-09-09T08:16:38.660+0000][183][info ][safepoint   ] Safepoint "Cleanup", Time since last: 1823349335 ns, Reaching safepoint: 110208 ns, Cleanup: 41042 ns, At safepoint: 10916 ns, Total: 162166 ns
[2025-09-09T08:16:39.661+0000][183][info ][safepoint   ] Safepoint "Cleanup", Time since last: 1000892459 ns, Reaching safepoint: 32500 ns, Cleanup: 13417 ns, At safepoint: 5375 ns, Total: 51292 ns
[2025-09-09T08:16:42.665+0000][183][info ][safepoint   ] Safepoint "Cleanup", Time since last: 3003354918 ns, Reaching safepoint: 15166 ns, Cleanup: 11000 ns, At safepoint: 4417 ns, Total: 30583 ns
[2025-09-09T08:16:43.666+0000][183][info ][safepoint   ] Safepoint "Cleanup", Time since last: 1000323000 ns, Reaching safepoint: 17084 ns, Cleanup: 15916 ns, At safepoint: 6417 ns, Total: 39417 ns
[2025-09-09T08:16:51.678+0000][183][info ][safepoint   ] Safepoint "Cleanup", Time since last: 8012596004 ns, Reaching safepoint: 184166 ns, Cleanup: 26334 ns, At safepoint: 9916 ns, Total: 220416 ns
[2025-09-09T08:16:54.684+0000][183][info ][safepoint   ] Safepoint "Cleanup", Time since last: 3006000169 ns, Reaching safepoint: 69791 ns, Cleanup: 25959 ns, At safepoint: 11958 ns, Total: 107708 ns
[2025-09-09T08:16:56.687+0000][183][info ][safepoint   ] Safepoint "Cleanup", Time since last: 2002479001 ns, Reaching safepoint: 23333 ns, Cleanup: 65542 ns, At safepoint: 7750 ns, Total: 96625 ns
[2025-09-09T08:16:57.688+0000][183][info ][safepoint   ] Safepoint "Cleanup", Time since last: 1000543584 ns, Reaching safepoint: 11875 ns, Cleanup: 7375 ns, At safepoint: 2958 ns, Total: 22208 ns
[2025-09-09T08:16:59.690+0000][183][info ][safepoint   ] Safepoint "Cleanup", Time since last: 2002202584 ns, Reaching safepoint: 376000 ns, Cleanup: 139542 ns, At safepoint: 17458 ns, Total: 533000 ns
[2025-09-09T08:17:05.702+0000][183][info ][safepoint   ] Safepoint "Cleanup", Time since last: 6011509087 ns, Reaching safepoint: 387500 ns, Cleanup: 32500 ns, At safepoint: 13916 ns, Total: 433916 ns
[2025-09-09T08:17:09.707+0000][183][info ][safepoint   ] Safepoint "Cleanup", Time since last: 4004244377 ns, Reaching safepoint: 19250 ns, Cleanup: 10292 ns, At safepoint: 8375 ns, Total: 37917 ns
[2025-09-09T08:17:19.716+0000][183][info ][safepoint   ] Safepoint "Cleanup", Time since last: 10008955254 ns, Reaching safepoint: 125459 ns, Cleanup: 27291 ns, At safepoint: 7834 ns, Total: 160584 ns
[2025-09-09T08:17:22.209+0000][183][info ][safepoint   ] Safepoint "Cleanup", Time since last: 2493838959 ns, Reaching safepoint: 14167 ns, Cleanup: 9875 ns, At safepoint: 5000 ns, Total: 29042 ns
[2025-09-09T08:17:27.214+0000][183][info ][safepoint   ] Safepoint "Cleanup", Time since last: 5004618502 ns, Reaching safepoint: 25458 ns, Cleanup: 12125 ns, At safepoint: 7292 ns, Total: 44875 ns
[2025-09-09T08:17:28.216+0000][183][info ][safepoint   ] Safepoint "Cleanup", Time since last: 1001870334 ns, Reaching safepoint: 47875 ns, Cleanup: 20542 ns, At safepoint: 17791 ns, Total: 86208 ns
[2025-09-09T08:17:39.545+0000][183][info ][safepoint   ] Safepoint "Cleanup", Time since last: 11328556589 ns, Reaching safepoint: 4417 ns, Cleanup: 17125 ns, At safepoint: 4291 ns, Total: 25833 ns
[2025-09-09T08:17:40.784+0000][183][info ][safepoint   ] Safepoint "Cleanup", Time since last: 1239228751 ns, Reaching safepoint: 41500 ns, Cleanup: 42208 ns, At safepoint: 13250 ns, Total: 96958 ns
[2025-09-09T08:17:48.793+0000][183][info ][safepoint   ] Safepoint "Cleanup", Time since last: 8008453461 ns, Reaching safepoint: 69375 ns, Cleanup: 40042 ns, At safepoint: 15250 ns, Total: 124667 ns
[2025-09-09T08:17:49.794+0000][183][info ][safepoint   ] Safepoint "Cleanup", Time since last: 1000926042 ns, Reaching safepoint: 138375 ns, Cleanup: 17375 ns, At safepoint: 10167 ns, Total: 165917 ns
[2025-09-09T08:17:51.796+0000][183][info ][safepoint   ] Safepoint "Cleanup", Time since last: 2002004209 ns, Reaching safepoint: 127292 ns, Cleanup: 42958 ns, At safepoint: 9167 ns, Total: 179417 ns
[2025-09-09T08:17:52.797+0000][183][info ][safepoint   ] Safepoint "Cleanup", Time since last: 1000824667 ns, Reaching safepoint: 14542 ns, Cleanup: 10041 ns, At safepoint: 5167 ns, Total: 29750 ns
[2025-09-09T08:17:54.799+0000][183][info ][safepoint   ] Safepoint "Cleanup", Time since last: 2001711793 ns, Reaching safepoint: 13916 ns, Cleanup: 21125 ns, At safepoint: 4209 ns, Total: 39250 ns
[2025-09-09T08:17:56.802+0000][183][info ][safepoint   ] Safepoint "Cleanup", Time since last: 2003012417 ns, Reaching safepoint: 13542 ns, Cleanup: 14458 ns, At safepoint: 4750 ns, Total: 32750 ns
[2025-09-09T08:17:59.806+0000][183][info ][safepoint   ] Safepoint "Cleanup", Time since last: 3003819210 ns, Reaching safepoint: 44208 ns, Cleanup: 23834 ns, At safepoint: 17458 ns, Total: 85500 ns
[2025-09-09T08:18:03.550+0000][183][info ][safepoint   ] Safepoint "Cleanup", Time since last: 3744285960 ns, Reaching safepoint: 5292 ns, Cleanup: 7708 ns, At safepoint: 1833 ns, Total: 14833 ns
[2025-09-09T08:18:04.870+0000][183][info ][safepoint   ] Safepoint "Cleanup", Time since last: 1320422834 ns, Reaching safepoint: 5375 ns, Cleanup: 51334 ns, At safepoint: 7208 ns, Total: 63917 ns
[2025-09-09T08:18:05.893+0000][183][info ][safepoint   ] Safepoint "Cleanup", Time since last: 1022081459 ns, Reaching safepoint: 32917 ns, Cleanup: 20166 ns, At safepoint: 8125 ns, Total: 61208 ns
[2025-09-09T08:18:06.894+0000][183][info ][safepoint   ] Safepoint "Cleanup", Time since last: 1001123584 ns, Reaching safepoint: 34375 ns, Cleanup: 16917 ns, At safepoint: 10458 ns, Total: 61750 ns
[2025-09-09T08:18:07.895+0000][183][info ][safepoint   ] Safepoint "Cleanup", Time since last: 1001646334 ns, Reaching safepoint: 15417 ns, Cleanup: 14583 ns, At safepoint: 5708 ns, Total: 35708 ns
[2025-09-09T08:18:09.897+0000][183][info ][safepoint   ] Safepoint "Cleanup", Time since last: 2001243251 ns, Reaching safepoint: 25584 ns, Cleanup: 26041 ns, At safepoint: 7334 ns, Total: 58959 ns
[2025-09-09T08:18:14.903+0000][183][info ][safepoint   ] Safepoint "Cleanup", Time since last: 5006371126 ns, Reaching safepoint: 21542 ns, Cleanup: 13875 ns, At safepoint: 5041 ns, Total: 40458 ns
[2025-09-09T08:18:17.906+0000][183][info ][safepoint   ] Safepoint "Cleanup", Time since last: 3002742793 ns, Reaching safepoint: 144250 ns, Cleanup: 49042 ns, At safepoint: 23750 ns, Total: 217042 ns
[2025-09-09T08:18:18.909+0000][183][info ][safepoint   ] Safepoint "Cleanup", Time since last: 1002453376 ns, Reaching safepoint: 12791 ns, Cleanup: 10625 ns, At safepoint: 3000 ns, Total: 26416 ns
[2025-09-09T08:18:19.910+0000][183][info ][safepoint   ] Safepoint "Cleanup", Time since last: 1001408417 ns, Reaching safepoint: 73750 ns, Cleanup: 44500 ns, At safepoint: 11875 ns, Total: 130125 ns
[2025-09-09T08:18:22.375+0000][183][info ][safepoint   ] Safepoint "Cleanup", Time since last: 2464774085 ns, Reaching safepoint: 45416 ns, Cleanup: 13709 ns, At safepoint: 6833 ns, Total: 65958 ns
[2025-09-09T08:18:25.378+0000][183][info ][safepoint   ] Safepoint "Cleanup", Time since last: 3002935460 ns, Reaching safepoint: 16417 ns, Cleanup: 13041 ns, At safepoint: 5209 ns, Total: 34667 ns
[2025-09-09T08:18:27.379+0000][183][info ][safepoint   ] Safepoint "Cleanup", Time since last: 2001182667 ns, Reaching safepoint: 14375 ns, Cleanup: 11959 ns, At safepoint: 3833 ns, Total: 30167 ns
[2025-09-09T08:18:31.382+0000][183][info ][safepoint   ] Safepoint "Cleanup", Time since last: 4002549877 ns, Reaching safepoint: 97791 ns, Cleanup: 10875 ns, At safepoint: 6292 ns, Total: 114958 ns
[2025-09-09T08:18:34.385+0000][183][info ][safepoint   ] Safepoint "Cleanup", Time since last: 3003236835 ns, Reaching safepoint: 20792 ns, Cleanup: 18333 ns, At safepoint: 7333 ns, Total: 46458 ns
[2025-09-09T08:18:35.386+0000][183][info ][safepoint   ] Safepoint "Cleanup", Time since last: 1000877876 ns, Reaching safepoint: 12958 ns, Cleanup: 11042 ns, At safepoint: 5083 ns, Total: 29083 ns
[2025-09-09T08:18:37.388+0000][183][info ][safepoint   ] Safepoint "Cleanup", Time since last: 2001883501 ns, Reaching safepoint: 23042 ns, Cleanup: 17125 ns, At safepoint: 4875 ns, Total: 45042 ns
[2025-09-09T08:18:40.392+0000][183][info ][safepoint   ] Safepoint "Cleanup", Time since last: 3003855251 ns, Reaching safepoint: 161083 ns, Cleanup: 74375 ns, At safepoint: 13709 ns, Total: 249167 ns
[2025-09-09T08:18:42.561+0000][183][info ][safepoint   ] Safepoint "Cleanup", Time since last: 2168122084 ns, Reaching safepoint: 4375 ns, Cleanup: 22000 ns, At safepoint: 4667 ns, Total: 31042 ns
[2025-09-09T08:18:44.007+0000][183][info ][safepoint   ] Safepoint "Cleanup", Time since last: 1446810250 ns, Reaching safepoint: 3333 ns, Cleanup: 37750 ns, At safepoint: 5292 ns, Total: 46375 ns
[2025-09-09T08:18:57.022+0000][183][info ][safepoint   ] Safepoint "Cleanup", Time since last: 13013991631 ns, Reaching safepoint: 163625 ns, Cleanup: 16666 ns, At safepoint: 6167 ns, Total: 186458 ns
[2025-09-09T08:19:02.027+0000][183][info ][safepoint   ] Safepoint "Cleanup", Time since last: 5005051752 ns, Reaching safepoint: 18375 ns, Cleanup: 15709 ns, At safepoint: 6083 ns, Total: 40167 ns
[2025-09-09T08:19:04.028+0000][183][info ][safepoint   ] Safepoint "Cleanup", Time since last: 2001767668 ns, Reaching safepoint: 25250 ns, Cleanup: 19750 ns, At safepoint: 7208 ns, Total: 52208 ns
[2025-09-09T08:19:05.031+0000][183][info ][safepoint   ] Safepoint "Cleanup", Time since last: 1002010667 ns, Reaching safepoint: 26250 ns, Cleanup: 29959 ns, At safepoint: 8250 ns, Total: 64459 ns
[2025-09-09T08:19:06.031+0000][183][info ][safepoint   ] Safepoint "Cleanup", Time since last: 1000745458 ns, Reaching safepoint: 16917 ns, Cleanup: 13292 ns, At safepoint: 6333 ns, Total: 36542 ns
[2025-09-09T08:19:10.039+0000][183][info ][safepoint   ] Safepoint "Cleanup", Time since last: 4007365877 ns, Reaching safepoint: 15792 ns, Cleanup: 24583 ns, At safepoint: 7708 ns, Total: 48083 ns
[2025-09-09T08:19:13.043+0000][183][info ][safepoint   ] Safepoint "Cleanup", Time since last: 3003875334 ns, Reaching safepoint: 18292 ns, Cleanup: 15542 ns, At safepoint: 5291 ns, Total: 39125 ns
[2025-09-09T08:19:20.049+0000][183][info ][safepoint   ] Safepoint "Cleanup", Time since last: 7005798045 ns, Reaching safepoint: 76834 ns, Cleanup: 55250 ns, At safepoint: 16416 ns, Total: 148500 ns
[2025-09-09T08:19:21.580+0000][183][info ][safepoint   ] Safepoint "Cleanup", Time since last: 1531262293 ns, Reaching safepoint: 6041 ns, Cleanup: 21125 ns, At safepoint: 7459 ns, Total: 34625 ns
[2025-09-09T08:19:23.583+0000][183][info ][safepoint   ] Safepoint "Cleanup", Time since last: 2002617792 ns, Reaching safepoint: 43292 ns, Cleanup: 25750 ns, At safepoint: 6875 ns, Total: 75917 ns
[2025-09-09T08:19:24.583+0000][183][info ][safepoint   ] Safepoint "Cleanup", Time since last: 1000411959 ns, Reaching safepoint: 12208 ns, Cleanup: 8834 ns, At safepoint: 5916 ns, Total: 26958 ns
[2025-09-09T08:19:29.587+0000][183][info ][safepoint   ] Safepoint "Cleanup", Time since last: 5003717919 ns, Reaching safepoint: 15084 ns, Cleanup: 19083 ns, At safepoint: 4792 ns, Total: 38959 ns
[2025-09-09T08:19:30.589+0000][183][info ][safepoint   ] Safepoint "Cleanup", Time since last: 1001436125 ns, Reaching safepoint: 11417 ns, Cleanup: 11333 ns, At safepoint: 6042 ns, Total: 28792 ns
[2025-09-09T08:19:32.591+0000][183][info ][safepoint   ] Safepoint "Cleanup", Time since last: 2002492667 ns, Reaching safepoint: 14667 ns, Cleanup: 15625 ns, At safepoint: 3792 ns, Total: 34084 ns
[2025-09-09T08:19:33.592+0000][183][info ][safepoint   ] Safepoint "Cleanup", Time since last: 1000648292 ns, Reaching safepoint: 16333 ns, Cleanup: 12792 ns, At safepoint: 7958 ns, Total: 37083 ns
[2025-09-09T08:19:34.593+0000][183][info ][safepoint   ] Safepoint "Cleanup", Time since last: 1000694667 ns, Reaching safepoint: 12709 ns, Cleanup: 14416 ns, At safepoint: 6500 ns, Total: 33625 ns
[2025-09-09T08:19:35.594+0000][183][info ][safepoint   ] Safepoint "Cleanup", Time since last: 1000819584 ns, Reaching safepoint: 73500 ns, Cleanup: 45125 ns, At safepoint: 9583 ns, Total: 128208 ns
[2025-09-09T08:19:40.600+0000][183][info ][safepoint   ] Safepoint "Cleanup", Time since last: 5004928503 ns, Reaching safepoint: 1138333 ns, Cleanup: 20250 ns, At safepoint: 26542 ns, Total: 1185125 ns
[2025-09-09T08:19:43.603+0000][183][info ][safepoint   ] Safepoint "Cleanup", Time since last: 3002965459 ns, Reaching safepoint: 13542 ns, Cleanup: 13250 ns, At safepoint: 3542 ns, Total: 30334 ns
[2025-09-09T08:19:44.605+0000][183][info ][safepoint   ] Safepoint "Cleanup", Time since last: 1001877583 ns, Reaching safepoint: 65750 ns, Cleanup: 26917 ns, At safepoint: 11958 ns, Total: 104625 ns
[2025-09-09T08:19:46.143+0000][183][info ][safepoint   ] Safepoint "Cleanup", Time since last: 1538420460 ns, Reaching safepoint: 4833 ns, Cleanup: 38792 ns, At safepoint: 9250 ns, Total: 52875 ns
[2025-09-09T08:19:47.178+0000][183][info ][safepoint   ] Safepoint "Cleanup", Time since last: 1033629500 ns, Reaching safepoint: 650542 ns, Cleanup: 41291 ns, At safepoint: 12167 ns, Total: 704000 ns
[2025-09-09T08:19:54.185+0000][183][info ][safepoint   ] Safepoint "Cleanup", Time since last: 7007072962 ns, Reaching safepoint: 136250 ns, Cleanup: 36333 ns, At safepoint: 29000 ns, Total: 201583 ns
[2025-09-09T08:19:55.188+0000][183][info ][safepoint   ] Safepoint "Cleanup", Time since last: 1001691584 ns, Reaching safepoint: 1334250 ns, Cleanup: 14208 ns, At safepoint: 9958 ns, Total: 1358416 ns
[2025-09-09T08:20:00.196+0000][183][info ][safepoint   ] Safepoint "Cleanup", Time since last: 5007956378 ns, Reaching safepoint: 96292 ns, Cleanup: 40958 ns, At safepoint: 11292 ns, Total: 148542 ns
[2025-09-09T08:20:01.197+0000][183][info ][safepoint   ] Safepoint "Cleanup", Time since last: 1000756458 ns, Reaching safepoint: 13125 ns, Cleanup: 10417 ns, At safepoint: 4833 ns, Total: 28375 ns
[2025-09-09T08:20:05.202+0000][183][info ][safepoint   ] Safepoint "Cleanup", Time since last: 4004981919 ns, Reaching safepoint: 22333 ns, Cleanup: 9417 ns, At safepoint: 4292 ns, Total: 36042 ns
[2025-09-09T08:20:07.204+0000][183][info ][safepoint   ] Safepoint "Cleanup", Time since last: 2001760001 ns, Reaching safepoint: 22208 ns, Cleanup: 15208 ns, At safepoint: 9667 ns, Total: 47083 ns
[2025-09-09T08:20:10.207+0000][183][info ][safepoint   ] Safepoint "Cleanup", Time since last: 3003337001 ns, Reaching safepoint: 13834 ns, Cleanup: 23875 ns, At safepoint: 4041 ns, Total: 41750 ns
[2025-09-09T08:20:15.213+0000][183][info ][safepoint   ] Safepoint "Cleanup", Time since last: 5005777168 ns, Reaching safepoint: 320250 ns, Cleanup: 20125 ns, At safepoint: 8542 ns, Total: 348917 ns
[2025-09-09T08:20:17.215+0000][183][info ][safepoint   ] Safepoint "Cleanup", Time since last: 2001733418 ns, Reaching safepoint: 14125 ns, Cleanup: 10208 ns, At safepoint: 4500 ns, Total: 28833 ns
[2025-09-09T08:20:19.216+0000][183][info ][safepoint   ] Safepoint "Cleanup", Time since last: 2000934043 ns, Reaching safepoint: 46708 ns, Cleanup: 30250 ns, At safepoint: 12042 ns, Total: 89000 ns
[2025-09-09T08:20:20.217+0000][183][info ][safepoint   ] Safepoint "Cleanup", Time since last: 1000854500 ns, Reaching safepoint: 99917 ns, Cleanup: 59625 ns, At safepoint: 10541 ns, Total: 170083 ns
[2025-09-09T08:20:21.631+0000][183][info ][safepoint   ] Safepoint "Cleanup", Time since last: 1413845001 ns, Reaching safepoint: 3875 ns, Cleanup: 7833 ns, At safepoint: 1834 ns, Total: 13542 ns
[2025-09-09T08:20:24.635+0000][183][info ][safepoint   ] Safepoint "Cleanup", Time since last: 3004372168 ns, Reaching safepoint: 73333 ns, Cleanup: 19167 ns, At safepoint: 12542 ns, Total: 105042 ns
[2025-09-09T08:20:26.642+0000][183][info ][safepoint   ] Safepoint "Cleanup", Time since last: 2006277751 ns, Reaching safepoint: 13625 ns, Cleanup: 11375 ns, At safepoint: 4416 ns, Total: 29416 ns
[2025-09-09T08:20:27.642+0000][183][info ][safepoint   ] Safepoint "Cleanup", Time since last: 1000223959 ns, Reaching safepoint: 11833 ns, Cleanup: 8500 ns, At safepoint: 4917 ns, Total: 25250 ns
[2025-09-09T08:20:29.644+0000][183][info ][safepoint   ] Safepoint "Cleanup", Time since last: 2001727418 ns, Reaching safepoint: 35875 ns, Cleanup: 17291 ns, At safepoint: 8292 ns, Total: 61458 ns
[2025-09-09T08:20:34.648+0000][183][info ][safepoint   ] Safepoint "Cleanup", Time since last: 5004506169 ns, Reaching safepoint: 12250 ns, Cleanup: 10625 ns, At safepoint: 4750 ns, Total: 27625 ns
[2025-09-09T08:20:35.651+0000][183][info ][safepoint   ] Safepoint "Cleanup", Time since last: 1002573709 ns, Reaching safepoint: 19500 ns, Cleanup: 16666 ns, At safepoint: 6459 ns, Total: 42625 ns
[2025-09-09T08:20:42.658+0000][183][info ][safepoint   ] Safepoint "Cleanup", Time since last: 7006770628 ns, Reaching safepoint: 21125 ns, Cleanup: 34291 ns, At safepoint: 9250 ns, Total: 64666 ns
[2025-09-09T08:20:48.581+0000][183][info ][safepoint   ] Safepoint "Cleanup", Time since last: 5923756753 ns, Reaching safepoint: 5208 ns, Cleanup: 6709 ns, At safepoint: 1875 ns, Total: 13792 ns
[2025-09-09T08:20:50.325+0000][183][info ][safepoint   ] Safepoint "Cleanup", Time since last: 1742427459 ns, Reaching safepoint: 6458 ns, Cleanup: 956209 ns, At safepoint: 7083 ns, Total: 969750 ns
[2025-09-09T08:20:57.334+0000][183][info ][safepoint   ] Safepoint "Cleanup", Time since last: 7009133920 ns, Reaching safepoint: 124667 ns, Cleanup: 39333 ns, At safepoint: 13833 ns, Total: 177833 ns
[2025-09-09T08:21:00.337+0000][183][info ][safepoint   ] Safepoint "Cleanup", Time since last: 3002476960 ns, Reaching safepoint: 24542 ns, Cleanup: 25583 ns, At safepoint: 6500 ns, Total: 56625 ns
[2025-09-09T08:21:01.338+0000][183][info ][safepoint   ] Safepoint "Cleanup", Time since last: 1001075209 ns, Reaching safepoint: 22000 ns, Cleanup: 21166 ns, At safepoint: 8875 ns, Total: 52041 ns
[2025-09-09T08:21:04.341+0000][183][info ][safepoint   ] Safepoint "Cleanup", Time since last: 3003304127 ns, Reaching safepoint: 61792 ns, Cleanup: 29250 ns, At safepoint: 11833 ns, Total: 102875 ns
[2025-09-09T08:21:05.343+0000][183][info ][safepoint   ] Safepoint "Cleanup", Time since last: 1001882250 ns, Reaching safepoint: 15292 ns, Cleanup: 11458 ns, At safepoint: 4417 ns, Total: 31167 ns
[2025-09-09T08:21:07.345+0000][183][info ][safepoint   ] Safepoint "Cleanup", Time since last: 2001707918 ns, Reaching safepoint: 13333 ns, Cleanup: 20708 ns, At safepoint: 5125 ns, Total: 39166 ns
[2025-09-09T08:21:10.348+0000][183][info ][safepoint   ] Safepoint "Cleanup", Time since last: 3003103460 ns, Reaching safepoint: 26250 ns, Cleanup: 15417 ns, At safepoint: 6166 ns, Total: 47833 ns
[2025-09-09T08:21:15.355+0000][183][info ][safepoint   ] Safepoint "Cleanup", Time since last: 5006947919 ns, Reaching safepoint: 20916 ns, Cleanup: 17667 ns, At safepoint: 10958 ns, Total: 49541 ns
[2025-09-09T08:21:24.808+0000][183][info ][safepoint   ] Safepoint "Cleanup", Time since last: 9452590880 ns, Reaching safepoint: 30375 ns, Cleanup: 20958 ns, At safepoint: 9459 ns, Total: 60792 ns
[2025-09-09T08:21:34.820+0000][183][info ][safepoint   ] Safepoint "Cleanup", Time since last: 10011432046 ns, Reaching safepoint: 18875 ns, Cleanup: 20750 ns, At safepoint: 9458 ns, Total: 49083 ns
[2025-09-09T08:21:35.822+0000][183][info ][safepoint   ] Safepoint "Cleanup", Time since last: 1002267251 ns, Reaching safepoint: 36042 ns, Cleanup: 20583 ns, At safepoint: 10250 ns, Total: 66875 ns
[2025-09-09T08:21:39.826+0000][183][info ][safepoint   ] Safepoint "Cleanup", Time since last: 4004340210 ns, Reaching safepoint: 12333 ns, Cleanup: 16625 ns, At safepoint: 3500 ns, Total: 32458 ns
[2025-09-09T08:21:44.832+0000][183][info ][safepoint   ] Safepoint "Cleanup", Time since last: 5004855877 ns, Reaching safepoint: 119250 ns, Cleanup: 11750 ns, At safepoint: 5292 ns, Total: 136292 ns
[2025-09-09T08:21:47.834+0000][183][info ][safepoint   ] Safepoint "Cleanup", Time since last: 3002421543 ns, Reaching safepoint: 20208 ns, Cleanup: 14292 ns, At safepoint: 7625 ns, Total: 42125 ns
[2025-09-09T08:21:49.836+0000][183][info ][safepoint   ] Safepoint "Cleanup", Time since last: 2001779459 ns, Reaching safepoint: 18084 ns, Cleanup: 13833 ns, At safepoint: 5125 ns, Total: 37042 ns
[2025-09-09T08:21:51.606+0000][183][info ][safepoint   ] Safepoint "Cleanup", Time since last: 1770469792 ns, Reaching safepoint: 4875 ns, Cleanup: 11000 ns, At safepoint: 7667 ns, Total: 23542 ns
[2025-09-09T08:21:53.505+0000][183][info ][safepoint   ] Safepoint "Cleanup", Time since last: 1898378626 ns, Reaching safepoint: 8583 ns, Cleanup: 70292 ns, At safepoint: 12625 ns, Total: 91500 ns
[2025-09-09T08:21:54.507+0000][183][info ][safepoint   ] Safepoint "Cleanup", Time since last: 1002548667 ns, Reaching safepoint: 20500 ns, Cleanup: 28500 ns, At safepoint: 7542 ns, Total: 56542 ns
[2025-09-09T08:21:56.509+0000][183][info ][safepoint   ] Safepoint "Cleanup", Time since last: 2001938501 ns, Reaching safepoint: 22791 ns, Cleanup: 12125 ns, At safepoint: 15459 ns, Total: 50375 ns
[2025-09-09T08:22:01.515+0000][183][info ][safepoint   ] Safepoint "Cleanup", Time since last: 5005142086 ns, Reaching safepoint: 40916 ns, Cleanup: 13959 ns, At safepoint: 5291 ns, Total: 60166 ns
[2025-09-09T08:22:02.516+0000][183][info ][safepoint   ] Safepoint "Cleanup", Time since last: 1001188626 ns, Reaching safepoint: 13166 ns, Cleanup: 9875 ns, At safepoint: 4167 ns, Total: 27208 ns
[2025-09-09T08:22:03.517+0000][183][info ][safepoint   ] Safepoint "Cleanup", Time since last: 1001235209 ns, Reaching safepoint: 21750 ns, Cleanup: 18791 ns, At safepoint: 5584 ns, Total: 46125 ns
[2025-09-09T08:22:04.519+0000][183][info ][safepoint   ] Safepoint "Cleanup", Time since last: 1001746209 ns, Reaching safepoint: 12041 ns, Cleanup: 11042 ns, At safepoint: 4208 ns, Total: 27291 ns
[2025-09-09T08:22:07.522+0000][183][info ][safepoint   ] Safepoint "Cleanup", Time since last: 3002696127 ns, Reaching safepoint: 49458 ns, Cleanup: 30708 ns, At safepoint: 15750 ns, Total: 95916 ns
[2025-09-09T08:22:08.522+0000][183][info ][safepoint   ] Safepoint "Cleanup", Time since last: 1000788626 ns, Reaching safepoint: 14625 ns, Cleanup: 10208 ns, At safepoint: 5209 ns, Total: 30042 ns
[2025-09-09T08:22:09.524+0000][183][info ][safepoint   ] Safepoint "Cleanup", Time since last: 1001037542 ns, Reaching safepoint: 10041 ns, Cleanup: 6709 ns, At safepoint: 3375 ns, Total: 20125 ns
[2025-09-09T08:22:24.932+0000][183][info ][safepoint   ] Safepoint "Cleanup", Time since last: 15409263506 ns, Reaching safepoint: 28292 ns, Cleanup: 25917 ns, At safepoint: 8083 ns, Total: 62292 ns
[2025-09-09T08:22:27.936+0000][183][info ][safepoint   ] Safepoint "Cleanup", Time since last: 3003489835 ns, Reaching safepoint: 50750 ns, Cleanup: 30000 ns, At safepoint: 11666 ns, Total: 92416 ns
[2025-09-09T08:22:33.942+0000][183][info ][safepoint   ] Safepoint "Cleanup", Time since last: 6005876962 ns, Reaching safepoint: 47625 ns, Cleanup: 11833 ns, At safepoint: 4125 ns, Total: 63583 ns
[2025-09-09T08:22:34.943+0000][183][info ][safepoint   ] Safepoint "Cleanup", Time since last: 1000924250 ns, Reaching safepoint: 34000 ns, Cleanup: 12792 ns, At safepoint: 4792 ns, Total: 51584 ns
[2025-09-09T08:22:37.947+0000][183][info ][safepoint   ] Safepoint "Cleanup", Time since last: 3003602751 ns, Reaching safepoint: 15417 ns, Cleanup: 16000 ns, At safepoint: 5083 ns, Total: 36500 ns
[2025-09-09T08:22:54.609+0000][183][info ][safepoint   ] Safepoint "Cleanup", Time since last: 16661715424 ns, Reaching safepoint: 6417 ns, Cleanup: 6458 ns, At safepoint: 2000 ns, Total: 14875 ns
[2025-09-09T08:22:55.617+0000][183][info ][safepoint   ] Safepoint "Cleanup", Time since last: 1007709001 ns, Reaching safepoint: 5333 ns, Cleanup: 54458 ns, At safepoint: 12000 ns, Total: 71791 ns
[2025-09-09T08:22:56.642+0000][183][info ][safepoint   ] Safepoint "Cleanup", Time since last: 1024657293 ns, Reaching safepoint: 142458 ns, Cleanup: 14250 ns, At safepoint: 13083 ns, Total: 169791 ns
[2025-09-09T08:23:03.610+0000][183][info ][safepoint   ] Safepoint "Cleanup", Time since last: 6968221045 ns, Reaching safepoint: 5625 ns, Cleanup: 8917 ns, At safepoint: 4625 ns, Total: 19167 ns
[2025-09-09T08:23:04.661+0000][183][info ][safepoint   ] Safepoint "Cleanup", Time since last: 1051355542 ns, Reaching safepoint: 2875 ns, Cleanup: 21667 ns, At safepoint: 7583 ns, Total: 32125 ns
[2025-09-09T08:23:05.919+0000][183][info ][safepoint   ] Safepoint "Cleanup", Time since last: 1257559459 ns, Reaching safepoint: 119542 ns, Cleanup: 22708 ns, At safepoint: 6625 ns, Total: 148875 ns
[2025-09-09T08:23:09.923+0000][183][info ][safepoint   ] Safepoint "Cleanup", Time since last: 4004162877 ns, Reaching safepoint: 69167 ns, Cleanup: 17166 ns, At safepoint: 6875 ns, Total: 93208 ns
[2025-09-09T08:23:14.929+0000][183][info ][safepoint   ] Safepoint "Cleanup", Time since last: 5005841794 ns, Reaching safepoint: 16416 ns, Cleanup: 15584 ns, At safepoint: 4041 ns, Total: 36041 ns
[2025-09-09T08:23:19.934+0000][183][info ][safepoint   ] Safepoint "Cleanup", Time since last: 5005141128 ns, Reaching safepoint: 17416 ns, Cleanup: 23875 ns, At safepoint: 4292 ns, Total: 45583 ns
[2025-09-09T08:23:25.012+0000][183][info ][safepoint   ] Safepoint "Cleanup", Time since last: 5077366294 ns, Reaching safepoint: 21458 ns, Cleanup: 22542 ns, At safepoint: 5917 ns, Total: 49917 ns
[2025-09-09T08:23:30.017+0000][183][info ][safepoint   ] Safepoint "Cleanup", Time since last: 5005374710 ns, Reaching safepoint: 40625 ns, Cleanup: 10292 ns, At safepoint: 7917 ns, Total: 58834 ns
[2025-09-09T08:23:35.022+0000][183][info ][safepoint   ] Safepoint "Cleanup", Time since last: 5004724877 ns, Reaching safepoint: 21667 ns, Cleanup: 21125 ns, At safepoint: 4916 ns, Total: 47708 ns
[2025-09-09T08:23:44.032+0000][183][info ][safepoint   ] Safepoint "Cleanup", Time since last: 9009737337 ns, Reaching safepoint: 18000 ns, Cleanup: 17792 ns, At safepoint: 9208 ns, Total: 45000 ns
[2025-09-09T08:23:45.033+0000][183][info ][safepoint   ] Safepoint "Cleanup", Time since last: 1001072126 ns, Reaching safepoint: 12000 ns, Cleanup: 9208 ns, At safepoint: 2833 ns, Total: 24041 ns
[2025-09-09T08:23:45.588+0000][183][info ][gc,start    ] GC(24) Pause Young (Prepare Mixed) (G1 Evacuation Pause)
[2025-09-09T08:23:45.588+0000][183][info ][gc,task     ] GC(24) Using 8 workers of 8 for evacuation
[2025-09-09T08:23:45.588+0000][183][debug][gc,age      ] GC(24) Desired survivor size 41943040 bytes, new threshold 15 (max threshold 15)
[2025-09-09T08:23:45.642+0000][183][info ][gc,phases   ] GC(24)   Pre Evacuate Collection Set: 0.75ms
[2025-09-09T08:23:45.642+0000][183][info ][gc,phases   ] GC(24)   Merge Heap Roots: 0.30ms
[2025-09-09T08:23:45.642+0000][183][info ][gc,phases   ] GC(24)   Evacuate Collection Set: 49.44ms
[2025-09-09T08:23:45.642+0000][183][info ][gc,phases   ] GC(24)   Post Evacuate Collection Set: 3.08ms
[2025-09-09T08:23:45.642+0000][183][info ][gc,phases   ] GC(24)   Other: 0.32ms
[2025-09-09T08:23:45.642+0000][183][trace][gc,age      ] GC(24) Age table with threshold 15 (max threshold 15)
[2025-09-09T08:23:45.642+0000][183][trace][gc,age      ] GC(24) - age   1:     794352 bytes,     794352 total
[2025-09-09T08:23:45.642+0000][183][trace][gc,age      ] GC(24) - age   2:      39176 bytes,     833528 total
[2025-09-09T08:23:45.642+0000][183][trace][gc,age      ] GC(24) - age   3:     337680 bytes,    1171208 total
[2025-09-09T08:23:45.642+0000][183][trace][gc,age      ] GC(24) - age   4:    1515496 bytes,    2686704 total
[2025-09-09T08:23:45.642+0000][183][trace][gc,age      ] GC(24) - age   5:    3732488 bytes,    6419192 total
[2025-09-09T08:23:45.642+0000][183][trace][gc,age      ] GC(24) - age   6:    2699192 bytes,    9118384 total
[2025-09-09T08:23:45.642+0000][183][trace][gc,age      ] GC(24) - age   7:   18493832 bytes,   27612216 total
[2025-09-09T08:23:45.642+0000][183][trace][gc,age      ] GC(24) - age   8:       4440 bytes,   27616656 total
[2025-09-09T08:23:45.642+0000][183][info ][gc,heap     ] GC(24) Eden regions: 145->0(145)
[2025-09-09T08:23:45.642+0000][183][info ][gc,heap     ] GC(24) Survivor regions: 8->8(20)
[2025-09-09T08:23:45.642+0000][183][info ][gc,heap     ] GC(24) Old regions: 29->29
[2025-09-09T08:23:45.642+0000][183][info ][gc,heap     ] GC(24) Humongous regions: 2->2
[2025-09-09T08:23:45.642+0000][183][info ][gc,metaspace] GC(24) Metaspace: 155801K(162368K)->155801K(162368K) NonClass: 134713K(138624K)->134713K(138624K) Class: 21087K(23744K)->21087K(23744K)
[2025-09-09T08:23:45.642+0000][183][info ][gc          ] GC(24) Pause Young (Prepare Mixed) (G1 Evacuation Pause) 734M->152M(1024M) 54.720ms
[2025-09-09T08:23:45.642+0000][183][info ][gc,cpu      ] GC(24) User=0.41s Sys=0.00s Real=0.06s
[2025-09-09T08:23:45.642+0000][183][info ][safepoint   ] Safepoint "G1CollectForAllocation", Time since last: 554378542 ns, Reaching safepoint: 13042 ns, Cleanup: 3458 ns, At safepoint: 54937625 ns, Total: 54954125 ns
[2025-09-09T08:23:49.645+0000][183][info ][safepoint   ] Safepoint "Cleanup", Time since last: 4002562627 ns, Reaching safepoint: 12917 ns, Cleanup: 14500 ns, At safepoint: 4916 ns, Total: 32333 ns
[2025-09-09T08:23:56.652+0000][183][info ][safepoint   ] Safepoint "Cleanup", Time since last: 7006700671 ns, Reaching safepoint: 28833 ns, Cleanup: 33667 ns, At safepoint: 11708 ns, Total: 74208 ns
[2025-09-09T08:23:57.768+0000][183][info ][safepoint   ] Safepoint "Cleanup", Time since last: 1115943750 ns, Reaching safepoint: 6750 ns, Cleanup: 14042 ns, At safepoint: 7542 ns, Total: 28334 ns
[2025-09-09T08:23:58.789+0000][183][info ][safepoint   ] Safepoint "Cleanup", Time since last: 1021149917 ns, Reaching safepoint: 12125 ns, Cleanup: 44625 ns, At safepoint: 20458 ns, Total: 77208 ns
[2025-09-09T08:23:59.793+0000][183][info ][safepoint   ] Safepoint "Cleanup", Time since last: 1004156417 ns, Reaching safepoint: 33625 ns, Cleanup: 12042 ns, At safepoint: 6917 ns, Total: 52584 ns
[2025-09-09T08:24:14.808+0000][183][info ][safepoint   ] Safepoint "Cleanup", Time since last: 15013771423 ns, Reaching safepoint: 370875 ns, Cleanup: 26375 ns, At safepoint: 8500 ns, Total: 405750 ns
[2025-09-09T08:24:19.813+0000][183][info ][safepoint   ] Safepoint "Cleanup", Time since last: 5005535753 ns, Reaching safepoint: 21166 ns, Cleanup: 13875 ns, At safepoint: 6459 ns, Total: 41500 ns
[2025-09-09T08:24:37.142+0000][183][info ][safepoint   ] Safepoint "Cleanup", Time since last: 17329007050 ns, Reaching safepoint: 25833 ns, Cleanup: 10458 ns, At safepoint: 8959 ns, Total: 45250 ns
[2025-09-09T08:24:45.151+0000][183][info ][safepoint   ] Safepoint "Cleanup", Time since last: 8009094253 ns, Reaching safepoint: 110167 ns, Cleanup: 51875 ns, At safepoint: 25666 ns, Total: 187708 ns
[2025-09-09T08:24:50.162+0000][183][info ][safepoint   ] Safepoint "Cleanup", Time since last: 5010634711 ns, Reaching safepoint: 199208 ns, Cleanup: 29000 ns, At safepoint: 11084 ns, Total: 239292 ns
[2025-09-09T08:24:57.170+0000][183][info ][safepoint   ] Safepoint "Cleanup", Time since last: 7007430628 ns, Reaching safepoint: 32625 ns, Cleanup: 33958 ns, At safepoint: 7959 ns, Total: 74542 ns
[2025-09-09T08:25:00.173+0000][183][info ][safepoint   ] Safepoint "Cleanup", Time since last: 3003256751 ns, Reaching safepoint: 308292 ns, Cleanup: 39458 ns, At safepoint: 14542 ns, Total: 362292 ns
[2025-09-09T08:25:01.944+0000][183][info ][safepoint   ] Safepoint "Cleanup", Time since last: 1770166626 ns, Reaching safepoint: 9041 ns, Cleanup: 69292 ns, At safepoint: 7375 ns, Total: 85708 ns
[2025-09-09T08:25:04.948+0000][183][info ][safepoint   ] Safepoint "Cleanup", Time since last: 3004449835 ns, Reaching safepoint: 62875 ns, Cleanup: 75208 ns, At safepoint: 12083 ns, Total: 150166 ns
[2025-09-09T08:25:05.950+0000][183][info ][safepoint   ] Safepoint "Cleanup", Time since last: 1001186501 ns, Reaching safepoint: 294542 ns, Cleanup: 37041 ns, At safepoint: 21209 ns, Total: 352792 ns
[2025-09-09T08:25:06.953+0000][183][info ][safepoint   ] Safepoint "Cleanup", Time since last: 1002675042 ns, Reaching safepoint: 24208 ns, Cleanup: 17042 ns, At safepoint: 17416 ns, Total: 58666 ns
[2025-09-09T08:25:09.956+0000][183][info ][safepoint   ] Safepoint "Cleanup", Time since last: 3003076752 ns, Reaching safepoint: 45792 ns, Cleanup: 27458 ns, At safepoint: 12458 ns, Total: 85708 ns
[2025-09-09T08:25:15.961+0000][183][info ][safepoint   ] Safepoint "Cleanup", Time since last: 6004891794 ns, Reaching safepoint: 20666 ns, Cleanup: 15000 ns, At safepoint: 7917 ns, Total: 43583 ns
[2025-09-09T08:25:25.318+0000][183][info ][safepoint   ] Safepoint "Cleanup", Time since last: 9356529421 ns, Reaching safepoint: 38625 ns, Cleanup: 25542 ns, At safepoint: 12125 ns, Total: 76292 ns
[2025-09-09T08:25:30.325+0000][183][info ][safepoint   ] Safepoint "Cleanup", Time since last: 5007068711 ns, Reaching safepoint: 113750 ns, Cleanup: 25041 ns, At safepoint: 14209 ns, Total: 153000 ns
[2025-09-09T08:25:31.326+0000][183][info ][safepoint   ] Safepoint "Cleanup", Time since last: 1001072708 ns, Reaching safepoint: 17334 ns, Cleanup: 15416 ns, At safepoint: 5792 ns, Total: 38542 ns
[2025-09-09T08:25:35.331+0000][183][info ][safepoint   ] Safepoint "Cleanup", Time since last: 4004680127 ns, Reaching safepoint: 37125 ns, Cleanup: 9000 ns, At safepoint: 5792 ns, Total: 51917 ns
[2025-09-09T08:25:41.337+0000][183][info ][safepoint   ] Safepoint "Cleanup", Time since last: 6006088294 ns, Reaching safepoint: 87250 ns, Cleanup: 53667 ns, At safepoint: 18333 ns, Total: 159250 ns
[2025-09-09T08:25:50.346+0000][183][info ][safepoint   ] Safepoint "Cleanup", Time since last: 9008951004 ns, Reaching safepoint: 12500 ns, Cleanup: 11625 ns, At safepoint: 4583 ns, Total: 28708 ns
[2025-09-09T08:25:52.349+0000][183][info ][safepoint   ] Safepoint "Cleanup", Time since last: 2002523918 ns, Reaching safepoint: 88833 ns, Cleanup: 30542 ns, At safepoint: 8375 ns, Total: 127750 ns
[2025-09-09T08:25:53.350+0000][183][info ][safepoint   ] Safepoint "Cleanup", Time since last: 1001273000 ns, Reaching safepoint: 26625 ns, Cleanup: 8500 ns, At safepoint: 6542 ns, Total: 41667 ns
[2025-09-09T08:25:55.352+0000][183][info ][safepoint   ] Safepoint "Cleanup", Time since last: 2002006168 ns, Reaching safepoint: 13958 ns, Cleanup: 32458 ns, At safepoint: 6375 ns, Total: 52791 ns
[2025-09-09T08:25:57.354+0000][183][info ][safepoint   ] Safepoint "Cleanup", Time since last: 2001604293 ns, Reaching safepoint: 65792 ns, Cleanup: 19166 ns, At safepoint: 7584 ns, Total: 92542 ns
[2025-09-09T08:26:03.670+0000][183][info ][safepoint   ] Safepoint "Cleanup", Time since last: 6316157044 ns, Reaching safepoint: 5084 ns, Cleanup: 18375 ns, At safepoint: 1958 ns, Total: 25417 ns
[2025-09-09T08:26:05.122+0000][183][info ][safepoint   ] Safepoint "Cleanup", Time since last: 1451374751 ns, Reaching safepoint: 5291 ns, Cleanup: 18709 ns, At safepoint: 9750 ns, Total: 33750 ns
[2025-09-09T08:26:10.127+0000][183][info ][safepoint   ] Safepoint "Cleanup", Time since last: 5005263377 ns, Reaching safepoint: 47625 ns, Cleanup: 26417 ns, At safepoint: 15750 ns, Total: 89792 ns
[2025-09-09T08:26:11.128+0000][183][info ][safepoint   ] Safepoint "Cleanup", Time since last: 1001061167 ns, Reaching safepoint: 139083 ns, Cleanup: 15208 ns, At safepoint: 6417 ns, Total: 160708 ns
[2025-09-09T08:26:31.450+0000][183][info ][safepoint   ] Safepoint "Cleanup", Time since last: 20322009218 ns, Reaching safepoint: 120333 ns, Cleanup: 23833 ns, At safepoint: 78500 ns, Total: 222666 ns
[2025-09-09T08:26:32.452+0000][183][info ][safepoint   ] Safepoint "Cleanup", Time since last: 1001553793 ns, Reaching safepoint: 19833 ns, Cleanup: 15958 ns, At safepoint: 7959 ns, Total: 43750 ns
[2025-09-09T08:26:33.453+0000][183][info ][safepoint   ] Safepoint "Cleanup", Time since last: 1000790958 ns, Reaching safepoint: 19625 ns, Cleanup: 13209 ns, At safepoint: 6750 ns, Total: 39584 ns
[2025-09-09T08:26:35.455+0000][183][info ][safepoint   ] Safepoint "Cleanup", Time since last: 2002081584 ns, Reaching safepoint: 77542 ns, Cleanup: 46083 ns, At safepoint: 32375 ns, Total: 156000 ns
[2025-09-09T08:26:39.459+0000][183][info ][safepoint   ] Safepoint "Cleanup", Time since last: 4004268794 ns, Reaching safepoint: 34208 ns, Cleanup: 10708 ns, At safepoint: 11250 ns, Total: 56166 ns
[2025-09-09T08:26:43.463+0000][183][info ][safepoint   ] Safepoint "Cleanup", Time since last: 4003616543 ns, Reaching safepoint: 17417 ns, Cleanup: 19083 ns, At safepoint: 5542 ns, Total: 42042 ns
[2025-09-09T08:26:57.476+0000][183][info ][safepoint   ] Safepoint "Cleanup", Time since last: 14012725173 ns, Reaching safepoint: 51875 ns, Cleanup: 11625 ns, At safepoint: 10250 ns, Total: 73750 ns
[2025-09-09T08:26:58.477+0000][183][info ][safepoint   ] Safepoint "Cleanup", Time since last: 1001240209 ns, Reaching safepoint: 41292 ns, Cleanup: 28083 ns, At safepoint: 10250 ns, Total: 79625 ns
[2025-09-09T08:27:00.480+0000][183][info ][safepoint   ] Safepoint "Cleanup", Time since last: 2002611709 ns, Reaching safepoint: 19750 ns, Cleanup: 39250 ns, At safepoint: 7125 ns, Total: 66125 ns
[2025-09-09T08:27:04.484+0000][183][info ][safepoint   ] Safepoint "Cleanup", Time since last: 4004073169 ns, Reaching safepoint: 16042 ns, Cleanup: 14541 ns, At safepoint: 5292 ns, Total: 35875 ns
[2025-09-09T08:27:06.673+0000][183][info ][safepoint   ] Safepoint "Cleanup", Time since last: 2189063959 ns, Reaching safepoint: 5875 ns, Cleanup: 9542 ns, At safepoint: 6708 ns, Total: 22125 ns
[2025-09-09T08:27:08.267+0000][183][info ][safepoint   ] Safepoint "Cleanup", Time since last: 1593983584 ns, Reaching safepoint: 9959 ns, Cleanup: 39291 ns, At safepoint: 14375 ns, Total: 63625 ns
[2025-09-09T08:27:10.271+0000][183][info ][safepoint   ] Safepoint "Cleanup", Time since last: 2003730585 ns, Reaching safepoint: 56541 ns, Cleanup: 37042 ns, At safepoint: 14042 ns, Total: 107625 ns
[2025-09-09T08:27:20.282+0000][183][info ][safepoint   ] Safepoint "Cleanup", Time since last: 10010582296 ns, Reaching safepoint: 31000 ns, Cleanup: 14250 ns, At safepoint: 5875 ns, Total: 51125 ns
[2025-09-09T08:27:22.284+0000][183][info ][safepoint   ] Safepoint "Cleanup", Time since last: 2002216209 ns, Reaching safepoint: 14958 ns, Cleanup: 20584 ns, At safepoint: 9000 ns, Total: 44542 ns
[2025-09-09T08:27:24.627+0000][183][info ][safepoint   ] Safepoint "Cleanup", Time since last: 2342308793 ns, Reaching safepoint: 73833 ns, Cleanup: 29500 ns, At safepoint: 9958 ns, Total: 113291 ns
[2025-09-09T08:27:29.631+0000][183][info ][safepoint   ] Safepoint "Cleanup", Time since last: 5004774919 ns, Reaching safepoint: 26750 ns, Cleanup: 17375 ns, At safepoint: 8792 ns, Total: 52917 ns
[2025-09-09T08:27:31.634+0000][183][info ][safepoint   ] Safepoint "Cleanup", Time since last: 2002799834 ns, Reaching safepoint: 41667 ns, Cleanup: 24583 ns, At safepoint: 10750 ns, Total: 77000 ns
[2025-09-09T08:27:33.636+0000][183][info ][safepoint   ] Safepoint "Cleanup", Time since last: 2001968668 ns, Reaching safepoint: 23083 ns, Cleanup: 22375 ns, At safepoint: 9250 ns, Total: 54708 ns
[2025-09-09T08:27:34.637+0000][183][info ][safepoint   ] Safepoint "Cleanup", Time since last: 1001022376 ns, Reaching safepoint: 10250 ns, Cleanup: 11625 ns, At safepoint: 4416 ns, Total: 26291 ns
[2025-09-09T08:27:35.639+0000][183][info ][safepoint   ] Safepoint "Cleanup", Time since last: 1001253501 ns, Reaching safepoint: 19208 ns, Cleanup: 12167 ns, At safepoint: 7458 ns, Total: 38833 ns
[2025-09-09T08:27:36.640+0000][183][info ][safepoint   ] Safepoint "Cleanup", Time since last: 1001734167 ns, Reaching safepoint: 53667 ns, Cleanup: 26792 ns, At safepoint: 23250 ns, Total: 103709 ns
[2025-09-09T08:27:41.645+0000][183][info ][safepoint   ] Safepoint "Cleanup", Time since last: 5004627377 ns, Reaching safepoint: 34625 ns, Cleanup: 10667 ns, At safepoint: 7541 ns, Total: 52833 ns
[2025-09-09T08:27:50.653+0000][183][info ][safepoint   ] Safepoint "Cleanup", Time since last: 9007946879 ns, Reaching safepoint: 126959 ns, Cleanup: 17250 ns, At safepoint: 4833 ns, Total: 149042 ns
[2025-09-09T08:27:54.658+0000][183][info ][safepoint   ] Safepoint "Cleanup", Time since last: 4004525544 ns, Reaching safepoint: 26958 ns, Cleanup: 16750 ns, At safepoint: 8125 ns, Total: 51833 ns
[2025-09-09T08:27:56.659+0000][183][info ][safepoint   ] Safepoint "Cleanup", Time since last: 2001359542 ns, Reaching safepoint: 49375 ns, Cleanup: 21750 ns, At safepoint: 7917 ns, Total: 79042 ns
[2025-09-09T08:27:59.663+0000][183][info ][safepoint   ] Safepoint "Cleanup", Time since last: 3003119793 ns, Reaching safepoint: 26834 ns, Cleanup: 24625 ns, At safepoint: 7166 ns, Total: 58625 ns
[2025-09-09T08:28:03.666+0000][183][info ][safepoint   ] Safepoint "Cleanup", Time since last: 4003329294 ns, Reaching safepoint: 12250 ns, Cleanup: 19333 ns, At safepoint: 8750 ns, Total: 40333 ns
[2025-09-09T08:28:05.393+0000][183][info ][safepoint   ] Safepoint "Cleanup", Time since last: 1726796209 ns, Reaching safepoint: 11542 ns, Cleanup: 13958 ns, At safepoint: 3459 ns, Total: 28959 ns
[2025-09-09T08:28:07.431+0000][183][info ][safepoint   ] Safepoint "Cleanup", Time since last: 2038454376 ns, Reaching safepoint: 45916 ns, Cleanup: 11000 ns, At safepoint: 5750 ns, Total: 62666 ns
[2025-09-09T08:28:09.433+0000][183][info ][safepoint   ] Safepoint "Cleanup", Time since last: 2001960960 ns, Reaching safepoint: 24916 ns, Cleanup: 12125 ns, At safepoint: 14917 ns, Total: 51958 ns
[2025-09-09T08:28:10.439+0000][183][info ][safepoint   ] Safepoint "Cleanup", Time since last: 1005710000 ns, Reaching safepoint: 3917 ns, Cleanup: 28833 ns, At safepoint: 5417 ns, Total: 38167 ns
[2025-09-09T08:28:11.463+0000][183][info ][safepoint   ] Safepoint "Cleanup", Time since last: 1024173959 ns, Reaching safepoint: 9333 ns, Cleanup: 38750 ns, At safepoint: 18125 ns, Total: 66208 ns
[2025-09-09T08:28:14.472+0000][183][info ][safepoint   ] Safepoint "Cleanup", Time since last: 3008380209 ns, Reaching safepoint: 18875 ns, Cleanup: 11209 ns, At safepoint: 10041 ns, Total: 40125 ns
[2025-09-09T08:28:22.480+0000][183][info ][safepoint   ] Safepoint "Cleanup", Time since last: 8007989588 ns, Reaching safepoint: 429875 ns, Cleanup: 39541 ns, At safepoint: 54417 ns, Total: 523833 ns
[2025-09-09T08:28:25.503+0000][183][info ][safepoint   ] Safepoint "Cleanup", Time since last: 3022569043 ns, Reaching safepoint: 4542 ns, Cleanup: 19750 ns, At safepoint: 5583 ns, Total: 29875 ns
[2025-09-09T08:28:26.517+0000][183][info ][safepoint   ] Safepoint "Cleanup", Time since last: 1013901084 ns, Reaching safepoint: 55500 ns, Cleanup: 30125 ns, At safepoint: 8583 ns, Total: 94208 ns
[2025-09-09T08:28:29.519+0000][183][info ][safepoint   ] Safepoint "Cleanup", Time since last: 3001514585 ns, Reaching safepoint: 34833 ns, Cleanup: 7167 ns, At safepoint: 6083 ns, Total: 48083 ns
[2025-09-09T08:28:30.521+0000][183][info ][safepoint   ] Safepoint "Cleanup", Time since last: 1002063626 ns, Reaching safepoint: 24125 ns, Cleanup: 25916 ns, At safepoint: 7750 ns, Total: 57791 ns
[2025-09-09T08:28:34.526+0000][183][info ][safepoint   ] Safepoint "Cleanup", Time since last: 4005003211 ns, Reaching safepoint: 232750 ns, Cleanup: 40000 ns, At safepoint: 13583 ns, Total: 286333 ns
[2025-09-09T08:28:36.547+0000][183][info ][safepoint   ] Safepoint "Cleanup", Time since last: 2019894876 ns, Reaching safepoint: 822583 ns, Cleanup: 54292 ns, At safepoint: 53083 ns, Total: 929958 ns
[2025-09-09T08:28:37.549+0000][183][info ][safepoint   ] Safepoint "Cleanup", Time since last: 1001861834 ns, Reaching safepoint: 46958 ns, Cleanup: 21375 ns, At safepoint: 7750 ns, Total: 76083 ns
[2025-09-09T08:28:39.550+0000][183][info ][safepoint   ] Safepoint "Cleanup", Time since last: 2001670168 ns, Reaching safepoint: 16375 ns, Cleanup: 13500 ns, At safepoint: 6375 ns, Total: 36250 ns
[2025-09-09T08:28:41.552+0000][183][info ][safepoint   ] Safepoint "Cleanup", Time since last: 2000982376 ns, Reaching safepoint: 156208 ns, Cleanup: 16375 ns, At safepoint: 7459 ns, Total: 180042 ns
[2025-09-09T08:28:56.564+0000][183][info ][safepoint   ] Safepoint "Cleanup", Time since last: 15012290214 ns, Reaching safepoint: 40500 ns, Cleanup: 12917 ns, At safepoint: 6250 ns, Total: 59667 ns
[2025-09-09T08:28:59.569+0000][183][info ][safepoint   ] Safepoint "Cleanup", Time since last: 3004546502 ns, Reaching safepoint: 42666 ns, Cleanup: 23292 ns, At safepoint: 7208 ns, Total: 73166 ns
[2025-09-09T08:29:07.580+0000][183][info ][safepoint   ] Safepoint "Cleanup", Time since last: 8010872587 ns, Reaching safepoint: 486000 ns, Cleanup: 32417 ns, At safepoint: 8458 ns, Total: 526875 ns
[2025-09-09T08:29:08.581+0000][183][info ][safepoint   ] Safepoint "Cleanup", Time since last: 1000476918 ns, Reaching safepoint: 75000 ns, Cleanup: 47666 ns, At safepoint: 15625 ns, Total: 138291 ns
[2025-09-09T08:29:09.806+0000][183][info ][safepoint   ] Safepoint "Cleanup", Time since last: 1225261626 ns, Reaching safepoint: 6458 ns, Cleanup: 7292 ns, At safepoint: 2625 ns, Total: 16375 ns
[2025-09-09T08:29:11.744+0000][183][info ][safepoint   ] Safepoint "Cleanup", Time since last: 1938348001 ns, Reaching safepoint: 4625 ns, Cleanup: 17583 ns, At safepoint: 4375 ns, Total: 26583 ns
[2025-09-09T08:29:12.739+0000][183][info ][safepoint   ] Safepoint "Cleanup", Time since last: 1002648541 ns, Reaching safepoint: 20500 ns, Cleanup: 18542 ns, At safepoint: 7042 ns, Total: 46084 ns
[2025-09-09T08:29:13.755+0000][183][info ][safepoint   ] Safepoint "Cleanup", Time since last: 1014679542 ns, Reaching safepoint: 977708 ns, Cleanup: 26125 ns, At safepoint: 17708 ns, Total: 1021541 ns
[2025-09-09T08:29:14.803+0000][183][info ][safepoint   ] Safepoint "Cleanup", Time since last: 1047682334 ns, Reaching safepoint: 23500 ns, Cleanup: 40459 ns, At safepoint: 12250 ns, Total: 76209 ns
[2025-09-09T08:29:34.887+0000][183][info ][safepoint   ] Safepoint "Cleanup", Time since last: 20083178176 ns, Reaching safepoint: 1040083 ns, Cleanup: 84917 ns, At safepoint: 26041 ns, Total: 1151041 ns
[2025-09-09T08:29:35.891+0000][183][info ][safepoint   ] Safepoint "Cleanup", Time since last: 1003368293 ns, Reaching safepoint: 18583 ns, Cleanup: 64750 ns, At safepoint: 8792 ns, Total: 92125 ns
[2025-09-09T08:29:48.912+0000][183][info ][safepoint   ] Safepoint "Cleanup", Time since last: 13013010464 ns, Reaching safepoint: 370416 ns, Cleanup: 26750 ns, At safepoint: 5459 ns, Total: 402625 ns
[2025-09-09T08:29:49.914+0000][183][info ][safepoint   ] Safepoint "Cleanup", Time since last: 1002390000 ns, Reaching safepoint: 30167 ns, Cleanup: 27333 ns, At safepoint: 7917 ns, Total: 65417 ns
[2025-09-09T08:29:50.915+0000][183][info ][safepoint   ] Safepoint "Cleanup", Time since last: 1000500500 ns, Reaching safepoint: 26042 ns, Cleanup: 22958 ns, At safepoint: 5417 ns, Total: 54417 ns
[2025-09-09T08:29:51.916+0000][183][info ][safepoint   ] Safepoint "Cleanup", Time since last: 1000741667 ns, Reaching safepoint: 66125 ns, Cleanup: 35042 ns, At safepoint: 17375 ns, Total: 118542 ns
[2025-09-09T08:29:59.923+0000][183][info ][safepoint   ] Safepoint "Cleanup", Time since last: 8007175587 ns, Reaching safepoint: 44208 ns, Cleanup: 12417 ns, At safepoint: 4417 ns, Total: 61042 ns
[2025-09-09T08:30:12.730+0000][183][info ][safepoint   ] Safepoint "Cleanup", Time since last: 12807916047 ns, Reaching safepoint: 5459 ns, Cleanup: 12666 ns, At safepoint: 1792 ns, Total: 19917 ns
[2025-09-09T08:30:13.978+0000][183][info ][safepoint   ] Safepoint "Cleanup", Time since last: 1247015209 ns, Reaching safepoint: 70916 ns, Cleanup: 52167 ns, At safepoint: 12333 ns, Total: 135416 ns
[2025-09-09T08:30:15.983+0000][183][info ][safepoint   ] Safepoint "Cleanup", Time since last: 2005789585 ns, Reaching safepoint: 4083 ns, Cleanup: 13708 ns, At safepoint: 6584 ns, Total: 24375 ns
[2025-09-09T08:30:16.997+0000][183][info ][safepoint   ] Safepoint "Cleanup", Time since last: 1012843834 ns, Reaching safepoint: 171625 ns, Cleanup: 43458 ns, At safepoint: 9875 ns, Total: 224958 ns
[2025-09-09T08:30:17.998+0000][183][info ][safepoint   ] Safepoint "Cleanup", Time since last: 1001124875 ns, Reaching safepoint: 15959 ns, Cleanup: 17666 ns, At safepoint: 6500 ns, Total: 40125 ns
[2025-09-09T08:30:40.011+0000][183][info ][safepoint   ] Safepoint "Cleanup", Time since last: 22013675594 ns, Reaching safepoint: 9917 ns, Cleanup: 10125 ns, At safepoint: 3250 ns, Total: 23292 ns
[2025-09-09T08:30:42.015+0000][183][info ][safepoint   ] Safepoint "Cleanup", Time since last: 2003120292 ns, Reaching safepoint: 62375 ns, Cleanup: 51834 ns, At safepoint: 10166 ns, Total: 124375 ns
[2025-09-09T08:30:42.099+0000][183][info ][gc,start    ] GC(25) Pause Young (Mixed) (G1 Evacuation Pause)
[2025-09-09T08:30:42.099+0000][183][info ][gc,task     ] GC(25) Using 8 workers of 8 for evacuation
[2025-09-09T08:30:42.099+0000][183][debug][gc,age      ] GC(25) Desired survivor size 41943040 bytes, new threshold 15 (max threshold 15)
[2025-09-09T08:30:42.147+0000][183][info ][gc,phases   ] GC(25)   Pre Evacuate Collection Set: 0.83ms
[2025-09-09T08:30:42.147+0000][183][info ][gc,phases   ] GC(25)   Merge Heap Roots: 0.23ms
[2025-09-09T08:30:42.147+0000][183][info ][gc,phases   ] GC(25)   Evacuate Collection Set: 43.48ms
[2025-09-09T08:30:42.147+0000][183][info ][gc,phases   ] GC(25)   Post Evacuate Collection Set: 2.83ms
[2025-09-09T08:30:42.147+0000][183][info ][gc,phases   ] GC(25)   Other: 0.34ms
[2025-09-09T08:30:42.147+0000][183][trace][gc,age      ] GC(25) Age table with threshold 15 (max threshold 15)
[2025-09-09T08:30:42.147+0000][183][trace][gc,age      ] GC(25) - age   1:     957024 bytes,     957024 total
[2025-09-09T08:30:42.147+0000][183][trace][gc,age      ] GC(25) - age   2:     111752 bytes,    1068776 total
[2025-09-09T08:30:42.147+0000][183][trace][gc,age      ] GC(25) - age   3:      37536 bytes,    1106312 total
[2025-09-09T08:30:42.147+0000][183][trace][gc,age      ] GC(25) - age   4:     335784 bytes,    1442096 total
[2025-09-09T08:30:42.147+0000][183][trace][gc,age      ] GC(25) - age   5:    1499216 bytes,    2941312 total
[2025-09-09T08:30:42.148+0000][183][trace][gc,age      ] GC(25) - age   6:    3730968 bytes,    6672280 total
[2025-09-09T08:30:42.148+0000][183][trace][gc,age      ] GC(25) - age   7:    2690896 bytes,    9363176 total
[2025-09-09T08:30:42.148+0000][183][trace][gc,age      ] GC(25) - age   8:   18469152 bytes,   27832328 total
[2025-09-09T08:30:42.148+0000][183][trace][gc,age      ] GC(25) - age   9:       4440 bytes,   27836768 total
[2025-09-09T08:30:42.148+0000][183][info ][gc,heap     ] GC(25) Eden regions: 145->0(145)
[2025-09-09T08:30:42.148+0000][183][info ][gc,heap     ] GC(25) Survivor regions: 8->8(20)
[2025-09-09T08:30:42.148+0000][183][info ][gc,heap     ] GC(25) Old regions: 29->29
[2025-09-09T08:30:42.148+0000][183][info ][gc,heap     ] GC(25) Humongous regions: 2->2
[2025-09-09T08:30:42.148+0000][183][info ][gc,metaspace] GC(25) Metaspace: 156080K(162368K)->156080K(162368K) NonClass: 134991K(138624K)->134991K(138624K) Class: 21088K(23744K)->21088K(23744K)
[2025-09-09T08:30:42.148+0000][183][info ][gc          ] GC(25) Pause Young (Mixed) (G1 Evacuation Pause) 732M->152M(1024M) 48.678ms
[2025-09-09T08:30:42.148+0000][183][info ][gc,cpu      ] GC(25) User=0.35s Sys=0.01s Real=0.05s
[2025-09-09T08:30:42.148+0000][183][info ][safepoint   ] Safepoint "G1CollectForAllocation", Time since last: 84406001 ns, Reaching safepoint: 8375 ns, Cleanup: 1750 ns, At safepoint: 48840041 ns, Total: 48850166 ns
[2025-09-09T08:30:43.150+0000][183][info ][safepoint   ] Safepoint "Cleanup", Time since last: 1000599167 ns, Reaching safepoint: 12333 ns, Cleanup: 9125 ns, At safepoint: 3000 ns, Total: 24458 ns
[2025-09-09T08:31:01.169+0000][183][info ][safepoint   ] Safepoint "Cleanup", Time since last: 18019356675 ns, Reaching safepoint: 218667 ns, Cleanup: 47083 ns, At safepoint: 14917 ns, Total: 280667 ns
[2025-09-09T08:31:10.179+0000][183][info ][safepoint   ] Safepoint "Cleanup", Time since last: 9009591421 ns, Reaching safepoint: 14167 ns, Cleanup: 8708 ns, At safepoint: 4250 ns, Total: 27125 ns
[2025-09-09T08:31:15.183+0000][183][info ][safepoint   ] Safepoint "Cleanup", Time since last: 5004628668 ns, Reaching safepoint: 111417 ns, Cleanup: 34917 ns, At safepoint: 14708 ns, Total: 161042 ns
[2025-09-09T08:31:17.135+0000][183][info ][safepoint   ] Safepoint "Cleanup", Time since last: 1951525251 ns, Reaching safepoint: 14750 ns, Cleanup: 35500 ns, At safepoint: 7625 ns, Total: 57875 ns
[2025-09-09T08:31:20.154+0000][183][info ][safepoint   ] Safepoint "Cleanup", Time since last: 3019165960 ns, Reaching safepoint: 10833 ns, Cleanup: 33083 ns, At safepoint: 3292 ns, Total: 47208 ns
[2025-09-09T08:31:26.121+0000][183][info ][safepoint   ] Safepoint "Cleanup", Time since last: 5966939420 ns, Reaching safepoint: 19083 ns, Cleanup: 13292 ns, At safepoint: 7125 ns, Total: 39500 ns
[2025-09-09T08:31:28.123+0000][183][info ][safepoint   ] Safepoint "Cleanup", Time since last: 2002100876 ns, Reaching safepoint: 19208 ns, Cleanup: 19083 ns, At safepoint: 6084 ns, Total: 44375 ns
[2025-09-09T08:31:36.132+0000][183][info ][safepoint   ] Safepoint "Cleanup", Time since last: 8007969837 ns, Reaching safepoint: 888791 ns, Cleanup: 132167 ns, At safepoint: 50708 ns, Total: 1071666 ns
[2025-09-09T08:31:52.147+0000][183][info ][safepoint   ] Safepoint "Cleanup", Time since last: 16014056674 ns, Reaching safepoint: 217875 ns, Cleanup: 25667 ns, At safepoint: 7375 ns, Total: 250917 ns
[2025-09-09T08:32:00.157+0000][183][info ][safepoint   ] Safepoint "Cleanup", Time since last: 8009435670 ns, Reaching safepoint: 13708 ns, Cleanup: 15625 ns, At safepoint: 3417 ns, Total: 32750 ns
[2025-09-09T08:32:07.164+0000][183][info ][safepoint   ] Safepoint "Cleanup", Time since last: 7007086712 ns, Reaching safepoint: 13708 ns, Cleanup: 12333 ns, At safepoint: 5000 ns, Total: 31041 ns
[2025-09-09T08:32:10.167+0000][183][info ][safepoint   ] Safepoint "Cleanup", Time since last: 3002887710 ns, Reaching safepoint: 87334 ns, Cleanup: 16208 ns, At safepoint: 6208 ns, Total: 109750 ns
[2025-09-09T08:32:12.168+0000][183][info ][safepoint   ] Safepoint "Cleanup", Time since last: 2001105626 ns, Reaching safepoint: 29167 ns, Cleanup: 23083 ns, At safepoint: 12125 ns, Total: 64375 ns
[2025-09-09T08:32:15.171+0000][183][info ][safepoint   ] Safepoint "Cleanup", Time since last: 3002791751 ns, Reaching safepoint: 136125 ns, Cleanup: 47041 ns, At safepoint: 27459 ns, Total: 210625 ns
[2025-09-09T08:32:18.738+0000][183][info ][safepoint   ] Safepoint "Cleanup", Time since last: 3566283460 ns, Reaching safepoint: 5125 ns, Cleanup: 7291 ns, At safepoint: 5334 ns, Total: 17750 ns
[2025-09-09T08:32:20.317+0000][183][info ][safepoint   ] Safepoint "Cleanup", Time since last: 1579279084 ns, Reaching safepoint: 176541 ns, Cleanup: 27167 ns, At safepoint: 21042 ns, Total: 224750 ns
[2025-09-09T08:32:22.331+0000][183][info ][safepoint   ] Safepoint "Cleanup", Time since last: 2014056709 ns, Reaching safepoint: 3125 ns, Cleanup: 5792 ns, At safepoint: 4416 ns, Total: 13333 ns
[2025-09-09T08:32:24.269+0000][183][info ][safepoint   ] Safepoint "Cleanup", Time since last: 1937110751 ns, Reaching safepoint: 326125 ns, Cleanup: 45084 ns, At safepoint: 19958 ns, Total: 391167 ns
[2025-09-09T08:32:29.275+0000][183][info ][safepoint   ] Safepoint "Cleanup", Time since last: 5005788461 ns, Reaching safepoint: 30166 ns, Cleanup: 10542 ns, At safepoint: 4458 ns, Total: 45166 ns
[2025-09-09T08:32:35.280+0000][183][info ][safepoint   ] Safepoint "Cleanup", Time since last: 6005946128 ns, Reaching safepoint: 12959 ns, Cleanup: 14375 ns, At safepoint: 5041 ns, Total: 32375 ns
[2025-09-09T08:32:42.288+0000][183][info ][safepoint   ] Safepoint "Cleanup", Time since last: 7007848504 ns, Reaching safepoint: 143000 ns, Cleanup: 15916 ns, At safepoint: 6084 ns, Total: 165000 ns
[2025-09-09T08:32:50.298+0000][183][info ][safepoint   ] Safepoint "Cleanup", Time since last: 8009705211 ns, Reaching safepoint: 34459 ns, Cleanup: 24791 ns, At safepoint: 6959 ns, Total: 66209 ns
[2025-09-09T08:32:57.308+0000][183][info ][safepoint   ] Safepoint "Cleanup", Time since last: 7009205086 ns, Reaching safepoint: 158209 ns, Cleanup: 20625 ns, At safepoint: 7041 ns, Total: 185875 ns
[2025-09-09T08:32:58.310+0000][183][info ][safepoint   ] Safepoint "Cleanup", Time since last: 1002528376 ns, Reaching safepoint: 14667 ns, Cleanup: 11583 ns, At safepoint: 4708 ns, Total: 30958 ns
[2025-09-09T08:33:01.314+0000][183][info ][safepoint   ] Safepoint "Cleanup", Time since last: 3003430293 ns, Reaching safepoint: 14875 ns, Cleanup: 16125 ns, At safepoint: 4792 ns, Total: 35792 ns
[2025-09-09T08:33:03.756+0000][183][info ][safepoint   ] Safepoint "Cleanup", Time since last: 2442515668 ns, Reaching safepoint: 23750 ns, Cleanup: 7583 ns, At safepoint: 2459 ns, Total: 33792 ns
[2025-09-09T08:33:05.435+0000][183][info ][safepoint   ] Safepoint "Cleanup", Time since last: 1677887292 ns, Reaching safepoint: 89625 ns, Cleanup: 122750 ns, At safepoint: 17583 ns, Total: 229958 ns
[2025-09-09T08:33:06.486+0000][183][info ][safepoint   ] Safepoint "Cleanup", Time since last: 1051778751 ns, Reaching safepoint: 17958 ns, Cleanup: 19667 ns, At safepoint: 4166 ns, Total: 41791 ns
[2025-09-09T08:33:09.578+0000][183][info ][safepoint   ] Safepoint "Cleanup", Time since last: 3092062877 ns, Reaching safepoint: 6042 ns, Cleanup: 7500 ns, At safepoint: 7750 ns, Total: 21292 ns
[2025-09-09T08:33:10.615+0000][183][info ][safepoint   ] Safepoint "Cleanup", Time since last: 1036247708 ns, Reaching safepoint: 16000 ns, Cleanup: 20667 ns, At safepoint: 5833 ns, Total: 42500 ns
[2025-09-09T08:33:17.620+0000][183][info ][safepoint   ] Safepoint "Cleanup", Time since last: 7005440086 ns, Reaching safepoint: 54125 ns, Cleanup: 11250 ns, At safepoint: 9334 ns, Total: 74709 ns
[2025-09-09T08:33:19.622+0000][183][info ][safepoint   ] Safepoint "Cleanup", Time since last: 2001913334 ns, Reaching safepoint: 28625 ns, Cleanup: 10083 ns, At safepoint: 5750 ns, Total: 44458 ns
[2025-09-09T08:33:21.746+0000][183][info ][safepoint   ] Safepoint "Cleanup", Time since last: 2121861835 ns, Reaching safepoint: 1295041 ns, Cleanup: 12542 ns, At safepoint: 5083 ns, Total: 1312666 ns
[2025-09-09T08:33:23.405+0000][183][info ][safepoint   ] Safepoint "Cleanup", Time since last: 1659039751 ns, Reaching safepoint: 4459 ns, Cleanup: 16500 ns, At safepoint: 7500 ns, Total: 28459 ns
[2025-09-09T08:33:25.568+0000][183][info ][safepoint   ] Safepoint "Cleanup", Time since last: 2163148709 ns, Reaching safepoint: 12292 ns, Cleanup: 56416 ns, At safepoint: 8209 ns, Total: 76917 ns
[2025-09-09T08:33:26.581+0000][183][info ][safepoint   ] Safepoint "Cleanup", Time since last: 1012699500 ns, Reaching safepoint: 9958 ns, Cleanup: 12750 ns, At safepoint: 5292 ns, Total: 28000 ns
[2025-09-09T08:33:29.584+0000][183][info ][safepoint   ] Safepoint "Cleanup", Time since last: 3003120085 ns, Reaching safepoint: 22208 ns, Cleanup: 12375 ns, At safepoint: 8959 ns, Total: 43542 ns
[2025-09-09T08:33:35.591+0000][183][info ][safepoint   ] Safepoint "Cleanup", Time since last: 6007583419 ns, Reaching safepoint: 29750 ns, Cleanup: 23875 ns, At safepoint: 6000 ns, Total: 59625 ns
[2025-09-09T08:33:37.594+0000][183][info ][safepoint   ] Safepoint "Cleanup", Time since last: 2002173834 ns, Reaching safepoint: 108875 ns, Cleanup: 43375 ns, At safepoint: 18292 ns, Total: 170542 ns
[2025-09-09T08:33:38.594+0000][183][info ][safepoint   ] Safepoint "Cleanup", Time since last: 1000610834 ns, Reaching safepoint: 18000 ns, Cleanup: 11500 ns, At safepoint: 4125 ns, Total: 33625 ns
[2025-09-09T08:33:40.597+0000][183][info ][safepoint   ] Safepoint "Cleanup", Time since last: 2002184084 ns, Reaching safepoint: 13458 ns, Cleanup: 10167 ns, At safepoint: 4458 ns, Total: 28083 ns
[2025-09-09T08:33:54.613+0000][183][info ][safepoint   ] Safepoint "Cleanup", Time since last: 14018002215 ns, Reaching safepoint: 387500 ns, Cleanup: 71500 ns, At safepoint: 8625 ns, Total: 467625 ns
[2025-09-09T08:33:55.614+0000][183][info ][safepoint   ] Safepoint "Cleanup", Time since last: 1001471918 ns, Reaching safepoint: 24750 ns, Cleanup: 20250 ns, At safepoint: 7708 ns, Total: 52708 ns
[2025-09-09T08:33:56.616+0000][183][info ][safepoint   ] Safepoint "Cleanup", Time since last: 1001479792 ns, Reaching safepoint: 41083 ns, Cleanup: 18000 ns, At safepoint: 4792 ns, Total: 63875 ns
[2025-09-09T08:34:04.623+0000][183][info ][safepoint   ] Safepoint "Cleanup", Time since last: 8006738587 ns, Reaching safepoint: 51542 ns, Cleanup: 13208 ns, At safepoint: 7667 ns, Total: 72417 ns
[2025-09-09T08:34:09.629+0000][183][info ][safepoint   ] Safepoint "Cleanup", Time since last: 5006695711 ns, Reaching safepoint: 17625 ns, Cleanup: 17875 ns, At safepoint: 10291 ns, Total: 45791 ns
[2025-09-09T08:34:10.631+0000][183][info ][safepoint   ] Safepoint "Cleanup", Time since last: 1000952209 ns, Reaching safepoint: 40208 ns, Cleanup: 24459 ns, At safepoint: 9250 ns, Total: 73917 ns
[2025-09-09T08:34:24.795+0000][183][info ][safepoint   ] Safepoint "Cleanup", Time since last: 14162025464 ns, Reaching safepoint: 7917 ns, Cleanup: 16833 ns, At safepoint: 8708 ns, Total: 33458 ns
[2025-09-09T08:34:26.721+0000][183][info ][safepoint   ] Safepoint "Cleanup", Time since last: 1926304501 ns, Reaching safepoint: 16083 ns, Cleanup: 15334 ns, At safepoint: 6583 ns, Total: 38000 ns
[2025-09-09T08:34:27.772+0000][183][info ][safepoint   ] Safepoint "Cleanup", Time since last: 1050396292 ns, Reaching safepoint: 2792 ns, Cleanup: 10292 ns, At safepoint: 1541 ns, Total: 14625 ns
[2025-09-09T08:34:29.745+0000][183][info ][safepoint   ] Safepoint "Cleanup", Time since last: 1972601543 ns, Reaching safepoint: 107750 ns, Cleanup: 56875 ns, At safepoint: 38375 ns, Total: 203000 ns
[2025-09-09T08:34:33.749+0000][183][info ][safepoint   ] Safepoint "Cleanup", Time since last: 4004586252 ns, Reaching safepoint: 20000 ns, Cleanup: 14291 ns, At safepoint: 5875 ns, Total: 40166 ns
[2025-09-09T08:34:36.753+0000][183][info ][safepoint   ] Safepoint "Cleanup", Time since last: 3003847044 ns, Reaching safepoint: 120250 ns, Cleanup: 45875 ns, At safepoint: 14583 ns, Total: 180708 ns
[2025-09-09T08:34:40.758+0000][183][info ][safepoint   ] Safepoint "Cleanup", Time since last: 4004694543 ns, Reaching safepoint: 41125 ns, Cleanup: 15667 ns, At safepoint: 6417 ns, Total: 63209 ns
[2025-09-09T08:34:41.760+0000][183][info ][safepoint   ] Safepoint "Cleanup", Time since last: 1001643125 ns, Reaching safepoint: 17834 ns, Cleanup: 39458 ns, At safepoint: 7708 ns, Total: 65000 ns
[2025-09-09T08:34:46.765+0000][183][info ][safepoint   ] Safepoint "Cleanup", Time since last: 5005030502 ns, Reaching safepoint: 259916 ns, Cleanup: 32959 ns, At safepoint: 11208 ns, Total: 304083 ns
[2025-09-09T08:34:51.771+0000][183][info ][safepoint   ] Safepoint "Cleanup", Time since last: 5005601377 ns, Reaching safepoint: 13500 ns, Cleanup: 8834 ns, At safepoint: 11000 ns, Total: 33334 ns
[2025-09-09T08:34:56.775+0000][183][info ][safepoint   ] Safepoint "Cleanup", Time since last: 5004306294 ns, Reaching safepoint: 25916 ns, Cleanup: 16959 ns, At safepoint: 6166 ns, Total: 49041 ns
[2025-09-09T08:35:07.786+0000][183][info ][safepoint   ] Safepoint "Cleanup", Time since last: 11011047839 ns, Reaching safepoint: 71458 ns, Cleanup: 14042 ns, At safepoint: 6542 ns, Total: 92042 ns
[2025-09-09T08:35:15.794+0000][183][info ][safepoint   ] Safepoint "Cleanup", Time since last: 8007433711 ns, Reaching safepoint: 16542 ns, Cleanup: 11583 ns, At safepoint: 5792 ns, Total: 33917 ns
[2025-09-09T08:35:27.801+0000][183][info ][safepoint   ] Safepoint "Cleanup", Time since last: 12007399880 ns, Reaching safepoint: 9709 ns, Cleanup: 20208 ns, At safepoint: 4792 ns, Total: 34709 ns
[2025-09-09T08:35:28.827+0000][183][info ][safepoint   ] Safepoint "Cleanup", Time since last: 1024925250 ns, Reaching safepoint: 108958 ns, Cleanup: 43959 ns, At safepoint: 19125 ns, Total: 172042 ns
[2025-09-09T08:35:29.912+0000][183][info ][safepoint   ] Safepoint "Cleanup", Time since last: 1085022834 ns, Reaching safepoint: 32500 ns, Cleanup: 12166 ns, At safepoint: 9084 ns, Total: 53750 ns
[2025-09-09T08:35:30.919+0000][183][info ][safepoint   ] Safepoint "Cleanup", Time since last: 1006976083 ns, Reaching safepoint: 4542 ns, Cleanup: 29875 ns, At safepoint: 7708 ns, Total: 42125 ns
[2025-09-09T08:35:32.957+0000][183][info ][safepoint   ] Safepoint "Cleanup", Time since last: 2038464251 ns, Reaching safepoint: 65334 ns, Cleanup: 22750 ns, At safepoint: 5833 ns, Total: 93917 ns
[2025-09-09T08:35:42.967+0000][183][info ][safepoint   ] Safepoint "Cleanup", Time since last: 10009004796 ns, Reaching safepoint: 93416 ns, Cleanup: 15625 ns, At safepoint: 5459 ns, Total: 114500 ns
[2025-09-09T08:35:44.970+0000][183][info ][safepoint   ] Safepoint "Cleanup", Time since last: 2003146917 ns, Reaching safepoint: 14417 ns, Cleanup: 10583 ns, At safepoint: 5084 ns, Total: 30084 ns
[2025-09-09T08:35:45.971+0000][183][info ][safepoint   ] Safepoint "Cleanup", Time since last: 1001013000 ns, Reaching safepoint: 54250 ns, Cleanup: 31125 ns, At safepoint: 10542 ns, Total: 95917 ns
[2025-09-09T08:35:48.973+0000][183][info ][safepoint   ] Safepoint "Cleanup", Time since last: 3001853459 ns, Reaching safepoint: 24167 ns, Cleanup: 8292 ns, At safepoint: 5708 ns, Total: 38167 ns
[2025-09-09T08:35:56.981+0000][183][info ][safepoint   ] Safepoint "Cleanup", Time since last: 8008248796 ns, Reaching safepoint: 51750 ns, Cleanup: 26208 ns, At safepoint: 8250 ns, Total: 86208 ns
[2025-09-09T08:36:26.834+0000][183][info ][safepoint   ] Safepoint "Cleanup", Time since last: 29852190180 ns, Reaching safepoint: 63208 ns, Cleanup: 27417 ns, At safepoint: 5875 ns, Total: 96500 ns
[2025-09-09T08:36:29.838+0000][183][info ][safepoint   ] Safepoint "Cleanup", Time since last: 3003968335 ns, Reaching safepoint: 19958 ns, Cleanup: 13584 ns, At safepoint: 6541 ns, Total: 40083 ns
[2025-09-09T08:36:31.073+0000][183][info ][safepoint   ] Safepoint "Cleanup", Time since last: 1235216876 ns, Reaching safepoint: 6125 ns, Cleanup: 12833 ns, At safepoint: 5375 ns, Total: 24333 ns
[2025-09-09T08:36:33.804+0000][183][info ][safepoint   ] Safepoint "Cleanup", Time since last: 2730991626 ns, Reaching safepoint: 4667 ns, Cleanup: 17542 ns, At safepoint: 8041 ns, Total: 30250 ns
[2025-09-09T08:36:34.133+0000][183][info ][gc,start    ] GC(26) Pause Young (Normal) (G1 Evacuation Pause)
[2025-09-09T08:36:34.134+0000][183][info ][gc,task     ] GC(26) Using 8 workers of 8 for evacuation
[2025-09-09T08:36:34.134+0000][183][debug][gc,age      ] GC(26) Desired survivor size 41943040 bytes, new threshold 15 (max threshold 15)
[2025-09-09T08:36:34.199+0000][183][info ][gc,phases   ] GC(26)   Pre Evacuate Collection Set: 3.50ms
[2025-09-09T08:36:34.199+0000][183][info ][gc,phases   ] GC(26)   Merge Heap Roots: 1.02ms
[2025-09-09T08:36:34.199+0000][183][info ][gc,phases   ] GC(26)   Evacuate Collection Set: 56.09ms
[2025-09-09T08:36:34.199+0000][183][info ][gc,phases   ] GC(26)   Post Evacuate Collection Set: 3.89ms
[2025-09-09T08:36:34.199+0000][183][info ][gc,phases   ] GC(26)   Other: 0.70ms
[2025-09-09T08:36:34.199+0000][183][trace][gc,age      ] GC(26) Age table with threshold 15 (max threshold 15)
[2025-09-09T08:36:34.199+0000][183][trace][gc,age      ] GC(26) - age   1:     970680 bytes,     970680 total
[2025-09-09T08:36:34.199+0000][183][trace][gc,age      ] GC(26) - age   2:     169592 bytes,    1140272 total
[2025-09-09T08:36:34.199+0000][183][trace][gc,age      ] GC(26) - age   3:      98152 bytes,    1238424 total
[2025-09-09T08:36:34.199+0000][183][trace][gc,age      ] GC(26) - age   4:      36984 bytes,    1275408 total
[2025-09-09T08:36:34.199+0000][183][trace][gc,age      ] GC(26) - age   5:     335656 bytes,    1611064 total
[2025-09-09T08:36:34.199+0000][183][trace][gc,age      ] GC(26) - age   6:    1499216 bytes,    3110280 total
[2025-09-09T08:36:34.199+0000][183][trace][gc,age      ] GC(26) - age   7:    3730824 bytes,    6841104 total
[2025-09-09T08:36:34.199+0000][183][trace][gc,age      ] GC(26) - age   8:    2690760 bytes,    9531864 total
[2025-09-09T08:36:34.199+0000][183][trace][gc,age      ] GC(26) - age   9:   18469072 bytes,   28000936 total
[2025-09-09T08:36:34.199+0000][183][trace][gc,age      ] GC(26) - age  10:       4440 bytes,   28005376 total
[2025-09-09T08:36:34.199+0000][183][info ][gc,heap     ] GC(26) Eden regions: 145->0(145)
[2025-09-09T08:36:34.199+0000][183][info ][gc,heap     ] GC(26) Survivor regions: 8->8(20)
[2025-09-09T08:36:34.199+0000][183][info ][gc,heap     ] GC(26) Old regions: 29->29
[2025-09-09T08:36:34.199+0000][183][info ][gc,heap     ] GC(26) Humongous regions: 2->2
[2025-09-09T08:36:34.199+0000][183][info ][gc,metaspace] GC(26) Metaspace: 156340K(162432K)->156340K(162432K) NonClass: 135251K(138688K)->135251K(138688K) Class: 21089K(23744K)->21089K(23744K)
[2025-09-09T08:36:34.199+0000][183][info ][gc          ] GC(26) Pause Young (Normal) (G1 Evacuation Pause) 732M->153M(1024M) 66.064ms
[2025-09-09T08:36:34.200+0000][183][info ][gc,cpu      ] GC(26) User=0.41s Sys=0.00s Real=0.07s
[2025-09-09T08:36:34.200+0000][183][info ][safepoint   ] Safepoint "G1CollectForAllocation", Time since last: 329465251 ns, Reaching safepoint: 31541 ns, Cleanup: 21792 ns, At safepoint: 66284042 ns, Total: 66337375 ns
[2025-09-09T08:36:35.200+0000][183][info ][safepoint   ] Safepoint "Cleanup", Time since last: 1000812250 ns, Reaching safepoint: 23083 ns, Cleanup: 25000 ns, At safepoint: 9375 ns, Total: 57458 ns
[2025-09-09T08:36:44.210+0000][183][info ][safepoint   ] Safepoint "Cleanup", Time since last: 9009218088 ns, Reaching safepoint: 790583 ns, Cleanup: 73833 ns, At safepoint: 14667 ns, Total: 879083 ns
[2025-09-09T08:36:45.212+0000][183][info ][safepoint   ] Safepoint "Cleanup", Time since last: 1001187001 ns, Reaching safepoint: 324833 ns, Cleanup: 84708 ns, At safepoint: 11334 ns, Total: 420875 ns
[2025-09-09T08:36:57.222+0000][183][info ][safepoint   ] Safepoint "Cleanup", Time since last: 12009750380 ns, Reaching safepoint: 247917 ns, Cleanup: 19375 ns, At safepoint: 5375 ns, Total: 272667 ns
[2025-09-09T08:37:00.225+0000][183][info ][safepoint   ] Safepoint "Cleanup", Time since last: 3003251251 ns, Reaching safepoint: 43167 ns, Cleanup: 24000 ns, At safepoint: 12333 ns, Total: 79500 ns
[2025-09-09T08:37:07.231+0000][183][info ][safepoint   ] Safepoint "Cleanup", Time since last: 7006131587 ns, Reaching safepoint: 26917 ns, Cleanup: 23041 ns, At safepoint: 9459 ns, Total: 59417 ns
[2025-09-09T08:37:27.996+0000][183][info ][safepoint   ] Safepoint "Cleanup", Time since last: 20763771550 ns, Reaching safepoint: 16625 ns, Cleanup: 14167 ns, At safepoint: 6958 ns, Total: 37750 ns
[2025-09-09T08:37:29.999+0000][183][info ][safepoint   ] Safepoint "Cleanup", Time since last: 2002890126 ns, Reaching safepoint: 133625 ns, Cleanup: 31792 ns, At safepoint: 7500 ns, Total: 172917 ns
[2025-09-09T08:37:33.850+0000][183][info ][safepoint   ] Safepoint "Cleanup", Time since last: 3851086960 ns, Reaching safepoint: 5417 ns, Cleanup: 6458 ns, At safepoint: 1875 ns, Total: 13750 ns
[2025-09-09T08:37:35.343+0000][183][info ][safepoint   ] Safepoint "Cleanup", Time since last: 1492732126 ns, Reaching safepoint: 33125 ns, Cleanup: 83083 ns, At safepoint: 20042 ns, Total: 136250 ns
[2025-09-09T08:37:36.830+0000][183][info ][safepoint   ] Safepoint "Cleanup", Time since last: 1486752084 ns, Reaching safepoint: 4250 ns, Cleanup: 7000 ns, At safepoint: 5625 ns, Total: 16875 ns
[2025-09-09T08:37:38.365+0000][183][info ][safepoint   ] Safepoint "Cleanup", Time since last: 1535235709 ns, Reaching safepoint: 66458 ns, Cleanup: 26875 ns, At safepoint: 7209 ns, Total: 100542 ns
[2025-09-09T08:37:42.369+0000][183][info ][safepoint   ] Safepoint "Cleanup", Time since last: 4003879668 ns, Reaching safepoint: 228875 ns, Cleanup: 18917 ns, At safepoint: 7208 ns, Total: 255000 ns
[2025-09-09T08:37:43.371+0000][183][info ][safepoint   ] Safepoint "Cleanup", Time since last: 1001653625 ns, Reaching safepoint: 14333 ns, Cleanup: 6750 ns, At safepoint: 6625 ns, Total: 27708 ns
[2025-09-09T08:37:51.378+0000][183][info ][safepoint   ] Safepoint "Cleanup", Time since last: 8006907629 ns, Reaching safepoint: 213208 ns, Cleanup: 22292 ns, At safepoint: 7542 ns, Total: 243042 ns
[2025-09-09T08:37:54.382+0000][183][info ][safepoint   ] Safepoint "Cleanup", Time since last: 3003811334 ns, Reaching safepoint: 111292 ns, Cleanup: 16583 ns, At safepoint: 6167 ns, Total: 134042 ns
[2025-09-09T08:38:03.922+0000][183][info ][safepoint   ] Safepoint "Cleanup", Time since last: 9539077588 ns, Reaching safepoint: 766708 ns, Cleanup: 14750 ns, At safepoint: 14209 ns, Total: 795667 ns
[2025-09-09T08:38:05.490+0000][183][info ][safepoint   ] Safepoint "Cleanup", Time since last: 1567915584 ns, Reaching safepoint: 12583 ns, Cleanup: 96875 ns, At safepoint: 16167 ns, Total: 125625 ns
[2025-09-09T08:38:06.518+0000][183][info ][safepoint   ] Safepoint "Cleanup", Time since last: 1027907167 ns, Reaching safepoint: 62291 ns, Cleanup: 18417 ns, At safepoint: 7875 ns, Total: 88583 ns
[2025-09-09T08:38:10.523+0000][183][info ][safepoint   ] Safepoint "Cleanup", Time since last: 4004500627 ns, Reaching safepoint: 284583 ns, Cleanup: 29250 ns, At safepoint: 12584 ns, Total: 326417 ns
[2025-09-09T08:38:21.536+0000][183][info ][safepoint   ] Safepoint "Cleanup", Time since last: 11013172504 ns, Reaching safepoint: 32125 ns, Cleanup: 22334 ns, At safepoint: 13333 ns, Total: 67792 ns
[2025-09-09T08:38:27.154+0000][183][info ][safepoint   ] Safepoint "Cleanup", Time since last: 5617833878 ns, Reaching safepoint: 14750 ns, Cleanup: 12750 ns, At safepoint: 4750 ns, Total: 32250 ns
[2025-09-09T08:38:31.157+0000][183][info ][safepoint   ] Safepoint "Cleanup", Time since last: 4002705960 ns, Reaching safepoint: 11625 ns, Cleanup: 8875 ns, At safepoint: 3375 ns, Total: 23875 ns
[2025-09-09T08:38:36.161+0000][183][info ][safepoint   ] Safepoint "Cleanup", Time since last: 5004448461 ns, Reaching safepoint: 17125 ns, Cleanup: 24250 ns, At safepoint: 6250 ns, Total: 47625 ns
[2025-09-09T08:38:37.606+0000][183][info ][safepoint   ] Safepoint "Cleanup", Time since last: 1444811792 ns, Reaching safepoint: 19875 ns, Cleanup: 80167 ns, At safepoint: 15666 ns, Total: 115708 ns
[2025-09-09T08:38:38.696+0000][183][info ][safepoint   ] Safepoint "Cleanup", Time since last: 1089445167 ns, Reaching safepoint: 418542 ns, Cleanup: 28125 ns, At safepoint: 11083 ns, Total: 457750 ns
[2025-09-09T08:38:42.730+0000][183][info ][safepoint   ] Safepoint "Cleanup", Time since last: 4033436419 ns, Reaching safepoint: 101917 ns, Cleanup: 74000 ns, At safepoint: 19500 ns, Total: 195417 ns
[2025-09-09T08:38:47.736+0000][183][info ][safepoint   ] Safepoint "Cleanup", Time since last: 5006066751 ns, Reaching safepoint: 199750 ns, Cleanup: 36833 ns, At safepoint: 13667 ns, Total: 250250 ns
[2025-09-09T08:38:55.746+0000][183][info ][safepoint   ] Safepoint "Cleanup", Time since last: 8009435504 ns, Reaching safepoint: 37083 ns, Cleanup: 11792 ns, At safepoint: 7583 ns, Total: 56458 ns
[2025-09-09T08:38:56.747+0000][183][info ][safepoint   ] Safepoint "Cleanup", Time since last: 1001539459 ns, Reaching safepoint: 23167 ns, Cleanup: 15750 ns, At safepoint: 7833 ns, Total: 46750 ns
[2025-09-09T08:38:59.751+0000][183][info ][safepoint   ] Safepoint "Cleanup", Time since last: 3003396585 ns, Reaching safepoint: 12125 ns, Cleanup: 9000 ns, At safepoint: 3375 ns, Total: 24500 ns
[2025-09-09T08:39:01.752+0000][183][info ][safepoint   ] Safepoint "Cleanup", Time since last: 2001692876 ns, Reaching safepoint: 11750 ns, Cleanup: 13792 ns, At safepoint: 3666 ns, Total: 29208 ns
[2025-09-09T08:39:09.761+0000][183][info ][safepoint   ] Safepoint "Cleanup", Time since last: 8008147337 ns, Reaching safepoint: 85292 ns, Cleanup: 16542 ns, At safepoint: 10958 ns, Total: 112792 ns
[2025-09-09T08:39:37.328+0000][183][info ][safepoint   ] Safepoint "Cleanup", Time since last: 27566517179 ns, Reaching safepoint: 223959 ns, Cleanup: 14625 ns, At safepoint: 8250 ns, Total: 246834 ns
[2025-09-09T08:39:39.863+0000][183][info ][safepoint   ] Safepoint "Cleanup", Time since last: 2535568543 ns, Reaching safepoint: 4291 ns, Cleanup: 19584 ns, At safepoint: 1875 ns, Total: 25750 ns
[2025-09-09T08:39:40.888+0000][183][info ][safepoint   ] Safepoint "Cleanup", Time since last: 1024481667 ns, Reaching safepoint: 37875 ns, Cleanup: 10333 ns, At safepoint: 14334 ns, Total: 62542 ns
[2025-09-09T08:39:41.916+0000][183][info ][safepoint   ] Safepoint "Cleanup", Time since last: 1027610583 ns, Reaching safepoint: 71375 ns, Cleanup: 70875 ns, At safepoint: 11459 ns, Total: 153709 ns
[2025-09-09T08:39:43.863+0000][183][info ][safepoint   ] Safepoint "Cleanup", Time since last: 1946735209 ns, Reaching safepoint: 20208 ns, Cleanup: 39125 ns, At safepoint: 6958 ns, Total: 66291 ns
[2025-09-09T08:39:55.980+0000][183][info ][safepoint   ] Safepoint "Cleanup", Time since last: 12117005048 ns, Reaching safepoint: 39541 ns, Cleanup: 12250 ns, At safepoint: 8042 ns, Total: 59833 ns
[2025-09-09T08:39:56.982+0000][183][info ][safepoint   ] Safepoint "Cleanup", Time since last: 1002230376 ns, Reaching safepoint: 109958 ns, Cleanup: 57542 ns, At safepoint: 73833 ns, Total: 241333 ns
[2025-09-09T08:39:59.986+0000][183][info ][safepoint   ] Safepoint "Cleanup", Time since last: 3003472960 ns, Reaching safepoint: 16791 ns, Cleanup: 14000 ns, At safepoint: 5500 ns, Total: 36291 ns
[2025-09-09T08:40:04.991+0000][183][info ][safepoint   ] Safepoint "Cleanup", Time since last: 5005203253 ns, Reaching safepoint: 27666 ns, Cleanup: 21917 ns, At safepoint: 7625 ns, Total: 57208 ns
[2025-09-09T08:40:27.477+0000][183][info ][safepoint   ] Safepoint "Cleanup", Time since last: 22485420343 ns, Reaching safepoint: 78417 ns, Cleanup: 26250 ns, At safepoint: 13500 ns, Total: 118167 ns
[2025-09-09T08:40:42.877+0000][183][info ][safepoint   ] Safepoint "Cleanup", Time since last: 15400246007 ns, Reaching safepoint: 31583 ns, Cleanup: 19250 ns, At safepoint: 4125 ns, Total: 54958 ns
[2025-09-09T08:40:44.115+0000][183][info ][safepoint   ] Safepoint "Cleanup", Time since last: 1237905875 ns, Reaching safepoint: 1006125 ns, Cleanup: 32709 ns, At safepoint: 25583 ns, Total: 1064417 ns
[2025-09-09T08:40:45.857+0000][183][info ][safepoint   ] Safepoint "Cleanup", Time since last: 1741653043 ns, Reaching safepoint: 4458 ns, Cleanup: 7833 ns, At safepoint: 1542 ns, Total: 13833 ns
[2025-09-09T08:40:47.149+0000][183][info ][safepoint   ] Safepoint "Cleanup", Time since last: 1291534459 ns, Reaching safepoint: 41708 ns, Cleanup: 50209 ns, At safepoint: 11041 ns, Total: 102958 ns
[2025-09-09T08:40:57.159+0000][183][info ][safepoint   ] Safepoint "Cleanup", Time since last: 10009832922 ns, Reaching safepoint: 113291 ns, Cleanup: 30167 ns, At safepoint: 5792 ns, Total: 149250 ns
[2025-09-09T08:41:01.165+0000][183][info ][safepoint   ] Safepoint "Cleanup", Time since last: 4006831585 ns, Reaching safepoint: 20083 ns, Cleanup: 9917 ns, At safepoint: 3750 ns, Total: 33750 ns
[2025-09-09T08:41:06.170+0000][183][info ][safepoint   ] Safepoint "Cleanup", Time since last: 5004815794 ns, Reaching safepoint: 14125 ns, Cleanup: 9042 ns, At safepoint: 5000 ns, Total: 28167 ns
[2025-09-09T08:41:08.172+0000][183][info ][safepoint   ] Safepoint "Cleanup", Time since last: 2001989209 ns, Reaching safepoint: 19542 ns, Cleanup: 16708 ns, At safepoint: 6208 ns, Total: 42458 ns
[2025-09-09T08:41:10.176+0000][183][info ][safepoint   ] Safepoint "Cleanup", Time since last: 2003938168 ns, Reaching safepoint: 44750 ns, Cleanup: 27625 ns, At safepoint: 12250 ns, Total: 84625 ns
[2025-09-09T08:41:13.180+0000][183][info ][safepoint   ] Safepoint "Cleanup", Time since last: 3003023917 ns, Reaching safepoint: 29875 ns, Cleanup: 11917 ns, At safepoint: 6708 ns, Total: 48500 ns
[2025-09-09T08:41:29.709+0000][183][info ][safepoint   ] Safepoint "Cleanup", Time since last: 16528497341 ns, Reaching safepoint: 12167 ns, Cleanup: 10583 ns, At safepoint: 3084 ns, Total: 25834 ns
[2025-09-09T08:41:42.735+0000][183][info ][safepoint   ] Safepoint "Cleanup", Time since last: 13025998589 ns, Reaching safepoint: 15375 ns, Cleanup: 11083 ns, At safepoint: 4334 ns, Total: 30792 ns
[2025-09-09T08:41:46.285+0000][183][info ][safepoint   ] Safepoint "Cleanup", Time since last: 3549573334 ns, Reaching safepoint: 4292 ns, Cleanup: 14417 ns, At safepoint: 4083 ns, Total: 22792 ns
[2025-09-09T08:41:47.339+0000][183][info ][safepoint   ] Safepoint "Cleanup", Time since last: 1054638209 ns, Reaching safepoint: 24292 ns, Cleanup: 9750 ns, At safepoint: 6791 ns, Total: 40833 ns
[2025-09-09T08:41:48.888+0000][183][info ][safepoint   ] Safepoint "Cleanup", Time since last: 1548410293 ns, Reaching safepoint: 680666 ns, Cleanup: 20459 ns, At safepoint: 27583 ns, Total: 728708 ns
[2025-09-09T08:41:50.365+0000][183][info ][safepoint   ] Safepoint "Cleanup", Time since last: 1476247834 ns, Reaching safepoint: 12625 ns, Cleanup: 10500 ns, At safepoint: 3042 ns, Total: 26167 ns
[2025-09-09T08:41:57.372+0000][183][info ][safepoint   ] Safepoint "Cleanup", Time since last: 7006790336 ns, Reaching safepoint: 130792 ns, Cleanup: 88667 ns, At safepoint: 8791 ns, Total: 228250 ns
[2025-09-09T08:42:00.374+0000][183][info ][safepoint   ] Safepoint "Cleanup", Time since last: 3002578210 ns, Reaching safepoint: 68834 ns, Cleanup: 67333 ns, At safepoint: 12042 ns, Total: 148209 ns
[2025-09-09T08:42:02.378+0000][183][info ][safepoint   ] Safepoint "Cleanup", Time since last: 2003401000 ns, Reaching safepoint: 42792 ns, Cleanup: 20375 ns, At safepoint: 11000 ns, Total: 74167 ns
[2025-09-09T08:42:11.387+0000][183][info ][safepoint   ] Safepoint "Cleanup", Time since last: 9009348796 ns, Reaching safepoint: 36250 ns, Cleanup: 39125 ns, At safepoint: 6750 ns, Total: 82125 ns
[2025-09-09T08:42:13.396+0000][183][info ][safepoint   ] Safepoint "Cleanup", Time since last: 2007713042 ns, Reaching safepoint: 154708 ns, Cleanup: 25459 ns, At safepoint: 14458 ns, Total: 194625 ns
[2025-09-09T08:42:18.399+0000][183][info ][safepoint   ] Safepoint "Cleanup", Time since last: 5003007461 ns, Reaching safepoint: 97416 ns, Cleanup: 12542 ns, At safepoint: 9875 ns, Total: 119833 ns
[2025-09-09T08:42:22.403+0000][183][info ][safepoint   ] Safepoint "Cleanup", Time since last: 4004219169 ns, Reaching safepoint: 32208 ns, Cleanup: 25750 ns, At safepoint: 9417 ns, Total: 67375 ns
[2025-09-09T08:42:45.870+0000][183][info ][gc,start    ] GC(27) Pause Young (Concurrent Start) (G1 Evacuation Pause)
[2025-09-09T08:42:45.870+0000][183][info ][gc,task     ] GC(27) Using 8 workers of 8 for evacuation
[2025-09-09T08:42:45.871+0000][183][debug][gc,age      ] GC(27) Desired survivor size 41943040 bytes, new threshold 15 (max threshold 15)
[2025-09-09T08:42:45.961+0000][183][info ][gc,phases   ] GC(27)   Pre Evacuate Collection Set: 1.33ms
[2025-09-09T08:42:45.961+0000][183][info ][gc,phases   ] GC(27)   Merge Heap Roots: 0.17ms
[2025-09-09T08:42:45.961+0000][183][info ][gc,phases   ] GC(27)   Evacuate Collection Set: 79.42ms
[2025-09-09T08:42:45.961+0000][183][info ][gc,phases   ] GC(27)   Post Evacuate Collection Set: 8.07ms
[2025-09-09T08:42:45.961+0000][183][info ][gc,phases   ] GC(27)   Other: 1.22ms
[2025-09-09T08:42:45.961+0000][183][trace][gc,age      ] GC(27) Age table with threshold 15 (max threshold 15)
[2025-09-09T08:42:45.961+0000][183][trace][gc,age      ] GC(27) - age   1:    1082696 bytes,    1082696 total
[2025-09-09T08:42:45.961+0000][183][trace][gc,age      ] GC(27) - age   2:      60280 bytes,    1142976 total
[2025-09-09T08:42:45.961+0000][183][trace][gc,age      ] GC(27) - age   3:      41432 bytes,    1184408 total
[2025-09-09T08:42:45.961+0000][183][trace][gc,age      ] GC(27) - age   4:      95872 bytes,    1280280 total
[2025-09-09T08:42:45.962+0000][183][trace][gc,age      ] GC(27) - age   5:      36920 bytes,    1317200 total
[2025-09-09T08:42:45.962+0000][183][trace][gc,age      ] GC(27) - age   6:     335656 bytes,    1652856 total
[2025-09-09T08:42:45.962+0000][183][trace][gc,age      ] GC(27) - age   7:    1483064 bytes,    3135920 total
[2025-09-09T08:42:45.962+0000][183][trace][gc,age      ] GC(27) - age   8:    3730184 bytes,    6866104 total
[2025-09-09T08:42:45.962+0000][183][trace][gc,age      ] GC(27) - age   9:    2674584 bytes,    9540688 total
[2025-09-09T08:42:45.963+0000][183][trace][gc,age      ] GC(27) - age  10:   18468496 bytes,   28009184 total
[2025-09-09T08:42:45.963+0000][183][trace][gc,age      ] GC(27) - age  11:       4440 bytes,   28013624 total
[2025-09-09T08:42:45.963+0000][183][info ][gc,heap     ] GC(27) Eden regions: 145->0(145)
[2025-09-09T08:42:45.963+0000][183][info ][gc,heap     ] GC(27) Survivor regions: 8->8(20)
[2025-09-09T08:42:45.963+0000][183][info ][gc,heap     ] GC(27) Old regions: 29->29
[2025-09-09T08:42:45.963+0000][183][info ][gc,heap     ] GC(27) Humongous regions: 2->2
[2025-09-09T08:42:45.963+0000][183][info ][gc,metaspace] GC(27) Metaspace: 156503K(162432K)->156503K(162432K) NonClass: 135413K(138688K)->135413K(138688K) Class: 21089K(23744K)->21089K(23744K)
[2025-09-09T08:42:45.963+0000][183][info ][gc          ] GC(27) Pause Young (Concurrent Start) (G1 Evacuation Pause) 733M->152M(1024M) 93.394ms
[2025-09-09T08:42:45.963+0000][183][info ][gc,cpu      ] GC(27) User=0.60s Sys=0.01s Real=0.09s
[2025-09-09T08:42:45.963+0000][183][info ][safepoint   ] Safepoint "G1CollectForAllocation", Time since last: 23466077469 ns, Reaching safepoint: 645666 ns, Cleanup: 28375 ns, At safepoint: 93841709 ns, Total: 94515750 ns
[2025-09-09T08:42:45.963+0000][183][info ][gc          ] GC(28) Concurrent Mark Cycle
[2025-09-09T08:42:45.964+0000][183][info ][gc,marking  ] GC(28) Concurrent Scan Root Regions
[2025-09-09T08:42:45.987+0000][183][info ][gc,marking  ] GC(28) Concurrent Scan Root Regions 23.590ms
[2025-09-09T08:42:45.988+0000][183][info ][gc,marking  ] GC(28) Concurrent Mark
[2025-09-09T08:42:45.989+0000][183][info ][gc,marking  ] GC(28) Concurrent Mark From Roots
[2025-09-09T08:42:45.989+0000][183][info ][gc,task     ] GC(28) Using 2 workers of 2 for marking
[2025-09-09T08:42:46.107+0000][183][info ][gc,marking  ] GC(28) Concurrent Mark From Roots 118.639ms
[2025-09-09T08:42:46.107+0000][183][info ][gc,marking  ] GC(28) Concurrent Preclean
[2025-09-09T08:42:46.108+0000][183][info ][gc,marking  ] GC(28) Concurrent Preclean 0.281ms
[2025-09-09T08:42:46.108+0000][183][info ][gc,start    ] GC(28) Pause Remark
[2025-09-09T08:42:46.231+0000][183][info ][gc          ] GC(28) Pause Remark 162M->162M(1024M) 123.629ms
[2025-09-09T08:42:46.232+0000][183][info ][gc,cpu      ] GC(28) User=0.71s Sys=0.01s Real=0.12s
[2025-09-09T08:42:46.232+0000][183][info ][safepoint   ] Safepoint "G1PauseRemark", Time since last: 144608333 ns, Reaching safepoint: 15500 ns, Cleanup: 3125 ns, At safepoint: 123899042 ns, Total: 123917667 ns
[2025-09-09T08:42:46.232+0000][183][info ][gc,marking  ] GC(28) Concurrent Mark 243.881ms
[2025-09-09T08:42:46.233+0000][183][info ][gc,marking  ] GC(28) Concurrent Rebuild Remembered Sets and Scrub Regions
[2025-09-09T08:42:46.288+0000][183][info ][gc,marking  ] GC(28) Concurrent Rebuild Remembered Sets and Scrub Regions 54.769ms
[2025-09-09T08:42:46.288+0000][183][info ][gc,start    ] GC(28) Pause Cleanup
[2025-09-09T08:42:46.288+0000][183][info ][gc          ] GC(28) Pause Cleanup 163M->163M(1024M) 0.169ms
[2025-09-09T08:42:46.288+0000][183][info ][gc,cpu      ] GC(28) User=0.00s Sys=0.00s Real=0.00s
[2025-09-09T08:42:46.288+0000][183][info ][safepoint   ] Safepoint "G1PauseCleanup", Time since last: 56140375 ns, Reaching safepoint: 331333 ns, Cleanup: 81167 ns, At safepoint: 287625 ns, Total: 700125 ns
[2025-09-09T08:42:46.290+0000][183][info ][gc,marking  ] GC(28) Concurrent Clear Claimed Marks
[2025-09-09T08:42:46.291+0000][183][info ][gc,marking  ] GC(28) Concurrent Clear Claimed Marks 1.057ms
[2025-09-09T08:42:46.291+0000][183][info ][gc,marking  ] GC(28) Concurrent Cleanup for Next Mark
[2025-09-09T08:42:46.299+0000][183][info ][gc,marking  ] GC(28) Concurrent Cleanup for Next Mark 7.220ms
[2025-09-09T08:42:46.299+0000][183][info ][gc          ] GC(28) Concurrent Mark Cycle 335.814ms
[2025-09-09T08:42:47.526+0000][183][info ][safepoint   ] Safepoint "Cleanup", Time since last: 1237263167 ns, Reaching safepoint: 371917 ns, Cleanup: 13291 ns, At safepoint: 9625 ns, Total: 394833 ns
[2025-09-09T08:42:50.529+0000][183][info ][safepoint   ] Safepoint "Cleanup", Time since last: 3003028627 ns, Reaching safepoint: 119708 ns, Cleanup: 17583 ns, At safepoint: 7959 ns, Total: 145250 ns
[2025-09-09T08:42:52.540+0000][183][info ][safepoint   ] Safepoint "Cleanup", Time since last: 2010241959 ns, Reaching safepoint: 42208 ns, Cleanup: 36959 ns, At safepoint: 9541 ns, Total: 88708 ns
[2025-09-09T08:42:56.574+0000][183][info ][safepoint   ] Safepoint "Cleanup", Time since last: 4034675711 ns, Reaching safepoint: 125208 ns, Cleanup: 19083 ns, At safepoint: 14042 ns, Total: 158333 ns
[2025-09-09T08:43:04.583+0000][183][info ][safepoint   ] Safepoint "Cleanup", Time since last: 8008802171 ns, Reaching safepoint: 85333 ns, Cleanup: 12667 ns, At safepoint: 6583 ns, Total: 104583 ns
[2025-09-09T08:43:06.910+0000][183][info ][safepoint   ] Safepoint "Cleanup", Time since last: 2327086543 ns, Reaching safepoint: 6916 ns, Cleanup: 12375 ns, At safepoint: 3959 ns, Total: 23250 ns
[2025-09-09T08:43:08.664+0000][183][info ][safepoint   ] Safepoint "Cleanup", Time since last: 1753873625 ns, Reaching safepoint: 21750 ns, Cleanup: 20792 ns, At safepoint: 6000 ns, Total: 48542 ns
[2025-09-09T08:43:10.372+0000][183][info ][safepoint   ] Safepoint "Cleanup", Time since last: 1707353126 ns, Reaching safepoint: 288167 ns, Cleanup: 9750 ns, At safepoint: 7958 ns, Total: 305875 ns
[2025-09-09T08:43:21.425+0000][183][info ][safepoint   ] Safepoint "Cleanup", Time since last: 11051807421 ns, Reaching safepoint: 250208 ns, Cleanup: 50292 ns, At safepoint: 16917 ns, Total: 317417 ns
[2025-09-09T08:43:22.427+0000][183][info ][safepoint   ] Safepoint "Cleanup", Time since last: 1001875917 ns, Reaching safepoint: 20875 ns, Cleanup: 16125 ns, At safepoint: 6041 ns, Total: 43041 ns
[2025-09-09T08:43:25.736+0000][183][info ][safepoint   ] Safepoint "Cleanup", Time since last: 3309222794 ns, Reaching safepoint: 3333 ns, Cleanup: 10208 ns, At safepoint: 5167 ns, Total: 18708 ns
[2025-09-09T08:43:26.751+0000][183][info ][safepoint   ] Safepoint "Cleanup", Time since last: 1014967750 ns, Reaching safepoint: 52042 ns, Cleanup: 28167 ns, At safepoint: 7250 ns, Total: 87459 ns
[2025-09-09T08:43:28.753+0000][183][info ][safepoint   ] Safepoint "Cleanup", Time since last: 2001895542 ns, Reaching safepoint: 25417 ns, Cleanup: 12458 ns, At safepoint: 6500 ns, Total: 44375 ns
[2025-09-09T08:43:43.766+0000][183][info ][safepoint   ] Safepoint "Cleanup", Time since last: 15012714590 ns, Reaching safepoint: 116375 ns, Cleanup: 26625 ns, At safepoint: 6667 ns, Total: 149667 ns
[2025-09-09T08:43:49.809+0000][183][info ][safepoint   ] Safepoint "Cleanup", Time since last: 6042921878 ns, Reaching safepoint: 28416 ns, Cleanup: 31084 ns, At safepoint: 21625 ns, Total: 81125 ns
[2025-09-09T08:43:50.855+0000][183][info ][safepoint   ] Safepoint "Cleanup", Time since last: 1045657459 ns, Reaching safepoint: 4083 ns, Cleanup: 14208 ns, At safepoint: 4459 ns, Total: 22750 ns
[2025-09-09T08:43:54.892+0000][183][info ][safepoint   ] Safepoint "Cleanup", Time since last: 4037645585 ns, Reaching safepoint: 16625 ns, Cleanup: 7875 ns, At safepoint: 6792 ns, Total: 31292 ns
[2025-09-09T08:43:56.889+0000][183][info ][safepoint   ] Safepoint "Cleanup", Time since last: 1996537876 ns, Reaching safepoint: 21750 ns, Cleanup: 17625 ns, At safepoint: 8208 ns, Total: 47583 ns
[2025-09-09T08:43:57.890+0000][183][info ][safepoint   ] Safepoint "Cleanup", Time since last: 1001149917 ns, Reaching safepoint: 10750 ns, Cleanup: 13750 ns, At safepoint: 7292 ns, Total: 31792 ns
[2025-09-09T08:44:11.904+0000][183][info ][safepoint   ] Safepoint "Cleanup", Time since last: 14012872506 ns, Reaching safepoint: 790875 ns, Cleanup: 112917 ns, At safepoint: 16792 ns, Total: 920584 ns
[2025-09-09T08:44:13.906+0000][183][info ][safepoint   ] Safepoint "Cleanup", Time since last: 2002428542 ns, Reaching safepoint: 55417 ns, Cleanup: 16750 ns, At safepoint: 6666 ns, Total: 78833 ns
[2025-09-09T08:44:23.924+0000][183][info ][safepoint   ] Safepoint "Cleanup", Time since last: 10016494880 ns, Reaching safepoint: 1030000 ns, Cleanup: 59875 ns, At safepoint: 12542 ns, Total: 1102417 ns
[2025-09-09T08:44:35.214+0000][183][info ][safepoint   ] Safepoint "Cleanup", Time since last: 11290095338 ns, Reaching safepoint: 52917 ns, Cleanup: 24000 ns, At safepoint: 11667 ns, Total: 88584 ns
[2025-09-09T08:44:36.216+0000][183][info ][safepoint   ] Safepoint "Cleanup", Time since last: 1001420667 ns, Reaching safepoint: 14000 ns, Cleanup: 13625 ns, At safepoint: 5458 ns, Total: 33083 ns
[2025-09-09T08:44:37.217+0000][183][info ][safepoint   ] Safepoint "Cleanup", Time since last: 1001203292 ns, Reaching safepoint: 15792 ns, Cleanup: 17958 ns, At safepoint: 6292 ns, Total: 40042 ns
[2025-09-09T08:44:40.222+0000][183][info ][safepoint   ] Safepoint "Cleanup", Time since last: 3003486085 ns, Reaching safepoint: 1547875 ns, Cleanup: 23917 ns, At safepoint: 42750 ns, Total: 1614542 ns
[2025-09-09T08:44:42.224+0000][183][info ][safepoint   ] Safepoint "Cleanup", Time since last: 2002012750 ns, Reaching safepoint: 67959 ns, Cleanup: 22916 ns, At safepoint: 16709 ns, Total: 107584 ns
[2025-09-09T08:44:43.226+0000][183][info ][safepoint   ] Safepoint "Cleanup", Time since last: 1001757624 ns, Reaching safepoint: 14625 ns, Cleanup: 12959 ns, At safepoint: 5083 ns, Total: 32667 ns
[2025-09-09T08:44:44.228+0000][183][info ][safepoint   ] Safepoint "Cleanup", Time since last: 1001503917 ns, Reaching safepoint: 18292 ns, Cleanup: 20958 ns, At safepoint: 9750 ns, Total: 49000 ns
[2025-09-09T08:44:50.234+0000][183][info ][safepoint   ] Safepoint "Cleanup", Time since last: 6005934336 ns, Reaching safepoint: 28000 ns, Cleanup: 16834 ns, At safepoint: 10958 ns, Total: 55792 ns
[2025-09-09T08:44:51.236+0000][183][info ][safepoint   ] Safepoint "Cleanup", Time since last: 1001731375 ns, Reaching safepoint: 183084 ns, Cleanup: 32458 ns, At safepoint: 14958 ns, Total: 230500 ns
[2025-09-09T08:44:52.962+0000][183][info ][safepoint   ] Safepoint "Cleanup", Time since last: 1726484710 ns, Reaching safepoint: 62708 ns, Cleanup: 88917 ns, At safepoint: 23833 ns, Total: 175458 ns
[2025-09-09T08:44:55.033+0000][183][info ][safepoint   ] Safepoint "Cleanup", Time since last: 2070642751 ns, Reaching safepoint: 13125 ns, Cleanup: 22708 ns, At safepoint: 4917 ns, Total: 40750 ns
[2025-09-09T08:44:57.922+0000][183][info ][safepoint   ] Safepoint "Cleanup", Time since last: 2888565460 ns, Reaching safepoint: 5833 ns, Cleanup: 6833 ns, At safepoint: 1709 ns, Total: 14375 ns
[2025-09-09T08:44:59.048+0000][183][info ][safepoint   ] Safepoint "Cleanup", Time since last: 1126701167 ns, Reaching safepoint: 38208 ns, Cleanup: 37417 ns, At safepoint: 13417 ns, Total: 89042 ns
[2025-09-09T08:45:03.087+0000][183][info ][safepoint   ] Safepoint "Cleanup", Time since last: 4038753918 ns, Reaching safepoint: 173292 ns, Cleanup: 24583 ns, At safepoint: 10167 ns, Total: 208042 ns
[2025-09-09T08:45:07.090+0000][183][info ][safepoint   ] Safepoint "Cleanup", Time since last: 4003100877 ns, Reaching safepoint: 43833 ns, Cleanup: 25000 ns, At safepoint: 11458 ns, Total: 80291 ns
[2025-09-09T08:45:30.270+0000][183][info ][safepoint   ] Safepoint "Cleanup", Time since last: 23179880969 ns, Reaching safepoint: 83542 ns, Cleanup: 75166 ns, At safepoint: 18750 ns, Total: 177458 ns
[2025-09-09T08:45:31.272+0000][183][info ][safepoint   ] Safepoint "Cleanup", Time since last: 1001528293 ns, Reaching safepoint: 12208 ns, Cleanup: 8750 ns, At safepoint: 5625 ns, Total: 26583 ns
[2025-09-09T08:45:36.279+0000][183][info ][safepoint   ] Safepoint "Cleanup", Time since last: 5006653669 ns, Reaching safepoint: 14542 ns, Cleanup: 11041 ns, At safepoint: 7250 ns, Total: 32833 ns
[2025-09-09T08:45:37.280+0000][183][info ][safepoint   ] Safepoint "Cleanup", Time since last: 1001010251 ns, Reaching safepoint: 31916 ns, Cleanup: 15125 ns, At safepoint: 8500 ns, Total: 55541 ns
[2025-09-09T08:45:38.281+0000][183][info ][safepoint   ] Safepoint "Cleanup", Time since last: 1001214293 ns, Reaching safepoint: 11416 ns, Cleanup: 12500 ns, At safepoint: 5417 ns, Total: 29333 ns
[2025-09-09T08:45:54.955+0000][183][info ][safepoint   ] Safepoint "Cleanup", Time since last: 16673498424 ns, Reaching safepoint: 6500 ns, Cleanup: 11375 ns, At safepoint: 2000 ns, Total: 19875 ns
[2025-09-09T08:45:56.210+0000][183][info ][safepoint   ] Safepoint "Cleanup", Time since last: 1254803959 ns, Reaching safepoint: 345417 ns, Cleanup: 50208 ns, At safepoint: 28334 ns, Total: 423959 ns
[2025-09-09T08:45:57.212+0000][183][info ][safepoint   ] Safepoint "Cleanup", Time since last: 1001225250 ns, Reaching safepoint: 19125 ns, Cleanup: 44000 ns, At safepoint: 7417 ns, Total: 70542 ns
[2025-09-09T08:45:58.213+0000][183][info ][safepoint   ] Safepoint "Cleanup", Time since last: 1001114292 ns, Reaching safepoint: 29708 ns, Cleanup: 28500 ns, At safepoint: 8750 ns, Total: 66958 ns
[2025-09-09T08:46:00.215+0000][183][info ][safepoint   ] Safepoint "Cleanup", Time since last: 2002213126 ns, Reaching safepoint: 20083 ns, Cleanup: 17959 ns, At safepoint: 8625 ns, Total: 46667 ns
[2025-09-09T08:46:01.223+0000][183][info ][safepoint   ] Safepoint "Cleanup", Time since last: 1007761125 ns, Reaching safepoint: 3417 ns, Cleanup: 19958 ns, At safepoint: 8292 ns, Total: 31667 ns
[2025-09-09T08:46:06.245+0000][183][info ][safepoint   ] Safepoint "Cleanup", Time since last: 5021819586 ns, Reaching safepoint: 128541 ns, Cleanup: 30334 ns, At safepoint: 13583 ns, Total: 172458 ns
[2025-09-09T08:46:11.250+0000][183][info ][safepoint   ] Safepoint "Cleanup", Time since last: 5005004336 ns, Reaching safepoint: 200291 ns, Cleanup: 30625 ns, At safepoint: 15834 ns, Total: 246750 ns
[2025-09-09T08:46:14.254+0000][183][info ][safepoint   ] Safepoint "Cleanup", Time since last: 3003597000 ns, Reaching safepoint: 22959 ns, Cleanup: 11000 ns, At safepoint: 5416 ns, Total: 39375 ns
[2025-09-09T08:46:55.386+0000][183][info ][safepoint   ] Safepoint "Cleanup", Time since last: 41132056520 ns, Reaching safepoint: 32291 ns, Cleanup: 11667 ns, At safepoint: 7125 ns, Total: 51083 ns
[2025-09-09T08:46:57.965+0000][183][info ][safepoint   ] Safepoint "Cleanup", Time since last: 2578720210 ns, Reaching safepoint: 26083 ns, Cleanup: 12125 ns, At safepoint: 1917 ns, Total: 40125 ns
[2025-09-09T08:46:59.370+0000][183][info ][safepoint   ] Safepoint "Cleanup", Time since last: 1405232334 ns, Reaching safepoint: 23625 ns, Cleanup: 58291 ns, At safepoint: 11750 ns, Total: 93666 ns
[2025-09-09T08:47:04.387+0000][183][info ][safepoint   ] Safepoint "Cleanup", Time since last: 5017336961 ns, Reaching safepoint: 3750 ns, Cleanup: 5750 ns, At safepoint: 2000 ns, Total: 11500 ns
[2025-09-09T08:47:30.485+0000][183][info ][safepoint   ] Safepoint "Cleanup", Time since last: 26096996845 ns, Reaching safepoint: 45625 ns, Cleanup: 17917 ns, At safepoint: 8292 ns, Total: 71834 ns
[2025-09-09T08:47:35.490+0000][183][info ][safepoint   ] Safepoint "Cleanup", Time since last: 5005251252 ns, Reaching safepoint: 44292 ns, Cleanup: 23291 ns, At safepoint: 9250 ns, Total: 76833 ns
[2025-09-09T08:47:43.498+0000][183][info ][safepoint   ] Safepoint "Cleanup", Time since last: 8008084545 ns, Reaching safepoint: 16958 ns, Cleanup: 15375 ns, At safepoint: 4583 ns, Total: 36916 ns
[2025-09-09T08:47:45.500+0000][183][info ][safepoint   ] Safepoint "Cleanup", Time since last: 2001743710 ns, Reaching safepoint: 14125 ns, Cleanup: 10750 ns, At safepoint: 8208 ns, Total: 33083 ns
[2025-09-09T08:47:50.505+0000][183][info ][safepoint   ] Safepoint "Cleanup", Time since last: 5004983711 ns, Reaching safepoint: 165500 ns, Cleanup: 22041 ns, At safepoint: 6667 ns, Total: 194208 ns
[2025-09-09T08:47:57.512+0000][183][info ][safepoint   ] Safepoint "Cleanup", Time since last: 7006279337 ns, Reaching safepoint: 11750 ns, Cleanup: 19833 ns, At safepoint: 6875 ns, Total: 38458 ns
[2025-09-09T08:48:00.514+0000][183][info ][safepoint   ] Safepoint "Cleanup", Time since last: 3002629002 ns, Reaching safepoint: 21916 ns, Cleanup: 11584 ns, At safepoint: 7291 ns, Total: 40791 ns
[2025-09-09T08:48:01.538+0000][183][info ][safepoint   ] Safepoint "Cleanup", Time since last: 1023589417 ns, Reaching safepoint: 5667 ns, Cleanup: 31167 ns, At safepoint: 6416 ns, Total: 43250 ns
[2025-09-09T08:48:02.569+0000][183][info ][safepoint   ] Safepoint "Cleanup", Time since last: 1031213876 ns, Reaching safepoint: 39000 ns, Cleanup: 26042 ns, At safepoint: 6875 ns, Total: 71917 ns
[2025-09-09T08:48:05.572+0000][183][info ][safepoint   ] Safepoint "Cleanup", Time since last: 3002932959 ns, Reaching safepoint: 47167 ns, Cleanup: 57417 ns, At safepoint: 13666 ns, Total: 118250 ns
[2025-09-09T08:48:06.967+0000][183][info ][safepoint   ] Safepoint "Cleanup", Time since last: 1394336793 ns, Reaching safepoint: 4000 ns, Cleanup: 10625 ns, At safepoint: 1750 ns, Total: 16375 ns
[2025-09-09T08:48:08.624+0000][183][info ][safepoint   ] Safepoint "Cleanup", Time since last: 1657203417 ns, Reaching safepoint: 32875 ns, Cleanup: 46958 ns, At safepoint: 5375 ns, Total: 85208 ns
[2025-09-09T08:48:09.760+0000][183][info ][safepoint   ] Safepoint "Cleanup", Time since last: 1135555959 ns, Reaching safepoint: 4959 ns, Cleanup: 6000 ns, At safepoint: 1625 ns, Total: 12584 ns
[2025-09-09T08:48:11.662+0000][183][info ][safepoint   ] Safepoint "Cleanup", Time since last: 1902336501 ns, Reaching safepoint: 227000 ns, Cleanup: 66458 ns, At safepoint: 14625 ns, Total: 308083 ns
[2025-09-09T08:48:15.954+0000][183][info ][gc,start    ] GC(29) Pause Young (Prepare Mixed) (G1 Evacuation Pause)
[2025-09-09T08:48:15.955+0000][183][info ][gc,task     ] GC(29) Using 8 workers of 8 for evacuation
[2025-09-09T08:48:15.955+0000][183][debug][gc,age      ] GC(29) Desired survivor size 41943040 bytes, new threshold 15 (max threshold 15)
[2025-09-09T08:48:16.009+0000][183][info ][gc,phases   ] GC(29)   Pre Evacuate Collection Set: 0.59ms
[2025-09-09T08:48:16.010+0000][183][info ][gc,phases   ] GC(29)   Merge Heap Roots: 0.23ms
[2025-09-09T08:48:16.010+0000][183][info ][gc,phases   ] GC(29)   Evacuate Collection Set: 45.65ms
[2025-09-09T08:48:16.010+0000][183][info ][gc,phases   ] GC(29)   Post Evacuate Collection Set: 6.64ms
[2025-09-09T08:48:16.010+0000][183][info ][gc,phases   ] GC(29)   Other: 0.85ms
[2025-09-09T08:48:16.010+0000][183][trace][gc,age      ] GC(29) Age table with threshold 15 (max threshold 15)
[2025-09-09T08:48:16.010+0000][183][trace][gc,age      ] GC(29) - age   1:    1153064 bytes,    1153064 total
[2025-09-09T08:48:16.010+0000][183][trace][gc,age      ] GC(29) - age   2:      74984 bytes,    1228048 total
[2025-09-09T08:48:16.010+0000][183][trace][gc,age      ] GC(29) - age   3:      57048 bytes,    1285096 total
[2025-09-09T08:48:16.010+0000][183][trace][gc,age      ] GC(29) - age   4:      38840 bytes,    1323936 total
[2025-09-09T08:48:16.010+0000][183][trace][gc,age      ] GC(29) - age   5:      95744 bytes,    1419680 total
[2025-09-09T08:48:16.010+0000][183][trace][gc,age      ] GC(29) - age   6:      36920 bytes,    1456600 total
[2025-09-09T08:48:16.010+0000][183][trace][gc,age      ] GC(29) - age   7:     333304 bytes,    1789904 total
[2025-09-09T08:48:16.010+0000][183][trace][gc,age      ] GC(29) - age   8:    1482896 bytes,    3272800 total
[2025-09-09T08:48:16.010+0000][183][trace][gc,age      ] GC(29) - age   9:    3730184 bytes,    7002984 total
[2025-09-09T08:48:16.010+0000][183][trace][gc,age      ] GC(29) - age  10:    2674584 bytes,    9677568 total
[2025-09-09T08:48:16.010+0000][183][trace][gc,age      ] GC(29) - age  11:   18444064 bytes,   28121632 total
[2025-09-09T08:48:16.010+0000][183][trace][gc,age      ] GC(29) - age  12:       4440 bytes,   28126072 total
[2025-09-09T08:48:16.010+0000][183][info ][gc,heap     ] GC(29) Eden regions: 145->0(145)
[2025-09-09T08:48:16.011+0000][183][info ][gc,heap     ] GC(29) Survivor regions: 8->8(20)
[2025-09-09T08:48:16.011+0000][183][info ][gc,heap     ] GC(29) Old regions: 29->29
[2025-09-09T08:48:16.011+0000][183][info ][gc,heap     ] GC(29) Humongous regions: 2->2
[2025-09-09T08:48:16.011+0000][183][info ][gc,metaspace] GC(29) Metaspace: 156777K(162496K)->156777K(162496K) NonClass: 135692K(138752K)->135692K(138752K) Class: 21084K(23744K)->21084K(23744K)
[2025-09-09T08:48:16.011+0000][183][info ][gc          ] GC(29) Pause Young (Prepare Mixed) (G1 Evacuation Pause) 732M->151M(1024M) 56.568ms
[2025-09-09T08:48:16.011+0000][183][info ][gc,cpu      ] GC(29) User=0.34s Sys=0.00s Real=0.06s
[2025-09-09T08:48:16.011+0000][183][info ][safepoint   ] Safepoint "G1CollectForAllocation", Time since last: 4292035835 ns, Reaching safepoint: 9750 ns, Cleanup: 8916 ns, At safepoint: 56736042 ns, Total: 56754708 ns
[2025-09-09T08:48:22.015+0000][183][info ][safepoint   ] Safepoint "Cleanup", Time since last: 6004534711 ns, Reaching safepoint: 21542 ns, Cleanup: 14625 ns, At safepoint: 7791 ns, Total: 43958 ns
[2025-09-09T08:48:34.539+0000][183][info ][safepoint   ] Safepoint "Cleanup", Time since last: 12523852048 ns, Reaching safepoint: 15833 ns, Cleanup: 12709 ns, At safepoint: 5250 ns, Total: 33792 ns
[2025-09-09T08:48:35.541+0000][183][info ][safepoint   ] Safepoint "Cleanup", Time since last: 1001846584 ns, Reaching safepoint: 14541 ns, Cleanup: 14500 ns, At safepoint: 7875 ns, Total: 36916 ns
[2025-09-09T08:48:46.553+0000][183][info ][safepoint   ] Safepoint "Cleanup", Time since last: 11010873630 ns, Reaching safepoint: 134167 ns, Cleanup: 20500 ns, At safepoint: 9042 ns, Total: 163709 ns
[2025-09-09T08:48:55.563+0000][183][info ][safepoint   ] Safepoint "Cleanup", Time since last: 9010417087 ns, Reaching safepoint: 183042 ns, Cleanup: 41583 ns, At safepoint: 17084 ns, Total: 241709 ns
[2025-09-09T08:48:56.564+0000][183][info ][safepoint   ] Safepoint "Cleanup", Time since last: 1000895958 ns, Reaching safepoint: 15709 ns, Cleanup: 10541 ns, At safepoint: 5500 ns, Total: 31750 ns
[2025-09-09T08:49:03.990+0000][183][info ][safepoint   ] Safepoint "Cleanup", Time since last: 7425806254 ns, Reaching safepoint: 5292 ns, Cleanup: 10208 ns, At safepoint: 1583 ns, Total: 17083 ns
[2025-09-09T08:49:05.791+0000][183][info ][safepoint   ] Safepoint "Cleanup", Time since last: 1801107584 ns, Reaching safepoint: 61875 ns, Cleanup: 152709 ns, At safepoint: 21708 ns, Total: 236292 ns
[2025-09-09T08:49:09.975+0000][183][info ][safepoint   ] Safepoint "Cleanup", Time since last: 4184011502 ns, Reaching safepoint: 52958 ns, Cleanup: 17625 ns, At safepoint: 5209 ns, Total: 75792 ns
[2025-09-09T08:49:13.830+0000][183][info ][safepoint   ] Safepoint "Cleanup", Time since last: 3853875584 ns, Reaching safepoint: 14167 ns, Cleanup: 11583 ns, At safepoint: 2834 ns, Total: 28584 ns
[2025-09-09T08:49:21.839+0000][183][info ][safepoint   ] Safepoint "Cleanup", Time since last: 8008891253 ns, Reaching safepoint: 63042 ns, Cleanup: 21375 ns, At safepoint: 12333 ns, Total: 96750 ns
[2025-09-09T08:49:30.670+0000][183][info ][safepoint   ] Safepoint "Cleanup", Time since last: 8831405421 ns, Reaching safepoint: 21875 ns, Cleanup: 15042 ns, At safepoint: 10667 ns, Total: 47584 ns
[2025-09-09T08:49:36.678+0000][183][info ][safepoint   ] Safepoint "Cleanup", Time since last: 6006777377 ns, Reaching safepoint: 1013542 ns, Cleanup: 9750 ns, At safepoint: 8875 ns, Total: 1032167 ns
[2025-09-09T08:49:56.699+0000][183][info ][safepoint   ] Safepoint "Cleanup", Time since last: 20021151301 ns, Reaching safepoint: 125125 ns, Cleanup: 22583 ns, At safepoint: 11458 ns, Total: 159166 ns
[2025-09-09T08:49:58.702+0000][183][info ][safepoint   ] Safepoint "Cleanup", Time since last: 2002843376 ns, Reaching safepoint: 61000 ns, Cleanup: 23917 ns, At safepoint: 24958 ns, Total: 109875 ns
[2025-09-09T08:50:01.705+0000][183][info ][safepoint   ] Safepoint "Cleanup", Time since last: 3002814960 ns, Reaching safepoint: 46708 ns, Cleanup: 29667 ns, At safepoint: 10458 ns, Total: 86833 ns
[2025-09-09T08:50:06.999+0000][183][info ][safepoint   ] Safepoint "Cleanup", Time since last: 5294557086 ns, Reaching safepoint: 5084 ns, Cleanup: 14625 ns, At safepoint: 6666 ns, Total: 26375 ns
[2025-09-09T08:50:08.960+0000][183][info ][safepoint   ] Safepoint "Cleanup", Time since last: 1960796293 ns, Reaching safepoint: 28750 ns, Cleanup: 18542 ns, At safepoint: 6458 ns, Total: 53750 ns
[2025-09-09T08:50:12.983+0000][183][info ][safepoint   ] Safepoint "Cleanup", Time since last: 4022260668 ns, Reaching safepoint: 3125 ns, Cleanup: 7542 ns, At safepoint: 1583 ns, Total: 12250 ns
[2025-09-09T08:50:13.990+0000][183][info ][safepoint   ] Safepoint "Cleanup", Time since last: 1006461625 ns, Reaching safepoint: 5375 ns, Cleanup: 46625 ns, At safepoint: 8000 ns, Total: 60000 ns
[2025-09-09T08:50:46.791+0000][183][info ][safepoint   ] Safepoint "Cleanup", Time since last: 32800702224 ns, Reaching safepoint: 262625 ns, Cleanup: 29875 ns, At safepoint: 12625 ns, Total: 305125 ns
[2025-09-09T08:50:49.794+0000][183][info ][safepoint   ] Safepoint "Cleanup", Time since last: 3003482210 ns, Reaching safepoint: 13583 ns, Cleanup: 9625 ns, At safepoint: 5458 ns, Total: 28666 ns
[2025-09-09T08:50:56.803+0000][183][info ][safepoint   ] Safepoint "Cleanup", Time since last: 7008321337 ns, Reaching safepoint: 14833 ns, Cleanup: 14209 ns, At safepoint: 6125 ns, Total: 35167 ns
[2025-09-09T08:50:59.806+0000][183][info ][safepoint   ] Safepoint "Cleanup", Time since last: 3003578085 ns, Reaching safepoint: 24666 ns, Cleanup: 18042 ns, At safepoint: 12042 ns, Total: 54750 ns
[2025-09-09T08:51:22.163+0000][183][info ][safepoint   ] Safepoint "Cleanup", Time since last: 22356245177 ns, Reaching safepoint: 260458 ns, Cleanup: 27500 ns, At safepoint: 11000 ns, Total: 298958 ns
[2025-09-09T08:51:49.015+0000][183][info ][safepoint   ] Safepoint "Cleanup", Time since last: 26851369262 ns, Reaching safepoint: 43084 ns, Cleanup: 14083 ns, At safepoint: 5333 ns, Total: 62500 ns
[2025-09-09T08:52:08.032+0000][183][info ][safepoint   ] Safepoint "Cleanup", Time since last: 19017171884 ns, Reaching safepoint: 14667 ns, Cleanup: 12542 ns, At safepoint: 4708 ns, Total: 31917 ns
[2025-09-09T08:52:13.020+0000][183][info ][safepoint   ] Safepoint "Cleanup", Time since last: 4988002627 ns, Reaching safepoint: 6542 ns, Cleanup: 13500 ns, At safepoint: 14666 ns, Total: 34708 ns
[2025-09-09T08:52:14.311+0000][183][info ][safepoint   ] Safepoint "Cleanup", Time since last: 1290499292 ns, Reaching safepoint: 49584 ns, Cleanup: 13833 ns, At safepoint: 9208 ns, Total: 72625 ns
[2025-09-09T08:52:18.315+0000][183][info ][safepoint   ] Safepoint "Cleanup", Time since last: 4004360502 ns, Reaching safepoint: 17500 ns, Cleanup: 11334 ns, At safepoint: 4000 ns, Total: 32834 ns
[2025-09-09T08:52:19.327+0000][183][info ][safepoint   ] Safepoint "Cleanup", Time since last: 1011714000 ns, Reaching safepoint: 13917 ns, Cleanup: 18083 ns, At safepoint: 8375 ns, Total: 40375 ns
[2025-09-09T08:52:20.341+0000][183][info ][safepoint   ] Safepoint "Cleanup", Time since last: 1014067751 ns, Reaching safepoint: 17583 ns, Cleanup: 12333 ns, At safepoint: 5375 ns, Total: 35291 ns
[2025-09-09T08:52:33.201+0000][183][info ][safepoint   ] Safepoint "Cleanup", Time since last: 12859926298 ns, Reaching safepoint: 18875 ns, Cleanup: 14042 ns, At safepoint: 6125 ns, Total: 39042 ns
[2025-09-09T08:52:34.202+0000][183][info ][safepoint   ] Safepoint "Cleanup", Time since last: 1000920875 ns, Reaching safepoint: 21334 ns, Cleanup: 11833 ns, At safepoint: 6583 ns, Total: 39750 ns
[2025-09-09T08:52:36.204+0000][183][info ][safepoint   ] Safepoint "Cleanup", Time since last: 2001985418 ns, Reaching safepoint: 41125 ns, Cleanup: 19333 ns, At safepoint: 9875 ns, Total: 70333 ns
[2025-09-09T08:52:44.213+0000][183][info ][safepoint   ] Safepoint "Cleanup", Time since last: 8008270879 ns, Reaching safepoint: 36666 ns, Cleanup: 12875 ns, At safepoint: 5875 ns, Total: 55416 ns
[2025-09-09T08:53:05.234+0000][183][info ][safepoint   ] Safepoint "Cleanup", Time since last: 21021590094 ns, Reaching safepoint: 13708 ns, Cleanup: 9958 ns, At safepoint: 2917 ns, Total: 26583 ns
[2025-09-09T08:53:07.236+0000][183][info ][safepoint   ] Safepoint "Cleanup", Time since last: 2002176043 ns, Reaching safepoint: 16875 ns, Cleanup: 13041 ns, At safepoint: 4834 ns, Total: 34750 ns
[2025-09-09T08:53:10.025+0000][183][info ][safepoint   ] Safepoint "Cleanup", Time since last: 2788386334 ns, Reaching safepoint: 5000 ns, Cleanup: 8042 ns, At safepoint: 1542 ns, Total: 14584 ns
[2025-09-09T08:53:11.469+0000][183][info ][safepoint   ] Safepoint "Cleanup", Time since last: 1443803459 ns, Reaching safepoint: 28083 ns, Cleanup: 24292 ns, At safepoint: 9666 ns, Total: 62041 ns
[2025-09-09T08:53:12.507+0000][183][info ][safepoint   ] Safepoint "Cleanup", Time since last: 1037893293 ns, Reaching safepoint: 682875 ns, Cleanup: 29333 ns, At safepoint: 10292 ns, Total: 722500 ns
[2025-09-09T08:53:14.419+0000][183][info ][safepoint   ] Safepoint "Cleanup", Time since last: 1911905333 ns, Reaching safepoint: 21750 ns, Cleanup: 16542 ns, At safepoint: 9333 ns, Total: 47625 ns
[2025-09-09T08:53:15.421+0000][183][info ][safepoint   ] Safepoint "Cleanup", Time since last: 1001079542 ns, Reaching safepoint: 22042 ns, Cleanup: 16333 ns, At safepoint: 4459 ns, Total: 42834 ns
[2025-09-09T08:53:16.520+0000][183][info ][safepoint   ] Safepoint "Cleanup", Time since last: 1099064875 ns, Reaching safepoint: 3959 ns, Cleanup: 8958 ns, At safepoint: 8042 ns, Total: 20959 ns
[2025-09-09T08:53:21.550+0000][183][info ][safepoint   ] Safepoint "Cleanup", Time since last: 5030499127 ns, Reaching safepoint: 97833 ns, Cleanup: 10375 ns, At safepoint: 10875 ns, Total: 119083 ns
[2025-09-09T08:53:22.560+0000][183][info ][safepoint   ] Safepoint "Cleanup", Time since last: 1009430709 ns, Reaching safepoint: 3833 ns, Cleanup: 42709 ns, At safepoint: 8916 ns, Total: 55458 ns
[2025-09-09T08:53:40.360+0000][183][info ][safepoint   ] Safepoint "Cleanup", Time since last: 17799601259 ns, Reaching safepoint: 90333 ns, Cleanup: 49250 ns, At safepoint: 10542 ns, Total: 150125 ns
[2025-09-09T08:53:43.363+0000][183][info ][safepoint   ] Safepoint "Cleanup", Time since last: 3003853209 ns, Reaching safepoint: 16083 ns, Cleanup: 14458 ns, At safepoint: 5417 ns, Total: 35958 ns
[2025-09-09T08:53:49.371+0000][183][info ][safepoint   ] Safepoint "Cleanup", Time since last: 6007538461 ns, Reaching safepoint: 151250 ns, Cleanup: 36292 ns, At safepoint: 14167 ns, Total: 201709 ns
[2025-09-09T08:53:57.379+0000][183][info ][safepoint   ] Safepoint "Cleanup", Time since last: 8008576878 ns, Reaching safepoint: 37917 ns, Cleanup: 23708 ns, At safepoint: 6042 ns, Total: 67667 ns
[2025-09-09T08:54:07.390+0000][183][info ][safepoint   ] Safepoint "Cleanup", Time since last: 10009965296 ns, Reaching safepoint: 534500 ns, Cleanup: 64167 ns, At safepoint: 11542 ns, Total: 610209 ns
[2025-09-09T08:54:13.398+0000][183][info ][safepoint   ] Safepoint "Cleanup", Time since last: 6007009627 ns, Reaching safepoint: 15458 ns, Cleanup: 14584 ns, At safepoint: 3500 ns, Total: 33542 ns
[2025-09-09T08:54:19.040+0000][183][info ][gc,start    ] GC(30) Pause Young (Mixed) (G1 Evacuation Pause)
[2025-09-09T08:54:19.041+0000][183][info ][gc,task     ] GC(30) Using 8 workers of 8 for evacuation
[2025-09-09T08:54:19.041+0000][183][debug][gc,age      ] GC(30) Desired survivor size 41943040 bytes, new threshold 15 (max threshold 15)
[2025-09-09T08:54:19.107+0000][183][info ][gc,phases   ] GC(30)   Pre Evacuate Collection Set: 0.75ms
[2025-09-09T08:54:19.107+0000][183][info ][gc,phases   ] GC(30)   Merge Heap Roots: 0.18ms
[2025-09-09T08:54:19.107+0000][183][info ][gc,phases   ] GC(30)   Evacuate Collection Set: 59.60ms
[2025-09-09T08:54:19.107+0000][183][info ][gc,phases   ] GC(30)   Post Evacuate Collection Set: 4.61ms
[2025-09-09T08:54:19.107+0000][183][info ][gc,phases   ] GC(30)   Other: 0.32ms
[2025-09-09T08:54:19.107+0000][183][trace][gc,age      ] GC(30) Age table with threshold 15 (max threshold 15)
[2025-09-09T08:54:19.107+0000][183][trace][gc,age      ] GC(30) - age   1:    1704464 bytes,    1704464 total
[2025-09-09T08:54:19.107+0000][183][trace][gc,age      ] GC(30) - age   2:      63640 bytes,    1768104 total
[2025-09-09T08:54:19.107+0000][183][trace][gc,age      ] GC(30) - age   3:      65256 bytes,    1833360 total
[2025-09-09T08:54:19.107+0000][183][trace][gc,age      ] GC(30) - age   4:      34608 bytes,    1867968 total
[2025-09-09T08:54:19.107+0000][183][trace][gc,age      ] GC(30) - age   5:      36568 bytes,    1904536 total
[2025-09-09T08:54:19.107+0000][183][trace][gc,age      ] GC(30) - age   6:      95680 bytes,    2000216 total
[2025-09-09T08:54:19.107+0000][183][trace][gc,age      ] GC(30) - age   7:      36920 bytes,    2037136 total
[2025-09-09T08:54:19.107+0000][183][trace][gc,age      ] GC(30) - age   8:     333304 bytes,    2370440 total
[2025-09-09T08:54:19.107+0000][183][trace][gc,age      ] GC(30) - age   9:    1482896 bytes,    3853336 total
[2025-09-09T08:54:19.107+0000][183][trace][gc,age      ] GC(30) - age  10:    3730144 bytes,    7583480 total
[2025-09-09T08:54:19.107+0000][183][trace][gc,age      ] GC(30) - age  11:    2642368 bytes,   10225848 total
[2025-09-09T08:54:19.107+0000][183][trace][gc,age      ] GC(30) - age  12:   18443984 bytes,   28669832 total
[2025-09-09T08:54:19.108+0000][183][trace][gc,age      ] GC(30) - age  13:       4440 bytes,   28674272 total
[2025-09-09T08:54:19.108+0000][183][info ][gc,heap     ] GC(30) Eden regions: 145->0(145)
[2025-09-09T08:54:19.108+0000][183][info ][gc,heap     ] GC(30) Survivor regions: 8->8(20)
[2025-09-09T08:54:19.108+0000][183][info ][gc,heap     ] GC(30) Old regions: 29->29
[2025-09-09T08:54:19.108+0000][183][info ][gc,heap     ] GC(30) Humongous regions: 2->2
[2025-09-09T08:54:19.108+0000][183][info ][gc,metaspace] GC(30) Metaspace: 156884K(162496K)->156884K(162496K) NonClass: 135796K(138752K)->135796K(138752K) Class: 21087K(23744K)->21087K(23744K)
[2025-09-09T08:54:19.108+0000][183][info ][gc          ] GC(30) Pause Young (Mixed) (G1 Evacuation Pause) 731M->151M(1024M) 67.423ms
[2025-09-09T08:54:19.108+0000][183][info ][gc,cpu      ] GC(30) User=0.43s Sys=0.00s Real=0.07s
[2025-09-09T08:54:19.108+0000][183][info ][safepoint   ] Safepoint "G1CollectForAllocation", Time since last: 5642643461 ns, Reaching safepoint: 22916 ns, Cleanup: 7792 ns, At safepoint: 67623625 ns, Total: 67654333 ns
[2025-09-09T08:54:20.719+0000][183][info ][safepoint   ] Safepoint "Cleanup", Time since last: 1611133376 ns, Reaching safepoint: 14625 ns, Cleanup: 14458 ns, At safepoint: 8209 ns, Total: 37292 ns
[2025-09-09T08:54:24.723+0000][183][info ][safepoint   ] Safepoint "Cleanup", Time since last: 4003459501 ns, Reaching safepoint: 14042 ns, Cleanup: 10667 ns, At safepoint: 4875 ns, Total: 29584 ns
[2025-09-09T08:54:25.732+0000][183][info ][safepoint   ] Safepoint "Cleanup", Time since last: 1009771917 ns, Reaching safepoint: 5375 ns, Cleanup: 19583 ns, At safepoint: 7000 ns, Total: 31958 ns
[2025-09-09T08:54:28.448+0000][183][info ][safepoint   ] Safepoint "Cleanup", Time since last: 2715469210 ns, Reaching safepoint: 180667 ns, Cleanup: 66541 ns, At safepoint: 19042 ns, Total: 266250 ns
[2025-09-09T08:54:35.455+0000][183][info ][safepoint   ] Safepoint "Cleanup", Time since last: 7006468628 ns, Reaching safepoint: 261209 ns, Cleanup: 20875 ns, At safepoint: 7166 ns, Total: 289250 ns
[2025-09-09T08:54:36.457+0000][183][info ][safepoint   ] Safepoint "Cleanup", Time since last: 1002237084 ns, Reaching safepoint: 14167 ns, Cleanup: 7166 ns, At safepoint: 5250 ns, Total: 26583 ns
[2025-09-09T08:54:37.458+0000][183][info ][safepoint   ] Safepoint "Cleanup", Time since last: 1000472293 ns, Reaching safepoint: 14791 ns, Cleanup: 12709 ns, At safepoint: 5958 ns, Total: 33458 ns
[2025-09-09T08:54:53.472+0000][183][info ][safepoint   ] Safepoint "Cleanup", Time since last: 16013916215 ns, Reaching safepoint: 83250 ns, Cleanup: 10500 ns, At safepoint: 29792 ns, Total: 123542 ns
[2025-09-09T08:55:00.478+0000][183][info ][safepoint   ] Safepoint "Cleanup", Time since last: 7006657670 ns, Reaching safepoint: 15833 ns, Cleanup: 10667 ns, At safepoint: 5208 ns, Total: 31708 ns
[2025-09-09T08:55:18.496+0000][183][info ][safepoint   ] Safepoint "Cleanup", Time since last: 18016990883 ns, Reaching safepoint: 582709 ns, Cleanup: 70833 ns, At safepoint: 29333 ns, Total: 682875 ns
[2025-09-09T08:55:22.065+0000][183][info ][safepoint   ] Safepoint "Cleanup", Time since last: 3568281669 ns, Reaching safepoint: 5416 ns, Cleanup: 7042 ns, At safepoint: 1583 ns, Total: 14041 ns
[2025-09-09T08:55:23.893+0000][183][info ][safepoint   ] Safepoint "Cleanup", Time since last: 1827457085 ns, Reaching safepoint: 922125 ns, Cleanup: 20666 ns, At safepoint: 11042 ns, Total: 953833 ns
[2025-09-09T08:55:24.895+0000][183][info ][safepoint   ] Safepoint "Cleanup", Time since last: 1001224501 ns, Reaching safepoint: 692416 ns, Cleanup: 15292 ns, At safepoint: 12833 ns, Total: 720541 ns
[2025-09-09T08:55:28.100+0000][183][info ][safepoint   ] Safepoint "Cleanup", Time since last: 3204735085 ns, Reaching safepoint: 124708 ns, Cleanup: 9792 ns, At safepoint: 40292 ns, Total: 174792 ns
[2025-09-09T08:55:29.924+0000][183][info ][safepoint   ] Safepoint "Cleanup", Time since last: 1823557834 ns, Reaching safepoint: 106708 ns, Cleanup: 17792 ns, At safepoint: 6292 ns, Total: 130792 ns
[2025-09-09T08:55:34.932+0000][183][info ][safepoint   ] Safepoint "Cleanup", Time since last: 5008322377 ns, Reaching safepoint: 28083 ns, Cleanup: 29167 ns, At safepoint: 12667 ns, Total: 69917 ns
[2025-09-09T08:55:38.934+0000][183][info ][safepoint   ] Safepoint "Cleanup", Time since last: 4002145752 ns, Reaching safepoint: 37125 ns, Cleanup: 11291 ns, At safepoint: 7125 ns, Total: 55541 ns
[2025-09-09T08:55:39.935+0000][183][info ][safepoint   ] Safepoint "Cleanup", Time since last: 1000714417 ns, Reaching safepoint: 106042 ns, Cleanup: 63667 ns, At safepoint: 19416 ns, Total: 189125 ns
[2025-09-09T08:55:53.948+0000][183][info ][safepoint   ] Safepoint "Cleanup", Time since last: 14013796507 ns, Reaching safepoint: 272208 ns, Cleanup: 25083 ns, At safepoint: 6834 ns, Total: 304125 ns
[2025-09-09T08:55:56.950+0000][183][info ][safepoint   ] Safepoint "Cleanup", Time since last: 3002056751 ns, Reaching safepoint: 92375 ns, Cleanup: 16125 ns, At safepoint: 9542 ns, Total: 118042 ns
[2025-09-09T08:55:59.954+0000][183][info ][safepoint   ] Safepoint "Cleanup", Time since last: 3003557418 ns, Reaching safepoint: 16375 ns, Cleanup: 15292 ns, At safepoint: 6333 ns, Total: 38000 ns
[2025-09-09T08:56:25.079+0000][183][info ][safepoint   ] Safepoint "Cleanup", Time since last: 25123356011 ns, Reaching safepoint: 51250 ns, Cleanup: 32000 ns, At safepoint: 11500 ns, Total: 94750 ns
[2025-09-09T08:56:26.082+0000][183][info ][safepoint   ] Safepoint "Cleanup", Time since last: 1003303209 ns, Reaching safepoint: 4583 ns, Cleanup: 15083 ns, At safepoint: 5625 ns, Total: 25291 ns
[2025-09-09T08:56:31.085+0000][183][info ][safepoint   ] Safepoint "Cleanup", Time since last: 5003391753 ns, Reaching safepoint: 16333 ns, Cleanup: 11917 ns, At safepoint: 3916 ns, Total: 32166 ns
[2025-09-09T08:56:33.120+0000][183][info ][safepoint   ] Safepoint "Cleanup", Time since last: 2033783376 ns, Reaching safepoint: 196292 ns, Cleanup: 250875 ns, At safepoint: 99375 ns, Total: 546542 ns
[2025-09-09T08:56:35.126+0000][183][info ][safepoint   ] Safepoint "Cleanup", Time since last: 2006419293 ns, Reaching safepoint: 37000 ns, Cleanup: 44708 ns, At safepoint: 11625 ns, Total: 93333 ns
[2025-09-09T08:57:00.173+0000][183][info ][safepoint   ] Safepoint "Cleanup", Time since last: 25046160886 ns, Reaching safepoint: 973500 ns, Cleanup: 85500 ns, At safepoint: 40042 ns, Total: 1099042 ns
[2025-09-09T08:57:18.194+0000][183][info ][safepoint   ] Safepoint "Cleanup", Time since last: 18019942466 ns, Reaching safepoint: 84875 ns, Cleanup: 72084 ns, At safepoint: 16291 ns, Total: 173250 ns
[2025-09-09T08:57:34.073+0000][183][info ][safepoint   ] Safepoint "Cleanup", Time since last: 15879159466 ns, Reaching safepoint: 347292 ns, Cleanup: 18917 ns, At safepoint: 9333 ns, Total: 375542 ns
[2025-09-09T08:57:46.300+0000][183][info ][safepoint   ] Safepoint "Cleanup", Time since last: 12225554005 ns, Reaching safepoint: 56250 ns, Cleanup: 31416 ns, At safepoint: 11209 ns, Total: 98875 ns
[2025-09-09T08:57:55.309+0000][183][info ][safepoint   ] Safepoint "Cleanup", Time since last: 9009315504 ns, Reaching safepoint: 216333 ns, Cleanup: 22917 ns, At safepoint: 7708 ns, Total: 246958 ns
[2025-09-09T08:57:57.311+0000][183][info ][safepoint   ] Safepoint "Cleanup", Time since last: 2001848210 ns, Reaching safepoint: 108333 ns, Cleanup: 92500 ns, At safepoint: 14625 ns, Total: 215458 ns
[2025-09-09T08:58:01.317+0000][183][info ][safepoint   ] Safepoint "Cleanup", Time since last: 4005343960 ns, Reaching safepoint: 30334 ns, Cleanup: 18250 ns, At safepoint: 13083 ns, Total: 61667 ns
[2025-09-09T08:58:02.318+0000][183][info ][safepoint   ] Safepoint "Cleanup", Time since last: 1001490084 ns, Reaching safepoint: 14541 ns, Cleanup: 19334 ns, At safepoint: 3958 ns, Total: 37833 ns
[2025-09-09T08:58:05.320+0000][183][info ][safepoint   ] Safepoint "Cleanup", Time since last: 3002319710 ns, Reaching safepoint: 15791 ns, Cleanup: 20917 ns, At safepoint: 5500 ns, Total: 42208 ns
[2025-09-09T08:58:10.090+0000][183][info ][safepoint   ] Safepoint "Cleanup", Time since last: 4769857919 ns, Reaching safepoint: 5000 ns, Cleanup: 15792 ns, At safepoint: 1416 ns, Total: 22208 ns
[2025-09-09T08:58:11.365+0000][183][info ][safepoint   ] Safepoint "Cleanup", Time since last: 1274327376 ns, Reaching safepoint: 25333 ns, Cleanup: 23500 ns, At safepoint: 8500 ns, Total: 57333 ns
[2025-09-09T08:58:14.897+0000][183][info ][safepoint   ] Safepoint "Cleanup", Time since last: 3532034543 ns, Reaching safepoint: 7750 ns, Cleanup: 15583 ns, At safepoint: 100625 ns, Total: 123958 ns
[2025-09-09T08:58:17.986+0000][183][info ][safepoint   ] Safepoint "Cleanup", Time since last: 3053344960 ns, Reaching safepoint: 35205167 ns, Cleanup: 31416 ns, At safepoint: 12209 ns, Total: 35248792 ns
[2025-09-09T08:58:25.105+0000][183][info ][safepoint   ] Safepoint "Cleanup", Time since last: 7119080420 ns, Reaching safepoint: 5083 ns, Cleanup: 73750 ns, At safepoint: 5667 ns, Total: 84500 ns
[2025-09-09T08:58:25.452+0000][183][info ][safepoint   ] Safepoint "ICBufferFull", Time since last: 344264666 ns, Reaching safepoint: 975959 ns, Cleanup: 266375 ns, At safepoint: 1661333 ns, Total: 2903667 ns
[2025-09-09T08:58:26.602+0000][183][info ][safepoint   ] Safepoint "Cleanup", Time since last: 1150174459 ns, Reaching safepoint: 19708 ns, Cleanup: 102875 ns, At safepoint: 6959 ns, Total: 129542 ns
[2025-09-09T08:58:30.000+0000][183][info ][safepoint   ] Safepoint "Cleanup", Time since last: 3397729126 ns, Reaching safepoint: 35042 ns, Cleanup: 25333 ns, At safepoint: 9625 ns, Total: 70000 ns
[2025-09-09T08:58:31.092+0000][183][info ][safepoint   ] Safepoint "Cleanup", Time since last: 1092021542 ns, Reaching safepoint: 5542 ns, Cleanup: 19417 ns, At safepoint: 7791 ns, Total: 32750 ns
[2025-09-09T08:58:32.725+0000][183][info ][safepoint   ] Safepoint "Cleanup", Time since last: 1633277543 ns, Reaching safepoint: 17417 ns, Cleanup: 22833 ns, At safepoint: 7833 ns, Total: 48083 ns
[2025-09-09T08:58:34.727+0000][183][info ][safepoint   ] Safepoint "Cleanup", Time since last: 2001543710 ns, Reaching safepoint: 51291 ns, Cleanup: 7292 ns, At safepoint: 7208 ns, Total: 65791 ns
[2025-09-09T08:58:35.728+0000][183][info ][safepoint   ] Safepoint "Cleanup", Time since last: 1001156584 ns, Reaching safepoint: 11208 ns, Cleanup: 6375 ns, At safepoint: 3542 ns, Total: 21125 ns
[2025-09-09T08:58:37.103+0000][183][info ][safepoint   ] Safepoint "Cleanup", Time since last: 1375121917 ns, Reaching safepoint: 5959 ns, Cleanup: 17375 ns, At safepoint: 5708 ns, Total: 29042 ns
[2025-09-09T08:58:38.785+0000][183][info ][safepoint   ] Safepoint "Cleanup", Time since last: 1681628001 ns, Reaching safepoint: 117166 ns, Cleanup: 98000 ns, At safepoint: 12834 ns, Total: 228000 ns
[2025-09-09T08:58:43.790+0000][183][info ][safepoint   ] Safepoint "Cleanup", Time since last: 5004983543 ns, Reaching safepoint: 850875 ns, Cleanup: 59500 ns, At safepoint: 23292 ns, Total: 933667 ns
[2025-09-09T08:58:44.796+0000][183][info ][safepoint   ] Safepoint "Cleanup", Time since last: 1005841292 ns, Reaching safepoint: 82750 ns, Cleanup: 24500 ns, At safepoint: 13541 ns, Total: 120791 ns
[2025-09-09T08:58:46.808+0000][183][info ][safepoint   ] Safepoint "Cleanup", Time since last: 2011088335 ns, Reaching safepoint: 350291 ns, Cleanup: 28792 ns, At safepoint: 10000 ns, Total: 389083 ns
[2025-09-09T08:58:56.819+0000][183][info ][safepoint   ] Safepoint "Cleanup", Time since last: 10010643921 ns, Reaching safepoint: 304042 ns, Cleanup: 37667 ns, At safepoint: 11791 ns, Total: 353500 ns
[2025-09-09T08:59:00.205+0000][183][info ][safepoint   ] Safepoint "Cleanup", Time since last: 3386507210 ns, Reaching safepoint: 24542 ns, Cleanup: 12667 ns, At safepoint: 4208 ns, Total: 41417 ns
[2025-09-09T08:59:01.277+0000][183][info ][safepoint   ] Safepoint "Cleanup", Time since last: 1071456126 ns, Reaching safepoint: 66458 ns, Cleanup: 20125 ns, At safepoint: 8750 ns, Total: 95333 ns
[2025-09-09T08:59:06.282+0000][183][info ][safepoint   ] Safepoint "Cleanup", Time since last: 5004690627 ns, Reaching safepoint: 22792 ns, Cleanup: 18875 ns, At safepoint: 6708 ns, Total: 48375 ns
[2025-09-09T08:59:10.284+0000][183][info ][safepoint   ] Safepoint "Cleanup", Time since last: 4002749210 ns, Reaching safepoint: 20292 ns, Cleanup: 36958 ns, At safepoint: 5334 ns, Total: 62584 ns
[2025-09-09T08:59:24.298+0000][183][info ][safepoint   ] Safepoint "Cleanup", Time since last: 14012071631 ns, Reaching safepoint: 95042 ns, Cleanup: 51000 ns, At safepoint: 25500 ns, Total: 171542 ns
[2025-09-09T08:59:25.299+0000][183][info ][safepoint   ] Safepoint "Cleanup", Time since last: 1001552792 ns, Reaching safepoint: 13708 ns, Cleanup: 9750 ns, At safepoint: 3292 ns, Total: 26750 ns
[2025-09-09T08:59:31.192+0000][183][info ][safepoint   ] Safepoint "Cleanup", Time since last: 5892187961 ns, Reaching safepoint: 4541 ns, Cleanup: 14875 ns, At safepoint: 1542 ns, Total: 20958 ns
[2025-09-09T08:59:31.217+0000][183][info ][gc,start    ] GC(31) Pause Young (Concurrent Start) (G1 Evacuation Pause)
[2025-09-09T08:59:31.217+0000][183][info ][gc,task     ] GC(31) Using 8 workers of 8 for evacuation
[2025-09-09T08:59:31.217+0000][183][debug][gc,age      ] GC(31) Desired survivor size 41943040 bytes, new threshold 15 (max threshold 15)
[2025-09-09T08:59:31.274+0000][183][info ][gc,phases   ] GC(31)   Pre Evacuate Collection Set: 0.58ms
[2025-09-09T08:59:31.274+0000][183][info ][gc,phases   ] GC(31)   Merge Heap Roots: 0.13ms
[2025-09-09T08:59:31.274+0000][183][info ][gc,phases   ] GC(31)   Evacuate Collection Set: 52.35ms
[2025-09-09T08:59:31.275+0000][183][info ][gc,phases   ] GC(31)   Post Evacuate Collection Set: 3.90ms
[2025-09-09T08:59:31.275+0000][183][info ][gc,phases   ] GC(31)   Other: 0.31ms
[2025-09-09T08:59:31.275+0000][183][trace][gc,age      ] GC(31) Age table with threshold 15 (max threshold 15)
[2025-09-09T08:59:31.275+0000][183][trace][gc,age      ] GC(31) - age   1:    1279472 bytes,    1279472 total
[2025-09-09T08:59:31.275+0000][183][trace][gc,age      ] GC(31) - age   2:      47960 bytes,    1327432 total
[2025-09-09T08:59:31.275+0000][183][trace][gc,age      ] GC(31) - age   3:      57760 bytes,    1385192 total
[2025-09-09T08:59:31.275+0000][183][trace][gc,age      ] GC(31) - age   4:      63992 bytes,    1449184 total
[2025-09-09T08:59:31.275+0000][183][trace][gc,age      ] GC(31) - age   5:      33864 bytes,    1483048 total
[2025-09-09T08:59:31.275+0000][183][trace][gc,age      ] GC(31) - age   6:      36440 bytes,    1519488 total
[2025-09-09T08:59:31.275+0000][183][trace][gc,age      ] GC(31) - age   7:      95352 bytes,    1614840 total
[2025-09-09T08:59:31.275+0000][183][trace][gc,age      ] GC(31) - age   8:      36920 bytes,    1651760 total
[2025-09-09T08:59:31.275+0000][183][trace][gc,age      ] GC(31) - age   9:     134624 bytes,    1786384 total
[2025-09-09T08:59:31.275+0000][183][trace][gc,age      ] GC(31) - age  10:    1469240 bytes,    3255624 total
[2025-09-09T08:59:31.275+0000][183][trace][gc,age      ] GC(31) - age  11:    3713544 bytes,    6969168 total
[2025-09-09T08:59:31.275+0000][183][trace][gc,age      ] GC(31) - age  12:    2642200 bytes,    9611368 total
[2025-09-09T08:59:31.275+0000][183][trace][gc,age      ] GC(31) - age  13:   18443496 bytes,   28054864 total
[2025-09-09T08:59:31.276+0000][183][trace][gc,age      ] GC(31) - age  14:       4440 bytes,   28059304 total
[2025-09-09T08:59:31.276+0000][183][info ][gc,heap     ] GC(31) Eden regions: 145->0(145)
[2025-09-09T08:59:31.276+0000][183][info ][gc,heap     ] GC(31) Survivor regions: 8->8(20)
[2025-09-09T08:59:31.276+0000][183][info ][gc,heap     ] GC(31) Old regions: 29->29
[2025-09-09T08:59:31.276+0000][183][info ][gc,heap     ] GC(31) Humongous regions: 2->2
[2025-09-09T08:59:31.276+0000][183][info ][gc,metaspace] GC(31) Metaspace: 157159K(162560K)->157159K(162560K) NonClass: 136034K(138816K)->136034K(138816K) Class: 21124K(23744K)->21124K(23744K)
[2025-09-09T08:59:31.276+0000][183][info ][gc          ] GC(31) Pause Young (Concurrent Start) (G1 Evacuation Pause) 731M->150M(1024M) 59.065ms
[2025-09-09T08:59:31.276+0000][183][info ][gc          ] GC(32) Concurrent Mark Cycle
[2025-09-09T08:59:31.276+0000][183][info ][gc,marking  ] GC(32) Concurrent Scan Root Regions
[2025-09-09T08:59:31.276+0000][183][info ][gc,cpu      ] GC(31) User=0.40s Sys=0.01s Real=0.06s
[2025-09-09T08:59:31.276+0000][183][info ][safepoint   ] Safepoint "G1CollectForAllocation", Time since last: 25185042 ns, Reaching safepoint: 7125 ns, Cleanup: 7750 ns, At safepoint: 59575208 ns, Total: 59590083 ns
[2025-09-09T08:59:31.288+0000][183][info ][gc,marking  ] GC(32) Concurrent Scan Root Regions 12.020ms
[2025-09-09T08:59:31.288+0000][183][info ][gc,marking  ] GC(32) Concurrent Mark
[2025-09-09T08:59:31.288+0000][183][info ][gc,marking  ] GC(32) Concurrent Mark From Roots
[2025-09-09T08:59:31.289+0000][183][info ][gc,task     ] GC(32) Using 2 workers of 2 for marking
[2025-09-09T08:59:31.357+0000][183][info ][gc,marking  ] GC(32) Concurrent Mark From Roots 68.139ms
[2025-09-09T08:59:31.357+0000][183][info ][gc,marking  ] GC(32) Concurrent Preclean
[2025-09-09T08:59:31.357+0000][183][info ][gc,marking  ] GC(32) Concurrent Preclean 0.229ms
[2025-09-09T08:59:31.357+0000][183][info ][gc,start    ] GC(32) Pause Remark
[2025-09-09T08:59:31.385+0000][183][info ][gc          ] GC(32) Pause Remark 154M->154M(1024M) 27.945ms
[2025-09-09T08:59:31.386+0000][183][info ][gc,cpu      ] GC(32) User=0.16s Sys=0.00s Real=0.03s
[2025-09-09T08:59:31.386+0000][183][info ][safepoint   ] Safepoint "G1PauseRemark", Time since last: 80653417 ns, Reaching safepoint: 304583 ns, Cleanup: 28209 ns, At safepoint: 28163625 ns, Total: 28496417 ns
[2025-09-09T08:59:31.386+0000][183][info ][gc,marking  ] GC(32) Concurrent Mark 97.314ms
[2025-09-09T08:59:31.386+0000][183][info ][gc,marking  ] GC(32) Concurrent Rebuild Remembered Sets and Scrub Regions
[2025-09-09T08:59:31.414+0000][183][info ][gc,marking  ] GC(32) Concurrent Rebuild Remembered Sets and Scrub Regions 27.831ms
[2025-09-09T08:59:31.414+0000][183][info ][gc,start    ] GC(32) Pause Cleanup
[2025-09-09T08:59:31.414+0000][183][info ][gc          ] GC(32) Pause Cleanup 155M->155M(1024M) 0.156ms
[2025-09-09T08:59:31.414+0000][183][info ][gc,cpu      ] GC(32) User=0.00s Sys=0.00s Real=0.00s
[2025-09-09T08:59:31.414+0000][183][info ][safepoint   ] Safepoint "G1PauseCleanup", Time since last: 28146291 ns, Reaching safepoint: 25292 ns, Cleanup: 63542 ns, At safepoint: 270791 ns, Total: 359625 ns
[2025-09-09T08:59:31.414+0000][183][info ][gc,marking  ] GC(32) Concurrent Clear Claimed Marks
[2025-09-09T08:59:31.414+0000][183][info ][gc,marking  ] GC(32) Concurrent Clear Claimed Marks 0.312ms
[2025-09-09T08:59:31.414+0000][183][info ][gc,marking  ] GC(32) Concurrent Cleanup for Next Mark
[2025-09-09T08:59:31.420+0000][183][info ][gc,marking  ] GC(32) Concurrent Cleanup for Next Mark 5.655ms
[2025-09-09T08:59:31.420+0000][183][info ][gc          ] GC(32) Concurrent Mark Cycle 144.147ms
[2025-09-09T08:59:32.917+0000][183][info ][safepoint   ] Safepoint "Cleanup", Time since last: 1502379918 ns, Reaching safepoint: 156958 ns, Cleanup: 36542 ns, At safepoint: 11791 ns, Total: 205291 ns
[2025-09-09T08:59:38.922+0000][183][info ][safepoint   ] Safepoint "Cleanup", Time since last: 6005129587 ns, Reaching safepoint: 171500 ns, Cleanup: 32833 ns, At safepoint: 16750 ns, Total: 221083 ns
[2025-09-09T08:59:39.924+0000][183][info ][safepoint   ] Safepoint "Cleanup", Time since last: 1001670250 ns, Reaching safepoint: 59584 ns, Cleanup: 80916 ns, At safepoint: 10667 ns, Total: 151167 ns
[2025-09-09T08:59:40.962+0000][183][info ][safepoint   ] Safepoint "Cleanup", Time since last: 1038066959 ns, Reaching safepoint: 8291 ns, Cleanup: 27500 ns, At safepoint: 12917 ns, Total: 48708 ns
[2025-09-09T08:59:46.984+0000][183][info ][safepoint   ] Safepoint "Cleanup", Time since last: 6022705503 ns, Reaching safepoint: 99000 ns, Cleanup: 28416 ns, At safepoint: 13792 ns, Total: 141208 ns
[2025-09-09T08:59:52.991+0000][183][info ][safepoint   ] Safepoint "Cleanup", Time since last: 6006779503 ns, Reaching safepoint: 12375 ns, Cleanup: 13833 ns, At safepoint: 3750 ns, Total: 29958 ns
[2025-09-09T08:59:56.995+0000][183][info ][safepoint   ] Safepoint "Cleanup", Time since last: 4003797210 ns, Reaching safepoint: 84292 ns, Cleanup: 33542 ns, At safepoint: 18208 ns, Total: 136042 ns
[2025-09-09T09:00:34.242+0000][183][info ][safepoint   ] Safepoint "Cleanup", Time since last: 37246091768 ns, Reaching safepoint: 61666 ns, Cleanup: 71167 ns, At safepoint: 9750 ns, Total: 142583 ns
[2025-09-09T09:00:36.110+0000][183][info ][safepoint   ] Safepoint "Cleanup", Time since last: 1867759959 ns, Reaching safepoint: 982292 ns, Cleanup: 11542 ns, At safepoint: 12333 ns, Total: 1006167 ns
[2025-09-09T09:00:38.112+0000][183][info ][safepoint   ] Safepoint "Cleanup", Time since last: 2001936709 ns, Reaching safepoint: 22417 ns, Cleanup: 9083 ns, At safepoint: 6250 ns, Total: 37750 ns
[2025-09-09T09:00:43.203+0000][183][info ][safepoint   ] Safepoint "Cleanup", Time since last: 5089860710 ns, Reaching safepoint: 4833 ns, Cleanup: 14250 ns, At safepoint: 4042 ns, Total: 23125 ns
[2025-09-09T09:00:45.151+0000][183][info ][safepoint   ] Safepoint "Cleanup", Time since last: 1947685501 ns, Reaching safepoint: 62708 ns, Cleanup: 24584 ns, At safepoint: 8750 ns, Total: 96042 ns
[2025-09-09T09:00:57.163+0000][183][info ][safepoint   ] Safepoint "Cleanup", Time since last: 12011638714 ns, Reaching safepoint: 167250 ns, Cleanup: 35166 ns, At safepoint: 9292 ns, Total: 211708 ns
[2025-09-09T09:01:02.168+0000][183][info ][safepoint   ] Safepoint "Cleanup", Time since last: 5005504086 ns, Reaching safepoint: 11833 ns, Cleanup: 10375 ns, At safepoint: 5458 ns, Total: 27666 ns
[2025-09-09T09:01:12.177+0000][183][info ][safepoint   ] Safepoint "Cleanup", Time since last: 10009050797 ns, Reaching safepoint: 43000 ns, Cleanup: 26625 ns, At safepoint: 10041 ns, Total: 79666 ns
[2025-09-09T09:01:14.181+0000][183][info ][safepoint   ] Safepoint "Cleanup", Time since last: 2003888834 ns, Reaching safepoint: 25083 ns, Cleanup: 11875 ns, At safepoint: 6417 ns, Total: 43375 ns
[2025-09-09T09:01:18.185+0000][183][info ][safepoint   ] Safepoint "Cleanup", Time since last: 4003753294 ns, Reaching safepoint: 177916 ns, Cleanup: 45792 ns, At safepoint: 22417 ns, Total: 246125 ns
[2025-09-09T09:01:20.187+0000][183][info ][safepoint   ] Safepoint "Cleanup", Time since last: 2001966376 ns, Reaching safepoint: 78166 ns, Cleanup: 46042 ns, At safepoint: 12083 ns, Total: 136291 ns
[2025-09-09T09:01:26.194+0000][183][info ][safepoint   ] Safepoint "Cleanup", Time since last: 6006121503 ns, Reaching safepoint: 60667 ns, Cleanup: 23500 ns, At safepoint: 9458 ns, Total: 93625 ns
[2025-09-09T09:01:35.413+0000][183][info ][safepoint   ] Safepoint "Cleanup", Time since last: 9218475838 ns, Reaching safepoint: 382916 ns, Cleanup: 62750 ns, At safepoint: 36042 ns, Total: 481708 ns
[2025-09-09T09:01:36.415+0000][183][info ][safepoint   ] Safepoint "Cleanup", Time since last: 1002247376 ns, Reaching safepoint: 62000 ns, Cleanup: 42541 ns, At safepoint: 15292 ns, Total: 119833 ns
[2025-09-09T09:01:38.257+0000][183][info ][safepoint   ] Safepoint "Cleanup", Time since last: 1841671626 ns, Reaching safepoint: 5208 ns, Cleanup: 26417 ns, At safepoint: 7375 ns, Total: 39000 ns
[2025-09-09T09:01:46.221+0000][183][info ][safepoint   ] Safepoint "Cleanup", Time since last: 7964692628 ns, Reaching safepoint: 8375 ns, Cleanup: 12083 ns, At safepoint: 9834 ns, Total: 30292 ns
[2025-09-09T09:01:47.246+0000][183][info ][safepoint   ] Safepoint "Cleanup", Time since last: 1024403959 ns, Reaching safepoint: 79166 ns, Cleanup: 24667 ns, At safepoint: 7458 ns, Total: 111291 ns
[2025-09-09T09:01:57.358+0000][183][info ][safepoint   ] Safepoint "Cleanup", Time since last: 10112219255 ns, Reaching safepoint: 148000 ns, Cleanup: 30917 ns, At safepoint: 11375 ns, Total: 190292 ns
[2025-09-09T09:02:00.362+0000][183][info ][safepoint   ] Safepoint "Cleanup", Time since last: 3004098918 ns, Reaching safepoint: 92750 ns, Cleanup: 53041 ns, At safepoint: 13667 ns, Total: 159458 ns
[2025-09-09T09:02:01.371+0000][183][info ][safepoint   ] Safepoint "Cleanup", Time since last: 1008645167 ns, Reaching safepoint: 3209 ns, Cleanup: 11333 ns, At safepoint: 4250 ns, Total: 18792 ns
[2025-09-09T09:02:13.422+0000][183][info ][safepoint   ] Safepoint "Cleanup", Time since last: 12050229130 ns, Reaching safepoint: 143500 ns, Cleanup: 25583 ns, At safepoint: 6292 ns, Total: 175375 ns
[2025-09-09T09:02:15.425+0000][183][info ][safepoint   ] Safepoint "Cleanup", Time since last: 2003311876 ns, Reaching safepoint: 25917 ns, Cleanup: 51083 ns, At safepoint: 6292 ns, Total: 83292 ns
[2025-09-09T09:02:16.426+0000][183][info ][safepoint   ] Safepoint "Cleanup", Time since last: 1001001417 ns, Reaching safepoint: 13000 ns, Cleanup: 10958 ns, At safepoint: 5167 ns, Total: 29125 ns
[2025-09-09T09:02:17.428+0000][183][info ][safepoint   ] Safepoint "Cleanup", Time since last: 1001327000 ns, Reaching safepoint: 34875 ns, Cleanup: 13792 ns, At safepoint: 7375 ns, Total: 56042 ns
[2025-09-09T09:02:22.432+0000][183][info ][safepoint   ] Safepoint "Cleanup", Time since last: 5004703211 ns, Reaching safepoint: 59250 ns, Cleanup: 37708 ns, At safepoint: 10042 ns, Total: 107000 ns
[2025-09-09T09:02:38.592+0000][183][info ][safepoint   ] Safepoint "Cleanup", Time since last: 16159159757 ns, Reaching safepoint: 49750 ns, Cleanup: 24084 ns, At safepoint: 7166 ns, Total: 81000 ns
[2025-09-09T09:02:40.240+0000][183][info ][safepoint   ] Safepoint "Cleanup", Time since last: 1648141584 ns, Reaching safepoint: 420750 ns, Cleanup: 18125 ns, At safepoint: 6250 ns, Total: 445125 ns
[2025-09-09T09:02:49.552+0000][183][info ][safepoint   ] Safepoint "Cleanup", Time since last: 9310990254 ns, Reaching safepoint: 52375 ns, Cleanup: 20917 ns, At safepoint: 7625 ns, Total: 80917 ns
[2025-09-09T09:02:50.566+0000][183][info ][safepoint   ] Safepoint "Cleanup", Time since last: 1013954834 ns, Reaching safepoint: 92125 ns, Cleanup: 23875 ns, At safepoint: 7833 ns, Total: 123833 ns
[2025-09-09T09:02:54.257+0000][183][info ][safepoint   ] Safepoint "Cleanup", Time since last: 3690623877 ns, Reaching safepoint: 21042 ns, Cleanup: 31958 ns, At safepoint: 9000 ns, Total: 62000 ns
[2025-09-09T09:02:56.724+0000][183][info ][safepoint   ] Safepoint "Cleanup", Time since last: 2467576459 ns, Reaching safepoint: 35917 ns, Cleanup: 24042 ns, At safepoint: 10833 ns, Total: 70792 ns
[2025-09-09T09:03:11.629+0000][183][info ][safepoint   ] Safepoint "Cleanup", Time since last: 14904715549 ns, Reaching safepoint: 47875 ns, Cleanup: 28916 ns, At safepoint: 16292 ns, Total: 93083 ns
[2025-09-09T09:03:28.804+0000][183][info ][safepoint   ] Safepoint "Cleanup", Time since last: 17174563091 ns, Reaching safepoint: 395666 ns, Cleanup: 89875 ns, At safepoint: 32625 ns, Total: 518166 ns
[2025-09-09T09:03:30.865+0000][183][info ][safepoint   ] Safepoint "Cleanup", Time since last: 2061131335 ns, Reaching safepoint: 17333 ns, Cleanup: 9542 ns, At safepoint: 2250 ns, Total: 29125 ns
[2025-09-09T09:03:34.870+0000][183][info ][safepoint   ] Safepoint "Cleanup", Time since last: 4004784085 ns, Reaching safepoint: 32167 ns, Cleanup: 14666 ns, At safepoint: 12709 ns, Total: 59542 ns
[2025-09-09T09:03:35.871+0000][183][info ][safepoint   ] Safepoint "Cleanup", Time since last: 1000605833 ns, Reaching safepoint: 22542 ns, Cleanup: 15917 ns, At safepoint: 8416 ns, Total: 46875 ns
[2025-09-09T09:03:38.874+0000][183][info ][safepoint   ] Safepoint "Cleanup", Time since last: 3003500502 ns, Reaching safepoint: 90333 ns, Cleanup: 25875 ns, At safepoint: 10500 ns, Total: 126708 ns
[2025-09-09T09:03:43.279+0000][183][info ][safepoint   ] Safepoint "Cleanup", Time since last: 4404909585 ns, Reaching safepoint: 43292 ns, Cleanup: 32291 ns, At safepoint: 5584 ns, Total: 81167 ns
[2025-09-09T09:03:44.788+0000][183][info ][safepoint   ] Safepoint "Cleanup", Time since last: 1508168167 ns, Reaching safepoint: 3375 ns, Cleanup: 7708 ns, At safepoint: 2042 ns, Total: 13125 ns
[2025-09-09T09:03:46.795+0000][183][info ][safepoint   ] Safepoint "Cleanup", Time since last: 2006871168 ns, Reaching safepoint: 29833 ns, Cleanup: 22333 ns, At safepoint: 10959 ns, Total: 63125 ns
[2025-09-09T09:03:52.829+0000][183][info ][safepoint   ] Safepoint "Cleanup", Time since last: 6034443211 ns, Reaching safepoint: 6166 ns, Cleanup: 11500 ns, At safepoint: 7792 ns, Total: 25458 ns
[2025-09-09T09:03:56.848+0000][183][info ][safepoint   ] Safepoint "Cleanup", Time since last: 4018752877 ns, Reaching safepoint: 135667 ns, Cleanup: 16625 ns, At safepoint: 7041 ns, Total: 159333 ns
[2025-09-09T09:04:15.868+0000][183][info ][safepoint   ] Safepoint "Cleanup", Time since last: 19019818384 ns, Reaching safepoint: 53916 ns, Cleanup: 14625 ns, At safepoint: 6125 ns, Total: 74666 ns
[2025-09-09T09:04:44.898+0000][183][info ][safepoint   ] Safepoint "Cleanup", Time since last: 29030091222 ns, Reaching safepoint: 33459 ns, Cleanup: 35208 ns, At safepoint: 5583 ns, Total: 74250 ns
[2025-09-09T09:04:46.275+0000][183][info ][safepoint   ] Safepoint "Cleanup", Time since last: 1376967126 ns, Reaching safepoint: 5417 ns, Cleanup: 5666 ns, At safepoint: 6292 ns, Total: 17375 ns
[2025-09-09T09:04:57.014+0000][183][info ][safepoint   ] Safepoint "Cleanup", Time since last: 10738370380 ns, Reaching safepoint: 13708 ns, Cleanup: 16417 ns, At safepoint: 5833 ns, Total: 35958 ns
[2025-09-09T09:05:06.022+0000][183][info ][safepoint   ] Safepoint "Cleanup", Time since last: 9008458713 ns, Reaching safepoint: 22500 ns, Cleanup: 21917 ns, At safepoint: 8625 ns, Total: 53042 ns
[2025-09-09T09:05:12.427+0000][183][info ][gc,start    ] GC(33) Pause Young (Prepare Mixed) (G1 Evacuation Pause)
[2025-09-09T09:05:12.428+0000][183][info ][gc,task     ] GC(33) Using 8 workers of 8 for evacuation
[2025-09-09T09:05:12.428+0000][183][debug][gc,age      ] GC(33) Desired survivor size 41943040 bytes, new threshold 15 (max threshold 15)
[2025-09-09T09:05:12.483+0000][183][info ][gc,phases   ] GC(33)   Pre Evacuate Collection Set: 1.49ms
[2025-09-09T09:05:12.483+0000][183][info ][gc,phases   ] GC(33)   Merge Heap Roots: 0.28ms
[2025-09-09T09:05:12.483+0000][183][info ][gc,phases   ] GC(33)   Evacuate Collection Set: 49.64ms
[2025-09-09T09:05:12.483+0000][183][info ][gc,phases   ] GC(33)   Post Evacuate Collection Set: 3.44ms
[2025-09-09T09:05:12.484+0000][183][info ][gc,phases   ] GC(33)   Other: 0.35ms
[2025-09-09T09:05:12.484+0000][183][trace][gc,age      ] GC(33) Age table with threshold 15 (max threshold 15)
[2025-09-09T09:05:12.484+0000][183][trace][gc,age      ] GC(33) - age   1:    1104040 bytes,    1104040 total
[2025-09-09T09:05:12.484+0000][183][trace][gc,age      ] GC(33) - age   2:     635912 bytes,    1739952 total
[2025-09-09T09:05:12.484+0000][183][trace][gc,age      ] GC(33) - age   3:      35680 bytes,    1775632 total
[2025-09-09T09:05:12.484+0000][183][trace][gc,age      ] GC(33) - age   4:      38400 bytes,    1814032 total
[2025-09-09T09:05:12.484+0000][183][trace][gc,age      ] GC(33) - age   5:      62032 bytes,    1876064 total
[2025-09-09T09:05:12.484+0000][183][trace][gc,age      ] GC(33) - age   6:      17712 bytes,    1893776 total
[2025-09-09T09:05:12.484+0000][183][trace][gc,age      ] GC(33) - age   7:      36440 bytes,    1930216 total
[2025-09-09T09:05:12.484+0000][183][trace][gc,age      ] GC(33) - age   8:      95288 bytes,    2025504 total
[2025-09-09T09:05:12.484+0000][183][trace][gc,age      ] GC(33) - age   9:      36920 bytes,    2062424 total
[2025-09-09T09:05:12.484+0000][183][trace][gc,age      ] GC(33) - age  10:     134592 bytes,    2197016 total
[2025-09-09T09:05:12.484+0000][183][trace][gc,age      ] GC(33) - age  11:    1403888 bytes,    3600904 total
[2025-09-09T09:05:12.484+0000][183][trace][gc,age      ] GC(33) - age  12:    3713432 bytes,    7314336 total
[2025-09-09T09:05:12.484+0000][183][trace][gc,age      ] GC(33) - age  13:    2642056 bytes,    9956392 total
[2025-09-09T09:05:12.484+0000][183][trace][gc,age      ] GC(33) - age  14:   18443040 bytes,   28399432 total
[2025-09-09T09:05:12.484+0000][183][trace][gc,age      ] GC(33) - age  15:       4440 bytes,   28403872 total
[2025-09-09T09:05:12.484+0000][183][info ][gc,heap     ] GC(33) Eden regions: 145->0(145)
[2025-09-09T09:05:12.484+0000][183][info ][gc,heap     ] GC(33) Survivor regions: 8->8(20)
[2025-09-09T09:05:12.484+0000][183][info ][gc,heap     ] GC(33) Old regions: 29->29
[2025-09-09T09:05:12.484+0000][183][info ][gc,heap     ] GC(33) Humongous regions: 2->2
[2025-09-09T09:05:12.484+0000][183][info ][gc,metaspace] GC(33) Metaspace: 157296K(162688K)->157296K(162688K) NonClass: 136168K(138944K)->136168K(138944K) Class: 21128K(23744K)->21128K(23744K)
[2025-09-09T09:05:12.484+0000][183][info ][gc          ] GC(33) Pause Young (Prepare Mixed) (G1 Evacuation Pause) 730M->152M(1024M) 56.901ms
[2025-09-09T09:05:12.484+0000][183][info ][gc,cpu      ] GC(33) User=0.41s Sys=0.00s Real=0.05s
[2025-09-09T09:05:12.484+0000][183][info ][safepoint   ] Safepoint "G1CollectForAllocation", Time since last: 6403971211 ns, Reaching safepoint: 1114000 ns, Cleanup: 6333 ns, At safepoint: 57184917 ns, Total: 58305250 ns
[2025-09-09T09:05:24.497+0000][183][info ][safepoint   ] Safepoint "Cleanup", Time since last: 12011872422 ns, Reaching safepoint: 147667 ns, Cleanup: 12625 ns, At safepoint: 7208 ns, Total: 167500 ns
[2025-09-09T09:05:25.499+0000][183][info ][safepoint   ] Safepoint "Cleanup", Time since last: 1002109292 ns, Reaching safepoint: 214667 ns, Cleanup: 16333 ns, At safepoint: 8042 ns, Total: 239042 ns
[2025-09-09T09:05:38.094+0000][183][info ][safepoint   ] Safepoint "Cleanup", Time since last: 12594650797 ns, Reaching safepoint: 13167 ns, Cleanup: 13750 ns, At safepoint: 4833 ns, Total: 31750 ns
[2025-09-09T09:05:43.099+0000][183][info ][safepoint   ] Safepoint "Cleanup", Time since last: 5004675919 ns, Reaching safepoint: 16666 ns, Cleanup: 21084 ns, At safepoint: 7875 ns, Total: 45625 ns
[2025-09-09T09:05:50.102+0000][183][info ][safepoint   ] Safepoint "Cleanup", Time since last: 7002726961 ns, Reaching safepoint: 57709 ns, Cleanup: 44166 ns, At safepoint: 10667 ns, Total: 112542 ns
[2025-09-09T09:05:51.148+0000][183][info ][safepoint   ] Safepoint "Cleanup", Time since last: 1046000792 ns, Reaching safepoint: 78750 ns, Cleanup: 39333 ns, At safepoint: 7500 ns, Total: 125583 ns
[2025-09-09T09:05:55.153+0000][183][info ][safepoint   ] Safepoint "Cleanup", Time since last: 4004794752 ns, Reaching safepoint: 427959 ns, Cleanup: 22541 ns, At safepoint: 12625 ns, Total: 463125 ns
[2025-09-09T09:05:57.155+0000][183][info ][safepoint   ] Safepoint "Cleanup", Time since last: 2002056585 ns, Reaching safepoint: 47250 ns, Cleanup: 17208 ns, At safepoint: 8917 ns, Total: 73375 ns
[2025-09-09T09:05:58.297+0000][183][info ][safepoint   ] Safepoint "Cleanup", Time since last: 1141461542 ns, Reaching safepoint: 5791 ns, Cleanup: 16959 ns, At safepoint: 1958 ns, Total: 24708 ns
[2025-09-09T09:06:00.202+0000][183][info ][safepoint   ] Safepoint "Cleanup", Time since last: 1904535918 ns, Reaching safepoint: 54916 ns, Cleanup: 161834 ns, At safepoint: 39416 ns, Total: 256166 ns
[2025-09-09T09:06:35.270+0000][183][info ][safepoint   ] Safepoint "Cleanup", Time since last: 35068154266 ns, Reaching safepoint: 60042 ns, Cleanup: 21958 ns, At safepoint: 6625 ns, Total: 88625 ns
[2025-09-09T09:06:50.285+0000][183][info ][safepoint   ] Safepoint "Cleanup", Time since last: 15015032798 ns, Reaching safepoint: 490000 ns, Cleanup: 47209 ns, At safepoint: 10708 ns, Total: 547917 ns
[2025-09-09T09:06:52.288+0000][183][info ][safepoint   ] Safepoint "Cleanup", Time since last: 2001880501 ns, Reaching safepoint: 513875 ns, Cleanup: 8375 ns, At safepoint: 18292 ns, Total: 540542 ns
[2025-09-09T09:06:53.329+0000][183][info ][safepoint   ] Safepoint "Cleanup", Time since last: 1040951542 ns, Reaching safepoint: 54666 ns, Cleanup: 47375 ns, At safepoint: 15542 ns, Total: 117583 ns
[2025-09-09T09:07:00.367+0000][183][info ][safepoint   ] Safepoint "Cleanup", Time since last: 7037837628 ns, Reaching safepoint: 247084 ns, Cleanup: 20041 ns, At safepoint: 7167 ns, Total: 274292 ns
[2025-09-09T09:07:02.339+0000][183][info ][safepoint   ] Safepoint "Cleanup", Time since last: 1971927001 ns, Reaching safepoint: 64458 ns, Cleanup: 48750 ns, At safepoint: 9167 ns, Total: 122375 ns
[2025-09-09T09:07:22.432+0000][183][info ][safepoint   ] Safepoint "Cleanup", Time since last: 20091913176 ns, Reaching safepoint: 143208 ns, Cleanup: 25875 ns, At safepoint: 7292 ns, Total: 176375 ns
[2025-09-09T09:07:25.434+0000][183][info ][safepoint   ] Safepoint "Cleanup", Time since last: 3002771126 ns, Reaching safepoint: 56417 ns, Cleanup: 17625 ns, At safepoint: 13667 ns, Total: 87709 ns
[2025-09-09T09:07:55.303+0000][183][info ][safepoint   ] Safepoint "Cleanup", Time since last: 29868740764 ns, Reaching safepoint: 445541 ns, Cleanup: 54625 ns, At safepoint: 12167 ns, Total: 512333 ns
[2025-09-09T09:07:56.549+0000][183][info ][safepoint   ] Safepoint "Cleanup", Time since last: 1246086126 ns, Reaching safepoint: 50250 ns, Cleanup: 50541 ns, At safepoint: 17500 ns, Total: 118291 ns
[2025-09-09T09:08:04.398+0000][183][info ][safepoint   ] Safepoint "Cleanup", Time since last: 7848296754 ns, Reaching safepoint: 95958 ns, Cleanup: 222667 ns, At safepoint: 6542 ns, Total: 325167 ns
[2025-09-09T09:08:05.579+0000][183][info ][safepoint   ] Safepoint "Cleanup", Time since last: 1180733584 ns, Reaching safepoint: 172833 ns, Cleanup: 27208 ns, At safepoint: 10792 ns, Total: 210833 ns
[2025-09-09T09:08:06.612+0000][183][info ][safepoint   ] Safepoint "Cleanup", Time since last: 1032881625 ns, Reaching safepoint: 28167 ns, Cleanup: 16250 ns, At safepoint: 6417 ns, Total: 50834 ns
[2025-09-09T09:08:10.345+0000][183][info ][safepoint   ] Safepoint "Cleanup", Time since last: 3733150960 ns, Reaching safepoint: 2833 ns, Cleanup: 12333 ns, At safepoint: 4334 ns, Total: 19500 ns
[2025-09-09T09:08:11.654+0000][183][info ][safepoint   ] Safepoint "Cleanup", Time since last: 1308804292 ns, Reaching safepoint: 27750 ns, Cleanup: 29667 ns, At safepoint: 8125 ns, Total: 65542 ns
[2025-09-09T09:08:15.632+0000][183][info ][safepoint   ] Safepoint "Cleanup", Time since last: 4042884126 ns, Reaching safepoint: 407709 ns, Cleanup: 32833 ns, At safepoint: 7667 ns, Total: 448209 ns
[2025-09-09T09:08:29.929+0000][183][info ][safepoint   ] Safepoint "Cleanup", Time since last: 14296065048 ns, Reaching safepoint: 7459 ns, Cleanup: 16041 ns, At safepoint: 3875 ns, Total: 27375 ns
[2025-09-09T09:08:31.346+0000][183][info ][safepoint   ] Safepoint "Cleanup", Time since last: 1417063043 ns, Reaching safepoint: 23916 ns, Cleanup: 77417 ns, At safepoint: 7333 ns, Total: 108666 ns
[2025-09-09T09:08:36.351+0000][183][info ][safepoint   ] Safepoint "Cleanup", Time since last: 5004901211 ns, Reaching safepoint: 233458 ns, Cleanup: 39542 ns, At safepoint: 14125 ns, Total: 287125 ns
[2025-09-09T09:08:58.288+0000][183][info ][safepoint   ] Safepoint "Cleanup", Time since last: 21936572010 ns, Reaching safepoint: 32833 ns, Cleanup: 37417 ns, At safepoint: 4791 ns, Total: 75041 ns
[2025-09-09T09:08:59.751+0000][183][info ][safepoint   ] Safepoint "Cleanup", Time since last: 1463534209 ns, Reaching safepoint: 11959 ns, Cleanup: 27583 ns, At safepoint: 4125 ns, Total: 43667 ns
[2025-09-09T09:09:04.764+0000][183][info ][safepoint   ] Safepoint "Cleanup", Time since last: 5012140836 ns, Reaching safepoint: 30042 ns, Cleanup: 16125 ns, At safepoint: 6916 ns, Total: 53083 ns
[2025-09-09T09:09:07.243+0000][183][info ][safepoint   ] Safepoint "Cleanup", Time since last: 2479658710 ns, Reaching safepoint: 5041 ns, Cleanup: 6917 ns, At safepoint: 7292 ns, Total: 19250 ns
[2025-09-09T09:09:08.844+0000][183][info ][safepoint   ] Safepoint "Cleanup", Time since last: 1601082834 ns, Reaching safepoint: 81583 ns, Cleanup: 19625 ns, At safepoint: 11958 ns, Total: 113166 ns
[2025-09-09T09:09:10.846+0000][183][info ][safepoint   ] Safepoint "Cleanup", Time since last: 2001826376 ns, Reaching safepoint: 46709 ns, Cleanup: 21291 ns, At safepoint: 5917 ns, Total: 73917 ns
[2025-09-09T09:09:37.552+0000][183][info ][safepoint   ] Safepoint "Cleanup", Time since last: 26706051929 ns, Reaching safepoint: 117708 ns, Cleanup: 46959 ns, At safepoint: 8208 ns, Total: 172875 ns
[2025-09-09T09:09:56.571+0000][183][info ][safepoint   ] Safepoint "Cleanup", Time since last: 19018549591 ns, Reaching safepoint: 258334 ns, Cleanup: 18208 ns, At safepoint: 8292 ns, Total: 284834 ns
[2025-09-09T09:10:01.282+0000][183][info ][safepoint   ] Safepoint "Cleanup", Time since last: 4711507877 ns, Reaching safepoint: 5583 ns, Cleanup: 8959 ns, At safepoint: 5750 ns, Total: 20292 ns
[2025-09-09T09:10:03.010+0000][183][info ][safepoint   ] Safepoint "Cleanup", Time since last: 1727204875 ns, Reaching safepoint: 19334 ns, Cleanup: 16583 ns, At safepoint: 8458 ns, Total: 44375 ns
[2025-09-09T09:10:10.313+0000][183][info ][safepoint   ] Safepoint "Cleanup", Time since last: 7302968254 ns, Reaching safepoint: 37166 ns, Cleanup: 53500 ns, At safepoint: 12792 ns, Total: 103458 ns
[2025-09-09T09:10:12.042+0000][183][info ][safepoint   ] Safepoint "Cleanup", Time since last: 1729654168 ns, Reaching safepoint: 19000 ns, Cleanup: 20333 ns, At safepoint: 9417 ns, Total: 48750 ns
[2025-09-09T09:10:26.059+0000][183][info ][safepoint   ] Safepoint "Cleanup", Time since last: 14016769089 ns, Reaching safepoint: 291000 ns, Cleanup: 30250 ns, At safepoint: 20166 ns, Total: 341416 ns
[2025-09-09T09:10:34.681+0000][183][info ][safepoint   ] Safepoint "Cleanup", Time since last: 8621261879 ns, Reaching safepoint: 36542 ns, Cleanup: 13250 ns, At safepoint: 4333 ns, Total: 54125 ns
[2025-09-09T09:10:35.682+0000][183][info ][safepoint   ] Safepoint "Cleanup", Time since last: 1001127084 ns, Reaching safepoint: 119167 ns, Cleanup: 19750 ns, At safepoint: 7417 ns, Total: 146334 ns
[2025-09-09T09:10:43.690+0000][183][info ][safepoint   ] Safepoint "Cleanup", Time since last: 8007834711 ns, Reaching safepoint: 315334 ns, Cleanup: 29916 ns, At safepoint: 12750 ns, Total: 358000 ns
[2025-09-09T09:10:56.702+0000][183][info ][safepoint   ] Safepoint "Cleanup", Time since last: 13012548965 ns, Reaching safepoint: 25875 ns, Cleanup: 15458 ns, At safepoint: 5584 ns, Total: 46917 ns
[2025-09-09T09:11:04.326+0000][183][info ][safepoint   ] Safepoint "Cleanup", Time since last: 7623839253 ns, Reaching safepoint: 6250 ns, Cleanup: 9417 ns, At safepoint: 3208 ns, Total: 18875 ns
[2025-09-09T09:11:06.164+0000][183][info ][safepoint   ] Safepoint "Cleanup", Time since last: 1837318585 ns, Reaching safepoint: 555666 ns, Cleanup: 17167 ns, At safepoint: 13667 ns, Total: 586500 ns
[2025-09-09T09:11:13.332+0000][183][info ][gc,start    ] GC(34) Pause Young (Mixed) (G1 Evacuation Pause)
[2025-09-09T09:11:13.332+0000][183][info ][gc,task     ] GC(34) Using 8 workers of 8 for evacuation
[2025-09-09T09:11:13.332+0000][183][debug][gc,age      ] GC(34) Desired survivor size 41943040 bytes, new threshold 15 (max threshold 15)
[2025-09-09T09:11:13.398+0000][183][info ][gc,phases   ] GC(34)   Pre Evacuate Collection Set: 1.72ms
[2025-09-09T09:11:13.398+0000][183][info ][gc,phases   ] GC(34)   Merge Heap Roots: 0.35ms
[2025-09-09T09:11:13.399+0000][183][info ][gc,phases   ] GC(34)   Evacuate Collection Set: 56.62ms
[2025-09-09T09:11:13.399+0000][183][info ][gc,phases   ] GC(34)   Post Evacuate Collection Set: 6.93ms
[2025-09-09T09:11:13.399+0000][183][info ][gc,phases   ] GC(34)   Other: 0.62ms
[2025-09-09T09:11:13.399+0000][183][trace][gc,age      ] GC(34) Age table with threshold 15 (max threshold 15)
[2025-09-09T09:11:13.399+0000][183][trace][gc,age      ] GC(34) - age   1:     786488 bytes,     786488 total
[2025-09-09T09:11:13.399+0000][183][trace][gc,age      ] GC(34) - age   2:      87376 bytes,     873864 total
[2025-09-09T09:11:13.399+0000][183][trace][gc,age      ] GC(34) - age   3:     427832 bytes,    1301696 total
[2025-09-09T09:11:13.399+0000][183][trace][gc,age      ] GC(34) - age   4:      35648 bytes,    1337344 total
[2025-09-09T09:11:13.399+0000][183][trace][gc,age      ] GC(34) - age   5:      38360 bytes,    1375704 total
[2025-09-09T09:11:13.399+0000][183][trace][gc,age      ] GC(34) - age   6:      62000 bytes,    1437704 total
[2025-09-09T09:11:13.399+0000][183][trace][gc,age      ] GC(34) - age   7:      17712 bytes,    1455416 total
[2025-09-09T09:11:13.400+0000][183][trace][gc,age      ] GC(34) - age   8:      36440 bytes,    1491856 total
[2025-09-09T09:11:13.400+0000][183][trace][gc,age      ] GC(34) - age   9:      95256 bytes,    1587112 total
[2025-09-09T09:11:13.400+0000][183][trace][gc,age      ] GC(34) - age  10:      36920 bytes,    1624032 total
[2025-09-09T09:11:13.400+0000][183][trace][gc,age      ] GC(34) - age  11:     134592 bytes,    1758624 total
[2025-09-09T09:11:13.400+0000][183][trace][gc,age      ] GC(34) - age  12:    1323048 bytes,    3081672 total
[2025-09-09T09:11:13.400+0000][183][trace][gc,age      ] GC(34) - age  13:    3650104 bytes,    6731776 total
[2025-09-09T09:11:13.400+0000][183][trace][gc,age      ] GC(34) - age  14:    2641968 bytes,    9373744 total
[2025-09-09T09:11:13.400+0000][183][trace][gc,age      ] GC(34) - age  15:   18443040 bytes,   27816784 total
[2025-09-09T09:11:13.400+0000][183][info ][gc,heap     ] GC(34) Eden regions: 145->0(145)
[2025-09-09T09:11:13.401+0000][183][info ][gc,heap     ] GC(34) Survivor regions: 8->8(20)
[2025-09-09T09:11:13.401+0000][183][info ][gc,heap     ] GC(34) Old regions: 29->29
[2025-09-09T09:11:13.401+0000][183][info ][gc,heap     ] GC(34) Humongous regions: 2->2
[2025-09-09T09:11:13.402+0000][183][info ][gc,metaspace] GC(34) Metaspace: 157396K(162688K)->157396K(162688K) NonClass: 136267K(138944K)->136267K(138944K) Class: 21128K(23744K)->21128K(23744K)
[2025-09-09T09:11:13.402+0000][183][info ][gc          ] GC(34) Pause Young (Mixed) (G1 Evacuation Pause) 732M->151M(1024M) 70.255ms
[2025-09-09T09:11:13.403+0000][183][info ][gc,cpu      ] GC(34) User=0.46s Sys=0.01s Real=0.07s
[2025-09-09T09:11:13.404+0000][183][info ][safepoint   ] Safepoint "G1CollectForAllocation", Time since last: 7168324419 ns, Reaching safepoint: 7625 ns, Cleanup: 2292 ns, At safepoint: 72004667 ns, Total: 72014584 ns
[2025-09-09T09:11:29.874+0000][183][info ][safepoint   ] Safepoint "Cleanup", Time since last: 16469947133 ns, Reaching safepoint: 19583 ns, Cleanup: 34333 ns, At safepoint: 9917 ns, Total: 63833 ns
[2025-09-09T09:11:34.879+0000][183][info ][safepoint   ] Safepoint "Cleanup", Time since last: 5005636836 ns, Reaching safepoint: 14041 ns, Cleanup: 36250 ns, At safepoint: 4792 ns, Total: 55083 ns
[2025-09-09T09:11:36.881+0000][183][info ][safepoint   ] Safepoint "Cleanup", Time since last: 2001971376 ns, Reaching safepoint: 22958 ns, Cleanup: 18750 ns, At safepoint: 7917 ns, Total: 49625 ns
[2025-09-09T09:11:38.883+0000][183][info ][safepoint   ] Safepoint "Cleanup", Time since last: 2001985834 ns, Reaching safepoint: 17208 ns, Cleanup: 18084 ns, At safepoint: 9458 ns, Total: 44750 ns
[2025-09-09T09:11:39.884+0000][183][info ][safepoint   ] Safepoint "Cleanup", Time since last: 1000848959 ns, Reaching safepoint: 37958 ns, Cleanup: 26750 ns, At safepoint: 10584 ns, Total: 75292 ns
[2025-09-09T09:11:54.901+0000][183][info ][safepoint   ] Safepoint "Cleanup", Time since last: 15016442131 ns, Reaching safepoint: 212875 ns, Cleanup: 28083 ns, At safepoint: 10458 ns, Total: 251416 ns
[2025-09-09T09:11:56.904+0000][183][info ][safepoint   ] Safepoint "Cleanup", Time since last: 2003005043 ns, Reaching safepoint: 29625 ns, Cleanup: 15542 ns, At safepoint: 10791 ns, Total: 55958 ns
[2025-09-09T09:12:04.913+0000][183][info ][safepoint   ] Safepoint "Cleanup", Time since last: 8008668421 ns, Reaching safepoint: 130708 ns, Cleanup: 60917 ns, At safepoint: 19375 ns, Total: 211000 ns
[2025-09-09T09:12:07.335+0000][183][info ][safepoint   ] Safepoint "Cleanup", Time since last: 2422230793 ns, Reaching safepoint: 6208 ns, Cleanup: 19083 ns, At safepoint: 7500 ns, Total: 32791 ns
[2025-09-09T09:12:08.346+0000][183][info ][safepoint   ] Safepoint "Cleanup", Time since last: 1011099918 ns, Reaching safepoint: 4833 ns, Cleanup: 13583 ns, At safepoint: 17709 ns, Total: 36125 ns
[2025-09-09T09:12:09.379+0000][183][info ][safepoint   ] Safepoint "Cleanup", Time since last: 1032967625 ns, Reaching safepoint: 78042 ns, Cleanup: 33750 ns, At safepoint: 28125 ns, Total: 139917 ns
[2025-09-09T09:12:16.344+0000][183][info ][safepoint   ] Safepoint "Cleanup", Time since last: 6965460877 ns, Reaching safepoint: 4750 ns, Cleanup: 7333 ns, At safepoint: 6084 ns, Total: 18167 ns
[2025-09-09T09:12:21.416+0000][183][info ][safepoint   ] Safepoint "Cleanup", Time since last: 5071608419 ns, Reaching safepoint: 125208 ns, Cleanup: 20167 ns, At safepoint: 8750 ns, Total: 154125 ns
[2025-09-09T09:13:08.057+0000][183][info ][safepoint   ] Safepoint "Cleanup", Time since last: 46640525396 ns, Reaching safepoint: 205125 ns, Cleanup: 25167 ns, At safepoint: 12000 ns, Total: 242292 ns
[2025-09-09T09:13:13.346+0000][183][info ][safepoint   ] Safepoint "Cleanup", Time since last: 5289488085 ns, Reaching safepoint: 4083 ns, Cleanup: 8167 ns, At safepoint: 1542 ns, Total: 13792 ns
[2025-09-09T09:13:14.557+0000][183][info ][safepoint   ] Safepoint "Cleanup", Time since last: 1210603125 ns, Reaching safepoint: 16334 ns, Cleanup: 33083 ns, At safepoint: 6208 ns, Total: 55625 ns
[2025-09-09T09:13:19.315+0000][183][info ][safepoint   ] Safepoint "Cleanup", Time since last: 4758461544 ns, Reaching safepoint: 5417 ns, Cleanup: 5833 ns, At safepoint: 1625 ns, Total: 12875 ns
[2025-09-09T09:13:20.603+0000][183][info ][safepoint   ] Safepoint "Cleanup", Time since last: 1287309959 ns, Reaching safepoint: 39042 ns, Cleanup: 32708 ns, At safepoint: 7875 ns, Total: 79625 ns
[2025-09-09T09:13:25.633+0000][183][info ][safepoint   ] Safepoint "Cleanup", Time since last: 5029999336 ns, Reaching safepoint: 35000 ns, Cleanup: 26750 ns, At safepoint: 7750 ns, Total: 69500 ns
[2025-09-09T09:13:40.004+0000][183][info ][safepoint   ] Safepoint "Cleanup", Time since last: 14370902507 ns, Reaching safepoint: 491083 ns, Cleanup: 33708 ns, At safepoint: 8250 ns, Total: 533041 ns
[2025-09-09T09:13:54.017+0000][183][info ][safepoint   ] Safepoint "Cleanup", Time since last: 14013219464 ns, Reaching safepoint: 27500 ns, Cleanup: 26959 ns, At safepoint: 4500 ns, Total: 58959 ns
[2025-09-09T09:14:02.025+0000][183][info ][safepoint   ] Safepoint "Cleanup", Time since last: 8007926670 ns, Reaching safepoint: 43209 ns, Cleanup: 44833 ns, At safepoint: 9833 ns, Total: 97875 ns
[2025-09-09T09:14:13.795+0000][183][info ][safepoint   ] Safepoint "Cleanup", Time since last: 11769353256 ns, Reaching safepoint: 624125 ns, Cleanup: 18750 ns, At safepoint: 7500 ns, Total: 650375 ns
[2025-09-09T09:14:15.779+0000][183][info ][safepoint   ] Safepoint "Cleanup", Time since last: 1983898375 ns, Reaching safepoint: 15209 ns, Cleanup: 13916 ns, At safepoint: 6459 ns, Total: 35584 ns
[2025-09-09T09:14:19.783+0000][183][info ][safepoint   ] Safepoint "Cleanup", Time since last: 4004232752 ns, Reaching safepoint: 96083 ns, Cleanup: 19917 ns, At safepoint: 10125 ns, Total: 126125 ns
[2025-09-09T09:14:22.361+0000][183][info ][safepoint   ] Safepoint "Cleanup", Time since last: 2577698584 ns, Reaching safepoint: 9084 ns, Cleanup: 13458 ns, At safepoint: 6750 ns, Total: 29292 ns
[2025-09-09T09:14:23.813+0000][183][info ][safepoint   ] Safepoint "Cleanup", Time since last: 1452103376 ns, Reaching safepoint: 41041 ns, Cleanup: 15250 ns, At safepoint: 13292 ns, Total: 69583 ns
[2025-09-09T09:15:00.353+0000][183][info ][safepoint   ] Safepoint "Cleanup", Time since last: 36539725892 ns, Reaching safepoint: 581958 ns, Cleanup: 66917 ns, At safepoint: 9875 ns, Total: 658750 ns
[2025-09-09T09:15:15.366+0000][183][info ][safepoint   ] Safepoint "Cleanup", Time since last: 15013406131 ns, Reaching safepoint: 43292 ns, Cleanup: 21333 ns, At safepoint: 10042 ns, Total: 74667 ns
[2025-09-09T09:15:19.973+0000][183][info ][safepoint   ] Safepoint "Cleanup", Time since last: 4607095085 ns, Reaching safepoint: 76792 ns, Cleanup: 49583 ns, At safepoint: 15000 ns, Total: 141375 ns
[2025-09-09T09:15:43.447+0000][183][info ][safepoint   ] Safepoint "Cleanup", Time since last: 23473615511 ns, Reaching safepoint: 321000 ns, Cleanup: 43250 ns, At safepoint: 10500 ns, Total: 374750 ns
[2025-09-09T09:16:05.468+0000][183][info ][safepoint   ] Safepoint "Cleanup", Time since last: 22020862177 ns, Reaching safepoint: 15542 ns, Cleanup: 21083 ns, At safepoint: 5042 ns, Total: 41667 ns
[2025-09-09T09:16:07.471+0000][183][info ][safepoint   ] Safepoint "Cleanup", Time since last: 2002906667 ns, Reaching safepoint: 363125 ns, Cleanup: 99292 ns, At safepoint: 100833 ns, Total: 563250 ns
[2025-09-09T09:16:17.481+0000][183][info ][safepoint   ] Safepoint "Cleanup", Time since last: 10009662130 ns, Reaching safepoint: 128500 ns, Cleanup: 20291 ns, At safepoint: 7209 ns, Total: 156000 ns
[2025-09-09T09:16:29.135+0000][183][info ][safepoint   ] Safepoint "Cleanup", Time since last: 11654218505 ns, Reaching safepoint: 11375 ns, Cleanup: 24875 ns, At safepoint: 7250 ns, Total: 43500 ns
[2025-09-09T09:16:50.559+0000][183][info ][safepoint   ] Safepoint "Cleanup", Time since last: 21423289134 ns, Reaching safepoint: 401667 ns, Cleanup: 59458 ns, At safepoint: 13792 ns, Total: 474917 ns
[2025-09-09T09:16:56.565+0000][183][info ][safepoint   ] Safepoint "Cleanup", Time since last: 6005845920 ns, Reaching safepoint: 23291 ns, Cleanup: 12875 ns, At safepoint: 5459 ns, Total: 41625 ns
[2025-09-09T09:17:00.569+0000][183][info ][safepoint   ] Safepoint "Cleanup", Time since last: 4004496335 ns, Reaching safepoint: 13250 ns, Cleanup: 10250 ns, At safepoint: 4250 ns, Total: 27750 ns
[2025-09-09T09:17:10.338+0000][183][info ][gc,start    ] GC(35) Pause Young (Concurrent Start) (G1 Evacuation Pause)
[2025-09-09T09:17:10.338+0000][183][info ][gc,task     ] GC(35) Using 8 workers of 8 for evacuation
[2025-09-09T09:17:10.338+0000][183][debug][gc,age      ] GC(35) Desired survivor size 41943040 bytes, new threshold 15 (max threshold 15)
[2025-09-09T09:17:10.420+0000][183][info ][gc,phases   ] GC(35)   Pre Evacuate Collection Set: 3.82ms
[2025-09-09T09:17:10.420+0000][183][info ][gc,phases   ] GC(35)   Merge Heap Roots: 0.37ms
[2025-09-09T09:17:10.420+0000][183][info ][gc,phases   ] GC(35)   Evacuate Collection Set: 69.64ms
[2025-09-09T09:17:10.420+0000][183][info ][gc,phases   ] GC(35)   Post Evacuate Collection Set: 5.42ms
[2025-09-09T09:17:10.420+0000][183][info ][gc,phases   ] GC(35)   Other: 2.33ms
[2025-09-09T09:17:10.420+0000][183][trace][gc,age      ] GC(35) Age table with threshold 15 (max threshold 15)
[2025-09-09T09:17:10.420+0000][183][trace][gc,age      ] GC(35) - age   1:    1053144 bytes,    1053144 total
[2025-09-09T09:17:10.420+0000][183][trace][gc,age      ] GC(35) - age   2:     115440 bytes,    1168584 total
[2025-09-09T09:17:10.420+0000][183][trace][gc,age      ] GC(35) - age   3:      72456 bytes,    1241040 total
[2025-09-09T09:17:10.420+0000][183][trace][gc,age      ] GC(35) - age   4:     418456 bytes,    1659496 total
[2025-09-09T09:17:10.420+0000][183][trace][gc,age      ] GC(35) - age   5:      35648 bytes,    1695144 total
[2025-09-09T09:17:10.420+0000][183][trace][gc,age      ] GC(35) - age   6:      38096 bytes,    1733240 total
[2025-09-09T09:17:10.420+0000][183][trace][gc,age      ] GC(35) - age   7:      62000 bytes,    1795240 total
[2025-09-09T09:17:10.420+0000][183][trace][gc,age      ] GC(35) - age   8:      17712 bytes,    1812952 total
[2025-09-09T09:17:10.420+0000][183][trace][gc,age      ] GC(35) - age   9:      36440 bytes,    1849392 total
[2025-09-09T09:17:10.420+0000][183][trace][gc,age      ] GC(35) - age  10:      95256 bytes,    1944648 total
[2025-09-09T09:17:10.420+0000][183][trace][gc,age      ] GC(35) - age  11:      36920 bytes,    1981568 total
[2025-09-09T09:17:10.420+0000][183][trace][gc,age      ] GC(35) - age  12:     134592 bytes,    2116160 total
[2025-09-09T09:17:10.420+0000][183][trace][gc,age      ] GC(35) - age  13:    1321648 bytes,    3437808 total
[2025-09-09T09:17:10.420+0000][183][trace][gc,age      ] GC(35) - age  14:    3648832 bytes,    7086640 total
[2025-09-09T09:17:10.420+0000][183][trace][gc,age      ] GC(35) - age  15:    2641968 bytes,    9728608 total
[2025-09-09T09:17:10.421+0000][183][info ][gc,heap     ] GC(35) Eden regions: 145->0(149)
[2025-09-09T09:17:10.421+0000][183][info ][gc,heap     ] GC(35) Survivor regions: 8->4(20)
[2025-09-09T09:17:10.421+0000][183][info ][gc,heap     ] GC(35) Old regions: 29->33
[2025-09-09T09:17:10.421+0000][183][info ][gc,heap     ] GC(35) Humongous regions: 2->2
[2025-09-09T09:17:10.421+0000][183][info ][gc,metaspace] GC(35) Metaspace: 157506K(162688K)->157506K(162688K) NonClass: 136376K(138944K)->136376K(138944K) Class: 21130K(23744K)->21130K(23744K)
[2025-09-09T09:17:10.421+0000][183][info ][gc          ] GC(35) Pause Young (Concurrent Start) (G1 Evacuation Pause) 731M->153M(1024M) 83.173ms
[2025-09-09T09:17:10.421+0000][183][info ][gc          ] GC(36) Concurrent Mark Cycle
[2025-09-09T09:17:10.421+0000][183][info ][gc,marking  ] GC(36) Concurrent Scan Root Regions
[2025-09-09T09:17:10.421+0000][183][info ][gc,cpu      ] GC(35) User=0.49s Sys=0.02s Real=0.08s
[2025-09-09T09:17:10.421+0000][183][info ][safepoint   ] Safepoint "G1CollectForAllocation", Time since last: 9768244963 ns, Reaching safepoint: 33250 ns, Cleanup: 3166 ns, At safepoint: 83523251 ns, Total: 83559667 ns
[2025-09-09T09:17:10.434+0000][183][info ][gc,marking  ] GC(36) Concurrent Scan Root Regions 12.770ms
[2025-09-09T09:17:10.434+0000][183][info ][gc,marking  ] GC(36) Concurrent Mark
[2025-09-09T09:17:10.434+0000][183][info ][gc,marking  ] GC(36) Concurrent Mark From Roots
[2025-09-09T09:17:10.434+0000][183][info ][gc,task     ] GC(36) Using 2 workers of 2 for marking
[2025-09-09T09:17:10.498+0000][183][info ][gc,marking  ] GC(36) Concurrent Mark From Roots 64.582ms
[2025-09-09T09:17:10.498+0000][183][info ][gc,marking  ] GC(36) Concurrent Preclean
[2025-09-09T09:17:10.499+0000][183][info ][gc,marking  ] GC(36) Concurrent Preclean 0.207ms
[2025-09-09T09:17:10.499+0000][183][info ][gc,start    ] GC(36) Pause Remark
[2025-09-09T09:17:10.561+0000][183][info ][gc          ] GC(36) Pause Remark 157M->157M(1024M) 62.549ms
[2025-09-09T09:17:10.562+0000][183][info ][gc,cpu      ] GC(36) User=0.26s Sys=0.05s Real=0.06s
[2025-09-09T09:17:10.562+0000][183][info ][safepoint   ] Safepoint "G1PauseRemark", Time since last: 77735916 ns, Reaching safepoint: 23084 ns, Cleanup: 3375 ns, At safepoint: 62847333 ns, Total: 62873792 ns
[2025-09-09T09:17:10.562+0000][183][info ][gc,marking  ] GC(36) Concurrent Mark 127.980ms
[2025-09-09T09:17:10.562+0000][183][info ][gc,marking  ] GC(36) Concurrent Rebuild Remembered Sets and Scrub Regions
[2025-09-09T09:17:10.591+0000][183][info ][gc,marking  ] GC(36) Concurrent Rebuild Remembered Sets and Scrub Regions 28.806ms
[2025-09-09T09:17:10.591+0000][183][info ][gc,start    ] GC(36) Pause Cleanup
[2025-09-09T09:17:10.591+0000][183][info ][gc          ] GC(36) Pause Cleanup 157M->157M(1024M) 0.170ms
[2025-09-09T09:17:10.591+0000][183][info ][gc,cpu      ] GC(36) User=0.00s Sys=0.00s Real=0.00s
[2025-09-09T09:17:10.591+0000][183][info ][safepoint   ] Safepoint "G1PauseCleanup", Time since last: 29066042 ns, Reaching safepoint: 10291 ns, Cleanup: 95292 ns, At safepoint: 315542 ns, Total: 421125 ns
[2025-09-09T09:17:10.591+0000][183][info ][gc,marking  ] GC(36) Concurrent Clear Claimed Marks
[2025-09-09T09:17:10.591+0000][183][info ][gc,marking  ] GC(36) Concurrent Clear Claimed Marks 0.362ms
[2025-09-09T09:17:10.592+0000][183][info ][gc,marking  ] GC(36) Concurrent Cleanup for Next Mark
[2025-09-09T09:17:10.594+0000][183][info ][gc,marking  ] GC(36) Concurrent Cleanup for Next Mark 2.351ms
[2025-09-09T09:17:10.594+0000][183][info ][gc          ] GC(36) Concurrent Mark Cycle 173.146ms
[2025-09-09T09:17:20.600+0000][183][info ][safepoint   ] Safepoint "Cleanup", Time since last: 10010073628 ns, Reaching safepoint: 17500 ns, Cleanup: 13542 ns, At safepoint: 4417 ns, Total: 35459 ns
[2025-09-09T09:17:22.352+0000][183][info ][safepoint   ] Safepoint "Cleanup", Time since last: 1751387042 ns, Reaching safepoint: 3167 ns, Cleanup: 6875 ns, At safepoint: 1375 ns, Total: 11417 ns
[2025-09-09T09:17:31.368+0000][183][info ][safepoint   ] Safepoint "Cleanup", Time since last: 9016150338 ns, Reaching safepoint: 59416 ns, Cleanup: 62709 ns, At safepoint: 12458 ns, Total: 134583 ns
[2025-09-09T09:17:33.337+0000][183][info ][safepoint   ] Safepoint "Cleanup", Time since last: 1969325501 ns, Reaching safepoint: 26291 ns, Cleanup: 24667 ns, At safepoint: 11042 ns, Total: 62000 ns
[2025-09-09T09:17:57.360+0000][183][info ][safepoint   ] Safepoint "Cleanup", Time since last: 24022204386 ns, Reaching safepoint: 290500 ns, Cleanup: 39000 ns, At safepoint: 16500 ns, Total: 346000 ns
[2025-09-09T09:18:15.379+0000][183][info ][safepoint   ] Safepoint "Cleanup", Time since last: 18018579258 ns, Reaching safepoint: 116125 ns, Cleanup: 31667 ns, At safepoint: 12875 ns, Total: 160667 ns
[2025-09-09T09:18:16.384+0000][183][info ][safepoint   ] Safepoint "Cleanup", Time since last: 1005215833 ns, Reaching safepoint: 4000 ns, Cleanup: 5959 ns, At safepoint: 6416 ns, Total: 16375 ns
[2025-09-09T09:18:17.451+0000][183][info ][safepoint   ] Safepoint "Cleanup", Time since last: 1067428918 ns, Reaching safepoint: 4166 ns, Cleanup: 5834 ns, At safepoint: 4375 ns, Total: 14375 ns
[2025-09-09T09:18:18.461+0000][183][info ][safepoint   ] Safepoint "Cleanup", Time since last: 1010072542 ns, Reaching safepoint: 32583 ns, Cleanup: 38208 ns, At safepoint: 7542 ns, Total: 78333 ns
[2025-09-09T09:19:03.638+0000][183][info ][safepoint   ] Safepoint "Cleanup", Time since last: 45176788562 ns, Reaching safepoint: 231209 ns, Cleanup: 19541 ns, At safepoint: 6875 ns, Total: 257625 ns
[2025-09-09T09:19:28.403+0000][183][info ][safepoint   ] Safepoint "Cleanup", Time since last: 24765239261 ns, Reaching safepoint: 35875 ns, Cleanup: 20834 ns, At safepoint: 5250 ns, Total: 61959 ns
[2025-09-09T09:19:29.765+0000][183][info ][safepoint   ] Safepoint "Cleanup", Time since last: 1361326625 ns, Reaching safepoint: 27084 ns, Cleanup: 158166 ns, At safepoint: 13834 ns, Total: 199084 ns
[2025-09-09T09:19:31.055+0000][183][info ][safepoint   ] Safepoint "Cleanup", Time since last: 1289933792 ns, Reaching safepoint: 34250 ns, Cleanup: 22000 ns, At safepoint: 11417 ns, Total: 67667 ns
[2025-09-09T09:19:37.388+0000][183][info ][safepoint   ] Safepoint "Cleanup", Time since last: 6332739253 ns, Reaching safepoint: 3583 ns, Cleanup: 4792 ns, At safepoint: 3875 ns, Total: 12250 ns
[2025-09-09T09:19:43.825+0000][183][info ][safepoint   ] Safepoint "Cleanup", Time since last: 6437537544 ns, Reaching safepoint: 199625 ns, Cleanup: 13542 ns, At safepoint: 10875 ns, Total: 224042 ns
[2025-09-09T09:19:56.845+0000][183][info ][safepoint   ] Safepoint "Cleanup", Time since last: 13018003506 ns, Reaching safepoint: 1688416 ns, Cleanup: 126292 ns, At safepoint: 30208 ns, Total: 1844916 ns
[2025-09-09T09:20:03.852+0000][183][info ][safepoint   ] Safepoint "Cleanup", Time since last: 7007886670 ns, Reaching safepoint: 42042 ns, Cleanup: 30167 ns, At safepoint: 12083 ns, Total: 84292 ns
[2025-09-09T09:20:04.854+0000][183][info ][safepoint   ] Safepoint "Cleanup", Time since last: 1001557209 ns, Reaching safepoint: 13958 ns, Cleanup: 16334 ns, At safepoint: 4791 ns, Total: 35083 ns
[2025-09-09T09:20:36.928+0000][183][info ][safepoint   ] Safepoint "Cleanup", Time since last: 32073514765 ns, Reaching safepoint: 38500 ns, Cleanup: 25125 ns, At safepoint: 8125 ns, Total: 71750 ns
[2025-09-09T09:20:59.998+0000][183][info ][safepoint   ] Safepoint "Cleanup", Time since last: 23070732844 ns, Reaching safepoint: 62583 ns, Cleanup: 12709 ns, At safepoint: 7083 ns, Total: 82375 ns
[2025-09-09T09:21:04.002+0000][183][info ][safepoint   ] Safepoint "Cleanup", Time since last: 4003813002 ns, Reaching safepoint: 76541 ns, Cleanup: 33917 ns, At safepoint: 11625 ns, Total: 122083 ns
[2025-09-09T09:21:26.744+0000][183][info ][safepoint   ] Safepoint "Cleanup", Time since last: 22741445261 ns, Reaching safepoint: 55916 ns, Cleanup: 154959 ns, At safepoint: 14000 ns, Total: 224875 ns
[2025-09-09T09:21:28.079+0000][183][info ][safepoint   ] Safepoint "Cleanup", Time since last: 1333629000 ns, Reaching safepoint: 50125 ns, Cleanup: 1335959 ns, At safepoint: 62416 ns, Total: 1448500 ns
[2025-09-09T09:21:36.375+0000][183][info ][safepoint   ] Safepoint "Cleanup", Time since last: 8295932629 ns, Reaching safepoint: 191542 ns, Cleanup: 43250 ns, At safepoint: 18667 ns, Total: 253459 ns
[2025-09-09T09:21:37.475+0000][183][info ][safepoint   ] Safepoint "Cleanup", Time since last: 1100270125 ns, Reaching safepoint: 4458 ns, Cleanup: 73667 ns, At safepoint: 7375 ns, Total: 85500 ns
[2025-09-09T09:21:38.635+0000][183][info ][safepoint   ] Safepoint "Cleanup", Time since last: 1159346292 ns, Reaching safepoint: 12209 ns, Cleanup: 109333 ns, At safepoint: 17083 ns, Total: 138625 ns
[2025-09-09T09:21:39.477+0000][183][info ][gc,heap,exit] Heap
[2025-09-09T09:21:39.477+0000][183][info ][gc,heap,exit]  garbage-first heap   total reserved 1048576K, committed 1048576K, used 632754K [0x00000000c0000000, 0x0000000100000000)
[2025-09-09T09:21:39.484+0000][183][info ][gc,heap,exit]   region size 4096K, 121 young (495616K), 4 survivors (16384K)
[2025-09-09T09:21:39.485+0000][183][info ][gc,heap,exit]  Metaspace       used 157991K, committed 162752K, reserved 1245184K
[2025-09-09T09:21:39.485+0000][183][info ][gc,heap,exit]   class space    used 21232K, committed 23744K, reserved 1048576K
