[2025-08-27T04:16:52.913+0000][122][info][gc,init] CardTable entry size: 512
[2025-08-27T04:16:52.913+0000][122][info][gc     ] Using G1
[2025-08-27T04:16:53.301+0000][122][info][gc,init] Version: 22.0.1+8-16 (release)
[2025-08-27T04:16:53.302+0000][122][info][gc,init] CPUs: 8 total, 8 available
[2025-08-27T04:16:53.302+0000][122][info][gc,init] Memory: 7837M
[2025-08-27T04:16:53.302+0000][122][info][gc,init] Large Page Support: Disabled
[2025-08-27T04:16:53.302+0000][122][info][gc,init] NUMA Support: Disabled
[2025-08-27T04:16:53.302+0000][122][info][gc,init] Compressed Oops: Enabled (32-bit)
[2025-08-27T04:16:53.302+0000][122][info][gc,init] Heap Region Size: 4M
[2025-08-27T04:16:53.302+0000][122][info][gc,init] Heap Min Capacity: 1G
[2025-08-27T04:16:53.302+0000][122][info][gc,init] Heap Initial Capacity: 1G
[2025-08-27T04:16:53.302+0000][122][info][gc,init] Heap Max Capacity: 1G
[2025-08-27T04:16:53.302+0000][122][info][gc,init] Pre-touch: Enabled
[2025-08-27T04:16:53.302+0000][122][info][gc,init] Parallel Workers: 8
[2025-08-27T04:16:53.302+0000][122][info][gc,init] Concurrent Workers: 2
[2025-08-27T04:16:53.302+0000][122][info][gc,init] Concurrent Refinement Workers: 8
[2025-08-27T04:16:53.302+0000][122][info][gc,init] Periodic GC: Disabled
[2025-08-27T04:16:53.314+0000][122][info][gc,metaspace] CDS archive(s) mapped at: [0x00003ffc00000000-0x00003ffc00c80000-0x00003ffc00c80000), size 13107200, SharedBaseAddress: 0x00003ffc00000000, ArchiveRelocationMode: 1.
[2025-08-27T04:16:53.314+0000][122][info][gc,metaspace] Compressed class space mapped at: 0x00003ffc01000000-0x00003ffc41000000, reserved size: 1073741824
[2025-08-27T04:16:53.314+0000][122][info][gc,metaspace] Narrow klass base: 0x00003ffc00000000, Narrow klass shift: 0, Narrow klass range: 0x100000000
[2025-08-27T04:16:53.365+0000][122][info][safepoint   ] Safepoint "ICBufferFull", Time since last: 48215167 ns, Reaching safepoint: 3625 ns, Cleanup: 76792 ns, At safepoint: 15333 ns, Total: 95750 ns
[2025-08-27T04:16:53.441+0000][122][info][safepoint   ] Safepoint "ICBufferFull", Time since last: 76693042 ns, Reaching safepoint: 1958 ns, Cleanup: 53500 ns, At safepoint: 5833 ns, Total: 61291 ns
[2025-08-27T04:16:53.530+0000][122][info][safepoint   ] Safepoint "ICBufferFull", Time since last: 88380084 ns, Reaching safepoint: 2208 ns, Cleanup: 139667 ns, At safepoint: 11375 ns, Total: 153250 ns
[2025-08-27T04:16:53.635+0000][122][info][safepoint   ] Safepoint "ICBufferFull", Time since last: 105058083 ns, Reaching safepoint: 2500 ns, Cleanup: 69833 ns, At safepoint: 4292 ns, Total: 76625 ns
[2025-08-27T04:16:53.670+0000][122][info][gc,start    ] GC(0) Pause Young (Normal) (G1 Evacuation Pause)
[2025-08-27T04:16:53.670+0000][122][info][gc,task     ] GC(0) Using 8 workers of 8 for evacuation
[2025-08-27T04:16:53.670+0000][122][debug][gc,age      ] GC(0) Desired survivor size 4194304 bytes, new threshold 15 (max threshold 15)
[2025-08-27T04:16:53.673+0000][122][info ][gc,phases   ] GC(0)   Pre Evacuate Collection Set: 0.32ms
[2025-08-27T04:16:53.673+0000][122][info ][gc,phases   ] GC(0)   Merge Heap Roots: 0.09ms
[2025-08-27T04:16:53.673+0000][122][info ][gc,phases   ] GC(0)   Evacuate Collection Set: 1.77ms
[2025-08-27T04:16:53.673+0000][122][info ][gc,phases   ] GC(0)   Post Evacuate Collection Set: 0.37ms
[2025-08-27T04:16:53.673+0000][122][info ][gc,phases   ] GC(0)   Other: 0.15ms
[2025-08-27T04:16:53.673+0000][122][trace][gc,age      ] GC(0) Age table with threshold 15 (max threshold 15)
[2025-08-27T04:16:53.673+0000][122][trace][gc,age      ] GC(0) - age   1:    4675936 bytes,    4675936 total
[2025-08-27T04:16:53.673+0000][122][info ][gc,heap     ] GC(0) Eden regions: 12->0(22)
[2025-08-27T04:16:53.673+0000][122][info ][gc,heap     ] GC(0) Survivor regions: 0->2(2)
[2025-08-27T04:16:53.673+0000][122][info ][gc,heap     ] GC(0) Old regions: 1->1
[2025-08-27T04:16:53.673+0000][122][info ][gc,heap     ] GC(0) Humongous regions: 0->0
[2025-08-27T04:16:53.673+0000][122][info ][gc,metaspace] GC(0) Metaspace: 7266K(7488K)->7266K(7488K) NonClass: 6398K(6528K)->6398K(6528K) Class: 867K(960K)->867K(960K)
[2025-08-27T04:16:53.673+0000][122][info ][gc          ] GC(0) Pause Young (Normal) (G1 Evacuation Pause) 49M->5M(1024M) 3.369ms
[2025-08-27T04:16:53.673+0000][122][info ][gc,cpu      ] GC(0) User=0.01s Sys=0.01s Real=0.00s
[2025-08-27T04:16:53.673+0000][122][info ][safepoint   ] Safepoint "G1CollectForAllocation", Time since last: 34910333 ns, Reaching safepoint: 2459 ns, Cleanup: 44625 ns, At safepoint: 3444583 ns, Total: 3491667 ns
[2025-08-27T04:16:53.819+0000][122][info ][safepoint   ] Safepoint "ICBufferFull", Time since last: 144209583 ns, Reaching safepoint: 842167 ns, Cleanup: 94042 ns, At safepoint: 8125 ns, Total: 944334 ns
[2025-08-27T04:16:53.871+0000][122][info ][safepoint   ] Safepoint "ICBufferFull", Time since last: 52646541 ns, Reaching safepoint: 1625 ns, Cleanup: 73042 ns, At safepoint: 5042 ns, Total: 79709 ns
[2025-08-27T04:16:53.977+0000][122][info ][safepoint   ] Safepoint "ICBufferFull", Time since last: 104813375 ns, Reaching safepoint: 414833 ns, Cleanup: 98417 ns, At safepoint: 17250 ns, Total: 530500 ns
[2025-08-27T04:16:54.280+0000][122][info ][safepoint   ] Safepoint "ICBufferFull", Time since last: 303063250 ns, Reaching safepoint: 3417 ns, Cleanup: 419291 ns, At safepoint: 18542 ns, Total: 441250 ns
[2025-08-27T04:16:54.416+0000][122][info ][safepoint   ] Safepoint "ICBufferFull", Time since last: 136183083 ns, Reaching safepoint: 9084 ns, Cleanup: 123958 ns, At safepoint: 16250 ns, Total: 149292 ns
[2025-08-27T04:16:54.636+0000][122][info ][safepoint   ] Safepoint "ICBufferFull", Time since last: 219621875 ns, Reaching safepoint: 7250 ns, Cleanup: 301333 ns, At safepoint: 13250 ns, Total: 321833 ns
[2025-08-27T04:16:54.754+0000][122][info ][gc,start    ] GC(1) Pause Young (Normal) (G1 Evacuation Pause)
[2025-08-27T04:16:54.755+0000][122][info ][gc,task     ] GC(1) Using 8 workers of 8 for evacuation
[2025-08-27T04:16:54.755+0000][122][debug][gc,age      ] GC(1) Desired survivor size 6291456 bytes, new threshold 15 (max threshold 15)
[2025-08-27T04:16:54.761+0000][122][info ][gc,phases   ] GC(1)   Pre Evacuate Collection Set: 0.19ms
[2025-08-27T04:16:54.762+0000][122][info ][gc,phases   ] GC(1)   Merge Heap Roots: 0.06ms
[2025-08-27T04:16:54.762+0000][122][info ][gc,phases   ] GC(1)   Evacuate Collection Set: 5.39ms
[2025-08-27T04:16:54.762+0000][122][info ][gc,phases   ] GC(1)   Post Evacuate Collection Set: 0.66ms
[2025-08-27T04:16:54.762+0000][122][info ][gc,phases   ] GC(1)   Other: 0.62ms
[2025-08-27T04:16:54.762+0000][122][trace][gc,age      ] GC(1) Age table with threshold 15 (max threshold 15)
[2025-08-27T04:16:54.762+0000][122][trace][gc,age      ] GC(1) - age   1:    4930744 bytes,    4930744 total
[2025-08-27T04:16:54.762+0000][122][trace][gc,age      ] GC(1) - age   2:    4604504 bytes,    9535248 total
[2025-08-27T04:16:54.762+0000][122][info ][gc,heap     ] GC(1) Eden regions: 22->0(40)
[2025-08-27T04:16:54.762+0000][122][info ][gc,heap     ] GC(1) Survivor regions: 2->3(3)
[2025-08-27T04:16:54.762+0000][122][info ][gc,heap     ] GC(1) Old regions: 1->1
[2025-08-27T04:16:54.762+0000][122][info ][gc,heap     ] GC(1) Humongous regions: 0->0
[2025-08-27T04:16:54.762+0000][122][info ][gc,metaspace] GC(1) Metaspace: 20177K(20800K)->20177K(20800K) NonClass: 17860K(18240K)->17860K(18240K) Class: 2317K(2560K)->2317K(2560K)
[2025-08-27T04:16:54.762+0000][122][info ][gc          ] GC(1) Pause Young (Normal) (G1 Evacuation Pause) 93M->10M(1024M) 7.648ms
[2025-08-27T04:16:54.762+0000][122][info ][gc,cpu      ] GC(1) User=0.03s Sys=0.00s Real=0.01s
[2025-08-27T04:16:54.762+0000][122][info ][safepoint   ] Safepoint "G1CollectForAllocation", Time since last: 117867042 ns, Reaching safepoint: 3084 ns, Cleanup: 64291 ns, At safepoint: 7767500 ns, Total: 7834875 ns
[2025-08-27T04:16:54.841+0000][122][info ][safepoint   ] Safepoint "ICBufferFull", Time since last: 78639500 ns, Reaching safepoint: 2542 ns, Cleanup: 77792 ns, At safepoint: 10083 ns, Total: 90417 ns
[2025-08-27T04:16:54.844+0000][122][info ][gc,start    ] GC(2) Pause Young (Concurrent Start) (Metadata GC Threshold)
[2025-08-27T04:16:54.844+0000][122][info ][gc,task     ] GC(2) Using 8 workers of 8 for evacuation
[2025-08-27T04:16:54.844+0000][122][debug][gc,age      ] GC(2) Desired survivor size 12582912 bytes, new threshold 15 (max threshold 15)
[2025-08-27T04:16:54.849+0000][122][info ][gc,phases   ] GC(2)   Pre Evacuate Collection Set: 0.11ms
[2025-08-27T04:16:54.849+0000][122][info ][gc,phases   ] GC(2)   Merge Heap Roots: 0.04ms
[2025-08-27T04:16:54.849+0000][122][info ][gc,phases   ] GC(2)   Evacuate Collection Set: 3.14ms
[2025-08-27T04:16:54.849+0000][122][info ][gc,phases   ] GC(2)   Post Evacuate Collection Set: 1.14ms
[2025-08-27T04:16:54.849+0000][122][info ][gc,phases   ] GC(2)   Other: 0.13ms
[2025-08-27T04:16:54.849+0000][122][trace][gc,age      ] GC(2) Age table with threshold 15 (max threshold 15)
[2025-08-27T04:16:54.849+0000][122][trace][gc,age      ] GC(2) - age   1:     478232 bytes,     478232 total
[2025-08-27T04:16:54.849+0000][122][trace][gc,age      ] GC(2) - age   2:    4060704 bytes,    4538936 total
[2025-08-27T04:16:54.849+0000][122][trace][gc,age      ] GC(2) - age   3:    4588744 bytes,    9127680 total
[2025-08-27T04:16:54.849+0000][122][info ][gc,heap     ] GC(2) Eden regions: 5->0(76)
[2025-08-27T04:16:54.849+0000][122][info ][gc,heap     ] GC(2) Survivor regions: 3->3(6)
[2025-08-27T04:16:54.849+0000][122][info ][gc,heap     ] GC(2) Old regions: 1->1
[2025-08-27T04:16:54.849+0000][122][info ][gc,heap     ] GC(2) Humongous regions: 0->0
[2025-08-27T04:16:54.849+0000][122][info ][gc,metaspace] GC(2) Metaspace: 20853K(21504K)->20853K(21504K) NonClass: 18428K(18816K)->18428K(18816K) Class: 2425K(2688K)->2425K(2688K)
[2025-08-27T04:16:54.849+0000][122][info ][gc          ] GC(2) Pause Young (Concurrent Start) (Metadata GC Threshold) 30M->10M(1024M) 5.432ms
[2025-08-27T04:16:54.849+0000][122][info ][gc,cpu      ] GC(2) User=0.03s Sys=0.00s Real=0.01s
[2025-08-27T04:16:54.849+0000][122][info ][gc          ] GC(3) Concurrent Mark Cycle
[2025-08-27T04:16:54.849+0000][122][info ][gc,marking  ] GC(3) Concurrent Scan Root Regions
[2025-08-27T04:16:54.849+0000][122][info ][safepoint   ] Safepoint "CollectForMetadataAllocation", Time since last: 2955125 ns, Reaching safepoint: 2125 ns, Cleanup: 6042 ns, At safepoint: 5586708 ns, Total: 5594875 ns
[2025-08-27T04:16:54.852+0000][122][info ][gc,marking  ] GC(3) Concurrent Scan Root Regions 2.111ms
[2025-08-27T04:16:54.853+0000][122][info ][gc,marking  ] GC(3) Concurrent Mark
[2025-08-27T04:16:54.853+0000][122][info ][gc,marking  ] GC(3) Concurrent Mark From Roots
[2025-08-27T04:16:54.853+0000][122][info ][gc,task     ] GC(3) Using 2 workers of 2 for marking
[2025-08-27T04:16:54.854+0000][122][info ][gc,marking  ] GC(3) Concurrent Mark From Roots 1.003ms
[2025-08-27T04:16:54.854+0000][122][info ][gc,marking  ] GC(3) Concurrent Preclean
[2025-08-27T04:16:54.854+0000][122][info ][gc,marking  ] GC(3) Concurrent Preclean 0.042ms
[2025-08-27T04:16:54.858+0000][122][info ][gc,start    ] GC(3) Pause Remark
[2025-08-27T04:16:54.861+0000][122][info ][gc          ] GC(3) Pause Remark 13M->13M(1024M) 3.505ms
[2025-08-27T04:16:54.861+0000][122][info ][gc,cpu      ] GC(3) User=0.01s Sys=0.00s Real=0.00s
[2025-08-27T04:16:54.861+0000][122][info ][safepoint   ] Safepoint "G1PauseRemark", Time since last: 7042208 ns, Reaching safepoint: 1242750 ns, Cleanup: 7625 ns, At safepoint: 3661459 ns, Total: 4911834 ns
[2025-08-27T04:16:54.866+0000][122][info ][gc,marking  ] GC(3) Concurrent Mark 12.753ms
[2025-08-27T04:16:54.866+0000][122][info ][gc,marking  ] GC(3) Concurrent Rebuild Remembered Sets and Scrub Regions
[2025-08-27T04:16:54.866+0000][122][info ][gc,marking  ] GC(3) Concurrent Rebuild Remembered Sets and Scrub Regions 0.826ms
[2025-08-27T04:16:54.868+0000][122][info ][gc,start    ] GC(3) Pause Cleanup
[2025-08-27T04:16:54.868+0000][122][info ][gc          ] GC(3) Pause Cleanup 14M->14M(1024M) 0.224ms
[2025-08-27T04:16:54.868+0000][122][info ][gc,cpu      ] GC(3) User=0.01s Sys=0.00s Real=0.00s
[2025-08-27T04:16:54.868+0000][122][info ][safepoint   ] Safepoint "G1PauseCleanup", Time since last: 6174125 ns, Reaching safepoint: 4875 ns, Cleanup: 23333 ns, At safepoint: 348875 ns, Total: 377083 ns
[2025-08-27T04:16:54.869+0000][122][info ][gc,marking  ] GC(3) Concurrent Clear Claimed Marks
[2025-08-27T04:16:54.873+0000][122][info ][gc,marking  ] GC(3) Concurrent Clear Claimed Marks 3.400ms
[2025-08-27T04:16:54.873+0000][122][info ][gc,marking  ] GC(3) Concurrent Cleanup for Next Mark
[2025-08-27T04:16:54.874+0000][122][info ][gc,marking  ] GC(3) Concurrent Cleanup for Next Mark 0.444ms
[2025-08-27T04:16:54.874+0000][122][info ][gc          ] GC(3) Concurrent Mark Cycle 24.673ms
[2025-08-27T04:16:54.984+0000][122][info ][safepoint   ] Safepoint "ICBufferFull", Time since last: 115630958 ns, Reaching safepoint: 2917 ns, Cleanup: 77292 ns, At safepoint: 12750 ns, Total: 92959 ns
[2025-08-27T04:16:55.076+0000][122][info ][safepoint   ] Safepoint "ICBufferFull", Time since last: 90814583 ns, Reaching safepoint: 1255458 ns, Cleanup: 239834 ns, At safepoint: 25375 ns, Total: 1520667 ns
[2025-08-27T04:16:55.215+0000][122][info ][safepoint   ] Safepoint "ICBufferFull", Time since last: 139140041 ns, Reaching safepoint: 5917 ns, Cleanup: 139333 ns, At safepoint: 7667 ns, Total: 152917 ns
[2025-08-27T04:16:55.514+0000][122][info ][safepoint   ] Safepoint "ICBufferFull", Time since last: 298891417 ns, Reaching safepoint: 3625 ns, Cleanup: 102417 ns, At safepoint: 5416 ns, Total: 111458 ns
[2025-08-27T04:16:55.783+0000][122][info ][safepoint   ] Safepoint "ICBufferFull", Time since last: 269017750 ns, Reaching safepoint: 3000 ns, Cleanup: 112209 ns, At safepoint: 16125 ns, Total: 131334 ns
[2025-08-27T04:16:55.833+0000][122][info ][gc,start    ] GC(4) Pause Young (Prepare Mixed) (G1 Evacuation Pause)
[2025-08-27T04:16:55.833+0000][122][info ][gc,task     ] GC(4) Using 8 workers of 8 for evacuation
[2025-08-27T04:16:55.833+0000][122][debug][gc,age      ] GC(4) Desired survivor size 20971520 bytes, new threshold 15 (max threshold 15)
[2025-08-27T04:16:55.843+0000][122][info ][gc,phases   ] GC(4)   Pre Evacuate Collection Set: 0.13ms
[2025-08-27T04:16:55.843+0000][122][info ][gc,phases   ] GC(4)   Merge Heap Roots: 0.06ms
[2025-08-27T04:16:55.843+0000][122][info ][gc,phases   ] GC(4)   Evacuate Collection Set: 7.77ms
[2025-08-27T04:16:55.843+0000][122][info ][gc,phases   ] GC(4)   Post Evacuate Collection Set: 1.31ms
[2025-08-27T04:16:55.843+0000][122][info ][gc,phases   ] GC(4)   Other: 0.17ms
[2025-08-27T04:16:55.843+0000][122][trace][gc,age      ] GC(4) Age table with threshold 15 (max threshold 15)
[2025-08-27T04:16:55.843+0000][122][trace][gc,age      ] GC(4) - age   1:    7199736 bytes,    7199736 total
[2025-08-27T04:16:55.843+0000][122][trace][gc,age      ] GC(4) - age   2:     422352 bytes,    7622088 total
[2025-08-27T04:16:55.843+0000][122][trace][gc,age      ] GC(4) - age   3:    4027712 bytes,   11649800 total
[2025-08-27T04:16:55.843+0000][122][trace][gc,age      ] GC(4) - age   4:    4587520 bytes,   16237320 total
[2025-08-27T04:16:55.843+0000][122][info ][gc,heap     ] GC(4) Eden regions: 76->0(148)
[2025-08-27T04:16:55.843+0000][122][info ][gc,heap     ] GC(4) Survivor regions: 3->5(10)
[2025-08-27T04:16:55.843+0000][122][info ][gc,heap     ] GC(4) Old regions: 1->1
[2025-08-27T04:16:55.843+0000][122][info ][gc,heap     ] GC(4) Humongous regions: 0->0
[2025-08-27T04:16:55.843+0000][122][info ][gc,metaspace] GC(4) Metaspace: 28967K(29760K)->28967K(29760K) NonClass: 25622K(26048K)->25622K(26048K) Class: 3344K(3712K)->3344K(3712K)
[2025-08-27T04:16:55.843+0000][122][info ][gc          ] GC(4) Pause Young (Prepare Mixed) (G1 Evacuation Pause) 314M->17M(1024M) 10.270ms
[2025-08-27T04:16:55.843+0000][122][info ][gc,cpu      ] GC(4) User=0.04s Sys=0.00s Real=0.01s
[2025-08-27T04:16:55.843+0000][122][info ][safepoint   ] Safepoint "G1CollectForAllocation", Time since last: 49546416 ns, Reaching safepoint: 2625 ns, Cleanup: 68000 ns, At safepoint: 10370375 ns, Total: 10441000 ns
[2025-08-27T04:16:55.939+0000][122][info ][safepoint   ] Safepoint "ICBufferFull", Time since last: 94651042 ns, Reaching safepoint: 487958 ns, Cleanup: 94167 ns, At safepoint: 17917 ns, Total: 600042 ns
[2025-08-27T04:16:56.077+0000][122][info ][safepoint   ] Safepoint "ICBufferFull", Time since last: 136961916 ns, Reaching safepoint: 1062417 ns, Cleanup: 130583 ns, At safepoint: 20375 ns, Total: 1213375 ns
[2025-08-27T04:16:56.358+0000][122][info ][safepoint   ] Safepoint "ICBufferFull", Time since last: 280853417 ns, Reaching safepoint: 5500 ns, Cleanup: 245125 ns, At safepoint: 18209 ns, Total: 268834 ns
[2025-08-27T04:16:56.563+0000][122][info ][safepoint   ] Safepoint "ICBufferFull", Time since last: 205071916 ns, Reaching safepoint: 2375 ns, Cleanup: 118209 ns, At safepoint: 6625 ns, Total: 127209 ns
[2025-08-27T04:16:56.574+0000][122][info ][gc,start    ] GC(5) Pause Young (Mixed) (Metadata GC Threshold)
[2025-08-27T04:16:56.574+0000][122][info ][gc,task     ] GC(5) Using 8 workers of 8 for evacuation
[2025-08-27T04:16:56.574+0000][122][debug][gc,age      ] GC(5) Desired survivor size 41943040 bytes, new threshold 15 (max threshold 15)
[2025-08-27T04:16:56.589+0000][122][info ][gc,phases   ] GC(5)   Pre Evacuate Collection Set: 0.20ms
[2025-08-27T04:16:56.589+0000][122][info ][gc,phases   ] GC(5)   Merge Heap Roots: 0.12ms
[2025-08-27T04:16:56.589+0000][122][info ][gc,phases   ] GC(5)   Evacuate Collection Set: 12.10ms
[2025-08-27T04:16:56.589+0000][122][info ][gc,phases   ] GC(5)   Post Evacuate Collection Set: 1.85ms
[2025-08-27T04:16:56.589+0000][122][info ][gc,phases   ] GC(5)   Other: 0.25ms
[2025-08-27T04:16:56.589+0000][122][trace][gc,age      ] GC(5) Age table with threshold 15 (max threshold 15)
[2025-08-27T04:16:56.589+0000][122][trace][gc,age      ] GC(5) - age   1:    8413224 bytes,    8413224 total
[2025-08-27T04:16:56.589+0000][122][trace][gc,age      ] GC(5) - age   2:    5714912 bytes,   14128136 total
[2025-08-27T04:16:56.589+0000][122][trace][gc,age      ] GC(5) - age   3:     422232 bytes,   14550368 total
[2025-08-27T04:16:56.589+0000][122][trace][gc,age      ] GC(5) - age   4:    4026176 bytes,   18576544 total
[2025-08-27T04:16:56.589+0000][122][trace][gc,age      ] GC(5) - age   5:    4587456 bytes,   23164000 total
[2025-08-27T04:16:56.589+0000][122][info ][gc,heap     ] GC(5) Eden regions: 137->0(147)
[2025-08-27T04:16:56.589+0000][122][info ][gc,heap     ] GC(5) Survivor regions: 5->6(20)
[2025-08-27T04:16:56.589+0000][122][info ][gc,heap     ] GC(5) Old regions: 1->1
[2025-08-27T04:16:56.589+0000][122][info ][gc,heap     ] GC(5) Humongous regions: 0->0
[2025-08-27T04:16:56.589+0000][122][info ][gc,metaspace] GC(5) Metaspace: 35402K(36288K)->35402K(36288K) NonClass: 31313K(31808K)->31313K(31808K) Class: 4088K(4480K)->4088K(4480K)
[2025-08-27T04:16:56.589+0000][122][info ][gc          ] GC(5) Pause Young (Mixed) (Metadata GC Threshold) 565M->24M(1024M) 15.601ms
[2025-08-27T04:16:56.590+0000][122][info ][gc,cpu      ] GC(5) User=0.05s Sys=0.00s Real=0.02s
[2025-08-27T04:16:56.590+0000][122][info ][safepoint   ] Safepoint "CollectForMetadataAllocation", Time since last: 10749333 ns, Reaching safepoint: 2208 ns, Cleanup: 1334 ns, At safepoint: 15949000 ns, Total: 15952542 ns
[2025-08-27T04:16:56.600+0000][122][info ][gc,start    ] GC(6) Pause Young (Concurrent Start) (Metadata GC Threshold)
[2025-08-27T04:16:56.600+0000][122][info ][gc,task     ] GC(6) Using 8 workers of 8 for evacuation
[2025-08-27T04:16:56.600+0000][122][debug][gc,age      ] GC(6) Desired survivor size 41943040 bytes, new threshold 15 (max threshold 15)
[2025-08-27T04:16:56.609+0000][122][info ][gc,phases   ] GC(6)   Pre Evacuate Collection Set: 0.13ms
[2025-08-27T04:16:56.609+0000][122][info ][gc,phases   ] GC(6)   Merge Heap Roots: 0.07ms
[2025-08-27T04:16:56.609+0000][122][info ][gc,phases   ] GC(6)   Evacuate Collection Set: 7.17ms
[2025-08-27T04:16:56.609+0000][122][info ][gc,phases   ] GC(6)   Post Evacuate Collection Set: 0.83ms
[2025-08-27T04:16:56.609+0000][122][info ][gc,phases   ] GC(6)   Other: 0.19ms
[2025-08-27T04:16:56.609+0000][122][trace][gc,age      ] GC(6) Age table with threshold 15 (max threshold 15)
[2025-08-27T04:16:56.609+0000][122][trace][gc,age      ] GC(6) - age   1:      54192 bytes,      54192 total
[2025-08-27T04:16:56.609+0000][122][trace][gc,age      ] GC(6) - age   2:    8397512 bytes,    8451704 total
[2025-08-27T04:16:56.609+0000][122][trace][gc,age      ] GC(6) - age   3:    5714880 bytes,   14166584 total
[2025-08-27T04:16:56.609+0000][122][trace][gc,age      ] GC(6) - age   4:     422232 bytes,   14588816 total
[2025-08-27T04:16:56.609+0000][122][trace][gc,age      ] GC(6) - age   5:    4025328 bytes,   18614144 total
[2025-08-27T04:16:56.609+0000][122][trace][gc,age      ] GC(6) - age   6:    4587360 bytes,   23201504 total
[2025-08-27T04:16:56.609+0000][122][info ][gc,heap     ] GC(6) Eden regions: 1->0(146)
[2025-08-27T04:16:56.609+0000][122][info ][gc,heap     ] GC(6) Survivor regions: 6->7(20)
[2025-08-27T04:16:56.609+0000][122][info ][gc,heap     ] GC(6) Old regions: 1->1
[2025-08-27T04:16:56.609+0000][122][info ][gc,heap     ] GC(6) Humongous regions: 0->0
[2025-08-27T04:16:56.609+0000][122][info ][gc,metaspace] GC(6) Metaspace: 35655K(36608K)->35655K(36608K) NonClass: 31528K(32064K)->31528K(32064K) Class: 4126K(4544K)->4126K(4544K)
[2025-08-27T04:16:56.609+0000][122][info ][gc          ] GC(6) Pause Young (Concurrent Start) (Metadata GC Threshold) 28M->26M(1024M) 9.091ms
[2025-08-27T04:16:56.609+0000][122][info ][gc,cpu      ] GC(6) User=0.03s Sys=0.01s Real=0.01s
[2025-08-27T04:16:56.609+0000][122][info ][gc          ] GC(7) Concurrent Mark Cycle
[2025-08-27T04:16:56.610+0000][122][info ][gc,marking  ] GC(7) Concurrent Scan Root Regions
[2025-08-27T04:16:56.610+0000][122][info ][safepoint   ] Safepoint "CollectForMetadataAllocation", Time since last: 10403583 ns, Reaching safepoint: 1958 ns, Cleanup: 1459 ns, At safepoint: 9400875 ns, Total: 9404292 ns
[2025-08-27T04:16:56.613+0000][122][info ][gc,marking  ] GC(7) Concurrent Scan Root Regions 3.802ms
[2025-08-27T04:16:56.614+0000][122][info ][gc,marking  ] GC(7) Concurrent Mark
[2025-08-27T04:16:56.616+0000][122][info ][gc,marking  ] GC(7) Concurrent Mark From Roots
[2025-08-27T04:16:56.616+0000][122][info ][gc,task     ] GC(7) Using 2 workers of 2 for marking
[2025-08-27T04:16:56.618+0000][122][info ][gc,marking  ] GC(7) Concurrent Mark From Roots 2.770ms
[2025-08-27T04:16:56.619+0000][122][info ][gc,marking  ] GC(7) Concurrent Preclean
[2025-08-27T04:16:56.619+0000][122][info ][gc,marking  ] GC(7) Concurrent Preclean 0.095ms
[2025-08-27T04:16:56.621+0000][122][info ][gc,start    ] GC(7) Pause Remark
[2025-08-27T04:16:56.624+0000][122][info ][gc          ] GC(7) Pause Remark 30M->30M(1024M) 3.166ms
[2025-08-27T04:16:56.624+0000][122][info ][gc,cpu      ] GC(7) User=0.01s Sys=0.00s Real=0.00s
[2025-08-27T04:16:56.624+0000][122][info ][safepoint   ] Safepoint "G1PauseRemark", Time since last: 10905500 ns, Reaching safepoint: 2583 ns, Cleanup: 5542 ns, At safepoint: 3343208 ns, Total: 3351333 ns
[2025-08-27T04:16:56.624+0000][122][info ][gc,marking  ] GC(7) Concurrent Mark 10.039ms
[2025-08-27T04:16:56.627+0000][122][info ][gc,marking  ] GC(7) Concurrent Rebuild Remembered Sets and Scrub Regions
[2025-08-27T04:16:56.628+0000][122][info ][gc,marking  ] GC(7) Concurrent Rebuild Remembered Sets and Scrub Regions 0.488ms
[2025-08-27T04:16:56.629+0000][122][info ][gc,start    ] GC(7) Pause Cleanup
[2025-08-27T04:16:56.629+0000][122][info ][gc          ] GC(7) Pause Cleanup 38M->38M(1024M) 0.112ms
[2025-08-27T04:16:56.629+0000][122][info ][gc,cpu      ] GC(7) User=0.00s Sys=0.00s Real=0.00s
[2025-08-27T04:16:56.629+0000][122][info ][safepoint   ] Safepoint "G1PauseCleanup", Time since last: 4978625 ns, Reaching safepoint: 1875 ns, Cleanup: 6208 ns, At safepoint: 286750 ns, Total: 294833 ns
[2025-08-27T04:16:56.629+0000][122][info ][gc,marking  ] GC(7) Concurrent Clear Claimed Marks
[2025-08-27T04:16:56.633+0000][122][info ][gc,marking  ] GC(7) Concurrent Clear Claimed Marks 3.310ms
[2025-08-27T04:16:56.633+0000][122][info ][gc,marking  ] GC(7) Concurrent Cleanup for Next Mark
[2025-08-27T04:16:56.633+0000][122][info ][gc,marking  ] GC(7) Concurrent Cleanup for Next Mark 0.504ms
[2025-08-27T04:16:56.633+0000][122][info ][gc          ] GC(7) Concurrent Mark Cycle 23.888ms
[2025-08-27T04:16:56.963+0000][122][info ][safepoint   ] Safepoint "ICBufferFull", Time since last: 332324709 ns, Reaching safepoint: 935958 ns, Cleanup: 116084 ns, At safepoint: 8208 ns, Total: 1060250 ns
[2025-08-27T04:16:57.244+0000][122][info ][gc,start    ] GC(8) Pause Young (Normal) (G1 Evacuation Pause)
[2025-08-27T04:16:57.244+0000][122][info ][gc,task     ] GC(8) Using 8 workers of 8 for evacuation
[2025-08-27T04:16:57.244+0000][122][debug][gc,age      ] GC(8) Desired survivor size 41943040 bytes, new threshold 15 (max threshold 15)
[2025-08-27T04:16:57.255+0000][122][info ][gc,phases   ] GC(8)   Pre Evacuate Collection Set: 0.11ms
[2025-08-27T04:16:57.255+0000][122][info ][gc,phases   ] GC(8)   Merge Heap Roots: 0.07ms
[2025-08-27T04:16:57.255+0000][122][info ][gc,phases   ] GC(8)   Evacuate Collection Set: 9.81ms
[2025-08-27T04:16:57.255+0000][122][info ][gc,phases   ] GC(8)   Post Evacuate Collection Set: 1.01ms
[2025-08-27T04:16:57.256+0000][122][info ][gc,phases   ] GC(8)   Other: 0.16ms
[2025-08-27T04:16:57.256+0000][122][trace][gc,age      ] GC(8) Age table with threshold 15 (max threshold 15)
[2025-08-27T04:16:57.256+0000][122][trace][gc,age      ] GC(8) - age   1:    9765088 bytes,    9765088 total
[2025-08-27T04:16:57.256+0000][122][trace][gc,age      ] GC(8) - age   2:      47864 bytes,    9812952 total
[2025-08-27T04:16:57.256+0000][122][trace][gc,age      ] GC(8) - age   3:    8384728 bytes,   18197680 total
[2025-08-27T04:16:57.256+0000][122][trace][gc,age      ] GC(8) - age   4:    5707192 bytes,   23904872 total
[2025-08-27T04:16:57.256+0000][122][trace][gc,age      ] GC(8) - age   5:     402248 bytes,   24307120 total
[2025-08-27T04:16:57.256+0000][122][trace][gc,age      ] GC(8) - age   6:    4018392 bytes,   28325512 total
[2025-08-27T04:16:57.256+0000][122][trace][gc,age      ] GC(8) - age   7:    4580640 bytes,   32906152 total
[2025-08-27T04:16:57.256+0000][122][info ][gc,heap     ] GC(8) Eden regions: 146->0(144)
[2025-08-27T04:16:57.256+0000][122][info ][gc,heap     ] GC(8) Survivor regions: 7->9(20)
[2025-08-27T04:16:57.256+0000][122][info ][gc,heap     ] GC(8) Old regions: 1->1
[2025-08-27T04:16:57.256+0000][122][info ][gc,heap     ] GC(8) Humongous regions: 0->0
[2025-08-27T04:16:57.256+0000][122][info ][gc,metaspace] GC(8) Metaspace: 38320K(39424K)->38320K(39424K) NonClass: 33828K(34496K)->33828K(34496K) Class: 4491K(4928K)->4491K(4928K)
[2025-08-27T04:16:57.256+0000][122][info ][gc          ] GC(8) Pause Young (Normal) (G1 Evacuation Pause) 610M->35M(1024M) 11.960ms
[2025-08-27T04:16:57.256+0000][122][info ][gc,cpu      ] GC(8) User=0.06s Sys=0.00s Real=0.02s
[2025-08-27T04:16:57.256+0000][122][info ][safepoint   ] Safepoint "G1CollectForAllocation", Time since last: 281359458 ns, Reaching safepoint: 2417 ns, Cleanup: 78417 ns, At safepoint: 12044208 ns, Total: 12125042 ns
[2025-08-27T04:16:57.466+0000][122][info ][safepoint   ] Safepoint "ICBufferFull", Time since last: 209792583 ns, Reaching safepoint: 2084 ns, Cleanup: 89125 ns, At safepoint: 6500 ns, Total: 97709 ns
[2025-08-27T04:16:57.576+0000][122][info ][safepoint   ] Safepoint "ICBufferFull", Time since last: 109916958 ns, Reaching safepoint: 3000 ns, Cleanup: 118667 ns, At safepoint: 5000 ns, Total: 126667 ns
[2025-08-27T04:16:57.726+0000][122][info ][safepoint   ] Safepoint "ICBufferFull", Time since last: 150205000 ns, Reaching safepoint: 2667 ns, Cleanup: 73625 ns, At safepoint: 8833 ns, Total: 85125 ns
[2025-08-27T04:16:58.037+0000][122][info ][safepoint   ] Safepoint "ICBufferFull", Time since last: 310811833 ns, Reaching safepoint: 2542 ns, Cleanup: 99750 ns, At safepoint: 7417 ns, Total: 109709 ns
[2025-08-27T04:16:58.194+0000][122][info ][safepoint   ] Safepoint "ICBufferFull", Time since last: 157118125 ns, Reaching safepoint: 2417 ns, Cleanup: 63958 ns, At safepoint: 3875 ns, Total: 70250 ns
[2025-08-27T04:16:58.378+0000][122][info ][safepoint   ] Safepoint "ICBufferFull", Time since last: 183956792 ns, Reaching safepoint: 1916 ns, Cleanup: 63250 ns, At safepoint: 4709 ns, Total: 69875 ns
[2025-08-27T04:16:58.437+0000][122][info ][gc,start    ] GC(9) Pause Young (Concurrent Start) (Metadata GC Threshold)
[2025-08-27T04:16:58.437+0000][122][info ][gc,task     ] GC(9) Using 8 workers of 8 for evacuation
[2025-08-27T04:16:58.437+0000][122][debug][gc,age      ] GC(9) Desired survivor size 41943040 bytes, new threshold 15 (max threshold 15)
[2025-08-27T04:16:58.451+0000][122][info ][gc,phases   ] GC(9)   Pre Evacuate Collection Set: 0.13ms
[2025-08-27T04:16:58.451+0000][122][info ][gc,phases   ] GC(9)   Merge Heap Roots: 0.08ms
[2025-08-27T04:16:58.451+0000][122][info ][gc,phases   ] GC(9)   Evacuate Collection Set: 10.71ms
[2025-08-27T04:16:58.451+0000][122][info ][gc,phases   ] GC(9)   Post Evacuate Collection Set: 2.28ms
[2025-08-27T04:16:58.451+0000][122][info ][gc,phases   ] GC(9)   Other: 0.21ms
[2025-08-27T04:16:58.451+0000][122][trace][gc,age      ] GC(9) Age table with threshold 15 (max threshold 15)
[2025-08-27T04:16:58.451+0000][122][trace][gc,age      ] GC(9) - age   1:   10347808 bytes,   10347808 total
[2025-08-27T04:16:58.451+0000][122][trace][gc,age      ] GC(9) - age   2:    8861784 bytes,   19209592 total
[2025-08-27T04:16:58.451+0000][122][trace][gc,age      ] GC(9) - age   3:      46312 bytes,   19255904 total
[2025-08-27T04:16:58.451+0000][122][trace][gc,age      ] GC(9) - age   4:    8342704 bytes,   27598608 total
[2025-08-27T04:16:58.451+0000][122][trace][gc,age      ] GC(9) - age   5:    5523344 bytes,   33121952 total
[2025-08-27T04:16:58.451+0000][122][trace][gc,age      ] GC(9) - age   6:     398688 bytes,   33520640 total
[2025-08-27T04:16:58.451+0000][122][trace][gc,age      ] GC(9) - age   7:    3980768 bytes,   37501408 total
[2025-08-27T04:16:58.451+0000][122][trace][gc,age      ] GC(9) - age   8:    4571616 bytes,   42073024 total
[2025-08-27T04:16:58.451+0000][122][info ][gc,heap     ] GC(9) Eden regions: 136->0(141)
[2025-08-27T04:16:58.451+0000][122][info ][gc,heap     ] GC(9) Survivor regions: 9->12(20)
[2025-08-27T04:16:58.451+0000][122][info ][gc,heap     ] GC(9) Old regions: 1->1
[2025-08-27T04:16:58.451+0000][122][info ][gc,heap     ] GC(9) Humongous regions: 0->0
[2025-08-27T04:16:58.451+0000][122][info ][gc,metaspace] GC(9) Metaspace: 59945K(61376K)->59945K(61376K) NonClass: 52376K(53248K)->52376K(53248K) Class: 7569K(8128K)->7569K(8128K)
[2025-08-27T04:16:58.451+0000][122][info ][gc          ] GC(9) Pause Young (Concurrent Start) (Metadata GC Threshold) 579M->46M(1024M) 14.299ms
[2025-08-27T04:16:58.451+0000][122][info ][gc,cpu      ] GC(9) User=0.06s Sys=0.00s Real=0.01s
[2025-08-27T04:16:58.451+0000][122][info ][gc          ] GC(10) Concurrent Mark Cycle
[2025-08-27T04:16:58.452+0000][122][info ][gc,marking  ] GC(10) Concurrent Scan Root Regions
[2025-08-27T04:16:58.452+0000][122][info ][safepoint   ] Safepoint "CollectForMetadataAllocation", Time since last: 58635250 ns, Reaching safepoint: 2125 ns, Cleanup: 26583 ns, At safepoint: 14474333 ns, Total: 14503041 ns
[2025-08-27T04:16:58.456+0000][122][info ][gc,marking  ] GC(10) Concurrent Scan Root Regions 4.657ms
[2025-08-27T04:16:58.459+0000][122][info ][gc,marking  ] GC(10) Concurrent Mark
[2025-08-27T04:16:58.459+0000][122][info ][gc,marking  ] GC(10) Concurrent Mark From Roots
[2025-08-27T04:16:58.459+0000][122][info ][gc,task     ] GC(10) Using 2 workers of 2 for marking
[2025-08-27T04:16:58.459+0000][122][info ][safepoint   ] Safepoint "CollectForMetadataAllocation", Time since last: 7040375 ns, Reaching safepoint: 2459 ns, Cleanup: 1875 ns, At safepoint: 109541 ns, Total: 113875 ns
[2025-08-27T04:16:58.459+0000][122][info ][gc,marking  ] GC(10) Concurrent Mark From Roots 0.792ms
[2025-08-27T04:16:58.459+0000][122][info ][gc,marking  ] GC(10) Concurrent Preclean
[2025-08-27T04:16:58.459+0000][122][info ][gc,marking  ] GC(10) Concurrent Preclean 0.040ms
[2025-08-27T04:16:58.460+0000][122][info ][gc,start    ] GC(10) Pause Remark
[2025-08-27T04:16:58.463+0000][122][info ][gc          ] GC(10) Pause Remark 50M->50M(1024M) 3.167ms
[2025-08-27T04:16:58.463+0000][122][info ][gc,cpu      ] GC(10) User=0.01s Sys=0.00s Real=0.00s
[2025-08-27T04:16:58.463+0000][122][info ][safepoint   ] Safepoint "G1PauseRemark", Time since last: 851750 ns, Reaching safepoint: 1584 ns, Cleanup: 791 ns, At safepoint: 3346584 ns, Total: 3348959 ns
[2025-08-27T04:16:58.463+0000][122][info ][gc,marking  ] GC(10) Concurrent Mark 4.388ms
[2025-08-27T04:16:58.463+0000][122][info ][gc,marking  ] GC(10) Concurrent Rebuild Remembered Sets and Scrub Regions
[2025-08-27T04:16:58.463+0000][122][info ][gc,marking  ] GC(10) Concurrent Rebuild Remembered Sets and Scrub Regions 0.374ms
[2025-08-27T04:16:58.464+0000][122][info ][gc,start    ] GC(10) Pause Cleanup
[2025-08-27T04:16:58.465+0000][122][info ][gc          ] GC(10) Pause Cleanup 50M->50M(1024M) 0.098ms
[2025-08-27T04:16:58.465+0000][122][info ][gc,cpu      ] GC(10) User=0.00s Sys=0.00s Real=0.00s
[2025-08-27T04:16:58.465+0000][122][info ][safepoint   ] Safepoint "G1PauseCleanup", Time since last: 490750 ns, Reaching safepoint: 1065375 ns, Cleanup: 11375 ns, At safepoint: 192375 ns, Total: 1269125 ns
[2025-08-27T04:16:58.465+0000][122][info ][gc,marking  ] GC(10) Concurrent Clear Claimed Marks
[2025-08-27T04:16:58.465+0000][122][info ][gc,marking  ] GC(10) Concurrent Clear Claimed Marks 0.047ms
[2025-08-27T04:16:58.465+0000][122][info ][gc,marking  ] GC(10) Concurrent Cleanup for Next Mark
[2025-08-27T04:16:58.466+0000][122][info ][gc,marking  ] GC(10) Concurrent Cleanup for Next Mark 0.813ms
[2025-08-27T04:16:58.466+0000][122][info ][gc          ] GC(10) Concurrent Mark Cycle 14.185ms
[2025-08-27T04:16:58.862+0000][122][info ][safepoint   ] Safepoint "ICBufferFull", Time since last: 397153250 ns, Reaching safepoint: 5666 ns, Cleanup: 108834 ns, At safepoint: 16083 ns, Total: 130583 ns
[2025-08-27T04:16:58.938+0000][122][info ][safepoint   ] Safepoint "ICBufferFull", Time since last: 75528042 ns, Reaching safepoint: 5875 ns, Cleanup: 109750 ns, At safepoint: 14083 ns, Total: 129708 ns
[2025-08-27T04:16:59.256+0000][122][info ][safepoint   ] Safepoint "ICBufferFull", Time since last: 318098875 ns, Reaching safepoint: 2917 ns, Cleanup: 108750 ns, At safepoint: 8792 ns, Total: 120459 ns
[2025-08-27T04:16:59.637+0000][122][info ][safepoint   ] Safepoint "ICBufferFull", Time since last: 380617667 ns, Reaching safepoint: 2916 ns, Cleanup: 94167 ns, At safepoint: 5250 ns, Total: 102333 ns
[2025-08-27T04:16:59.735+0000][122][info ][safepoint   ] Safepoint "ICBufferFull", Time since last: 98580875 ns, Reaching safepoint: 2708 ns, Cleanup: 96209 ns, At safepoint: 5666 ns, Total: 104583 ns
[2025-08-27T04:16:59.980+0000][122][info ][gc,start    ] GC(11) Pause Young (Normal) (G1 Evacuation Pause)
[2025-08-27T04:16:59.981+0000][122][info ][gc,task     ] GC(11) Using 8 workers of 8 for evacuation
[2025-08-27T04:16:59.981+0000][122][debug][gc,age      ] GC(11) Desired survivor size 41943040 bytes, new threshold 8 (max threshold 15)
[2025-08-27T04:17:00.007+0000][122][info ][gc,phases   ] GC(11)   Pre Evacuate Collection Set: 0.34ms
[2025-08-27T04:17:00.008+0000][122][info ][gc,phases   ] GC(11)   Merge Heap Roots: 0.23ms
[2025-08-27T04:17:00.013+0000][122][info ][gc,phases   ] GC(11)   Evacuate Collection Set: 17.96ms
[2025-08-27T04:17:00.014+0000][122][info ][gc,phases   ] GC(11)   Post Evacuate Collection Set: 7.70ms
[2025-08-27T04:17:00.014+0000][122][info ][gc,phases   ] GC(11)   Other: 0.45ms
[2025-08-27T04:17:00.014+0000][122][trace][gc,age      ] GC(11) Age table with threshold 8 (max threshold 15)
[2025-08-27T04:17:00.015+0000][122][trace][gc,age      ] GC(11) - age   1:   10786104 bytes,   10786104 total
[2025-08-27T04:17:00.015+0000][122][trace][gc,age      ] GC(11) - age   2:    9879712 bytes,   20665816 total
[2025-08-27T04:17:00.015+0000][122][trace][gc,age      ] GC(11) - age   3:    8812968 bytes,   29478784 total
[2025-08-27T04:17:00.015+0000][122][trace][gc,age      ] GC(11) - age   4:      46184 bytes,   29524968 total
[2025-08-27T04:17:00.015+0000][122][trace][gc,age      ] GC(11) - age   5:    8330688 bytes,   37855656 total
[2025-08-27T04:17:00.015+0000][122][trace][gc,age      ] GC(11) - age   6:    5499880 bytes,   43355536 total
[2025-08-27T04:17:00.015+0000][122][trace][gc,age      ] GC(11) - age   7:     396288 bytes,   43751824 total
[2025-08-27T04:17:00.015+0000][122][trace][gc,age      ] GC(11) - age   8:    3973376 bytes,   47725200 total
[2025-08-27T04:17:00.016+0000][122][info ][gc,heap     ] GC(11) Eden regions: 141->0(140)
[2025-08-27T04:17:00.016+0000][122][info ][gc,heap     ] GC(11) Survivor regions: 12->13(20)
[2025-08-27T04:17:00.016+0000][122][info ][gc,heap     ] GC(11) Old regions: 1->2
[2025-08-27T04:17:00.019+0000][122][info ][gc,heap     ] GC(11) Humongous regions: 0->0
[2025-08-27T04:17:00.019+0000][122][info ][gc,metaspace] GC(11) Metaspace: 75252K(77056K)->75252K(77056K) NonClass: 65164K(66240K)->65164K(66240K) Class: 10088K(10816K)->10088K(10816K)
[2025-08-27T04:17:00.019+0000][122][info ][gc          ] GC(11) Pause Young (Normal) (G1 Evacuation Pause) 610M->55M(1024M) 38.369ms
[2025-08-27T04:17:00.019+0000][122][info ][gc,cpu      ] GC(11) User=0.11s Sys=0.01s Real=0.04s
[2025-08-27T04:17:00.027+0000][122][info ][safepoint   ] Safepoint "G1CollectForAllocation", Time since last: 245231667 ns, Reaching safepoint: 3458 ns, Cleanup: 22000 ns, At safepoint: 46046125 ns, Total: 46071583 ns
[2025-08-27T04:17:00.601+0000][122][info ][safepoint   ] Safepoint "ICBufferFull", Time since last: 573873209 ns, Reaching safepoint: 2958 ns, Cleanup: 150000 ns, At safepoint: 5667 ns, Total: 158625 ns
[2025-08-27T04:17:00.840+0000][122][info ][safepoint   ] Safepoint "ICBufferFull", Time since last: 239021917 ns, Reaching safepoint: 3083 ns, Cleanup: 93833 ns, At safepoint: 155875 ns, Total: 252791 ns
[2025-08-27T04:17:01.278+0000][122][info ][safepoint   ] Safepoint "ICBufferFull", Time since last: 437837751 ns, Reaching safepoint: 5166 ns, Cleanup: 89792 ns, At safepoint: 13500 ns, Total: 108458 ns
[2025-08-27T04:17:01.653+0000][122][info ][safepoint   ] Safepoint "ICBufferFull", Time since last: 374628375 ns, Reaching safepoint: 3250 ns, Cleanup: 100417 ns, At safepoint: 17916 ns, Total: 121583 ns
[2025-08-27T04:17:01.939+0000][122][info ][gc,start    ] GC(12) Pause Young (Concurrent Start) (Metadata GC Threshold)
[2025-08-27T04:17:01.939+0000][122][info ][gc,task     ] GC(12) Using 8 workers of 8 for evacuation
[2025-08-27T04:17:01.939+0000][122][debug][gc,age      ] GC(12) Desired survivor size 41943040 bytes, new threshold 6 (max threshold 15)
[2025-08-27T04:17:01.960+0000][122][info ][gc,phases   ] GC(12)   Pre Evacuate Collection Set: 0.15ms
[2025-08-27T04:17:01.960+0000][122][info ][gc,phases   ] GC(12)   Merge Heap Roots: 0.04ms
[2025-08-27T04:17:01.960+0000][122][info ][gc,phases   ] GC(12)   Evacuate Collection Set: 19.04ms
[2025-08-27T04:17:01.960+0000][122][info ][gc,phases   ] GC(12)   Post Evacuate Collection Set: 1.65ms
[2025-08-27T04:17:01.960+0000][122][info ][gc,phases   ] GC(12)   Other: 0.22ms
[2025-08-27T04:17:01.960+0000][122][trace][gc,age      ] GC(12) Age table with threshold 6 (max threshold 15)
[2025-08-27T04:17:01.960+0000][122][trace][gc,age      ] GC(12) - age   1:    9834640 bytes,    9834640 total
[2025-08-27T04:17:01.960+0000][122][trace][gc,age      ] GC(12) - age   2:   10452336 bytes,   20286976 total
[2025-08-27T04:17:01.960+0000][122][trace][gc,age      ] GC(12) - age   3:    9713448 bytes,   30000424 total
[2025-08-27T04:17:01.960+0000][122][trace][gc,age      ] GC(12) - age   4:    8795320 bytes,   38795744 total
[2025-08-27T04:17:01.960+0000][122][trace][gc,age      ] GC(12) - age   5:      45928 bytes,   38841672 total
[2025-08-27T04:17:01.960+0000][122][trace][gc,age      ] GC(12) - age   6:    8305456 bytes,   47147128 total
[2025-08-27T04:17:01.960+0000][122][info ][gc,heap     ] GC(12) Eden regions: 85->0(140)
[2025-08-27T04:17:01.961+0000][122][info ][gc,heap     ] GC(12) Survivor regions: 13->13(20)
[2025-08-27T04:17:01.961+0000][122][info ][gc,heap     ] GC(12) Old regions: 2->4
[2025-08-27T04:17:01.961+0000][122][info ][gc,heap     ] GC(12) Humongous regions: 0->0
[2025-08-27T04:17:01.961+0000][122][info ][gc,metaspace] GC(12) Metaspace: 100902K(102976K)->100902K(102976K) NonClass: 87284K(88512K)->87284K(88512K) Class: 13617K(14464K)->13617K(14464K)
[2025-08-27T04:17:01.961+0000][122][info ][gc          ] GC(12) Pause Young (Concurrent Start) (Metadata GC Threshold) 395M->67M(1024M) 21.905ms
[2025-08-27T04:17:01.961+0000][122][info ][gc,cpu      ] GC(12) User=0.13s Sys=0.00s Real=0.02s
[2025-08-27T04:17:01.961+0000][122][info ][safepoint   ] Safepoint "CollectForMetadataAllocation", Time since last: 286222001 ns, Reaching safepoint: 3666 ns, Cleanup: 20042 ns, At safepoint: 22090958 ns, Total: 22114666 ns
[2025-08-27T04:17:01.961+0000][122][info ][gc          ] GC(13) Concurrent Mark Cycle
[2025-08-27T04:17:01.961+0000][122][info ][gc,marking  ] GC(13) Concurrent Scan Root Regions
[2025-08-27T04:17:01.968+0000][122][info ][safepoint   ] Safepoint "CollectForMetadataAllocation", Time since last: 7333334 ns, Reaching safepoint: 2833 ns, Cleanup: 12750 ns, At safepoint: 49208 ns, Total: 64791 ns
[2025-08-27T04:17:01.969+0000][122][info ][safepoint   ] Safepoint "CollectForMetadataAllocation", Time since last: 115625 ns, Reaching safepoint: 1072084 ns, Cleanup: 1333 ns, At safepoint: 7167 ns, Total: 1080584 ns
[2025-08-27T04:17:01.971+0000][122][info ][gc,marking  ] GC(13) Concurrent Scan Root Regions 9.598ms
[2025-08-27T04:17:01.971+0000][122][info ][gc,marking  ] GC(13) Concurrent Mark
[2025-08-27T04:17:01.971+0000][122][info ][gc,marking  ] GC(13) Concurrent Mark From Roots
[2025-08-27T04:17:01.971+0000][122][info ][gc,task     ] GC(13) Using 2 workers of 2 for marking
[2025-08-27T04:17:01.973+0000][122][info ][gc,marking  ] GC(13) Concurrent Mark From Roots 2.560ms
[2025-08-27T04:17:01.973+0000][122][info ][gc,marking  ] GC(13) Concurrent Preclean
[2025-08-27T04:17:01.973+0000][122][info ][gc,marking  ] GC(13) Concurrent Preclean 0.051ms
[2025-08-27T04:17:01.973+0000][122][info ][gc,start    ] GC(13) Pause Remark
[2025-08-27T04:17:01.977+0000][122][info ][gc          ] GC(13) Pause Remark 72M->72M(1024M) 3.438ms
[2025-08-27T04:17:01.977+0000][122][info ][gc,cpu      ] GC(13) User=0.02s Sys=0.00s Real=0.01s
[2025-08-27T04:17:01.977+0000][122][info ][safepoint   ] Safepoint "G1PauseRemark", Time since last: 3953000 ns, Reaching safepoint: 11083 ns, Cleanup: 6333 ns, At safepoint: 3547500 ns, Total: 3564916 ns
[2025-08-27T04:17:01.977+0000][122][info ][gc,marking  ] GC(13) Concurrent Mark 6.342ms
[2025-08-27T04:17:01.977+0000][122][info ][gc,marking  ] GC(13) Concurrent Rebuild Remembered Sets and Scrub Regions
[2025-08-27T04:17:01.978+0000][122][info ][gc,marking  ] GC(13) Concurrent Rebuild Remembered Sets and Scrub Regions 1.135ms
[2025-08-27T04:17:01.978+0000][122][info ][gc,start    ] GC(13) Pause Cleanup
[2025-08-27T04:17:01.979+0000][122][info ][gc          ] GC(13) Pause Cleanup 75M->75M(1024M) 0.067ms
[2025-08-27T04:17:01.979+0000][122][info ][gc,cpu      ] GC(13) User=0.00s Sys=0.00s Real=0.00s
[2025-08-27T04:17:01.979+0000][122][info ][safepoint   ] Safepoint "G1PauseCleanup", Time since last: 1248959 ns, Reaching safepoint: 257000 ns, Cleanup: 9625 ns, At safepoint: 177208 ns, Total: 443833 ns
[2025-08-27T04:17:01.979+0000][122][info ][gc,marking  ] GC(13) Concurrent Clear Claimed Marks
[2025-08-27T04:17:01.979+0000][122][info ][gc,marking  ] GC(13) Concurrent Clear Claimed Marks 0.053ms
[2025-08-27T04:17:01.979+0000][122][info ][gc,marking  ] GC(13) Concurrent Cleanup for Next Mark
[2025-08-27T04:17:01.980+0000][122][info ][gc,marking  ] GC(13) Concurrent Cleanup for Next Mark 1.667ms
[2025-08-27T04:17:01.980+0000][122][info ][gc          ] GC(13) Concurrent Mark Cycle 19.748ms
[2025-08-27T04:17:02.132+0000][122][info ][safepoint   ] Safepoint "ICBufferFull", Time since last: 152390750 ns, Reaching safepoint: 417000 ns, Cleanup: 92417 ns, At safepoint: 9208 ns, Total: 518625 ns
[2025-08-27T04:17:02.375+0000][122][info ][safepoint   ] Safepoint "ICBufferFull", Time since last: 242239917 ns, Reaching safepoint: 825125 ns, Cleanup: 83708 ns, At safepoint: 10792 ns, Total: 919625 ns
[2025-08-27T04:17:02.797+0000][122][info ][safepoint   ] Safepoint "ICBufferFull", Time since last: 421978917 ns, Reaching safepoint: 3416 ns, Cleanup: 94000 ns, At safepoint: 6042 ns, Total: 103458 ns
[2025-08-27T04:17:03.102+0000][122][info ][safepoint   ] Safepoint "ICBufferFull", Time since last: 304724334 ns, Reaching safepoint: 2958 ns, Cleanup: 87875 ns, At safepoint: 5542 ns, Total: 96375 ns
[2025-08-27T04:17:03.141+0000][122][info ][safepoint   ] Safepoint "ICBufferFull", Time since last: 38037208 ns, Reaching safepoint: 1011375 ns, Cleanup: 82167 ns, At safepoint: 13500 ns, Total: 1107042 ns
[2025-08-27T04:17:03.171+0000][122][info ][safepoint   ] Safepoint "ICBufferFull", Time since last: 28819375 ns, Reaching safepoint: 829416 ns, Cleanup: 74584 ns, At safepoint: 14333 ns, Total: 918333 ns
[2025-08-27T04:17:03.185+0000][122][info ][safepoint   ] Safepoint "ICBufferFull", Time since last: 14655708 ns, Reaching safepoint: 2375 ns, Cleanup: 57959 ns, At safepoint: 4041 ns, Total: 64375 ns
[2025-08-27T04:17:03.208+0000][122][info ][safepoint   ] Safepoint "ICBufferFull", Time since last: 21907167 ns, Reaching safepoint: 349000 ns, Cleanup: 80833 ns, At safepoint: 18875 ns, Total: 448708 ns
[2025-08-27T04:17:03.277+0000][122][info ][safepoint   ] Safepoint "ICBufferFull", Time since last: 67857042 ns, Reaching safepoint: 1112583 ns, Cleanup: 89917 ns, At safepoint: 12083 ns, Total: 1214583 ns
[2025-08-27T04:17:03.336+0000][122][info ][safepoint   ] Safepoint "ICBufferFull", Time since last: 59391792 ns, Reaching safepoint: 3000 ns, Cleanup: 81125 ns, At safepoint: 9292 ns, Total: 93417 ns
[2025-08-27T04:17:03.421+0000][122][info ][safepoint   ] Safepoint "ICBufferFull", Time since last: 85041458 ns, Reaching safepoint: 3833 ns, Cleanup: 120834 ns, At safepoint: 9958 ns, Total: 134625 ns
[2025-08-27T04:17:03.531+0000][122][info ][safepoint   ] Safepoint "ICBufferFull", Time since last: 109670458 ns, Reaching safepoint: 3750 ns, Cleanup: 88584 ns, At safepoint: 9541 ns, Total: 101875 ns
[2025-08-27T04:17:03.670+0000][122][info ][safepoint   ] Safepoint "ICBufferFull", Time since last: 138201542 ns, Reaching safepoint: 128917 ns, Cleanup: 100458 ns, At safepoint: 13792 ns, Total: 243167 ns
[2025-08-27T04:17:03.734+0000][122][info ][safepoint   ] Safepoint "ICBufferFull", Time since last: 64438666 ns, Reaching safepoint: 3792 ns, Cleanup: 61250 ns, At safepoint: 5167 ns, Total: 70209 ns
[2025-08-27T04:17:03.832+0000][122][info ][safepoint   ] Safepoint "ICBufferFull", Time since last: 97786042 ns, Reaching safepoint: 4291 ns, Cleanup: 74959 ns, At safepoint: 10916 ns, Total: 90166 ns
[2025-08-27T04:17:03.892+0000][122][info ][safepoint   ] Safepoint "ICBufferFull", Time since last: 59160709 ns, Reaching safepoint: 358500 ns, Cleanup: 189458 ns, At safepoint: 19958 ns, Total: 567916 ns
[2025-08-27T04:17:04.101+0000][122][info ][safepoint   ] Safepoint "ICBufferFull", Time since last: 207771875 ns, Reaching safepoint: 1227417 ns, Cleanup: 217042 ns, At safepoint: 12125 ns, Total: 1456584 ns
[2025-08-27T04:17:04.357+0000][122][info ][safepoint   ] Safepoint "ICBufferFull", Time since last: 256345791 ns, Reaching safepoint: 14750 ns, Cleanup: 90667 ns, At safepoint: 11583 ns, Total: 117000 ns
[2025-08-27T04:17:04.457+0000][122][info ][safepoint   ] Safepoint "ICBufferFull", Time since last: 99992334 ns, Reaching safepoint: 5875 ns, Cleanup: 81250 ns, At safepoint: 15125 ns, Total: 102250 ns
[2025-08-27T04:17:04.591+0000][122][info ][safepoint   ] Safepoint "ICBufferFull", Time since last: 132148458 ns, Reaching safepoint: 1035167 ns, Cleanup: 80125 ns, At safepoint: 11458 ns, Total: 1126750 ns
[2025-08-27T04:17:04.756+0000][122][info ][safepoint   ] Safepoint "ICBufferFull", Time since last: 165494250 ns, Reaching safepoint: 40417 ns, Cleanup: 112042 ns, At safepoint: 21958 ns, Total: 174417 ns
[2025-08-27T04:17:04.765+0000][122][info ][gc,start    ] GC(14) Pause Young (Normal) (G1 Evacuation Pause)
[2025-08-27T04:17:04.765+0000][122][info ][gc,task     ] GC(14) Using 8 workers of 8 for evacuation
[2025-08-27T04:17:04.765+0000][122][debug][gc,age      ] GC(14) Desired survivor size 41943040 bytes, new threshold 6 (max threshold 15)
[2025-08-27T04:17:04.832+0000][122][info ][gc,phases   ] GC(14)   Pre Evacuate Collection Set: 0.36ms
[2025-08-27T04:17:04.832+0000][122][info ][gc,phases   ] GC(14)   Merge Heap Roots: 0.16ms
[2025-08-27T04:17:04.832+0000][122][info ][gc,phases   ] GC(14)   Evacuate Collection Set: 61.88ms
[2025-08-27T04:17:04.832+0000][122][info ][gc,phases   ] GC(14)   Post Evacuate Collection Set: 4.60ms
[2025-08-27T04:17:04.832+0000][122][info ][gc,phases   ] GC(14)   Other: 0.26ms
[2025-08-27T04:17:04.832+0000][122][trace][gc,age      ] GC(14) Age table with threshold 6 (max threshold 15)
[2025-08-27T04:17:04.833+0000][122][trace][gc,age      ] GC(14) - age   1:   46776608 bytes,   46776608 total
[2025-08-27T04:17:04.833+0000][122][trace][gc,age      ] GC(14) - age   2:    8837448 bytes,   55614056 total
[2025-08-27T04:17:04.833+0000][122][trace][gc,age      ] GC(14) - age   3:   10163096 bytes,   65777152 total
[2025-08-27T04:17:04.833+0000][122][trace][gc,age      ] GC(14) - age   4:    8854240 bytes,   74631392 total
[2025-08-27T04:17:04.833+0000][122][trace][gc,age      ] GC(14) - age   5:    8745344 bytes,   83376736 total
[2025-08-27T04:17:04.833+0000][122][trace][gc,age      ] GC(14) - age   6:      45768 bytes,   83422504 total
[2025-08-27T04:17:04.833+0000][122][info ][gc,heap     ] GC(14) Eden regions: 140->0(133)
[2025-08-27T04:17:04.833+0000][122][info ][gc,heap     ] GC(14) Survivor regions: 13->20(20)
[2025-08-27T04:17:04.833+0000][122][info ][gc,heap     ] GC(14) Old regions: 4->9
[2025-08-27T04:17:04.833+0000][122][info ][gc,heap     ] GC(14) Humongous regions: 2->2
[2025-08-27T04:17:04.833+0000][122][info ][gc,metaspace] GC(14) Metaspace: 136986K(141120K)->136986K(141120K) NonClass: 117528K(119808K)->117528K(119808K) Class: 19457K(21312K)->19457K(21312K)
[2025-08-27T04:17:04.833+0000][122][info ][gc          ] GC(14) Pause Young (Normal) (G1 Evacuation Pause) 635M->121M(1024M) 68.012ms
[2025-08-27T04:17:04.833+0000][122][info ][gc,cpu      ] GC(14) User=0.44s Sys=0.01s Real=0.06s
[2025-08-27T04:17:04.833+0000][122][info ][safepoint   ] Safepoint "G1CollectForAllocation", Time since last: 8412083 ns, Reaching safepoint: 16209 ns, Cleanup: 13750 ns, At safepoint: 68117541 ns, Total: 68147500 ns
[2025-08-27T04:17:04.839+0000][122][info ][gc,start    ] GC(15) Pause Young (Normal) (G1 Evacuation Pause)
[2025-08-27T04:17:04.839+0000][122][info ][gc,task     ] GC(15) Using 8 workers of 8 for evacuation
[2025-08-27T04:17:04.839+0000][122][debug][gc,age      ] GC(15) Desired survivor size 6291456 bytes, new threshold 1 (max threshold 15)
[2025-08-27T04:17:04.903+0000][122][info ][gc,phases   ] GC(15)   Pre Evacuate Collection Set: 0.19ms
[2025-08-27T04:17:04.903+0000][122][info ][gc,phases   ] GC(15)   Merge Heap Roots: 0.34ms
[2025-08-27T04:17:04.903+0000][122][info ][gc,phases   ] GC(15)   Evacuate Collection Set: 61.29ms
[2025-08-27T04:17:04.903+0000][122][info ][gc,phases   ] GC(15)   Post Evacuate Collection Set: 2.19ms
[2025-08-27T04:17:04.903+0000][122][info ][gc,phases   ] GC(15)   Other: 0.11ms
[2025-08-27T04:17:04.903+0000][122][trace][gc,age      ] GC(15) Age table with threshold 1 (max threshold 15)
[2025-08-27T04:17:04.903+0000][122][trace][gc,age      ] GC(15) - age   1:       7984 bytes,       7984 total
[2025-08-27T04:17:04.903+0000][122][info ][gc,heap     ] GC(15) Eden regions: 2->0(151)
[2025-08-27T04:17:04.903+0000][122][info ][gc,heap     ] GC(15) Survivor regions: 20->2(3)
[2025-08-27T04:17:04.903+0000][122][info ][gc,heap     ] GC(15) Old regions: 9->30
[2025-08-27T04:17:04.903+0000][122][info ][gc,heap     ] GC(15) Humongous regions: 2->2
[2025-08-27T04:17:04.903+0000][122][info ][gc,metaspace] GC(15) Metaspace: 136986K(141120K)->136986K(141120K) NonClass: 117528K(119808K)->117528K(119808K) Class: 19457K(21312K)->19457K(21312K)
[2025-08-27T04:17:04.903+0000][122][info ][gc          ] GC(15) Pause Young (Normal) (G1 Evacuation Pause) 129M->133M(1024M) 64.594ms
[2025-08-27T04:17:04.903+0000][122][info ][gc,cpu      ] GC(15) User=0.44s Sys=0.01s Real=0.06s
[2025-08-27T04:17:04.904+0000][122][info ][safepoint   ] Safepoint "G1CollectForAllocation", Time since last: 4589250 ns, Reaching safepoint: 1055750 ns, Cleanup: 2709 ns, At safepoint: 65574083 ns, Total: 66632542 ns
[2025-08-27T04:17:05.042+0000][122][info ][safepoint   ] Safepoint "ICBufferFull", Time since last: 136795417 ns, Reaching safepoint: 569916 ns, Cleanup: 79584 ns, At safepoint: 9125 ns, Total: 658625 ns
[2025-08-27T04:17:05.199+0000][122][info ][safepoint   ] Safepoint "ICBufferFull", Time since last: 157704542 ns, Reaching safepoint: 6208 ns, Cleanup: 91792 ns, At safepoint: 12250 ns, Total: 110250 ns
[2025-08-27T04:17:05.377+0000][122][info ][safepoint   ] Safepoint "ICBufferFull", Time since last: 176391625 ns, Reaching safepoint: 621625 ns, Cleanup: 104333 ns, At safepoint: 20250 ns, Total: 746208 ns
[2025-08-27T04:17:05.614+0000][122][info ][safepoint   ] Safepoint "ICBufferFull", Time since last: 237522375 ns, Reaching safepoint: 27375 ns, Cleanup: 246500 ns, At safepoint: 77000 ns, Total: 350875 ns
[2025-08-27T04:17:05.710+0000][122][info ][safepoint   ] Safepoint "ICBufferFull", Time since last: 95167667 ns, Reaching safepoint: 6625 ns, Cleanup: 105166 ns, At safepoint: 11584 ns, Total: 123375 ns
[2025-08-27T04:17:06.022+0000][122][info ][safepoint   ] Safepoint "ICBufferFull", Time since last: 311185458 ns, Reaching safepoint: 644250 ns, Cleanup: 96167 ns, At safepoint: 24792 ns, Total: 765209 ns
[2025-08-27T04:17:06.181+0000][122][info ][safepoint   ] Safepoint "ICBufferFull", Time since last: 158445458 ns, Reaching safepoint: 353292 ns, Cleanup: 90625 ns, At safepoint: 310541 ns, Total: 754458 ns
[2025-08-27T04:17:06.182+0000][122][info ][safepoint   ] Safepoint "ICBufferFull", Time since last: 199542 ns, Reaching safepoint: 416500 ns, Cleanup: 9542 ns, At safepoint: 134583 ns, Total: 560625 ns
[2025-08-27T04:17:06.183+0000][122][info ][safepoint   ] Safepoint "ICBufferFull", Time since last: 879500 ns, Reaching safepoint: 916250 ns, Cleanup: 10167 ns, At safepoint: 23625 ns, Total: 950042 ns
[2025-08-27T04:17:06.208+0000][122][info ][safepoint   ] Safepoint "ICBufferFull", Time since last: 23326916 ns, Reaching safepoint: 738125 ns, Cleanup: 68834 ns, At safepoint: 703125 ns, Total: 1510084 ns
[2025-08-27T04:17:06.211+0000][122][info ][safepoint   ] Safepoint "ICBufferFull", Time since last: 1454666 ns, Reaching safepoint: 803334 ns, Cleanup: 9125 ns, At safepoint: 246000 ns, Total: 1058459 ns
[2025-08-27T04:17:06.212+0000][122][info ][safepoint   ] Safepoint "ICBufferFull", Time since last: 641666 ns, Reaching safepoint: 13125 ns, Cleanup: 79167 ns, At safepoint: 33458 ns, Total: 125750 ns
[2025-08-27T04:17:06.275+0000][122][info ][safepoint   ] Safepoint "ICBufferFull", Time since last: 62114709 ns, Reaching safepoint: 877666 ns, Cleanup: 192750 ns, At safepoint: 120959 ns, Total: 1191375 ns
[2025-08-27T04:17:06.277+0000][122][info ][safepoint   ] Safepoint "ICBufferFull", Time since last: 854291 ns, Reaching safepoint: 702500 ns, Cleanup: 9375 ns, At safepoint: 49792 ns, Total: 761667 ns
[2025-08-27T04:17:06.329+0000][122][info ][safepoint   ] Safepoint "ICBufferFull", Time since last: 51169875 ns, Reaching safepoint: 764125 ns, Cleanup: 216583 ns, At safepoint: 25250 ns, Total: 1005958 ns
[2025-08-27T04:17:06.334+0000][122][info ][safepoint   ] Safepoint "ICBufferFull", Time since last: 1743625 ns, Reaching safepoint: 3181000 ns, Cleanup: 5375 ns, At safepoint: 34292 ns, Total: 3220667 ns
[2025-08-27T04:17:06.339+0000][122][info ][safepoint   ] Safepoint "ICBufferFull", Time since last: 4186333 ns, Reaching safepoint: 624500 ns, Cleanup: 19167 ns, At safepoint: 35292 ns, Total: 678959 ns
[2025-08-27T04:17:06.634+0000][122][info ][safepoint   ] Safepoint "ICBufferFull", Time since last: 295045042 ns, Reaching safepoint: 7291 ns, Cleanup: 116000 ns, At safepoint: 7417 ns, Total: 130708 ns
[2025-08-27T04:17:06.772+0000][122][info ][safepoint   ] Safepoint "ICBufferFull", Time since last: 138395542 ns, Reaching safepoint: 8791 ns, Cleanup: 124209 ns, At safepoint: 14166 ns, Total: 147166 ns
[2025-08-27T04:17:07.215+0000][122][info ][safepoint   ] Safepoint "ICBufferFull", Time since last: 437628500 ns, Reaching safepoint: 612417 ns, Cleanup: 184875 ns, At safepoint: 4793167 ns, Total: 5590459 ns
[2025-08-27T04:17:07.277+0000][122][info ][safepoint   ] Safepoint "ICBufferFull", Time since last: 60746833 ns, Reaching safepoint: 259042 ns, Cleanup: 167125 ns, At safepoint: 29958 ns, Total: 456125 ns
[2025-08-27T04:17:07.427+0000][122][info ][safepoint   ] Safepoint "ICBufferFull", Time since last: 149376542 ns, Reaching safepoint: 472250 ns, Cleanup: 138083 ns, At safepoint: 12750 ns, Total: 623083 ns
[2025-08-27T04:17:07.567+0000][122][info ][safepoint   ] Safepoint "ICBufferFull", Time since last: 140361792 ns, Reaching safepoint: 7416 ns, Cleanup: 93584 ns, At safepoint: 8250 ns, Total: 109250 ns
[2025-08-27T04:17:08.416+0000][122][info ][safepoint   ] Safepoint "ICBufferFull", Time since last: 847836958 ns, Reaching safepoint: 562375 ns, Cleanup: 73875 ns, At safepoint: 37542 ns, Total: 673792 ns
[2025-08-27T04:17:08.477+0000][122][info ][safepoint   ] Safepoint "ICBufferFull", Time since last: 43354542 ns, Reaching safepoint: 514833 ns, Cleanup: 131167 ns, At safepoint: 16954416 ns, Total: 17600416 ns
[2025-08-27T04:17:08.557+0000][122][info ][safepoint   ] Safepoint "ICBufferFull", Time since last: 68525709 ns, Reaching safepoint: 318000 ns, Cleanup: 308666 ns, At safepoint: 11066709 ns, Total: 11693375 ns
[2025-08-27T04:17:08.644+0000][122][info ][safepoint   ] Safepoint "ICBufferFull", Time since last: 86311542 ns, Reaching safepoint: 340041 ns, Cleanup: 192625 ns, At safepoint: 42834 ns, Total: 575500 ns
[2025-08-27T04:17:08.808+0000][122][info ][safepoint   ] Safepoint "ICBufferFull", Time since last: 164268791 ns, Reaching safepoint: 24875 ns, Cleanup: 396542 ns, At safepoint: 58667 ns, Total: 480084 ns
[2025-08-27T04:17:08.811+0000][122][info ][safepoint   ] Safepoint "ICBufferFull", Time since last: 2923791 ns, Reaching safepoint: 39542 ns, Cleanup: 18000 ns, At safepoint: 10000 ns, Total: 67542 ns
[2025-08-27T04:17:08.962+0000][122][info ][safepoint   ] Safepoint "ICBufferFull", Time since last: 149004875 ns, Reaching safepoint: 1084375 ns, Cleanup: 177375 ns, At safepoint: 52417 ns, Total: 1314167 ns
[2025-08-27T04:17:08.965+0000][122][info ][safepoint   ] Safepoint "ICBufferFull", Time since last: 1664416 ns, Reaching safepoint: 1244334 ns, Cleanup: 24458 ns, At safepoint: 15792 ns, Total: 1284584 ns
[2025-08-27T04:17:08.971+0000][122][info ][safepoint   ] Safepoint "ICBufferFull", Time since last: 5363500 ns, Reaching safepoint: 405250 ns, Cleanup: 22041 ns, At safepoint: 320625 ns, Total: 747916 ns
[2025-08-27T04:17:09.064+0000][122][info ][gc,start    ] GC(16) Pause Young (Normal) (G1 Evacuation Pause)
[2025-08-27T04:17:09.064+0000][122][info ][gc,task     ] GC(16) Using 8 workers of 8 for evacuation
[2025-08-27T04:17:09.064+0000][122][debug][gc,age      ] GC(16) Desired survivor size 41943040 bytes, new threshold 15 (max threshold 15)
[2025-08-27T04:17:09.080+0000][122][info ][gc,phases   ] GC(16)   Pre Evacuate Collection Set: 0.22ms
[2025-08-27T04:17:09.080+0000][122][info ][gc,phases   ] GC(16)   Merge Heap Roots: 0.10ms
[2025-08-27T04:17:09.080+0000][122][info ][gc,phases   ] GC(16)   Evacuate Collection Set: 14.39ms
[2025-08-27T04:17:09.080+0000][122][info ][gc,phases   ] GC(16)   Post Evacuate Collection Set: 1.41ms
[2025-08-27T04:17:09.080+0000][122][info ][gc,phases   ] GC(16)   Other: 0.16ms
[2025-08-27T04:17:09.080+0000][122][trace][gc,age      ] GC(16) Age table with threshold 15 (max threshold 15)
[2025-08-27T04:17:09.080+0000][122][trace][gc,age      ] GC(16) - age   1:   22159512 bytes,   22159512 total
[2025-08-27T04:17:09.080+0000][122][trace][gc,age      ] GC(16) - age   2:       1152 bytes,   22160664 total
[2025-08-27T04:17:09.080+0000][122][info ][gc,heap     ] GC(16) Eden regions: 151->0(147)
[2025-08-27T04:17:09.080+0000][122][info ][gc,heap     ] GC(16) Survivor regions: 2->6(20)
[2025-08-27T04:17:09.080+0000][122][info ][gc,heap     ] GC(16) Old regions: 30->30
[2025-08-27T04:17:09.081+0000][122][info ][gc,heap     ] GC(16) Humongous regions: 2->2
[2025-08-27T04:17:09.081+0000][122][info ][gc,metaspace] GC(16) Metaspace: 147921K(152192K)->147921K(152192K) NonClass: 126869K(129216K)->126869K(129216K) Class: 21051K(22976K)->21051K(22976K)
[2025-08-27T04:17:09.081+0000][122][info ][gc          ] GC(16) Pause Young (Normal) (G1 Evacuation Pause) 737M->150M(1024M) 17.059ms
[2025-08-27T04:17:09.081+0000][122][info ][gc,cpu      ] GC(16) User=0.09s Sys=0.00s Real=0.02s
[2025-08-27T04:17:09.084+0000][122][info ][safepoint   ] Safepoint "G1CollectForAllocation", Time since last: 92120000 ns, Reaching safepoint: 543167 ns, Cleanup: 107500 ns, At safepoint: 20831958 ns, Total: 21482625 ns
[2025-08-27T04:17:09.231+0000][122][info ][safepoint   ] Safepoint "ICBufferFull", Time since last: 144235500 ns, Reaching safepoint: 957500 ns, Cleanup: 325084 ns, At safepoint: 1180375 ns, Total: 2462959 ns
[2025-08-27T04:17:09.364+0000][122][info ][safepoint   ] Safepoint "ICBufferFull", Time since last: 130623583 ns, Reaching safepoint: 2069125 ns, Cleanup: 138375 ns, At safepoint: 28834 ns, Total: 2236334 ns
[2025-08-27T04:17:09.499+0000][122][info ][safepoint   ] Safepoint "ICBufferFull", Time since last: 133820875 ns, Reaching safepoint: 633583 ns, Cleanup: 164833 ns, At safepoint: 35834 ns, Total: 834250 ns
[2025-08-27T04:17:09.604+0000][122][info ][safepoint   ] Safepoint "ICBufferFull", Time since last: 104865583 ns, Reaching safepoint: 28875 ns, Cleanup: 99625 ns, At safepoint: 18375 ns, Total: 146875 ns
[2025-08-27T04:17:09.722+0000][122][info ][safepoint   ] Safepoint "ICBufferFull", Time since last: 117425125 ns, Reaching safepoint: 460167 ns, Cleanup: 221041 ns, At safepoint: 28834 ns, Total: 710042 ns
[2025-08-27T04:17:09.863+0000][122][info ][safepoint   ] Safepoint "ICBufferFull", Time since last: 141426083 ns, Reaching safepoint: 9167 ns, Cleanup: 160333 ns, At safepoint: 12875 ns, Total: 182375 ns
[2025-08-27T04:17:10.207+0000][122][info ][safepoint   ] Safepoint "ICBufferFull", Time since last: 343696250 ns, Reaching safepoint: 5500 ns, Cleanup: 94375 ns, At safepoint: 5792 ns, Total: 105667 ns
[2025-08-27T04:17:10.577+0000][122][info ][safepoint   ] Safepoint "ICBufferFull", Time since last: 369309375 ns, Reaching safepoint: 8417 ns, Cleanup: 102875 ns, At safepoint: 5458 ns, Total: 116750 ns
[2025-08-27T04:17:11.242+0000][122][info ][safepoint   ] Safepoint "ICBufferFull", Time since last: 665168084 ns, Reaching safepoint: 15875 ns, Cleanup: 82666 ns, At safepoint: 5250 ns, Total: 103791 ns
[2025-08-27T04:17:12.268+0000][122][info ][safepoint   ] Safepoint "Cleanup", Time since last: 1025616501 ns, Reaching safepoint: 109792 ns, Cleanup: 106291 ns, At safepoint: 10250 ns, Total: 226333 ns
[2025-08-27T04:17:12.488+0000][122][info ][safepoint   ] Safepoint "ICBufferFull", Time since last: 219137209 ns, Reaching safepoint: 668916 ns, Cleanup: 103000 ns, At safepoint: 15625 ns, Total: 787541 ns
[2025-08-27T04:17:12.516+0000][122][info ][safepoint   ] Safepoint "ICBufferFull", Time since last: 27691292 ns, Reaching safepoint: 24417 ns, Cleanup: 240333 ns, At safepoint: 117500 ns, Total: 382250 ns
[2025-08-27T04:17:12.583+0000][122][info ][safepoint   ] Safepoint "ICBufferFull", Time since last: 67429542 ns, Reaching safepoint: 32375 ns, Cleanup: 111375 ns, At safepoint: 20583 ns, Total: 164333 ns
[2025-08-27T04:17:14.311+0000][122][info ][safepoint   ] Safepoint "Cleanup", Time since last: 1727230084 ns, Reaching safepoint: 35584 ns, Cleanup: 136666 ns, At safepoint: 14250 ns, Total: 186500 ns
[2025-08-27T04:17:15.443+0000][122][info ][gc,start    ] GC(17) Pause Young (Concurrent Start) (CodeCache GC Threshold)
[2025-08-27T04:17:15.443+0000][122][info ][gc,task     ] GC(17) Using 8 workers of 8 for evacuation
[2025-08-27T04:17:15.444+0000][122][debug][gc,age      ] GC(17) Desired survivor size 41943040 bytes, new threshold 15 (max threshold 15)
[2025-08-27T04:17:15.455+0000][122][info ][gc,phases   ] GC(17)   Pre Evacuate Collection Set: 0.47ms
[2025-08-27T04:17:15.455+0000][122][info ][gc,phases   ] GC(17)   Merge Heap Roots: 0.16ms
[2025-08-27T04:17:15.455+0000][122][info ][gc,phases   ] GC(17)   Evacuate Collection Set: 8.74ms
[2025-08-27T04:17:15.455+0000][122][info ][gc,phases   ] GC(17)   Post Evacuate Collection Set: 1.37ms
[2025-08-27T04:17:15.455+0000][122][info ][gc,phases   ] GC(17)   Other: 0.53ms
[2025-08-27T04:17:15.455+0000][122][trace][gc,age      ] GC(17) Age table with threshold 15 (max threshold 15)
[2025-08-27T04:17:15.455+0000][122][trace][gc,age      ] GC(17) - age   1:    5766424 bytes,    5766424 total
[2025-08-27T04:17:15.455+0000][122][trace][gc,age      ] GC(17) - age   2:   16212824 bytes,   21979248 total
[2025-08-27T04:17:15.455+0000][122][trace][gc,age      ] GC(17) - age   3:       1120 bytes,   21980368 total
[2025-08-27T04:17:15.455+0000][122][info ][gc,heap     ] GC(17) Eden regions: 124->0(147)
[2025-08-27T04:17:15.455+0000][122][info ][gc,heap     ] GC(17) Survivor regions: 6->6(20)
[2025-08-27T04:17:15.456+0000][122][info ][gc,heap     ] GC(17) Old regions: 30->30
[2025-08-27T04:17:15.456+0000][122][info ][gc,heap     ] GC(17) Humongous regions: 2->2
[2025-08-27T04:17:15.456+0000][122][info ][gc,metaspace] GC(17) Metaspace: 150155K(154560K)->150155K(154560K) NonClass: 128885K(131328K)->128885K(131328K) Class: 21270K(23232K)->21270K(23232K)
[2025-08-27T04:17:15.456+0000][122][info ][gc          ] GC(17) Pause Young (Concurrent Start) (CodeCache GC Threshold) 646M->149M(1024M) 12.579ms
[2025-08-27T04:17:15.456+0000][122][info ][gc,cpu      ] GC(17) User=0.07s Sys=0.00s Real=0.02s
[2025-08-27T04:17:15.456+0000][122][info ][gc          ] GC(18) Concurrent Mark Cycle
[2025-08-27T04:17:15.456+0000][122][info ][gc,marking  ] GC(18) Concurrent Scan Root Regions
[2025-08-27T04:17:15.456+0000][122][info ][safepoint   ] Safepoint "G1TryInitiateConcMark", Time since last: 1132254001 ns, Reaching safepoint: 62833 ns, Cleanup: 27208 ns, At safepoint: 12870834 ns, Total: 12960875 ns
[2025-08-27T04:17:15.464+0000][122][info ][gc,marking  ] GC(18) Concurrent Scan Root Regions 8.340ms
[2025-08-27T04:17:15.467+0000][122][info ][gc,marking  ] GC(18) Concurrent Mark
[2025-08-27T04:17:15.467+0000][122][info ][gc,marking  ] GC(18) Concurrent Mark From Roots
[2025-08-27T04:17:15.467+0000][122][info ][gc,task     ] GC(18) Using 2 workers of 2 for marking
[2025-08-27T04:17:15.523+0000][122][info ][gc,marking  ] GC(18) Concurrent Mark From Roots 55.134ms
[2025-08-27T04:17:15.523+0000][122][info ][gc,marking  ] GC(18) Concurrent Preclean
[2025-08-27T04:17:15.523+0000][122][info ][gc,marking  ] GC(18) Concurrent Preclean 0.250ms
[2025-08-27T04:17:15.523+0000][122][info ][gc,start    ] GC(18) Pause Remark
[2025-08-27T04:17:15.550+0000][122][info ][gc          ] GC(18) Pause Remark 158M->158M(1024M) 26.452ms
[2025-08-27T04:17:15.550+0000][122][info ][gc,cpu      ] GC(18) User=0.15s Sys=0.00s Real=0.03s
[2025-08-27T04:17:15.550+0000][122][info ][safepoint   ] Safepoint "G1PauseRemark", Time since last: 67089625 ns, Reaching safepoint: 12333 ns, Cleanup: 32625 ns, At safepoint: 26660583 ns, Total: 26705541 ns
[2025-08-27T04:17:15.550+0000][122][info ][gc,marking  ] GC(18) Concurrent Mark 82.393ms
[2025-08-27T04:17:15.550+0000][122][info ][gc,marking  ] GC(18) Concurrent Rebuild Remembered Sets and Scrub Regions
[2025-08-27T04:17:15.572+0000][122][info ][gc,marking  ] GC(18) Concurrent Rebuild Remembered Sets and Scrub Regions 22.270ms
[2025-08-27T04:17:15.573+0000][122][info ][gc,start    ] GC(18) Pause Cleanup
[2025-08-27T04:17:15.573+0000][122][info ][gc          ] GC(18) Pause Cleanup 161M->161M(1024M) 0.140ms
[2025-08-27T04:17:15.573+0000][122][info ][gc,cpu      ] GC(18) User=0.00s Sys=0.00s Real=0.00s
[2025-08-27T04:17:15.573+0000][122][info ][safepoint   ] Safepoint "G1PauseCleanup", Time since last: 22947125 ns, Reaching safepoint: 40834 ns, Cleanup: 33833 ns, At safepoint: 306042 ns, Total: 380709 ns
[2025-08-27T04:17:15.573+0000][122][info ][gc,marking  ] GC(18) Concurrent Clear Claimed Marks
[2025-08-27T04:17:15.574+0000][122][info ][gc,marking  ] GC(18) Concurrent Clear Claimed Marks 0.479ms
[2025-08-27T04:17:15.574+0000][122][info ][gc,marking  ] GC(18) Concurrent Cleanup for Next Mark
[2025-08-27T04:17:15.580+0000][122][info ][gc,marking  ] GC(18) Concurrent Cleanup for Next Mark 5.676ms
[2025-08-27T04:17:15.580+0000][122][info ][gc          ] GC(18) Concurrent Mark Cycle 123.844ms
[2025-08-27T04:17:16.574+0000][122][info ][safepoint   ] Safepoint "Cleanup", Time since last: 1000601209 ns, Reaching safepoint: 45875 ns, Cleanup: 66875 ns, At safepoint: 10083 ns, Total: 122833 ns
[2025-08-27T04:17:17.644+0000][122][info ][safepoint   ] Safepoint "Cleanup", Time since last: 1070061709 ns, Reaching safepoint: 23041 ns, Cleanup: 71334 ns, At safepoint: 10041 ns, Total: 104416 ns
[2025-08-27T04:17:18.645+0000][122][info ][safepoint   ] Safepoint "Cleanup", Time since last: 1000904418 ns, Reaching safepoint: 20000 ns, Cleanup: 56750 ns, At safepoint: 4625 ns, Total: 81375 ns
[2025-08-27T04:17:20.648+0000][122][info ][safepoint   ] Safepoint "Cleanup", Time since last: 2003088042 ns, Reaching safepoint: 60667 ns, Cleanup: 30417 ns, At safepoint: 7625 ns, Total: 98709 ns
[2025-08-27T04:17:21.649+0000][122][info ][safepoint   ] Safepoint "Cleanup", Time since last: 1000422042 ns, Reaching safepoint: 51583 ns, Cleanup: 198500 ns, At safepoint: 19458 ns, Total: 269541 ns
[2025-08-27T04:17:22.711+0000][122][info ][safepoint   ] Safepoint "Cleanup", Time since last: 1062078918 ns, Reaching safepoint: 28791 ns, Cleanup: 82000 ns, At safepoint: 8042 ns, Total: 118833 ns
[2025-08-27T04:17:24.431+0000][122][info ][safepoint   ] Safepoint "Cleanup", Time since last: 1719532376 ns, Reaching safepoint: 49083 ns, Cleanup: 72333 ns, At safepoint: 14375 ns, Total: 135791 ns
[2025-08-27T04:17:25.435+0000][122][info ][safepoint   ] Safepoint "Cleanup", Time since last: 1003639168 ns, Reaching safepoint: 111666 ns, Cleanup: 152584 ns, At safepoint: 34166 ns, Total: 298416 ns
[2025-08-27T04:17:26.436+0000][122][info ][safepoint   ] Safepoint "Cleanup", Time since last: 1001236876 ns, Reaching safepoint: 8916 ns, Cleanup: 36250 ns, At safepoint: 4834 ns, Total: 50000 ns
[2025-08-27T04:17:28.441+0000][122][info ][safepoint   ] Safepoint "Cleanup", Time since last: 2005258959 ns, Reaching safepoint: 90208 ns, Cleanup: 211709 ns, At safepoint: 19708 ns, Total: 321625 ns
[2025-08-27T04:17:29.443+0000][122][info ][safepoint   ] Safepoint "Cleanup", Time since last: 1001082792 ns, Reaching safepoint: 52917 ns, Cleanup: 254916 ns, At safepoint: 27709 ns, Total: 335542 ns
[2025-08-27T04:17:29.743+0000][122][info ][safepoint   ] Safepoint "ICBufferFull", Time since last: 299544833 ns, Reaching safepoint: 10584 ns, Cleanup: 111541 ns, At safepoint: 10084 ns, Total: 132209 ns
[2025-08-27T04:17:30.477+0000][122][info ][safepoint   ] Safepoint "ICBufferFull", Time since last: 732942458 ns, Reaching safepoint: 33417 ns, Cleanup: 427833 ns, At safepoint: 576000 ns, Total: 1037250 ns
[2025-08-27T04:17:30.585+0000][122][info ][safepoint   ] Safepoint "ICBufferFull", Time since last: 106291084 ns, Reaching safepoint: 731791 ns, Cleanup: 148500 ns, At safepoint: 1387042 ns, Total: 2267333 ns
[2025-08-27T04:17:31.588+0000][122][info ][safepoint   ] Safepoint "Cleanup", Time since last: 1002553792 ns, Reaching safepoint: 44333 ns, Cleanup: 242834 ns, At safepoint: 18125 ns, Total: 305292 ns
[2025-08-27T04:17:32.784+0000][122][info ][safepoint   ] Safepoint "Cleanup", Time since last: 1195495709 ns, Reaching safepoint: 81291 ns, Cleanup: 65959 ns, At safepoint: 15583 ns, Total: 162833 ns
[2025-08-27T04:17:33.786+0000][122][info ][safepoint   ] Safepoint "Cleanup", Time since last: 1001920834 ns, Reaching safepoint: 55208 ns, Cleanup: 97459 ns, At safepoint: 12250 ns, Total: 164917 ns
[2025-08-27T04:17:34.787+0000][122][info ][safepoint   ] Safepoint "Cleanup", Time since last: 1001643500 ns, Reaching safepoint: 37458 ns, Cleanup: 30834 ns, At safepoint: 9166 ns, Total: 77458 ns
[2025-08-27T04:17:35.789+0000][122][info ][safepoint   ] Safepoint "Cleanup", Time since last: 1001211292 ns, Reaching safepoint: 20792 ns, Cleanup: 85583 ns, At safepoint: 12709 ns, Total: 119084 ns
[2025-08-27T04:17:36.790+0000][122][info ][safepoint   ] Safepoint "Cleanup", Time since last: 1001464542 ns, Reaching safepoint: 25833 ns, Cleanup: 165667 ns, At safepoint: 12875 ns, Total: 204375 ns
[2025-08-27T04:17:38.423+0000][122][info ][safepoint   ] Safepoint "ICBufferFull", Time since last: 1632266458 ns, Reaching safepoint: 11042 ns, Cleanup: 148625 ns, At safepoint: 6125 ns, Total: 165792 ns
[2025-08-27T04:17:39.425+0000][122][info ][safepoint   ] Safepoint "Cleanup", Time since last: 1001841709 ns, Reaching safepoint: 85333 ns, Cleanup: 174875 ns, At safepoint: 14209 ns, Total: 274417 ns
[2025-08-27T04:17:40.428+0000][122][info ][safepoint   ] Safepoint "Cleanup", Time since last: 1002372042 ns, Reaching safepoint: 55208 ns, Cleanup: 182042 ns, At safepoint: 13166 ns, Total: 250416 ns
[2025-08-27T04:17:41.429+0000][122][info ][safepoint   ] Safepoint "Cleanup", Time since last: 1001131668 ns, Reaching safepoint: 64750 ns, Cleanup: 54041 ns, At safepoint: 18750 ns, Total: 137541 ns
[2025-08-27T04:17:42.430+0000][122][info ][safepoint   ] Safepoint "Cleanup", Time since last: 1000731709 ns, Reaching safepoint: 81458 ns, Cleanup: 126292 ns, At safepoint: 13625 ns, Total: 221375 ns
[2025-08-27T04:17:43.431+0000][122][info ][safepoint   ] Safepoint "Cleanup", Time since last: 1000831625 ns, Reaching safepoint: 50417 ns, Cleanup: 106958 ns, At safepoint: 20875 ns, Total: 178250 ns
[2025-08-27T04:17:44.432+0000][122][info ][safepoint   ] Safepoint "Cleanup", Time since last: 1000974209 ns, Reaching safepoint: 68084 ns, Cleanup: 51291 ns, At safepoint: 11792 ns, Total: 131167 ns
[2025-08-27T04:17:45.434+0000][122][info ][safepoint   ] Safepoint "Cleanup", Time since last: 1001537834 ns, Reaching safepoint: 20291 ns, Cleanup: 14209 ns, At safepoint: 6166 ns, Total: 40666 ns
[2025-08-27T04:17:46.435+0000][122][info ][safepoint   ] Safepoint "Cleanup", Time since last: 1001548418 ns, Reaching safepoint: 134125 ns, Cleanup: 131125 ns, At safepoint: 12875 ns, Total: 278125 ns
[2025-08-27T04:17:47.437+0000][122][info ][safepoint   ] Safepoint "Cleanup", Time since last: 1001544083 ns, Reaching safepoint: 96167 ns, Cleanup: 90625 ns, At safepoint: 16833 ns, Total: 203625 ns
[2025-08-27T04:17:48.439+0000][122][info ][safepoint   ] Safepoint "Cleanup", Time since last: 1001517834 ns, Reaching safepoint: 85709 ns, Cleanup: 8583 ns, At safepoint: 7958 ns, Total: 102250 ns
[2025-08-27T04:17:49.441+0000][122][info ][safepoint   ] Safepoint "Cleanup", Time since last: 1002459542 ns, Reaching safepoint: 37292 ns, Cleanup: 81583 ns, At safepoint: 10667 ns, Total: 129542 ns
[2025-08-27T04:17:50.443+0000][122][info ][safepoint   ] Safepoint "Cleanup", Time since last: 1001196459 ns, Reaching safepoint: 19375 ns, Cleanup: 29083 ns, At safepoint: 9667 ns, Total: 58125 ns
[2025-08-27T04:17:51.447+0000][122][info ][safepoint   ] Safepoint "Cleanup", Time since last: 1004410792 ns, Reaching safepoint: 39333 ns, Cleanup: 130250 ns, At safepoint: 28709 ns, Total: 198292 ns
[2025-08-27T04:17:52.449+0000][122][info ][safepoint   ] Safepoint "Cleanup", Time since last: 1001631083 ns, Reaching safepoint: 77959 ns, Cleanup: 138000 ns, At safepoint: 16750 ns, Total: 232709 ns
[2025-08-27T04:17:55.028+0000][122][info ][safepoint   ] Safepoint "Cleanup", Time since last: 2578479001 ns, Reaching safepoint: 89083 ns, Cleanup: 91584 ns, At safepoint: 11875 ns, Total: 192542 ns
[2025-08-27T04:17:57.031+0000][122][info ][safepoint   ] Safepoint "Cleanup", Time since last: 2003356876 ns, Reaching safepoint: 97333 ns, Cleanup: 64750 ns, At safepoint: 16875 ns, Total: 178958 ns
[2025-08-27T04:17:58.034+0000][122][info ][safepoint   ] Safepoint "Cleanup", Time since last: 1002184542 ns, Reaching safepoint: 47250 ns, Cleanup: 45000 ns, At safepoint: 21125 ns, Total: 113375 ns
[2025-08-27T04:17:59.035+0000][122][info ][safepoint   ] Safepoint "Cleanup", Time since last: 1001017126 ns, Reaching safepoint: 55375 ns, Cleanup: 91875 ns, At safepoint: 35250 ns, Total: 182500 ns
[2025-08-27T04:18:00.037+0000][122][info ][safepoint   ] Safepoint "Cleanup", Time since last: 1002258167 ns, Reaching safepoint: 61291 ns, Cleanup: 77542 ns, At safepoint: 25167 ns, Total: 164000 ns
[2025-08-27T04:18:01.039+0000][122][info ][safepoint   ] Safepoint "Cleanup", Time since last: 1001804667 ns, Reaching safepoint: 148750 ns, Cleanup: 69333 ns, At safepoint: 21875 ns, Total: 239958 ns
[2025-08-27T04:18:02.041+0000][122][info ][safepoint   ] Safepoint "Cleanup", Time since last: 1001270626 ns, Reaching safepoint: 50541 ns, Cleanup: 44375 ns, At safepoint: 22667 ns, Total: 117583 ns
[2025-08-27T04:18:03.041+0000][122][info ][safepoint   ] Safepoint "Cleanup", Time since last: 1000827917 ns, Reaching safepoint: 18167 ns, Cleanup: 38791 ns, At safepoint: 7625 ns, Total: 64583 ns
[2025-08-27T04:18:04.016+0000][122][info ][safepoint   ] Safepoint "ICBufferFull", Time since last: 974839626 ns, Reaching safepoint: 8833 ns, Cleanup: 134959 ns, At safepoint: 7291 ns, Total: 151083 ns
[2025-08-27T04:18:05.017+0000][122][info ][safepoint   ] Safepoint "Cleanup", Time since last: 1000460876 ns, Reaching safepoint: 10375 ns, Cleanup: 139125 ns, At safepoint: 8500 ns, Total: 158000 ns
[2025-08-27T04:18:06.020+0000][122][info ][safepoint   ] Safepoint "Cleanup", Time since last: 1002854084 ns, Reaching safepoint: 67333 ns, Cleanup: 104333 ns, At safepoint: 39959 ns, Total: 211625 ns
[2025-08-27T04:18:06.564+0000][122][info ][safepoint   ] Safepoint "ICBufferFull", Time since last: 544071333 ns, Reaching safepoint: 5500 ns, Cleanup: 78958 ns, At safepoint: 2417 ns, Total: 86875 ns
[2025-08-27T04:18:08.034+0000][122][info ][safepoint   ] Safepoint "Cleanup", Time since last: 1469571125 ns, Reaching safepoint: 12542 ns, Cleanup: 34958 ns, At safepoint: 4417 ns, Total: 51917 ns
[2025-08-27T04:18:09.036+0000][122][info ][safepoint   ] Safepoint "Cleanup", Time since last: 1001273875 ns, Reaching safepoint: 88834 ns, Cleanup: 359083 ns, At safepoint: 25583 ns, Total: 473500 ns
[2025-08-27T04:18:09.543+0000][122][info ][safepoint   ] Safepoint "ICBufferFull", Time since last: 506487709 ns, Reaching safepoint: 249792 ns, Cleanup: 76958 ns, At safepoint: 9083 ns, Total: 335833 ns
[2025-08-27T04:18:10.552+0000][122][info ][safepoint   ] Safepoint "Cleanup", Time since last: 1008612292 ns, Reaching safepoint: 3500 ns, Cleanup: 110209 ns, At safepoint: 4916 ns, Total: 118625 ns
[2025-08-27T04:18:12.537+0000][122][info ][safepoint   ] Safepoint "Cleanup", Time since last: 1985601376 ns, Reaching safepoint: 12667 ns, Cleanup: 44083 ns, At safepoint: 6125 ns, Total: 62875 ns
[2025-08-27T04:18:12.784+0000][122][info ][safepoint   ] Safepoint "ICBufferFull", Time since last: 246385709 ns, Reaching safepoint: 12750 ns, Cleanup: 145833 ns, At safepoint: 8375 ns, Total: 166958 ns
[2025-08-27T04:18:12.921+0000][122][info ][safepoint   ] Safepoint "ICBufferFull", Time since last: 137468334 ns, Reaching safepoint: 9375 ns, Cleanup: 93541 ns, At safepoint: 14417 ns, Total: 117333 ns
[2025-08-27T04:18:13.346+0000][122][info ][safepoint   ] Safepoint "ICBufferFull", Time since last: 424221333 ns, Reaching safepoint: 10125 ns, Cleanup: 120459 ns, At safepoint: 7125 ns, Total: 137709 ns
[2025-08-27T04:18:13.632+0000][122][info ][safepoint   ] Safepoint "ICBufferFull", Time since last: 285832792 ns, Reaching safepoint: 24583 ns, Cleanup: 98958 ns, At safepoint: 60459 ns, Total: 184000 ns
[2025-08-27T04:18:13.847+0000][122][info ][safepoint   ] Safepoint "ICBufferFull", Time since last: 214895583 ns, Reaching safepoint: 45625 ns, Cleanup: 126917 ns, At safepoint: 20041 ns, Total: 192583 ns
[2025-08-27T04:18:14.110+0000][122][info ][safepoint   ] Safepoint "ICBufferFull", Time since last: 262869542 ns, Reaching safepoint: 10833 ns, Cleanup: 242542 ns, At safepoint: 15625 ns, Total: 269000 ns
[2025-08-27T04:18:14.276+0000][122][info ][gc,start    ] GC(19) Pause Young (Prepare Mixed) (G1 Evacuation Pause)
[2025-08-27T04:18:14.276+0000][122][info ][gc,task     ] GC(19) Using 8 workers of 8 for evacuation
[2025-08-27T04:18:14.276+0000][122][debug][gc,age      ] GC(19) Desired survivor size 41943040 bytes, new threshold 15 (max threshold 15)
[2025-08-27T04:18:14.310+0000][122][info ][gc,phases   ] GC(19)   Pre Evacuate Collection Set: 0.34ms
[2025-08-27T04:18:14.310+0000][122][info ][gc,phases   ] GC(19)   Merge Heap Roots: 0.22ms
[2025-08-27T04:18:14.310+0000][122][info ][gc,phases   ] GC(19)   Evacuate Collection Set: 31.34ms
[2025-08-27T04:18:14.310+0000][122][info ][gc,phases   ] GC(19)   Post Evacuate Collection Set: 2.10ms
[2025-08-27T04:18:14.310+0000][122][info ][gc,phases   ] GC(19)   Other: 0.20ms
[2025-08-27T04:18:14.310+0000][122][trace][gc,age      ] GC(19) Age table with threshold 15 (max threshold 15)
[2025-08-27T04:18:14.310+0000][122][trace][gc,age      ] GC(19) - age   1:    7624128 bytes,    7624128 total
[2025-08-27T04:18:14.310+0000][122][trace][gc,age      ] GC(19) - age   2:    4361152 bytes,   11985280 total
[2025-08-27T04:18:14.310+0000][122][trace][gc,age      ] GC(19) - age   3:   15826800 bytes,   27812080 total
[2025-08-27T04:18:14.310+0000][122][trace][gc,age      ] GC(19) - age   4:        648 bytes,   27812728 total
[2025-08-27T04:18:14.311+0000][122][info ][gc,heap     ] GC(19) Eden regions: 147->0(145)
[2025-08-27T04:18:14.311+0000][122][info ][gc,heap     ] GC(19) Survivor regions: 6->8(20)
[2025-08-27T04:18:14.311+0000][122][info ][gc,heap     ] GC(19) Old regions: 30->30
[2025-08-27T04:18:14.311+0000][122][info ][gc,heap     ] GC(19) Humongous regions: 2->2
[2025-08-27T04:18:14.311+0000][122][info ][gc,metaspace] GC(19) Metaspace: 152878K(157312K)->152878K(157312K) NonClass: 131439K(133888K)->131439K(133888K) Class: 21439K(23424K)->21439K(23424K)
[2025-08-27T04:18:14.311+0000][122][info ][gc          ] GC(19) Pause Young (Prepare Mixed) (G1 Evacuation Pause) 737M->156M(1024M) 34.918ms
[2025-08-27T04:18:14.311+0000][122][info ][gc,cpu      ] GC(19) User=0.23s Sys=0.01s Real=0.03s
[2025-08-27T04:18:14.311+0000][122][info ][safepoint   ] Safepoint "G1CollectForAllocation", Time since last: 165813167 ns, Reaching safepoint: 4917 ns, Cleanup: 41125 ns, At safepoint: 35042958 ns, Total: 35089000 ns
[2025-08-27T04:18:14.561+0000][122][info ][safepoint   ] Safepoint "ICBufferFull", Time since last: 249630708 ns, Reaching safepoint: 9375 ns, Cleanup: 122875 ns, At safepoint: 6417 ns, Total: 138667 ns
[2025-08-27T04:18:14.861+0000][122][info ][safepoint   ] Safepoint "ICBufferFull", Time since last: 300171583 ns, Reaching safepoint: 8709 ns, Cleanup: 77291 ns, At safepoint: 14834 ns, Total: 100834 ns
[2025-08-27T04:18:15.143+0000][122][info ][safepoint   ] Safepoint "ICBufferFull", Time since last: 282175708 ns, Reaching safepoint: 10084 ns, Cleanup: 101708 ns, At safepoint: 8250 ns, Total: 120042 ns
[2025-08-27T04:18:15.475+0000][122][info ][safepoint   ] Safepoint "ICBufferFull", Time since last: 331155625 ns, Reaching safepoint: 9792 ns, Cleanup: 252250 ns, At safepoint: 14041 ns, Total: 276083 ns
[2025-08-27T04:18:15.594+0000][122][info ][safepoint   ] Safepoint "ICBufferFull", Time since last: 119659334 ns, Reaching safepoint: 6875 ns, Cleanup: 130666 ns, At safepoint: 9042 ns, Total: 146583 ns
[2025-08-27T04:18:15.991+0000][122][info ][safepoint   ] Safepoint "ICBufferFull", Time since last: 396257334 ns, Reaching safepoint: 22125 ns, Cleanup: 112000 ns, At safepoint: 10833 ns, Total: 144958 ns
[2025-08-27T04:18:16.123+0000][122][info ][safepoint   ] Safepoint "ICBufferFull", Time since last: 132374750 ns, Reaching safepoint: 9583 ns, Cleanup: 100500 ns, At safepoint: 5917 ns, Total: 116000 ns
[2025-08-27T04:18:16.358+0000][122][info ][safepoint   ] Safepoint "ICBufferFull", Time since last: 234634292 ns, Reaching safepoint: 55167 ns, Cleanup: 199541 ns, At safepoint: 9375 ns, Total: 264083 ns
[2025-08-27T04:18:16.525+0000][122][info ][safepoint   ] Safepoint "ICBufferFull", Time since last: 166490417 ns, Reaching safepoint: 52583 ns, Cleanup: 289125 ns, At safepoint: 41375 ns, Total: 383083 ns
[2025-08-27T04:18:17.022+0000][122][info ][gc,start    ] GC(20) Pause Young (Mixed) (G1 Evacuation Pause)
[2025-08-27T04:18:17.022+0000][122][info ][gc,task     ] GC(20) Using 8 workers of 8 for evacuation
[2025-08-27T04:18:17.022+0000][122][debug][gc,age      ] GC(20) Desired survivor size 41943040 bytes, new threshold 15 (max threshold 15)
[2025-08-27T04:18:17.034+0000][122][info ][gc,phases   ] GC(20)   Pre Evacuate Collection Set: 0.35ms
[2025-08-27T04:18:17.035+0000][122][info ][gc,phases   ] GC(20)   Merge Heap Roots: 0.14ms
[2025-08-27T04:18:17.035+0000][122][info ][gc,phases   ] GC(20)   Evacuate Collection Set: 11.10ms
[2025-08-27T04:18:17.035+0000][122][info ][gc,phases   ] GC(20)   Post Evacuate Collection Set: 1.00ms
[2025-08-27T04:18:17.035+0000][122][info ][gc,phases   ] GC(20)   Other: 0.20ms
[2025-08-27T04:18:17.035+0000][122][trace][gc,age      ] GC(20) Age table with threshold 15 (max threshold 15)
[2025-08-27T04:18:17.035+0000][122][trace][gc,age      ] GC(20) - age   1:    7668112 bytes,    7668112 total
[2025-08-27T04:18:17.035+0000][122][trace][gc,age      ] GC(20) - age   2:    5368952 bytes,   13037064 total
[2025-08-27T04:18:17.035+0000][122][trace][gc,age      ] GC(20) - age   3:    4360664 bytes,   17397728 total
[2025-08-27T04:18:17.035+0000][122][trace][gc,age      ] GC(20) - age   4:   15825304 bytes,   33223032 total
[2025-08-27T04:18:17.035+0000][122][trace][gc,age      ] GC(20) - age   5:        648 bytes,   33223680 total
[2025-08-27T04:18:17.035+0000][122][info ][gc,heap     ] GC(20) Eden regions: 145->0(144)
[2025-08-27T04:18:17.035+0000][122][info ][gc,heap     ] GC(20) Survivor regions: 8->9(20)
[2025-08-27T04:18:17.035+0000][122][info ][gc,heap     ] GC(20) Old regions: 30->30
[2025-08-27T04:18:17.035+0000][122][info ][gc,heap     ] GC(20) Humongous regions: 2->2
[2025-08-27T04:18:17.035+0000][122][info ][gc,metaspace] GC(20) Metaspace: 153728K(158208K)->153728K(158208K) NonClass: 132287K(134784K)->132287K(134784K) Class: 21441K(23424K)->21441K(23424K)
[2025-08-27T04:18:17.035+0000][122][info ][gc          ] GC(20) Pause Young (Mixed) (G1 Evacuation Pause) 736M->158M(1024M) 13.447ms
[2025-08-27T04:18:17.035+0000][122][info ][gc,cpu      ] GC(20) User=0.07s Sys=0.00s Real=0.02s
[2025-08-27T04:18:17.035+0000][122][info ][safepoint   ] Safepoint "G1CollectForAllocation", Time since last: 496354292 ns, Reaching safepoint: 9667 ns, Cleanup: 91000 ns, At safepoint: 13590917 ns, Total: 13691584 ns
[2025-08-27T04:18:17.424+0000][122][info ][safepoint   ] Safepoint "ICBufferFull", Time since last: 389196666 ns, Reaching safepoint: 8125 ns, Cleanup: 87292 ns, At safepoint: 4625 ns, Total: 100042 ns
[2025-08-27T04:18:18.030+0000][122][info ][safepoint   ] Safepoint "ICBufferFull", Time since last: 605227334 ns, Reaching safepoint: 21541 ns, Cleanup: 99125 ns, At safepoint: 7542 ns, Total: 128208 ns
[2025-08-27T04:18:19.890+0000][122][info ][safepoint   ] Safepoint "Cleanup", Time since last: 1859518668 ns, Reaching safepoint: 72791 ns, Cleanup: 271417 ns, At safepoint: 17333 ns, Total: 361541 ns
[2025-08-27T04:18:20.892+0000][122][info ][safepoint   ] Safepoint "Cleanup", Time since last: 1001793292 ns, Reaching safepoint: 25542 ns, Cleanup: 21208 ns, At safepoint: 18000 ns, Total: 64750 ns
[2025-08-27T04:18:21.893+0000][122][info ][safepoint   ] Safepoint "Cleanup", Time since last: 1001735834 ns, Reaching safepoint: 29917 ns, Cleanup: 60625 ns, At safepoint: 12916 ns, Total: 103458 ns
[2025-08-27T04:18:22.894+0000][122][info ][safepoint   ] Safepoint "Cleanup", Time since last: 1000788959 ns, Reaching safepoint: 56167 ns, Cleanup: 20792 ns, At safepoint: 13208 ns, Total: 90167 ns
[2025-08-27T04:18:24.897+0000][122][info ][safepoint   ] Safepoint "Cleanup", Time since last: 2002046418 ns, Reaching safepoint: 296833 ns, Cleanup: 45625 ns, At safepoint: 23667 ns, Total: 366125 ns
[2025-08-27T04:18:25.898+0000][122][info ][safepoint   ] Safepoint "Cleanup", Time since last: 1001255708 ns, Reaching safepoint: 100084 ns, Cleanup: 214791 ns, At safepoint: 30709 ns, Total: 345584 ns
[2025-08-27T04:18:26.154+0000][122][info ][safepoint   ] Safepoint "ICBufferFull", Time since last: 255609167 ns, Reaching safepoint: 6541 ns, Cleanup: 140584 ns, At safepoint: 3208 ns, Total: 150333 ns
[2025-08-27T04:18:26.203+0000][122][info ][safepoint   ] Safepoint "ICBufferFull", Time since last: 49135583 ns, Reaching safepoint: 26000 ns, Cleanup: 199167 ns, At safepoint: 13333 ns, Total: 238500 ns
[2025-08-27T04:18:28.149+0000][122][info ][safepoint   ] Safepoint "Cleanup", Time since last: 1944763251 ns, Reaching safepoint: 40625 ns, Cleanup: 293167 ns, At safepoint: 33875 ns, Total: 367667 ns
[2025-08-27T04:18:29.150+0000][122][info ][safepoint   ] Safepoint "Cleanup", Time since last: 1001470667 ns, Reaching safepoint: 41333 ns, Cleanup: 69500 ns, At safepoint: 17292 ns, Total: 128125 ns
[2025-08-27T04:18:31.152+0000][122][info ][safepoint   ] Safepoint "Cleanup", Time since last: 2002018668 ns, Reaching safepoint: 84375 ns, Cleanup: 124458 ns, At safepoint: 16042 ns, Total: 224875 ns
[2025-08-27T04:18:32.154+0000][122][info ][safepoint   ] Safepoint "Cleanup", Time since last: 1001598125 ns, Reaching safepoint: 218458 ns, Cleanup: 61875 ns, At safepoint: 29209 ns, Total: 309542 ns
[2025-08-27T04:18:34.157+0000][122][info ][safepoint   ] Safepoint "Cleanup", Time since last: 2002024709 ns, Reaching safepoint: 110208 ns, Cleanup: 115750 ns, At safepoint: 33625 ns, Total: 259583 ns
[2025-08-27T04:18:35.158+0000][122][info ][safepoint   ] Safepoint "Cleanup", Time since last: 1001571501 ns, Reaching safepoint: 55708 ns, Cleanup: 38750 ns, At safepoint: 20417 ns, Total: 114875 ns
[2025-08-27T04:18:36.160+0000][122][info ][safepoint   ] Safepoint "Cleanup", Time since last: 1001650084 ns, Reaching safepoint: 76625 ns, Cleanup: 35833 ns, At safepoint: 14542 ns, Total: 127000 ns
[2025-08-27T04:18:37.162+0000][122][info ][safepoint   ] Safepoint "Cleanup", Time since last: 1001901333 ns, Reaching safepoint: 115459 ns, Cleanup: 138583 ns, At safepoint: 34208 ns, Total: 288250 ns
[2025-08-27T04:18:39.166+0000][122][info ][safepoint   ] Safepoint "Cleanup", Time since last: 2004032334 ns, Reaching safepoint: 18584 ns, Cleanup: 27291 ns, At safepoint: 10250 ns, Total: 56125 ns
[2025-08-27T04:18:40.167+0000][122][info ][safepoint   ] Safepoint "Cleanup", Time since last: 1000496543 ns, Reaching safepoint: 74208 ns, Cleanup: 127917 ns, At safepoint: 18375 ns, Total: 220500 ns
[2025-08-27T04:18:41.169+0000][122][info ][safepoint   ] Safepoint "Cleanup", Time since last: 1001767917 ns, Reaching safepoint: 82000 ns, Cleanup: 47791 ns, At safepoint: 15459 ns, Total: 145250 ns
[2025-08-27T04:18:42.171+0000][122][info ][safepoint   ] Safepoint "Cleanup", Time since last: 1001611000 ns, Reaching safepoint: 192250 ns, Cleanup: 127917 ns, At safepoint: 23083 ns, Total: 343250 ns
[2025-08-27T04:18:43.172+0000][122][info ][safepoint   ] Safepoint "Cleanup", Time since last: 1001331084 ns, Reaching safepoint: 28125 ns, Cleanup: 21875 ns, At safepoint: 11667 ns, Total: 61667 ns
[2025-08-27T04:18:44.172+0000][122][info ][safepoint   ] Safepoint "Cleanup", Time since last: 1000464875 ns, Reaching safepoint: 21958 ns, Cleanup: 34000 ns, At safepoint: 11042 ns, Total: 67000 ns
[2025-08-27T04:18:45.175+0000][122][info ][safepoint   ] Safepoint "Cleanup", Time since last: 1002036709 ns, Reaching safepoint: 40750 ns, Cleanup: 28583 ns, At safepoint: 13625 ns, Total: 82958 ns
[2025-08-27T04:18:46.176+0000][122][info ][safepoint   ] Safepoint "Cleanup", Time since last: 1001129667 ns, Reaching safepoint: 65209 ns, Cleanup: 13000 ns, At safepoint: 8083 ns, Total: 86292 ns
[2025-08-27T04:18:47.177+0000][122][info ][safepoint   ] Safepoint "Cleanup", Time since last: 1000903709 ns, Reaching safepoint: 78542 ns, Cleanup: 46666 ns, At safepoint: 15959 ns, Total: 141167 ns
[2025-08-27T04:18:48.178+0000][122][info ][safepoint   ] Safepoint "Cleanup", Time since last: 1001543333 ns, Reaching safepoint: 38167 ns, Cleanup: 24792 ns, At safepoint: 12875 ns, Total: 75834 ns
[2025-08-27T04:18:50.183+0000][122][info ][safepoint   ] Safepoint "Cleanup", Time since last: 2004461459 ns, Reaching safepoint: 131000 ns, Cleanup: 78708 ns, At safepoint: 27709 ns, Total: 237417 ns
[2025-08-27T04:18:51.185+0000][122][info ][safepoint   ] Safepoint "Cleanup", Time since last: 1001405208 ns, Reaching safepoint: 22417 ns, Cleanup: 15958 ns, At safepoint: 10500 ns, Total: 48875 ns
[2025-08-27T04:18:52.186+0000][122][info ][safepoint   ] Safepoint "Cleanup", Time since last: 1000974668 ns, Reaching safepoint: 71416 ns, Cleanup: 47167 ns, At safepoint: 23208 ns, Total: 141791 ns
[2025-08-27T04:18:53.239+0000][122][info ][safepoint   ] Safepoint "Cleanup", Time since last: 1052271167 ns, Reaching safepoint: 433584 ns, Cleanup: 91375 ns, At safepoint: 22333 ns, Total: 547292 ns
[2025-08-27T04:18:54.309+0000][122][info ][safepoint   ] Safepoint "Cleanup", Time since last: 1069977959 ns, Reaching safepoint: 101250 ns, Cleanup: 128792 ns, At safepoint: 20708 ns, Total: 250750 ns
[2025-08-27T04:18:55.311+0000][122][info ][safepoint   ] Safepoint "Cleanup", Time since last: 1001950709 ns, Reaching safepoint: 76416 ns, Cleanup: 73625 ns, At safepoint: 13834 ns, Total: 163875 ns
[2025-08-27T04:18:56.314+0000][122][info ][safepoint   ] Safepoint "Cleanup", Time since last: 1002659375 ns, Reaching safepoint: 51459 ns, Cleanup: 42000 ns, At safepoint: 15333 ns, Total: 108792 ns
[2025-08-27T04:18:57.316+0000][122][info ][safepoint   ] Safepoint "Cleanup", Time since last: 1001274375 ns, Reaching safepoint: 516125 ns, Cleanup: 65459 ns, At safepoint: 37125 ns, Total: 618709 ns
[2025-08-27T04:18:58.430+0000][122][info ][safepoint   ] Safepoint "Cleanup", Time since last: 1114349167 ns, Reaching safepoint: 41042 ns, Cleanup: 69416 ns, At safepoint: 15000 ns, Total: 125458 ns
[2025-08-27T04:18:59.432+0000][122][info ][safepoint   ] Safepoint "Cleanup", Time since last: 1001331167 ns, Reaching safepoint: 119709 ns, Cleanup: 51208 ns, At safepoint: 15375 ns, Total: 186292 ns
[2025-08-27T04:19:02.436+0000][122][info ][safepoint   ] Safepoint "Cleanup", Time since last: 3004018793 ns, Reaching safepoint: 114792 ns, Cleanup: 66333 ns, At safepoint: 29834 ns, Total: 210959 ns
[2025-08-27T04:19:03.438+0000][122][info ][safepoint   ] Safepoint "Cleanup", Time since last: 1002292708 ns, Reaching safepoint: 81875 ns, Cleanup: 51459 ns, At safepoint: 15166 ns, Total: 148500 ns
[2025-08-27T04:19:04.440+0000][122][info ][safepoint   ] Safepoint "Cleanup", Time since last: 1001476959 ns, Reaching safepoint: 79750 ns, Cleanup: 104333 ns, At safepoint: 21584 ns, Total: 205667 ns
[2025-08-27T04:19:05.442+0000][122][info ][safepoint   ] Safepoint "Cleanup", Time since last: 1002042250 ns, Reaching safepoint: 96709 ns, Cleanup: 82375 ns, At safepoint: 28625 ns, Total: 207709 ns
[2025-08-27T04:19:06.444+0000][122][info ][safepoint   ] Safepoint "Cleanup", Time since last: 1001431875 ns, Reaching safepoint: 61875 ns, Cleanup: 40250 ns, At safepoint: 17167 ns, Total: 119292 ns
[2025-08-27T04:19:07.445+0000][122][info ][safepoint   ] Safepoint "Cleanup", Time since last: 1000845500 ns, Reaching safepoint: 73667 ns, Cleanup: 46083 ns, At safepoint: 15042 ns, Total: 134792 ns
[2025-08-27T04:19:08.446+0000][122][info ][safepoint   ] Safepoint "Cleanup", Time since last: 1001120375 ns, Reaching safepoint: 11375 ns, Cleanup: 57542 ns, At safepoint: 6375 ns, Total: 75292 ns
[2025-08-27T04:19:09.447+0000][122][info ][safepoint   ] Safepoint "Cleanup", Time since last: 1000647584 ns, Reaching safepoint: 30666 ns, Cleanup: 26667 ns, At safepoint: 8542 ns, Total: 65875 ns
[2025-08-27T04:19:10.449+0000][122][info ][safepoint   ] Safepoint "Cleanup", Time since last: 1001888167 ns, Reaching safepoint: 58833 ns, Cleanup: 47917 ns, At safepoint: 17208 ns, Total: 123958 ns
[2025-08-27T04:19:11.174+0000][122][info ][safepoint   ] Safepoint "ICBufferFull", Time since last: 724672875 ns, Reaching safepoint: 18500 ns, Cleanup: 179292 ns, At safepoint: 8875 ns, Total: 206667 ns
[2025-08-27T04:19:11.377+0000][122][info ][safepoint   ] Safepoint "ICBufferFull", Time since last: 203036958 ns, Reaching safepoint: 9459 ns, Cleanup: 91583 ns, At safepoint: 16000 ns, Total: 117042 ns
[2025-08-27T04:19:12.480+0000][122][info ][safepoint   ] Safepoint "Cleanup", Time since last: 1102866667 ns, Reaching safepoint: 49709 ns, Cleanup: 194083 ns, At safepoint: 30125 ns, Total: 273917 ns
[2025-08-27T04:19:12.595+0000][122][info ][safepoint   ] Safepoint "ICBufferFull", Time since last: 114427250 ns, Reaching safepoint: 7750 ns, Cleanup: 160500 ns, At safepoint: 9958 ns, Total: 178208 ns
[2025-08-27T04:19:13.713+0000][122][info ][safepoint   ] Safepoint "Cleanup", Time since last: 1118432376 ns, Reaching safepoint: 11083 ns, Cleanup: 186417 ns, At safepoint: 9667 ns, Total: 207167 ns
[2025-08-27T04:19:15.751+0000][122][info ][safepoint   ] Safepoint "Cleanup", Time since last: 2037078792 ns, Reaching safepoint: 17875 ns, Cleanup: 15667 ns, At safepoint: 5833 ns, Total: 39375 ns
[2025-08-27T04:19:17.390+0000][122][info ][safepoint   ] Safepoint "Cleanup", Time since last: 1639814126 ns, Reaching safepoint: 6250 ns, Cleanup: 34292 ns, At safepoint: 6625 ns, Total: 47167 ns
[2025-08-27T04:19:18.391+0000][122][info ][safepoint   ] Safepoint "Cleanup", Time since last: 1000796375 ns, Reaching safepoint: 33458 ns, Cleanup: 11709 ns, At safepoint: 6166 ns, Total: 51333 ns
[2025-08-27T04:19:19.392+0000][122][info ][safepoint   ] Safepoint "Cleanup", Time since last: 1000601084 ns, Reaching safepoint: 105917 ns, Cleanup: 68042 ns, At safepoint: 22750 ns, Total: 196709 ns
[2025-08-27T04:19:20.393+0000][122][info ][safepoint   ] Safepoint "Cleanup", Time since last: 1000764833 ns, Reaching safepoint: 66917 ns, Cleanup: 50792 ns, At safepoint: 20708 ns, Total: 138417 ns
[2025-08-27T04:19:22.398+0000][122][info ][safepoint   ] Safepoint "Cleanup", Time since last: 2005001043 ns, Reaching safepoint: 84291 ns, Cleanup: 30625 ns, At safepoint: 19500 ns, Total: 134416 ns
[2025-08-27T04:19:24.400+0000][122][info ][safepoint   ] Safepoint "Cleanup", Time since last: 2001831293 ns, Reaching safepoint: 22500 ns, Cleanup: 21292 ns, At safepoint: 8750 ns, Total: 52542 ns
[2025-08-27T04:19:25.402+0000][122][info ][safepoint   ] Safepoint "Cleanup", Time since last: 1001698500 ns, Reaching safepoint: 51167 ns, Cleanup: 64000 ns, At safepoint: 15333 ns, Total: 130500 ns
[2025-08-27T04:19:27.405+0000][122][info ][safepoint   ] Safepoint "Cleanup", Time since last: 2002728543 ns, Reaching safepoint: 84000 ns, Cleanup: 108541 ns, At safepoint: 63500 ns, Total: 256041 ns
[2025-08-27T04:19:28.406+0000][122][info ][safepoint   ] Safepoint "Cleanup", Time since last: 1001370459 ns, Reaching safepoint: 18875 ns, Cleanup: 18584 ns, At safepoint: 5250 ns, Total: 42709 ns
[2025-08-27T04:19:30.408+0000][122][info ][safepoint   ] Safepoint "Cleanup", Time since last: 2001885584 ns, Reaching safepoint: 96375 ns, Cleanup: 131292 ns, At safepoint: 28791 ns, Total: 256458 ns
[2025-08-27T04:19:31.410+0000][122][info ][safepoint   ] Safepoint "Cleanup", Time since last: 1001588751 ns, Reaching safepoint: 31041 ns, Cleanup: 39042 ns, At safepoint: 10167 ns, Total: 80250 ns
[2025-08-27T04:19:32.411+0000][122][info ][safepoint   ] Safepoint "Cleanup", Time since last: 1000785417 ns, Reaching safepoint: 85958 ns, Cleanup: 55167 ns, At safepoint: 17000 ns, Total: 158125 ns
[2025-08-27T04:19:34.413+0000][122][info ][safepoint   ] Safepoint "Cleanup", Time since last: 2002004376 ns, Reaching safepoint: 19083 ns, Cleanup: 139125 ns, At safepoint: 13708 ns, Total: 171916 ns
[2025-08-27T04:19:35.479+0000][122][info ][safepoint   ] Safepoint "Cleanup", Time since last: 1065347001 ns, Reaching safepoint: 65750 ns, Cleanup: 142125 ns, At safepoint: 28125 ns, Total: 236000 ns
[2025-08-27T04:19:36.480+0000][122][info ][safepoint   ] Safepoint "Cleanup", Time since last: 1001288792 ns, Reaching safepoint: 16292 ns, Cleanup: 13125 ns, At safepoint: 9041 ns, Total: 38458 ns
[2025-08-27T04:19:37.481+0000][122][info ][safepoint   ] Safepoint "Cleanup", Time since last: 1001237667 ns, Reaching safepoint: 26625 ns, Cleanup: 34791 ns, At safepoint: 16417 ns, Total: 77833 ns
[2025-08-27T04:19:38.483+0000][122][info ][safepoint   ] Safepoint "Cleanup", Time since last: 1000614500 ns, Reaching safepoint: 977167 ns, Cleanup: 67875 ns, At safepoint: 72250 ns, Total: 1117292 ns
[2025-08-27T04:19:39.484+0000][122][info ][safepoint   ] Safepoint "Cleanup", Time since last: 1001226167 ns, Reaching safepoint: 63667 ns, Cleanup: 39417 ns, At safepoint: 11166 ns, Total: 114250 ns
[2025-08-27T04:19:41.487+0000][122][info ][safepoint   ] Safepoint "Cleanup", Time since last: 2002395668 ns, Reaching safepoint: 33708 ns, Cleanup: 15500 ns, At safepoint: 4792 ns, Total: 54000 ns
[2025-08-27T04:19:43.489+0000][122][info ][safepoint   ] Safepoint "Cleanup", Time since last: 2002497501 ns, Reaching safepoint: 19458 ns, Cleanup: 39792 ns, At safepoint: 9625 ns, Total: 68875 ns
[2025-08-27T04:19:44.490+0000][122][info ][safepoint   ] Safepoint "Cleanup", Time since last: 1000588084 ns, Reaching safepoint: 35916 ns, Cleanup: 28167 ns, At safepoint: 13083 ns, Total: 77166 ns
[2025-08-27T04:19:45.492+0000][122][info ][safepoint   ] Safepoint "Cleanup", Time since last: 1001686917 ns, Reaching safepoint: 24500 ns, Cleanup: 20167 ns, At safepoint: 12042 ns, Total: 56709 ns
[2025-08-27T04:19:46.493+0000][122][info ][safepoint   ] Safepoint "Cleanup", Time since last: 1000998375 ns, Reaching safepoint: 72042 ns, Cleanup: 73125 ns, At safepoint: 11333 ns, Total: 156500 ns
[2025-08-27T04:19:47.495+0000][122][info ][safepoint   ] Safepoint "Cleanup", Time since last: 1001895876 ns, Reaching safepoint: 140375 ns, Cleanup: 99666 ns, At safepoint: 25834 ns, Total: 265875 ns
[2025-08-27T04:19:48.497+0000][122][info ][safepoint   ] Safepoint "Cleanup", Time since last: 1001607875 ns, Reaching safepoint: 18625 ns, Cleanup: 14792 ns, At safepoint: 14458 ns, Total: 47875 ns
[2025-08-27T04:19:50.499+0000][122][info ][safepoint   ] Safepoint "Cleanup", Time since last: 2002007126 ns, Reaching safepoint: 36625 ns, Cleanup: 35333 ns, At safepoint: 4625 ns, Total: 76583 ns
[2025-08-27T04:19:51.770+0000][122][info ][safepoint   ] Safepoint "Cleanup", Time since last: 1270305168 ns, Reaching safepoint: 100125 ns, Cleanup: 378625 ns, At safepoint: 23083 ns, Total: 501833 ns
[2025-08-27T04:19:55.182+0000][122][info ][safepoint   ] Safepoint "Cleanup", Time since last: 3412639085 ns, Reaching safepoint: 64417 ns, Cleanup: 64125 ns, At safepoint: 16916 ns, Total: 145458 ns
[2025-08-27T04:19:57.810+0000][122][info ][safepoint   ] Safepoint "Cleanup", Time since last: 2627828252 ns, Reaching safepoint: 30041 ns, Cleanup: 99417 ns, At safepoint: 3958 ns, Total: 133416 ns
[2025-08-27T04:19:58.901+0000][122][info ][safepoint   ] Safepoint "Cleanup", Time since last: 1090832376 ns, Reaching safepoint: 45458 ns, Cleanup: 127625 ns, At safepoint: 9458 ns, Total: 182541 ns
[2025-08-27T04:20:00.599+0000][122][info ][gc,start    ] GC(21) Pause Young (Normal) (G1 Evacuation Pause)
[2025-08-27T04:20:00.599+0000][122][info ][gc,task     ] GC(21) Using 8 workers of 8 for evacuation
[2025-08-27T04:20:00.599+0000][122][debug][gc,age      ] GC(21) Desired survivor size 41943040 bytes, new threshold 15 (max threshold 15)
[2025-08-27T04:20:00.637+0000][122][info ][gc,phases   ] GC(21)   Pre Evacuate Collection Set: 0.36ms
[2025-08-27T04:20:00.637+0000][122][info ][gc,phases   ] GC(21)   Merge Heap Roots: 0.18ms
[2025-08-27T04:20:00.637+0000][122][info ][gc,phases   ] GC(21)   Evacuate Collection Set: 34.37ms
[2025-08-27T04:20:00.637+0000][122][info ][gc,phases   ] GC(21)   Post Evacuate Collection Set: 2.02ms
[2025-08-27T04:20:00.637+0000][122][info ][gc,phases   ] GC(21)   Other: 0.53ms
[2025-08-27T04:20:00.637+0000][122][trace][gc,age      ] GC(21) Age table with threshold 15 (max threshold 15)
[2025-08-27T04:20:00.637+0000][122][trace][gc,age      ] GC(21) - age   1:    7340264 bytes,    7340264 total
[2025-08-27T04:20:00.637+0000][122][trace][gc,age      ] GC(21) - age   2:    4722896 bytes,   12063160 total
[2025-08-27T04:20:00.637+0000][122][trace][gc,age      ] GC(21) - age   3:    4532928 bytes,   16596088 total
[2025-08-27T04:20:00.637+0000][122][trace][gc,age      ] GC(21) - age   4:    4283144 bytes,   20879232 total
[2025-08-27T04:20:00.637+0000][122][trace][gc,age      ] GC(21) - age   5:   15503656 bytes,   36382888 total
[2025-08-27T04:20:00.637+0000][122][trace][gc,age      ] GC(21) - age   6:        648 bytes,   36383536 total
[2025-08-27T04:20:00.637+0000][122][info ][gc,heap     ] GC(21) Eden regions: 144->0(143)
[2025-08-27T04:20:00.637+0000][122][info ][gc,heap     ] GC(21) Survivor regions: 9->10(20)
[2025-08-27T04:20:00.637+0000][122][info ][gc,heap     ] GC(21) Old regions: 30->30
[2025-08-27T04:20:00.637+0000][122][info ][gc,heap     ] GC(21) Humongous regions: 2->2
[2025-08-27T04:20:00.638+0000][122][info ][gc,metaspace] GC(21) Metaspace: 156114K(160512K)->156114K(160512K) NonClass: 134443K(136896K)->134443K(136896K) Class: 21670K(23616K)->21670K(23616K)
[2025-08-27T04:20:00.638+0000][122][info ][gc          ] GC(21) Pause Young (Normal) (G1 Evacuation Pause) 734M->163M(1024M) 38.734ms
[2025-08-27T04:20:00.638+0000][122][info ][gc,cpu      ] GC(21) User=0.28s Sys=0.00s Real=0.04s
[2025-08-27T04:20:00.642+0000][122][info ][safepoint   ] Safepoint "G1CollectForAllocation", Time since last: 1696880043 ns, Reaching safepoint: 472458 ns, Cleanup: 50875 ns, At safepoint: 42874209 ns, Total: 43397542 ns
[2025-08-27T04:20:01.645+0000][122][info ][safepoint   ] Safepoint "Cleanup", Time since last: 1002572458 ns, Reaching safepoint: 92834 ns, Cleanup: 179083 ns, At safepoint: 19542 ns, Total: 291459 ns
[2025-08-27T04:20:03.020+0000][122][info ][safepoint   ] Safepoint "Cleanup", Time since last: 1375513959 ns, Reaching safepoint: 21083 ns, Cleanup: 258458 ns, At safepoint: 21042 ns, Total: 300583 ns
[2025-08-27T04:20:04.599+0000][122][info ][safepoint   ] Safepoint "Cleanup", Time since last: 1578413668 ns, Reaching safepoint: 59708 ns, Cleanup: 108875 ns, At safepoint: 24250 ns, Total: 192833 ns
[2025-08-27T04:20:05.600+0000][122][info ][safepoint   ] Safepoint "Cleanup", Time since last: 1001307459 ns, Reaching safepoint: 76708 ns, Cleanup: 50333 ns, At safepoint: 24917 ns, Total: 151958 ns
[2025-08-27T04:20:06.602+0000][122][info ][safepoint   ] Safepoint "Cleanup", Time since last: 1001857167 ns, Reaching safepoint: 72958 ns, Cleanup: 125625 ns, At safepoint: 16542 ns, Total: 215125 ns
[2025-08-27T04:20:08.606+0000][122][info ][safepoint   ] Safepoint "Cleanup", Time since last: 2002390875 ns, Reaching safepoint: 981708 ns, Cleanup: 26209 ns, At safepoint: 17291 ns, Total: 1025208 ns
[2025-08-27T04:20:09.607+0000][122][info ][safepoint   ] Safepoint "Cleanup", Time since last: 1001084126 ns, Reaching safepoint: 42500 ns, Cleanup: 36333 ns, At safepoint: 16084 ns, Total: 94917 ns
[2025-08-27T04:20:12.536+0000][122][info ][safepoint   ] Safepoint "Cleanup", Time since last: 2927828543 ns, Reaching safepoint: 940916 ns, Cleanup: 16667 ns, At safepoint: 18542 ns, Total: 976125 ns
[2025-08-27T04:20:12.541+0000][122][info ][gc,start    ] GC(22) Pause Young (Concurrent Start) (CodeCache GC Threshold)
[2025-08-27T04:20:12.541+0000][122][info ][gc,task     ] GC(22) Using 8 workers of 8 for evacuation
[2025-08-27T04:20:12.541+0000][122][debug][gc,age      ] GC(22) Desired survivor size 41943040 bytes, new threshold 15 (max threshold 15)
[2025-08-27T04:20:12.559+0000][122][info ][gc,phases   ] GC(22)   Pre Evacuate Collection Set: 0.28ms
[2025-08-27T04:20:12.559+0000][122][info ][gc,phases   ] GC(22)   Merge Heap Roots: 0.10ms
[2025-08-27T04:20:12.559+0000][122][info ][gc,phases   ] GC(22)   Evacuate Collection Set: 16.42ms
[2025-08-27T04:20:12.559+0000][122][info ][gc,phases   ] GC(22)   Post Evacuate Collection Set: 1.13ms
[2025-08-27T04:20:12.559+0000][122][info ][gc,phases   ] GC(22)   Other: 0.21ms
[2025-08-27T04:20:12.559+0000][122][trace][gc,age      ] GC(22) Age table with threshold 15 (max threshold 15)
[2025-08-27T04:20:12.559+0000][122][trace][gc,age      ] GC(22) - age   1:    1681528 bytes,    1681528 total
[2025-08-27T04:20:12.559+0000][122][trace][gc,age      ] GC(22) - age   2:    5498512 bytes,    7180040 total
[2025-08-27T04:20:12.559+0000][122][trace][gc,age      ] GC(22) - age   3:    4722384 bytes,   11902424 total
[2025-08-27T04:20:12.559+0000][122][trace][gc,age      ] GC(22) - age   4:    4532696 bytes,   16435120 total
[2025-08-27T04:20:12.559+0000][122][trace][gc,age      ] GC(22) - age   5:    4282928 bytes,   20718048 total
[2025-08-27T04:20:12.559+0000][122][trace][gc,age      ] GC(22) - age   6:   15487112 bytes,   36205160 total
[2025-08-27T04:20:12.559+0000][122][trace][gc,age      ] GC(22) - age   7:        648 bytes,   36205808 total
[2025-08-27T04:20:12.560+0000][122][info ][gc,heap     ] GC(22) Eden regions: 19->0(143)
[2025-08-27T04:20:12.560+0000][122][info ][gc,heap     ] GC(22) Survivor regions: 10->10(20)
[2025-08-27T04:20:12.560+0000][122][info ][gc,heap     ] GC(22) Old regions: 30->30
[2025-08-27T04:20:12.560+0000][122][info ][gc,heap     ] GC(22) Humongous regions: 2->2
[2025-08-27T04:20:12.560+0000][122][info ][gc,metaspace] GC(22) Metaspace: 156449K(160832K)->156449K(160832K) NonClass: 134777K(137216K)->134777K(137216K) Class: 21672K(23616K)->21672K(23616K)
[2025-08-27T04:20:12.560+0000][122][info ][gc          ] GC(22) Pause Young (Concurrent Start) (CodeCache GC Threshold) 236M->164M(1024M) 18.910ms
[2025-08-27T04:20:12.560+0000][122][info ][gc,cpu      ] GC(22) User=0.13s Sys=0.00s Real=0.02s
[2025-08-27T04:20:12.560+0000][122][info ][gc          ] GC(23) Concurrent Mark Cycle
[2025-08-27T04:20:12.560+0000][122][info ][gc,marking  ] GC(23) Concurrent Scan Root Regions
[2025-08-27T04:20:12.560+0000][122][info ][safepoint   ] Safepoint "G1TryInitiateConcMark", Time since last: 4925500 ns, Reaching safepoint: 8125 ns, Cleanup: 1958 ns, At safepoint: 19068208 ns, Total: 19078291 ns
[2025-08-27T04:20:12.570+0000][122][info ][gc,marking  ] GC(23) Concurrent Scan Root Regions 10.343ms
[2025-08-27T04:20:12.570+0000][122][info ][gc,marking  ] GC(23) Concurrent Mark
[2025-08-27T04:20:12.570+0000][122][info ][gc,marking  ] GC(23) Concurrent Mark From Roots
[2025-08-27T04:20:12.570+0000][122][info ][gc,task     ] GC(23) Using 2 workers of 2 for marking
[2025-08-27T04:20:12.629+0000][122][info ][gc,marking  ] GC(23) Concurrent Mark From Roots 58.472ms
[2025-08-27T04:20:12.629+0000][122][info ][gc,marking  ] GC(23) Concurrent Preclean
[2025-08-27T04:20:12.629+0000][122][info ][gc,marking  ] GC(23) Concurrent Preclean 0.243ms
[2025-08-27T04:20:12.629+0000][122][info ][gc,start    ] GC(23) Pause Remark
[2025-08-27T04:20:12.650+0000][122][info ][gc          ] GC(23) Pause Remark 165M->165M(1024M) 20.359ms
[2025-08-27T04:20:12.650+0000][122][info ][gc,cpu      ] GC(23) User=0.11s Sys=0.01s Real=0.02s
[2025-08-27T04:20:12.650+0000][122][info ][safepoint   ] Safepoint "G1PauseRemark", Time since last: 69402292 ns, Reaching safepoint: 11333 ns, Cleanup: 2500 ns, At safepoint: 20555167 ns, Total: 20569000 ns
[2025-08-27T04:20:12.650+0000][122][info ][gc,marking  ] GC(23) Concurrent Mark 79.527ms
[2025-08-27T04:20:12.650+0000][122][info ][gc,marking  ] GC(23) Concurrent Rebuild Remembered Sets and Scrub Regions
[2025-08-27T04:20:12.669+0000][122][info ][gc,marking  ] GC(23) Concurrent Rebuild Remembered Sets and Scrub Regions 18.688ms
[2025-08-27T04:20:12.669+0000][122][info ][gc,start    ] GC(23) Pause Cleanup
[2025-08-27T04:20:12.669+0000][122][info ][gc          ] GC(23) Pause Cleanup 165M->165M(1024M) 0.097ms
[2025-08-27T04:20:12.669+0000][122][info ][gc,cpu      ] GC(23) User=0.00s Sys=0.00s Real=0.00s
[2025-08-27T04:20:12.669+0000][122][info ][safepoint   ] Safepoint "G1PauseCleanup", Time since last: 18847000 ns, Reaching safepoint: 11625 ns, Cleanup: 47750 ns, At safepoint: 229667 ns, Total: 289042 ns
[2025-08-27T04:20:12.669+0000][122][info ][gc,marking  ] GC(23) Concurrent Clear Claimed Marks
[2025-08-27T04:20:12.669+0000][122][info ][gc,marking  ] GC(23) Concurrent Clear Claimed Marks 0.279ms
[2025-08-27T04:20:12.669+0000][122][info ][gc,marking  ] GC(23) Concurrent Cleanup for Next Mark
[2025-08-27T04:20:12.673+0000][122][info ][gc,marking  ] GC(23) Concurrent Cleanup for Next Mark 3.919ms
[2025-08-27T04:20:12.673+0000][122][info ][gc          ] GC(23) Concurrent Mark Cycle 113.485ms
[2025-08-27T04:20:15.543+0000][122][info ][safepoint   ] Safepoint "Cleanup", Time since last: 2873820001 ns, Reaching safepoint: 5875 ns, Cleanup: 60542 ns, At safepoint: 2333 ns, Total: 68750 ns
[2025-08-27T04:20:17.007+0000][122][info ][safepoint   ] Safepoint "Cleanup", Time since last: 1463827917 ns, Reaching safepoint: 71667 ns, Cleanup: 237708 ns, At safepoint: 37875 ns, Total: 347250 ns
[2025-08-27T04:20:19.009+0000][122][info ][safepoint   ] Safepoint "Cleanup", Time since last: 2001982876 ns, Reaching safepoint: 78584 ns, Cleanup: 67458 ns, At safepoint: 22792 ns, Total: 168834 ns
[2025-08-27T04:20:22.013+0000][122][info ][safepoint   ] Safepoint "Cleanup", Time since last: 3003910376 ns, Reaching safepoint: 199834 ns, Cleanup: 73791 ns, At safepoint: 43084 ns, Total: 316709 ns
[2025-08-27T04:20:26.019+0000][122][info ][safepoint   ] Safepoint "Cleanup", Time since last: 4004978460 ns, Reaching safepoint: 69333 ns, Cleanup: 52792 ns, At safepoint: 29541 ns, Total: 151666 ns
[2025-08-27T04:20:27.021+0000][122][info ][safepoint   ] Safepoint "Cleanup", Time since last: 1002328293 ns, Reaching safepoint: 113041 ns, Cleanup: 54875 ns, At safepoint: 166834 ns, Total: 334750 ns
[2025-08-27T04:20:28.023+0000][122][info ][safepoint   ] Safepoint "Cleanup", Time since last: 1001791542 ns, Reaching safepoint: 161041 ns, Cleanup: 29334 ns, At safepoint: 25583 ns, Total: 215958 ns
[2025-08-27T04:20:31.031+0000][122][info ][safepoint   ] Safepoint "Cleanup", Time since last: 3007777127 ns, Reaching safepoint: 121541 ns, Cleanup: 22542 ns, At safepoint: 15292 ns, Total: 159375 ns
[2025-08-27T04:20:32.034+0000][122][info ][safepoint   ] Safepoint "Cleanup", Time since last: 1002579083 ns, Reaching safepoint: 40375 ns, Cleanup: 21375 ns, At safepoint: 7375 ns, Total: 69125 ns
[2025-08-27T04:20:32.231+0000][122][info ][safepoint   ] Safepoint "ICBufferFull", Time since last: 196769334 ns, Reaching safepoint: 29666 ns, Cleanup: 80250 ns, At safepoint: 8917 ns, Total: 118833 ns
[2025-08-27T04:20:33.345+0000][122][info ][safepoint   ] Safepoint "Cleanup", Time since last: 1114301376 ns, Reaching safepoint: 96625 ns, Cleanup: 280125 ns, At safepoint: 18958 ns, Total: 395708 ns
[2025-08-27T04:20:34.347+0000][122][info ][safepoint   ] Safepoint "Cleanup", Time since last: 1001715917 ns, Reaching safepoint: 93750 ns, Cleanup: 79292 ns, At safepoint: 24333 ns, Total: 197375 ns
[2025-08-27T04:20:35.349+0000][122][info ][safepoint   ] Safepoint "Cleanup", Time since last: 1001451542 ns, Reaching safepoint: 55000 ns, Cleanup: 55959 ns, At safepoint: 54750 ns, Total: 165709 ns
[2025-08-27T04:20:36.351+0000][122][info ][safepoint   ] Safepoint "Cleanup", Time since last: 1002059500 ns, Reaching safepoint: 80125 ns, Cleanup: 60833 ns, At safepoint: 23917 ns, Total: 164875 ns
[2025-08-27T04:20:38.244+0000][122][info ][safepoint   ] Safepoint "Cleanup", Time since last: 1890783250 ns, Reaching safepoint: 915792 ns, Cleanup: 114125 ns, At safepoint: 63416 ns, Total: 1093333 ns
[2025-08-27T04:20:39.245+0000][122][info ][safepoint   ] Safepoint "Cleanup", Time since last: 1001269917 ns, Reaching safepoint: 76000 ns, Cleanup: 48750 ns, At safepoint: 52792 ns, Total: 177542 ns
[2025-08-27T04:20:40.247+0000][122][info ][safepoint   ] Safepoint "Cleanup", Time since last: 1001419751 ns, Reaching safepoint: 40416 ns, Cleanup: 37917 ns, At safepoint: 10208 ns, Total: 88541 ns
[2025-08-27T04:20:42.249+0000][122][info ][safepoint   ] Safepoint "Cleanup", Time since last: 2001846793 ns, Reaching safepoint: 83750 ns, Cleanup: 63333 ns, At safepoint: 24125 ns, Total: 171208 ns
[2025-08-27T04:20:46.253+0000][122][info ][safepoint   ] Safepoint "Cleanup", Time since last: 4003996919 ns, Reaching safepoint: 97750 ns, Cleanup: 86958 ns, At safepoint: 28292 ns, Total: 213000 ns
[2025-08-27T04:20:52.267+0000][122][info ][safepoint   ] Safepoint "Cleanup", Time since last: 6014323211 ns, Reaching safepoint: 220958 ns, Cleanup: 66792 ns, At safepoint: 23583 ns, Total: 311333 ns
[2025-08-27T04:20:55.315+0000][122][info ][safepoint   ] Safepoint "Cleanup", Time since last: 3047418210 ns, Reaching safepoint: 77917 ns, Cleanup: 100750 ns, At safepoint: 16041 ns, Total: 194708 ns
[2025-08-27T04:20:58.320+0000][122][info ][safepoint   ] Safepoint "Cleanup", Time since last: 3004356794 ns, Reaching safepoint: 50333 ns, Cleanup: 33833 ns, At safepoint: 13792 ns, Total: 97958 ns
[2025-08-27T04:21:01.323+0000][122][info ][safepoint   ] Safepoint "Cleanup", Time since last: 3003365376 ns, Reaching safepoint: 99500 ns, Cleanup: 120792 ns, At safepoint: 31875 ns, Total: 252167 ns
[2025-08-27T04:21:02.325+0000][122][info ][safepoint   ] Safepoint "Cleanup", Time since last: 1001221417 ns, Reaching safepoint: 164792 ns, Cleanup: 76083 ns, At safepoint: 23542 ns, Total: 264417 ns
[2025-08-27T04:21:03.327+0000][122][info ][safepoint   ] Safepoint "Cleanup", Time since last: 1002159167 ns, Reaching safepoint: 20667 ns, Cleanup: 17125 ns, At safepoint: 8708 ns, Total: 46500 ns
[2025-08-27T04:21:04.328+0000][122][info ][safepoint   ] Safepoint "Cleanup", Time since last: 1000818209 ns, Reaching safepoint: 13541 ns, Cleanup: 53500 ns, At safepoint: 6584 ns, Total: 73625 ns
[2025-08-27T04:21:05.329+0000][122][info ][safepoint   ] Safepoint "Cleanup", Time since last: 1000783917 ns, Reaching safepoint: 92958 ns, Cleanup: 40334 ns, At safepoint: 24416 ns, Total: 157708 ns
[2025-08-27T04:21:07.330+0000][122][info ][safepoint   ] Safepoint "Cleanup", Time since last: 2001653792 ns, Reaching safepoint: 54625 ns, Cleanup: 25667 ns, At safepoint: 19833 ns, Total: 100125 ns
[2025-08-27T04:21:08.391+0000][122][info ][safepoint   ] Safepoint "Cleanup", Time since last: 1061307292 ns, Reaching safepoint: 88792 ns, Cleanup: 90708 ns, At safepoint: 35583 ns, Total: 215083 ns
[2025-08-27T04:21:09.393+0000][122][info ][safepoint   ] Safepoint "Cleanup", Time since last: 1001771584 ns, Reaching safepoint: 92875 ns, Cleanup: 177542 ns, At safepoint: 38708 ns, Total: 309125 ns
[2025-08-27T04:21:10.833+0000][122][info ][safepoint   ] Safepoint "Cleanup", Time since last: 1438855418 ns, Reaching safepoint: 55708 ns, Cleanup: 119125 ns, At safepoint: 36667 ns, Total: 211500 ns
[2025-08-27T04:21:11.834+0000][122][info ][safepoint   ] Safepoint "Cleanup", Time since last: 1001422500 ns, Reaching safepoint: 65458 ns, Cleanup: 111834 ns, At safepoint: 16916 ns, Total: 194208 ns
[2025-08-27T04:21:12.836+0000][122][info ][safepoint   ] Safepoint "Cleanup", Time since last: 1001860501 ns, Reaching safepoint: 72083 ns, Cleanup: 57292 ns, At safepoint: 26291 ns, Total: 155666 ns
[2025-08-27T04:21:16.842+0000][122][info ][safepoint   ] Safepoint "Cleanup", Time since last: 4006019877 ns, Reaching safepoint: 97792 ns, Cleanup: 141000 ns, At safepoint: 29333 ns, Total: 268125 ns
[2025-08-27T04:21:18.549+0000][122][info ][safepoint   ] Safepoint "Cleanup", Time since last: 1705722501 ns, Reaching safepoint: 707250 ns, Cleanup: 19709 ns, At safepoint: 11250 ns, Total: 738209 ns
[2025-08-27T04:21:20.240+0000][122][info ][safepoint   ] Safepoint "Cleanup", Time since last: 1690806625 ns, Reaching safepoint: 85959 ns, Cleanup: 178208 ns, At safepoint: 42667 ns, Total: 306834 ns
[2025-08-27T04:21:22.243+0000][122][info ][safepoint   ] Safepoint "Cleanup", Time since last: 2002913792 ns, Reaching safepoint: 142459 ns, Cleanup: 76750 ns, At safepoint: 21291 ns, Total: 240500 ns
[2025-08-27T04:21:24.246+0000][122][info ][safepoint   ] Safepoint "Cleanup", Time since last: 2002544668 ns, Reaching safepoint: 18958 ns, Cleanup: 16875 ns, At safepoint: 6917 ns, Total: 42750 ns
[2025-08-27T04:21:25.247+0000][122][info ][safepoint   ] Safepoint "Cleanup", Time since last: 1001306000 ns, Reaching safepoint: 190292 ns, Cleanup: 37667 ns, At safepoint: 126291 ns, Total: 354250 ns
[2025-08-27T04:21:27.250+0000][122][info ][safepoint   ] Safepoint "Cleanup", Time since last: 2002456251 ns, Reaching safepoint: 54750 ns, Cleanup: 49667 ns, At safepoint: 15417 ns, Total: 119834 ns
[2025-08-27T04:21:28.252+0000][122][info ][safepoint   ] Safepoint "Cleanup", Time since last: 1002240334 ns, Reaching safepoint: 3541 ns, Cleanup: 13125 ns, At safepoint: 1292 ns, Total: 17958 ns
[2025-08-27T04:21:29.482+0000][122][info ][safepoint   ] Safepoint "Cleanup", Time since last: 1229596542 ns, Reaching safepoint: 136750 ns, Cleanup: 343792 ns, At safepoint: 20791 ns, Total: 501333 ns
[2025-08-27T04:21:30.485+0000][122][info ][safepoint   ] Safepoint "Cleanup", Time since last: 1001975834 ns, Reaching safepoint: 65167 ns, Cleanup: 47375 ns, At safepoint: 88250 ns, Total: 200792 ns
[2025-08-27T04:21:31.486+0000][122][info ][safepoint   ] Safepoint "Cleanup", Time since last: 1001387209 ns, Reaching safepoint: 60041 ns, Cleanup: 45292 ns, At safepoint: 26292 ns, Total: 131625 ns
[2025-08-27T04:21:32.487+0000][122][info ][safepoint   ] Safepoint "Cleanup", Time since last: 1000917167 ns, Reaching safepoint: 84542 ns, Cleanup: 76583 ns, At safepoint: 21125 ns, Total: 182250 ns
[2025-08-27T04:21:33.589+0000][122][info ][safepoint   ] Safepoint "Cleanup", Time since last: 1101719209 ns, Reaching safepoint: 56208 ns, Cleanup: 39000 ns, At safepoint: 12417 ns, Total: 107625 ns
[2025-08-27T04:21:34.590+0000][122][info ][safepoint   ] Safepoint "Cleanup", Time since last: 1000954709 ns, Reaching safepoint: 100333 ns, Cleanup: 71875 ns, At safepoint: 17667 ns, Total: 189875 ns
[2025-08-27T04:21:36.202+0000][122][info ][safepoint   ] Safepoint "Cleanup", Time since last: 1611868709 ns, Reaching safepoint: 6458 ns, Cleanup: 67833 ns, At safepoint: 14625 ns, Total: 88916 ns
[2025-08-27T04:21:37.636+0000][122][info ][safepoint   ] Safepoint "Cleanup", Time since last: 1432755584 ns, Reaching safepoint: 168875 ns, Cleanup: 434542 ns, At safepoint: 44166 ns, Total: 647583 ns
[2025-08-27T04:21:38.638+0000][122][info ][safepoint   ] Safepoint "Cleanup", Time since last: 1001747417 ns, Reaching safepoint: 24209 ns, Cleanup: 34875 ns, At safepoint: 14416 ns, Total: 73500 ns
[2025-08-27T04:21:39.639+0000][122][info ][safepoint   ] Safepoint "Cleanup", Time since last: 1001451334 ns, Reaching safepoint: 91584 ns, Cleanup: 56333 ns, At safepoint: 16250 ns, Total: 164167 ns
[2025-08-27T04:21:41.265+0000][122][info ][safepoint   ] Safepoint "Cleanup", Time since last: 1625613917 ns, Reaching safepoint: 7500 ns, Cleanup: 15709 ns, At safepoint: 8375 ns, Total: 31584 ns
[2025-08-27T04:21:42.716+0000][122][info ][safepoint   ] Safepoint "Cleanup", Time since last: 1450781709 ns, Reaching safepoint: 20458 ns, Cleanup: 116083 ns, At safepoint: 17167 ns, Total: 153708 ns
[2025-08-27T04:21:43.723+0000][122][info ][safepoint   ] Safepoint "Cleanup", Time since last: 1006591876 ns, Reaching safepoint: 101916 ns, Cleanup: 47459 ns, At safepoint: 14625 ns, Total: 164000 ns
[2025-08-27T04:21:45.726+0000][122][info ][safepoint   ] Safepoint "Cleanup", Time since last: 2003057584 ns, Reaching safepoint: 12708 ns, Cleanup: 7542 ns, At safepoint: 4833 ns, Total: 25083 ns
[2025-08-27T04:21:46.726+0000][122][info ][safepoint   ] Safepoint "Cleanup", Time since last: 1000508417 ns, Reaching safepoint: 75584 ns, Cleanup: 37833 ns, At safepoint: 16583 ns, Total: 130000 ns
[2025-08-27T04:21:50.730+0000][122][info ][safepoint   ] Safepoint "Cleanup", Time since last: 4003874711 ns, Reaching safepoint: 88291 ns, Cleanup: 35584 ns, At safepoint: 17791 ns, Total: 141666 ns
[2025-08-27T04:21:51.732+0000][122][info ][safepoint   ] Safepoint "Cleanup", Time since last: 1001860126 ns, Reaching safepoint: 82250 ns, Cleanup: 115208 ns, At safepoint: 13042 ns, Total: 210500 ns
[2025-08-27T04:21:55.494+0000][122][info ][safepoint   ] Safepoint "Cleanup", Time since last: 3761256002 ns, Reaching safepoint: 268958 ns, Cleanup: 75292 ns, At safepoint: 65041 ns, Total: 409291 ns
[2025-08-27T04:21:56.495+0000][122][info ][safepoint   ] Safepoint "Cleanup", Time since last: 1001064126 ns, Reaching safepoint: 25416 ns, Cleanup: 73000 ns, At safepoint: 22375 ns, Total: 120791 ns
[2025-08-27T04:22:01.500+0000][122][info ][safepoint   ] Safepoint "Cleanup", Time since last: 5004842711 ns, Reaching safepoint: 67875 ns, Cleanup: 22417 ns, At safepoint: 10625 ns, Total: 100917 ns
[2025-08-27T04:22:04.503+0000][122][info ][safepoint   ] Safepoint "Cleanup", Time since last: 3002261918 ns, Reaching safepoint: 77916 ns, Cleanup: 114292 ns, At safepoint: 22167 ns, Total: 214375 ns
[2025-08-27T04:22:06.505+0000][122][info ][safepoint   ] Safepoint "Cleanup", Time since last: 2002420584 ns, Reaching safepoint: 25542 ns, Cleanup: 56791 ns, At safepoint: 5625 ns, Total: 87958 ns
[2025-08-27T04:22:07.850+0000][122][info ][safepoint   ] Safepoint "Cleanup", Time since last: 1344487792 ns, Reaching safepoint: 76916 ns, Cleanup: 105209 ns, At safepoint: 24958 ns, Total: 207083 ns
[2025-08-27T04:22:08.851+0000][122][info ][safepoint   ] Safepoint "Cleanup", Time since last: 1001341459 ns, Reaching safepoint: 83417 ns, Cleanup: 96958 ns, At safepoint: 15750 ns, Total: 196125 ns
[2025-08-27T04:22:10.372+0000][122][info ][safepoint   ] Safepoint "Cleanup", Time since last: 1521121876 ns, Reaching safepoint: 6000 ns, Cleanup: 33875 ns, At safepoint: 8416 ns, Total: 48291 ns
[2025-08-27T04:22:11.386+0000][122][info ][safepoint   ] Safepoint "Cleanup", Time since last: 1013507084 ns, Reaching safepoint: 21417 ns, Cleanup: 72791 ns, At safepoint: 8250 ns, Total: 102458 ns
[2025-08-27T04:22:13.047+0000][122][info ][safepoint   ] Safepoint "Cleanup", Time since last: 1660948793 ns, Reaching safepoint: 82208 ns, Cleanup: 116167 ns, At safepoint: 16625 ns, Total: 215000 ns
[2025-08-27T04:22:15.051+0000][122][info ][safepoint   ] Safepoint "Cleanup", Time since last: 2003283709 ns, Reaching safepoint: 55334 ns, Cleanup: 38291 ns, At safepoint: 10834 ns, Total: 104459 ns
[2025-08-27T04:22:16.053+0000][122][info ][safepoint   ] Safepoint "Cleanup", Time since last: 1002222750 ns, Reaching safepoint: 78958 ns, Cleanup: 34500 ns, At safepoint: 12042 ns, Total: 125500 ns
[2025-08-27T04:22:17.054+0000][122][info ][safepoint   ] Safepoint "Cleanup", Time since last: 1001196542 ns, Reaching safepoint: 78542 ns, Cleanup: 64291 ns, At safepoint: 18459 ns, Total: 161292 ns
[2025-08-27T04:22:18.056+0000][122][info ][safepoint   ] Safepoint "Cleanup", Time since last: 1001194209 ns, Reaching safepoint: 86833 ns, Cleanup: 57500 ns, At safepoint: 23917 ns, Total: 168250 ns
[2025-08-27T04:22:19.057+0000][122][info ][safepoint   ] Safepoint "Cleanup", Time since last: 1001582750 ns, Reaching safepoint: 77750 ns, Cleanup: 68875 ns, At safepoint: 21542 ns, Total: 168167 ns
[2025-08-27T04:22:21.547+0000][122][info ][safepoint   ] Safepoint "Cleanup", Time since last: 2489104876 ns, Reaching safepoint: 5167 ns, Cleanup: 38041 ns, At safepoint: 11375 ns, Total: 54583 ns
[2025-08-27T04:22:23.507+0000][122][info ][safepoint   ] Safepoint "Cleanup", Time since last: 1960353126 ns, Reaching safepoint: 90125 ns, Cleanup: 181459 ns, At safepoint: 40375 ns, Total: 311959 ns
[2025-08-27T04:22:26.513+0000][122][info ][safepoint   ] Safepoint "Cleanup", Time since last: 3006045043 ns, Reaching safepoint: 15583 ns, Cleanup: 20417 ns, At safepoint: 9291 ns, Total: 45291 ns
[2025-08-27T04:22:31.519+0000][122][info ][safepoint   ] Safepoint "Cleanup", Time since last: 5005242169 ns, Reaching safepoint: 9417 ns, Cleanup: 16625 ns, At safepoint: 5292 ns, Total: 31334 ns
[2025-08-27T04:22:32.521+0000][122][info ][safepoint   ] Safepoint "Cleanup", Time since last: 1001746709 ns, Reaching safepoint: 94416 ns, Cleanup: 61417 ns, At safepoint: 18917 ns, Total: 174750 ns
[2025-08-27T04:22:33.522+0000][122][info ][safepoint   ] Safepoint "Cleanup", Time since last: 1001412250 ns, Reaching safepoint: 9750 ns, Cleanup: 52167 ns, At safepoint: 12833 ns, Total: 74750 ns
[2025-08-27T04:22:34.523+0000][122][info ][safepoint   ] Safepoint "Cleanup", Time since last: 1001123292 ns, Reaching safepoint: 102833 ns, Cleanup: 89375 ns, At safepoint: 31459 ns, Total: 223667 ns
[2025-08-27T04:22:36.526+0000][122][info ][safepoint   ] Safepoint "Cleanup", Time since last: 2002698251 ns, Reaching safepoint: 49958 ns, Cleanup: 50208 ns, At safepoint: 19292 ns, Total: 119458 ns
[2025-08-27T04:22:37.606+0000][122][info ][safepoint   ] Safepoint "Cleanup", Time since last: 1079340250 ns, Reaching safepoint: 129542 ns, Cleanup: 92917 ns, At safepoint: 31958 ns, Total: 254417 ns
[2025-08-27T04:22:39.023+0000][122][info ][safepoint   ] Safepoint "Cleanup", Time since last: 1416974501 ns, Reaching safepoint: 161833 ns, Cleanup: 401583 ns, At safepoint: 29875 ns, Total: 593291 ns
[2025-08-27T04:22:42.065+0000][122][info ][safepoint   ] Safepoint "Cleanup", Time since last: 3041970168 ns, Reaching safepoint: 16584 ns, Cleanup: 24833 ns, At safepoint: 9417 ns, Total: 50834 ns
[2025-08-27T04:22:43.126+0000][122][info ][safepoint   ] Safepoint "Cleanup", Time since last: 1060691542 ns, Reaching safepoint: 35083 ns, Cleanup: 68250 ns, At safepoint: 13917 ns, Total: 117250 ns
[2025-08-27T04:22:45.716+0000][122][info ][safepoint   ] Safepoint "Cleanup", Time since last: 2590009626 ns, Reaching safepoint: 6084 ns, Cleanup: 12791 ns, At safepoint: 8250 ns, Total: 27125 ns
[2025-08-27T04:22:46.729+0000][122][info ][safepoint   ] Safepoint "Cleanup", Time since last: 1012724834 ns, Reaching safepoint: 87708 ns, Cleanup: 69667 ns, At safepoint: 25917 ns, Total: 183292 ns
[2025-08-27T04:22:48.174+0000][122][info ][safepoint   ] Safepoint "Cleanup", Time since last: 1444887917 ns, Reaching safepoint: 93458 ns, Cleanup: 67792 ns, At safepoint: 20792 ns, Total: 182042 ns
[2025-08-27T04:22:51.177+0000][122][info ][safepoint   ] Safepoint "Cleanup", Time since last: 3002789376 ns, Reaching safepoint: 75292 ns, Cleanup: 41541 ns, At safepoint: 23459 ns, Total: 140292 ns
[2025-08-27T04:22:52.180+0000][122][info ][safepoint   ] Safepoint "Cleanup", Time since last: 1002436709 ns, Reaching safepoint: 78541 ns, Cleanup: 97292 ns, At safepoint: 53000 ns, Total: 228833 ns
[2025-08-27T04:22:54.561+0000][122][info ][safepoint   ] Safepoint "Cleanup", Time since last: 2380917376 ns, Reaching safepoint: 24542 ns, Cleanup: 32083 ns, At safepoint: 7708 ns, Total: 64333 ns
[2025-08-27T04:22:58.565+0000][122][info ][safepoint   ] Safepoint "Cleanup", Time since last: 4004208086 ns, Reaching safepoint: 60458 ns, Cleanup: 8667 ns, At safepoint: 26875 ns, Total: 96000 ns
[2025-08-27T04:23:00.319+0000][122][info ][safepoint   ] Safepoint "Cleanup", Time since last: 1753620750 ns, Reaching safepoint: 8834 ns, Cleanup: 89166 ns, At safepoint: 20250 ns, Total: 118250 ns
[2025-08-27T04:23:01.324+0000][122][info ][safepoint   ] Safepoint "Cleanup", Time since last: 1004979084 ns, Reaching safepoint: 132834 ns, Cleanup: 67125 ns, At safepoint: 25583 ns, Total: 225542 ns
[2025-08-27T04:23:02.349+0000][122][info ][safepoint   ] Safepoint "Cleanup", Time since last: 1024314875 ns, Reaching safepoint: 24084 ns, Cleanup: 80500 ns, At safepoint: 3791 ns, Total: 108375 ns
[2025-08-27T04:23:03.430+0000][122][info ][safepoint   ] Safepoint "Cleanup", Time since last: 1081020543 ns, Reaching safepoint: 97708 ns, Cleanup: 65583 ns, At safepoint: 26667 ns, Total: 189958 ns
[2025-08-27T04:23:07.434+0000][122][info ][safepoint   ] Safepoint "Cleanup", Time since last: 4004378293 ns, Reaching safepoint: 94625 ns, Cleanup: 96667 ns, At safepoint: 23708 ns, Total: 215000 ns
[2025-08-27T04:23:08.437+0000][122][info ][safepoint   ] Safepoint "Cleanup", Time since last: 1002124875 ns, Reaching safepoint: 14459 ns, Cleanup: 59875 ns, At safepoint: 18250 ns, Total: 92584 ns
[2025-08-27T04:23:10.439+0000][122][info ][safepoint   ] Safepoint "Cleanup", Time since last: 2002273292 ns, Reaching safepoint: 97334 ns, Cleanup: 113416 ns, At safepoint: 18000 ns, Total: 228750 ns
[2025-08-27T04:23:12.442+0000][122][info ][safepoint   ] Safepoint "Cleanup", Time since last: 2002459168 ns, Reaching safepoint: 62375 ns, Cleanup: 41500 ns, At safepoint: 14125 ns, Total: 118000 ns
[2025-08-27T04:23:13.567+0000][122][info ][safepoint   ] Safepoint "Cleanup", Time since last: 1125555792 ns, Reaching safepoint: 8375 ns, Cleanup: 56375 ns, At safepoint: 10042 ns, Total: 74792 ns
[2025-08-27T04:23:15.574+0000][122][info ][safepoint   ] Safepoint "Cleanup", Time since last: 2006751626 ns, Reaching safepoint: 11916 ns, Cleanup: 11750 ns, At safepoint: 5875 ns, Total: 29541 ns
[2025-08-27T04:23:16.575+0000][122][info ][safepoint   ] Safepoint "Cleanup", Time since last: 1001023584 ns, Reaching safepoint: 73500 ns, Cleanup: 60084 ns, At safepoint: 10708 ns, Total: 144292 ns
[2025-08-27T04:23:17.577+0000][122][info ][safepoint   ] Safepoint "Cleanup", Time since last: 1001086084 ns, Reaching safepoint: 97625 ns, Cleanup: 188208 ns, At safepoint: 16042 ns, Total: 301875 ns
[2025-08-27T04:23:18.579+0000][122][info ][safepoint   ] Safepoint "Cleanup", Time since last: 1002461334 ns, Reaching safepoint: 20833 ns, Cleanup: 14458 ns, At safepoint: 10875 ns, Total: 46166 ns
[2025-08-27T04:23:21.582+0000][122][info ][safepoint   ] Safepoint "Cleanup", Time since last: 3003076502 ns, Reaching safepoint: 11208 ns, Cleanup: 24250 ns, At safepoint: 5667 ns, Total: 41125 ns
[2025-08-27T04:23:23.293+0000][122][info ][safepoint   ] Safepoint "Cleanup", Time since last: 1709990625 ns, Reaching safepoint: 87500 ns, Cleanup: 170625 ns, At safepoint: 12875 ns, Total: 271000 ns
[2025-08-27T04:23:24.563+0000][122][info ][gc,start    ] GC(24) Pause Young (Prepare Mixed) (G1 Evacuation Pause)
[2025-08-27T04:23:24.564+0000][122][info ][gc,task     ] GC(24) Using 8 workers of 8 for evacuation
[2025-08-27T04:23:24.564+0000][122][debug][gc,age      ] GC(24) Desired survivor size 41943040 bytes, new threshold 15 (max threshold 15)
[2025-08-27T04:23:24.603+0000][122][info ][gc,phases   ] GC(24)   Pre Evacuate Collection Set: 0.70ms
[2025-08-27T04:23:24.603+0000][122][info ][gc,phases   ] GC(24)   Merge Heap Roots: 0.34ms
[2025-08-27T04:23:24.603+0000][122][info ][gc,phases   ] GC(24)   Evacuate Collection Set: 35.07ms
[2025-08-27T04:23:24.603+0000][122][info ][gc,phases   ] GC(24)   Post Evacuate Collection Set: 2.64ms
[2025-08-27T04:23:24.603+0000][122][info ][gc,phases   ] GC(24)   Other: 0.32ms
[2025-08-27T04:23:24.603+0000][122][trace][gc,age      ] GC(24) Age table with threshold 15 (max threshold 15)
[2025-08-27T04:23:24.603+0000][122][trace][gc,age      ] GC(24) - age   1:    5061800 bytes,    5061800 total
[2025-08-27T04:23:24.603+0000][122][trace][gc,age      ] GC(24) - age   2:     685360 bytes,    5747160 total
[2025-08-27T04:23:24.603+0000][122][trace][gc,age      ] GC(24) - age   3:    4407616 bytes,   10154776 total
[2025-08-27T04:23:24.603+0000][122][trace][gc,age      ] GC(24) - age   4:    4633456 bytes,   14788232 total
[2025-08-27T04:23:24.603+0000][122][trace][gc,age      ] GC(24) - age   5:    4105624 bytes,   18893856 total
[2025-08-27T04:23:24.603+0000][122][trace][gc,age      ] GC(24) - age   6:    4016672 bytes,   22910528 total
[2025-08-27T04:23:24.603+0000][122][trace][gc,age      ] GC(24) - age   7:   15099256 bytes,   38009784 total
[2025-08-27T04:23:24.603+0000][122][trace][gc,age      ] GC(24) - age   8:        648 bytes,   38010432 total
[2025-08-27T04:23:24.603+0000][122][info ][gc,heap     ] GC(24) Eden regions: 143->0(142)
[2025-08-27T04:23:24.603+0000][122][info ][gc,heap     ] GC(24) Survivor regions: 10->11(20)
[2025-08-27T04:23:24.603+0000][122][info ][gc,heap     ] GC(24) Old regions: 30->30
[2025-08-27T04:23:24.603+0000][122][info ][gc,heap     ] GC(24) Humongous regions: 2->2
[2025-08-27T04:23:24.603+0000][122][info ][gc,metaspace] GC(24) Metaspace: 158286K(162752K)->158286K(162752K) NonClass: 136478K(139008K)->136478K(139008K) Class: 21808K(23744K)->21808K(23744K)
[2025-08-27T04:23:24.603+0000][122][info ][gc          ] GC(24) Pause Young (Prepare Mixed) (G1 Evacuation Pause) 736M->165M(1024M) 39.989ms
[2025-08-27T04:23:24.603+0000][122][info ][gc,cpu      ] GC(24) User=0.28s Sys=0.01s Real=0.04s
[2025-08-27T04:23:24.603+0000][122][info ][safepoint   ] Safepoint "G1CollectForAllocation", Time since last: 1270652168 ns, Reaching safepoint: 32208 ns, Cleanup: 27000 ns, At safepoint: 40143833 ns, Total: 40203041 ns
[2025-08-27T04:23:25.655+0000][122][info ][safepoint   ] Safepoint "Cleanup", Time since last: 1051620376 ns, Reaching safepoint: 37167 ns, Cleanup: 119333 ns, At safepoint: 11000 ns, Total: 167500 ns
[2025-08-27T04:23:26.690+0000][122][info ][safepoint   ] Safepoint "Cleanup", Time since last: 1034113000 ns, Reaching safepoint: 78750 ns, Cleanup: 89709 ns, At safepoint: 25041 ns, Total: 193500 ns
[2025-08-27T04:23:27.690+0000][122][info ][safepoint   ] Safepoint "Cleanup", Time since last: 1000765084 ns, Reaching safepoint: 64709 ns, Cleanup: 54125 ns, At safepoint: 18208 ns, Total: 137042 ns
[2025-08-27T04:23:29.692+0000][122][info ][safepoint   ] Safepoint "Cleanup", Time since last: 2001324876 ns, Reaching safepoint: 115000 ns, Cleanup: 83458 ns, At safepoint: 54875 ns, Total: 253333 ns
[2025-08-27T04:23:30.695+0000][122][info ][safepoint   ] Safepoint "Cleanup", Time since last: 1002592751 ns, Reaching safepoint: 15958 ns, Cleanup: 7875 ns, At safepoint: 6458 ns, Total: 30291 ns
[2025-08-27T04:23:31.695+0000][122][info ][safepoint   ] Safepoint "Cleanup", Time since last: 1000581584 ns, Reaching safepoint: 70917 ns, Cleanup: 100541 ns, At safepoint: 23209 ns, Total: 194667 ns
[2025-08-27T04:23:36.701+0000][122][info ][safepoint   ] Safepoint "Cleanup", Time since last: 5005049002 ns, Reaching safepoint: 68709 ns, Cleanup: 39583 ns, At safepoint: 18792 ns, Total: 127084 ns
[2025-08-27T04:23:38.704+0000][122][info ][safepoint   ] Safepoint "Cleanup", Time since last: 2003337834 ns, Reaching safepoint: 86250 ns, Cleanup: 78166 ns, At safepoint: 17542 ns, Total: 181958 ns
[2025-08-27T04:23:41.707+0000][122][info ][safepoint   ] Safepoint "Cleanup", Time since last: 3003368335 ns, Reaching safepoint: 21791 ns, Cleanup: 15625 ns, At safepoint: 6625 ns, Total: 44041 ns
[2025-08-27T04:23:43.710+0000][122][info ][safepoint   ] Safepoint "Cleanup", Time since last: 2001977501 ns, Reaching safepoint: 77500 ns, Cleanup: 52542 ns, At safepoint: 19292 ns, Total: 149334 ns
[2025-08-27T04:23:44.711+0000][122][info ][safepoint   ] Safepoint "Cleanup", Time since last: 1001437958 ns, Reaching safepoint: 9959 ns, Cleanup: 19166 ns, At safepoint: 5250 ns, Total: 34375 ns
[2025-08-27T04:23:45.718+0000][122][info ][safepoint   ] Safepoint "Cleanup", Time since last: 1006932334 ns, Reaching safepoint: 123042 ns, Cleanup: 106667 ns, At safepoint: 26250 ns, Total: 255959 ns
[2025-08-27T04:23:46.416+0000][122][info ][safepoint   ] Safepoint "ICBufferFull", Time since last: 697669208 ns, Reaching safepoint: 60709 ns, Cleanup: 240791 ns, At safepoint: 12042 ns, Total: 313542 ns
[2025-08-27T04:23:47.626+0000][122][info ][safepoint   ] Safepoint "Cleanup", Time since last: 1209410375 ns, Reaching safepoint: 90875 ns, Cleanup: 119417 ns, At safepoint: 31458 ns, Total: 241750 ns
[2025-08-27T04:23:50.630+0000][122][info ][safepoint   ] Safepoint "Cleanup", Time since last: 3004169252 ns, Reaching safepoint: 22708 ns, Cleanup: 46292 ns, At safepoint: 9542 ns, Total: 78542 ns
[2025-08-27T04:23:51.753+0000][122][info ][safepoint   ] Safepoint "Cleanup", Time since last: 1122678667 ns, Reaching safepoint: 4791 ns, Cleanup: 32875 ns, At safepoint: 5584 ns, Total: 43250 ns
[2025-08-27T04:23:52.820+0000][122][info ][safepoint   ] Safepoint "Cleanup", Time since last: 1067341834 ns, Reaching safepoint: 88666 ns, Cleanup: 61709 ns, At safepoint: 16208 ns, Total: 166583 ns
[2025-08-27T04:24:02.868+0000][122][info ][safepoint   ] Safepoint "Cleanup", Time since last: 10047342005 ns, Reaching safepoint: 206666 ns, Cleanup: 349542 ns, At safepoint: 36667 ns, Total: 592875 ns
[2025-08-27T04:24:03.872+0000][122][info ][safepoint   ] Safepoint "Cleanup", Time since last: 1003886709 ns, Reaching safepoint: 88750 ns, Cleanup: 77791 ns, At safepoint: 16209 ns, Total: 182750 ns
[2025-08-27T04:24:04.874+0000][122][info ][safepoint   ] Safepoint "Cleanup", Time since last: 1001094208 ns, Reaching safepoint: 53167 ns, Cleanup: 62333 ns, At safepoint: 17959 ns, Total: 133459 ns
[2025-08-27T04:24:06.875+0000][122][info ][safepoint   ] Safepoint "Cleanup", Time since last: 2001618084 ns, Reaching safepoint: 36292 ns, Cleanup: 23916 ns, At safepoint: 8667 ns, Total: 68875 ns
[2025-08-27T04:24:07.944+0000][122][info ][safepoint   ] Safepoint "Cleanup", Time since last: 1068485875 ns, Reaching safepoint: 82500 ns, Cleanup: 58458 ns, At safepoint: 16542 ns, Total: 157500 ns
[2025-08-27T04:24:09.506+0000][122][info ][safepoint   ] Safepoint "Cleanup", Time since last: 1562035876 ns, Reaching safepoint: 111333 ns, Cleanup: 89083 ns, At safepoint: 15917 ns, Total: 216333 ns
[2025-08-27T04:24:11.508+0000][122][info ][safepoint   ] Safepoint "Cleanup", Time since last: 2002294876 ns, Reaching safepoint: 59250 ns, Cleanup: 19875 ns, At safepoint: 12417 ns, Total: 91542 ns
[2025-08-27T04:24:12.991+0000][122][info ][safepoint   ] Safepoint "Cleanup", Time since last: 1482677209 ns, Reaching safepoint: 105916 ns, Cleanup: 135834 ns, At safepoint: 41083 ns, Total: 282833 ns
[2025-08-27T04:24:16.996+0000][122][info ][safepoint   ] Safepoint "Cleanup", Time since last: 4004875002 ns, Reaching safepoint: 79916 ns, Cleanup: 85834 ns, At safepoint: 61625 ns, Total: 227375 ns
[2025-08-27T04:24:18.999+0000][122][info ][safepoint   ] Safepoint "Cleanup", Time since last: 2002463251 ns, Reaching safepoint: 26083 ns, Cleanup: 17542 ns, At safepoint: 12583 ns, Total: 56208 ns
[2025-08-27T04:24:20.000+0000][122][info ][safepoint   ] Safepoint "Cleanup", Time since last: 1000946501 ns, Reaching safepoint: 16958 ns, Cleanup: 28583 ns, At safepoint: 16042 ns, Total: 61583 ns
[2025-08-27T04:24:21.001+0000][122][info ][safepoint   ] Safepoint "Cleanup", Time since last: 1000917375 ns, Reaching safepoint: 16834 ns, Cleanup: 12583 ns, At safepoint: 10167 ns, Total: 39584 ns
[2025-08-27T04:24:22.003+0000][122][info ][safepoint   ] Safepoint "Cleanup", Time since last: 1000958084 ns, Reaching safepoint: 1230333 ns, Cleanup: 20583 ns, At safepoint: 14625 ns, Total: 1265541 ns
[2025-08-27T04:24:25.006+0000][122][info ][safepoint   ] Safepoint "Cleanup", Time since last: 3002719335 ns, Reaching safepoint: 74125 ns, Cleanup: 41667 ns, At safepoint: 10708 ns, Total: 126500 ns
[2025-08-27T04:24:26.007+0000][122][info ][safepoint   ] Safepoint "Cleanup", Time since last: 1001072042 ns, Reaching safepoint: 11000 ns, Cleanup: 44125 ns, At safepoint: 5375 ns, Total: 60500 ns
[2025-08-27T04:24:27.008+0000][122][info ][safepoint   ] Safepoint "Cleanup", Time since last: 1000822959 ns, Reaching safepoint: 58625 ns, Cleanup: 111375 ns, At safepoint: 15167 ns, Total: 185167 ns
[2025-08-27T04:24:28.119+0000][122][info ][safepoint   ] Safepoint "Cleanup", Time since last: 1111053333 ns, Reaching safepoint: 8542 ns, Cleanup: 146167 ns, At safepoint: 17958 ns, Total: 172667 ns
[2025-08-27T04:24:29.127+0000][122][info ][safepoint   ] Safepoint "Cleanup", Time since last: 1007154501 ns, Reaching safepoint: 119083 ns, Cleanup: 39542 ns, At safepoint: 18166 ns, Total: 176791 ns
[2025-08-27T04:24:30.128+0000][122][info ][safepoint   ] Safepoint "Cleanup", Time since last: 1001475667 ns, Reaching safepoint: 85375 ns, Cleanup: 54250 ns, At safepoint: 24500 ns, Total: 164125 ns
[2025-08-27T04:24:31.982+0000][122][info ][safepoint   ] Safepoint "Cleanup", Time since last: 1852951335 ns, Reaching safepoint: 51916 ns, Cleanup: 187084 ns, At safepoint: 19416 ns, Total: 258416 ns
[2025-08-27T04:24:33.337+0000][122][info ][safepoint   ] Safepoint "Cleanup", Time since last: 1355298293 ns, Reaching safepoint: 24416 ns, Cleanup: 100000 ns, At safepoint: 7375 ns, Total: 131791 ns
[2025-08-27T04:24:34.344+0000][122][info ][safepoint   ] Safepoint "Cleanup", Time since last: 1006483917 ns, Reaching safepoint: 73542 ns, Cleanup: 156542 ns, At safepoint: 28916 ns, Total: 259000 ns
[2025-08-27T04:24:37.349+0000][122][info ][safepoint   ] Safepoint "Cleanup", Time since last: 3005289418 ns, Reaching safepoint: 88959 ns, Cleanup: 82416 ns, At safepoint: 20459 ns, Total: 191834 ns
[2025-08-27T04:24:39.352+0000][122][info ][safepoint   ] Safepoint "Cleanup", Time since last: 2001947834 ns, Reaching safepoint: 76791 ns, Cleanup: 57000 ns, At safepoint: 28459 ns, Total: 162250 ns
[2025-08-27T04:24:40.353+0000][122][info ][safepoint   ] Safepoint "Cleanup", Time since last: 1001673834 ns, Reaching safepoint: 129583 ns, Cleanup: 86375 ns, At safepoint: 50708 ns, Total: 266666 ns
[2025-08-27T04:24:42.358+0000][122][info ][safepoint   ] Safepoint "Cleanup", Time since last: 2004655918 ns, Reaching safepoint: 82042 ns, Cleanup: 51750 ns, At safepoint: 65458 ns, Total: 199250 ns
[2025-08-27T04:24:43.360+0000][122][info ][safepoint   ] Safepoint "Cleanup", Time since last: 1001190750 ns, Reaching safepoint: 77667 ns, Cleanup: 39042 ns, At safepoint: 28083 ns, Total: 144792 ns
[2025-08-27T04:24:46.363+0000][122][info ][safepoint   ] Safepoint "Cleanup", Time since last: 3003636710 ns, Reaching safepoint: 108791 ns, Cleanup: 43917 ns, At safepoint: 21042 ns, Total: 173750 ns
[2025-08-27T04:24:51.372+0000][122][info ][safepoint   ] Safepoint "Cleanup", Time since last: 5008701752 ns, Reaching safepoint: 101042 ns, Cleanup: 55000 ns, At safepoint: 42625 ns, Total: 198667 ns
[2025-08-27T04:24:52.375+0000][122][info ][safepoint   ] Safepoint "Cleanup", Time since last: 1002805334 ns, Reaching safepoint: 86041 ns, Cleanup: 90459 ns, At safepoint: 30416 ns, Total: 206916 ns
[2025-08-27T04:24:55.890+0000][122][info ][safepoint   ] Safepoint "Cleanup", Time since last: 3514069294 ns, Reaching safepoint: 5541 ns, Cleanup: 69750 ns, At safepoint: 12750 ns, Total: 88041 ns
[2025-08-27T04:24:57.655+0000][122][info ][safepoint   ] Safepoint "Cleanup", Time since last: 1765311668 ns, Reaching safepoint: 79625 ns, Cleanup: 376042 ns, At safepoint: 30958 ns, Total: 486625 ns
[2025-08-27T04:25:01.642+0000][122][info ][safepoint   ] Safepoint "Cleanup", Time since last: 3987005710 ns, Reaching safepoint: 8750 ns, Cleanup: 13500 ns, At safepoint: 9083 ns, Total: 31333 ns
[2025-08-27T04:25:03.499+0000][122][info ][safepoint   ] Safepoint "Cleanup", Time since last: 1856732668 ns, Reaching safepoint: 73458 ns, Cleanup: 78834 ns, At safepoint: 33583 ns, Total: 185875 ns
[2025-08-27T04:25:04.501+0000][122][info ][safepoint   ] Safepoint "Cleanup", Time since last: 1001872625 ns, Reaching safepoint: 76000 ns, Cleanup: 69250 ns, At safepoint: 41417 ns, Total: 186667 ns
[2025-08-27T04:25:06.503+0000][122][info ][safepoint   ] Safepoint "Cleanup", Time since last: 2001823793 ns, Reaching safepoint: 24583 ns, Cleanup: 27667 ns, At safepoint: 27833 ns, Total: 80083 ns
[2025-08-27T04:25:08.506+0000][122][info ][safepoint   ] Safepoint "Cleanup", Time since last: 2002168584 ns, Reaching safepoint: 35083 ns, Cleanup: 39709 ns, At safepoint: 24000 ns, Total: 98792 ns
[2025-08-27T04:25:11.508+0000][122][info ][safepoint   ] Safepoint "Cleanup", Time since last: 3002601334 ns, Reaching safepoint: 34167 ns, Cleanup: 30000 ns, At safepoint: 9750 ns, Total: 73917 ns
[2025-08-27T04:25:16.514+0000][122][info ][safepoint   ] Safepoint "Cleanup", Time since last: 5005206669 ns, Reaching safepoint: 48584 ns, Cleanup: 27708 ns, At safepoint: 10625 ns, Total: 86917 ns
[2025-08-27T04:25:20.518+0000][122][info ][safepoint   ] Safepoint "Cleanup", Time since last: 4003802585 ns, Reaching safepoint: 58083 ns, Cleanup: 48125 ns, At safepoint: 31750 ns, Total: 137958 ns
[2025-08-27T04:25:21.520+0000][122][info ][safepoint   ] Safepoint "Cleanup", Time since last: 1001789668 ns, Reaching safepoint: 62750 ns, Cleanup: 15416 ns, At safepoint: 15042 ns, Total: 93208 ns
[2025-08-27T04:25:25.524+0000][122][info ][safepoint   ] Safepoint "Cleanup", Time since last: 4003941169 ns, Reaching safepoint: 117083 ns, Cleanup: 37208 ns, At safepoint: 19917 ns, Total: 174208 ns
[2025-08-27T04:25:26.526+0000][122][info ][safepoint   ] Safepoint "Cleanup", Time since last: 1001979500 ns, Reaching safepoint: 56709 ns, Cleanup: 77458 ns, At safepoint: 19125 ns, Total: 153292 ns
[2025-08-27T04:25:27.619+0000][122][info ][safepoint   ] Safepoint "Cleanup", Time since last: 1092861126 ns, Reaching safepoint: 14916 ns, Cleanup: 5792 ns, At safepoint: 1708 ns, Total: 22416 ns
[2025-08-27T04:25:28.622+0000][122][info ][safepoint   ] Safepoint "Cleanup", Time since last: 1002778126 ns, Reaching safepoint: 60875 ns, Cleanup: 30333 ns, At safepoint: 9000 ns, Total: 100208 ns
[2025-08-27T04:25:30.591+0000][122][info ][safepoint   ] Safepoint "Cleanup", Time since last: 1969096584 ns, Reaching safepoint: 4417 ns, Cleanup: 12667 ns, At safepoint: 6416 ns, Total: 23500 ns
[2025-08-27T04:25:31.633+0000][122][info ][safepoint   ] Safepoint "Cleanup", Time since last: 1042296334 ns, Reaching safepoint: 8292 ns, Cleanup: 70916 ns, At safepoint: 13959 ns, Total: 93167 ns
[2025-08-27T04:25:33.657+0000][122][info ][safepoint   ] Safepoint "Cleanup", Time since last: 2023565459 ns, Reaching safepoint: 108000 ns, Cleanup: 32250 ns, At safepoint: 25292 ns, Total: 165542 ns
[2025-08-27T04:25:34.659+0000][122][info ][safepoint   ] Safepoint "Cleanup", Time since last: 1001612750 ns, Reaching safepoint: 85542 ns, Cleanup: 55792 ns, At safepoint: 17500 ns, Total: 158834 ns
[2025-08-27T04:25:36.661+0000][122][info ][safepoint   ] Safepoint "Cleanup", Time since last: 2002090292 ns, Reaching safepoint: 84417 ns, Cleanup: 48791 ns, At safepoint: 20542 ns, Total: 153750 ns
[2025-08-27T04:25:38.664+0000][122][info ][safepoint   ] Safepoint "Cleanup", Time since last: 2002929959 ns, Reaching safepoint: 57292 ns, Cleanup: 40583 ns, At safepoint: 18542 ns, Total: 116417 ns
[2025-08-27T04:25:40.666+0000][122][info ][safepoint   ] Safepoint "Cleanup", Time since last: 2001784542 ns, Reaching safepoint: 14209 ns, Cleanup: 12541 ns, At safepoint: 3709 ns, Total: 30459 ns
[2025-08-27T04:25:41.667+0000][122][info ][safepoint   ] Safepoint "Cleanup", Time since last: 1000758375 ns, Reaching safepoint: 46125 ns, Cleanup: 20375 ns, At safepoint: 9584 ns, Total: 76084 ns
[2025-08-27T04:25:42.668+0000][122][info ][safepoint   ] Safepoint "Cleanup", Time since last: 1001078542 ns, Reaching safepoint: 14375 ns, Cleanup: 15083 ns, At safepoint: 7042 ns, Total: 36500 ns
[2025-08-27T04:25:43.669+0000][122][info ][safepoint   ] Safepoint "Cleanup", Time since last: 1001000417 ns, Reaching safepoint: 56292 ns, Cleanup: 37750 ns, At safepoint: 53833 ns, Total: 147875 ns
[2025-08-27T04:25:45.671+0000][122][info ][safepoint   ] Safepoint "Cleanup", Time since last: 2001932834 ns, Reaching safepoint: 68000 ns, Cleanup: 31000 ns, At safepoint: 13042 ns, Total: 112042 ns
[2025-08-27T04:25:46.674+0000][122][info ][safepoint   ] Safepoint "Cleanup", Time since last: 1002624292 ns, Reaching safepoint: 100375 ns, Cleanup: 109292 ns, At safepoint: 22875 ns, Total: 232542 ns
[2025-08-27T04:25:47.675+0000][122][info ][safepoint   ] Safepoint "Cleanup", Time since last: 1001015292 ns, Reaching safepoint: 97166 ns, Cleanup: 226917 ns, At safepoint: 40208 ns, Total: 364291 ns
[2025-08-27T04:25:51.683+0000][122][info ][safepoint   ] Safepoint "Cleanup", Time since last: 4007644502 ns, Reaching safepoint: 44875 ns, Cleanup: 42042 ns, At safepoint: 12458 ns, Total: 99375 ns
[2025-08-27T04:25:52.783+0000][122][info ][safepoint   ] Safepoint "Cleanup", Time since last: 1100012209 ns, Reaching safepoint: 51584 ns, Cleanup: 49416 ns, At safepoint: 15250 ns, Total: 116250 ns
[2025-08-27T04:25:53.874+0000][122][info ][safepoint   ] Safepoint "Cleanup", Time since last: 1090546042 ns, Reaching safepoint: 89209 ns, Cleanup: 91666 ns, At safepoint: 27500 ns, Total: 208375 ns
[2025-08-27T04:25:54.960+0000][122][info ][safepoint   ] Safepoint "Cleanup", Time since last: 1085805709 ns, Reaching safepoint: 78292 ns, Cleanup: 141500 ns, At safepoint: 24250 ns, Total: 244042 ns
[2025-08-27T04:25:55.961+0000][122][info ][safepoint   ] Safepoint "Cleanup", Time since last: 1000694250 ns, Reaching safepoint: 83000 ns, Cleanup: 117542 ns, At safepoint: 31958 ns, Total: 232500 ns
[2025-08-27T04:25:57.824+0000][122][info ][safepoint   ] Safepoint "Cleanup", Time since last: 1863263085 ns, Reaching safepoint: 166000 ns, Cleanup: 295583 ns, At safepoint: 32333 ns, Total: 493916 ns
[2025-08-27T04:25:58.930+0000][122][info ][safepoint   ] Safepoint "Cleanup", Time since last: 1105393626 ns, Reaching safepoint: 83166 ns, Cleanup: 76000 ns, At safepoint: 117834 ns, Total: 277000 ns
[2025-08-27T04:26:00.661+0000][122][info ][safepoint   ] Safepoint "Cleanup", Time since last: 1730946501 ns, Reaching safepoint: 4041 ns, Cleanup: 10959 ns, At safepoint: 3666 ns, Total: 18666 ns
[2025-08-27T04:26:01.881+0000][122][info ][safepoint   ] Safepoint "Cleanup", Time since last: 1219272668 ns, Reaching safepoint: 71000 ns, Cleanup: 45958 ns, At safepoint: 12208 ns, Total: 129166 ns
[2025-08-27T04:26:02.981+0000][122][info ][safepoint   ] Safepoint "Cleanup", Time since last: 1100328126 ns, Reaching safepoint: 15000 ns, Cleanup: 18583 ns, At safepoint: 13500 ns, Total: 47083 ns
[2025-08-27T04:26:03.991+0000][122][info ][safepoint   ] Safepoint "Cleanup", Time since last: 1010531792 ns, Reaching safepoint: 5459 ns, Cleanup: 39791 ns, At safepoint: 8667 ns, Total: 53917 ns
[2025-08-27T04:26:04.996+0000][122][info ][safepoint   ] Safepoint "Cleanup", Time since last: 1004118084 ns, Reaching safepoint: 80958 ns, Cleanup: 74833 ns, At safepoint: 21375 ns, Total: 177166 ns
[2025-08-27T04:26:05.998+0000][122][info ][safepoint   ] Safepoint "Cleanup", Time since last: 1002515376 ns, Reaching safepoint: 98792 ns, Cleanup: 36125 ns, At safepoint: 19166 ns, Total: 154083 ns
[2025-08-27T04:26:07.000+0000][122][info ][safepoint   ] Safepoint "Cleanup", Time since last: 1000978626 ns, Reaching safepoint: 40541 ns, Cleanup: 24917 ns, At safepoint: 12333 ns, Total: 77791 ns
[2025-08-27T04:26:09.034+0000][122][info ][safepoint   ] Safepoint "Cleanup", Time since last: 2034703834 ns, Reaching safepoint: 89166 ns, Cleanup: 160834 ns, At safepoint: 34041 ns, Total: 284041 ns
[2025-08-27T04:26:11.036+0000][122][info ][safepoint   ] Safepoint "Cleanup", Time since last: 2002204126 ns, Reaching safepoint: 100584 ns, Cleanup: 75541 ns, At safepoint: 20834 ns, Total: 196959 ns
[2025-08-27T04:26:12.038+0000][122][info ][safepoint   ] Safepoint "Cleanup", Time since last: 1001498750 ns, Reaching safepoint: 15083 ns, Cleanup: 25459 ns, At safepoint: 3750 ns, Total: 44292 ns
[2025-08-27T04:26:13.156+0000][122][info ][safepoint   ] Safepoint "Cleanup", Time since last: 1118022250 ns, Reaching safepoint: 20750 ns, Cleanup: 109417 ns, At safepoint: 20125 ns, Total: 150292 ns
[2025-08-27T04:26:15.105+0000][122][info ][safepoint   ] Safepoint "Cleanup", Time since last: 1949304376 ns, Reaching safepoint: 48917 ns, Cleanup: 48666 ns, At safepoint: 10584 ns, Total: 108167 ns
[2025-08-27T04:26:17.109+0000][122][info ][safepoint   ] Safepoint "Cleanup", Time since last: 2003416709 ns, Reaching safepoint: 122500 ns, Cleanup: 134166 ns, At safepoint: 29084 ns, Total: 285750 ns
[2025-08-27T04:26:18.248+0000][122][info ][safepoint   ] Safepoint "Cleanup", Time since last: 1139043417 ns, Reaching safepoint: 108542 ns, Cleanup: 40458 ns, At safepoint: 17958 ns, Total: 166958 ns
[2025-08-27T04:26:21.173+0000][122][info ][safepoint   ] Safepoint "Cleanup", Time since last: 2925019293 ns, Reaching safepoint: 80084 ns, Cleanup: 58250 ns, At safepoint: 27625 ns, Total: 165959 ns
[2025-08-27T04:26:22.175+0000][122][info ][safepoint   ] Safepoint "Cleanup", Time since last: 1001393625 ns, Reaching safepoint: 16167 ns, Cleanup: 11167 ns, At safepoint: 6166 ns, Total: 33500 ns
[2025-08-27T04:26:25.358+0000][122][info ][safepoint   ] Safepoint "Cleanup", Time since last: 3183040835 ns, Reaching safepoint: 103292 ns, Cleanup: 115458 ns, At safepoint: 32583 ns, Total: 251333 ns
[2025-08-27T04:26:26.360+0000][122][info ][safepoint   ] Safepoint "Cleanup", Time since last: 1001583668 ns, Reaching safepoint: 81583 ns, Cleanup: 48250 ns, At safepoint: 15750 ns, Total: 145583 ns
[2025-08-27T04:26:27.361+0000][122][info ][safepoint   ] Safepoint "Cleanup", Time since last: 1000912792 ns, Reaching safepoint: 75917 ns, Cleanup: 38666 ns, At safepoint: 14625 ns, Total: 129208 ns
[2025-08-27T04:26:28.450+0000][122][info ][safepoint   ] Safepoint "Cleanup", Time since last: 1088544126 ns, Reaching safepoint: 25000 ns, Cleanup: 47833 ns, At safepoint: 9917 ns, Total: 82750 ns
[2025-08-27T04:26:31.153+0000][122][info ][safepoint   ] Safepoint "Cleanup", Time since last: 2703778876 ns, Reaching safepoint: 4250 ns, Cleanup: 7625 ns, At safepoint: 5834 ns, Total: 17709 ns
[2025-08-27T04:26:32.167+0000][122][info ][safepoint   ] Safepoint "Cleanup", Time since last: 1013150125 ns, Reaching safepoint: 69042 ns, Cleanup: 52833 ns, At safepoint: 16292 ns, Total: 138167 ns
[2025-08-27T04:26:33.518+0000][122][info ][safepoint   ] Safepoint "Cleanup", Time since last: 1351203209 ns, Reaching safepoint: 25250 ns, Cleanup: 103458 ns, At safepoint: 9958 ns, Total: 138666 ns
[2025-08-27T04:26:35.336+0000][122][info ][safepoint   ] Safepoint "Cleanup", Time since last: 1817854168 ns, Reaching safepoint: 84917 ns, Cleanup: 336375 ns, At safepoint: 39000 ns, Total: 460292 ns
[2025-08-27T04:26:37.340+0000][122][info ][safepoint   ] Safepoint "Cleanup", Time since last: 2002541000 ns, Reaching safepoint: 163208 ns, Cleanup: 104459 ns, At safepoint: 33916 ns, Total: 301583 ns
[2025-08-27T04:26:39.249+0000][122][info ][safepoint   ] Safepoint "Cleanup", Time since last: 1909101334 ns, Reaching safepoint: 16792 ns, Cleanup: 21375 ns, At safepoint: 13792 ns, Total: 51959 ns
[2025-08-27T04:26:40.285+0000][122][info ][safepoint   ] Safepoint "Cleanup", Time since last: 1036004084 ns, Reaching safepoint: 61500 ns, Cleanup: 49291 ns, At safepoint: 12834 ns, Total: 123625 ns
[2025-08-27T04:26:42.288+0000][122][info ][safepoint   ] Safepoint "Cleanup", Time since last: 2002367042 ns, Reaching safepoint: 85334 ns, Cleanup: 38000 ns, At safepoint: 22458 ns, Total: 145792 ns
[2025-08-27T04:26:43.660+0000][122][info ][safepoint   ] Safepoint "Cleanup", Time since last: 1372555584 ns, Reaching safepoint: 83625 ns, Cleanup: 52542 ns, At safepoint: 31875 ns, Total: 168042 ns
[2025-08-27T04:26:45.334+0000][122][info ][safepoint   ] Safepoint "Cleanup", Time since last: 1673227792 ns, Reaching safepoint: 91833 ns, Cleanup: 102667 ns, At safepoint: 32958 ns, Total: 227458 ns
[2025-08-27T04:26:46.336+0000][122][info ][safepoint   ] Safepoint "Cleanup", Time since last: 1001712667 ns, Reaching safepoint: 77125 ns, Cleanup: 69625 ns, At safepoint: 26292 ns, Total: 173042 ns
[2025-08-27T04:26:51.716+0000][122][info ][safepoint   ] Safepoint "Cleanup", Time since last: 5380534253 ns, Reaching safepoint: 6708 ns, Cleanup: 19292 ns, At safepoint: 8000 ns, Total: 34000 ns
[2025-08-27T04:26:51.726+0000][122][info ][gc,start    ] GC(25) Pause Young (Mixed) (G1 Evacuation Pause)
[2025-08-27T04:26:51.726+0000][122][info ][gc,task     ] GC(25) Using 8 workers of 8 for evacuation
[2025-08-27T04:26:51.726+0000][122][debug][gc,age      ] GC(25) Desired survivor size 41943040 bytes, new threshold 15 (max threshold 15)
[2025-08-27T04:26:51.754+0000][122][info ][gc,phases   ] GC(25)   Pre Evacuate Collection Set: 0.44ms
[2025-08-27T04:26:51.754+0000][122][info ][gc,phases   ] GC(25)   Merge Heap Roots: 0.18ms
[2025-08-27T04:26:51.754+0000][122][info ][gc,phases   ] GC(25)   Evacuate Collection Set: 24.59ms
[2025-08-27T04:26:51.754+0000][122][info ][gc,phases   ] GC(25)   Post Evacuate Collection Set: 2.38ms
[2025-08-27T04:26:51.754+0000][122][info ][gc,phases   ] GC(25)   Other: 0.24ms
[2025-08-27T04:26:51.754+0000][122][trace][gc,age      ] GC(25) Age table with threshold 15 (max threshold 15)
[2025-08-27T04:26:51.755+0000][122][trace][gc,age      ] GC(25) - age   1:    2877288 bytes,    2877288 total
[2025-08-27T04:26:51.755+0000][122][trace][gc,age      ] GC(25) - age   2:    2460216 bytes,    5337504 total
[2025-08-27T04:26:51.755+0000][122][trace][gc,age      ] GC(25) - age   3:     669072 bytes,    6006576 total
[2025-08-27T04:26:51.755+0000][122][trace][gc,age      ] GC(25) - age   4:    4172928 bytes,   10179504 total
[2025-08-27T04:26:51.755+0000][122][trace][gc,age      ] GC(25) - age   5:    4632904 bytes,   14812408 total
[2025-08-27T04:26:51.755+0000][122][trace][gc,age      ] GC(25) - age   6:    4088968 bytes,   18901376 total
[2025-08-27T04:26:51.755+0000][122][trace][gc,age      ] GC(25) - age   7:    4015992 bytes,   22917368 total
[2025-08-27T04:26:51.755+0000][122][trace][gc,age      ] GC(25) - age   8:   15095456 bytes,   38012824 total
[2025-08-27T04:26:51.755+0000][122][trace][gc,age      ] GC(25) - age   9:        648 bytes,   38013472 total
[2025-08-27T04:26:51.755+0000][122][info ][gc,heap     ] GC(25) Eden regions: 142->0(143)
[2025-08-27T04:26:51.755+0000][122][info ][gc,heap     ] GC(25) Survivor regions: 11->10(20)
[2025-08-27T04:26:51.755+0000][122][info ][gc,heap     ] GC(25) Old regions: 30->29
[2025-08-27T04:26:51.755+0000][122][info ][gc,heap     ] GC(25) Humongous regions: 2->2
[2025-08-27T04:26:51.755+0000][122][info ][gc,metaspace] GC(25) Metaspace: 159144K(163520K)->159144K(163520K) NonClass: 137325K(139712K)->137325K(139712K) Class: 21819K(23808K)->21819K(23808K)
[2025-08-27T04:26:51.755+0000][122][info ][gc          ] GC(25) Pause Young (Mixed) (G1 Evacuation Pause) 733M->162M(1024M) 28.778ms
[2025-08-27T04:26:51.755+0000][122][info ][gc,cpu      ] GC(25) User=0.20s Sys=0.00s Real=0.02s
[2025-08-27T04:26:51.755+0000][122][info ][safepoint   ] Safepoint "G1CollectForAllocation", Time since last: 9992750 ns, Reaching safepoint: 7041 ns, Cleanup: 10167 ns, At safepoint: 28944958 ns, Total: 28962166 ns
[2025-08-27T04:26:52.760+0000][122][info ][safepoint   ] Safepoint "Cleanup", Time since last: 1004318334 ns, Reaching safepoint: 94709 ns, Cleanup: 58250 ns, At safepoint: 24583 ns, Total: 177542 ns
[2025-08-27T04:26:55.047+0000][122][info ][safepoint   ] Safepoint "Cleanup", Time since last: 2287279918 ns, Reaching safepoint: 55666 ns, Cleanup: 77542 ns, At safepoint: 24833 ns, Total: 158041 ns
[2025-08-27T04:26:57.050+0000][122][info ][safepoint   ] Safepoint "Cleanup", Time since last: 2002600960 ns, Reaching safepoint: 77583 ns, Cleanup: 49375 ns, At safepoint: 27208 ns, Total: 154166 ns
[2025-08-27T04:27:01.055+0000][122][info ][safepoint   ] Safepoint "Cleanup", Time since last: 4005190669 ns, Reaching safepoint: 179791 ns, Cleanup: 49334 ns, At safepoint: 23208 ns, Total: 252333 ns
[2025-08-27T04:27:02.057+0000][122][info ][safepoint   ] Safepoint "Cleanup", Time since last: 1001195501 ns, Reaching safepoint: 118541 ns, Cleanup: 65000 ns, At safepoint: 27584 ns, Total: 211125 ns
[2025-08-27T04:27:03.284+0000][122][info ][safepoint   ] Safepoint "Cleanup", Time since last: 1227255625 ns, Reaching safepoint: 5417 ns, Cleanup: 7083 ns, At safepoint: 4875 ns, Total: 17375 ns
[2025-08-27T04:27:04.361+0000][122][info ][safepoint   ] Safepoint "Cleanup", Time since last: 1076521751 ns, Reaching safepoint: 73250 ns, Cleanup: 92833 ns, At safepoint: 16292 ns, Total: 182375 ns
[2025-08-27T04:27:06.687+0000][122][info ][safepoint   ] Safepoint "Cleanup", Time since last: 2325807751 ns, Reaching safepoint: 4250 ns, Cleanup: 7166 ns, At safepoint: 2417 ns, Total: 13833 ns
[2025-08-27T04:27:07.822+0000][122][info ][safepoint   ] Safepoint "Cleanup", Time since last: 1135710084 ns, Reaching safepoint: 23791 ns, Cleanup: 19542 ns, At safepoint: 9792 ns, Total: 53125 ns
[2025-08-27T04:27:08.879+0000][122][info ][safepoint   ] Safepoint "Cleanup", Time since last: 1056810000 ns, Reaching safepoint: 34292 ns, Cleanup: 86458 ns, At safepoint: 15917 ns, Total: 136667 ns
[2025-08-27T04:27:09.538+0000][122][info ][safepoint   ] Safepoint "ICBufferFull", Time since last: 657250042 ns, Reaching safepoint: 1090292 ns, Cleanup: 191833 ns, At safepoint: 32958 ns, Total: 1315083 ns
[2025-08-27T04:27:09.540+0000][122][info ][safepoint   ] Safepoint "ICBufferFull", Time since last: 1828834 ns, Reaching safepoint: 785750 ns, Cleanup: 9583 ns, At safepoint: 36208 ns, Total: 831541 ns
[2025-08-27T04:27:10.543+0000][122][info ][safepoint   ] Safepoint "Cleanup", Time since last: 1002821292 ns, Reaching safepoint: 119042 ns, Cleanup: 78250 ns, At safepoint: 30167 ns, Total: 227459 ns
[2025-08-27T04:27:11.512+0000][122][info ][safepoint   ] Safepoint "ICBufferFull", Time since last: 968497375 ns, Reaching safepoint: 41375 ns, Cleanup: 142833 ns, At safepoint: 21584 ns, Total: 205792 ns
[2025-08-27T04:27:12.591+0000][122][info ][safepoint   ] Safepoint "Cleanup", Time since last: 1078673667 ns, Reaching safepoint: 4750 ns, Cleanup: 36583 ns, At safepoint: 11375 ns, Total: 52708 ns
[2025-08-27T04:27:14.468+0000][122][info ][safepoint   ] Safepoint "Cleanup", Time since last: 1876622585 ns, Reaching safepoint: 38458 ns, Cleanup: 111625 ns, At safepoint: 19708 ns, Total: 169791 ns
[2025-08-27T04:27:16.525+0000][122][info ][safepoint   ] Safepoint "Cleanup", Time since last: 2057681168 ns, Reaching safepoint: 14083 ns, Cleanup: 26250 ns, At safepoint: 17000 ns, Total: 57333 ns
[2025-08-27T04:27:17.994+0000][122][info ][safepoint   ] Safepoint "Cleanup", Time since last: 1468540959 ns, Reaching safepoint: 86334 ns, Cleanup: 68833 ns, At safepoint: 33333 ns, Total: 188500 ns
[2025-08-27T04:27:18.996+0000][122][info ][safepoint   ] Safepoint "Cleanup", Time since last: 1001449959 ns, Reaching safepoint: 64750 ns, Cleanup: 48000 ns, At safepoint: 17250 ns, Total: 130000 ns
[2025-08-27T04:27:21.999+0000][122][info ][safepoint   ] Safepoint "Cleanup", Time since last: 3002842835 ns, Reaching safepoint: 52333 ns, Cleanup: 48333 ns, At safepoint: 14667 ns, Total: 115333 ns
[2025-08-27T04:27:31.154+0000][122][info ][safepoint   ] Safepoint "Cleanup", Time since last: 9155697588 ns, Reaching safepoint: 3625 ns, Cleanup: 8417 ns, At safepoint: 1750 ns, Total: 13792 ns
[2025-08-27T04:27:32.210+0000][122][info ][safepoint   ] Safepoint "Cleanup", Time since last: 1055233125 ns, Reaching safepoint: 20167 ns, Cleanup: 58666 ns, At safepoint: 9084 ns, Total: 87917 ns
[2025-08-27T04:27:33.300+0000][122][info ][safepoint   ] Safepoint "Cleanup", Time since last: 1090081084 ns, Reaching safepoint: 84708 ns, Cleanup: 60042 ns, At safepoint: 28500 ns, Total: 173250 ns
[2025-08-27T04:27:34.302+0000][122][info ][safepoint   ] Safepoint "Cleanup", Time since last: 1001836375 ns, Reaching safepoint: 89375 ns, Cleanup: 300875 ns, At safepoint: 16500 ns, Total: 406750 ns
[2025-08-27T04:27:36.591+0000][122][info ][safepoint   ] Safepoint "Cleanup", Time since last: 2289126793 ns, Reaching safepoint: 5708 ns, Cleanup: 37000 ns, At safepoint: 6875 ns, Total: 49583 ns
[2025-08-27T04:27:37.595+0000][122][info ][safepoint   ] Safepoint "Cleanup", Time since last: 1003067208 ns, Reaching safepoint: 9125 ns, Cleanup: 29500 ns, At safepoint: 11417 ns, Total: 50042 ns
[2025-08-27T04:27:38.628+0000][122][info ][safepoint   ] Safepoint "Cleanup", Time since last: 1033510000 ns, Reaching safepoint: 6750 ns, Cleanup: 72834 ns, At safepoint: 9250 ns, Total: 88834 ns
[2025-08-27T04:27:39.632+0000][122][info ][safepoint   ] Safepoint "Cleanup", Time since last: 1003523375 ns, Reaching safepoint: 20042 ns, Cleanup: 21417 ns, At safepoint: 12791 ns, Total: 54250 ns
[2025-08-27T04:27:41.635+0000][122][info ][safepoint   ] Safepoint "Cleanup", Time since last: 2002467001 ns, Reaching safepoint: 90459 ns, Cleanup: 129125 ns, At safepoint: 27500 ns, Total: 247084 ns
[2025-08-27T04:27:44.638+0000][122][info ][safepoint   ] Safepoint "Cleanup", Time since last: 3003035418 ns, Reaching safepoint: 97750 ns, Cleanup: 74041 ns, At safepoint: 23584 ns, Total: 195375 ns
[2025-08-27T04:27:46.640+0000][122][info ][safepoint   ] Safepoint "Cleanup", Time since last: 2001849459 ns, Reaching safepoint: 104875 ns, Cleanup: 82083 ns, At safepoint: 31042 ns, Total: 218000 ns
[2025-08-27T04:27:53.649+0000][122][info ][safepoint   ] Safepoint "Cleanup", Time since last: 7009138337 ns, Reaching safepoint: 42541 ns, Cleanup: 31917 ns, At safepoint: 15583 ns, Total: 90041 ns
[2025-08-27T04:28:00.070+0000][122][info ][safepoint   ] Safepoint "Cleanup", Time since last: 6420644212 ns, Reaching safepoint: 58583 ns, Cleanup: 104958 ns, At safepoint: 33584 ns, Total: 197125 ns
[2025-08-27T04:28:04.075+0000][122][info ][safepoint   ] Safepoint "Cleanup", Time since last: 4004735835 ns, Reaching safepoint: 14667 ns, Cleanup: 36083 ns, At safepoint: 17708 ns, Total: 68458 ns
[2025-08-27T04:28:05.197+0000][122][info ][safepoint   ] Safepoint "Cleanup", Time since last: 1121464584 ns, Reaching safepoint: 73083 ns, Cleanup: 136417 ns, At safepoint: 83917 ns, Total: 293417 ns
[2025-08-27T04:28:06.728+0000][122][info ][safepoint   ] Safepoint "Cleanup", Time since last: 1531286584 ns, Reaching safepoint: 7917 ns, Cleanup: 12166 ns, At safepoint: 3500 ns, Total: 23583 ns
[2025-08-27T04:28:08.492+0000][122][info ][safepoint   ] Safepoint "Cleanup", Time since last: 1764095708 ns, Reaching safepoint: 59375 ns, Cleanup: 45084 ns, At safepoint: 12666 ns, Total: 117125 ns
[2025-08-27T04:28:11.712+0000][122][info ][safepoint   ] Safepoint "Cleanup", Time since last: 3220215377 ns, Reaching safepoint: 71083 ns, Cleanup: 51542 ns, At safepoint: 19375 ns, Total: 142000 ns
[2025-08-27T04:28:12.714+0000][122][info ][safepoint   ] Safepoint "Cleanup", Time since last: 1001521667 ns, Reaching safepoint: 15583 ns, Cleanup: 18625 ns, At safepoint: 5917 ns, Total: 40125 ns
[2025-08-27T04:28:13.715+0000][122][info ][safepoint   ] Safepoint "Cleanup", Time since last: 1000769751 ns, Reaching safepoint: 21541 ns, Cleanup: 25292 ns, At safepoint: 9333 ns, Total: 56166 ns
[2025-08-27T04:28:14.716+0000][122][info ][safepoint   ] Safepoint "Cleanup", Time since last: 1000772042 ns, Reaching safepoint: 19292 ns, Cleanup: 16917 ns, At safepoint: 6875 ns, Total: 43084 ns
[2025-08-27T04:28:15.717+0000][122][info ][safepoint   ] Safepoint "Cleanup", Time since last: 1001638250 ns, Reaching safepoint: 14833 ns, Cleanup: 16375 ns, At safepoint: 7167 ns, Total: 38375 ns
[2025-08-27T04:28:16.719+0000][122][info ][safepoint   ] Safepoint "Cleanup", Time since last: 1001235001 ns, Reaching safepoint: 26208 ns, Cleanup: 28792 ns, At safepoint: 13291 ns, Total: 68291 ns
[2025-08-27T04:28:17.733+0000][122][info ][safepoint   ] Safepoint "Cleanup", Time since last: 1014323876 ns, Reaching safepoint: 15875 ns, Cleanup: 12875 ns, At safepoint: 8916 ns, Total: 37666 ns
[2025-08-27T04:28:18.748+0000][122][info ][safepoint   ] Safepoint "Cleanup", Time since last: 1014715668 ns, Reaching safepoint: 70541 ns, Cleanup: 114875 ns, At safepoint: 21875 ns, Total: 207291 ns
[2025-08-27T04:28:24.680+0000][122][info ][safepoint   ] Safepoint "Cleanup", Time since last: 5932082086 ns, Reaching safepoint: 20417 ns, Cleanup: 16625 ns, At safepoint: 16250 ns, Total: 53292 ns
[2025-08-27T04:28:26.814+0000][122][info ][safepoint   ] Safepoint "Cleanup", Time since last: 2133605793 ns, Reaching safepoint: 129833 ns, Cleanup: 40792 ns, At safepoint: 26416 ns, Total: 197041 ns
[2025-08-27T04:28:30.747+0000][122][info ][safepoint   ] Safepoint "Cleanup", Time since last: 3932887794 ns, Reaching safepoint: 24333 ns, Cleanup: 17334 ns, At safepoint: 7833 ns, Total: 49500 ns
[2025-08-27T04:28:34.751+0000][122][info ][safepoint   ] Safepoint "Cleanup", Time since last: 4003857627 ns, Reaching safepoint: 81083 ns, Cleanup: 75667 ns, At safepoint: 31042 ns, Total: 187792 ns
[2025-08-27T04:28:36.754+0000][122][info ][safepoint   ] Safepoint "Cleanup", Time since last: 2003316251 ns, Reaching safepoint: 149083 ns, Cleanup: 62542 ns, At safepoint: 23166 ns, Total: 234791 ns
[2025-08-27T04:28:39.618+0000][122][info ][safepoint   ] Safepoint "Cleanup", Time since last: 2863511834 ns, Reaching safepoint: 6375 ns, Cleanup: 14500 ns, At safepoint: 10584 ns, Total: 31459 ns
[2025-08-27T04:28:40.821+0000][122][info ][safepoint   ] Safepoint "Cleanup", Time since last: 1203046208 ns, Reaching safepoint: 5417 ns, Cleanup: 46958 ns, At safepoint: 6792 ns, Total: 59167 ns
[2025-08-27T04:28:41.825+0000][122][info ][safepoint   ] Safepoint "Cleanup", Time since last: 1004294542 ns, Reaching safepoint: 5834 ns, Cleanup: 18750 ns, At safepoint: 3083 ns, Total: 27667 ns
[2025-08-27T04:28:42.898+0000][122][info ][safepoint   ] Safepoint "Cleanup", Time since last: 1072367584 ns, Reaching safepoint: 18166 ns, Cleanup: 31292 ns, At safepoint: 8167 ns, Total: 57625 ns
[2025-08-27T04:28:43.904+0000][122][info ][safepoint   ] Safepoint "Cleanup", Time since last: 1005833084 ns, Reaching safepoint: 82333 ns, Cleanup: 23583 ns, At safepoint: 12125 ns, Total: 118041 ns
[2025-08-27T04:28:45.284+0000][122][info ][safepoint   ] Safepoint "Cleanup", Time since last: 1380294543 ns, Reaching safepoint: 73875 ns, Cleanup: 58625 ns, At safepoint: 20750 ns, Total: 153250 ns
[2025-08-27T04:28:46.935+0000][122][info ][safepoint   ] Safepoint "Cleanup", Time since last: 1650620834 ns, Reaching safepoint: 14791 ns, Cleanup: 20750 ns, At safepoint: 9709 ns, Total: 45250 ns
[2025-08-27T04:28:48.982+0000][122][info ][safepoint   ] Safepoint "Cleanup", Time since last: 2046885709 ns, Reaching safepoint: 37708 ns, Cleanup: 50709 ns, At safepoint: 21125 ns, Total: 109542 ns
[2025-08-27T04:28:51.950+0000][122][info ][safepoint   ] Safepoint "Cleanup", Time since last: 2968476751 ns, Reaching safepoint: 58250 ns, Cleanup: 35208 ns, At safepoint: 47500 ns, Total: 140958 ns
[2025-08-27T04:28:53.050+0000][122][info ][safepoint   ] Safepoint "Cleanup", Time since last: 1099010626 ns, Reaching safepoint: 128125 ns, Cleanup: 55958 ns, At safepoint: 24709 ns, Total: 208792 ns
[2025-08-27T04:28:55.114+0000][122][info ][safepoint   ] Safepoint "Cleanup", Time since last: 2064410584 ns, Reaching safepoint: 92792 ns, Cleanup: 123583 ns, At safepoint: 18083 ns, Total: 234458 ns
[2025-08-27T04:28:57.117+0000][122][info ][safepoint   ] Safepoint "Cleanup", Time since last: 2002341710 ns, Reaching safepoint: 61166 ns, Cleanup: 40625 ns, At safepoint: 17125 ns, Total: 118916 ns
[2025-08-27T04:28:58.119+0000][122][info ][safepoint   ] Safepoint "Cleanup", Time since last: 1002316501 ns, Reaching safepoint: 82083 ns, Cleanup: 40917 ns, At safepoint: 18000 ns, Total: 141000 ns
[2025-08-27T04:28:59.121+0000][122][info ][safepoint   ] Safepoint "Cleanup", Time since last: 1001873042 ns, Reaching safepoint: 20125 ns, Cleanup: 35625 ns, At safepoint: 7292 ns, Total: 63042 ns
[2025-08-27T04:29:00.603+0000][122][info ][safepoint   ] Safepoint "Cleanup", Time since last: 1481433542 ns, Reaching safepoint: 5417 ns, Cleanup: 11333 ns, At safepoint: 6833 ns, Total: 23583 ns
[2025-08-27T04:29:01.898+0000][122][info ][safepoint   ] Safepoint "Cleanup", Time since last: 1294945334 ns, Reaching safepoint: 18375 ns, Cleanup: 28584 ns, At safepoint: 6291 ns, Total: 53250 ns
[2025-08-27T04:29:02.918+0000][122][info ][safepoint   ] Safepoint "Cleanup", Time since last: 1020720667 ns, Reaching safepoint: 27959 ns, Cleanup: 39791 ns, At safepoint: 10042 ns, Total: 77792 ns
[2025-08-27T04:29:03.936+0000][122][info ][safepoint   ] Safepoint "Cleanup", Time since last: 1017827959 ns, Reaching safepoint: 83667 ns, Cleanup: 49250 ns, At safepoint: 22125 ns, Total: 155042 ns
[2025-08-27T04:29:05.534+0000][122][info ][safepoint   ] Safepoint "Cleanup", Time since last: 1597313459 ns, Reaching safepoint: 81291 ns, Cleanup: 215459 ns, At safepoint: 27375 ns, Total: 324125 ns
[2025-08-27T04:29:06.536+0000][122][info ][safepoint   ] Safepoint "Cleanup", Time since last: 1001554125 ns, Reaching safepoint: 26333 ns, Cleanup: 16834 ns, At safepoint: 14083 ns, Total: 57250 ns
[2025-08-27T04:29:08.211+0000][122][info ][safepoint   ] Safepoint "Cleanup", Time since last: 1675445209 ns, Reaching safepoint: 73292 ns, Cleanup: 48250 ns, At safepoint: 15000 ns, Total: 136542 ns
[2025-08-27T04:29:09.213+0000][122][info ][safepoint   ] Safepoint "Cleanup", Time since last: 1001649750 ns, Reaching safepoint: 65250 ns, Cleanup: 117000 ns, At safepoint: 15583 ns, Total: 197833 ns
[2025-08-27T04:29:11.088+0000][122][info ][safepoint   ] Safepoint "Cleanup", Time since last: 1874212668 ns, Reaching safepoint: 57292 ns, Cleanup: 75166 ns, At safepoint: 21792 ns, Total: 154250 ns
[2025-08-27T04:29:13.260+0000][122][info ][safepoint   ] Safepoint "Cleanup", Time since last: 2172808168 ns, Reaching safepoint: 31083 ns, Cleanup: 25417 ns, At safepoint: 9500 ns, Total: 66000 ns
[2025-08-27T04:29:16.265+0000][122][info ][safepoint   ] Safepoint "Cleanup", Time since last: 3004110418 ns, Reaching safepoint: 115041 ns, Cleanup: 72875 ns, At safepoint: 46250 ns, Total: 234166 ns
[2025-08-27T04:29:17.266+0000][122][info ][safepoint   ] Safepoint "Cleanup", Time since last: 1001543293 ns, Reaching safepoint: 89083 ns, Cleanup: 53750 ns, At safepoint: 13333 ns, Total: 156166 ns
[2025-08-27T04:29:22.273+0000][122][info ][safepoint   ] Safepoint "Cleanup", Time since last: 5006056669 ns, Reaching safepoint: 137500 ns, Cleanup: 96667 ns, At safepoint: 20125 ns, Total: 254292 ns
[2025-08-27T04:29:23.275+0000][122][info ][safepoint   ] Safepoint "Cleanup", Time since last: 1002318917 ns, Reaching safepoint: 28708 ns, Cleanup: 33375 ns, At safepoint: 14334 ns, Total: 76417 ns
[2025-08-27T04:29:28.280+0000][122][info ][safepoint   ] Safepoint "Cleanup", Time since last: 5004653585 ns, Reaching safepoint: 147500 ns, Cleanup: 52625 ns, At safepoint: 18167 ns, Total: 218292 ns
[2025-08-27T04:29:29.283+0000][122][info ][safepoint   ] Safepoint "Cleanup", Time since last: 1002097042 ns, Reaching safepoint: 330834 ns, Cleanup: 63375 ns, At safepoint: 20166 ns, Total: 414375 ns
[2025-08-27T04:29:32.286+0000][122][info ][safepoint   ] Safepoint "Cleanup", Time since last: 3003369918 ns, Reaching safepoint: 90542 ns, Cleanup: 38375 ns, At safepoint: 22917 ns, Total: 151834 ns
[2025-08-27T04:29:36.291+0000][122][info ][safepoint   ] Safepoint "Cleanup", Time since last: 4004893918 ns, Reaching safepoint: 81417 ns, Cleanup: 22625 ns, At safepoint: 6708 ns, Total: 110750 ns
[2025-08-27T04:29:42.180+0000][122][info ][safepoint   ] Safepoint "Cleanup", Time since last: 5888672086 ns, Reaching safepoint: 1066791 ns, Cleanup: 22084 ns, At safepoint: 12791 ns, Total: 1101666 ns
[2025-08-27T04:29:42.634+0000][122][info ][gc,start    ] GC(26) Pause Young (Normal) (G1 Evacuation Pause)
[2025-08-27T04:29:42.634+0000][122][info ][gc,task     ] GC(26) Using 8 workers of 8 for evacuation
[2025-08-27T04:29:42.635+0000][122][debug][gc,age      ] GC(26) Desired survivor size 41943040 bytes, new threshold 15 (max threshold 15)
[2025-08-27T04:29:42.690+0000][122][info ][gc,phases   ] GC(26)   Pre Evacuate Collection Set: 0.56ms
[2025-08-27T04:29:42.691+0000][122][info ][gc,phases   ] GC(26)   Merge Heap Roots: 0.16ms
[2025-08-27T04:29:42.691+0000][122][info ][gc,phases   ] GC(26)   Evacuate Collection Set: 49.01ms
[2025-08-27T04:29:42.691+0000][122][info ][gc,phases   ] GC(26)   Post Evacuate Collection Set: 6.00ms
[2025-08-27T04:29:42.691+0000][122][info ][gc,phases   ] GC(26)   Other: 0.21ms
[2025-08-27T04:29:42.691+0000][122][trace][gc,age      ] GC(26) Age table with threshold 15 (max threshold 15)
[2025-08-27T04:29:42.691+0000][122][trace][gc,age      ] GC(26) - age   1:    3609528 bytes,    3609528 total
[2025-08-27T04:29:42.691+0000][122][trace][gc,age      ] GC(26) - age   2:     209048 bytes,    3818576 total
[2025-08-27T04:29:42.691+0000][122][trace][gc,age      ] GC(26) - age   3:    2442736 bytes,    6261312 total
[2025-08-27T04:29:42.691+0000][122][trace][gc,age      ] GC(26) - age   4:     669008 bytes,    6930320 total
[2025-08-27T04:29:42.691+0000][122][trace][gc,age      ] GC(26) - age   5:    4115368 bytes,   11045688 total
[2025-08-27T04:29:42.691+0000][122][trace][gc,age      ] GC(26) - age   6:    4630568 bytes,   15676256 total
[2025-08-27T04:29:42.691+0000][122][trace][gc,age      ] GC(26) - age   7:    4083992 bytes,   19760248 total
[2025-08-27T04:29:42.691+0000][122][trace][gc,age      ] GC(26) - age   8:    3999336 bytes,   23759584 total
[2025-08-27T04:29:42.691+0000][122][trace][gc,age      ] GC(26) - age   9:   15089872 bytes,   38849456 total
[2025-08-27T04:29:42.691+0000][122][trace][gc,age      ] GC(26) - age  10:        648 bytes,   38850104 total
[2025-08-27T04:29:42.691+0000][122][info ][gc,heap     ] GC(26) Eden regions: 143->0(142)
[2025-08-27T04:29:42.691+0000][122][info ][gc,heap     ] GC(26) Survivor regions: 10->11(20)
[2025-08-27T04:29:42.691+0000][122][info ][gc,heap     ] GC(26) Old regions: 29->29
[2025-08-27T04:29:42.691+0000][122][info ][gc,heap     ] GC(26) Humongous regions: 2->2
[2025-08-27T04:29:42.691+0000][122][info ][gc,metaspace] GC(26) Metaspace: 159827K(164288K)->159827K(164288K) NonClass: 137962K(140416K)->137962K(140416K) Class: 21864K(23872K)->21864K(23872K)
[2025-08-27T04:29:42.691+0000][122][info ][gc          ] GC(26) Pause Young (Normal) (G1 Evacuation Pause) 734M->165M(1024M) 57.112ms
[2025-08-27T04:29:42.692+0000][122][info ][gc,cpu      ] GC(26) User=0.41s Sys=0.01s Real=0.06s
[2025-08-27T04:29:42.692+0000][122][info ][safepoint   ] Safepoint "G1CollectForAllocation", Time since last: 454065834 ns, Reaching safepoint: 9583 ns, Cleanup: 9959 ns, At safepoint: 57284000 ns, Total: 57303542 ns
[2025-08-27T04:29:44.124+0000][122][info ][safepoint   ] Safepoint "Cleanup", Time since last: 1431864584 ns, Reaching safepoint: 38000 ns, Cleanup: 27916 ns, At safepoint: 11084 ns, Total: 77000 ns
[2025-08-27T04:29:48.131+0000][122][info ][safepoint   ] Safepoint "Cleanup", Time since last: 4007036793 ns, Reaching safepoint: 139459 ns, Cleanup: 72750 ns, At safepoint: 35291 ns, Total: 247500 ns
[2025-08-27T04:29:49.708+0000][122][info ][safepoint   ] Safepoint "Cleanup", Time since last: 1576426459 ns, Reaching safepoint: 233584 ns, Cleanup: 35875 ns, At safepoint: 40458 ns, Total: 309917 ns
[2025-08-27T04:29:51.710+0000][122][info ][safepoint   ] Safepoint "Cleanup", Time since last: 2002307543 ns, Reaching safepoint: 81666 ns, Cleanup: 82584 ns, At safepoint: 14208 ns, Total: 178458 ns
[2025-08-27T04:29:52.713+0000][122][info ][safepoint   ] Safepoint "Cleanup", Time since last: 1002821625 ns, Reaching safepoint: 78917 ns, Cleanup: 13792 ns, At safepoint: 6666 ns, Total: 99375 ns
[2025-08-27T04:29:53.926+0000][122][info ][safepoint   ] Safepoint "Cleanup", Time since last: 1212603751 ns, Reaching safepoint: 19708 ns, Cleanup: 122709 ns, At safepoint: 15708 ns, Total: 158125 ns
[2025-08-27T04:29:55.231+0000][122][info ][safepoint   ] Safepoint "Cleanup", Time since last: 1304872292 ns, Reaching safepoint: 65792 ns, Cleanup: 147458 ns, At safepoint: 18834 ns, Total: 232084 ns
[2025-08-27T04:29:57.234+0000][122][info ][safepoint   ] Safepoint "Cleanup", Time since last: 2003274626 ns, Reaching safepoint: 77083 ns, Cleanup: 38417 ns, At safepoint: 41083 ns, Total: 156583 ns
[2025-08-27T04:30:03.244+0000][122][info ][safepoint   ] Safepoint "Cleanup", Time since last: 6009139836 ns, Reaching safepoint: 42667 ns, Cleanup: 26750 ns, At safepoint: 13167 ns, Total: 82584 ns
[2025-08-27T04:30:05.246+0000][122][info ][safepoint   ] Safepoint "Cleanup", Time since last: 2002641459 ns, Reaching safepoint: 69833 ns, Cleanup: 60458 ns, At safepoint: 43375 ns, Total: 173666 ns
[2025-08-27T04:30:07.249+0000][122][info ][safepoint   ] Safepoint "Cleanup", Time since last: 2002109960 ns, Reaching safepoint: 124458 ns, Cleanup: 134000 ns, At safepoint: 37792 ns, Total: 296250 ns
[2025-08-27T04:30:09.252+0000][122][info ][safepoint   ] Safepoint "Cleanup", Time since last: 2002417958 ns, Reaching safepoint: 99417 ns, Cleanup: 130500 ns, At safepoint: 40375 ns, Total: 270292 ns
[2025-08-27T04:30:10.255+0000][122][info ][safepoint   ] Safepoint "Cleanup", Time since last: 1001475542 ns, Reaching safepoint: 708792 ns, Cleanup: 352958 ns, At safepoint: 170708 ns, Total: 1232458 ns
[2025-08-27T04:30:12.257+0000][122][info ][safepoint   ] Safepoint "Cleanup", Time since last: 2002315126 ns, Reaching safepoint: 51292 ns, Cleanup: 39625 ns, At safepoint: 12833 ns, Total: 103750 ns
[2025-08-27T04:30:22.270+0000][122][info ][safepoint   ] Safepoint "Cleanup", Time since last: 10012259172 ns, Reaching safepoint: 60666 ns, Cleanup: 37917 ns, At safepoint: 20042 ns, Total: 118625 ns
[2025-08-27T04:30:23.271+0000][122][info ][safepoint   ] Safepoint "Cleanup", Time since last: 1001268042 ns, Reaching safepoint: 59208 ns, Cleanup: 41042 ns, At safepoint: 18000 ns, Total: 118250 ns
[2025-08-27T04:30:26.275+0000][122][info ][safepoint   ] Safepoint "Cleanup", Time since last: 3004424793 ns, Reaching safepoint: 22542 ns, Cleanup: 28208 ns, At safepoint: 12583 ns, Total: 63333 ns
[2025-08-27T04:30:33.192+0000][122][info ][safepoint   ] Safepoint "Cleanup", Time since last: 6916176587 ns, Reaching safepoint: 5041 ns, Cleanup: 9334 ns, At safepoint: 1875 ns, Total: 16250 ns
[2025-08-27T04:30:35.057+0000][122][info ][safepoint   ] Safepoint "Cleanup", Time since last: 1864935584 ns, Reaching safepoint: 144375 ns, Cleanup: 117292 ns, At safepoint: 28875 ns, Total: 290542 ns
[2025-08-27T04:30:37.059+0000][122][info ][safepoint   ] Safepoint "Cleanup", Time since last: 2002033792 ns, Reaching safepoint: 97542 ns, Cleanup: 83750 ns, At safepoint: 30792 ns, Total: 212084 ns
[2025-08-27T04:30:38.182+0000][122][info ][safepoint   ] Safepoint "Cleanup", Time since last: 1122492333 ns, Reaching safepoint: 13125 ns, Cleanup: 60000 ns, At safepoint: 8833 ns, Total: 81958 ns
[2025-08-27T04:30:45.636+0000][122][info ][safepoint   ] Safepoint "Cleanup", Time since last: 7453864879 ns, Reaching safepoint: 4291 ns, Cleanup: 11209 ns, At safepoint: 6958 ns, Total: 22458 ns
[2025-08-27T04:30:47.341+0000][122][info ][safepoint   ] Safepoint "Cleanup", Time since last: 1704924668 ns, Reaching safepoint: 46625 ns, Cleanup: 61333 ns, At safepoint: 4292 ns, Total: 112250 ns
[2025-08-27T04:30:55.361+0000][122][info ][safepoint   ] Safepoint "Cleanup", Time since last: 8019761337 ns, Reaching safepoint: 94041 ns, Cleanup: 63084 ns, At safepoint: 34833 ns, Total: 191958 ns
[2025-08-27T04:30:57.364+0000][122][info ][safepoint   ] Safepoint "Cleanup", Time since last: 2003004626 ns, Reaching safepoint: 69042 ns, Cleanup: 98916 ns, At safepoint: 20792 ns, Total: 188750 ns
[2025-08-27T04:31:04.373+0000][122][info ][safepoint   ] Safepoint "Cleanup", Time since last: 7009008670 ns, Reaching safepoint: 59458 ns, Cleanup: 34375 ns, At safepoint: 27459 ns, Total: 121292 ns
[2025-08-27T04:31:07.378+0000][122][info ][safepoint   ] Safepoint "Cleanup", Time since last: 3005036876 ns, Reaching safepoint: 85875 ns, Cleanup: 73125 ns, At safepoint: 24125 ns, Total: 183125 ns
[2025-08-27T04:31:09.381+0000][122][info ][safepoint   ] Safepoint "Cleanup", Time since last: 2003006375 ns, Reaching safepoint: 72875 ns, Cleanup: 97125 ns, At safepoint: 36584 ns, Total: 206584 ns
[2025-08-27T04:31:17.392+0000][122][info ][safepoint   ] Safepoint "Cleanup", Time since last: 8010198462 ns, Reaching safepoint: 101625 ns, Cleanup: 99625 ns, At safepoint: 33167 ns, Total: 234417 ns
[2025-08-27T04:31:19.394+0000][122][info ][safepoint   ] Safepoint "Cleanup", Time since last: 2002212751 ns, Reaching safepoint: 72583 ns, Cleanup: 56042 ns, At safepoint: 23500 ns, Total: 152125 ns
[2025-08-27T04:31:22.397+0000][122][info ][safepoint   ] Safepoint "Cleanup", Time since last: 3003098043 ns, Reaching safepoint: 164833 ns, Cleanup: 65458 ns, At safepoint: 43667 ns, Total: 273958 ns
[2025-08-27T04:31:34.410+0000][122][info ][safepoint   ] Safepoint "Cleanup", Time since last: 12012234839 ns, Reaching safepoint: 58542 ns, Cleanup: 16333 ns, At safepoint: 11458 ns, Total: 86333 ns
[2025-08-27T04:31:37.413+0000][122][info ][safepoint   ] Safepoint "Cleanup", Time since last: 3003388168 ns, Reaching safepoint: 125084 ns, Cleanup: 43291 ns, At safepoint: 18375 ns, Total: 186750 ns
[2025-08-27T04:31:42.422+0000][122][info ][safepoint   ] Safepoint "Cleanup", Time since last: 5008867836 ns, Reaching safepoint: 134708 ns, Cleanup: 38459 ns, At safepoint: 20041 ns, Total: 193208 ns
[2025-08-27T04:31:48.642+0000][122][info ][safepoint   ] Safepoint "Cleanup", Time since last: 6219753670 ns, Reaching safepoint: 7958 ns, Cleanup: 13417 ns, At safepoint: 2792 ns, Total: 24167 ns
[2025-08-27T04:31:58.524+0000][122][info ][safepoint   ] Safepoint "Cleanup", Time since last: 9882209213 ns, Reaching safepoint: 79166 ns, Cleanup: 37625 ns, At safepoint: 14084 ns, Total: 130875 ns
[2025-08-27T04:32:04.172+0000][122][info ][safepoint   ] Safepoint "Cleanup", Time since last: 5647423919 ns, Reaching safepoint: 6083 ns, Cleanup: 13959 ns, At safepoint: 11666 ns, Total: 31708 ns
[2025-08-27T04:32:05.183+0000][122][info ][safepoint   ] Safepoint "Cleanup", Time since last: 1010984001 ns, Reaching safepoint: 41541 ns, Cleanup: 55334 ns, At safepoint: 7625 ns, Total: 104500 ns
[2025-08-27T04:32:06.184+0000][122][info ][safepoint   ] Safepoint "Cleanup", Time since last: 1000818542 ns, Reaching safepoint: 97583 ns, Cleanup: 71459 ns, At safepoint: 32041 ns, Total: 201083 ns
[2025-08-27T04:32:09.189+0000][122][info ][safepoint   ] Safepoint "Cleanup", Time since last: 3004268709 ns, Reaching safepoint: 101000 ns, Cleanup: 142708 ns, At safepoint: 76292 ns, Total: 320000 ns
[2025-08-27T04:32:10.637+0000][122][info ][safepoint   ] Safepoint "Cleanup", Time since last: 1448403876 ns, Reaching safepoint: 10166 ns, Cleanup: 41292 ns, At safepoint: 16417 ns, Total: 67875 ns
[2025-08-27T04:32:11.658+0000][122][info ][safepoint   ] Safepoint "Cleanup", Time since last: 1019801959 ns, Reaching safepoint: 122750 ns, Cleanup: 55500 ns, At safepoint: 36625 ns, Total: 214875 ns
[2025-08-27T04:32:12.659+0000][122][info ][safepoint   ] Safepoint "Cleanup", Time since last: 1000998333 ns, Reaching safepoint: 18750 ns, Cleanup: 21042 ns, At safepoint: 10333 ns, Total: 50125 ns
[2025-08-27T04:32:14.661+0000][122][info ][safepoint   ] Safepoint "Cleanup", Time since last: 2001677751 ns, Reaching safepoint: 405250 ns, Cleanup: 46334 ns, At safepoint: 21375 ns, Total: 472959 ns
[2025-08-27T04:32:15.669+0000][122][info ][safepoint   ] Safepoint "Cleanup", Time since last: 1008214000 ns, Reaching safepoint: 4000 ns, Cleanup: 35125 ns, At safepoint: 4917 ns, Total: 44042 ns
[2025-08-27T04:32:16.687+0000][122][info ][safepoint   ] Safepoint "Cleanup", Time since last: 1017954500 ns, Reaching safepoint: 115000 ns, Cleanup: 122875 ns, At safepoint: 21750 ns, Total: 259625 ns
[2025-08-27T04:32:17.748+0000][122][info ][safepoint   ] Safepoint "Cleanup", Time since last: 1060792667 ns, Reaching safepoint: 3459 ns, Cleanup: 57500 ns, At safepoint: 3500 ns, Total: 64459 ns
[2025-08-27T04:32:18.768+0000][122][info ][safepoint   ] Safepoint "Cleanup", Time since last: 1020376334 ns, Reaching safepoint: 43000 ns, Cleanup: 33125 ns, At safepoint: 9375 ns, Total: 85500 ns
[2025-08-27T04:32:21.771+0000][122][info ][safepoint   ] Safepoint "Cleanup", Time since last: 3002716084 ns, Reaching safepoint: 97250 ns, Cleanup: 45750 ns, At safepoint: 17375 ns, Total: 160375 ns
[2025-08-27T04:32:24.774+0000][122][info ][safepoint   ] Safepoint "Cleanup", Time since last: 3002648752 ns, Reaching safepoint: 67166 ns, Cleanup: 23375 ns, At safepoint: 19584 ns, Total: 110125 ns
[2025-08-27T04:32:33.783+0000][122][info ][safepoint   ] Safepoint "Cleanup", Time since last: 9009100837 ns, Reaching safepoint: 47667 ns, Cleanup: 22125 ns, At safepoint: 19958 ns, Total: 89750 ns
[2025-08-27T04:32:36.823+0000][122][info ][safepoint   ] Safepoint "Cleanup", Time since last: 3035018294 ns, Reaching safepoint: 3920541 ns, Cleanup: 41625 ns, At safepoint: 764334 ns, Total: 4726500 ns
[2025-08-27T04:32:38.835+0000][122][info ][safepoint   ] Safepoint "Cleanup", Time since last: 2012007250 ns, Reaching safepoint: 164459 ns, Cleanup: 64916 ns, At safepoint: 16917 ns, Total: 246292 ns
[2025-08-27T04:32:39.837+0000][122][info ][safepoint   ] Safepoint "Cleanup", Time since last: 1001504667 ns, Reaching safepoint: 86167 ns, Cleanup: 106250 ns, At safepoint: 34458 ns, Total: 226875 ns
[2025-08-27T04:32:41.839+0000][122][info ][safepoint   ] Safepoint "Cleanup", Time since last: 2002110876 ns, Reaching safepoint: 84708 ns, Cleanup: 72500 ns, At safepoint: 24709 ns, Total: 181917 ns
[2025-08-27T04:32:45.845+0000][122][info ][safepoint   ] Safepoint "Cleanup", Time since last: 4005283543 ns, Reaching safepoint: 43750 ns, Cleanup: 29042 ns, At safepoint: 15042 ns, Total: 87834 ns
[2025-08-27T04:32:46.846+0000][122][info ][safepoint   ] Safepoint "Cleanup", Time since last: 1001396417 ns, Reaching safepoint: 69125 ns, Cleanup: 51333 ns, At safepoint: 21083 ns, Total: 141541 ns
[2025-08-27T04:32:51.646+0000][122][info ][safepoint   ] Safepoint "Cleanup", Time since last: 4799915836 ns, Reaching safepoint: 4333 ns, Cleanup: 6584 ns, At safepoint: 1750 ns, Total: 12667 ns
[2025-08-27T04:32:52.913+0000][122][info ][safepoint   ] Safepoint "Cleanup", Time since last: 1267295500 ns, Reaching safepoint: 23084 ns, Cleanup: 50708 ns, At safepoint: 16500 ns, Total: 90292 ns
[2025-08-27T04:32:53.919+0000][122][info ][safepoint   ] Safepoint "Cleanup", Time since last: 1004755250 ns, Reaching safepoint: 97667 ns, Cleanup: 172292 ns, At safepoint: 17083 ns, Total: 287042 ns
[2025-08-27T04:32:56.657+0000][122][info ][safepoint   ] Safepoint "Cleanup", Time since last: 2738397710 ns, Reaching safepoint: 50375 ns, Cleanup: 69916 ns, At safepoint: 25834 ns, Total: 146125 ns
[2025-08-27T04:32:57.658+0000][122][info ][safepoint   ] Safepoint "Cleanup", Time since last: 1000873958 ns, Reaching safepoint: 12792 ns, Cleanup: 50458 ns, At safepoint: 18417 ns, Total: 81667 ns
[2025-08-27T04:33:01.663+0000][122][info ][safepoint   ] Safepoint "Cleanup", Time since last: 4004757210 ns, Reaching safepoint: 51584 ns, Cleanup: 107333 ns, At safepoint: 20542 ns, Total: 179459 ns
[2025-08-27T04:33:03.666+0000][122][info ][safepoint   ] Safepoint "Cleanup", Time since last: 2002961917 ns, Reaching safepoint: 23459 ns, Cleanup: 20291 ns, At safepoint: 11875 ns, Total: 55625 ns
[2025-08-27T04:33:04.668+0000][122][info ][safepoint   ] Safepoint "Cleanup", Time since last: 1001238334 ns, Reaching safepoint: 194125 ns, Cleanup: 159792 ns, At safepoint: 52416 ns, Total: 406333 ns
[2025-08-27T04:33:06.672+0000][122][info ][safepoint   ] Safepoint "Cleanup", Time since last: 2003855710 ns, Reaching safepoint: 18583 ns, Cleanup: 26333 ns, At safepoint: 11334 ns, Total: 56250 ns
[2025-08-27T04:33:08.673+0000][122][info ][safepoint   ] Safepoint "Cleanup", Time since last: 2001657292 ns, Reaching safepoint: 144208 ns, Cleanup: 41584 ns, At safepoint: 15833 ns, Total: 201625 ns
[2025-08-27T04:33:10.038+0000][122][info ][safepoint   ] Safepoint "ICBufferFull", Time since last: 1364185167 ns, Reaching safepoint: 87584 ns, Cleanup: 171666 ns, At safepoint: 41625 ns, Total: 300875 ns
[2025-08-27T04:33:11.566+0000][122][info ][safepoint   ] Safepoint "ICBufferFull", Time since last: 1527375543 ns, Reaching safepoint: 85958 ns, Cleanup: 280083 ns, At safepoint: 18209 ns, Total: 384250 ns
[2025-08-27T04:33:12.568+0000][122][info ][safepoint   ] Safepoint "Cleanup", Time since last: 1002365417 ns, Reaching safepoint: 79917 ns, Cleanup: 59458 ns, At safepoint: 24375 ns, Total: 163750 ns
[2025-08-27T04:33:13.980+0000][122][info ][safepoint   ] Safepoint "Cleanup", Time since last: 1411883084 ns, Reaching safepoint: 4875 ns, Cleanup: 60167 ns, At safepoint: 9625 ns, Total: 74667 ns
[2025-08-27T04:33:14.027+0000][122][info ][safepoint   ] Safepoint "ICBufferFull", Time since last: 47045541 ns, Reaching safepoint: 9875 ns, Cleanup: 132709 ns, At safepoint: 4916 ns, Total: 147500 ns
[2025-08-27T04:33:14.203+0000][122][info ][gc,start    ] GC(27) Pause Young (Concurrent Start) (G1 Evacuation Pause)
[2025-08-27T04:33:14.203+0000][122][info ][gc,task     ] GC(27) Using 8 workers of 8 for evacuation
[2025-08-27T04:33:14.204+0000][122][debug][gc,age      ] GC(27) Desired survivor size 41943040 bytes, new threshold 15 (max threshold 15)
[2025-08-27T04:33:14.238+0000][122][info ][gc,phases   ] GC(27)   Pre Evacuate Collection Set: 0.44ms
[2025-08-27T04:33:14.238+0000][122][info ][gc,phases   ] GC(27)   Merge Heap Roots: 0.16ms
[2025-08-27T04:33:14.238+0000][122][info ][gc,phases   ] GC(27)   Evacuate Collection Set: 31.39ms
[2025-08-27T04:33:14.238+0000][122][info ][gc,phases   ] GC(27)   Post Evacuate Collection Set: 1.85ms
[2025-08-27T04:33:14.238+0000][122][info ][gc,phases   ] GC(27)   Other: 0.29ms
[2025-08-27T04:33:14.238+0000][122][trace][gc,age      ] GC(27) Age table with threshold 15 (max threshold 15)
[2025-08-27T04:33:14.238+0000][122][trace][gc,age      ] GC(27) - age   1:    3168464 bytes,    3168464 total
[2025-08-27T04:33:14.238+0000][122][trace][gc,age      ] GC(27) - age   2:    1957696 bytes,    5126160 total
[2025-08-27T04:33:14.238+0000][122][trace][gc,age      ] GC(27) - age   3:     207792 bytes,    5333952 total
[2025-08-27T04:33:14.238+0000][122][trace][gc,age      ] GC(27) - age   4:    2396872 bytes,    7730824 total
[2025-08-27T04:33:14.238+0000][122][trace][gc,age      ] GC(27) - age   5:     665160 bytes,    8395984 total
[2025-08-27T04:33:14.238+0000][122][trace][gc,age      ] GC(27) - age   6:    4025032 bytes,   12421016 total
[2025-08-27T04:33:14.238+0000][122][trace][gc,age      ] GC(27) - age   7:    4629512 bytes,   17050528 total
[2025-08-27T04:33:14.238+0000][122][trace][gc,age      ] GC(27) - age   8:    4068224 bytes,   21118752 total
[2025-08-27T04:33:14.238+0000][122][trace][gc,age      ] GC(27) - age   9:    3988400 bytes,   25107152 total
[2025-08-27T04:33:14.238+0000][122][trace][gc,age      ] GC(27) - age  10:   15054048 bytes,   40161200 total
[2025-08-27T04:33:14.238+0000][122][trace][gc,age      ] GC(27) - age  11:        648 bytes,   40161848 total
[2025-08-27T04:33:14.238+0000][122][info ][gc,heap     ] GC(27) Eden regions: 142->0(142)
[2025-08-27T04:33:14.238+0000][122][info ][gc,heap     ] GC(27) Survivor regions: 11->11(20)
[2025-08-27T04:33:14.238+0000][122][info ][gc,heap     ] GC(27) Old regions: 29->29
[2025-08-27T04:33:14.238+0000][122][info ][gc,heap     ] GC(27) Humongous regions: 2->2
[2025-08-27T04:33:14.238+0000][122][info ][gc,metaspace] GC(27) Metaspace: 160185K(164672K)->160185K(164672K) NonClass: 138296K(140736K)->138296K(140736K) Class: 21888K(23936K)->21888K(23936K)
[2025-08-27T04:33:14.238+0000][122][info ][gc          ] GC(27) Pause Young (Concurrent Start) (G1 Evacuation Pause) 733M->166M(1024M) 35.155ms
[2025-08-27T04:33:14.239+0000][122][info ][gc,cpu      ] GC(27) User=0.23s Sys=0.00s Real=0.04s
[2025-08-27T04:33:14.239+0000][122][info ][gc          ] GC(28) Concurrent Mark Cycle
[2025-08-27T04:33:14.239+0000][122][info ][gc,marking  ] GC(28) Concurrent Scan Root Regions
[2025-08-27T04:33:14.239+0000][122][info ][safepoint   ] Safepoint "G1CollectForAllocation", Time since last: 174484584 ns, Reaching safepoint: 1316458 ns, Cleanup: 77667 ns, At safepoint: 35358375 ns, Total: 36752500 ns
[2025-08-27T04:33:14.255+0000][122][info ][gc,marking  ] GC(28) Concurrent Scan Root Regions 16.598ms
[2025-08-27T04:33:14.256+0000][122][info ][gc,marking  ] GC(28) Concurrent Mark
[2025-08-27T04:33:14.256+0000][122][info ][gc,marking  ] GC(28) Concurrent Mark From Roots
[2025-08-27T04:33:14.256+0000][122][info ][gc,task     ] GC(28) Using 2 workers of 2 for marking
[2025-08-27T04:33:14.326+0000][122][info ][gc,marking  ] GC(28) Concurrent Mark From Roots 70.231ms
[2025-08-27T04:33:14.326+0000][122][info ][gc,marking  ] GC(28) Concurrent Preclean
[2025-08-27T04:33:14.328+0000][122][info ][gc,marking  ] GC(28) Concurrent Preclean 1.388ms
[2025-08-27T04:33:14.328+0000][122][info ][gc,start    ] GC(28) Pause Remark
[2025-08-27T04:33:14.383+0000][122][info ][gc          ] GC(28) Pause Remark 183M->183M(1024M) 54.300ms
[2025-08-27T04:33:14.383+0000][122][info ][gc,cpu      ] GC(28) User=0.34s Sys=0.00s Real=0.05s
[2025-08-27T04:33:14.383+0000][122][info ][safepoint   ] Safepoint "G1PauseRemark", Time since last: 89460750 ns, Reaching safepoint: 59125 ns, Cleanup: 112416 ns, At safepoint: 54541209 ns, Total: 54712750 ns
[2025-08-27T04:33:14.386+0000][122][info ][gc,marking  ] GC(28) Concurrent Mark 130.240ms
[2025-08-27T04:33:14.387+0000][122][info ][gc,marking  ] GC(28) Concurrent Rebuild Remembered Sets and Scrub Regions
[2025-08-27T04:33:14.410+0000][122][info ][gc,marking  ] GC(28) Concurrent Rebuild Remembered Sets and Scrub Regions 23.137ms
[2025-08-27T04:33:14.411+0000][122][info ][gc,start    ] GC(28) Pause Cleanup
[2025-08-27T04:33:14.411+0000][122][info ][gc          ] GC(28) Pause Cleanup 183M->183M(1024M) 0.115ms
[2025-08-27T04:33:14.411+0000][122][info ][gc,cpu      ] GC(28) User=0.00s Sys=0.00s Real=0.00s
[2025-08-27T04:33:14.411+0000][122][info ][safepoint   ] Safepoint "G1PauseCleanup", Time since last: 27705458 ns, Reaching safepoint: 8542 ns, Cleanup: 61208 ns, At safepoint: 218334 ns, Total: 288084 ns
[2025-08-27T04:33:14.411+0000][122][info ][gc,marking  ] GC(28) Concurrent Clear Claimed Marks
[2025-08-27T04:33:14.411+0000][122][info ][gc,marking  ] GC(28) Concurrent Clear Claimed Marks 0.265ms
[2025-08-27T04:33:14.411+0000][122][info ][gc,marking  ] GC(28) Concurrent Cleanup for Next Mark
[2025-08-27T04:33:14.417+0000][122][info ][gc,marking  ] GC(28) Concurrent Cleanup for Next Mark 5.823ms
[2025-08-27T04:33:14.417+0000][122][info ][gc          ] GC(28) Concurrent Mark Cycle 178.510ms
[2025-08-27T04:33:14.839+0000][122][info ][safepoint   ] Safepoint "ICBufferFull", Time since last: 427789750 ns, Reaching safepoint: 36625 ns, Cleanup: 175041 ns, At safepoint: 17084 ns, Total: 228750 ns
[2025-08-27T04:33:15.065+0000][122][info ][safepoint   ] Safepoint "ICBufferFull", Time since last: 225484416 ns, Reaching safepoint: 776959 ns, Cleanup: 114791 ns, At safepoint: 10292 ns, Total: 902042 ns
[2025-08-27T04:33:15.378+0000][122][info ][safepoint   ] Safepoint "ICBufferFull", Time since last: 312373334 ns, Reaching safepoint: 25833 ns, Cleanup: 219875 ns, At safepoint: 27000 ns, Total: 272708 ns
[2025-08-27T04:33:15.382+0000][122][info ][safepoint   ] Safepoint "ICBufferFull", Time since last: 4092542 ns, Reaching safepoint: 11458 ns, Cleanup: 7583 ns, At safepoint: 10875 ns, Total: 29916 ns
[2025-08-27T04:33:15.382+0000][122][info ][safepoint   ] Safepoint "ICBufferFull", Time since last: 319459 ns, Reaching safepoint: 45666 ns, Cleanup: 1792 ns, At safepoint: 33667 ns, Total: 81125 ns
[2025-08-27T04:33:15.383+0000][122][info ][safepoint   ] Safepoint "ICBufferFull", Time since last: 1102250 ns, Reaching safepoint: 30375 ns, Cleanup: 1708 ns, At safepoint: 11250 ns, Total: 43333 ns
[2025-08-27T04:33:15.385+0000][122][info ][safepoint   ] Safepoint "ICBufferFull", Time since last: 850792 ns, Reaching safepoint: 602958 ns, Cleanup: 1375 ns, At safepoint: 12125 ns, Total: 616458 ns
[2025-08-27T04:33:15.386+0000][122][info ][safepoint   ] Safepoint "ICBufferFull", Time since last: 1238583 ns, Reaching safepoint: 8042 ns, Cleanup: 1208 ns, At safepoint: 7500 ns, Total: 16750 ns
[2025-08-27T04:33:15.546+0000][122][info ][safepoint   ] Safepoint "ICBufferFull", Time since last: 159275709 ns, Reaching safepoint: 16250 ns, Cleanup: 81916 ns, At safepoint: 13250 ns, Total: 111416 ns
[2025-08-27T04:33:15.625+0000][122][info ][safepoint   ] Safepoint "ICBufferFull", Time since last: 79281792 ns, Reaching safepoint: 13667 ns, Cleanup: 193208 ns, At safepoint: 9792 ns, Total: 216667 ns
[2025-08-27T04:33:15.819+0000][122][info ][safepoint   ] Safepoint "ICBufferFull", Time since last: 194124042 ns, Reaching safepoint: 6583 ns, Cleanup: 114625 ns, At safepoint: 5958 ns, Total: 127166 ns
[2025-08-27T04:33:15.996+0000][122][info ][safepoint   ] Safepoint "ICBufferFull", Time since last: 175723709 ns, Reaching safepoint: 1125875 ns, Cleanup: 146625 ns, At safepoint: 18166 ns, Total: 1290666 ns
[2025-08-27T04:33:16.403+0000][122][info ][safepoint   ] Safepoint "ICBufferFull", Time since last: 405580125 ns, Reaching safepoint: 1178667 ns, Cleanup: 117667 ns, At safepoint: 12458 ns, Total: 1308792 ns
[2025-08-27T04:33:16.556+0000][122][info ][safepoint   ] Safepoint "ICBufferFull", Time since last: 152769375 ns, Reaching safepoint: 7792 ns, Cleanup: 98792 ns, At safepoint: 18166 ns, Total: 124750 ns
[2025-08-27T04:33:17.109+0000][122][info ][safepoint   ] Safepoint "ICBufferFull", Time since last: 552114750 ns, Reaching safepoint: 11209 ns, Cleanup: 272000 ns, At safepoint: 17458 ns, Total: 300667 ns
[2025-08-27T04:33:17.203+0000][122][info ][gc,start    ] GC(29) Pause Young (Prepare Mixed) (G1 Evacuation Pause)
[2025-08-27T04:33:17.203+0000][122][info ][gc,task     ] GC(29) Using 8 workers of 8 for evacuation
[2025-08-27T04:33:17.203+0000][122][debug][gc,age      ] GC(29) Desired survivor size 41943040 bytes, new threshold 15 (max threshold 15)
[2025-08-27T04:33:17.231+0000][122][info ][gc,phases   ] GC(29)   Pre Evacuate Collection Set: 0.20ms
[2025-08-27T04:33:17.231+0000][122][info ][gc,phases   ] GC(29)   Merge Heap Roots: 0.13ms
[2025-08-27T04:33:17.231+0000][122][info ][gc,phases   ] GC(29)   Evacuate Collection Set: 24.78ms
[2025-08-27T04:33:17.231+0000][122][info ][gc,phases   ] GC(29)   Post Evacuate Collection Set: 2.09ms
[2025-08-27T04:33:17.231+0000][122][info ][gc,phases   ] GC(29)   Other: 0.16ms
[2025-08-27T04:33:17.231+0000][122][trace][gc,age      ] GC(29) Age table with threshold 15 (max threshold 15)
[2025-08-27T04:33:17.231+0000][122][trace][gc,age      ] GC(29) - age   1:   25589928 bytes,   25589928 total
[2025-08-27T04:33:17.231+0000][122][trace][gc,age      ] GC(29) - age   2:    1667336 bytes,   27257264 total
[2025-08-27T04:33:17.231+0000][122][trace][gc,age      ] GC(29) - age   3:    1733496 bytes,   28990760 total
[2025-08-27T04:33:17.231+0000][122][trace][gc,age      ] GC(29) - age   4:     206544 bytes,   29197304 total
[2025-08-27T04:33:17.231+0000][122][trace][gc,age      ] GC(29) - age   5:    2263648 bytes,   31460952 total
[2025-08-27T04:33:17.231+0000][122][trace][gc,age      ] GC(29) - age   6:     664840 bytes,   32125792 total
[2025-08-27T04:33:17.231+0000][122][trace][gc,age      ] GC(29) - age   7:    3995480 bytes,   36121272 total
[2025-08-27T04:33:17.231+0000][122][trace][gc,age      ] GC(29) - age   8:    4622384 bytes,   40743656 total
[2025-08-27T04:33:17.231+0000][122][trace][gc,age      ] GC(29) - age   9:    4059216 bytes,   44802872 total
[2025-08-27T04:33:17.231+0000][122][trace][gc,age      ] GC(29) - age  10:    3939088 bytes,   48741960 total
[2025-08-27T04:33:17.231+0000][122][trace][gc,age      ] GC(29) - age  11:   14947680 bytes,   63689640 total
[2025-08-27T04:33:17.231+0000][122][trace][gc,age      ] GC(29) - age  12:        648 bytes,   63690288 total
[2025-08-27T04:33:17.231+0000][122][info ][gc,heap     ] GC(29) Eden regions: 142->0(136)
[2025-08-27T04:33:17.231+0000][122][info ][gc,heap     ] GC(29) Survivor regions: 11->17(20)
[2025-08-27T04:33:17.231+0000][122][info ][gc,heap     ] GC(29) Old regions: 29->29
[2025-08-27T04:33:17.231+0000][122][info ][gc,heap     ] GC(29) Humongous regions: 2->2
[2025-08-27T04:33:17.232+0000][122][info ][gc,metaspace] GC(29) Metaspace: 162666K(167168K)->162666K(167168K) NonClass: 140747K(143104K)->140747K(143104K) Class: 21919K(24064K)->21919K(24064K)
[2025-08-27T04:33:17.232+0000][122][info ][gc          ] GC(29) Pause Young (Prepare Mixed) (G1 Evacuation Pause) 734M->188M(1024M) 28.421ms
[2025-08-27T04:33:17.232+0000][122][info ][gc,cpu      ] GC(29) User=0.18s Sys=0.00s Real=0.03s
[2025-08-27T04:33:17.232+0000][122][info ][safepoint   ] Safepoint "G1CollectForAllocation", Time since last: 93483625 ns, Reaching safepoint: 1023125 ns, Cleanup: 53083 ns, At safepoint: 28572501 ns, Total: 29648709 ns
[2025-08-27T04:33:17.448+0000][122][info ][safepoint   ] Safepoint "ICBufferFull", Time since last: 216491166 ns, Reaching safepoint: 8792 ns, Cleanup: 119542 ns, At safepoint: 3500 ns, Total: 131834 ns
[2025-08-27T04:33:19.354+0000][122][info ][safepoint   ] Safepoint "Cleanup", Time since last: 1904611376 ns, Reaching safepoint: 1222541 ns, Cleanup: 82042 ns, At safepoint: 16042 ns, Total: 1320625 ns
[2025-08-27T04:33:21.218+0000][122][info ][safepoint   ] Safepoint "Cleanup", Time since last: 1863624375 ns, Reaching safepoint: 133292 ns, Cleanup: 371625 ns, At safepoint: 29375 ns, Total: 534292 ns
[2025-08-27T04:33:22.959+0000][122][info ][safepoint   ] Safepoint "Cleanup", Time since last: 1740069501 ns, Reaching safepoint: 50917 ns, Cleanup: 167250 ns, At safepoint: 27916 ns, Total: 246083 ns
[2025-08-27T04:33:23.961+0000][122][info ][safepoint   ] Safepoint "Cleanup", Time since last: 1001861959 ns, Reaching safepoint: 71708 ns, Cleanup: 58667 ns, At safepoint: 15875 ns, Total: 146250 ns
[2025-08-27T04:33:24.963+0000][122][info ][safepoint   ] Safepoint "Cleanup", Time since last: 1001803917 ns, Reaching safepoint: 51792 ns, Cleanup: 64333 ns, At safepoint: 13417 ns, Total: 129542 ns
[2025-08-27T04:33:25.965+0000][122][info ][safepoint   ] Safepoint "Cleanup", Time since last: 1002097584 ns, Reaching safepoint: 88541 ns, Cleanup: 107000 ns, At safepoint: 17667 ns, Total: 213208 ns
[2025-08-27T04:33:27.968+0000][122][info ][safepoint   ] Safepoint "Cleanup", Time since last: 2003239793 ns, Reaching safepoint: 91500 ns, Cleanup: 44041 ns, At safepoint: 20875 ns, Total: 156416 ns
[2025-08-27T04:33:28.971+0000][122][info ][safepoint   ] Safepoint "Cleanup", Time since last: 1002379251 ns, Reaching safepoint: 108083 ns, Cleanup: 96667 ns, At safepoint: 26958 ns, Total: 231708 ns
[2025-08-27T04:33:30.973+0000][122][info ][safepoint   ] Safepoint "Cleanup", Time since last: 2002236584 ns, Reaching safepoint: 61667 ns, Cleanup: 43458 ns, At safepoint: 16334 ns, Total: 121459 ns
[2025-08-27T04:33:31.976+0000][122][info ][safepoint   ] Safepoint "Cleanup", Time since last: 1002159834 ns, Reaching safepoint: 96166 ns, Cleanup: 47292 ns, At safepoint: 14042 ns, Total: 157500 ns
[2025-08-27T04:33:32.978+0000][122][info ][safepoint   ] Safepoint "Cleanup", Time since last: 1001897542 ns, Reaching safepoint: 93583 ns, Cleanup: 99208 ns, At safepoint: 24584 ns, Total: 217375 ns
[2025-08-27T04:33:33.979+0000][122][info ][safepoint   ] Safepoint "Cleanup", Time since last: 1001197417 ns, Reaching safepoint: 77333 ns, Cleanup: 64417 ns, At safepoint: 16041 ns, Total: 157791 ns
[2025-08-27T04:33:35.871+0000][122][info ][safepoint   ] Safepoint "Cleanup", Time since last: 1891615460 ns, Reaching safepoint: 79375 ns, Cleanup: 228375 ns, At safepoint: 21666 ns, Total: 329416 ns
[2025-08-27T04:33:36.873+0000][122][info ][safepoint   ] Safepoint "Cleanup", Time since last: 1001355251 ns, Reaching safepoint: 252500 ns, Cleanup: 12125 ns, At safepoint: 28333 ns, Total: 292958 ns
[2025-08-27T04:33:37.942+0000][122][info ][safepoint   ] Safepoint "Cleanup", Time since last: 1069142667 ns, Reaching safepoint: 18958 ns, Cleanup: 293292 ns, At safepoint: 12666 ns, Total: 324916 ns
[2025-08-27T04:33:39.951+0000][122][info ][safepoint   ] Safepoint "Cleanup", Time since last: 2008808460 ns, Reaching safepoint: 157416 ns, Cleanup: 32250 ns, At safepoint: 21042 ns, Total: 210708 ns
[2025-08-27T04:33:40.952+0000][122][info ][safepoint   ] Safepoint "Cleanup", Time since last: 1001140167 ns, Reaching safepoint: 70542 ns, Cleanup: 36417 ns, At safepoint: 9541 ns, Total: 116500 ns
[2025-08-27T04:33:41.954+0000][122][info ][safepoint   ] Safepoint "Cleanup", Time since last: 1001038709 ns, Reaching safepoint: 67792 ns, Cleanup: 38583 ns, At safepoint: 17042 ns, Total: 123417 ns
[2025-08-27T04:33:45.958+0000][122][info ][safepoint   ] Safepoint "Cleanup", Time since last: 4004747252 ns, Reaching safepoint: 42333 ns, Cleanup: 29708 ns, At safepoint: 14459 ns, Total: 86500 ns
[2025-08-27T04:33:46.960+0000][122][info ][safepoint   ] Safepoint "Cleanup", Time since last: 1001644208 ns, Reaching safepoint: 100250 ns, Cleanup: 135875 ns, At safepoint: 15542 ns, Total: 251667 ns
[2025-08-27T04:33:48.963+0000][122][info ][safepoint   ] Safepoint "Cleanup", Time since last: 2002167293 ns, Reaching safepoint: 94750 ns, Cleanup: 65041 ns, At safepoint: 15334 ns, Total: 175125 ns
[2025-08-27T04:33:53.968+0000][122][info ][safepoint   ] Safepoint "Cleanup", Time since last: 5005553919 ns, Reaching safepoint: 52708 ns, Cleanup: 29583 ns, At safepoint: 18667 ns, Total: 100958 ns
[2025-08-27T04:33:55.108+0000][122][info ][safepoint   ] Safepoint "Cleanup", Time since last: 1139281376 ns, Reaching safepoint: 6500 ns, Cleanup: 114500 ns, At safepoint: 10333 ns, Total: 131333 ns
[2025-08-27T04:33:56.144+0000][122][info ][safepoint   ] Safepoint "Cleanup", Time since last: 1035822584 ns, Reaching safepoint: 22708 ns, Cleanup: 75750 ns, At safepoint: 9875 ns, Total: 108333 ns
[2025-08-27T04:34:02.158+0000][122][info ][safepoint   ] Safepoint "Cleanup", Time since last: 6013947045 ns, Reaching safepoint: 73583 ns, Cleanup: 53125 ns, At safepoint: 45875 ns, Total: 172583 ns
[2025-08-27T04:34:09.167+0000][122][info ][safepoint   ] Safepoint "Cleanup", Time since last: 7008480127 ns, Reaching safepoint: 141959 ns, Cleanup: 116000 ns, At safepoint: 66375 ns, Total: 324334 ns
[2025-08-27T04:34:12.171+0000][122][info ][safepoint   ] Safepoint "Cleanup", Time since last: 3004393043 ns, Reaching safepoint: 77666 ns, Cleanup: 60417 ns, At safepoint: 17875 ns, Total: 155958 ns
[2025-08-27T04:34:13.153+0000][122][info ][gc,start    ] GC(30) Pause Young (Mixed) (G1 Evacuation Pause)
[2025-08-27T04:34:13.153+0000][122][info ][gc,task     ] GC(30) Using 8 workers of 8 for evacuation
[2025-08-27T04:34:13.153+0000][122][debug][gc,age      ] GC(30) Desired survivor size 41943040 bytes, new threshold 9 (max threshold 15)
[2025-08-27T04:34:13.218+0000][122][info ][gc,phases   ] GC(30)   Pre Evacuate Collection Set: 0.43ms
[2025-08-27T04:34:13.218+0000][122][info ][gc,phases   ] GC(30)   Merge Heap Roots: 0.25ms
[2025-08-27T04:34:13.218+0000][122][info ][gc,phases   ] GC(30)   Evacuate Collection Set: 59.90ms
[2025-08-27T04:34:13.218+0000][122][info ][gc,phases   ] GC(30)   Post Evacuate Collection Set: 4.29ms
[2025-08-27T04:34:13.219+0000][122][info ][gc,phases   ] GC(30)   Other: 0.31ms
[2025-08-27T04:34:13.219+0000][122][trace][gc,age      ] GC(30) Age table with threshold 9 (max threshold 15)
[2025-08-27T04:34:13.219+0000][122][trace][gc,age      ] GC(30) - age   1:    2739888 bytes,    2739888 total
[2025-08-27T04:34:13.219+0000][122][trace][gc,age      ] GC(30) - age   2:    8753512 bytes,   11493400 total
[2025-08-27T04:34:13.219+0000][122][trace][gc,age      ] GC(30) - age   3:     971056 bytes,   12464456 total
[2025-08-27T04:34:13.219+0000][122][trace][gc,age      ] GC(30) - age   4:    1616368 bytes,   14080824 total
[2025-08-27T04:34:13.219+0000][122][trace][gc,age      ] GC(30) - age   5:     194272 bytes,   14275096 total
[2025-08-27T04:34:13.219+0000][122][trace][gc,age      ] GC(30) - age   6:    2230400 bytes,   16505496 total
[2025-08-27T04:34:13.219+0000][122][trace][gc,age      ] GC(30) - age   7:     664840 bytes,   17170336 total
[2025-08-27T04:34:13.219+0000][122][trace][gc,age      ] GC(30) - age   8:    3920576 bytes,   21090912 total
[2025-08-27T04:34:13.219+0000][122][trace][gc,age      ] GC(30) - age   9:    4622112 bytes,   25713024 total
[2025-08-27T04:34:13.219+0000][122][info ][gc,heap     ] GC(30) Eden regions: 136->0(145)
[2025-08-27T04:34:13.219+0000][122][info ][gc,heap     ] GC(30) Survivor regions: 17->8(20)
[2025-08-27T04:34:13.219+0000][122][info ][gc,heap     ] GC(30) Old regions: 29->34
[2025-08-27T04:34:13.219+0000][122][info ][gc,heap     ] GC(30) Humongous regions: 2->2
[2025-08-27T04:34:13.219+0000][122][info ][gc,metaspace] GC(30) Metaspace: 163011K(167424K)->163011K(167424K) NonClass: 141066K(143360K)->141066K(143360K) Class: 21944K(24064K)->21944K(24064K)
[2025-08-27T04:34:13.219+0000][122][info ][gc          ] GC(30) Pause Young (Mixed) (G1 Evacuation Pause) 732M->174M(1024M) 66.552ms
[2025-08-27T04:34:13.219+0000][122][info ][gc,cpu      ] GC(30) User=0.48s Sys=0.00s Real=0.07s
[2025-08-27T04:34:13.220+0000][122][info ][safepoint   ] Safepoint "G1CollectForAllocation", Time since last: 981589001 ns, Reaching safepoint: 16000 ns, Cleanup: 4000 ns, At safepoint: 66761375 ns, Total: 66781375 ns
[2025-08-27T04:34:15.221+0000][122][info ][safepoint   ] Safepoint "Cleanup", Time since last: 2000953084 ns, Reaching safepoint: 62792 ns, Cleanup: 42458 ns, At safepoint: 14708 ns, Total: 119958 ns
[2025-08-27T04:34:24.231+0000][122][info ][safepoint   ] Safepoint "Cleanup", Time since last: 9010404296 ns, Reaching safepoint: 82834 ns, Cleanup: 46916 ns, At safepoint: 15334 ns, Total: 145084 ns
[2025-08-27T04:34:35.247+0000][122][info ][safepoint   ] Safepoint "Cleanup", Time since last: 11015336755 ns, Reaching safepoint: 18041 ns, Cleanup: 26875 ns, At safepoint: 13500 ns, Total: 58416 ns
[2025-08-27T04:34:36.248+0000][122][info ][safepoint   ] Safepoint "Cleanup", Time since last: 1000942168 ns, Reaching safepoint: 19958 ns, Cleanup: 18458 ns, At safepoint: 18500 ns, Total: 56916 ns
[2025-08-27T04:34:39.251+0000][122][info ][safepoint   ] Safepoint "Cleanup", Time since last: 3003412585 ns, Reaching safepoint: 23708 ns, Cleanup: 26000 ns, At safepoint: 17542 ns, Total: 67250 ns
[2025-08-27T04:34:40.253+0000][122][info ][safepoint   ] Safepoint "Cleanup", Time since last: 1001200084 ns, Reaching safepoint: 204958 ns, Cleanup: 48125 ns, At safepoint: 39833 ns, Total: 292916 ns
[2025-08-27T04:34:42.239+0000][122][info ][safepoint   ] Safepoint "Cleanup", Time since last: 1986458626 ns, Reaching safepoint: 90708 ns, Cleanup: 38375 ns, At safepoint: 24500 ns, Total: 153583 ns
[2025-08-27T04:34:43.241+0000][122][info ][safepoint   ] Safepoint "Cleanup", Time since last: 1001853834 ns, Reaching safepoint: 31125 ns, Cleanup: 12292 ns, At safepoint: 8167 ns, Total: 51584 ns
[2025-08-27T04:34:47.246+0000][122][info ][safepoint   ] Safepoint "Cleanup", Time since last: 4003949918 ns, Reaching safepoint: 1149292 ns, Cleanup: 44667 ns, At safepoint: 36291 ns, Total: 1230250 ns
[2025-08-27T04:34:48.370+0000][122][info ][safepoint   ] Safepoint "Cleanup", Time since last: 1123874501 ns, Reaching safepoint: 44541 ns, Cleanup: 41375 ns, At safepoint: 12792 ns, Total: 98708 ns
[2025-08-27T04:34:49.372+0000][122][info ][safepoint   ] Safepoint "Cleanup", Time since last: 1001747167 ns, Reaching safepoint: 17917 ns, Cleanup: 18542 ns, At safepoint: 10416 ns, Total: 46875 ns
[2025-08-27T04:34:52.178+0000][122][info ][safepoint   ] Safepoint "Cleanup", Time since last: 2806231793 ns, Reaching safepoint: 44167 ns, Cleanup: 40583 ns, At safepoint: 10500 ns, Total: 95250 ns
[2025-08-27T04:34:54.213+0000][122][info ][safepoint   ] Safepoint "Cleanup", Time since last: 2034729793 ns, Reaching safepoint: 109833 ns, Cleanup: 55375 ns, At safepoint: 37708 ns, Total: 202916 ns
[2025-08-27T04:34:56.990+0000][122][info ][safepoint   ] Safepoint "Cleanup", Time since last: 2775853502 ns, Reaching safepoint: 274708 ns, Cleanup: 52208 ns, At safepoint: 27292 ns, Total: 354208 ns
[2025-08-27T04:34:58.342+0000][122][info ][safepoint   ] Safepoint "Cleanup", Time since last: 1352693042 ns, Reaching safepoint: 17334 ns, Cleanup: 25458 ns, At safepoint: 7042 ns, Total: 49834 ns
[2025-08-27T04:34:59.388+0000][122][info ][safepoint   ] Safepoint "Cleanup", Time since last: 1045228834 ns, Reaching safepoint: 20666 ns, Cleanup: 39542 ns, At safepoint: 9583 ns, Total: 69791 ns
[2025-08-27T04:35:00.392+0000][122][info ][safepoint   ] Safepoint "Cleanup", Time since last: 1004265751 ns, Reaching safepoint: 41416 ns, Cleanup: 25959 ns, At safepoint: 10375 ns, Total: 77750 ns
[2025-08-27T04:35:01.393+0000][122][info ][safepoint   ] Safepoint "Cleanup", Time since last: 1001405667 ns, Reaching safepoint: 84542 ns, Cleanup: 72500 ns, At safepoint: 22125 ns, Total: 179167 ns
[2025-08-27T04:35:02.395+0000][122][info ][safepoint   ] Safepoint "Cleanup", Time since last: 1001800875 ns, Reaching safepoint: 91833 ns, Cleanup: 50625 ns, At safepoint: 47750 ns, Total: 190208 ns
[2025-08-27T04:35:05.255+0000][122][info ][safepoint   ] Safepoint "Cleanup", Time since last: 2859777002 ns, Reaching safepoint: 21958 ns, Cleanup: 50833 ns, At safepoint: 14459 ns, Total: 87250 ns
[2025-08-27T04:35:07.313+0000][122][info ][safepoint   ] Safepoint "Cleanup", Time since last: 2056949542 ns, Reaching safepoint: 883750 ns, Cleanup: 23959 ns, At safepoint: 36708 ns, Total: 944417 ns
[2025-08-27T04:35:09.396+0000][122][info ][safepoint   ] Safepoint "Cleanup", Time since last: 2081860959 ns, Reaching safepoint: 69708 ns, Cleanup: 63083 ns, At safepoint: 25334 ns, Total: 158125 ns
[2025-08-27T04:35:12.399+0000][122][info ][safepoint   ] Safepoint "Cleanup", Time since last: 3002974126 ns, Reaching safepoint: 69375 ns, Cleanup: 50084 ns, At safepoint: 22291 ns, Total: 141750 ns
[2025-08-27T04:35:13.401+0000][122][info ][safepoint   ] Safepoint "Cleanup", Time since last: 1001911376 ns, Reaching safepoint: 33458 ns, Cleanup: 15500 ns, At safepoint: 11292 ns, Total: 60250 ns
[2025-08-27T04:35:14.403+0000][122][info ][safepoint   ] Safepoint "Cleanup", Time since last: 1001586042 ns, Reaching safepoint: 123250 ns, Cleanup: 283125 ns, At safepoint: 27083 ns, Total: 433458 ns
[2025-08-27T04:35:20.409+0000][122][info ][safepoint   ] Safepoint "Cleanup", Time since last: 6006106878 ns, Reaching safepoint: 77000 ns, Cleanup: 43667 ns, At safepoint: 14166 ns, Total: 134833 ns
[2025-08-27T04:35:21.412+0000][122][info ][safepoint   ] Safepoint "Cleanup", Time since last: 1002512626 ns, Reaching safepoint: 94791 ns, Cleanup: 68875 ns, At safepoint: 55750 ns, Total: 219416 ns
[2025-08-27T04:35:22.413+0000][122][info ][safepoint   ] Safepoint "Cleanup", Time since last: 1001392168 ns, Reaching safepoint: 17750 ns, Cleanup: 13166 ns, At safepoint: 12125 ns, Total: 43041 ns
[2025-08-27T04:35:23.415+0000][122][info ][safepoint   ] Safepoint "Cleanup", Time since last: 1001426001 ns, Reaching safepoint: 61958 ns, Cleanup: 53000 ns, At safepoint: 25917 ns, Total: 140875 ns
[2025-08-27T04:35:24.416+0000][122][info ][safepoint   ] Safepoint "Cleanup", Time since last: 1000736459 ns, Reaching safepoint: 71625 ns, Cleanup: 47541 ns, At safepoint: 21584 ns, Total: 140750 ns
[2025-08-27T04:35:25.418+0000][122][info ][safepoint   ] Safepoint "Cleanup", Time since last: 1001400125 ns, Reaching safepoint: 236333 ns, Cleanup: 38917 ns, At safepoint: 23792 ns, Total: 299042 ns
[2025-08-27T04:35:29.601+0000][122][info ][safepoint   ] Safepoint "Cleanup", Time since last: 4183717835 ns, Reaching safepoint: 90875 ns, Cleanup: 97333 ns, At safepoint: 40375 ns, Total: 228583 ns
[2025-08-27T04:35:31.605+0000][122][info ][safepoint   ] Safepoint "Cleanup", Time since last: 2003641585 ns, Reaching safepoint: 19416 ns, Cleanup: 16334 ns, At safepoint: 14583 ns, Total: 50333 ns
[2025-08-27T04:35:32.640+0000][122][info ][safepoint   ] Safepoint "Cleanup", Time since last: 1034650667 ns, Reaching safepoint: 92292 ns, Cleanup: 150750 ns, At safepoint: 18917 ns, Total: 261959 ns
[2025-08-27T04:35:34.644+0000][122][info ][safepoint   ] Safepoint "Cleanup", Time since last: 2003656417 ns, Reaching safepoint: 99083 ns, Cleanup: 79459 ns, At safepoint: 33666 ns, Total: 212208 ns
[2025-08-27T04:35:40.651+0000][122][info ][safepoint   ] Safepoint "Cleanup", Time since last: 6007087503 ns, Reaching safepoint: 97500 ns, Cleanup: 64333 ns, At safepoint: 27167 ns, Total: 189000 ns
[2025-08-27T04:35:49.661+0000][122][info ][safepoint   ] Safepoint "Cleanup", Time since last: 9009838587 ns, Reaching safepoint: 78834 ns, Cleanup: 61500 ns, At safepoint: 18416 ns, Total: 158750 ns
[2025-08-27T04:35:53.665+0000][122][info ][safepoint   ] Safepoint "Cleanup", Time since last: 4004499794 ns, Reaching safepoint: 69625 ns, Cleanup: 14083 ns, At safepoint: 7542 ns, Total: 91250 ns
[2025-08-27T04:35:54.667+0000][122][info ][safepoint   ] Safepoint "Cleanup", Time since last: 1001061667 ns, Reaching safepoint: 62667 ns, Cleanup: 34750 ns, At safepoint: 24833 ns, Total: 122250 ns
[2025-08-27T04:35:58.993+0000][122][info ][safepoint   ] Safepoint "Cleanup", Time since last: 4325776377 ns, Reaching safepoint: 182625 ns, Cleanup: 71125 ns, At safepoint: 27583 ns, Total: 281333 ns
[2025-08-27T04:36:01.601+0000][122][info ][safepoint   ] Safepoint "Cleanup", Time since last: 2608420377 ns, Reaching safepoint: 5916 ns, Cleanup: 12584 ns, At safepoint: 9125 ns, Total: 27625 ns
[2025-08-27T04:36:04.644+0000][122][info ][safepoint   ] Safepoint "Cleanup", Time since last: 3043241959 ns, Reaching safepoint: 76584 ns, Cleanup: 61291 ns, At safepoint: 21250 ns, Total: 159125 ns
[2025-08-27T04:36:07.649+0000][122][info ][safepoint   ] Safepoint "Cleanup", Time since last: 3004372085 ns, Reaching safepoint: 44416 ns, Cleanup: 22292 ns, At safepoint: 17708 ns, Total: 84416 ns
[2025-08-27T04:36:08.651+0000][122][info ][safepoint   ] Safepoint "Cleanup", Time since last: 1001812001 ns, Reaching safepoint: 65708 ns, Cleanup: 47583 ns, At safepoint: 13542 ns, Total: 126833 ns
[2025-08-27T04:36:17.661+0000][122][info ][safepoint   ] Safepoint "Cleanup", Time since last: 9009656921 ns, Reaching safepoint: 121625 ns, Cleanup: 68625 ns, At safepoint: 35750 ns, Total: 226000 ns
[2025-08-27T04:36:23.667+0000][122][info ][safepoint   ] Safepoint "Cleanup", Time since last: 6006657420 ns, Reaching safepoint: 147375 ns, Cleanup: 20541 ns, At safepoint: 10000 ns, Total: 177916 ns
[2025-08-27T04:36:24.669+0000][122][info ][safepoint   ] Safepoint "Cleanup", Time since last: 1001639667 ns, Reaching safepoint: 66834 ns, Cleanup: 36958 ns, At safepoint: 23833 ns, Total: 127625 ns
[2025-08-27T04:36:32.679+0000][122][info ][safepoint   ] Safepoint "Cleanup", Time since last: 8009595338 ns, Reaching safepoint: 57291 ns, Cleanup: 18167 ns, At safepoint: 8042 ns, Total: 83500 ns
[2025-08-27T04:36:33.752+0000][122][info ][safepoint   ] Safepoint "Cleanup", Time since last: 1072971542 ns, Reaching safepoint: 219750 ns, Cleanup: 12000 ns, At safepoint: 7500 ns, Total: 239250 ns
[2025-08-27T04:36:34.856+0000][122][info ][safepoint   ] Safepoint "Cleanup", Time since last: 1103701000 ns, Reaching safepoint: 45042 ns, Cleanup: 51167 ns, At safepoint: 13125 ns, Total: 109334 ns
[2025-08-27T04:36:36.908+0000][122][info ][safepoint   ] Safepoint "Cleanup", Time since last: 2051821626 ns, Reaching safepoint: 23708 ns, Cleanup: 26958 ns, At safepoint: 11875 ns, Total: 62541 ns
[2025-08-27T04:36:47.020+0000][122][info ][safepoint   ] Safepoint "Cleanup", Time since last: 10111356171 ns, Reaching safepoint: 178291 ns, Cleanup: 50209 ns, At safepoint: 36000 ns, Total: 264500 ns
[2025-08-27T04:36:54.029+0000][122][info ][safepoint   ] Safepoint "Cleanup", Time since last: 7009806336 ns, Reaching safepoint: 78959 ns, Cleanup: 33875 ns, At safepoint: 20208 ns, Total: 133042 ns
[2025-08-27T04:36:57.196+0000][122][info ][safepoint   ] Safepoint "Cleanup", Time since last: 3166187002 ns, Reaching safepoint: 44708 ns, Cleanup: 25917 ns, At safepoint: 16458 ns, Total: 87083 ns
[2025-08-27T04:37:03.733+0000][122][info ][safepoint   ] Safepoint "Cleanup", Time since last: 6537022253 ns, Reaching safepoint: 5250 ns, Cleanup: 17750 ns, At safepoint: 10333 ns, Total: 33333 ns
[2025-08-27T04:37:04.750+0000][122][info ][safepoint   ] Safepoint "Cleanup", Time since last: 1016561334 ns, Reaching safepoint: 117250 ns, Cleanup: 94834 ns, At safepoint: 48583 ns, Total: 260667 ns
[2025-08-27T04:37:05.838+0000][122][info ][safepoint   ] Safepoint "Cleanup", Time since last: 1088262167 ns, Reaching safepoint: 4208 ns, Cleanup: 5834 ns, At safepoint: 1750 ns, Total: 11792 ns
[2025-08-27T04:37:06.839+0000][122][info ][safepoint   ] Safepoint "Cleanup", Time since last: 1001371959 ns, Reaching safepoint: 68833 ns, Cleanup: 33500 ns, At safepoint: 16542 ns, Total: 118875 ns
[2025-08-27T04:37:08.842+0000][122][info ][safepoint   ] Safepoint "Cleanup", Time since last: 2002883125 ns, Reaching safepoint: 96167 ns, Cleanup: 66041 ns, At safepoint: 18125 ns, Total: 180333 ns
[2025-08-27T04:37:09.843+0000][122][info ][safepoint   ] Safepoint "Cleanup", Time since last: 1000749918 ns, Reaching safepoint: 44750 ns, Cleanup: 27500 ns, At safepoint: 11541 ns, Total: 83791 ns
[2025-08-27T04:37:11.845+0000][122][info ][safepoint   ] Safepoint "Cleanup", Time since last: 2002142001 ns, Reaching safepoint: 23334 ns, Cleanup: 30625 ns, At safepoint: 9750 ns, Total: 63709 ns
[2025-08-27T04:37:15.850+0000][122][info ][safepoint   ] Safepoint "Cleanup", Time since last: 4004752835 ns, Reaching safepoint: 77000 ns, Cleanup: 48916 ns, At safepoint: 24292 ns, Total: 150208 ns
[2025-08-27T04:37:16.853+0000][122][info ][safepoint   ] Safepoint "Cleanup", Time since last: 1002480167 ns, Reaching safepoint: 68667 ns, Cleanup: 43375 ns, At safepoint: 16708 ns, Total: 128750 ns
[2025-08-27T04:37:17.855+0000][122][info ][safepoint   ] Safepoint "Cleanup", Time since last: 1001550167 ns, Reaching safepoint: 47584 ns, Cleanup: 30375 ns, At safepoint: 15625 ns, Total: 93584 ns
[2025-08-27T04:37:18.871+0000][122][info ][safepoint   ] Safepoint "Cleanup", Time since last: 1016113209 ns, Reaching safepoint: 7333 ns, Cleanup: 16417 ns, At safepoint: 8250 ns, Total: 32000 ns
[2025-08-27T04:37:19.888+0000][122][info ][safepoint   ] Safepoint "Cleanup", Time since last: 1016490583 ns, Reaching safepoint: 201917 ns, Cleanup: 83208 ns, At safepoint: 25000 ns, Total: 310125 ns
[2025-08-27T04:37:22.208+0000][122][info ][safepoint   ] Safepoint "Cleanup", Time since last: 2319570043 ns, Reaching safepoint: 1093334 ns, Cleanup: 11750 ns, At safepoint: 32791 ns, Total: 1137875 ns
[2025-08-27T04:37:24.226+0000][122][info ][safepoint   ] Safepoint "Cleanup", Time since last: 2017585293 ns, Reaching safepoint: 41125 ns, Cleanup: 32750 ns, At safepoint: 13291 ns, Total: 87166 ns
[2025-08-27T04:37:25.228+0000][122][info ][safepoint   ] Safepoint "Cleanup", Time since last: 1001757459 ns, Reaching safepoint: 83209 ns, Cleanup: 56500 ns, At safepoint: 30083 ns, Total: 169792 ns
[2025-08-27T04:37:30.234+0000][122][info ][safepoint   ] Safepoint "Cleanup", Time since last: 5006058877 ns, Reaching safepoint: 226375 ns, Cleanup: 69792 ns, At safepoint: 28708 ns, Total: 324875 ns
[2025-08-27T04:37:33.238+0000][122][info ][safepoint   ] Safepoint "Cleanup", Time since last: 3003634210 ns, Reaching safepoint: 258375 ns, Cleanup: 17708 ns, At safepoint: 12250 ns, Total: 288333 ns
[2025-08-27T04:37:34.240+0000][122][info ][safepoint   ] Safepoint "Cleanup", Time since last: 1001597709 ns, Reaching safepoint: 242542 ns, Cleanup: 175125 ns, At safepoint: 34167 ns, Total: 451834 ns
[2025-08-27T04:37:37.249+0000][122][info ][safepoint   ] Safepoint "Cleanup", Time since last: 3008604251 ns, Reaching safepoint: 50958 ns, Cleanup: 32459 ns, At safepoint: 16583 ns, Total: 100000 ns
[2025-08-27T04:37:47.260+0000][122][info ][safepoint   ] Safepoint "Cleanup", Time since last: 10010982129 ns, Reaching safepoint: 81333 ns, Cleanup: 29958 ns, At safepoint: 34209 ns, Total: 145500 ns
[2025-08-27T04:38:06.718+0000][122][info ][safepoint   ] Safepoint "Cleanup", Time since last: 19457778342 ns, Reaching safepoint: 5584 ns, Cleanup: 9083 ns, At safepoint: 2000 ns, Total: 16667 ns
[2025-08-27T04:38:08.186+0000][122][info ][safepoint   ] Safepoint "Cleanup", Time since last: 1471668042 ns, Reaching safepoint: 17375 ns, Cleanup: 41292 ns, At safepoint: 16917 ns, Total: 75584 ns
[2025-08-27T04:38:12.193+0000][122][info ][safepoint   ] Safepoint "Cleanup", Time since last: 4006751835 ns, Reaching safepoint: 67583 ns, Cleanup: 42667 ns, At safepoint: 28875 ns, Total: 139125 ns
[2025-08-27T04:38:20.770+0000][122][info ][safepoint   ] Safepoint "Cleanup", Time since last: 8576801421 ns, Reaching safepoint: 132291 ns, Cleanup: 49209 ns, At safepoint: 23250 ns, Total: 204750 ns
[2025-08-27T04:38:22.241+0000][122][info ][safepoint   ] Safepoint "Cleanup", Time since last: 1471232125 ns, Reaching safepoint: 59209 ns, Cleanup: 32458 ns, At safepoint: 26000 ns, Total: 117667 ns
[2025-08-27T04:38:23.245+0000][122][info ][safepoint   ] Safepoint "Cleanup", Time since last: 1003743667 ns, Reaching safepoint: 43958 ns, Cleanup: 28084 ns, At safepoint: 13833 ns, Total: 85875 ns
[2025-08-27T04:38:27.249+0000][122][info ][safepoint   ] Safepoint "Cleanup", Time since last: 4004146544 ns, Reaching safepoint: 137708 ns, Cleanup: 35750 ns, At safepoint: 36750 ns, Total: 210208 ns
[2025-08-27T04:38:28.251+0000][122][info ][safepoint   ] Safepoint "Cleanup", Time since last: 1001972834 ns, Reaching safepoint: 43583 ns, Cleanup: 78083 ns, At safepoint: 15625 ns, Total: 137291 ns
[2025-08-27T04:38:31.255+0000][122][info ][safepoint   ] Safepoint "Cleanup", Time since last: 3003270627 ns, Reaching safepoint: 93917 ns, Cleanup: 30000 ns, At safepoint: 22500 ns, Total: 146417 ns
[2025-08-27T04:38:34.259+0000][122][info ][safepoint   ] Safepoint "Cleanup", Time since last: 3004182001 ns, Reaching safepoint: 17375 ns, Cleanup: 16542 ns, At safepoint: 6375 ns, Total: 40292 ns
[2025-08-27T04:38:37.262+0000][122][info ][safepoint   ] Safepoint "Cleanup", Time since last: 3003428418 ns, Reaching safepoint: 50041 ns, Cleanup: 32209 ns, At safepoint: 16000 ns, Total: 98250 ns
[2025-08-27T04:38:52.272+0000][122][info ][safepoint   ] Safepoint "Cleanup", Time since last: 15016974298 ns, Reaching safepoint: 99792 ns, Cleanup: 85625 ns, At safepoint: 21250 ns, Total: 206667 ns
[2025-08-27T04:38:54.275+0000][122][info ][safepoint   ] Safepoint "Cleanup", Time since last: 2002854918 ns, Reaching safepoint: 66000 ns, Cleanup: 98916 ns, At safepoint: 15834 ns, Total: 180750 ns
[2025-08-27T04:39:02.576+0000][122][info ][safepoint   ] Safepoint "Cleanup", Time since last: 8301335378 ns, Reaching safepoint: 200459 ns, Cleanup: 127375 ns, At safepoint: 36875 ns, Total: 364709 ns
[2025-08-27T04:39:09.716+0000][122][info ][safepoint   ] Safepoint "Cleanup", Time since last: 7140508502 ns, Reaching safepoint: 5500 ns, Cleanup: 15959 ns, At safepoint: 4958 ns, Total: 26417 ns
[2025-08-27T04:39:11.415+0000][122][info ][safepoint   ] Safepoint "Cleanup", Time since last: 1699250417 ns, Reaching safepoint: 23250 ns, Cleanup: 106000 ns, At safepoint: 30125 ns, Total: 159375 ns
[2025-08-27T04:39:12.422+0000][122][info ][safepoint   ] Safepoint "Cleanup", Time since last: 1006553459 ns, Reaching safepoint: 68834 ns, Cleanup: 80250 ns, At safepoint: 19833 ns, Total: 168917 ns
[2025-08-27T04:39:29.171+0000][122][info ][gc,start    ] GC(31) Pause Young (Concurrent Start) (G1 Evacuation Pause)
[2025-08-27T04:39:29.172+0000][122][info ][gc,task     ] GC(31) Using 8 workers of 8 for evacuation
[2025-08-27T04:39:29.172+0000][122][debug][gc,age      ] GC(31) Desired survivor size 41943040 bytes, new threshold 15 (max threshold 15)
[2025-08-27T04:39:29.213+0000][122][info ][gc,phases   ] GC(31)   Pre Evacuate Collection Set: 1.03ms
[2025-08-27T04:39:29.213+0000][122][info ][gc,phases   ] GC(31)   Merge Heap Roots: 0.45ms
[2025-08-27T04:39:29.213+0000][122][info ][gc,phases   ] GC(31)   Evacuate Collection Set: 36.57ms
[2025-08-27T04:39:29.213+0000][122][info ][gc,phases   ] GC(31)   Post Evacuate Collection Set: 2.36ms
[2025-08-27T04:39:29.213+0000][122][info ][gc,phases   ] GC(31)   Other: 0.56ms
[2025-08-27T04:39:29.213+0000][122][trace][gc,age      ] GC(31) Age table with threshold 15 (max threshold 15)
[2025-08-27T04:39:29.213+0000][122][trace][gc,age      ] GC(31) - age   1:    1487432 bytes,    1487432 total
[2025-08-27T04:39:29.213+0000][122][trace][gc,age      ] GC(31) - age   2:    2077576 bytes,    3565008 total
[2025-08-27T04:39:29.213+0000][122][trace][gc,age      ] GC(31) - age   3:    8217712 bytes,   11782720 total
[2025-08-27T04:39:29.213+0000][122][trace][gc,age      ] GC(31) - age   4:     676288 bytes,   12459008 total
[2025-08-27T04:39:29.213+0000][122][trace][gc,age      ] GC(31) - age   5:    1129264 bytes,   13588272 total
[2025-08-27T04:39:29.213+0000][122][trace][gc,age      ] GC(31) - age   6:     194144 bytes,   13782416 total
[2025-08-27T04:39:29.213+0000][122][trace][gc,age      ] GC(31) - age   7:    2229912 bytes,   16012328 total
[2025-08-27T04:39:29.213+0000][122][trace][gc,age      ] GC(31) - age   8:     664840 bytes,   16677168 total
[2025-08-27T04:39:29.213+0000][122][trace][gc,age      ] GC(31) - age   9:    3914272 bytes,   20591440 total
[2025-08-27T04:39:29.213+0000][122][trace][gc,age      ] GC(31) - age  10:    4622112 bytes,   25213552 total
[2025-08-27T04:39:29.214+0000][122][info ][gc,heap     ] GC(31) Eden regions: 145->0(146)
[2025-08-27T04:39:29.214+0000][122][info ][gc,heap     ] GC(31) Survivor regions: 8->7(20)
[2025-08-27T04:39:29.214+0000][122][info ][gc,heap     ] GC(31) Old regions: 34->34
[2025-08-27T04:39:29.214+0000][122][info ][gc,heap     ] GC(31) Humongous regions: 2->2
[2025-08-27T04:39:29.214+0000][122][info ][gc,metaspace] GC(31) Metaspace: 163352K(167552K)->163352K(167552K) NonClass: 141404K(143488K)->141404K(143488K) Class: 21948K(24064K)->21948K(24064K)
[2025-08-27T04:39:29.214+0000][122][info ][gc          ] GC(31) Pause Young (Concurrent Start) (G1 Evacuation Pause) 754M->172M(1024M) 42.531ms
[2025-08-27T04:39:29.214+0000][122][info ][gc          ] GC(32) Concurrent Mark Cycle
[2025-08-27T04:39:29.214+0000][122][info ][gc,marking  ] GC(32) Concurrent Scan Root Regions
[2025-08-27T04:39:29.214+0000][122][info ][gc,cpu      ] GC(31) User=0.29s Sys=0.01s Real=0.05s
[2025-08-27T04:39:29.214+0000][122][info ][safepoint   ] Safepoint "G1CollectForAllocation", Time since last: 16749410383 ns, Reaching safepoint: 41167 ns, Cleanup: 12666 ns, At safepoint: 42986375 ns, Total: 43040208 ns
[2025-08-27T04:39:29.225+0000][122][info ][gc,marking  ] GC(32) Concurrent Scan Root Regions 10.954ms
[2025-08-27T04:39:29.225+0000][122][info ][gc,marking  ] GC(32) Concurrent Mark
[2025-08-27T04:39:29.225+0000][122][info ][gc,marking  ] GC(32) Concurrent Mark From Roots
[2025-08-27T04:39:29.225+0000][122][info ][gc,task     ] GC(32) Using 2 workers of 2 for marking
[2025-08-27T04:39:29.297+0000][122][info ][gc,marking  ] GC(32) Concurrent Mark From Roots 71.707ms
[2025-08-27T04:39:29.297+0000][122][info ][gc,marking  ] GC(32) Concurrent Preclean
[2025-08-27T04:39:29.297+0000][122][info ][gc,marking  ] GC(32) Concurrent Preclean 0.411ms
[2025-08-27T04:39:29.297+0000][122][info ][gc,start    ] GC(32) Pause Remark
[2025-08-27T04:39:29.384+0000][122][info ][gc          ] GC(32) Pause Remark 172M->172M(1024M) 86.974ms
[2025-08-27T04:39:29.385+0000][122][info ][gc,cpu      ] GC(32) User=0.56s Sys=0.01s Real=0.09s
[2025-08-27T04:39:29.385+0000][122][info ][safepoint   ] Safepoint "G1PauseRemark", Time since last: 83177667 ns, Reaching safepoint: 91875 ns, Cleanup: 8042 ns, At safepoint: 87314666 ns, Total: 87414583 ns
[2025-08-27T04:39:29.385+0000][122][info ][gc,marking  ] GC(32) Concurrent Mark 160.209ms
[2025-08-27T04:39:29.385+0000][122][info ][gc,marking  ] GC(32) Concurrent Rebuild Remembered Sets and Scrub Regions
[2025-08-27T04:39:29.414+0000][122][info ][gc,marking  ] GC(32) Concurrent Rebuild Remembered Sets and Scrub Regions 28.713ms
[2025-08-27T04:39:29.414+0000][122][info ][gc,start    ] GC(32) Pause Cleanup
[2025-08-27T04:39:29.414+0000][122][info ][gc          ] GC(32) Pause Cleanup 174M->174M(1024M) 0.151ms
[2025-08-27T04:39:29.414+0000][122][info ][gc,cpu      ] GC(32) User=0.00s Sys=0.00s Real=0.00s
[2025-08-27T04:39:29.414+0000][122][info ][safepoint   ] Safepoint "G1PauseCleanup", Time since last: 29337834 ns, Reaching safepoint: 11041 ns, Cleanup: 71375 ns, At safepoint: 302584 ns, Total: 385000 ns
[2025-08-27T04:39:29.414+0000][122][info ][gc,marking  ] GC(32) Concurrent Clear Claimed Marks
[2025-08-27T04:39:29.415+0000][122][info ][gc,marking  ] GC(32) Concurrent Clear Claimed Marks 0.190ms
[2025-08-27T04:39:29.415+0000][122][info ][gc,marking  ] GC(32) Concurrent Cleanup for Next Mark
[2025-08-27T04:39:29.419+0000][122][info ][gc,marking  ] GC(32) Concurrent Cleanup for Next Mark 4.752ms
[2025-08-27T04:39:29.420+0000][122][info ][gc          ] GC(32) Concurrent Mark Cycle 205.743ms
[2025-08-27T04:39:30.415+0000][122][info ][safepoint   ] Safepoint "Cleanup", Time since last: 1000893708 ns, Reaching safepoint: 63625 ns, Cleanup: 44375 ns, At safepoint: 26834 ns, Total: 134834 ns
[2025-08-27T04:39:37.423+0000][122][info ][safepoint   ] Safepoint "Cleanup", Time since last: 7007780878 ns, Reaching safepoint: 43583 ns, Cleanup: 26750 ns, At safepoint: 14084 ns, Total: 84417 ns
[2025-08-27T04:39:39.427+0000][122][info ][safepoint   ] Safepoint "Cleanup", Time since last: 2003197084 ns, Reaching safepoint: 34041 ns, Cleanup: 23750 ns, At safepoint: 10834 ns, Total: 68625 ns
[2025-08-27T04:39:40.428+0000][122][info ][safepoint   ] Safepoint "Cleanup", Time since last: 1001370792 ns, Reaching safepoint: 44875 ns, Cleanup: 35917 ns, At safepoint: 54958 ns, Total: 135750 ns
[2025-08-27T04:39:45.434+0000][122][info ][safepoint   ] Safepoint "Cleanup", Time since last: 5005851336 ns, Reaching safepoint: 43541 ns, Cleanup: 52292 ns, At safepoint: 40958 ns, Total: 136791 ns
[2025-08-27T04:39:47.437+0000][122][info ][safepoint   ] Safepoint "Cleanup", Time since last: 2002689710 ns, Reaching safepoint: 44541 ns, Cleanup: 32292 ns, At safepoint: 53833 ns, Total: 130666 ns
[2025-08-27T04:40:04.684+0000][122][info ][safepoint   ] Safepoint "Cleanup", Time since last: 17247122008 ns, Reaching safepoint: 118459 ns, Cleanup: 25166 ns, At safepoint: 23667 ns, Total: 167292 ns
[2025-08-27T04:40:08.690+0000][122][info ][safepoint   ] Safepoint "Cleanup", Time since last: 4005506877 ns, Reaching safepoint: 57000 ns, Cleanup: 47166 ns, At safepoint: 17584 ns, Total: 121750 ns
[2025-08-27T04:40:13.639+0000][122][info ][safepoint   ] Safepoint "Cleanup", Time since last: 4948993919 ns, Reaching safepoint: 7000 ns, Cleanup: 10791 ns, At safepoint: 7042 ns, Total: 24833 ns
[2025-08-27T04:40:14.670+0000][122][info ][safepoint   ] Safepoint "Cleanup", Time since last: 1031571626 ns, Reaching safepoint: 23500 ns, Cleanup: 35416 ns, At safepoint: 9292 ns, Total: 68208 ns
[2025-08-27T04:40:15.676+0000][122][info ][safepoint   ] Safepoint "Cleanup", Time since last: 1005357959 ns, Reaching safepoint: 284958 ns, Cleanup: 64500 ns, At safepoint: 24875 ns, Total: 374333 ns
[2025-08-27T04:40:36.697+0000][122][info ][safepoint   ] Safepoint "Cleanup", Time since last: 21020722052 ns, Reaching safepoint: 56250 ns, Cleanup: 20500 ns, At safepoint: 18041 ns, Total: 94791 ns
[2025-08-27T04:41:03.788+0000][122][info ][safepoint   ] Safepoint "Cleanup", Time since last: 27091614887 ns, Reaching safepoint: 58000 ns, Cleanup: 26459 ns, At safepoint: 20291 ns, Total: 104750 ns
[2025-08-27T04:41:08.796+0000][122][info ][safepoint   ] Safepoint "Cleanup", Time since last: 5007607586 ns, Reaching safepoint: 75250 ns, Cleanup: 32625 ns, At safepoint: 14666 ns, Total: 122541 ns
[2025-08-27T04:41:15.735+0000][122][info ][safepoint   ] Safepoint "Cleanup", Time since last: 6938589712 ns, Reaching safepoint: 6750 ns, Cleanup: 12417 ns, At safepoint: 2250 ns, Total: 21417 ns
[2025-08-27T04:41:16.890+0000][122][info ][safepoint   ] Safepoint "Cleanup", Time since last: 1155230542 ns, Reaching safepoint: 7458 ns, Cleanup: 57542 ns, At safepoint: 10208 ns, Total: 75208 ns
[2025-08-27T04:41:21.920+0000][122][info ][safepoint   ] Safepoint "Cleanup", Time since last: 5029528003 ns, Reaching safepoint: 66583 ns, Cleanup: 45083 ns, At safepoint: 28959 ns, Total: 140625 ns
[2025-08-27T04:41:26.927+0000][122][info ][safepoint   ] Safepoint "Cleanup", Time since last: 5007205919 ns, Reaching safepoint: 69291 ns, Cleanup: 38709 ns, At safepoint: 29916 ns, Total: 137916 ns
[2025-08-27T04:41:27.929+0000][122][info ][safepoint   ] Safepoint "Cleanup", Time since last: 1001845709 ns, Reaching safepoint: 54250 ns, Cleanup: 37875 ns, At safepoint: 12375 ns, Total: 104500 ns
[2025-08-27T04:41:30.933+0000][122][info ][safepoint   ] Safepoint "Cleanup", Time since last: 3003968043 ns, Reaching safepoint: 14875 ns, Cleanup: 15042 ns, At safepoint: 6333 ns, Total: 36250 ns
[2025-08-27T04:41:34.936+0000][122][info ][safepoint   ] Safepoint "Cleanup", Time since last: 4002725544 ns, Reaching safepoint: 76167 ns, Cleanup: 40625 ns, At safepoint: 20583 ns, Total: 137375 ns
[2025-08-27T04:41:42.944+0000][122][info ][safepoint   ] Safepoint "Cleanup", Time since last: 8007830586 ns, Reaching safepoint: 17708 ns, Cleanup: 25542 ns, At safepoint: 9000 ns, Total: 52250 ns
[2025-08-27T04:41:56.882+0000][122][info ][safepoint   ] Safepoint "Cleanup", Time since last: 13937852340 ns, Reaching safepoint: 50917 ns, Cleanup: 37125 ns, At safepoint: 11541 ns, Total: 99583 ns
[2025-08-27T04:42:03.889+0000][122][info ][safepoint   ] Safepoint "Cleanup", Time since last: 7007301212 ns, Reaching safepoint: 64667 ns, Cleanup: 50166 ns, At safepoint: 19542 ns, Total: 134375 ns
[2025-08-27T04:42:08.896+0000][122][info ][safepoint   ] Safepoint "Cleanup", Time since last: 5006552460 ns, Reaching safepoint: 115208 ns, Cleanup: 32709 ns, At safepoint: 41625 ns, Total: 189542 ns
[2025-08-27T04:42:18.739+0000][122][info ][safepoint   ] Safepoint "Cleanup", Time since last: 9843421005 ns, Reaching safepoint: 7208 ns, Cleanup: 11083 ns, At safepoint: 7375 ns, Total: 25666 ns
[2025-08-27T04:42:20.139+0000][122][info ][safepoint   ] Safepoint "Cleanup", Time since last: 1399522001 ns, Reaching safepoint: 68042 ns, Cleanup: 69458 ns, At safepoint: 37208 ns, Total: 174708 ns
[2025-08-27T04:42:21.141+0000][122][info ][safepoint   ] Safepoint "Cleanup", Time since last: 1001726792 ns, Reaching safepoint: 108167 ns, Cleanup: 56625 ns, At safepoint: 28708 ns, Total: 193500 ns
[2025-08-27T04:42:22.154+0000][122][info ][safepoint   ] Safepoint "Cleanup", Time since last: 1012680459 ns, Reaching safepoint: 8708 ns, Cleanup: 25292 ns, At safepoint: 10667 ns, Total: 44667 ns
[2025-08-27T04:42:23.174+0000][122][info ][safepoint   ] Safepoint "Cleanup", Time since last: 1019867750 ns, Reaching safepoint: 14417 ns, Cleanup: 11917 ns, At safepoint: 7541 ns, Total: 33875 ns
[2025-08-27T04:42:24.224+0000][122][info ][safepoint   ] Safepoint "Cleanup", Time since last: 1050242209 ns, Reaching safepoint: 103375 ns, Cleanup: 70958 ns, At safepoint: 31042 ns, Total: 205375 ns
[2025-08-27T04:42:25.226+0000][122][info ][safepoint   ] Safepoint "Cleanup", Time since last: 1002096459 ns, Reaching safepoint: 85417 ns, Cleanup: 45625 ns, At safepoint: 18583 ns, Total: 149625 ns
[2025-08-27T04:42:36.199+0000][122][info ][safepoint   ] Safepoint "Cleanup", Time since last: 10972279297 ns, Reaching safepoint: 57583 ns, Cleanup: 37834 ns, At safepoint: 79458 ns, Total: 174875 ns
[2025-08-27T04:42:37.201+0000][122][info ][safepoint   ] Safepoint "Cleanup", Time since last: 1002103959 ns, Reaching safepoint: 85500 ns, Cleanup: 43291 ns, At safepoint: 27959 ns, Total: 156750 ns
[2025-08-27T04:42:38.203+0000][122][info ][safepoint   ] Safepoint "Cleanup", Time since last: 1001790541 ns, Reaching safepoint: 12084 ns, Cleanup: 12208 ns, At safepoint: 5292 ns, Total: 29584 ns
[2025-08-27T04:42:42.208+0000][122][info ][safepoint   ] Safepoint "Cleanup", Time since last: 4005033127 ns, Reaching safepoint: 92041 ns, Cleanup: 44292 ns, At safepoint: 17958 ns, Total: 154291 ns
[2025-08-27T04:42:43.209+0000][122][info ][safepoint   ] Safepoint "Cleanup", Time since last: 1001427918 ns, Reaching safepoint: 74750 ns, Cleanup: 66708 ns, At safepoint: 20833 ns, Total: 162291 ns
[2025-08-27T04:42:44.211+0000][122][info ][safepoint   ] Safepoint "Cleanup", Time since last: 1001167709 ns, Reaching safepoint: 75333 ns, Cleanup: 27834 ns, At safepoint: 26416 ns, Total: 129583 ns
[2025-08-27T04:42:46.212+0000][122][info ][safepoint   ] Safepoint "Cleanup", Time since last: 2001699126 ns, Reaching safepoint: 67834 ns, Cleanup: 41541 ns, At safepoint: 14750 ns, Total: 124125 ns
[2025-08-27T04:42:49.216+0000][122][info ][safepoint   ] Safepoint "Cleanup", Time since last: 3003513127 ns, Reaching safepoint: 64000 ns, Cleanup: 37375 ns, At safepoint: 18541 ns, Total: 119916 ns
[2025-08-27T04:42:58.067+0000][122][info ][safepoint   ] Safepoint "Cleanup", Time since last: 8850496630 ns, Reaching safepoint: 71083 ns, Cleanup: 25792 ns, At safepoint: 11791 ns, Total: 108666 ns
[2025-08-27T04:43:05.075+0000][122][info ][safepoint   ] Safepoint "Cleanup", Time since last: 7008067462 ns, Reaching safepoint: 89208 ns, Cleanup: 46834 ns, At safepoint: 15541 ns, Total: 151583 ns
[2025-08-27T04:43:06.077+0000][122][info ][safepoint   ] Safepoint "Cleanup", Time since last: 1001678917 ns, Reaching safepoint: 86375 ns, Cleanup: 51834 ns, At safepoint: 19875 ns, Total: 158084 ns
[2025-08-27T04:43:08.080+0000][122][info ][safepoint   ] Safepoint "Cleanup", Time since last: 2002924375 ns, Reaching safepoint: 21458 ns, Cleanup: 18792 ns, At safepoint: 15458 ns, Total: 55708 ns
[2025-08-27T04:43:09.081+0000][122][info ][safepoint   ] Safepoint "Cleanup", Time since last: 1000953001 ns, Reaching safepoint: 52042 ns, Cleanup: 33166 ns, At safepoint: 12417 ns, Total: 97625 ns
[2025-08-27T04:43:10.082+0000][122][info ][safepoint   ] Safepoint "Cleanup", Time since last: 1000940042 ns, Reaching safepoint: 12625 ns, Cleanup: 10292 ns, At safepoint: 5208 ns, Total: 28125 ns
[2025-08-27T04:43:16.088+0000][122][info ][safepoint   ] Safepoint "Cleanup", Time since last: 6005929878 ns, Reaching safepoint: 69958 ns, Cleanup: 32875 ns, At safepoint: 14500 ns, Total: 117333 ns
[2025-08-27T04:43:19.092+0000][122][info ][safepoint   ] Safepoint "Cleanup", Time since last: 3003953668 ns, Reaching safepoint: 159500 ns, Cleanup: 50875 ns, At safepoint: 38292 ns, Total: 248667 ns
[2025-08-27T04:43:21.760+0000][122][info ][safepoint   ] Safepoint "Cleanup", Time since last: 2667693251 ns, Reaching safepoint: 6917 ns, Cleanup: 20167 ns, At safepoint: 2666 ns, Total: 29750 ns
[2025-08-27T04:43:23.489+0000][122][info ][safepoint   ] Safepoint "Cleanup", Time since last: 1728901501 ns, Reaching safepoint: 10750 ns, Cleanup: 38292 ns, At safepoint: 10125 ns, Total: 59167 ns
[2025-08-27T04:43:34.505+0000][122][info ][safepoint   ] Safepoint "Cleanup", Time since last: 11016122922 ns, Reaching safepoint: 62250 ns, Cleanup: 32041 ns, At safepoint: 14875 ns, Total: 109166 ns
[2025-08-27T04:43:40.513+0000][122][info ][safepoint   ] Safepoint "Cleanup", Time since last: 6008238377 ns, Reaching safepoint: 125834 ns, Cleanup: 25750 ns, At safepoint: 15208 ns, Total: 166792 ns
[2025-08-27T04:43:47.521+0000][122][info ][safepoint   ] Safepoint "Cleanup", Time since last: 7007463003 ns, Reaching safepoint: 58042 ns, Cleanup: 28667 ns, At safepoint: 13000 ns, Total: 99709 ns
[2025-08-27T04:43:52.527+0000][122][info ][safepoint   ] Safepoint "Cleanup", Time since last: 5006546919 ns, Reaching safepoint: 66750 ns, Cleanup: 45416 ns, At safepoint: 23542 ns, Total: 135708 ns
[2025-08-27T04:43:54.529+0000][122][info ][safepoint   ] Safepoint "Cleanup", Time since last: 2002041501 ns, Reaching safepoint: 59042 ns, Cleanup: 31708 ns, At safepoint: 13292 ns, Total: 104042 ns
[2025-08-27T04:43:55.531+0000][122][info ][safepoint   ] Safepoint "Cleanup", Time since last: 1001111958 ns, Reaching safepoint: 56334 ns, Cleanup: 41833 ns, At safepoint: 12417 ns, Total: 110584 ns
[2025-08-27T04:43:57.217+0000][122][info ][safepoint   ] Safepoint "Cleanup", Time since last: 1685979626 ns, Reaching safepoint: 68500 ns, Cleanup: 39791 ns, At safepoint: 15750 ns, Total: 124041 ns
[2025-08-27T04:43:58.218+0000][122][info ][safepoint   ] Safepoint "Cleanup", Time since last: 1001588042 ns, Reaching safepoint: 74792 ns, Cleanup: 53042 ns, At safepoint: 22291 ns, Total: 150125 ns
[2025-08-27T04:44:02.225+0000][122][info ][safepoint   ] Safepoint "Cleanup", Time since last: 4006422294 ns, Reaching safepoint: 125042 ns, Cleanup: 57958 ns, At safepoint: 28875 ns, Total: 211875 ns
[2025-08-27T04:44:03.755+0000][122][info ][safepoint   ] Safepoint "Cleanup", Time since last: 1529886459 ns, Reaching safepoint: 7208 ns, Cleanup: 16500 ns, At safepoint: 6709 ns, Total: 30417 ns
[2025-08-27T04:44:05.693+0000][122][info ][safepoint   ] Safepoint "Cleanup", Time since last: 1937292792 ns, Reaching safepoint: 86334 ns, Cleanup: 390125 ns, At safepoint: 32125 ns, Total: 508584 ns
[2025-08-27T04:44:06.745+0000][122][info ][safepoint   ] Safepoint "Cleanup", Time since last: 1052148458 ns, Reaching safepoint: 17667 ns, Cleanup: 54083 ns, At safepoint: 5209 ns, Total: 76959 ns
[2025-08-27T04:44:08.522+0000][122][info ][safepoint   ] Safepoint "Cleanup", Time since last: 1775890750 ns, Reaching safepoint: 153042 ns, Cleanup: 46541 ns, At safepoint: 16875 ns, Total: 216458 ns
[2025-08-27T04:44:09.524+0000][122][info ][safepoint   ] Safepoint "Cleanup", Time since last: 1001654792 ns, Reaching safepoint: 89542 ns, Cleanup: 100042 ns, At safepoint: 19250 ns, Total: 208834 ns
[2025-08-27T04:44:13.529+0000][122][info ][safepoint   ] Safepoint "Cleanup", Time since last: 4005400502 ns, Reaching safepoint: 24333 ns, Cleanup: 17375 ns, At safepoint: 7417 ns, Total: 49125 ns
[2025-08-27T04:44:24.752+0000][122][info ][safepoint   ] Safepoint "Cleanup", Time since last: 11222691047 ns, Reaching safepoint: 4583 ns, Cleanup: 6417 ns, At safepoint: 2166 ns, Total: 13166 ns
[2025-08-27T04:44:25.784+0000][122][info ][safepoint   ] Safepoint "Cleanup", Time since last: 1032280709 ns, Reaching safepoint: 165250 ns, Cleanup: 56542 ns, At safepoint: 17625 ns, Total: 239417 ns
[2025-08-27T04:44:26.858+0000][122][info ][safepoint   ] Safepoint "Cleanup", Time since last: 1073192625 ns, Reaching safepoint: 8334 ns, Cleanup: 40500 ns, At safepoint: 44333 ns, Total: 93167 ns
[2025-08-27T04:44:31.866+0000][122][info ][safepoint   ] Safepoint "Cleanup", Time since last: 5008565961 ns, Reaching safepoint: 62958 ns, Cleanup: 41667 ns, At safepoint: 14333 ns, Total: 118958 ns
[2025-08-27T04:44:36.878+0000][122][info ][safepoint   ] Safepoint "Cleanup", Time since last: 5011684002 ns, Reaching safepoint: 77709 ns, Cleanup: 32916 ns, At safepoint: 16125 ns, Total: 126750 ns
[2025-08-27T04:44:38.705+0000][122][info ][safepoint   ] Safepoint "Cleanup", Time since last: 1826989292 ns, Reaching safepoint: 59250 ns, Cleanup: 32833 ns, At safepoint: 17417 ns, Total: 109500 ns
[2025-08-27T04:44:54.759+0000][122][info ][gc,start    ] GC(33) Pause Young (Prepare Mixed) (G1 Evacuation Pause)
[2025-08-27T04:44:54.760+0000][122][info ][gc,task     ] GC(33) Using 8 workers of 8 for evacuation
[2025-08-27T04:44:54.761+0000][122][debug][gc,age      ] GC(33) Desired survivor size 41943040 bytes, new threshold 15 (max threshold 15)
[2025-08-27T04:44:54.801+0000][122][info ][gc,phases   ] GC(33)   Pre Evacuate Collection Set: 1.24ms
[2025-08-27T04:44:54.801+0000][122][info ][gc,phases   ] GC(33)   Merge Heap Roots: 0.37ms
[2025-08-27T04:44:54.802+0000][122][info ][gc,phases   ] GC(33)   Evacuate Collection Set: 35.65ms
[2025-08-27T04:44:54.802+0000][122][info ][gc,phases   ] GC(33)   Post Evacuate Collection Set: 3.15ms
[2025-08-27T04:44:54.802+0000][122][info ][gc,phases   ] GC(33)   Other: 0.59ms
[2025-08-27T04:44:54.802+0000][122][trace][gc,age      ] GC(33) Age table with threshold 15 (max threshold 15)
[2025-08-27T04:44:54.802+0000][122][trace][gc,age      ] GC(33) - age   1:    1167008 bytes,    1167008 total
[2025-08-27T04:44:54.802+0000][122][trace][gc,age      ] GC(33) - age   2:     588416 bytes,    1755424 total
[2025-08-27T04:44:54.802+0000][122][trace][gc,age      ] GC(33) - age   3:    1699768 bytes,    3455192 total
[2025-08-27T04:44:54.802+0000][122][trace][gc,age      ] GC(33) - age   4:    8215504 bytes,   11670696 total
[2025-08-27T04:44:54.802+0000][122][trace][gc,age      ] GC(33) - age   5:     672008 bytes,   12342704 total
[2025-08-27T04:44:54.802+0000][122][trace][gc,age      ] GC(33) - age   6:    1129040 bytes,   13471744 total
[2025-08-27T04:44:54.802+0000][122][trace][gc,age      ] GC(33) - age   7:     194144 bytes,   13665888 total
[2025-08-27T04:44:54.802+0000][122][trace][gc,age      ] GC(33) - age   8:    2229216 bytes,   15895104 total
[2025-08-27T04:44:54.802+0000][122][trace][gc,age      ] GC(33) - age   9:     664840 bytes,   16559944 total
[2025-08-27T04:44:54.802+0000][122][trace][gc,age      ] GC(33) - age  10:    3914120 bytes,   20474064 total
[2025-08-27T04:44:54.802+0000][122][trace][gc,age      ] GC(33) - age  11:    4611744 bytes,   25085808 total
[2025-08-27T04:44:54.802+0000][122][info ][gc,heap     ] GC(33) Eden regions: 146->0(146)
[2025-08-27T04:44:54.802+0000][122][info ][gc,heap     ] GC(33) Survivor regions: 7->7(20)
[2025-08-27T04:44:54.802+0000][122][info ][gc,heap     ] GC(33) Old regions: 34->34
[2025-08-27T04:44:54.802+0000][122][info ][gc,heap     ] GC(33) Humongous regions: 2->2
[2025-08-27T04:44:54.802+0000][122][info ][gc,metaspace] GC(33) Metaspace: 163234K(167552K)->163234K(167552K) NonClass: 141340K(143488K)->141340K(143488K) Class: 21893K(24064K)->21893K(24064K)
[2025-08-27T04:44:54.802+0000][122][info ][gc          ] GC(33) Pause Young (Prepare Mixed) (G1 Evacuation Pause) 756M->171M(1024M) 43.192ms
[2025-08-27T04:44:54.802+0000][122][info ][gc,cpu      ] GC(33) User=0.27s Sys=0.00s Real=0.05s
[2025-08-27T04:44:54.802+0000][122][info ][safepoint   ] Safepoint "G1CollectForAllocation", Time since last: 16053920924 ns, Reaching safepoint: 286625 ns, Cleanup: 29959 ns, At safepoint: 43582583 ns, Total: 43899167 ns
[2025-08-27T04:45:05.296+0000][122][info ][safepoint   ] Safepoint "Cleanup", Time since last: 10493761088 ns, Reaching safepoint: 59667 ns, Cleanup: 29958 ns, At safepoint: 18125 ns, Total: 107750 ns
[2025-08-27T04:45:06.299+0000][122][info ][safepoint   ] Safepoint "Cleanup", Time since last: 1002314543 ns, Reaching safepoint: 72458 ns, Cleanup: 29250 ns, At safepoint: 16458 ns, Total: 118166 ns
[2025-08-27T04:45:09.303+0000][122][info ][safepoint   ] Safepoint "Cleanup", Time since last: 3004564001 ns, Reaching safepoint: 144459 ns, Cleanup: 60083 ns, At safepoint: 27333 ns, Total: 231875 ns
[2025-08-27T04:45:10.305+0000][122][info ][safepoint   ] Safepoint "Cleanup", Time since last: 1001748917 ns, Reaching safepoint: 147500 ns, Cleanup: 52250 ns, At safepoint: 19917 ns, Total: 219667 ns
[2025-08-27T04:45:12.310+0000][122][info ][safepoint   ] Safepoint "Cleanup", Time since last: 2004409918 ns, Reaching safepoint: 121916 ns, Cleanup: 36584 ns, At safepoint: 21791 ns, Total: 180291 ns
[2025-08-27T04:45:13.311+0000][122][info ][safepoint   ] Safepoint "Cleanup", Time since last: 1001029376 ns, Reaching safepoint: 90708 ns, Cleanup: 71792 ns, At safepoint: 16958 ns, Total: 179458 ns
[2025-08-27T04:45:15.313+0000][122][info ][safepoint   ] Safepoint "Cleanup", Time since last: 2002048376 ns, Reaching safepoint: 103334 ns, Cleanup: 40125 ns, At safepoint: 21041 ns, Total: 164500 ns
[2025-08-27T04:45:25.324+0000][122][info ][safepoint   ] Safepoint "Cleanup", Time since last: 10010245505 ns, Reaching safepoint: 171708 ns, Cleanup: 119209 ns, At safepoint: 44625 ns, Total: 335542 ns
[2025-08-27T04:45:27.334+0000][122][info ][safepoint   ] Safepoint "Cleanup", Time since last: 2009672251 ns, Reaching safepoint: 138500 ns, Cleanup: 59916 ns, At safepoint: 19792 ns, Total: 218208 ns
[2025-08-27T04:45:29.226+0000][122][info ][safepoint   ] Safepoint "Cleanup", Time since last: 1892272376 ns, Reaching safepoint: 5625 ns, Cleanup: 38333 ns, At safepoint: 5333 ns, Total: 49291 ns
[2025-08-27T04:45:36.234+0000][122][info ][safepoint   ] Safepoint "Cleanup", Time since last: 7008246171 ns, Reaching safepoint: 86291 ns, Cleanup: 54500 ns, At safepoint: 26042 ns, Total: 166833 ns
[2025-08-27T04:45:43.247+0000][122][info ][safepoint   ] Safepoint "Cleanup", Time since last: 7011678419 ns, Reaching safepoint: 117500 ns, Cleanup: 48042 ns, At safepoint: 13208 ns, Total: 178750 ns
[2025-08-27T04:45:47.255+0000][122][info ][safepoint   ] Safepoint "Cleanup", Time since last: 4007947918 ns, Reaching safepoint: 81500 ns, Cleanup: 38875 ns, At safepoint: 16292 ns, Total: 136667 ns
[2025-08-27T04:45:48.258+0000][122][info ][safepoint   ] Safepoint "Cleanup", Time since last: 1003050292 ns, Reaching safepoint: 74625 ns, Cleanup: 74959 ns, At safepoint: 25708 ns, Total: 175292 ns
[2025-08-27T04:45:57.459+0000][122][info ][safepoint   ] Safepoint "Cleanup", Time since last: 9200906588 ns, Reaching safepoint: 70416 ns, Cleanup: 43959 ns, At safepoint: 27708 ns, Total: 142083 ns
[2025-08-27T04:46:08.474+0000][122][info ][safepoint   ] Safepoint "Cleanup", Time since last: 11015252546 ns, Reaching safepoint: 19000 ns, Cleanup: 38292 ns, At safepoint: 12542 ns, Total: 69834 ns
[2025-08-27T04:46:28.514+0000][122][info ][safepoint   ] Safepoint "Cleanup", Time since last: 20039873342 ns, Reaching safepoint: 189709 ns, Cleanup: 48500 ns, At safepoint: 21791 ns, Total: 260000 ns
[2025-08-27T04:46:30.800+0000][122][info ][safepoint   ] Safepoint "Cleanup", Time since last: 2286063502 ns, Reaching safepoint: 6916 ns, Cleanup: 8750 ns, At safepoint: 4375 ns, Total: 20041 ns
[2025-08-27T04:46:32.576+0000][122][info ][safepoint   ] Safepoint "Cleanup", Time since last: 1775934709 ns, Reaching safepoint: 18709 ns, Cleanup: 33000 ns, At safepoint: 9250 ns, Total: 60959 ns
[2025-08-27T04:46:55.626+0000][122][info ][safepoint   ] Safepoint "Cleanup", Time since last: 23049092010 ns, Reaching safepoint: 112042 ns, Cleanup: 47208 ns, At safepoint: 35334 ns, Total: 194584 ns
[2025-08-27T04:46:57.541+0000][122][info ][safepoint   ] Safepoint "Cleanup", Time since last: 1915035501 ns, Reaching safepoint: 91458 ns, Cleanup: 44500 ns, At safepoint: 19625 ns, Total: 155583 ns
[2025-08-27T04:47:08.557+0000][122][info ][safepoint   ] Safepoint "Cleanup", Time since last: 11015922046 ns, Reaching safepoint: 55584 ns, Cleanup: 28875 ns, At safepoint: 12041 ns, Total: 96500 ns
[2025-08-27T04:47:10.764+0000][122][info ][safepoint   ] Safepoint "Cleanup", Time since last: 2207267501 ns, Reaching safepoint: 16625 ns, Cleanup: 40334 ns, At safepoint: 8500 ns, Total: 65459 ns
[2025-08-27T04:47:11.786+0000][122][info ][safepoint   ] Safepoint "Cleanup", Time since last: 1021944917 ns, Reaching safepoint: 52666 ns, Cleanup: 43125 ns, At safepoint: 10834 ns, Total: 106625 ns
[2025-08-27T04:47:16.792+0000][122][info ][safepoint   ] Safepoint "Cleanup", Time since last: 5005325877 ns, Reaching safepoint: 73042 ns, Cleanup: 46333 ns, At safepoint: 86875 ns, Total: 206250 ns
[2025-08-27T04:47:21.800+0000][122][info ][safepoint   ] Safepoint "Cleanup", Time since last: 5008154544 ns, Reaching safepoint: 20292 ns, Cleanup: 15875 ns, At safepoint: 21792 ns, Total: 57959 ns
[2025-08-27T04:47:22.834+0000][122][info ][safepoint   ] Safepoint "Cleanup", Time since last: 1034243917 ns, Reaching safepoint: 62458 ns, Cleanup: 71625 ns, At safepoint: 18250 ns, Total: 152333 ns
[2025-08-27T04:47:31.912+0000][122][info ][safepoint   ] Safepoint "Cleanup", Time since last: 9077061963 ns, Reaching safepoint: 117041 ns, Cleanup: 48625 ns, At safepoint: 18417 ns, Total: 184083 ns
[2025-08-27T04:47:33.979+0000][122][info ][safepoint   ] Safepoint "Cleanup", Time since last: 2067705376 ns, Reaching safepoint: 5125 ns, Cleanup: 8667 ns, At safepoint: 2125 ns, Total: 15917 ns
[2025-08-27T04:47:37.023+0000][122][info ][safepoint   ] Safepoint "Cleanup", Time since last: 3043683126 ns, Reaching safepoint: 6250 ns, Cleanup: 16500 ns, At safepoint: 10375 ns, Total: 33125 ns
[2025-08-27T04:47:39.054+0000][122][info ][safepoint   ] Safepoint "Cleanup", Time since last: 2030533292 ns, Reaching safepoint: 67000 ns, Cleanup: 37667 ns, At safepoint: 34292 ns, Total: 138959 ns
[2025-08-27T04:47:45.063+0000][122][info ][safepoint   ] Safepoint "Cleanup", Time since last: 6008950127 ns, Reaching safepoint: 38417 ns, Cleanup: 13208 ns, At safepoint: 22209 ns, Total: 73834 ns
[2025-08-27T04:47:56.078+0000][122][info ][safepoint   ] Safepoint "Cleanup", Time since last: 11015399880 ns, Reaching safepoint: 69292 ns, Cleanup: 38416 ns, At safepoint: 14167 ns, Total: 121875 ns
[2025-08-27T04:48:00.745+0000][122][info ][safepoint   ] Safepoint "Cleanup", Time since last: 4667015961 ns, Reaching safepoint: 59791 ns, Cleanup: 36292 ns, At safepoint: 11667 ns, Total: 107750 ns
[2025-08-27T04:48:08.760+0000][122][info ][safepoint   ] Safepoint "Cleanup", Time since last: 8014371336 ns, Reaching safepoint: 52750 ns, Cleanup: 36959 ns, At safepoint: 11000 ns, Total: 100709 ns
[2025-08-27T04:48:16.777+0000][122][info ][safepoint   ] Safepoint "Cleanup", Time since last: 8017432295 ns, Reaching safepoint: 86584 ns, Cleanup: 74166 ns, At safepoint: 86459 ns, Total: 247209 ns
[2025-08-27T04:48:28.795+0000][122][info ][safepoint   ] Safepoint "Cleanup", Time since last: 12017163047 ns, Reaching safepoint: 63208 ns, Cleanup: 79709 ns, At safepoint: 65416 ns, Total: 208333 ns
[2025-08-27T04:48:34.800+0000][122][info ][safepoint   ] Safepoint "Cleanup", Time since last: 6005682961 ns, Reaching safepoint: 56250 ns, Cleanup: 20917 ns, At safepoint: 8042 ns, Total: 85209 ns
[2025-08-27T04:48:36.820+0000][122][info ][safepoint   ] Safepoint "Cleanup", Time since last: 2019734376 ns, Reaching safepoint: 6250 ns, Cleanup: 30208 ns, At safepoint: 3250 ns, Total: 39708 ns
[2025-08-27T04:48:38.315+0000][122][info ][safepoint   ] Safepoint "Cleanup", Time since last: 1494221292 ns, Reaching safepoint: 282375 ns, Cleanup: 22083 ns, At safepoint: 23000 ns, Total: 327458 ns
[2025-08-27T04:48:42.320+0000][122][info ][safepoint   ] Safepoint "Cleanup", Time since last: 4005432377 ns, Reaching safepoint: 94500 ns, Cleanup: 54500 ns, At safepoint: 13625 ns, Total: 162625 ns
[2025-08-27T04:48:44.325+0000][122][info ][safepoint   ] Safepoint "Cleanup", Time since last: 2004512209 ns, Reaching safepoint: 56792 ns, Cleanup: 34875 ns, At safepoint: 10000 ns, Total: 101667 ns
[2025-08-27T04:48:47.329+0000][122][info ][safepoint   ] Safepoint "Cleanup", Time since last: 3004016376 ns, Reaching safepoint: 71500 ns, Cleanup: 58542 ns, At safepoint: 16791 ns, Total: 146833 ns
[2025-08-27T04:49:06.870+0000][122][info ][safepoint   ] Safepoint "Cleanup", Time since last: 19540757135 ns, Reaching safepoint: 23000 ns, Cleanup: 25250 ns, At safepoint: 10583 ns, Total: 58833 ns
[2025-08-27T04:49:11.891+0000][122][info ][safepoint   ] Safepoint "Cleanup", Time since last: 5021299002 ns, Reaching safepoint: 98625 ns, Cleanup: 64333 ns, At safepoint: 24000 ns, Total: 186958 ns
[2025-08-27T04:49:15.062+0000][122][info ][safepoint   ] Safepoint "Cleanup", Time since last: 3170341168 ns, Reaching safepoint: 18750 ns, Cleanup: 24417 ns, At safepoint: 15125 ns, Total: 58292 ns
[2025-08-27T04:49:22.136+0000][122][info ][safepoint   ] Safepoint "Cleanup", Time since last: 7074612962 ns, Reaching safepoint: 70916 ns, Cleanup: 37375 ns, At safepoint: 16459 ns, Total: 124750 ns
[2025-08-27T04:49:25.139+0000][122][info ][safepoint   ] Safepoint "Cleanup", Time since last: 3002922501 ns, Reaching safepoint: 85292 ns, Cleanup: 96333 ns, At safepoint: 17834 ns, Total: 199459 ns
[2025-08-27T04:49:35.152+0000][122][info ][safepoint   ] Safepoint "Cleanup", Time since last: 10012480338 ns, Reaching safepoint: 80625 ns, Cleanup: 34250 ns, At safepoint: 25500 ns, Total: 140375 ns
[2025-08-27T04:49:39.161+0000][122][info ][safepoint   ] Safepoint "Cleanup", Time since last: 4008932251 ns, Reaching safepoint: 76375 ns, Cleanup: 36708 ns, At safepoint: 19417 ns, Total: 132500 ns
[2025-08-27T04:49:40.621+0000][122][info ][safepoint   ] Safepoint "Cleanup", Time since last: 1459689875 ns, Reaching safepoint: 25042 ns, Cleanup: 39958 ns, At safepoint: 9584 ns, Total: 74584 ns
[2025-08-27T04:50:01.870+0000][122][info ][safepoint   ] Safepoint "Cleanup", Time since last: 21248634468 ns, Reaching safepoint: 117667 ns, Cleanup: 78666 ns, At safepoint: 20209 ns, Total: 216542 ns
[2025-08-27T04:50:13.286+0000][122][info ][safepoint   ] Safepoint "Cleanup", Time since last: 7020674252 ns, Reaching safepoint: 24542 ns, Cleanup: 20708 ns, At safepoint: 10417 ns, Total: 55667 ns
[2025-08-27T04:50:22.300+0000][122][info ][safepoint   ] Safepoint "Cleanup", Time since last: 9013526712 ns, Reaching safepoint: 98000 ns, Cleanup: 132000 ns, At safepoint: 103167 ns, Total: 333167 ns
[2025-08-27T04:50:29.308+0000][122][info ][safepoint   ] Safepoint "Cleanup", Time since last: 7008152420 ns, Reaching safepoint: 145750 ns, Cleanup: 26417 ns, At safepoint: 13500 ns, Total: 185667 ns
[2025-08-27T04:50:31.311+0000][122][info ][safepoint   ] Safepoint "Cleanup", Time since last: 2002786084 ns, Reaching safepoint: 78292 ns, Cleanup: 66125 ns, At safepoint: 12375 ns, Total: 156792 ns
[2025-08-27T04:50:35.326+0000][122][info ][safepoint   ] Safepoint "Cleanup", Time since last: 4014376418 ns, Reaching safepoint: 101417 ns, Cleanup: 35708 ns, At safepoint: 22084 ns, Total: 159209 ns
[2025-08-27T04:50:39.331+0000][122][info ][safepoint   ] Safepoint "Cleanup", Time since last: 4004933127 ns, Reaching safepoint: 11416 ns, Cleanup: 29000 ns, At safepoint: 4584 ns, Total: 45000 ns
[2025-08-27T04:50:41.263+0000][122][info ][safepoint   ] Safepoint "Cleanup", Time since last: 1932387959 ns, Reaching safepoint: 5708 ns, Cleanup: 8000 ns, At safepoint: 7125 ns, Total: 20833 ns
[2025-08-27T04:52:07.776+0000][122][info ][safepoint   ] Safepoint "Cleanup", Time since last: 1040147416 ns, Reaching safepoint: 17917 ns, Cleanup: 66417 ns, At safepoint: 9208 ns, Total: 93542 ns
[2025-08-27T04:52:09.738+0000][122][info ][safepoint   ] Safepoint "Cleanup", Time since last: 1962761459 ns, Reaching safepoint: 5709 ns, Cleanup: 8541 ns, At safepoint: 8667 ns, Total: 22917 ns
[2025-08-27T04:52:11.579+0000][122][info ][gc,start    ] GC(34) Pause Young (Mixed) (G1 Evacuation Pause)
[2025-08-27T04:52:11.580+0000][122][info ][gc,task     ] GC(34) Using 8 workers of 8 for evacuation
[2025-08-27T04:52:11.580+0000][122][debug][gc,age      ] GC(34) Desired survivor size 41943040 bytes, new threshold 15 (max threshold 15)
[2025-08-27T04:52:11.632+0000][122][info ][gc,phases   ] GC(34)   Pre Evacuate Collection Set: 0.89ms
[2025-08-27T04:52:11.632+0000][122][info ][gc,phases   ] GC(34)   Merge Heap Roots: 0.30ms
[2025-08-27T04:52:11.632+0000][122][info ][gc,phases   ] GC(34)   Evacuate Collection Set: 48.39ms
[2025-08-27T04:52:11.632+0000][122][info ][gc,phases   ] GC(34)   Post Evacuate Collection Set: 2.05ms
[2025-08-27T04:52:11.632+0000][122][info ][gc,phases   ] GC(34)   Other: 0.44ms
[2025-08-27T04:52:11.632+0000][122][trace][gc,age      ] GC(34) Age table with threshold 15 (max threshold 15)
[2025-08-27T04:52:11.632+0000][122][trace][gc,age      ] GC(34) - age   1:    1089544 bytes,    1089544 total
[2025-08-27T04:52:11.632+0000][122][trace][gc,age      ] GC(34) - age   2:     608216 bytes,    1697760 total
[2025-08-27T04:52:11.632+0000][122][trace][gc,age      ] GC(34) - age   3:     565992 bytes,    2263752 total
[2025-08-27T04:52:11.632+0000][122][trace][gc,age      ] GC(34) - age   4:    1699768 bytes,    3963520 total
[2025-08-27T04:52:11.632+0000][122][trace][gc,age      ] GC(34) - age   5:    8215064 bytes,   12178584 total
[2025-08-27T04:52:11.632+0000][122][trace][gc,age      ] GC(34) - age   6:     670752 bytes,   12849336 total
[2025-08-27T04:52:11.632+0000][122][trace][gc,age      ] GC(34) - age   7:    1095568 bytes,   13944904 total
[2025-08-27T04:52:11.632+0000][122][trace][gc,age      ] GC(34) - age   8:     178048 bytes,   14122952 total
[2025-08-27T04:52:11.632+0000][122][trace][gc,age      ] GC(34) - age   9:    2229216 bytes,   16352168 total
[2025-08-27T04:52:11.633+0000][122][trace][gc,age      ] GC(34) - age  10:     650968 bytes,   17003136 total
[2025-08-27T04:52:11.633+0000][122][trace][gc,age      ] GC(34) - age  11:    3846096 bytes,   20849232 total
[2025-08-27T04:52:11.633+0000][122][trace][gc,age      ] GC(34) - age  12:    4611744 bytes,   25460976 total
[2025-08-27T04:52:11.633+0000][122][info ][gc,heap     ] GC(34) Eden regions: 146->0(146)
[2025-08-27T04:52:11.633+0000][122][info ][gc,heap     ] GC(34) Survivor regions: 7->7(20)
[2025-08-27T04:52:11.633+0000][122][info ][gc,heap     ] GC(34) Old regions: 34->34
[2025-08-27T04:52:11.633+0000][122][info ][gc,heap     ] GC(34) Humongous regions: 2->2
[2025-08-27T04:52:11.633+0000][122][info ][gc,metaspace] GC(34) Metaspace: 163310K(167552K)->163310K(167552K) NonClass: 141416K(143488K)->141416K(143488K) Class: 21893K(24064K)->21893K(24064K)
[2025-08-27T04:52:11.633+0000][122][info ][gc          ] GC(34) Pause Young (Mixed) (G1 Evacuation Pause) 755M->170M(1024M) 53.293ms
[2025-08-27T04:52:11.633+0000][122][info ][gc,cpu      ] GC(34) User=0.38s Sys=0.01s Real=0.05s
[2025-08-27T04:52:11.633+0000][122][info ][safepoint   ] Safepoint "G1CollectForAllocation", Time since last: 1841047667 ns, Reaching safepoint: 55834 ns, Cleanup: 10166 ns, At safepoint: 53447292 ns, Total: 53513292 ns
[2025-08-27T04:52:16.640+0000][122][info ][safepoint   ] Safepoint "Cleanup", Time since last: 5006674503 ns, Reaching safepoint: 77125 ns, Cleanup: 49875 ns, At safepoint: 18083 ns, Total: 145083 ns
[2025-08-27T04:52:18.386+0000][122][info ][safepoint   ] Safepoint "Cleanup", Time since last: 1746612126 ns, Reaching safepoint: 114625 ns, Cleanup: 56958 ns, At safepoint: 14542 ns, Total: 186125 ns
[2025-08-27T04:52:24.941+0000][122][info ][safepoint   ] Safepoint "Cleanup", Time since last: 6554912503 ns, Reaching safepoint: 5916 ns, Cleanup: 9167 ns, At safepoint: 3292 ns, Total: 18375 ns
[2025-08-27T04:52:25.961+0000][122][info ][safepoint   ] Safepoint "Cleanup", Time since last: 1019296875 ns, Reaching safepoint: 17709 ns, Cleanup: 24375 ns, At safepoint: 7375 ns, Total: 49459 ns
[2025-08-27T04:52:34.829+0000][122][info ][safepoint   ] Safepoint "Cleanup", Time since last: 8868412796 ns, Reaching safepoint: 176625 ns, Cleanup: 38166 ns, At safepoint: 14417 ns, Total: 229208 ns
[2025-08-27T04:52:36.831+0000][122][info ][safepoint   ] Safepoint "Cleanup", Time since last: 2001787001 ns, Reaching safepoint: 54541 ns, Cleanup: 17584 ns, At safepoint: 20166 ns, Total: 92291 ns
[2025-08-27T04:52:38.527+0000][122][info ][safepoint   ] Safepoint "Cleanup", Time since last: 1695011209 ns, Reaching safepoint: 54167 ns, Cleanup: 32625 ns, At safepoint: 11417 ns, Total: 98209 ns
[2025-08-27T04:52:39.529+0000][122][info ][safepoint   ] Safepoint "Cleanup", Time since last: 1002013000 ns, Reaching safepoint: 51917 ns, Cleanup: 131833 ns, At safepoint: 23583 ns, Total: 207333 ns
[2025-08-27T04:53:04.650+0000][122][info ][safepoint   ] Safepoint "Cleanup", Time since last: 25119670887 ns, Reaching safepoint: 714625 ns, Cleanup: 101459 ns, At safepoint: 97458 ns, Total: 913542 ns
[2025-08-27T04:53:05.652+0000][122][info ][safepoint   ] Safepoint "Cleanup", Time since last: 1002072459 ns, Reaching safepoint: 74292 ns, Cleanup: 57041 ns, At safepoint: 39459 ns, Total: 170792 ns
[2025-08-27T04:53:11.657+0000][122][info ][safepoint   ] Safepoint "Cleanup", Time since last: 6005741460 ns, Reaching safepoint: 35500 ns, Cleanup: 27042 ns, At safepoint: 12875 ns, Total: 75417 ns
[2025-08-27T04:53:12.880+0000][122][info ][safepoint   ] Safepoint "Cleanup", Time since last: 1223077084 ns, Reaching safepoint: 13458 ns, Cleanup: 18875 ns, At safepoint: 4125 ns, Total: 36458 ns
[2025-08-27T04:53:14.458+0000][122][info ][safepoint   ] Safepoint "Cleanup", Time since last: 1577034126 ns, Reaching safepoint: 42541 ns, Cleanup: 71750 ns, At safepoint: 31667 ns, Total: 145958 ns
[2025-08-27T04:53:17.461+0000][122][info ][safepoint   ] Safepoint "Cleanup", Time since last: 3002962418 ns, Reaching safepoint: 73917 ns, Cleanup: 91833 ns, At safepoint: 34375 ns, Total: 200125 ns
[2025-08-27T04:53:24.469+0000][122][info ][safepoint   ] Safepoint "Cleanup", Time since last: 7007600504 ns, Reaching safepoint: 134916 ns, Cleanup: 29709 ns, At safepoint: 13958 ns, Total: 178583 ns
[2025-08-27T04:53:33.959+0000][122][info ][safepoint   ] Safepoint "Cleanup", Time since last: 9490299838 ns, Reaching safepoint: 76541 ns, Cleanup: 45834 ns, At safepoint: 31208 ns, Total: 153583 ns
[2025-08-27T04:53:38.967+0000][122][info ][safepoint   ] Safepoint "Cleanup", Time since last: 5008016961 ns, Reaching safepoint: 40916 ns, Cleanup: 56250 ns, At safepoint: 15750 ns, Total: 112916 ns
[2025-08-27T04:53:39.968+0000][122][info ][safepoint   ] Safepoint "Cleanup", Time since last: 1001219584 ns, Reaching safepoint: 36792 ns, Cleanup: 21541 ns, At safepoint: 10042 ns, Total: 68375 ns
[2025-08-27T04:53:41.971+0000][122][info ][safepoint   ] Safepoint "Cleanup", Time since last: 2001986168 ns, Reaching safepoint: 38291 ns, Cleanup: 701584 ns, At safepoint: 88708 ns, Total: 828583 ns
[2025-08-27T04:53:42.973+0000][122][info ][safepoint   ] Safepoint "Cleanup", Time since last: 1001751417 ns, Reaching safepoint: 55542 ns, Cleanup: 48583 ns, At safepoint: 17958 ns, Total: 122083 ns
[2025-08-27T04:53:45.977+0000][122][info ][safepoint   ] Safepoint "Cleanup", Time since last: 3004202835 ns, Reaching safepoint: 55459 ns, Cleanup: 44750 ns, At safepoint: 16916 ns, Total: 117125 ns
[2025-08-27T04:54:07.005+0000][122][info ][safepoint   ] Safepoint "Cleanup", Time since last: 21027410427 ns, Reaching safepoint: 133625 ns, Cleanup: 43000 ns, At safepoint: 22208 ns, Total: 198833 ns
[2025-08-27T04:54:15.759+0000][122][info ][safepoint   ] Safepoint "Cleanup", Time since last: 8754007087 ns, Reaching safepoint: 5208 ns, Cleanup: 11167 ns, At safepoint: 6333 ns, Total: 22708 ns
[2025-08-27T04:54:17.694+0000][122][info ][safepoint   ] Safepoint "Cleanup", Time since last: 1934252960 ns, Reaching safepoint: 57541 ns, Cleanup: 86250 ns, At safepoint: 44167 ns, Total: 187958 ns
[2025-08-27T04:54:18.695+0000][122][info ][safepoint   ] Safepoint "Cleanup", Time since last: 1001491875 ns, Reaching safepoint: 76875 ns, Cleanup: 54750 ns, At safepoint: 39542 ns, Total: 171167 ns
[2025-08-27T04:54:35.154+0000][122][info ][safepoint   ] Safepoint "Cleanup", Time since last: 16458662758 ns, Reaching safepoint: 79250 ns, Cleanup: 67250 ns, At safepoint: 27417 ns, Total: 173917 ns
[2025-08-27T04:54:39.160+0000][122][info ][safepoint   ] Safepoint "Cleanup", Time since last: 4006322834 ns, Reaching safepoint: 77083 ns, Cleanup: 58584 ns, At safepoint: 25666 ns, Total: 161333 ns
[2025-08-27T04:54:54.186+0000][122][info ][safepoint   ] Safepoint "Cleanup", Time since last: 15025766091 ns, Reaching safepoint: 54541 ns, Cleanup: 17834 ns, At safepoint: 8250 ns, Total: 80625 ns
[2025-08-27T04:55:04.197+0000][122][info ][safepoint   ] Safepoint "Cleanup", Time since last: 10011103088 ns, Reaching safepoint: 22208 ns, Cleanup: 16042 ns, At safepoint: 8417 ns, Total: 46667 ns
[2025-08-27T04:55:07.200+0000][122][info ][safepoint   ] Safepoint "Cleanup", Time since last: 3002743084 ns, Reaching safepoint: 40750 ns, Cleanup: 91875 ns, At safepoint: 13375 ns, Total: 146000 ns
[2025-08-27T04:55:13.206+0000][122][info ][safepoint   ] Safepoint "Cleanup", Time since last: 6006990170 ns, Reaching safepoint: 45333 ns, Cleanup: 30208 ns, At safepoint: 29167 ns, Total: 104708 ns
[2025-08-27T04:55:18.757+0000][122][info ][safepoint   ] Safepoint "Cleanup", Time since last: 5550444211 ns, Reaching safepoint: 6708 ns, Cleanup: 9750 ns, At safepoint: 3459 ns, Total: 19917 ns
[2025-08-27T04:55:26.950+0000][122][info ][safepoint   ] Safepoint "Cleanup", Time since last: 8193381378 ns, Reaching safepoint: 103417 ns, Cleanup: 33500 ns, At safepoint: 11083 ns, Total: 148000 ns
[2025-08-27T04:55:29.370+0000][122][info ][safepoint   ] Safepoint "Cleanup", Time since last: 2419830002 ns, Reaching safepoint: 32875 ns, Cleanup: 24375 ns, At safepoint: 9333 ns, Total: 66583 ns
[2025-08-27T04:55:37.378+0000][122][info ][safepoint   ] Safepoint "Cleanup", Time since last: 8008258420 ns, Reaching safepoint: 86250 ns, Cleanup: 31084 ns, At safepoint: 29208 ns, Total: 146542 ns
[2025-08-27T04:55:38.382+0000][122][info ][safepoint   ] Safepoint "Cleanup", Time since last: 1002239041 ns, Reaching safepoint: 29584 ns, Cleanup: 41625 ns, At safepoint: 8500 ns, Total: 79709 ns
[2025-08-27T04:55:44.389+0000][122][info ][safepoint   ] Safepoint "Cleanup", Time since last: 6007120502 ns, Reaching safepoint: 57417 ns, Cleanup: 31042 ns, At safepoint: 15916 ns, Total: 104375 ns
[2025-08-27T04:55:48.394+0000][122][info ][safepoint   ] Safepoint "Cleanup", Time since last: 4005031461 ns, Reaching safepoint: 19041 ns, Cleanup: 20084 ns, At safepoint: 10208 ns, Total: 49333 ns
[2025-08-27T04:56:19.429+0000][122][info ][safepoint   ] Safepoint "Cleanup", Time since last: 31034973055 ns, Reaching safepoint: 58042 ns, Cleanup: 40292 ns, At safepoint: 18916 ns, Total: 117250 ns
[2025-08-27T04:56:20.431+0000][122][info ][safepoint   ] Safepoint "Cleanup", Time since last: 1001867043 ns, Reaching safepoint: 74416 ns, Cleanup: 52084 ns, At safepoint: 25250 ns, Total: 151750 ns
[2025-08-27T04:56:21.814+0000][122][info ][safepoint   ] Safepoint "Cleanup", Time since last: 1383064625 ns, Reaching safepoint: 15917 ns, Cleanup: 20917 ns, At safepoint: 14000 ns, Total: 50834 ns
[2025-08-27T04:56:23.190+0000][122][info ][safepoint   ] Safepoint "Cleanup", Time since last: 1375528500 ns, Reaching safepoint: 132167 ns, Cleanup: 67208 ns, At safepoint: 55459 ns, Total: 254834 ns
[2025-08-27T04:56:42.580+0000][122][info ][safepoint   ] Safepoint "Cleanup", Time since last: 19389903591 ns, Reaching safepoint: 44292 ns, Cleanup: 66542 ns, At safepoint: 22083 ns, Total: 132917 ns
[2025-08-27T04:56:47.587+0000][122][info ][safepoint   ] Safepoint "Cleanup", Time since last: 5006805086 ns, Reaching safepoint: 69708 ns, Cleanup: 65833 ns, At safepoint: 24917 ns, Total: 160458 ns
[2025-08-27T04:57:05.606+0000][122][info ][safepoint   ] Safepoint "Cleanup", Time since last: 18018438384 ns, Reaching safepoint: 193458 ns, Cleanup: 72625 ns, At safepoint: 27083 ns, Total: 293166 ns
[2025-08-27T04:57:13.624+0000][122][info ][safepoint   ] Safepoint "Cleanup", Time since last: 8017778837 ns, Reaching safepoint: 45541 ns, Cleanup: 37750 ns, At safepoint: 14584 ns, Total: 97875 ns
[2025-08-27T04:57:21.633+0000][122][info ][safepoint   ] Safepoint "Cleanup", Time since last: 8008748254 ns, Reaching safepoint: 89125 ns, Cleanup: 60791 ns, At safepoint: 27875 ns, Total: 177791 ns
[2025-08-27T04:57:24.637+0000][122][info ][safepoint   ] Safepoint "Cleanup", Time since last: 3004182918 ns, Reaching safepoint: 97750 ns, Cleanup: 46792 ns, At safepoint: 16917 ns, Total: 161459 ns
[2025-08-27T04:57:26.418+0000][122][info ][safepoint   ] Safepoint "Cleanup", Time since last: 1781330125 ns, Reaching safepoint: 63125 ns, Cleanup: 90292 ns, At safepoint: 36625 ns, Total: 190042 ns
[2025-08-27T04:57:28.656+0000][122][info ][safepoint   ] Safepoint "Cleanup", Time since last: 2237461168 ns, Reaching safepoint: 63875 ns, Cleanup: 39458 ns, At safepoint: 17709 ns, Total: 121042 ns
[2025-08-27T04:57:35.665+0000][122][info ][safepoint   ] Safepoint "Cleanup", Time since last: 7008602628 ns, Reaching safepoint: 52000 ns, Cleanup: 38958 ns, At safepoint: 14334 ns, Total: 105292 ns
[2025-08-27T04:57:38.042+0000][122][info ][safepoint   ] Safepoint "Cleanup", Time since last: 2377568000 ns, Reaching safepoint: 14541 ns, Cleanup: 8125 ns, At safepoint: 4750 ns, Total: 27416 ns
[2025-08-27T04:57:39.946+0000][122][info ][gc,start    ] GC(35) Pause Young (Concurrent Start) (G1 Evacuation Pause)
[2025-08-27T04:57:39.946+0000][122][info ][gc,task     ] GC(35) Using 8 workers of 8 for evacuation
[2025-08-27T04:57:39.947+0000][122][debug][gc,age      ] GC(35) Desired survivor size 41943040 bytes, new threshold 15 (max threshold 15)
[2025-08-27T04:57:39.987+0000][122][info ][gc,phases   ] GC(35)   Pre Evacuate Collection Set: 1.21ms
[2025-08-27T04:57:39.987+0000][122][info ][gc,phases   ] GC(35)   Merge Heap Roots: 0.32ms
[2025-08-27T04:57:39.987+0000][122][info ][gc,phases   ] GC(35)   Evacuate Collection Set: 36.58ms
[2025-08-27T04:57:39.987+0000][122][info ][gc,phases   ] GC(35)   Post Evacuate Collection Set: 2.01ms
[2025-08-27T04:57:39.987+0000][122][info ][gc,phases   ] GC(35)   Other: 0.56ms
[2025-08-27T04:57:39.988+0000][122][trace][gc,age      ] GC(35) Age table with threshold 15 (max threshold 15)
[2025-08-27T04:57:39.988+0000][122][trace][gc,age      ] GC(35) - age   1:    1253552 bytes,    1253552 total
[2025-08-27T04:57:39.988+0000][122][trace][gc,age      ] GC(35) - age   2:     129952 bytes,    1383504 total
[2025-08-27T04:57:39.988+0000][122][trace][gc,age      ] GC(35) - age   3:     472944 bytes,    1856448 total
[2025-08-27T04:57:39.988+0000][122][trace][gc,age      ] GC(35) - age   4:     564880 bytes,    2421328 total
[2025-08-27T04:57:39.988+0000][122][trace][gc,age      ] GC(35) - age   5:    1616896 bytes,    4038224 total
[2025-08-27T04:57:39.988+0000][122][trace][gc,age      ] GC(35) - age   6:    8095912 bytes,   12134136 total
[2025-08-27T04:57:39.988+0000][122][trace][gc,age      ] GC(35) - age   7:     670328 bytes,   12804464 total
[2025-08-27T04:57:39.988+0000][122][trace][gc,age      ] GC(35) - age   8:    1063504 bytes,   13867968 total
[2025-08-27T04:57:39.988+0000][122][trace][gc,age      ] GC(35) - age   9:     178048 bytes,   14046016 total
[2025-08-27T04:57:39.988+0000][122][trace][gc,age      ] GC(35) - age  10:    2229216 bytes,   16275232 total
[2025-08-27T04:57:39.988+0000][122][trace][gc,age      ] GC(35) - age  11:     650968 bytes,   16926200 total
[2025-08-27T04:57:39.988+0000][122][trace][gc,age      ] GC(35) - age  12:    3829648 bytes,   20755848 total
[2025-08-27T04:57:39.988+0000][122][trace][gc,age      ] GC(35) - age  13:    4611448 bytes,   25367296 total
[2025-08-27T04:57:39.988+0000][122][info ][gc,heap     ] GC(35) Eden regions: 146->0(145)
[2025-08-27T04:57:39.988+0000][122][info ][gc,heap     ] GC(35) Survivor regions: 7->8(20)
[2025-08-27T04:57:39.988+0000][122][info ][gc,heap     ] GC(35) Old regions: 34->34
[2025-08-27T04:57:39.988+0000][122][info ][gc,heap     ] GC(35) Humongous regions: 2->2
[2025-08-27T04:57:39.988+0000][122][info ][gc,metaspace] GC(35) Metaspace: 163380K(167616K)->163380K(167616K) NonClass: 141485K(143552K)->141485K(143552K) Class: 21894K(24064K)->21894K(24064K)
[2025-08-27T04:57:39.988+0000][122][info ][gc          ] GC(35) Pause Young (Concurrent Start) (G1 Evacuation Pause) 754M->171M(1024M) 42.401ms
[2025-08-27T04:57:39.989+0000][122][info ][gc,cpu      ] GC(35) User=0.29s Sys=0.00s Real=0.04s
[2025-08-27T04:57:39.989+0000][122][info ][gc          ] GC(36) Concurrent Mark Cycle
[2025-08-27T04:57:39.989+0000][122][info ][gc,marking  ] GC(36) Concurrent Scan Root Regions
[2025-08-27T04:57:39.989+0000][122][info ][safepoint   ] Safepoint "G1CollectForAllocation", Time since last: 1903538418 ns, Reaching safepoint: 67250 ns, Cleanup: 10833 ns, At safepoint: 42694875 ns, Total: 42772958 ns
[2025-08-27T04:57:39.996+0000][122][info ][gc,marking  ] GC(36) Concurrent Scan Root Regions 7.117ms
[2025-08-27T04:57:39.996+0000][122][info ][gc,marking  ] GC(36) Concurrent Mark
[2025-08-27T04:57:39.996+0000][122][info ][gc,marking  ] GC(36) Concurrent Mark From Roots
[2025-08-27T04:57:39.996+0000][122][info ][gc,task     ] GC(36) Using 2 workers of 2 for marking
[2025-08-27T04:57:40.066+0000][122][info ][gc,marking  ] GC(36) Concurrent Mark From Roots 69.923ms
[2025-08-27T04:57:40.066+0000][122][info ][gc,marking  ] GC(36) Concurrent Preclean
[2025-08-27T04:57:40.066+0000][122][info ][gc,marking  ] GC(36) Concurrent Preclean 0.329ms
[2025-08-27T04:57:40.066+0000][122][info ][gc,start    ] GC(36) Pause Remark
[2025-08-27T04:57:40.123+0000][122][info ][gc          ] GC(36) Pause Remark 174M->174M(1024M) 56.435ms
[2025-08-27T04:57:40.123+0000][122][info ][gc,cpu      ] GC(36) User=0.41s Sys=0.00s Real=0.06s
[2025-08-27T04:57:40.123+0000][122][info ][safepoint   ] Safepoint "G1PauseRemark", Time since last: 77788667 ns, Reaching safepoint: 15250 ns, Cleanup: 2458 ns, At safepoint: 56693459 ns, Total: 56711167 ns
[2025-08-27T04:57:40.123+0000][122][info ][gc,marking  ] GC(36) Concurrent Mark 127.285ms
[2025-08-27T04:57:40.123+0000][122][info ][gc,marking  ] GC(36) Concurrent Rebuild Remembered Sets and Scrub Regions
[2025-08-27T04:57:40.152+0000][122][info ][gc,marking  ] GC(36) Concurrent Rebuild Remembered Sets and Scrub Regions 29.148ms
[2025-08-27T04:57:40.153+0000][122][info ][gc,start    ] GC(36) Pause Cleanup
[2025-08-27T04:57:40.153+0000][122][info ][gc          ] GC(36) Pause Cleanup 174M->174M(1024M) 0.139ms
[2025-08-27T04:57:40.153+0000][122][info ][gc,cpu      ] GC(36) User=0.00s Sys=0.00s Real=0.00s
[2025-08-27T04:57:40.153+0000][122][info ][safepoint   ] Safepoint "G1PauseCleanup", Time since last: 29403458 ns, Reaching safepoint: 7417 ns, Cleanup: 35666 ns, At safepoint: 258709 ns, Total: 301792 ns
[2025-08-27T04:57:40.153+0000][122][info ][gc,marking  ] GC(36) Concurrent Clear Claimed Marks
[2025-08-27T04:57:40.153+0000][122][info ][gc,marking  ] GC(36) Concurrent Clear Claimed Marks 0.145ms
[2025-08-27T04:57:40.153+0000][122][info ][gc,marking  ] GC(36) Concurrent Cleanup for Next Mark
[2025-08-27T04:57:40.157+0000][122][info ][gc,marking  ] GC(36) Concurrent Cleanup for Next Mark 4.195ms
[2025-08-27T04:57:40.157+0000][122][info ][gc          ] GC(36) Concurrent Mark Cycle 168.749ms
[2025-08-27T04:57:47.161+0000][122][info ][safepoint   ] Safepoint "Cleanup", Time since last: 7007840545 ns, Reaching safepoint: 73833 ns, Cleanup: 51500 ns, At safepoint: 27250 ns, Total: 152583 ns
[2025-08-27T04:57:55.175+0000][122][info ][safepoint   ] Safepoint "Cleanup", Time since last: 8014180962 ns, Reaching safepoint: 201375 ns, Cleanup: 88042 ns, At safepoint: 22250 ns, Total: 311667 ns
[2025-08-27T04:57:58.179+0000][122][info ][safepoint   ] Safepoint "Cleanup", Time since last: 3003857335 ns, Reaching safepoint: 66458 ns, Cleanup: 26208 ns, At safepoint: 9584 ns, Total: 102250 ns
[2025-08-27T04:58:05.187+0000][122][info ][safepoint   ] Safepoint "Cleanup", Time since last: 7007145170 ns, Reaching safepoint: 208375 ns, Cleanup: 68041 ns, At safepoint: 51917 ns, Total: 328333 ns
[2025-08-27T04:58:22.211+0000][122][info ][safepoint   ] Safepoint "Cleanup", Time since last: 17024753424 ns, Reaching safepoint: 39792 ns, Cleanup: 19375 ns, At safepoint: 6708 ns, Total: 65875 ns
[2025-08-27T04:58:27.217+0000][122][info ][safepoint   ] Safepoint "Cleanup", Time since last: 5005488045 ns, Reaching safepoint: 96333 ns, Cleanup: 33417 ns, At safepoint: 15583 ns, Total: 145333 ns
[2025-08-27T04:58:28.618+0000][122][info ][safepoint   ] Safepoint "Cleanup", Time since last: 1401448001 ns, Reaching safepoint: 10625 ns, Cleanup: 16666 ns, At safepoint: 9834 ns, Total: 37125 ns
[2025-08-27T04:58:29.661+0000][122][info ][safepoint   ] Safepoint "Cleanup", Time since last: 1042692458 ns, Reaching safepoint: 13084 ns, Cleanup: 75958 ns, At safepoint: 9250 ns, Total: 98292 ns
[2025-08-27T04:58:46.727+0000][122][info ][safepoint   ] Safepoint "Cleanup", Time since last: 17066013966 ns, Reaching safepoint: 30292 ns, Cleanup: 29458 ns, At safepoint: 14000 ns, Total: 73750 ns
[2025-08-27T04:59:08.755+0000][122][info ][safepoint   ] Safepoint "Cleanup", Time since last: 22027789510 ns, Reaching safepoint: 48291 ns, Cleanup: 33917 ns, At safepoint: 13625 ns, Total: 95833 ns
[2025-08-27T04:59:10.757+0000][122][info ][safepoint   ] Safepoint "Cleanup", Time since last: 2002380043 ns, Reaching safepoint: 55541 ns, Cleanup: 34250 ns, At safepoint: 16292 ns, Total: 106083 ns
[2025-08-27T04:59:30.827+0000][122][info ][safepoint   ] Safepoint "Cleanup", Time since last: 20069585051 ns, Reaching safepoint: 5334 ns, Cleanup: 12125 ns, At safepoint: 2166 ns, Total: 19625 ns
[2025-08-27T04:59:31.841+0000][122][info ][safepoint   ] Safepoint "Cleanup", Time since last: 1013452042 ns, Reaching safepoint: 38084 ns, Cleanup: 65250 ns, At safepoint: 13708 ns, Total: 117042 ns
[2025-08-27T04:59:38.924+0000][122][info ][safepoint   ] Safepoint "Cleanup", Time since last: 7084264169 ns, Reaching safepoint: 65000 ns, Cleanup: 63542 ns, At safepoint: 18083 ns, Total: 146625 ns
[2025-08-27T05:00:04.952+0000][122][info ][safepoint   ] Safepoint "Cleanup", Time since last: 26027773513 ns, Reaching safepoint: 79625 ns, Cleanup: 24208 ns, At safepoint: 14542 ns, Total: 118375 ns
[2025-08-27T05:00:24.976+0000][122][info ][safepoint   ] Safepoint "Cleanup", Time since last: 20022537758 ns, Reaching safepoint: 178417 ns, Cleanup: 63541 ns, At safepoint: 29000 ns, Total: 270958 ns
[2025-08-27T05:00:26.979+0000][122][info ][safepoint   ] Safepoint "Cleanup", Time since last: 2002810501 ns, Reaching safepoint: 88209 ns, Cleanup: 21916 ns, At safepoint: 12667 ns, Total: 122792 ns
[2025-08-27T05:00:34.135+0000][122][info ][safepoint   ] Safepoint "Cleanup", Time since last: 7155951170 ns, Reaching safepoint: 4333 ns, Cleanup: 9250 ns, At safepoint: 5917 ns, Total: 19500 ns
[2025-08-27T05:00:35.140+0000][122][info ][safepoint   ] Safepoint "Cleanup", Time since last: 1005074584 ns, Reaching safepoint: 22125 ns, Cleanup: 40917 ns, At safepoint: 15000 ns, Total: 78042 ns
[2025-08-27T05:00:37.145+0000][122][info ][safepoint   ] Safepoint "Cleanup", Time since last: 2005182459 ns, Reaching safepoint: 54625 ns, Cleanup: 45667 ns, At safepoint: 21375 ns, Total: 121667 ns
[2025-08-27T05:00:43.150+0000][122][info ][safepoint   ] Safepoint "Cleanup", Time since last: 6005641460 ns, Reaching safepoint: 60542 ns, Cleanup: 43750 ns, At safepoint: 18625 ns, Total: 122917 ns
[2025-08-27T05:00:44.153+0000][122][info ][safepoint   ] Safepoint "Cleanup", Time since last: 1003244000 ns, Reaching safepoint: 47709 ns, Cleanup: 47875 ns, At safepoint: 16625 ns, Total: 112209 ns
[2025-08-27T05:01:17.199+0000][122][info ][safepoint   ] Safepoint "Cleanup", Time since last: 33045246348 ns, Reaching safepoint: 56125 ns, Cleanup: 39292 ns, At safepoint: 43833 ns, Total: 139250 ns
[2025-08-27T05:01:25.209+0000][122][info ][safepoint   ] Safepoint "Cleanup", Time since last: 8009971004 ns, Reaching safepoint: 38375 ns, Cleanup: 24208 ns, At safepoint: 13834 ns, Total: 76417 ns
[2025-08-27T05:01:27.212+0000][122][info ][safepoint   ] Safepoint "Cleanup", Time since last: 2002449001 ns, Reaching safepoint: 40833 ns, Cleanup: 30958 ns, At safepoint: 71042 ns, Total: 142833 ns
[2025-08-27T05:01:36.856+0000][122][info ][safepoint   ] Safepoint "Cleanup", Time since last: 9643420671 ns, Reaching safepoint: 7458 ns, Cleanup: 8917 ns, At safepoint: 7667 ns, Total: 24042 ns
[2025-08-27T05:01:38.392+0000][122][info ][safepoint   ] Safepoint "Cleanup", Time since last: 1536766250 ns, Reaching safepoint: 21666 ns, Cleanup: 54709 ns, At safepoint: 20541 ns, Total: 96916 ns
[2025-08-27T05:01:55.423+0000][122][info ][safepoint   ] Safepoint "Cleanup", Time since last: 17030886550 ns, Reaching safepoint: 46458 ns, Cleanup: 32084 ns, At safepoint: 15000 ns, Total: 93542 ns
[2025-08-27T05:01:57.427+0000][122][info ][safepoint   ] Safepoint "Cleanup", Time since last: 2003367209 ns, Reaching safepoint: 54208 ns, Cleanup: 32042 ns, At safepoint: 16542 ns, Total: 102792 ns
[2025-08-27T05:02:04.435+0000][122][info ][safepoint   ] Safepoint "Cleanup", Time since last: 7007687670 ns, Reaching safepoint: 154416 ns, Cleanup: 51084 ns, At safepoint: 14916 ns, Total: 220416 ns
[2025-08-27T05:02:12.444+0000][122][info ][safepoint   ] Safepoint "Cleanup", Time since last: 8008990461 ns, Reaching safepoint: 79167 ns, Cleanup: 94000 ns, At safepoint: 31833 ns, Total: 205000 ns
[2025-08-27T05:02:13.503+0000][122][info ][safepoint   ] Safepoint "Cleanup", Time since last: 1058663043 ns, Reaching safepoint: 4750 ns, Cleanup: 12458 ns, At safepoint: 7625 ns, Total: 24833 ns
[2025-08-27T05:02:27.615+0000][122][info ][safepoint   ] Safepoint "Cleanup", Time since last: 14112366923 ns, Reaching safepoint: 55959 ns, Cleanup: 38583 ns, At safepoint: 19167 ns, Total: 113709 ns
[2025-08-27T05:02:32.618+0000][122][info ][safepoint   ] Safepoint "Cleanup", Time since last: 5002460627 ns, Reaching safepoint: 84042 ns, Cleanup: 41541 ns, At safepoint: 14709 ns, Total: 140292 ns
[2025-08-27T05:02:37.095+0000][122][info ][safepoint   ] Safepoint "Cleanup", Time since last: 4477318044 ns, Reaching safepoint: 6000 ns, Cleanup: 10666 ns, At safepoint: 3667 ns, Total: 20333 ns
[2025-08-27T05:02:41.719+0000][122][info ][safepoint   ] Safepoint "Cleanup", Time since last: 4623860584 ns, Reaching safepoint: 15500 ns, Cleanup: 23834 ns, At safepoint: 3875 ns, Total: 43209 ns
[2025-08-27T05:03:16.769+0000][122][info ][safepoint   ] Safepoint "Cleanup", Time since last: 35050238266 ns, Reaching safepoint: 227667 ns, Cleanup: 50250 ns, At safepoint: 37291 ns, Total: 315208 ns
[2025-08-27T05:03:27.782+0000][122][info ][safepoint   ] Safepoint "Cleanup", Time since last: 11012705214 ns, Reaching safepoint: 32541 ns, Cleanup: 19500 ns, At safepoint: 9875 ns, Total: 61916 ns
[2025-08-27T05:03:38.740+0000][122][info ][safepoint   ] Safepoint "Cleanup", Time since last: 10958120796 ns, Reaching safepoint: 85167 ns, Cleanup: 81375 ns, At safepoint: 46417 ns, Total: 212959 ns
[2025-08-27T05:03:42.886+0000][122][info ][safepoint   ] Safepoint "Cleanup", Time since last: 4145905418 ns, Reaching safepoint: 6375 ns, Cleanup: 7792 ns, At safepoint: 2833 ns, Total: 17000 ns
[2025-08-27T05:03:43.033+0000][122][info ][gc,start    ] GC(37) Pause Young (Prepare Mixed) (G1 Evacuation Pause)
[2025-08-27T05:03:43.033+0000][122][info ][gc,task     ] GC(37) Using 8 workers of 8 for evacuation
[2025-08-27T05:03:43.033+0000][122][debug][gc,age      ] GC(37) Desired survivor size 41943040 bytes, new threshold 15 (max threshold 15)
[2025-08-27T05:03:43.053+0000][122][info ][gc,phases   ] GC(37)   Pre Evacuate Collection Set: 0.34ms
[2025-08-27T05:03:43.054+0000][122][info ][gc,phases   ] GC(37)   Merge Heap Roots: 0.18ms
[2025-08-27T05:03:43.054+0000][122][info ][gc,phases   ] GC(37)   Evacuate Collection Set: 17.79ms
[2025-08-27T05:03:43.054+0000][122][info ][gc,phases   ] GC(37)   Post Evacuate Collection Set: 1.96ms
[2025-08-27T05:03:43.054+0000][122][info ][gc,phases   ] GC(37)   Other: 0.26ms
[2025-08-27T05:03:43.054+0000][122][trace][gc,age      ] GC(37) Age table with threshold 15 (max threshold 15)
[2025-08-27T05:03:43.054+0000][122][trace][gc,age      ] GC(37) - age   1:     989704 bytes,     989704 total
[2025-08-27T05:03:43.054+0000][122][trace][gc,age      ] GC(37) - age   2:     316112 bytes,    1305816 total
[2025-08-27T05:03:43.054+0000][122][trace][gc,age      ] GC(37) - age   3:     116432 bytes,    1422248 total
[2025-08-27T05:03:43.054+0000][122][trace][gc,age      ] GC(37) - age   4:     456720 bytes,    1878968 total
[2025-08-27T05:03:43.054+0000][122][trace][gc,age      ] GC(37) - age   5:     562664 bytes,    2441632 total
[2025-08-27T05:03:43.054+0000][122][trace][gc,age      ] GC(37) - age   6:    1599760 bytes,    4041392 total
[2025-08-27T05:03:43.054+0000][122][trace][gc,age      ] GC(37) - age   7:    8072416 bytes,   12113808 total
[2025-08-27T05:03:43.054+0000][122][trace][gc,age      ] GC(37) - age   8:     670184 bytes,   12783992 total
[2025-08-27T05:03:43.054+0000][122][trace][gc,age      ] GC(37) - age   9:    1014944 bytes,   13798936 total
[2025-08-27T05:03:43.054+0000][122][trace][gc,age      ] GC(37) - age  10:     161600 bytes,   13960536 total
[2025-08-27T05:03:43.054+0000][122][trace][gc,age      ] GC(37) - age  11:    2229216 bytes,   16189752 total
[2025-08-27T05:03:43.054+0000][122][trace][gc,age      ] GC(37) - age  12:     639248 bytes,   16829000 total
[2025-08-27T05:03:43.054+0000][122][trace][gc,age      ] GC(37) - age  13:    3813880 bytes,   20642880 total
[2025-08-27T05:03:43.054+0000][122][trace][gc,age      ] GC(37) - age  14:    4558344 bytes,   25201224 total
[2025-08-27T05:03:43.054+0000][122][info ][gc,heap     ] GC(37) Eden regions: 145->0(146)
[2025-08-27T05:03:43.054+0000][122][info ][gc,heap     ] GC(37) Survivor regions: 8->7(20)
[2025-08-27T05:03:43.054+0000][122][info ][gc,heap     ] GC(37) Old regions: 34->34
[2025-08-27T05:03:43.054+0000][122][info ][gc,heap     ] GC(37) Humongous regions: 2->2
[2025-08-27T05:03:43.054+0000][122][info ][gc,metaspace] GC(37) Metaspace: 163437K(167680K)->163437K(167680K) NonClass: 141558K(143616K)->141558K(143616K) Class: 21879K(24064K)->21879K(24064K)
[2025-08-27T05:03:43.055+0000][122][info ][gc          ] GC(37) Pause Young (Prepare Mixed) (G1 Evacuation Pause) 751M->169M(1024M) 21.763ms
[2025-08-27T05:03:43.055+0000][122][info ][gc,cpu      ] GC(37) User=0.14s Sys=0.01s Real=0.02s
[2025-08-27T05:03:43.055+0000][122][info ][safepoint   ] Safepoint "G1CollectForAllocation", Time since last: 146725709 ns, Reaching safepoint: 14833 ns, Cleanup: 7667 ns, At safepoint: 21955166 ns, Total: 21977666 ns
[2025-08-27T05:03:44.973+0000][122][info ][safepoint   ] Safepoint "Cleanup", Time since last: 1917966168 ns, Reaching safepoint: 14958 ns, Cleanup: 21500 ns, At safepoint: 5625 ns, Total: 42083 ns
[2025-08-27T05:04:25.022+0000][122][info ][safepoint   ] Safepoint "Cleanup", Time since last: 40049253935 ns, Reaching safepoint: 15084 ns, Cleanup: 7791 ns, At safepoint: 7209 ns, Total: 30084 ns
[2025-08-27T05:04:38.945+0000][122][info ][safepoint   ] Safepoint "Cleanup", Time since last: 13923133422 ns, Reaching safepoint: 90917 ns, Cleanup: 47667 ns, At safepoint: 33791 ns, Total: 172375 ns
[2025-08-27T05:04:43.951+0000][122][info ][safepoint   ] Safepoint "Cleanup", Time since last: 5005445295 ns, Reaching safepoint: 75916 ns, Cleanup: 45042 ns, At safepoint: 15250 ns, Total: 136208 ns
[2025-08-27T05:04:45.907+0000][122][info ][safepoint   ] Safepoint "Cleanup", Time since last: 1956359084 ns, Reaching safepoint: 5458 ns, Cleanup: 7084 ns, At safepoint: 1958 ns, Total: 14500 ns
[2025-08-27T05:04:47.168+0000][122][info ][safepoint   ] Safepoint "Cleanup", Time since last: 1260069667 ns, Reaching safepoint: 15334 ns, Cleanup: 47875 ns, At safepoint: 7416 ns, Total: 70625 ns
[2025-08-27T05:05:25.221+0000][122][info ][safepoint   ] Safepoint "Cleanup", Time since last: 38053856184 ns, Reaching safepoint: 108917 ns, Cleanup: 47542 ns, At safepoint: 27083 ns, Total: 183542 ns
[2025-08-27T05:05:39.106+0000][122][info ][safepoint   ] Safepoint "Cleanup", Time since last: 13884251089 ns, Reaching safepoint: 68125 ns, Cleanup: 55000 ns, At safepoint: 47542 ns, Total: 170667 ns
[2025-08-27T05:05:42.112+0000][122][info ][safepoint   ] Safepoint "Cleanup", Time since last: 3005690918 ns, Reaching safepoint: 109041 ns, Cleanup: 43500 ns, At safepoint: 18125 ns, Total: 170666 ns
[2025-08-27T05:05:46.890+0000][122][info ][safepoint   ] Safepoint "Cleanup", Time since last: 4778181169 ns, Reaching safepoint: 96625 ns, Cleanup: 49667 ns, At safepoint: 20500 ns, Total: 166792 ns
[2025-08-27T05:05:48.895+0000][122][info ][safepoint   ] Safepoint "Cleanup", Time since last: 2005146751 ns, Reaching safepoint: 4333 ns, Cleanup: 10667 ns, At safepoint: 11042 ns, Total: 26042 ns
[2025-08-27T05:06:17.457+0000][122][info ][safepoint   ] Safepoint "Cleanup", Time since last: 28561333137 ns, Reaching safepoint: 204959 ns, Cleanup: 36000 ns, At safepoint: 34625 ns, Total: 275584 ns
[2025-08-27T05:06:39.310+0000][122][info ][safepoint   ] Safepoint "Cleanup", Time since last: 21852981801 ns, Reaching safepoint: 188167 ns, Cleanup: 69833 ns, At safepoint: 23333 ns, Total: 281333 ns
[2025-08-27T05:06:47.320+0000][122][info ][safepoint   ] Safepoint "Cleanup", Time since last: 8009572879 ns, Reaching safepoint: 25042 ns, Cleanup: 24875 ns, At safepoint: 8666 ns, Total: 58583 ns
[2025-08-27T05:06:51.923+0000][122][info ][safepoint   ] Safepoint "Cleanup", Time since last: 4602963628 ns, Reaching safepoint: 8458 ns, Cleanup: 34083 ns, At safepoint: 2584 ns, Total: 45125 ns
[2025-08-27T05:06:53.643+0000][122][info ][safepoint   ] Safepoint "Cleanup", Time since last: 1720272167 ns, Reaching safepoint: 28583 ns, Cleanup: 137834 ns, At safepoint: 28583 ns, Total: 195000 ns
[2025-08-27T05:07:24.919+0000][122][info ][safepoint   ] Safepoint "Cleanup", Time since last: 31276206973 ns, Reaching safepoint: 37208 ns, Cleanup: 12333 ns, At safepoint: 4792 ns, Total: 54333 ns
[2025-08-27T05:07:26.785+0000][122][info ][safepoint   ] Safepoint "Cleanup", Time since last: 1865498834 ns, Reaching safepoint: 66417 ns, Cleanup: 64750 ns, At safepoint: 31833 ns, Total: 163000 ns
[2025-08-27T05:07:39.274+0000][122][info ][safepoint   ] Safepoint "Cleanup", Time since last: 12488805089 ns, Reaching safepoint: 151500 ns, Cleanup: 52292 ns, At safepoint: 25875 ns, Total: 229667 ns
[2025-08-27T05:07:55.935+0000][122][info ][safepoint   ] Safepoint "Cleanup", Time since last: 16661056550 ns, Reaching safepoint: 18291 ns, Cleanup: 39292 ns, At safepoint: 8958 ns, Total: 66541 ns
[2025-08-27T05:07:56.976+0000][122][info ][safepoint   ] Safepoint "Cleanup", Time since last: 1041361876 ns, Reaching safepoint: 9500 ns, Cleanup: 13000 ns, At safepoint: 6250 ns, Total: 28750 ns
[2025-08-27T05:08:32.758+0000][122][info ][safepoint   ] Safepoint "Cleanup", Time since last: 35781391932 ns, Reaching safepoint: 46000 ns, Cleanup: 34167 ns, At safepoint: 15875 ns, Total: 96042 ns
[2025-08-27T05:08:57.937+0000][122][info ][safepoint   ] Safepoint "Cleanup", Time since last: 25178927928 ns, Reaching safepoint: 25292 ns, Cleanup: 32875 ns, At safepoint: 7625 ns, Total: 65792 ns
[2025-08-27T05:09:12.228+0000][122][info ][safepoint   ] Safepoint "Cleanup", Time since last: 14290915672 ns, Reaching safepoint: 78667 ns, Cleanup: 34292 ns, At safepoint: 13916 ns, Total: 126875 ns
[2025-08-27T05:09:31.843+0000][122][info ][safepoint   ] Safepoint "Cleanup", Time since last: 19614641260 ns, Reaching safepoint: 86208 ns, Cleanup: 95167 ns, At safepoint: 28875 ns, Total: 210250 ns
[2025-08-27T05:09:38.851+0000][122][info ][safepoint   ] Safepoint "Cleanup", Time since last: 7007904377 ns, Reaching safepoint: 86292 ns, Cleanup: 78458 ns, At safepoint: 19125 ns, Total: 183875 ns
[2025-08-27T05:09:48.861+0000][122][info ][safepoint   ] Safepoint "Cleanup", Time since last: 10010564630 ns, Reaching safepoint: 41666 ns, Cleanup: 28709 ns, At safepoint: 12250 ns, Total: 82625 ns
[2025-08-27T05:09:49.863+0000][122][info ][safepoint   ] Safepoint "Cleanup", Time since last: 1001154292 ns, Reaching safepoint: 122125 ns, Cleanup: 59458 ns, At safepoint: 24125 ns, Total: 205708 ns
[2025-08-27T05:09:52.869+0000][122][info ][safepoint   ] Safepoint "Cleanup", Time since last: 3005708002 ns, Reaching safepoint: 36416 ns, Cleanup: 29000 ns, At safepoint: 12834 ns, Total: 78250 ns
[2025-08-27T05:10:00.932+0000][122][info ][gc,start    ] GC(38) Pause Young (Mixed) (G1 Evacuation Pause)
[2025-08-27T05:10:00.932+0000][122][info ][gc,task     ] GC(38) Using 8 workers of 8 for evacuation
[2025-08-27T05:10:00.932+0000][122][debug][gc,age      ] GC(38) Desired survivor size 41943040 bytes, new threshold 15 (max threshold 15)
[2025-08-27T05:10:00.985+0000][122][info ][gc,phases   ] GC(38)   Pre Evacuate Collection Set: 2.18ms
[2025-08-27T05:10:00.985+0000][122][info ][gc,phases   ] GC(38)   Merge Heap Roots: 0.57ms
[2025-08-27T05:10:00.985+0000][122][info ][gc,phases   ] GC(38)   Evacuate Collection Set: 45.56ms
[2025-08-27T05:10:00.985+0000][122][info ][gc,phases   ] GC(38)   Post Evacuate Collection Set: 3.54ms
[2025-08-27T05:10:00.985+0000][122][info ][gc,phases   ] GC(38)   Other: 0.61ms
[2025-08-27T05:10:00.985+0000][122][trace][gc,age      ] GC(38) Age table with threshold 15 (max threshold 15)
[2025-08-27T05:10:00.985+0000][122][trace][gc,age      ] GC(38) - age   1:     876256 bytes,     876256 total
[2025-08-27T05:10:00.985+0000][122][trace][gc,age      ] GC(38) - age   2:      78208 bytes,     954464 total
[2025-08-27T05:10:00.985+0000][122][trace][gc,age      ] GC(38) - age   3:     300240 bytes,    1254704 total
[2025-08-27T05:10:00.985+0000][122][trace][gc,age      ] GC(38) - age   4:      51816 bytes,    1306520 total
[2025-08-27T05:10:00.985+0000][122][trace][gc,age      ] GC(38) - age   5:     456720 bytes,    1763240 total
[2025-08-27T05:10:00.985+0000][122][trace][gc,age      ] GC(38) - age   6:     562568 bytes,    2325808 total
[2025-08-27T05:10:00.985+0000][122][trace][gc,age      ] GC(38) - age   7:    1599696 bytes,    3925504 total
[2025-08-27T05:10:00.985+0000][122][trace][gc,age      ] GC(38) - age   8:    8072416 bytes,   11997920 total
[2025-08-27T05:10:00.985+0000][122][trace][gc,age      ] GC(38) - age   9:     670056 bytes,   12667976 total
[2025-08-27T05:10:00.985+0000][122][trace][gc,age      ] GC(38) - age  10:    1014944 bytes,   13682920 total
[2025-08-27T05:10:00.985+0000][122][trace][gc,age      ] GC(38) - age  11:     161456 bytes,   13844376 total
[2025-08-27T05:10:00.985+0000][122][trace][gc,age      ] GC(38) - age  12:    2229200 bytes,   16073576 total
[2025-08-27T05:10:00.985+0000][122][trace][gc,age      ] GC(38) - age  13:     639248 bytes,   16712824 total
[2025-08-27T05:10:00.985+0000][122][trace][gc,age      ] GC(38) - age  14:    3813880 bytes,   20526704 total
[2025-08-27T05:10:00.985+0000][122][trace][gc,age      ] GC(38) - age  15:    4558344 bytes,   25085048 total
[2025-08-27T05:10:00.985+0000][122][info ][gc,heap     ] GC(38) Eden regions: 146->0(146)
[2025-08-27T05:10:00.985+0000][122][info ][gc,heap     ] GC(38) Survivor regions: 7->7(20)
[2025-08-27T05:10:00.985+0000][122][info ][gc,heap     ] GC(38) Old regions: 34->34
[2025-08-27T05:10:00.985+0000][122][info ][gc,heap     ] GC(38) Humongous regions: 2->2
[2025-08-27T05:10:00.986+0000][122][info ][gc,metaspace] GC(38) Metaspace: 163483K(167680K)->163483K(167680K) NonClass: 141603K(143616K)->141603K(143616K) Class: 21880K(24064K)->21880K(24064K)
[2025-08-27T05:10:00.986+0000][122][info ][gc          ] GC(38) Pause Young (Mixed) (G1 Evacuation Pause) 753M->167M(1024M) 53.988ms
[2025-08-27T05:10:00.986+0000][122][info ][gc,cpu      ] GC(38) User=0.38s Sys=0.00s Real=0.05s
[2025-08-27T05:10:00.986+0000][122][info ][safepoint   ] Safepoint "G1CollectForAllocation", Time since last: 8062821087 ns, Reaching safepoint: 99083 ns, Cleanup: 15084 ns, At safepoint: 54194291 ns, Total: 54308458 ns
[2025-08-27T05:10:02.411+0000][122][info ][safepoint   ] Safepoint "Cleanup", Time since last: 1425599209 ns, Reaching safepoint: 21042 ns, Cleanup: 43792 ns, At safepoint: 10333 ns, Total: 75167 ns
[2025-08-27T05:10:04.416+0000][122][info ][safepoint   ] Safepoint "Cleanup", Time since last: 2004033543 ns, Reaching safepoint: 63583 ns, Cleanup: 51208 ns, At safepoint: 22667 ns, Total: 137458 ns
[2025-08-27T05:10:26.444+0000][122][info ][safepoint   ] Safepoint "Cleanup", Time since last: 22028023635 ns, Reaching safepoint: 74166 ns, Cleanup: 57917 ns, At safepoint: 25083 ns, Total: 157166 ns
[2025-08-27T05:10:28.446+0000][122][info ][safepoint   ] Safepoint "Cleanup", Time since last: 2002598960 ns, Reaching safepoint: 36208 ns, Cleanup: 28625 ns, At safepoint: 13583 ns, Total: 78416 ns
[2025-08-27T05:10:36.965+0000][122][info ][safepoint   ] Safepoint "Cleanup", Time since last: 8518687879 ns, Reaching safepoint: 22292 ns, Cleanup: 23000 ns, At safepoint: 15417 ns, Total: 60709 ns
[2025-08-27T05:11:04.628+0000][122][info ][safepoint   ] Safepoint "Cleanup", Time since last: 27663359971 ns, Reaching safepoint: 24583 ns, Cleanup: 31750 ns, At safepoint: 9375 ns, Total: 65708 ns
[2025-08-27T05:11:05.670+0000][122][info ][safepoint   ] Safepoint "Cleanup", Time since last: 1041246459 ns, Reaching safepoint: 32500 ns, Cleanup: 21375 ns, At safepoint: 12042 ns, Total: 65917 ns
[2025-08-27T05:11:07.675+0000][122][info ][safepoint   ] Safepoint "Cleanup", Time since last: 2004753709 ns, Reaching safepoint: 104583 ns, Cleanup: 75292 ns, At safepoint: 32542 ns, Total: 212417 ns
[2025-08-27T05:11:59.138+0000][122][info ][safepoint   ] Safepoint "Cleanup", Time since last: 51463598857 ns, Reaching safepoint: 212875 ns, Cleanup: 66541 ns, At safepoint: 50417 ns, Total: 329833 ns
[2025-08-27T05:12:25.913+0000][122][info ][safepoint   ] Safepoint "Cleanup", Time since last: 26774498179 ns, Reaching safepoint: 56208 ns, Cleanup: 37000 ns, At safepoint: 18125 ns, Total: 111333 ns
[2025-08-27T05:12:29.979+0000][122][info ][safepoint   ] Safepoint "Cleanup", Time since last: 4065843919 ns, Reaching safepoint: 42833 ns, Cleanup: 20708 ns, At safepoint: 16917 ns, Total: 80458 ns
[2025-08-27T05:12:36.347+0000][122][info ][safepoint   ] Safepoint "Cleanup", Time since last: 6368451461 ns, Reaching safepoint: 46875 ns, Cleanup: 48000 ns, At safepoint: 9334 ns, Total: 104209 ns
[2025-08-27T05:12:42.183+0000][122][info ][safepoint   ] Safepoint "Cleanup", Time since last: 5835468835 ns, Reaching safepoint: 58333 ns, Cleanup: 53375 ns, At safepoint: 17584 ns, Total: 129292 ns
[2025-08-27T05:13:10.119+0000][122][info ][safepoint   ] Safepoint "Cleanup", Time since last: 27936354929 ns, Reaching safepoint: 5833 ns, Cleanup: 16542 ns, At safepoint: 10250 ns, Total: 32625 ns
[2025-08-27T05:13:16.201+0000][122][info ][safepoint   ] Safepoint "Cleanup", Time since last: 6081922003 ns, Reaching safepoint: 12333 ns, Cleanup: 17500 ns, At safepoint: 6292 ns, Total: 36125 ns
[2025-08-27T05:13:29.215+0000][122][info ][safepoint   ] Safepoint "Cleanup", Time since last: 13013778173 ns, Reaching safepoint: 41708 ns, Cleanup: 25375 ns, At safepoint: 10958 ns, Total: 78041 ns
[2025-08-27T05:13:37.591+0000][122][info ][safepoint   ] Safepoint "Cleanup", Time since last: 8375924504 ns, Reaching safepoint: 38125 ns, Cleanup: 101584 ns, At safepoint: 13916 ns, Total: 153625 ns
[2025-08-27T05:14:07.235+0000][122][info ][safepoint   ] Safepoint "Cleanup", Time since last: 29644021139 ns, Reaching safepoint: 6958 ns, Cleanup: 11500 ns, At safepoint: 7917 ns, Total: 26375 ns
[2025-08-27T05:14:10.434+0000][122][info ][safepoint   ] Safepoint "Cleanup", Time since last: 3198655334 ns, Reaching safepoint: 45542 ns, Cleanup: 30791 ns, At safepoint: 18667 ns, Total: 95000 ns
[2025-08-27T05:14:13.449+0000][122][info ][safepoint   ] Safepoint "Cleanup", Time since last: 3015304252 ns, Reaching safepoint: 10791 ns, Cleanup: 21875 ns, At safepoint: 12917 ns, Total: 45583 ns
[2025-08-27T05:14:31.836+0000][122][info ][safepoint   ] Safepoint "Cleanup", Time since last: 18386471925 ns, Reaching safepoint: 82375 ns, Cleanup: 73459 ns, At safepoint: 31500 ns, Total: 187334 ns
[2025-08-27T05:14:41.849+0000][122][info ][safepoint   ] Safepoint "Cleanup", Time since last: 10013030796 ns, Reaching safepoint: 19833 ns, Cleanup: 56167 ns, At safepoint: 8166 ns, Total: 84166 ns
[2025-08-27T05:14:46.886+0000][122][info ][safepoint   ] Safepoint "Cleanup", Time since last: 5037226670 ns, Reaching safepoint: 209083 ns, Cleanup: 35792 ns, At safepoint: 35083 ns, Total: 279958 ns
[2025-08-27T05:15:16.016+0000][122][info ][safepoint   ] Safepoint "Cleanup", Time since last: 29130144721 ns, Reaching safepoint: 25709 ns, Cleanup: 24166 ns, At safepoint: 5334 ns, Total: 55209 ns
[2025-08-27T05:15:17.726+0000][122][info ][safepoint   ] Safepoint "Cleanup", Time since last: 1707920251 ns, Reaching safepoint: 1229500 ns, Cleanup: 40208 ns, At safepoint: 44250 ns, Total: 1313958 ns
[2025-08-27T05:15:39.046+0000][122][info ][safepoint   ] Safepoint "Cleanup", Time since last: 21320376593 ns, Reaching safepoint: 33125 ns, Cleanup: 15000 ns, At safepoint: 10042 ns, Total: 58167 ns
[2025-08-27T05:15:51.987+0000][122][info ][gc,start    ] GC(39) Pause Young (Concurrent Start) (G1 Evacuation Pause)
[2025-08-27T05:15:51.988+0000][122][info ][gc,task     ] GC(39) Using 8 workers of 8 for evacuation
[2025-08-27T05:15:51.988+0000][122][debug][gc,age      ] GC(39) Desired survivor size 41943040 bytes, new threshold 15 (max threshold 15)
[2025-08-27T05:15:52.035+0000][122][info ][gc,phases   ] GC(39)   Pre Evacuate Collection Set: 1.28ms
[2025-08-27T05:15:52.035+0000][122][info ][gc,phases   ] GC(39)   Merge Heap Roots: 0.22ms
[2025-08-27T05:15:52.036+0000][122][info ][gc,phases   ] GC(39)   Evacuate Collection Set: 38.99ms
[2025-08-27T05:15:52.036+0000][122][info ][gc,phases   ] GC(39)   Post Evacuate Collection Set: 5.89ms
[2025-08-27T05:15:52.036+0000][122][info ][gc,phases   ] GC(39)   Other: 0.84ms
[2025-08-27T05:15:52.036+0000][122][trace][gc,age      ] GC(39) Age table with threshold 15 (max threshold 15)
[2025-08-27T05:15:52.036+0000][122][trace][gc,age      ] GC(39) - age   1:     857160 bytes,     857160 total
[2025-08-27T05:15:52.036+0000][122][trace][gc,age      ] GC(39) - age   2:     239216 bytes,    1096376 total
[2025-08-27T05:15:52.036+0000][122][trace][gc,age      ] GC(39) - age   3:      77008 bytes,    1173384 total
[2025-08-27T05:15:52.036+0000][122][trace][gc,age      ] GC(39) - age   4:     299896 bytes,    1473280 total
[2025-08-27T05:15:52.036+0000][122][trace][gc,age      ] GC(39) - age   5:      51728 bytes,    1525008 total
[2025-08-27T05:15:52.036+0000][122][trace][gc,age      ] GC(39) - age   6:     456392 bytes,    1981400 total
[2025-08-27T05:15:52.036+0000][122][trace][gc,age      ] GC(39) - age   7:     562568 bytes,    2543968 total
[2025-08-27T05:15:52.036+0000][122][trace][gc,age      ] GC(39) - age   8:    1599696 bytes,    4143664 total
[2025-08-27T05:15:52.036+0000][122][trace][gc,age      ] GC(39) - age   9:    8072352 bytes,   12216016 total
[2025-08-27T05:15:52.036+0000][122][trace][gc,age      ] GC(39) - age  10:     670056 bytes,   12886072 total
[2025-08-27T05:15:52.036+0000][122][trace][gc,age      ] GC(39) - age  11:    1014944 bytes,   13901016 total
[2025-08-27T05:15:52.036+0000][122][trace][gc,age      ] GC(39) - age  12:     161456 bytes,   14062472 total
[2025-08-27T05:15:52.037+0000][122][trace][gc,age      ] GC(39) - age  13:    2229200 bytes,   16291672 total
[2025-08-27T05:15:52.037+0000][122][trace][gc,age      ] GC(39) - age  14:     639248 bytes,   16930920 total
[2025-08-27T05:15:52.037+0000][122][trace][gc,age      ] GC(39) - age  15:    3813816 bytes,   20744736 total
[2025-08-27T05:15:52.037+0000][122][info ][gc,heap     ] GC(39) Eden regions: 146->0(147)
[2025-08-27T05:15:52.037+0000][122][info ][gc,heap     ] GC(39) Survivor regions: 7->6(20)
[2025-08-27T05:15:52.037+0000][122][info ][gc,heap     ] GC(39) Old regions: 34->35
[2025-08-27T05:15:52.037+0000][122][info ][gc,heap     ] GC(39) Humongous regions: 2->2
[2025-08-27T05:15:52.037+0000][122][info ][gc,metaspace] GC(39) Metaspace: 163535K(167680K)->163535K(167680K) NonClass: 141653K(143616K)->141653K(143616K) Class: 21881K(24064K)->21881K(24064K)
[2025-08-27T05:15:52.037+0000][122][info ][gc          ] GC(39) Pause Young (Concurrent Start) (G1 Evacuation Pause) 751M->169M(1024M) 50.125ms
[2025-08-27T05:15:52.037+0000][122][info ][gc,cpu      ] GC(39) User=0.34s Sys=0.00s Real=0.05s
[2025-08-27T05:15:52.037+0000][122][info ][gc          ] GC(40) Concurrent Mark Cycle
[2025-08-27T05:15:52.037+0000][122][info ][gc,marking  ] GC(40) Concurrent Scan Root Regions
[2025-08-27T05:15:52.037+0000][122][info ][safepoint   ] Safepoint "G1CollectForAllocation", Time since last: 12940219423 ns, Reaching safepoint: 76458 ns, Cleanup: 7333 ns, At safepoint: 50377959 ns, Total: 50461750 ns
[2025-08-27T05:15:52.045+0000][122][info ][gc,marking  ] GC(40) Concurrent Scan Root Regions 7.712ms
[2025-08-27T05:15:52.045+0000][122][info ][gc,marking  ] GC(40) Concurrent Mark
[2025-08-27T05:15:52.045+0000][122][info ][gc,marking  ] GC(40) Concurrent Mark From Roots
[2025-08-27T05:15:52.045+0000][122][info ][gc,task     ] GC(40) Using 2 workers of 2 for marking
[2025-08-27T05:15:52.114+0000][122][info ][gc,marking  ] GC(40) Concurrent Mark From Roots 69.203ms
[2025-08-27T05:15:52.114+0000][122][info ][gc,marking  ] GC(40) Concurrent Preclean
[2025-08-27T05:15:52.115+0000][122][info ][gc,marking  ] GC(40) Concurrent Preclean 0.356ms
[2025-08-27T05:15:52.115+0000][122][info ][gc,start    ] GC(40) Pause Remark
[2025-08-27T05:15:52.144+0000][122][info ][gc          ] GC(40) Pause Remark 173M->173M(1024M) 29.631ms
[2025-08-27T05:15:52.144+0000][122][info ][gc,cpu      ] GC(40) User=0.12s Sys=0.03s Real=0.03s
[2025-08-27T05:15:52.145+0000][122][info ][safepoint   ] Safepoint "G1PauseRemark", Time since last: 77636500 ns, Reaching safepoint: 13666 ns, Cleanup: 2917 ns, At safepoint: 29825125 ns, Total: 29841708 ns
[2025-08-27T05:15:52.145+0000][122][info ][gc,marking  ] GC(40) Concurrent Mark 99.683ms
[2025-08-27T05:15:52.145+0000][122][info ][gc,marking  ] GC(40) Concurrent Rebuild Remembered Sets and Scrub Regions
[2025-08-27T05:15:52.170+0000][122][info ][gc,marking  ] GC(40) Concurrent Rebuild Remembered Sets and Scrub Regions 25.547ms
[2025-08-27T05:15:52.170+0000][122][info ][gc,start    ] GC(40) Pause Cleanup
[2025-08-27T05:15:52.171+0000][122][info ][gc          ] GC(40) Pause Cleanup 173M->173M(1024M) 0.182ms
[2025-08-27T05:15:52.171+0000][122][info ][gc,cpu      ] GC(40) User=0.00s Sys=0.00s Real=0.00s
[2025-08-27T05:15:52.171+0000][122][info ][safepoint   ] Safepoint "G1PauseCleanup", Time since last: 25746083 ns, Reaching safepoint: 8084 ns, Cleanup: 45000 ns, At safepoint: 295041 ns, Total: 348125 ns
[2025-08-27T05:15:52.171+0000][122][info ][gc,marking  ] GC(40) Concurrent Clear Claimed Marks
[2025-08-27T05:15:52.171+0000][122][info ][gc,marking  ] GC(40) Concurrent Clear Claimed Marks 0.252ms
[2025-08-27T05:15:52.171+0000][122][info ][gc,marking  ] GC(40) Concurrent Cleanup for Next Mark
[2025-08-27T05:15:52.175+0000][122][info ][gc,marking  ] GC(40) Concurrent Cleanup for Next Mark 3.575ms
[2025-08-27T05:15:52.175+0000][122][info ][gc          ] GC(40) Concurrent Mark Cycle 137.687ms
[2025-08-27T05:16:16.200+0000][122][info ][safepoint   ] Safepoint "Cleanup", Time since last: 24029769178 ns, Reaching safepoint: 67458 ns, Cleanup: 27334 ns, At safepoint: 14375 ns, Total: 109167 ns
[2025-08-27T05:16:19.020+0000][122][info ][safepoint   ] Safepoint "Cleanup", Time since last: 2819674376 ns, Reaching safepoint: 7375 ns, Cleanup: 11750 ns, At safepoint: 3083 ns, Total: 22208 ns
[2025-08-27T05:16:20.944+0000][122][info ][safepoint   ] Safepoint "Cleanup", Time since last: 1923877543 ns, Reaching safepoint: 49291 ns, Cleanup: 28417 ns, At safepoint: 24792 ns, Total: 102500 ns
[2025-08-27T05:16:40.271+0000][122][info ][safepoint   ] Safepoint "Cleanup", Time since last: 19326903550 ns, Reaching safepoint: 122167 ns, Cleanup: 76417 ns, At safepoint: 35041 ns, Total: 233625 ns
[2025-08-27T05:16:42.274+0000][122][info ][safepoint   ] Safepoint "Cleanup", Time since last: 2002605293 ns, Reaching safepoint: 36792 ns, Cleanup: 50708 ns, At safepoint: 12875 ns, Total: 100375 ns
[2025-08-27T05:16:55.290+0000][122][info ][safepoint   ] Safepoint "Cleanup", Time since last: 13015989465 ns, Reaching safepoint: 262166 ns, Cleanup: 66000 ns, At safepoint: 39959 ns, Total: 368125 ns
[2025-08-27T05:16:56.292+0000][122][info ][safepoint   ] Safepoint "Cleanup", Time since last: 1002229875 ns, Reaching safepoint: 12583 ns, Cleanup: 11084 ns, At safepoint: 6333 ns, Total: 30000 ns
[2025-08-27T05:17:04.305+0000][122][info ][safepoint   ] Safepoint "Cleanup", Time since last: 8012281837 ns, Reaching safepoint: 92250 ns, Cleanup: 113625 ns, At safepoint: 33875 ns, Total: 239750 ns
[2025-08-27T05:17:14.090+0000][122][info ][safepoint   ] Safepoint "Cleanup", Time since last: 9785717088 ns, Reaching safepoint: 22042 ns, Cleanup: 29500 ns, At safepoint: 4583 ns, Total: 56125 ns
[2025-08-27T05:17:18.147+0000][122][info ][safepoint   ] Safepoint "Cleanup", Time since last: 4055995960 ns, Reaching safepoint: 64625 ns, Cleanup: 34958 ns, At safepoint: 17125 ns, Total: 116708 ns
[2025-08-27T05:17:22.029+0000][122][info ][safepoint   ] Safepoint "Cleanup", Time since last: 3882402127 ns, Reaching safepoint: 7542 ns, Cleanup: 25792 ns, At safepoint: 12083 ns, Total: 45417 ns
[2025-08-27T05:17:31.022+0000][122][info ][safepoint   ] Safepoint "Cleanup", Time since last: 8992633171 ns, Reaching safepoint: 37208 ns, Cleanup: 13959 ns, At safepoint: 4875 ns, Total: 56042 ns
[2025-08-27T05:17:59.116+0000][122][info ][safepoint   ] Safepoint "Cleanup", Time since last: 28093438387 ns, Reaching safepoint: 265875 ns, Cleanup: 30834 ns, At safepoint: 20375 ns, Total: 317084 ns
[2025-08-27T05:18:25.087+0000][122][info ][safepoint   ] Safepoint "Cleanup", Time since last: 25972053511 ns, Reaching safepoint: 4000 ns, Cleanup: 8833 ns, At safepoint: 4375 ns, Total: 17208 ns
[2025-08-27T05:18:26.554+0000][122][info ][safepoint   ] Safepoint "Cleanup", Time since last: 1466625751 ns, Reaching safepoint: 57833 ns, Cleanup: 39084 ns, At safepoint: 34166 ns, Total: 131083 ns
[2025-08-27T05:18:33.448+0000][122][info ][safepoint   ] Safepoint "Cleanup", Time since last: 6894304795 ns, Reaching safepoint: 50542 ns, Cleanup: 27125 ns, At safepoint: 16292 ns, Total: 93959 ns
[2025-08-27T05:18:35.003+0000][122][info ][safepoint   ] Safepoint "Cleanup", Time since last: 1555214250 ns, Reaching safepoint: 4750 ns, Cleanup: 30750 ns, At safepoint: 6334 ns, Total: 41834 ns
[2025-08-27T05:18:37.055+0000][122][info ][safepoint   ] Safepoint "Cleanup", Time since last: 2051674709 ns, Reaching safepoint: 39292 ns, Cleanup: 27375 ns, At safepoint: 11333 ns, Total: 78000 ns
[2025-08-27T05:18:39.060+0000][122][info ][safepoint   ] Safepoint "Cleanup", Time since last: 2004378458 ns, Reaching safepoint: 54500 ns, Cleanup: 24417 ns, At safepoint: 11667 ns, Total: 90584 ns
[2025-08-27T05:18:42.064+0000][122][info ][safepoint   ] Safepoint "Cleanup", Time since last: 3003862626 ns, Reaching safepoint: 155834 ns, Cleanup: 50791 ns, At safepoint: 13334 ns, Total: 219959 ns
[2025-08-27T05:18:49.073+0000][122][info ][safepoint   ] Safepoint "Cleanup", Time since last: 7008908628 ns, Reaching safepoint: 24708 ns, Cleanup: 18542 ns, At safepoint: 9833 ns, Total: 53083 ns
[2025-08-27T05:18:55.080+0000][122][info ][safepoint   ] Safepoint "Cleanup", Time since last: 6007101420 ns, Reaching safepoint: 123583 ns, Cleanup: 38667 ns, At safepoint: 11625 ns, Total: 173875 ns
[2025-08-27T05:19:00.088+0000][122][info ][safepoint   ] Safepoint "Cleanup", Time since last: 5008033752 ns, Reaching safepoint: 81875 ns, Cleanup: 55458 ns, At safepoint: 20250 ns, Total: 157583 ns
[2025-08-27T05:19:23.117+0000][122][info ][safepoint   ] Safepoint "Cleanup", Time since last: 23028508677 ns, Reaching safepoint: 49417 ns, Cleanup: 33250 ns, At safepoint: 15042 ns, Total: 97709 ns
[2025-08-27T05:19:27.123+0000][122][info ][safepoint   ] Safepoint "Cleanup", Time since last: 4005183043 ns, Reaching safepoint: 151959 ns, Cleanup: 64750 ns, At safepoint: 23916 ns, Total: 240625 ns
[2025-08-27T05:19:34.582+0000][122][info ][safepoint   ] Safepoint "Cleanup", Time since last: 7459152087 ns, Reaching safepoint: 44292 ns, Cleanup: 34167 ns, At safepoint: 12375 ns, Total: 90834 ns
[2025-08-27T05:19:42.446+0000][122][info ][safepoint   ] Safepoint "Cleanup", Time since last: 7863953877 ns, Reaching safepoint: 152125 ns, Cleanup: 76792 ns, At safepoint: 17583 ns, Total: 246500 ns
[2025-08-27T05:19:58.468+0000][122][info ][safepoint   ] Safepoint "Cleanup", Time since last: 16022476800 ns, Reaching safepoint: 56208 ns, Cleanup: 25750 ns, At safepoint: 9000 ns, Total: 90958 ns
[2025-08-27T05:20:17.490+0000][122][info ][safepoint   ] Safepoint "Cleanup", Time since last: 19021222133 ns, Reaching safepoint: 103208 ns, Cleanup: 40584 ns, At safepoint: 69166 ns, Total: 212958 ns
[2025-08-27T05:20:31.929+0000][122][info ][safepoint   ] Safepoint "Cleanup", Time since last: 14439027841 ns, Reaching safepoint: 10000 ns, Cleanup: 14541 ns, At safepoint: 9292 ns, Total: 33833 ns
[2025-08-27T05:20:38.977+0000][122][info ][safepoint   ] Safepoint "Cleanup", Time since last: 7048184378 ns, Reaching safepoint: 69041 ns, Cleanup: 91834 ns, At safepoint: 24125 ns, Total: 185000 ns
[2025-08-27T05:20:51.720+0000][122][info ][safepoint   ] Safepoint "Cleanup", Time since last: 12742715964 ns, Reaching safepoint: 38292 ns, Cleanup: 25625 ns, At safepoint: 23166 ns, Total: 87083 ns
[2025-08-27T05:20:52.722+0000][122][info ][safepoint   ] Safepoint "Cleanup", Time since last: 1001971501 ns, Reaching safepoint: 84375 ns, Cleanup: 73625 ns, At safepoint: 22083 ns, Total: 180083 ns
[2025-08-27T05:21:28.072+0000][122][info ][gc,start    ] GC(41) Pause Young (Prepare Mixed) (G1 Evacuation Pause)
[2025-08-27T05:21:28.073+0000][122][info ][gc,task     ] GC(41) Using 8 workers of 8 for evacuation
[2025-08-27T05:21:28.074+0000][122][debug][gc,age      ] GC(41) Desired survivor size 41943040 bytes, new threshold 15 (max threshold 15)
[2025-08-27T05:21:28.120+0000][122][info ][gc,phases   ] GC(41)   Pre Evacuate Collection Set: 1.15ms
[2025-08-27T05:21:28.120+0000][122][info ][gc,phases   ] GC(41)   Merge Heap Roots: 0.34ms
[2025-08-27T05:21:28.120+0000][122][info ][gc,phases   ] GC(41)   Evacuate Collection Set: 39.05ms
[2025-08-27T05:21:28.120+0000][122][info ][gc,phases   ] GC(41)   Post Evacuate Collection Set: 5.60ms
[2025-08-27T05:21:28.120+0000][122][info ][gc,phases   ] GC(41)   Other: 0.52ms
[2025-08-27T05:21:28.120+0000][122][trace][gc,age      ] GC(41) Age table with threshold 15 (max threshold 15)
[2025-08-27T05:21:28.121+0000][122][trace][gc,age      ] GC(41) - age   1:    1209008 bytes,    1209008 total
[2025-08-27T05:21:28.121+0000][122][trace][gc,age      ] GC(41) - age   2:      20976 bytes,    1229984 total
[2025-08-27T05:21:28.121+0000][122][trace][gc,age      ] GC(41) - age   3:      23064 bytes,    1253048 total
[2025-08-27T05:21:28.121+0000][122][trace][gc,age      ] GC(41) - age   4:      71624 bytes,    1324672 total
[2025-08-27T05:21:28.121+0000][122][trace][gc,age      ] GC(41) - age   5:     299576 bytes,    1624248 total
[2025-08-27T05:21:28.121+0000][122][trace][gc,age      ] GC(41) - age   6:      51728 bytes,    1675976 total
[2025-08-27T05:21:28.121+0000][122][trace][gc,age      ] GC(41) - age   7:     455816 bytes,    2131792 total
[2025-08-27T05:21:28.121+0000][122][trace][gc,age      ] GC(41) - age   8:     439016 bytes,    2570808 total
[2025-08-27T05:21:28.121+0000][122][trace][gc,age      ] GC(41) - age   9:    1599632 bytes,    4170440 total
[2025-08-27T05:21:28.121+0000][122][trace][gc,age      ] GC(41) - age  10:    8071096 bytes,   12241536 total
[2025-08-27T05:21:28.121+0000][122][trace][gc,age      ] GC(41) - age  11:     669792 bytes,   12911328 total
[2025-08-27T05:21:28.121+0000][122][trace][gc,age      ] GC(41) - age  12:     946040 bytes,   13857368 total
[2025-08-27T05:21:28.121+0000][122][trace][gc,age      ] GC(41) - age  13:     154904 bytes,   14012272 total
[2025-08-27T05:21:28.121+0000][122][trace][gc,age      ] GC(41) - age  14:    2213624 bytes,   16225896 total
[2025-08-27T05:21:28.121+0000][122][trace][gc,age      ] GC(41) - age  15:     639248 bytes,   16865144 total
[2025-08-27T05:21:28.121+0000][122][info ][gc,heap     ] GC(41) Eden regions: 147->0(148)
[2025-08-27T05:21:28.121+0000][122][info ][gc,heap     ] GC(41) Survivor regions: 6->5(20)
[2025-08-27T05:21:28.121+0000][122][info ][gc,heap     ] GC(41) Old regions: 35->36
[2025-08-27T05:21:28.121+0000][122][info ][gc,heap     ] GC(41) Humongous regions: 2->2
[2025-08-27T05:21:28.121+0000][122][info ][gc,metaspace] GC(41) Metaspace: 163620K(167744K)->163620K(167744K) NonClass: 141735K(143680K)->141735K(143680K) Class: 21885K(24064K)->21885K(24064K)
[2025-08-27T05:21:28.121+0000][122][info ][gc          ] GC(41) Pause Young (Prepare Mixed) (G1 Evacuation Pause) 757M->169M(1024M) 49.354ms
[2025-08-27T05:21:28.121+0000][122][info ][gc,cpu      ] GC(41) User=0.34s Sys=0.01s Real=0.05s
[2025-08-27T05:21:28.122+0000][122][info ][safepoint   ] Safepoint "G1CollectForAllocation", Time since last: 35349828099 ns, Reaching safepoint: 29042 ns, Cleanup: 8167 ns, At safepoint: 49637833 ns, Total: 49675042 ns
[2025-08-27T05:21:31.905+0000][122][info ][safepoint   ] Safepoint "Cleanup", Time since last: 3783334335 ns, Reaching safepoint: 56125 ns, Cleanup: 35125 ns, At safepoint: 5792 ns, Total: 97042 ns
[2025-08-27T05:21:34.094+0000][122][info ][safepoint   ] Safepoint "Cleanup", Time since last: 2188762209 ns, Reaching safepoint: 5750 ns, Cleanup: 8875 ns, At safepoint: 2167 ns, Total: 16792 ns
[2025-08-27T05:21:35.118+0000][122][info ][safepoint   ] Safepoint "Cleanup", Time since last: 1024382542 ns, Reaching safepoint: 47959 ns, Cleanup: 29375 ns, At safepoint: 13166 ns, Total: 90500 ns
[2025-08-27T05:21:36.184+0000][122][info ][safepoint   ] Safepoint "Cleanup", Time since last: 1065587542 ns, Reaching safepoint: 59250 ns, Cleanup: 27625 ns, At safepoint: 16750 ns, Total: 103625 ns
[2025-08-27T05:21:44.192+0000][122][info ][safepoint   ] Safepoint "Cleanup", Time since last: 8007968254 ns, Reaching safepoint: 87708 ns, Cleanup: 28250 ns, At safepoint: 19500 ns, Total: 135458 ns
[2025-08-27T05:21:45.194+0000][122][info ][safepoint   ] Safepoint "Cleanup", Time since last: 1002403167 ns, Reaching safepoint: 28958 ns, Cleanup: 68584 ns, At safepoint: 15875 ns, Total: 113417 ns
[2025-08-27T05:21:55.208+0000][122][info ][safepoint   ] Safepoint "Cleanup", Time since last: 10013243754 ns, Reaching safepoint: 114625 ns, Cleanup: 70875 ns, At safepoint: 38209 ns, Total: 223709 ns
[2025-08-27T05:22:00.215+0000][122][info ][safepoint   ] Safepoint "Cleanup", Time since last: 5006688127 ns, Reaching safepoint: 73000 ns, Cleanup: 25375 ns, At safepoint: 12459 ns, Total: 110834 ns
[2025-08-27T05:22:06.221+0000][122][info ][safepoint   ] Safepoint "Cleanup", Time since last: 6005987877 ns, Reaching safepoint: 164084 ns, Cleanup: 19875 ns, At safepoint: 10250 ns, Total: 194209 ns
[2025-08-27T05:22:30.246+0000][122][info ][safepoint   ] Safepoint "Cleanup", Time since last: 24024938011 ns, Reaching safepoint: 116917 ns, Cleanup: 37458 ns, At safepoint: 30125 ns, Total: 184500 ns
[2025-08-27T05:22:31.377+0000][122][info ][safepoint   ] Safepoint "Cleanup", Time since last: 1130609375 ns, Reaching safepoint: 13459 ns, Cleanup: 39208 ns, At safepoint: 15125 ns, Total: 67792 ns
[2025-08-27T05:22:32.418+0000][122][info ][safepoint   ] Safepoint "Cleanup", Time since last: 1041383834 ns, Reaching safepoint: 9542 ns, Cleanup: 23833 ns, At safepoint: 11875 ns, Total: 45250 ns
[2025-08-27T05:22:39.033+0000][122][info ][safepoint   ] Safepoint "Cleanup", Time since last: 6615016919 ns, Reaching safepoint: 69250 ns, Cleanup: 57416 ns, At safepoint: 15000 ns, Total: 141666 ns
[2025-08-27T05:22:46.041+0000][122][info ][safepoint   ] Safepoint "Cleanup", Time since last: 7007486420 ns, Reaching safepoint: 20250 ns, Cleanup: 13417 ns, At safepoint: 14208 ns, Total: 47875 ns
[2025-08-27T05:23:00.057+0000][122][info ][safepoint   ] Safepoint "Cleanup", Time since last: 14015188757 ns, Reaching safepoint: 389625 ns, Cleanup: 94167 ns, At safepoint: 108875 ns, Total: 592667 ns
[2025-08-27T05:23:17.102+0000][122][info ][safepoint   ] Safepoint "Cleanup", Time since last: 17045349757 ns, Reaching safepoint: 457250 ns, Cleanup: 74917 ns, At safepoint: 99708 ns, Total: 631875 ns
[2025-08-27T05:23:37.337+0000][122][info ][safepoint   ] Safepoint "Cleanup", Time since last: 20234706052 ns, Reaching safepoint: 73375 ns, Cleanup: 50166 ns, At safepoint: 15917 ns, Total: 139458 ns
[2025-08-27T05:23:38.339+0000][122][info ][safepoint   ] Safepoint "Cleanup", Time since last: 1001333624 ns, Reaching safepoint: 22709 ns, Cleanup: 10833 ns, At safepoint: 10375 ns, Total: 43917 ns
[2025-08-27T05:23:40.718+0000][122][info ][safepoint   ] Safepoint "Cleanup", Time since last: 2379316543 ns, Reaching safepoint: 11875 ns, Cleanup: 30125 ns, At safepoint: 14042 ns, Total: 56042 ns
[2025-08-27T05:24:37.473+0000][122][info ][safepoint   ] Safepoint "Cleanup", Time since last: 56754938109 ns, Reaching safepoint: 113208 ns, Cleanup: 105375 ns, At safepoint: 23125 ns, Total: 241708 ns
[2025-08-27T05:24:38.472+0000][122][info ][safepoint   ] Safepoint "Cleanup", Time since last: 1002917583 ns, Reaching safepoint: 87417 ns, Cleanup: 31833 ns, At safepoint: 16583 ns, Total: 135833 ns
[2025-08-27T05:25:20.894+0000][122][info ][safepoint   ] Safepoint "ICBufferFull", Time since last: 42417431770 ns, Reaching safepoint: 119625 ns, Cleanup: 111791 ns, At safepoint: 18792 ns, Total: 250208 ns
[2025-08-27T05:25:21.896+0000][122][info ][safepoint   ] Safepoint "Cleanup", Time since last: 1001605001 ns, Reaching safepoint: 101166 ns, Cleanup: 378875 ns, At safepoint: 32625 ns, Total: 512666 ns
[2025-08-27T05:25:22.897+0000][122][info ][safepoint   ] Safepoint "Cleanup", Time since last: 1001406917 ns, Reaching safepoint: 93209 ns, Cleanup: 67541 ns, At safepoint: 27125 ns, Total: 187875 ns
[2025-08-27T05:25:25.917+0000][122][info ][safepoint   ] Safepoint "Cleanup", Time since last: 3019845127 ns, Reaching safepoint: 5458 ns, Cleanup: 9167 ns, At safepoint: 7000 ns, Total: 21625 ns
[2025-08-27T05:25:26.546+0000][122][info ][gc,start    ] GC(42) Pause Young (Mixed) (G1 Evacuation Pause)
[2025-08-27T05:25:26.547+0000][122][info ][gc,task     ] GC(42) Using 8 workers of 8 for evacuation
[2025-08-27T05:25:26.547+0000][122][debug][gc,age      ] GC(42) Desired survivor size 41943040 bytes, new threshold 15 (max threshold 15)
[2025-08-27T05:25:26.580+0000][122][info ][gc,phases   ] GC(42)   Pre Evacuate Collection Set: 0.50ms
[2025-08-27T05:25:26.580+0000][122][info ][gc,phases   ] GC(42)   Merge Heap Roots: 0.17ms
[2025-08-27T05:25:26.580+0000][122][info ][gc,phases   ] GC(42)   Evacuate Collection Set: 28.03ms
[2025-08-27T05:25:26.580+0000][122][info ][gc,phases   ] GC(42)   Post Evacuate Collection Set: 4.12ms
[2025-08-27T05:25:26.580+0000][122][info ][gc,phases   ] GC(42)   Other: 0.22ms
[2025-08-27T05:25:26.580+0000][122][trace][gc,age      ] GC(42) Age table with threshold 15 (max threshold 15)
[2025-08-27T05:25:26.580+0000][122][trace][gc,age      ] GC(42) - age   1:    4028456 bytes,    4028456 total
[2025-08-27T05:25:26.580+0000][122][trace][gc,age      ] GC(42) - age   2:     419152 bytes,    4447608 total
[2025-08-27T05:25:26.580+0000][122][trace][gc,age      ] GC(42) - age   3:      18984 bytes,    4466592 total
[2025-08-27T05:25:26.580+0000][122][trace][gc,age      ] GC(42) - age   4:      20072 bytes,    4486664 total
[2025-08-27T05:25:26.580+0000][122][trace][gc,age      ] GC(42) - age   5:      71560 bytes,    4558224 total
[2025-08-27T05:25:26.580+0000][122][trace][gc,age      ] GC(42) - age   6:     299512 bytes,    4857736 total
[2025-08-27T05:25:26.580+0000][122][trace][gc,age      ] GC(42) - age   7:      51400 bytes,    4909136 total
[2025-08-27T05:25:26.580+0000][122][trace][gc,age      ] GC(42) - age   8:      78448 bytes,    4987584 total
[2025-08-27T05:25:26.580+0000][122][trace][gc,age      ] GC(42) - age   9:     439016 bytes,    5426600 total
[2025-08-27T05:25:26.580+0000][122][trace][gc,age      ] GC(42) - age  10:    1526720 bytes,    6953320 total
[2025-08-27T05:25:26.580+0000][122][trace][gc,age      ] GC(42) - age  11:    7878800 bytes,   14832120 total
[2025-08-27T05:25:26.580+0000][122][trace][gc,age      ] GC(42) - age  12:     669720 bytes,   15501840 total
[2025-08-27T05:25:26.580+0000][122][trace][gc,age      ] GC(42) - age  13:     946040 bytes,   16447880 total
[2025-08-27T05:25:26.580+0000][122][trace][gc,age      ] GC(42) - age  14:     154656 bytes,   16602536 total
[2025-08-27T05:25:26.580+0000][122][trace][gc,age      ] GC(42) - age  15:    2158552 bytes,   18761088 total
[2025-08-27T05:25:26.581+0000][122][info ][gc,heap     ] GC(42) Eden regions: 148->0(148)
[2025-08-27T05:25:26.581+0000][122][info ][gc,heap     ] GC(42) Survivor regions: 5->5(20)
[2025-08-27T05:25:26.581+0000][122][info ][gc,heap     ] GC(42) Old regions: 36->36
[2025-08-27T05:25:26.581+0000][122][info ][gc,heap     ] GC(42) Humongous regions: 2->2
[2025-08-27T05:25:26.581+0000][122][info ][gc,metaspace] GC(42) Metaspace: 163806K(167872K)->163806K(167872K) NonClass: 141919K(143808K)->141919K(143808K) Class: 21887K(24064K)->21887K(24064K)
[2025-08-27T05:25:26.581+0000][122][info ][gc          ] GC(42) Pause Young (Mixed) (G1 Evacuation Pause) 761M->171M(1024M) 34.257ms
[2025-08-27T05:25:26.581+0000][122][info ][gc,cpu      ] GC(42) User=0.25s Sys=0.00s Real=0.03s
[2025-08-27T05:25:26.581+0000][122][info ][safepoint   ] Safepoint "G1CollectForAllocation", Time since last: 629068458 ns, Reaching safepoint: 13334 ns, Cleanup: 97333 ns, At safepoint: 34398500 ns, Total: 34509167 ns
[2025-08-27T05:25:27.582+0000][122][info ][safepoint   ] Safepoint "Cleanup", Time since last: 1001548209 ns, Reaching safepoint: 3917 ns, Cleanup: 55500 ns, At safepoint: 4916 ns, Total: 64333 ns
[2025-08-27T05:25:28.649+0000][122][info ][safepoint   ] Safepoint "Cleanup", Time since last: 1066156084 ns, Reaching safepoint: 42792 ns, Cleanup: 31041 ns, At safepoint: 12000 ns, Total: 85833 ns
[2025-08-27T05:25:30.651+0000][122][info ][safepoint   ] Safepoint "Cleanup", Time since last: 2001983210 ns, Reaching safepoint: 131541 ns, Cleanup: 37959 ns, At safepoint: 10083 ns, Total: 179583 ns
[2025-08-27T05:25:31.653+0000][122][info ][safepoint   ] Safepoint "Cleanup", Time since last: 1001600584 ns, Reaching safepoint: 89458 ns, Cleanup: 89292 ns, At safepoint: 36375 ns, Total: 215125 ns
[2025-08-27T05:25:33.602+0000][122][info ][safepoint   ] Safepoint "Cleanup", Time since last: 1949584667 ns, Reaching safepoint: 104584 ns, Cleanup: 68208 ns, At safepoint: 34708 ns, Total: 207500 ns
[2025-08-27T05:25:37.392+0000][122][info ][safepoint   ] Safepoint "Cleanup", Time since last: 3789852169 ns, Reaching safepoint: 32500 ns, Cleanup: 27875 ns, At safepoint: 5542 ns, Total: 65917 ns
[2025-08-27T05:25:38.566+0000][122][info ][safepoint   ] Safepoint "Cleanup", Time since last: 1173828082 ns, Reaching safepoint: 21750 ns, Cleanup: 57084 ns, At safepoint: 12666 ns, Total: 91500 ns
[2025-08-27T05:25:39.568+0000][122][info ][safepoint   ] Safepoint "Cleanup", Time since last: 1001356834 ns, Reaching safepoint: 99167 ns, Cleanup: 100792 ns, At safepoint: 31666 ns, Total: 231625 ns
[2025-08-27T05:25:40.569+0000][122][info ][safepoint   ] Safepoint "Cleanup", Time since last: 1001492001 ns, Reaching safepoint: 76416 ns, Cleanup: 56709 ns, At safepoint: 10916 ns, Total: 144041 ns
[2025-08-27T05:25:43.767+0000][122][info ][safepoint   ] Safepoint "Cleanup", Time since last: 3196628835 ns, Reaching safepoint: 1210417 ns, Cleanup: 39583 ns, At safepoint: 33125 ns, Total: 1283125 ns
[2025-08-27T05:25:46.144+0000][122][info ][safepoint   ] Safepoint "Cleanup", Time since last: 2376570835 ns, Reaching safepoint: 5291 ns, Cleanup: 11209 ns, At safepoint: 6500 ns, Total: 23000 ns
[2025-08-27T05:25:47.160+0000][122][info ][safepoint   ] Safepoint "Cleanup", Time since last: 1015865959 ns, Reaching safepoint: 9125 ns, Cleanup: 93583 ns, At safepoint: 12042 ns, Total: 114750 ns
[2025-08-27T05:25:52.195+0000][122][info ][safepoint   ] Safepoint "Cleanup", Time since last: 5035406585 ns, Reaching safepoint: 40959 ns, Cleanup: 177750 ns, At safepoint: 23708 ns, Total: 242417 ns
[2025-08-27T05:26:07.213+0000][122][info ][safepoint   ] Safepoint "Cleanup", Time since last: 15017041174 ns, Reaching safepoint: 49791 ns, Cleanup: 38917 ns, At safepoint: 13250 ns, Total: 101958 ns
[2025-08-27T05:26:37.141+0000][122][info ][gc,start    ] GC(43) Pause Young (Concurrent Start) (G1 Evacuation Pause)
[2025-08-27T05:26:37.141+0000][122][info ][gc,task     ] GC(43) Using 8 workers of 8 for evacuation
[2025-08-27T05:26:37.141+0000][122][debug][gc,age      ] GC(43) Desired survivor size 41943040 bytes, new threshold 15 (max threshold 15)
[2025-08-27T05:26:37.184+0000][122][info ][gc,phases   ] GC(43)   Pre Evacuate Collection Set: 0.82ms
[2025-08-27T05:26:37.184+0000][122][info ][gc,phases   ] GC(43)   Merge Heap Roots: 0.32ms
[2025-08-27T05:26:37.184+0000][122][info ][gc,phases   ] GC(43)   Evacuate Collection Set: 37.08ms
[2025-08-27T05:26:37.184+0000][122][info ][gc,phases   ] GC(43)   Post Evacuate Collection Set: 3.77ms
[2025-08-27T05:26:37.184+0000][122][info ][gc,phases   ] GC(43)   Other: 0.59ms
[2025-08-27T05:26:37.184+0000][122][trace][gc,age      ] GC(43) Age table with threshold 15 (max threshold 15)
[2025-08-27T05:26:37.184+0000][122][trace][gc,age      ] GC(43) - age   1:    4835168 bytes,    4835168 total
[2025-08-27T05:26:37.184+0000][122][trace][gc,age      ] GC(43) - age   2:    2450320 bytes,    7285488 total
[2025-08-27T05:26:37.184+0000][122][trace][gc,age      ] GC(43) - age   3:     151712 bytes,    7437200 total
[2025-08-27T05:26:37.184+0000][122][trace][gc,age      ] GC(43) - age   4:      18776 bytes,    7455976 total
[2025-08-27T05:26:37.184+0000][122][trace][gc,age      ] GC(43) - age   5:      19624 bytes,    7475600 total
[2025-08-27T05:26:37.184+0000][122][trace][gc,age      ] GC(43) - age   6:      71288 bytes,    7546888 total
[2025-08-27T05:26:37.185+0000][122][trace][gc,age      ] GC(43) - age   7:     109384 bytes,    7656272 total
[2025-08-27T05:26:37.185+0000][122][trace][gc,age      ] GC(43) - age   8:      51400 bytes,    7707672 total
[2025-08-27T05:26:37.185+0000][122][trace][gc,age      ] GC(43) - age   9:      78448 bytes,    7786120 total
[2025-08-27T05:26:37.185+0000][122][trace][gc,age      ] GC(43) - age  10:     438864 bytes,    8224984 total
[2025-08-27T05:26:37.185+0000][122][trace][gc,age      ] GC(43) - age  11:    1526720 bytes,    9751704 total
[2025-08-27T05:26:37.185+0000][122][trace][gc,age      ] GC(43) - age  12:    7878424 bytes,   17630128 total
[2025-08-27T05:26:37.185+0000][122][trace][gc,age      ] GC(43) - age  13:     653528 bytes,   18283656 total
[2025-08-27T05:26:37.185+0000][122][trace][gc,age      ] GC(43) - age  14:     946008 bytes,   19229664 total
[2025-08-27T05:26:37.185+0000][122][trace][gc,age      ] GC(43) - age  15:     153344 bytes,   19383008 total
[2025-08-27T05:26:37.185+0000][122][info ][gc,heap     ] GC(43) Eden regions: 148->0(148)
[2025-08-27T05:26:37.185+0000][122][info ][gc,heap     ] GC(43) Survivor regions: 5->5(20)
[2025-08-27T05:26:37.185+0000][122][info ][gc,heap     ] GC(43) Old regions: 36->37
[2025-08-27T05:26:37.185+0000][122][info ][gc,heap     ] GC(43) Humongous regions: 2->2
[2025-08-27T05:26:37.185+0000][122][info ][gc,metaspace] GC(43) Metaspace: 163861K(167872K)->163861K(167872K) NonClass: 141972K(143808K)->141972K(143808K) Class: 21888K(24064K)->21888K(24064K)
[2025-08-27T05:26:37.185+0000][122][info ][gc          ] GC(43) Pause Young (Concurrent Start) (G1 Evacuation Pause) 763M->173M(1024M) 44.653ms
[2025-08-27T05:26:37.185+0000][122][info ][gc,cpu      ] GC(43) User=0.31s Sys=0.00s Real=0.05s
[2025-08-27T05:26:37.185+0000][122][info ][gc          ] GC(44) Concurrent Mark Cycle
[2025-08-27T05:26:37.186+0000][122][info ][gc,marking  ] GC(44) Concurrent Scan Root Regions
[2025-08-27T05:26:37.185+0000][122][info ][safepoint   ] Safepoint "G1CollectForAllocation", Time since last: 29928019722 ns, Reaching safepoint: 19916 ns, Cleanup: 5584 ns, At safepoint: 45012833 ns, Total: 45038333 ns
[2025-08-27T05:26:37.193+0000][122][info ][gc,marking  ] GC(44) Concurrent Scan Root Regions 7.859ms
[2025-08-27T05:26:37.194+0000][122][info ][gc,marking  ] GC(44) Concurrent Mark
[2025-08-27T05:26:37.195+0000][122][info ][gc,marking  ] GC(44) Concurrent Mark From Roots
[2025-08-27T05:26:37.195+0000][122][info ][gc,task     ] GC(44) Using 2 workers of 2 for marking
[2025-08-27T05:26:37.263+0000][122][info ][gc,marking  ] GC(44) Concurrent Mark From Roots 68.323ms
[2025-08-27T05:26:37.263+0000][122][info ][gc,marking  ] GC(44) Concurrent Preclean
[2025-08-27T05:26:37.263+0000][122][info ][gc,marking  ] GC(44) Concurrent Preclean 0.384ms
[2025-08-27T05:26:37.264+0000][122][info ][gc,start    ] GC(44) Pause Remark
[2025-08-27T05:26:37.319+0000][122][info ][gc          ] GC(44) Pause Remark 175M->175M(1024M) 55.571ms
[2025-08-27T05:26:37.319+0000][122][info ][gc,cpu      ] GC(44) User=0.41s Sys=0.00s Real=0.06s
[2025-08-27T05:26:37.319+0000][122][info ][safepoint   ] Safepoint "G1PauseRemark", Time since last: 78006417 ns, Reaching safepoint: 9958 ns, Cleanup: 2500 ns, At safepoint: 55811167 ns, Total: 55823625 ns
[2025-08-27T05:26:37.319+0000][122][info ][gc,marking  ] GC(44) Concurrent Mark 125.798ms
[2025-08-27T05:26:37.319+0000][122][info ][gc,marking  ] GC(44) Concurrent Rebuild Remembered Sets and Scrub Regions
[2025-08-27T05:26:37.348+0000][122][info ][gc,marking  ] GC(44) Concurrent Rebuild Remembered Sets and Scrub Regions 28.736ms
[2025-08-27T05:26:37.348+0000][122][info ][gc,start    ] GC(44) Pause Cleanup
[2025-08-27T05:26:37.348+0000][122][info ][gc          ] GC(44) Pause Cleanup 175M->175M(1024M) 0.148ms
[2025-08-27T05:26:37.349+0000][122][info ][gc,cpu      ] GC(44) User=0.00s Sys=0.00s Real=0.00s
[2025-08-27T05:26:37.349+0000][122][info ][safepoint   ] Safepoint "G1PauseCleanup", Time since last: 28975292 ns, Reaching safepoint: 7541 ns, Cleanup: 6667 ns, At safepoint: 281125 ns, Total: 295333 ns
[2025-08-27T05:26:37.349+0000][122][info ][gc,marking  ] GC(44) Concurrent Clear Claimed Marks
[2025-08-27T05:26:37.349+0000][122][info ][gc,marking  ] GC(44) Concurrent Clear Claimed Marks 0.173ms
[2025-08-27T05:26:37.349+0000][122][info ][gc,marking  ] GC(44) Concurrent Cleanup for Next Mark
[2025-08-27T05:26:37.354+0000][122][info ][gc,marking  ] GC(44) Concurrent Cleanup for Next Mark 5.484ms
[2025-08-27T05:26:37.354+0000][122][info ][gc          ] GC(44) Concurrent Mark Cycle 169.016ms
[2025-08-27T05:26:38.350+0000][122][info ][safepoint   ] Safepoint "Cleanup", Time since last: 1000781666 ns, Reaching safepoint: 20959 ns, Cleanup: 18250 ns, At safepoint: 14250 ns, Total: 53459 ns
[2025-08-27T05:26:41.353+0000][122][info ][safepoint   ] Safepoint "Cleanup", Time since last: 3003455376 ns, Reaching safepoint: 57542 ns, Cleanup: 94458 ns, At safepoint: 19292 ns, Total: 171292 ns
[2025-08-27T05:26:49.157+0000][122][info ][safepoint   ] Safepoint "Cleanup", Time since last: 7803911004 ns, Reaching safepoint: 18875 ns, Cleanup: 12916 ns, At safepoint: 3084 ns, Total: 34875 ns
[2025-08-27T05:26:50.460+0000][122][info ][safepoint   ] Safepoint "Cleanup", Time since last: 1302844875 ns, Reaching safepoint: 94458 ns, Cleanup: 55125 ns, At safepoint: 23750 ns, Total: 173333 ns
[2025-08-27T05:26:52.463+0000][122][info ][safepoint   ] Safepoint "Cleanup", Time since last: 2002407751 ns, Reaching safepoint: 144250 ns, Cleanup: 69542 ns, At safepoint: 34792 ns, Total: 248584 ns
[2025-08-27T05:26:54.439+0000][122][info ][safepoint   ] Safepoint "Cleanup", Time since last: 1975708042 ns, Reaching safepoint: 7792 ns, Cleanup: 43917 ns, At safepoint: 385291 ns, Total: 437000 ns
[2025-08-27T05:26:55.990+0000][122][info ][safepoint   ] Safepoint "Cleanup", Time since last: 1548299834 ns, Reaching safepoint: 2196500 ns, Cleanup: 71000 ns, At safepoint: 29417 ns, Total: 2296917 ns
[2025-08-27T05:26:57.992+0000][122][info ][safepoint   ] Safepoint "Cleanup", Time since last: 2002538626 ns, Reaching safepoint: 65000 ns, Cleanup: 69875 ns, At safepoint: 25708 ns, Total: 160583 ns
[2025-08-27T05:27:04.042+0000][122][info ][safepoint   ] Safepoint "Cleanup", Time since last: 6049227087 ns, Reaching safepoint: 58166 ns, Cleanup: 38875 ns, At safepoint: 20250 ns, Total: 117291 ns
[2025-08-27T05:27:06.045+0000][122][info ][safepoint   ] Safepoint "Cleanup", Time since last: 2003712918 ns, Reaching safepoint: 20333 ns, Cleanup: 19834 ns, At safepoint: 16083 ns, Total: 56250 ns
[2025-08-27T05:27:07.684+0000][122][info ][safepoint   ] Safepoint "Cleanup", Time since last: 1637191042 ns, Reaching safepoint: 1387375 ns, Cleanup: 191917 ns, At safepoint: 80542 ns, Total: 1659834 ns
[2025-08-27T05:27:14.267+0000][122][info ][safepoint   ] Safepoint "Cleanup", Time since last: 6582873669 ns, Reaching safepoint: 20250 ns, Cleanup: 30333 ns, At safepoint: 8708 ns, Total: 59291 ns
[2025-08-27T05:27:23.286+0000][122][info ][safepoint   ] Safepoint "Cleanup", Time since last: 9018910338 ns, Reaching safepoint: 42792 ns, Cleanup: 44750 ns, At safepoint: 14750 ns, Total: 102292 ns
[2025-08-27T05:27:31.160+0000][122][info ][safepoint   ] Safepoint "Cleanup", Time since last: 7873470128 ns, Reaching safepoint: 7292 ns, Cleanup: 13250 ns, At safepoint: 3042 ns, Total: 23584 ns
[2025-08-27T05:27:37.762+0000][122][info ][safepoint   ] Safepoint "Cleanup", Time since last: 6602346919 ns, Reaching safepoint: 23584 ns, Cleanup: 71875 ns, At safepoint: 27583 ns, Total: 123042 ns
[2025-08-27T05:27:43.392+0000][122][info ][safepoint   ] Safepoint "Cleanup", Time since last: 5627817961 ns, Reaching safepoint: 1165875 ns, Cleanup: 38791 ns, At safepoint: 40959 ns, Total: 1245625 ns
[2025-08-27T05:27:44.393+0000][122][info ][safepoint   ] Safepoint "Cleanup", Time since last: 1000860167 ns, Reaching safepoint: 73792 ns, Cleanup: 81500 ns, At safepoint: 39791 ns, Total: 195083 ns
[2025-08-27T05:28:01.468+0000][122][info ][safepoint   ] Safepoint "Cleanup", Time since last: 17074888342 ns, Reaching safepoint: 98333 ns, Cleanup: 80000 ns, At safepoint: 30458 ns, Total: 208791 ns
[2025-08-27T05:28:09.047+0000][122][info ][safepoint   ] Safepoint "Cleanup", Time since last: 7579043712 ns, Reaching safepoint: 599833 ns, Cleanup: 13792 ns, At safepoint: 33416 ns, Total: 647041 ns
[2025-08-27T05:28:10.066+0000][122][info ][safepoint   ] Safepoint "Cleanup", Time since last: 1019568001 ns, Reaching safepoint: 39833 ns, Cleanup: 65667 ns, At safepoint: 13833 ns, Total: 119333 ns
[2025-08-27T05:28:26.088+0000][122][info ][safepoint   ] Safepoint "Cleanup", Time since last: 16021881925 ns, Reaching safepoint: 59708 ns, Cleanup: 36625 ns, At safepoint: 13458 ns, Total: 109791 ns
[2025-08-27T05:28:34.273+0000][122][info ][safepoint   ] Safepoint "Cleanup", Time since last: 8184742671 ns, Reaching safepoint: 52458 ns, Cleanup: 46958 ns, At safepoint: 27875 ns, Total: 127291 ns
[2025-08-27T05:28:39.279+0000][122][info ][safepoint   ] Safepoint "Cleanup", Time since last: 5005416127 ns, Reaching safepoint: 20292 ns, Cleanup: 22916 ns, At safepoint: 11209 ns, Total: 54417 ns
[2025-08-27T05:28:40.772+0000][122][info ][safepoint   ] Safepoint "Cleanup", Time since last: 1493721209 ns, Reaching safepoint: 45417 ns, Cleanup: 31875 ns, At safepoint: 57041 ns, Total: 134333 ns
[2025-08-27T05:28:55.184+0000][122][info ][safepoint   ] Safepoint "Cleanup", Time since last: 14411187715 ns, Reaching safepoint: 6250 ns, Cleanup: 9834 ns, At safepoint: 8583 ns, Total: 24667 ns
[2025-08-27T05:28:56.934+0000][122][info ][safepoint   ] Safepoint "Cleanup", Time since last: 1749814334 ns, Reaching safepoint: 81084 ns, Cleanup: 73458 ns, At safepoint: 29792 ns, Total: 184334 ns
[2025-08-27T05:29:26.967+0000][122][info ][safepoint   ] Safepoint "Cleanup", Time since last: 30032905138 ns, Reaching safepoint: 236625 ns, Cleanup: 84042 ns, At safepoint: 26125 ns, Total: 346792 ns
[2025-08-27T05:29:33.452+0000][122][info ][safepoint   ] Safepoint "Cleanup", Time since last: 6484669378 ns, Reaching safepoint: 6583 ns, Cleanup: 15417 ns, At safepoint: 5167 ns, Total: 27167 ns
[2025-08-27T05:29:38.457+0000][122][info ][safepoint   ] Safepoint "Cleanup", Time since last: 5005379752 ns, Reaching safepoint: 31458 ns, Cleanup: 18542 ns, At safepoint: 10083 ns, Total: 60083 ns
[2025-08-27T05:29:58.195+0000][122][info ][safepoint   ] Safepoint "Cleanup", Time since last: 19737531801 ns, Reaching safepoint: 6875 ns, Cleanup: 19292 ns, At safepoint: 10917 ns, Total: 37084 ns
[2025-08-27T05:30:00.102+0000][122][info ][safepoint   ] Safepoint "Cleanup", Time since last: 1906948042 ns, Reaching safepoint: 102292 ns, Cleanup: 84666 ns, At safepoint: 35667 ns, Total: 222625 ns
[2025-08-27T05:30:37.174+0000][122][info ][gc,start    ] GC(45) Pause Young (Prepare Mixed) (G1 Evacuation Pause)
[2025-08-27T05:30:37.176+0000][122][info ][gc,task     ] GC(45) Using 8 workers of 8 for evacuation
[2025-08-27T05:30:37.176+0000][122][debug][gc,age      ] GC(45) Desired survivor size 41943040 bytes, new threshold 15 (max threshold 15)
[2025-08-27T05:30:37.220+0000][122][info ][gc,phases   ] GC(45)   Pre Evacuate Collection Set: 1.53ms
[2025-08-27T05:30:37.222+0000][122][info ][gc,phases   ] GC(45)   Merge Heap Roots: 0.41ms
[2025-08-27T05:30:37.223+0000][122][info ][gc,phases   ] GC(45)   Evacuate Collection Set: 36.92ms
[2025-08-27T05:30:37.223+0000][122][info ][gc,phases   ] GC(45)   Post Evacuate Collection Set: 5.16ms
[2025-08-27T05:30:37.223+0000][122][info ][gc,phases   ] GC(45)   Other: 0.56ms
[2025-08-27T05:30:37.223+0000][122][trace][gc,age      ] GC(45) Age table with threshold 15 (max threshold 15)
[2025-08-27T05:30:37.223+0000][122][trace][gc,age      ] GC(45) - age   1:    2415144 bytes,    2415144 total
[2025-08-27T05:30:37.223+0000][122][trace][gc,age      ] GC(45) - age   2:    3278480 bytes,    5693624 total
[2025-08-27T05:30:37.223+0000][122][trace][gc,age      ] GC(45) - age   3:    1753528 bytes,    7447152 total
[2025-08-27T05:30:37.223+0000][122][trace][gc,age      ] GC(45) - age   4:     133928 bytes,    7581080 total
[2025-08-27T05:30:37.223+0000][122][trace][gc,age      ] GC(45) - age   5:      18456 bytes,    7599536 total
[2025-08-27T05:30:37.223+0000][122][trace][gc,age      ] GC(45) - age   6:      19600 bytes,    7619136 total
[2025-08-27T05:30:37.224+0000][122][trace][gc,age      ] GC(45) - age   7:      71288 bytes,    7690424 total
[2025-08-27T05:30:37.224+0000][122][trace][gc,age      ] GC(45) - age   8:     105568 bytes,    7795992 total
[2025-08-27T05:30:37.224+0000][122][trace][gc,age      ] GC(45) - age   9:      51400 bytes,    7847392 total
[2025-08-27T05:30:37.224+0000][122][trace][gc,age      ] GC(45) - age  10:      78448 bytes,    7925840 total
[2025-08-27T05:30:37.224+0000][122][trace][gc,age      ] GC(45) - age  11:     377464 bytes,    8303304 total
[2025-08-27T05:30:37.224+0000][122][trace][gc,age      ] GC(45) - age  12:    1526520 bytes,    9829824 total
[2025-08-27T05:30:37.224+0000][122][trace][gc,age      ] GC(45) - age  13:    7874616 bytes,   17704440 total
[2025-08-27T05:30:37.224+0000][122][trace][gc,age      ] GC(45) - age  14:     653528 bytes,   18357968 total
[2025-08-27T05:30:37.224+0000][122][trace][gc,age      ] GC(45) - age  15:     883704 bytes,   19241672 total
[2025-08-27T05:30:37.224+0000][122][info ][gc,heap     ] GC(45) Eden regions: 148->0(148)
[2025-08-27T05:30:37.224+0000][122][info ][gc,heap     ] GC(45) Survivor regions: 5->5(20)
[2025-08-27T05:30:37.224+0000][122][info ][gc,heap     ] GC(45) Old regions: 37->37
[2025-08-27T05:30:37.224+0000][122][info ][gc,heap     ] GC(45) Humongous regions: 2->2
[2025-08-27T05:30:37.224+0000][122][info ][gc,metaspace] GC(45) Metaspace: 163928K(167936K)->163928K(167936K) NonClass: 142041K(143872K)->142041K(143872K) Class: 21887K(24064K)->21887K(24064K)
[2025-08-27T05:30:37.224+0000][122][info ][gc          ] GC(45) Pause Young (Prepare Mixed) (G1 Evacuation Pause) 765M->173M(1024M) 50.218ms
[2025-08-27T05:30:37.224+0000][122][info ][gc,cpu      ] GC(45) User=0.31s Sys=0.00s Real=0.05s
[2025-08-27T05:30:37.224+0000][122][info ][safepoint   ] Safepoint "G1CollectForAllocation", Time since last: 37072060142 ns, Reaching safepoint: 71708 ns, Cleanup: 26375 ns, At safepoint: 50539834 ns, Total: 50637917 ns
[2025-08-27T05:30:49.238+0000][122][info ][safepoint   ] Safepoint "Cleanup", Time since last: 12013503630 ns, Reaching safepoint: 56375 ns, Cleanup: 34625 ns, At safepoint: 95958 ns, Total: 186958 ns
[2025-08-27T05:31:01.217+0000][122][info ][safepoint   ] Safepoint "Cleanup", Time since last: 11979307214 ns, Reaching safepoint: 7292 ns, Cleanup: 12333 ns, At safepoint: 5709 ns, Total: 25334 ns
[2025-08-27T05:31:02.243+0000][122][info ][safepoint   ] Safepoint "Cleanup", Time since last: 1025652375 ns, Reaching safepoint: 61375 ns, Cleanup: 68083 ns, At safepoint: 20209 ns, Total: 149667 ns
[2025-08-27T05:31:31.417+0000][122][info ][safepoint   ] Safepoint "Cleanup", Time since last: 29174816055 ns, Reaching safepoint: 150833 ns, Cleanup: 51334 ns, At safepoint: 23041 ns, Total: 225208 ns
[2025-08-27T05:31:38.704+0000][122][info ][safepoint   ] Safepoint "Cleanup", Time since last: 7285470170 ns, Reaching safepoint: 383042 ns, Cleanup: 57500 ns, At safepoint: 54500 ns, Total: 495042 ns
[2025-08-27T05:32:02.732+0000][122][info ][safepoint   ] Safepoint "Cleanup", Time since last: 24027841636 ns, Reaching safepoint: 183709 ns, Cleanup: 111916 ns, At safepoint: 27959 ns, Total: 323584 ns
[2025-08-27T05:32:34.705+0000][122][info ][safepoint   ] Safepoint "Cleanup", Time since last: 31972208806 ns, Reaching safepoint: 14708 ns, Cleanup: 30750 ns, At safepoint: 14750 ns, Total: 60208 ns
[2025-08-27T05:32:37.550+0000][122][info ][safepoint   ] Safepoint "Cleanup", Time since last: 2845182460 ns, Reaching safepoint: 546500 ns, Cleanup: 19583 ns, At safepoint: 5417 ns, Total: 571500 ns
[2025-08-27T05:32:39.540+0000][122][info ][safepoint   ] Safepoint "Cleanup", Time since last: 1989036334 ns, Reaching safepoint: 58625 ns, Cleanup: 58458 ns, At safepoint: 34833 ns, Total: 151916 ns
[2025-08-27T05:33:07.224+0000][122][info ][safepoint   ] Safepoint "Cleanup", Time since last: 27684179888 ns, Reaching safepoint: 5667 ns, Cleanup: 9833 ns, At safepoint: 7917 ns, Total: 23417 ns
[2025-08-27T05:33:08.907+0000][122][info ][safepoint   ] Safepoint "Cleanup", Time since last: 1682645792 ns, Reaching safepoint: 23584 ns, Cleanup: 83625 ns, At safepoint: 7791 ns, Total: 115000 ns
[2025-08-27T05:33:11.914+0000][122][info ][safepoint   ] Safepoint "Cleanup", Time since last: 3006803752 ns, Reaching safepoint: 55250 ns, Cleanup: 41625 ns, At safepoint: 14708 ns, Total: 111583 ns
[2025-08-27T05:33:16.920+0000][122][info ][safepoint   ] Safepoint "Cleanup", Time since last: 5005901919 ns, Reaching safepoint: 84958 ns, Cleanup: 32167 ns, At safepoint: 18333 ns, Total: 135458 ns
[2025-08-27T05:33:38.939+0000][122][info ][safepoint   ] Safepoint "Cleanup", Time since last: 22019387344 ns, Reaching safepoint: 66208 ns, Cleanup: 44209 ns, At safepoint: 22208 ns, Total: 132625 ns
[2025-08-27T05:33:45.954+0000][122][info ][safepoint   ] Safepoint "Cleanup", Time since last: 7015477295 ns, Reaching safepoint: 75917 ns, Cleanup: 61083 ns, At safepoint: 28917 ns, Total: 165917 ns
[2025-08-27T05:34:10.244+0000][122][info ][safepoint   ] Safepoint "Cleanup", Time since last: 24289533469 ns, Reaching safepoint: 5792 ns, Cleanup: 8791 ns, At safepoint: 2584 ns, Total: 17167 ns
[2025-08-27T05:34:12.169+0000][122][info ][safepoint   ] Safepoint "Cleanup", Time since last: 1924884750 ns, Reaching safepoint: 254500 ns, Cleanup: 61709 ns, At safepoint: 22291 ns, Total: 338500 ns
[2025-08-27T05:34:37.102+0000][122][info ][safepoint   ] Safepoint "Cleanup", Time since last: 24933160054 ns, Reaching safepoint: 78750 ns, Cleanup: 32250 ns, At safepoint: 21125 ns, Total: 132125 ns
[2025-08-27T05:35:02.133+0000][122][info ][safepoint   ] Safepoint "Cleanup", Time since last: 25029893094 ns, Reaching safepoint: 159875 ns, Cleanup: 73125 ns, At safepoint: 28292 ns, Total: 261292 ns
[2025-08-27T05:35:13.377+0000][122][info ][safepoint   ] Safepoint "Cleanup", Time since last: 11245113171 ns, Reaching safepoint: 14083 ns, Cleanup: 26125 ns, At safepoint: 8875 ns, Total: 49083 ns
[2025-08-27T05:35:14.409+0000][122][info ][safepoint   ] Safepoint "Cleanup", Time since last: 1031692251 ns, Reaching safepoint: 15083 ns, Cleanup: 38459 ns, At safepoint: 9583 ns, Total: 63125 ns
[2025-08-27T05:35:17.446+0000][122][info ][safepoint   ] Safepoint "Cleanup", Time since last: 3036817460 ns, Reaching safepoint: 71250 ns, Cleanup: 38625 ns, At safepoint: 46708 ns, Total: 156583 ns
[2025-08-27T05:35:31.461+0000][122][info ][safepoint   ] Safepoint "Cleanup", Time since last: 14014799465 ns, Reaching safepoint: 39333 ns, Cleanup: 9250 ns, At safepoint: 7167 ns, Total: 55750 ns
[2025-08-27T05:35:39.311+0000][122][info ][safepoint   ] Safepoint "Cleanup", Time since last: 7849879878 ns, Reaching safepoint: 85625 ns, Cleanup: 51834 ns, At safepoint: 19125 ns, Total: 156584 ns
[2025-08-27T05:35:52.324+0000][122][info ][safepoint   ] Safepoint "Cleanup", Time since last: 13012749089 ns, Reaching safepoint: 182625 ns, Cleanup: 83500 ns, At safepoint: 21000 ns, Total: 287125 ns
[2025-08-27T05:36:16.654+0000][122][info ][safepoint   ] Safepoint "Cleanup", Time since last: 24329673220 ns, Reaching safepoint: 4041 ns, Cleanup: 7875 ns, At safepoint: 4792 ns, Total: 16708 ns
[2025-08-27T05:36:17.672+0000][122][info ][safepoint   ] Safepoint "Cleanup", Time since last: 1018396125 ns, Reaching safepoint: 67834 ns, Cleanup: 52875 ns, At safepoint: 26083 ns, Total: 146792 ns
[2025-08-27T05:36:23.431+0000][122][info ][gc,start    ] GC(46) Pause Young (Mixed) (G1 Evacuation Pause)
[2025-08-27T05:36:23.432+0000][122][info ][gc,task     ] GC(46) Using 8 workers of 8 for evacuation
[2025-08-27T05:36:23.432+0000][122][debug][gc,age      ] GC(46) Desired survivor size 41943040 bytes, new threshold 15 (max threshold 15)
[2025-08-27T05:36:23.479+0000][122][info ][gc,phases   ] GC(46)   Pre Evacuate Collection Set: 1.15ms
[2025-08-27T05:36:23.479+0000][122][info ][gc,phases   ] GC(46)   Merge Heap Roots: 0.37ms
[2025-08-27T05:36:23.479+0000][122][info ][gc,phases   ] GC(46)   Evacuate Collection Set: 38.10ms
[2025-08-27T05:36:23.479+0000][122][info ][gc,phases   ] GC(46)   Post Evacuate Collection Set: 6.62ms
[2025-08-27T05:36:23.479+0000][122][info ][gc,phases   ] GC(46)   Other: 0.46ms
[2025-08-27T05:36:23.479+0000][122][trace][gc,age      ] GC(46) Age table with threshold 15 (max threshold 15)
[2025-08-27T05:36:23.479+0000][122][trace][gc,age      ] GC(46) - age   1:     728728 bytes,     728728 total
[2025-08-27T05:36:23.479+0000][122][trace][gc,age      ] GC(46) - age   2:    1102928 bytes,    1831656 total
[2025-08-27T05:36:23.479+0000][122][trace][gc,age      ] GC(46) - age   3:    3274064 bytes,    5105720 total
[2025-08-27T05:36:23.479+0000][122][trace][gc,age      ] GC(46) - age   4:    1739800 bytes,    6845520 total
[2025-08-27T05:36:23.479+0000][122][trace][gc,age      ] GC(46) - age   5:      35200 bytes,    6880720 total
[2025-08-27T05:36:23.479+0000][122][trace][gc,age      ] GC(46) - age   6:      18392 bytes,    6899112 total
[2025-08-27T05:36:23.479+0000][122][trace][gc,age      ] GC(46) - age   7:      19296 bytes,    6918408 total
[2025-08-27T05:36:23.480+0000][122][trace][gc,age      ] GC(46) - age   8:      71288 bytes,    6989696 total
[2025-08-27T05:36:23.480+0000][122][trace][gc,age      ] GC(46) - age   9:      27192 bytes,    7016888 total
[2025-08-27T05:36:23.480+0000][122][trace][gc,age      ] GC(46) - age  10:      51400 bytes,    7068288 total
[2025-08-27T05:36:23.480+0000][122][trace][gc,age      ] GC(46) - age  11:      78448 bytes,    7146736 total
[2025-08-27T05:36:23.480+0000][122][trace][gc,age      ] GC(46) - age  12:     377064 bytes,    7523800 total
[2025-08-27T05:36:23.480+0000][122][trace][gc,age      ] GC(46) - age  13:    1526520 bytes,    9050320 total
[2025-08-27T05:36:23.480+0000][122][trace][gc,age      ] GC(46) - age  14:    7874616 bytes,   16924936 total
[2025-08-27T05:36:23.480+0000][122][trace][gc,age      ] GC(46) - age  15:     653528 bytes,   17578464 total
[2025-08-27T05:36:23.480+0000][122][info ][gc,heap     ] GC(46) Eden regions: 148->0(148)
[2025-08-27T05:36:23.480+0000][122][info ][gc,heap     ] GC(46) Survivor regions: 5->5(20)
[2025-08-27T05:36:23.480+0000][122][info ][gc,heap     ] GC(46) Old regions: 37->37
[2025-08-27T05:36:23.480+0000][122][info ][gc,heap     ] GC(46) Humongous regions: 2->2
[2025-08-27T05:36:23.480+0000][122][info ][gc,metaspace] GC(46) Metaspace: 163977K(167936K)->163977K(167936K) NonClass: 142090K(143872K)->142090K(143872K) Class: 21887K(24064K)->21887K(24064K)
[2025-08-27T05:36:23.480+0000][122][info ][gc          ] GC(46) Pause Young (Mixed) (G1 Evacuation Pause) 765M->173M(1024M) 48.808ms
[2025-08-27T05:36:23.480+0000][122][info ][gc,cpu      ] GC(46) User=0.31s Sys=0.00s Real=0.05s
[2025-08-27T05:36:23.480+0000][122][info ][safepoint   ] Safepoint "G1CollectForAllocation", Time since last: 5758985711 ns, Reaching safepoint: 62625 ns, Cleanup: 8042 ns, At safepoint: 49082917 ns, Total: 49153584 ns
[2025-08-27T05:37:02.444+0000][122][info ][safepoint   ] Safepoint "Cleanup", Time since last: 38962494434 ns, Reaching safepoint: 525083 ns, Cleanup: 113125 ns, At safepoint: 151625 ns, Total: 789833 ns
[2025-08-27T05:37:04.447+0000][122][info ][safepoint   ] Safepoint "Cleanup", Time since last: 2003108501 ns, Reaching safepoint: 38834 ns, Cleanup: 46375 ns, At safepoint: 14541 ns, Total: 99750 ns
[2025-08-27T05:37:12.455+0000][122][info ][safepoint   ] Safepoint "Cleanup", Time since last: 8007956004 ns, Reaching safepoint: 333833 ns, Cleanup: 45667 ns, At safepoint: 36583 ns, Total: 416083 ns
[2025-08-27T05:37:31.923+0000][122][info ][safepoint   ] Safepoint "Cleanup", Time since last: 19466871884 ns, Reaching safepoint: 598167 ns, Cleanup: 33333 ns, At safepoint: 24584 ns, Total: 656084 ns
[2025-08-27T05:37:38.974+0000][122][info ][safepoint   ] Safepoint "Cleanup", Time since last: 7050908378 ns, Reaching safepoint: 37958 ns, Cleanup: 34292 ns, At safepoint: 13291 ns, Total: 85541 ns
[2025-08-27T05:38:08.510+0000][122][info ][safepoint   ] Safepoint "Cleanup", Time since last: 29536741430 ns, Reaching safepoint: 4833 ns, Cleanup: 8500 ns, At safepoint: 7292 ns, Total: 20625 ns
[2025-08-27T05:38:12.549+0000][122][info ][safepoint   ] Safepoint "Cleanup", Time since last: 4038251794 ns, Reaching safepoint: 45583 ns, Cleanup: 26458 ns, At safepoint: 13042 ns, Total: 85083 ns
[2025-08-27T05:38:22.319+0000][122][info ][safepoint   ] Safepoint "Cleanup", Time since last: 9770689671 ns, Reaching safepoint: 5000 ns, Cleanup: 5834 ns, At safepoint: 8375 ns, Total: 19209 ns
[2025-08-27T05:38:32.189+0000][122][info ][safepoint   ] Safepoint "Cleanup", Time since last: 9869625046 ns, Reaching safepoint: 100042 ns, Cleanup: 31250 ns, At safepoint: 24125 ns, Total: 155417 ns
[2025-08-27T05:38:38.499+0000][122][info ][safepoint   ] Safepoint "Cleanup", Time since last: 6309471919 ns, Reaching safepoint: 42417 ns, Cleanup: 68083 ns, At safepoint: 23792 ns, Total: 134292 ns
[2025-08-27T05:38:52.515+0000][122][info ][safepoint   ] Safepoint "Cleanup", Time since last: 14015907131 ns, Reaching safepoint: 56250 ns, Cleanup: 33792 ns, At safepoint: 15500 ns, Total: 105542 ns
[2025-08-27T05:39:25.298+0000][122][info ][safepoint   ] Safepoint "Cleanup", Time since last: 32783779765 ns, Reaching safepoint: 8417 ns, Cleanup: 13791 ns, At safepoint: 2750 ns, Total: 24958 ns
[2025-08-27T05:40:27.641+0000][122][info ][safepoint   ] Safepoint "Cleanup", Time since last: 62342415529 ns, Reaching safepoint: 88583 ns, Cleanup: 104334 ns, At safepoint: 37833 ns, Total: 230750 ns
[2025-08-27T05:40:29.610+0000][122][info ][safepoint   ] Safepoint "Cleanup", Time since last: 1968412917 ns, Reaching safepoint: 20667 ns, Cleanup: 66833 ns, At safepoint: 12917 ns, Total: 100417 ns
[2025-08-27T05:40:38.704+0000][122][info ][safepoint   ] Safepoint "Cleanup", Time since last: 9094333129 ns, Reaching safepoint: 78500 ns, Cleanup: 33833 ns, At safepoint: 17500 ns, Total: 129833 ns
[2025-08-27T05:41:37.767+0000][122][info ][safepoint   ] Safepoint "Cleanup", Time since last: 59062555861 ns, Reaching safepoint: 85167 ns, Cleanup: 45041 ns, At safepoint: 23834 ns, Total: 154042 ns
[2025-08-27T05:41:45.186+0000][122][info ][safepoint   ] Safepoint "Cleanup", Time since last: 7419330002 ns, Reaching safepoint: 58167 ns, Cleanup: 30250 ns, At safepoint: 10875 ns, Total: 99292 ns
[2025-08-27T05:42:35.114+0000][122][info ][gc,start    ] GC(47) Pause Young (Concurrent Start) (G1 Evacuation Pause)
[2025-08-27T05:42:35.115+0000][122][info ][gc,task     ] GC(47) Using 8 workers of 8 for evacuation
[2025-08-27T05:42:35.115+0000][122][debug][gc,age      ] GC(47) Desired survivor size 41943040 bytes, new threshold 15 (max threshold 15)
[2025-08-27T05:42:35.146+0000][122][info ][gc,phases   ] GC(47)   Pre Evacuate Collection Set: 0.80ms
[2025-08-27T05:42:35.146+0000][122][info ][gc,phases   ] GC(47)   Merge Heap Roots: 0.18ms
[2025-08-27T05:42:35.146+0000][122][info ][gc,phases   ] GC(47)   Evacuate Collection Set: 25.65ms
[2025-08-27T05:42:35.146+0000][122][info ][gc,phases   ] GC(47)   Post Evacuate Collection Set: 4.47ms
[2025-08-27T05:42:35.146+0000][122][info ][gc,phases   ] GC(47)   Other: 0.35ms
[2025-08-27T05:42:35.146+0000][122][trace][gc,age      ] GC(47) Age table with threshold 15 (max threshold 15)
[2025-08-27T05:42:35.146+0000][122][trace][gc,age      ] GC(47) - age   1:     994320 bytes,     994320 total
[2025-08-27T05:42:35.146+0000][122][trace][gc,age      ] GC(47) - age   2:     152192 bytes,    1146512 total
[2025-08-27T05:42:35.146+0000][122][trace][gc,age      ] GC(47) - age   3:    1080200 bytes,    2226712 total
[2025-08-27T05:42:35.146+0000][122][trace][gc,age      ] GC(47) - age   4:    3273840 bytes,    5500552 total
[2025-08-27T05:42:35.146+0000][122][trace][gc,age      ] GC(47) - age   5:    1722288 bytes,    7222840 total
[2025-08-27T05:42:35.146+0000][122][trace][gc,age      ] GC(47) - age   6:      32552 bytes,    7255392 total
[2025-08-27T05:42:35.146+0000][122][trace][gc,age      ] GC(47) - age   7:      18392 bytes,    7273784 total
[2025-08-27T05:42:35.146+0000][122][trace][gc,age      ] GC(47) - age   8:      19296 bytes,    7293080 total
[2025-08-27T05:42:35.147+0000][122][trace][gc,age      ] GC(47) - age   9:      71288 bytes,    7364368 total
[2025-08-27T05:42:35.147+0000][122][trace][gc,age      ] GC(47) - age  10:      25792 bytes,    7390160 total
[2025-08-27T05:42:35.147+0000][122][trace][gc,age      ] GC(47) - age  11:      51336 bytes,    7441496 total
[2025-08-27T05:42:35.147+0000][122][trace][gc,age      ] GC(47) - age  12:      78448 bytes,    7519944 total
[2025-08-27T05:42:35.147+0000][122][trace][gc,age      ] GC(47) - age  13:     377064 bytes,    7897008 total
[2025-08-27T05:42:35.147+0000][122][trace][gc,age      ] GC(47) - age  14:    1526520 bytes,    9423528 total
[2025-08-27T05:42:35.147+0000][122][trace][gc,age      ] GC(47) - age  15:    7874616 bytes,   17298144 total
[2025-08-27T05:42:35.147+0000][122][info ][gc,heap     ] GC(47) Eden regions: 148->0(148)
[2025-08-27T05:42:35.147+0000][122][info ][gc,heap     ] GC(47) Survivor regions: 5->5(20)
[2025-08-27T05:42:35.147+0000][122][info ][gc,heap     ] GC(47) Old regions: 37->37
[2025-08-27T05:42:35.147+0000][122][info ][gc,heap     ] GC(47) Humongous regions: 2->2
[2025-08-27T05:42:35.147+0000][122][info ][gc,metaspace] GC(47) Metaspace: 164013K(167936K)->164013K(167936K) NonClass: 142126K(143872K)->142126K(143872K) Class: 21887K(24064K)->21887K(24064K)
[2025-08-27T05:42:35.147+0000][122][info ][gc          ] GC(47) Pause Young (Concurrent Start) (G1 Evacuation Pause) 765M->173M(1024M) 32.907ms
[2025-08-27T05:42:35.147+0000][122][info ][gc,cpu      ] GC(47) User=0.22s Sys=0.00s Real=0.03s
[2025-08-27T05:42:35.147+0000][122][info ][gc          ] GC(48) Concurrent Mark Cycle
[2025-08-27T05:42:35.147+0000][122][info ][gc,marking  ] GC(48) Concurrent Scan Root Regions
[2025-08-27T05:42:35.147+0000][122][info ][safepoint   ] Safepoint "G1CollectForAllocation", Time since last: 49928149898 ns, Reaching safepoint: 23583 ns, Cleanup: 10750 ns, At safepoint: 33101667 ns, Total: 33136000 ns
[2025-08-27T05:42:35.153+0000][122][info ][gc,marking  ] GC(48) Concurrent Scan Root Regions 6.179ms
[2025-08-27T05:42:35.153+0000][122][info ][gc,marking  ] GC(48) Concurrent Mark
[2025-08-27T05:42:35.154+0000][122][info ][gc,marking  ] GC(48) Concurrent Mark From Roots
[2025-08-27T05:42:35.154+0000][122][info ][gc,task     ] GC(48) Using 2 workers of 2 for marking
[2025-08-27T05:42:35.232+0000][122][info ][gc,marking  ] GC(48) Concurrent Mark From Roots 78.452ms
[2025-08-27T05:42:35.232+0000][122][info ][gc,marking  ] GC(48) Concurrent Preclean
[2025-08-27T05:42:35.232+0000][122][info ][gc,marking  ] GC(48) Concurrent Preclean 0.372ms
[2025-08-27T05:42:35.233+0000][122][info ][gc,start    ] GC(48) Pause Remark
[2025-08-27T05:42:35.307+0000][122][info ][gc          ] GC(48) Pause Remark 177M->177M(1024M) 74.928ms
[2025-08-27T05:42:35.308+0000][122][info ][gc,cpu      ] GC(48) User=0.40s Sys=0.07s Real=0.08s
[2025-08-27T05:42:35.308+0000][122][info ][safepoint   ] Safepoint "G1PauseRemark", Time since last: 85370583 ns, Reaching safepoint: 13417 ns, Cleanup: 2666 ns, At safepoint: 75168042 ns, Total: 75184125 ns
[2025-08-27T05:42:35.308+0000][122][info ][gc,marking  ] GC(48) Concurrent Mark 154.588ms
[2025-08-27T05:42:35.308+0000][122][info ][gc,marking  ] GC(48) Concurrent Rebuild Remembered Sets and Scrub Regions
[2025-08-27T05:42:35.339+0000][122][info ][gc,marking  ] GC(48) Concurrent Rebuild Remembered Sets and Scrub Regions 31.144ms
[2025-08-27T05:42:35.339+0000][122][info ][gc,start    ] GC(48) Pause Cleanup
[2025-08-27T05:42:35.340+0000][122][info ][gc          ] GC(48) Pause Cleanup 177M->177M(1024M) 0.145ms
[2025-08-27T05:42:35.340+0000][122][info ][gc,cpu      ] GC(48) User=0.00s Sys=0.00s Real=0.00s
[2025-08-27T05:42:35.340+0000][122][info ][safepoint   ] Safepoint "G1PauseCleanup", Time since last: 31692792 ns, Reaching safepoint: 8042 ns, Cleanup: 48583 ns, At safepoint: 287875 ns, Total: 344500 ns
[2025-08-27T05:42:35.340+0000][122][info ][gc,marking  ] GC(48) Concurrent Clear Claimed Marks
[2025-08-27T05:42:35.340+0000][122][info ][gc,marking  ] GC(48) Concurrent Clear Claimed Marks 0.159ms
[2025-08-27T05:42:35.340+0000][122][info ][gc,marking  ] GC(48) Concurrent Cleanup for Next Mark
[2025-08-27T05:42:35.349+0000][122][info ][gc,marking  ] GC(48) Concurrent Cleanup for Next Mark 9.066ms
[2025-08-27T05:42:35.349+0000][122][info ][gc          ] GC(48) Concurrent Mark Cycle 202.066ms
[2025-08-27T05:42:37.337+0000][122][info ][safepoint   ] Safepoint "Cleanup", Time since last: 1997048751 ns, Reaching safepoint: 5916 ns, Cleanup: 13417 ns, At safepoint: 7458 ns, Total: 26791 ns
[2025-08-27T05:42:39.194+0000][122][info ][safepoint   ] Safepoint "Cleanup", Time since last: 1856864792 ns, Reaching safepoint: 70000 ns, Cleanup: 75292 ns, At safepoint: 25250 ns, Total: 170542 ns
[2025-08-27T05:42:41.255+0000][122][info ][safepoint   ] Safepoint "Cleanup", Time since last: 2060960668 ns, Reaching safepoint: 73083 ns, Cleanup: 115417 ns, At safepoint: 37500 ns, Total: 226000 ns
[2025-08-27T05:42:42.256+0000][122][info ][safepoint   ] Safepoint "Cleanup", Time since last: 1001187125 ns, Reaching safepoint: 52083 ns, Cleanup: 33917 ns, At safepoint: 14417 ns, Total: 100417 ns
[2025-08-27T05:42:44.259+0000][122][info ][safepoint   ] Safepoint "Cleanup", Time since last: 2002999126 ns, Reaching safepoint: 78083 ns, Cleanup: 51458 ns, At safepoint: 27625 ns, Total: 157166 ns
[2025-08-27T05:42:47.265+0000][122][info ][safepoint   ] Safepoint "Cleanup", Time since last: 3006103752 ns, Reaching safepoint: 73083 ns, Cleanup: 39250 ns, At safepoint: 20834 ns, Total: 133167 ns
[2025-08-27T05:43:07.625+0000][122][info ][safepoint   ] Safepoint "Cleanup", Time since last: 20359386218 ns, Reaching safepoint: 6541 ns, Cleanup: 13459 ns, At safepoint: 8625 ns, Total: 28625 ns
[2025-08-27T05:43:27.644+0000][122][info ][safepoint   ] Safepoint "Cleanup", Time since last: 20018849258 ns, Reaching safepoint: 304583 ns, Cleanup: 119084 ns, At safepoint: 80500 ns, Total: 504167 ns
[2025-08-27T05:43:37.356+0000][122][info ][safepoint   ] Safepoint "Cleanup", Time since last: 9711861338 ns, Reaching safepoint: 4250 ns, Cleanup: 9041 ns, At safepoint: 7209 ns, Total: 20500 ns
[2025-08-27T05:43:38.383+0000][122][info ][safepoint   ] Safepoint "Cleanup", Time since last: 1026919624 ns, Reaching safepoint: 73875 ns, Cleanup: 71000 ns, At safepoint: 22625 ns, Total: 167500 ns
[2025-08-27T05:43:39.476+0000][122][info ][safepoint   ] Safepoint "Cleanup", Time since last: 1092781542 ns, Reaching safepoint: 22917 ns, Cleanup: 44125 ns, At safepoint: 17708 ns, Total: 84750 ns
[2025-08-27T05:43:42.484+0000][122][info ][safepoint   ] Safepoint "Cleanup", Time since last: 3007705294 ns, Reaching safepoint: 77458 ns, Cleanup: 47792 ns, At safepoint: 20625 ns, Total: 145875 ns
[2025-08-27T05:44:01.569+0000][122][info ][safepoint   ] Safepoint "Cleanup", Time since last: 19084581634 ns, Reaching safepoint: 4666 ns, Cleanup: 50750 ns, At safepoint: 5375 ns, Total: 60791 ns
[2025-08-27T05:44:02.580+0000][122][info ][safepoint   ] Safepoint "Cleanup", Time since last: 1011348168 ns, Reaching safepoint: 22875 ns, Cleanup: 28541 ns, At safepoint: 9500 ns, Total: 60916 ns
[2025-08-27T05:44:04.368+0000][122][info ][safepoint   ] Safepoint "Cleanup", Time since last: 1787912209 ns, Reaching safepoint: 5209 ns, Cleanup: 54208 ns, At safepoint: 12333 ns, Total: 71750 ns
[2025-08-27T05:44:05.616+0000][122][info ][safepoint   ] Safepoint "Cleanup", Time since last: 1247892084 ns, Reaching safepoint: 50917 ns, Cleanup: 147792 ns, At safepoint: 16375 ns, Total: 215084 ns
[2025-08-27T05:44:07.641+0000][122][info ][safepoint   ] Safepoint "Cleanup", Time since last: 2024570834 ns, Reaching safepoint: 5208 ns, Cleanup: 33834 ns, At safepoint: 6041 ns, Total: 45083 ns
[2025-08-27T05:44:08.794+0000][122][info ][safepoint   ] Safepoint "Cleanup", Time since last: 1153046125 ns, Reaching safepoint: 14334 ns, Cleanup: 30500 ns, At safepoint: 9708 ns, Total: 54542 ns
[2025-08-27T05:44:16.803+0000][122][info ][safepoint   ] Safepoint "Cleanup", Time since last: 8009086045 ns, Reaching safepoint: 12042 ns, Cleanup: 10208 ns, At safepoint: 5959 ns, Total: 28209 ns
[2025-08-27T05:44:17.804+0000][122][info ][safepoint   ] Safepoint "Cleanup", Time since last: 1001248333 ns, Reaching safepoint: 70709 ns, Cleanup: 69875 ns, At safepoint: 24750 ns, Total: 165334 ns
[2025-08-27T05:44:19.807+0000][122][info ][safepoint   ] Safepoint "Cleanup", Time since last: 2002495667 ns, Reaching safepoint: 95292 ns, Cleanup: 56708 ns, At safepoint: 29875 ns, Total: 181875 ns
[2025-08-27T05:44:27.815+0000][122][info ][safepoint   ] Safepoint "Cleanup", Time since last: 8008169796 ns, Reaching safepoint: 92917 ns, Cleanup: 60708 ns, At safepoint: 25625 ns, Total: 179250 ns
[2025-08-27T05:44:32.821+0000][122][info ][safepoint   ] Safepoint "Cleanup", Time since last: 5005787544 ns, Reaching safepoint: 59458 ns, Cleanup: 36375 ns, At safepoint: 17625 ns, Total: 113458 ns
[2025-08-27T05:44:39.292+0000][122][info ][safepoint   ] Safepoint "Cleanup", Time since last: 6470840670 ns, Reaching safepoint: 108291 ns, Cleanup: 38667 ns, At safepoint: 13917 ns, Total: 160875 ns
[2025-08-27T05:44:40.379+0000][122][info ][safepoint   ] Safepoint "Cleanup", Time since last: 1087172875 ns, Reaching safepoint: 5292 ns, Cleanup: 18708 ns, At safepoint: 2250 ns, Total: 26250 ns
[2025-08-27T05:44:41.806+0000][122][info ][safepoint   ] Safepoint "Cleanup", Time since last: 1426702084 ns, Reaching safepoint: 20792 ns, Cleanup: 44000 ns, At safepoint: 9375 ns, Total: 74167 ns
[2025-08-27T05:44:43.812+0000][122][info ][safepoint   ] Safepoint "Cleanup", Time since last: 2005649959 ns, Reaching safepoint: 50417 ns, Cleanup: 29417 ns, At safepoint: 16375 ns, Total: 96209 ns
[2025-08-27T05:44:46.815+0000][122][info ][safepoint   ] Safepoint "Cleanup", Time since last: 3003124501 ns, Reaching safepoint: 12750 ns, Cleanup: 17917 ns, At safepoint: 18083 ns, Total: 48750 ns
[2025-08-27T05:44:48.818+0000][122][info ][safepoint   ] Safepoint "Cleanup", Time since last: 2002745418 ns, Reaching safepoint: 57583 ns, Cleanup: 39208 ns, At safepoint: 13209 ns, Total: 110000 ns
[2025-08-27T05:44:56.827+0000][122][info ][safepoint   ] Safepoint "Cleanup", Time since last: 8008852295 ns, Reaching safepoint: 27792 ns, Cleanup: 19250 ns, At safepoint: 6041 ns, Total: 53083 ns
[2025-08-27T05:45:08.840+0000][122][info ][safepoint   ] Safepoint "Cleanup", Time since last: 12013255630 ns, Reaching safepoint: 209834 ns, Cleanup: 38333 ns, At safepoint: 38875 ns, Total: 287042 ns
[2025-08-27T05:45:12.845+0000][122][info ][safepoint   ] Safepoint "Cleanup", Time since last: 4004866335 ns, Reaching safepoint: 37083 ns, Cleanup: 30209 ns, At safepoint: 13083 ns, Total: 80375 ns
[2025-08-27T05:45:44.050+0000][122][info ][safepoint   ] Safepoint "Cleanup", Time since last: 31205138847 ns, Reaching safepoint: 18042 ns, Cleanup: 20458 ns, At safepoint: 6667 ns, Total: 45167 ns
[2025-08-27T05:46:47.322+0000][122][info ][safepoint   ] Safepoint "Cleanup", Time since last: 63271150654 ns, Reaching safepoint: 997334 ns, Cleanup: 9791 ns, At safepoint: 10250 ns, Total: 1017375 ns
[2025-08-27T05:46:48.323+0000][122][info ][safepoint   ] Safepoint "Cleanup", Time since last: 1000131584 ns, Reaching safepoint: 9667 ns, Cleanup: 13916 ns, At safepoint: 8875 ns, Total: 32458 ns
[2025-08-27T05:47:34.433+0000][122][info ][safepoint   ] Safepoint "Cleanup", Time since last: 46109865605 ns, Reaching safepoint: 58000 ns, Cleanup: 87333 ns, At safepoint: 22167 ns, Total: 167500 ns
[2025-08-27T05:47:37.397+0000][122][info ][safepoint   ] Safepoint "Cleanup", Time since last: 2963990793 ns, Reaching safepoint: 7208 ns, Cleanup: 13209 ns, At safepoint: 7833 ns, Total: 28250 ns
[2025-08-27T05:47:43.517+0000][122][info ][safepoint   ] Safepoint "Cleanup", Time since last: 6120517669 ns, Reaching safepoint: 78750 ns, Cleanup: 29917 ns, At safepoint: 13500 ns, Total: 122167 ns
[2025-08-27T05:47:49.406+0000][122][info ][safepoint   ] Safepoint "Cleanup", Time since last: 5889172753 ns, Reaching safepoint: 6916 ns, Cleanup: 6750 ns, At safepoint: 10042 ns, Total: 23708 ns
[2025-08-27T05:47:50.585+0000][122][info ][safepoint   ] Safepoint "Cleanup", Time since last: 1178894625 ns, Reaching safepoint: 23000 ns, Cleanup: 82417 ns, At safepoint: 18250 ns, Total: 123667 ns
[2025-08-27T05:47:51.037+0000][122][info ][gc,start    ] GC(49) Pause Young (Prepare Mixed) (G1 Evacuation Pause)
[2025-08-27T05:47:51.037+0000][122][info ][gc,task     ] GC(49) Using 8 workers of 8 for evacuation
[2025-08-27T05:47:51.037+0000][122][debug][gc,age      ] GC(49) Desired survivor size 41943040 bytes, new threshold 15 (max threshold 15)
[2025-08-27T05:47:51.063+0000][122][info ][gc,phases   ] GC(49)   Pre Evacuate Collection Set: 2.01ms
[2025-08-27T05:47:51.064+0000][122][info ][gc,phases   ] GC(49)   Merge Heap Roots: 0.69ms
[2025-08-27T05:47:51.064+0000][122][info ][gc,phases   ] GC(49)   Evacuate Collection Set: 20.35ms
[2025-08-27T05:47:51.064+0000][122][info ][gc,phases   ] GC(49)   Post Evacuate Collection Set: 2.68ms
[2025-08-27T05:47:51.064+0000][122][info ][gc,phases   ] GC(49)   Other: 0.89ms
[2025-08-27T05:47:51.064+0000][122][trace][gc,age      ] GC(49) Age table with threshold 15 (max threshold 15)
[2025-08-27T05:47:51.064+0000][122][trace][gc,age      ] GC(49) - age   1:    1154832 bytes,    1154832 total
[2025-08-27T05:47:51.064+0000][122][trace][gc,age      ] GC(49) - age   2:      38040 bytes,    1192872 total
[2025-08-27T05:47:51.064+0000][122][trace][gc,age      ] GC(49) - age   3:      71072 bytes,    1263944 total
[2025-08-27T05:47:51.064+0000][122][trace][gc,age      ] GC(49) - age   4:     948288 bytes,    2212232 total
[2025-08-27T05:47:51.064+0000][122][trace][gc,age      ] GC(49) - age   5:    3193632 bytes,    5405864 total
[2025-08-27T05:47:51.064+0000][122][trace][gc,age      ] GC(49) - age   6:    1437472 bytes,    6843336 total
[2025-08-27T05:47:51.064+0000][122][trace][gc,age      ] GC(49) - age   7:      31416 bytes,    6874752 total
[2025-08-27T05:47:51.064+0000][122][trace][gc,age      ] GC(49) - age   8:      18392 bytes,    6893144 total
[2025-08-27T05:47:51.064+0000][122][trace][gc,age      ] GC(49) - age   9:      19296 bytes,    6912440 total
[2025-08-27T05:47:51.064+0000][122][trace][gc,age      ] GC(49) - age  10:      71288 bytes,    6983728 total
[2025-08-27T05:47:51.064+0000][122][trace][gc,age      ] GC(49) - age  11:      25792 bytes,    7009520 total
[2025-08-27T05:47:51.064+0000][122][trace][gc,age      ] GC(49) - age  12:      51336 bytes,    7060856 total
[2025-08-27T05:47:51.064+0000][122][trace][gc,age      ] GC(49) - age  13:      77872 bytes,    7138728 total
[2025-08-27T05:47:51.064+0000][122][trace][gc,age      ] GC(49) - age  14:     376984 bytes,    7515712 total
[2025-08-27T05:47:51.064+0000][122][trace][gc,age      ] GC(49) - age  15:    1526520 bytes,    9042232 total
[2025-08-27T05:47:51.064+0000][122][info ][gc,heap     ] GC(49) Eden regions: 148->0(150)
[2025-08-27T05:47:51.064+0000][122][info ][gc,heap     ] GC(49) Survivor regions: 5->3(20)
[2025-08-27T05:47:51.064+0000][122][info ][gc,heap     ] GC(49) Old regions: 37->39
[2025-08-27T05:47:51.064+0000][122][info ][gc,heap     ] GC(49) Humongous regions: 2->2
[2025-08-27T05:47:51.064+0000][122][info ][gc,metaspace] GC(49) Metaspace: 164184K(168000K)->164184K(168000K) NonClass: 142269K(143936K)->142269K(143936K) Class: 21914K(24064K)->21914K(24064K)
[2025-08-27T05:47:51.064+0000][122][info ][gc          ] GC(49) Pause Young (Prepare Mixed) (G1 Evacuation Pause) 765M->172M(1024M) 27.954ms
[2025-08-27T05:47:51.064+0000][122][info ][gc,cpu      ] GC(49) User=0.18s Sys=0.00s Real=0.03s
[2025-08-27T05:47:51.065+0000][122][info ][safepoint   ] Safepoint "G1CollectForAllocation", Time since last: 449821209 ns, Reaching safepoint: 1272750 ns, Cleanup: 3958 ns, At safepoint: 28083333 ns, Total: 29360041 ns
[2025-08-27T05:47:52.065+0000][122][info ][safepoint   ] Safepoint "Cleanup", Time since last: 1000543001 ns, Reaching safepoint: 65541 ns, Cleanup: 46084 ns, At safepoint: 71833 ns, Total: 183458 ns
[2025-08-27T05:47:56.076+0000][122][info ][safepoint   ] Safepoint "Cleanup", Time since last: 4010328002 ns, Reaching safepoint: 156250 ns, Cleanup: 86583 ns, At safepoint: 26834 ns, Total: 269667 ns
[2025-08-27T05:48:39.028+0000][122][info ][safepoint   ] Safepoint "Cleanup", Time since last: 42952119561 ns, Reaching safepoint: 19875 ns, Cleanup: 16833 ns, At safepoint: 18167 ns, Total: 54875 ns
[2025-08-27T05:48:52.043+0000][122][info ][safepoint   ] Safepoint "Cleanup", Time since last: 13015434422 ns, Reaching safepoint: 10334 ns, Cleanup: 10875 ns, At safepoint: 23333 ns, Total: 44542 ns
[2025-08-27T05:48:53.819+0000][122][info ][safepoint   ] Safepoint "Cleanup", Time since last: 1776004959 ns, Reaching safepoint: 29375 ns, Cleanup: 45667 ns, At safepoint: 17250 ns, Total: 92292 ns
[2025-08-27T05:49:48.082+0000][122][info ][safepoint   ] Safepoint "Cleanup", Time since last: 54262173400 ns, Reaching safepoint: 77625 ns, Cleanup: 72875 ns, At safepoint: 36750 ns, Total: 187250 ns
[2025-08-27T05:49:55.430+0000][122][info ][safepoint   ] Safepoint "Cleanup", Time since last: 7347757045 ns, Reaching safepoint: 7708 ns, Cleanup: 55125 ns, At safepoint: 7042 ns, Total: 69875 ns
[2025-08-27T05:49:57.088+0000][122][info ][safepoint   ] Safepoint "Cleanup", Time since last: 1657973542 ns, Reaching safepoint: 20417 ns, Cleanup: 47792 ns, At safepoint: 14916 ns, Total: 83125 ns
[2025-08-27T05:49:58.092+0000][122][info ][safepoint   ] Safepoint "Cleanup", Time since last: 1004565834 ns, Reaching safepoint: 92833 ns, Cleanup: 36084 ns, At safepoint: 20500 ns, Total: 149417 ns
[2025-08-27T05:50:39.297+0000][122][info ][safepoint   ] Safepoint "Cleanup", Time since last: 41204498435 ns, Reaching safepoint: 77625 ns, Cleanup: 41833 ns, At safepoint: 14458 ns, Total: 133916 ns
[2025-08-27T05:51:12.343+0000][122][info ][safepoint   ] Safepoint "Cleanup", Time since last: 33046616141 ns, Reaching safepoint: 80375 ns, Cleanup: 63333 ns, At safepoint: 16042 ns, Total: 159750 ns
[2025-08-27T05:51:39.327+0000][122][info ][safepoint   ] Safepoint "Cleanup", Time since last: 26983125637 ns, Reaching safepoint: 82541 ns, Cleanup: 93792 ns, At safepoint: 21667 ns, Total: 198000 ns
[2025-08-27T05:51:55.346+0000][122][info ][safepoint   ] Safepoint "Cleanup", Time since last: 16019244049 ns, Reaching safepoint: 70708 ns, Cleanup: 44500 ns, At safepoint: 146667 ns, Total: 261875 ns
[2025-08-27T05:52:01.456+0000][122][info ][safepoint   ] Safepoint "Cleanup", Time since last: 6109212086 ns, Reaching safepoint: 6084 ns, Cleanup: 14666 ns, At safepoint: 2584 ns, Total: 23334 ns
[2025-08-27T05:52:02.569+0000][122][info ][safepoint   ] Safepoint "Cleanup", Time since last: 1113438958 ns, Reaching safepoint: 3709 ns, Cleanup: 7958 ns, At safepoint: 5458 ns, Total: 17125 ns
[2025-08-27T05:52:03.569+0000][122][info ][safepoint   ] Safepoint "Cleanup", Time since last: 1000260209 ns, Reaching safepoint: 26084 ns, Cleanup: 50166 ns, At safepoint: 17500 ns, Total: 93750 ns
[2025-08-27T05:52:37.463+0000][122][info ][safepoint   ] Safepoint "Cleanup", Time since last: 33894208474 ns, Reaching safepoint: 7125 ns, Cleanup: 16958 ns, At safepoint: 8292 ns, Total: 32375 ns
[2025-08-27T05:52:38.657+0000][122][info ][safepoint   ] Safepoint "Cleanup", Time since last: 1193221958 ns, Reaching safepoint: 69250 ns, Cleanup: 89292 ns, At safepoint: 23041 ns, Total: 181583 ns
[2025-08-27T05:52:44.716+0000][122][info ][safepoint   ] Safepoint "Cleanup", Time since last: 6057842795 ns, Reaching safepoint: 1130458 ns, Cleanup: 43209 ns, At safepoint: 38250 ns, Total: 1211917 ns
[2025-08-27T05:53:04.763+0000][122][info ][safepoint   ] Safepoint "Cleanup", Time since last: 20047234259 ns, Reaching safepoint: 8167 ns, Cleanup: 14542 ns, At safepoint: 4208 ns, Total: 26917 ns
[2025-08-27T05:53:38.491+0000][122][info ][safepoint   ] Safepoint "Cleanup", Time since last: 33728073682 ns, Reaching safepoint: 73958 ns, Cleanup: 39875 ns, At safepoint: 22417 ns, Total: 136250 ns
[2025-08-27T05:54:06.526+0000][122][info ][safepoint   ] Safepoint "Cleanup", Time since last: 28034618680 ns, Reaching safepoint: 159083 ns, Cleanup: 72542 ns, At safepoint: 38750 ns, Total: 270375 ns
[2025-08-27T05:54:08.028+0000][122][info ][safepoint   ] Safepoint "Cleanup", Time since last: 1501749959 ns, Reaching safepoint: 702000 ns, Cleanup: 143208 ns, At safepoint: 18958 ns, Total: 864166 ns
[2025-08-27T05:54:12.012+0000][122][info ][gc,start    ] GC(50) Pause Young (Mixed) (G1 Evacuation Pause)
[2025-08-27T05:54:12.013+0000][122][info ][gc,task     ] GC(50) Using 8 workers of 8 for evacuation
[2025-08-27T05:54:12.013+0000][122][debug][gc,age      ] GC(50) Desired survivor size 41943040 bytes, new threshold 15 (max threshold 15)
[2025-08-27T05:54:12.053+0000][122][info ][gc,phases   ] GC(50)   Pre Evacuate Collection Set: 1.01ms
[2025-08-27T05:54:12.053+0000][122][info ][gc,phases   ] GC(50)   Merge Heap Roots: 0.44ms
[2025-08-27T05:54:12.053+0000][122][info ][gc,phases   ] GC(50)   Evacuate Collection Set: 34.79ms
[2025-08-27T05:54:12.053+0000][122][info ][gc,phases   ] GC(50)   Post Evacuate Collection Set: 3.31ms
[2025-08-27T05:54:12.053+0000][122][info ][gc,phases   ] GC(50)   Other: 0.50ms
[2025-08-27T05:54:12.054+0000][122][trace][gc,age      ] GC(50) Age table with threshold 15 (max threshold 15)
[2025-08-27T05:54:12.054+0000][122][trace][gc,age      ] GC(50) - age   1:     558176 bytes,     558176 total
[2025-08-27T05:54:12.054+0000][122][trace][gc,age      ] GC(50) - age   2:     267872 bytes,     826048 total
[2025-08-27T05:54:12.054+0000][122][trace][gc,age      ] GC(50) - age   3:      19448 bytes,     845496 total
[2025-08-27T05:54:12.054+0000][122][trace][gc,age      ] GC(50) - age   4:      68704 bytes,     914200 total
[2025-08-27T05:54:12.054+0000][122][trace][gc,age      ] GC(50) - age   5:     947408 bytes,    1861608 total
[2025-08-27T05:54:12.054+0000][122][trace][gc,age      ] GC(50) - age   6:    3171704 bytes,    5033312 total
[2025-08-27T05:54:12.054+0000][122][trace][gc,age      ] GC(50) - age   7:    1437320 bytes,    6470632 total
[2025-08-27T05:54:12.054+0000][122][trace][gc,age      ] GC(50) - age   8:      31416 bytes,    6502048 total
[2025-08-27T05:54:12.054+0000][122][trace][gc,age      ] GC(50) - age   9:      18392 bytes,    6520440 total
[2025-08-27T05:54:12.054+0000][122][trace][gc,age      ] GC(50) - age  10:      19296 bytes,    6539736 total
[2025-08-27T05:54:12.054+0000][122][trace][gc,age      ] GC(50) - age  11:      71288 bytes,    6611024 total
[2025-08-27T05:54:12.054+0000][122][trace][gc,age      ] GC(50) - age  12:      25792 bytes,    6636816 total
[2025-08-27T05:54:12.054+0000][122][trace][gc,age      ] GC(50) - age  13:      51336 bytes,    6688152 total
[2025-08-27T05:54:12.054+0000][122][trace][gc,age      ] GC(50) - age  14:      77872 bytes,    6766024 total
[2025-08-27T05:54:12.054+0000][122][trace][gc,age      ] GC(50) - age  15:     376984 bytes,    7143008 total
[2025-08-27T05:54:12.054+0000][122][info ][gc,heap     ] GC(50) Eden regions: 150->0(151)
[2025-08-27T05:54:12.054+0000][122][info ][gc,heap     ] GC(50) Survivor regions: 3->2(20)
[2025-08-27T05:54:12.054+0000][122][info ][gc,heap     ] GC(50) Old regions: 39->39
[2025-08-27T05:54:12.054+0000][122][info ][gc,heap     ] GC(50) Humongous regions: 2->2
[2025-08-27T05:54:12.054+0000][122][info ][gc,metaspace] GC(50) Metaspace: 164257K(168128K)->164257K(168128K) NonClass: 142342K(144064K)->142342K(144064K) Class: 21915K(24064K)->21915K(24064K)
[2025-08-27T05:54:12.055+0000][122][info ][gc          ] GC(50) Pause Young (Mixed) (G1 Evacuation Pause) 772M->170M(1024M) 42.062ms
[2025-08-27T05:54:12.055+0000][122][info ][gc,cpu      ] GC(50) User=0.23s Sys=0.00s Real=0.04s
[2025-08-27T05:54:12.055+0000][122][info ][safepoint   ] Safepoint "G1CollectForAllocation", Time since last: 3983544585 ns, Reaching safepoint: 40125 ns, Cleanup: 15958 ns, At safepoint: 42345875 ns, Total: 42401958 ns
[2025-08-27T05:54:36.087+0000][122][info ][safepoint   ] Safepoint "Cleanup", Time since last: 24031945553 ns, Reaching safepoint: 340167 ns, Cleanup: 48750 ns, At safepoint: 111708 ns, Total: 500625 ns
[2025-08-27T05:56:12.576+0000][122][info ][safepoint   ] Safepoint "Cleanup", Time since last: 96489551336 ns, Reaching safepoint: 137333 ns, Cleanup: 93125 ns, At safepoint: 33000 ns, Total: 263458 ns
[2025-08-27T05:56:39.097+0000][122][info ][safepoint   ] Safepoint "Cleanup", Time since last: 26520310804 ns, Reaching safepoint: 51959 ns, Cleanup: 29083 ns, At safepoint: 32125 ns, Total: 113167 ns
[2025-08-27T05:57:04.211+0000][122][info ][safepoint   ] Safepoint "Cleanup", Time since last: 25114305054 ns, Reaching safepoint: 100083 ns, Cleanup: 52167 ns, At safepoint: 29750 ns, Total: 182000 ns
[2025-08-27T05:57:37.923+0000][122][info ][safepoint   ] Safepoint "Cleanup", Time since last: 33711339890 ns, Reaching safepoint: 14750 ns, Cleanup: 22708 ns, At safepoint: 8375 ns, Total: 45833 ns
[2025-08-27T05:57:41.009+0000][122][info ][safepoint   ] Safepoint "Cleanup", Time since last: 3086516043 ns, Reaching safepoint: 104208 ns, Cleanup: 54542 ns, At safepoint: 28125 ns, Total: 186875 ns
[2025-08-27T05:58:17.155+0000][122][info ][safepoint   ] Safepoint "Cleanup", Time since last: 36146395975 ns, Reaching safepoint: 19292 ns, Cleanup: 19875 ns, At safepoint: 7875 ns, Total: 47042 ns
[2025-08-27T05:58:22.208+0000][122][info ][safepoint   ] Safepoint "Cleanup", Time since last: 5052878919 ns, Reaching safepoint: 83916 ns, Cleanup: 95750 ns, At safepoint: 21542 ns, Total: 201208 ns
[2025-08-27T05:59:06.424+0000][122][info ][safepoint   ] Safepoint "Cleanup", Time since last: 44215125438 ns, Reaching safepoint: 84833 ns, Cleanup: 63625 ns, At safepoint: 28708 ns, Total: 177166 ns
[2025-08-27T05:59:20.525+0000][122][info ][safepoint   ] Safepoint "Cleanup", Time since last: 14100125965 ns, Reaching safepoint: 667708 ns, Cleanup: 9125 ns, At safepoint: 10625 ns, Total: 687458 ns
[2025-08-27T05:59:34.577+0000][122][info ][gc,start    ] GC(51) Pause Young (Concurrent Start) (G1 Evacuation Pause)
[2025-08-27T05:59:34.578+0000][122][info ][gc,task     ] GC(51) Using 8 workers of 8 for evacuation
[2025-08-27T05:59:34.579+0000][122][debug][gc,age      ] GC(51) Desired survivor size 41943040 bytes, new threshold 15 (max threshold 15)
[2025-08-27T05:59:34.612+0000][122][info ][gc,phases   ] GC(51)   Pre Evacuate Collection Set: 0.87ms
[2025-08-27T05:59:34.613+0000][122][info ][gc,phases   ] GC(51)   Merge Heap Roots: 0.19ms
[2025-08-27T05:59:34.613+0000][122][info ][gc,phases   ] GC(51)   Evacuate Collection Set: 29.23ms
[2025-08-27T05:59:34.613+0000][122][info ][gc,phases   ] GC(51)   Post Evacuate Collection Set: 3.06ms
[2025-08-27T05:59:34.613+0000][122][info ][gc,phases   ] GC(51)   Other: 0.68ms
[2025-08-27T05:59:34.613+0000][122][trace][gc,age      ] GC(51) Age table with threshold 15 (max threshold 15)
[2025-08-27T05:59:34.613+0000][122][trace][gc,age      ] GC(51) - age   1:    1175168 bytes,    1175168 total
[2025-08-27T05:59:34.613+0000][122][trace][gc,age      ] GC(51) - age   2:      38232 bytes,    1213400 total
[2025-08-27T05:59:34.613+0000][122][trace][gc,age      ] GC(51) - age   3:     265480 bytes,    1478880 total
[2025-08-27T05:59:34.613+0000][122][trace][gc,age      ] GC(51) - age   4:      17288 bytes,    1496168 total
[2025-08-27T05:59:34.613+0000][122][trace][gc,age      ] GC(51) - age   5:      68448 bytes,    1564616 total
[2025-08-27T05:59:34.613+0000][122][trace][gc,age      ] GC(51) - age   6:     947216 bytes,    2511832 total
[2025-08-27T05:59:34.613+0000][122][trace][gc,age      ] GC(51) - age   7:    3138224 bytes,    5650056 total
[2025-08-27T05:59:34.613+0000][122][trace][gc,age      ] GC(51) - age   8:    1437256 bytes,    7087312 total
[2025-08-27T05:59:34.613+0000][122][trace][gc,age      ] GC(51) - age   9:      31376 bytes,    7118688 total
[2025-08-27T05:59:34.613+0000][122][trace][gc,age      ] GC(51) - age  10:      18392 bytes,    7137080 total
[2025-08-27T05:59:34.613+0000][122][trace][gc,age      ] GC(51) - age  11:      19232 bytes,    7156312 total
[2025-08-27T05:59:34.613+0000][122][trace][gc,age      ] GC(51) - age  12:      71288 bytes,    7227600 total
[2025-08-27T05:59:34.614+0000][122][trace][gc,age      ] GC(51) - age  13:      25792 bytes,    7253392 total
[2025-08-27T05:59:34.614+0000][122][trace][gc,age      ] GC(51) - age  14:      51336 bytes,    7304728 total
[2025-08-27T05:59:34.614+0000][122][trace][gc,age      ] GC(51) - age  15:      77872 bytes,    7382600 total
[2025-08-27T05:59:34.614+0000][122][info ][gc,heap     ] GC(51) Eden regions: 151->0(151)
[2025-08-27T05:59:34.614+0000][122][info ][gc,heap     ] GC(51) Survivor regions: 2->2(20)
[2025-08-27T05:59:34.614+0000][122][info ][gc,heap     ] GC(51) Old regions: 39->39
[2025-08-27T05:59:34.614+0000][122][info ][gc,heap     ] GC(51) Humongous regions: 2->2
[2025-08-27T05:59:34.614+0000][122][info ][gc,metaspace] GC(51) Metaspace: 164280K(168192K)->164280K(168192K) NonClass: 142364K(144128K)->142364K(144128K) Class: 21915K(24064K)->21915K(24064K)
[2025-08-27T05:59:34.614+0000][122][info ][gc          ] GC(51) Pause Young (Concurrent Start) (G1 Evacuation Pause) 774M->171M(1024M) 36.658ms
[2025-08-27T05:59:34.614+0000][122][info ][gc,cpu      ] GC(51) User=0.18s Sys=0.00s Real=0.04s
[2025-08-27T05:59:34.614+0000][122][info ][gc          ] GC(52) Concurrent Mark Cycle
[2025-08-27T05:59:34.614+0000][122][info ][gc,marking  ] GC(52) Concurrent Scan Root Regions
[2025-08-27T05:59:34.614+0000][122][info ][safepoint   ] Safepoint "G1CollectForAllocation", Time since last: 14052272215 ns, Reaching safepoint: 45458 ns, Cleanup: 15750 ns, At safepoint: 36964709 ns, Total: 37025917 ns
[2025-08-27T05:59:34.621+0000][122][info ][gc,marking  ] GC(52) Concurrent Scan Root Regions 6.931ms
[2025-08-27T05:59:34.621+0000][122][info ][gc,marking  ] GC(52) Concurrent Mark
[2025-08-27T05:59:34.621+0000][122][info ][gc,marking  ] GC(52) Concurrent Mark From Roots
[2025-08-27T05:59:34.622+0000][122][info ][gc,task     ] GC(52) Using 2 workers of 2 for marking
[2025-08-27T05:59:34.707+0000][122][info ][gc,marking  ] GC(52) Concurrent Mark From Roots 85.995ms
[2025-08-27T05:59:34.708+0000][122][info ][gc,marking  ] GC(52) Concurrent Preclean
[2025-08-27T05:59:34.708+0000][122][info ][gc,marking  ] GC(52) Concurrent Preclean 0.446ms
[2025-08-27T05:59:34.708+0000][122][info ][gc,start    ] GC(52) Pause Remark
[2025-08-27T05:59:34.806+0000][122][info ][gc          ] GC(52) Pause Remark 175M->175M(1024M) 98.028ms
[2025-08-27T05:59:34.806+0000][122][info ][gc,cpu      ] GC(52) User=0.67s Sys=0.02s Real=0.10s
[2025-08-27T05:59:34.806+0000][122][info ][safepoint   ] Safepoint "G1PauseRemark", Time since last: 93779666 ns, Reaching safepoint: 9250 ns, Cleanup: 2542 ns, At safepoint: 98254417 ns, Total: 98266209 ns
[2025-08-27T05:59:34.806+0000][122][info ][gc,marking  ] GC(52) Concurrent Mark 185.058ms
[2025-08-27T05:59:34.806+0000][122][info ][gc,marking  ] GC(52) Concurrent Rebuild Remembered Sets and Scrub Regions
[2025-08-27T05:59:34.837+0000][122][info ][gc,marking  ] GC(52) Concurrent Rebuild Remembered Sets and Scrub Regions 30.484ms
[2025-08-27T05:59:34.837+0000][122][info ][gc,start    ] GC(52) Pause Cleanup
[2025-08-27T05:59:34.837+0000][122][info ][gc          ] GC(52) Pause Cleanup 176M->176M(1024M) 0.124ms
[2025-08-27T05:59:34.837+0000][122][info ][gc,cpu      ] GC(52) User=0.00s Sys=0.00s Real=0.00s
[2025-08-27T05:59:34.837+0000][122][info ][safepoint   ] Safepoint "G1PauseCleanup", Time since last: 30761958 ns, Reaching safepoint: 10417 ns, Cleanup: 8416 ns, At safepoint: 264834 ns, Total: 283667 ns
[2025-08-27T05:59:34.837+0000][122][info ][gc,marking  ] GC(52) Concurrent Clear Claimed Marks
[2025-08-27T05:59:34.838+0000][122][info ][gc,marking  ] GC(52) Concurrent Clear Claimed Marks 0.148ms
[2025-08-27T05:59:34.838+0000][122][info ][gc,marking  ] GC(52) Concurrent Cleanup for Next Mark
[2025-08-27T05:59:34.847+0000][122][info ][gc,marking  ] GC(52) Concurrent Cleanup for Next Mark 9.750ms
[2025-08-27T05:59:34.847+0000][122][info ][gc          ] GC(52) Concurrent Mark Cycle 233.258ms
[2025-08-27T06:00:01.799+0000][122][info ][safepoint   ] Safepoint "Cleanup", Time since last: 26961575971 ns, Reaching safepoint: 588750 ns, Cleanup: 48875 ns, At safepoint: 35000 ns, Total: 672625 ns
[2025-08-27T06:00:03.804+0000][122][info ][safepoint   ] Safepoint "Cleanup", Time since last: 2003843584 ns, Reaching safepoint: 87792 ns, Cleanup: 202791 ns, At safepoint: 34167 ns, Total: 324750 ns
[2025-08-27T06:00:22.615+0000][122][info ][safepoint   ] Safepoint "Cleanup", Time since last: 18811138383 ns, Reaching safepoint: 9958 ns, Cleanup: 13167 ns, At safepoint: 4208 ns, Total: 27333 ns
[2025-08-27T06:00:23.774+0000][122][info ][safepoint   ] Safepoint "Cleanup", Time since last: 1158596001 ns, Reaching safepoint: 318083 ns, Cleanup: 43292 ns, At safepoint: 14917 ns, Total: 376292 ns
[2025-08-27T06:00:38.987+0000][122][info ][safepoint   ] Safepoint "Cleanup", Time since last: 15213538923 ns, Reaching safepoint: 44083 ns, Cleanup: 62875 ns, At safepoint: 21708 ns, Total: 128666 ns
[2025-08-27T06:00:40.990+0000][122][info ][safepoint   ] Safepoint "Cleanup", Time since last: 2002268626 ns, Reaching safepoint: 62959 ns, Cleanup: 55250 ns, At safepoint: 19916 ns, Total: 138125 ns
[2025-08-27T06:00:51.002+0000][122][info ][safepoint   ] Safepoint "Cleanup", Time since last: 10012406297 ns, Reaching safepoint: 72458 ns, Cleanup: 52292 ns, At safepoint: 23875 ns, Total: 148625 ns
[2025-08-27T06:00:58.014+0000][122][info ][safepoint   ] Safepoint "Cleanup", Time since last: 7011815962 ns, Reaching safepoint: 84583 ns, Cleanup: 51042 ns, At safepoint: 27250 ns, Total: 162875 ns
[2025-08-27T06:01:26.031+0000][122][info ][safepoint   ] Safepoint "Cleanup", Time since last: 28016500471 ns, Reaching safepoint: 36625 ns, Cleanup: 19333 ns, At safepoint: 11583 ns, Total: 67541 ns
[2025-08-27T06:01:29.090+0000][122][info ][safepoint   ] Safepoint "Cleanup", Time since last: 3059141043 ns, Reaching safepoint: 20667 ns, Cleanup: 30375 ns, At safepoint: 9417 ns, Total: 60459 ns
[2025-08-27T06:02:02.120+0000][122][info ][safepoint   ] Safepoint "Cleanup", Time since last: 33029961640 ns, Reaching safepoint: 129416 ns, Cleanup: 29209 ns, At safepoint: 26708 ns, Total: 185333 ns
[2025-08-27T06:02:04.124+0000][122][info ][safepoint   ] Safepoint "Cleanup", Time since last: 2003988542 ns, Reaching safepoint: 256584 ns, Cleanup: 47875 ns, At safepoint: 34125 ns, Total: 338584 ns
[2025-08-27T06:02:13.643+0000][122][info ][safepoint   ] Safepoint "Cleanup", Time since last: 9518506212 ns, Reaching safepoint: 5834 ns, Cleanup: 16916 ns, At safepoint: 5125 ns, Total: 27875 ns
[2025-08-27T06:02:15.290+0000][122][info ][safepoint   ] Safepoint "Cleanup", Time since last: 1646809626 ns, Reaching safepoint: 39250 ns, Cleanup: 25500 ns, At safepoint: 12500 ns, Total: 77250 ns
[2025-08-27T06:02:22.298+0000][122][info ][safepoint   ] Safepoint "Cleanup", Time since last: 7007948628 ns, Reaching safepoint: 34125 ns, Cleanup: 24084 ns, At safepoint: 10458 ns, Total: 68667 ns
[2025-08-27T06:02:29.361+0000][122][info ][safepoint   ] Safepoint "Cleanup", Time since last: 7062640295 ns, Reaching safepoint: 10709 ns, Cleanup: 13125 ns, At safepoint: 9375 ns, Total: 33209 ns
[2025-08-27T06:02:36.438+0000][122][info ][safepoint   ] Safepoint "Cleanup", Time since last: 7077349711 ns, Reaching safepoint: 66000 ns, Cleanup: 29667 ns, At safepoint: 15833 ns, Total: 111500 ns
[2025-08-27T06:02:37.694+0000][122][info ][safepoint   ] Safepoint "Cleanup", Time since last: 1255543668 ns, Reaching safepoint: 4291 ns, Cleanup: 22084 ns, At safepoint: 1625 ns, Total: 28000 ns
[2025-08-27T06:02:39.495+0000][122][info ][safepoint   ] Safepoint "Cleanup", Time since last: 1801591666 ns, Reaching safepoint: 43917 ns, Cleanup: 63458 ns, At safepoint: 22500 ns, Total: 129875 ns
[2025-08-27T06:02:48.141+0000][122][info ][safepoint   ] Safepoint "Cleanup", Time since last: 8646089296 ns, Reaching safepoint: 39917 ns, Cleanup: 108792 ns, At safepoint: 21666 ns, Total: 170375 ns
[2025-08-27T06:02:58.354+0000][122][info ][safepoint   ] Safepoint "Cleanup", Time since last: 10212674922 ns, Reaching safepoint: 9250 ns, Cleanup: 30250 ns, At safepoint: 6416 ns, Total: 45916 ns
[2025-08-27T06:02:59.751+0000][122][info ][safepoint   ] Safepoint "Cleanup", Time since last: 1396834043 ns, Reaching safepoint: 12000 ns, Cleanup: 280541 ns, At safepoint: 22209 ns, Total: 314750 ns
[2025-08-27T06:03:00.628+0000][122][info ][gc,heap,exit] Heap
[2025-08-27T06:03:00.629+0000][122][info ][gc,heap,exit]  garbage-first heap   total reserved 1048576K, committed 1048576K, used 603690K [0x00000000c0000000, 0x0000000100000000)
[2025-08-27T06:03:00.629+0000][122][info ][gc,heap,exit]   region size 4096K, 107 young (438272K), 2 survivors (8192K)
[2025-08-27T06:03:00.629+0000][122][info ][gc,heap,exit]  Metaspace       used 164673K, committed 168384K, reserved 1245184K
[2025-08-27T06:03:00.629+0000][122][info ][gc,heap,exit]   class space    used 21998K, committed 24064K, reserved 1048576K
