[2025-09-15T08:22:53.792+0000][183][info][gc,init] CardTable entry size: 512
[2025-09-15T08:22:53.792+0000][183][info][gc     ] Using G1
[2025-09-15T08:22:54.149+0000][183][info][gc,init] Version: 22.0.1+8-16 (release)
[2025-09-15T08:22:54.149+0000][183][info][gc,init] CPUs: 8 total, 8 available
[2025-09-15T08:22:54.149+0000][183][info][gc,init] Memory: 7837M
[2025-09-15T08:22:54.149+0000][183][info][gc,init] Large Page Support: Disabled
[2025-09-15T08:22:54.149+0000][183][info][gc,init] NUMA Support: Disabled
[2025-09-15T08:22:54.149+0000][183][info][gc,init] Compressed Oops: Enabled (32-bit)
[2025-09-15T08:22:54.149+0000][183][info][gc,init] Heap Region Size: 4M
[2025-09-15T08:22:54.149+0000][183][info][gc,init] Heap Min Capacity: 1G
[2025-09-15T08:22:54.150+0000][183][info][gc,init] Heap Initial Capacity: 1G
[2025-09-15T08:22:54.150+0000][183][info][gc,init] Heap Max Capacity: 1G
[2025-09-15T08:22:54.150+0000][183][info][gc,init] Pre-touch: Enabled
[2025-09-15T08:22:54.150+0000][183][info][gc,init] Parallel Workers: 8
[2025-09-15T08:22:54.150+0000][183][info][gc,init] Concurrent Workers: 2
[2025-09-15T08:22:54.150+0000][183][info][gc,init] Concurrent Refinement Workers: 8
[2025-09-15T08:22:54.150+0000][183][info][gc,init] Periodic GC: Disabled
[2025-09-15T08:22:54.168+0000][183][info][gc,metaspace] CDS archive(s) mapped at: [0x00000f8000000000-0x00000f8000c80000-0x00000f8000c80000), size 13107200, SharedBaseAddress: 0x00000f8000000000, ArchiveRelocationMode: 1.
[2025-09-15T08:22:54.168+0000][183][info][gc,metaspace] Compressed class space mapped at: 0x00000f8001000000-0x00000f8041000000, reserved size: 1073741824
[2025-09-15T08:22:54.168+0000][183][info][gc,metaspace] Narrow klass base: 0x00000f8000000000, Narrow klass shift: 0, Narrow klass range: 0x100000000
[2025-09-15T08:22:54.275+0000][183][info][safepoint   ] Safepoint "ICBufferFull", Time since last: 104278042 ns, Reaching safepoint: 5584 ns, Cleanup: 142583 ns, At safepoint: 13458 ns, Total: 161625 ns
[2025-09-15T08:22:54.456+0000][183][info][safepoint   ] Safepoint "ICBufferFull", Time since last: 181197250 ns, Reaching safepoint: 2417 ns, Cleanup: 106542 ns, At safepoint: 8583 ns, Total: 117542 ns
[2025-09-15T08:22:54.585+0000][183][info][safepoint   ] Safepoint "ICBufferFull", Time since last: 128808833 ns, Reaching safepoint: 297959 ns, Cleanup: 138875 ns, At safepoint: 17708 ns, Total: 454542 ns
[2025-09-15T08:22:54.712+0000][183][info][safepoint   ] Safepoint "ICBufferFull", Time since last: 126242833 ns, Reaching safepoint: 2584 ns, Cleanup: 75958 ns, At safepoint: 7750 ns, Total: 86292 ns
[2025-09-15T08:22:54.747+0000][183][info][gc,start    ] GC(0) Pause Young (Normal) (G1 Evacuation Pause)
[2025-09-15T08:22:54.747+0000][183][info][gc,task     ] GC(0) Using 8 workers of 8 for evacuation
[2025-09-15T08:22:54.747+0000][183][debug][gc,age      ] GC(0) Desired survivor size 4194304 bytes, new threshold 15 (max threshold 15)
[2025-09-15T08:22:54.750+0000][183][info ][gc,phases   ] GC(0)   Pre Evacuate Collection Set: 0.13ms
[2025-09-15T08:22:54.750+0000][183][info ][gc,phases   ] GC(0)   Merge Heap Roots: 0.10ms
[2025-09-15T08:22:54.750+0000][183][info ][gc,phases   ] GC(0)   Evacuate Collection Set: 1.42ms
[2025-09-15T08:22:54.750+0000][183][info ][gc,phases   ] GC(0)   Post Evacuate Collection Set: 0.31ms
[2025-09-15T08:22:54.750+0000][183][info ][gc,phases   ] GC(0)   Other: 0.29ms
[2025-09-15T08:22:54.750+0000][183][trace][gc,age      ] GC(0) Age table with threshold 15 (max threshold 15)
[2025-09-15T08:22:54.750+0000][183][trace][gc,age      ] GC(0) - age   1:    4726184 bytes,    4726184 total
[2025-09-15T08:22:54.750+0000][183][info ][gc,heap     ] GC(0) Eden regions: 12->0(21)
[2025-09-15T08:22:54.750+0000][183][info ][gc,heap     ] GC(0) Survivor regions: 0->2(2)
[2025-09-15T08:22:54.750+0000][183][info ][gc,heap     ] GC(0) Old regions: 1->1
[2025-09-15T08:22:54.750+0000][183][info ][gc,heap     ] GC(0) Humongous regions: 0->0
[2025-09-15T08:22:54.750+0000][183][info ][gc,metaspace] GC(0) Metaspace: 7382K(7616K)->7382K(7616K) NonClass: 6498K(6592K)->6498K(6592K) Class: 883K(1024K)->883K(1024K)
[2025-09-15T08:22:54.750+0000][183][info ][gc          ] GC(0) Pause Young (Normal) (G1 Evacuation Pause) 49M->5M(1024M) 2.727ms
[2025-09-15T08:22:54.750+0000][183][info ][gc,cpu      ] GC(0) User=0.01s Sys=0.00s Real=0.00s
[2025-09-15T08:22:54.750+0000][183][info ][safepoint   ] Safepoint "G1CollectForAllocation", Time since last: 34548375 ns, Reaching safepoint: 1004875 ns, Cleanup: 39625 ns, At safepoint: 2837958 ns, Total: 3882458 ns
[2025-09-15T08:22:54.848+0000][183][info ][safepoint   ] Safepoint "ICBufferFull", Time since last: 97421542 ns, Reaching safepoint: 1750 ns, Cleanup: 68000 ns, At safepoint: 6833 ns, Total: 76583 ns
[2025-09-15T08:22:54.908+0000][183][info ][safepoint   ] Safepoint "ICBufferFull", Time since last: 60432542 ns, Reaching safepoint: 2292 ns, Cleanup: 76958 ns, At safepoint: 15000 ns, Total: 94250 ns
[2025-09-15T08:22:55.067+0000][183][info ][safepoint   ] Safepoint "ICBufferFull", Time since last: 159262084 ns, Reaching safepoint: 2041 ns, Cleanup: 84292 ns, At safepoint: 13167 ns, Total: 99500 ns
[2025-09-15T08:22:55.427+0000][183][info ][safepoint   ] Safepoint "ICBufferFull", Time since last: 359559166 ns, Reaching safepoint: 1875 ns, Cleanup: 105125 ns, At safepoint: 6125 ns, Total: 113125 ns
[2025-09-15T08:22:55.517+0000][183][info ][safepoint   ] Safepoint "ICBufferFull", Time since last: 89977792 ns, Reaching safepoint: 1917 ns, Cleanup: 75916 ns, At safepoint: 2959 ns, Total: 80792 ns
[2025-09-15T08:22:55.653+0000][183][info ][safepoint   ] Safepoint "ICBufferFull", Time since last: 134913208 ns, Reaching safepoint: 1244000 ns, Cleanup: 80042 ns, At safepoint: 13958 ns, Total: 1338000 ns
[2025-09-15T08:22:55.794+0000][183][info ][gc,start    ] GC(1) Pause Young (Normal) (G1 Evacuation Pause)
[2025-09-15T08:22:55.794+0000][183][info ][gc,task     ] GC(1) Using 8 workers of 8 for evacuation
[2025-09-15T08:22:55.794+0000][183][debug][gc,age      ] GC(1) Desired survivor size 6291456 bytes, new threshold 15 (max threshold 15)
[2025-09-15T08:22:55.800+0000][183][info ][gc,phases   ] GC(1)   Pre Evacuate Collection Set: 0.11ms
[2025-09-15T08:22:55.800+0000][183][info ][gc,phases   ] GC(1)   Merge Heap Roots: 0.06ms
[2025-09-15T08:22:55.800+0000][183][info ][gc,phases   ] GC(1)   Evacuate Collection Set: 3.52ms
[2025-09-15T08:22:55.800+0000][183][info ][gc,phases   ] GC(1)   Post Evacuate Collection Set: 1.86ms
[2025-09-15T08:22:55.800+0000][183][info ][gc,phases   ] GC(1)   Other: 0.35ms
[2025-09-15T08:22:55.800+0000][183][trace][gc,age      ] GC(1) Age table with threshold 15 (max threshold 15)
[2025-09-15T08:22:55.800+0000][183][trace][gc,age      ] GC(1) - age   1:    4883056 bytes,    4883056 total
[2025-09-15T08:22:55.800+0000][183][trace][gc,age      ] GC(1) - age   2:    4644816 bytes,    9527872 total
[2025-09-15T08:22:55.801+0000][183][info ][gc,heap     ] GC(1) Eden regions: 21->0(44)
[2025-09-15T08:22:55.801+0000][183][info ][gc,heap     ] GC(1) Survivor regions: 2->3(3)
[2025-09-15T08:22:55.801+0000][183][info ][gc,heap     ] GC(1) Old regions: 1->1
[2025-09-15T08:22:55.801+0000][183][info ][gc,heap     ] GC(1) Humongous regions: 0->0
[2025-09-15T08:22:55.801+0000][183][info ][gc,metaspace] GC(1) Metaspace: 20170K(20800K)->20170K(20800K) NonClass: 17853K(18240K)->17853K(18240K) Class: 2317K(2560K)->2317K(2560K)
[2025-09-15T08:22:55.801+0000][183][info ][gc          ] GC(1) Pause Young (Normal) (G1 Evacuation Pause) 89M->10M(1024M) 6.909ms
[2025-09-15T08:22:55.801+0000][183][info ][gc,cpu      ] GC(1) User=0.02s Sys=0.01s Real=0.00s
[2025-09-15T08:22:55.801+0000][183][info ][safepoint   ] Safepoint "G1CollectForAllocation", Time since last: 140434084 ns, Reaching safepoint: 258416 ns, Cleanup: 52209 ns, At safepoint: 7023250 ns, Total: 7333875 ns
[2025-09-15T08:22:55.921+0000][183][info ][gc,start    ] GC(2) Pause Young (Concurrent Start) (Metadata GC Threshold)
[2025-09-15T08:22:55.921+0000][183][info ][gc,task     ] GC(2) Using 8 workers of 8 for evacuation
[2025-09-15T08:22:55.921+0000][183][debug][gc,age      ] GC(2) Desired survivor size 12582912 bytes, new threshold 15 (max threshold 15)
[2025-09-15T08:22:55.926+0000][183][info ][gc,phases   ] GC(2)   Pre Evacuate Collection Set: 0.17ms
[2025-09-15T08:22:55.926+0000][183][info ][gc,phases   ] GC(2)   Merge Heap Roots: 0.05ms
[2025-09-15T08:22:55.926+0000][183][info ][gc,phases   ] GC(2)   Evacuate Collection Set: 3.46ms
[2025-09-15T08:22:55.926+0000][183][info ][gc,phases   ] GC(2)   Post Evacuate Collection Set: 1.23ms
[2025-09-15T08:22:55.926+0000][183][info ][gc,phases   ] GC(2)   Other: 0.16ms
[2025-09-15T08:22:55.927+0000][183][trace][gc,age      ] GC(2) Age table with threshold 15 (max threshold 15)
[2025-09-15T08:22:55.927+0000][183][trace][gc,age      ] GC(2) - age   1:     504920 bytes,     504920 total
[2025-09-15T08:22:55.927+0000][183][trace][gc,age      ] GC(2) - age   2:    4022680 bytes,    4527600 total
[2025-09-15T08:22:55.927+0000][183][trace][gc,age      ] GC(2) - age   3:    4628624 bytes,    9156224 total
[2025-09-15T08:22:55.927+0000][183][info ][gc,heap     ] GC(2) Eden regions: 6->0(93)
[2025-09-15T08:22:55.927+0000][183][info ][gc,heap     ] GC(2) Survivor regions: 3->3(6)
[2025-09-15T08:22:55.927+0000][183][info ][gc,heap     ] GC(2) Old regions: 1->1
[2025-09-15T08:22:55.927+0000][183][info ][gc,heap     ] GC(2) Humongous regions: 0->0
[2025-09-15T08:22:55.927+0000][183][info ][gc,metaspace] GC(2) Metaspace: 20897K(21504K)->20897K(21504K) NonClass: 18469K(18816K)->18469K(18816K) Class: 2427K(2688K)->2427K(2688K)
[2025-09-15T08:22:55.927+0000][183][info ][gc          ] GC(2) Pause Young (Concurrent Start) (Metadata GC Threshold) 34M->11M(1024M) 5.888ms
[2025-09-15T08:22:55.927+0000][183][info ][gc,cpu      ] GC(2) User=0.02s Sys=0.01s Real=0.01s
[2025-09-15T08:22:55.927+0000][183][info ][gc          ] GC(3) Concurrent Mark Cycle
[2025-09-15T08:22:55.927+0000][183][info ][gc,marking  ] GC(3) Concurrent Scan Root Regions
[2025-09-15T08:22:55.927+0000][183][info ][safepoint   ] Safepoint "CollectForMetadataAllocation", Time since last: 119626250 ns, Reaching safepoint: 2833 ns, Cleanup: 69042 ns, At safepoint: 6074458 ns, Total: 6146333 ns
[2025-09-15T08:22:55.930+0000][183][info ][gc,marking  ] GC(3) Concurrent Scan Root Regions 3.360ms
[2025-09-15T08:22:55.934+0000][183][info ][gc,marking  ] GC(3) Concurrent Mark
[2025-09-15T08:22:55.934+0000][183][info ][gc,marking  ] GC(3) Concurrent Mark From Roots
[2025-09-15T08:22:55.934+0000][183][info ][gc,task     ] GC(3) Using 2 workers of 2 for marking
[2025-09-15T08:22:55.936+0000][183][info ][gc,marking  ] GC(3) Concurrent Mark From Roots 2.063ms
[2025-09-15T08:22:55.937+0000][183][info ][gc,marking  ] GC(3) Concurrent Preclean
[2025-09-15T08:22:55.937+0000][183][info ][gc,marking  ] GC(3) Concurrent Preclean 0.072ms
[2025-09-15T08:22:55.938+0000][183][info ][gc,start    ] GC(3) Pause Remark
[2025-09-15T08:22:55.941+0000][183][info ][gc          ] GC(3) Pause Remark 14M->14M(1024M) 2.426ms
[2025-09-15T08:22:55.941+0000][183][info ][gc,cpu      ] GC(3) User=0.01s Sys=0.00s Real=0.00s
[2025-09-15T08:22:55.941+0000][183][info ][safepoint   ] Safepoint "G1PauseRemark", Time since last: 10414000 ns, Reaching safepoint: 905375 ns, Cleanup: 8708 ns, At safepoint: 2533834 ns, Total: 3447917 ns
[2025-09-15T08:22:55.945+0000][183][info ][gc,marking  ] GC(3) Concurrent Mark 10.977ms
[2025-09-15T08:22:55.946+0000][183][info ][gc,marking  ] GC(3) Concurrent Rebuild Remembered Sets and Scrub Regions
[2025-09-15T08:22:55.946+0000][183][info ][gc,marking  ] GC(3) Concurrent Rebuild Remembered Sets and Scrub Regions 0.707ms
[2025-09-15T08:22:55.947+0000][183][info ][gc,start    ] GC(3) Pause Cleanup
[2025-09-15T08:22:55.947+0000][183][info ][gc          ] GC(3) Pause Cleanup 14M->14M(1024M) 0.154ms
[2025-09-15T08:22:55.947+0000][183][info ][gc,cpu      ] GC(3) User=0.00s Sys=0.00s Real=0.00s
[2025-09-15T08:22:55.947+0000][183][info ][safepoint   ] Safepoint "G1PauseCleanup", Time since last: 5541458 ns, Reaching safepoint: 891667 ns, Cleanup: 15458 ns, At safepoint: 259625 ns, Total: 1166750 ns
[2025-09-15T08:22:55.948+0000][183][info ][gc,marking  ] GC(3) Concurrent Clear Claimed Marks
[2025-09-15T08:22:55.948+0000][183][info ][gc,marking  ] GC(3) Concurrent Clear Claimed Marks 0.328ms
[2025-09-15T08:22:55.948+0000][183][info ][gc,marking  ] GC(3) Concurrent Cleanup for Next Mark
[2025-09-15T08:22:55.949+0000][183][info ][gc,marking  ] GC(3) Concurrent Cleanup for Next Mark 0.487ms
[2025-09-15T08:22:55.949+0000][183][info ][gc          ] GC(3) Concurrent Mark Cycle 22.049ms
[2025-09-15T08:22:56.109+0000][183][info ][safepoint   ] Safepoint "ICBufferFull", Time since last: 161647000 ns, Reaching safepoint: 2500 ns, Cleanup: 60958 ns, At safepoint: 8084 ns, Total: 71542 ns
[2025-09-15T08:22:56.287+0000][183][info ][safepoint   ] Safepoint "ICBufferFull", Time since last: 177647541 ns, Reaching safepoint: 221334 ns, Cleanup: 66000 ns, At safepoint: 11667 ns, Total: 299001 ns
[2025-09-15T08:22:56.412+0000][183][info ][safepoint   ] Safepoint "ICBufferFull", Time since last: 124677333 ns, Reaching safepoint: 5375 ns, Cleanup: 270083 ns, At safepoint: 13125 ns, Total: 288583 ns
[2025-09-15T08:22:56.634+0000][183][info ][safepoint   ] Safepoint "ICBufferFull", Time since last: 221692792 ns, Reaching safepoint: 245792 ns, Cleanup: 107166 ns, At safepoint: 15167 ns, Total: 368125 ns
[2025-09-15T08:22:56.796+0000][183][info ][safepoint   ] Safepoint "ICBufferFull", Time since last: 161906792 ns, Reaching safepoint: 2875 ns, Cleanup: 90000 ns, At safepoint: 5416 ns, Total: 98291 ns
[2025-09-15T08:22:56.867+0000][183][info ][safepoint   ] Safepoint "ICBufferFull", Time since last: 70569542 ns, Reaching safepoint: 2458 ns, Cleanup: 66834 ns, At safepoint: 13000 ns, Total: 82292 ns
[2025-09-15T08:22:56.912+0000][183][info ][gc,start    ] GC(4) Pause Young (Prepare Mixed) (G1 Evacuation Pause)
[2025-09-15T08:22:56.912+0000][183][info ][gc,task     ] GC(4) Using 8 workers of 8 for evacuation
[2025-09-15T08:22:56.912+0000][183][debug][gc,age      ] GC(4) Desired survivor size 25165824 bytes, new threshold 15 (max threshold 15)
[2025-09-15T08:22:56.918+0000][183][info ][gc,phases   ] GC(4)   Pre Evacuate Collection Set: 0.08ms
[2025-09-15T08:22:56.918+0000][183][info ][gc,phases   ] GC(4)   Merge Heap Roots: 0.07ms
[2025-09-15T08:22:56.918+0000][183][info ][gc,phases   ] GC(4)   Evacuate Collection Set: 4.43ms
[2025-09-15T08:22:56.918+0000][183][info ][gc,phases   ] GC(4)   Post Evacuate Collection Set: 1.03ms
[2025-09-15T08:22:56.918+0000][183][info ][gc,phases   ] GC(4)   Other: 0.10ms
[2025-09-15T08:22:56.918+0000][183][trace][gc,age      ] GC(4) Age table with threshold 15 (max threshold 15)
[2025-09-15T08:22:56.918+0000][183][trace][gc,age      ] GC(4) - age   1:    7450976 bytes,    7450976 total
[2025-09-15T08:22:56.918+0000][183][trace][gc,age      ] GC(4) - age   2:     424936 bytes,    7875912 total
[2025-09-15T08:22:56.918+0000][183][trace][gc,age      ] GC(4) - age   3:    3989976 bytes,   11865888 total
[2025-09-15T08:22:56.918+0000][183][trace][gc,age      ] GC(4) - age   4:    4627240 bytes,   16493128 total
[2025-09-15T08:22:56.918+0000][183][info ][gc,heap     ] GC(4) Eden regions: 93->0(148)
[2025-09-15T08:22:56.918+0000][183][info ][gc,heap     ] GC(4) Survivor regions: 3->5(12)
[2025-09-15T08:22:56.918+0000][183][info ][gc,heap     ] GC(4) Old regions: 1->1
[2025-09-15T08:22:56.919+0000][183][info ][gc,heap     ] GC(4) Humongous regions: 0->0
[2025-09-15T08:22:56.919+0000][183][info ][gc,metaspace] GC(4) Metaspace: 29668K(30464K)->29668K(30464K) NonClass: 26209K(26688K)->26209K(26688K) Class: 3459K(3776K)->3459K(3776K)
[2025-09-15T08:22:56.919+0000][183][info ][gc          ] GC(4) Pause Young (Prepare Mixed) (G1 Evacuation Pause) 383M->18M(1024M) 6.323ms
[2025-09-15T08:22:56.919+0000][183][info ][gc,cpu      ] GC(4) User=0.03s Sys=0.00s Real=0.01s
[2025-09-15T08:22:56.919+0000][183][info ][safepoint   ] Safepoint "G1CollectForAllocation", Time since last: 44506708 ns, Reaching safepoint: 861875 ns, Cleanup: 36042 ns, At safepoint: 6409875 ns, Total: 7307792 ns
[2025-09-15T08:22:57.006+0000][183][info ][safepoint   ] Safepoint "ICBufferFull", Time since last: 86874083 ns, Reaching safepoint: 2667 ns, Cleanup: 81708 ns, At safepoint: 4792 ns, Total: 89167 ns
[2025-09-15T08:22:57.170+0000][183][info ][safepoint   ] Safepoint "ICBufferFull", Time since last: 163866208 ns, Reaching safepoint: 2459 ns, Cleanup: 75833 ns, At safepoint: 5042 ns, Total: 83334 ns
[2025-09-15T08:22:57.318+0000][183][info ][safepoint   ] Safepoint "ICBufferFull", Time since last: 148732791 ns, Reaching safepoint: 2625 ns, Cleanup: 88334 ns, At safepoint: 15500 ns, Total: 106459 ns
[2025-09-15T08:22:57.414+0000][183][info ][gc,start    ] GC(5) Pause Young (Mixed) (Metadata GC Threshold)
[2025-09-15T08:22:57.414+0000][183][info ][gc,task     ] GC(5) Using 8 workers of 8 for evacuation
[2025-09-15T08:22:57.414+0000][183][debug][gc,age      ] GC(5) Desired survivor size 41943040 bytes, new threshold 15 (max threshold 15)
[2025-09-15T08:22:57.421+0000][183][info ][gc,phases   ] GC(5)   Pre Evacuate Collection Set: 0.09ms
[2025-09-15T08:22:57.421+0000][183][info ][gc,phases   ] GC(5)   Merge Heap Roots: 0.05ms
[2025-09-15T08:22:57.421+0000][183][info ][gc,phases   ] GC(5)   Evacuate Collection Set: 5.38ms
[2025-09-15T08:22:57.421+0000][183][info ][gc,phases   ] GC(5)   Post Evacuate Collection Set: 0.80ms
[2025-09-15T08:22:57.421+0000][183][info ][gc,phases   ] GC(5)   Other: 0.09ms
[2025-09-15T08:22:57.421+0000][183][trace][gc,age      ] GC(5) Age table with threshold 15 (max threshold 15)
[2025-09-15T08:22:57.421+0000][183][trace][gc,age      ] GC(5) - age   1:    6710776 bytes,    6710776 total
[2025-09-15T08:22:57.421+0000][183][trace][gc,age      ] GC(5) - age   2:    7410992 bytes,   14121768 total
[2025-09-15T08:22:57.421+0000][183][trace][gc,age      ] GC(5) - age   3:     424816 bytes,   14546584 total
[2025-09-15T08:22:57.421+0000][183][trace][gc,age      ] GC(5) - age   4:    3988408 bytes,   18534992 total
[2025-09-15T08:22:57.421+0000][183][trace][gc,age      ] GC(5) - age   5:    4627240 bytes,   23162232 total
[2025-09-15T08:22:57.421+0000][183][info ][gc,heap     ] GC(5) Eden regions: 120->0(142)
[2025-09-15T08:22:57.421+0000][183][info ][gc,heap     ] GC(5) Survivor regions: 5->7(20)
[2025-09-15T08:22:57.421+0000][183][info ][gc,heap     ] GC(5) Old regions: 1->1
[2025-09-15T08:22:57.421+0000][183][info ][gc,heap     ] GC(5) Humongous regions: 0->0
[2025-09-15T08:22:57.421+0000][183][info ][gc,metaspace] GC(5) Metaspace: 35386K(36288K)->35386K(36288K) NonClass: 31300K(31808K)->31300K(31808K) Class: 4086K(4480K)->4086K(4480K)
[2025-09-15T08:22:57.421+0000][183][info ][gc          ] GC(5) Pause Young (Mixed) (Metadata GC Threshold) 496M->25M(1024M) 6.842ms
[2025-09-15T08:22:57.421+0000][183][info ][gc,cpu      ] GC(5) User=0.03s Sys=0.00s Real=0.00s
[2025-09-15T08:22:57.421+0000][183][info ][safepoint   ] Safepoint "CollectForMetadataAllocation", Time since last: 95887958 ns, Reaching safepoint: 2583 ns, Cleanup: 42792 ns, At safepoint: 6940958 ns, Total: 6986333 ns
[2025-09-15T08:22:57.428+0000][183][info ][gc,start    ] GC(6) Pause Young (Concurrent Start) (Metadata GC Threshold)
[2025-09-15T08:22:57.428+0000][183][info ][gc,task     ] GC(6) Using 8 workers of 8 for evacuation
[2025-09-15T08:22:57.428+0000][183][debug][gc,age      ] GC(6) Desired survivor size 39845888 bytes, new threshold 15 (max threshold 15)
[2025-09-15T08:22:57.433+0000][183][info ][gc,phases   ] GC(6)   Pre Evacuate Collection Set: 0.13ms
[2025-09-15T08:22:57.433+0000][183][info ][gc,phases   ] GC(6)   Merge Heap Roots: 0.08ms
[2025-09-15T08:22:57.433+0000][183][info ][gc,phases   ] GC(6)   Evacuate Collection Set: 4.58ms
[2025-09-15T08:22:57.433+0000][183][info ][gc,phases   ] GC(6)   Post Evacuate Collection Set: 0.60ms
[2025-09-15T08:22:57.433+0000][183][info ][gc,phases   ] GC(6)   Other: 0.15ms
[2025-09-15T08:22:57.433+0000][183][trace][gc,age      ] GC(6) Age table with threshold 15 (max threshold 15)
[2025-09-15T08:22:57.433+0000][183][trace][gc,age      ] GC(6) - age   1:      64088 bytes,      64088 total
[2025-09-15T08:22:57.433+0000][183][trace][gc,age      ] GC(6) - age   2:    6697984 bytes,    6762072 total
[2025-09-15T08:22:57.433+0000][183][trace][gc,age      ] GC(6) - age   3:    7410960 bytes,   14173032 total
[2025-09-15T08:22:57.434+0000][183][trace][gc,age      ] GC(6) - age   4:     424816 bytes,   14597848 total
[2025-09-15T08:22:57.434+0000][183][trace][gc,age      ] GC(6) - age   5:    3987560 bytes,   18585408 total
[2025-09-15T08:22:57.434+0000][183][trace][gc,age      ] GC(6) - age   6:    4627144 bytes,   23212552 total
[2025-09-15T08:22:57.434+0000][183][info ][gc,heap     ] GC(6) Eden regions: 1->0(147)
[2025-09-15T08:22:57.434+0000][183][info ][gc,heap     ] GC(6) Survivor regions: 7->6(19)
[2025-09-15T08:22:57.434+0000][183][info ][gc,heap     ] GC(6) Old regions: 1->1
[2025-09-15T08:22:57.434+0000][183][info ][gc,heap     ] GC(6) Humongous regions: 0->0
[2025-09-15T08:22:57.434+0000][183][info ][gc,metaspace] GC(6) Metaspace: 35639K(36608K)->35639K(36608K) NonClass: 31515K(32064K)->31515K(32064K) Class: 4123K(4544K)->4123K(4544K)
[2025-09-15T08:22:57.434+0000][183][info ][gc          ] GC(6) Pause Young (Concurrent Start) (Metadata GC Threshold) 29M->25M(1024M) 6.012ms
[2025-09-15T08:22:57.434+0000][183][info ][gc,cpu      ] GC(6) User=0.03s Sys=0.01s Real=0.00s
[2025-09-15T08:22:57.434+0000][183][info ][gc          ] GC(7) Concurrent Mark Cycle
[2025-09-15T08:22:57.434+0000][183][info ][gc,marking  ] GC(7) Concurrent Scan Root Regions
[2025-09-15T08:22:57.434+0000][183][info ][safepoint   ] Safepoint "CollectForMetadataAllocation", Time since last: 6365959 ns, Reaching safepoint: 1916 ns, Cleanup: 875 ns, At safepoint: 6139125 ns, Total: 6141916 ns
[2025-09-15T08:22:57.437+0000][183][info ][gc,marking  ] GC(7) Concurrent Scan Root Regions 2.717ms
[2025-09-15T08:22:57.437+0000][183][info ][gc,marking  ] GC(7) Concurrent Mark
[2025-09-15T08:22:57.437+0000][183][info ][gc,marking  ] GC(7) Concurrent Mark From Roots
[2025-09-15T08:22:57.437+0000][183][info ][gc,task     ] GC(7) Using 2 workers of 2 for marking
[2025-09-15T08:22:57.438+0000][183][info ][gc,marking  ] GC(7) Concurrent Mark From Roots 1.123ms
[2025-09-15T08:22:57.438+0000][183][info ][gc,marking  ] GC(7) Concurrent Preclean
[2025-09-15T08:22:57.438+0000][183][info ][gc,marking  ] GC(7) Concurrent Preclean 0.139ms
[2025-09-15T08:22:57.438+0000][183][info ][gc,start    ] GC(7) Pause Remark
[2025-09-15T08:22:57.440+0000][183][info ][gc          ] GC(7) Pause Remark 29M->29M(1024M) 1.964ms
[2025-09-15T08:22:57.440+0000][183][info ][gc,cpu      ] GC(7) User=0.01s Sys=0.00s Real=0.00s
[2025-09-15T08:22:57.440+0000][183][info ][safepoint   ] Safepoint "G1PauseRemark", Time since last: 4578917 ns, Reaching safepoint: 1458 ns, Cleanup: 1125 ns, At safepoint: 2056625 ns, Total: 2059208 ns
[2025-09-15T08:22:57.441+0000][183][info ][gc,marking  ] GC(7) Concurrent Mark 4.050ms
[2025-09-15T08:22:57.441+0000][183][info ][gc,marking  ] GC(7) Concurrent Rebuild Remembered Sets and Scrub Regions
[2025-09-15T08:22:57.441+0000][183][info ][gc,marking  ] GC(7) Concurrent Rebuild Remembered Sets and Scrub Regions 0.377ms
[2025-09-15T08:22:57.442+0000][183][info ][gc,start    ] GC(7) Pause Cleanup
[2025-09-15T08:22:57.442+0000][183][info ][gc          ] GC(7) Pause Cleanup 29M->29M(1024M) 0.121ms
[2025-09-15T08:22:57.442+0000][183][info ][gc,cpu      ] GC(7) User=0.00s Sys=0.00s Real=0.00s
[2025-09-15T08:22:57.442+0000][183][info ][safepoint   ] Safepoint "G1PauseCleanup", Time since last: 1446709 ns, Reaching safepoint: 189958 ns, Cleanup: 9333 ns, At safepoint: 186709 ns, Total: 386000 ns
[2025-09-15T08:22:57.443+0000][183][info ][gc,marking  ] GC(7) Concurrent Clear Claimed Marks
[2025-09-15T08:22:57.443+0000][183][info ][gc,marking  ] GC(7) Concurrent Clear Claimed Marks 0.048ms
[2025-09-15T08:22:57.443+0000][183][info ][gc,marking  ] GC(7) Concurrent Cleanup for Next Mark
[2025-09-15T08:22:57.444+0000][183][info ][gc,marking  ] GC(7) Concurrent Cleanup for Next Mark 0.292ms
[2025-09-15T08:22:57.444+0000][183][info ][gc          ] GC(7) Concurrent Mark Cycle 9.867ms
[2025-09-15T08:22:58.010+0000][183][info ][safepoint   ] Safepoint "ICBufferFull", Time since last: 567750375 ns, Reaching safepoint: 2875 ns, Cleanup: 178167 ns, At safepoint: 6000 ns, Total: 187042 ns
[2025-09-15T08:22:58.134+0000][183][info ][gc,start    ] GC(8) Pause Young (Normal) (G1 Evacuation Pause)
[2025-09-15T08:22:58.134+0000][183][info ][gc,task     ] GC(8) Using 8 workers of 8 for evacuation
[2025-09-15T08:22:58.134+0000][183][debug][gc,age      ] GC(8) Desired survivor size 41943040 bytes, new threshold 15 (max threshold 15)
[2025-09-15T08:22:58.149+0000][183][info ][gc,phases   ] GC(8)   Pre Evacuate Collection Set: 0.15ms
[2025-09-15T08:22:58.149+0000][183][info ][gc,phases   ] GC(8)   Merge Heap Roots: 0.09ms
[2025-09-15T08:22:58.149+0000][183][info ][gc,phases   ] GC(8)   Evacuate Collection Set: 12.86ms
[2025-09-15T08:22:58.149+0000][183][info ][gc,phases   ] GC(8)   Post Evacuate Collection Set: 0.97ms
[2025-09-15T08:22:58.149+0000][183][info ][gc,phases   ] GC(8)   Other: 0.16ms
[2025-09-15T08:22:58.149+0000][183][trace][gc,age      ] GC(8) Age table with threshold 15 (max threshold 15)
[2025-09-15T08:22:58.149+0000][183][trace][gc,age      ] GC(8) - age   1:   11364040 bytes,   11364040 total
[2025-09-15T08:22:58.149+0000][183][trace][gc,age      ] GC(8) - age   2:      45424 bytes,   11409464 total
[2025-09-15T08:22:58.149+0000][183][trace][gc,age      ] GC(8) - age   3:    6685872 bytes,   18095336 total
[2025-09-15T08:22:58.149+0000][183][trace][gc,age      ] GC(8) - age   4:    7401912 bytes,   25497248 total
[2025-09-15T08:22:58.149+0000][183][trace][gc,age      ] GC(8) - age   5:     404896 bytes,   25902144 total
[2025-09-15T08:22:58.149+0000][183][trace][gc,age      ] GC(8) - age   6:    3980688 bytes,   29882832 total
[2025-09-15T08:22:58.149+0000][183][trace][gc,age      ] GC(8) - age   7:    4620264 bytes,   34503096 total
[2025-09-15T08:22:58.149+0000][183][info ][gc,heap     ] GC(8) Eden regions: 147->0(144)
[2025-09-15T08:22:58.149+0000][183][info ][gc,heap     ] GC(8) Survivor regions: 6->9(20)
[2025-09-15T08:22:58.149+0000][183][info ][gc,heap     ] GC(8) Old regions: 1->1
[2025-09-15T08:22:58.149+0000][183][info ][gc,heap     ] GC(8) Humongous regions: 0->0
[2025-09-15T08:22:58.149+0000][183][info ][gc,metaspace] GC(8) Metaspace: 38318K(39424K)->38318K(39424K) NonClass: 33826K(34496K)->33826K(34496K) Class: 4491K(4928K)->4491K(4928K)
[2025-09-15T08:22:58.149+0000][183][info ][gc          ] GC(8) Pause Young (Normal) (G1 Evacuation Pause) 613M->37M(1024M) 15.092ms
[2025-09-15T08:22:58.149+0000][183][info ][gc,cpu      ] GC(8) User=0.05s Sys=0.00s Real=0.01s
[2025-09-15T08:22:58.149+0000][183][info ][safepoint   ] Safepoint "G1CollectForAllocation", Time since last: 123908041 ns, Reaching safepoint: 3250 ns, Cleanup: 67209 ns, At safepoint: 15183458 ns, Total: 15253917 ns
[2025-09-15T08:22:58.551+0000][183][info ][safepoint   ] Safepoint "ICBufferFull", Time since last: 401497625 ns, Reaching safepoint: 2209 ns, Cleanup: 84458 ns, At safepoint: 5000 ns, Total: 91667 ns
[2025-09-15T08:22:58.816+0000][183][info ][safepoint   ] Safepoint "ICBufferFull", Time since last: 265321458 ns, Reaching safepoint: 4792 ns, Cleanup: 150042 ns, At safepoint: 7208 ns, Total: 162042 ns
[2025-09-15T08:22:59.120+0000][183][info ][safepoint   ] Safepoint "ICBufferFull", Time since last: 303122584 ns, Reaching safepoint: 630333 ns, Cleanup: 152208 ns, At safepoint: 19417 ns, Total: 801958 ns
[2025-09-15T08:22:59.416+0000][183][info ][safepoint   ] Safepoint "ICBufferFull", Time since last: 295319000 ns, Reaching safepoint: 4833 ns, Cleanup: 152250 ns, At safepoint: 10834 ns, Total: 167917 ns
[2025-09-15T08:22:59.837+0000][183][info ][safepoint   ] Safepoint "ICBufferFull", Time since last: 420626083 ns, Reaching safepoint: 2167 ns, Cleanup: 77583 ns, At safepoint: 3292 ns, Total: 83042 ns
[2025-09-15T08:23:00.265+0000][183][info ][gc,start    ] GC(9) Pause Young (Concurrent Start) (Metadata GC Threshold)
[2025-09-15T08:23:00.266+0000][183][info ][gc,task     ] GC(9) Using 8 workers of 8 for evacuation
[2025-09-15T08:23:00.266+0000][183][debug][gc,age      ] GC(9) Desired survivor size 41943040 bytes, new threshold 15 (max threshold 15)
[2025-09-15T08:23:00.287+0000][183][info ][gc,phases   ] GC(9)   Pre Evacuate Collection Set: 0.18ms
[2025-09-15T08:23:00.288+0000][183][info ][gc,phases   ] GC(9)   Merge Heap Roots: 0.10ms
[2025-09-15T08:23:00.289+0000][183][info ][gc,phases   ] GC(9)   Evacuate Collection Set: 18.32ms
[2025-09-15T08:23:00.289+0000][183][info ][gc,phases   ] GC(9)   Post Evacuate Collection Set: 2.10ms
[2025-09-15T08:23:00.289+0000][183][info ][gc,phases   ] GC(9)   Other: 0.31ms
[2025-09-15T08:23:00.289+0000][183][trace][gc,age      ] GC(9) Age table with threshold 15 (max threshold 15)
[2025-09-15T08:23:00.289+0000][183][trace][gc,age      ] GC(9) - age   1:   10313224 bytes,   10313224 total
[2025-09-15T08:23:00.289+0000][183][trace][gc,age      ] GC(9) - age   2:    8865608 bytes,   19178832 total
[2025-09-15T08:23:00.289+0000][183][trace][gc,age      ] GC(9) - age   3:      43872 bytes,   19222704 total
[2025-09-15T08:23:00.289+0000][183][trace][gc,age      ] GC(9) - age   4:    6651784 bytes,   25874488 total
[2025-09-15T08:23:00.289+0000][183][trace][gc,age      ] GC(9) - age   5:    7210032 bytes,   33084520 total
[2025-09-15T08:23:00.289+0000][183][trace][gc,age      ] GC(9) - age   6:     401208 bytes,   33485728 total
[2025-09-15T08:23:00.289+0000][183][trace][gc,age      ] GC(9) - age   7:    3943288 bytes,   37429016 total
[2025-09-15T08:23:00.289+0000][183][trace][gc,age      ] GC(9) - age   8:    4610920 bytes,   42039936 total
[2025-09-15T08:23:00.289+0000][183][info ][gc,heap     ] GC(9) Eden regions: 134->0(141)
[2025-09-15T08:23:00.289+0000][183][info ][gc,heap     ] GC(9) Survivor regions: 9->12(20)
[2025-09-15T08:23:00.289+0000][183][info ][gc,heap     ] GC(9) Old regions: 1->1
[2025-09-15T08:23:00.289+0000][183][info ][gc,heap     ] GC(9) Humongous regions: 0->0
[2025-09-15T08:23:00.289+0000][183][info ][gc,metaspace] GC(9) Metaspace: 59783K(61248K)->59783K(61248K) NonClass: 52235K(53120K)->52235K(53120K) Class: 7548K(8128K)->7548K(8128K)
[2025-09-15T08:23:00.290+0000][183][info ][gc          ] GC(9) Pause Young (Concurrent Start) (Metadata GC Threshold) 571M->46M(1024M) 24.067ms
[2025-09-15T08:23:00.290+0000][183][info ][gc,cpu      ] GC(9) User=0.09s Sys=0.00s Real=0.02s
[2025-09-15T08:23:00.290+0000][183][info ][gc          ] GC(10) Concurrent Mark Cycle
[2025-09-15T08:23:00.293+0000][183][info ][gc,marking  ] GC(10) Concurrent Scan Root Regions
[2025-09-15T08:23:00.293+0000][183][info ][safepoint   ] Safepoint "CollectForMetadataAllocation", Time since last: 428781708 ns, Reaching safepoint: 6042 ns, Cleanup: 115833 ns, At safepoint: 27584834 ns, Total: 27706709 ns
[2025-09-15T08:23:00.301+0000][183][info ][gc,marking  ] GC(10) Concurrent Scan Root Regions 8.378ms
[2025-09-15T08:23:00.302+0000][183][info ][gc,marking  ] GC(10) Concurrent Mark
[2025-09-15T08:23:00.302+0000][183][info ][gc,marking  ] GC(10) Concurrent Mark From Roots
[2025-09-15T08:23:00.302+0000][183][info ][gc,task     ] GC(10) Using 2 workers of 2 for marking
[2025-09-15T08:23:00.304+0000][183][info ][gc,marking  ] GC(10) Concurrent Mark From Roots 1.756ms
[2025-09-15T08:23:00.304+0000][183][info ][gc,marking  ] GC(10) Concurrent Preclean
[2025-09-15T08:23:00.305+0000][183][info ][gc,marking  ] GC(10) Concurrent Preclean 0.559ms
[2025-09-15T08:23:00.306+0000][183][info ][gc,start    ] GC(10) Pause Remark
[2025-09-15T08:23:00.337+0000][183][info ][gc          ] GC(10) Pause Remark 50M->50M(1024M) 30.574ms
[2025-09-15T08:23:00.337+0000][183][info ][gc,cpu      ] GC(10) User=0.05s Sys=0.01s Real=0.03s
[2025-09-15T08:23:00.337+0000][183][info ][safepoint   ] Safepoint "G1PauseRemark", Time since last: 12023208 ns, Reaching safepoint: 1199750 ns, Cleanup: 6292 ns, At safepoint: 30896291 ns, Total: 32102333 ns
[2025-09-15T08:23:00.338+0000][183][info ][gc,marking  ] GC(10) Concurrent Mark 35.600ms
[2025-09-15T08:23:00.338+0000][183][info ][gc,marking  ] GC(10) Concurrent Rebuild Remembered Sets and Scrub Regions
[2025-09-15T08:23:00.340+0000][183][info ][gc,marking  ] GC(10) Concurrent Rebuild Remembered Sets and Scrub Regions 2.692ms
[2025-09-15T08:23:00.341+0000][183][info ][gc,start    ] GC(10) Pause Cleanup
[2025-09-15T08:23:00.341+0000][183][info ][gc          ] GC(10) Pause Cleanup 50M->50M(1024M) 0.167ms
[2025-09-15T08:23:00.341+0000][183][info ][gc,cpu      ] GC(10) User=0.00s Sys=0.00s Real=0.00s
[2025-09-15T08:23:00.341+0000][183][info ][safepoint   ] Safepoint "G1PauseCleanup", Time since last: 3527417 ns, Reaching safepoint: 5625 ns, Cleanup: 18000 ns, At safepoint: 296500 ns, Total: 320125 ns
[2025-09-15T08:23:00.341+0000][183][info ][gc,marking  ] GC(10) Concurrent Clear Claimed Marks
[2025-09-15T08:23:00.341+0000][183][info ][gc,marking  ] GC(10) Concurrent Clear Claimed Marks 0.211ms
[2025-09-15T08:23:00.348+0000][183][info ][gc,marking  ] GC(10) Concurrent Cleanup for Next Mark
[2025-09-15T08:23:00.348+0000][183][info ][gc,marking  ] GC(10) Concurrent Cleanup for Next Mark 0.699ms
[2025-09-15T08:23:00.349+0000][183][info ][gc          ] GC(10) Concurrent Mark Cycle 59.040ms
[2025-09-15T08:23:00.877+0000][183][info ][safepoint   ] Safepoint "ICBufferFull", Time since last: 536195500 ns, Reaching safepoint: 2875 ns, Cleanup: 104667 ns, At safepoint: 14667 ns, Total: 122209 ns
[2025-09-15T08:23:01.045+0000][183][info ][safepoint   ] Safepoint "ICBufferFull", Time since last: 167093458 ns, Reaching safepoint: 2875 ns, Cleanup: 81542 ns, At safepoint: 4750 ns, Total: 89167 ns
[2025-09-15T08:23:01.789+0000][183][info ][safepoint   ] Safepoint "ICBufferFull", Time since last: 744197875 ns, Reaching safepoint: 382250 ns, Cleanup: 100417 ns, At safepoint: 18916 ns, Total: 501583 ns
[2025-09-15T08:23:01.936+0000][183][info ][safepoint   ] Safepoint "ICBufferFull", Time since last: 146887542 ns, Reaching safepoint: 2625 ns, Cleanup: 80334 ns, At safepoint: 4833 ns, Total: 87792 ns
[2025-09-15T08:23:02.379+0000][183][info ][gc,start    ] GC(11) Pause Young (Normal) (G1 Evacuation Pause)
[2025-09-15T08:23:02.380+0000][183][info ][gc,task     ] GC(11) Using 8 workers of 8 for evacuation
[2025-09-15T08:23:02.380+0000][183][debug][gc,age      ] GC(11) Desired survivor size 41943040 bytes, new threshold 8 (max threshold 15)
[2025-09-15T08:23:02.400+0000][183][info ][gc,phases   ] GC(11)   Pre Evacuate Collection Set: 0.22ms
[2025-09-15T08:23:02.400+0000][183][info ][gc,phases   ] GC(11)   Merge Heap Roots: 0.13ms
[2025-09-15T08:23:02.400+0000][183][info ][gc,phases   ] GC(11)   Evacuate Collection Set: 18.19ms
[2025-09-15T08:23:02.400+0000][183][info ][gc,phases   ] GC(11)   Post Evacuate Collection Set: 1.85ms
[2025-09-15T08:23:02.400+0000][183][info ][gc,phases   ] GC(11)   Other: 0.25ms
[2025-09-15T08:23:02.401+0000][183][trace][gc,age      ] GC(11) Age table with threshold 8 (max threshold 15)
[2025-09-15T08:23:02.401+0000][183][trace][gc,age      ] GC(11) - age   1:   10804408 bytes,   10804408 total
[2025-09-15T08:23:02.401+0000][183][trace][gc,age      ] GC(11) - age   2:    9863560 bytes,   20667968 total
[2025-09-15T08:23:02.401+0000][183][trace][gc,age      ] GC(11) - age   3:    8816792 bytes,   29484760 total
[2025-09-15T08:23:02.401+0000][183][trace][gc,age      ] GC(11) - age   4:      43744 bytes,   29528504 total
[2025-09-15T08:23:02.401+0000][183][trace][gc,age      ] GC(11) - age   5:    6641328 bytes,   36169832 total
[2025-09-15T08:23:02.401+0000][183][trace][gc,age      ] GC(11) - age   6:    7185008 bytes,   43354840 total
[2025-09-15T08:23:02.401+0000][183][trace][gc,age      ] GC(11) - age   7:     398808 bytes,   43753648 total
[2025-09-15T08:23:02.401+0000][183][trace][gc,age      ] GC(11) - age   8:    3936024 bytes,   47689672 total
[2025-09-15T08:23:02.401+0000][183][info ][gc,heap     ] GC(11) Eden regions: 141->0(140)
[2025-09-15T08:23:02.401+0000][183][info ][gc,heap     ] GC(11) Survivor regions: 12->13(20)
[2025-09-15T08:23:02.401+0000][183][info ][gc,heap     ] GC(11) Old regions: 1->2
[2025-09-15T08:23:02.401+0000][183][info ][gc,heap     ] GC(11) Humongous regions: 0->0
[2025-09-15T08:23:02.401+0000][183][info ][gc,metaspace] GC(11) Metaspace: 75271K(77120K)->75271K(77120K) NonClass: 65184K(66304K)->65184K(66304K) Class: 10086K(10816K)->10086K(10816K)
[2025-09-15T08:23:02.401+0000][183][info ][gc          ] GC(11) Pause Young (Normal) (G1 Evacuation Pause) 610M->56M(1024M) 21.375ms
[2025-09-15T08:23:02.401+0000][183][info ][gc,cpu      ] GC(11) User=0.12s Sys=0.01s Real=0.02s
[2025-09-15T08:23:02.401+0000][183][info ][safepoint   ] Safepoint "G1CollectForAllocation", Time since last: 443099083 ns, Reaching safepoint: 7542 ns, Cleanup: 135375 ns, At safepoint: 21476875 ns, Total: 21619792 ns
[2025-09-15T08:23:02.727+0000][183][info ][safepoint   ] Safepoint "ICBufferFull", Time since last: 325912167 ns, Reaching safepoint: 251458 ns, Cleanup: 86917 ns, At safepoint: 12000 ns, Total: 350375 ns
[2025-09-15T08:23:02.901+0000][183][info ][safepoint   ] Safepoint "ICBufferFull", Time since last: 174008875 ns, Reaching safepoint: 2458 ns, Cleanup: 69709 ns, At safepoint: 5083 ns, Total: 77250 ns
[2025-09-15T08:23:03.165+0000][183][info ][safepoint   ] Safepoint "ICBufferFull", Time since last: 263520417 ns, Reaching safepoint: 3541 ns, Cleanup: 83042 ns, At safepoint: 6375 ns, Total: 92958 ns
[2025-09-15T08:23:03.471+0000][183][info ][safepoint   ] Safepoint "ICBufferFull", Time since last: 305189459 ns, Reaching safepoint: 1243708 ns, Cleanup: 88375 ns, At safepoint: 7333 ns, Total: 1339416 ns
[2025-09-15T08:23:03.730+0000][183][info ][gc,start    ] GC(12) Pause Young (Concurrent Start) (Metadata GC Threshold)
[2025-09-15T08:23:03.730+0000][183][info ][gc,task     ] GC(12) Using 8 workers of 8 for evacuation
[2025-09-15T08:23:03.730+0000][183][debug][gc,age      ] GC(12) Desired survivor size 41943040 bytes, new threshold 6 (max threshold 15)
[2025-09-15T08:23:03.748+0000][183][info ][gc,phases   ] GC(12)   Pre Evacuate Collection Set: 0.14ms
[2025-09-15T08:23:03.748+0000][183][info ][gc,phases   ] GC(12)   Merge Heap Roots: 0.06ms
[2025-09-15T08:23:03.749+0000][183][info ][gc,phases   ] GC(12)   Evacuate Collection Set: 16.46ms
[2025-09-15T08:23:03.749+0000][183][info ][gc,phases   ] GC(12)   Post Evacuate Collection Set: 1.87ms
[2025-09-15T08:23:03.749+0000][183][info ][gc,phases   ] GC(12)   Other: 0.14ms
[2025-09-15T08:23:03.749+0000][183][trace][gc,age      ] GC(12) Age table with threshold 6 (max threshold 15)
[2025-09-15T08:23:03.749+0000][183][trace][gc,age      ] GC(12) - age   1:    9776152 bytes,    9776152 total
[2025-09-15T08:23:03.749+0000][183][trace][gc,age      ] GC(12) - age   2:   10469056 bytes,   20245208 total
[2025-09-15T08:23:03.749+0000][183][trace][gc,age      ] GC(12) - age   3:    9697904 bytes,   29943112 total
[2025-09-15T08:23:03.749+0000][183][trace][gc,age      ] GC(12) - age   4:    8800480 bytes,   38743592 total
[2025-09-15T08:23:03.749+0000][183][trace][gc,age      ] GC(12) - age   5:      43488 bytes,   38787080 total
[2025-09-15T08:23:03.749+0000][183][trace][gc,age      ] GC(12) - age   6:    6617792 bytes,   45404872 total
[2025-09-15T08:23:03.749+0000][183][info ][gc,heap     ] GC(12) Eden regions: 82->0(141)
[2025-09-15T08:23:03.749+0000][183][info ][gc,heap     ] GC(12) Survivor regions: 13->12(20)
[2025-09-15T08:23:03.749+0000][183][info ][gc,heap     ] GC(12) Old regions: 2->5
[2025-09-15T08:23:03.749+0000][183][info ][gc,heap     ] GC(12) Humongous regions: 0->0
[2025-09-15T08:23:03.749+0000][183][info ][gc,metaspace] GC(12) Metaspace: 100521K(102528K)->100521K(102528K) NonClass: 86959K(88128K)->86959K(88128K) Class: 13562K(14400K)->13562K(14400K)
[2025-09-15T08:23:03.749+0000][183][info ][gc          ] GC(12) Pause Young (Concurrent Start) (Metadata GC Threshold) 384M->65M(1024M) 19.550ms
[2025-09-15T08:23:03.749+0000][183][info ][gc,cpu      ] GC(12) User=0.09s Sys=0.00s Real=0.02s
[2025-09-15T08:23:03.749+0000][183][info ][safepoint   ] Safepoint "CollectForMetadataAllocation", Time since last: 258172042 ns, Reaching safepoint: 3250 ns, Cleanup: 63042 ns, At safepoint: 19749833 ns, Total: 19816125 ns
[2025-09-15T08:23:03.749+0000][183][info ][gc          ] GC(13) Concurrent Mark Cycle
[2025-09-15T08:23:03.750+0000][183][info ][gc,marking  ] GC(13) Concurrent Scan Root Regions
[2025-09-15T08:23:03.760+0000][183][info ][gc,marking  ] GC(13) Concurrent Scan Root Regions 9.872ms
[2025-09-15T08:23:03.760+0000][183][info ][gc,marking  ] GC(13) Concurrent Mark
[2025-09-15T08:23:03.760+0000][183][info ][gc,marking  ] GC(13) Concurrent Mark From Roots
[2025-09-15T08:23:03.760+0000][183][info ][gc,task     ] GC(13) Using 2 workers of 2 for marking
[2025-09-15T08:23:03.762+0000][183][info ][gc,marking  ] GC(13) Concurrent Mark From Roots 2.147ms
[2025-09-15T08:23:03.762+0000][183][info ][gc,marking  ] GC(13) Concurrent Preclean
[2025-09-15T08:23:03.762+0000][183][info ][gc,marking  ] GC(13) Concurrent Preclean 0.029ms
[2025-09-15T08:23:03.762+0000][183][info ][gc,start    ] GC(13) Pause Remark
[2025-09-15T08:23:03.766+0000][183][info ][gc          ] GC(13) Pause Remark 69M->69M(1024M) 3.253ms
[2025-09-15T08:23:03.766+0000][183][info ][gc,cpu      ] GC(13) User=0.02s Sys=0.00s Real=0.01s
[2025-09-15T08:23:03.766+0000][183][info ][safepoint   ] Safepoint "G1PauseRemark", Time since last: 12478625 ns, Reaching safepoint: 418458 ns, Cleanup: 7000 ns, At safepoint: 3354209 ns, Total: 3779667 ns
[2025-09-15T08:23:03.766+0000][183][info ][gc,marking  ] GC(13) Concurrent Mark 6.080ms
[2025-09-15T08:23:03.766+0000][183][info ][gc,marking  ] GC(13) Concurrent Rebuild Remembered Sets and Scrub Regions
[2025-09-15T08:23:03.768+0000][183][info ][gc,marking  ] GC(13) Concurrent Rebuild Remembered Sets and Scrub Regions 2.561ms
[2025-09-15T08:23:03.768+0000][183][info ][gc,start    ] GC(13) Pause Cleanup
[2025-09-15T08:23:03.768+0000][183][info ][gc          ] GC(13) Pause Cleanup 69M->69M(1024M) 0.107ms
[2025-09-15T08:23:03.768+0000][183][info ][gc,cpu      ] GC(13) User=0.00s Sys=0.00s Real=0.00s
[2025-09-15T08:23:03.768+0000][183][info ][safepoint   ] Safepoint "G1PauseCleanup", Time since last: 2674250 ns, Reaching safepoint: 2291 ns, Cleanup: 8250 ns, At safepoint: 164542 ns, Total: 175083 ns
[2025-09-15T08:23:03.769+0000][183][info ][gc,marking  ] GC(13) Concurrent Clear Claimed Marks
[2025-09-15T08:23:03.769+0000][183][info ][gc,marking  ] GC(13) Concurrent Clear Claimed Marks 0.079ms
[2025-09-15T08:23:03.769+0000][183][info ][gc,marking  ] GC(13) Concurrent Cleanup for Next Mark
[2025-09-15T08:23:03.770+0000][183][info ][gc,marking  ] GC(13) Concurrent Cleanup for Next Mark 1.608ms
[2025-09-15T08:23:03.770+0000][183][info ][gc          ] GC(13) Concurrent Mark Cycle 21.057ms
[2025-09-15T08:23:03.986+0000][183][info ][safepoint   ] Safepoint "ICBufferFull", Time since last: 216729584 ns, Reaching safepoint: 1075083 ns, Cleanup: 70958 ns, At safepoint: 8292 ns, Total: 1154333 ns
[2025-09-15T08:23:04.245+0000][183][info ][safepoint   ] Safepoint "ICBufferFull", Time since last: 258572000 ns, Reaching safepoint: 3042 ns, Cleanup: 68291 ns, At safepoint: 11875 ns, Total: 83208 ns
[2025-09-15T08:23:04.574+0000][183][info ][safepoint   ] Safepoint "ICBufferFull", Time since last: 329266542 ns, Reaching safepoint: 3000 ns, Cleanup: 77250 ns, At safepoint: 4333 ns, Total: 84583 ns
[2025-09-15T08:23:04.781+0000][183][info ][safepoint   ] Safepoint "ICBufferFull", Time since last: 206192292 ns, Reaching safepoint: 3250 ns, Cleanup: 71875 ns, At safepoint: 8459 ns, Total: 83584 ns
[2025-09-15T08:23:04.845+0000][183][info ][safepoint   ] Safepoint "ICBufferFull", Time since last: 64297708 ns, Reaching safepoint: 3042 ns, Cleanup: 82541 ns, At safepoint: 5000 ns, Total: 90583 ns
[2025-09-15T08:23:04.886+0000][183][info ][safepoint   ] Safepoint "ICBufferFull", Time since last: 40463167 ns, Reaching safepoint: 3000 ns, Cleanup: 67500 ns, At safepoint: 10000 ns, Total: 80500 ns
[2025-09-15T08:23:04.903+0000][183][info ][safepoint   ] Safepoint "ICBufferFull", Time since last: 17187792 ns, Reaching safepoint: 2958 ns, Cleanup: 68500 ns, At safepoint: 4083 ns, Total: 75541 ns
[2025-09-15T08:23:04.929+0000][183][info ][safepoint   ] Safepoint "ICBufferFull", Time since last: 25969667 ns, Reaching safepoint: 3042 ns, Cleanup: 65916 ns, At safepoint: 7000 ns, Total: 75958 ns
[2025-09-15T08:23:04.961+0000][183][info ][safepoint   ] Safepoint "ICBufferFull", Time since last: 32184667 ns, Reaching safepoint: 3708 ns, Cleanup: 69709 ns, At safepoint: 5916 ns, Total: 79333 ns
[2025-09-15T08:23:05.037+0000][183][info ][safepoint   ] Safepoint "ICBufferFull", Time since last: 75372375 ns, Reaching safepoint: 627292 ns, Cleanup: 82000 ns, At safepoint: 16792 ns, Total: 726084 ns
[2025-09-15T08:23:05.151+0000][183][info ][safepoint   ] Safepoint "ICBufferFull", Time since last: 111809958 ns, Reaching safepoint: 1025208 ns, Cleanup: 250250 ns, At safepoint: 455209 ns, Total: 1730667 ns
[2025-09-15T08:23:05.369+0000][183][info ][safepoint   ] Safepoint "ICBufferFull", Time since last: 218095875 ns, Reaching safepoint: 162500 ns, Cleanup: 82416 ns, At safepoint: 6750 ns, Total: 251666 ns
[2025-09-15T08:23:05.458+0000][183][info ][safepoint   ] Safepoint "ICBufferFull", Time since last: 88196126 ns, Reaching safepoint: 866208 ns, Cleanup: 101000 ns, At safepoint: 8375 ns, Total: 975583 ns
[2025-09-15T08:23:05.558+0000][183][info ][safepoint   ] Safepoint "ICBufferFull", Time since last: 99774792 ns, Reaching safepoint: 3916 ns, Cleanup: 73917 ns, At safepoint: 7750 ns, Total: 85583 ns
[2025-09-15T08:23:05.615+0000][183][info ][safepoint   ] Safepoint "ICBufferFull", Time since last: 56704417 ns, Reaching safepoint: 3666 ns, Cleanup: 61584 ns, At safepoint: 4041 ns, Total: 69291 ns
[2025-09-15T08:23:05.740+0000][183][info ][safepoint   ] Safepoint "ICBufferFull", Time since last: 124493459 ns, Reaching safepoint: 4833 ns, Cleanup: 76625 ns, At safepoint: 6583 ns, Total: 88041 ns
[2025-09-15T08:23:05.839+0000][183][info ][safepoint   ] Safepoint "ICBufferFull", Time since last: 98970875 ns, Reaching safepoint: 548417 ns, Cleanup: 86833 ns, At safepoint: 7959 ns, Total: 643209 ns
[2025-09-15T08:23:06.015+0000][183][info ][safepoint   ] Safepoint "ICBufferFull", Time since last: 176136458 ns, Reaching safepoint: 5500 ns, Cleanup: 107667 ns, At safepoint: 5958 ns, Total: 119125 ns
[2025-09-15T08:23:06.213+0000][183][info ][safepoint   ] Safepoint "ICBufferFull", Time since last: 197094292 ns, Reaching safepoint: 5792 ns, Cleanup: 84041 ns, At safepoint: 15959 ns, Total: 105792 ns
[2025-09-15T08:23:06.262+0000][183][info ][safepoint   ] Safepoint "ICBufferFull", Time since last: 48920041 ns, Reaching safepoint: 573292 ns, Cleanup: 84375 ns, At safepoint: 26458 ns, Total: 684125 ns
[2025-09-15T08:23:06.351+0000][183][info ][gc,start    ] GC(14) Pause Young (Normal) (G1 Evacuation Pause)
[2025-09-15T08:23:06.351+0000][183][info ][gc,task     ] GC(14) Using 8 workers of 8 for evacuation
[2025-09-15T08:23:06.351+0000][183][debug][gc,age      ] GC(14) Desired survivor size 41943040 bytes, new threshold 6 (max threshold 15)
[2025-09-15T08:23:06.401+0000][183][info ][gc,phases   ] GC(14)   Pre Evacuate Collection Set: 0.11ms
[2025-09-15T08:23:06.401+0000][183][info ][gc,phases   ] GC(14)   Merge Heap Roots: 0.07ms
[2025-09-15T08:23:06.401+0000][183][info ][gc,phases   ] GC(14)   Evacuate Collection Set: 45.31ms
[2025-09-15T08:23:06.401+0000][183][info ][gc,phases   ] GC(14)   Post Evacuate Collection Set: 3.90ms
[2025-09-15T08:23:06.401+0000][183][info ][gc,phases   ] GC(14)   Other: 0.11ms
[2025-09-15T08:23:06.401+0000][183][trace][gc,age      ] GC(14) Age table with threshold 6 (max threshold 15)
[2025-09-15T08:23:06.401+0000][183][trace][gc,age      ] GC(14) - age   1:   45131200 bytes,   45131200 total
[2025-09-15T08:23:06.401+0000][183][trace][gc,age      ] GC(14) - age   2:    9048736 bytes,   54179936 total
[2025-09-15T08:23:06.401+0000][183][trace][gc,age      ] GC(14) - age   3:   10346680 bytes,   64526616 total
[2025-09-15T08:23:06.401+0000][183][trace][gc,age      ] GC(14) - age   4:    9383744 bytes,   73910360 total
[2025-09-15T08:23:06.401+0000][183][trace][gc,age      ] GC(14) - age   5:    8752784 bytes,   82663144 total
[2025-09-15T08:23:06.401+0000][183][trace][gc,age      ] GC(14) - age   6:      43328 bytes,   82706472 total
[2025-09-15T08:23:06.401+0000][183][info ][gc,heap     ] GC(14) Eden regions: 141->0(133)
[2025-09-15T08:23:06.402+0000][183][info ][gc,heap     ] GC(14) Survivor regions: 12->20(20)
[2025-09-15T08:23:06.402+0000][183][info ][gc,heap     ] GC(14) Old regions: 5->9
[2025-09-15T08:23:06.402+0000][183][info ][gc,heap     ] GC(14) Humongous regions: 2->2
[2025-09-15T08:23:06.402+0000][183][info ][gc,metaspace] GC(14) Metaspace: 138057K(142080K)->138057K(142080K) NonClass: 118500K(120704K)->118500K(120704K) Class: 19557K(21376K)->19557K(21376K)
[2025-09-15T08:23:06.402+0000][183][info ][gc          ] GC(14) Pause Young (Normal) (G1 Evacuation Pause) 637M->122M(1024M) 50.418ms
[2025-09-15T08:23:06.402+0000][183][info ][gc,cpu      ] GC(14) User=0.30s Sys=0.01s Real=0.05s
[2025-09-15T08:23:06.402+0000][183][info ][safepoint   ] Safepoint "G1CollectForAllocation", Time since last: 88212125 ns, Reaching safepoint: 833959 ns, Cleanup: 56916 ns, At safepoint: 50566917 ns, Total: 51457792 ns
[2025-09-15T08:23:06.404+0000][183][info ][gc,start    ] GC(15) Pause Young (Normal) (G1 Evacuation Pause)
[2025-09-15T08:23:06.404+0000][183][info ][gc,task     ] GC(15) Using 8 workers of 8 for evacuation
[2025-09-15T08:23:06.404+0000][183][debug][gc,age      ] GC(15) Desired survivor size 6291456 bytes, new threshold 1 (max threshold 15)
[2025-09-15T08:23:06.469+0000][183][info ][gc,phases   ] GC(15)   Pre Evacuate Collection Set: 0.24ms
[2025-09-15T08:23:06.470+0000][183][info ][gc,phases   ] GC(15)   Merge Heap Roots: 0.25ms
[2025-09-15T08:23:06.470+0000][183][info ][gc,phases   ] GC(15)   Evacuate Collection Set: 60.75ms
[2025-09-15T08:23:06.470+0000][183][info ][gc,phases   ] GC(15)   Post Evacuate Collection Set: 3.26ms
[2025-09-15T08:23:06.470+0000][183][info ][gc,phases   ] GC(15)   Other: 0.21ms
[2025-09-15T08:23:06.470+0000][183][trace][gc,age      ] GC(15) Age table with threshold 1 (max threshold 15)
[2025-09-15T08:23:06.470+0000][183][trace][gc,age      ] GC(15) - age   1:      42112 bytes,      42112 total
[2025-09-15T08:23:06.470+0000][183][info ][gc,heap     ] GC(15) Eden regions: 1->0(151)
[2025-09-15T08:23:06.470+0000][183][info ][gc,heap     ] GC(15) Survivor regions: 20->2(3)
[2025-09-15T08:23:06.470+0000][183][info ][gc,heap     ] GC(15) Old regions: 9->30
[2025-09-15T08:23:06.470+0000][183][info ][gc,heap     ] GC(15) Humongous regions: 2->2
[2025-09-15T08:23:06.470+0000][183][info ][gc,metaspace] GC(15) Metaspace: 138057K(142080K)->138057K(142080K) NonClass: 118500K(120704K)->118500K(120704K) Class: 19557K(21376K)->19557K(21376K)
[2025-09-15T08:23:06.470+0000][183][info ][gc          ] GC(15) Pause Young (Normal) (G1 Evacuation Pause) 126M->133M(1024M) 66.266ms
[2025-09-15T08:23:06.470+0000][183][info ][gc,cpu      ] GC(15) User=0.46s Sys=0.01s Real=0.07s
[2025-09-15T08:23:06.470+0000][183][info ][safepoint   ] Safepoint "G1CollectForAllocation", Time since last: 1939375 ns, Reaching safepoint: 20542 ns, Cleanup: 3583 ns, At safepoint: 66538792 ns, Total: 66562917 ns
[2025-09-15T08:23:06.624+0000][183][info ][safepoint   ] Safepoint "ICBufferFull", Time since last: 153682041 ns, Reaching safepoint: 14959 ns, Cleanup: 195791 ns, At safepoint: 17667 ns, Total: 228417 ns
[2025-09-15T08:23:06.724+0000][183][info ][safepoint   ] Safepoint "ICBufferFull", Time since last: 99220333 ns, Reaching safepoint: 27209 ns, Cleanup: 89916 ns, At safepoint: 16834 ns, Total: 133959 ns
[2025-09-15T08:23:06.813+0000][183][info ][safepoint   ] Safepoint "ICBufferFull", Time since last: 89288750 ns, Reaching safepoint: 6708 ns, Cleanup: 96417 ns, At safepoint: 11083 ns, Total: 114208 ns
[2025-09-15T08:23:06.923+0000][183][info ][safepoint   ] Safepoint "ICBufferFull", Time since last: 109426709 ns, Reaching safepoint: 6833 ns, Cleanup: 93708 ns, At safepoint: 16625 ns, Total: 117166 ns
[2025-09-15T08:23:07.038+0000][183][info ][safepoint   ] Safepoint "ICBufferFull", Time since last: 113884542 ns, Reaching safepoint: 700208 ns, Cleanup: 91459 ns, At safepoint: 967541 ns, Total: 1759208 ns
[2025-09-15T08:23:07.216+0000][183][info ][safepoint   ] Safepoint "ICBufferFull", Time since last: 177050917 ns, Reaching safepoint: 766542 ns, Cleanup: 160000 ns, At safepoint: 33458 ns, Total: 960000 ns
[2025-09-15T08:23:07.304+0000][183][info ][safepoint   ] Safepoint "ICBufferFull", Time since last: 87498125 ns, Reaching safepoint: 361042 ns, Cleanup: 135041 ns, At safepoint: 28209 ns, Total: 524292 ns
[2025-09-15T08:23:07.425+0000][183][info ][safepoint   ] Safepoint "ICBufferFull", Time since last: 119580666 ns, Reaching safepoint: 1410500 ns, Cleanup: 91709 ns, At safepoint: 19791 ns, Total: 1522000 ns
[2025-09-15T08:23:07.645+0000][183][info ][safepoint   ] Safepoint "ICBufferFull", Time since last: 219684001 ns, Reaching safepoint: 38458 ns, Cleanup: 142167 ns, At safepoint: 16625 ns, Total: 197250 ns
[2025-09-15T08:23:07.650+0000][183][info ][safepoint   ] Safepoint "ICBufferFull", Time since last: 3921041 ns, Reaching safepoint: 929834 ns, Cleanup: 9291 ns, At safepoint: 18584 ns, Total: 957709 ns
[2025-09-15T08:23:07.809+0000][183][info ][safepoint   ] Safepoint "ICBufferFull", Time since last: 158870708 ns, Reaching safepoint: 10958 ns, Cleanup: 162125 ns, At safepoint: 20792 ns, Total: 193875 ns
[2025-09-15T08:23:07.966+0000][183][info ][safepoint   ] Safepoint "ICBufferFull", Time since last: 156967250 ns, Reaching safepoint: 11208 ns, Cleanup: 98209 ns, At safepoint: 8250 ns, Total: 117667 ns
[2025-09-15T08:23:08.103+0000][183][info ][safepoint   ] Safepoint "ICBufferFull", Time since last: 136657666 ns, Reaching safepoint: 112542 ns, Cleanup: 89833 ns, At safepoint: 16334 ns, Total: 218709 ns
[2025-09-15T08:23:08.246+0000][183][info ][safepoint   ] Safepoint "ICBufferFull", Time since last: 142586625 ns, Reaching safepoint: 11250 ns, Cleanup: 124167 ns, At safepoint: 11625 ns, Total: 147042 ns
[2025-09-15T08:23:08.416+0000][183][info ][safepoint   ] Safepoint "ICBufferFull", Time since last: 169480000 ns, Reaching safepoint: 31708 ns, Cleanup: 115500 ns, At safepoint: 15875 ns, Total: 163083 ns
[2025-09-15T08:23:08.627+0000][183][info ][safepoint   ] Safepoint "ICBufferFull", Time since last: 211714167 ns, Reaching safepoint: 8666 ns, Cleanup: 78625 ns, At safepoint: 9709 ns, Total: 97000 ns
[2025-09-15T08:23:09.732+0000][183][info ][safepoint   ] Safepoint "Cleanup", Time since last: 1104925375 ns, Reaching safepoint: 10375 ns, Cleanup: 87834 ns, At safepoint: 6958 ns, Total: 105167 ns
[2025-09-15T08:23:10.733+0000][183][info ][safepoint   ] Safepoint "Cleanup", Time since last: 1000694250 ns, Reaching safepoint: 59542 ns, Cleanup: 14333 ns, At safepoint: 6333 ns, Total: 80208 ns
[2025-09-15T08:23:11.735+0000][183][info ][safepoint   ] Safepoint "Cleanup", Time since last: 1000983876 ns, Reaching safepoint: 120667 ns, Cleanup: 12541 ns, At safepoint: 6584 ns, Total: 139792 ns
[2025-09-15T08:23:12.735+0000][183][info ][safepoint   ] Safepoint "Cleanup", Time since last: 1000924792 ns, Reaching safepoint: 9666 ns, Cleanup: 9459 ns, At safepoint: 4916 ns, Total: 24041 ns
[2025-09-15T08:23:13.737+0000][183][info ][safepoint   ] Safepoint "Cleanup", Time since last: 1001898251 ns, Reaching safepoint: 33917 ns, Cleanup: 55750 ns, At safepoint: 19875 ns, Total: 109542 ns
[2025-09-15T08:23:14.742+0000][183][info ][safepoint   ] Safepoint "Cleanup", Time since last: 1000866833 ns, Reaching safepoint: 3937375 ns, Cleanup: 35584 ns, At safepoint: 13416 ns, Total: 3986375 ns
[2025-09-15T08:23:15.743+0000][183][info ][safepoint   ] Safepoint "Cleanup", Time since last: 1000993542 ns, Reaching safepoint: 14209 ns, Cleanup: 17125 ns, At safepoint: 4791 ns, Total: 36125 ns
[2025-09-15T08:23:16.744+0000][183][info ][safepoint   ] Safepoint "Cleanup", Time since last: 1000956334 ns, Reaching safepoint: 24042 ns, Cleanup: 26083 ns, At safepoint: 7417 ns, Total: 57542 ns
[2025-09-15T08:23:17.745+0000][183][info ][safepoint   ] Safepoint "Cleanup", Time since last: 1000930167 ns, Reaching safepoint: 23000 ns, Cleanup: 20042 ns, At safepoint: 5875 ns, Total: 48917 ns
[2025-09-15T08:23:18.566+0000][183][info ][safepoint   ] Safepoint "ICBufferFull", Time since last: 820492750 ns, Reaching safepoint: 10375 ns, Cleanup: 81833 ns, At safepoint: 11292 ns, Total: 103500 ns
[2025-09-15T08:23:18.600+0000][183][info ][safepoint   ] Safepoint "ICBufferFull", Time since last: 34383708 ns, Reaching safepoint: 9584 ns, Cleanup: 58083 ns, At safepoint: 11542 ns, Total: 79209 ns
[2025-09-15T08:23:18.662+0000][183][info ][safepoint   ] Safepoint "ICBufferFull", Time since last: 61681667 ns, Reaching safepoint: 33041 ns, Cleanup: 103417 ns, At safepoint: 21083 ns, Total: 157541 ns
[2025-09-15T08:23:19.399+0000][183][info ][safepoint   ] Safepoint "ICBufferFull", Time since last: 736345459 ns, Reaching safepoint: 682167 ns, Cleanup: 108458 ns, At safepoint: 13583 ns, Total: 804208 ns
[2025-09-15T08:23:19.414+0000][183][info ][safepoint   ] Safepoint "ICBufferFull", Time since last: 14318542 ns, Reaching safepoint: 562833 ns, Cleanup: 94709 ns, At safepoint: 14500 ns, Total: 672042 ns
[2025-09-15T08:23:19.573+0000][183][info ][safepoint   ] Safepoint "ICBufferFull", Time since last: 158800458 ns, Reaching safepoint: 9750 ns, Cleanup: 139792 ns, At safepoint: 9791 ns, Total: 159333 ns
[2025-09-15T08:23:19.687+0000][183][info ][safepoint   ] Safepoint "ICBufferFull", Time since last: 113818250 ns, Reaching safepoint: 6584 ns, Cleanup: 123708 ns, At safepoint: 2875 ns, Total: 133167 ns
[2025-09-15T08:23:20.511+0000][183][info ][safepoint   ] Safepoint "ICBufferFull", Time since last: 822524000 ns, Reaching safepoint: 563459 ns, Cleanup: 131458 ns, At safepoint: 32000 ns, Total: 726917 ns
[2025-09-15T08:23:20.512+0000][183][info ][safepoint   ] Safepoint "ICBufferFull", Time since last: 1306792 ns, Reaching safepoint: 444708 ns, Cleanup: 10042 ns, At safepoint: 21791 ns, Total: 476541 ns
[2025-09-15T08:23:20.553+0000][183][info ][gc,start    ] GC(16) Pause Young (Normal) (G1 Evacuation Pause)
[2025-09-15T08:23:20.553+0000][183][info ][gc,task     ] GC(16) Using 8 workers of 8 for evacuation
[2025-09-15T08:23:20.553+0000][183][debug][gc,age      ] GC(16) Desired survivor size 41943040 bytes, new threshold 15 (max threshold 15)
[2025-09-15T08:23:20.690+0000][183][info ][gc,phases   ] GC(16)   Pre Evacuate Collection Set: 0.44ms
[2025-09-15T08:23:20.690+0000][183][info ][gc,phases   ] GC(16)   Merge Heap Roots: 0.23ms
[2025-09-15T08:23:20.691+0000][183][info ][gc,phases   ] GC(16)   Evacuate Collection Set: 132.04ms
[2025-09-15T08:23:20.691+0000][183][info ][gc,phases   ] GC(16)   Post Evacuate Collection Set: 4.35ms
[2025-09-15T08:23:20.691+0000][183][info ][gc,phases   ] GC(16)   Other: 0.51ms
[2025-09-15T08:23:20.691+0000][183][trace][gc,age      ] GC(16) Age table with threshold 15 (max threshold 15)
[2025-09-15T08:23:20.691+0000][183][trace][gc,age      ] GC(16) - age   1:   19608384 bytes,   19608384 total
[2025-09-15T08:23:20.691+0000][183][trace][gc,age      ] GC(16) - age   2:      41344 bytes,   19649728 total
[2025-09-15T08:23:20.691+0000][183][info ][gc,heap     ] GC(16) Eden regions: 151->0(59)
[2025-09-15T08:23:20.691+0000][183][info ][gc,heap     ] GC(16) Survivor regions: 2->6(20)
[2025-09-15T08:23:20.691+0000][183][info ][gc,heap     ] GC(16) Old regions: 30->30
[2025-09-15T08:23:20.691+0000][183][info ][gc,heap     ] GC(16) Humongous regions: 2->2
[2025-09-15T08:23:20.691+0000][183][info ][gc,metaspace] GC(16) Metaspace: 149391K(153728K)->149391K(153728K) NonClass: 128220K(130624K)->128220K(130624K) Class: 21170K(23104K)->21170K(23104K)
[2025-09-15T08:23:20.691+0000][183][info ][gc          ] GC(16) Pause Young (Normal) (G1 Evacuation Pause) 737M->147M(1024M) 138.939ms
[2025-09-15T08:23:20.692+0000][183][info ][gc,cpu      ] GC(16) User=0.68s Sys=0.07s Real=0.14s
[2025-09-15T08:23:20.698+0000][183][info ][safepoint   ] Safepoint "G1CollectForAllocation", Time since last: 39785542 ns, Reaching safepoint: 157458 ns, Cleanup: 161834 ns, At safepoint: 145858666 ns, Total: 146177958 ns
[2025-09-15T08:23:20.792+0000][183][info ][safepoint   ] Safepoint "ICBufferFull", Time since last: 93680292 ns, Reaching safepoint: 27792 ns, Cleanup: 201792 ns, At safepoint: 32833 ns, Total: 262417 ns
[2025-09-15T08:23:20.954+0000][183][info ][safepoint   ] Safepoint "ICBufferFull", Time since last: 159452708 ns, Reaching safepoint: 1848542 ns, Cleanup: 100375 ns, At safepoint: 35458 ns, Total: 1984375 ns
[2025-09-15T08:23:21.036+0000][183][info ][safepoint   ] Safepoint "ICBufferFull", Time since last: 80349792 ns, Reaching safepoint: 1486000 ns, Cleanup: 122750 ns, At safepoint: 29042 ns, Total: 1637792 ns
[2025-09-15T08:23:21.244+0000][183][info ][safepoint   ] Safepoint "ICBufferFull", Time since last: 207621541 ns, Reaching safepoint: 1036292 ns, Cleanup: 106792 ns, At safepoint: 28291 ns, Total: 1171375 ns
[2025-09-15T08:23:21.352+0000][183][info ][safepoint   ] Safepoint "ICBufferFull", Time since last: 106433584 ns, Reaching safepoint: 422750 ns, Cleanup: 151416 ns, At safepoint: 29500 ns, Total: 603666 ns
[2025-09-15T08:23:21.445+0000][183][info ][safepoint   ] Safepoint "ICBufferFull", Time since last: 93460084 ns, Reaching safepoint: 396208 ns, Cleanup: 98500 ns, At safepoint: 12542 ns, Total: 507250 ns
[2025-09-15T08:23:21.565+0000][183][info ][safepoint   ] Safepoint "ICBufferFull", Time since last: 119159458 ns, Reaching safepoint: 9292 ns, Cleanup: 163250 ns, At safepoint: 12208 ns, Total: 184750 ns
[2025-09-15T08:23:21.653+0000][183][info ][gc,start    ] GC(17) Pause Young (Normal) (G1 Evacuation Pause)
[2025-09-15T08:23:21.654+0000][183][info ][gc,task     ] GC(17) Using 8 workers of 8 for evacuation
[2025-09-15T08:23:21.654+0000][183][debug][gc,age      ] GC(17) Desired survivor size 41943040 bytes, new threshold 15 (max threshold 15)
[2025-09-15T08:23:21.666+0000][183][info ][gc,phases   ] GC(17)   Pre Evacuate Collection Set: 0.33ms
[2025-09-15T08:23:21.667+0000][183][info ][gc,phases   ] GC(17)   Merge Heap Roots: 0.14ms
[2025-09-15T08:23:21.667+0000][183][info ][gc,phases   ] GC(17)   Evacuate Collection Set: 11.18ms
[2025-09-15T08:23:21.667+0000][183][info ][gc,phases   ] GC(17)   Post Evacuate Collection Set: 1.11ms
[2025-09-15T08:23:21.667+0000][183][info ][gc,phases   ] GC(17)   Other: 0.23ms
[2025-09-15T08:23:21.667+0000][183][trace][gc,age      ] GC(17) Age table with threshold 15 (max threshold 15)
[2025-09-15T08:23:21.667+0000][183][trace][gc,age      ] GC(17) - age   1:   11156256 bytes,   11156256 total
[2025-09-15T08:23:21.667+0000][183][trace][gc,age      ] GC(17) - age   2:   17844032 bytes,   29000288 total
[2025-09-15T08:23:21.667+0000][183][trace][gc,age      ] GC(17) - age   3:      41344 bytes,   29041632 total
[2025-09-15T08:23:21.667+0000][183][info ][gc,heap     ] GC(17) Eden regions: 147->0(144)
[2025-09-15T08:23:21.667+0000][183][info ][gc,heap     ] GC(17) Survivor regions: 6->8(20)
[2025-09-15T08:23:21.667+0000][183][info ][gc,heap     ] GC(17) Old regions: 30->30
[2025-09-15T08:23:21.667+0000][183][info ][gc,heap     ] GC(17) Humongous regions: 2->2
[2025-09-15T08:23:21.668+0000][183][info ][gc,metaspace] GC(17) Metaspace: 151557K(155904K)->151557K(155904K) NonClass: 130162K(132544K)->130162K(132544K) Class: 21394K(23360K)->21394K(23360K)
[2025-09-15T08:23:21.668+0000][183][info ][gc          ] GC(17) Pause Young (Normal) (G1 Evacuation Pause) 735M->157M(1024M) 14.163ms
[2025-09-15T08:23:21.668+0000][183][info ][gc,cpu      ] GC(17) User=0.06s Sys=0.00s Real=0.02s
[2025-09-15T08:23:21.668+0000][183][info ][safepoint   ] Safepoint "G1CollectForAllocation", Time since last: 88192667 ns, Reaching safepoint: 70750 ns, Cleanup: 279208 ns, At safepoint: 14346792 ns, Total: 14696750 ns
[2025-09-15T08:23:21.798+0000][183][info ][safepoint   ] Safepoint "ICBufferFull", Time since last: 129478667 ns, Reaching safepoint: 1118583 ns, Cleanup: 100125 ns, At safepoint: 22708 ns, Total: 1241416 ns
[2025-09-15T08:23:21.887+0000][183][info ][safepoint   ] Safepoint "ICBufferFull", Time since last: 88427750 ns, Reaching safepoint: 466417 ns, Cleanup: 126583 ns, At safepoint: 18542 ns, Total: 611542 ns
[2025-09-15T08:23:22.487+0000][183][info ][safepoint   ] Safepoint "ICBufferFull", Time since last: 599136792 ns, Reaching safepoint: 22375 ns, Cleanup: 123625 ns, At safepoint: 7417 ns, Total: 153417 ns
[2025-09-15T08:23:22.579+0000][183][info ][safepoint   ] Safepoint "ICBufferFull", Time since last: 91801666 ns, Reaching safepoint: 30667 ns, Cleanup: 188708 ns, At safepoint: 26167 ns, Total: 245542 ns
[2025-09-15T08:23:22.829+0000][183][info ][safepoint   ] Safepoint "ICBufferFull", Time since last: 250382917 ns, Reaching safepoint: 34583 ns, Cleanup: 109209 ns, At safepoint: 8625 ns, Total: 152417 ns
[2025-09-15T08:23:23.718+0000][183][info ][safepoint   ] Safepoint "ICBufferFull", Time since last: 888533042 ns, Reaching safepoint: 480625 ns, Cleanup: 68750 ns, At safepoint: 12833 ns, Total: 562208 ns
[2025-09-15T08:23:23.719+0000][183][info ][safepoint   ] Safepoint "ICBufferFull", Time since last: 194083 ns, Reaching safepoint: 816959 ns, Cleanup: 7000 ns, At safepoint: 14750 ns, Total: 838709 ns
[2025-09-15T08:23:23.722+0000][183][info ][safepoint   ] Safepoint "ICBufferFull", Time since last: 1990750 ns, Reaching safepoint: 34208 ns, Cleanup: 3875 ns, At safepoint: 18417 ns, Total: 56500 ns
[2025-09-15T08:23:23.737+0000][183][info ][gc,start    ] GC(18) Pause Young (Concurrent Start) (CodeCache GC Threshold)
[2025-09-15T08:23:23.737+0000][183][info ][gc,task     ] GC(18) Using 8 workers of 8 for evacuation
[2025-09-15T08:23:23.737+0000][183][debug][gc,age      ] GC(18) Desired survivor size 41943040 bytes, new threshold 15 (max threshold 15)
[2025-09-15T08:23:23.747+0000][183][info ][gc,phases   ] GC(18)   Pre Evacuate Collection Set: 0.26ms
[2025-09-15T08:23:23.748+0000][183][info ][gc,phases   ] GC(18)   Merge Heap Roots: 0.08ms
[2025-09-15T08:23:23.748+0000][183][info ][gc,phases   ] GC(18)   Evacuate Collection Set: 8.93ms
[2025-09-15T08:23:23.748+0000][183][info ][gc,phases   ] GC(18)   Post Evacuate Collection Set: 1.35ms
[2025-09-15T08:23:23.748+0000][183][info ][gc,phases   ] GC(18)   Other: 0.12ms
[2025-09-15T08:23:23.748+0000][183][trace][gc,age      ] GC(18) Age table with threshold 15 (max threshold 15)
[2025-09-15T08:23:23.748+0000][183][trace][gc,age      ] GC(18) - age   1:    4794848 bytes,    4794848 total
[2025-09-15T08:23:23.748+0000][183][trace][gc,age      ] GC(18) - age   2:    2451960 bytes,    7246808 total
[2025-09-15T08:23:23.748+0000][183][trace][gc,age      ] GC(18) - age   3:   17715960 bytes,   24962768 total
[2025-09-15T08:23:23.748+0000][183][trace][gc,age      ] GC(18) - age   4:      41344 bytes,   25004112 total
[2025-09-15T08:23:23.748+0000][183][info ][gc,heap     ] GC(18) Eden regions: 34->0(146)
[2025-09-15T08:23:23.748+0000][183][info ][gc,heap     ] GC(18) Survivor regions: 8->7(20)
[2025-09-15T08:23:23.748+0000][183][info ][gc,heap     ] GC(18) Old regions: 30->30
[2025-09-15T08:23:23.748+0000][183][info ][gc,heap     ] GC(18) Humongous regions: 2->2
[2025-09-15T08:23:23.748+0000][183][info ][gc,metaspace] GC(18) Metaspace: 152382K(156736K)->152382K(156736K) NonClass: 130912K(133312K)->130912K(133312K) Class: 21469K(23424K)->21469K(23424K)
[2025-09-15T08:23:23.748+0000][183][info ][gc          ] GC(18) Pause Young (Concurrent Start) (CodeCache GC Threshold) 291M->153M(1024M) 11.377ms
[2025-09-15T08:23:23.748+0000][183][info ][gc,cpu      ] GC(18) User=0.05s Sys=0.00s Real=0.01s
[2025-09-15T08:23:23.748+0000][183][info ][gc          ] GC(19) Concurrent Mark Cycle
[2025-09-15T08:23:23.748+0000][183][info ][gc,marking  ] GC(19) Concurrent Scan Root Regions
[2025-09-15T08:23:23.748+0000][183][info ][safepoint   ] Safepoint "G1TryInitiateConcMark", Time since last: 13733958 ns, Reaching safepoint: 1282042 ns, Cleanup: 18583 ns, At safepoint: 11557208 ns, Total: 12857833 ns
[2025-09-15T08:23:23.759+0000][183][info ][gc,marking  ] GC(19) Concurrent Scan Root Regions 10.541ms
[2025-09-15T08:23:23.761+0000][183][info ][gc,marking  ] GC(19) Concurrent Mark
[2025-09-15T08:23:23.761+0000][183][info ][gc,marking  ] GC(19) Concurrent Mark From Roots
[2025-09-15T08:23:23.761+0000][183][info ][gc,task     ] GC(19) Using 2 workers of 2 for marking
[2025-09-15T08:23:23.854+0000][183][info ][gc,marking  ] GC(19) Concurrent Mark From Roots 93.085ms
[2025-09-15T08:23:23.854+0000][183][info ][gc,marking  ] GC(19) Concurrent Preclean
[2025-09-15T08:23:23.854+0000][183][info ][gc,marking  ] GC(19) Concurrent Preclean 0.472ms
[2025-09-15T08:23:23.855+0000][183][info ][gc,start    ] GC(19) Pause Remark
[2025-09-15T08:23:23.900+0000][183][info ][gc          ] GC(19) Pause Remark 157M->157M(1024M) 45.262ms
[2025-09-15T08:23:23.900+0000][183][info ][gc,cpu      ] GC(19) User=0.26s Sys=0.01s Real=0.04s
[2025-09-15T08:23:23.900+0000][183][info ][safepoint   ] Safepoint "G1PauseRemark", Time since last: 106478292 ns, Reaching safepoint: 27583 ns, Cleanup: 108459 ns, At safepoint: 45424708 ns, Total: 45560750 ns
[2025-09-15T08:23:23.900+0000][183][info ][gc,marking  ] GC(19) Concurrent Mark 139.605ms
[2025-09-15T08:23:23.900+0000][183][info ][gc,marking  ] GC(19) Concurrent Rebuild Remembered Sets and Scrub Regions
[2025-09-15T08:23:23.921+0000][183][info ][gc,marking  ] GC(19) Concurrent Rebuild Remembered Sets and Scrub Regions 20.981ms
[2025-09-15T08:23:23.922+0000][183][info ][gc,start    ] GC(19) Pause Cleanup
[2025-09-15T08:23:23.922+0000][183][info ][gc          ] GC(19) Pause Cleanup 157M->157M(1024M) 0.105ms
[2025-09-15T08:23:23.922+0000][183][info ][gc,cpu      ] GC(19) User=0.00s Sys=0.00s Real=0.00s
[2025-09-15T08:23:23.922+0000][183][info ][safepoint   ] Safepoint "G1PauseCleanup", Time since last: 21294750 ns, Reaching safepoint: 10000 ns, Cleanup: 12750 ns, At safepoint: 246208 ns, Total: 268958 ns
[2025-09-15T08:23:23.922+0000][183][info ][gc,marking  ] GC(19) Concurrent Clear Claimed Marks
[2025-09-15T08:23:23.922+0000][183][info ][gc,marking  ] GC(19) Concurrent Clear Claimed Marks 0.403ms
[2025-09-15T08:23:23.922+0000][183][info ][gc,marking  ] GC(19) Concurrent Cleanup for Next Mark
[2025-09-15T08:23:23.924+0000][183][info ][gc,marking  ] GC(19) Concurrent Cleanup for Next Mark 2.241ms
[2025-09-15T08:23:23.925+0000][183][info ][gc          ] GC(19) Concurrent Mark Cycle 176.512ms
[2025-09-15T08:23:24.776+0000][183][info ][safepoint   ] Safepoint "ICBufferFull", Time since last: 854421292 ns, Reaching safepoint: 10042 ns, Cleanup: 84833 ns, At safepoint: 9500 ns, Total: 104375 ns
[2025-09-15T08:23:25.955+0000][183][info ][safepoint   ] Safepoint "Cleanup", Time since last: 1178422584 ns, Reaching safepoint: 19209 ns, Cleanup: 58750 ns, At safepoint: 7750 ns, Total: 85709 ns
[2025-09-15T08:23:26.988+0000][183][info ][safepoint   ] Safepoint "Cleanup", Time since last: 1032844542 ns, Reaching safepoint: 70708 ns, Cleanup: 79833 ns, At safepoint: 23834 ns, Total: 174375 ns
[2025-09-15T08:23:27.989+0000][183][info ][safepoint   ] Safepoint "Cleanup", Time since last: 1000799834 ns, Reaching safepoint: 15291 ns, Cleanup: 40334 ns, At safepoint: 7875 ns, Total: 63500 ns
[2025-09-15T08:23:28.990+0000][183][info ][safepoint   ] Safepoint "Cleanup", Time since last: 1000817542 ns, Reaching safepoint: 49500 ns, Cleanup: 116875 ns, At safepoint: 13375 ns, Total: 179750 ns
[2025-09-15T08:23:29.471+0000][183][info ][safepoint   ] Safepoint "ICBufferFull", Time since last: 481079583 ns, Reaching safepoint: 5875 ns, Cleanup: 93375 ns, At safepoint: 5917 ns, Total: 105167 ns
[2025-09-15T08:23:31.472+0000][183][info ][safepoint   ] Safepoint "Cleanup", Time since last: 2000642834 ns, Reaching safepoint: 99209 ns, Cleanup: 246208 ns, At safepoint: 22708 ns, Total: 368125 ns
[2025-09-15T08:23:33.476+0000][183][info ][safepoint   ] Safepoint "Cleanup", Time since last: 2004285960 ns, Reaching safepoint: 86958 ns, Cleanup: 21583 ns, At safepoint: 17542 ns, Total: 126083 ns
[2025-09-15T08:23:34.481+0000][183][info ][safepoint   ] Safepoint "Cleanup", Time since last: 1004738917 ns, Reaching safepoint: 198750 ns, Cleanup: 152375 ns, At safepoint: 29000 ns, Total: 380125 ns
[2025-09-15T08:23:35.483+0000][183][info ][safepoint   ] Safepoint "Cleanup", Time since last: 1000988959 ns, Reaching safepoint: 22958 ns, Cleanup: 133375 ns, At safepoint: 16875 ns, Total: 173208 ns
[2025-09-15T08:23:36.484+0000][183][info ][safepoint   ] Safepoint "Cleanup", Time since last: 1001509959 ns, Reaching safepoint: 70958 ns, Cleanup: 87375 ns, At safepoint: 19334 ns, Total: 177667 ns
[2025-09-15T08:23:37.486+0000][183][info ][safepoint   ] Safepoint "Cleanup", Time since last: 1001365250 ns, Reaching safepoint: 40375 ns, Cleanup: 69500 ns, At safepoint: 12833 ns, Total: 122708 ns
[2025-09-15T08:23:38.487+0000][183][info ][safepoint   ] Safepoint "Cleanup", Time since last: 1000850959 ns, Reaching safepoint: 13084 ns, Cleanup: 43416 ns, At safepoint: 6125 ns, Total: 62625 ns
[2025-09-15T08:23:39.488+0000][183][info ][safepoint   ] Safepoint "Cleanup", Time since last: 1000998334 ns, Reaching safepoint: 85917 ns, Cleanup: 104583 ns, At safepoint: 18958 ns, Total: 209458 ns
[2025-09-15T08:23:40.489+0000][183][info ][safepoint   ] Safepoint "Cleanup", Time since last: 1000886875 ns, Reaching safepoint: 17042 ns, Cleanup: 35167 ns, At safepoint: 4291 ns, Total: 56500 ns
[2025-09-15T08:23:41.491+0000][183][info ][safepoint   ] Safepoint "Cleanup", Time since last: 1001307126 ns, Reaching safepoint: 100541 ns, Cleanup: 71709 ns, At safepoint: 21875 ns, Total: 194125 ns
[2025-09-15T08:23:43.493+0000][183][info ][safepoint   ] Safepoint "Cleanup", Time since last: 2002461792 ns, Reaching safepoint: 25042 ns, Cleanup: 64417 ns, At safepoint: 20791 ns, Total: 110250 ns
[2025-09-15T08:23:44.494+0000][183][info ][safepoint   ] Safepoint "Cleanup", Time since last: 1000791834 ns, Reaching safepoint: 80584 ns, Cleanup: 98083 ns, At safepoint: 17542 ns, Total: 196209 ns
[2025-09-15T08:23:45.495+0000][183][info ][safepoint   ] Safepoint "Cleanup", Time since last: 1000620750 ns, Reaching safepoint: 153875 ns, Cleanup: 111667 ns, At safepoint: 18958 ns, Total: 284500 ns
[2025-09-15T08:23:46.497+0000][183][info ][safepoint   ] Safepoint "Cleanup", Time since last: 1001814792 ns, Reaching safepoint: 17292 ns, Cleanup: 73416 ns, At safepoint: 11750 ns, Total: 102458 ns
[2025-09-15T08:23:48.499+0000][183][info ][safepoint   ] Safepoint "Cleanup", Time since last: 2002087626 ns, Reaching safepoint: 13625 ns, Cleanup: 32625 ns, At safepoint: 5000 ns, Total: 51250 ns
[2025-09-15T08:23:49.500+0000][183][info ][safepoint   ] Safepoint "Cleanup", Time since last: 1000702834 ns, Reaching safepoint: 118500 ns, Cleanup: 118917 ns, At safepoint: 24417 ns, Total: 261834 ns
[2025-09-15T08:23:50.501+0000][183][info ][safepoint   ] Safepoint "Cleanup", Time since last: 1000891458 ns, Reaching safepoint: 35500 ns, Cleanup: 11375 ns, At safepoint: 7417 ns, Total: 54292 ns
[2025-09-15T08:23:51.502+0000][183][info ][safepoint   ] Safepoint "Cleanup", Time since last: 1000799792 ns, Reaching safepoint: 103917 ns, Cleanup: 57292 ns, At safepoint: 14791 ns, Total: 176000 ns
[2025-09-15T08:23:52.504+0000][183][info ][safepoint   ] Safepoint "Cleanup", Time since last: 1002201626 ns, Reaching safepoint: 84208 ns, Cleanup: 63208 ns, At safepoint: 16667 ns, Total: 164083 ns
[2025-09-15T08:23:53.506+0000][183][info ][safepoint   ] Safepoint "Cleanup", Time since last: 1001649459 ns, Reaching safepoint: 58500 ns, Cleanup: 45166 ns, At safepoint: 13375 ns, Total: 117041 ns
[2025-09-15T08:23:54.819+0000][183][info ][safepoint   ] Safepoint "Cleanup", Time since last: 1312580709 ns, Reaching safepoint: 91000 ns, Cleanup: 119542 ns, At safepoint: 9792 ns, Total: 220334 ns
[2025-09-15T08:23:56.820+0000][183][info ][safepoint   ] Safepoint "Cleanup", Time since last: 2000766001 ns, Reaching safepoint: 372916 ns, Cleanup: 15667 ns, At safepoint: 8833 ns, Total: 397416 ns
[2025-09-15T08:23:57.822+0000][183][info ][safepoint   ] Safepoint "Cleanup", Time since last: 1001297501 ns, Reaching safepoint: 136833 ns, Cleanup: 69084 ns, At safepoint: 458583 ns, Total: 664500 ns
[2025-09-15T08:23:58.823+0000][183][info ][safepoint   ] Safepoint "Cleanup", Time since last: 1000598459 ns, Reaching safepoint: 26166 ns, Cleanup: 28084 ns, At safepoint: 8000 ns, Total: 62250 ns
[2025-09-15T08:23:59.824+0000][183][info ][safepoint   ] Safepoint "Cleanup", Time since last: 1000995959 ns, Reaching safepoint: 52416 ns, Cleanup: 24250 ns, At safepoint: 7584 ns, Total: 84250 ns
[2025-09-15T08:24:00.825+0000][183][info ][safepoint   ] Safepoint "Cleanup", Time since last: 1001575375 ns, Reaching safepoint: 28333 ns, Cleanup: 33834 ns, At safepoint: 9541 ns, Total: 71708 ns
[2025-09-15T08:24:01.826+0000][183][info ][safepoint   ] Safepoint "Cleanup", Time since last: 1000296626 ns, Reaching safepoint: 155291 ns, Cleanup: 22709 ns, At safepoint: 12458 ns, Total: 190458 ns
[2025-09-15T08:24:03.828+0000][183][info ][safepoint   ] Safepoint "Cleanup", Time since last: 2001889876 ns, Reaching safepoint: 58042 ns, Cleanup: 38958 ns, At safepoint: 18083 ns, Total: 115083 ns
[2025-09-15T08:24:04.831+0000][183][info ][safepoint   ] Safepoint "Cleanup", Time since last: 1001961376 ns, Reaching safepoint: 975750 ns, Cleanup: 93292 ns, At safepoint: 54708 ns, Total: 1123750 ns
[2025-09-15T08:24:05.833+0000][183][info ][safepoint   ] Safepoint "Cleanup", Time since last: 1001740042 ns, Reaching safepoint: 18083 ns, Cleanup: 28000 ns, At safepoint: 15584 ns, Total: 61667 ns
[2025-09-15T08:24:06.833+0000][183][info ][safepoint   ] Safepoint "Cleanup", Time since last: 1000352834 ns, Reaching safepoint: 13750 ns, Cleanup: 45416 ns, At safepoint: 4500 ns, Total: 63666 ns
[2025-09-15T08:24:08.835+0000][183][info ][safepoint   ] Safepoint "Cleanup", Time since last: 2001459709 ns, Reaching safepoint: 21750 ns, Cleanup: 22917 ns, At safepoint: 7167 ns, Total: 51834 ns
[2025-09-15T08:24:09.836+0000][183][info ][safepoint   ] Safepoint "Cleanup", Time since last: 1001033084 ns, Reaching safepoint: 32291 ns, Cleanup: 28792 ns, At safepoint: 5750 ns, Total: 66833 ns
[2025-09-15T08:24:12.839+0000][183][info ][safepoint   ] Safepoint "Cleanup", Time since last: 3002956167 ns, Reaching safepoint: 55292 ns, Cleanup: 19916 ns, At safepoint: 7834 ns, Total: 83042 ns
[2025-09-15T08:24:13.840+0000][183][info ][safepoint   ] Safepoint "Cleanup", Time since last: 1001009417 ns, Reaching safepoint: 24542 ns, Cleanup: 125958 ns, At safepoint: 7458 ns, Total: 157958 ns
[2025-09-15T08:24:14.843+0000][183][info ][safepoint   ] Safepoint "Cleanup", Time since last: 1001754459 ns, Reaching safepoint: 380875 ns, Cleanup: 90375 ns, At safepoint: 23625 ns, Total: 494875 ns
[2025-09-15T08:24:15.844+0000][183][info ][safepoint   ] Safepoint "Cleanup", Time since last: 1001394334 ns, Reaching safepoint: 19417 ns, Cleanup: 21083 ns, At safepoint: 6583 ns, Total: 47083 ns
[2025-09-15T08:24:16.845+0000][183][info ][safepoint   ] Safepoint "Cleanup", Time since last: 1001232917 ns, Reaching safepoint: 27375 ns, Cleanup: 10125 ns, At safepoint: 4334 ns, Total: 41834 ns
[2025-09-15T08:24:18.766+0000][183][info ][safepoint   ] Safepoint "Cleanup", Time since last: 1920049209 ns, Reaching safepoint: 683250 ns, Cleanup: 52250 ns, At safepoint: 8917 ns, Total: 744417 ns
[2025-09-15T08:24:19.781+0000][183][info ][safepoint   ] Safepoint "Cleanup", Time since last: 1015040167 ns, Reaching safepoint: 44416 ns, Cleanup: 128292 ns, At safepoint: 10792 ns, Total: 183500 ns
[2025-09-15T08:24:20.782+0000][183][info ][safepoint   ] Safepoint "Cleanup", Time since last: 1000684959 ns, Reaching safepoint: 15250 ns, Cleanup: 76291 ns, At safepoint: 5875 ns, Total: 97416 ns
[2025-09-15T08:24:21.782+0000][183][info ][safepoint   ] Safepoint "Cleanup", Time since last: 1000197376 ns, Reaching safepoint: 3125 ns, Cleanup: 60083 ns, At safepoint: 4458 ns, Total: 67666 ns
[2025-09-15T08:24:21.897+0000][183][info ][safepoint   ] Safepoint "ICBufferFull", Time since last: 113616084 ns, Reaching safepoint: 1144541 ns, Cleanup: 140125 ns, At safepoint: 21084 ns, Total: 1305750 ns
[2025-09-15T08:24:23.133+0000][183][info ][safepoint   ] Safepoint "Cleanup", Time since last: 1235028292 ns, Reaching safepoint: 47208 ns, Cleanup: 237584 ns, At safepoint: 26041 ns, Total: 310833 ns
[2025-09-15T08:24:24.135+0000][183][info ][safepoint   ] Safepoint "Cleanup", Time since last: 1001865001 ns, Reaching safepoint: 42666 ns, Cleanup: 42834 ns, At safepoint: 10541 ns, Total: 96041 ns
[2025-09-15T08:24:25.135+0000][183][info ][safepoint   ] Safepoint "Cleanup", Time since last: 1000508459 ns, Reaching safepoint: 100584 ns, Cleanup: 21000 ns, At safepoint: 11541 ns, Total: 133125 ns
[2025-09-15T08:24:27.137+0000][183][info ][safepoint   ] Safepoint "Cleanup", Time since last: 2001959251 ns, Reaching safepoint: 78750 ns, Cleanup: 30959 ns, At safepoint: 17750 ns, Total: 127459 ns
[2025-09-15T08:24:28.138+0000][183][info ][safepoint   ] Safepoint "Cleanup", Time since last: 1000896917 ns, Reaching safepoint: 106500 ns, Cleanup: 39708 ns, At safepoint: 29375 ns, Total: 175583 ns
[2025-09-15T08:24:31.141+0000][183][info ][safepoint   ] Safepoint "Cleanup", Time since last: 3002645460 ns, Reaching safepoint: 99833 ns, Cleanup: 55583 ns, At safepoint: 21417 ns, Total: 176833 ns
[2025-09-15T08:24:34.145+0000][183][info ][safepoint   ] Safepoint "Cleanup", Time since last: 3004021043 ns, Reaching safepoint: 59167 ns, Cleanup: 91250 ns, At safepoint: 13250 ns, Total: 163667 ns
[2025-09-15T08:24:36.147+0000][183][info ][safepoint   ] Safepoint "Cleanup", Time since last: 2001730084 ns, Reaching safepoint: 161209 ns, Cleanup: 62083 ns, At safepoint: 33667 ns, Total: 256959 ns
[2025-09-15T08:24:37.149+0000][183][info ][safepoint   ] Safepoint "Cleanup", Time since last: 1001037333 ns, Reaching safepoint: 85667 ns, Cleanup: 189833 ns, At safepoint: 22292 ns, Total: 297792 ns
[2025-09-15T08:24:39.152+0000][183][info ][safepoint   ] Safepoint "Cleanup", Time since last: 2002764584 ns, Reaching safepoint: 19167 ns, Cleanup: 42500 ns, At safepoint: 6458 ns, Total: 68125 ns
[2025-09-15T08:24:40.152+0000][183][info ][safepoint   ] Safepoint "Cleanup", Time since last: 1000670292 ns, Reaching safepoint: 37709 ns, Cleanup: 28333 ns, At safepoint: 7083 ns, Total: 73125 ns
[2025-09-15T08:24:41.154+0000][183][info ][safepoint   ] Safepoint "Cleanup", Time since last: 1001401125 ns, Reaching safepoint: 47875 ns, Cleanup: 117417 ns, At safepoint: 23541 ns, Total: 188833 ns
[2025-09-15T08:24:43.157+0000][183][info ][safepoint   ] Safepoint "Cleanup", Time since last: 2002582418 ns, Reaching safepoint: 13292 ns, Cleanup: 16250 ns, At safepoint: 6250 ns, Total: 35792 ns
[2025-09-15T08:24:44.159+0000][183][info ][safepoint   ] Safepoint "Cleanup", Time since last: 1001488208 ns, Reaching safepoint: 19209 ns, Cleanup: 64625 ns, At safepoint: 6083 ns, Total: 89917 ns
[2025-09-15T08:24:46.161+0000][183][info ][safepoint   ] Safepoint "Cleanup", Time since last: 2002086793 ns, Reaching safepoint: 41083 ns, Cleanup: 19875 ns, At safepoint: 10917 ns, Total: 71875 ns
[2025-09-15T08:24:48.163+0000][183][info ][safepoint   ] Safepoint "Cleanup", Time since last: 2002553959 ns, Reaching safepoint: 29083 ns, Cleanup: 23292 ns, At safepoint: 8958 ns, Total: 61333 ns
[2025-09-15T08:24:49.165+0000][183][info ][safepoint   ] Safepoint "Cleanup", Time since last: 1001091167 ns, Reaching safepoint: 19334 ns, Cleanup: 26041 ns, At safepoint: 6709 ns, Total: 52084 ns
[2025-09-15T08:24:51.167+0000][183][info ][safepoint   ] Safepoint "Cleanup", Time since last: 2002042542 ns, Reaching safepoint: 86209 ns, Cleanup: 39833 ns, At safepoint: 14833 ns, Total: 140875 ns
[2025-09-15T08:24:52.168+0000][183][info ][safepoint   ] Safepoint "Cleanup", Time since last: 1000964459 ns, Reaching safepoint: 148292 ns, Cleanup: 50167 ns, At safepoint: 24833 ns, Total: 223292 ns
[2025-09-15T08:24:53.177+0000][183][info ][safepoint   ] Safepoint "Cleanup", Time since last: 1002950292 ns, Reaching safepoint: 5761375 ns, Cleanup: 36083 ns, At safepoint: 48375 ns, Total: 5845833 ns
[2025-09-15T08:24:54.974+0000][183][info ][safepoint   ] Safepoint "Cleanup", Time since last: 1797202001 ns, Reaching safepoint: 69042 ns, Cleanup: 90333 ns, At safepoint: 19834 ns, Total: 179209 ns
[2025-09-15T08:24:56.977+0000][183][info ][safepoint   ] Safepoint "Cleanup", Time since last: 2002671959 ns, Reaching safepoint: 131125 ns, Cleanup: 19666 ns, At safepoint: 12584 ns, Total: 163375 ns
[2025-09-15T08:24:57.978+0000][183][info ][safepoint   ] Safepoint "Cleanup", Time since last: 1001211667 ns, Reaching safepoint: 52917 ns, Cleanup: 49750 ns, At safepoint: 13125 ns, Total: 115792 ns
[2025-09-15T08:24:58.980+0000][183][info ][safepoint   ] Safepoint "Cleanup", Time since last: 1002013625 ns, Reaching safepoint: 26125 ns, Cleanup: 64208 ns, At safepoint: 8750 ns, Total: 99083 ns
[2025-09-15T08:24:59.982+0000][183][info ][safepoint   ] Safepoint "Cleanup", Time since last: 1001443126 ns, Reaching safepoint: 111250 ns, Cleanup: 77667 ns, At safepoint: 14958 ns, Total: 203875 ns
[2025-09-15T08:25:00.984+0000][183][info ][safepoint   ] Safepoint "Cleanup", Time since last: 1001536292 ns, Reaching safepoint: 43208 ns, Cleanup: 74250 ns, At safepoint: 10834 ns, Total: 128292 ns
[2025-09-15T08:25:01.985+0000][183][info ][safepoint   ] Safepoint "Cleanup", Time since last: 1001099750 ns, Reaching safepoint: 53209 ns, Cleanup: 19958 ns, At safepoint: 11667 ns, Total: 84834 ns
[2025-09-15T08:25:03.987+0000][183][info ][safepoint   ] Safepoint "Cleanup", Time since last: 2001884375 ns, Reaching safepoint: 114500 ns, Cleanup: 207459 ns, At safepoint: 27375 ns, Total: 349334 ns
[2025-09-15T08:25:04.989+0000][183][info ][safepoint   ] Safepoint "Cleanup", Time since last: 1001590209 ns, Reaching safepoint: 61708 ns, Cleanup: 28958 ns, At safepoint: 13000 ns, Total: 103666 ns
[2025-09-15T08:25:05.990+0000][183][info ][safepoint   ] Safepoint "Cleanup", Time since last: 1000938959 ns, Reaching safepoint: 169708 ns, Cleanup: 86125 ns, At safepoint: 29959 ns, Total: 285792 ns
[2025-09-15T08:25:06.992+0000][183][info ][safepoint   ] Safepoint "Cleanup", Time since last: 1001497667 ns, Reaching safepoint: 26208 ns, Cleanup: 21917 ns, At safepoint: 12250 ns, Total: 60375 ns
[2025-09-15T08:25:08.003+0000][183][info ][safepoint   ] Safepoint "Cleanup", Time since last: 1007053792 ns, Reaching safepoint: 19292 ns, Cleanup: 4065000 ns, At safepoint: 15250 ns, Total: 4099542 ns
[2025-09-15T08:25:09.005+0000][183][info ][safepoint   ] Safepoint "Cleanup", Time since last: 1001777459 ns, Reaching safepoint: 22541 ns, Cleanup: 37709 ns, At safepoint: 9583 ns, Total: 69833 ns
[2025-09-15T08:25:10.006+0000][183][info ][safepoint   ] Safepoint "Cleanup", Time since last: 1001032625 ns, Reaching safepoint: 116750 ns, Cleanup: 116125 ns, At safepoint: 20584 ns, Total: 253459 ns
[2025-09-15T08:25:11.007+0000][183][info ][safepoint   ] Safepoint "Cleanup", Time since last: 1001272542 ns, Reaching safepoint: 152208 ns, Cleanup: 29833 ns, At safepoint: 17959 ns, Total: 200000 ns
[2025-09-15T08:25:12.197+0000][183][info ][safepoint   ] Safepoint "Cleanup", Time since last: 1189724583 ns, Reaching safepoint: 6625 ns, Cleanup: 94125 ns, At safepoint: 9667 ns, Total: 110417 ns
[2025-09-15T08:25:13.226+0000][183][info ][safepoint   ] Safepoint "ICBufferFull", Time since last: 1028567501 ns, Reaching safepoint: 11000 ns, Cleanup: 120666 ns, At safepoint: 6667 ns, Total: 138333 ns
[2025-09-15T08:25:13.742+0000][183][info ][safepoint   ] Safepoint "ICBufferFull", Time since last: 516118375 ns, Reaching safepoint: 10375 ns, Cleanup: 92250 ns, At safepoint: 8875 ns, Total: 111500 ns
[2025-09-15T08:25:14.743+0000][183][info ][safepoint   ] Safepoint "Cleanup", Time since last: 1000613584 ns, Reaching safepoint: 4042 ns, Cleanup: 75375 ns, At safepoint: 9291 ns, Total: 88708 ns
[2025-09-15T08:25:15.762+0000][183][info ][safepoint   ] Safepoint "Cleanup", Time since last: 1018906626 ns, Reaching safepoint: 936041 ns, Cleanup: 55000 ns, At safepoint: 36625 ns, Total: 1027666 ns
[2025-09-15T08:25:16.763+0000][183][info ][safepoint   ] Safepoint "Cleanup", Time since last: 1000799084 ns, Reaching safepoint: 15459 ns, Cleanup: 32625 ns, At safepoint: 41333 ns, Total: 89417 ns
[2025-09-15T08:25:17.765+0000][183][info ][safepoint   ] Safepoint "Cleanup", Time since last: 1001084959 ns, Reaching safepoint: 89958 ns, Cleanup: 299417 ns, At safepoint: 14041 ns, Total: 403416 ns
[2025-09-15T08:25:18.766+0000][183][info ][safepoint   ] Safepoint "Cleanup", Time since last: 1001479793 ns, Reaching safepoint: 29000 ns, Cleanup: 61791 ns, At safepoint: 8834 ns, Total: 99625 ns
[2025-09-15T08:25:19.768+0000][183][info ][safepoint   ] Safepoint "Cleanup", Time since last: 1001002250 ns, Reaching safepoint: 132375 ns, Cleanup: 256333 ns, At safepoint: 48750 ns, Total: 437458 ns
[2025-09-15T08:25:20.770+0000][183][info ][safepoint   ] Safepoint "Cleanup", Time since last: 1001588501 ns, Reaching safepoint: 92208 ns, Cleanup: 179000 ns, At safepoint: 15459 ns, Total: 286667 ns
[2025-09-15T08:25:21.771+0000][183][info ][safepoint   ] Safepoint "Cleanup", Time since last: 1001635708 ns, Reaching safepoint: 38667 ns, Cleanup: 53625 ns, At safepoint: 9792 ns, Total: 102084 ns
[2025-09-15T08:25:22.773+0000][183][info ][safepoint   ] Safepoint "Cleanup", Time since last: 1001112167 ns, Reaching safepoint: 108750 ns, Cleanup: 33333 ns, At safepoint: 15458 ns, Total: 157541 ns
[2025-09-15T08:25:23.774+0000][183][info ][safepoint   ] Safepoint "Cleanup", Time since last: 1000827918 ns, Reaching safepoint: 14583 ns, Cleanup: 42792 ns, At safepoint: 6333 ns, Total: 63708 ns
[2025-09-15T08:25:24.787+0000][183][info ][safepoint   ] Safepoint "Cleanup", Time since last: 1013446667 ns, Reaching safepoint: 111083 ns, Cleanup: 55334 ns, At safepoint: 8625 ns, Total: 175042 ns
[2025-09-15T08:25:26.323+0000][183][info ][safepoint   ] Safepoint "Cleanup", Time since last: 1534929167 ns, Reaching safepoint: 215208 ns, Cleanup: 185667 ns, At safepoint: 35375 ns, Total: 436250 ns
[2025-09-15T08:25:28.328+0000][183][info ][safepoint   ] Safepoint "Cleanup", Time since last: 2003516959 ns, Reaching safepoint: 1312750 ns, Cleanup: 78709 ns, At safepoint: 44750 ns, Total: 1436209 ns
[2025-09-15T08:25:29.329+0000][183][info ][safepoint   ] Safepoint "Cleanup", Time since last: 1001124334 ns, Reaching safepoint: 208000 ns, Cleanup: 60416 ns, At safepoint: 22375 ns, Total: 290791 ns
[2025-09-15T08:25:31.332+0000][183][info ][safepoint   ] Safepoint "Cleanup", Time since last: 2002584376 ns, Reaching safepoint: 66417 ns, Cleanup: 115042 ns, At safepoint: 51625 ns, Total: 233084 ns
[2025-09-15T08:25:33.336+0000][183][info ][safepoint   ] Safepoint "Cleanup", Time since last: 2002676042 ns, Reaching safepoint: 904834 ns, Cleanup: 48791 ns, At safepoint: 131375 ns, Total: 1085000 ns
[2025-09-15T08:25:34.337+0000][183][info ][safepoint   ] Safepoint "Cleanup", Time since last: 1000837834 ns, Reaching safepoint: 113875 ns, Cleanup: 166125 ns, At safepoint: 39958 ns, Total: 319958 ns
[2025-09-15T08:25:35.338+0000][183][info ][safepoint   ] Safepoint "Cleanup", Time since last: 1001651084 ns, Reaching safepoint: 44042 ns, Cleanup: 27625 ns, At safepoint: 9291 ns, Total: 80958 ns
[2025-09-15T08:25:36.340+0000][183][info ][safepoint   ] Safepoint "Cleanup", Time since last: 1001045459 ns, Reaching safepoint: 52542 ns, Cleanup: 75417 ns, At safepoint: 12125 ns, Total: 140084 ns
[2025-09-15T08:25:37.341+0000][183][info ][safepoint   ] Safepoint "Cleanup", Time since last: 1000891208 ns, Reaching safepoint: 115000 ns, Cleanup: 73667 ns, At safepoint: 24750 ns, Total: 213417 ns
[2025-09-15T08:25:38.342+0000][183][info ][safepoint   ] Safepoint "Cleanup", Time since last: 1001548667 ns, Reaching safepoint: 83875 ns, Cleanup: 65709 ns, At safepoint: 23583 ns, Total: 173167 ns
[2025-09-15T08:25:39.344+0000][183][info ][safepoint   ] Safepoint "Cleanup", Time since last: 1001244625 ns, Reaching safepoint: 23500 ns, Cleanup: 41875 ns, At safepoint: 9167 ns, Total: 74542 ns
[2025-09-15T08:25:40.345+0000][183][info ][safepoint   ] Safepoint "Cleanup", Time since last: 1000608291 ns, Reaching safepoint: 66709 ns, Cleanup: 33833 ns, At safepoint: 19750 ns, Total: 120292 ns
[2025-09-15T08:25:44.348+0000][183][info ][safepoint   ] Safepoint "Cleanup", Time since last: 4003394543 ns, Reaching safepoint: 378209 ns, Cleanup: 51500 ns, At safepoint: 28541 ns, Total: 458250 ns
[2025-09-15T08:25:46.352+0000][183][info ][safepoint   ] Safepoint "Cleanup", Time since last: 2003444126 ns, Reaching safepoint: 93375 ns, Cleanup: 102125 ns, At safepoint: 16125 ns, Total: 211625 ns
[2025-09-15T08:25:48.355+0000][183][info ][safepoint   ] Safepoint "Cleanup", Time since last: 2002329501 ns, Reaching safepoint: 177709 ns, Cleanup: 66916 ns, At safepoint: 23750 ns, Total: 268375 ns
[2025-09-15T08:25:49.357+0000][183][info ][safepoint   ] Safepoint "Cleanup", Time since last: 1001905959 ns, Reaching safepoint: 41709 ns, Cleanup: 42833 ns, At safepoint: 12708 ns, Total: 97250 ns
[2025-09-15T08:25:51.359+0000][183][info ][safepoint   ] Safepoint "Cleanup", Time since last: 2001737126 ns, Reaching safepoint: 115125 ns, Cleanup: 77708 ns, At safepoint: 20417 ns, Total: 213250 ns
[2025-09-15T08:25:52.362+0000][183][info ][safepoint   ] Safepoint "Cleanup", Time since last: 1003433084 ns, Reaching safepoint: 126417 ns, Cleanup: 192333 ns, At safepoint: 24792 ns, Total: 343542 ns
[2025-09-15T08:25:54.120+0000][183][info ][safepoint   ] Safepoint "Cleanup", Time since last: 1757784209 ns, Reaching safepoint: 10541 ns, Cleanup: 85667 ns, At safepoint: 21917 ns, Total: 118125 ns
[2025-09-15T08:25:55.122+0000][183][info ][safepoint   ] Safepoint "Cleanup", Time since last: 1001394959 ns, Reaching safepoint: 92416 ns, Cleanup: 132417 ns, At safepoint: 25875 ns, Total: 250708 ns
[2025-09-15T08:25:58.128+0000][183][info ][safepoint   ] Safepoint "Cleanup", Time since last: 3005767960 ns, Reaching safepoint: 326083 ns, Cleanup: 53708 ns, At safepoint: 27084 ns, Total: 406875 ns
[2025-09-15T08:25:59.130+0000][183][info ][safepoint   ] Safepoint "Cleanup", Time since last: 1001785792 ns, Reaching safepoint: 31583 ns, Cleanup: 26334 ns, At safepoint: 17333 ns, Total: 75250 ns
[2025-09-15T08:26:01.131+0000][183][info ][safepoint   ] Safepoint "Cleanup", Time since last: 2001092584 ns, Reaching safepoint: 22417 ns, Cleanup: 38875 ns, At safepoint: 6750 ns, Total: 68042 ns
[2025-09-15T08:26:02.133+0000][183][info ][safepoint   ] Safepoint "Cleanup", Time since last: 1001533167 ns, Reaching safepoint: 75208 ns, Cleanup: 32959 ns, At safepoint: 19791 ns, Total: 127958 ns
[2025-09-15T08:26:04.136+0000][183][info ][safepoint   ] Safepoint "Cleanup", Time since last: 2002735543 ns, Reaching safepoint: 27292 ns, Cleanup: 65583 ns, At safepoint: 27250 ns, Total: 120125 ns
[2025-09-15T08:26:06.138+0000][183][info ][safepoint   ] Safepoint "Cleanup", Time since last: 2002160168 ns, Reaching safepoint: 27750 ns, Cleanup: 19541 ns, At safepoint: 8125 ns, Total: 55416 ns
[2025-09-15T08:26:07.141+0000][183][info ][safepoint   ] Safepoint "Cleanup", Time since last: 1002191417 ns, Reaching safepoint: 413042 ns, Cleanup: 94250 ns, At safepoint: 30000 ns, Total: 537292 ns
[2025-09-15T08:26:08.142+0000][183][info ][safepoint   ] Safepoint "Cleanup", Time since last: 1001302417 ns, Reaching safepoint: 83250 ns, Cleanup: 41917 ns, At safepoint: 20291 ns, Total: 145458 ns
[2025-09-15T08:26:09.144+0000][183][info ][safepoint   ] Safepoint "Cleanup", Time since last: 1001438918 ns, Reaching safepoint: 35166 ns, Cleanup: 8917 ns, At safepoint: 6458 ns, Total: 50541 ns
[2025-09-15T08:26:13.147+0000][183][info ][safepoint   ] Safepoint "Cleanup", Time since last: 4003834877 ns, Reaching safepoint: 305666 ns, Cleanup: 73709 ns, At safepoint: 23833 ns, Total: 403208 ns
[2025-09-15T08:26:14.150+0000][183][info ][safepoint   ] Safepoint "Cleanup", Time since last: 1002743917 ns, Reaching safepoint: 20042 ns, Cleanup: 75375 ns, At safepoint: 19708 ns, Total: 115125 ns
[2025-09-15T08:26:16.152+0000][183][info ][safepoint   ] Safepoint "Cleanup", Time since last: 2002105251 ns, Reaching safepoint: 89708 ns, Cleanup: 59834 ns, At safepoint: 21875 ns, Total: 171417 ns
[2025-09-15T08:26:18.155+0000][183][info ][safepoint   ] Safepoint "Cleanup", Time since last: 2002840251 ns, Reaching safepoint: 135208 ns, Cleanup: 54708 ns, At safepoint: 31500 ns, Total: 221416 ns
[2025-09-15T08:26:19.157+0000][183][info ][safepoint   ] Safepoint "Cleanup", Time since last: 1001524209 ns, Reaching safepoint: 90208 ns, Cleanup: 50625 ns, At safepoint: 20334 ns, Total: 161167 ns
[2025-09-15T08:26:19.795+0000][183][info ][gc,start    ] GC(20) Pause Young (Prepare Mixed) (G1 Evacuation Pause)
[2025-09-15T08:26:19.795+0000][183][info ][gc,task     ] GC(20) Using 8 workers of 8 for evacuation
[2025-09-15T08:26:19.795+0000][183][debug][gc,age      ] GC(20) Desired survivor size 41943040 bytes, new threshold 15 (max threshold 15)
[2025-09-15T08:26:19.834+0000][183][info ][gc,phases   ] GC(20)   Pre Evacuate Collection Set: 0.72ms
[2025-09-15T08:26:19.835+0000][183][info ][gc,phases   ] GC(20)   Merge Heap Roots: 0.22ms
[2025-09-15T08:26:19.835+0000][183][info ][gc,phases   ] GC(20)   Evacuate Collection Set: 34.67ms
[2025-09-15T08:26:19.835+0000][183][info ][gc,phases   ] GC(20)   Post Evacuate Collection Set: 3.54ms
[2025-09-15T08:26:19.835+0000][183][info ][gc,phases   ] GC(20)   Other: 0.24ms
[2025-09-15T08:26:19.835+0000][183][trace][gc,age      ] GC(20) Age table with threshold 15 (max threshold 15)
[2025-09-15T08:26:19.835+0000][183][trace][gc,age      ] GC(20) - age   1:    3814248 bytes,    3814248 total
[2025-09-15T08:26:19.835+0000][183][trace][gc,age      ] GC(20) - age   2:    3899600 bytes,    7713848 total
[2025-09-15T08:26:19.835+0000][183][trace][gc,age      ] GC(20) - age   3:    2263136 bytes,    9976984 total
[2025-09-15T08:26:19.835+0000][183][trace][gc,age      ] GC(20) - age   4:   17388656 bytes,   27365640 total
[2025-09-15T08:26:19.835+0000][183][trace][gc,age      ] GC(20) - age   5:      41344 bytes,   27406984 total
[2025-09-15T08:26:19.835+0000][183][info ][gc,heap     ] GC(20) Eden regions: 146->0(145)
[2025-09-15T08:26:19.835+0000][183][info ][gc,heap     ] GC(20) Survivor regions: 7->8(20)
[2025-09-15T08:26:19.835+0000][183][info ][gc,heap     ] GC(20) Old regions: 30->30
[2025-09-15T08:26:19.835+0000][183][info ][gc,heap     ] GC(20) Humongous regions: 2->2
[2025-09-15T08:26:19.835+0000][183][info ][gc,metaspace] GC(20) Metaspace: 155053K(159488K)->155053K(159488K) NonClass: 133454K(135872K)->133454K(135872K) Class: 21598K(23616K)->21598K(23616K)
[2025-09-15T08:26:19.835+0000][183][info ][gc          ] GC(20) Pause Young (Prepare Mixed) (G1 Evacuation Pause) 737M->155M(1024M) 40.281ms
[2025-09-15T08:26:19.835+0000][183][info ][gc,cpu      ] GC(20) User=0.30s Sys=0.00s Real=0.04s
[2025-09-15T08:26:19.835+0000][183][info ][safepoint   ] Safepoint "G1CollectForAllocation", Time since last: 636953333 ns, Reaching safepoint: 644042 ns, Cleanup: 68042 ns, At safepoint: 40482041 ns, Total: 41194125 ns
[2025-09-15T08:26:20.836+0000][183][info ][safepoint   ] Safepoint "Cleanup", Time since last: 1000495043 ns, Reaching safepoint: 121916 ns, Cleanup: 233375 ns, At safepoint: 30625 ns, Total: 385916 ns
[2025-09-15T08:26:21.838+0000][183][info ][safepoint   ] Safepoint "Cleanup", Time since last: 1001730084 ns, Reaching safepoint: 37708 ns, Cleanup: 79084 ns, At safepoint: 16583 ns, Total: 133375 ns
[2025-09-15T08:26:23.840+0000][183][info ][safepoint   ] Safepoint "Cleanup", Time since last: 2001745043 ns, Reaching safepoint: 104916 ns, Cleanup: 79167 ns, At safepoint: 15167 ns, Total: 199250 ns
[2025-09-15T08:26:24.841+0000][183][info ][safepoint   ] Safepoint "Cleanup", Time since last: 1000800500 ns, Reaching safepoint: 51333 ns, Cleanup: 24834 ns, At safepoint: 9250 ns, Total: 85417 ns
[2025-09-15T08:26:26.844+0000][183][info ][safepoint   ] Safepoint "Cleanup", Time since last: 2002773876 ns, Reaching safepoint: 31833 ns, Cleanup: 33125 ns, At safepoint: 7500 ns, Total: 72458 ns
[2025-09-15T08:26:28.462+0000][183][info ][safepoint   ] Safepoint "Cleanup", Time since last: 1618102793 ns, Reaching safepoint: 7958 ns, Cleanup: 141833 ns, At safepoint: 9959 ns, Total: 159750 ns
[2025-09-15T08:26:29.499+0000][183][info ][safepoint   ] Safepoint "Cleanup", Time since last: 1037529667 ns, Reaching safepoint: 76708 ns, Cleanup: 67000 ns, At safepoint: 23292 ns, Total: 167000 ns
[2025-09-15T08:26:31.501+0000][183][info ][safepoint   ] Safepoint "Cleanup", Time since last: 2001693126 ns, Reaching safepoint: 175291 ns, Cleanup: 85709 ns, At safepoint: 22250 ns, Total: 283250 ns
[2025-09-15T08:26:33.505+0000][183][info ][safepoint   ] Safepoint "Cleanup", Time since last: 2003527292 ns, Reaching safepoint: 97750 ns, Cleanup: 46959 ns, At safepoint: 33333 ns, Total: 178042 ns
[2025-09-15T08:26:34.507+0000][183][info ][safepoint   ] Safepoint "Cleanup", Time since last: 1001873667 ns, Reaching safepoint: 71208 ns, Cleanup: 68667 ns, At safepoint: 17458 ns, Total: 157333 ns
[2025-09-15T08:26:37.511+0000][183][info ][safepoint   ] Safepoint "Cleanup", Time since last: 3003632293 ns, Reaching safepoint: 97459 ns, Cleanup: 63500 ns, At safepoint: 40416 ns, Total: 201375 ns
[2025-09-15T08:26:38.513+0000][183][info ][safepoint   ] Safepoint "Cleanup", Time since last: 1001675876 ns, Reaching safepoint: 114792 ns, Cleanup: 43583 ns, At safepoint: 123083 ns, Total: 281458 ns
[2025-09-15T08:26:39.515+0000][183][info ][safepoint   ] Safepoint "Cleanup", Time since last: 1001583167 ns, Reaching safepoint: 17667 ns, Cleanup: 18583 ns, At safepoint: 5042 ns, Total: 41292 ns
[2025-09-15T08:26:40.518+0000][183][info ][safepoint   ] Safepoint "Cleanup", Time since last: 1002317709 ns, Reaching safepoint: 170125 ns, Cleanup: 130041 ns, At safepoint: 39000 ns, Total: 339166 ns
[2025-09-15T08:26:41.520+0000][183][info ][safepoint   ] Safepoint "Cleanup", Time since last: 1001449001 ns, Reaching safepoint: 125791 ns, Cleanup: 56500 ns, At safepoint: 35625 ns, Total: 217916 ns
[2025-09-15T08:26:43.522+0000][183][info ][safepoint   ] Safepoint "Cleanup", Time since last: 2001820710 ns, Reaching safepoint: 150541 ns, Cleanup: 24417 ns, At safepoint: 16333 ns, Total: 191291 ns
[2025-09-15T08:26:44.916+0000][183][info ][safepoint   ] Safepoint "Cleanup", Time since last: 1393722251 ns, Reaching safepoint: 185750 ns, Cleanup: 277417 ns, At safepoint: 33625 ns, Total: 496792 ns
[2025-09-15T08:26:45.922+0000][183][info ][safepoint   ] Safepoint "Cleanup", Time since last: 1005871625 ns, Reaching safepoint: 94667 ns, Cleanup: 99542 ns, At safepoint: 22041 ns, Total: 216250 ns
[2025-09-15T08:26:46.924+0000][183][info ][safepoint   ] Safepoint "Cleanup", Time since last: 1001458001 ns, Reaching safepoint: 51291 ns, Cleanup: 57917 ns, At safepoint: 18375 ns, Total: 127583 ns
[2025-09-15T08:26:48.927+0000][183][info ][safepoint   ] Safepoint "Cleanup", Time since last: 2003296626 ns, Reaching safepoint: 99208 ns, Cleanup: 72000 ns, At safepoint: 28292 ns, Total: 199500 ns
[2025-09-15T08:26:49.929+0000][183][info ][safepoint   ] Safepoint "Cleanup", Time since last: 1001424250 ns, Reaching safepoint: 146459 ns, Cleanup: 76458 ns, At safepoint: 20458 ns, Total: 243375 ns
[2025-09-15T08:26:50.930+0000][183][info ][safepoint   ] Safepoint "Cleanup", Time since last: 1000889668 ns, Reaching safepoint: 81583 ns, Cleanup: 36167 ns, At safepoint: 32666 ns, Total: 150416 ns
[2025-09-15T08:26:51.935+0000][183][info ][safepoint   ] Safepoint "Cleanup", Time since last: 1003219667 ns, Reaching safepoint: 852292 ns, Cleanup: 1161583 ns, At safepoint: 22209 ns, Total: 2036084 ns
[2025-09-15T08:26:55.291+0000][183][info ][safepoint   ] Safepoint "Cleanup", Time since last: 3355377710 ns, Reaching safepoint: 86458 ns, Cleanup: 96583 ns, At safepoint: 18250 ns, Total: 201291 ns
[2025-09-15T08:26:56.292+0000][183][info ][safepoint   ] Safepoint "Cleanup", Time since last: 1001211167 ns, Reaching safepoint: 20417 ns, Cleanup: 19583 ns, At safepoint: 4875 ns, Total: 44875 ns
[2025-09-15T08:26:58.295+0000][183][info ][safepoint   ] Safepoint "Cleanup", Time since last: 2001955543 ns, Reaching safepoint: 234292 ns, Cleanup: 51416 ns, At safepoint: 22750 ns, Total: 308458 ns
[2025-09-15T08:26:59.296+0000][183][info ][safepoint   ] Safepoint "Cleanup", Time since last: 1001216418 ns, Reaching safepoint: 28791 ns, Cleanup: 40209 ns, At safepoint: 12458 ns, Total: 81458 ns
[2025-09-15T08:27:01.298+0000][183][info ][safepoint   ] Safepoint "Cleanup", Time since last: 2002450459 ns, Reaching safepoint: 57542 ns, Cleanup: 45167 ns, At safepoint: 11708 ns, Total: 114417 ns
[2025-09-15T08:27:02.300+0000][183][info ][safepoint   ] Safepoint "Cleanup", Time since last: 1001797209 ns, Reaching safepoint: 48208 ns, Cleanup: 29375 ns, At safepoint: 12208 ns, Total: 89791 ns
[2025-09-15T08:27:04.303+0000][183][info ][safepoint   ] Safepoint "Cleanup", Time since last: 2003077626 ns, Reaching safepoint: 78167 ns, Cleanup: 22542 ns, At safepoint: 13750 ns, Total: 114459 ns
[2025-09-15T08:27:05.305+0000][183][info ][safepoint   ] Safepoint "Cleanup", Time since last: 1001485708 ns, Reaching safepoint: 46584 ns, Cleanup: 24041 ns, At safepoint: 8042 ns, Total: 78667 ns
[2025-09-15T08:27:06.307+0000][183][info ][safepoint   ] Safepoint "Cleanup", Time since last: 1001792584 ns, Reaching safepoint: 64958 ns, Cleanup: 53584 ns, At safepoint: 13958 ns, Total: 132500 ns
[2025-09-15T08:27:07.308+0000][183][info ][safepoint   ] Safepoint "Cleanup", Time since last: 1000960625 ns, Reaching safepoint: 57209 ns, Cleanup: 44000 ns, At safepoint: 17250 ns, Total: 118459 ns
[2025-09-15T08:27:09.310+0000][183][info ][safepoint   ] Safepoint "Cleanup", Time since last: 2002032292 ns, Reaching safepoint: 11750 ns, Cleanup: 24000 ns, At safepoint: 5459 ns, Total: 41209 ns
[2025-09-15T08:27:10.312+0000][183][info ][safepoint   ] Safepoint "Cleanup", Time since last: 1001042833 ns, Reaching safepoint: 24458 ns, Cleanup: 22709 ns, At safepoint: 8083 ns, Total: 55250 ns
[2025-09-15T08:27:13.315+0000][183][info ][safepoint   ] Safepoint "Cleanup", Time since last: 3002739501 ns, Reaching safepoint: 280625 ns, Cleanup: 62792 ns, At safepoint: 35083 ns, Total: 378500 ns
[2025-09-15T08:27:14.317+0000][183][info ][safepoint   ] Safepoint "Cleanup", Time since last: 1001417542 ns, Reaching safepoint: 99042 ns, Cleanup: 84000 ns, At safepoint: 10167 ns, Total: 193209 ns
[2025-09-15T08:27:16.322+0000][183][info ][safepoint   ] Safepoint "Cleanup", Time since last: 2005181459 ns, Reaching safepoint: 87083 ns, Cleanup: 64584 ns, At safepoint: 19041 ns, Total: 170708 ns
[2025-09-15T08:27:19.325+0000][183][info ][safepoint   ] Safepoint "Cleanup", Time since last: 3002564668 ns, Reaching safepoint: 151917 ns, Cleanup: 78917 ns, At safepoint: 13750 ns, Total: 244584 ns
[2025-09-15T08:27:21.327+0000][183][info ][safepoint   ] Safepoint "Cleanup", Time since last: 2001762626 ns, Reaching safepoint: 81791 ns, Cleanup: 195417 ns, At safepoint: 25625 ns, Total: 302833 ns
[2025-09-15T08:27:24.337+0000][183][info ][safepoint   ] Safepoint "Cleanup", Time since last: 3003246585 ns, Reaching safepoint: 6166292 ns, Cleanup: 196125 ns, At safepoint: 13000 ns, Total: 6375417 ns
[2025-09-15T08:27:25.338+0000][183][info ][safepoint   ] Safepoint "Cleanup", Time since last: 1001181542 ns, Reaching safepoint: 149500 ns, Cleanup: 47916 ns, At safepoint: 24584 ns, Total: 222000 ns
[2025-09-15T08:27:28.341+0000][183][info ][safepoint   ] Safepoint "Cleanup", Time since last: 3002846626 ns, Reaching safepoint: 110958 ns, Cleanup: 61709 ns, At safepoint: 21291 ns, Total: 193958 ns
[2025-09-15T08:27:29.344+0000][183][info ][safepoint   ] Safepoint "Cleanup", Time since last: 1003025293 ns, Reaching safepoint: 99958 ns, Cleanup: 137458 ns, At safepoint: 22584 ns, Total: 260000 ns
[2025-09-15T08:27:30.346+0000][183][info ][safepoint   ] Safepoint "Cleanup", Time since last: 1001648958 ns, Reaching safepoint: 114084 ns, Cleanup: 117791 ns, At safepoint: 31792 ns, Total: 263667 ns
[2025-09-15T08:27:31.624+0000][183][info ][safepoint   ] Safepoint "Cleanup", Time since last: 1277692334 ns, Reaching safepoint: 15875 ns, Cleanup: 146542 ns, At safepoint: 14458 ns, Total: 176875 ns
[2025-09-15T08:27:32.665+0000][183][info ][safepoint   ] Safepoint "Cleanup", Time since last: 1041029626 ns, Reaching safepoint: 84041 ns, Cleanup: 57042 ns, At safepoint: 19875 ns, Total: 160958 ns
[2025-09-15T08:27:33.668+0000][183][info ][safepoint   ] Safepoint "Cleanup", Time since last: 1001831084 ns, Reaching safepoint: 119666 ns, Cleanup: 233125 ns, At safepoint: 69542 ns, Total: 422333 ns
[2025-09-15T08:27:34.670+0000][183][info ][safepoint   ] Safepoint "Cleanup", Time since last: 1001999167 ns, Reaching safepoint: 65292 ns, Cleanup: 32875 ns, At safepoint: 14291 ns, Total: 112458 ns
[2025-09-15T08:27:36.673+0000][183][info ][safepoint   ] Safepoint "Cleanup", Time since last: 2002294460 ns, Reaching safepoint: 406166 ns, Cleanup: 250625 ns, At safepoint: 27417 ns, Total: 684208 ns
[2025-09-15T08:27:37.676+0000][183][info ][safepoint   ] Safepoint "Cleanup", Time since last: 1002536834 ns, Reaching safepoint: 465208 ns, Cleanup: 88417 ns, At safepoint: 83708 ns, Total: 637333 ns
[2025-09-15T08:27:38.677+0000][183][info ][safepoint   ] Safepoint "Cleanup", Time since last: 1000823209 ns, Reaching safepoint: 106292 ns, Cleanup: 73083 ns, At safepoint: 39000 ns, Total: 218375 ns
[2025-09-15T08:27:39.679+0000][183][info ][safepoint   ] Safepoint "Cleanup", Time since last: 1001839001 ns, Reaching safepoint: 66208 ns, Cleanup: 36792 ns, At safepoint: 13291 ns, Total: 116291 ns
[2025-09-15T08:27:40.681+0000][183][info ][safepoint   ] Safepoint "Cleanup", Time since last: 1002093833 ns, Reaching safepoint: 107083 ns, Cleanup: 66709 ns, At safepoint: 19458 ns, Total: 193250 ns
[2025-09-15T08:27:43.685+0000][183][info ][safepoint   ] Safepoint "Cleanup", Time since last: 3003818168 ns, Reaching safepoint: 79583 ns, Cleanup: 32292 ns, At safepoint: 15875 ns, Total: 127750 ns
[2025-09-15T08:27:47.690+0000][183][info ][safepoint   ] Safepoint "Cleanup", Time since last: 4004614544 ns, Reaching safepoint: 156083 ns, Cleanup: 35917 ns, At safepoint: 24541 ns, Total: 216541 ns
[2025-09-15T08:27:49.693+0000][183][info ][safepoint   ] Safepoint "Cleanup", Time since last: 2002691835 ns, Reaching safepoint: 496166 ns, Cleanup: 50917 ns, At safepoint: 25208 ns, Total: 572291 ns
[2025-09-15T08:27:50.695+0000][183][info ][safepoint   ] Safepoint "Cleanup", Time since last: 1001573667 ns, Reaching safepoint: 77875 ns, Cleanup: 42292 ns, At safepoint: 18167 ns, Total: 138334 ns
[2025-09-15T08:27:52.702+0000][183][info ][safepoint   ] Safepoint "Cleanup", Time since last: 2006321834 ns, Reaching safepoint: 210042 ns, Cleanup: 119250 ns, At safepoint: 404208 ns, Total: 733500 ns
[2025-09-15T08:27:53.704+0000][183][info ][safepoint   ] Safepoint "Cleanup", Time since last: 1001633876 ns, Reaching safepoint: 93166 ns, Cleanup: 55209 ns, At safepoint: 24500 ns, Total: 172875 ns
[2025-09-15T08:27:55.439+0000][183][info ][safepoint   ] Safepoint "Cleanup", Time since last: 1735062459 ns, Reaching safepoint: 63916 ns, Cleanup: 40792 ns, At safepoint: 13542 ns, Total: 118250 ns
[2025-09-15T08:27:56.441+0000][183][info ][safepoint   ] Safepoint "Cleanup", Time since last: 1002141750 ns, Reaching safepoint: 79000 ns, Cleanup: 47667 ns, At safepoint: 18333 ns, Total: 145000 ns
[2025-09-15T08:27:59.445+0000][183][info ][safepoint   ] Safepoint "Cleanup", Time since last: 3003888210 ns, Reaching safepoint: 45042 ns, Cleanup: 20708 ns, At safepoint: 8500 ns, Total: 74250 ns
[2025-09-15T08:28:01.447+0000][183][info ][safepoint   ] Safepoint "Cleanup", Time since last: 2001555876 ns, Reaching safepoint: 359208 ns, Cleanup: 67959 ns, At safepoint: 21666 ns, Total: 448833 ns
[2025-09-15T08:28:04.451+0000][183][info ][safepoint   ] Safepoint "Cleanup", Time since last: 3003793668 ns, Reaching safepoint: 109500 ns, Cleanup: 22750 ns, At safepoint: 12959 ns, Total: 145209 ns
[2025-09-15T08:28:06.453+0000][183][info ][safepoint   ] Safepoint "Cleanup", Time since last: 2001666542 ns, Reaching safepoint: 80250 ns, Cleanup: 55167 ns, At safepoint: 11708 ns, Total: 147125 ns
[2025-09-15T08:28:07.454+0000][183][info ][safepoint   ] Safepoint "Cleanup", Time since last: 1000947667 ns, Reaching safepoint: 71250 ns, Cleanup: 49709 ns, At safepoint: 16916 ns, Total: 137875 ns
[2025-09-15T08:28:08.455+0000][183][info ][safepoint   ] Safepoint "Cleanup", Time since last: 1000699793 ns, Reaching safepoint: 31458 ns, Cleanup: 18000 ns, At safepoint: 8250 ns, Total: 57708 ns
[2025-09-15T08:28:09.525+0000][183][info ][safepoint   ] Safepoint "Cleanup", Time since last: 1057952750 ns, Reaching safepoint: 11002792 ns, Cleanup: 1016208 ns, At safepoint: 430834 ns, Total: 12449834 ns
[2025-09-15T08:28:10.535+0000][183][info ][safepoint   ] Safepoint "Cleanup", Time since last: 1009375250 ns, Reaching safepoint: 60333 ns, Cleanup: 54209 ns, At safepoint: 14208 ns, Total: 128750 ns
[2025-09-15T08:28:13.540+0000][183][info ][safepoint   ] Safepoint "Cleanup", Time since last: 3003041168 ns, Reaching safepoint: 2458583 ns, Cleanup: 69959 ns, At safepoint: 16833 ns, Total: 2545375 ns
[2025-09-15T08:28:14.543+0000][183][info ][safepoint   ] Safepoint "Cleanup", Time since last: 1002442042 ns, Reaching safepoint: 35875 ns, Cleanup: 17042 ns, At safepoint: 8833 ns, Total: 61750 ns
[2025-09-15T08:28:15.545+0000][183][info ][safepoint   ] Safepoint "Cleanup", Time since last: 1001239834 ns, Reaching safepoint: 581875 ns, Cleanup: 61208 ns, At safepoint: 15709 ns, Total: 658792 ns
[2025-09-15T08:28:16.546+0000][183][info ][safepoint   ] Safepoint "Cleanup", Time since last: 1001123083 ns, Reaching safepoint: 50792 ns, Cleanup: 15292 ns, At safepoint: 9541 ns, Total: 75625 ns
[2025-09-15T08:28:18.352+0000][183][info ][safepoint   ] Safepoint "ICBufferFull", Time since last: 1805725418 ns, Reaching safepoint: 82042 ns, Cleanup: 227500 ns, At safepoint: 21166 ns, Total: 330708 ns
[2025-09-15T08:28:18.434+0000][183][info ][safepoint   ] Safepoint "ICBufferFull", Time since last: 82106000 ns, Reaching safepoint: 9500 ns, Cleanup: 118167 ns, At safepoint: 7500 ns, Total: 135167 ns
[2025-09-15T08:28:18.612+0000][183][info ][safepoint   ] Safepoint "ICBufferFull", Time since last: 176284583 ns, Reaching safepoint: 1275209 ns, Cleanup: 128708 ns, At safepoint: 10250 ns, Total: 1414167 ns
[2025-09-15T08:28:18.849+0000][183][info ][safepoint   ] Safepoint "ICBufferFull", Time since last: 236430917 ns, Reaching safepoint: 11083 ns, Cleanup: 85750 ns, At safepoint: 10709 ns, Total: 107542 ns
[2025-09-15T08:28:19.599+0000][183][info ][safepoint   ] Safepoint "ICBufferFull", Time since last: 750542833 ns, Reaching safepoint: 9834 ns, Cleanup: 130625 ns, At safepoint: 5000 ns, Total: 145459 ns
[2025-09-15T08:28:20.919+0000][183][info ][safepoint   ] Safepoint "Cleanup", Time since last: 1319858500 ns, Reaching safepoint: 59500 ns, Cleanup: 276334 ns, At safepoint: 18208 ns, Total: 354042 ns
[2025-09-15T08:28:21.791+0000][183][info ][safepoint   ] Safepoint "ICBufferFull", Time since last: 871271417 ns, Reaching safepoint: 46917 ns, Cleanup: 112125 ns, At safepoint: 25750 ns, Total: 184792 ns
[2025-09-15T08:28:21.968+0000][183][info ][safepoint   ] Safepoint "ICBufferFull", Time since last: 177291458 ns, Reaching safepoint: 29292 ns, Cleanup: 224750 ns, At safepoint: 10666 ns, Total: 264708 ns
[2025-09-15T08:28:23.780+0000][183][info ][safepoint   ] Safepoint "Cleanup", Time since last: 1810955126 ns, Reaching safepoint: 73417 ns, Cleanup: 219167 ns, At safepoint: 14000 ns, Total: 306584 ns
[2025-09-15T08:28:25.127+0000][183][info ][safepoint   ] Safepoint "Cleanup", Time since last: 1346517959 ns, Reaching safepoint: 927750 ns, Cleanup: 207833 ns, At safepoint: 37833 ns, Total: 1173416 ns
[2025-09-15T08:28:26.129+0000][183][info ][safepoint   ] Safepoint "Cleanup", Time since last: 1001583501 ns, Reaching safepoint: 177000 ns, Cleanup: 47750 ns, At safepoint: 22458 ns, Total: 247208 ns
[2025-09-15T08:28:27.130+0000][183][info ][safepoint   ] Safepoint "Cleanup", Time since last: 1000561667 ns, Reaching safepoint: 56500 ns, Cleanup: 572500 ns, At safepoint: 27542 ns, Total: 656542 ns
[2025-09-15T08:28:28.133+0000][183][info ][safepoint   ] Safepoint "Cleanup", Time since last: 1001227959 ns, Reaching safepoint: 1159875 ns, Cleanup: 21250 ns, At safepoint: 15500 ns, Total: 1196625 ns
[2025-09-15T08:28:29.142+0000][183][info ][safepoint   ] Safepoint "Cleanup", Time since last: 1007660208 ns, Reaching safepoint: 1116334 ns, Cleanup: 511958 ns, At safepoint: 23292 ns, Total: 1651584 ns
[2025-09-15T08:28:31.086+0000][183][info ][safepoint   ] Safepoint "Cleanup", Time since last: 1943069251 ns, Reaching safepoint: 206041 ns, Cleanup: 525125 ns, At safepoint: 23834 ns, Total: 755000 ns
[2025-09-15T08:28:32.087+0000][183][info ][safepoint   ] Safepoint "Cleanup", Time since last: 1000737917 ns, Reaching safepoint: 134083 ns, Cleanup: 30042 ns, At safepoint: 16958 ns, Total: 181083 ns
[2025-09-15T08:28:33.844+0000][183][info ][safepoint   ] Safepoint "Cleanup", Time since last: 1757491418 ns, Reaching safepoint: 5875 ns, Cleanup: 38625 ns, At safepoint: 2333 ns, Total: 46833 ns
[2025-09-15T08:28:34.854+0000][183][info ][safepoint   ] Safepoint "Cleanup", Time since last: 1009610584 ns, Reaching safepoint: 3375 ns, Cleanup: 27250 ns, At safepoint: 9250 ns, Total: 39875 ns
[2025-09-15T08:28:35.860+0000][183][info ][safepoint   ] Safepoint "Cleanup", Time since last: 1006084709 ns, Reaching safepoint: 3166 ns, Cleanup: 41042 ns, At safepoint: 4292 ns, Total: 48500 ns
[2025-09-15T08:28:37.205+0000][183][info ][safepoint   ] Safepoint "Cleanup", Time since last: 1344516667 ns, Reaching safepoint: 80375 ns, Cleanup: 121458 ns, At safepoint: 12209 ns, Total: 214042 ns
[2025-09-15T08:28:39.208+0000][183][info ][safepoint   ] Safepoint "Cleanup", Time since last: 2002688626 ns, Reaching safepoint: 36583 ns, Cleanup: 86500 ns, At safepoint: 12625 ns, Total: 135708 ns
[2025-09-15T08:28:40.209+0000][183][info ][safepoint   ] Safepoint "Cleanup", Time since last: 1000862417 ns, Reaching safepoint: 15958 ns, Cleanup: 12375 ns, At safepoint: 7292 ns, Total: 35625 ns
[2025-09-15T08:28:41.211+0000][183][info ][safepoint   ] Safepoint "Cleanup", Time since last: 1001718583 ns, Reaching safepoint: 49667 ns, Cleanup: 42083 ns, At safepoint: 12708 ns, Total: 104458 ns
[2025-09-15T08:28:42.213+0000][183][info ][safepoint   ] Safepoint "Cleanup", Time since last: 1001435126 ns, Reaching safepoint: 325416 ns, Cleanup: 55750 ns, At safepoint: 12709 ns, Total: 393875 ns
[2025-09-15T08:28:43.215+0000][183][info ][safepoint   ] Safepoint "Cleanup", Time since last: 1001434792 ns, Reaching safepoint: 132958 ns, Cleanup: 78834 ns, At safepoint: 23250 ns, Total: 235042 ns
[2025-09-15T08:28:44.216+0000][183][info ][safepoint   ] Safepoint "Cleanup", Time since last: 1000807250 ns, Reaching safepoint: 53208 ns, Cleanup: 22209 ns, At safepoint: 10500 ns, Total: 85917 ns
[2025-09-15T08:28:45.217+0000][183][info ][safepoint   ] Safepoint "Cleanup", Time since last: 1000890542 ns, Reaching safepoint: 34500 ns, Cleanup: 24125 ns, At safepoint: 6042 ns, Total: 64667 ns
[2025-09-15T08:28:46.218+0000][183][info ][safepoint   ] Safepoint "Cleanup", Time since last: 1001488208 ns, Reaching safepoint: 29209 ns, Cleanup: 61250 ns, At safepoint: 7375 ns, Total: 97834 ns
[2025-09-15T08:28:46.482+0000][183][info ][gc,start    ] GC(21) Pause Young (Mixed) (G1 Evacuation Pause)
[2025-09-15T08:28:46.482+0000][183][info ][gc,task     ] GC(21) Using 8 workers of 8 for evacuation
[2025-09-15T08:28:46.482+0000][183][debug][gc,age      ] GC(21) Desired survivor size 41943040 bytes, new threshold 15 (max threshold 15)
[2025-09-15T08:28:46.545+0000][183][info ][gc,phases   ] GC(21)   Pre Evacuate Collection Set: 0.93ms
[2025-09-15T08:28:46.545+0000][183][info ][gc,phases   ] GC(21)   Merge Heap Roots: 0.23ms
[2025-09-15T08:28:46.545+0000][183][info ][gc,phases   ] GC(21)   Evacuate Collection Set: 56.58ms
[2025-09-15T08:28:46.545+0000][183][info ][gc,phases   ] GC(21)   Post Evacuate Collection Set: 4.32ms
[2025-09-15T08:28:46.545+0000][183][info ][gc,phases   ] GC(21)   Other: 0.27ms
[2025-09-15T08:28:46.545+0000][183][trace][gc,age      ] GC(21) Age table with threshold 15 (max threshold 15)
[2025-09-15T08:28:46.545+0000][183][trace][gc,age      ] GC(21) - age   1:    6066384 bytes,    6066384 total
[2025-09-15T08:28:46.545+0000][183][trace][gc,age      ] GC(21) - age   2:    2282144 bytes,    8348528 total
[2025-09-15T08:28:46.545+0000][183][trace][gc,age      ] GC(21) - age   3:    3829784 bytes,   12178312 total
[2025-09-15T08:28:46.545+0000][183][trace][gc,age      ] GC(21) - age   4:    2256016 bytes,   14434328 total
[2025-09-15T08:28:46.545+0000][183][trace][gc,age      ] GC(21) - age   5:   16773016 bytes,   31207344 total
[2025-09-15T08:28:46.545+0000][183][trace][gc,age      ] GC(21) - age   6:      41344 bytes,   31248688 total
[2025-09-15T08:28:46.545+0000][183][info ][gc,heap     ] GC(21) Eden regions: 145->0(145)
[2025-09-15T08:28:46.545+0000][183][info ][gc,heap     ] GC(21) Survivor regions: 8->8(20)
[2025-09-15T08:28:46.545+0000][183][info ][gc,heap     ] GC(21) Old regions: 30->30
[2025-09-15T08:28:46.545+0000][183][info ][gc,heap     ] GC(21) Humongous regions: 2->2
[2025-09-15T08:28:46.545+0000][183][info ][gc,metaspace] GC(21) Metaspace: 157919K(162368K)->157919K(162368K) NonClass: 136066K(138496K)->136066K(138496K) Class: 21853K(23872K)->21853K(23872K)
[2025-09-15T08:28:46.546+0000][183][info ][gc          ] GC(21) Pause Young (Mixed) (G1 Evacuation Pause) 735M->156M(1024M) 63.410ms
[2025-09-15T08:28:46.546+0000][183][info ][gc,cpu      ] GC(21) User=0.47s Sys=0.00s Real=0.06s
[2025-09-15T08:28:46.546+0000][183][info ][safepoint   ] Safepoint "G1CollectForAllocation", Time since last: 263936708 ns, Reaching safepoint: 13333 ns, Cleanup: 15042 ns, At safepoint: 63624167 ns, Total: 63652542 ns
[2025-09-15T08:28:47.546+0000][183][info ][safepoint   ] Safepoint "Cleanup", Time since last: 1000616875 ns, Reaching safepoint: 36459 ns, Cleanup: 93458 ns, At safepoint: 11083 ns, Total: 141000 ns
[2025-09-15T08:28:48.548+0000][183][info ][safepoint   ] Safepoint "Cleanup", Time since last: 1001435126 ns, Reaching safepoint: 48125 ns, Cleanup: 34625 ns, At safepoint: 11041 ns, Total: 93791 ns
[2025-09-15T08:28:49.549+0000][183][info ][safepoint   ] Safepoint "Cleanup", Time since last: 1000790709 ns, Reaching safepoint: 108875 ns, Cleanup: 40625 ns, At safepoint: 17167 ns, Total: 166667 ns
[2025-09-15T08:28:51.551+0000][183][info ][safepoint   ] Safepoint "Cleanup", Time since last: 2002450918 ns, Reaching safepoint: 19083 ns, Cleanup: 20125 ns, At safepoint: 9333 ns, Total: 48541 ns
[2025-09-15T08:28:52.553+0000][183][info ][safepoint   ] Safepoint "Cleanup", Time since last: 1001200542 ns, Reaching safepoint: 95917 ns, Cleanup: 67667 ns, At safepoint: 23666 ns, Total: 187250 ns
[2025-09-15T08:28:53.554+0000][183][info ][safepoint   ] Safepoint "Cleanup", Time since last: 1001545584 ns, Reaching safepoint: 50292 ns, Cleanup: 36333 ns, At safepoint: 13833 ns, Total: 100458 ns
[2025-09-15T08:28:54.556+0000][183][info ][safepoint   ] Safepoint "Cleanup", Time since last: 1001087126 ns, Reaching safepoint: 42125 ns, Cleanup: 33042 ns, At safepoint: 11083 ns, Total: 86250 ns
[2025-09-15T08:28:55.594+0000][183][info ][safepoint   ] Safepoint "Cleanup", Time since last: 1038065625 ns, Reaching safepoint: 122334 ns, Cleanup: 49375 ns, At safepoint: 9000 ns, Total: 180709 ns
[2025-09-15T08:28:56.595+0000][183][info ][safepoint   ] Safepoint "Cleanup", Time since last: 1000633875 ns, Reaching safepoint: 201459 ns, Cleanup: 68750 ns, At safepoint: 22333 ns, Total: 292542 ns
[2025-09-15T08:28:57.596+0000][183][info ][safepoint   ] Safepoint "Cleanup", Time since last: 1001005584 ns, Reaching safepoint: 79750 ns, Cleanup: 39875 ns, At safepoint: 13875 ns, Total: 133500 ns
[2025-09-15T08:28:58.598+0000][183][info ][safepoint   ] Safepoint "Cleanup", Time since last: 1001424417 ns, Reaching safepoint: 102083 ns, Cleanup: 65375 ns, At safepoint: 27584 ns, Total: 195042 ns
[2025-09-15T08:28:59.599+0000][183][info ][safepoint   ] Safepoint "Cleanup", Time since last: 1001210000 ns, Reaching safepoint: 126458 ns, Cleanup: 110750 ns, At safepoint: 26709 ns, Total: 263917 ns
[2025-09-15T08:29:01.601+0000][183][info ][safepoint   ] Safepoint "Cleanup", Time since last: 2002218084 ns, Reaching safepoint: 31958 ns, Cleanup: 22375 ns, At safepoint: 9875 ns, Total: 64208 ns
[2025-09-15T08:29:03.605+0000][183][info ][safepoint   ] Safepoint "Cleanup", Time since last: 2003584501 ns, Reaching safepoint: 91250 ns, Cleanup: 25584 ns, At safepoint: 13416 ns, Total: 130250 ns
[2025-09-15T08:29:04.855+0000][183][info ][safepoint   ] Safepoint "Cleanup", Time since last: 1249346959 ns, Reaching safepoint: 97917 ns, Cleanup: 36333 ns, At safepoint: 20459 ns, Total: 154709 ns
[2025-09-15T08:29:05.855+0000][183][info ][safepoint   ] Safepoint "Cleanup", Time since last: 1000739917 ns, Reaching safepoint: 15083 ns, Cleanup: 12292 ns, At safepoint: 6291 ns, Total: 33666 ns
[2025-09-15T08:29:06.239+0000][183][info ][safepoint   ] Safepoint "ICBufferFull", Time since last: 380464501 ns, Reaching safepoint: 2572333 ns, Cleanup: 123708 ns, At safepoint: 20334 ns, Total: 2716375 ns
[2025-09-15T08:29:06.804+0000][183][info ][safepoint   ] Safepoint "ICBufferFull", Time since last: 564976125 ns, Reaching safepoint: 43500 ns, Cleanup: 261083 ns, At safepoint: 360500 ns, Total: 665083 ns
[2025-09-15T08:29:07.806+0000][183][info ][safepoint   ] Safepoint "Cleanup", Time since last: 1001479751 ns, Reaching safepoint: 36500 ns, Cleanup: 35958 ns, At safepoint: 9625 ns, Total: 82083 ns
[2025-09-15T08:29:08.807+0000][183][info ][safepoint   ] Safepoint "Cleanup", Time since last: 1000752959 ns, Reaching safepoint: 60083 ns, Cleanup: 56625 ns, At safepoint: 14250 ns, Total: 130958 ns
[2025-09-15T08:29:09.807+0000][183][info ][safepoint   ] Safepoint "Cleanup", Time since last: 1000721084 ns, Reaching safepoint: 11583 ns, Cleanup: 27042 ns, At safepoint: 6042 ns, Total: 44667 ns
[2025-09-15T08:29:13.812+0000][183][info ][safepoint   ] Safepoint "Cleanup", Time since last: 4005111876 ns, Reaching safepoint: 17500 ns, Cleanup: 22209 ns, At safepoint: 6291 ns, Total: 46000 ns
[2025-09-15T08:29:14.814+0000][183][info ][safepoint   ] Safepoint "Cleanup", Time since last: 1001049417 ns, Reaching safepoint: 141709 ns, Cleanup: 59916 ns, At safepoint: 27875 ns, Total: 229500 ns
[2025-09-15T08:29:15.815+0000][183][info ][safepoint   ] Safepoint "Cleanup", Time since last: 1001721751 ns, Reaching safepoint: 13541 ns, Cleanup: 23625 ns, At safepoint: 7084 ns, Total: 44250 ns
[2025-09-15T08:29:16.817+0000][183][info ][safepoint   ] Safepoint "Cleanup", Time since last: 1000805250 ns, Reaching safepoint: 169334 ns, Cleanup: 25750 ns, At safepoint: 10833 ns, Total: 205917 ns
[2025-09-15T08:29:18.819+0000][183][info ][safepoint   ] Safepoint "Cleanup", Time since last: 2002263001 ns, Reaching safepoint: 12167 ns, Cleanup: 24958 ns, At safepoint: 18625 ns, Total: 55750 ns
[2025-09-15T08:29:20.824+0000][183][info ][safepoint   ] Safepoint "Cleanup", Time since last: 2005158418 ns, Reaching safepoint: 47708 ns, Cleanup: 65875 ns, At safepoint: 12208 ns, Total: 125791 ns
[2025-09-15T08:29:23.827+0000][183][info ][safepoint   ] Safepoint "Cleanup", Time since last: 3002685377 ns, Reaching safepoint: 32208 ns, Cleanup: 21292 ns, At safepoint: 23000 ns, Total: 76500 ns
[2025-09-15T08:29:24.828+0000][183][info ][safepoint   ] Safepoint "Cleanup", Time since last: 1001365250 ns, Reaching safepoint: 13208 ns, Cleanup: 18084 ns, At safepoint: 7708 ns, Total: 39000 ns
[2025-09-15T08:29:25.830+0000][183][info ][safepoint   ] Safepoint "Cleanup", Time since last: 1001408792 ns, Reaching safepoint: 74584 ns, Cleanup: 10625 ns, At safepoint: 8541 ns, Total: 93750 ns
[2025-09-15T08:29:27.831+0000][183][info ][safepoint   ] Safepoint "Cleanup", Time since last: 2000864501 ns, Reaching safepoint: 87209 ns, Cleanup: 15375 ns, At safepoint: 8000 ns, Total: 110584 ns
[2025-09-15T08:29:28.832+0000][183][info ][safepoint   ] Safepoint "Cleanup", Time since last: 1001573625 ns, Reaching safepoint: 25625 ns, Cleanup: 29000 ns, At safepoint: 11708 ns, Total: 66333 ns
[2025-09-15T08:29:30.834+0000][183][info ][safepoint   ] Safepoint "Cleanup", Time since last: 2001828251 ns, Reaching safepoint: 28459 ns, Cleanup: 18916 ns, At safepoint: 16250 ns, Total: 63625 ns
[2025-09-15T08:29:33.838+0000][183][info ][safepoint   ] Safepoint "Cleanup", Time since last: 3003408168 ns, Reaching safepoint: 681542 ns, Cleanup: 24875 ns, At safepoint: 22292 ns, Total: 728709 ns
[2025-09-15T08:29:35.843+0000][183][info ][safepoint   ] Safepoint "Cleanup", Time since last: 2004029876 ns, Reaching safepoint: 15958 ns, Cleanup: 35042 ns, At safepoint: 7500 ns, Total: 58500 ns
[2025-09-15T08:29:36.844+0000][183][info ][safepoint   ] Safepoint "Cleanup", Time since last: 1000740167 ns, Reaching safepoint: 955375 ns, Cleanup: 32541 ns, At safepoint: 33417 ns, Total: 1021333 ns
[2025-09-15T08:29:36.960+0000][183][info ][safepoint   ] Safepoint "ICBufferFull", Time since last: 115267834 ns, Reaching safepoint: 10833 ns, Cleanup: 49083 ns, At safepoint: 5084 ns, Total: 65000 ns
[2025-09-15T08:29:38.003+0000][183][info ][safepoint   ] Safepoint "Cleanup", Time since last: 1042857083 ns, Reaching safepoint: 43375 ns, Cleanup: 134375 ns, At safepoint: 26250 ns, Total: 204000 ns
[2025-09-15T08:29:39.043+0000][183][info ][safepoint   ] Safepoint "Cleanup", Time since last: 1039950043 ns, Reaching safepoint: 44666 ns, Cleanup: 58625 ns, At safepoint: 20792 ns, Total: 124083 ns
[2025-09-15T08:29:40.045+0000][183][info ][safepoint   ] Safepoint "Cleanup", Time since last: 1001676167 ns, Reaching safepoint: 79792 ns, Cleanup: 60375 ns, At safepoint: 16708 ns, Total: 156875 ns
[2025-09-15T08:29:43.048+0000][183][info ][safepoint   ] Safepoint "Cleanup", Time since last: 3002798917 ns, Reaching safepoint: 197709 ns, Cleanup: 26625 ns, At safepoint: 8875 ns, Total: 233209 ns
[2025-09-15T08:29:44.049+0000][183][info ][safepoint   ] Safepoint "Cleanup", Time since last: 1000760625 ns, Reaching safepoint: 150042 ns, Cleanup: 260833 ns, At safepoint: 26167 ns, Total: 437042 ns
[2025-09-15T08:29:45.917+0000][183][info ][safepoint   ] Safepoint "Cleanup", Time since last: 1867524043 ns, Reaching safepoint: 10375 ns, Cleanup: 106041 ns, At safepoint: 4667 ns, Total: 121083 ns
[2025-09-15T08:29:46.068+0000][183][info ][gc,start    ] GC(22) Pause Young (Concurrent Start) (CodeCache GC Threshold)
[2025-09-15T08:29:46.068+0000][183][info ][gc,task     ] GC(22) Using 8 workers of 8 for evacuation
[2025-09-15T08:29:46.068+0000][183][debug][gc,age      ] GC(22) Desired survivor size 41943040 bytes, new threshold 15 (max threshold 15)
[2025-09-15T08:29:46.118+0000][183][info ][gc,phases   ] GC(22)   Pre Evacuate Collection Set: 0.70ms
[2025-09-15T08:29:46.118+0000][183][info ][gc,phases   ] GC(22)   Merge Heap Roots: 0.11ms
[2025-09-15T08:29:46.118+0000][183][info ][gc,phases   ] GC(22)   Evacuate Collection Set: 44.39ms
[2025-09-15T08:29:46.118+0000][183][info ][gc,phases   ] GC(22)   Post Evacuate Collection Set: 3.98ms
[2025-09-15T08:29:46.118+0000][183][info ][gc,phases   ] GC(22)   Other: 0.26ms
[2025-09-15T08:29:46.118+0000][183][trace][gc,age      ] GC(22) Age table with threshold 15 (max threshold 15)
[2025-09-15T08:29:46.118+0000][183][trace][gc,age      ] GC(22) - age   1:    1945400 bytes,    1945400 total
[2025-09-15T08:29:46.118+0000][183][trace][gc,age      ] GC(22) - age   2:    5345128 bytes,    7290528 total
[2025-09-15T08:29:46.118+0000][183][trace][gc,age      ] GC(22) - age   3:    2281304 bytes,    9571832 total
[2025-09-15T08:29:46.118+0000][183][trace][gc,age      ] GC(22) - age   4:    3618904 bytes,   13190736 total
[2025-09-15T08:29:46.118+0000][183][trace][gc,age      ] GC(22) - age   5:    2255768 bytes,   15446504 total
[2025-09-15T08:29:46.118+0000][183][trace][gc,age      ] GC(22) - age   6:   16771192 bytes,   32217696 total
[2025-09-15T08:29:46.118+0000][183][trace][gc,age      ] GC(22) - age   7:      41344 bytes,   32259040 total
[2025-09-15T08:29:46.118+0000][183][info ][gc,heap     ] GC(22) Eden regions: 38->0(144)
[2025-09-15T08:29:46.118+0000][183][info ][gc,heap     ] GC(22) Survivor regions: 8->9(20)
[2025-09-15T08:29:46.119+0000][183][info ][gc,heap     ] GC(22) Old regions: 30->30
[2025-09-15T08:29:46.119+0000][183][info ][gc,heap     ] GC(22) Humongous regions: 2->2
[2025-09-15T08:29:46.119+0000][183][info ][gc,metaspace] GC(22) Metaspace: 159466K(163968K)->159466K(163968K) NonClass: 137396K(139840K)->137396K(139840K) Class: 22070K(24128K)->22070K(24128K)
[2025-09-15T08:29:46.119+0000][183][info ][gc          ] GC(22) Pause Young (Concurrent Start) (CodeCache GC Threshold) 308M->160M(1024M) 50.492ms
[2025-09-15T08:29:46.119+0000][183][info ][gc,cpu      ] GC(22) User=0.31s Sys=0.00s Real=0.05s
[2025-09-15T08:29:46.119+0000][183][info ][gc          ] GC(23) Concurrent Mark Cycle
[2025-09-15T08:29:46.119+0000][183][info ][gc,marking  ] GC(23) Concurrent Scan Root Regions
[2025-09-15T08:29:46.119+0000][183][info ][safepoint   ] Safepoint "G1TryInitiateConcMark", Time since last: 151565000 ns, Reaching safepoint: 15750 ns, Cleanup: 15792 ns, At safepoint: 50698875 ns, Total: 50730417 ns
[2025-09-15T08:29:46.133+0000][183][info ][gc,marking  ] GC(23) Concurrent Scan Root Regions 13.993ms
[2025-09-15T08:29:46.134+0000][183][info ][gc,marking  ] GC(23) Concurrent Mark
[2025-09-15T08:29:46.135+0000][183][info ][gc,marking  ] GC(23) Concurrent Mark From Roots
[2025-09-15T08:29:46.135+0000][183][info ][gc,task     ] GC(23) Using 2 workers of 2 for marking
[2025-09-15T08:29:46.203+0000][183][info ][safepoint   ] Safepoint "ICBufferFull", Time since last: 84137041 ns, Reaching safepoint: 31375 ns, Cleanup: 239084 ns, At safepoint: 16500 ns, Total: 286959 ns
[2025-09-15T08:29:46.239+0000][183][info ][gc,marking  ] GC(23) Concurrent Mark From Roots 104.220ms
[2025-09-15T08:29:46.239+0000][183][info ][gc,marking  ] GC(23) Concurrent Preclean
[2025-09-15T08:29:46.240+0000][183][info ][gc,marking  ] GC(23) Concurrent Preclean 0.790ms
[2025-09-15T08:29:46.240+0000][183][info ][gc,start    ] GC(23) Pause Remark
[2025-09-15T08:29:46.279+0000][183][info ][gc          ] GC(23) Pause Remark 166M->166M(1024M) 38.354ms
[2025-09-15T08:29:46.279+0000][183][info ][gc,cpu      ] GC(23) User=0.23s Sys=0.00s Real=0.04s
[2025-09-15T08:29:46.279+0000][183][info ][safepoint   ] Safepoint "G1PauseRemark", Time since last: 36775916 ns, Reaching safepoint: 12709 ns, Cleanup: 56625 ns, At safepoint: 38671625 ns, Total: 38740959 ns
[2025-09-15T08:29:46.279+0000][183][info ][gc,marking  ] GC(23) Concurrent Mark 145.092ms
[2025-09-15T08:29:46.280+0000][183][info ][gc,marking  ] GC(23) Concurrent Rebuild Remembered Sets and Scrub Regions
[2025-09-15T08:29:46.381+0000][183][info ][gc,marking  ] GC(23) Concurrent Rebuild Remembered Sets and Scrub Regions 101.538ms
[2025-09-15T08:29:46.382+0000][183][info ][gc,start    ] GC(23) Pause Cleanup
[2025-09-15T08:29:46.382+0000][183][info ][gc          ] GC(23) Pause Cleanup 168M->168M(1024M) 0.282ms
[2025-09-15T08:29:46.382+0000][183][info ][gc,cpu      ] GC(23) User=0.00s Sys=0.00s Real=0.00s
[2025-09-15T08:29:46.382+0000][183][info ][safepoint   ] Safepoint "G1PauseCleanup", Time since last: 102478250 ns, Reaching safepoint: 28291 ns, Cleanup: 168709 ns, At safepoint: 604125 ns, Total: 801125 ns
[2025-09-15T08:29:46.382+0000][183][info ][gc,marking  ] GC(23) Concurrent Clear Claimed Marks
[2025-09-15T08:29:46.383+0000][183][info ][gc,marking  ] GC(23) Concurrent Clear Claimed Marks 0.776ms
[2025-09-15T08:29:46.383+0000][183][info ][gc,marking  ] GC(23) Concurrent Cleanup for Next Mark
[2025-09-15T08:29:46.392+0000][183][info ][gc,marking  ] GC(23) Concurrent Cleanup for Next Mark 9.199ms
[2025-09-15T08:29:46.392+0000][183][info ][gc          ] GC(23) Concurrent Mark Cycle 273.604ms
[2025-09-15T08:29:47.383+0000][183][info ][safepoint   ] Safepoint "Cleanup", Time since last: 1000343584 ns, Reaching safepoint: 48208 ns, Cleanup: 170208 ns, At safepoint: 50667 ns, Total: 269083 ns
[2025-09-15T08:29:48.384+0000][183][info ][safepoint   ] Safepoint "Cleanup", Time since last: 1001105875 ns, Reaching safepoint: 50834 ns, Cleanup: 39541 ns, At safepoint: 12292 ns, Total: 102667 ns
[2025-09-15T08:29:49.385+0000][183][info ][safepoint   ] Safepoint "Cleanup", Time since last: 1001424334 ns, Reaching safepoint: 15917 ns, Cleanup: 24125 ns, At safepoint: 11416 ns, Total: 51458 ns
[2025-09-15T08:29:50.487+0000][183][info ][safepoint   ] Safepoint "Cleanup", Time since last: 1101360959 ns, Reaching safepoint: 27375 ns, Cleanup: 24125 ns, At safepoint: 10667 ns, Total: 62167 ns
[2025-09-15T08:29:51.489+0000][183][info ][safepoint   ] Safepoint "Cleanup", Time since last: 1001743959 ns, Reaching safepoint: 33875 ns, Cleanup: 15625 ns, At safepoint: 14000 ns, Total: 63500 ns
[2025-09-15T08:29:53.491+0000][183][info ][safepoint   ] Safepoint "Cleanup", Time since last: 2001978375 ns, Reaching safepoint: 421500 ns, Cleanup: 57834 ns, At safepoint: 30750 ns, Total: 510084 ns
[2025-09-15T08:29:54.508+0000][183][info ][safepoint   ] Safepoint "Cleanup", Time since last: 1016957625 ns, Reaching safepoint: 73375 ns, Cleanup: 129875 ns, At safepoint: 21334 ns, Total: 224584 ns
[2025-09-15T08:29:55.733+0000][183][info ][safepoint   ] Safepoint "Cleanup", Time since last: 1224236334 ns, Reaching safepoint: 42375 ns, Cleanup: 71625 ns, At safepoint: 11208 ns, Total: 125208 ns
[2025-09-15T08:29:56.734+0000][183][info ][safepoint   ] Safepoint "Cleanup", Time since last: 1001231000 ns, Reaching safepoint: 95834 ns, Cleanup: 104625 ns, At safepoint: 27208 ns, Total: 227667 ns
[2025-09-15T08:29:58.736+0000][183][info ][safepoint   ] Safepoint "Cleanup", Time since last: 2001676834 ns, Reaching safepoint: 157459 ns, Cleanup: 52000 ns, At safepoint: 14583 ns, Total: 224042 ns
[2025-09-15T08:29:59.738+0000][183][info ][safepoint   ] Safepoint "Cleanup", Time since last: 1002221792 ns, Reaching safepoint: 89250 ns, Cleanup: 48083 ns, At safepoint: 17667 ns, Total: 155000 ns
[2025-09-15T08:30:01.741+0000][183][info ][safepoint   ] Safepoint "Cleanup", Time since last: 2002121543 ns, Reaching safepoint: 92500 ns, Cleanup: 71458 ns, At safepoint: 30417 ns, Total: 194375 ns
[2025-09-15T08:30:04.745+0000][183][info ][safepoint   ] Safepoint "Cleanup", Time since last: 3003949876 ns, Reaching safepoint: 470958 ns, Cleanup: 73250 ns, At safepoint: 52459 ns, Total: 596667 ns
[2025-09-15T08:30:06.748+0000][183][info ][safepoint   ] Safepoint "Cleanup", Time since last: 2002526126 ns, Reaching safepoint: 65166 ns, Cleanup: 34417 ns, At safepoint: 16792 ns, Total: 116375 ns
[2025-09-15T08:30:07.751+0000][183][info ][safepoint   ] Safepoint "Cleanup", Time since last: 1002950792 ns, Reaching safepoint: 74000 ns, Cleanup: 43458 ns, At safepoint: 18834 ns, Total: 136292 ns
[2025-09-15T08:30:08.753+0000][183][info ][safepoint   ] Safepoint "Cleanup", Time since last: 1001664958 ns, Reaching safepoint: 81667 ns, Cleanup: 49125 ns, At safepoint: 18292 ns, Total: 149084 ns
[2025-09-15T08:30:09.754+0000][183][info ][safepoint   ] Safepoint "Cleanup", Time since last: 1000847584 ns, Reaching safepoint: 68875 ns, Cleanup: 43666 ns, At safepoint: 14917 ns, Total: 127458 ns
[2025-09-15T08:30:10.755+0000][183][info ][safepoint   ] Safepoint "Cleanup", Time since last: 1000793208 ns, Reaching safepoint: 21750 ns, Cleanup: 27000 ns, At safepoint: 9542 ns, Total: 58292 ns
[2025-09-15T08:30:11.756+0000][183][info ][safepoint   ] Safepoint "Cleanup", Time since last: 1001131459 ns, Reaching safepoint: 120167 ns, Cleanup: 257250 ns, At safepoint: 30291 ns, Total: 407708 ns
[2025-09-15T08:30:13.759+0000][183][info ][safepoint   ] Safepoint "Cleanup", Time since last: 2002235793 ns, Reaching safepoint: 49833 ns, Cleanup: 40083 ns, At safepoint: 11917 ns, Total: 101833 ns
[2025-09-15T08:30:14.760+0000][183][info ][safepoint   ] Safepoint "Cleanup", Time since last: 1001210209 ns, Reaching safepoint: 87042 ns, Cleanup: 48166 ns, At safepoint: 24834 ns, Total: 160042 ns
[2025-09-15T08:30:16.763+0000][183][info ][safepoint   ] Safepoint "Cleanup", Time since last: 2003054501 ns, Reaching safepoint: 81333 ns, Cleanup: 65667 ns, At safepoint: 21750 ns, Total: 168750 ns
[2025-09-15T08:30:17.765+0000][183][info ][safepoint   ] Safepoint "Cleanup", Time since last: 1001377708 ns, Reaching safepoint: 36417 ns, Cleanup: 20792 ns, At safepoint: 9541 ns, Total: 66750 ns
[2025-09-15T08:30:18.781+0000][183][info ][safepoint   ] Safepoint "Cleanup", Time since last: 1007724501 ns, Reaching safepoint: 8624042 ns, Cleanup: 41166 ns, At safepoint: 19834 ns, Total: 8685042 ns
[2025-09-15T08:30:19.789+0000][183][info ][safepoint   ] Safepoint "Cleanup", Time since last: 1007470208 ns, Reaching safepoint: 158750 ns, Cleanup: 87750 ns, At safepoint: 17709 ns, Total: 264209 ns
[2025-09-15T08:30:20.790+0000][183][info ][safepoint   ] Safepoint "Cleanup", Time since last: 1000845584 ns, Reaching safepoint: 46708 ns, Cleanup: 98083 ns, At safepoint: 18500 ns, Total: 163291 ns
[2025-09-15T08:30:21.791+0000][183][info ][safepoint   ] Safepoint "Cleanup", Time since last: 1001284459 ns, Reaching safepoint: 101625 ns, Cleanup: 81125 ns, At safepoint: 21875 ns, Total: 204625 ns
[2025-09-15T08:30:22.794+0000][183][info ][safepoint   ] Safepoint "Cleanup", Time since last: 1001388709 ns, Reaching safepoint: 1092708 ns, Cleanup: 122000 ns, At safepoint: 30750 ns, Total: 1245458 ns
[2025-09-15T08:30:24.797+0000][183][info ][safepoint   ] Safepoint "Cleanup", Time since last: 2003037209 ns, Reaching safepoint: 46459 ns, Cleanup: 67583 ns, At safepoint: 15167 ns, Total: 129209 ns
[2025-09-15T08:30:26.800+0000][183][info ][safepoint   ] Safepoint "Cleanup", Time since last: 2001944001 ns, Reaching safepoint: 210875 ns, Cleanup: 231958 ns, At safepoint: 21500 ns, Total: 464333 ns
[2025-09-15T08:30:28.803+0000][183][info ][safepoint   ] Safepoint "Cleanup", Time since last: 2003658251 ns, Reaching safepoint: 69000 ns, Cleanup: 35250 ns, At safepoint: 17958 ns, Total: 122208 ns
[2025-09-15T08:30:29.806+0000][183][info ][safepoint   ] Safepoint "Cleanup", Time since last: 1002361501 ns, Reaching safepoint: 92958 ns, Cleanup: 88000 ns, At safepoint: 25167 ns, Total: 206125 ns
[2025-09-15T08:30:31.808+0000][183][info ][safepoint   ] Safepoint "Cleanup", Time since last: 2001667626 ns, Reaching safepoint: 107250 ns, Cleanup: 78666 ns, At safepoint: 20792 ns, Total: 206708 ns
[2025-09-15T08:30:34.811+0000][183][info ][safepoint   ] Safepoint "Cleanup", Time since last: 3002821710 ns, Reaching safepoint: 264375 ns, Cleanup: 38875 ns, At safepoint: 18542 ns, Total: 321792 ns
[2025-09-15T08:30:36.814+0000][183][info ][safepoint   ] Safepoint "Cleanup", Time since last: 2002769209 ns, Reaching safepoint: 89958 ns, Cleanup: 50750 ns, At safepoint: 20458 ns, Total: 161166 ns
[2025-09-15T08:30:39.819+0000][183][info ][safepoint   ] Safepoint "Cleanup", Time since last: 3004290085 ns, Reaching safepoint: 864209 ns, Cleanup: 54250 ns, At safepoint: 38833 ns, Total: 957292 ns
[2025-09-15T08:30:41.305+0000][183][info ][safepoint   ] Safepoint "Cleanup", Time since last: 1484853541 ns, Reaching safepoint: 68584 ns, Cleanup: 194208 ns, At safepoint: 28667 ns, Total: 291459 ns
[2025-09-15T08:30:43.307+0000][183][info ][safepoint   ] Safepoint "Cleanup", Time since last: 2001652584 ns, Reaching safepoint: 61333 ns, Cleanup: 48542 ns, At safepoint: 8250 ns, Total: 118125 ns
[2025-09-15T08:30:44.308+0000][183][info ][safepoint   ] Safepoint "Cleanup", Time since last: 1000845292 ns, Reaching safepoint: 92625 ns, Cleanup: 97042 ns, At safepoint: 21416 ns, Total: 211083 ns
[2025-09-15T08:30:48.314+0000][183][info ][safepoint   ] Safepoint "Cleanup", Time since last: 4005453252 ns, Reaching safepoint: 640209 ns, Cleanup: 68666 ns, At safepoint: 25917 ns, Total: 734792 ns
[2025-09-15T08:30:49.316+0000][183][info ][safepoint   ] Safepoint "Cleanup", Time since last: 1001602542 ns, Reaching safepoint: 380042 ns, Cleanup: 99625 ns, At safepoint: 20916 ns, Total: 500583 ns
[2025-09-15T08:30:51.318+0000][183][info ][safepoint   ] Safepoint "Cleanup", Time since last: 2002185751 ns, Reaching safepoint: 38917 ns, Cleanup: 46708 ns, At safepoint: 12209 ns, Total: 97834 ns
[2025-09-15T08:30:52.320+0000][183][info ][safepoint   ] Safepoint "Cleanup", Time since last: 1001467542 ns, Reaching safepoint: 56542 ns, Cleanup: 71791 ns, At safepoint: 20792 ns, Total: 149125 ns
[2025-09-15T08:30:54.322+0000][183][info ][safepoint   ] Safepoint "Cleanup", Time since last: 2002354293 ns, Reaching safepoint: 47291 ns, Cleanup: 57542 ns, At safepoint: 12083 ns, Total: 116916 ns
[2025-09-15T08:30:55.925+0000][183][info ][safepoint   ] Safepoint "Cleanup", Time since last: 1602243668 ns, Reaching safepoint: 116125 ns, Cleanup: 130125 ns, At safepoint: 18500 ns, Total: 264750 ns
[2025-09-15T08:30:56.926+0000][183][info ][safepoint   ] Safepoint "Cleanup", Time since last: 1001224625 ns, Reaching safepoint: 23292 ns, Cleanup: 15083 ns, At safepoint: 6125 ns, Total: 44500 ns
[2025-09-15T08:30:58.929+0000][183][info ][safepoint   ] Safepoint "Cleanup", Time since last: 2003037626 ns, Reaching safepoint: 47542 ns, Cleanup: 115875 ns, At safepoint: 18416 ns, Total: 181833 ns
[2025-09-15T08:31:01.932+0000][183][info ][safepoint   ] Safepoint "Cleanup", Time since last: 3002857793 ns, Reaching safepoint: 83792 ns, Cleanup: 87792 ns, At safepoint: 39041 ns, Total: 210625 ns
[2025-09-15T08:31:05.937+0000][183][info ][safepoint   ] Safepoint "Cleanup", Time since last: 4004076877 ns, Reaching safepoint: 384834 ns, Cleanup: 55625 ns, At safepoint: 26750 ns, Total: 467209 ns
[2025-09-15T08:31:06.938+0000][183][info ][safepoint   ] Safepoint "Cleanup", Time since last: 1001471292 ns, Reaching safepoint: 19000 ns, Cleanup: 13000 ns, At safepoint: 4417 ns, Total: 36417 ns
[2025-09-15T08:31:08.941+0000][183][info ][safepoint   ] Safepoint "Cleanup", Time since last: 2002349542 ns, Reaching safepoint: 12917 ns, Cleanup: 12041 ns, At safepoint: 4792 ns, Total: 29750 ns
[2025-09-15T08:31:09.942+0000][183][info ][safepoint   ] Safepoint "Cleanup", Time since last: 1000699334 ns, Reaching safepoint: 70750 ns, Cleanup: 30917 ns, At safepoint: 15583 ns, Total: 117250 ns
[2025-09-15T08:31:11.943+0000][183][info ][safepoint   ] Safepoint "Cleanup", Time since last: 2001595876 ns, Reaching safepoint: 204250 ns, Cleanup: 92708 ns, At safepoint: 37750 ns, Total: 334708 ns
[2025-09-15T08:31:12.946+0000][183][info ][safepoint   ] Safepoint "Cleanup", Time since last: 1002092375 ns, Reaching safepoint: 201209 ns, Cleanup: 40041 ns, At safepoint: 25500 ns, Total: 266750 ns
[2025-09-15T08:31:16.950+0000][183][info ][safepoint   ] Safepoint "Cleanup", Time since last: 4004549169 ns, Reaching safepoint: 73083 ns, Cleanup: 48792 ns, At safepoint: 9750 ns, Total: 131625 ns
[2025-09-15T08:31:18.952+0000][183][info ][safepoint   ] Safepoint "Cleanup", Time since last: 2001634709 ns, Reaching safepoint: 39750 ns, Cleanup: 28000 ns, At safepoint: 8584 ns, Total: 76334 ns
[2025-09-15T08:31:20.959+0000][183][info ][safepoint   ] Safepoint "Cleanup", Time since last: 2006429126 ns, Reaching safepoint: 640166 ns, Cleanup: 163792 ns, At safepoint: 31542 ns, Total: 835500 ns
[2025-09-15T08:31:21.961+0000][183][info ][safepoint   ] Safepoint "Cleanup", Time since last: 1001775417 ns, Reaching safepoint: 19791 ns, Cleanup: 22042 ns, At safepoint: 6750 ns, Total: 48583 ns
[2025-09-15T08:31:22.962+0000][183][info ][safepoint   ] Safepoint "Cleanup", Time since last: 1001108501 ns, Reaching safepoint: 23666 ns, Cleanup: 33250 ns, At safepoint: 8792 ns, Total: 65708 ns
[2025-09-15T08:31:23.963+0000][183][info ][safepoint   ] Safepoint "Cleanup", Time since last: 1000671625 ns, Reaching safepoint: 83167 ns, Cleanup: 152583 ns, At safepoint: 37375 ns, Total: 273125 ns
[2025-09-15T08:31:28.969+0000][183][info ][safepoint   ] Safepoint "Cleanup", Time since last: 5005789503 ns, Reaching safepoint: 75166 ns, Cleanup: 37459 ns, At safepoint: 20458 ns, Total: 133083 ns
[2025-09-15T08:31:29.971+0000][183][info ][safepoint   ] Safepoint "Cleanup", Time since last: 1001705084 ns, Reaching safepoint: 14708 ns, Cleanup: 64584 ns, At safepoint: 11000 ns, Total: 90292 ns
[2025-09-15T08:31:30.993+0000][183][info ][safepoint   ] Safepoint "Cleanup", Time since last: 1021937208 ns, Reaching safepoint: 144917 ns, Cleanup: 43125 ns, At safepoint: 8000 ns, Total: 196042 ns
[2025-09-15T08:31:31.995+0000][183][info ][safepoint   ] Safepoint "Cleanup", Time since last: 1001126501 ns, Reaching safepoint: 129791 ns, Cleanup: 104875 ns, At safepoint: 32917 ns, Total: 267583 ns
[2025-09-15T08:31:33.998+0000][183][info ][safepoint   ] Safepoint "Cleanup", Time since last: 2002794167 ns, Reaching safepoint: 122959 ns, Cleanup: 59583 ns, At safepoint: 19917 ns, Total: 202459 ns
[2025-09-15T08:31:35.000+0000][183][info ][safepoint   ] Safepoint "Cleanup", Time since last: 1001859459 ns, Reaching safepoint: 400250 ns, Cleanup: 271958 ns, At safepoint: 37542 ns, Total: 709750 ns
[2025-09-15T08:31:36.003+0000][183][info ][safepoint   ] Safepoint "Cleanup", Time since last: 1002354625 ns, Reaching safepoint: 140167 ns, Cleanup: 192833 ns, At safepoint: 123958 ns, Total: 456958 ns
[2025-09-15T08:31:37.004+0000][183][info ][safepoint   ] Safepoint "Cleanup", Time since last: 1001098001 ns, Reaching safepoint: 15667 ns, Cleanup: 32333 ns, At safepoint: 12875 ns, Total: 60875 ns
[2025-09-15T08:31:42.883+0000][183][info ][safepoint   ] Safepoint "Cleanup", Time since last: 5878672627 ns, Reaching safepoint: 5125 ns, Cleanup: 17292 ns, At safepoint: 4833 ns, Total: 27250 ns
[2025-09-15T08:31:44.511+0000][183][info ][safepoint   ] Safepoint "Cleanup", Time since last: 1627382959 ns, Reaching safepoint: 204167 ns, Cleanup: 104375 ns, At safepoint: 17125 ns, Total: 325667 ns
[2025-09-15T08:31:46.514+0000][183][info ][safepoint   ] Safepoint "Cleanup", Time since last: 2002605751 ns, Reaching safepoint: 49541 ns, Cleanup: 29250 ns, At safepoint: 13209 ns, Total: 92000 ns
[2025-09-15T08:31:48.516+0000][183][info ][safepoint   ] Safepoint "Cleanup", Time since last: 2002045626 ns, Reaching safepoint: 75750 ns, Cleanup: 22458 ns, At safepoint: 19292 ns, Total: 117500 ns
[2025-09-15T08:31:49.518+0000][183][info ][safepoint   ] Safepoint "Cleanup", Time since last: 1001827292 ns, Reaching safepoint: 130333 ns, Cleanup: 112917 ns, At safepoint: 19583 ns, Total: 262833 ns
[2025-09-15T08:31:52.521+0000][183][info ][safepoint   ] Safepoint "Cleanup", Time since last: 3002569668 ns, Reaching safepoint: 64000 ns, Cleanup: 50625 ns, At safepoint: 22209 ns, Total: 136834 ns
[2025-09-15T08:31:55.043+0000][183][info ][safepoint   ] Safepoint "Cleanup", Time since last: 2522482001 ns, Reaching safepoint: 31458 ns, Cleanup: 56625 ns, At safepoint: 30000 ns, Total: 118083 ns
[2025-09-15T08:32:00.050+0000][183][info ][safepoint   ] Safepoint "Cleanup", Time since last: 5006383253 ns, Reaching safepoint: 83958 ns, Cleanup: 84958 ns, At safepoint: 22334 ns, Total: 191250 ns
[2025-09-15T08:32:02.053+0000][183][info ][safepoint   ] Safepoint "Cleanup", Time since last: 2002696292 ns, Reaching safepoint: 102875 ns, Cleanup: 36834 ns, At safepoint: 20916 ns, Total: 160625 ns
[2025-09-15T08:32:04.055+0000][183][info ][safepoint   ] Safepoint "Cleanup", Time since last: 2002247334 ns, Reaching safepoint: 158709 ns, Cleanup: 41500 ns, At safepoint: 14875 ns, Total: 215084 ns
[2025-09-15T08:32:09.062+0000][183][info ][safepoint   ] Safepoint "Cleanup", Time since last: 5007048127 ns, Reaching safepoint: 56000 ns, Cleanup: 56709 ns, At safepoint: 16666 ns, Total: 129375 ns
[2025-09-15T08:32:11.068+0000][183][info ][safepoint   ] Safepoint "Cleanup", Time since last: 2004620542 ns, Reaching safepoint: 198625 ns, Cleanup: 42625 ns, At safepoint: 24875 ns, Total: 266125 ns
[2025-09-15T08:32:12.069+0000][183][info ][safepoint   ] Safepoint "Cleanup", Time since last: 1001420750 ns, Reaching safepoint: 68209 ns, Cleanup: 30708 ns, At safepoint: 20292 ns, Total: 119209 ns
[2025-09-15T08:32:13.070+0000][183][info ][safepoint   ] Safepoint "Cleanup", Time since last: 1000956833 ns, Reaching safepoint: 56250 ns, Cleanup: 22417 ns, At safepoint: 11333 ns, Total: 90000 ns
[2025-09-15T08:32:14.072+0000][183][info ][safepoint   ] Safepoint "Cleanup", Time since last: 1001466418 ns, Reaching safepoint: 66208 ns, Cleanup: 63583 ns, At safepoint: 17709 ns, Total: 147500 ns
[2025-09-15T08:32:19.079+0000][183][info ][safepoint   ] Safepoint "Cleanup", Time since last: 5007052877 ns, Reaching safepoint: 73917 ns, Cleanup: 29333 ns, At safepoint: 16833 ns, Total: 120083 ns
[2025-09-15T08:32:21.082+0000][183][info ][safepoint   ] Safepoint "Cleanup", Time since last: 2003232960 ns, Reaching safepoint: 96625 ns, Cleanup: 167875 ns, At safepoint: 16000 ns, Total: 280500 ns
[2025-09-15T08:32:22.084+0000][183][info ][safepoint   ] Safepoint "Cleanup", Time since last: 1001657833 ns, Reaching safepoint: 40292 ns, Cleanup: 21667 ns, At safepoint: 10791 ns, Total: 72750 ns
[2025-09-15T08:32:24.085+0000][183][info ][safepoint   ] Safepoint "Cleanup", Time since last: 2001022835 ns, Reaching safepoint: 62500 ns, Cleanup: 23250 ns, At safepoint: 14625 ns, Total: 100375 ns
[2025-09-15T08:32:25.086+0000][183][info ][safepoint   ] Safepoint "Cleanup", Time since last: 1000554584 ns, Reaching safepoint: 50500 ns, Cleanup: 33041 ns, At safepoint: 23417 ns, Total: 106958 ns
[2025-09-15T08:32:27.088+0000][183][info ][safepoint   ] Safepoint "Cleanup", Time since last: 2001796626 ns, Reaching safepoint: 26208 ns, Cleanup: 26792 ns, At safepoint: 10542 ns, Total: 63542 ns
[2025-09-15T08:32:28.089+0000][183][info ][safepoint   ] Safepoint "Cleanup", Time since last: 1001182375 ns, Reaching safepoint: 36958 ns, Cleanup: 22834 ns, At safepoint: 9500 ns, Total: 69292 ns
[2025-09-15T08:32:32.095+0000][183][info ][safepoint   ] Safepoint "Cleanup", Time since last: 4005812918 ns, Reaching safepoint: 36417 ns, Cleanup: 16917 ns, At safepoint: 7541 ns, Total: 60875 ns
[2025-09-15T08:32:34.097+0000][183][info ][safepoint   ] Safepoint "Cleanup", Time since last: 2002251335 ns, Reaching safepoint: 46375 ns, Cleanup: 29333 ns, At safepoint: 12417 ns, Total: 88125 ns
[2025-09-15T08:32:36.099+0000][183][info ][safepoint   ] Safepoint "Cleanup", Time since last: 2001542417 ns, Reaching safepoint: 50792 ns, Cleanup: 28375 ns, At safepoint: 19333 ns, Total: 98500 ns
[2025-09-15T08:32:39.102+0000][183][info ][safepoint   ] Safepoint "Cleanup", Time since last: 3003015085 ns, Reaching safepoint: 21500 ns, Cleanup: 20958 ns, At safepoint: 8375 ns, Total: 50833 ns
[2025-09-15T08:32:40.103+0000][183][info ][safepoint   ] Safepoint "Cleanup", Time since last: 1001422876 ns, Reaching safepoint: 49541 ns, Cleanup: 25584 ns, At safepoint: 14833 ns, Total: 89958 ns
[2025-09-15T08:32:41.105+0000][183][info ][safepoint   ] Safepoint "Cleanup", Time since last: 1001292458 ns, Reaching safepoint: 48500 ns, Cleanup: 42209 ns, At safepoint: 13583 ns, Total: 104292 ns
[2025-09-15T08:32:42.106+0000][183][info ][safepoint   ] Safepoint "Cleanup", Time since last: 1001160000 ns, Reaching safepoint: 49459 ns, Cleanup: 47833 ns, At safepoint: 22875 ns, Total: 120167 ns
[2025-09-15T08:32:43.108+0000][183][info ][safepoint   ] Safepoint "Cleanup", Time since last: 1001118209 ns, Reaching safepoint: 35583 ns, Cleanup: 21250 ns, At safepoint: 8500 ns, Total: 65333 ns
[2025-09-15T08:32:44.110+0000][183][info ][safepoint   ] Safepoint "Cleanup", Time since last: 1002013459 ns, Reaching safepoint: 427792 ns, Cleanup: 47958 ns, At safepoint: 23125 ns, Total: 498875 ns
[2025-09-15T08:32:45.920+0000][183][info ][safepoint   ] Safepoint "Cleanup", Time since last: 1809701876 ns, Reaching safepoint: 5458 ns, Cleanup: 30125 ns, At safepoint: 5417 ns, Total: 41000 ns
[2025-09-15T08:32:47.687+0000][183][info ][safepoint   ] Safepoint "Cleanup", Time since last: 1766369709 ns, Reaching safepoint: 155000 ns, Cleanup: 166125 ns, At safepoint: 19833 ns, Total: 340958 ns
[2025-09-15T08:32:48.917+0000][183][info ][safepoint   ] Safepoint "Cleanup", Time since last: 1230666834 ns, Reaching safepoint: 18750 ns, Cleanup: 54209 ns, At safepoint: 7875 ns, Total: 80834 ns
[2025-09-15T08:32:49.918+0000][183][info ][safepoint   ] Safepoint "Cleanup", Time since last: 1000886417 ns, Reaching safepoint: 17583 ns, Cleanup: 45833 ns, At safepoint: 11167 ns, Total: 74583 ns
[2025-09-15T08:32:51.921+0000][183][info ][safepoint   ] Safepoint "Cleanup", Time since last: 2002501334 ns, Reaching safepoint: 142917 ns, Cleanup: 48333 ns, At safepoint: 15042 ns, Total: 206292 ns
[2025-09-15T08:32:53.923+0000][183][info ][safepoint   ] Safepoint "Cleanup", Time since last: 2002158543 ns, Reaching safepoint: 28333 ns, Cleanup: 19500 ns, At safepoint: 14625 ns, Total: 62458 ns
[2025-09-15T08:32:54.924+0000][183][info ][safepoint   ] Safepoint "Cleanup", Time since last: 1000786667 ns, Reaching safepoint: 16500 ns, Cleanup: 37625 ns, At safepoint: 7958 ns, Total: 62083 ns
[2025-09-15T08:32:57.272+0000][183][info ][safepoint   ] Safepoint "Cleanup", Time since last: 2347332752 ns, Reaching safepoint: 51833 ns, Cleanup: 109375 ns, At safepoint: 23292 ns, Total: 184500 ns
[2025-09-15T08:32:58.274+0000][183][info ][safepoint   ] Safepoint "Cleanup", Time since last: 1001706875 ns, Reaching safepoint: 78958 ns, Cleanup: 237125 ns, At safepoint: 23792 ns, Total: 339875 ns
[2025-09-15T08:33:02.279+0000][183][info ][safepoint   ] Safepoint "Cleanup", Time since last: 4004929377 ns, Reaching safepoint: 311917 ns, Cleanup: 60041 ns, At safepoint: 64709 ns, Total: 436667 ns
[2025-09-15T08:33:03.281+0000][183][info ][safepoint   ] Safepoint "Cleanup", Time since last: 1002078375 ns, Reaching safepoint: 19958 ns, Cleanup: 10500 ns, At safepoint: 5584 ns, Total: 36042 ns
[2025-09-15T08:33:04.282+0000][183][info ][safepoint   ] Safepoint "Cleanup", Time since last: 1001219000 ns, Reaching safepoint: 77167 ns, Cleanup: 57917 ns, At safepoint: 20416 ns, Total: 155500 ns
[2025-09-15T08:33:06.285+0000][183][info ][safepoint   ] Safepoint "Cleanup", Time since last: 2002733335 ns, Reaching safepoint: 28541 ns, Cleanup: 64125 ns, At safepoint: 14209 ns, Total: 106875 ns
[2025-09-15T08:33:09.289+0000][183][info ][safepoint   ] Safepoint "Cleanup", Time since last: 3003427793 ns, Reaching safepoint: 81708 ns, Cleanup: 30958 ns, At safepoint: 16459 ns, Total: 129125 ns
[2025-09-15T08:33:11.292+0000][183][info ][safepoint   ] Safepoint "Cleanup", Time since last: 2002701375 ns, Reaching safepoint: 68792 ns, Cleanup: 42583 ns, At safepoint: 19084 ns, Total: 130459 ns
[2025-09-15T08:33:13.295+0000][183][info ][safepoint   ] Safepoint "Cleanup", Time since last: 2002497292 ns, Reaching safepoint: 34959 ns, Cleanup: 34791 ns, At safepoint: 9542 ns, Total: 79292 ns
[2025-09-15T08:33:16.298+0000][183][info ][safepoint   ] Safepoint "Cleanup", Time since last: 3002887668 ns, Reaching safepoint: 51792 ns, Cleanup: 25875 ns, At safepoint: 15916 ns, Total: 93583 ns
[2025-09-15T08:33:19.301+0000][183][info ][safepoint   ] Safepoint "Cleanup", Time since last: 3003845502 ns, Reaching safepoint: 27750 ns, Cleanup: 21541 ns, At safepoint: 11834 ns, Total: 61125 ns
[2025-09-15T08:33:21.304+0000][183][info ][safepoint   ] Safepoint "Cleanup", Time since last: 2002128126 ns, Reaching safepoint: 57750 ns, Cleanup: 52416 ns, At safepoint: 14292 ns, Total: 124458 ns
[2025-09-15T08:33:22.304+0000][183][info ][safepoint   ] Safepoint "Cleanup", Time since last: 1000658209 ns, Reaching safepoint: 51375 ns, Cleanup: 33292 ns, At safepoint: 11791 ns, Total: 96458 ns
[2025-09-15T08:33:24.302+0000][183][info ][safepoint   ] Safepoint "Cleanup", Time since last: 1997345376 ns, Reaching safepoint: 30667 ns, Cleanup: 23625 ns, At safepoint: 8500 ns, Total: 62792 ns
[2025-09-15T08:33:25.778+0000][183][info ][safepoint   ] Safepoint "Cleanup", Time since last: 1476379834 ns, Reaching safepoint: 13417 ns, Cleanup: 55958 ns, At safepoint: 5375 ns, Total: 74750 ns
[2025-09-15T08:33:26.806+0000][183][info ][safepoint   ] Safepoint "Cleanup", Time since last: 1027588542 ns, Reaching safepoint: 142500 ns, Cleanup: 24167 ns, At safepoint: 13541 ns, Total: 180208 ns
[2025-09-15T08:33:27.875+0000][183][info ][safepoint   ] Safepoint "Cleanup", Time since last: 1068350043 ns, Reaching safepoint: 92916 ns, Cleanup: 48959 ns, At safepoint: 19000 ns, Total: 160875 ns
[2025-09-15T08:33:28.877+0000][183][info ][safepoint   ] Safepoint "Cleanup", Time since last: 1000810750 ns, Reaching safepoint: 1072917 ns, Cleanup: 28666 ns, At safepoint: 33167 ns, Total: 1134750 ns
[2025-09-15T08:33:30.073+0000][183][info ][safepoint   ] Safepoint "Cleanup", Time since last: 1196558876 ns, Reaching safepoint: 13541 ns, Cleanup: 164417 ns, At safepoint: 15083 ns, Total: 193041 ns
[2025-09-15T08:33:34.084+0000][183][info ][safepoint   ] Safepoint "Cleanup", Time since last: 4011049211 ns, Reaching safepoint: 49250 ns, Cleanup: 34458 ns, At safepoint: 11000 ns, Total: 94708 ns
[2025-09-15T08:33:36.087+0000][183][info ][safepoint   ] Safepoint "Cleanup", Time since last: 2002060167 ns, Reaching safepoint: 143500 ns, Cleanup: 37334 ns, At safepoint: 31291 ns, Total: 212125 ns
[2025-09-15T08:33:37.089+0000][183][info ][safepoint   ] Safepoint "Cleanup", Time since last: 1001831126 ns, Reaching safepoint: 21000 ns, Cleanup: 16625 ns, At safepoint: 7458 ns, Total: 45083 ns
[2025-09-15T08:33:40.864+0000][183][info ][safepoint   ] Safepoint "Cleanup", Time since last: 3775410918 ns, Reaching safepoint: 761791 ns, Cleanup: 51542 ns, At safepoint: 19625 ns, Total: 832958 ns
[2025-09-15T08:33:41.865+0000][183][info ][safepoint   ] Safepoint "Cleanup", Time since last: 1000546626 ns, Reaching safepoint: 29791 ns, Cleanup: 24250 ns, At safepoint: 20375 ns, Total: 74416 ns
[2025-09-15T08:33:43.869+0000][183][info ][safepoint   ] Safepoint "Cleanup", Time since last: 2003715876 ns, Reaching safepoint: 69167 ns, Cleanup: 30625 ns, At safepoint: 21208 ns, Total: 121000 ns
[2025-09-15T08:33:44.870+0000][183][info ][safepoint   ] Safepoint "Cleanup", Time since last: 1001111751 ns, Reaching safepoint: 55583 ns, Cleanup: 29708 ns, At safepoint: 128125 ns, Total: 213416 ns
[2025-09-15T08:33:46.874+0000][183][info ][safepoint   ] Safepoint "Cleanup", Time since last: 2003384668 ns, Reaching safepoint: 163458 ns, Cleanup: 39209 ns, At safepoint: 289041 ns, Total: 491708 ns
[2025-09-15T08:33:48.876+0000][183][info ][safepoint   ] Safepoint "Cleanup", Time since last: 2001840585 ns, Reaching safepoint: 44541 ns, Cleanup: 22542 ns, At safepoint: 26333 ns, Total: 93416 ns
[2025-09-15T08:33:49.922+0000][183][info ][safepoint   ] Safepoint "Cleanup", Time since last: 1046274959 ns, Reaching safepoint: 7500 ns, Cleanup: 68667 ns, At safepoint: 11250 ns, Total: 87417 ns
[2025-09-15T08:33:50.960+0000][183][info ][safepoint   ] Safepoint "Cleanup", Time since last: 1037206125 ns, Reaching safepoint: 283792 ns, Cleanup: 30583 ns, At safepoint: 15459 ns, Total: 329834 ns
[2025-09-15T08:33:51.962+0000][183][info ][safepoint   ] Safepoint "Cleanup", Time since last: 1001576833 ns, Reaching safepoint: 46750 ns, Cleanup: 30542 ns, At safepoint: 11750 ns, Total: 89042 ns
[2025-09-15T08:33:54.964+0000][183][info ][safepoint   ] Safepoint "Cleanup", Time since last: 3002807460 ns, Reaching safepoint: 63291 ns, Cleanup: 35584 ns, At safepoint: 14875 ns, Total: 113750 ns
[2025-09-15T08:33:57.411+0000][183][info ][safepoint   ] Safepoint "Cleanup", Time since last: 2446782084 ns, Reaching safepoint: 96459 ns, Cleanup: 68000 ns, At safepoint: 24750 ns, Total: 189209 ns
[2025-09-15T08:33:58.413+0000][183][info ][safepoint   ] Safepoint "Cleanup", Time since last: 1001589125 ns, Reaching safepoint: 49875 ns, Cleanup: 37083 ns, At safepoint: 14417 ns, Total: 101375 ns
[2025-09-15T08:34:01.416+0000][183][info ][safepoint   ] Safepoint "Cleanup", Time since last: 3002844835 ns, Reaching safepoint: 116833 ns, Cleanup: 22792 ns, At safepoint: 20958 ns, Total: 160583 ns
[2025-09-15T08:34:04.419+0000][183][info ][safepoint   ] Safepoint "Cleanup", Time since last: 3003026252 ns, Reaching safepoint: 79250 ns, Cleanup: 63875 ns, At safepoint: 16791 ns, Total: 159916 ns
[2025-09-15T08:34:07.424+0000][183][info ][safepoint   ] Safepoint "Cleanup", Time since last: 3004149543 ns, Reaching safepoint: 264625 ns, Cleanup: 220000 ns, At safepoint: 26709 ns, Total: 511334 ns
[2025-09-15T08:34:09.427+0000][183][info ][safepoint   ] Safepoint "Cleanup", Time since last: 2002941501 ns, Reaching safepoint: 133500 ns, Cleanup: 51166 ns, At safepoint: 31625 ns, Total: 216291 ns
[2025-09-15T08:34:19.438+0000][183][info ][safepoint   ] Safepoint "Cleanup", Time since last: 10010154171 ns, Reaching safepoint: 274625 ns, Cleanup: 42875 ns, At safepoint: 29375 ns, Total: 346875 ns
[2025-09-15T08:34:21.442+0000][183][info ][safepoint   ] Safepoint "Cleanup", Time since last: 2003359418 ns, Reaching safepoint: 78041 ns, Cleanup: 121125 ns, At safepoint: 28500 ns, Total: 227666 ns
[2025-09-15T08:34:24.446+0000][183][info ][safepoint   ] Safepoint "Cleanup", Time since last: 3004383669 ns, Reaching safepoint: 75291 ns, Cleanup: 135250 ns, At safepoint: 20875 ns, Total: 231416 ns
[2025-09-15T08:34:25.448+0000][183][info ][safepoint   ] Safepoint "Cleanup", Time since last: 1001542792 ns, Reaching safepoint: 21084 ns, Cleanup: 19583 ns, At safepoint: 9208 ns, Total: 49875 ns
[2025-09-15T08:34:26.450+0000][183][info ][safepoint   ] Safepoint "Cleanup", Time since last: 1001880168 ns, Reaching safepoint: 17208 ns, Cleanup: 15708 ns, At safepoint: 6875 ns, Total: 39791 ns
[2025-09-15T08:34:28.452+0000][183][info ][safepoint   ] Safepoint "Cleanup", Time since last: 2001728876 ns, Reaching safepoint: 94542 ns, Cleanup: 26916 ns, At safepoint: 29292 ns, Total: 150750 ns
[2025-09-15T08:34:29.453+0000][183][info ][safepoint   ] Safepoint "Cleanup", Time since last: 1000609959 ns, Reaching safepoint: 45333 ns, Cleanup: 24167 ns, At safepoint: 15167 ns, Total: 84667 ns
[2025-09-15T08:34:31.455+0000][183][info ][safepoint   ] Safepoint "Cleanup", Time since last: 2002302251 ns, Reaching safepoint: 33833 ns, Cleanup: 21750 ns, At safepoint: 9375 ns, Total: 64958 ns
[2025-09-15T08:34:34.459+0000][183][info ][safepoint   ] Safepoint "Cleanup", Time since last: 3003898793 ns, Reaching safepoint: 107417 ns, Cleanup: 69416 ns, At safepoint: 21792 ns, Total: 198625 ns
[2025-09-15T08:34:35.461+0000][183][info ][safepoint   ] Safepoint "Cleanup", Time since last: 1002151042 ns, Reaching safepoint: 56500 ns, Cleanup: 31875 ns, At safepoint: 13958 ns, Total: 102333 ns
[2025-09-15T08:34:36.463+0000][183][info ][safepoint   ] Safepoint "Cleanup", Time since last: 1001362959 ns, Reaching safepoint: 40250 ns, Cleanup: 25709 ns, At safepoint: 7916 ns, Total: 73875 ns
[2025-09-15T08:34:39.466+0000][183][info ][safepoint   ] Safepoint "Cleanup", Time since last: 3002994918 ns, Reaching safepoint: 98959 ns, Cleanup: 33333 ns, At safepoint: 20958 ns, Total: 153250 ns
[2025-09-15T08:34:40.469+0000][183][info ][safepoint   ] Safepoint "Cleanup", Time since last: 1002248751 ns, Reaching safepoint: 161666 ns, Cleanup: 59834 ns, At safepoint: 34583 ns, Total: 256083 ns
[2025-09-15T08:34:42.470+0000][183][info ][safepoint   ] Safepoint "Cleanup", Time since last: 2001325084 ns, Reaching safepoint: 50459 ns, Cleanup: 64500 ns, At safepoint: 15583 ns, Total: 130542 ns
[2025-09-15T08:34:44.473+0000][183][info ][safepoint   ] Safepoint "Cleanup", Time since last: 2003085626 ns, Reaching safepoint: 87625 ns, Cleanup: 59208 ns, At safepoint: 20667 ns, Total: 167500 ns
[2025-09-15T08:34:45.483+0000][183][info ][safepoint   ] Safepoint "Cleanup", Time since last: 1009602792 ns, Reaching safepoint: 26042 ns, Cleanup: 25791 ns, At safepoint: 10459 ns, Total: 62292 ns
[2025-09-15T08:34:51.924+0000][183][info ][safepoint   ] Safepoint "Cleanup", Time since last: 6440580503 ns, Reaching safepoint: 5041 ns, Cleanup: 13500 ns, At safepoint: 4875 ns, Total: 23416 ns
[2025-09-15T08:34:53.113+0000][183][info ][safepoint   ] Safepoint "Cleanup", Time since last: 1189454043 ns, Reaching safepoint: 84375 ns, Cleanup: 101541 ns, At safepoint: 24584 ns, Total: 210500 ns
[2025-09-15T08:34:55.116+0000][183][info ][safepoint   ] Safepoint "Cleanup", Time since last: 2002146376 ns, Reaching safepoint: 91166 ns, Cleanup: 39959 ns, At safepoint: 18541 ns, Total: 149666 ns
[2025-09-15T08:34:56.629+0000][183][info ][safepoint   ] Safepoint "Cleanup", Time since last: 1513566293 ns, Reaching safepoint: 40333 ns, Cleanup: 43958 ns, At safepoint: 13334 ns, Total: 97625 ns
[2025-09-15T08:34:57.631+0000][183][info ][safepoint   ] Safepoint "Cleanup", Time since last: 1001071083 ns, Reaching safepoint: 222917 ns, Cleanup: 67042 ns, At safepoint: 27958 ns, Total: 317917 ns
[2025-09-15T08:35:09.645+0000][183][info ][safepoint   ] Safepoint "Cleanup", Time since last: 12013797589 ns, Reaching safepoint: 138375 ns, Cleanup: 40042 ns, At safepoint: 21125 ns, Total: 199542 ns
[2025-09-15T08:35:09.910+0000][183][info ][gc,start    ] GC(24) Pause Young (Prepare Mixed) (G1 Evacuation Pause)
[2025-09-15T08:35:09.910+0000][183][info ][gc,task     ] GC(24) Using 8 workers of 8 for evacuation
[2025-09-15T08:35:09.910+0000][183][debug][gc,age      ] GC(24) Desired survivor size 41943040 bytes, new threshold 15 (max threshold 15)
[2025-09-15T08:35:09.953+0000][183][info ][gc,phases   ] GC(24)   Pre Evacuate Collection Set: 1.07ms
[2025-09-15T08:35:09.954+0000][183][info ][gc,phases   ] GC(24)   Merge Heap Roots: 0.33ms
[2025-09-15T08:35:09.954+0000][183][info ][gc,phases   ] GC(24)   Evacuate Collection Set: 36.85ms
[2025-09-15T08:35:09.954+0000][183][info ][gc,phases   ] GC(24)   Post Evacuate Collection Set: 3.28ms
[2025-09-15T08:35:09.954+0000][183][info ][gc,phases   ] GC(24)   Other: 0.88ms
[2025-09-15T08:35:09.954+0000][183][trace][gc,age      ] GC(24) Age table with threshold 15 (max threshold 15)
[2025-09-15T08:35:09.954+0000][183][trace][gc,age      ] GC(24) - age   1:    1192696 bytes,    1192696 total
[2025-09-15T08:35:09.954+0000][183][trace][gc,age      ] GC(24) - age   2:    1142000 bytes,    2334696 total
[2025-09-15T08:35:09.954+0000][183][trace][gc,age      ] GC(24) - age   3:    4452952 bytes,    6787648 total
[2025-09-15T08:35:09.954+0000][183][trace][gc,age      ] GC(24) - age   4:    2039080 bytes,    8826728 total
[2025-09-15T08:35:09.954+0000][183][trace][gc,age      ] GC(24) - age   5:    3607624 bytes,   12434352 total
[2025-09-15T08:35:09.954+0000][183][trace][gc,age      ] GC(24) - age   6:    2243288 bytes,   14677640 total
[2025-09-15T08:35:09.954+0000][183][trace][gc,age      ] GC(24) - age   7:   16737832 bytes,   31415472 total
[2025-09-15T08:35:09.954+0000][183][trace][gc,age      ] GC(24) - age   8:      41344 bytes,   31456816 total
[2025-09-15T08:35:09.954+0000][183][info ][gc,heap     ] GC(24) Eden regions: 144->0(144)
[2025-09-15T08:35:09.954+0000][183][info ][gc,heap     ] GC(24) Survivor regions: 9->9(20)
[2025-09-15T08:35:09.954+0000][183][info ][gc,heap     ] GC(24) Old regions: 30->30
[2025-09-15T08:35:09.954+0000][183][info ][gc,heap     ] GC(24) Humongous regions: 2->2
[2025-09-15T08:35:09.954+0000][183][info ][gc,metaspace] GC(24) Metaspace: 160257K(164736K)->160257K(164736K) NonClass: 138173K(140608K)->138173K(140608K) Class: 22084K(24128K)->22084K(24128K)
[2025-09-15T08:35:09.954+0000][183][info ][gc          ] GC(24) Pause Young (Prepare Mixed) (G1 Evacuation Pause) 736M->157M(1024M) 44.586ms
[2025-09-15T08:35:09.954+0000][183][info ][gc,cpu      ] GC(24) User=0.31s Sys=0.00s Real=0.04s
[2025-09-15T08:35:09.955+0000][183][info ][safepoint   ] Safepoint "G1CollectForAllocation", Time since last: 264838917 ns, Reaching safepoint: 276416 ns, Cleanup: 16417 ns, At safepoint: 44848000 ns, Total: 45140833 ns
[2025-09-15T08:35:12.928+0000][183][info ][safepoint   ] Safepoint "Cleanup", Time since last: 3003375209 ns, Reaching safepoint: 154833 ns, Cleanup: 27833 ns, At safepoint: 13500 ns, Total: 196166 ns
[2025-09-15T08:35:20.936+0000][183][info ][safepoint   ] Safepoint "Cleanup", Time since last: 8007695254 ns, Reaching safepoint: 75334 ns, Cleanup: 134833 ns, At safepoint: 26417 ns, Total: 236584 ns
[2025-09-15T08:35:21.938+0000][183][info ][safepoint   ] Safepoint "Cleanup", Time since last: 1002325583 ns, Reaching safepoint: 26875 ns, Cleanup: 27959 ns, At safepoint: 14250 ns, Total: 69084 ns
[2025-09-15T08:35:23.941+0000][183][info ][safepoint   ] Safepoint "Cleanup", Time since last: 2002302709 ns, Reaching safepoint: 68583 ns, Cleanup: 45834 ns, At safepoint: 14625 ns, Total: 129042 ns
[2025-09-15T08:35:25.944+0000][183][info ][safepoint   ] Safepoint "Cleanup", Time since last: 2002382626 ns, Reaching safepoint: 113375 ns, Cleanup: 92958 ns, At safepoint: 33667 ns, Total: 240000 ns
[2025-09-15T08:35:27.947+0000][183][info ][safepoint   ] Safepoint "Cleanup", Time since last: 2003314001 ns, Reaching safepoint: 67375 ns, Cleanup: 32125 ns, At safepoint: 12375 ns, Total: 111875 ns
[2025-09-15T08:35:28.949+0000][183][info ][safepoint   ] Safepoint "Cleanup", Time since last: 1001917375 ns, Reaching safepoint: 137167 ns, Cleanup: 43125 ns, At safepoint: 25416 ns, Total: 205708 ns
[2025-09-15T08:35:33.954+0000][183][info ][safepoint   ] Safepoint "Cleanup", Time since last: 5005275544 ns, Reaching safepoint: 54334 ns, Cleanup: 24875 ns, At safepoint: 13083 ns, Total: 92292 ns
[2025-09-15T08:35:36.958+0000][183][info ][safepoint   ] Safepoint "Cleanup", Time since last: 3003293460 ns, Reaching safepoint: 14583 ns, Cleanup: 10375 ns, At safepoint: 5750 ns, Total: 30708 ns
[2025-09-15T08:35:38.964+0000][183][info ][safepoint   ] Safepoint "Cleanup", Time since last: 2006046043 ns, Reaching safepoint: 46750 ns, Cleanup: 30208 ns, At safepoint: 12917 ns, Total: 89875 ns
[2025-09-15T08:35:39.966+0000][183][info ][safepoint   ] Safepoint "Cleanup", Time since last: 1002327084 ns, Reaching safepoint: 80333 ns, Cleanup: 29417 ns, At safepoint: 17875 ns, Total: 127625 ns
[2025-09-15T08:35:40.954+0000][183][info ][safepoint   ] Safepoint "Cleanup", Time since last: 1001656166 ns, Reaching safepoint: 92083 ns, Cleanup: 51292 ns, At safepoint: 19958 ns, Total: 163333 ns
[2025-09-15T08:35:50.963+0000][183][info ][safepoint   ] Safepoint "Cleanup", Time since last: 10009557213 ns, Reaching safepoint: 92167 ns, Cleanup: 44333 ns, At safepoint: 19125 ns, Total: 155625 ns
[2025-09-15T08:35:51.965+0000][183][info ][safepoint   ] Safepoint "Cleanup", Time since last: 1001783084 ns, Reaching safepoint: 24250 ns, Cleanup: 20917 ns, At safepoint: 12833 ns, Total: 58000 ns
[2025-09-15T08:35:52.966+0000][183][info ][safepoint   ] Safepoint "Cleanup", Time since last: 1001211917 ns, Reaching safepoint: 17959 ns, Cleanup: 18250 ns, At safepoint: 8083 ns, Total: 44292 ns
[2025-09-15T08:35:53.968+0000][183][info ][safepoint   ] Safepoint "Cleanup", Time since last: 1001592625 ns, Reaching safepoint: 106334 ns, Cleanup: 33708 ns, At safepoint: 13083 ns, Total: 153125 ns
[2025-09-15T08:35:55.206+0000][183][info ][safepoint   ] Safepoint "Cleanup", Time since last: 1238156251 ns, Reaching safepoint: 4500 ns, Cleanup: 30625 ns, At safepoint: 7208 ns, Total: 42333 ns
[2025-09-15T08:35:56.725+0000][183][info ][safepoint   ] Safepoint "Cleanup", Time since last: 1518773668 ns, Reaching safepoint: 118666 ns, Cleanup: 109250 ns, At safepoint: 21542 ns, Total: 249458 ns
[2025-09-15T08:35:58.729+0000][183][info ][safepoint   ] Safepoint "Cleanup", Time since last: 2003037084 ns, Reaching safepoint: 133084 ns, Cleanup: 44791 ns, At safepoint: 23625 ns, Total: 201500 ns
[2025-09-15T08:35:59.732+0000][183][info ][safepoint   ] Safepoint "Cleanup", Time since last: 1003351626 ns, Reaching safepoint: 54458 ns, Cleanup: 65083 ns, At safepoint: 15209 ns, Total: 134750 ns
[2025-09-15T08:36:01.734+0000][183][info ][safepoint   ] Safepoint "Cleanup", Time since last: 2002021376 ns, Reaching safepoint: 64625 ns, Cleanup: 30208 ns, At safepoint: 15500 ns, Total: 110333 ns
[2025-09-15T08:36:03.735+0000][183][info ][safepoint   ] Safepoint "Cleanup", Time since last: 2000890584 ns, Reaching safepoint: 58875 ns, Cleanup: 19500 ns, At safepoint: 9250 ns, Total: 87625 ns
[2025-09-15T08:36:04.737+0000][183][info ][safepoint   ] Safepoint "Cleanup", Time since last: 1001182917 ns, Reaching safepoint: 177250 ns, Cleanup: 42334 ns, At safepoint: 28125 ns, Total: 247709 ns
[2025-09-15T08:36:08.741+0000][183][info ][safepoint   ] Safepoint "Cleanup", Time since last: 4004291043 ns, Reaching safepoint: 205625 ns, Cleanup: 37834 ns, At safepoint: 25500 ns, Total: 268959 ns
[2025-09-15T08:36:12.744+0000][183][info ][safepoint   ] Safepoint "Cleanup", Time since last: 4004124418 ns, Reaching safepoint: 65333 ns, Cleanup: 186958 ns, At safepoint: 20417 ns, Total: 272708 ns
[2025-09-15T08:36:14.747+0000][183][info ][safepoint   ] Safepoint "Cleanup", Time since last: 2002568168 ns, Reaching safepoint: 120458 ns, Cleanup: 61042 ns, At safepoint: 29291 ns, Total: 210791 ns
[2025-09-15T08:36:16.749+0000][183][info ][safepoint   ] Safepoint "Cleanup", Time since last: 2001923251 ns, Reaching safepoint: 62125 ns, Cleanup: 43125 ns, At safepoint: 13875 ns, Total: 119125 ns
[2025-09-15T08:36:19.753+0000][183][info ][safepoint   ] Safepoint "Cleanup", Time since last: 3004700127 ns, Reaching safepoint: 63916 ns, Cleanup: 37417 ns, At safepoint: 16458 ns, Total: 117791 ns
[2025-09-15T08:36:20.755+0000][183][info ][safepoint   ] Safepoint "Cleanup", Time since last: 1001116959 ns, Reaching safepoint: 142917 ns, Cleanup: 136958 ns, At safepoint: 21125 ns, Total: 301000 ns
[2025-09-15T08:36:22.759+0000][183][info ][safepoint   ] Safepoint "Cleanup", Time since last: 2002475084 ns, Reaching safepoint: 1197042 ns, Cleanup: 45792 ns, At safepoint: 24416 ns, Total: 1267250 ns
[2025-09-15T08:36:24.762+0000][183][info ][safepoint   ] Safepoint "Cleanup", Time since last: 2003135210 ns, Reaching safepoint: 49500 ns, Cleanup: 26041 ns, At safepoint: 12667 ns, Total: 88208 ns
[2025-09-15T08:36:28.767+0000][183][info ][safepoint   ] Safepoint "Cleanup", Time since last: 4004701377 ns, Reaching safepoint: 184583 ns, Cleanup: 56334 ns, At safepoint: 24375 ns, Total: 265292 ns
[2025-09-15T08:36:34.775+0000][183][info ][safepoint   ] Safepoint "Cleanup", Time since last: 6008043711 ns, Reaching safepoint: 45708 ns, Cleanup: 27709 ns, At safepoint: 10375 ns, Total: 83792 ns
[2025-09-15T08:36:46.787+0000][183][info ][safepoint   ] Safepoint "Cleanup", Time since last: 12012484463 ns, Reaching safepoint: 203708 ns, Cleanup: 47459 ns, At safepoint: 30916 ns, Total: 282083 ns
[2025-09-15T08:36:49.791+0000][183][info ][safepoint   ] Safepoint "Cleanup", Time since last: 3004221960 ns, Reaching safepoint: 66583 ns, Cleanup: 47125 ns, At safepoint: 23375 ns, Total: 137083 ns
[2025-09-15T08:36:51.794+0000][183][info ][safepoint   ] Safepoint "Cleanup", Time since last: 2002626210 ns, Reaching safepoint: 108083 ns, Cleanup: 50292 ns, At safepoint: 18458 ns, Total: 176833 ns
[2025-09-15T08:36:52.796+0000][183][info ][safepoint   ] Safepoint "Cleanup", Time since last: 1001992334 ns, Reaching safepoint: 88125 ns, Cleanup: 47916 ns, At safepoint: 21959 ns, Total: 158000 ns
[2025-09-15T08:36:53.798+0000][183][info ][safepoint   ] Safepoint "Cleanup", Time since last: 1001479375 ns, Reaching safepoint: 15209 ns, Cleanup: 24916 ns, At safepoint: 4625 ns, Total: 44750 ns
[2025-09-15T08:36:57.865+0000][183][info ][safepoint   ] Safepoint "Cleanup", Time since last: 4066978919 ns, Reaching safepoint: 82292 ns, Cleanup: 114708 ns, At safepoint: 23042 ns, Total: 220042 ns
[2025-09-15T08:36:59.425+0000][183][info ][safepoint   ] Safepoint "Cleanup", Time since last: 1559953667 ns, Reaching safepoint: 172042 ns, Cleanup: 135208 ns, At safepoint: 21375 ns, Total: 328625 ns
[2025-09-15T08:37:01.428+0000][183][info ][safepoint   ] Safepoint "Cleanup", Time since last: 2002916168 ns, Reaching safepoint: 62291 ns, Cleanup: 90625 ns, At safepoint: 22209 ns, Total: 175125 ns
[2025-09-15T08:37:04.432+0000][183][info ][safepoint   ] Safepoint "Cleanup", Time since last: 3003497334 ns, Reaching safepoint: 198084 ns, Cleanup: 49166 ns, At safepoint: 41084 ns, Total: 288334 ns
[2025-09-15T08:37:06.435+0000][183][info ][safepoint   ] Safepoint "Cleanup", Time since last: 2002524542 ns, Reaching safepoint: 110250 ns, Cleanup: 105084 ns, At safepoint: 28625 ns, Total: 243959 ns
[2025-09-15T08:37:09.440+0000][183][info ][safepoint   ] Safepoint "Cleanup", Time since last: 3004055251 ns, Reaching safepoint: 831042 ns, Cleanup: 75666 ns, At safepoint: 26459 ns, Total: 933167 ns
[2025-09-15T08:37:16.449+0000][183][info ][safepoint   ] Safepoint "Cleanup", Time since last: 7009233919 ns, Reaching safepoint: 570709 ns, Cleanup: 119125 ns, At safepoint: 31500 ns, Total: 721334 ns
[2025-09-15T08:37:19.452+0000][183][info ][safepoint   ] Safepoint "Cleanup", Time since last: 3002815168 ns, Reaching safepoint: 103833 ns, Cleanup: 23125 ns, At safepoint: 25709 ns, Total: 152667 ns
[2025-09-15T08:37:21.455+0000][183][info ][safepoint   ] Safepoint "Cleanup", Time since last: 2002065292 ns, Reaching safepoint: 33458 ns, Cleanup: 30709 ns, At safepoint: 9041 ns, Total: 73208 ns
[2025-09-15T08:37:24.457+0000][183][info ][safepoint   ] Safepoint "Cleanup", Time since last: 3002047752 ns, Reaching safepoint: 195292 ns, Cleanup: 38375 ns, At safepoint: 14583 ns, Total: 248250 ns
[2025-09-15T08:37:34.468+0000][183][info ][safepoint   ] Safepoint "Cleanup", Time since last: 10011152963 ns, Reaching safepoint: 96500 ns, Cleanup: 103500 ns, At safepoint: 23458 ns, Total: 223458 ns
[2025-09-15T08:37:37.471+0000][183][info ][safepoint   ] Safepoint "Cleanup", Time since last: 3002844710 ns, Reaching safepoint: 158292 ns, Cleanup: 25166 ns, At safepoint: 14625 ns, Total: 198083 ns
[2025-09-15T08:37:49.482+0000][183][info ][safepoint   ] Safepoint "Cleanup", Time since last: 12010524255 ns, Reaching safepoint: 45709 ns, Cleanup: 33125 ns, At safepoint: 14333 ns, Total: 93167 ns
[2025-09-15T08:37:51.485+0000][183][info ][safepoint   ] Safepoint "Cleanup", Time since last: 2002643292 ns, Reaching safepoint: 30584 ns, Cleanup: 13333 ns, At safepoint: 7167 ns, Total: 51084 ns
[2025-09-15T08:37:55.489+0000][183][info ][safepoint   ] Safepoint "Cleanup", Time since last: 4003988835 ns, Reaching safepoint: 127583 ns, Cleanup: 56292 ns, At safepoint: 25000 ns, Total: 208875 ns
[2025-09-15T08:37:58.021+0000][183][info ][safepoint   ] Safepoint "Cleanup", Time since last: 2532598793 ns, Reaching safepoint: 16500 ns, Cleanup: 40375 ns, At safepoint: 10250 ns, Total: 67125 ns
[2025-09-15T08:37:59.023+0000][183][info ][safepoint   ] Safepoint "Cleanup", Time since last: 1000766167 ns, Reaching safepoint: 58375 ns, Cleanup: 237958 ns, At safepoint: 19334 ns, Total: 315667 ns
[2025-09-15T08:38:00.962+0000][183][info ][safepoint   ] Safepoint "Cleanup", Time since last: 1939201834 ns, Reaching safepoint: 5417 ns, Cleanup: 17083 ns, At safepoint: 6583 ns, Total: 29083 ns
[2025-09-15T08:38:01.542+0000][183][info ][safepoint   ] Safepoint "ICBufferFull", Time since last: 580095459 ns, Reaching safepoint: 31792 ns, Cleanup: 263958 ns, At safepoint: 13875 ns, Total: 309625 ns
[2025-09-15T08:38:02.596+0000][183][info ][safepoint   ] Safepoint "Cleanup", Time since last: 1053454542 ns, Reaching safepoint: 37500 ns, Cleanup: 64917 ns, At safepoint: 13083 ns, Total: 115500 ns
[2025-09-15T08:38:03.948+0000][183][info ][safepoint   ] Safepoint "Cleanup", Time since last: 1352222042 ns, Reaching safepoint: 6750 ns, Cleanup: 35084 ns, At safepoint: 10791 ns, Total: 52625 ns
[2025-09-15T08:38:04.655+0000][183][info ][safepoint   ] Safepoint "ICBufferFull", Time since last: 706759542 ns, Reaching safepoint: 10667 ns, Cleanup: 151083 ns, At safepoint: 13792 ns, Total: 175542 ns
[2025-09-15T08:38:05.660+0000][183][info ][safepoint   ] Safepoint "Cleanup", Time since last: 1004454167 ns, Reaching safepoint: 44750 ns, Cleanup: 178000 ns, At safepoint: 61584 ns, Total: 284334 ns
[2025-09-15T08:38:06.715+0000][183][info ][safepoint   ] Safepoint "Cleanup", Time since last: 1055711250 ns, Reaching safepoint: 37875 ns, Cleanup: 45042 ns, At safepoint: 14333 ns, Total: 97250 ns
[2025-09-15T08:38:07.716+0000][183][info ][safepoint   ] Safepoint "Cleanup", Time since last: 1000662792 ns, Reaching safepoint: 136500 ns, Cleanup: 38459 ns, At safepoint: 19458 ns, Total: 194417 ns
[2025-09-15T08:38:08.718+0000][183][info ][safepoint   ] Safepoint "Cleanup", Time since last: 1001436084 ns, Reaching safepoint: 49666 ns, Cleanup: 24417 ns, At safepoint: 24250 ns, Total: 98333 ns
[2025-09-15T08:38:10.697+0000][183][info ][safepoint   ] Safepoint "Cleanup", Time since last: 1978664084 ns, Reaching safepoint: 51083 ns, Cleanup: 64167 ns, At safepoint: 12916 ns, Total: 128166 ns
[2025-09-15T08:38:11.698+0000][183][info ][safepoint   ] Safepoint "Cleanup", Time since last: 1000949834 ns, Reaching safepoint: 74917 ns, Cleanup: 30708 ns, At safepoint: 20958 ns, Total: 126583 ns
[2025-09-15T08:38:12.700+0000][183][info ][safepoint   ] Safepoint "Cleanup", Time since last: 1002182626 ns, Reaching safepoint: 51375 ns, Cleanup: 26292 ns, At safepoint: 13250 ns, Total: 90917 ns
[2025-09-15T08:38:13.701+0000][183][info ][safepoint   ] Safepoint "Cleanup", Time since last: 1001151750 ns, Reaching safepoint: 33125 ns, Cleanup: 26500 ns, At safepoint: 15167 ns, Total: 74792 ns
[2025-09-15T08:38:15.705+0000][183][info ][safepoint   ] Safepoint "Cleanup", Time since last: 2003096042 ns, Reaching safepoint: 188000 ns, Cleanup: 28750 ns, At safepoint: 23959 ns, Total: 240709 ns
[2025-09-15T08:38:19.709+0000][183][info ][safepoint   ] Safepoint "Cleanup", Time since last: 4003881085 ns, Reaching safepoint: 66292 ns, Cleanup: 34083 ns, At safepoint: 19292 ns, Total: 119667 ns
[2025-09-15T08:38:20.711+0000][183][info ][safepoint   ] Safepoint "Cleanup", Time since last: 1001858958 ns, Reaching safepoint: 51667 ns, Cleanup: 67208 ns, At safepoint: 14000 ns, Total: 132875 ns
[2025-09-15T08:38:21.987+0000][183][info ][safepoint   ] Safepoint "Cleanup", Time since last: 1276140293 ns, Reaching safepoint: 4291 ns, Cleanup: 5834 ns, At safepoint: 4458 ns, Total: 14583 ns
[2025-09-15T08:38:23.782+0000][183][info ][safepoint   ] Safepoint "Cleanup", Time since last: 1794807543 ns, Reaching safepoint: 31541 ns, Cleanup: 17959 ns, At safepoint: 9375 ns, Total: 58875 ns
[2025-09-15T08:38:24.783+0000][183][info ][safepoint   ] Safepoint "Cleanup", Time since last: 1001101417 ns, Reaching safepoint: 49458 ns, Cleanup: 30042 ns, At safepoint: 14375 ns, Total: 93875 ns
[2025-09-15T08:38:27.787+0000][183][info ][safepoint   ] Safepoint "Cleanup", Time since last: 3003546751 ns, Reaching safepoint: 376042 ns, Cleanup: 72458 ns, At safepoint: 27375 ns, Total: 475875 ns
[2025-09-15T08:38:28.816+0000][183][info ][safepoint   ] Safepoint "Cleanup", Time since last: 1028704417 ns, Reaching safepoint: 15125 ns, Cleanup: 65000 ns, At safepoint: 8000 ns, Total: 88125 ns
[2025-09-15T08:38:29.835+0000][183][info ][safepoint   ] Safepoint "Cleanup", Time since last: 1019765126 ns, Reaching safepoint: 16875 ns, Cleanup: 13166 ns, At safepoint: 7584 ns, Total: 37625 ns
[2025-09-15T08:38:34.841+0000][183][info ][safepoint   ] Safepoint "Cleanup", Time since last: 5004991461 ns, Reaching safepoint: 86041 ns, Cleanup: 53834 ns, At safepoint: 30291 ns, Total: 170166 ns
[2025-09-15T08:38:37.844+0000][183][info ][safepoint   ] Safepoint "Cleanup", Time since last: 3003106877 ns, Reaching safepoint: 110333 ns, Cleanup: 51792 ns, At safepoint: 26666 ns, Total: 188791 ns
[2025-09-15T08:38:39.779+0000][183][info ][safepoint   ] Safepoint "Cleanup", Time since last: 1934954876 ns, Reaching safepoint: 24917 ns, Cleanup: 33500 ns, At safepoint: 18958 ns, Total: 77375 ns
[2025-09-15T08:38:40.832+0000][183][info ][safepoint   ] Safepoint "Cleanup", Time since last: 1052615875 ns, Reaching safepoint: 174958 ns, Cleanup: 72292 ns, At safepoint: 27167 ns, Total: 274417 ns
[2025-09-15T08:38:41.834+0000][183][info ][safepoint   ] Safepoint "Cleanup", Time since last: 1001926459 ns, Reaching safepoint: 72208 ns, Cleanup: 50375 ns, At safepoint: 19500 ns, Total: 142083 ns
[2025-09-15T08:38:42.835+0000][183][info ][safepoint   ] Safepoint "Cleanup", Time since last: 1001469917 ns, Reaching safepoint: 56125 ns, Cleanup: 35000 ns, At safepoint: 11500 ns, Total: 102625 ns
[2025-09-15T08:38:44.838+0000][183][info ][safepoint   ] Safepoint "Cleanup", Time since last: 2002311543 ns, Reaching safepoint: 218416 ns, Cleanup: 147750 ns, At safepoint: 50417 ns, Total: 416583 ns
[2025-09-15T08:38:46.844+0000][183][info ][safepoint   ] Safepoint "Cleanup", Time since last: 2005868626 ns, Reaching safepoint: 78458 ns, Cleanup: 47917 ns, At safepoint: 12125 ns, Total: 138500 ns
[2025-09-15T08:38:47.846+0000][183][info ][safepoint   ] Safepoint "Cleanup", Time since last: 1001496667 ns, Reaching safepoint: 204000 ns, Cleanup: 28625 ns, At safepoint: 18542 ns, Total: 251167 ns
[2025-09-15T08:38:53.852+0000][183][info ][safepoint   ] Safepoint "Cleanup", Time since last: 6005496503 ns, Reaching safepoint: 93250 ns, Cleanup: 63791 ns, At safepoint: 26209 ns, Total: 183250 ns
[2025-09-15T08:38:57.199+0000][183][info ][safepoint   ] Safepoint "Cleanup", Time since last: 3346986585 ns, Reaching safepoint: 18750 ns, Cleanup: 40416 ns, At safepoint: 12750 ns, Total: 71916 ns
[2025-09-15T08:39:03.967+0000][183][info ][safepoint   ] Safepoint "Cleanup", Time since last: 6768099878 ns, Reaching safepoint: 5417 ns, Cleanup: 55792 ns, At safepoint: 7541 ns, Total: 68750 ns
[2025-09-15T08:39:04.989+0000][183][info ][safepoint   ] Safepoint "Cleanup", Time since last: 1022176418 ns, Reaching safepoint: 174500 ns, Cleanup: 14333 ns, At safepoint: 13542 ns, Total: 202375 ns
[2025-09-15T08:39:05.993+0000][183][info ][safepoint   ] Safepoint "Cleanup", Time since last: 1003545708 ns, Reaching safepoint: 8125 ns, Cleanup: 47917 ns, At safepoint: 16917 ns, Total: 72959 ns
[2025-09-15T08:39:08.006+0000][183][info ][safepoint   ] Safepoint "Cleanup", Time since last: 2013390459 ns, Reaching safepoint: 75083 ns, Cleanup: 24959 ns, At safepoint: 15333 ns, Total: 115375 ns
[2025-09-15T08:39:09.009+0000][183][info ][safepoint   ] Safepoint "Cleanup", Time since last: 1002259251 ns, Reaching safepoint: 43875 ns, Cleanup: 32625 ns, At safepoint: 22458 ns, Total: 98958 ns
[2025-09-15T08:39:14.013+0000][183][info ][safepoint   ] Safepoint "Cleanup", Time since last: 5004559043 ns, Reaching safepoint: 47792 ns, Cleanup: 34958 ns, At safepoint: 13500 ns, Total: 96250 ns
[2025-09-15T08:39:16.016+0000][183][info ][safepoint   ] Safepoint "Cleanup", Time since last: 2003000293 ns, Reaching safepoint: 43166 ns, Cleanup: 27750 ns, At safepoint: 11250 ns, Total: 82166 ns
[2025-09-15T08:39:17.017+0000][183][info ][safepoint   ] Safepoint "Cleanup", Time since last: 1000849167 ns, Reaching safepoint: 58500 ns, Cleanup: 14667 ns, At safepoint: 6875 ns, Total: 80042 ns
[2025-09-15T08:39:19.020+0000][183][info ][safepoint   ] Safepoint "Cleanup", Time since last: 2002630626 ns, Reaching safepoint: 150292 ns, Cleanup: 76333 ns, At safepoint: 19083 ns, Total: 245708 ns
[2025-09-15T08:39:21.024+0000][183][info ][safepoint   ] Safepoint "Cleanup", Time since last: 2003801835 ns, Reaching safepoint: 73166 ns, Cleanup: 120250 ns, At safepoint: 18500 ns, Total: 211916 ns
[2025-09-15T08:39:22.025+0000][183][info ][safepoint   ] Safepoint "Cleanup", Time since last: 1001153334 ns, Reaching safepoint: 53208 ns, Cleanup: 31209 ns, At safepoint: 20166 ns, Total: 104583 ns
[2025-09-15T08:39:24.027+0000][183][info ][safepoint   ] Safepoint "Cleanup", Time since last: 2002223251 ns, Reaching safepoint: 84000 ns, Cleanup: 26875 ns, At safepoint: 17625 ns, Total: 128500 ns
[2025-09-15T08:39:25.029+0000][183][info ][safepoint   ] Safepoint "Cleanup", Time since last: 1001524667 ns, Reaching safepoint: 58125 ns, Cleanup: 28250 ns, At safepoint: 14959 ns, Total: 101334 ns
[2025-09-15T08:39:27.031+0000][183][info ][safepoint   ] Safepoint "Cleanup", Time since last: 2002128126 ns, Reaching safepoint: 162708 ns, Cleanup: 21917 ns, At safepoint: 8750 ns, Total: 193375 ns
[2025-09-15T08:39:37.041+0000][183][info ][safepoint   ] Safepoint "Cleanup", Time since last: 10009602255 ns, Reaching safepoint: 18375 ns, Cleanup: 20166 ns, At safepoint: 6334 ns, Total: 44875 ns
[2025-09-15T08:39:38.044+0000][183][info ][safepoint   ] Safepoint "Cleanup", Time since last: 1002561167 ns, Reaching safepoint: 87208 ns, Cleanup: 58375 ns, At safepoint: 29292 ns, Total: 174875 ns
[2025-09-15T08:39:42.049+0000][183][info ][safepoint   ] Safepoint "Cleanup", Time since last: 4005139209 ns, Reaching safepoint: 524292 ns, Cleanup: 109000 ns, At safepoint: 18333 ns, Total: 651625 ns
[2025-09-15T08:39:43.053+0000][183][info ][safepoint   ] Safepoint "Cleanup", Time since last: 1003271250 ns, Reaching safepoint: 16584 ns, Cleanup: 20250 ns, At safepoint: 5125 ns, Total: 41959 ns
[2025-09-15T08:39:44.054+0000][183][info ][safepoint   ] Safepoint "Cleanup", Time since last: 1001125917 ns, Reaching safepoint: 49292 ns, Cleanup: 43083 ns, At safepoint: 13542 ns, Total: 105917 ns
[2025-09-15T08:39:48.059+0000][183][info ][safepoint   ] Safepoint "Cleanup", Time since last: 4004743168 ns, Reaching safepoint: 44125 ns, Cleanup: 47834 ns, At safepoint: 16291 ns, Total: 108250 ns
[2025-09-15T08:39:49.060+0000][183][info ][safepoint   ] Safepoint "Cleanup", Time since last: 1001057751 ns, Reaching safepoint: 427666 ns, Cleanup: 28292 ns, At safepoint: 16250 ns, Total: 472208 ns
[2025-09-15T08:39:52.065+0000][183][info ][safepoint   ] Safepoint "Cleanup", Time since last: 3004246585 ns, Reaching safepoint: 57416 ns, Cleanup: 24667 ns, At safepoint: 10458 ns, Total: 92541 ns
[2025-09-15T08:39:53.066+0000][183][info ][safepoint   ] Safepoint "Cleanup", Time since last: 1001193834 ns, Reaching safepoint: 55792 ns, Cleanup: 116083 ns, At safepoint: 28417 ns, Total: 200292 ns
[2025-09-15T08:39:57.365+0000][183][info ][safepoint   ] Safepoint "Cleanup", Time since last: 4298694919 ns, Reaching safepoint: 20375 ns, Cleanup: 53958 ns, At safepoint: 14042 ns, Total: 88375 ns
[2025-09-15T08:40:04.374+0000][183][info ][safepoint   ] Safepoint "Cleanup", Time since last: 7009246086 ns, Reaching safepoint: 225500 ns, Cleanup: 94209 ns, At safepoint: 15458 ns, Total: 335167 ns
[2025-09-15T08:40:06.376+0000][183][info ][safepoint   ] Safepoint "Cleanup", Time since last: 2001326459 ns, Reaching safepoint: 41334 ns, Cleanup: 35833 ns, At safepoint: 11792 ns, Total: 88959 ns
[2025-09-15T08:40:08.010+0000][183][info ][safepoint   ] Safepoint "Cleanup", Time since last: 1633977334 ns, Reaching safepoint: 75125 ns, Cleanup: 59125 ns, At safepoint: 20708 ns, Total: 154958 ns
[2025-09-15T08:40:09.190+0000][183][info ][safepoint   ] Safepoint "Cleanup", Time since last: 1179721917 ns, Reaching safepoint: 12375 ns, Cleanup: 25250 ns, At safepoint: 7417 ns, Total: 45042 ns
[2025-09-15T08:40:10.197+0000][183][info ][safepoint   ] Safepoint "Cleanup", Time since last: 1007587167 ns, Reaching safepoint: 39125 ns, Cleanup: 21792 ns, At safepoint: 15208 ns, Total: 76125 ns
[2025-09-15T08:40:15.203+0000][183][info ][safepoint   ] Safepoint "Cleanup", Time since last: 5005423710 ns, Reaching safepoint: 360000 ns, Cleanup: 22042 ns, At safepoint: 29250 ns, Total: 411292 ns
[2025-09-15T08:40:16.205+0000][183][info ][safepoint   ] Safepoint "Cleanup", Time since last: 1002016875 ns, Reaching safepoint: 50500 ns, Cleanup: 27375 ns, At safepoint: 14417 ns, Total: 92292 ns
[2025-09-15T08:40:20.210+0000][183][info ][safepoint   ] Safepoint "Cleanup", Time since last: 4004454169 ns, Reaching safepoint: 335083 ns, Cleanup: 38917 ns, At safepoint: 22875 ns, Total: 396875 ns
[2025-09-15T08:40:21.211+0000][183][info ][safepoint   ] Safepoint "Cleanup", Time since last: 1001416542 ns, Reaching safepoint: 43166 ns, Cleanup: 23875 ns, At safepoint: 11042 ns, Total: 78083 ns
[2025-09-15T08:40:22.679+0000][183][info ][gc,start    ] GC(25) Pause Young (Mixed) (G1 Evacuation Pause)
[2025-09-15T08:40:22.679+0000][183][info ][gc,task     ] GC(25) Using 8 workers of 8 for evacuation
[2025-09-15T08:40:22.679+0000][183][debug][gc,age      ] GC(25) Desired survivor size 41943040 bytes, new threshold 15 (max threshold 15)
[2025-09-15T08:40:22.728+0000][183][info ][gc,phases   ] GC(25)   Pre Evacuate Collection Set: 1.41ms
[2025-09-15T08:40:22.728+0000][183][info ][gc,phases   ] GC(25)   Merge Heap Roots: 0.39ms
[2025-09-15T08:40:22.728+0000][183][info ][gc,phases   ] GC(25)   Evacuate Collection Set: 43.61ms
[2025-09-15T08:40:22.728+0000][183][info ][gc,phases   ] GC(25)   Post Evacuate Collection Set: 3.44ms
[2025-09-15T08:40:22.728+0000][183][info ][gc,phases   ] GC(25)   Other: 0.42ms
[2025-09-15T08:40:22.729+0000][183][trace][gc,age      ] GC(25) Age table with threshold 15 (max threshold 15)
[2025-09-15T08:40:22.729+0000][183][trace][gc,age      ] GC(25) - age   1:    1162672 bytes,    1162672 total
[2025-09-15T08:40:22.729+0000][183][trace][gc,age      ] GC(25) - age   2:     427048 bytes,    1589720 total
[2025-09-15T08:40:22.729+0000][183][trace][gc,age      ] GC(25) - age   3:     944312 bytes,    2534032 total
[2025-09-15T08:40:22.729+0000][183][trace][gc,age      ] GC(25) - age   4:    4422096 bytes,    6956128 total
[2025-09-15T08:40:22.729+0000][183][trace][gc,age      ] GC(25) - age   5:    1955016 bytes,    8911144 total
[2025-09-15T08:40:22.729+0000][183][trace][gc,age      ] GC(25) - age   6:    3606040 bytes,   12517184 total
[2025-09-15T08:40:22.729+0000][183][trace][gc,age      ] GC(25) - age   7:    2243008 bytes,   14760192 total
[2025-09-15T08:40:22.729+0000][183][trace][gc,age      ] GC(25) - age   8:   16737472 bytes,   31497664 total
[2025-09-15T08:40:22.729+0000][183][trace][gc,age      ] GC(25) - age   9:      41344 bytes,   31539008 total
[2025-09-15T08:40:22.729+0000][183][info ][gc,heap     ] GC(25) Eden regions: 144->0(144)
[2025-09-15T08:40:22.729+0000][183][info ][gc,heap     ] GC(25) Survivor regions: 9->9(20)
[2025-09-15T08:40:22.729+0000][183][info ][gc,heap     ] GC(25) Old regions: 30->29
[2025-09-15T08:40:22.729+0000][183][info ][gc,heap     ] GC(25) Humongous regions: 2->2
[2025-09-15T08:40:22.729+0000][183][info ][gc,metaspace] GC(25) Metaspace: 160910K(165312K)->160910K(165312K) NonClass: 138786K(141184K)->138786K(141184K) Class: 22124K(24128K)->22124K(24128K)
[2025-09-15T08:40:22.729+0000][183][info ][gc          ] GC(25) Pause Young (Mixed) (G1 Evacuation Pause) 733M->157M(1024M) 50.614ms
[2025-09-15T08:40:22.729+0000][183][info ][gc,cpu      ] GC(25) User=0.35s Sys=0.01s Real=0.05s
[2025-09-15T08:40:22.729+0000][183][info ][safepoint   ] Safepoint "G1CollectForAllocation", Time since last: 1466929626 ns, Reaching safepoint: 66750 ns, Cleanup: 6041 ns, At safepoint: 50884084 ns, Total: 50956875 ns
[2025-09-15T08:40:24.067+0000][183][info ][safepoint   ] Safepoint "Cleanup", Time since last: 1337697334 ns, Reaching safepoint: 28333 ns, Cleanup: 25250 ns, At safepoint: 8833 ns, Total: 62416 ns
[2025-09-15T08:40:25.123+0000][183][info ][safepoint   ] Safepoint "Cleanup", Time since last: 1055331251 ns, Reaching safepoint: 15292 ns, Cleanup: 80375 ns, At safepoint: 12833 ns, Total: 108500 ns
[2025-09-15T08:40:32.137+0000][183][info ][safepoint   ] Safepoint "Cleanup", Time since last: 7014354170 ns, Reaching safepoint: 68667 ns, Cleanup: 16500 ns, At safepoint: 13041 ns, Total: 98208 ns
[2025-09-15T08:40:33.139+0000][183][info ][safepoint   ] Safepoint "Cleanup", Time since last: 1001814876 ns, Reaching safepoint: 79791 ns, Cleanup: 48875 ns, At safepoint: 19709 ns, Total: 148375 ns
[2025-09-15T08:40:34.141+0000][183][info ][safepoint   ] Safepoint "Cleanup", Time since last: 1002107500 ns, Reaching safepoint: 205959 ns, Cleanup: 60583 ns, At safepoint: 13750 ns, Total: 280292 ns
[2025-09-15T08:40:36.144+0000][183][info ][safepoint   ] Safepoint "Cleanup", Time since last: 2002138626 ns, Reaching safepoint: 35250 ns, Cleanup: 18791 ns, At safepoint: 8959 ns, Total: 63000 ns
[2025-09-15T08:40:40.149+0000][183][info ][safepoint   ] Safepoint "Cleanup", Time since last: 4005078877 ns, Reaching safepoint: 80875 ns, Cleanup: 47541 ns, At safepoint: 20542 ns, Total: 148958 ns
[2025-09-15T08:40:42.152+0000][183][info ][safepoint   ] Safepoint "Cleanup", Time since last: 2002864084 ns, Reaching safepoint: 243083 ns, Cleanup: 35750 ns, At safepoint: 38000 ns, Total: 316833 ns
[2025-09-15T08:40:47.157+0000][183][info ][safepoint   ] Safepoint "Cleanup", Time since last: 5004794961 ns, Reaching safepoint: 69208 ns, Cleanup: 15375 ns, At safepoint: 7250 ns, Total: 91833 ns
[2025-09-15T08:40:55.168+0000][183][info ][safepoint   ] Safepoint "Cleanup", Time since last: 8010817212 ns, Reaching safepoint: 404167 ns, Cleanup: 40333 ns, At safepoint: 15875 ns, Total: 460375 ns
[2025-09-15T08:40:58.558+0000][183][info ][safepoint   ] Safepoint "Cleanup", Time since last: 3389347627 ns, Reaching safepoint: 60917 ns, Cleanup: 58875 ns, At safepoint: 15458 ns, Total: 135250 ns
[2025-09-15T08:41:09.569+0000][183][info ][safepoint   ] Safepoint "Cleanup", Time since last: 11011018505 ns, Reaching safepoint: 100250 ns, Cleanup: 37583 ns, At safepoint: 17917 ns, Total: 155750 ns
[2025-09-15T08:41:11.385+0000][183][info ][safepoint   ] Safepoint "Cleanup", Time since last: 1816161375 ns, Reaching safepoint: 8584 ns, Cleanup: 70541 ns, At safepoint: 8375 ns, Total: 87500 ns
[2025-09-15T08:41:21.398+0000][183][info ][safepoint   ] Safepoint "Cleanup", Time since last: 10012543505 ns, Reaching safepoint: 437208 ns, Cleanup: 38959 ns, At safepoint: 27416 ns, Total: 503583 ns
[2025-09-15T08:41:29.409+0000][183][info ][safepoint   ] Safepoint "Cleanup", Time since last: 8010927546 ns, Reaching safepoint: 74292 ns, Cleanup: 43958 ns, At safepoint: 16042 ns, Total: 134292 ns
[2025-09-15T08:41:31.411+0000][183][info ][safepoint   ] Safepoint "Cleanup", Time since last: 2002235417 ns, Reaching safepoint: 74667 ns, Cleanup: 45375 ns, At safepoint: 14417 ns, Total: 134459 ns
[2025-09-15T08:41:36.417+0000][183][info ][safepoint   ] Safepoint "Cleanup", Time since last: 5005125919 ns, Reaching safepoint: 103916 ns, Cleanup: 31500 ns, At safepoint: 16792 ns, Total: 152208 ns
[2025-09-15T08:41:53.437+0000][183][info ][safepoint   ] Safepoint "Cleanup", Time since last: 17019362966 ns, Reaching safepoint: 1250333 ns, Cleanup: 131459 ns, At safepoint: 48583 ns, Total: 1430375 ns
[2025-09-15T08:41:55.360+0000][183][info ][safepoint   ] Safepoint "Cleanup", Time since last: 1923012501 ns, Reaching safepoint: 28375 ns, Cleanup: 65250 ns, At safepoint: 17958 ns, Total: 111583 ns
[2025-09-15T08:42:01.801+0000][183][info ][safepoint   ] Safepoint "Cleanup", Time since last: 6440633753 ns, Reaching safepoint: 70167 ns, Cleanup: 27917 ns, At safepoint: 11958 ns, Total: 110042 ns
[2025-09-15T08:42:04.807+0000][183][info ][safepoint   ] Safepoint "Cleanup", Time since last: 3004742835 ns, Reaching safepoint: 651041 ns, Cleanup: 69334 ns, At safepoint: 34208 ns, Total: 754583 ns
[2025-09-15T08:42:09.812+0000][183][info ][safepoint   ] Safepoint "Cleanup", Time since last: 5005752378 ns, Reaching safepoint: 91666 ns, Cleanup: 63125 ns, At safepoint: 29125 ns, Total: 183916 ns
[2025-09-15T08:42:11.815+0000][183][info ][safepoint   ] Safepoint "Cleanup", Time since last: 2003097500 ns, Reaching safepoint: 45959 ns, Cleanup: 30208 ns, At safepoint: 34000 ns, Total: 110167 ns
[2025-09-15T08:42:13.024+0000][183][info ][safepoint   ] Safepoint "Cleanup", Time since last: 1208641209 ns, Reaching safepoint: 20250 ns, Cleanup: 10250 ns, At safepoint: 8833 ns, Total: 39333 ns
[2025-09-15T08:42:14.569+0000][183][info ][safepoint   ] Safepoint "Cleanup", Time since last: 1544332417 ns, Reaching safepoint: 27292 ns, Cleanup: 30667 ns, At safepoint: 43166 ns, Total: 101125 ns
[2025-09-15T08:42:16.574+0000][183][info ][safepoint   ] Safepoint "Cleanup", Time since last: 2005443001 ns, Reaching safepoint: 60625 ns, Cleanup: 23584 ns, At safepoint: 13083 ns, Total: 97292 ns
[2025-09-15T08:42:20.579+0000][183][info ][safepoint   ] Safepoint "Cleanup", Time since last: 4005039252 ns, Reaching safepoint: 80083 ns, Cleanup: 30042 ns, At safepoint: 14500 ns, Total: 124625 ns
[2025-09-15T08:42:24.585+0000][183][info ][safepoint   ] Safepoint "Cleanup", Time since last: 4004708710 ns, Reaching safepoint: 544917 ns, Cleanup: 68667 ns, At safepoint: 31458 ns, Total: 645042 ns
[2025-09-15T08:42:38.598+0000][183][info ][safepoint   ] Safepoint "Cleanup", Time since last: 14013089090 ns, Reaching safepoint: 41542 ns, Cleanup: 9291 ns, At safepoint: 11375 ns, Total: 62208 ns
[2025-09-15T08:42:39.599+0000][183][info ][safepoint   ] Safepoint "Cleanup", Time since last: 1001305376 ns, Reaching safepoint: 55791 ns, Cleanup: 66334 ns, At safepoint: 23958 ns, Total: 146083 ns
[2025-09-15T08:42:43.604+0000][183][info ][safepoint   ] Safepoint "Cleanup", Time since last: 4004114876 ns, Reaching safepoint: 432458 ns, Cleanup: 44125 ns, At safepoint: 23542 ns, Total: 500125 ns
[2025-09-15T08:42:44.605+0000][183][info ][safepoint   ] Safepoint "Cleanup", Time since last: 1001132334 ns, Reaching safepoint: 41875 ns, Cleanup: 25000 ns, At safepoint: 9958 ns, Total: 76833 ns
[2025-09-15T08:42:46.609+0000][183][info ][safepoint   ] Safepoint "Cleanup", Time since last: 2003889001 ns, Reaching safepoint: 48292 ns, Cleanup: 25916 ns, At safepoint: 9875 ns, Total: 84083 ns
[2025-09-15T08:42:48.612+0000][183][info ][safepoint   ] Safepoint "Cleanup", Time since last: 2002993460 ns, Reaching safepoint: 154916 ns, Cleanup: 62209 ns, At safepoint: 32041 ns, Total: 249166 ns
[2025-09-15T08:42:49.617+0000][183][info ][safepoint   ] Safepoint "Cleanup", Time since last: 1004109251 ns, Reaching safepoint: 62500 ns, Cleanup: 131917 ns, At safepoint: 27958 ns, Total: 222375 ns
[2025-09-15T08:42:59.804+0000][183][info ][safepoint   ] Safepoint "Cleanup", Time since last: 10187358005 ns, Reaching safepoint: 52375 ns, Cleanup: 30791 ns, At safepoint: 7584 ns, Total: 90750 ns
[2025-09-15T08:43:01.809+0000][183][info ][safepoint   ] Safepoint "Cleanup", Time since last: 2004107876 ns, Reaching safepoint: 148666 ns, Cleanup: 25834 ns, At safepoint: 23083 ns, Total: 197583 ns
[2025-09-15T08:43:03.813+0000][183][info ][safepoint   ] Safepoint "Cleanup", Time since last: 2003775418 ns, Reaching safepoint: 107750 ns, Cleanup: 60125 ns, At safepoint: 16166 ns, Total: 184041 ns
[2025-09-15T08:43:04.815+0000][183][info ][safepoint   ] Safepoint "Cleanup", Time since last: 1001821542 ns, Reaching safepoint: 117167 ns, Cleanup: 43958 ns, At safepoint: 29750 ns, Total: 190875 ns
[2025-09-15T08:43:05.816+0000][183][info ][safepoint   ] Safepoint "Cleanup", Time since last: 1001767709 ns, Reaching safepoint: 21750 ns, Cleanup: 18750 ns, At safepoint: 9042 ns, Total: 49542 ns
[2025-09-15T08:43:08.821+0000][183][info ][safepoint   ] Safepoint "Cleanup", Time since last: 3003931001 ns, Reaching safepoint: 92375 ns, Cleanup: 150459 ns, At safepoint: 36208 ns, Total: 279042 ns
[2025-09-15T08:43:09.822+0000][183][info ][safepoint   ] Safepoint "Cleanup", Time since last: 1001459417 ns, Reaching safepoint: 191917 ns, Cleanup: 68083 ns, At safepoint: 52375 ns, Total: 312375 ns
[2025-09-15T08:43:13.828+0000][183][info ][safepoint   ] Safepoint "Cleanup", Time since last: 4006466376 ns, Reaching safepoint: 177250 ns, Cleanup: 55667 ns, At safepoint: 30958 ns, Total: 263875 ns
[2025-09-15T08:43:16.117+0000][183][info ][safepoint   ] Safepoint "Cleanup", Time since last: 2288806960 ns, Reaching safepoint: 4250 ns, Cleanup: 26792 ns, At safepoint: 2041 ns, Total: 33083 ns
[2025-09-15T08:43:17.751+0000][183][info ][safepoint   ] Safepoint "Cleanup", Time since last: 1633010876 ns, Reaching safepoint: 1225667 ns, Cleanup: 80791 ns, At safepoint: 19792 ns, Total: 1326250 ns
[2025-09-15T08:43:18.757+0000][183][info ][safepoint   ] Safepoint "Cleanup", Time since last: 1005969584 ns, Reaching safepoint: 91541 ns, Cleanup: 43125 ns, At safepoint: 17709 ns, Total: 152375 ns
[2025-09-15T08:43:20.760+0000][183][info ][safepoint   ] Safepoint "Cleanup", Time since last: 2002794667 ns, Reaching safepoint: 69542 ns, Cleanup: 39750 ns, At safepoint: 15292 ns, Total: 124584 ns
[2025-09-15T08:43:26.767+0000][183][info ][safepoint   ] Safepoint "Cleanup", Time since last: 6006967503 ns, Reaching safepoint: 87250 ns, Cleanup: 24583 ns, At safepoint: 15958 ns, Total: 127791 ns
[2025-09-15T08:43:28.039+0000][183][info ][safepoint   ] Safepoint "Cleanup", Time since last: 1271231668 ns, Reaching safepoint: 5416 ns, Cleanup: 10084 ns, At safepoint: 4458 ns, Total: 19958 ns
[2025-09-15T08:43:29.807+0000][183][info ][safepoint   ] Safepoint "Cleanup", Time since last: 1768437917 ns, Reaching safepoint: 80667 ns, Cleanup: 72125 ns, At safepoint: 16958 ns, Total: 169750 ns
[2025-09-15T08:43:30.865+0000][183][info ][safepoint   ] Safepoint "Cleanup", Time since last: 1057878793 ns, Reaching safepoint: 58500 ns, Cleanup: 61291 ns, At safepoint: 17209 ns, Total: 137000 ns
[2025-09-15T08:43:34.869+0000][183][info ][safepoint   ] Safepoint "Cleanup", Time since last: 4003815418 ns, Reaching safepoint: 165709 ns, Cleanup: 48916 ns, At safepoint: 27084 ns, Total: 241709 ns
[2025-09-15T08:43:39.021+0000][183][info ][safepoint   ] Safepoint "Cleanup", Time since last: 4151389251 ns, Reaching safepoint: 64917 ns, Cleanup: 22083 ns, At safepoint: 9584 ns, Total: 96584 ns
[2025-09-15T08:43:40.534+0000][183][info ][safepoint   ] Safepoint "Cleanup", Time since last: 1512562417 ns, Reaching safepoint: 80750 ns, Cleanup: 76916 ns, At safepoint: 34084 ns, Total: 191750 ns
[2025-09-15T08:43:41.536+0000][183][info ][safepoint   ] Safepoint "Cleanup", Time since last: 1001525708 ns, Reaching safepoint: 80250 ns, Cleanup: 27500 ns, At safepoint: 15417 ns, Total: 123167 ns
[2025-09-15T08:43:43.538+0000][183][info ][safepoint   ] Safepoint "Cleanup", Time since last: 2001965251 ns, Reaching safepoint: 69583 ns, Cleanup: 49709 ns, At safepoint: 21625 ns, Total: 140917 ns
[2025-09-15T08:43:44.539+0000][183][info ][safepoint   ] Safepoint "Cleanup", Time since last: 1000850250 ns, Reaching safepoint: 44125 ns, Cleanup: 34667 ns, At safepoint: 21833 ns, Total: 100625 ns
[2025-09-15T08:43:48.542+0000][183][info ][safepoint   ] Safepoint "Cleanup", Time since last: 4002921460 ns, Reaching safepoint: 55584 ns, Cleanup: 25125 ns, At safepoint: 13291 ns, Total: 94000 ns
[2025-09-15T08:43:52.549+0000][183][info ][safepoint   ] Safepoint "Cleanup", Time since last: 4007024461 ns, Reaching safepoint: 112291 ns, Cleanup: 52209 ns, At safepoint: 25458 ns, Total: 189958 ns
[2025-09-15T08:43:53.551+0000][183][info ][safepoint   ] Safepoint "Cleanup", Time since last: 1001087625 ns, Reaching safepoint: 448625 ns, Cleanup: 53917 ns, At safepoint: 156083 ns, Total: 658625 ns
[2025-09-15T08:44:00.811+0000][183][info ][safepoint   ] Safepoint "Cleanup", Time since last: 7259947879 ns, Reaching safepoint: 80708 ns, Cleanup: 28875 ns, At safepoint: 8917 ns, Total: 118500 ns
[2025-09-15T08:44:03.813+0000][183][info ][safepoint   ] Safepoint "Cleanup", Time since last: 3002168751 ns, Reaching safepoint: 102875 ns, Cleanup: 43375 ns, At safepoint: 25167 ns, Total: 171417 ns
[2025-09-15T08:44:09.820+0000][183][info ][safepoint   ] Safepoint "Cleanup", Time since last: 6006834795 ns, Reaching safepoint: 216250 ns, Cleanup: 52333 ns, At safepoint: 30458 ns, Total: 299041 ns
[2025-09-15T08:44:12.825+0000][183][info ][safepoint   ] Safepoint "Cleanup", Time since last: 3005287876 ns, Reaching safepoint: 127291 ns, Cleanup: 57417 ns, At safepoint: 24625 ns, Total: 209333 ns
[2025-09-15T08:44:19.047+0000][183][info ][safepoint   ] Safepoint "Cleanup", Time since last: 6222201878 ns, Reaching safepoint: 6917 ns, Cleanup: 18583 ns, At safepoint: 5458 ns, Total: 30958 ns
[2025-09-15T08:44:20.068+0000][183][info ][safepoint   ] Safepoint "Cleanup", Time since last: 1020536501 ns, Reaching safepoint: 3208 ns, Cleanup: 10458 ns, At safepoint: 4167 ns, Total: 17833 ns
[2025-09-15T08:44:22.068+0000][183][info ][safepoint   ] Safepoint "Cleanup", Time since last: 2000074793 ns, Reaching safepoint: 30000 ns, Cleanup: 24291 ns, At safepoint: 13209 ns, Total: 67500 ns
[2025-09-15T08:44:24.070+0000][183][info ][safepoint   ] Safepoint "Cleanup", Time since last: 2002137167 ns, Reaching safepoint: 133459 ns, Cleanup: 34708 ns, At safepoint: 32875 ns, Total: 201042 ns
[2025-09-15T08:44:27.073+0000][183][info ][safepoint   ] Safepoint "Cleanup", Time since last: 3002680168 ns, Reaching safepoint: 144958 ns, Cleanup: 44834 ns, At safepoint: 26958 ns, Total: 216750 ns
[2025-09-15T08:44:29.079+0000][183][info ][safepoint   ] Safepoint "Cleanup", Time since last: 2004902626 ns, Reaching safepoint: 540542 ns, Cleanup: 106416 ns, At safepoint: 28500 ns, Total: 675458 ns
[2025-09-15T08:44:39.092+0000][183][info ][safepoint   ] Safepoint "Cleanup", Time since last: 10012822589 ns, Reaching safepoint: 155750 ns, Cleanup: 49458 ns, At safepoint: 31500 ns, Total: 236708 ns
[2025-09-15T08:44:43.098+0000][183][info ][safepoint   ] Safepoint "Cleanup", Time since last: 4005138626 ns, Reaching safepoint: 63541 ns, Cleanup: 41917 ns, At safepoint: 14833 ns, Total: 120291 ns
[2025-09-15T08:44:44.099+0000][183][info ][safepoint   ] Safepoint "Cleanup", Time since last: 1000835418 ns, Reaching safepoint: 41541 ns, Cleanup: 23667 ns, At safepoint: 10750 ns, Total: 75958 ns
[2025-09-15T08:44:47.101+0000][183][info ][safepoint   ] Safepoint "Cleanup", Time since last: 3002787460 ns, Reaching safepoint: 25083 ns, Cleanup: 14792 ns, At safepoint: 8791 ns, Total: 48666 ns
[2025-09-15T08:44:49.105+0000][183][info ][safepoint   ] Safepoint "Cleanup", Time since last: 2003111835 ns, Reaching safepoint: 99041 ns, Cleanup: 38959 ns, At safepoint: 12958 ns, Total: 150958 ns
[2025-09-15T08:44:51.107+0000][183][info ][safepoint   ] Safepoint "Cleanup", Time since last: 2001978626 ns, Reaching safepoint: 50625 ns, Cleanup: 38250 ns, At safepoint: 16208 ns, Total: 105083 ns
[2025-09-15T08:44:54.110+0000][183][info ][safepoint   ] Safepoint "Cleanup", Time since last: 3003110960 ns, Reaching safepoint: 453417 ns, Cleanup: 35125 ns, At safepoint: 32250 ns, Total: 520792 ns
[2025-09-15T08:45:12.845+0000][183][info ][safepoint   ] Safepoint "Cleanup", Time since last: 18734543508 ns, Reaching safepoint: 808833 ns, Cleanup: 60833 ns, At safepoint: 31834 ns, Total: 901500 ns
[2025-09-15T08:45:20.856+0000][183][info ][safepoint   ] Safepoint "Cleanup", Time since last: 8010492503 ns, Reaching safepoint: 83167 ns, Cleanup: 46250 ns, At safepoint: 17458 ns, Total: 146875 ns
[2025-09-15T08:45:22.089+0000][183][info ][safepoint   ] Safepoint "Cleanup", Time since last: 1232829668 ns, Reaching safepoint: 6291 ns, Cleanup: 23834 ns, At safepoint: 6791 ns, Total: 36916 ns
[2025-09-15T08:45:23.261+0000][183][info ][safepoint   ] Safepoint "Cleanup", Time since last: 1171931918 ns, Reaching safepoint: 15750 ns, Cleanup: 97333 ns, At safepoint: 76792 ns, Total: 189875 ns
[2025-09-15T08:45:24.298+0000][183][info ][safepoint   ] Safepoint "Cleanup", Time since last: 1036701500 ns, Reaching safepoint: 35000 ns, Cleanup: 39333 ns, At safepoint: 15125 ns, Total: 89458 ns
[2025-09-15T08:45:34.316+0000][183][info ][safepoint   ] Safepoint "Cleanup", Time since last: 10017237464 ns, Reaching safepoint: 746791 ns, Cleanup: 54209 ns, At safepoint: 35291 ns, Total: 836291 ns
[2025-09-15T08:45:44.327+0000][183][info ][safepoint   ] Safepoint "Cleanup", Time since last: 10011083921 ns, Reaching safepoint: 52292 ns, Cleanup: 27458 ns, At safepoint: 12042 ns, Total: 91792 ns
[2025-09-15T08:45:49.334+0000][183][info ][safepoint   ] Safepoint "Cleanup", Time since last: 5006226919 ns, Reaching safepoint: 88083 ns, Cleanup: 260584 ns, At safepoint: 20458 ns, Total: 369125 ns
[2025-09-15T08:45:52.337+0000][183][info ][safepoint   ] Safepoint "Cleanup", Time since last: 3003235502 ns, Reaching safepoint: 49000 ns, Cleanup: 29833 ns, At safepoint: 13000 ns, Total: 91833 ns
[2025-09-15T08:45:59.062+0000][183][info ][safepoint   ] Safepoint "Cleanup", Time since last: 6724918628 ns, Reaching safepoint: 108833 ns, Cleanup: 38750 ns, At safepoint: 20042 ns, Total: 167625 ns
[2025-09-15T08:46:01.065+0000][183][info ][safepoint   ] Safepoint "Cleanup", Time since last: 2002990334 ns, Reaching safepoint: 165292 ns, Cleanup: 13042 ns, At safepoint: 12083 ns, Total: 190417 ns
[2025-09-15T08:46:02.066+0000][183][info ][safepoint   ] Safepoint "Cleanup", Time since last: 1000678292 ns, Reaching safepoint: 24917 ns, Cleanup: 26208 ns, At safepoint: 8333 ns, Total: 59458 ns
[2025-09-15T08:46:07.071+0000][183][info ][safepoint   ] Safepoint "Cleanup", Time since last: 5004988170 ns, Reaching safepoint: 29583 ns, Cleanup: 14208 ns, At safepoint: 8750 ns, Total: 52541 ns
[2025-09-15T08:46:17.080+0000][183][info ][safepoint   ] Safepoint "Cleanup", Time since last: 10009834004 ns, Reaching safepoint: 42084 ns, Cleanup: 19666 ns, At safepoint: 32917 ns, Total: 94667 ns
[2025-09-15T08:46:19.083+0000][183][info ][safepoint   ] Safepoint "Cleanup", Time since last: 2002281043 ns, Reaching safepoint: 35625 ns, Cleanup: 20458 ns, At safepoint: 22083 ns, Total: 78166 ns
[2025-09-15T08:46:21.086+0000][183][info ][safepoint   ] Safepoint "Cleanup", Time since last: 2003037501 ns, Reaching safepoint: 63292 ns, Cleanup: 55000 ns, At safepoint: 12583 ns, Total: 130875 ns
[2025-09-15T08:46:25.112+0000][183][info ][safepoint   ] Safepoint "Cleanup", Time since last: 4026095461 ns, Reaching safepoint: 3791 ns, Cleanup: 6542 ns, At safepoint: 1750 ns, Total: 12083 ns
[2025-09-15T08:46:26.521+0000][183][info ][safepoint   ] Safepoint "Cleanup", Time since last: 1408788042 ns, Reaching safepoint: 157500 ns, Cleanup: 62417 ns, At safepoint: 25333 ns, Total: 245250 ns
[2025-09-15T08:46:28.048+0000][183][info ][gc,start    ] GC(26) Pause Young (Normal) (G1 Evacuation Pause)
[2025-09-15T08:46:28.049+0000][183][info ][gc,task     ] GC(26) Using 8 workers of 8 for evacuation
[2025-09-15T08:46:28.049+0000][183][debug][gc,age      ] GC(26) Desired survivor size 41943040 bytes, new threshold 15 (max threshold 15)
[2025-09-15T08:46:28.129+0000][183][info ][gc,phases   ] GC(26)   Pre Evacuate Collection Set: 1.30ms
[2025-09-15T08:46:28.129+0000][183][info ][gc,phases   ] GC(26)   Merge Heap Roots: 3.50ms
[2025-09-15T08:46:28.129+0000][183][info ][gc,phases   ] GC(26)   Evacuate Collection Set: 69.74ms
[2025-09-15T08:46:28.129+0000][183][info ][gc,phases   ] GC(26)   Post Evacuate Collection Set: 5.42ms
[2025-09-15T08:46:28.129+0000][183][info ][gc,phases   ] GC(26)   Other: 0.43ms
[2025-09-15T08:46:28.129+0000][183][trace][gc,age      ] GC(26) Age table with threshold 15 (max threshold 15)
[2025-09-15T08:46:28.129+0000][183][trace][gc,age      ] GC(26) - age   1:    1199160 bytes,    1199160 total
[2025-09-15T08:46:28.129+0000][183][trace][gc,age      ] GC(26) - age   2:     356376 bytes,    1555536 total
[2025-09-15T08:46:28.129+0000][183][trace][gc,age      ] GC(26) - age   3:     348720 bytes,    1904256 total
[2025-09-15T08:46:28.129+0000][183][trace][gc,age      ] GC(26) - age   4:     944248 bytes,    2848504 total
[2025-09-15T08:46:28.130+0000][183][trace][gc,age      ] GC(26) - age   5:    4421360 bytes,    7269864 total
[2025-09-15T08:46:28.130+0000][183][trace][gc,age      ] GC(26) - age   6:    1837992 bytes,    9107856 total
[2025-09-15T08:46:28.130+0000][183][trace][gc,age      ] GC(26) - age   7:    3598416 bytes,   12706272 total
[2025-09-15T08:46:28.130+0000][183][trace][gc,age      ] GC(26) - age   8:    2223392 bytes,   14929664 total
[2025-09-15T08:46:28.130+0000][183][trace][gc,age      ] GC(26) - age   9:   16645952 bytes,   31575616 total
[2025-09-15T08:46:28.130+0000][183][trace][gc,age      ] GC(26) - age  10:      41344 bytes,   31616960 total
[2025-09-15T08:46:28.130+0000][183][info ][gc,heap     ] GC(26) Eden regions: 144->0(144)
[2025-09-15T08:46:28.130+0000][183][info ][gc,heap     ] GC(26) Survivor regions: 9->9(20)
[2025-09-15T08:46:28.130+0000][183][info ][gc,heap     ] GC(26) Old regions: 29->29
[2025-09-15T08:46:28.130+0000][183][info ][gc,heap     ] GC(26) Humongous regions: 2->2
[2025-09-15T08:46:28.130+0000][183][info ][gc,metaspace] GC(26) Metaspace: 161211K(165632K)->161211K(165632K) NonClass: 139087K(141504K)->139087K(141504K) Class: 22124K(24128K)->22124K(24128K)
[2025-09-15T08:46:28.130+0000][183][info ][gc          ] GC(26) Pause Young (Normal) (G1 Evacuation Pause) 733M->156M(1024M) 81.668ms
[2025-09-15T08:46:28.130+0000][183][info ][gc,cpu      ] GC(26) User=0.56s Sys=0.03s Real=0.09s
[2025-09-15T08:46:28.130+0000][183][info ][safepoint   ] Safepoint "G1CollectForAllocation", Time since last: 1527039043 ns, Reaching safepoint: 86083 ns, Cleanup: 50625 ns, At safepoint: 81945625 ns, Total: 82082333 ns
[2025-09-15T08:46:29.131+0000][183][info ][safepoint   ] Safepoint "Cleanup", Time since last: 1001229334 ns, Reaching safepoint: 154583 ns, Cleanup: 54417 ns, At safepoint: 45333 ns, Total: 254333 ns
[2025-09-15T08:46:37.143+0000][183][info ][safepoint   ] Safepoint "Cleanup", Time since last: 8009129462 ns, Reaching safepoint: 1978750 ns, Cleanup: 130167 ns, At safepoint: 117167 ns, Total: 2226084 ns
[2025-09-15T08:46:39.146+0000][183][info ][safepoint   ] Safepoint "Cleanup", Time since last: 2002583001 ns, Reaching safepoint: 113625 ns, Cleanup: 37458 ns, At safepoint: 19000 ns, Total: 170083 ns
[2025-09-15T08:46:43.150+0000][183][info ][safepoint   ] Safepoint "Cleanup", Time since last: 4004691960 ns, Reaching safepoint: 44416 ns, Cleanup: 21750 ns, At safepoint: 11875 ns, Total: 78041 ns
[2025-09-15T08:46:53.161+0000][183][info ][safepoint   ] Safepoint "Cleanup", Time since last: 10010196964 ns, Reaching safepoint: 90666 ns, Cleanup: 46750 ns, At safepoint: 20375 ns, Total: 157791 ns
[2025-09-15T08:47:04.291+0000][183][info ][safepoint   ] Safepoint "Cleanup", Time since last: 11129861797 ns, Reaching safepoint: 162000 ns, Cleanup: 57250 ns, At safepoint: 41875 ns, Total: 261125 ns
[2025-09-15T08:47:09.297+0000][183][info ][safepoint   ] Safepoint "Cleanup", Time since last: 5005825711 ns, Reaching safepoint: 103583 ns, Cleanup: 27959 ns, At safepoint: 18833 ns, Total: 150375 ns
[2025-09-15T08:47:14.306+0000][183][info ][safepoint   ] Safepoint "Cleanup", Time since last: 5008287293 ns, Reaching safepoint: 349792 ns, Cleanup: 146208 ns, At safepoint: 29667 ns, Total: 525667 ns
[2025-09-15T08:47:17.310+0000][183][info ][safepoint   ] Safepoint "Cleanup", Time since last: 3003595876 ns, Reaching safepoint: 15000 ns, Cleanup: 14042 ns, At safepoint: 7458 ns, Total: 36500 ns
[2025-09-15T08:47:19.313+0000][183][info ][safepoint   ] Safepoint "Cleanup", Time since last: 2002854709 ns, Reaching safepoint: 35000 ns, Cleanup: 57125 ns, At safepoint: 17459 ns, Total: 109584 ns
[2025-09-15T08:47:21.315+0000][183][info ][safepoint   ] Safepoint "Cleanup", Time since last: 2002279459 ns, Reaching safepoint: 57667 ns, Cleanup: 107625 ns, At safepoint: 24083 ns, Total: 189375 ns
[2025-09-15T08:47:22.325+0000][183][info ][safepoint   ] Safepoint "Cleanup", Time since last: 1009291501 ns, Reaching safepoint: 83750 ns, Cleanup: 43916 ns, At safepoint: 17709 ns, Total: 145375 ns
[2025-09-15T08:47:24.327+0000][183][info ][safepoint   ] Safepoint "Cleanup", Time since last: 2002361625 ns, Reaching safepoint: 48417 ns, Cleanup: 42458 ns, At safepoint: 18667 ns, Total: 109542 ns
[2025-09-15T08:47:25.329+0000][183][info ][safepoint   ] Safepoint "Cleanup", Time since last: 1001825792 ns, Reaching safepoint: 65000 ns, Cleanup: 24667 ns, At safepoint: 17917 ns, Total: 107584 ns
[2025-09-15T08:47:27.331+0000][183][info ][safepoint   ] Safepoint "Cleanup", Time since last: 2001574251 ns, Reaching safepoint: 18541 ns, Cleanup: 18334 ns, At safepoint: 8125 ns, Total: 45000 ns
[2025-09-15T08:47:28.642+0000][183][info ][safepoint   ] Safepoint "Cleanup", Time since last: 1311265875 ns, Reaching safepoint: 12500 ns, Cleanup: 22500 ns, At safepoint: 12667 ns, Total: 47667 ns
[2025-09-15T08:47:29.676+0000][183][info ][safepoint   ] Safepoint "Cleanup", Time since last: 1033006167 ns, Reaching safepoint: 155750 ns, Cleanup: 38708 ns, At safepoint: 494084 ns, Total: 688542 ns
[2025-09-15T08:47:39.692+0000][183][info ][safepoint   ] Safepoint "Cleanup", Time since last: 10014404921 ns, Reaching safepoint: 1219333 ns, Cleanup: 102125 ns, At safepoint: 44042 ns, Total: 1365500 ns
[2025-09-15T08:47:40.694+0000][183][info ][safepoint   ] Safepoint "Cleanup", Time since last: 1002324667 ns, Reaching safepoint: 33500 ns, Cleanup: 17792 ns, At safepoint: 9166 ns, Total: 60458 ns
[2025-09-15T08:47:42.696+0000][183][info ][safepoint   ] Safepoint "Cleanup", Time since last: 2002104835 ns, Reaching safepoint: 16916 ns, Cleanup: 10667 ns, At safepoint: 6583 ns, Total: 34166 ns
[2025-09-15T08:47:49.707+0000][183][info ][safepoint   ] Safepoint "Cleanup", Time since last: 7011014837 ns, Reaching safepoint: 133917 ns, Cleanup: 89875 ns, At safepoint: 33291 ns, Total: 257083 ns
[2025-09-15T08:47:50.710+0000][183][info ][safepoint   ] Safepoint "Cleanup", Time since last: 1003181667 ns, Reaching safepoint: 86167 ns, Cleanup: 80625 ns, At safepoint: 22750 ns, Total: 189542 ns
[2025-09-15T08:47:59.475+0000][183][info ][safepoint   ] Safepoint "Cleanup", Time since last: 8764457671 ns, Reaching safepoint: 85458 ns, Cleanup: 45250 ns, At safepoint: 93084 ns, Total: 223792 ns
[2025-09-15T08:48:05.482+0000][183][info ][safepoint   ] Safepoint "Cleanup", Time since last: 6006963461 ns, Reaching safepoint: 198583 ns, Cleanup: 68667 ns, At safepoint: 47125 ns, Total: 314375 ns
[2025-09-15T08:48:06.487+0000][183][info ][safepoint   ] Safepoint "Cleanup", Time since last: 1004006459 ns, Reaching safepoint: 120250 ns, Cleanup: 34583 ns, At safepoint: 19333 ns, Total: 174166 ns
[2025-09-15T08:48:07.488+0000][183][info ][safepoint   ] Safepoint "Cleanup", Time since last: 1001045251 ns, Reaching safepoint: 73791 ns, Cleanup: 35167 ns, At safepoint: 19042 ns, Total: 128000 ns
[2025-09-15T08:48:09.490+0000][183][info ][safepoint   ] Safepoint "Cleanup", Time since last: 2001790209 ns, Reaching safepoint: 116208 ns, Cleanup: 47334 ns, At safepoint: 28750 ns, Total: 192292 ns
[2025-09-15T08:48:20.500+0000][183][info ][safepoint   ] Safepoint "Cleanup", Time since last: 11010729296 ns, Reaching safepoint: 231166 ns, Cleanup: 27750 ns, At safepoint: 14542 ns, Total: 273458 ns
[2025-09-15T08:48:28.121+0000][183][info ][safepoint   ] Safepoint "Cleanup", Time since last: 7620789087 ns, Reaching safepoint: 6208 ns, Cleanup: 7792 ns, At safepoint: 5917 ns, Total: 19917 ns
[2025-09-15T08:48:29.840+0000][183][info ][safepoint   ] Safepoint "Cleanup", Time since last: 1717526959 ns, Reaching safepoint: 1345666 ns, Cleanup: 83042 ns, At safepoint: 56917 ns, Total: 1485625 ns
[2025-09-15T08:48:31.102+0000][183][info ][safepoint   ] Safepoint "Cleanup", Time since last: 1261826334 ns, Reaching safepoint: 4166 ns, Cleanup: 10042 ns, At safepoint: 6792 ns, Total: 21000 ns
[2025-09-15T08:48:32.884+0000][183][info ][safepoint   ] Safepoint "Cleanup", Time since last: 1782285001 ns, Reaching safepoint: 84708 ns, Cleanup: 43333 ns, At safepoint: 27292 ns, Total: 155333 ns
[2025-09-15T08:48:39.123+0000][183][info ][safepoint   ] Safepoint "Cleanup", Time since last: 6238469295 ns, Reaching safepoint: 6083 ns, Cleanup: 16875 ns, At safepoint: 8167 ns, Total: 31125 ns
[2025-09-15T08:48:48.241+0000][183][info ][safepoint   ] Safepoint "Cleanup", Time since last: 9117504920 ns, Reaching safepoint: 292750 ns, Cleanup: 43083 ns, At safepoint: 22834 ns, Total: 358667 ns
[2025-09-15T08:48:53.248+0000][183][info ][safepoint   ] Safepoint "Cleanup", Time since last: 5006510752 ns, Reaching safepoint: 112167 ns, Cleanup: 72333 ns, At safepoint: 28583 ns, Total: 213083 ns
[2025-09-15T08:48:54.249+0000][183][info ][safepoint   ] Safepoint "Cleanup", Time since last: 1001547792 ns, Reaching safepoint: 77000 ns, Cleanup: 74667 ns, At safepoint: 26500 ns, Total: 178167 ns
[2025-09-15T08:48:55.250+0000][183][info ][safepoint   ] Safepoint "Cleanup", Time since last: 1000875792 ns, Reaching safepoint: 172209 ns, Cleanup: 62541 ns, At safepoint: 27334 ns, Total: 262084 ns
[2025-09-15T08:48:59.682+0000][183][info ][safepoint   ] Safepoint "Cleanup", Time since last: 4431060835 ns, Reaching safepoint: 70875 ns, Cleanup: 55167 ns, At safepoint: 17791 ns, Total: 143833 ns
[2025-09-15T08:49:04.688+0000][183][info ][safepoint   ] Safepoint "Cleanup", Time since last: 5005472544 ns, Reaching safepoint: 525417 ns, Cleanup: 51500 ns, At safepoint: 27083 ns, Total: 604000 ns
[2025-09-15T08:49:06.691+0000][183][info ][safepoint   ] Safepoint "Cleanup", Time since last: 2003200668 ns, Reaching safepoint: 36833 ns, Cleanup: 27917 ns, At safepoint: 9833 ns, Total: 74583 ns
[2025-09-15T08:49:14.699+0000][183][info ][safepoint   ] Safepoint "Cleanup", Time since last: 8007556129 ns, Reaching safepoint: 145208 ns, Cleanup: 32542 ns, At safepoint: 31250 ns, Total: 209000 ns
[2025-09-15T08:49:20.705+0000][183][info ][safepoint   ] Safepoint "Cleanup", Time since last: 6006671711 ns, Reaching safepoint: 119375 ns, Cleanup: 33667 ns, At safepoint: 19375 ns, Total: 172417 ns
[2025-09-15T08:49:34.161+0000][183][info ][safepoint   ] Safepoint "Cleanup", Time since last: 13455593339 ns, Reaching safepoint: 13542 ns, Cleanup: 19333 ns, At safepoint: 8709 ns, Total: 41584 ns
[2025-09-15T08:49:36.074+0000][183][info ][safepoint   ] Safepoint "Cleanup", Time since last: 1912813542 ns, Reaching safepoint: 46167 ns, Cleanup: 57417 ns, At safepoint: 12125 ns, Total: 115709 ns
[2025-09-15T08:49:59.691+0000][183][info ][safepoint   ] Safepoint "Cleanup", Time since last: 23618265010 ns, Reaching safepoint: 214250 ns, Cleanup: 60500 ns, At safepoint: 26375 ns, Total: 301125 ns
[2025-09-15T08:50:04.697+0000][183][info ][safepoint   ] Safepoint "Cleanup", Time since last: 5005727502 ns, Reaching safepoint: 117625 ns, Cleanup: 24542 ns, At safepoint: 14917 ns, Total: 157084 ns
[2025-09-15T08:50:06.701+0000][183][info ][safepoint   ] Safepoint "Cleanup", Time since last: 2003670209 ns, Reaching safepoint: 16333 ns, Cleanup: 11417 ns, At safepoint: 12208 ns, Total: 39958 ns
[2025-09-15T08:50:07.702+0000][183][info ][safepoint   ] Safepoint "Cleanup", Time since last: 1001132251 ns, Reaching safepoint: 56375 ns, Cleanup: 29208 ns, At safepoint: 10125 ns, Total: 95708 ns
[2025-09-15T08:50:13.711+0000][183][info ][safepoint   ] Safepoint "Cleanup", Time since last: 6007713252 ns, Reaching safepoint: 53167 ns, Cleanup: 14625 ns, At safepoint: 8625 ns, Total: 76417 ns
[2025-09-15T08:50:14.712+0000][183][info ][safepoint   ] Safepoint "Cleanup", Time since last: 1000963209 ns, Reaching safepoint: 565083 ns, Cleanup: 43792 ns, At safepoint: 39916 ns, Total: 648791 ns
[2025-09-15T08:50:20.720+0000][183][info ][safepoint   ] Safepoint "Cleanup", Time since last: 6007230795 ns, Reaching safepoint: 213291 ns, Cleanup: 64167 ns, At safepoint: 31542 ns, Total: 309000 ns
[2025-09-15T08:50:34.739+0000][183][info ][safepoint   ] Safepoint "Cleanup", Time since last: 14018057298 ns, Reaching safepoint: 1286500 ns, Cleanup: 39000 ns, At safepoint: 27125 ns, Total: 1352625 ns
[2025-09-15T08:50:37.156+0000][183][info ][safepoint   ] Safepoint "Cleanup", Time since last: 2417034251 ns, Reaching safepoint: 5042 ns, Cleanup: 8542 ns, At safepoint: 2166 ns, Total: 15750 ns
[2025-09-15T08:50:40.253+0000][183][info ][safepoint   ] Safepoint "Cleanup", Time since last: 3096202127 ns, Reaching safepoint: 24000 ns, Cleanup: 30708 ns, At safepoint: 18208 ns, Total: 72916 ns
[2025-09-15T08:50:47.261+0000][183][info ][safepoint   ] Safepoint "Cleanup", Time since last: 7007823045 ns, Reaching safepoint: 84125 ns, Cleanup: 13292 ns, At safepoint: 8916 ns, Total: 106333 ns
[2025-09-15T08:50:55.270+0000][183][info ][safepoint   ] Safepoint "Cleanup", Time since last: 8009021463 ns, Reaching safepoint: 60375 ns, Cleanup: 26416 ns, At safepoint: 11209 ns, Total: 98000 ns
[2025-09-15T08:51:07.727+0000][183][info ][safepoint   ] Safepoint "Cleanup", Time since last: 12455755422 ns, Reaching safepoint: 1215542 ns, Cleanup: 12250 ns, At safepoint: 18458 ns, Total: 1246250 ns
[2025-09-15T08:51:20.741+0000][183][info ][safepoint   ] Safepoint "Cleanup", Time since last: 13013426214 ns, Reaching safepoint: 502666 ns, Cleanup: 53625 ns, At safepoint: 34084 ns, Total: 590375 ns
[2025-09-15T08:51:40.179+0000][183][info ][safepoint   ] Safepoint "Cleanup", Time since last: 19438619092 ns, Reaching safepoint: 4959 ns, Cleanup: 11833 ns, At safepoint: 7875 ns, Total: 24667 ns
[2025-09-15T08:52:04.971+0000][183][info ][safepoint   ] Safepoint "Cleanup", Time since last: 24790142511 ns, Reaching safepoint: 2499667 ns, Cleanup: 63417 ns, At safepoint: 30958 ns, Total: 2594042 ns
[2025-09-15T08:52:06.976+0000][183][info ][safepoint   ] Safepoint "Cleanup", Time since last: 2004554501 ns, Reaching safepoint: 133791 ns, Cleanup: 35875 ns, At safepoint: 21125 ns, Total: 190791 ns
[2025-09-15T08:52:10.980+0000][183][info ][safepoint   ] Safepoint "Cleanup", Time since last: 4004642085 ns, Reaching safepoint: 96209 ns, Cleanup: 38500 ns, At safepoint: 11916 ns, Total: 146625 ns
[2025-09-15T08:52:16.990+0000][183][info ][safepoint   ] Safepoint "Cleanup", Time since last: 6009941170 ns, Reaching safepoint: 379417 ns, Cleanup: 57375 ns, At safepoint: 23000 ns, Total: 459792 ns
[2025-09-15T08:52:30.007+0000][183][info ][safepoint   ] Safepoint "Cleanup", Time since last: 13016447006 ns, Reaching safepoint: 136416 ns, Cleanup: 112584 ns, At safepoint: 24125 ns, Total: 273125 ns
[2025-09-15T08:52:34.141+0000][183][info ][gc,start    ] GC(27) Pause Young (Concurrent Start) (G1 Evacuation Pause)
[2025-09-15T08:52:34.141+0000][183][info ][gc,task     ] GC(27) Using 8 workers of 8 for evacuation
[2025-09-15T08:52:34.142+0000][183][debug][gc,age      ] GC(27) Desired survivor size 41943040 bytes, new threshold 15 (max threshold 15)
[2025-09-15T08:52:34.208+0000][183][info ][gc,phases   ] GC(27)   Pre Evacuate Collection Set: 2.81ms
[2025-09-15T08:52:34.208+0000][183][info ][gc,phases   ] GC(27)   Merge Heap Roots: 0.47ms
[2025-09-15T08:52:34.208+0000][183][info ][gc,phases   ] GC(27)   Evacuate Collection Set: 56.41ms
[2025-09-15T08:52:34.208+0000][183][info ][gc,phases   ] GC(27)   Post Evacuate Collection Set: 5.78ms
[2025-09-15T08:52:34.208+0000][183][info ][gc,phases   ] GC(27)   Other: 1.27ms
[2025-09-15T08:52:34.208+0000][183][trace][gc,age      ] GC(27) Age table with threshold 15 (max threshold 15)
[2025-09-15T08:52:34.208+0000][183][trace][gc,age      ] GC(27) - age   1:     941112 bytes,     941112 total
[2025-09-15T08:52:34.209+0000][183][trace][gc,age      ] GC(27) - age   2:     395392 bytes,    1336504 total
[2025-09-15T08:52:34.209+0000][183][trace][gc,age      ] GC(27) - age   3:     355104 bytes,    1691608 total
[2025-09-15T08:52:34.209+0000][183][trace][gc,age      ] GC(27) - age   4:     348400 bytes,    2040008 total
[2025-09-15T08:52:34.209+0000][183][trace][gc,age      ] GC(27) - age   5:     889744 bytes,    2929752 total
[2025-09-15T08:52:34.209+0000][183][trace][gc,age      ] GC(27) - age   6:    4225632 bytes,    7155384 total
[2025-09-15T08:52:34.209+0000][183][trace][gc,age      ] GC(27) - age   7:    1821840 bytes,    8977224 total
[2025-09-15T08:52:34.209+0000][183][trace][gc,age      ] GC(27) - age   8:    3598416 bytes,   12575640 total
[2025-09-15T08:52:34.209+0000][183][trace][gc,age      ] GC(27) - age   9:    2207360 bytes,   14783000 total
[2025-09-15T08:52:34.209+0000][183][trace][gc,age      ] GC(27) - age  10:   16643072 bytes,   31426072 total
[2025-09-15T08:52:34.209+0000][183][trace][gc,age      ] GC(27) - age  11:      41344 bytes,   31467416 total
[2025-09-15T08:52:34.209+0000][183][info ][gc,heap     ] GC(27) Eden regions: 144->0(144)
[2025-09-15T08:52:34.209+0000][183][info ][gc,heap     ] GC(27) Survivor regions: 9->9(20)
[2025-09-15T08:52:34.209+0000][183][info ][gc,heap     ] GC(27) Old regions: 29->29
[2025-09-15T08:52:34.209+0000][183][info ][gc,heap     ] GC(27) Humongous regions: 2->2
[2025-09-15T08:52:34.209+0000][183][info ][gc,metaspace] GC(27) Metaspace: 161358K(165760K)->161358K(165760K) NonClass: 139230K(141632K)->139230K(141632K) Class: 22128K(24128K)->22128K(24128K)
[2025-09-15T08:52:34.209+0000][183][info ][gc          ] GC(27) Pause Young (Concurrent Start) (G1 Evacuation Pause) 732M->155M(1024M) 68.368ms
[2025-09-15T08:52:34.209+0000][183][info ][gc,cpu      ] GC(27) User=0.48s Sys=0.00s Real=0.07s
[2025-09-15T08:52:34.209+0000][183][info ][gc          ] GC(28) Concurrent Mark Cycle
[2025-09-15T08:52:34.209+0000][183][info ][gc,marking  ] GC(28) Concurrent Scan Root Regions
[2025-09-15T08:52:34.209+0000][183][info ][safepoint   ] Safepoint "G1CollectForAllocation", Time since last: 4133748918 ns, Reaching safepoint: 98750 ns, Cleanup: 8459 ns, At safepoint: 68724916 ns, Total: 68832125 ns
[2025-09-15T08:52:34.221+0000][183][info ][gc,marking  ] GC(28) Concurrent Scan Root Regions 11.190ms
[2025-09-15T08:52:34.221+0000][183][info ][gc,marking  ] GC(28) Concurrent Mark
[2025-09-15T08:52:34.221+0000][183][info ][gc,marking  ] GC(28) Concurrent Mark From Roots
[2025-09-15T08:52:34.221+0000][183][info ][gc,task     ] GC(28) Using 2 workers of 2 for marking
[2025-09-15T08:52:34.298+0000][183][info ][gc,marking  ] GC(28) Concurrent Mark From Roots 76.778ms
[2025-09-15T08:52:34.298+0000][183][info ][gc,marking  ] GC(28) Concurrent Preclean
[2025-09-15T08:52:34.299+0000][183][info ][gc,marking  ] GC(28) Concurrent Preclean 0.969ms
[2025-09-15T08:52:34.299+0000][183][info ][gc,start    ] GC(28) Pause Remark
[2025-09-15T08:52:34.403+0000][183][info ][gc          ] GC(28) Pause Remark 159M->159M(1024M) 104.008ms
[2025-09-15T08:52:34.403+0000][183][info ][gc,cpu      ] GC(28) User=0.63s Sys=0.00s Real=0.10s
[2025-09-15T08:52:34.403+0000][183][info ][safepoint   ] Safepoint "G1PauseRemark", Time since last: 89434334 ns, Reaching safepoint: 16833 ns, Cleanup: 3167 ns, At safepoint: 104372875 ns, Total: 104392875 ns
[2025-09-15T08:52:34.403+0000][183][info ][gc,marking  ] GC(28) Concurrent Mark 182.605ms
[2025-09-15T08:52:34.404+0000][183][info ][gc,marking  ] GC(28) Concurrent Rebuild Remembered Sets and Scrub Regions
[2025-09-15T08:52:34.427+0000][183][info ][gc,marking  ] GC(28) Concurrent Rebuild Remembered Sets and Scrub Regions 23.078ms
[2025-09-15T08:52:34.428+0000][183][info ][gc,start    ] GC(28) Pause Cleanup
[2025-09-15T08:52:34.428+0000][183][info ][gc          ] GC(28) Pause Cleanup 159M->159M(1024M) 0.240ms
[2025-09-15T08:52:34.428+0000][183][info ][gc,cpu      ] GC(28) User=0.00s Sys=0.00s Real=0.00s
[2025-09-15T08:52:34.428+0000][183][info ][safepoint   ] Safepoint "G1PauseCleanup", Time since last: 24845958 ns, Reaching safepoint: 10584 ns, Cleanup: 80416 ns, At safepoint: 415500 ns, Total: 506500 ns
[2025-09-15T08:52:34.429+0000][183][info ][gc,marking  ] GC(28) Concurrent Clear Claimed Marks
[2025-09-15T08:52:34.429+0000][183][info ][gc,marking  ] GC(28) Concurrent Clear Claimed Marks 0.275ms
[2025-09-15T08:52:34.429+0000][183][info ][gc,marking  ] GC(28) Concurrent Cleanup for Next Mark
[2025-09-15T08:52:34.435+0000][183][info ][gc,marking  ] GC(28) Concurrent Cleanup for Next Mark 6.293ms
[2025-09-15T08:52:34.435+0000][183][info ][gc          ] GC(28) Concurrent Mark Cycle 226.029ms
[2025-09-15T08:52:35.430+0000][183][info ][safepoint   ] Safepoint "Cleanup", Time since last: 1001405376 ns, Reaching safepoint: 80416 ns, Cleanup: 24500 ns, At safepoint: 14167 ns, Total: 119083 ns
[2025-09-15T08:52:43.201+0000][183][info ][safepoint   ] Safepoint "Cleanup", Time since last: 7769662836 ns, Reaching safepoint: 5709 ns, Cleanup: 12166 ns, At safepoint: 6417 ns, Total: 24292 ns
[2025-09-15T08:52:44.537+0000][183][info ][safepoint   ] Safepoint "Cleanup", Time since last: 1336634334 ns, Reaching safepoint: 52208 ns, Cleanup: 49709 ns, At safepoint: 17666 ns, Total: 119583 ns
[2025-09-15T08:52:50.544+0000][183][info ][safepoint   ] Safepoint "Cleanup", Time since last: 6006460920 ns, Reaching safepoint: 164042 ns, Cleanup: 56500 ns, At safepoint: 21458 ns, Total: 242000 ns
[2025-09-15T08:52:57.553+0000][183][info ][safepoint   ] Safepoint "Cleanup", Time since last: 7008912545 ns, Reaching safepoint: 249125 ns, Cleanup: 30250 ns, At safepoint: 17542 ns, Total: 296917 ns
[2025-09-15T08:53:00.176+0000][183][info ][safepoint   ] Safepoint "Cleanup", Time since last: 2622209959 ns, Reaching safepoint: 206667 ns, Cleanup: 142583 ns, At safepoint: 28042 ns, Total: 377292 ns
[2025-09-15T08:53:01.178+0000][183][info ][safepoint   ] Safepoint "Cleanup", Time since last: 1001759667 ns, Reaching safepoint: 35000 ns, Cleanup: 21292 ns, At safepoint: 13875 ns, Total: 70167 ns
[2025-09-15T08:53:04.180+0000][183][info ][safepoint   ] Safepoint "Cleanup", Time since last: 3002351334 ns, Reaching safepoint: 47417 ns, Cleanup: 29125 ns, At safepoint: 14333 ns, Total: 90875 ns
[2025-09-15T08:53:07.184+0000][183][info ][safepoint   ] Safepoint "Cleanup", Time since last: 3004096710 ns, Reaching safepoint: 198042 ns, Cleanup: 21042 ns, At safepoint: 16791 ns, Total: 235875 ns
[2025-09-15T08:53:10.188+0000][183][info ][safepoint   ] Safepoint "Cleanup", Time since last: 3003261793 ns, Reaching safepoint: 39792 ns, Cleanup: 20125 ns, At safepoint: 11083 ns, Total: 71000 ns
[2025-09-15T08:53:21.200+0000][183][info ][safepoint   ] Safepoint "Cleanup", Time since last: 11011281296 ns, Reaching safepoint: 190709 ns, Cleanup: 125708 ns, At safepoint: 36250 ns, Total: 352667 ns
[2025-09-15T08:53:22.213+0000][183][info ][safepoint   ] Safepoint "Cleanup", Time since last: 1013156375 ns, Reaching safepoint: 4667 ns, Cleanup: 17208 ns, At safepoint: 4792 ns, Total: 26667 ns
[2025-09-15T08:53:23.655+0000][183][info ][safepoint   ] Safepoint "Cleanup", Time since last: 1442124334 ns, Reaching safepoint: 76833 ns, Cleanup: 76042 ns, At safepoint: 17458 ns, Total: 170333 ns
[2025-09-15T08:53:28.212+0000][183][info ][safepoint   ] Safepoint "Cleanup", Time since last: 4556517503 ns, Reaching safepoint: 3666 ns, Cleanup: 6334 ns, At safepoint: 4666 ns, Total: 14666 ns
[2025-09-15T08:53:29.733+0000][183][info ][safepoint   ] Safepoint "Cleanup", Time since last: 1521497709 ns, Reaching safepoint: 45542 ns, Cleanup: 30042 ns, At safepoint: 9916 ns, Total: 85500 ns
[2025-09-15T08:53:30.779+0000][183][info ][safepoint   ] Safepoint "Cleanup", Time since last: 1045479709 ns, Reaching safepoint: 163167 ns, Cleanup: 54750 ns, At safepoint: 16583 ns, Total: 234500 ns
[2025-09-15T08:53:31.780+0000][183][info ][safepoint   ] Safepoint "Cleanup", Time since last: 1001198084 ns, Reaching safepoint: 40583 ns, Cleanup: 23959 ns, At safepoint: 13083 ns, Total: 77625 ns
[2025-09-15T08:53:38.786+0000][183][info ][safepoint   ] Safepoint "Cleanup", Time since last: 7005536753 ns, Reaching safepoint: 68417 ns, Cleanup: 8542 ns, At safepoint: 8916 ns, Total: 85875 ns
[2025-09-15T08:53:39.832+0000][183][info ][safepoint   ] Safepoint "Cleanup", Time since last: 1045838417 ns, Reaching safepoint: 11334 ns, Cleanup: 38791 ns, At safepoint: 9709 ns, Total: 59834 ns
[2025-09-15T08:53:40.833+0000][183][info ][safepoint   ] Safepoint "Cleanup", Time since last: 1001275666 ns, Reaching safepoint: 99959 ns, Cleanup: 65666 ns, At safepoint: 28917 ns, Total: 194542 ns
[2025-09-15T08:53:41.834+0000][183][info ][safepoint   ] Safepoint "Cleanup", Time since last: 1001005792 ns, Reaching safepoint: 74958 ns, Cleanup: 45875 ns, At safepoint: 18667 ns, Total: 139500 ns
[2025-09-15T08:53:43.838+0000][183][info ][safepoint   ] Safepoint "Cleanup", Time since last: 2003891418 ns, Reaching safepoint: 94708 ns, Cleanup: 44750 ns, At safepoint: 24000 ns, Total: 163458 ns
[2025-09-15T08:53:44.840+0000][183][info ][safepoint   ] Safepoint "Cleanup", Time since last: 1001497167 ns, Reaching safepoint: 66084 ns, Cleanup: 51583 ns, At safepoint: 15875 ns, Total: 133542 ns
[2025-09-15T08:53:46.184+0000][183][info ][safepoint   ] Safepoint "Cleanup", Time since last: 1344450126 ns, Reaching safepoint: 5291 ns, Cleanup: 20292 ns, At safepoint: 5042 ns, Total: 30625 ns
[2025-09-15T08:53:47.888+0000][183][info ][safepoint   ] Safepoint "Cleanup", Time since last: 1703775417 ns, Reaching safepoint: 16917 ns, Cleanup: 38166 ns, At safepoint: 13000 ns, Total: 68083 ns
[2025-09-15T08:53:50.898+0000][183][info ][safepoint   ] Safepoint "Cleanup", Time since last: 3009978793 ns, Reaching safepoint: 225542 ns, Cleanup: 43125 ns, At safepoint: 18708 ns, Total: 287375 ns
[2025-09-15T08:53:54.904+0000][183][info ][safepoint   ] Safepoint "Cleanup", Time since last: 4005933044 ns, Reaching safepoint: 48250 ns, Cleanup: 25667 ns, At safepoint: 12708 ns, Total: 86625 ns
[2025-09-15T08:54:01.179+0000][183][info ][safepoint   ] Safepoint "Cleanup", Time since last: 6274997545 ns, Reaching safepoint: 118458 ns, Cleanup: 15667 ns, At safepoint: 7416 ns, Total: 141541 ns
[2025-09-15T08:54:07.187+0000][183][info ][safepoint   ] Safepoint "Cleanup", Time since last: 6007837962 ns, Reaching safepoint: 31166 ns, Cleanup: 26417 ns, At safepoint: 12625 ns, Total: 70208 ns
[2025-09-15T08:54:10.191+0000][183][info ][safepoint   ] Safepoint "Cleanup", Time since last: 3003258460 ns, Reaching safepoint: 26333 ns, Cleanup: 29292 ns, At safepoint: 11041 ns, Total: 66666 ns
[2025-09-15T08:54:11.192+0000][183][info ][safepoint   ] Safepoint "Cleanup", Time since last: 1000619084 ns, Reaching safepoint: 222167 ns, Cleanup: 41583 ns, At safepoint: 21500 ns, Total: 285250 ns
[2025-09-15T08:54:35.218+0000][183][info ][safepoint   ] Safepoint "Cleanup", Time since last: 24026038386 ns, Reaching safepoint: 276500 ns, Cleanup: 43292 ns, At safepoint: 16875 ns, Total: 336667 ns
[2025-09-15T08:54:44.228+0000][183][info ][safepoint   ] Safepoint "Cleanup", Time since last: 9009757795 ns, Reaching safepoint: 62708 ns, Cleanup: 25709 ns, At safepoint: 17833 ns, Total: 106250 ns
[2025-09-15T08:54:49.215+0000][183][info ][safepoint   ] Safepoint "Cleanup", Time since last: 4987406919 ns, Reaching safepoint: 5875 ns, Cleanup: 20875 ns, At safepoint: 9625 ns, Total: 36375 ns
[2025-09-15T08:54:51.103+0000][183][info ][safepoint   ] Safepoint "Cleanup", Time since last: 1887797876 ns, Reaching safepoint: 29833 ns, Cleanup: 144375 ns, At safepoint: 79000 ns, Total: 253208 ns
[2025-09-15T08:55:05.376+0000][183][info ][safepoint   ] Safepoint "Cleanup", Time since last: 14271879257 ns, Reaching safepoint: 352958 ns, Cleanup: 36000 ns, At safepoint: 42042 ns, Total: 431000 ns
[2025-09-15T08:55:09.381+0000][183][info ][safepoint   ] Safepoint "Cleanup", Time since last: 4005626002 ns, Reaching safepoint: 133250 ns, Cleanup: 35042 ns, At safepoint: 30625 ns, Total: 198917 ns
[2025-09-15T08:55:14.386+0000][183][info ][safepoint   ] Safepoint "Cleanup", Time since last: 5005151377 ns, Reaching safepoint: 90250 ns, Cleanup: 55375 ns, At safepoint: 17791 ns, Total: 163416 ns
[2025-09-15T08:55:21.395+0000][183][info ][safepoint   ] Safepoint "Cleanup", Time since last: 7008586129 ns, Reaching safepoint: 95875 ns, Cleanup: 56333 ns, At safepoint: 47042 ns, Total: 199250 ns
[2025-09-15T08:55:22.396+0000][183][info ][safepoint   ] Safepoint "Cleanup", Time since last: 1000909250 ns, Reaching safepoint: 46000 ns, Cleanup: 31959 ns, At safepoint: 10208 ns, Total: 88167 ns
[2025-09-15T08:55:24.399+0000][183][info ][safepoint   ] Safepoint "Cleanup", Time since last: 2002554167 ns, Reaching safepoint: 162709 ns, Cleanup: 30208 ns, At safepoint: 26500 ns, Total: 219417 ns
[2025-09-15T08:55:26.401+0000][183][info ][safepoint   ] Safepoint "Cleanup", Time since last: 2002257168 ns, Reaching safepoint: 74625 ns, Cleanup: 35708 ns, At safepoint: 19125 ns, Total: 129458 ns
[2025-09-15T08:55:29.054+0000][183][info ][safepoint   ] Safepoint "Cleanup", Time since last: 2652155293 ns, Reaching safepoint: 98292 ns, Cleanup: 39833 ns, At safepoint: 30833 ns, Total: 168958 ns
[2025-09-15T08:55:44.142+0000][183][info ][safepoint   ] Safepoint "Cleanup", Time since last: 15087982216 ns, Reaching safepoint: 285333 ns, Cleanup: 30000 ns, At safepoint: 23500 ns, Total: 338833 ns
[2025-09-15T08:55:50.152+0000][183][info ][safepoint   ] Safepoint "Cleanup", Time since last: 6009964919 ns, Reaching safepoint: 77542 ns, Cleanup: 59375 ns, At safepoint: 27375 ns, Total: 164292 ns
[2025-09-15T08:55:51.155+0000][183][info ][safepoint   ] Safepoint "Cleanup", Time since last: 1002187459 ns, Reaching safepoint: 95000 ns, Cleanup: 37958 ns, At safepoint: 18042 ns, Total: 151000 ns
[2025-09-15T08:55:53.260+0000][183][info ][safepoint   ] Safepoint "Cleanup", Time since last: 2105654168 ns, Reaching safepoint: 62833 ns, Cleanup: 45708 ns, At safepoint: 18625 ns, Total: 127166 ns
[2025-09-15T08:55:54.308+0000][183][info ][safepoint   ] Safepoint "Cleanup", Time since last: 1047278292 ns, Reaching safepoint: 22209 ns, Cleanup: 62750 ns, At safepoint: 14166 ns, Total: 99125 ns
[2025-09-15T08:55:55.312+0000][183][info ][safepoint   ] Safepoint "Cleanup", Time since last: 1004282584 ns, Reaching safepoint: 73500 ns, Cleanup: 44250 ns, At safepoint: 22500 ns, Total: 140250 ns
[2025-09-15T08:56:06.605+0000][183][info ][safepoint   ] Safepoint "Cleanup", Time since last: 11293013756 ns, Reaching safepoint: 124541 ns, Cleanup: 44917 ns, At safepoint: 15042 ns, Total: 184500 ns
[2025-09-15T08:56:13.620+0000][183][info ][safepoint   ] Safepoint "Cleanup", Time since last: 7014652502 ns, Reaching safepoint: 785750 ns, Cleanup: 73542 ns, At safepoint: 91542 ns, Total: 950834 ns
[2025-09-15T08:56:14.754+0000][183][info ][safepoint   ] Safepoint "Cleanup", Time since last: 1133608417 ns, Reaching safepoint: 7958 ns, Cleanup: 86959 ns, At safepoint: 12500 ns, Total: 107417 ns
[2025-09-15T08:56:16.493+0000][183][info ][safepoint   ] Safepoint "Cleanup", Time since last: 1738114625 ns, Reaching safepoint: 187709 ns, Cleanup: 88375 ns, At safepoint: 14958 ns, Total: 291042 ns
[2025-09-15T08:56:25.717+0000][183][info ][safepoint   ] Safepoint "Cleanup", Time since last: 9224758213 ns, Reaching safepoint: 56416 ns, Cleanup: 65125 ns, At safepoint: 8875 ns, Total: 130416 ns
[2025-09-15T08:56:27.042+0000][183][info ][safepoint   ] Safepoint "Cleanup", Time since last: 1324714959 ns, Reaching safepoint: 5125 ns, Cleanup: 82292 ns, At safepoint: 4917 ns, Total: 92334 ns
[2025-09-15T08:56:27.957+0000][183][info ][gc,heap,exit] Heap
[2025-09-15T08:56:27.960+0000][183][info ][gc,heap,exit]  garbage-first heap   total reserved 1048576K, committed 1048576K, used 591076K [0x00000000c0000000, 0x0000000100000000)
[2025-09-15T08:56:27.961+0000][183][info ][gc,heap,exit]   region size 4096K, 115 young (471040K), 9 survivors (36864K)
[2025-09-15T08:56:27.962+0000][183][info ][gc,heap,exit]  Metaspace       used 159362K, committed 165760K, reserved 1245184K
[2025-09-15T08:56:27.964+0000][183][info ][gc,heap,exit]   class space    used 21546K, committed 24128K, reserved 1048576K
