[2025-09-18T06:45:55.181+0000][122][info][gc,init] CardTable entry size: 512
[2025-09-18T06:45:55.181+0000][122][info][gc     ] Using G1
[2025-09-18T06:45:56.205+0000][122][info][gc,init] Version: 22.0.1+8-16 (release)
[2025-09-18T06:45:56.206+0000][122][info][gc,init] CPUs: 8 total, 8 available
[2025-09-18T06:45:56.206+0000][122][info][gc,init] Memory: 7837M
[2025-09-18T06:45:56.206+0000][122][info][gc,init] Large Page Support: Disabled
[2025-09-18T06:45:56.206+0000][122][info][gc,init] NUMA Support: Disabled
[2025-09-18T06:45:56.206+0000][122][info][gc,init] Compressed Oops: Enabled (32-bit)
[2025-09-18T06:45:56.206+0000][122][info][gc,init] Heap Region Size: 4M
[2025-09-18T06:45:56.206+0000][122][info][gc,init] Heap Min Capacity: 1G
[2025-09-18T06:45:56.206+0000][122][info][gc,init] Heap Initial Capacity: 1G
[2025-09-18T06:45:56.207+0000][122][info][gc,init] Heap Max Capacity: 1G
[2025-09-18T06:45:56.208+0000][122][info][gc,init] Pre-touch: Enabled
[2025-09-18T06:45:56.208+0000][122][info][gc,init] Parallel Workers: 8
[2025-09-18T06:45:56.208+0000][122][info][gc,init] Concurrent Workers: 2
[2025-09-18T06:45:56.208+0000][122][info][gc,init] Concurrent Refinement Workers: 8
[2025-09-18T06:45:56.208+0000][122][info][gc,init] Periodic GC: Disabled
[2025-09-18T06:45:56.226+0000][122][info][gc,metaspace] CDS archive(s) mapped at: [0x00000f8000000000-0x00000f8000c80000-0x00000f8000c80000), size 13107200, SharedBaseAddress: 0x00000f8000000000, ArchiveRelocationMode: 1.
[2025-09-18T06:45:56.226+0000][122][info][gc,metaspace] Compressed class space mapped at: 0x00000f8001000000-0x00000f8041000000, reserved size: 1073741824
[2025-09-18T06:45:56.226+0000][122][info][gc,metaspace] Narrow klass base: 0x00000f8000000000, Narrow klass shift: 0, Narrow klass range: 0x100000000
[2025-09-18T06:45:56.289+0000][122][info][safepoint   ] Safepoint "ICBufferFull", Time since last: 60282041 ns, Reaching safepoint: 1750 ns, Cleanup: 77959 ns, At safepoint: 8083 ns, Total: 87792 ns
[2025-09-18T06:45:56.377+0000][122][info][safepoint   ] Safepoint "ICBufferFull", Time since last: 90697624 ns, Reaching safepoint: 308334 ns, Cleanup: 66375 ns, At safepoint: 9208 ns, Total: 383917 ns
[2025-09-18T06:45:56.500+0000][122][info][safepoint   ] Safepoint "ICBufferFull", Time since last: 122846292 ns, Reaching safepoint: 2333 ns, Cleanup: 108125 ns, At safepoint: 4333 ns, Total: 114791 ns
[2025-09-18T06:45:56.567+0000][122][info][safepoint   ] Safepoint "ICBufferFull", Time since last: 66835542 ns, Reaching safepoint: 2208 ns, Cleanup: 116292 ns, At safepoint: 4083 ns, Total: 122583 ns
[2025-09-18T06:45:56.577+0000][122][info][gc,start    ] GC(0) Pause Young (Normal) (G1 Evacuation Pause)
[2025-09-18T06:45:56.578+0000][122][info][gc,task     ] GC(0) Using 8 workers of 8 for evacuation
[2025-09-18T06:45:56.578+0000][122][debug][gc,age      ] GC(0) Desired survivor size 4194304 bytes, new threshold 15 (max threshold 15)
[2025-09-18T06:45:56.589+0000][122][info ][gc,phases   ] GC(0)   Pre Evacuate Collection Set: 0.35ms
[2025-09-18T06:45:56.589+0000][122][info ][gc,phases   ] GC(0)   Merge Heap Roots: 0.13ms
[2025-09-18T06:45:56.589+0000][122][info ][gc,phases   ] GC(0)   Evacuate Collection Set: 10.20ms
[2025-09-18T06:45:56.589+0000][122][info ][gc,phases   ] GC(0)   Post Evacuate Collection Set: 0.48ms
[2025-09-18T06:45:56.589+0000][122][info ][gc,phases   ] GC(0)   Other: 0.31ms
[2025-09-18T06:45:56.589+0000][122][trace][gc,age      ] GC(0) Age table with threshold 15 (max threshold 15)
[2025-09-18T06:45:56.589+0000][122][trace][gc,age      ] GC(0) - age   1:    4677024 bytes,    4677024 total
[2025-09-18T06:45:56.589+0000][122][info ][gc,heap     ] GC(0) Eden regions: 12->0(20)
[2025-09-18T06:45:56.589+0000][122][info ][gc,heap     ] GC(0) Survivor regions: 0->2(2)
[2025-09-18T06:45:56.589+0000][122][info ][gc,heap     ] GC(0) Old regions: 1->1
[2025-09-18T06:45:56.589+0000][122][info ][gc,heap     ] GC(0) Humongous regions: 0->0
[2025-09-18T06:45:56.589+0000][122][info ][gc,metaspace] GC(0) Metaspace: 7247K(7488K)->7247K(7488K) NonClass: 6381K(6528K)->6381K(6528K) Class: 865K(960K)->865K(960K)
[2025-09-18T06:45:56.589+0000][122][info ][gc          ] GC(0) Pause Young (Normal) (G1 Evacuation Pause) 49M->5M(1024M) 12.126ms
[2025-09-18T06:45:56.589+0000][122][info ][gc,cpu      ] GC(0) User=0.04s Sys=0.03s Real=0.01s
[2025-09-18T06:45:56.589+0000][122][info ][safepoint   ] Safepoint "G1CollectForAllocation", Time since last: 10335209 ns, Reaching safepoint: 2041 ns, Cleanup: 15167 ns, At safepoint: 12198333 ns, Total: 12215541 ns
[2025-09-18T06:45:56.675+0000][122][info ][safepoint   ] Safepoint "ICBufferFull", Time since last: 85507834 ns, Reaching safepoint: 1875 ns, Cleanup: 58208 ns, At safepoint: 2458 ns, Total: 62541 ns
[2025-09-18T06:45:56.721+0000][122][info ][safepoint   ] Safepoint "ICBufferFull", Time since last: 46147334 ns, Reaching safepoint: 2541 ns, Cleanup: 107875 ns, At safepoint: 8792 ns, Total: 119208 ns
[2025-09-18T06:45:56.870+0000][122][info ][safepoint   ] Safepoint "ICBufferFull", Time since last: 148186458 ns, Reaching safepoint: 2542 ns, Cleanup: 121833 ns, At safepoint: 4917 ns, Total: 129292 ns
[2025-09-18T06:45:57.277+0000][122][info ][safepoint   ] Safepoint "ICBufferFull", Time since last: 407562709 ns, Reaching safepoint: 2791 ns, Cleanup: 82959 ns, At safepoint: 5083 ns, Total: 90833 ns
[2025-09-18T06:45:57.367+0000][122][info ][safepoint   ] Safepoint "ICBufferFull", Time since last: 89297458 ns, Reaching safepoint: 305125 ns, Cleanup: 67292 ns, At safepoint: 7625 ns, Total: 380042 ns
[2025-09-18T06:45:57.532+0000][122][info ][safepoint   ] Safepoint "ICBufferFull", Time since last: 164921708 ns, Reaching safepoint: 2959 ns, Cleanup: 75416 ns, At safepoint: 4459 ns, Total: 82834 ns
[2025-09-18T06:45:57.585+0000][122][info ][gc,start    ] GC(1) Pause Young (Normal) (G1 Evacuation Pause)
[2025-09-18T06:45:57.587+0000][122][info ][gc,task     ] GC(1) Using 8 workers of 8 for evacuation
[2025-09-18T06:45:57.587+0000][122][debug][gc,age      ] GC(1) Desired survivor size 6291456 bytes, new threshold 15 (max threshold 15)
[2025-09-18T06:45:57.597+0000][122][info ][gc,phases   ] GC(1)   Pre Evacuate Collection Set: 0.09ms
[2025-09-18T06:45:57.597+0000][122][info ][gc,phases   ] GC(1)   Merge Heap Roots: 0.04ms
[2025-09-18T06:45:57.597+0000][122][info ][gc,phases   ] GC(1)   Evacuate Collection Set: 8.87ms
[2025-09-18T06:45:57.597+0000][122][info ][gc,phases   ] GC(1)   Post Evacuate Collection Set: 1.21ms
[2025-09-18T06:45:57.597+0000][122][info ][gc,phases   ] GC(1)   Other: 0.16ms
[2025-09-18T06:45:57.597+0000][122][trace][gc,age      ] GC(1) Age table with threshold 15 (max threshold 15)
[2025-09-18T06:45:57.597+0000][122][trace][gc,age      ] GC(1) - age   1:    4866648 bytes,    4866648 total
[2025-09-18T06:45:57.597+0000][122][trace][gc,age      ] GC(1) - age   2:    4604784 bytes,    9471432 total
[2025-09-18T06:45:57.597+0000][122][info ][gc,heap     ] GC(1) Eden regions: 20->0(34)
[2025-09-18T06:45:57.597+0000][122][info ][gc,heap     ] GC(1) Survivor regions: 2->3(3)
[2025-09-18T06:45:57.597+0000][122][info ][gc,heap     ] GC(1) Old regions: 1->1
[2025-09-18T06:45:57.598+0000][122][info ][gc,heap     ] GC(1) Humongous regions: 0->0
[2025-09-18T06:45:57.598+0000][122][info ][gc,metaspace] GC(1) Metaspace: 20176K(20800K)->20176K(20800K) NonClass: 17859K(18240K)->17859K(18240K) Class: 2317K(2560K)->2317K(2560K)
[2025-09-18T06:45:57.598+0000][122][info ][gc          ] GC(1) Pause Young (Normal) (G1 Evacuation Pause) 85M->10M(1024M) 12.832ms
[2025-09-18T06:45:57.598+0000][122][info ][gc,cpu      ] GC(1) User=0.03s Sys=0.00s Real=0.01s
[2025-09-18T06:45:57.598+0000][122][info ][safepoint   ] Safepoint "G1CollectForAllocation", Time since last: 52824041 ns, Reaching safepoint: 6500 ns, Cleanup: 22209 ns, At safepoint: 12930625 ns, Total: 12959334 ns
[2025-09-18T06:45:57.721+0000][122][info ][gc,start    ] GC(2) Pause Young (Concurrent Start) (Metadata GC Threshold)
[2025-09-18T06:45:57.721+0000][122][info ][gc,task     ] GC(2) Using 8 workers of 8 for evacuation
[2025-09-18T06:45:57.721+0000][122][debug][gc,age      ] GC(2) Desired survivor size 10485760 bytes, new threshold 15 (max threshold 15)
[2025-09-18T06:45:57.724+0000][122][info ][gc,phases   ] GC(2)   Pre Evacuate Collection Set: 0.10ms
[2025-09-18T06:45:57.724+0000][122][info ][gc,phases   ] GC(2)   Merge Heap Roots: 0.06ms
[2025-09-18T06:45:57.724+0000][122][info ][gc,phases   ] GC(2)   Evacuate Collection Set: 2.44ms
[2025-09-18T06:45:57.724+0000][122][info ][gc,phases   ] GC(2)   Post Evacuate Collection Set: 0.54ms
[2025-09-18T06:45:57.724+0000][122][info ][gc,phases   ] GC(2)   Other: 0.18ms
[2025-09-18T06:45:57.724+0000][122][trace][gc,age      ] GC(2) Age table with threshold 15 (max threshold 15)
[2025-09-18T06:45:57.724+0000][122][trace][gc,age      ] GC(2) - age   1:     479744 bytes,     479744 total
[2025-09-18T06:45:57.724+0000][122][trace][gc,age      ] GC(2) - age   2:    4005936 bytes,    4485680 total
[2025-09-18T06:45:57.724+0000][122][trace][gc,age      ] GC(2) - age   3:    4588656 bytes,    9074336 total
[2025-09-18T06:45:57.724+0000][122][info ][gc,heap     ] GC(2) Eden regions: 7->0(69)
[2025-09-18T06:45:57.724+0000][122][info ][gc,heap     ] GC(2) Survivor regions: 3->3(5)
[2025-09-18T06:45:57.724+0000][122][info ][gc,heap     ] GC(2) Old regions: 1->1
[2025-09-18T06:45:57.724+0000][122][info ][gc,heap     ] GC(2) Humongous regions: 0->0
[2025-09-18T06:45:57.724+0000][122][info ][gc,metaspace] GC(2) Metaspace: 20814K(21504K)->20814K(21504K) NonClass: 18405K(18816K)->18405K(18816K) Class: 2409K(2688K)->2409K(2688K)
[2025-09-18T06:45:57.724+0000][122][info ][gc          ] GC(2) Pause Young (Concurrent Start) (Metadata GC Threshold) 38M->10M(1024M) 3.727ms
[2025-09-18T06:45:57.724+0000][122][info ][gc,cpu      ] GC(2) User=0.02s Sys=0.00s Real=0.01s
[2025-09-18T06:45:57.724+0000][122][info ][gc          ] GC(3) Concurrent Mark Cycle
[2025-09-18T06:45:57.725+0000][122][info ][gc,marking  ] GC(3) Concurrent Scan Root Regions
[2025-09-18T06:45:57.725+0000][122][info ][safepoint   ] Safepoint "CollectForMetadataAllocation", Time since last: 122951458 ns, Reaching safepoint: 2333 ns, Cleanup: 63334 ns, At safepoint: 3891041 ns, Total: 3956708 ns
[2025-09-18T06:45:57.727+0000][122][info ][gc,marking  ] GC(3) Concurrent Scan Root Regions 1.944ms
[2025-09-18T06:45:57.727+0000][122][info ][gc,marking  ] GC(3) Concurrent Mark
[2025-09-18T06:45:57.727+0000][122][info ][gc,marking  ] GC(3) Concurrent Mark From Roots
[2025-09-18T06:45:57.727+0000][122][info ][gc,task     ] GC(3) Using 2 workers of 2 for marking
[2025-09-18T06:45:57.728+0000][122][info ][gc,marking  ] GC(3) Concurrent Mark From Roots 1.255ms
[2025-09-18T06:45:57.728+0000][122][info ][gc,marking  ] GC(3) Concurrent Preclean
[2025-09-18T06:45:57.728+0000][122][info ][gc,marking  ] GC(3) Concurrent Preclean 0.054ms
[2025-09-18T06:45:57.729+0000][122][info ][gc,start    ] GC(3) Pause Remark
[2025-09-18T06:45:57.730+0000][122][info ][gc          ] GC(3) Pause Remark 13M->13M(1024M) 1.319ms
[2025-09-18T06:45:57.730+0000][122][info ][gc,cpu      ] GC(3) User=0.01s Sys=0.00s Real=0.00s
[2025-09-18T06:45:57.730+0000][122][info ][safepoint   ] Safepoint "G1PauseRemark", Time since last: 3756209 ns, Reaching safepoint: 566916 ns, Cleanup: 8542 ns, At safepoint: 1394708 ns, Total: 1970166 ns
[2025-09-18T06:45:57.730+0000][122][info ][gc,marking  ] GC(3) Concurrent Mark 3.721ms
[2025-09-18T06:45:57.730+0000][122][info ][gc,marking  ] GC(3) Concurrent Rebuild Remembered Sets and Scrub Regions
[2025-09-18T06:45:57.731+0000][122][info ][gc,marking  ] GC(3) Concurrent Rebuild Remembered Sets and Scrub Regions 0.340ms
[2025-09-18T06:45:57.731+0000][122][info ][gc,start    ] GC(3) Pause Cleanup
[2025-09-18T06:45:57.731+0000][122][info ][gc          ] GC(3) Pause Cleanup 13M->13M(1024M) 0.088ms
[2025-09-18T06:45:57.731+0000][122][info ][gc,cpu      ] GC(3) User=0.00s Sys=0.00s Real=0.00s
[2025-09-18T06:45:57.731+0000][122][info ][safepoint   ] Safepoint "G1PauseCleanup", Time since last: 464709 ns, Reaching safepoint: 1791 ns, Cleanup: 1000 ns, At safepoint: 182417 ns, Total: 185208 ns
[2025-09-18T06:45:57.731+0000][122][info ][gc,marking  ] GC(3) Concurrent Clear Claimed Marks
[2025-09-18T06:45:57.731+0000][122][info ][gc,marking  ] GC(3) Concurrent Clear Claimed Marks 0.078ms
[2025-09-18T06:45:57.731+0000][122][info ][gc,marking  ] GC(3) Concurrent Cleanup for Next Mark
[2025-09-18T06:45:57.732+0000][122][info ][gc,marking  ] GC(3) Concurrent Cleanup for Next Mark 0.410ms
[2025-09-18T06:45:57.732+0000][122][info ][gc          ] GC(3) Concurrent Mark Cycle 7.127ms
[2025-09-18T06:45:57.877+0000][122][info ][safepoint   ] Safepoint "ICBufferFull", Time since last: 146259125 ns, Reaching safepoint: 3209 ns, Cleanup: 76458 ns, At safepoint: 6417 ns, Total: 86084 ns
[2025-09-18T06:45:58.025+0000][122][info ][safepoint   ] Safepoint "ICBufferFull", Time since last: 147533750 ns, Reaching safepoint: 3208 ns, Cleanup: 54083 ns, At safepoint: 7542 ns, Total: 64833 ns
[2025-09-18T06:45:58.157+0000][122][info ][safepoint   ] Safepoint "ICBufferFull", Time since last: 132138375 ns, Reaching safepoint: 2750 ns, Cleanup: 96583 ns, At safepoint: 5584 ns, Total: 104917 ns
[2025-09-18T06:45:58.253+0000][122][info ][safepoint   ] Safepoint "ICBufferFull", Time since last: 95051833 ns, Reaching safepoint: 754042 ns, Cleanup: 76125 ns, At safepoint: 9500 ns, Total: 839667 ns
[2025-09-18T06:45:58.324+0000][122][info ][gc,start    ] GC(4) Pause Young (Prepare Mixed) (G1 Evacuation Pause)
[2025-09-18T06:45:58.324+0000][122][info ][gc,task     ] GC(4) Using 8 workers of 8 for evacuation
[2025-09-18T06:45:58.324+0000][122][debug][gc,age      ] GC(4) Desired survivor size 18874368 bytes, new threshold 15 (max threshold 15)
[2025-09-18T06:45:58.332+0000][122][info ][gc,phases   ] GC(4)   Pre Evacuate Collection Set: 0.20ms
[2025-09-18T06:45:58.332+0000][122][info ][gc,phases   ] GC(4)   Merge Heap Roots: 0.08ms
[2025-09-18T06:45:58.332+0000][122][info ][gc,phases   ] GC(4)   Evacuate Collection Set: 6.42ms
[2025-09-18T06:45:58.332+0000][122][info ][gc,phases   ] GC(4)   Post Evacuate Collection Set: 0.74ms
[2025-09-18T06:45:58.332+0000][122][info ][gc,phases   ] GC(4)   Other: 0.17ms
[2025-09-18T06:45:58.332+0000][122][trace][gc,age      ] GC(4) Age table with threshold 15 (max threshold 15)
[2025-09-18T06:45:58.332+0000][122][trace][gc,age      ] GC(4) - age   1:    5201312 bytes,    5201312 total
[2025-09-18T06:45:58.332+0000][122][trace][gc,age      ] GC(4) - age   2:     464416 bytes,    5665728 total
[2025-09-18T06:45:58.332+0000][122][trace][gc,age      ] GC(4) - age   3:    3972768 bytes,    9638496 total
[2025-09-18T06:45:58.332+0000][122][trace][gc,age      ] GC(4) - age   4:    4587528 bytes,   14226024 total
[2025-09-18T06:45:58.332+0000][122][info ][gc,heap     ] GC(4) Eden regions: 69->0(149)
[2025-09-18T06:45:58.332+0000][122][info ][gc,heap     ] GC(4) Survivor regions: 3->4(9)
[2025-09-18T06:45:58.332+0000][122][info ][gc,heap     ] GC(4) Old regions: 1->1
[2025-09-18T06:45:58.332+0000][122][info ][gc,heap     ] GC(4) Humongous regions: 0->0
[2025-09-18T06:45:58.332+0000][122][info ][gc,metaspace] GC(4) Metaspace: 28705K(29504K)->28705K(29504K) NonClass: 25415K(25856K)->25415K(25856K) Class: 3289K(3648K)->3289K(3648K)
[2025-09-18T06:45:58.332+0000][122][info ][gc          ] GC(4) Pause Young (Prepare Mixed) (G1 Evacuation Pause) 286M->16M(1024M) 8.112ms
[2025-09-18T06:45:58.332+0000][122][info ][gc,cpu      ] GC(4) User=0.04s Sys=0.00s Real=0.00s
[2025-09-18T06:45:58.332+0000][122][info ][safepoint   ] Safepoint "G1CollectForAllocation", Time since last: 70944041 ns, Reaching safepoint: 3709 ns, Cleanup: 124416 ns, At safepoint: 8186459 ns, Total: 8314584 ns
[2025-09-18T06:45:58.481+0000][122][info ][safepoint   ] Safepoint "ICBufferFull", Time since last: 148623667 ns, Reaching safepoint: 2416 ns, Cleanup: 80959 ns, At safepoint: 7541 ns, Total: 90916 ns
[2025-09-18T06:45:58.554+0000][122][info ][safepoint   ] Safepoint "ICBufferFull", Time since last: 72704709 ns, Reaching safepoint: 2291 ns, Cleanup: 83167 ns, At safepoint: 4458 ns, Total: 89916 ns
[2025-09-18T06:45:58.672+0000][122][info ][safepoint   ] Safepoint "ICBufferFull", Time since last: 117890667 ns, Reaching safepoint: 2083 ns, Cleanup: 49584 ns, At safepoint: 2416 ns, Total: 54083 ns
[2025-09-18T06:45:58.762+0000][122][info ][safepoint   ] Safepoint "ICBufferFull", Time since last: 90204875 ns, Reaching safepoint: 2542 ns, Cleanup: 65333 ns, At safepoint: 5209 ns, Total: 73084 ns
[2025-09-18T06:45:58.893+0000][122][info ][safepoint   ] Safepoint "ICBufferFull", Time since last: 130398875 ns, Reaching safepoint: 2708 ns, Cleanup: 79333 ns, At safepoint: 4167 ns, Total: 86208 ns
[2025-09-18T06:45:58.968+0000][122][info ][gc,start    ] GC(5) Pause Young (Mixed) (Metadata GC Threshold)
[2025-09-18T06:45:58.968+0000][122][info ][gc,task     ] GC(5) Using 8 workers of 8 for evacuation
[2025-09-18T06:45:58.968+0000][122][debug][gc,age      ] GC(5) Desired survivor size 41943040 bytes, new threshold 15 (max threshold 15)
[2025-09-18T06:45:58.974+0000][122][info ][gc,phases   ] GC(5)   Pre Evacuate Collection Set: 0.10ms
[2025-09-18T06:45:58.974+0000][122][info ][gc,phases   ] GC(5)   Merge Heap Roots: 0.05ms
[2025-09-18T06:45:58.974+0000][122][info ][gc,phases   ] GC(5)   Evacuate Collection Set: 5.19ms
[2025-09-18T06:45:58.974+0000][122][info ][gc,phases   ] GC(5)   Post Evacuate Collection Set: 0.70ms
[2025-09-18T06:45:58.974+0000][122][info ][gc,phases   ] GC(5)   Other: 0.08ms
[2025-09-18T06:45:58.974+0000][122][trace][gc,age      ] GC(5) Age table with threshold 15 (max threshold 15)
[2025-09-18T06:45:58.974+0000][122][trace][gc,age      ] GC(5) - age   1:    9046712 bytes,    9046712 total
[2025-09-18T06:45:58.974+0000][122][trace][gc,age      ] GC(5) - age   2:    5090328 bytes,   14137040 total
[2025-09-18T06:45:58.974+0000][122][trace][gc,age      ] GC(5) - age   3:     462424 bytes,   14599464 total
[2025-09-18T06:45:58.974+0000][122][trace][gc,age      ] GC(5) - age   4:    3971168 bytes,   18570632 total
[2025-09-18T06:45:58.974+0000][122][trace][gc,age      ] GC(5) - age   5:    4587400 bytes,   23158032 total
[2025-09-18T06:45:58.974+0000][122][info ][gc,heap     ] GC(5) Eden regions: 143->0(146)
[2025-09-18T06:45:58.974+0000][122][info ][gc,heap     ] GC(5) Survivor regions: 4->7(20)
[2025-09-18T06:45:58.974+0000][122][info ][gc,heap     ] GC(5) Old regions: 1->1
[2025-09-18T06:45:58.975+0000][122][info ][gc,heap     ] GC(5) Humongous regions: 0->0
[2025-09-18T06:45:58.975+0000][122][info ][gc,metaspace] GC(5) Metaspace: 35085K(35968K)->35085K(35968K) NonClass: 31049K(31552K)->31049K(31552K) Class: 4036K(4416K)->4036K(4416K)
[2025-09-18T06:45:58.975+0000][122][info ][gc          ] GC(5) Pause Young (Mixed) (Metadata GC Threshold) 588M->25M(1024M) 6.583ms
[2025-09-18T06:45:58.975+0000][122][info ][gc,cpu      ] GC(5) User=0.04s Sys=0.00s Real=0.01s
[2025-09-18T06:45:58.975+0000][122][info ][safepoint   ] Safepoint "CollectForMetadataAllocation", Time since last: 75386542 ns, Reaching safepoint: 2833 ns, Cleanup: 61292 ns, At safepoint: 6704875 ns, Total: 6769000 ns
[2025-09-18T06:45:58.980+0000][122][info ][gc,start    ] GC(6) Pause Young (Concurrent Start) (Metadata GC Threshold)
[2025-09-18T06:45:58.980+0000][122][info ][gc,task     ] GC(6) Using 8 workers of 8 for evacuation
[2025-09-18T06:45:58.980+0000][122][debug][gc,age      ] GC(6) Desired survivor size 41943040 bytes, new threshold 15 (max threshold 15)
[2025-09-18T06:45:58.985+0000][122][info ][gc,phases   ] GC(6)   Pre Evacuate Collection Set: 0.08ms
[2025-09-18T06:45:58.985+0000][122][info ][gc,phases   ] GC(6)   Merge Heap Roots: 0.03ms
[2025-09-18T06:45:58.985+0000][122][info ][gc,phases   ] GC(6)   Evacuate Collection Set: 3.98ms
[2025-09-18T06:45:58.985+0000][122][info ][gc,phases   ] GC(6)   Post Evacuate Collection Set: 0.74ms
[2025-09-18T06:45:58.985+0000][122][info ][gc,phases   ] GC(6)   Other: 0.11ms
[2025-09-18T06:45:58.985+0000][122][trace][gc,age      ] GC(6) Age table with threshold 15 (max threshold 15)
[2025-09-18T06:45:58.985+0000][122][trace][gc,age      ] GC(6) - age   1:      32320 bytes,      32320 total
[2025-09-18T06:45:58.985+0000][122][trace][gc,age      ] GC(6) - age   2:    9020688 bytes,    9053008 total
[2025-09-18T06:45:58.985+0000][122][trace][gc,age      ] GC(6) - age   3:    5090296 bytes,   14143304 total
[2025-09-18T06:45:58.985+0000][122][trace][gc,age      ] GC(6) - age   4:     462424 bytes,   14605728 total
[2025-09-18T06:45:58.985+0000][122][trace][gc,age      ] GC(6) - age   5:    3971168 bytes,   18576896 total
[2025-09-18T06:45:58.985+0000][122][trace][gc,age      ] GC(6) - age   6:    4587400 bytes,   23164296 total
[2025-09-18T06:45:58.985+0000][122][info ][gc,heap     ] GC(6) Eden regions: 1->0(146)
[2025-09-18T06:45:58.985+0000][122][info ][gc,heap     ] GC(6) Survivor regions: 7->7(20)
[2025-09-18T06:45:58.985+0000][122][info ][gc,heap     ] GC(6) Old regions: 1->1
[2025-09-18T06:45:58.985+0000][122][info ][gc,heap     ] GC(6) Humongous regions: 0->0
[2025-09-18T06:45:58.985+0000][122][info ][gc,metaspace] GC(6) Metaspace: 35391K(36288K)->35391K(36288K) NonClass: 31305K(31808K)->31305K(31808K) Class: 4086K(4480K)->4086K(4480K)
[2025-09-18T06:45:58.985+0000][122][info ][gc          ] GC(6) Pause Young (Concurrent Start) (Metadata GC Threshold) 28M->26M(1024M) 5.542ms
[2025-09-18T06:45:58.985+0000][122][info ][gc,cpu      ] GC(6) User=0.03s Sys=0.00s Real=0.01s
[2025-09-18T06:45:58.985+0000][122][info ][gc          ] GC(7) Concurrent Mark Cycle
[2025-09-18T06:45:58.986+0000][122][info ][gc,marking  ] GC(7) Concurrent Scan Root Regions
[2025-09-18T06:45:58.986+0000][122][info ][safepoint   ] Safepoint "CollectForMetadataAllocation", Time since last: 5221750 ns, Reaching safepoint: 1666 ns, Cleanup: 3667 ns, At safepoint: 5707375 ns, Total: 5712708 ns
[2025-09-18T06:45:58.989+0000][122][info ][gc,marking  ] GC(7) Concurrent Scan Root Regions 2.990ms
[2025-09-18T06:45:58.989+0000][122][info ][gc,marking  ] GC(7) Concurrent Mark
[2025-09-18T06:45:58.989+0000][122][info ][gc,marking  ] GC(7) Concurrent Mark From Roots
[2025-09-18T06:45:58.989+0000][122][info ][gc,task     ] GC(7) Using 2 workers of 2 for marking
[2025-09-18T06:45:58.989+0000][122][info ][gc,marking  ] GC(7) Concurrent Mark From Roots 0.814ms
[2025-09-18T06:45:58.990+0000][122][info ][gc,marking  ] GC(7) Concurrent Preclean
[2025-09-18T06:45:58.990+0000][122][info ][gc,marking  ] GC(7) Concurrent Preclean 0.156ms
[2025-09-18T06:45:58.991+0000][122][info ][gc,start    ] GC(7) Pause Remark
[2025-09-18T06:45:58.993+0000][122][info ][gc          ] GC(7) Pause Remark 28M->28M(1024M) 1.943ms
[2025-09-18T06:45:58.993+0000][122][info ][gc,cpu      ] GC(7) User=0.00s Sys=0.00s Real=0.00s
[2025-09-18T06:45:58.993+0000][122][info ][safepoint   ] Safepoint "G1PauseRemark", Time since last: 4227875 ns, Reaching safepoint: 1181917 ns, Cleanup: 1666 ns, At safepoint: 2040250 ns, Total: 3223833 ns
[2025-09-18T06:45:58.993+0000][122][info ][gc,marking  ] GC(7) Concurrent Mark 4.453ms
[2025-09-18T06:45:58.993+0000][122][info ][gc,marking  ] GC(7) Concurrent Rebuild Remembered Sets and Scrub Regions
[2025-09-18T06:45:58.994+0000][122][info ][gc,marking  ] GC(7) Concurrent Rebuild Remembered Sets and Scrub Regions 0.403ms
[2025-09-18T06:45:58.994+0000][122][info ][gc,start    ] GC(7) Pause Cleanup
[2025-09-18T06:45:58.994+0000][122][info ][gc          ] GC(7) Pause Cleanup 28M->28M(1024M) 0.103ms
[2025-09-18T06:45:58.994+0000][122][info ][gc,cpu      ] GC(7) User=0.00s Sys=0.00s Real=0.00s
[2025-09-18T06:45:58.994+0000][122][info ][safepoint   ] Safepoint "G1PauseCleanup", Time since last: 528167 ns, Reaching safepoint: 267250 ns, Cleanup: 5333 ns, At safepoint: 185667 ns, Total: 458250 ns
[2025-09-18T06:45:58.994+0000][122][info ][gc,marking  ] GC(7) Concurrent Clear Claimed Marks
[2025-09-18T06:45:58.994+0000][122][info ][gc,marking  ] GC(7) Concurrent Clear Claimed Marks 0.055ms
[2025-09-18T06:45:58.994+0000][122][info ][gc,marking  ] GC(7) Concurrent Cleanup for Next Mark
[2025-09-18T06:45:58.994+0000][122][info ][gc,marking  ] GC(7) Concurrent Cleanup for Next Mark 0.313ms
[2025-09-18T06:45:58.995+0000][122][info ][gc          ] GC(7) Concurrent Mark Cycle 9.027ms
[2025-09-18T06:45:59.297+0000][122][info ][safepoint   ] Safepoint "ICBufferFull", Time since last: 302987292 ns, Reaching safepoint: 3292 ns, Cleanup: 99416 ns, At safepoint: 7084 ns, Total: 109792 ns
[2025-09-18T06:45:59.524+0000][122][info ][gc,start    ] GC(8) Pause Young (Normal) (G1 Evacuation Pause)
[2025-09-18T06:45:59.524+0000][122][info ][gc,task     ] GC(8) Using 8 workers of 8 for evacuation
[2025-09-18T06:45:59.524+0000][122][debug][gc,age      ] GC(8) Desired survivor size 41943040 bytes, new threshold 15 (max threshold 15)
[2025-09-18T06:45:59.531+0000][122][info ][gc,phases   ] GC(8)   Pre Evacuate Collection Set: 0.12ms
[2025-09-18T06:45:59.531+0000][122][info ][gc,phases   ] GC(8)   Merge Heap Roots: 0.06ms
[2025-09-18T06:45:59.531+0000][122][info ][gc,phases   ] GC(8)   Evacuate Collection Set: 5.81ms
[2025-09-18T06:45:59.531+0000][122][info ][gc,phases   ] GC(8)   Post Evacuate Collection Set: 0.84ms
[2025-09-18T06:45:59.531+0000][122][info ][gc,phases   ] GC(8)   Other: 0.09ms
[2025-09-18T06:45:59.531+0000][122][trace][gc,age      ] GC(8) Age table with threshold 15 (max threshold 15)
[2025-09-18T06:45:59.531+0000][122][trace][gc,age      ] GC(8) - age   1:    9832504 bytes,    9832504 total
[2025-09-18T06:45:59.531+0000][122][trace][gc,age      ] GC(8) - age   2:      25544 bytes,    9858048 total
[2025-09-18T06:45:59.531+0000][122][trace][gc,age      ] GC(8) - age   3:    8995424 bytes,   18853472 total
[2025-09-18T06:45:59.531+0000][122][trace][gc,age      ] GC(8) - age   4:    5085120 bytes,   23938592 total
[2025-09-18T06:45:59.531+0000][122][trace][gc,age      ] GC(8) - age   5:     442600 bytes,   24381192 total
[2025-09-18T06:45:59.531+0000][122][trace][gc,age      ] GC(8) - age   6:    3963384 bytes,   28344576 total
[2025-09-18T06:45:59.531+0000][122][trace][gc,age      ] GC(8) - age   7:    4580520 bytes,   32925096 total
[2025-09-18T06:45:59.531+0000][122][info ][gc,heap     ] GC(8) Eden regions: 146->0(144)
[2025-09-18T06:45:59.531+0000][122][info ][gc,heap     ] GC(8) Survivor regions: 7->9(20)
[2025-09-18T06:45:59.531+0000][122][info ][gc,heap     ] GC(8) Old regions: 1->1
[2025-09-18T06:45:59.531+0000][122][info ][gc,heap     ] GC(8) Humongous regions: 0->0
[2025-09-18T06:45:59.531+0000][122][info ][gc,metaspace] GC(8) Metaspace: 38320K(39424K)->38320K(39424K) NonClass: 33828K(34496K)->33828K(34496K) Class: 4491K(4928K)->4491K(4928K)
[2025-09-18T06:45:59.531+0000][122][info ][gc          ] GC(8) Pause Young (Normal) (G1 Evacuation Pause) 610M->34M(1024M) 7.384ms
[2025-09-18T06:45:59.532+0000][122][info ][gc,cpu      ] GC(8) User=0.04s Sys=0.00s Real=0.00s
[2025-09-18T06:45:59.532+0000][122][info ][safepoint   ] Safepoint "G1CollectForAllocation", Time since last: 226930250 ns, Reaching safepoint: 2625 ns, Cleanup: 35041 ns, At safepoint: 7444459 ns, Total: 7482125 ns
[2025-09-18T06:45:59.739+0000][122][info ][safepoint   ] Safepoint "ICBufferFull", Time since last: 206828375 ns, Reaching safepoint: 442083 ns, Cleanup: 69083 ns, At safepoint: 7542 ns, Total: 518708 ns
[2025-09-18T06:45:59.839+0000][122][info ][safepoint   ] Safepoint "ICBufferFull", Time since last: 99768125 ns, Reaching safepoint: 2500 ns, Cleanup: 77209 ns, At safepoint: 7333 ns, Total: 87042 ns
[2025-09-18T06:45:59.977+0000][122][info ][safepoint   ] Safepoint "ICBufferFull", Time since last: 138006375 ns, Reaching safepoint: 2833 ns, Cleanup: 176375 ns, At safepoint: 7875 ns, Total: 187083 ns
[2025-09-18T06:46:00.202+0000][122][info ][safepoint   ] Safepoint "ICBufferFull", Time since last: 224741625 ns, Reaching safepoint: 134417 ns, Cleanup: 60708 ns, At safepoint: 7500 ns, Total: 202625 ns
[2025-09-18T06:46:00.378+0000][122][info ][safepoint   ] Safepoint "ICBufferFull", Time since last: 176401292 ns, Reaching safepoint: 2292 ns, Cleanup: 80458 ns, At safepoint: 4542 ns, Total: 87292 ns
[2025-09-18T06:46:00.618+0000][122][info ][safepoint   ] Safepoint "ICBufferFull", Time since last: 239808167 ns, Reaching safepoint: 3333 ns, Cleanup: 109667 ns, At safepoint: 5541 ns, Total: 118541 ns
[2025-09-18T06:46:00.754+0000][122][info ][safepoint   ] Safepoint "ICBufferFull", Time since last: 136051792 ns, Reaching safepoint: 2417 ns, Cleanup: 60916 ns, At safepoint: 4834 ns, Total: 68167 ns
[2025-09-18T06:46:00.979+0000][122][info ][gc,start    ] GC(9) Pause Young (Concurrent Start) (Metadata GC Threshold)
[2025-09-18T06:46:00.979+0000][122][info ][gc,task     ] GC(9) Using 8 workers of 8 for evacuation
[2025-09-18T06:46:00.979+0000][122][debug][gc,age      ] GC(9) Desired survivor size 41943040 bytes, new threshold 15 (max threshold 15)
[2025-09-18T06:46:00.990+0000][122][info ][gc,phases   ] GC(9)   Pre Evacuate Collection Set: 0.13ms
[2025-09-18T06:46:00.990+0000][122][info ][gc,phases   ] GC(9)   Merge Heap Roots: 0.08ms
[2025-09-18T06:46:00.990+0000][122][info ][gc,phases   ] GC(9)   Evacuate Collection Set: 9.12ms
[2025-09-18T06:46:00.990+0000][122][info ][gc,phases   ] GC(9)   Post Evacuate Collection Set: 1.31ms
[2025-09-18T06:46:00.990+0000][122][info ][gc,phases   ] GC(9)   Other: 0.20ms
[2025-09-18T06:46:00.990+0000][122][trace][gc,age      ] GC(9) Age table with threshold 15 (max threshold 15)
[2025-09-18T06:46:00.990+0000][122][trace][gc,age      ] GC(9) - age   1:   10157816 bytes,   10157816 total
[2025-09-18T06:46:00.990+0000][122][trace][gc,age      ] GC(9) - age   2:    8909816 bytes,   19067632 total
[2025-09-18T06:46:00.990+0000][122][trace][gc,age      ] GC(9) - age   3:      25544 bytes,   19093176 total
[2025-09-18T06:46:00.990+0000][122][trace][gc,age      ] GC(9) - age   4:    8948496 bytes,   28041672 total
[2025-09-18T06:46:00.990+0000][122][trace][gc,age      ] GC(9) - age   5:    4908672 bytes,   32950344 total
[2025-09-18T06:46:00.990+0000][122][trace][gc,age      ] GC(9) - age   6:     439264 bytes,   33389608 total
[2025-09-18T06:46:00.990+0000][122][trace][gc,age      ] GC(9) - age   7:    3935296 bytes,   37324904 total
[2025-09-18T06:46:00.990+0000][122][trace][gc,age      ] GC(9) - age   8:    4574408 bytes,   41899312 total
[2025-09-18T06:46:00.990+0000][122][info ][gc,heap     ] GC(9) Eden regions: 136->0(142)
[2025-09-18T06:46:00.990+0000][122][info ][gc,heap     ] GC(9) Survivor regions: 9->11(20)
[2025-09-18T06:46:00.990+0000][122][info ][gc,heap     ] GC(9) Old regions: 1->1
[2025-09-18T06:46:00.990+0000][122][info ][gc,heap     ] GC(9) Humongous regions: 0->0
[2025-09-18T06:46:00.990+0000][122][info ][gc,metaspace] GC(9) Metaspace: 59431K(60928K)->59431K(60928K) NonClass: 51943K(52864K)->51943K(52864K) Class: 7488K(8064K)->7488K(8064K)
[2025-09-18T06:46:00.990+0000][122][info ][gc          ] GC(9) Pause Young (Concurrent Start) (Metadata GC Threshold) 576M->44M(1024M) 11.624ms
[2025-09-18T06:46:00.991+0000][122][info ][gc,cpu      ] GC(9) User=0.06s Sys=0.00s Real=0.01s
[2025-09-18T06:46:00.991+0000][122][info ][gc          ] GC(10) Concurrent Mark Cycle
[2025-09-18T06:46:00.991+0000][122][info ][gc,marking  ] GC(10) Concurrent Scan Root Regions
[2025-09-18T06:46:00.991+0000][122][info ][safepoint   ] Safepoint "CollectForMetadataAllocation", Time since last: 224351333 ns, Reaching safepoint: 2167 ns, Cleanup: 62125 ns, At safepoint: 11832708 ns, Total: 11897000 ns
[2025-09-18T06:46:00.996+0000][122][info ][gc,marking  ] GC(10) Concurrent Scan Root Regions 5.237ms
[2025-09-18T06:46:00.996+0000][122][info ][gc,marking  ] GC(10) Concurrent Mark
[2025-09-18T06:46:00.996+0000][122][info ][gc,marking  ] GC(10) Concurrent Mark From Roots
[2025-09-18T06:46:00.996+0000][122][info ][gc,task     ] GC(10) Using 2 workers of 2 for marking
[2025-09-18T06:46:00.997+0000][122][info ][gc,marking  ] GC(10) Concurrent Mark From Roots 0.746ms
[2025-09-18T06:46:00.997+0000][122][info ][gc,marking  ] GC(10) Concurrent Preclean
[2025-09-18T06:46:00.997+0000][122][info ][gc,marking  ] GC(10) Concurrent Preclean 0.030ms
[2025-09-18T06:46:00.998+0000][122][info ][gc,start    ] GC(10) Pause Remark
[2025-09-18T06:46:01.001+0000][122][info ][gc          ] GC(10) Pause Remark 49M->49M(1024M) 2.632ms
[2025-09-18T06:46:01.001+0000][122][info ][gc,cpu      ] GC(10) User=0.01s Sys=0.00s Real=0.00s
[2025-09-18T06:46:01.001+0000][122][info ][safepoint   ] Safepoint "G1PauseRemark", Time since last: 6193500 ns, Reaching safepoint: 1224667 ns, Cleanup: 20875 ns, At safepoint: 2742416 ns, Total: 3987958 ns
[2025-09-18T06:46:01.001+0000][122][info ][gc,marking  ] GC(10) Concurrent Mark 4.993ms
[2025-09-18T06:46:01.001+0000][122][info ][gc,marking  ] GC(10) Concurrent Rebuild Remembered Sets and Scrub Regions
[2025-09-18T06:46:01.001+0000][122][info ][gc,marking  ] GC(10) Concurrent Rebuild Remembered Sets and Scrub Regions 0.398ms
[2025-09-18T06:46:01.002+0000][122][info ][gc,start    ] GC(10) Pause Cleanup
[2025-09-18T06:46:01.002+0000][122][info ][gc          ] GC(10) Pause Cleanup 49M->49M(1024M) 0.081ms
[2025-09-18T06:46:01.002+0000][122][info ][gc,cpu      ] GC(10) User=0.00s Sys=0.00s Real=0.00s
[2025-09-18T06:46:01.002+0000][122][info ][safepoint   ] Safepoint "G1PauseCleanup", Time since last: 575334 ns, Reaching safepoint: 387875 ns, Cleanup: 12125 ns, At safepoint: 189666 ns, Total: 589666 ns
[2025-09-18T06:46:01.002+0000][122][info ][gc,marking  ] GC(10) Concurrent Clear Claimed Marks
[2025-09-18T06:46:01.002+0000][122][info ][gc,marking  ] GC(10) Concurrent Clear Claimed Marks 0.045ms
[2025-09-18T06:46:01.002+0000][122][info ][gc,marking  ] GC(10) Concurrent Cleanup for Next Mark
[2025-09-18T06:46:01.002+0000][122][info ][gc,marking  ] GC(10) Concurrent Cleanup for Next Mark 0.326ms
[2025-09-18T06:46:01.002+0000][122][info ][gc          ] GC(10) Concurrent Mark Cycle 11.936ms
[2025-09-18T06:46:01.378+0000][122][info ][safepoint   ] Safepoint "ICBufferFull", Time since last: 376185042 ns, Reaching safepoint: 2500 ns, Cleanup: 134125 ns, At safepoint: 11459 ns, Total: 148084 ns
[2025-09-18T06:46:01.882+0000][122][info ][safepoint   ] Safepoint "ICBufferFull", Time since last: 503788250 ns, Reaching safepoint: 3333 ns, Cleanup: 124208 ns, At safepoint: 13875 ns, Total: 141416 ns
[2025-09-18T06:46:02.517+0000][122][info ][safepoint   ] Safepoint "ICBufferFull", Time since last: 634450126 ns, Reaching safepoint: 2375 ns, Cleanup: 84916 ns, At safepoint: 5000 ns, Total: 92291 ns
[2025-09-18T06:46:02.602+0000][122][info ][safepoint   ] Safepoint "ICBufferFull", Time since last: 85436792 ns, Reaching safepoint: 2625 ns, Cleanup: 75333 ns, At safepoint: 5209 ns, Total: 83167 ns
[2025-09-18T06:46:02.929+0000][122][info ][gc,start    ] GC(11) Pause Young (Normal) (G1 Evacuation Pause)
[2025-09-18T06:46:02.929+0000][122][info ][gc,task     ] GC(11) Using 8 workers of 8 for evacuation
[2025-09-18T06:46:02.929+0000][122][debug][gc,age      ] GC(11) Desired survivor size 41943040 bytes, new threshold 15 (max threshold 15)
[2025-09-18T06:46:02.949+0000][122][info ][gc,phases   ] GC(11)   Pre Evacuate Collection Set: 0.15ms
[2025-09-18T06:46:02.949+0000][122][info ][gc,phases   ] GC(11)   Merge Heap Roots: 0.08ms
[2025-09-18T06:46:02.949+0000][122][info ][gc,phases   ] GC(11)   Evacuate Collection Set: 17.89ms
[2025-09-18T06:46:02.949+0000][122][info ][gc,phases   ] GC(11)   Post Evacuate Collection Set: 2.01ms
[2025-09-18T06:46:02.949+0000][122][info ][gc,phases   ] GC(11)   Other: 0.15ms
[2025-09-18T06:46:02.949+0000][122][trace][gc,age      ] GC(11) Age table with threshold 15 (max threshold 15)
[2025-09-18T06:46:02.950+0000][122][trace][gc,age      ] GC(11) - age   1:   10999344 bytes,   10999344 total
[2025-09-18T06:46:02.950+0000][122][trace][gc,age      ] GC(11) - age   2:    9670168 bytes,   20669512 total
[2025-09-18T06:46:02.950+0000][122][trace][gc,age      ] GC(11) - age   3:    8859720 bytes,   29529232 total
[2025-09-18T06:46:02.950+0000][122][trace][gc,age      ] GC(11) - age   4:      25480 bytes,   29554712 total
[2025-09-18T06:46:02.950+0000][122][trace][gc,age      ] GC(11) - age   5:    8933776 bytes,   38488488 total
[2025-09-18T06:46:02.950+0000][122][trace][gc,age      ] GC(11) - age   6:    4885256 bytes,   43373744 total
[2025-09-18T06:46:02.950+0000][122][trace][gc,age      ] GC(11) - age   7:     436448 bytes,   43810192 total
[2025-09-18T06:46:02.950+0000][122][trace][gc,age      ] GC(11) - age   8:    3918688 bytes,   47728880 total
[2025-09-18T06:46:02.950+0000][122][trace][gc,age      ] GC(11) - age   9:    4566568 bytes,   52295448 total
[2025-09-18T06:46:02.950+0000][122][info ][gc,heap     ] GC(11) Eden regions: 142->0(139)
[2025-09-18T06:46:02.950+0000][122][info ][gc,heap     ] GC(11) Survivor regions: 11->14(20)
[2025-09-18T06:46:02.950+0000][122][info ][gc,heap     ] GC(11) Old regions: 1->1
[2025-09-18T06:46:02.950+0000][122][info ][gc,heap     ] GC(11) Humongous regions: 0->0
[2025-09-18T06:46:02.950+0000][122][info ][gc,metaspace] GC(11) Metaspace: 75271K(77184K)->75271K(77184K) NonClass: 65183K(66368K)->65183K(66368K) Class: 10087K(10816K)->10087K(10816K)
[2025-09-18T06:46:02.950+0000][122][info ][gc          ] GC(11) Pause Young (Normal) (G1 Evacuation Pause) 612M->56M(1024M) 21.178ms
[2025-09-18T06:46:02.950+0000][122][info ][gc,cpu      ] GC(11) User=0.15s Sys=0.00s Real=0.02s
[2025-09-18T06:46:02.950+0000][122][info ][safepoint   ] Safepoint "G1CollectForAllocation", Time since last: 326366625 ns, Reaching safepoint: 23917 ns, Cleanup: 74208 ns, At safepoint: 21265292 ns, Total: 21363417 ns
[2025-09-18T06:46:03.217+0000][122][info ][safepoint   ] Safepoint "ICBufferFull", Time since last: 266605916 ns, Reaching safepoint: 2959 ns, Cleanup: 124250 ns, At safepoint: 8791 ns, Total: 136000 ns
[2025-09-18T06:46:03.382+0000][122][info ][safepoint   ] Safepoint "ICBufferFull", Time since last: 164557167 ns, Reaching safepoint: 526750 ns, Cleanup: 77542 ns, At safepoint: 10708 ns, Total: 615000 ns
[2025-09-18T06:46:03.862+0000][122][info ][safepoint   ] Safepoint "ICBufferFull", Time since last: 480310250 ns, Reaching safepoint: 3292 ns, Cleanup: 97042 ns, At safepoint: 6125 ns, Total: 106459 ns
[2025-09-18T06:46:04.123+0000][122][info ][safepoint   ] Safepoint "ICBufferFull", Time since last: 260862500 ns, Reaching safepoint: 2750 ns, Cleanup: 78458 ns, At safepoint: 4625 ns, Total: 85833 ns
[2025-09-18T06:46:04.351+0000][122][info ][gc,start    ] GC(12) Pause Young (Concurrent Start) (Metadata GC Threshold)
[2025-09-18T06:46:04.351+0000][122][info ][gc,task     ] GC(12) Using 8 workers of 8 for evacuation
[2025-09-18T06:46:04.351+0000][122][debug][gc,age      ] GC(12) Desired survivor size 41943040 bytes, new threshold 6 (max threshold 15)
[2025-09-18T06:46:04.375+0000][122][info ][gc,phases   ] GC(12)   Pre Evacuate Collection Set: 0.23ms
[2025-09-18T06:46:04.375+0000][122][info ][gc,phases   ] GC(12)   Merge Heap Roots: 0.06ms
[2025-09-18T06:46:04.375+0000][122][info ][gc,phases   ] GC(12)   Evacuate Collection Set: 21.33ms
[2025-09-18T06:46:04.375+0000][122][info ][gc,phases   ] GC(12)   Post Evacuate Collection Set: 1.74ms
[2025-09-18T06:46:04.375+0000][122][info ][gc,phases   ] GC(12)   Other: 0.27ms
[2025-09-18T06:46:04.375+0000][122][trace][gc,age      ] GC(12) Age table with threshold 6 (max threshold 15)
[2025-09-18T06:46:04.375+0000][122][trace][gc,age      ] GC(12) - age   1:    9596664 bytes,    9596664 total
[2025-09-18T06:46:04.375+0000][122][trace][gc,age      ] GC(12) - age   2:   10651752 bytes,   20248416 total
[2025-09-18T06:46:04.375+0000][122][trace][gc,age      ] GC(12) - age   3:    9509888 bytes,   29758304 total
[2025-09-18T06:46:04.375+0000][122][trace][gc,age      ] GC(12) - age   4:    8843520 bytes,   38601824 total
[2025-09-18T06:46:04.375+0000][122][trace][gc,age      ] GC(12) - age   5:      22912 bytes,   38624736 total
[2025-09-18T06:46:04.375+0000][122][trace][gc,age      ] GC(12) - age   6:    8909208 bytes,   47533944 total
[2025-09-18T06:46:04.375+0000][122][info ][gc,heap     ] GC(12) Eden regions: 83->0(140)
[2025-09-18T06:46:04.375+0000][122][info ][gc,heap     ] GC(12) Survivor regions: 14->13(20)
[2025-09-18T06:46:04.375+0000][122][info ][gc,heap     ] GC(12) Old regions: 1->4
[2025-09-18T06:46:04.376+0000][122][info ][gc,heap     ] GC(12) Humongous regions: 0->0
[2025-09-18T06:46:04.376+0000][122][info ][gc,metaspace] GC(12) Metaspace: 99622K(101760K)->99622K(101760K) NonClass: 86189K(87424K)->86189K(87424K) Class: 13432K(14336K)->13432K(14336K)
[2025-09-18T06:46:04.376+0000][122][info ][gc          ] GC(12) Pause Young (Concurrent Start) (Metadata GC Threshold) 388M->66M(1024M) 24.336ms
[2025-09-18T06:46:04.376+0000][122][info ][gc,cpu      ] GC(12) User=0.14s Sys=0.00s Real=0.03s
[2025-09-18T06:46:04.376+0000][122][info ][safepoint   ] Safepoint "CollectForMetadataAllocation", Time since last: 227816500 ns, Reaching safepoint: 3084 ns, Cleanup: 93791 ns, At safepoint: 24554250 ns, Total: 24651125 ns
[2025-09-18T06:46:04.376+0000][122][info ][gc          ] GC(13) Concurrent Mark Cycle
[2025-09-18T06:46:04.376+0000][122][info ][gc,marking  ] GC(13) Concurrent Scan Root Regions
[2025-09-18T06:46:04.386+0000][122][info ][gc,marking  ] GC(13) Concurrent Scan Root Regions 10.359ms
[2025-09-18T06:46:04.386+0000][122][info ][gc,marking  ] GC(13) Concurrent Mark
[2025-09-18T06:46:04.386+0000][122][info ][gc,marking  ] GC(13) Concurrent Mark From Roots
[2025-09-18T06:46:04.387+0000][122][info ][gc,task     ] GC(13) Using 2 workers of 2 for marking
[2025-09-18T06:46:04.388+0000][122][info ][safepoint   ] Safepoint "CollectForMetadataAllocation", Time since last: 12378042 ns, Reaching safepoint: 30542 ns, Cleanup: 14583 ns, At safepoint: 56792 ns, Total: 101917 ns
[2025-09-18T06:46:04.389+0000][122][info ][gc,marking  ] GC(13) Concurrent Mark From Roots 2.428ms
[2025-09-18T06:46:04.389+0000][122][info ][gc,marking  ] GC(13) Concurrent Preclean
[2025-09-18T06:46:04.389+0000][122][info ][gc,marking  ] GC(13) Concurrent Preclean 0.028ms
[2025-09-18T06:46:04.390+0000][122][info ][gc,start    ] GC(13) Pause Remark
[2025-09-18T06:46:04.393+0000][122][info ][gc          ] GC(13) Pause Remark 72M->72M(1024M) 3.004ms
[2025-09-18T06:46:04.393+0000][122][info ][gc,cpu      ] GC(13) User=0.02s Sys=0.00s Real=0.00s
[2025-09-18T06:46:04.393+0000][122][info ][safepoint   ] Safepoint "G1PauseRemark", Time since last: 710833 ns, Reaching safepoint: 1047750 ns, Cleanup: 8000 ns, At safepoint: 3126333 ns, Total: 4182083 ns
[2025-09-18T06:46:04.393+0000][122][info ][gc,marking  ] GC(13) Concurrent Mark 6.807ms
[2025-09-18T06:46:04.393+0000][122][info ][gc,marking  ] GC(13) Concurrent Rebuild Remembered Sets and Scrub Regions
[2025-09-18T06:46:04.396+0000][122][info ][gc,marking  ] GC(13) Concurrent Rebuild Remembered Sets and Scrub Regions 2.461ms
[2025-09-18T06:46:04.397+0000][122][info ][gc,start    ] GC(13) Pause Cleanup
[2025-09-18T06:46:04.397+0000][122][info ][gc          ] GC(13) Pause Cleanup 72M->72M(1024M) 0.107ms
[2025-09-18T06:46:04.397+0000][122][info ][gc,cpu      ] GC(13) User=0.00s Sys=0.00s Real=0.00s
[2025-09-18T06:46:04.397+0000][122][info ][safepoint   ] Safepoint "G1PauseCleanup", Time since last: 2625000 ns, Reaching safepoint: 1001709 ns, Cleanup: 11666 ns, At safepoint: 210500 ns, Total: 1223875 ns
[2025-09-18T06:46:04.397+0000][122][info ][gc,marking  ] GC(13) Concurrent Clear Claimed Marks
[2025-09-18T06:46:04.397+0000][122][info ][gc,marking  ] GC(13) Concurrent Clear Claimed Marks 0.075ms
[2025-09-18T06:46:04.397+0000][122][info ][gc,marking  ] GC(13) Concurrent Cleanup for Next Mark
[2025-09-18T06:46:04.398+0000][122][info ][gc,marking  ] GC(13) Concurrent Cleanup for Next Mark 0.339ms
[2025-09-18T06:46:04.398+0000][122][info ][gc          ] GC(13) Concurrent Mark Cycle 21.906ms
[2025-09-18T06:46:04.650+0000][122][info ][safepoint   ] Safepoint "ICBufferFull", Time since last: 253070542 ns, Reaching safepoint: 3458 ns, Cleanup: 67250 ns, At safepoint: 4625 ns, Total: 75333 ns
[2025-09-18T06:46:05.056+0000][122][info ][safepoint   ] Safepoint "ICBufferFull", Time since last: 405537334 ns, Reaching safepoint: 2875 ns, Cleanup: 86000 ns, At safepoint: 4917 ns, Total: 93792 ns
[2025-09-18T06:46:05.362+0000][122][info ][safepoint   ] Safepoint "ICBufferFull", Time since last: 305363625 ns, Reaching safepoint: 658916 ns, Cleanup: 99250 ns, At safepoint: 12750 ns, Total: 770916 ns
[2025-09-18T06:46:05.497+0000][122][info ][safepoint   ] Safepoint "ICBufferFull", Time since last: 133879376 ns, Reaching safepoint: 1353666 ns, Cleanup: 167167 ns, At safepoint: 23083 ns, Total: 1543916 ns
[2025-09-18T06:46:05.593+0000][122][info ][safepoint   ] Safepoint "ICBufferFull", Time since last: 95259042 ns, Reaching safepoint: 2458 ns, Cleanup: 67667 ns, At safepoint: 4625 ns, Total: 74750 ns
[2025-09-18T06:46:05.640+0000][122][info ][safepoint   ] Safepoint "ICBufferFull", Time since last: 46152417 ns, Reaching safepoint: 1061625 ns, Cleanup: 74916 ns, At safepoint: 10875 ns, Total: 1147416 ns
[2025-09-18T06:46:05.665+0000][122][info ][safepoint   ] Safepoint "ICBufferFull", Time since last: 25384084 ns, Reaching safepoint: 2750 ns, Cleanup: 81250 ns, At safepoint: 7458 ns, Total: 91458 ns
[2025-09-18T06:46:05.706+0000][122][info ][safepoint   ] Safepoint "ICBufferFull", Time since last: 40837792 ns, Reaching safepoint: 3041 ns, Cleanup: 68459 ns, At safepoint: 7833 ns, Total: 79333 ns
[2025-09-18T06:46:05.758+0000][122][info ][safepoint   ] Safepoint "ICBufferFull", Time since last: 51701042 ns, Reaching safepoint: 3333 ns, Cleanup: 34375 ns, At safepoint: 4250 ns, Total: 41958 ns
[2025-09-18T06:46:05.796+0000][122][info ][safepoint   ] Safepoint "ICBufferFull", Time since last: 38005500 ns, Reaching safepoint: 2917 ns, Cleanup: 59666 ns, At safepoint: 7500 ns, Total: 70083 ns
[2025-09-18T06:46:05.861+0000][122][info ][safepoint   ] Safepoint "ICBufferFull", Time since last: 64142542 ns, Reaching safepoint: 8667 ns, Cleanup: 115583 ns, At safepoint: 12667 ns, Total: 136917 ns
[2025-09-18T06:46:05.942+0000][122][info ][safepoint   ] Safepoint "ICBufferFull", Time since last: 81367625 ns, Reaching safepoint: 2833 ns, Cleanup: 99083 ns, At safepoint: 2667 ns, Total: 104583 ns
[2025-09-18T06:46:06.121+0000][122][info ][safepoint   ] Safepoint "ICBufferFull", Time since last: 178972875 ns, Reaching safepoint: 3875 ns, Cleanup: 73708 ns, At safepoint: 5292 ns, Total: 82875 ns
[2025-09-18T06:46:06.133+0000][122][info ][safepoint   ] Safepoint "ICBufferFull", Time since last: 11594042 ns, Reaching safepoint: 3292 ns, Cleanup: 51541 ns, At safepoint: 6167 ns, Total: 61000 ns
[2025-09-18T06:46:06.204+0000][122][info ][safepoint   ] Safepoint "ICBufferFull", Time since last: 71672958 ns, Reaching safepoint: 3792 ns, Cleanup: 65583 ns, At safepoint: 7917 ns, Total: 77292 ns
[2025-09-18T06:46:06.270+0000][122][info ][safepoint   ] Safepoint "ICBufferFull", Time since last: 65863750 ns, Reaching safepoint: 4208 ns, Cleanup: 91542 ns, At safepoint: 8750 ns, Total: 104500 ns
[2025-09-18T06:46:06.345+0000][122][info ][safepoint   ] Safepoint "ICBufferFull", Time since last: 72916500 ns, Reaching safepoint: 1696708 ns, Cleanup: 78834 ns, At safepoint: 23666 ns, Total: 1799208 ns
[2025-09-18T06:46:06.474+0000][122][info ][safepoint   ] Safepoint "ICBufferFull", Time since last: 128999625 ns, Reaching safepoint: 5667 ns, Cleanup: 64000 ns, At safepoint: 8042 ns, Total: 77709 ns
[2025-09-18T06:46:06.673+0000][122][info ][safepoint   ] Safepoint "ICBufferFull", Time since last: 198298583 ns, Reaching safepoint: 5292 ns, Cleanup: 74500 ns, At safepoint: 6958 ns, Total: 86750 ns
[2025-09-18T06:46:06.696+0000][122][info ][gc,start    ] GC(14) Pause Young (Normal) (G1 Evacuation Pause)
[2025-09-18T06:46:06.696+0000][122][info ][gc,task     ] GC(14) Using 8 workers of 8 for evacuation
[2025-09-18T06:46:06.696+0000][122][debug][gc,age      ] GC(14) Desired survivor size 41943040 bytes, new threshold 6 (max threshold 15)
[2025-09-18T06:46:06.736+0000][122][info ][gc,phases   ] GC(14)   Pre Evacuate Collection Set: 0.21ms
[2025-09-18T06:46:06.736+0000][122][info ][gc,phases   ] GC(14)   Merge Heap Roots: 0.09ms
[2025-09-18T06:46:06.736+0000][122][info ][gc,phases   ] GC(14)   Evacuate Collection Set: 35.72ms
[2025-09-18T06:46:06.736+0000][122][info ][gc,phases   ] GC(14)   Post Evacuate Collection Set: 3.41ms
[2025-09-18T06:46:06.736+0000][122][info ][gc,phases   ] GC(14)   Other: 0.12ms
[2025-09-18T06:46:06.736+0000][122][trace][gc,age      ] GC(14) Age table with threshold 6 (max threshold 15)
[2025-09-18T06:46:06.736+0000][122][trace][gc,age      ] GC(14) - age   1:   45997696 bytes,   45997696 total
[2025-09-18T06:46:06.736+0000][122][trace][gc,age      ] GC(14) - age   2:    8760752 bytes,   54758448 total
[2025-09-18T06:46:06.736+0000][122][trace][gc,age      ] GC(14) - age   3:   10341816 bytes,   65100264 total
[2025-09-18T06:46:06.736+0000][122][trace][gc,age      ] GC(14) - age   4:    9009992 bytes,   74110256 total
[2025-09-18T06:46:06.736+0000][122][trace][gc,age      ] GC(14) - age   5:    8796936 bytes,   82907192 total
[2025-09-18T06:46:06.736+0000][122][trace][gc,age      ] GC(14) - age   6:      22912 bytes,   82930104 total
[2025-09-18T06:46:06.736+0000][122][info ][gc,heap     ] GC(14) Eden regions: 140->0(133)
[2025-09-18T06:46:06.736+0000][122][info ][gc,heap     ] GC(14) Survivor regions: 13->20(20)
[2025-09-18T06:46:06.736+0000][122][info ][gc,heap     ] GC(14) Old regions: 4->8
[2025-09-18T06:46:06.736+0000][122][info ][gc,heap     ] GC(14) Humongous regions: 0->0
[2025-09-18T06:46:06.736+0000][122][info ][gc,metaspace] GC(14) Metaspace: 138383K(142528K)->138383K(142528K) NonClass: 118784K(121088K)->118784K(121088K) Class: 19598K(21440K)->19598K(21440K)
[2025-09-18T06:46:06.736+0000][122][info ][gc          ] GC(14) Pause Young (Normal) (G1 Evacuation Pause) 626M->111M(1024M) 40.424ms
[2025-09-18T06:46:06.737+0000][122][info ][gc,cpu      ] GC(14) User=0.25s Sys=0.00s Real=0.04s
[2025-09-18T06:46:06.737+0000][122][info ][safepoint   ] Safepoint "G1CollectForAllocation", Time since last: 23314750 ns, Reaching safepoint: 62625 ns, Cleanup: 82875 ns, At safepoint: 40550417 ns, Total: 40695917 ns
[2025-09-18T06:46:06.743+0000][122][info ][gc,start    ] GC(15) Pause Young (Normal) (G1 Evacuation Pause)
[2025-09-18T06:46:06.743+0000][122][info ][gc,task     ] GC(15) Using 8 workers of 8 for evacuation
[2025-09-18T06:46:06.743+0000][122][debug][gc,age      ] GC(15) Desired survivor size 6291456 bytes, new threshold 1 (max threshold 15)
[2025-09-18T06:46:06.800+0000][122][info ][gc,phases   ] GC(15)   Pre Evacuate Collection Set: 0.30ms
[2025-09-18T06:46:06.800+0000][122][info ][gc,phases   ] GC(15)   Merge Heap Roots: 0.24ms
[2025-09-18T06:46:06.800+0000][122][info ][gc,phases   ] GC(15)   Evacuate Collection Set: 53.84ms
[2025-09-18T06:46:06.800+0000][122][info ][gc,phases   ] GC(15)   Post Evacuate Collection Set: 1.56ms
[2025-09-18T06:46:06.800+0000][122][info ][gc,phases   ] GC(15)   Other: 0.17ms
[2025-09-18T06:46:06.800+0000][122][trace][gc,age      ] GC(15) Age table with threshold 1 (max threshold 15)
[2025-09-18T06:46:06.800+0000][122][trace][gc,age      ] GC(15) - age   1:    1732960 bytes,    1732960 total
[2025-09-18T06:46:06.800+0000][122][info ][gc,heap     ] GC(15) Eden regions: 1->0(107)
[2025-09-18T06:46:06.800+0000][122][info ][gc,heap     ] GC(15) Survivor regions: 20->1(3)
[2025-09-18T06:46:06.800+0000][122][info ][gc,heap     ] GC(15) Old regions: 8->29
[2025-09-18T06:46:06.800+0000][122][info ][gc,heap     ] GC(15) Humongous regions: 0->0
[2025-09-18T06:46:06.800+0000][122][info ][gc,metaspace] GC(15) Metaspace: 138396K(142528K)->138396K(142528K) NonClass: 118797K(121088K)->118797K(121088K) Class: 19599K(21440K)->19599K(21440K)
[2025-09-18T06:46:06.800+0000][122][info ][gc          ] GC(15) Pause Young (Normal) (G1 Evacuation Pause) 115M->120M(1024M) 56.860ms
[2025-09-18T06:46:06.800+0000][122][info ][gc,cpu      ] GC(15) User=0.42s Sys=0.00s Real=0.06s
[2025-09-18T06:46:06.800+0000][122][info ][safepoint   ] Safepoint "G1CollectForAllocation", Time since last: 2250208 ns, Reaching safepoint: 4523500 ns, Cleanup: 2333 ns, At safepoint: 57027584 ns, Total: 61553417 ns
[2025-09-18T06:46:06.868+0000][122][info ][safepoint   ] Safepoint "ICBufferFull", Time since last: 67223000 ns, Reaching safepoint: 215750 ns, Cleanup: 77958 ns, At safepoint: 23334 ns, Total: 317042 ns
[2025-09-18T06:46:06.962+0000][122][info ][safepoint   ] Safepoint "ICBufferFull", Time since last: 94122291 ns, Reaching safepoint: 10292 ns, Cleanup: 101750 ns, At safepoint: 7167 ns, Total: 119209 ns
[2025-09-18T06:46:07.087+0000][122][info ][safepoint   ] Safepoint "ICBufferFull", Time since last: 124208875 ns, Reaching safepoint: 489416 ns, Cleanup: 71292 ns, At safepoint: 21375 ns, Total: 582083 ns
[2025-09-18T06:46:07.160+0000][122][info ][safepoint   ] Safepoint "ICBufferFull", Time since last: 72480208 ns, Reaching safepoint: 441417 ns, Cleanup: 138417 ns, At safepoint: 28541 ns, Total: 608375 ns
[2025-09-18T06:46:07.215+0000][122][info ][safepoint   ] Safepoint "ICBufferFull", Time since last: 54200750 ns, Reaching safepoint: 658959 ns, Cleanup: 54125 ns, At safepoint: 14708 ns, Total: 727792 ns
[2025-09-18T06:46:07.271+0000][122][info ][safepoint   ] Safepoint "ICBufferFull", Time since last: 56013625 ns, Reaching safepoint: 7375 ns, Cleanup: 65833 ns, At safepoint: 7750 ns, Total: 80958 ns
[2025-09-18T06:46:07.348+0000][122][info ][safepoint   ] Safepoint "ICBufferFull", Time since last: 77148042 ns, Reaching safepoint: 6458 ns, Cleanup: 67084 ns, At safepoint: 7041 ns, Total: 80583 ns
[2025-09-18T06:46:07.349+0000][122][info ][safepoint   ] Safepoint "ICBufferFull", Time since last: 111667 ns, Reaching safepoint: 399333 ns, Cleanup: 5167 ns, At safepoint: 12708 ns, Total: 417208 ns
[2025-09-18T06:46:07.350+0000][122][info ][safepoint   ] Safepoint "ICBufferFull", Time since last: 176750 ns, Reaching safepoint: 802125 ns, Cleanup: 6209 ns, At safepoint: 12208 ns, Total: 820542 ns
[2025-09-18T06:46:07.437+0000][122][info ][safepoint   ] Safepoint "ICBufferFull", Time since last: 86569750 ns, Reaching safepoint: 59125 ns, Cleanup: 121708 ns, At safepoint: 23334 ns, Total: 204167 ns
[2025-09-18T06:46:07.536+0000][122][info ][safepoint   ] Safepoint "ICBufferFull", Time since last: 98837500 ns, Reaching safepoint: 438000 ns, Cleanup: 79833 ns, At safepoint: 19917 ns, Total: 537750 ns
[2025-09-18T06:46:07.617+0000][122][info ][safepoint   ] Safepoint "ICBufferFull", Time since last: 80555167 ns, Reaching safepoint: 10250 ns, Cleanup: 119916 ns, At safepoint: 18125 ns, Total: 148291 ns
[2025-09-18T06:46:07.709+0000][122][info ][safepoint   ] Safepoint "ICBufferFull", Time since last: 91514000 ns, Reaching safepoint: 644375 ns, Cleanup: 132709 ns, At safepoint: 26416 ns, Total: 803500 ns
[2025-09-18T06:46:07.857+0000][122][info ][safepoint   ] Safepoint "ICBufferFull", Time since last: 148334375 ns, Reaching safepoint: 52250 ns, Cleanup: 88917 ns, At safepoint: 19125 ns, Total: 160292 ns
[2025-09-18T06:46:08.048+0000][122][info ][safepoint   ] Safepoint "ICBufferFull", Time since last: 189512000 ns, Reaching safepoint: 977458 ns, Cleanup: 125084 ns, At safepoint: 23875 ns, Total: 1126417 ns
[2025-09-18T06:46:08.049+0000][122][info ][safepoint   ] Safepoint "ICBufferFull", Time since last: 241833 ns, Reaching safepoint: 492667 ns, Cleanup: 5416 ns, At safepoint: 15667 ns, Total: 513750 ns
[2025-09-18T06:46:08.204+0000][122][info ][safepoint   ] Safepoint "ICBufferFull", Time since last: 153938792 ns, Reaching safepoint: 1060500 ns, Cleanup: 155583 ns, At safepoint: 129500 ns, Total: 1345583 ns
[2025-09-18T06:46:08.323+0000][122][info ][safepoint   ] Safepoint "ICBufferFull", Time since last: 119182459 ns, Reaching safepoint: 8333 ns, Cleanup: 75333 ns, At safepoint: 9084 ns, Total: 92750 ns
[2025-09-18T06:46:08.451+0000][122][info ][safepoint   ] Safepoint "ICBufferFull", Time since last: 127910166 ns, Reaching safepoint: 8167 ns, Cleanup: 101792 ns, At safepoint: 9000 ns, Total: 118959 ns
[2025-09-18T06:46:08.549+0000][122][info ][safepoint   ] Safepoint "ICBufferFull", Time since last: 97147708 ns, Reaching safepoint: 10417 ns, Cleanup: 111000 ns, At safepoint: 76000 ns, Total: 197417 ns
[2025-09-18T06:46:08.679+0000][122][info ][safepoint   ] Safepoint "ICBufferFull", Time since last: 129684750 ns, Reaching safepoint: 9250 ns, Cleanup: 74541 ns, At safepoint: 10709 ns, Total: 94500 ns
[2025-09-18T06:46:08.875+0000][122][info ][safepoint   ] Safepoint "ICBufferFull", Time since last: 196497833 ns, Reaching safepoint: 14500 ns, Cleanup: 80125 ns, At safepoint: 11417 ns, Total: 106042 ns
[2025-09-18T06:46:09.019+0000][122][info ][safepoint   ] Safepoint "ICBufferFull", Time since last: 143186000 ns, Reaching safepoint: 27208 ns, Cleanup: 277167 ns, At safepoint: 26750 ns, Total: 331125 ns
[2025-09-18T06:46:09.113+0000][122][info ][safepoint   ] Safepoint "ICBufferFull", Time since last: 93711250 ns, Reaching safepoint: 9500 ns, Cleanup: 70000 ns, At safepoint: 4500 ns, Total: 84000 ns
[2025-09-18T06:46:09.208+0000][122][info ][safepoint   ] Safepoint "ICBufferFull", Time since last: 94958167 ns, Reaching safepoint: 454291 ns, Cleanup: 218875 ns, At safepoint: 44084 ns, Total: 717250 ns
[2025-09-18T06:46:09.324+0000][122][info ][safepoint   ] Safepoint "ICBufferFull", Time since last: 115401125 ns, Reaching safepoint: 11208 ns, Cleanup: 102125 ns, At safepoint: 5625 ns, Total: 118958 ns
[2025-09-18T06:46:10.386+0000][122][info ][safepoint   ] Safepoint "Cleanup", Time since last: 1062176626 ns, Reaching safepoint: 68333 ns, Cleanup: 102917 ns, At safepoint: 23666 ns, Total: 194916 ns
[2025-09-18T06:46:11.387+0000][122][info ][safepoint   ] Safepoint "Cleanup", Time since last: 1000876292 ns, Reaching safepoint: 15709 ns, Cleanup: 14625 ns, At safepoint: 5958 ns, Total: 36292 ns
[2025-09-18T06:46:12.388+0000][122][info ][safepoint   ] Safepoint "Cleanup", Time since last: 1000885417 ns, Reaching safepoint: 141833 ns, Cleanup: 72917 ns, At safepoint: 12042 ns, Total: 226792 ns
[2025-09-18T06:46:13.389+0000][122][info ][safepoint   ] Safepoint "Cleanup", Time since last: 1000753042 ns, Reaching safepoint: 111542 ns, Cleanup: 49375 ns, At safepoint: 8250 ns, Total: 169167 ns
[2025-09-18T06:46:14.391+0000][122][info ][safepoint   ] Safepoint "Cleanup", Time since last: 1001879292 ns, Reaching safepoint: 153000 ns, Cleanup: 100875 ns, At safepoint: 9416 ns, Total: 263291 ns
[2025-09-18T06:46:15.392+0000][122][info ][safepoint   ] Safepoint "Cleanup", Time since last: 1000634418 ns, Reaching safepoint: 41208 ns, Cleanup: 51375 ns, At safepoint: 7542 ns, Total: 100125 ns
[2025-09-18T06:46:16.396+0000][122][info ][safepoint   ] Safepoint "Cleanup", Time since last: 1003892333 ns, Reaching safepoint: 59917 ns, Cleanup: 19500 ns, At safepoint: 6458 ns, Total: 85875 ns
[2025-09-18T06:46:18.398+0000][122][info ][safepoint   ] Safepoint "Cleanup", Time since last: 2001940418 ns, Reaching safepoint: 124333 ns, Cleanup: 21709 ns, At safepoint: 6416 ns, Total: 152458 ns
[2025-09-18T06:46:19.399+0000][122][info ][safepoint   ] Safepoint "Cleanup", Time since last: 1000836542 ns, Reaching safepoint: 12750 ns, Cleanup: 72292 ns, At safepoint: 6250 ns, Total: 91292 ns
[2025-09-18T06:46:20.400+0000][122][info ][safepoint   ] Safepoint "Cleanup", Time since last: 1000920334 ns, Reaching safepoint: 27500 ns, Cleanup: 13708 ns, At safepoint: 7000 ns, Total: 48208 ns
[2025-09-18T06:46:21.401+0000][122][info ][safepoint   ] Safepoint "Cleanup", Time since last: 1001013626 ns, Reaching safepoint: 26333 ns, Cleanup: 17625 ns, At safepoint: 5333 ns, Total: 49291 ns
[2025-09-18T06:46:22.402+0000][122][info ][safepoint   ] Safepoint "Cleanup", Time since last: 1000873376 ns, Reaching safepoint: 39958 ns, Cleanup: 12209 ns, At safepoint: 5791 ns, Total: 57958 ns
[2025-09-18T06:46:23.202+0000][122][info ][safepoint   ] Safepoint "ICBufferFull", Time since last: 800285126 ns, Reaching safepoint: 20541 ns, Cleanup: 97917 ns, At safepoint: 10917 ns, Total: 129375 ns
[2025-09-18T06:46:23.203+0000][122][info ][safepoint   ] Safepoint "ICBufferFull", Time since last: 593916 ns, Reaching safepoint: 30584 ns, Cleanup: 10041 ns, At safepoint: 108125 ns, Total: 148750 ns
[2025-09-18T06:46:23.204+0000][122][info ][safepoint   ] Safepoint "ICBufferFull", Time since last: 471500 ns, Reaching safepoint: 350792 ns, Cleanup: 1667 ns, At safepoint: 64958 ns, Total: 417417 ns
[2025-09-18T06:46:23.204+0000][122][info ][safepoint   ] Safepoint "ICBufferFull", Time since last: 278125 ns, Reaching safepoint: 22583 ns, Cleanup: 3834 ns, At safepoint: 43541 ns, Total: 69958 ns
[2025-09-18T06:46:23.205+0000][122][info ][safepoint   ] Safepoint "ICBufferFull", Time since last: 1025959 ns, Reaching safepoint: 21666 ns, Cleanup: 3209 ns, At safepoint: 20708 ns, Total: 45583 ns
[2025-09-18T06:46:23.206+0000][122][info ][safepoint   ] Safepoint "ICBufferFull", Time since last: 409500 ns, Reaching safepoint: 11542 ns, Cleanup: 1458 ns, At safepoint: 11833 ns, Total: 24833 ns
[2025-09-18T06:46:23.269+0000][122][info ][safepoint   ] Safepoint "ICBufferFull", Time since last: 62786000 ns, Reaching safepoint: 47792 ns, Cleanup: 95417 ns, At safepoint: 23666 ns, Total: 166875 ns
[2025-09-18T06:46:23.308+0000][122][info ][gc,start    ] GC(16) Pause Young (Normal) (G1 Evacuation Pause)
[2025-09-18T06:46:23.308+0000][122][info ][gc,task     ] GC(16) Using 8 workers of 8 for evacuation
[2025-09-18T06:46:23.308+0000][122][debug][gc,age      ] GC(16) Desired survivor size 39845888 bytes, new threshold 15 (max threshold 15)
[2025-09-18T06:46:23.403+0000][122][info ][gc,phases   ] GC(16)   Pre Evacuate Collection Set: 0.66ms
[2025-09-18T06:46:23.406+0000][122][info ][gc,phases   ] GC(16)   Merge Heap Roots: 0.15ms
[2025-09-18T06:46:23.406+0000][122][info ][gc,phases   ] GC(16)   Evacuate Collection Set: 84.59ms
[2025-09-18T06:46:23.406+0000][122][info ][gc,phases   ] GC(16)   Post Evacuate Collection Set: 8.49ms
[2025-09-18T06:46:23.406+0000][122][info ][gc,phases   ] GC(16)   Other: 0.26ms
[2025-09-18T06:46:23.407+0000][122][trace][gc,age      ] GC(16) Age table with threshold 15 (max threshold 15)
[2025-09-18T06:46:23.407+0000][122][trace][gc,age      ] GC(16) - age   1:   24219104 bytes,   24219104 total
[2025-09-18T06:46:23.407+0000][122][trace][gc,age      ] GC(16) - age   2:    1010936 bytes,   25230040 total
[2025-09-18T06:46:23.407+0000][122][info ][gc,heap     ] GC(16) Eden regions: 147->0(60)
[2025-09-18T06:46:23.407+0000][122][info ][gc,heap     ] GC(16) Survivor regions: 1->7(19)
[2025-09-18T06:46:23.407+0000][122][info ][gc,heap     ] GC(16) Old regions: 29->29
[2025-09-18T06:46:23.408+0000][122][info ][gc,heap     ] GC(16) Humongous regions: 2->2
[2025-09-18T06:46:23.408+0000][122][info ][gc,metaspace] GC(16) Metaspace: 147685K(151808K)->147685K(151808K) NonClass: 126795K(129088K)->126795K(129088K) Class: 20889K(22720K)->20889K(22720K)
[2025-09-18T06:46:23.409+0000][122][info ][gc          ] GC(16) Pause Young (Normal) (G1 Evacuation Pause) 716M->151M(1024M) 100.720ms
[2025-09-18T06:46:23.409+0000][122][info ][gc,cpu      ] GC(16) User=0.49s Sys=0.00s Real=0.10s
[2025-09-18T06:46:23.409+0000][122][info ][safepoint   ] Safepoint "G1CollectForAllocation", Time since last: 38730459 ns, Reaching safepoint: 374541 ns, Cleanup: 124625 ns, At safepoint: 101175292 ns, Total: 101674458 ns
[2025-09-18T06:46:23.437+0000][122][info ][safepoint   ] Safepoint "ICBufferFull", Time since last: 27080417 ns, Reaching safepoint: 605166 ns, Cleanup: 146292 ns, At safepoint: 23833 ns, Total: 775291 ns
[2025-09-18T06:46:23.440+0000][122][info ][safepoint   ] Safepoint "ICBufferFull", Time since last: 2081167 ns, Reaching safepoint: 798833 ns, Cleanup: 51000 ns, At safepoint: 26042 ns, Total: 875875 ns
[2025-09-18T06:46:24.019+0000][122][info ][safepoint   ] Safepoint "ICBufferFull", Time since last: 579334334 ns, Reaching safepoint: 10375 ns, Cleanup: 84708 ns, At safepoint: 12708 ns, Total: 107791 ns
[2025-09-18T06:46:24.020+0000][122][info ][safepoint   ] Safepoint "ICBufferFull", Time since last: 242250 ns, Reaching safepoint: 4625 ns, Cleanup: 917 ns, At safepoint: 6167 ns, Total: 11709 ns
[2025-09-18T06:46:24.021+0000][122][info ][safepoint   ] Safepoint "ICBufferFull", Time since last: 217750 ns, Reaching safepoint: 963750 ns, Cleanup: 4541 ns, At safepoint: 22375 ns, Total: 990666 ns
[2025-09-18T06:46:24.022+0000][122][info ][safepoint   ] Safepoint "ICBufferFull", Time since last: 630292 ns, Reaching safepoint: 336833 ns, Cleanup: 15209 ns, At safepoint: 29041 ns, Total: 381083 ns
[2025-09-18T06:46:24.024+0000][122][info ][safepoint   ] Safepoint "ICBufferFull", Time since last: 1019959 ns, Reaching safepoint: 968625 ns, Cleanup: 36750 ns, At safepoint: 36916 ns, Total: 1042291 ns
[2025-09-18T06:46:24.041+0000][122][info ][safepoint   ] Safepoint "ICBufferFull", Time since last: 17288750 ns, Reaching safepoint: 11250 ns, Cleanup: 74000 ns, At safepoint: 13750 ns, Total: 99000 ns
[2025-09-18T06:46:24.151+0000][122][info ][safepoint   ] Safepoint "ICBufferFull", Time since last: 109631625 ns, Reaching safepoint: 10584 ns, Cleanup: 109583 ns, At safepoint: 5458 ns, Total: 125625 ns
[2025-09-18T06:46:24.243+0000][122][info ][safepoint   ] Safepoint "ICBufferFull", Time since last: 91585584 ns, Reaching safepoint: 8541 ns, Cleanup: 107542 ns, At safepoint: 5875 ns, Total: 121958 ns
[2025-09-18T06:46:24.353+0000][122][info ][safepoint   ] Safepoint "ICBufferFull", Time since last: 110483792 ns, Reaching safepoint: 16000 ns, Cleanup: 135667 ns, At safepoint: 12416 ns, Total: 164083 ns
[2025-09-18T06:46:24.708+0000][122][info ][safepoint   ] Safepoint "ICBufferFull", Time since last: 351948042 ns, Reaching safepoint: 431250 ns, Cleanup: 115458 ns, At safepoint: 2134250 ns, Total: 2680958 ns
[2025-09-18T06:46:24.722+0000][122][info ][safepoint   ] Safepoint "ICBufferFull", Time since last: 13386792 ns, Reaching safepoint: 351250 ns, Cleanup: 39417 ns, At safepoint: 41958 ns, Total: 432625 ns
[2025-09-18T06:46:24.737+0000][122][info ][safepoint   ] Safepoint "ICBufferFull", Time since last: 10502000 ns, Reaching safepoint: 477458 ns, Cleanup: 26250 ns, At safepoint: 3921084 ns, Total: 4424792 ns
[2025-09-18T06:46:24.745+0000][122][info ][safepoint   ] Safepoint "ICBufferFull", Time since last: 7570708 ns, Reaching safepoint: 509250 ns, Cleanup: 28750 ns, At safepoint: 28500 ns, Total: 566500 ns
[2025-09-18T06:46:24.751+0000][122][info ][safepoint   ] Safepoint "ICBufferFull", Time since last: 2496958 ns, Reaching safepoint: 1606250 ns, Cleanup: 11959 ns, At safepoint: 2407166 ns, Total: 4025375 ns
[2025-09-18T06:46:24.790+0000][122][info ][safepoint   ] Safepoint "ICBufferFull", Time since last: 38225292 ns, Reaching safepoint: 136083 ns, Cleanup: 160667 ns, At safepoint: 25375 ns, Total: 322125 ns
[2025-09-18T06:46:24.921+0000][122][info ][safepoint   ] Safepoint "ICBufferFull", Time since last: 130999583 ns, Reaching safepoint: 10834 ns, Cleanup: 110750 ns, At safepoint: 7166 ns, Total: 128750 ns
[2025-09-18T06:46:24.993+0000][122][info ][safepoint   ] Safepoint "ICBufferFull", Time since last: 71353334 ns, Reaching safepoint: 366833 ns, Cleanup: 226833 ns, At safepoint: 28125 ns, Total: 621791 ns
[2025-09-18T06:46:25.044+0000][122][info ][safepoint   ] Safepoint "ICBufferFull", Time since last: 49727876 ns, Reaching safepoint: 1193333 ns, Cleanup: 181583 ns, At safepoint: 37459 ns, Total: 1412375 ns
[2025-09-18T06:46:25.085+0000][122][info ][gc,start    ] GC(17) Pause Young (Normal) (G1 Evacuation Pause)
[2025-09-18T06:46:25.085+0000][122][info ][gc,task     ] GC(17) Using 8 workers of 8 for evacuation
[2025-09-18T06:46:25.085+0000][122][debug][gc,age      ] GC(17) Desired survivor size 25165824 bytes, new threshold 2 (max threshold 15)
[2025-09-18T06:46:25.106+0000][122][info ][gc,phases   ] GC(17)   Pre Evacuate Collection Set: 0.24ms
[2025-09-18T06:46:25.106+0000][122][info ][gc,phases   ] GC(17)   Merge Heap Roots: 0.16ms
[2025-09-18T06:46:25.106+0000][122][info ][gc,phases   ] GC(17)   Evacuate Collection Set: 18.87ms
[2025-09-18T06:46:25.106+0000][122][info ][gc,phases   ] GC(17)   Post Evacuate Collection Set: 1.61ms
[2025-09-18T06:46:25.107+0000][122][info ][gc,phases   ] GC(17)   Other: 0.19ms
[2025-09-18T06:46:25.107+0000][122][trace][gc,age      ] GC(17) Age table with threshold 2 (max threshold 15)
[2025-09-18T06:46:25.107+0000][122][trace][gc,age      ] GC(17) - age   1:   11635952 bytes,   11635952 total
[2025-09-18T06:46:25.107+0000][122][trace][gc,age      ] GC(17) - age   2:   20523880 bytes,   32159832 total
[2025-09-18T06:46:25.107+0000][122][info ][gc,heap     ] GC(17) Eden regions: 86->0(108)
[2025-09-18T06:46:25.107+0000][122][info ][gc,heap     ] GC(17) Survivor regions: 7->9(12)
[2025-09-18T06:46:25.107+0000][122][info ][gc,heap     ] GC(17) Old regions: 29->30
[2025-09-18T06:46:25.107+0000][122][info ][gc,heap     ] GC(17) Humongous regions: 2->2
[2025-09-18T06:46:25.107+0000][122][info ][gc,metaspace] GC(17) Metaspace: 152119K(156352K)->152119K(156352K) NonClass: 130548K(132928K)->130548K(132928K) Class: 21571K(23424K)->21571K(23424K)
[2025-09-18T06:46:25.107+0000][122][info ][gc          ] GC(17) Pause Young (Normal) (G1 Evacuation Pause) 495M->159M(1024M) 22.027ms
[2025-09-18T06:46:25.107+0000][122][info ][gc,cpu      ] GC(17) User=0.09s Sys=0.00s Real=0.02s
[2025-09-18T06:46:25.107+0000][122][info ][safepoint   ] Safepoint "G1CollectForAllocation", Time since last: 40231458 ns, Reaching safepoint: 424417 ns, Cleanup: 33791 ns, At safepoint: 22241584 ns, Total: 22699792 ns
[2025-09-18T06:46:25.173+0000][122][info ][safepoint   ] Safepoint "ICBufferFull", Time since last: 64540083 ns, Reaching safepoint: 1319208 ns, Cleanup: 93084 ns, At safepoint: 30625 ns, Total: 1442917 ns
[2025-09-18T06:46:25.198+0000][122][info ][safepoint   ] Safepoint "ICBufferFull", Time since last: 24370666 ns, Reaching safepoint: 265959 ns, Cleanup: 113041 ns, At safepoint: 25167 ns, Total: 404167 ns
[2025-09-18T06:46:25.265+0000][122][info ][safepoint   ] Safepoint "ICBufferFull", Time since last: 65956875 ns, Reaching safepoint: 1105250 ns, Cleanup: 97333 ns, At safepoint: 27042 ns, Total: 1229625 ns
[2025-09-18T06:46:25.267+0000][122][info ][safepoint   ] Safepoint "ICBufferFull", Time since last: 1200667 ns, Reaching safepoint: 546708 ns, Cleanup: 9000 ns, At safepoint: 23625 ns, Total: 579333 ns
[2025-09-18T06:46:25.535+0000][122][info ][safepoint   ] Safepoint "ICBufferFull", Time since last: 268225417 ns, Reaching safepoint: 50708 ns, Cleanup: 180292 ns, At safepoint: 16708 ns, Total: 247708 ns
[2025-09-18T06:46:26.014+0000][122][info ][safepoint   ] Safepoint "ICBufferFull", Time since last: 478630542 ns, Reaching safepoint: 131083 ns, Cleanup: 103292 ns, At safepoint: 10167 ns, Total: 244542 ns
[2025-09-18T06:46:26.101+0000][122][info ][safepoint   ] Safepoint "ICBufferFull", Time since last: 86221875 ns, Reaching safepoint: 11833 ns, Cleanup: 98333 ns, At safepoint: 14375 ns, Total: 124541 ns
[2025-09-18T06:46:26.379+0000][122][info ][safepoint   ] Safepoint "ICBufferFull", Time since last: 280140667 ns, Reaching safepoint: 10583 ns, Cleanup: 94917 ns, At safepoint: 9083 ns, Total: 114583 ns
[2025-09-18T06:46:26.448+0000][122][info ][safepoint   ] Safepoint "ICBufferFull", Time since last: 68689375 ns, Reaching safepoint: 294292 ns, Cleanup: 97541 ns, At safepoint: 13584 ns, Total: 405417 ns
[2025-09-18T06:46:26.489+0000][122][info ][safepoint   ] Safepoint "ICBufferFull", Time since last: 39955625 ns, Reaching safepoint: 8541 ns, Cleanup: 77250 ns, At safepoint: 6167 ns, Total: 91958 ns
[2025-09-18T06:46:26.566+0000][122][info ][safepoint   ] Safepoint "ICBufferFull", Time since last: 77289708 ns, Reaching safepoint: 6792 ns, Cleanup: 83542 ns, At safepoint: 6375 ns, Total: 96709 ns
[2025-09-18T06:46:26.676+0000][122][info ][safepoint   ] Safepoint "ICBufferFull", Time since last: 110119708 ns, Reaching safepoint: 10583 ns, Cleanup: 91375 ns, At safepoint: 7375 ns, Total: 109333 ns
[2025-09-18T06:46:26.787+0000][122][info ][safepoint   ] Safepoint "ICBufferFull", Time since last: 110279167 ns, Reaching safepoint: 12250 ns, Cleanup: 112625 ns, At safepoint: 13458 ns, Total: 138333 ns
[2025-09-18T06:46:27.251+0000][122][info ][safepoint   ] Safepoint "ICBufferFull", Time since last: 463945376 ns, Reaching safepoint: 30583 ns, Cleanup: 91042 ns, At safepoint: 10125 ns, Total: 131750 ns
[2025-09-18T06:46:27.517+0000][122][info ][gc,start    ] GC(18) Pause Young (Concurrent Start) (CodeCache GC Threshold)
[2025-09-18T06:46:27.517+0000][122][info ][gc,task     ] GC(18) Using 8 workers of 8 for evacuation
[2025-09-18T06:46:27.517+0000][122][debug][gc,age      ] GC(18) Desired survivor size 37748736 bytes, new threshold 15 (max threshold 15)
[2025-09-18T06:46:27.532+0000][122][info ][gc,phases   ] GC(18)   Pre Evacuate Collection Set: 0.51ms
[2025-09-18T06:46:27.532+0000][122][info ][gc,phases   ] GC(18)   Merge Heap Roots: 0.15ms
[2025-09-18T06:46:27.532+0000][122][info ][gc,phases   ] GC(18)   Evacuate Collection Set: 12.97ms
[2025-09-18T06:46:27.532+0000][122][info ][gc,phases   ] GC(18)   Post Evacuate Collection Set: 1.38ms
[2025-09-18T06:46:27.532+0000][122][info ][gc,phases   ] GC(18)   Other: 0.29ms
[2025-09-18T06:46:27.532+0000][122][trace][gc,age      ] GC(18) Age table with threshold 15 (max threshold 15)
[2025-09-18T06:46:27.532+0000][122][trace][gc,age      ] GC(18) - age   1:    5064952 bytes,    5064952 total
[2025-09-18T06:46:27.533+0000][122][trace][gc,age      ] GC(18) - age   2:    3314216 bytes,    8379168 total
[2025-09-18T06:46:27.533+0000][122][trace][gc,age      ] GC(18) - age   3:   20287896 bytes,   28667064 total
[2025-09-18T06:46:27.533+0000][122][info ][gc,heap     ] GC(18) Eden regions: 116->0(145)
[2025-09-18T06:46:27.533+0000][122][info ][gc,heap     ] GC(18) Survivor regions: 9->8(18)
[2025-09-18T06:46:27.533+0000][122][info ][gc,heap     ] GC(18) Old regions: 30->30
[2025-09-18T06:46:27.533+0000][122][info ][gc,heap     ] GC(18) Humongous regions: 2->2
[2025-09-18T06:46:27.533+0000][122][info ][gc,metaspace] GC(18) Metaspace: 153936K(158208K)->153936K(158208K) NonClass: 132233K(134592K)->132233K(134592K) Class: 21703K(23616K)->21703K(23616K)
[2025-09-18T06:46:27.533+0000][122][info ][gc          ] GC(18) Pause Young (Concurrent Start) (CodeCache GC Threshold) 621M->154M(1024M) 16.013ms
[2025-09-18T06:46:27.533+0000][122][info ][gc,cpu      ] GC(18) User=0.10s Sys=0.01s Real=0.02s
[2025-09-18T06:46:27.533+0000][122][info ][gc          ] GC(19) Concurrent Mark Cycle
[2025-09-18T06:46:27.533+0000][122][info ][gc,marking  ] GC(19) Concurrent Scan Root Regions
[2025-09-18T06:46:27.533+0000][122][info ][safepoint   ] Safepoint "G1TryInitiateConcMark", Time since last: 265994125 ns, Reaching safepoint: 11583 ns, Cleanup: 67167 ns, At safepoint: 16202625 ns, Total: 16281375 ns
[2025-09-18T06:46:27.542+0000][122][info ][gc,marking  ] GC(19) Concurrent Scan Root Regions 8.837ms
[2025-09-18T06:46:27.542+0000][122][info ][gc,marking  ] GC(19) Concurrent Mark
[2025-09-18T06:46:27.542+0000][122][info ][gc,marking  ] GC(19) Concurrent Mark From Roots
[2025-09-18T06:46:27.542+0000][122][info ][gc,task     ] GC(19) Using 2 workers of 2 for marking
[2025-09-18T06:46:27.606+0000][122][info ][gc,marking  ] GC(19) Concurrent Mark From Roots 63.735ms
[2025-09-18T06:46:27.606+0000][122][info ][gc,marking  ] GC(19) Concurrent Preclean
[2025-09-18T06:46:27.606+0000][122][info ][gc,marking  ] GC(19) Concurrent Preclean 0.416ms
[2025-09-18T06:46:27.606+0000][122][info ][gc,start    ] GC(19) Pause Remark
[2025-09-18T06:46:27.652+0000][122][info ][gc          ] GC(19) Pause Remark 160M->160M(1024M) 45.969ms
[2025-09-18T06:46:27.653+0000][122][info ][gc,cpu      ] GC(19) User=0.29s Sys=0.00s Real=0.05s
[2025-09-18T06:46:27.653+0000][122][info ][safepoint   ] Safepoint "G1PauseRemark", Time since last: 73434500 ns, Reaching safepoint: 17875 ns, Cleanup: 14000 ns, At safepoint: 46228541 ns, Total: 46260416 ns
[2025-09-18T06:46:27.653+0000][122][info ][gc,marking  ] GC(19) Concurrent Mark 110.861ms
[2025-09-18T06:46:27.653+0000][122][info ][gc,marking  ] GC(19) Concurrent Rebuild Remembered Sets and Scrub Regions
[2025-09-18T06:46:27.772+0000][122][info ][gc,marking  ] GC(19) Concurrent Rebuild Remembered Sets and Scrub Regions 119.524ms
[2025-09-18T06:46:27.777+0000][122][info ][gc,start    ] GC(19) Pause Cleanup
[2025-09-18T06:46:27.777+0000][122][info ][gc          ] GC(19) Pause Cleanup 161M->161M(1024M) 0.358ms
[2025-09-18T06:46:27.777+0000][122][info ][gc,cpu      ] GC(19) User=0.00s Sys=0.00s Real=0.00s
[2025-09-18T06:46:27.777+0000][122][info ][safepoint   ] Safepoint "G1PauseCleanup", Time since last: 123155709 ns, Reaching safepoint: 837625 ns, Cleanup: 54917 ns, At safepoint: 816208 ns, Total: 1708750 ns
[2025-09-18T06:46:27.782+0000][122][info ][gc,marking  ] GC(19) Concurrent Clear Claimed Marks
[2025-09-18T06:46:27.785+0000][122][info ][gc,marking  ] GC(19) Concurrent Clear Claimed Marks 2.157ms
[2025-09-18T06:46:27.785+0000][122][info ][gc,marking  ] GC(19) Concurrent Cleanup for Next Mark
[2025-09-18T06:46:27.797+0000][122][info ][gc,marking  ] GC(19) Concurrent Cleanup for Next Mark 11.328ms
[2025-09-18T06:46:27.797+0000][122][info ][gc          ] GC(19) Concurrent Mark Cycle 264.020ms
[2025-09-18T06:46:28.481+0000][122][info ][safepoint   ] Safepoint "ICBufferFull", Time since last: 701639209 ns, Reaching safepoint: 1506833 ns, Cleanup: 234625 ns, At safepoint: 32083 ns, Total: 1773541 ns
[2025-09-18T06:46:28.862+0000][122][info ][safepoint   ] Safepoint "ICBufferFull", Time since last: 380686459 ns, Reaching safepoint: 42208 ns, Cleanup: 167250 ns, At safepoint: 10333 ns, Total: 219791 ns
[2025-09-18T06:46:29.492+0000][122][info ][safepoint   ] Safepoint "ICBufferFull", Time since last: 630276084 ns, Reaching safepoint: 25167 ns, Cleanup: 165833 ns, At safepoint: 12042 ns, Total: 203042 ns
[2025-09-18T06:46:30.496+0000][122][info ][safepoint   ] Safepoint "Cleanup", Time since last: 1003059500 ns, Reaching safepoint: 102542 ns, Cleanup: 89791 ns, At safepoint: 23167 ns, Total: 215500 ns
[2025-09-18T06:46:31.497+0000][122][info ][safepoint   ] Safepoint "Cleanup", Time since last: 1001408626 ns, Reaching safepoint: 78208 ns, Cleanup: 56333 ns, At safepoint: 13750 ns, Total: 148291 ns
[2025-09-18T06:46:32.499+0000][122][info ][safepoint   ] Safepoint "Cleanup", Time since last: 1001740834 ns, Reaching safepoint: 587667 ns, Cleanup: 19250 ns, At safepoint: 19041 ns, Total: 625958 ns
[2025-09-18T06:46:33.501+0000][122][info ][safepoint   ] Safepoint "Cleanup", Time since last: 1001093709 ns, Reaching safepoint: 23375 ns, Cleanup: 42792 ns, At safepoint: 17667 ns, Total: 83834 ns
[2025-09-18T06:46:34.184+0000][122][info ][safepoint   ] Safepoint "ICBufferFull", Time since last: 682987292 ns, Reaching safepoint: 8166 ns, Cleanup: 128334 ns, At safepoint: 6791 ns, Total: 143291 ns
[2025-09-18T06:46:36.181+0000][122][info ][safepoint   ] Safepoint "Cleanup", Time since last: 1997370835 ns, Reaching safepoint: 14416 ns, Cleanup: 244917 ns, At safepoint: 14958 ns, Total: 274291 ns
[2025-09-18T06:46:37.184+0000][122][info ][safepoint   ] Safepoint "Cleanup", Time since last: 1001286376 ns, Reaching safepoint: 917541 ns, Cleanup: 81584 ns, At safepoint: 16625 ns, Total: 1015750 ns
[2025-09-18T06:46:38.185+0000][122][info ][safepoint   ] Safepoint "Cleanup", Time since last: 1000768750 ns, Reaching safepoint: 13458 ns, Cleanup: 62709 ns, At safepoint: 6041 ns, Total: 82208 ns
[2025-09-18T06:46:39.186+0000][122][info ][safepoint   ] Safepoint "Cleanup", Time since last: 1000886709 ns, Reaching safepoint: 84334 ns, Cleanup: 198833 ns, At safepoint: 22292 ns, Total: 305459 ns
[2025-09-18T06:46:40.188+0000][122][info ][safepoint   ] Safepoint "Cleanup", Time since last: 1001798167 ns, Reaching safepoint: 103916 ns, Cleanup: 99250 ns, At safepoint: 22334 ns, Total: 225500 ns
[2025-09-18T06:46:41.189+0000][122][info ][safepoint   ] Safepoint "Cleanup", Time since last: 1000980125 ns, Reaching safepoint: 20875 ns, Cleanup: 25042 ns, At safepoint: 7792 ns, Total: 53709 ns
[2025-09-18T06:46:42.190+0000][122][info ][safepoint   ] Safepoint "Cleanup", Time since last: 1000564042 ns, Reaching safepoint: 84833 ns, Cleanup: 103333 ns, At safepoint: 14584 ns, Total: 202750 ns
[2025-09-18T06:46:43.191+0000][122][info ][safepoint   ] Safepoint "Cleanup", Time since last: 1000885334 ns, Reaching safepoint: 176500 ns, Cleanup: 106416 ns, At safepoint: 17417 ns, Total: 300333 ns
[2025-09-18T06:46:44.192+0000][122][info ][safepoint   ] Safepoint "Cleanup", Time since last: 1000846750 ns, Reaching safepoint: 72417 ns, Cleanup: 180542 ns, At safepoint: 29250 ns, Total: 282209 ns
[2025-09-18T06:46:45.193+0000][122][info ][safepoint   ] Safepoint "Cleanup", Time since last: 1000693542 ns, Reaching safepoint: 115500 ns, Cleanup: 203541 ns, At safepoint: 34250 ns, Total: 353291 ns
[2025-09-18T06:46:46.195+0000][122][info ][safepoint   ] Safepoint "Cleanup", Time since last: 1001794918 ns, Reaching safepoint: 36750 ns, Cleanup: 22041 ns, At safepoint: 12209 ns, Total: 71000 ns
[2025-09-18T06:46:48.197+0000][122][info ][safepoint   ] Safepoint "Cleanup", Time since last: 2001580459 ns, Reaching safepoint: 52500 ns, Cleanup: 71708 ns, At safepoint: 10250 ns, Total: 134458 ns
[2025-09-18T06:46:49.198+0000][122][info ][safepoint   ] Safepoint "Cleanup", Time since last: 1001169376 ns, Reaching safepoint: 72708 ns, Cleanup: 62875 ns, At safepoint: 14167 ns, Total: 149750 ns
[2025-09-18T06:46:50.200+0000][122][info ][safepoint   ] Safepoint "Cleanup", Time since last: 1002075417 ns, Reaching safepoint: 77667 ns, Cleanup: 65375 ns, At safepoint: 19041 ns, Total: 162083 ns
[2025-09-18T06:46:51.201+0000][122][info ][safepoint   ] Safepoint "Cleanup", Time since last: 1001294459 ns, Reaching safepoint: 25750 ns, Cleanup: 32333 ns, At safepoint: 9834 ns, Total: 67917 ns
[2025-09-18T06:46:52.203+0000][122][info ][safepoint   ] Safepoint "Cleanup", Time since last: 1000985917 ns, Reaching safepoint: 73041 ns, Cleanup: 29250 ns, At safepoint: 15750 ns, Total: 118041 ns
[2025-09-18T06:46:53.205+0000][122][info ][safepoint   ] Safepoint "Cleanup", Time since last: 1002005251 ns, Reaching safepoint: 78375 ns, Cleanup: 102375 ns, At safepoint: 25167 ns, Total: 205917 ns
[2025-09-18T06:46:54.206+0000][122][info ][safepoint   ] Safepoint "Cleanup", Time since last: 1000758333 ns, Reaching safepoint: 29625 ns, Cleanup: 55917 ns, At safepoint: 6833 ns, Total: 92375 ns
[2025-09-18T06:46:55.207+0000][122][info ][safepoint   ] Safepoint "Cleanup", Time since last: 1000838251 ns, Reaching safepoint: 186583 ns, Cleanup: 128125 ns, At safepoint: 19375 ns, Total: 334083 ns
[2025-09-18T06:46:57.292+0000][122][info ][safepoint   ] Safepoint "Cleanup", Time since last: 2084772709 ns, Reaching safepoint: 83042 ns, Cleanup: 68625 ns, At safepoint: 19208 ns, Total: 170875 ns
[2025-09-18T06:46:58.293+0000][122][info ][safepoint   ] Safepoint "Cleanup", Time since last: 1000653126 ns, Reaching safepoint: 43166 ns, Cleanup: 19625 ns, At safepoint: 6584 ns, Total: 69375 ns
[2025-09-18T06:46:59.295+0000][122][info ][safepoint   ] Safepoint "Cleanup", Time since last: 1002064709 ns, Reaching safepoint: 3625 ns, Cleanup: 43708 ns, At safepoint: 4667 ns, Total: 52000 ns
[2025-09-18T06:46:59.497+0000][122][info ][safepoint   ] Safepoint "ICBufferFull", Time since last: 202294125 ns, Reaching safepoint: 22208 ns, Cleanup: 117375 ns, At safepoint: 19000 ns, Total: 158583 ns
[2025-09-18T06:47:00.499+0000][122][info ][safepoint   ] Safepoint "Cleanup", Time since last: 1002026875 ns, Reaching safepoint: 59542 ns, Cleanup: 23125 ns, At safepoint: 17375 ns, Total: 100042 ns
[2025-09-18T06:47:02.502+0000][122][info ][safepoint   ] Safepoint "Cleanup", Time since last: 2002219209 ns, Reaching safepoint: 49875 ns, Cleanup: 11500 ns, At safepoint: 17792 ns, Total: 79167 ns
[2025-09-18T06:47:03.503+0000][122][info ][safepoint   ] Safepoint "Cleanup", Time since last: 1001098167 ns, Reaching safepoint: 84292 ns, Cleanup: 87625 ns, At safepoint: 26875 ns, Total: 198792 ns
[2025-09-18T06:47:04.504+0000][122][info ][safepoint   ] Safepoint "Cleanup", Time since last: 1000804750 ns, Reaching safepoint: 41917 ns, Cleanup: 40000 ns, At safepoint: 9250 ns, Total: 91167 ns
[2025-09-18T06:47:05.507+0000][122][info ][safepoint   ] Safepoint "Cleanup", Time since last: 1001741042 ns, Reaching safepoint: 1174167 ns, Cleanup: 40167 ns, At safepoint: 25333 ns, Total: 1239667 ns
[2025-09-18T06:47:06.508+0000][122][info ][safepoint   ] Safepoint "Cleanup", Time since last: 1000990417 ns, Reaching safepoint: 90125 ns, Cleanup: 69667 ns, At safepoint: 21541 ns, Total: 181333 ns
[2025-09-18T06:47:07.509+0000][122][info ][safepoint   ] Safepoint "Cleanup", Time since last: 1000683292 ns, Reaching safepoint: 106750 ns, Cleanup: 47334 ns, At safepoint: 21041 ns, Total: 175125 ns
[2025-09-18T06:47:08.511+0000][122][info ][safepoint   ] Safepoint "Cleanup", Time since last: 1000768209 ns, Reaching safepoint: 1141625 ns, Cleanup: 47042 ns, At safepoint: 45542 ns, Total: 1234209 ns
[2025-09-18T06:47:09.512+0000][122][info ][safepoint   ] Safepoint "Cleanup", Time since last: 1001265333 ns, Reaching safepoint: 62167 ns, Cleanup: 63375 ns, At safepoint: 14958 ns, Total: 140500 ns
[2025-09-18T06:47:10.514+0000][122][info ][safepoint   ] Safepoint "Cleanup", Time since last: 1001931668 ns, Reaching safepoint: 79875 ns, Cleanup: 53916 ns, At safepoint: 34875 ns, Total: 168666 ns
[2025-09-18T06:47:11.516+0000][122][info ][safepoint   ] Safepoint "Cleanup", Time since last: 1001523292 ns, Reaching safepoint: 11417 ns, Cleanup: 42208 ns, At safepoint: 17000 ns, Total: 70625 ns
[2025-09-18T06:47:12.517+0000][122][info ][safepoint   ] Safepoint "Cleanup", Time since last: 1000909126 ns, Reaching safepoint: 75708 ns, Cleanup: 32875 ns, At safepoint: 32042 ns, Total: 140625 ns
[2025-09-18T06:47:13.519+0000][122][info ][safepoint   ] Safepoint "Cleanup", Time since last: 1001555459 ns, Reaching safepoint: 12000 ns, Cleanup: 147916 ns, At safepoint: 16500 ns, Total: 176416 ns
[2025-09-18T06:47:14.519+0000][122][info ][safepoint   ] Safepoint "Cleanup", Time since last: 1000822667 ns, Reaching safepoint: 13792 ns, Cleanup: 36708 ns, At safepoint: 11000 ns, Total: 61500 ns
[2025-09-18T06:47:16.522+0000][122][info ][safepoint   ] Safepoint "Cleanup", Time since last: 2002034460 ns, Reaching safepoint: 46500 ns, Cleanup: 68625 ns, At safepoint: 26750 ns, Total: 141875 ns
[2025-09-18T06:47:17.523+0000][122][info ][safepoint   ] Safepoint "Cleanup", Time since last: 1000827084 ns, Reaching safepoint: 63250 ns, Cleanup: 27250 ns, At safepoint: 12083 ns, Total: 102583 ns
[2025-09-18T06:47:18.527+0000][122][info ][safepoint   ] Safepoint "Cleanup", Time since last: 1004340417 ns, Reaching safepoint: 262583 ns, Cleanup: 28167 ns, At safepoint: 15875 ns, Total: 306625 ns
[2025-09-18T06:47:19.529+0000][122][info ][safepoint   ] Safepoint "Cleanup", Time since last: 1001188667 ns, Reaching safepoint: 55959 ns, Cleanup: 19875 ns, At safepoint: 6750 ns, Total: 82584 ns
[2025-09-18T06:47:20.530+0000][122][info ][safepoint   ] Safepoint "Cleanup", Time since last: 1001117042 ns, Reaching safepoint: 11375 ns, Cleanup: 13833 ns, At safepoint: 4583 ns, Total: 29791 ns
[2025-09-18T06:47:23.534+0000][122][info ][safepoint   ] Safepoint "Cleanup", Time since last: 3003262418 ns, Reaching safepoint: 443292 ns, Cleanup: 292792 ns, At safepoint: 156666 ns, Total: 892750 ns
[2025-09-18T06:47:24.709+0000][122][info ][safepoint   ] Safepoint "ICBufferFull", Time since last: 1174359334 ns, Reaching safepoint: 87042 ns, Cleanup: 309417 ns, At safepoint: 14000 ns, Total: 410459 ns
[2025-09-18T06:47:25.710+0000][122][info ][safepoint   ] Safepoint "Cleanup", Time since last: 1000818458 ns, Reaching safepoint: 88084 ns, Cleanup: 54208 ns, At safepoint: 7000 ns, Total: 149292 ns
[2025-09-18T06:47:26.732+0000][122][info ][safepoint   ] Safepoint "ICBufferFull", Time since last: 1024195208 ns, Reaching safepoint: 63458 ns, Cleanup: 125542 ns, At safepoint: 16708 ns, Total: 205708 ns
[2025-09-18T06:47:26.804+0000][122][info ][safepoint   ] Safepoint "ICBufferFull", Time since last: 71048125 ns, Reaching safepoint: 27292 ns, Cleanup: 151250 ns, At safepoint: 16583 ns, Total: 195125 ns
[2025-09-18T06:47:28.803+0000][122][info ][safepoint   ] Safepoint "Cleanup", Time since last: 1999691543 ns, Reaching safepoint: 22000 ns, Cleanup: 84208 ns, At safepoint: 7209 ns, Total: 113417 ns
[2025-09-18T06:47:29.804+0000][122][info ][safepoint   ] Safepoint "Cleanup", Time since last: 1000420958 ns, Reaching safepoint: 16250 ns, Cleanup: 25834 ns, At safepoint: 7000 ns, Total: 49084 ns
[2025-09-18T06:47:30.805+0000][122][info ][safepoint   ] Safepoint "Cleanup", Time since last: 1001179000 ns, Reaching safepoint: 27084 ns, Cleanup: 17041 ns, At safepoint: 6875 ns, Total: 51000 ns
[2025-09-18T06:47:32.807+0000][122][info ][safepoint   ] Safepoint "Cleanup", Time since last: 2001706626 ns, Reaching safepoint: 33417 ns, Cleanup: 56750 ns, At safepoint: 33917 ns, Total: 124084 ns
[2025-09-18T06:47:33.810+0000][122][info ][safepoint   ] Safepoint "Cleanup", Time since last: 1002006792 ns, Reaching safepoint: 624791 ns, Cleanup: 95250 ns, At safepoint: 15042 ns, Total: 735083 ns
[2025-09-18T06:47:34.810+0000][122][info ][safepoint   ] Safepoint "Cleanup", Time since last: 1000379626 ns, Reaching safepoint: 15333 ns, Cleanup: 10542 ns, At safepoint: 6458 ns, Total: 32333 ns
[2025-09-18T06:47:36.812+0000][122][info ][safepoint   ] Safepoint "Cleanup", Time since last: 2001741001 ns, Reaching safepoint: 145500 ns, Cleanup: 25333 ns, At safepoint: 5042 ns, Total: 175875 ns
[2025-09-18T06:47:37.813+0000][122][info ][safepoint   ] Safepoint "Cleanup", Time since last: 1001232375 ns, Reaching safepoint: 21875 ns, Cleanup: 11209 ns, At safepoint: 10541 ns, Total: 43625 ns
[2025-09-18T06:47:38.814+0000][122][info ][safepoint   ] Safepoint "Cleanup", Time since last: 1000936334 ns, Reaching safepoint: 49292 ns, Cleanup: 90000 ns, At safepoint: 13541 ns, Total: 152833 ns
[2025-09-18T06:47:39.815+0000][122][info ][safepoint   ] Safepoint "Cleanup", Time since last: 1000571251 ns, Reaching safepoint: 97500 ns, Cleanup: 46917 ns, At safepoint: 24375 ns, Total: 168792 ns
[2025-09-18T06:47:40.819+0000][122][info ][safepoint   ] Safepoint "Cleanup", Time since last: 1003716042 ns, Reaching safepoint: 82250 ns, Cleanup: 14541 ns, At safepoint: 6792 ns, Total: 103583 ns
[2025-09-18T06:47:41.820+0000][122][info ][safepoint   ] Safepoint "Cleanup", Time since last: 1001238584 ns, Reaching safepoint: 18208 ns, Cleanup: 18792 ns, At safepoint: 4542 ns, Total: 41542 ns
[2025-09-18T06:47:42.821+0000][122][info ][safepoint   ] Safepoint "Cleanup", Time since last: 1000980708 ns, Reaching safepoint: 63542 ns, Cleanup: 18625 ns, At safepoint: 10833 ns, Total: 93000 ns
[2025-09-18T06:47:43.823+0000][122][info ][safepoint   ] Safepoint "Cleanup", Time since last: 1001104292 ns, Reaching safepoint: 143375 ns, Cleanup: 18542 ns, At safepoint: 11542 ns, Total: 173459 ns
[2025-09-18T06:47:44.823+0000][122][info ][safepoint   ] Safepoint "Cleanup", Time since last: 1000309875 ns, Reaching safepoint: 87042 ns, Cleanup: 50042 ns, At safepoint: 8375 ns, Total: 145459 ns
[2025-09-18T06:47:47.829+0000][122][info ][safepoint   ] Safepoint "Cleanup", Time since last: 3006151751 ns, Reaching safepoint: 71792 ns, Cleanup: 47458 ns, At safepoint: 11500 ns, Total: 130750 ns
[2025-09-18T06:47:48.831+0000][122][info ][safepoint   ] Safepoint "Cleanup", Time since last: 1002033709 ns, Reaching safepoint: 17792 ns, Cleanup: 37791 ns, At safepoint: 4667 ns, Total: 60250 ns
[2025-09-18T06:47:49.832+0000][122][info ][safepoint   ] Safepoint "Cleanup", Time since last: 1000733417 ns, Reaching safepoint: 109958 ns, Cleanup: 60959 ns, At safepoint: 25166 ns, Total: 196083 ns
[2025-09-18T06:47:50.834+0000][122][info ][safepoint   ] Safepoint "Cleanup", Time since last: 1001728959 ns, Reaching safepoint: 96584 ns, Cleanup: 153833 ns, At safepoint: 20583 ns, Total: 271000 ns
[2025-09-18T06:47:53.838+0000][122][info ][safepoint   ] Safepoint "Cleanup", Time since last: 3003730168 ns, Reaching safepoint: 59542 ns, Cleanup: 36500 ns, At safepoint: 5875 ns, Total: 101917 ns
[2025-09-18T06:47:54.839+0000][122][info ][safepoint   ] Safepoint "Cleanup", Time since last: 1000760959 ns, Reaching safepoint: 27541 ns, Cleanup: 12209 ns, At safepoint: 5625 ns, Total: 45375 ns
[2025-09-18T06:47:56.353+0000][122][info ][safepoint   ] Safepoint "Cleanup", Time since last: 1514078375 ns, Reaching safepoint: 33959 ns, Cleanup: 23666 ns, At safepoint: 6542 ns, Total: 64167 ns
[2025-09-18T06:47:57.353+0000][122][info ][safepoint   ] Safepoint "Cleanup", Time since last: 1000706250 ns, Reaching safepoint: 16250 ns, Cleanup: 25709 ns, At safepoint: 6083 ns, Total: 48042 ns
[2025-09-18T06:47:58.355+0000][122][info ][safepoint   ] Safepoint "Cleanup", Time since last: 1001948167 ns, Reaching safepoint: 16792 ns, Cleanup: 12875 ns, At safepoint: 5833 ns, Total: 35500 ns
[2025-09-18T06:47:59.356+0000][122][info ][safepoint   ] Safepoint "Cleanup", Time since last: 1000255709 ns, Reaching safepoint: 15583 ns, Cleanup: 25959 ns, At safepoint: 5083 ns, Total: 46625 ns
[2025-09-18T06:48:00.357+0000][122][info ][safepoint   ] Safepoint "Cleanup", Time since last: 1000896084 ns, Reaching safepoint: 21083 ns, Cleanup: 37000 ns, At safepoint: 4167 ns, Total: 62250 ns
[2025-09-18T06:48:01.357+0000][122][info ][safepoint   ] Safepoint "Cleanup", Time since last: 1000910417 ns, Reaching safepoint: 52667 ns, Cleanup: 22083 ns, At safepoint: 6625 ns, Total: 81375 ns
[2025-09-18T06:48:02.358+0000][122][info ][safepoint   ] Safepoint "Cleanup", Time since last: 1000947500 ns, Reaching safepoint: 14917 ns, Cleanup: 11667 ns, At safepoint: 3333 ns, Total: 29917 ns
[2025-09-18T06:48:03.359+0000][122][info ][safepoint   ] Safepoint "Cleanup", Time since last: 1000728251 ns, Reaching safepoint: 19583 ns, Cleanup: 12833 ns, At safepoint: 4042 ns, Total: 36458 ns
[2025-09-18T06:48:04.360+0000][122][info ][safepoint   ] Safepoint "Cleanup", Time since last: 1000987042 ns, Reaching safepoint: 69208 ns, Cleanup: 8375 ns, At safepoint: 5209 ns, Total: 82792 ns
[2025-09-18T06:48:05.362+0000][122][info ][safepoint   ] Safepoint "Cleanup", Time since last: 1001006000 ns, Reaching safepoint: 165667 ns, Cleanup: 22750 ns, At safepoint: 6708 ns, Total: 195125 ns
[2025-09-18T06:48:06.363+0000][122][info ][safepoint   ] Safepoint "Cleanup", Time since last: 1000844876 ns, Reaching safepoint: 225500 ns, Cleanup: 97708 ns, At safepoint: 9500 ns, Total: 332708 ns
[2025-09-18T06:48:07.363+0000][122][info ][safepoint   ] Safepoint "Cleanup", Time since last: 1000702875 ns, Reaching safepoint: 39167 ns, Cleanup: 9958 ns, At safepoint: 7000 ns, Total: 56125 ns
[2025-09-18T06:48:08.365+0000][122][info ][safepoint   ] Safepoint "Cleanup", Time since last: 1001217126 ns, Reaching safepoint: 58167 ns, Cleanup: 13541 ns, At safepoint: 6834 ns, Total: 78542 ns
[2025-09-18T06:48:09.367+0000][122][info ][safepoint   ] Safepoint "Cleanup", Time since last: 1001977958 ns, Reaching safepoint: 418459 ns, Cleanup: 94208 ns, At safepoint: 14792 ns, Total: 527459 ns
[2025-09-18T06:48:10.368+0000][122][info ][safepoint   ] Safepoint "Cleanup", Time since last: 1001000000 ns, Reaching safepoint: 37250 ns, Cleanup: 18125 ns, At safepoint: 8709 ns, Total: 64084 ns
[2025-09-18T06:48:11.382+0000][122][info ][safepoint   ] Safepoint "Cleanup", Time since last: 1013651333 ns, Reaching safepoint: 345625 ns, Cleanup: 48709 ns, At safepoint: 32125 ns, Total: 426459 ns
[2025-09-18T06:48:12.384+0000][122][info ][safepoint   ] Safepoint "Cleanup", Time since last: 1001109208 ns, Reaching safepoint: 75459 ns, Cleanup: 62875 ns, At safepoint: 18083 ns, Total: 156417 ns
[2025-09-18T06:48:13.385+0000][122][info ][safepoint   ] Safepoint "Cleanup", Time since last: 1001608667 ns, Reaching safepoint: 68667 ns, Cleanup: 45708 ns, At safepoint: 9792 ns, Total: 124167 ns
[2025-09-18T06:48:14.387+0000][122][info ][safepoint   ] Safepoint "Cleanup", Time since last: 1000907209 ns, Reaching safepoint: 94125 ns, Cleanup: 92458 ns, At safepoint: 13667 ns, Total: 200250 ns
[2025-09-18T06:48:15.388+0000][122][info ][safepoint   ] Safepoint "Cleanup", Time since last: 1001016000 ns, Reaching safepoint: 109292 ns, Cleanup: 87375 ns, At safepoint: 18250 ns, Total: 214917 ns
[2025-09-18T06:48:16.390+0000][122][info ][safepoint   ] Safepoint "Cleanup", Time since last: 1001856917 ns, Reaching safepoint: 90292 ns, Cleanup: 65541 ns, At safepoint: 22167 ns, Total: 178000 ns
[2025-09-18T06:48:19.395+0000][122][info ][safepoint   ] Safepoint "Cleanup", Time since last: 3005055085 ns, Reaching safepoint: 106291 ns, Cleanup: 57584 ns, At safepoint: 17958 ns, Total: 181833 ns
[2025-09-18T06:48:21.398+0000][122][info ][safepoint   ] Safepoint "Cleanup", Time since last: 2003159001 ns, Reaching safepoint: 136667 ns, Cleanup: 70791 ns, At safepoint: 18209 ns, Total: 225667 ns
[2025-09-18T06:48:24.403+0000][122][info ][safepoint   ] Safepoint "Cleanup", Time since last: 3004717418 ns, Reaching safepoint: 122083 ns, Cleanup: 49334 ns, At safepoint: 15708 ns, Total: 187125 ns
[2025-09-18T06:48:25.406+0000][122][info ][safepoint   ] Safepoint "Cleanup", Time since last: 1001973250 ns, Reaching safepoint: 132292 ns, Cleanup: 254917 ns, At safepoint: 26041 ns, Total: 413250 ns
[2025-09-18T06:48:27.407+0000][122][info ][safepoint   ] Safepoint "Cleanup", Time since last: 2002658792 ns, Reaching safepoint: 275292 ns, Cleanup: 70500 ns, At safepoint: 24458 ns, Total: 370250 ns
[2025-09-18T06:48:28.410+0000][122][info ][safepoint   ] Safepoint "Cleanup", Time since last: 1002613084 ns, Reaching safepoint: 32292 ns, Cleanup: 21750 ns, At safepoint: 18375 ns, Total: 72417 ns
[2025-09-18T06:48:29.411+0000][122][info ][safepoint   ] Safepoint "Cleanup", Time since last: 1001068209 ns, Reaching safepoint: 136375 ns, Cleanup: 183833 ns, At safepoint: 24875 ns, Total: 345083 ns
[2025-09-18T06:48:29.650+0000][122][info ][safepoint   ] Safepoint "ICBufferFull", Time since last: 238777125 ns, Reaching safepoint: 11292 ns, Cleanup: 107958 ns, At safepoint: 8083 ns, Total: 127333 ns
[2025-09-18T06:48:31.039+0000][122][info ][safepoint   ] Safepoint "Cleanup", Time since last: 1388920501 ns, Reaching safepoint: 67958 ns, Cleanup: 222584 ns, At safepoint: 20208 ns, Total: 310750 ns
[2025-09-18T06:48:33.042+0000][122][info ][safepoint   ] Safepoint "Cleanup", Time since last: 2002884209 ns, Reaching safepoint: 98542 ns, Cleanup: 101208 ns, At safepoint: 24334 ns, Total: 224084 ns
[2025-09-18T06:48:34.044+0000][122][info ][safepoint   ] Safepoint "Cleanup", Time since last: 1001209458 ns, Reaching safepoint: 34667 ns, Cleanup: 58583 ns, At safepoint: 7417 ns, Total: 100667 ns
[2025-09-18T06:48:35.045+0000][122][info ][safepoint   ] Safepoint "Cleanup", Time since last: 1001183334 ns, Reaching safepoint: 103875 ns, Cleanup: 63833 ns, At safepoint: 13417 ns, Total: 181125 ns
[2025-09-18T06:48:36.047+0000][122][info ][safepoint   ] Safepoint "Cleanup", Time since last: 1001682709 ns, Reaching safepoint: 90541 ns, Cleanup: 30209 ns, At safepoint: 10583 ns, Total: 131333 ns
[2025-09-18T06:48:37.048+0000][122][info ][safepoint   ] Safepoint "Cleanup", Time since last: 1000685709 ns, Reaching safepoint: 140083 ns, Cleanup: 20834 ns, At safepoint: 7291 ns, Total: 168208 ns
[2025-09-18T06:48:38.051+0000][122][info ][safepoint   ] Safepoint "Cleanup", Time since last: 1002943126 ns, Reaching safepoint: 138750 ns, Cleanup: 26708 ns, At safepoint: 7625 ns, Total: 173083 ns
[2025-09-18T06:48:39.053+0000][122][info ][safepoint   ] Safepoint "Cleanup", Time since last: 1001959584 ns, Reaching safepoint: 49292 ns, Cleanup: 82958 ns, At safepoint: 7333 ns, Total: 139583 ns
[2025-09-18T06:48:42.056+0000][122][info ][safepoint   ] Safepoint "Cleanup", Time since last: 3002480210 ns, Reaching safepoint: 461750 ns, Cleanup: 24333 ns, At safepoint: 7584 ns, Total: 493667 ns
[2025-09-18T06:48:44.059+0000][122][info ][safepoint   ] Safepoint "Cleanup", Time since last: 2002834376 ns, Reaching safepoint: 53500 ns, Cleanup: 70791 ns, At safepoint: 13917 ns, Total: 138208 ns
[2025-09-18T06:48:45.060+0000][122][info ][safepoint   ] Safepoint "Cleanup", Time since last: 1001221500 ns, Reaching safepoint: 173042 ns, Cleanup: 90125 ns, At safepoint: 22542 ns, Total: 285709 ns
[2025-09-18T06:48:46.061+0000][122][info ][safepoint   ] Safepoint "Cleanup", Time since last: 1000636750 ns, Reaching safepoint: 88334 ns, Cleanup: 40416 ns, At safepoint: 23625 ns, Total: 152375 ns
[2025-09-18T06:48:48.063+0000][122][info ][safepoint   ] Safepoint "Cleanup", Time since last: 2001960960 ns, Reaching safepoint: 122125 ns, Cleanup: 57333 ns, At safepoint: 24333 ns, Total: 203791 ns
[2025-09-18T06:48:49.065+0000][122][info ][safepoint   ] Safepoint "Cleanup", Time since last: 1001426751 ns, Reaching safepoint: 82875 ns, Cleanup: 43958 ns, At safepoint: 12792 ns, Total: 139625 ns
[2025-09-18T06:48:50.066+0000][122][info ][safepoint   ] Safepoint "Cleanup", Time since last: 1000806667 ns, Reaching safepoint: 106041 ns, Cleanup: 60000 ns, At safepoint: 15167 ns, Total: 181208 ns
[2025-09-18T06:48:51.067+0000][122][info ][safepoint   ] Safepoint "Cleanup", Time since last: 1000854501 ns, Reaching safepoint: 126833 ns, Cleanup: 173208 ns, At safepoint: 21750 ns, Total: 321791 ns
[2025-09-18T06:48:54.071+0000][122][info ][safepoint   ] Safepoint "Cleanup", Time since last: 3003673543 ns, Reaching safepoint: 196250 ns, Cleanup: 86542 ns, At safepoint: 23750 ns, Total: 306542 ns
[2025-09-18T06:48:55.073+0000][122][info ][safepoint   ] Safepoint "Cleanup", Time since last: 1001766667 ns, Reaching safepoint: 107792 ns, Cleanup: 104333 ns, At safepoint: 36250 ns, Total: 248375 ns
[2025-09-18T06:48:57.459+0000][122][info ][safepoint   ] Safepoint "Cleanup", Time since last: 2387514959 ns, Reaching safepoint: 67292 ns, Cleanup: 73166 ns, At safepoint: 17084 ns, Total: 157542 ns
[2025-09-18T06:48:59.462+0000][122][info ][safepoint   ] Safepoint "Cleanup", Time since last: 2002239042 ns, Reaching safepoint: 356000 ns, Cleanup: 57000 ns, At safepoint: 27459 ns, Total: 440459 ns
[2025-09-18T06:49:00.463+0000][122][info ][safepoint   ] Safepoint "Cleanup", Time since last: 1000730750 ns, Reaching safepoint: 68833 ns, Cleanup: 67875 ns, At safepoint: 25167 ns, Total: 161875 ns
[2025-09-18T06:49:01.465+0000][122][info ][safepoint   ] Safepoint "Cleanup", Time since last: 1001626751 ns, Reaching safepoint: 96791 ns, Cleanup: 41667 ns, At safepoint: 26583 ns, Total: 165041 ns
[2025-09-18T06:49:04.468+0000][122][info ][safepoint   ] Safepoint "Cleanup", Time since last: 3003599835 ns, Reaching safepoint: 112917 ns, Cleanup: 64625 ns, At safepoint: 22791 ns, Total: 200333 ns
[2025-09-18T06:49:05.470+0000][122][info ][safepoint   ] Safepoint "Cleanup", Time since last: 1001782459 ns, Reaching safepoint: 95750 ns, Cleanup: 49167 ns, At safepoint: 15958 ns, Total: 160875 ns
[2025-09-18T06:49:06.472+0000][122][info ][safepoint   ] Safepoint "Cleanup", Time since last: 1001115626 ns, Reaching safepoint: 89541 ns, Cleanup: 81542 ns, At safepoint: 19125 ns, Total: 190208 ns
[2025-09-18T06:49:08.475+0000][122][info ][safepoint   ] Safepoint "Cleanup", Time since last: 2003183709 ns, Reaching safepoint: 93875 ns, Cleanup: 48042 ns, At safepoint: 16500 ns, Total: 158417 ns
[2025-09-18T06:49:09.477+0000][122][info ][safepoint   ] Safepoint "Cleanup", Time since last: 1001609125 ns, Reaching safepoint: 147625 ns, Cleanup: 142500 ns, At safepoint: 16834 ns, Total: 306959 ns
[2025-09-18T06:49:10.478+0000][122][info ][safepoint   ] Safepoint "Cleanup", Time since last: 1001353167 ns, Reaching safepoint: 85125 ns, Cleanup: 47542 ns, At safepoint: 16666 ns, Total: 149333 ns
[2025-09-18T06:49:11.480+0000][122][info ][safepoint   ] Safepoint "Cleanup", Time since last: 1001071376 ns, Reaching safepoint: 72625 ns, Cleanup: 34125 ns, At safepoint: 13458 ns, Total: 120208 ns
[2025-09-18T06:49:12.482+0000][122][info ][safepoint   ] Safepoint "Cleanup", Time since last: 1002007876 ns, Reaching safepoint: 35791 ns, Cleanup: 63417 ns, At safepoint: 11083 ns, Total: 110291 ns
[2025-09-18T06:49:13.488+0000][122][info ][safepoint   ] Safepoint "Cleanup", Time since last: 1006186292 ns, Reaching safepoint: 24417 ns, Cleanup: 29542 ns, At safepoint: 250458 ns, Total: 304417 ns
[2025-09-18T06:49:14.491+0000][122][info ][safepoint   ] Safepoint "Cleanup", Time since last: 1002470667 ns, Reaching safepoint: 49667 ns, Cleanup: 85750 ns, At safepoint: 16666 ns, Total: 152083 ns
[2025-09-18T06:49:15.493+0000][122][info ][safepoint   ] Safepoint "Cleanup", Time since last: 1001767084 ns, Reaching safepoint: 204750 ns, Cleanup: 119959 ns, At safepoint: 29625 ns, Total: 354334 ns
[2025-09-18T06:49:16.494+0000][122][info ][safepoint   ] Safepoint "Cleanup", Time since last: 1001277500 ns, Reaching safepoint: 33833 ns, Cleanup: 24875 ns, At safepoint: 14834 ns, Total: 73542 ns
[2025-09-18T06:49:18.497+0000][122][info ][safepoint   ] Safepoint "Cleanup", Time since last: 2002941084 ns, Reaching safepoint: 44083 ns, Cleanup: 24584 ns, At safepoint: 10250 ns, Total: 78917 ns
[2025-09-18T06:49:19.498+0000][122][info ][safepoint   ] Safepoint "Cleanup", Time since last: 1000818584 ns, Reaching safepoint: 96333 ns, Cleanup: 93917 ns, At safepoint: 22708 ns, Total: 212958 ns
[2025-09-18T06:49:21.500+0000][122][info ][safepoint   ] Safepoint "Cleanup", Time since last: 2001858042 ns, Reaching safepoint: 106250 ns, Cleanup: 92500 ns, At safepoint: 22417 ns, Total: 221167 ns
[2025-09-18T06:49:23.502+0000][122][info ][safepoint   ] Safepoint "Cleanup", Time since last: 2001856834 ns, Reaching safepoint: 42917 ns, Cleanup: 31083 ns, At safepoint: 10042 ns, Total: 84042 ns
[2025-09-18T06:49:24.504+0000][122][info ][safepoint   ] Safepoint "Cleanup", Time since last: 1001112042 ns, Reaching safepoint: 103000 ns, Cleanup: 64292 ns, At safepoint: 68792 ns, Total: 236084 ns
[2025-09-18T06:49:25.506+0000][122][info ][safepoint   ] Safepoint "Cleanup", Time since last: 1001732542 ns, Reaching safepoint: 79041 ns, Cleanup: 154417 ns, At safepoint: 30333 ns, Total: 263791 ns
[2025-09-18T06:49:26.507+0000][122][info ][safepoint   ] Safepoint "Cleanup", Time since last: 1001576792 ns, Reaching safepoint: 931375 ns, Cleanup: 33625 ns, At safepoint: 38625 ns, Total: 1003625 ns
[2025-09-18T06:49:27.508+0000][122][info ][safepoint   ] Safepoint "Cleanup", Time since last: 1000880000 ns, Reaching safepoint: 71584 ns, Cleanup: 23208 ns, At safepoint: 20875 ns, Total: 115667 ns
[2025-09-18T06:49:28.509+0000][122][info ][safepoint   ] Safepoint "Cleanup", Time since last: 1000786626 ns, Reaching safepoint: 90291 ns, Cleanup: 20875 ns, At safepoint: 9834 ns, Total: 121000 ns
[2025-09-18T06:49:29.511+0000][122][info ][safepoint   ] Safepoint "Cleanup", Time since last: 1000903958 ns, Reaching safepoint: 1183334 ns, Cleanup: 14750 ns, At safepoint: 34875 ns, Total: 1232959 ns
[2025-09-18T06:49:30.512+0000][122][info ][safepoint   ] Safepoint "Cleanup", Time since last: 1000815625 ns, Reaching safepoint: 80125 ns, Cleanup: 67667 ns, At safepoint: 28291 ns, Total: 176083 ns
[2025-09-18T06:49:31.513+0000][122][info ][safepoint   ] Safepoint "Cleanup", Time since last: 1001249584 ns, Reaching safepoint: 137334 ns, Cleanup: 77416 ns, At safepoint: 19834 ns, Total: 234584 ns
[2025-09-18T06:49:32.516+0000][122][info ][safepoint   ] Safepoint "Cleanup", Time since last: 1001281333 ns, Reaching safepoint: 1146834 ns, Cleanup: 16250 ns, At safepoint: 36000 ns, Total: 1199084 ns
[2025-09-18T06:49:33.522+0000][122][info ][safepoint   ] Safepoint "ICBufferFull", Time since last: 1005619500 ns, Reaching safepoint: 35167 ns, Cleanup: 268792 ns, At safepoint: 26250 ns, Total: 330209 ns
[2025-09-18T06:49:34.523+0000][122][info ][safepoint   ] Safepoint "Cleanup", Time since last: 1001509667 ns, Reaching safepoint: 44166 ns, Cleanup: 23459 ns, At safepoint: 10000 ns, Total: 77625 ns
[2025-09-18T06:49:35.525+0000][122][info ][safepoint   ] Safepoint "Cleanup", Time since last: 1001251584 ns, Reaching safepoint: 16250 ns, Cleanup: 38791 ns, At safepoint: 16459 ns, Total: 71500 ns
[2025-09-18T06:49:36.527+0000][122][info ][safepoint   ] Safepoint "Cleanup", Time since last: 1001747542 ns, Reaching safepoint: 78500 ns, Cleanup: 54083 ns, At safepoint: 12792 ns, Total: 145375 ns
[2025-09-18T06:49:37.528+0000][122][info ][safepoint   ] Safepoint "Cleanup", Time since last: 1001359500 ns, Reaching safepoint: 58375 ns, Cleanup: 32875 ns, At safepoint: 9750 ns, Total: 101000 ns
[2025-09-18T06:49:38.530+0000][122][info ][safepoint   ] Safepoint "Cleanup", Time since last: 1001733459 ns, Reaching safepoint: 12083 ns, Cleanup: 13292 ns, At safepoint: 6667 ns, Total: 32042 ns
[2025-09-18T06:49:39.531+0000][122][info ][safepoint   ] Safepoint "Cleanup", Time since last: 1001193417 ns, Reaching safepoint: 16333 ns, Cleanup: 11333 ns, At safepoint: 5459 ns, Total: 33125 ns
[2025-09-18T06:49:40.532+0000][122][info ][safepoint   ] Safepoint "Cleanup", Time since last: 1000704250 ns, Reaching safepoint: 70667 ns, Cleanup: 87625 ns, At safepoint: 17333 ns, Total: 175625 ns
[2025-09-18T06:49:41.533+0000][122][info ][safepoint   ] Safepoint "Cleanup", Time since last: 1000657459 ns, Reaching safepoint: 20542 ns, Cleanup: 12625 ns, At safepoint: 6833 ns, Total: 40000 ns
[2025-09-18T06:49:42.534+0000][122][info ][safepoint   ] Safepoint "Cleanup", Time since last: 1001205376 ns, Reaching safepoint: 65541 ns, Cleanup: 31167 ns, At safepoint: 10667 ns, Total: 107375 ns
[2025-09-18T06:49:43.536+0000][122][info ][safepoint   ] Safepoint "Cleanup", Time since last: 1001186167 ns, Reaching safepoint: 264666 ns, Cleanup: 17959 ns, At safepoint: 14916 ns, Total: 297541 ns
[2025-09-18T06:49:44.537+0000][122][info ][safepoint   ] Safepoint "Cleanup", Time since last: 1001402209 ns, Reaching safepoint: 26333 ns, Cleanup: 13042 ns, At safepoint: 11042 ns, Total: 50417 ns
[2025-09-18T06:49:45.539+0000][122][info ][safepoint   ] Safepoint "Cleanup", Time since last: 1001290417 ns, Reaching safepoint: 98333 ns, Cleanup: 143542 ns, At safepoint: 21667 ns, Total: 263542 ns
[2025-09-18T06:49:47.541+0000][122][info ][safepoint   ] Safepoint "Cleanup", Time since last: 2002545709 ns, Reaching safepoint: 57458 ns, Cleanup: 55042 ns, At safepoint: 12875 ns, Total: 125375 ns
[2025-09-18T06:49:48.542+0000][122][info ][safepoint   ] Safepoint "Cleanup", Time since last: 1001249292 ns, Reaching safepoint: 21958 ns, Cleanup: 13084 ns, At safepoint: 6875 ns, Total: 41917 ns
[2025-09-18T06:49:49.543+0000][122][info ][safepoint   ] Safepoint "Cleanup", Time since last: 1000457542 ns, Reaching safepoint: 86333 ns, Cleanup: 35334 ns, At safepoint: 11916 ns, Total: 133583 ns
[2025-09-18T06:49:50.544+0000][122][info ][safepoint   ] Safepoint "Cleanup", Time since last: 1001086251 ns, Reaching safepoint: 12000 ns, Cleanup: 10000 ns, At safepoint: 5750 ns, Total: 27750 ns
[2025-09-18T06:49:53.546+0000][122][info ][safepoint   ] Safepoint "Cleanup", Time since last: 3002234959 ns, Reaching safepoint: 14417 ns, Cleanup: 8708 ns, At safepoint: 4084 ns, Total: 27209 ns
[2025-09-18T06:49:54.548+0000][122][info ][safepoint   ] Safepoint "Cleanup", Time since last: 1001525417 ns, Reaching safepoint: 104875 ns, Cleanup: 37792 ns, At safepoint: 13458 ns, Total: 156125 ns
[2025-09-18T06:49:55.551+0000][122][info ][safepoint   ] Safepoint "Cleanup", Time since last: 1001704125 ns, Reaching safepoint: 472334 ns, Cleanup: 219875 ns, At safepoint: 31500 ns, Total: 723709 ns
[2025-09-18T06:49:56.646+0000][122][info ][safepoint   ] Safepoint "Cleanup", Time since last: 1096202625 ns, Reaching safepoint: 64167 ns, Cleanup: 33083 ns, At safepoint: 10167 ns, Total: 107417 ns
[2025-09-18T06:49:58.648+0000][122][info ][safepoint   ] Safepoint "Cleanup", Time since last: 2002059501 ns, Reaching safepoint: 23333 ns, Cleanup: 21708 ns, At safepoint: 12125 ns, Total: 57166 ns
[2025-09-18T06:49:59.649+0000][122][info ][safepoint   ] Safepoint "Cleanup", Time since last: 1001351417 ns, Reaching safepoint: 78625 ns, Cleanup: 47667 ns, At safepoint: 27708 ns, Total: 154000 ns
[2025-09-18T06:50:00.651+0000][122][info ][safepoint   ] Safepoint "Cleanup", Time since last: 1001660209 ns, Reaching safepoint: 118959 ns, Cleanup: 50958 ns, At safepoint: 46042 ns, Total: 215959 ns
[2025-09-18T06:50:02.653+0000][122][info ][safepoint   ] Safepoint "Cleanup", Time since last: 2001813250 ns, Reaching safepoint: 19334 ns, Cleanup: 17166 ns, At safepoint: 6834 ns, Total: 43334 ns
[2025-09-18T06:50:03.655+0000][122][info ][safepoint   ] Safepoint "Cleanup", Time since last: 1001509959 ns, Reaching safepoint: 37291 ns, Cleanup: 54250 ns, At safepoint: 17417 ns, Total: 108958 ns
[2025-09-18T06:50:04.656+0000][122][info ][safepoint   ] Safepoint "Cleanup", Time since last: 1001032000 ns, Reaching safepoint: 98459 ns, Cleanup: 43291 ns, At safepoint: 17209 ns, Total: 158959 ns
[2025-09-18T06:50:05.657+0000][122][info ][safepoint   ] Safepoint "Cleanup", Time since last: 1000944959 ns, Reaching safepoint: 73541 ns, Cleanup: 94459 ns, At safepoint: 33500 ns, Total: 201500 ns
[2025-09-18T06:50:06.659+0000][122][info ][safepoint   ] Safepoint "Cleanup", Time since last: 1001728750 ns, Reaching safepoint: 106083 ns, Cleanup: 97209 ns, At safepoint: 26000 ns, Total: 229292 ns
[2025-09-18T06:50:08.662+0000][122][info ][safepoint   ] Safepoint "Cleanup", Time since last: 2002549584 ns, Reaching safepoint: 13167 ns, Cleanup: 42083 ns, At safepoint: 9167 ns, Total: 64417 ns
[2025-09-18T06:50:09.663+0000][122][info ][safepoint   ] Safepoint "Cleanup", Time since last: 1001225750 ns, Reaching safepoint: 98958 ns, Cleanup: 55709 ns, At safepoint: 44875 ns, Total: 199542 ns
[2025-09-18T06:50:10.664+0000][122][info ][safepoint   ] Safepoint "Cleanup", Time since last: 1000993500 ns, Reaching safepoint: 100834 ns, Cleanup: 46000 ns, At safepoint: 21791 ns, Total: 168625 ns
[2025-09-18T06:50:11.666+0000][122][info ][safepoint   ] Safepoint "Cleanup", Time since last: 1002022459 ns, Reaching safepoint: 75750 ns, Cleanup: 51167 ns, At safepoint: 15916 ns, Total: 142833 ns
[2025-09-18T06:50:12.667+0000][122][info ][safepoint   ] Safepoint "Cleanup", Time since last: 1000770418 ns, Reaching safepoint: 85875 ns, Cleanup: 41333 ns, At safepoint: 16292 ns, Total: 143500 ns
[2025-09-18T06:50:13.669+0000][122][info ][safepoint   ] Safepoint "Cleanup", Time since last: 1001471417 ns, Reaching safepoint: 17833 ns, Cleanup: 22250 ns, At safepoint: 39833 ns, Total: 79916 ns
[2025-09-18T06:50:14.723+0000][122][info ][safepoint   ] Safepoint "Cleanup", Time since last: 1054273001 ns, Reaching safepoint: 17667 ns, Cleanup: 37833 ns, At safepoint: 29833 ns, Total: 85333 ns
[2025-09-18T06:50:15.725+0000][122][info ][safepoint   ] Safepoint "Cleanup", Time since last: 1001833542 ns, Reaching safepoint: 55417 ns, Cleanup: 200500 ns, At safepoint: 24000 ns, Total: 279917 ns
[2025-09-18T06:50:17.729+0000][122][info ][safepoint   ] Safepoint "Cleanup", Time since last: 2003705209 ns, Reaching safepoint: 158375 ns, Cleanup: 68750 ns, At safepoint: 38125 ns, Total: 265250 ns
[2025-09-18T06:50:18.731+0000][122][info ][safepoint   ] Safepoint "Cleanup", Time since last: 1001413751 ns, Reaching safepoint: 95375 ns, Cleanup: 111125 ns, At safepoint: 21000 ns, Total: 227500 ns
[2025-09-18T06:50:20.734+0000][122][info ][safepoint   ] Safepoint "Cleanup", Time since last: 2003013334 ns, Reaching safepoint: 67500 ns, Cleanup: 25667 ns, At safepoint: 9958 ns, Total: 103125 ns
[2025-09-18T06:50:23.737+0000][122][info ][safepoint   ] Safepoint "Cleanup", Time since last: 3002969418 ns, Reaching safepoint: 18375 ns, Cleanup: 46917 ns, At safepoint: 5458 ns, Total: 70750 ns
[2025-09-18T06:50:24.739+0000][122][info ][safepoint   ] Safepoint "Cleanup", Time since last: 1001900501 ns, Reaching safepoint: 18208 ns, Cleanup: 73625 ns, At safepoint: 8167 ns, Total: 100000 ns
[2025-09-18T06:50:25.740+0000][122][info ][safepoint   ] Safepoint "Cleanup", Time since last: 1000592083 ns, Reaching safepoint: 95042 ns, Cleanup: 47708 ns, At safepoint: 22334 ns, Total: 165084 ns
[2025-09-18T06:50:26.739+0000][122][info ][safepoint   ] Safepoint "Cleanup", Time since last: 1000923874 ns, Reaching safepoint: 66709 ns, Cleanup: 37125 ns, At safepoint: 10625 ns, Total: 114459 ns
[2025-09-18T06:50:28.741+0000][122][info ][safepoint   ] Safepoint "Cleanup", Time since last: 2001938126 ns, Reaching safepoint: 22666 ns, Cleanup: 23084 ns, At safepoint: 10958 ns, Total: 56708 ns
[2025-09-18T06:50:30.744+0000][122][info ][safepoint   ] Safepoint "Cleanup", Time since last: 2001889709 ns, Reaching safepoint: 104959 ns, Cleanup: 62500 ns, At safepoint: 35333 ns, Total: 202792 ns
[2025-09-18T06:50:32.747+0000][122][info ][safepoint   ] Safepoint "Cleanup", Time since last: 2002771501 ns, Reaching safepoint: 90667 ns, Cleanup: 133583 ns, At safepoint: 17500 ns, Total: 241750 ns
[2025-09-18T06:50:33.748+0000][122][info ][safepoint   ] Safepoint "Cleanup", Time since last: 1001039292 ns, Reaching safepoint: 103667 ns, Cleanup: 143500 ns, At safepoint: 14583 ns, Total: 261750 ns
[2025-09-18T06:50:35.553+0000][122][info ][safepoint   ] Safepoint "Cleanup", Time since last: 1804943543 ns, Reaching safepoint: 6041 ns, Cleanup: 38250 ns, At safepoint: 6459 ns, Total: 50750 ns
[2025-09-18T06:50:37.380+0000][122][info ][safepoint   ] Safepoint "Cleanup", Time since last: 1826984084 ns, Reaching safepoint: 151291 ns, Cleanup: 75792 ns, At safepoint: 12958 ns, Total: 240041 ns
[2025-09-18T06:50:38.382+0000][122][info ][safepoint   ] Safepoint "Cleanup", Time since last: 1001649293 ns, Reaching safepoint: 70375 ns, Cleanup: 43250 ns, At safepoint: 14625 ns, Total: 128250 ns
[2025-09-18T06:50:39.384+0000][122][info ][safepoint   ] Safepoint "Cleanup", Time since last: 1001593208 ns, Reaching safepoint: 86750 ns, Cleanup: 89667 ns, At safepoint: 18000 ns, Total: 194417 ns
[2025-09-18T06:50:40.385+0000][122][info ][safepoint   ] Safepoint "Cleanup", Time since last: 1001024084 ns, Reaching safepoint: 38042 ns, Cleanup: 19083 ns, At safepoint: 8333 ns, Total: 65458 ns
[2025-09-18T06:50:41.385+0000][122][info ][safepoint   ] Safepoint "Cleanup", Time since last: 1000555042 ns, Reaching safepoint: 74917 ns, Cleanup: 40167 ns, At safepoint: 22791 ns, Total: 137875 ns
[2025-09-18T06:50:42.387+0000][122][info ][safepoint   ] Safepoint "Cleanup", Time since last: 1000949084 ns, Reaching safepoint: 39875 ns, Cleanup: 47625 ns, At safepoint: 9750 ns, Total: 97250 ns
[2025-09-18T06:50:44.388+0000][122][info ][safepoint   ] Safepoint "Cleanup", Time since last: 2001896376 ns, Reaching safepoint: 51750 ns, Cleanup: 27958 ns, At safepoint: 11000 ns, Total: 90708 ns
[2025-09-18T06:50:45.390+0000][122][info ][safepoint   ] Safepoint "Cleanup", Time since last: 1001472876 ns, Reaching safepoint: 101458 ns, Cleanup: 104042 ns, At safepoint: 19167 ns, Total: 224667 ns
[2025-09-18T06:50:48.394+0000][122][info ][safepoint   ] Safepoint "Cleanup", Time since last: 3003725876 ns, Reaching safepoint: 98042 ns, Cleanup: 32291 ns, At safepoint: 8500 ns, Total: 138833 ns
[2025-09-18T06:50:49.396+0000][122][info ][safepoint   ] Safepoint "Cleanup", Time since last: 1001390042 ns, Reaching safepoint: 94959 ns, Cleanup: 69541 ns, At safepoint: 18750 ns, Total: 183250 ns
[2025-09-18T06:50:51.399+0000][122][info ][safepoint   ] Safepoint "Cleanup", Time since last: 2003477335 ns, Reaching safepoint: 112708 ns, Cleanup: 67833 ns, At safepoint: 22417 ns, Total: 202958 ns
[2025-09-18T06:50:53.403+0000][122][info ][safepoint   ] Safepoint "Cleanup", Time since last: 2003841709 ns, Reaching safepoint: 16250 ns, Cleanup: 18417 ns, At safepoint: 6375 ns, Total: 41042 ns
[2025-09-18T06:50:54.405+0000][122][info ][safepoint   ] Safepoint "Cleanup", Time since last: 1001126834 ns, Reaching safepoint: 119958 ns, Cleanup: 80167 ns, At safepoint: 27917 ns, Total: 228042 ns
[2025-09-18T06:50:55.405+0000][122][info ][safepoint   ] Safepoint "Cleanup", Time since last: 1000725333 ns, Reaching safepoint: 46959 ns, Cleanup: 35708 ns, At safepoint: 20458 ns, Total: 103125 ns
[2025-09-18T06:50:59.846+0000][122][info ][safepoint   ] Safepoint "Cleanup", Time since last: 4441205918 ns, Reaching safepoint: 121834 ns, Cleanup: 121541 ns, At safepoint: 28084 ns, Total: 271459 ns
[2025-09-18T06:51:00.847+0000][122][info ][safepoint   ] Safepoint "Cleanup", Time since last: 1001569542 ns, Reaching safepoint: 112708 ns, Cleanup: 78625 ns, At safepoint: 19167 ns, Total: 210500 ns
[2025-09-18T06:51:02.849+0000][122][info ][safepoint   ] Safepoint "Cleanup", Time since last: 2001653584 ns, Reaching safepoint: 49542 ns, Cleanup: 25542 ns, At safepoint: 8500 ns, Total: 83584 ns
[2025-09-18T06:51:03.851+0000][122][info ][safepoint   ] Safepoint "Cleanup", Time since last: 1001430958 ns, Reaching safepoint: 51000 ns, Cleanup: 45667 ns, At safepoint: 10333 ns, Total: 107000 ns
[2025-09-18T06:51:05.853+0000][122][info ][safepoint   ] Safepoint "Cleanup", Time since last: 2001829460 ns, Reaching safepoint: 85208 ns, Cleanup: 56542 ns, At safepoint: 19875 ns, Total: 161625 ns
[2025-09-18T06:51:06.855+0000][122][info ][safepoint   ] Safepoint "Cleanup", Time since last: 1001804292 ns, Reaching safepoint: 26250 ns, Cleanup: 88833 ns, At safepoint: 21875 ns, Total: 136958 ns
[2025-09-18T06:51:07.855+0000][122][info ][safepoint   ] Safepoint "Cleanup", Time since last: 1000583626 ns, Reaching safepoint: 34791 ns, Cleanup: 27584 ns, At safepoint: 12375 ns, Total: 74750 ns
[2025-09-18T06:51:08.856+0000][122][info ][safepoint   ] Safepoint "Cleanup", Time since last: 1000888542 ns, Reaching safepoint: 33875 ns, Cleanup: 67041 ns, At safepoint: 9167 ns, Total: 110083 ns
[2025-09-18T06:51:09.857+0000][122][info ][safepoint   ] Safepoint "Cleanup", Time since last: 1000975292 ns, Reaching safepoint: 27834 ns, Cleanup: 25541 ns, At safepoint: 7167 ns, Total: 60542 ns
[2025-09-18T06:51:10.858+0000][122][info ][safepoint   ] Safepoint "Cleanup", Time since last: 1000899709 ns, Reaching safepoint: 63458 ns, Cleanup: 19500 ns, At safepoint: 12417 ns, Total: 95375 ns
[2025-09-18T06:51:11.859+0000][122][info ][safepoint   ] Safepoint "Cleanup", Time since last: 1000661375 ns, Reaching safepoint: 18959 ns, Cleanup: 20750 ns, At safepoint: 6375 ns, Total: 46084 ns
[2025-09-18T06:51:12.860+0000][122][info ][safepoint   ] Safepoint "Cleanup", Time since last: 1001237417 ns, Reaching safepoint: 24083 ns, Cleanup: 31458 ns, At safepoint: 7709 ns, Total: 63250 ns
[2025-09-18T06:51:13.861+0000][122][info ][safepoint   ] Safepoint "Cleanup", Time since last: 1000909625 ns, Reaching safepoint: 165625 ns, Cleanup: 79583 ns, At safepoint: 10500 ns, Total: 255708 ns
[2025-09-18T06:51:14.863+0000][122][info ][safepoint   ] Safepoint "Cleanup", Time since last: 1001112376 ns, Reaching safepoint: 144083 ns, Cleanup: 75459 ns, At safepoint: 12625 ns, Total: 232167 ns
[2025-09-18T06:51:15.865+0000][122][info ][safepoint   ] Safepoint "Cleanup", Time since last: 1001684000 ns, Reaching safepoint: 72917 ns, Cleanup: 28458 ns, At safepoint: 14917 ns, Total: 116292 ns
[2025-09-18T06:51:18.873+0000][122][info ][safepoint   ] Safepoint "Cleanup", Time since last: 3008567251 ns, Reaching safepoint: 89959 ns, Cleanup: 49958 ns, At safepoint: 10708 ns, Total: 150625 ns
[2025-09-18T06:51:19.880+0000][122][info ][safepoint   ] Safepoint "Cleanup", Time since last: 1006384084 ns, Reaching safepoint: 11500 ns, Cleanup: 196333 ns, At safepoint: 24167 ns, Total: 232000 ns
[2025-09-18T06:51:20.881+0000][122][info ][safepoint   ] Safepoint "Cleanup", Time since last: 1001137959 ns, Reaching safepoint: 44167 ns, Cleanup: 76666 ns, At safepoint: 11625 ns, Total: 132458 ns
[2025-09-18T06:51:23.884+0000][122][info ][safepoint   ] Safepoint "Cleanup", Time since last: 3002768168 ns, Reaching safepoint: 27834 ns, Cleanup: 96500 ns, At safepoint: 23375 ns, Total: 147709 ns
[2025-09-18T06:51:24.885+0000][122][info ][safepoint   ] Safepoint "Cleanup", Time since last: 1001207500 ns, Reaching safepoint: 38000 ns, Cleanup: 84375 ns, At safepoint: 8583 ns, Total: 130958 ns
[2025-09-18T06:51:25.886+0000][122][info ][safepoint   ] Safepoint "Cleanup", Time since last: 1000645126 ns, Reaching safepoint: 63208 ns, Cleanup: 32459 ns, At safepoint: 10666 ns, Total: 106333 ns
[2025-09-18T06:51:27.503+0000][122][info ][safepoint   ] Safepoint "Cleanup", Time since last: 1618264084 ns, Reaching safepoint: 10125 ns, Cleanup: 155833 ns, At safepoint: 18459 ns, Total: 184417 ns
[2025-09-18T06:51:28.533+0000][122][info ][safepoint   ] Safepoint "Cleanup", Time since last: 1030084459 ns, Reaching safepoint: 41666 ns, Cleanup: 44000 ns, At safepoint: 28042 ns, Total: 113708 ns
[2025-09-18T06:51:29.975+0000][122][info ][safepoint   ] Safepoint "Cleanup", Time since last: 1441464084 ns, Reaching safepoint: 34125 ns, Cleanup: 122958 ns, At safepoint: 39417 ns, Total: 196500 ns
[2025-09-18T06:51:30.976+0000][122][info ][safepoint   ] Safepoint "Cleanup", Time since last: 1001166875 ns, Reaching safepoint: 38542 ns, Cleanup: 35750 ns, At safepoint: 6750 ns, Total: 81042 ns
[2025-09-18T06:51:32.980+0000][122][info ][safepoint   ] Safepoint "Cleanup", Time since last: 2003468459 ns, Reaching safepoint: 64667 ns, Cleanup: 55167 ns, At safepoint: 14166 ns, Total: 134000 ns
[2025-09-18T06:51:33.981+0000][122][info ][safepoint   ] Safepoint "Cleanup", Time since last: 1000683501 ns, Reaching safepoint: 39583 ns, Cleanup: 46500 ns, At safepoint: 13833 ns, Total: 99916 ns
[2025-09-18T06:51:35.989+0000][122][info ][safepoint   ] Safepoint "Cleanup", Time since last: 2007752626 ns, Reaching safepoint: 76917 ns, Cleanup: 41792 ns, At safepoint: 37791 ns, Total: 156500 ns
[2025-09-18T06:51:36.990+0000][122][info ][safepoint   ] Safepoint "Cleanup", Time since last: 1000945626 ns, Reaching safepoint: 50500 ns, Cleanup: 51333 ns, At safepoint: 29584 ns, Total: 131417 ns
[2025-09-18T06:51:37.992+0000][122][info ][safepoint   ] Safepoint "Cleanup", Time since last: 1002083167 ns, Reaching safepoint: 126291 ns, Cleanup: 44042 ns, At safepoint: 18208 ns, Total: 188541 ns
[2025-09-18T06:51:39.586+0000][122][info ][safepoint   ] Safepoint "Cleanup", Time since last: 1594104751 ns, Reaching safepoint: 14875 ns, Cleanup: 84958 ns, At safepoint: 8334 ns, Total: 108167 ns
[2025-09-18T06:51:40.643+0000][122][info ][safepoint   ] Safepoint "Cleanup", Time since last: 1056836667 ns, Reaching safepoint: 18958 ns, Cleanup: 188000 ns, At safepoint: 28334 ns, Total: 235292 ns
[2025-09-18T06:51:41.648+0000][122][info ][safepoint   ] Safepoint "Cleanup", Time since last: 1004424917 ns, Reaching safepoint: 367708 ns, Cleanup: 46875 ns, At safepoint: 13958 ns, Total: 428541 ns
[2025-09-18T06:51:42.650+0000][122][info ][safepoint   ] Safepoint "Cleanup", Time since last: 1001397376 ns, Reaching safepoint: 39875 ns, Cleanup: 23875 ns, At safepoint: 10042 ns, Total: 73792 ns
[2025-09-18T06:51:43.651+0000][122][info ][safepoint   ] Safepoint "Cleanup", Time since last: 1001064250 ns, Reaching safepoint: 53792 ns, Cleanup: 41875 ns, At safepoint: 10791 ns, Total: 106458 ns
[2025-09-18T06:51:44.652+0000][122][info ][safepoint   ] Safepoint "Cleanup", Time since last: 1000890626 ns, Reaching safepoint: 74917 ns, Cleanup: 32583 ns, At safepoint: 13750 ns, Total: 121250 ns
[2025-09-18T06:51:45.655+0000][122][info ][safepoint   ] Safepoint "Cleanup", Time since last: 1003165500 ns, Reaching safepoint: 72709 ns, Cleanup: 59208 ns, At safepoint: 14750 ns, Total: 146667 ns
[2025-09-18T06:51:46.658+0000][122][info ][safepoint   ] Safepoint "Cleanup", Time since last: 1002365667 ns, Reaching safepoint: 59583 ns, Cleanup: 38042 ns, At safepoint: 10333 ns, Total: 107958 ns
[2025-09-18T06:51:47.659+0000][122][info ][safepoint   ] Safepoint "Cleanup", Time since last: 1001415001 ns, Reaching safepoint: 66708 ns, Cleanup: 44250 ns, At safepoint: 11917 ns, Total: 122875 ns
[2025-09-18T06:51:48.662+0000][122][info ][safepoint   ] Safepoint "Cleanup", Time since last: 1002401292 ns, Reaching safepoint: 54958 ns, Cleanup: 21167 ns, At safepoint: 12083 ns, Total: 88208 ns
[2025-09-18T06:51:50.528+0000][122][info ][gc,start    ] GC(20) Pause Young (Prepare Mixed) (G1 Evacuation Pause)
[2025-09-18T06:51:50.529+0000][122][info ][gc,task     ] GC(20) Using 8 workers of 8 for evacuation
[2025-09-18T06:51:50.529+0000][122][debug][gc,age      ] GC(20) Desired survivor size 41943040 bytes, new threshold 15 (max threshold 15)
[2025-09-18T06:51:50.566+0000][122][info ][gc,phases   ] GC(20)   Pre Evacuate Collection Set: 1.47ms
[2025-09-18T06:51:50.566+0000][122][info ][gc,phases   ] GC(20)   Merge Heap Roots: 0.53ms
[2025-09-18T06:51:50.566+0000][122][info ][gc,phases   ] GC(20)   Evacuate Collection Set: 31.01ms
[2025-09-18T06:51:50.567+0000][122][info ][gc,phases   ] GC(20)   Post Evacuate Collection Set: 3.89ms
[2025-09-18T06:51:50.567+0000][122][info ][gc,phases   ] GC(20)   Other: 0.65ms
[2025-09-18T06:51:50.567+0000][122][trace][gc,age      ] GC(20) Age table with threshold 15 (max threshold 15)
[2025-09-18T06:51:50.567+0000][122][trace][gc,age      ] GC(20) - age   1:    2885992 bytes,    2885992 total
[2025-09-18T06:51:50.567+0000][122][trace][gc,age      ] GC(20) - age   2:    4144848 bytes,    7030840 total
[2025-09-18T06:51:50.567+0000][122][trace][gc,age      ] GC(20) - age   3:    2978704 bytes,   10009544 total
[2025-09-18T06:51:50.567+0000][122][trace][gc,age      ] GC(20) - age   4:   19130600 bytes,   29140144 total
[2025-09-18T06:51:50.567+0000][122][info ][gc,heap     ] GC(20) Eden regions: 145->0(145)
[2025-09-18T06:51:50.567+0000][122][info ][gc,heap     ] GC(20) Survivor regions: 8->8(20)
[2025-09-18T06:51:50.567+0000][122][info ][gc,heap     ] GC(20) Old regions: 30->30
[2025-09-18T06:51:50.567+0000][122][info ][gc,heap     ] GC(20) Humongous regions: 2->2
[2025-09-18T06:51:50.567+0000][122][info ][gc,metaspace] GC(20) Metaspace: 157171K(161472K)->157171K(161472K) NonClass: 135337K(137728K)->135337K(137728K) Class: 21834K(23744K)->21834K(23744K)
[2025-09-18T06:51:50.567+0000][122][info ][gc          ] GC(20) Pause Young (Prepare Mixed) (G1 Evacuation Pause) 734M->155M(1024M) 38.716ms
[2025-09-18T06:51:50.567+0000][122][info ][gc,cpu      ] GC(20) User=0.27s Sys=0.00s Real=0.04s
[2025-09-18T06:51:50.567+0000][122][info ][safepoint   ] Safepoint "G1CollectForAllocation", Time since last: 1866624126 ns, Reaching safepoint: 23792 ns, Cleanup: 13917 ns, At safepoint: 39003166 ns, Total: 39040875 ns
[2025-09-18T06:51:51.568+0000][122][info ][safepoint   ] Safepoint "Cleanup", Time since last: 1000759834 ns, Reaching safepoint: 98625 ns, Cleanup: 61875 ns, At safepoint: 18375 ns, Total: 178875 ns
[2025-09-18T06:51:53.574+0000][122][info ][safepoint   ] Safepoint "Cleanup", Time since last: 2005457626 ns, Reaching safepoint: 38875 ns, Cleanup: 37583 ns, At safepoint: 8750 ns, Total: 85208 ns
[2025-09-18T06:51:55.581+0000][122][info ][safepoint   ] Safepoint "Cleanup", Time since last: 2007168376 ns, Reaching safepoint: 44959 ns, Cleanup: 28083 ns, At safepoint: 11167 ns, Total: 84209 ns
[2025-09-18T06:51:56.986+0000][122][info ][safepoint   ] Safepoint "Cleanup", Time since last: 1405638166 ns, Reaching safepoint: 82208 ns, Cleanup: 43417 ns, At safepoint: 14333 ns, Total: 139958 ns
[2025-09-18T06:51:58.988+0000][122][info ][safepoint   ] Safepoint "Cleanup", Time since last: 2002848710 ns, Reaching safepoint: 23041 ns, Cleanup: 28042 ns, At safepoint: 8625 ns, Total: 59708 ns
[2025-09-18T06:51:59.994+0000][122][info ][safepoint   ] Safepoint "Cleanup", Time since last: 1005619751 ns, Reaching safepoint: 85583 ns, Cleanup: 64125 ns, At safepoint: 27333 ns, Total: 177041 ns
[2025-09-18T06:52:02.999+0000][122][info ][safepoint   ] Safepoint "Cleanup", Time since last: 3004249460 ns, Reaching safepoint: 33750 ns, Cleanup: 26292 ns, At safepoint: 14416 ns, Total: 74458 ns
[2025-09-18T06:52:03.999+0000][122][info ][safepoint   ] Safepoint "Cleanup", Time since last: 1000741626 ns, Reaching safepoint: 36291 ns, Cleanup: 30459 ns, At safepoint: 7875 ns, Total: 74625 ns
[2025-09-18T06:52:05.513+0000][122][info ][safepoint   ] Safepoint "Cleanup", Time since last: 1513416126 ns, Reaching safepoint: 84958 ns, Cleanup: 81417 ns, At safepoint: 20250 ns, Total: 186625 ns
[2025-09-18T06:52:06.516+0000][122][info ][safepoint   ] Safepoint "Cleanup", Time since last: 1003005208 ns, Reaching safepoint: 102125 ns, Cleanup: 69709 ns, At safepoint: 19500 ns, Total: 191334 ns
[2025-09-18T06:52:08.521+0000][122][info ][safepoint   ] Safepoint "Cleanup", Time since last: 2004685834 ns, Reaching safepoint: 75000 ns, Cleanup: 72625 ns, At safepoint: 13333 ns, Total: 160958 ns
[2025-09-18T06:52:09.524+0000][122][info ][safepoint   ] Safepoint "Cleanup", Time since last: 1002505459 ns, Reaching safepoint: 95667 ns, Cleanup: 70625 ns, At safepoint: 13333 ns, Total: 179625 ns
[2025-09-18T06:52:11.526+0000][122][info ][safepoint   ] Safepoint "Cleanup", Time since last: 2001647584 ns, Reaching safepoint: 175417 ns, Cleanup: 15375 ns, At safepoint: 16042 ns, Total: 206834 ns
[2025-09-18T06:52:12.528+0000][122][info ][safepoint   ] Safepoint "Cleanup", Time since last: 1001337292 ns, Reaching safepoint: 519083 ns, Cleanup: 50667 ns, At safepoint: 28625 ns, Total: 598375 ns
[2025-09-18T06:52:14.535+0000][122][info ][safepoint   ] Safepoint "Cleanup", Time since last: 2007212417 ns, Reaching safepoint: 30084 ns, Cleanup: 27416 ns, At safepoint: 22584 ns, Total: 80084 ns
[2025-09-18T06:52:17.537+0000][122][info ][safepoint   ] Safepoint "Cleanup", Time since last: 3002539335 ns, Reaching safepoint: 25416 ns, Cleanup: 25042 ns, At safepoint: 30583 ns, Total: 81041 ns
[2025-09-18T06:52:20.546+0000][122][info ][safepoint   ] Safepoint "Cleanup", Time since last: 3008291502 ns, Reaching safepoint: 737833 ns, Cleanup: 41625 ns, At safepoint: 16375 ns, Total: 795833 ns
[2025-09-18T06:52:23.550+0000][122][info ][safepoint   ] Safepoint "Cleanup", Time since last: 3003220293 ns, Reaching safepoint: 19750 ns, Cleanup: 11250 ns, At safepoint: 8583 ns, Total: 39583 ns
[2025-09-18T06:52:25.552+0000][122][info ][safepoint   ] Safepoint "Cleanup", Time since last: 2001987960 ns, Reaching safepoint: 48916 ns, Cleanup: 63334 ns, At safepoint: 15750 ns, Total: 128000 ns
[2025-09-18T06:52:26.552+0000][122][info ][safepoint   ] Safepoint "Cleanup", Time since last: 1001634792 ns, Reaching safepoint: 36625 ns, Cleanup: 15000 ns, At safepoint: 10875 ns, Total: 62500 ns
[2025-09-18T06:52:27.556+0000][122][info ][safepoint   ] Safepoint "Cleanup", Time since last: 1003359625 ns, Reaching safepoint: 71083 ns, Cleanup: 65334 ns, At safepoint: 15833 ns, Total: 152250 ns
[2025-09-18T06:52:28.558+0000][122][info ][safepoint   ] Safepoint "Cleanup", Time since last: 1001218709 ns, Reaching safepoint: 1208625 ns, Cleanup: 45042 ns, At safepoint: 38083 ns, Total: 1291750 ns
[2025-09-18T06:52:29.560+0000][122][info ][safepoint   ] Safepoint "Cleanup", Time since last: 1001332750 ns, Reaching safepoint: 19542 ns, Cleanup: 19125 ns, At safepoint: 9125 ns, Total: 47792 ns
[2025-09-18T06:52:30.562+0000][122][info ][safepoint   ] Safepoint "Cleanup", Time since last: 1002698667 ns, Reaching safepoint: 22083 ns, Cleanup: 29542 ns, At safepoint: 7333 ns, Total: 58958 ns
[2025-09-18T06:52:32.565+0000][122][info ][safepoint   ] Safepoint "Cleanup", Time since last: 2002611668 ns, Reaching safepoint: 20000 ns, Cleanup: 18292 ns, At safepoint: 6958 ns, Total: 45250 ns
[2025-09-18T06:52:33.567+0000][122][info ][safepoint   ] Safepoint "Cleanup", Time since last: 1002422959 ns, Reaching safepoint: 24708 ns, Cleanup: 15875 ns, At safepoint: 11334 ns, Total: 51917 ns
[2025-09-18T06:52:35.572+0000][122][info ][safepoint   ] Safepoint "Cleanup", Time since last: 2004977209 ns, Reaching safepoint: 22417 ns, Cleanup: 13333 ns, At safepoint: 10583 ns, Total: 46333 ns
[2025-09-18T06:52:36.577+0000][122][info ][safepoint   ] Safepoint "Cleanup", Time since last: 1004023501 ns, Reaching safepoint: 71333 ns, Cleanup: 104750 ns, At safepoint: 20667 ns, Total: 196750 ns
[2025-09-18T06:52:38.580+0000][122][info ][safepoint   ] Safepoint "Cleanup", Time since last: 2003292709 ns, Reaching safepoint: 10708 ns, Cleanup: 8292 ns, At safepoint: 5917 ns, Total: 24917 ns
[2025-09-18T06:52:41.578+0000][122][info ][safepoint   ] Safepoint "Cleanup", Time since last: 2998215209 ns, Reaching safepoint: 6459 ns, Cleanup: 35166 ns, At safepoint: 6542 ns, Total: 48167 ns
[2025-09-18T06:52:42.805+0000][122][info ][safepoint   ] Safepoint "Cleanup", Time since last: 1226144126 ns, Reaching safepoint: 13208 ns, Cleanup: 176708 ns, At safepoint: 17917 ns, Total: 207833 ns
[2025-09-18T06:52:43.808+0000][122][info ][safepoint   ] Safepoint "Cleanup", Time since last: 1003368250 ns, Reaching safepoint: 42875 ns, Cleanup: 25084 ns, At safepoint: 9500 ns, Total: 77459 ns
[2025-09-18T06:52:44.810+0000][122][info ][safepoint   ] Safepoint "Cleanup", Time since last: 1001695417 ns, Reaching safepoint: 124083 ns, Cleanup: 55542 ns, At safepoint: 18833 ns, Total: 198458 ns
[2025-09-18T06:52:45.813+0000][122][info ][safepoint   ] Safepoint "Cleanup", Time since last: 1002557876 ns, Reaching safepoint: 68708 ns, Cleanup: 68167 ns, At safepoint: 12375 ns, Total: 149250 ns
[2025-09-18T06:52:47.818+0000][122][info ][safepoint   ] Safepoint "Cleanup", Time since last: 2004881792 ns, Reaching safepoint: 80292 ns, Cleanup: 42500 ns, At safepoint: 22708 ns, Total: 145500 ns
[2025-09-18T06:52:48.820+0000][122][info ][safepoint   ] Safepoint "Cleanup", Time since last: 1002339293 ns, Reaching safepoint: 57958 ns, Cleanup: 42625 ns, At safepoint: 44375 ns, Total: 144958 ns
[2025-09-18T06:52:49.822+0000][122][info ][safepoint   ] Safepoint "Cleanup", Time since last: 1001679209 ns, Reaching safepoint: 85041 ns, Cleanup: 61459 ns, At safepoint: 35166 ns, Total: 181666 ns
[2025-09-18T06:52:50.823+0000][122][info ][safepoint   ] Safepoint "Cleanup", Time since last: 1000889876 ns, Reaching safepoint: 50750 ns, Cleanup: 27916 ns, At safepoint: 11959 ns, Total: 90625 ns
[2025-09-18T06:52:53.827+0000][122][info ][safepoint   ] Safepoint "Cleanup", Time since last: 3004156210 ns, Reaching safepoint: 67083 ns, Cleanup: 41083 ns, At safepoint: 13792 ns, Total: 121958 ns
[2025-09-18T06:52:57.168+0000][122][info ][safepoint   ] Safepoint "Cleanup", Time since last: 3343137542 ns, Reaching safepoint: 80792 ns, Cleanup: 88542 ns, At safepoint: 23708 ns, Total: 193042 ns
[2025-09-18T06:52:59.172+0000][122][info ][safepoint   ] Safepoint "Cleanup", Time since last: 2004532501 ns, Reaching safepoint: 17000 ns, Cleanup: 12250 ns, At safepoint: 6333 ns, Total: 35583 ns
[2025-09-18T06:53:03.183+0000][122][info ][safepoint   ] Safepoint "Cleanup", Time since last: 4010336960 ns, Reaching safepoint: 68459 ns, Cleanup: 38708 ns, At safepoint: 18792 ns, Total: 125959 ns
[2025-09-18T06:53:04.185+0000][122][info ][safepoint   ] Safepoint "Cleanup", Time since last: 1001743042 ns, Reaching safepoint: 111250 ns, Cleanup: 60875 ns, At safepoint: 17125 ns, Total: 189250 ns
[2025-09-18T06:53:07.193+0000][122][info ][safepoint   ] Safepoint "Cleanup", Time since last: 3008270585 ns, Reaching safepoint: 107416 ns, Cleanup: 79292 ns, At safepoint: 24875 ns, Total: 211583 ns
[2025-09-18T06:53:09.199+0000][122][info ][safepoint   ] Safepoint "Cleanup", Time since last: 2006102209 ns, Reaching safepoint: 60125 ns, Cleanup: 33875 ns, At safepoint: 35000 ns, Total: 129000 ns
[2025-09-18T06:53:10.202+0000][122][info ][safepoint   ] Safepoint "Cleanup", Time since last: 1002581001 ns, Reaching safepoint: 80125 ns, Cleanup: 57291 ns, At safepoint: 18042 ns, Total: 155458 ns
[2025-09-18T06:53:12.209+0000][122][info ][safepoint   ] Safepoint "Cleanup", Time since last: 2006629376 ns, Reaching safepoint: 109083 ns, Cleanup: 107459 ns, At safepoint: 22250 ns, Total: 238792 ns
[2025-09-18T06:53:13.213+0000][122][info ][safepoint   ] Safepoint "Cleanup", Time since last: 1003636709 ns, Reaching safepoint: 463625 ns, Cleanup: 43583 ns, At safepoint: 25792 ns, Total: 533000 ns
[2025-09-18T06:53:14.216+0000][122][info ][safepoint   ] Safepoint "Cleanup", Time since last: 1002334042 ns, Reaching safepoint: 49125 ns, Cleanup: 24291 ns, At safepoint: 10917 ns, Total: 84333 ns
[2025-09-18T06:53:15.219+0000][122][info ][safepoint   ] Safepoint "Cleanup", Time since last: 1003369125 ns, Reaching safepoint: 79042 ns, Cleanup: 60292 ns, At safepoint: 18708 ns, Total: 158042 ns
[2025-09-18T06:53:16.221+0000][122][info ][safepoint   ] Safepoint "Cleanup", Time since last: 1001867542 ns, Reaching safepoint: 134709 ns, Cleanup: 70458 ns, At safepoint: 21583 ns, Total: 226750 ns
[2025-09-18T06:53:19.231+0000][122][info ][safepoint   ] Safepoint "Cleanup", Time since last: 3010028127 ns, Reaching safepoint: 90875 ns, Cleanup: 71416 ns, At safepoint: 22834 ns, Total: 185125 ns
[2025-09-18T06:53:20.235+0000][122][info ][safepoint   ] Safepoint "Cleanup", Time since last: 1003236875 ns, Reaching safepoint: 78250 ns, Cleanup: 69542 ns, At safepoint: 19417 ns, Total: 167209 ns
[2025-09-18T06:53:21.238+0000][122][info ][safepoint   ] Safepoint "Cleanup", Time since last: 1002610708 ns, Reaching safepoint: 147500 ns, Cleanup: 76709 ns, At safepoint: 22000 ns, Total: 246209 ns
[2025-09-18T06:53:24.249+0000][122][info ][safepoint   ] Safepoint "Cleanup", Time since last: 3010947418 ns, Reaching safepoint: 88375 ns, Cleanup: 63750 ns, At safepoint: 18625 ns, Total: 170750 ns
[2025-09-18T06:53:25.251+0000][122][info ][safepoint   ] Safepoint "Cleanup", Time since last: 1001774500 ns, Reaching safepoint: 73084 ns, Cleanup: 53958 ns, At safepoint: 17167 ns, Total: 144209 ns
[2025-09-18T06:53:26.253+0000][122][info ][safepoint   ] Safepoint "Cleanup", Time since last: 1001857833 ns, Reaching safepoint: 93709 ns, Cleanup: 66291 ns, At safepoint: 20292 ns, Total: 180292 ns
[2025-09-18T06:53:27.255+0000][122][info ][safepoint   ] Safepoint "Cleanup", Time since last: 1001627167 ns, Reaching safepoint: 105208 ns, Cleanup: 73709 ns, At safepoint: 26250 ns, Total: 205167 ns
[2025-09-18T06:53:30.261+0000][122][info ][safepoint   ] Safepoint "Cleanup", Time since last: 3005666834 ns, Reaching safepoint: 103250 ns, Cleanup: 53042 ns, At safepoint: 19292 ns, Total: 175584 ns
[2025-09-18T06:53:33.272+0000][122][info ][safepoint   ] Safepoint "Cleanup", Time since last: 3011386709 ns, Reaching safepoint: 96959 ns, Cleanup: 49916 ns, At safepoint: 17917 ns, Total: 164792 ns
[2025-09-18T06:53:36.277+0000][122][info ][safepoint   ] Safepoint "Cleanup", Time since last: 3004557335 ns, Reaching safepoint: 76542 ns, Cleanup: 51541 ns, At safepoint: 29750 ns, Total: 157833 ns
[2025-09-18T06:53:37.280+0000][122][info ][safepoint   ] Safepoint "Cleanup", Time since last: 1002332751 ns, Reaching safepoint: 513875 ns, Cleanup: 106000 ns, At safepoint: 40041 ns, Total: 659916 ns
[2025-09-18T06:53:38.282+0000][122][info ][safepoint   ] Safepoint "Cleanup", Time since last: 1001433209 ns, Reaching safepoint: 638542 ns, Cleanup: 60333 ns, At safepoint: 30208 ns, Total: 729083 ns
[2025-09-18T06:53:44.295+0000][122][info ][safepoint   ] Safepoint "Cleanup", Time since last: 6012866753 ns, Reaching safepoint: 20959 ns, Cleanup: 11458 ns, At safepoint: 6375 ns, Total: 38792 ns
[2025-09-18T06:53:46.020+0000][122][info ][safepoint   ] Safepoint "Cleanup", Time since last: 1724069126 ns, Reaching safepoint: 16625 ns, Cleanup: 228500 ns, At safepoint: 19000 ns, Total: 264125 ns
[2025-09-18T06:53:51.027+0000][122][info ][safepoint   ] Safepoint "Cleanup", Time since last: 5007528002 ns, Reaching safepoint: 35584 ns, Cleanup: 18750 ns, At safepoint: 8875 ns, Total: 63209 ns
[2025-09-18T06:53:54.034+0000][122][info ][safepoint   ] Safepoint "Cleanup", Time since last: 3006354126 ns, Reaching safepoint: 91792 ns, Cleanup: 27916 ns, At safepoint: 56459 ns, Total: 176167 ns
[2025-09-18T06:53:58.360+0000][122][info ][safepoint   ] Safepoint "Cleanup", Time since last: 4327124460 ns, Reaching safepoint: 100666 ns, Cleanup: 119792 ns, At safepoint: 22208 ns, Total: 242666 ns
[2025-09-18T06:53:59.361+0000][122][info ][safepoint   ] Safepoint "Cleanup", Time since last: 1001518043 ns, Reaching safepoint: 17375 ns, Cleanup: 20166 ns, At safepoint: 5125 ns, Total: 42666 ns
[2025-09-18T06:54:01.363+0000][122][info ][safepoint   ] Safepoint "Cleanup", Time since last: 2001871543 ns, Reaching safepoint: 77042 ns, Cleanup: 31375 ns, At safepoint: 15833 ns, Total: 124250 ns
[2025-09-18T06:54:04.372+0000][122][info ][safepoint   ] Safepoint "Cleanup", Time since last: 3008046251 ns, Reaching safepoint: 85042 ns, Cleanup: 56208 ns, At safepoint: 21125 ns, Total: 162375 ns
[2025-09-18T06:54:05.373+0000][122][info ][safepoint   ] Safepoint "Cleanup", Time since last: 1001505959 ns, Reaching safepoint: 172292 ns, Cleanup: 48958 ns, At safepoint: 25333 ns, Total: 246583 ns
[2025-09-18T06:54:06.375+0000][122][info ][safepoint   ] Safepoint "Cleanup", Time since last: 1001270251 ns, Reaching safepoint: 64500 ns, Cleanup: 77583 ns, At safepoint: 18792 ns, Total: 160875 ns
[2025-09-18T06:54:07.376+0000][122][info ][safepoint   ] Safepoint "Cleanup", Time since last: 1000937250 ns, Reaching safepoint: 93459 ns, Cleanup: 54708 ns, At safepoint: 27708 ns, Total: 175875 ns
[2025-09-18T06:54:08.382+0000][122][info ][safepoint   ] Safepoint "Cleanup", Time since last: 1006384959 ns, Reaching safepoint: 89834 ns, Cleanup: 62750 ns, At safepoint: 17583 ns, Total: 170167 ns
[2025-09-18T06:54:11.390+0000][122][info ][safepoint   ] Safepoint "Cleanup", Time since last: 3007261751 ns, Reaching safepoint: 66292 ns, Cleanup: 22625 ns, At safepoint: 12125 ns, Total: 101042 ns
[2025-09-18T06:54:13.397+0000][122][info ][safepoint   ] Safepoint "Cleanup", Time since last: 2007242251 ns, Reaching safepoint: 136875 ns, Cleanup: 30500 ns, At safepoint: 17708 ns, Total: 185083 ns
[2025-09-18T06:54:14.399+0000][122][info ][safepoint   ] Safepoint "Cleanup", Time since last: 1002027126 ns, Reaching safepoint: 62208 ns, Cleanup: 163542 ns, At safepoint: 19541 ns, Total: 245291 ns
[2025-09-18T06:54:15.403+0000][122][info ][safepoint   ] Safepoint "Cleanup", Time since last: 1003561459 ns, Reaching safepoint: 85709 ns, Cleanup: 49458 ns, At safepoint: 14083 ns, Total: 149250 ns
[2025-09-18T06:54:16.404+0000][122][info ][safepoint   ] Safepoint "Cleanup", Time since last: 1000748209 ns, Reaching safepoint: 82833 ns, Cleanup: 44459 ns, At safepoint: 17625 ns, Total: 144917 ns
[2025-09-18T06:54:19.407+0000][122][info ][safepoint   ] Safepoint "Cleanup", Time since last: 3003094209 ns, Reaching safepoint: 73459 ns, Cleanup: 37791 ns, At safepoint: 15875 ns, Total: 127125 ns
[2025-09-18T06:54:24.419+0000][122][info ][safepoint   ] Safepoint "Cleanup", Time since last: 5011082920 ns, Reaching safepoint: 147833 ns, Cleanup: 36917 ns, At safepoint: 17583 ns, Total: 202333 ns
[2025-09-18T06:54:25.421+0000][122][info ][safepoint   ] Safepoint "Cleanup", Time since last: 1002039584 ns, Reaching safepoint: 35458 ns, Cleanup: 34542 ns, At safepoint: 7541 ns, Total: 77541 ns
[2025-09-18T06:54:26.422+0000][122][info ][safepoint   ] Safepoint "Cleanup", Time since last: 1000788542 ns, Reaching safepoint: 263959 ns, Cleanup: 53458 ns, At safepoint: 19750 ns, Total: 337167 ns
[2025-09-18T06:54:27.422+0000][122][info ][safepoint   ] Safepoint "Cleanup", Time since last: 1001644792 ns, Reaching safepoint: 92458 ns, Cleanup: 34750 ns, At safepoint: 19042 ns, Total: 146250 ns
[2025-09-18T06:54:30.427+0000][122][info ][safepoint   ] Safepoint "Cleanup", Time since last: 3004101584 ns, Reaching safepoint: 323084 ns, Cleanup: 123833 ns, At safepoint: 26625 ns, Total: 473542 ns
[2025-09-18T06:54:34.432+0000][122][info ][safepoint   ] Safepoint "Cleanup", Time since last: 4004585669 ns, Reaching safepoint: 99708 ns, Cleanup: 92792 ns, At safepoint: 21375 ns, Total: 213875 ns
[2025-09-18T06:54:36.436+0000][122][info ][safepoint   ] Safepoint "Cleanup", Time since last: 2004574001 ns, Reaching safepoint: 21375 ns, Cleanup: 35000 ns, At safepoint: 11541 ns, Total: 67916 ns
[2025-09-18T06:54:39.445+0000][122][info ][safepoint   ] Safepoint "Cleanup", Time since last: 3008757085 ns, Reaching safepoint: 106875 ns, Cleanup: 79333 ns, At safepoint: 13709 ns, Total: 199917 ns
[2025-09-18T06:54:40.449+0000][122][info ][safepoint   ] Safepoint "Cleanup", Time since last: 1004033417 ns, Reaching safepoint: 77792 ns, Cleanup: 53041 ns, At safepoint: 22292 ns, Total: 153125 ns
[2025-09-18T06:54:44.464+0000][122][info ][safepoint   ] Safepoint "Cleanup", Time since last: 4014454960 ns, Reaching safepoint: 47667 ns, Cleanup: 60541 ns, At safepoint: 15000 ns, Total: 123208 ns
[2025-09-18T06:54:45.467+0000][122][info ][safepoint   ] Safepoint "Cleanup", Time since last: 1003395751 ns, Reaching safepoint: 13042 ns, Cleanup: 8958 ns, At safepoint: 5667 ns, Total: 27667 ns
[2025-09-18T06:54:47.597+0000][122][info ][safepoint   ] Safepoint "Cleanup", Time since last: 2129671792 ns, Reaching safepoint: 6042 ns, Cleanup: 10792 ns, At safepoint: 7583 ns, Total: 24417 ns
[2025-09-18T06:54:49.190+0000][122][info ][safepoint   ] Safepoint "Cleanup", Time since last: 1592411292 ns, Reaching safepoint: 11875 ns, Cleanup: 105084 ns, At safepoint: 8000 ns, Total: 124959 ns
[2025-09-18T06:54:50.195+0000][122][info ][safepoint   ] Safepoint "Cleanup", Time since last: 1004921875 ns, Reaching safepoint: 80708 ns, Cleanup: 42917 ns, At safepoint: 17875 ns, Total: 141500 ns
[2025-09-18T06:54:51.197+0000][122][info ][safepoint   ] Safepoint "Cleanup", Time since last: 1002176834 ns, Reaching safepoint: 116625 ns, Cleanup: 107083 ns, At safepoint: 15667 ns, Total: 239375 ns
[2025-09-18T06:54:53.204+0000][122][info ][safepoint   ] Safepoint "Cleanup", Time since last: 2006529084 ns, Reaching safepoint: 189084 ns, Cleanup: 78333 ns, At safepoint: 25250 ns, Total: 292667 ns
[2025-09-18T06:54:54.205+0000][122][info ][safepoint   ] Safepoint "Cleanup", Time since last: 1001096084 ns, Reaching safepoint: 24000 ns, Cleanup: 19208 ns, At safepoint: 6292 ns, Total: 49500 ns
[2025-09-18T06:54:56.211+0000][122][info ][safepoint   ] Safepoint "Cleanup", Time since last: 2005398209 ns, Reaching safepoint: 45167 ns, Cleanup: 25083 ns, At safepoint: 12917 ns, Total: 83167 ns
[2025-09-18T06:54:57.505+0000][122][info ][safepoint   ] Safepoint "Cleanup", Time since last: 1295382458 ns, Reaching safepoint: 111584 ns, Cleanup: 88791 ns, At safepoint: 19417 ns, Total: 219792 ns
[2025-09-18T06:54:59.507+0000][122][info ][safepoint   ] Safepoint "Cleanup", Time since last: 2001918793 ns, Reaching safepoint: 30666 ns, Cleanup: 22375 ns, At safepoint: 7917 ns, Total: 60958 ns
[2025-09-18T06:55:01.509+0000][122][info ][safepoint   ] Safepoint "Cleanup", Time since last: 2002219959 ns, Reaching safepoint: 101334 ns, Cleanup: 67916 ns, At safepoint: 13584 ns, Total: 182834 ns
[2025-09-18T06:55:04.514+0000][122][info ][safepoint   ] Safepoint "Cleanup", Time since last: 3004382168 ns, Reaching safepoint: 35500 ns, Cleanup: 22375 ns, At safepoint: 11208 ns, Total: 69083 ns
[2025-09-18T06:55:06.517+0000][122][info ][safepoint   ] Safepoint "Cleanup", Time since last: 2003262918 ns, Reaching safepoint: 74625 ns, Cleanup: 59333 ns, At safepoint: 13125 ns, Total: 147083 ns
[2025-09-18T06:55:08.520+0000][122][info ][safepoint   ] Safepoint "Cleanup", Time since last: 2003119334 ns, Reaching safepoint: 54167 ns, Cleanup: 29625 ns, At safepoint: 13083 ns, Total: 96875 ns
[2025-09-18T06:55:09.522+0000][122][info ][safepoint   ] Safepoint "Cleanup", Time since last: 1001274751 ns, Reaching safepoint: 117500 ns, Cleanup: 59166 ns, At safepoint: 19667 ns, Total: 196333 ns
[2025-09-18T06:55:13.526+0000][122][info ][safepoint   ] Safepoint "Cleanup", Time since last: 4003956377 ns, Reaching safepoint: 59042 ns, Cleanup: 31125 ns, At safepoint: 15041 ns, Total: 105208 ns
[2025-09-18T06:55:24.538+0000][122][info ][safepoint   ] Safepoint "Cleanup", Time since last: 11011627339 ns, Reaching safepoint: 160458 ns, Cleanup: 34875 ns, At safepoint: 31292 ns, Total: 226625 ns
[2025-09-18T06:55:25.540+0000][122][info ][safepoint   ] Safepoint "Cleanup", Time since last: 1002122834 ns, Reaching safepoint: 264958 ns, Cleanup: 132125 ns, At safepoint: 21417 ns, Total: 418500 ns
[2025-09-18T06:55:27.541+0000][122][info ][safepoint   ] Safepoint "Cleanup", Time since last: 2003016333 ns, Reaching safepoint: 197583 ns, Cleanup: 58750 ns, At safepoint: 30792 ns, Total: 287125 ns
[2025-09-18T06:55:28.542+0000][122][info ][safepoint   ] Safepoint "Cleanup", Time since last: 1001065084 ns, Reaching safepoint: 305083 ns, Cleanup: 42750 ns, At safepoint: 26292 ns, Total: 374125 ns
[2025-09-18T06:55:29.544+0000][122][info ][safepoint   ] Safepoint "Cleanup", Time since last: 1001695917 ns, Reaching safepoint: 32125 ns, Cleanup: 27292 ns, At safepoint: 7875 ns, Total: 67292 ns
[2025-09-18T06:55:31.546+0000][122][info ][safepoint   ] Safepoint "Cleanup", Time since last: 2002087334 ns, Reaching safepoint: 141333 ns, Cleanup: 34667 ns, At safepoint: 40125 ns, Total: 216125 ns
[2025-09-18T06:55:33.549+0000][122][info ][safepoint   ] Safepoint "Cleanup", Time since last: 2002660918 ns, Reaching safepoint: 104333 ns, Cleanup: 68417 ns, At safepoint: 23750 ns, Total: 196500 ns
[2025-09-18T06:55:34.550+0000][122][info ][safepoint   ] Safepoint "Cleanup", Time since last: 1000801667 ns, Reaching safepoint: 41166 ns, Cleanup: 22709 ns, At safepoint: 8750 ns, Total: 72625 ns
[2025-09-18T06:55:36.553+0000][122][info ][safepoint   ] Safepoint "Cleanup", Time since last: 2002305334 ns, Reaching safepoint: 109792 ns, Cleanup: 46625 ns, At safepoint: 17416 ns, Total: 173833 ns
[2025-09-18T06:55:40.557+0000][122][info ][safepoint   ] Safepoint "Cleanup", Time since last: 4004409877 ns, Reaching safepoint: 217584 ns, Cleanup: 94500 ns, At safepoint: 26458 ns, Total: 338542 ns
[2025-09-18T06:55:46.565+0000][122][info ][safepoint   ] Safepoint "Cleanup", Time since last: 6007815378 ns, Reaching safepoint: 25708 ns, Cleanup: 15708 ns, At safepoint: 17125 ns, Total: 58541 ns
[2025-09-18T06:55:48.567+0000][122][info ][safepoint   ] Safepoint "Cleanup", Time since last: 2002075918 ns, Reaching safepoint: 39458 ns, Cleanup: 16750 ns, At safepoint: 15417 ns, Total: 71625 ns
[2025-09-18T06:55:49.568+0000][122][info ][safepoint   ] Safepoint "Cleanup", Time since last: 1000626792 ns, Reaching safepoint: 49667 ns, Cleanup: 37708 ns, At safepoint: 12459 ns, Total: 99834 ns
[2025-09-18T06:55:50.570+0000][122][info ][safepoint   ] Safepoint "Cleanup", Time since last: 1000820583 ns, Reaching safepoint: 1074709 ns, Cleanup: 17625 ns, At safepoint: 25000 ns, Total: 1117334 ns
[2025-09-18T06:55:52.364+0000][122][info ][safepoint   ] Safepoint "Cleanup", Time since last: 1793241876 ns, Reaching safepoint: 526416 ns, Cleanup: 171250 ns, At safepoint: 28875 ns, Total: 726541 ns
[2025-09-18T06:55:53.372+0000][122][info ][safepoint   ] Safepoint "Cleanup", Time since last: 1007387542 ns, Reaching safepoint: 79334 ns, Cleanup: 56500 ns, At safepoint: 15500 ns, Total: 151334 ns
[2025-09-18T06:55:54.374+0000][122][info ][safepoint   ] Safepoint "Cleanup", Time since last: 1002270833 ns, Reaching safepoint: 205584 ns, Cleanup: 37083 ns, At safepoint: 24083 ns, Total: 266750 ns
[2025-09-18T06:55:56.670+0000][122][info ][safepoint   ] Safepoint "Cleanup", Time since last: 2295753793 ns, Reaching safepoint: 28375 ns, Cleanup: 38875 ns, At safepoint: 17166 ns, Total: 84416 ns
[2025-09-18T06:55:59.680+0000][122][info ][safepoint   ] Safepoint "Cleanup", Time since last: 3009706668 ns, Reaching safepoint: 19292 ns, Cleanup: 27625 ns, At safepoint: 8083 ns, Total: 55000 ns
[2025-09-18T06:56:03.696+0000][122][info ][safepoint   ] Safepoint "Cleanup", Time since last: 4015854794 ns, Reaching safepoint: 39583 ns, Cleanup: 25125 ns, At safepoint: 5750 ns, Total: 70458 ns
[2025-09-18T06:56:06.704+0000][122][info ][safepoint   ] Safepoint "Cleanup", Time since last: 3007861502 ns, Reaching safepoint: 68250 ns, Cleanup: 95791 ns, At safepoint: 83625 ns, Total: 247666 ns
[2025-09-18T06:56:07.706+0000][122][info ][safepoint   ] Safepoint "Cleanup", Time since last: 1002099376 ns, Reaching safepoint: 87917 ns, Cleanup: 48083 ns, At safepoint: 23792 ns, Total: 159792 ns
[2025-09-18T06:56:08.715+0000][122][info ][safepoint   ] Safepoint "Cleanup", Time since last: 1008989792 ns, Reaching safepoint: 37958 ns, Cleanup: 23958 ns, At safepoint: 9000 ns, Total: 70916 ns
[2025-09-18T06:56:13.742+0000][122][info ][safepoint   ] Safepoint "Cleanup", Time since last: 5026972961 ns, Reaching safepoint: 74375 ns, Cleanup: 53083 ns, At safepoint: 14417 ns, Total: 141875 ns
[2025-09-18T06:56:14.749+0000][122][info ][safepoint   ] Safepoint "Cleanup", Time since last: 1006702584 ns, Reaching safepoint: 78625 ns, Cleanup: 40333 ns, At safepoint: 18000 ns, Total: 136958 ns
[2025-09-18T06:56:15.751+0000][122][info ][safepoint   ] Safepoint "Cleanup", Time since last: 1001663834 ns, Reaching safepoint: 76542 ns, Cleanup: 56541 ns, At safepoint: 14709 ns, Total: 147792 ns
[2025-09-18T06:56:16.753+0000][122][info ][safepoint   ] Safepoint "Cleanup", Time since last: 1001594750 ns, Reaching safepoint: 99125 ns, Cleanup: 83292 ns, At safepoint: 23042 ns, Total: 205459 ns
[2025-09-18T06:56:17.756+0000][122][info ][safepoint   ] Safepoint "Cleanup", Time since last: 1002939625 ns, Reaching safepoint: 86542 ns, Cleanup: 44458 ns, At safepoint: 18375 ns, Total: 149375 ns
[2025-09-18T06:56:20.767+0000][122][info ][safepoint   ] Safepoint "Cleanup", Time since last: 3011037210 ns, Reaching safepoint: 128875 ns, Cleanup: 66458 ns, At safepoint: 21250 ns, Total: 216583 ns
[2025-09-18T06:56:21.771+0000][122][info ][safepoint   ] Safepoint "Cleanup", Time since last: 1004030084 ns, Reaching safepoint: 52042 ns, Cleanup: 35291 ns, At safepoint: 18625 ns, Total: 105958 ns
[2025-09-18T06:56:23.773+0000][122][info ][safepoint   ] Safepoint "Cleanup", Time since last: 2002030710 ns, Reaching safepoint: 16166 ns, Cleanup: 18917 ns, At safepoint: 6625 ns, Total: 41708 ns
[2025-09-18T06:56:24.775+0000][122][info ][safepoint   ] Safepoint "Cleanup", Time since last: 1001577334 ns, Reaching safepoint: 60458 ns, Cleanup: 36833 ns, At safepoint: 11625 ns, Total: 108916 ns
[2025-09-18T06:56:28.782+0000][122][info ][safepoint   ] Safepoint "Cleanup", Time since last: 4008005585 ns, Reaching safepoint: 76416 ns, Cleanup: 36709 ns, At safepoint: 15666 ns, Total: 128791 ns
[2025-09-18T06:56:30.449+0000][122][info ][safepoint   ] Safepoint "Cleanup", Time since last: 1666400918 ns, Reaching safepoint: 499750 ns, Cleanup: 40875 ns, At safepoint: 11750 ns, Total: 552375 ns
[2025-09-18T06:56:31.470+0000][122][info ][safepoint   ] Safepoint "Cleanup", Time since last: 1021032209 ns, Reaching safepoint: 102791 ns, Cleanup: 95542 ns, At safepoint: 27750 ns, Total: 226083 ns
[2025-09-18T06:56:33.474+0000][122][info ][safepoint   ] Safepoint "Cleanup", Time since last: 2004325959 ns, Reaching safepoint: 19459 ns, Cleanup: 20750 ns, At safepoint: 8125 ns, Total: 48334 ns
[2025-09-18T06:56:34.584+0000][122][info ][safepoint   ] Safepoint "Cleanup", Time since last: 1109266542 ns, Reaching safepoint: 22833 ns, Cleanup: 40833 ns, At safepoint: 6334 ns, Total: 70000 ns
[2025-09-18T06:56:35.587+0000][122][info ][safepoint   ] Safepoint "Cleanup", Time since last: 1002913084 ns, Reaching safepoint: 151833 ns, Cleanup: 32917 ns, At safepoint: 14541 ns, Total: 199291 ns
[2025-09-18T06:56:36.594+0000][122][info ][safepoint   ] Safepoint "Cleanup", Time since last: 1005384834 ns, Reaching safepoint: 1890208 ns, Cleanup: 124750 ns, At safepoint: 11500 ns, Total: 2026458 ns
[2025-09-18T06:56:38.597+0000][122][info ][safepoint   ] Safepoint "Cleanup", Time since last: 2002349210 ns, Reaching safepoint: 59083 ns, Cleanup: 73792 ns, At safepoint: 8583 ns, Total: 141458 ns
[2025-09-18T06:56:43.606+0000][122][info ][safepoint   ] Safepoint "Cleanup", Time since last: 5009738127 ns, Reaching safepoint: 42625 ns, Cleanup: 31292 ns, At safepoint: 9417 ns, Total: 83334 ns
[2025-09-18T06:56:47.617+0000][122][info ][safepoint   ] Safepoint "Cleanup", Time since last: 4010081627 ns, Reaching safepoint: 38875 ns, Cleanup: 22458 ns, At safepoint: 10583 ns, Total: 71916 ns
[2025-09-18T06:56:50.625+0000][122][info ][safepoint   ] Safepoint "Cleanup", Time since last: 3007939418 ns, Reaching safepoint: 146375 ns, Cleanup: 17750 ns, At safepoint: 8792 ns, Total: 172917 ns
[2025-09-18T06:56:51.628+0000][122][info ][safepoint   ] Safepoint "Cleanup", Time since last: 1003021584 ns, Reaching safepoint: 53917 ns, Cleanup: 326333 ns, At safepoint: 17792 ns, Total: 398042 ns
[2025-09-18T06:56:53.612+0000][122][info ][safepoint   ] Safepoint "Cleanup", Time since last: 1984236042 ns, Reaching safepoint: 6792 ns, Cleanup: 36250 ns, At safepoint: 8458 ns, Total: 51500 ns
[2025-09-18T06:56:55.558+0000][122][info ][safepoint   ] Safepoint "Cleanup", Time since last: 1945717168 ns, Reaching safepoint: 6375 ns, Cleanup: 30541 ns, At safepoint: 7667 ns, Total: 44583 ns
[2025-09-18T06:56:56.560+0000][122][info ][safepoint   ] Safepoint "Cleanup", Time since last: 1002693750 ns, Reaching safepoint: 40750 ns, Cleanup: 33542 ns, At safepoint: 11917 ns, Total: 86209 ns
[2025-09-18T06:56:57.869+0000][122][info ][safepoint   ] Safepoint "Cleanup", Time since last: 1308593584 ns, Reaching safepoint: 76041 ns, Cleanup: 47542 ns, At safepoint: 9375 ns, Total: 132958 ns
[2025-09-18T06:56:59.693+0000][122][info ][safepoint   ] Safepoint "Cleanup", Time since last: 1824027501 ns, Reaching safepoint: 35541 ns, Cleanup: 41084 ns, At safepoint: 8750 ns, Total: 85375 ns
[2025-09-18T06:57:01.696+0000][122][info ][safepoint   ] Safepoint "Cleanup", Time since last: 2002498084 ns, Reaching safepoint: 131042 ns, Cleanup: 126000 ns, At safepoint: 35583 ns, Total: 292625 ns
[2025-09-18T06:57:03.699+0000][122][info ][safepoint   ] Safepoint "Cleanup", Time since last: 2003369001 ns, Reaching safepoint: 186917 ns, Cleanup: 21875 ns, At safepoint: 8625 ns, Total: 217417 ns
[2025-09-18T06:57:05.706+0000][122][info ][safepoint   ] Safepoint "Cleanup", Time since last: 2002902167 ns, Reaching safepoint: 4076459 ns, Cleanup: 52916 ns, At safepoint: 35875 ns, Total: 4165250 ns
[2025-09-18T06:57:06.707+0000][122][info ][safepoint   ] Safepoint "Cleanup", Time since last: 1000361126 ns, Reaching safepoint: 23583 ns, Cleanup: 18375 ns, At safepoint: 9625 ns, Total: 51583 ns
[2025-09-18T06:57:08.709+0000][122][info ][safepoint   ] Safepoint "Cleanup", Time since last: 2001913001 ns, Reaching safepoint: 50042 ns, Cleanup: 15041 ns, At safepoint: 6667 ns, Total: 71750 ns
[2025-09-18T06:57:11.711+0000][122][info ][safepoint   ] Safepoint "Cleanup", Time since last: 3002034918 ns, Reaching safepoint: 166625 ns, Cleanup: 27083 ns, At safepoint: 7084 ns, Total: 200792 ns
[2025-09-18T06:57:13.713+0000][122][info ][safepoint   ] Safepoint "Cleanup", Time since last: 2001849001 ns, Reaching safepoint: 29083 ns, Cleanup: 10833 ns, At safepoint: 5375 ns, Total: 45291 ns
[2025-09-18T06:57:17.717+0000][122][info ][safepoint   ] Safepoint "Cleanup", Time since last: 4004038711 ns, Reaching safepoint: 21458 ns, Cleanup: 16083 ns, At safepoint: 7959 ns, Total: 45500 ns
[2025-09-18T06:57:18.719+0000][122][info ][safepoint   ] Safepoint "Cleanup", Time since last: 1002053292 ns, Reaching safepoint: 44000 ns, Cleanup: 12416 ns, At safepoint: 9417 ns, Total: 65833 ns
[2025-09-18T06:57:24.724+0000][122][info ][safepoint   ] Safepoint "Cleanup", Time since last: 6005148795 ns, Reaching safepoint: 36041 ns, Cleanup: 49292 ns, At safepoint: 15375 ns, Total: 100708 ns
[2025-09-18T06:57:26.728+0000][122][info ][safepoint   ] Safepoint "Cleanup", Time since last: 2005315709 ns, Reaching safepoint: 22667 ns, Cleanup: 17916 ns, At safepoint: 10500 ns, Total: 51083 ns
[2025-09-18T06:57:28.730+0000][122][info ][safepoint   ] Safepoint "Cleanup", Time since last: 2002156085 ns, Reaching safepoint: 36791 ns, Cleanup: 15875 ns, At safepoint: 7500 ns, Total: 60166 ns
[2025-09-18T06:57:41.744+0000][122][info ][safepoint   ] Safepoint "Cleanup", Time since last: 13014187631 ns, Reaching safepoint: 144542 ns, Cleanup: 24417 ns, At safepoint: 5166 ns, Total: 174125 ns
[2025-09-18T06:57:43.747+0000][122][info ][safepoint   ] Safepoint "Cleanup", Time since last: 2002740210 ns, Reaching safepoint: 103291 ns, Cleanup: 36250 ns, At safepoint: 6792 ns, Total: 146333 ns
[2025-09-18T06:57:44.749+0000][122][info ][safepoint   ] Safepoint "Cleanup", Time since last: 1001464167 ns, Reaching safepoint: 145625 ns, Cleanup: 14209 ns, At safepoint: 7333 ns, Total: 167167 ns
[2025-09-18T06:57:46.751+0000][122][info ][safepoint   ] Safepoint "Cleanup", Time since last: 2001889793 ns, Reaching safepoint: 134458 ns, Cleanup: 35042 ns, At safepoint: 15458 ns, Total: 184958 ns
[2025-09-18T06:57:55.764+0000][122][info ][safepoint   ] Safepoint "Cleanup", Time since last: 9012972171 ns, Reaching safepoint: 27958 ns, Cleanup: 21333 ns, At safepoint: 7417 ns, Total: 56708 ns
[2025-09-18T06:57:56.914+0000][122][info ][safepoint   ] Safepoint "Cleanup", Time since last: 1151292875 ns, Reaching safepoint: 8292 ns, Cleanup: 34458 ns, At safepoint: 8417 ns, Total: 51167 ns
[2025-09-18T06:57:58.772+0000][122][info ][safepoint   ] Safepoint "Cleanup", Time since last: 1857440459 ns, Reaching safepoint: 8250 ns, Cleanup: 137875 ns, At safepoint: 19625 ns, Total: 165750 ns
[2025-09-18T06:58:00.777+0000][122][info ][safepoint   ] Safepoint "Cleanup", Time since last: 2004342501 ns, Reaching safepoint: 583250 ns, Cleanup: 123792 ns, At safepoint: 43292 ns, Total: 750334 ns
[2025-09-18T06:58:01.779+0000][122][info ][safepoint   ] Safepoint "Cleanup", Time since last: 1002098417 ns, Reaching safepoint: 66166 ns, Cleanup: 91792 ns, At safepoint: 17208 ns, Total: 175166 ns
[2025-09-18T06:58:02.781+0000][122][info ][safepoint   ] Safepoint "Cleanup", Time since last: 1001858084 ns, Reaching safepoint: 61917 ns, Cleanup: 48292 ns, At safepoint: 21791 ns, Total: 132000 ns
[2025-09-18T06:58:05.792+0000][122][info ][safepoint   ] Safepoint "Cleanup", Time since last: 3010440168 ns, Reaching safepoint: 49125 ns, Cleanup: 15542 ns, At safepoint: 5167 ns, Total: 69834 ns
[2025-09-18T06:58:08.800+0000][122][info ][safepoint   ] Safepoint "Cleanup", Time since last: 3008344918 ns, Reaching safepoint: 56333 ns, Cleanup: 52000 ns, At safepoint: 10500 ns, Total: 118833 ns
[2025-09-18T06:58:11.807+0000][122][info ][safepoint   ] Safepoint "Cleanup", Time since last: 3006492918 ns, Reaching safepoint: 42375 ns, Cleanup: 18958 ns, At safepoint: 11542 ns, Total: 72875 ns
[2025-09-18T06:58:13.808+0000][122][info ][safepoint   ] Safepoint "Cleanup", Time since last: 2001111834 ns, Reaching safepoint: 438125 ns, Cleanup: 73500 ns, At safepoint: 9667 ns, Total: 521292 ns
[2025-09-18T06:58:18.813+0000][122][info ][safepoint   ] Safepoint "Cleanup", Time since last: 5004755711 ns, Reaching safepoint: 186083 ns, Cleanup: 35000 ns, At safepoint: 11250 ns, Total: 232333 ns
[2025-09-18T06:58:24.820+0000][122][info ][safepoint   ] Safepoint "Cleanup", Time since last: 6006313420 ns, Reaching safepoint: 35750 ns, Cleanup: 49208 ns, At safepoint: 10167 ns, Total: 95125 ns
[2025-09-18T06:58:26.820+0000][122][info ][safepoint   ] Safepoint "Cleanup", Time since last: 2001985416 ns, Reaching safepoint: 55834 ns, Cleanup: 88625 ns, At safepoint: 13708 ns, Total: 158167 ns
[2025-09-18T06:58:28.823+0000][122][info ][safepoint   ] Safepoint "Cleanup", Time since last: 2002015043 ns, Reaching safepoint: 834583 ns, Cleanup: 37875 ns, At safepoint: 14250 ns, Total: 886708 ns
[2025-09-18T06:58:29.825+0000][122][info ][safepoint   ] Safepoint "Cleanup", Time since last: 1002318709 ns, Reaching safepoint: 117541 ns, Cleanup: 55834 ns, At safepoint: 11916 ns, Total: 185291 ns
[2025-09-18T06:58:31.829+0000][122][info ][safepoint   ] Safepoint "Cleanup", Time since last: 2003137835 ns, Reaching safepoint: 15916 ns, Cleanup: 13500 ns, At safepoint: 5625 ns, Total: 35041 ns
[2025-09-18T06:58:33.831+0000][122][info ][safepoint   ] Safepoint "Cleanup", Time since last: 2002509376 ns, Reaching safepoint: 97459 ns, Cleanup: 96833 ns, At safepoint: 12042 ns, Total: 206334 ns
[2025-09-18T06:58:35.834+0000][122][info ][safepoint   ] Safepoint "Cleanup", Time since last: 2002887417 ns, Reaching safepoint: 73625 ns, Cleanup: 51917 ns, At safepoint: 9417 ns, Total: 134959 ns
[2025-09-18T06:58:37.840+0000][122][info ][safepoint   ] Safepoint "Cleanup", Time since last: 2005484292 ns, Reaching safepoint: 85542 ns, Cleanup: 51292 ns, At safepoint: 14916 ns, Total: 151750 ns
[2025-09-18T06:58:38.842+0000][122][info ][safepoint   ] Safepoint "Cleanup", Time since last: 1002284167 ns, Reaching safepoint: 93709 ns, Cleanup: 91333 ns, At safepoint: 25333 ns, Total: 210375 ns
[2025-09-18T06:58:43.853+0000][122][info ][safepoint   ] Safepoint "Cleanup", Time since last: 5010790628 ns, Reaching safepoint: 105291 ns, Cleanup: 26792 ns, At safepoint: 11958 ns, Total: 144041 ns
[2025-09-18T06:58:47.864+0000][122][info ][safepoint   ] Safepoint "Cleanup", Time since last: 4010845711 ns, Reaching safepoint: 80416 ns, Cleanup: 34584 ns, At safepoint: 19041 ns, Total: 134041 ns
[2025-09-18T06:58:48.867+0000][122][info ][safepoint   ] Safepoint "Cleanup", Time since last: 1002161168 ns, Reaching safepoint: 85791 ns, Cleanup: 91709 ns, At safepoint: 20333 ns, Total: 197833 ns
[2025-09-18T06:58:49.872+0000][122][info ][safepoint   ] Safepoint "Cleanup", Time since last: 1005556125 ns, Reaching safepoint: 15959 ns, Cleanup: 15708 ns, At safepoint: 8958 ns, Total: 40625 ns
[2025-09-18T06:58:53.878+0000][122][info ][safepoint   ] Safepoint "Cleanup", Time since last: 4005027002 ns, Reaching safepoint: 90084 ns, Cleanup: 130625 ns, At safepoint: 11666 ns, Total: 232375 ns
[2025-09-18T06:58:56.886+0000][122][info ][safepoint   ] Safepoint "Cleanup", Time since last: 3009198876 ns, Reaching safepoint: 103000 ns, Cleanup: 48084 ns, At safepoint: 15166 ns, Total: 166250 ns
[2025-09-18T06:58:58.072+0000][122][info ][safepoint   ] Safepoint "Cleanup", Time since last: 1185975959 ns, Reaching safepoint: 90417 ns, Cleanup: 44083 ns, At safepoint: 16084 ns, Total: 150584 ns
[2025-09-18T06:58:59.075+0000][122][info ][safepoint   ] Safepoint "Cleanup", Time since last: 1002304375 ns, Reaching safepoint: 78875 ns, Cleanup: 38542 ns, At safepoint: 11416 ns, Total: 128833 ns
[2025-09-18T06:59:00.936+0000][122][info ][safepoint   ] Safepoint "Cleanup", Time since last: 1861204251 ns, Reaching safepoint: 16667 ns, Cleanup: 185333 ns, At safepoint: 12167 ns, Total: 214167 ns
[2025-09-18T06:59:02.942+0000][122][info ][safepoint   ] Safepoint "Cleanup", Time since last: 2005593251 ns, Reaching safepoint: 65875 ns, Cleanup: 36625 ns, At safepoint: 29958 ns, Total: 132458 ns
[2025-09-18T06:59:03.946+0000][122][info ][safepoint   ] Safepoint "Cleanup", Time since last: 1004679334 ns, Reaching safepoint: 34625 ns, Cleanup: 24208 ns, At safepoint: 12667 ns, Total: 71500 ns
[2025-09-18T06:59:05.949+0000][122][info ][safepoint   ] Safepoint "Cleanup", Time since last: 2002030584 ns, Reaching safepoint: 90625 ns, Cleanup: 53167 ns, At safepoint: 16917 ns, Total: 160709 ns
[2025-09-18T06:59:06.953+0000][122][info ][safepoint   ] Safepoint "Cleanup", Time since last: 1004506292 ns, Reaching safepoint: 109500 ns, Cleanup: 56000 ns, At safepoint: 35416 ns, Total: 200916 ns
[2025-09-18T06:59:08.957+0000][122][info ][safepoint   ] Safepoint "Cleanup", Time since last: 2003790668 ns, Reaching safepoint: 41417 ns, Cleanup: 32291 ns, At safepoint: 8334 ns, Total: 82042 ns
[2025-09-18T06:59:14.240+0000][122][info ][gc,start    ] GC(21) Pause Young (Mixed) (G1 Evacuation Pause)
[2025-09-18T06:59:14.242+0000][122][info ][gc,task     ] GC(21) Using 8 workers of 8 for evacuation
[2025-09-18T06:59:14.242+0000][122][debug][gc,age      ] GC(21) Desired survivor size 41943040 bytes, new threshold 15 (max threshold 15)
[2025-09-18T06:59:14.292+0000][122][info ][gc,phases   ] GC(21)   Pre Evacuate Collection Set: 1.51ms
[2025-09-18T06:59:14.292+0000][122][info ][gc,phases   ] GC(21)   Merge Heap Roots: 0.42ms
[2025-09-18T06:59:14.292+0000][122][info ][gc,phases   ] GC(21)   Evacuate Collection Set: 44.42ms
[2025-09-18T06:59:14.292+0000][122][info ][gc,phases   ] GC(21)   Post Evacuate Collection Set: 3.11ms
[2025-09-18T06:59:14.292+0000][122][info ][gc,phases   ] GC(21)   Other: 0.82ms
[2025-09-18T06:59:14.292+0000][122][trace][gc,age      ] GC(21) Age table with threshold 15 (max threshold 15)
[2025-09-18T06:59:14.292+0000][122][trace][gc,age      ] GC(21) - age   1:     705208 bytes,     705208 total
[2025-09-18T06:59:14.292+0000][122][trace][gc,age      ] GC(21) - age   2:    1933864 bytes,    2639072 total
[2025-09-18T06:59:14.292+0000][122][trace][gc,age      ] GC(21) - age   3:    3908200 bytes,    6547272 total
[2025-09-18T06:59:14.293+0000][122][trace][gc,age      ] GC(21) - age   4:    2972576 bytes,    9519848 total
[2025-09-18T06:59:14.293+0000][122][trace][gc,age      ] GC(21) - age   5:   19116688 bytes,   28636536 total
[2025-09-18T06:59:14.293+0000][122][info ][gc,heap     ] GC(21) Eden regions: 145->0(145)
[2025-09-18T06:59:14.293+0000][122][info ][gc,heap     ] GC(21) Survivor regions: 8->8(20)
[2025-09-18T06:59:14.293+0000][122][info ][gc,heap     ] GC(21) Old regions: 30->29
[2025-09-18T06:59:14.293+0000][122][info ][gc,heap     ] GC(21) Humongous regions: 2->2
[2025-09-18T06:59:14.293+0000][122][info ][gc,metaspace] GC(21) Metaspace: 158235K(162560K)->158235K(162560K) NonClass: 136386K(138752K)->136386K(138752K) Class: 21848K(23808K)->21848K(23808K)
[2025-09-18T06:59:14.293+0000][122][info ][gc          ] GC(21) Pause Young (Mixed) (G1 Evacuation Pause) 735M->152M(1024M) 52.652ms
[2025-09-18T06:59:14.293+0000][122][info ][gc,cpu      ] GC(21) User=0.37s Sys=0.00s Real=0.06s
[2025-09-18T06:59:14.293+0000][122][info ][safepoint   ] Safepoint "G1CollectForAllocation", Time since last: 5282885044 ns, Reaching safepoint: 62333 ns, Cleanup: 38000 ns, At safepoint: 52932750 ns, Total: 53033083 ns
[2025-09-18T06:59:15.295+0000][122][info ][safepoint   ] Safepoint "Cleanup", Time since last: 1001608751 ns, Reaching safepoint: 81250 ns, Cleanup: 35500 ns, At safepoint: 23958 ns, Total: 140708 ns
[2025-09-18T06:59:21.301+0000][122][info ][safepoint   ] Safepoint "Cleanup", Time since last: 6005925170 ns, Reaching safepoint: 64375 ns, Cleanup: 34291 ns, At safepoint: 30000 ns, Total: 128666 ns
[2025-09-18T06:59:24.307+0000][122][info ][safepoint   ] Safepoint "Cleanup", Time since last: 3006065752 ns, Reaching safepoint: 244875 ns, Cleanup: 182625 ns, At safepoint: 30208 ns, Total: 457708 ns
[2025-09-18T06:59:25.310+0000][122][info ][safepoint   ] Safepoint "Cleanup", Time since last: 1001929501 ns, Reaching safepoint: 77458 ns, Cleanup: 67708 ns, At safepoint: 33584 ns, Total: 178750 ns
[2025-09-18T06:59:29.313+0000][122][info ][safepoint   ] Safepoint "Cleanup", Time since last: 4004311751 ns, Reaching safepoint: 154583 ns, Cleanup: 63167 ns, At safepoint: 30083 ns, Total: 247833 ns
[2025-09-18T06:59:33.319+0000][122][info ][safepoint   ] Safepoint "Cleanup", Time since last: 4005982419 ns, Reaching safepoint: 97833 ns, Cleanup: 20375 ns, At safepoint: 21750 ns, Total: 139958 ns
[2025-09-18T06:59:37.333+0000][122][info ][safepoint   ] Safepoint "Cleanup", Time since last: 4013698960 ns, Reaching safepoint: 92500 ns, Cleanup: 65167 ns, At safepoint: 22583 ns, Total: 180250 ns
[2025-09-18T06:59:39.335+0000][122][info ][safepoint   ] Safepoint "Cleanup", Time since last: 2002677210 ns, Reaching safepoint: 56458 ns, Cleanup: 29125 ns, At safepoint: 16000 ns, Total: 101583 ns
[2025-09-18T06:59:54.355+0000][122][info ][safepoint   ] Safepoint "Cleanup", Time since last: 15019318632 ns, Reaching safepoint: 84625 ns, Cleanup: 49083 ns, At safepoint: 20917 ns, Total: 154625 ns
[2025-09-18T06:59:59.234+0000][122][info ][safepoint   ] Safepoint "Cleanup", Time since last: 4880315293 ns, Reaching safepoint: 88209 ns, Cleanup: 46916 ns, At safepoint: 15084 ns, Total: 150209 ns
[2025-09-18T07:00:02.676+0000][122][info ][safepoint   ] Safepoint "Cleanup", Time since last: 3441074376 ns, Reaching safepoint: 5667 ns, Cleanup: 21292 ns, At safepoint: 1958 ns, Total: 28917 ns
[2025-09-18T07:00:04.108+0000][122][info ][safepoint   ] Safepoint "Cleanup", Time since last: 1432021959 ns, Reaching safepoint: 10625 ns, Cleanup: 58542 ns, At safepoint: 7458 ns, Total: 76625 ns
[2025-09-18T07:00:06.113+0000][122][info ][safepoint   ] Safepoint "Cleanup", Time since last: 2004890376 ns, Reaching safepoint: 25708 ns, Cleanup: 24125 ns, At safepoint: 9417 ns, Total: 59250 ns
[2025-09-18T07:00:09.118+0000][122][info ][safepoint   ] Safepoint "Cleanup", Time since last: 3005406752 ns, Reaching safepoint: 59000 ns, Cleanup: 46333 ns, At safepoint: 40000 ns, Total: 145333 ns
[2025-09-18T07:00:11.123+0000][122][info ][safepoint   ] Safepoint "Cleanup", Time since last: 2004861376 ns, Reaching safepoint: 148791 ns, Cleanup: 63125 ns, At safepoint: 29292 ns, Total: 241208 ns
[2025-09-18T07:00:12.125+0000][122][info ][safepoint   ] Safepoint "Cleanup", Time since last: 1001888709 ns, Reaching safepoint: 142208 ns, Cleanup: 63917 ns, At safepoint: 15542 ns, Total: 221667 ns
[2025-09-18T07:00:14.132+0000][122][info ][safepoint   ] Safepoint "Cleanup", Time since last: 2006598459 ns, Reaching safepoint: 51375 ns, Cleanup: 41667 ns, At safepoint: 47250 ns, Total: 140292 ns
[2025-09-18T07:00:22.144+0000][122][info ][safepoint   ] Safepoint "Cleanup", Time since last: 8011915795 ns, Reaching safepoint: 217625 ns, Cleanup: 58833 ns, At safepoint: 53542 ns, Total: 330000 ns
[2025-09-18T07:00:25.149+0000][122][info ][safepoint   ] Safepoint "Cleanup", Time since last: 3004525293 ns, Reaching safepoint: 101542 ns, Cleanup: 59417 ns, At safepoint: 18916 ns, Total: 179875 ns
[2025-09-18T07:00:29.154+0000][122][info ][safepoint   ] Safepoint "Cleanup", Time since last: 4005663251 ns, Reaching safepoint: 381875 ns, Cleanup: 94250 ns, At safepoint: 20542 ns, Total: 496667 ns
[2025-09-18T07:00:30.155+0000][122][info ][safepoint   ] Safepoint "Cleanup", Time since last: 1001041542 ns, Reaching safepoint: 137709 ns, Cleanup: 34083 ns, At safepoint: 21917 ns, Total: 193709 ns
[2025-09-18T07:00:33.158+0000][122][info ][safepoint   ] Safepoint "Cleanup", Time since last: 3003133668 ns, Reaching safepoint: 115000 ns, Cleanup: 55083 ns, At safepoint: 18167 ns, Total: 188250 ns
[2025-09-18T07:00:37.166+0000][122][info ][safepoint   ] Safepoint "Cleanup", Time since last: 4007384793 ns, Reaching safepoint: 49500 ns, Cleanup: 30084 ns, At safepoint: 11083 ns, Total: 90667 ns
[2025-09-18T07:00:38.168+0000][122][info ][safepoint   ] Safepoint "Cleanup", Time since last: 1001456792 ns, Reaching safepoint: 73125 ns, Cleanup: 39250 ns, At safepoint: 16125 ns, Total: 128500 ns
[2025-09-18T07:00:39.169+0000][122][info ][safepoint   ] Safepoint "Cleanup", Time since last: 1001240251 ns, Reaching safepoint: 102833 ns, Cleanup: 59000 ns, At safepoint: 21042 ns, Total: 182875 ns
[2025-09-18T07:00:41.174+0000][122][info ][safepoint   ] Safepoint "Cleanup", Time since last: 2004400459 ns, Reaching safepoint: 77542 ns, Cleanup: 63708 ns, At safepoint: 15000 ns, Total: 156250 ns
[2025-09-18T07:00:44.182+0000][122][info ][safepoint   ] Safepoint "Cleanup", Time since last: 3008184585 ns, Reaching safepoint: 90625 ns, Cleanup: 47458 ns, At safepoint: 9583 ns, Total: 147666 ns
[2025-09-18T07:00:45.183+0000][122][info ][safepoint   ] Safepoint "Cleanup", Time since last: 1001568626 ns, Reaching safepoint: 18208 ns, Cleanup: 12583 ns, At safepoint: 5417 ns, Total: 36208 ns
[2025-09-18T07:00:46.185+0000][122][info ][safepoint   ] Safepoint "Cleanup", Time since last: 1001288459 ns, Reaching safepoint: 43917 ns, Cleanup: 14541 ns, At safepoint: 9375 ns, Total: 67833 ns
[2025-09-18T07:00:48.188+0000][122][info ][safepoint   ] Safepoint "Cleanup", Time since last: 2003276251 ns, Reaching safepoint: 108292 ns, Cleanup: 62625 ns, At safepoint: 23458 ns, Total: 194375 ns
[2025-09-18T07:00:55.207+0000][122][info ][safepoint   ] Safepoint "Cleanup", Time since last: 7018628212 ns, Reaching safepoint: 99583 ns, Cleanup: 107209 ns, At safepoint: 29833 ns, Total: 236625 ns
[2025-09-18T07:01:03.295+0000][122][info ][safepoint   ] Safepoint "Cleanup", Time since last: 8089060295 ns, Reaching safepoint: 45083 ns, Cleanup: 50292 ns, At safepoint: 40125 ns, Total: 135500 ns
[2025-09-18T07:01:04.297+0000][122][info ][safepoint   ] Safepoint "Cleanup", Time since last: 1001947626 ns, Reaching safepoint: 73125 ns, Cleanup: 40041 ns, At safepoint: 17459 ns, Total: 130625 ns
[2025-09-18T07:01:05.909+0000][122][info ][safepoint   ] Safepoint "Cleanup", Time since last: 1612574292 ns, Reaching safepoint: 13500 ns, Cleanup: 57708 ns, At safepoint: 5167 ns, Total: 76375 ns
[2025-09-18T07:01:07.319+0000][122][info ][safepoint   ] Safepoint "Cleanup", Time since last: 1409371042 ns, Reaching safepoint: 5334 ns, Cleanup: 53750 ns, At safepoint: 9125 ns, Total: 68209 ns
[2025-09-18T07:01:08.321+0000][122][info ][safepoint   ] Safepoint "Cleanup", Time since last: 1002031208 ns, Reaching safepoint: 84500 ns, Cleanup: 54167 ns, At safepoint: 17708 ns, Total: 156375 ns
[2025-09-18T07:01:09.324+0000][122][info ][safepoint   ] Safepoint "Cleanup", Time since last: 1002650876 ns, Reaching safepoint: 85917 ns, Cleanup: 66083 ns, At safepoint: 20667 ns, Total: 172667 ns
[2025-09-18T07:01:14.331+0000][122][info ][safepoint   ] Safepoint "Cleanup", Time since last: 5007235002 ns, Reaching safepoint: 156083 ns, Cleanup: 70334 ns, At safepoint: 20541 ns, Total: 246958 ns
[2025-09-18T07:01:21.343+0000][122][info ][safepoint   ] Safepoint "Cleanup", Time since last: 7010956295 ns, Reaching safepoint: 295875 ns, Cleanup: 27709 ns, At safepoint: 11166 ns, Total: 334750 ns
[2025-09-18T07:01:23.348+0000][122][info ][safepoint   ] Safepoint "Cleanup", Time since last: 2004962543 ns, Reaching safepoint: 54625 ns, Cleanup: 28792 ns, At safepoint: 10875 ns, Total: 94292 ns
[2025-09-18T07:01:24.351+0000][122][info ][safepoint   ] Safepoint "Cleanup", Time since last: 1002860625 ns, Reaching safepoint: 67542 ns, Cleanup: 32375 ns, At safepoint: 13916 ns, Total: 113833 ns
[2025-09-18T07:01:24.686+0000][122][info ][gc,start    ] GC(22) Pause Young (Concurrent Start) (CodeCache GC Threshold)
[2025-09-18T07:01:24.686+0000][122][info ][gc,task     ] GC(22) Using 8 workers of 8 for evacuation
[2025-09-18T07:01:24.686+0000][122][debug][gc,age      ] GC(22) Desired survivor size 41943040 bytes, new threshold 15 (max threshold 15)
[2025-09-18T07:01:24.724+0000][122][info ][gc,phases   ] GC(22)   Pre Evacuate Collection Set: 1.39ms
[2025-09-18T07:01:24.724+0000][122][info ][gc,phases   ] GC(22)   Merge Heap Roots: 0.23ms
[2025-09-18T07:01:24.724+0000][122][info ][gc,phases   ] GC(22)   Evacuate Collection Set: 33.15ms
[2025-09-18T07:01:24.724+0000][122][info ][gc,phases   ] GC(22)   Post Evacuate Collection Set: 2.64ms
[2025-09-18T07:01:24.724+0000][122][info ][gc,phases   ] GC(22)   Other: 0.56ms
[2025-09-18T07:01:24.724+0000][122][trace][gc,age      ] GC(22) Age table with threshold 15 (max threshold 15)
[2025-09-18T07:01:24.724+0000][122][trace][gc,age      ] GC(22) - age   1:     291280 bytes,     291280 total
[2025-09-18T07:01:24.724+0000][122][trace][gc,age      ] GC(22) - age   2:     417616 bytes,     708896 total
[2025-09-18T07:01:24.725+0000][122][trace][gc,age      ] GC(22) - age   3:    1933704 bytes,    2642600 total
[2025-09-18T07:01:24.725+0000][122][trace][gc,age      ] GC(22) - age   4:    3908008 bytes,    6550608 total
[2025-09-18T07:01:24.725+0000][122][trace][gc,age      ] GC(22) - age   5:    2972576 bytes,    9523184 total
[2025-09-18T07:01:24.725+0000][122][trace][gc,age      ] GC(22) - age   6:   19116688 bytes,   28639872 total
[2025-09-18T07:01:24.725+0000][122][info ][gc,heap     ] GC(22) Eden regions: 43->0(145)
[2025-09-18T07:01:24.725+0000][122][info ][gc,heap     ] GC(22) Survivor regions: 8->8(20)
[2025-09-18T07:01:24.725+0000][122][info ][gc,heap     ] GC(22) Old regions: 29->29
[2025-09-18T07:01:24.725+0000][122][info ][gc,heap     ] GC(22) Humongous regions: 2->2
[2025-09-18T07:01:24.725+0000][122][info ][gc,metaspace] GC(22) Metaspace: 158398K(162816K)->158398K(162816K) NonClass: 136545K(139008K)->136545K(139008K) Class: 21852K(23808K)->21852K(23808K)
[2025-09-18T07:01:24.725+0000][122][info ][gc          ] GC(22) Pause Young (Concurrent Start) (CodeCache GC Threshold) 322M->153M(1024M) 39.255ms
[2025-09-18T07:01:24.725+0000][122][info ][gc,cpu      ] GC(22) User=0.24s Sys=0.00s Real=0.03s
[2025-09-18T07:01:24.725+0000][122][info ][gc          ] GC(23) Concurrent Mark Cycle
[2025-09-18T07:01:24.725+0000][122][info ][gc,marking  ] GC(23) Concurrent Scan Root Regions
[2025-09-18T07:01:24.725+0000][122][info ][safepoint   ] Safepoint "G1TryInitiateConcMark", Time since last: 334953209 ns, Reaching safepoint: 13583 ns, Cleanup: 16959 ns, At safepoint: 39535750 ns, Total: 39566292 ns
[2025-09-18T07:01:24.737+0000][122][info ][gc,marking  ] GC(23) Concurrent Scan Root Regions 11.937ms
[2025-09-18T07:01:24.737+0000][122][info ][gc,marking  ] GC(23) Concurrent Mark
[2025-09-18T07:01:24.737+0000][122][info ][gc,marking  ] GC(23) Concurrent Mark From Roots
[2025-09-18T07:01:24.738+0000][122][info ][gc,task     ] GC(23) Using 2 workers of 2 for marking
[2025-09-18T07:01:24.847+0000][122][info ][gc,marking  ] GC(23) Concurrent Mark From Roots 109.032ms
[2025-09-18T07:01:24.847+0000][122][info ][gc,marking  ] GC(23) Concurrent Preclean
[2025-09-18T07:01:24.848+0000][122][info ][gc,marking  ] GC(23) Concurrent Preclean 1.399ms
[2025-09-18T07:01:24.848+0000][122][info ][gc,start    ] GC(23) Pause Remark
[2025-09-18T07:01:25.077+0000][122][info ][gc,mmu      ] GC(23) MMU target violated: 201.0ms (200.0ms/201.0ms)
[2025-09-18T07:01:25.077+0000][122][info ][gc          ] GC(23) Pause Remark 155M->155M(1024M) 228.742ms
[2025-09-18T07:01:25.077+0000][122][info ][gc,cpu      ] GC(23) User=1.49s Sys=0.03s Real=0.23s
[2025-09-18T07:01:25.077+0000][122][info ][safepoint   ] Safepoint "G1PauseRemark", Time since last: 123006625 ns, Reaching safepoint: 35041 ns, Cleanup: 5334 ns, At safepoint: 229038333 ns, Total: 229078708 ns
[2025-09-18T07:01:25.079+0000][122][info ][gc,marking  ] GC(23) Concurrent Mark 341.181ms
[2025-09-18T07:01:25.079+0000][122][info ][gc,marking  ] GC(23) Concurrent Rebuild Remembered Sets and Scrub Regions
[2025-09-18T07:01:25.140+0000][122][info ][gc,marking  ] GC(23) Concurrent Rebuild Remembered Sets and Scrub Regions 60.882ms
[2025-09-18T07:01:25.140+0000][122][info ][gc,start    ] GC(23) Pause Cleanup
[2025-09-18T07:01:25.141+0000][122][info ][gc          ] GC(23) Pause Cleanup 156M->156M(1024M) 0.287ms
[2025-09-18T07:01:25.141+0000][122][info ][gc,cpu      ] GC(23) User=0.00s Sys=0.00s Real=0.00s
[2025-09-18T07:01:25.141+0000][122][info ][safepoint   ] Safepoint "G1PauseCleanup", Time since last: 62633458 ns, Reaching safepoint: 48000 ns, Cleanup: 218042 ns, At safepoint: 522250 ns, Total: 788292 ns
[2025-09-18T07:01:25.141+0000][122][info ][gc,marking  ] GC(23) Concurrent Clear Claimed Marks
[2025-09-18T07:01:25.141+0000][122][info ][gc,marking  ] GC(23) Concurrent Clear Claimed Marks 0.471ms
[2025-09-18T07:01:25.142+0000][122][info ][gc,marking  ] GC(23) Concurrent Cleanup for Next Mark
[2025-09-18T07:01:25.151+0000][122][info ][gc,marking  ] GC(23) Concurrent Cleanup for Next Mark 8.566ms
[2025-09-18T07:01:25.151+0000][122][info ][gc          ] GC(23) Concurrent Mark Cycle 425.824ms
[2025-09-18T07:01:26.656+0000][122][info ][safepoint   ] Safepoint "Cleanup", Time since last: 1516609375 ns, Reaching safepoint: 5458 ns, Cleanup: 14625 ns, At safepoint: 6625 ns, Total: 26708 ns
[2025-09-18T07:01:28.406+0000][122][info ][safepoint   ] Safepoint "Cleanup", Time since last: 1750059334 ns, Reaching safepoint: 122959 ns, Cleanup: 64041 ns, At safepoint: 14292 ns, Total: 201292 ns
[2025-09-18T07:01:29.410+0000][122][info ][safepoint   ] Safepoint "Cleanup", Time since last: 1003568584 ns, Reaching safepoint: 76500 ns, Cleanup: 48458 ns, At safepoint: 18500 ns, Total: 143458 ns
[2025-09-18T07:01:30.438+0000][122][info ][safepoint   ] Safepoint "Cleanup", Time since last: 1027737751 ns, Reaching safepoint: 397541 ns, Cleanup: 29625 ns, At safepoint: 7334 ns, Total: 434500 ns
[2025-09-18T07:01:31.459+0000][122][info ][safepoint   ] Safepoint "Cleanup", Time since last: 1020471167 ns, Reaching safepoint: 70042 ns, Cleanup: 44875 ns, At safepoint: 16291 ns, Total: 131208 ns
[2025-09-18T07:01:33.463+0000][122][info ][safepoint   ] Safepoint "Cleanup", Time since last: 2004183959 ns, Reaching safepoint: 70334 ns, Cleanup: 54708 ns, At safepoint: 12625 ns, Total: 137667 ns
[2025-09-18T07:01:37.470+0000][122][info ][safepoint   ] Safepoint "Cleanup", Time since last: 4006850960 ns, Reaching safepoint: 51167 ns, Cleanup: 31583 ns, At safepoint: 14000 ns, Total: 96750 ns
[2025-09-18T07:01:41.477+0000][122][info ][safepoint   ] Safepoint "Cleanup", Time since last: 4006505294 ns, Reaching safepoint: 38792 ns, Cleanup: 24625 ns, At safepoint: 9291 ns, Total: 72708 ns
[2025-09-18T07:01:44.481+0000][122][info ][safepoint   ] Safepoint "Cleanup", Time since last: 3003681252 ns, Reaching safepoint: 148958 ns, Cleanup: 21542 ns, At safepoint: 10666 ns, Total: 181166 ns
[2025-09-18T07:01:45.482+0000][122][info ][safepoint   ] Safepoint "Cleanup", Time since last: 1001594209 ns, Reaching safepoint: 35000 ns, Cleanup: 22167 ns, At safepoint: 6458 ns, Total: 63625 ns
[2025-09-18T07:01:49.487+0000][122][info ][safepoint   ] Safepoint "Cleanup", Time since last: 4004317669 ns, Reaching safepoint: 80708 ns, Cleanup: 13500 ns, At safepoint: 11750 ns, Total: 105958 ns
[2025-09-18T07:01:51.490+0000][122][info ][safepoint   ] Safepoint "Cleanup", Time since last: 2003172334 ns, Reaching safepoint: 32292 ns, Cleanup: 27042 ns, At safepoint: 8333 ns, Total: 67667 ns
[2025-09-18T07:01:54.495+0000][122][info ][safepoint   ] Safepoint "Cleanup", Time since last: 3004503668 ns, Reaching safepoint: 292334 ns, Cleanup: 59916 ns, At safepoint: 8959 ns, Total: 361209 ns
[2025-09-18T07:01:56.497+0000][122][info ][safepoint   ] Safepoint "Cleanup", Time since last: 2002410459 ns, Reaching safepoint: 13958 ns, Cleanup: 9083 ns, At safepoint: 4584 ns, Total: 27625 ns
[2025-09-18T07:01:58.296+0000][122][info ][safepoint   ] Safepoint "Cleanup", Time since last: 1799650250 ns, Reaching safepoint: 13584 ns, Cleanup: 17708 ns, At safepoint: 4750 ns, Total: 36042 ns
[2025-09-18T07:01:59.761+0000][122][info ][safepoint   ] Safepoint "Cleanup", Time since last: 1464682959 ns, Reaching safepoint: 19000 ns, Cleanup: 22250 ns, At safepoint: 4833 ns, Total: 46083 ns
[2025-09-18T07:02:02.768+0000][122][info ][safepoint   ] Safepoint "Cleanup", Time since last: 3007489543 ns, Reaching safepoint: 29875 ns, Cleanup: 26209 ns, At safepoint: 7458 ns, Total: 63542 ns
[2025-09-18T07:02:03.772+0000][122][info ][safepoint   ] Safepoint "Cleanup", Time since last: 1003436834 ns, Reaching safepoint: 12875 ns, Cleanup: 8375 ns, At safepoint: 3500 ns, Total: 24750 ns
[2025-09-18T07:02:05.780+0000][122][info ][safepoint   ] Safepoint "Cleanup", Time since last: 2007934501 ns, Reaching safepoint: 14083 ns, Cleanup: 9209 ns, At safepoint: 4541 ns, Total: 27833 ns
[2025-09-18T07:02:08.683+0000][122][info ][safepoint   ] Safepoint "Cleanup", Time since last: 2901973918 ns, Reaching safepoint: 729292 ns, Cleanup: 19292 ns, At safepoint: 9833 ns, Total: 758417 ns
[2025-09-18T07:02:10.565+0000][122][info ][safepoint   ] Safepoint "Cleanup", Time since last: 1882028043 ns, Reaching safepoint: 5416 ns, Cleanup: 38500 ns, At safepoint: 9167 ns, Total: 53083 ns
[2025-09-18T07:02:11.567+0000][122][info ][safepoint   ] Safepoint "Cleanup", Time since last: 1002163459 ns, Reaching safepoint: 14500 ns, Cleanup: 10291 ns, At safepoint: 5042 ns, Total: 29833 ns
[2025-09-18T07:02:18.582+0000][122][info ][safepoint   ] Safepoint "Cleanup", Time since last: 7014453795 ns, Reaching safepoint: 234958 ns, Cleanup: 22375 ns, At safepoint: 5209 ns, Total: 262542 ns
[2025-09-18T07:02:19.584+0000][122][info ][safepoint   ] Safepoint "Cleanup", Time since last: 1002423834 ns, Reaching safepoint: 201208 ns, Cleanup: 46083 ns, At safepoint: 10542 ns, Total: 257833 ns
[2025-09-18T07:02:21.586+0000][122][info ][safepoint   ] Safepoint "Cleanup", Time since last: 2001462626 ns, Reaching safepoint: 56083 ns, Cleanup: 14500 ns, At safepoint: 7708 ns, Total: 78291 ns
[2025-09-18T07:02:23.590+0000][122][info ][safepoint   ] Safepoint "Cleanup", Time since last: 2003886501 ns, Reaching safepoint: 23375 ns, Cleanup: 21250 ns, At safepoint: 12459 ns, Total: 57084 ns
[2025-09-18T07:02:24.591+0000][122][info ][safepoint   ] Safepoint "Cleanup", Time since last: 1001103292 ns, Reaching safepoint: 24083 ns, Cleanup: 20625 ns, At safepoint: 14042 ns, Total: 58750 ns
[2025-09-18T07:02:25.592+0000][122][info ][safepoint   ] Safepoint "Cleanup", Time since last: 1000362042 ns, Reaching safepoint: 231000 ns, Cleanup: 72750 ns, At safepoint: 11875 ns, Total: 315625 ns
[2025-09-18T07:02:27.591+0000][122][info ][safepoint   ] Safepoint "Cleanup", Time since last: 2001933459 ns, Reaching safepoint: 291208 ns, Cleanup: 30375 ns, At safepoint: 16584 ns, Total: 338167 ns
[2025-09-18T07:02:36.608+0000][122][info ][safepoint   ] Safepoint "Cleanup", Time since last: 9016632504 ns, Reaching safepoint: 38125 ns, Cleanup: 28458 ns, At safepoint: 10500 ns, Total: 77083 ns
[2025-09-18T07:02:42.621+0000][122][info ][safepoint   ] Safepoint "Cleanup", Time since last: 6012769962 ns, Reaching safepoint: 15958 ns, Cleanup: 9875 ns, At safepoint: 5500 ns, Total: 31333 ns
[2025-09-18T07:02:44.627+0000][122][info ][safepoint   ] Safepoint "Cleanup", Time since last: 2005934251 ns, Reaching safepoint: 273666 ns, Cleanup: 55292 ns, At safepoint: 10000 ns, Total: 338958 ns
[2025-09-18T07:02:45.629+0000][122][info ][safepoint   ] Safepoint "Cleanup", Time since last: 1001490792 ns, Reaching safepoint: 35584 ns, Cleanup: 17666 ns, At safepoint: 9959 ns, Total: 63209 ns
[2025-09-18T07:02:46.630+0000][122][info ][safepoint   ] Safepoint "Cleanup", Time since last: 1001821208 ns, Reaching safepoint: 12625 ns, Cleanup: 12542 ns, At safepoint: 2875 ns, Total: 28042 ns
[2025-09-18T07:02:48.635+0000][122][info ][safepoint   ] Safepoint "Cleanup", Time since last: 2004428501 ns, Reaching safepoint: 16583 ns, Cleanup: 15375 ns, At safepoint: 10125 ns, Total: 42083 ns
[2025-09-18T07:03:06.446+0000][122][info ][safepoint   ] Safepoint "Cleanup", Time since last: 17811278717 ns, Reaching safepoint: 34041 ns, Cleanup: 12167 ns, At safepoint: 4042 ns, Total: 50250 ns
[2025-09-18T07:03:07.449+0000][122][info ][safepoint   ] Safepoint "Cleanup", Time since last: 1002369583 ns, Reaching safepoint: 11584 ns, Cleanup: 14458 ns, At safepoint: 3458 ns, Total: 29500 ns
[2025-09-18T07:03:09.451+0000][122][info ][safepoint   ] Safepoint "Cleanup", Time since last: 2002375543 ns, Reaching safepoint: 11500 ns, Cleanup: 8042 ns, At safepoint: 2958 ns, Total: 22500 ns
[2025-09-18T07:03:11.454+0000][122][info ][safepoint   ] Safepoint "Cleanup", Time since last: 2002326459 ns, Reaching safepoint: 379375 ns, Cleanup: 93250 ns, At safepoint: 13750 ns, Total: 486375 ns
[2025-09-18T07:03:12.674+0000][122][info ][safepoint   ] Safepoint "Cleanup", Time since last: 1219525126 ns, Reaching safepoint: 551875 ns, Cleanup: 56042 ns, At safepoint: 16375 ns, Total: 624292 ns
[2025-09-18T07:03:13.729+0000][122][info ][safepoint   ] Safepoint "Cleanup", Time since last: 1054986583 ns, Reaching safepoint: 5625 ns, Cleanup: 26084 ns, At safepoint: 7250 ns, Total: 38959 ns
[2025-09-18T07:03:14.731+0000][122][info ][safepoint   ] Safepoint "Cleanup", Time since last: 1002214000 ns, Reaching safepoint: 11584 ns, Cleanup: 10541 ns, At safepoint: 4959 ns, Total: 27084 ns
[2025-09-18T07:03:17.737+0000][122][info ][safepoint   ] Safepoint "Cleanup", Time since last: 3006246959 ns, Reaching safepoint: 16167 ns, Cleanup: 10792 ns, At safepoint: 5291 ns, Total: 32250 ns
[2025-09-18T07:03:23.745+0000][122][info ][safepoint   ] Safepoint "Cleanup", Time since last: 6007281003 ns, Reaching safepoint: 97833 ns, Cleanup: 24542 ns, At safepoint: 6792 ns, Total: 129167 ns
[2025-09-18T07:03:24.751+0000][122][info ][safepoint   ] Safepoint "Cleanup", Time since last: 1006298375 ns, Reaching safepoint: 42625 ns, Cleanup: 25125 ns, At safepoint: 5709 ns, Total: 73459 ns
[2025-09-18T07:03:27.756+0000][122][info ][safepoint   ] Safepoint "Cleanup", Time since last: 3006217375 ns, Reaching safepoint: 56292 ns, Cleanup: 23958 ns, At safepoint: 28042 ns, Total: 108292 ns
[2025-09-18T07:03:33.774+0000][122][info ][safepoint   ] Safepoint "Cleanup", Time since last: 6017206295 ns, Reaching safepoint: 29708 ns, Cleanup: 17208 ns, At safepoint: 6542 ns, Total: 53458 ns
[2025-09-18T07:03:37.780+0000][122][info ][safepoint   ] Safepoint "Cleanup", Time since last: 4006716294 ns, Reaching safepoint: 14125 ns, Cleanup: 9791 ns, At safepoint: 4625 ns, Total: 28541 ns
[2025-09-18T07:03:57.587+0000][122][info ][safepoint   ] Safepoint "Cleanup", Time since last: 19808266675 ns, Reaching safepoint: 33334 ns, Cleanup: 21625 ns, At safepoint: 3791 ns, Total: 58750 ns
[2025-09-18T07:04:04.594+0000][122][info ][safepoint   ] Safepoint "Cleanup", Time since last: 7007862045 ns, Reaching safepoint: 13834 ns, Cleanup: 11041 ns, At safepoint: 4875 ns, Total: 29750 ns
[2025-09-18T07:04:09.599+0000][122][info ][safepoint   ] Safepoint "Cleanup", Time since last: 5004076836 ns, Reaching safepoint: 223458 ns, Cleanup: 40084 ns, At safepoint: 14916 ns, Total: 278458 ns
[2025-09-18T07:04:11.603+0000][122][info ][safepoint   ] Safepoint "Cleanup", Time since last: 2003651001 ns, Reaching safepoint: 271667 ns, Cleanup: 17375 ns, At safepoint: 6583 ns, Total: 295625 ns
[2025-09-18T07:04:12.604+0000][122][info ][safepoint   ] Safepoint "Cleanup", Time since last: 1001003626 ns, Reaching safepoint: 19958 ns, Cleanup: 24667 ns, At safepoint: 6500 ns, Total: 51125 ns
[2025-09-18T07:04:14.607+0000][122][info ][safepoint   ] Safepoint "Cleanup", Time since last: 2002967292 ns, Reaching safepoint: 15209 ns, Cleanup: 10375 ns, At safepoint: 3708 ns, Total: 29292 ns
[2025-09-18T07:04:15.892+0000][122][info ][safepoint   ] Safepoint "Cleanup", Time since last: 1285266501 ns, Reaching safepoint: 6291 ns, Cleanup: 91625 ns, At safepoint: 9417 ns, Total: 107333 ns
[2025-09-18T07:04:16.933+0000][122][info ][safepoint   ] Safepoint "Cleanup", Time since last: 1040912001 ns, Reaching safepoint: 118125 ns, Cleanup: 55000 ns, At safepoint: 18750 ns, Total: 191875 ns
[2025-09-18T07:04:17.935+0000][122][info ][safepoint   ] Safepoint "Cleanup", Time since last: 1001480042 ns, Reaching safepoint: 22041 ns, Cleanup: 12375 ns, At safepoint: 10292 ns, Total: 44708 ns
[2025-09-18T07:04:18.937+0000][122][info ][safepoint   ] Safepoint "Cleanup", Time since last: 1001763626 ns, Reaching safepoint: 14541 ns, Cleanup: 10334 ns, At safepoint: 4666 ns, Total: 29541 ns
[2025-09-18T07:04:24.946+0000][122][info ][safepoint   ] Safepoint "Cleanup", Time since last: 6007826378 ns, Reaching safepoint: 1171958 ns, Cleanup: 109250 ns, At safepoint: 13792 ns, Total: 1295000 ns
[2025-09-18T07:04:28.950+0000][122][info ][safepoint   ] Safepoint "Cleanup", Time since last: 4004952334 ns, Reaching safepoint: 42709 ns, Cleanup: 10916 ns, At safepoint: 6667 ns, Total: 60292 ns
[2025-09-18T07:04:29.951+0000][122][info ][safepoint   ] Safepoint "Cleanup", Time since last: 1000921709 ns, Reaching safepoint: 39625 ns, Cleanup: 20250 ns, At safepoint: 8458 ns, Total: 68333 ns
[2025-09-18T07:04:33.958+0000][122][info ][safepoint   ] Safepoint "Cleanup", Time since last: 4007367710 ns, Reaching safepoint: 63167 ns, Cleanup: 12542 ns, At safepoint: 10208 ns, Total: 85917 ns
[2025-09-18T07:04:36.963+0000][122][info ][safepoint   ] Safepoint "Cleanup", Time since last: 3004457376 ns, Reaching safepoint: 311209 ns, Cleanup: 37750 ns, At safepoint: 11458 ns, Total: 360417 ns
[2025-09-18T07:04:37.965+0000][122][info ][safepoint   ] Safepoint "Cleanup", Time since last: 1001577167 ns, Reaching safepoint: 40292 ns, Cleanup: 8542 ns, At safepoint: 6083 ns, Total: 54917 ns
[2025-09-18T07:04:41.969+0000][122][info ][safepoint   ] Safepoint "Cleanup", Time since last: 4003795669 ns, Reaching safepoint: 51125 ns, Cleanup: 9208 ns, At safepoint: 13375 ns, Total: 73708 ns
[2025-09-18T07:04:44.972+0000][122][info ][safepoint   ] Safepoint "Cleanup", Time since last: 3003113710 ns, Reaching safepoint: 205291 ns, Cleanup: 53667 ns, At safepoint: 26750 ns, Total: 285708 ns
[2025-09-18T07:04:47.975+0000][122][info ][safepoint   ] Safepoint "Cleanup", Time since last: 3002674126 ns, Reaching safepoint: 154167 ns, Cleanup: 57500 ns, At safepoint: 10208 ns, Total: 221875 ns
[2025-09-18T07:04:53.983+0000][122][info ][safepoint   ] Safepoint "Cleanup", Time since last: 6008078337 ns, Reaching safepoint: 107833 ns, Cleanup: 12083 ns, At safepoint: 13167 ns, Total: 133083 ns
[2025-09-18T07:04:54.985+0000][122][info ][safepoint   ] Safepoint "Cleanup", Time since last: 1001577334 ns, Reaching safepoint: 13125 ns, Cleanup: 17458 ns, At safepoint: 4375 ns, Total: 34958 ns
[2025-09-18T07:04:57.674+0000][122][info ][safepoint   ] Safepoint "Cleanup", Time since last: 2690569542 ns, Reaching safepoint: 6167 ns, Cleanup: 21375 ns, At safepoint: 7208 ns, Total: 34750 ns
[2025-09-18T07:04:58.680+0000][122][info ][safepoint   ] Safepoint "Cleanup", Time since last: 1006187876 ns, Reaching safepoint: 12125 ns, Cleanup: 8791 ns, At safepoint: 7917 ns, Total: 28833 ns
[2025-09-18T07:05:00.684+0000][122][info ][safepoint   ] Safepoint "Cleanup", Time since last: 2003979626 ns, Reaching safepoint: 15333 ns, Cleanup: 9750 ns, At safepoint: 4333 ns, Total: 29416 ns
[2025-09-18T07:05:05.693+0000][122][info ][safepoint   ] Safepoint "Cleanup", Time since last: 5008402795 ns, Reaching safepoint: 25875 ns, Cleanup: 8916 ns, At safepoint: 8125 ns, Total: 42916 ns
[2025-09-18T07:05:08.702+0000][122][info ][safepoint   ] Safepoint "Cleanup", Time since last: 3008819043 ns, Reaching safepoint: 17625 ns, Cleanup: 9875 ns, At safepoint: 4959 ns, Total: 32459 ns
[2025-09-18T07:05:15.722+0000][122][info ][safepoint   ] Safepoint "Cleanup", Time since last: 7020664086 ns, Reaching safepoint: 21459 ns, Cleanup: 12500 ns, At safepoint: 3458 ns, Total: 37417 ns
[2025-09-18T07:05:17.716+0000][122][info ][safepoint   ] Safepoint "Cleanup", Time since last: 1994000793 ns, Reaching safepoint: 4708 ns, Cleanup: 10625 ns, At safepoint: 11792 ns, Total: 27125 ns
[2025-09-18T07:05:19.042+0000][122][info ][safepoint   ] Safepoint "Cleanup", Time since last: 1325451750 ns, Reaching safepoint: 80584 ns, Cleanup: 81458 ns, At safepoint: 34958 ns, Total: 197000 ns
[2025-09-18T07:05:24.050+0000][122][info ][safepoint   ] Safepoint "Cleanup", Time since last: 5007413419 ns, Reaching safepoint: 162959 ns, Cleanup: 17166 ns, At safepoint: 6042 ns, Total: 186167 ns
[2025-09-18T07:05:25.052+0000][122][info ][safepoint   ] Safepoint "Cleanup", Time since last: 1002107709 ns, Reaching safepoint: 15583 ns, Cleanup: 14333 ns, At safepoint: 7125 ns, Total: 37041 ns
[2025-09-18T07:05:29.057+0000][122][info ][safepoint   ] Safepoint "Cleanup", Time since last: 4006567126 ns, Reaching safepoint: 42542 ns, Cleanup: 13167 ns, At safepoint: 5625 ns, Total: 61334 ns
[2025-09-18T07:05:36.066+0000][122][info ][safepoint   ] Safepoint "Cleanup", Time since last: 7008115961 ns, Reaching safepoint: 177542 ns, Cleanup: 42792 ns, At safepoint: 22416 ns, Total: 242750 ns
[2025-09-18T07:05:38.068+0000][122][info ][safepoint   ] Safepoint "Cleanup", Time since last: 2001922376 ns, Reaching safepoint: 11417 ns, Cleanup: 8833 ns, At safepoint: 3917 ns, Total: 24167 ns
[2025-09-18T07:05:39.069+0000][122][info ][safepoint   ] Safepoint "Cleanup", Time since last: 1001017709 ns, Reaching safepoint: 28208 ns, Cleanup: 20917 ns, At safepoint: 5041 ns, Total: 54166 ns
[2025-09-18T07:05:42.075+0000][122][info ][safepoint   ] Safepoint "Cleanup", Time since last: 3006873377 ns, Reaching safepoint: 11792 ns, Cleanup: 9916 ns, At safepoint: 3917 ns, Total: 25625 ns
[2025-09-18T07:05:44.083+0000][122][info ][safepoint   ] Safepoint "Cleanup", Time since last: 2007871334 ns, Reaching safepoint: 14125 ns, Cleanup: 9834 ns, At safepoint: 4541 ns, Total: 28500 ns
[2025-09-18T07:05:45.087+0000][122][info ][safepoint   ] Safepoint "Cleanup", Time since last: 1003675959 ns, Reaching safepoint: 12375 ns, Cleanup: 13583 ns, At safepoint: 11417 ns, Total: 37375 ns
[2025-09-18T07:05:46.092+0000][122][info ][safepoint   ] Safepoint "Cleanup", Time since last: 1004716375 ns, Reaching safepoint: 9417 ns, Cleanup: 7167 ns, At safepoint: 2791 ns, Total: 19375 ns
[2025-09-18T07:05:49.094+0000][122][info ][safepoint   ] Safepoint "Cleanup", Time since last: 3002420252 ns, Reaching safepoint: 26167 ns, Cleanup: 9333 ns, At safepoint: 4583 ns, Total: 40083 ns
[2025-09-18T07:05:58.864+0000][122][info ][safepoint   ] Safepoint "Cleanup", Time since last: 9771242963 ns, Reaching safepoint: 38125 ns, Cleanup: 17292 ns, At safepoint: 10250 ns, Total: 65667 ns
[2025-09-18T07:06:02.871+0000][122][info ][safepoint   ] Safepoint "Cleanup", Time since last: 4006265710 ns, Reaching safepoint: 173208 ns, Cleanup: 39417 ns, At safepoint: 76917 ns, Total: 289542 ns
[2025-09-18T07:06:06.883+0000][122][info ][safepoint   ] Safepoint "Cleanup", Time since last: 4011906460 ns, Reaching safepoint: 127875 ns, Cleanup: 53791 ns, At safepoint: 22042 ns, Total: 203708 ns
[2025-09-18T07:06:11.894+0000][122][info ][safepoint   ] Safepoint "Cleanup", Time since last: 5010731752 ns, Reaching safepoint: 152125 ns, Cleanup: 67417 ns, At safepoint: 25750 ns, Total: 245292 ns
[2025-09-18T07:06:12.897+0000][122][info ][safepoint   ] Safepoint "Cleanup", Time since last: 1002339626 ns, Reaching safepoint: 163416 ns, Cleanup: 66125 ns, At safepoint: 24292 ns, Total: 253833 ns
[2025-09-18T07:06:18.906+0000][122][info ][safepoint   ] Safepoint "Cleanup", Time since last: 6008115295 ns, Reaching safepoint: 640750 ns, Cleanup: 97250 ns, At safepoint: 16000 ns, Total: 754000 ns
[2025-09-18T07:06:19.909+0000][122][info ][safepoint   ] Safepoint "Cleanup", Time since last: 1002864417 ns, Reaching safepoint: 105083 ns, Cleanup: 57125 ns, At safepoint: 17958 ns, Total: 180166 ns
[2025-09-18T07:06:21.126+0000][122][info ][safepoint   ] Safepoint "Cleanup", Time since last: 1217668501 ns, Reaching safepoint: 3917 ns, Cleanup: 31291 ns, At safepoint: 4334 ns, Total: 39542 ns
[2025-09-18T07:06:23.160+0000][122][info ][safepoint   ] Safepoint "Cleanup", Time since last: 2033408001 ns, Reaching safepoint: 44625 ns, Cleanup: 31458 ns, At safepoint: 10500 ns, Total: 86583 ns
[2025-09-18T07:06:25.164+0000][122][info ][safepoint   ] Safepoint "Cleanup", Time since last: 2004414209 ns, Reaching safepoint: 130917 ns, Cleanup: 74458 ns, At safepoint: 14833 ns, Total: 220208 ns
[2025-09-18T07:06:26.171+0000][122][info ][safepoint   ] Safepoint "Cleanup", Time since last: 1006263751 ns, Reaching safepoint: 107542 ns, Cleanup: 39666 ns, At safepoint: 13667 ns, Total: 160875 ns
[2025-09-18T07:06:32.756+0000][122][info ][safepoint   ] Safepoint "Cleanup", Time since last: 6586890836 ns, Reaching safepoint: 13791 ns, Cleanup: 11250 ns, At safepoint: 8334 ns, Total: 33375 ns
[2025-09-18T07:06:34.205+0000][122][info ][safepoint   ] Safepoint "Cleanup", Time since last: 1448601584 ns, Reaching safepoint: 117666 ns, Cleanup: 72334 ns, At safepoint: 11875 ns, Total: 201875 ns
[2025-09-18T07:06:35.268+0000][122][info ][safepoint   ] Safepoint "Cleanup", Time since last: 1062992292 ns, Reaching safepoint: 48167 ns, Cleanup: 28750 ns, At safepoint: 10333 ns, Total: 87250 ns
[2025-09-18T07:06:37.272+0000][122][info ][safepoint   ] Safepoint "Cleanup", Time since last: 2003872043 ns, Reaching safepoint: 33625 ns, Cleanup: 21291 ns, At safepoint: 11417 ns, Total: 66333 ns
[2025-09-18T07:06:38.273+0000][122][info ][safepoint   ] Safepoint "Cleanup", Time since last: 1001385584 ns, Reaching safepoint: 56458 ns, Cleanup: 29917 ns, At safepoint: 8416 ns, Total: 94791 ns
[2025-09-18T07:06:39.275+0000][122][info ][safepoint   ] Safepoint "Cleanup", Time since last: 1001365834 ns, Reaching safepoint: 77042 ns, Cleanup: 42708 ns, At safepoint: 19334 ns, Total: 139084 ns
[2025-09-18T07:06:45.289+0000][122][info ][safepoint   ] Safepoint "Cleanup", Time since last: 6013904086 ns, Reaching safepoint: 76833 ns, Cleanup: 19500 ns, At safepoint: 12333 ns, Total: 108666 ns
[2025-09-18T07:06:48.296+0000][122][info ][safepoint   ] Safepoint "Cleanup", Time since last: 3007473502 ns, Reaching safepoint: 19625 ns, Cleanup: 15958 ns, At safepoint: 6125 ns, Total: 41708 ns
[2025-09-18T07:06:51.299+0000][122][info ][safepoint   ] Safepoint "Cleanup", Time since last: 3003084877 ns, Reaching safepoint: 20750 ns, Cleanup: 14291 ns, At safepoint: 6625 ns, Total: 41666 ns
[2025-09-18T07:06:53.302+0000][122][info ][safepoint   ] Safepoint "Cleanup", Time since last: 2002343335 ns, Reaching safepoint: 48958 ns, Cleanup: 23500 ns, At safepoint: 11667 ns, Total: 84125 ns
[2025-09-18T07:06:54.305+0000][122][info ][safepoint   ] Safepoint "Cleanup", Time since last: 1003156083 ns, Reaching safepoint: 151375 ns, Cleanup: 70417 ns, At safepoint: 18792 ns, Total: 240584 ns
[2025-09-18T07:06:55.307+0000][122][info ][safepoint   ] Safepoint "Cleanup", Time since last: 1002046917 ns, Reaching safepoint: 177708 ns, Cleanup: 50542 ns, At safepoint: 16750 ns, Total: 245000 ns
[2025-09-18T07:06:57.311+0000][122][info ][safepoint   ] Safepoint "Cleanup", Time since last: 2004549875 ns, Reaching safepoint: 112667 ns, Cleanup: 61375 ns, At safepoint: 25375 ns, Total: 199417 ns
[2025-09-18T07:06:58.762+0000][122][info ][safepoint   ] Safepoint "Cleanup", Time since last: 1450484042 ns, Reaching safepoint: 7084 ns, Cleanup: 13250 ns, At safepoint: 6833 ns, Total: 27167 ns
[2025-09-18T07:07:00.746+0000][122][info ][safepoint   ] Safepoint "Cleanup", Time since last: 1984013376 ns, Reaching safepoint: 42708 ns, Cleanup: 23542 ns, At safepoint: 10125 ns, Total: 76375 ns
[2025-09-18T07:07:01.747+0000][122][info ][safepoint   ] Safepoint "Cleanup", Time since last: 1001637875 ns, Reaching safepoint: 46084 ns, Cleanup: 24958 ns, At safepoint: 9125 ns, Total: 80167 ns
[2025-09-18T07:07:03.749+0000][122][info ][safepoint   ] Safepoint "Cleanup", Time since last: 2001659584 ns, Reaching safepoint: 34000 ns, Cleanup: 18625 ns, At safepoint: 7500 ns, Total: 60125 ns
[2025-09-18T07:07:11.762+0000][122][info ][safepoint   ] Safepoint "Cleanup", Time since last: 8012936004 ns, Reaching safepoint: 117333 ns, Cleanup: 15042 ns, At safepoint: 7625 ns, Total: 140000 ns
[2025-09-18T07:07:12.765+0000][122][info ][safepoint   ] Safepoint "Cleanup", Time since last: 1003141667 ns, Reaching safepoint: 42084 ns, Cleanup: 28916 ns, At safepoint: 11417 ns, Total: 82417 ns
[2025-09-18T07:07:18.776+0000][122][info ][safepoint   ] Safepoint "Cleanup", Time since last: 6010826461 ns, Reaching safepoint: 82917 ns, Cleanup: 44541 ns, At safepoint: 15917 ns, Total: 143375 ns
[2025-09-18T07:07:23.755+0000][122][info ][safepoint   ] Safepoint "Cleanup", Time since last: 4978787919 ns, Reaching safepoint: 6833 ns, Cleanup: 16834 ns, At safepoint: 5791 ns, Total: 29458 ns
[2025-09-18T07:07:25.448+0000][122][info ][safepoint   ] Safepoint "Cleanup", Time since last: 1692817668 ns, Reaching safepoint: 17708 ns, Cleanup: 95042 ns, At safepoint: 13083 ns, Total: 125833 ns
[2025-09-18T07:07:26.459+0000][122][info ][safepoint   ] Safepoint "Cleanup", Time since last: 1010112251 ns, Reaching safepoint: 70791 ns, Cleanup: 85709 ns, At safepoint: 18416 ns, Total: 174916 ns
[2025-09-18T07:07:28.459+0000][122][info ][safepoint   ] Safepoint "Cleanup", Time since last: 2001659251 ns, Reaching safepoint: 22208 ns, Cleanup: 18542 ns, At safepoint: 7292 ns, Total: 48042 ns
[2025-09-18T07:07:29.464+0000][122][info ][safepoint   ] Safepoint "Cleanup", Time since last: 1005396625 ns, Reaching safepoint: 106167 ns, Cleanup: 56708 ns, At safepoint: 30834 ns, Total: 193709 ns
[2025-09-18T07:07:33.478+0000][122][info ][safepoint   ] Safepoint "Cleanup", Time since last: 4013218126 ns, Reaching safepoint: 28375 ns, Cleanup: 24125 ns, At safepoint: 5209 ns, Total: 57709 ns
[2025-09-18T07:07:34.481+0000][122][info ][safepoint   ] Safepoint "Cleanup", Time since last: 1002988167 ns, Reaching safepoint: 107875 ns, Cleanup: 158417 ns, At safepoint: 21750 ns, Total: 288042 ns
[2025-09-18T07:07:38.491+0000][122][info ][safepoint   ] Safepoint "Cleanup", Time since last: 4009674168 ns, Reaching safepoint: 22500 ns, Cleanup: 41250 ns, At safepoint: 6834 ns, Total: 70584 ns
[2025-09-18T07:07:39.492+0000][122][info ][safepoint   ] Safepoint "Cleanup", Time since last: 1001293667 ns, Reaching safepoint: 103333 ns, Cleanup: 61667 ns, At safepoint: 22833 ns, Total: 187833 ns
[2025-09-18T07:07:44.501+0000][122][info ][safepoint   ] Safepoint "Cleanup", Time since last: 5008457002 ns, Reaching safepoint: 15417 ns, Cleanup: 13583 ns, At safepoint: 7625 ns, Total: 36625 ns
[2025-09-18T07:07:54.516+0000][122][info ][safepoint   ] Safepoint "Cleanup", Time since last: 10014974130 ns, Reaching safepoint: 140500 ns, Cleanup: 54334 ns, At safepoint: 21000 ns, Total: 215834 ns
[2025-09-18T07:07:58.178+0000][122][info ][safepoint   ] Safepoint "Cleanup", Time since last: 3663267168 ns, Reaching safepoint: 17875 ns, Cleanup: 71000 ns, At safepoint: 15666 ns, Total: 104541 ns
[2025-09-18T07:08:04.190+0000][122][info ][safepoint   ] Safepoint "Cleanup", Time since last: 6012060461 ns, Reaching safepoint: 10834 ns, Cleanup: 24833 ns, At safepoint: 3500 ns, Total: 39167 ns
[2025-09-18T07:08:09.204+0000][122][info ][safepoint   ] Safepoint "Cleanup", Time since last: 5013841461 ns, Reaching safepoint: 99167 ns, Cleanup: 40458 ns, At safepoint: 20708 ns, Total: 160333 ns
[2025-09-18T07:08:11.721+0000][122][info ][gc,start    ] GC(24) Pause Young (Prepare Mixed) (G1 Evacuation Pause)
[2025-09-18T07:08:11.722+0000][122][info ][gc,task     ] GC(24) Using 8 workers of 8 for evacuation
[2025-09-18T07:08:11.722+0000][122][debug][gc,age      ] GC(24) Desired survivor size 41943040 bytes, new threshold 15 (max threshold 15)
[2025-09-18T07:08:11.788+0000][122][info ][gc,phases   ] GC(24)   Pre Evacuate Collection Set: 1.09ms
[2025-09-18T07:08:11.788+0000][122][info ][gc,phases   ] GC(24)   Merge Heap Roots: 0.42ms
[2025-09-18T07:08:11.788+0000][122][info ][gc,phases   ] GC(24)   Evacuate Collection Set: 60.60ms
[2025-09-18T07:08:11.788+0000][122][info ][gc,phases   ] GC(24)   Post Evacuate Collection Set: 3.53ms
[2025-09-18T07:08:11.789+0000][122][info ][gc,phases   ] GC(24)   Other: 0.55ms
[2025-09-18T07:08:11.789+0000][122][trace][gc,age      ] GC(24) Age table with threshold 15 (max threshold 15)
[2025-09-18T07:08:11.789+0000][122][trace][gc,age      ] GC(24) - age   1:     898744 bytes,     898744 total
[2025-09-18T07:08:11.789+0000][122][trace][gc,age      ] GC(24) - age   2:      22200 bytes,     920944 total
[2025-09-18T07:08:11.789+0000][122][trace][gc,age      ] GC(24) - age   3:     134912 bytes,    1055856 total
[2025-09-18T07:08:11.789+0000][122][trace][gc,age      ] GC(24) - age   4:    1897128 bytes,    2952984 total
[2025-09-18T07:08:11.789+0000][122][trace][gc,age      ] GC(24) - age   5:    3847800 bytes,    6800784 total
[2025-09-18T07:08:11.789+0000][122][trace][gc,age      ] GC(24) - age   6:    2898040 bytes,    9698824 total
[2025-09-18T07:08:11.789+0000][122][trace][gc,age      ] GC(24) - age   7:   18985624 bytes,   28684448 total
[2025-09-18T07:08:11.789+0000][122][info ][gc,heap     ] GC(24) Eden regions: 145->0(145)
[2025-09-18T07:08:11.789+0000][122][info ][gc,heap     ] GC(24) Survivor regions: 8->8(20)
[2025-09-18T07:08:11.789+0000][122][info ][gc,heap     ] GC(24) Old regions: 29->29
[2025-09-18T07:08:11.789+0000][122][info ][gc,heap     ] GC(24) Humongous regions: 2->2
[2025-09-18T07:08:11.789+0000][122][info ][gc,metaspace] GC(24) Metaspace: 156332K(162816K)->156332K(162816K) NonClass: 135136K(139008K)->135136K(139008K) Class: 21196K(23808K)->21196K(23808K)
[2025-09-18T07:08:11.789+0000][122][info ][gc          ] GC(24) Pause Young (Prepare Mixed) (G1 Evacuation Pause) 733M->152M(1024M) 67.635ms
[2025-09-18T07:08:11.789+0000][122][info ][gc,cpu      ] GC(24) User=0.50s Sys=0.01s Real=0.07s
[2025-09-18T07:08:11.789+0000][122][info ][safepoint   ] Safepoint "G1CollectForAllocation", Time since last: 2517235043 ns, Reaching safepoint: 62750 ns, Cleanup: 5875 ns, At safepoint: 67883292 ns, Total: 67951917 ns
[2025-09-18T07:08:13.792+0000][122][info ][safepoint   ] Safepoint "Cleanup", Time since last: 2002331334 ns, Reaching safepoint: 87750 ns, Cleanup: 43083 ns, At safepoint: 18042 ns, Total: 148875 ns
[2025-09-18T07:08:18.797+0000][122][info ][safepoint   ] Safepoint "Cleanup", Time since last: 5004849086 ns, Reaching safepoint: 14625 ns, Cleanup: 12666 ns, At safepoint: 5792 ns, Total: 33083 ns
[2025-09-18T07:08:24.801+0000][122][info ][safepoint   ] Safepoint "Cleanup", Time since last: 6003774670 ns, Reaching safepoint: 171166 ns, Cleanup: 49584 ns, At safepoint: 17541 ns, Total: 238291 ns
[2025-09-18T07:08:26.785+0000][122][info ][safepoint   ] Safepoint "Cleanup", Time since last: 1985987418 ns, Reaching safepoint: 4500 ns, Cleanup: 10375 ns, At safepoint: 4958 ns, Total: 19833 ns
[2025-09-18T07:08:28.625+0000][122][info ][safepoint   ] Safepoint "Cleanup", Time since last: 1838270084 ns, Reaching safepoint: 921458 ns, Cleanup: 411459 ns, At safepoint: 45708 ns, Total: 1378625 ns
[2025-09-18T07:08:33.634+0000][122][info ][safepoint   ] Safepoint "Cleanup", Time since last: 5009257544 ns, Reaching safepoint: 81834 ns, Cleanup: 23916 ns, At safepoint: 26584 ns, Total: 132334 ns
[2025-09-18T07:08:37.642+0000][122][info ][safepoint   ] Safepoint "Cleanup", Time since last: 4007583543 ns, Reaching safepoint: 192417 ns, Cleanup: 33125 ns, At safepoint: 19416 ns, Total: 244958 ns
[2025-09-18T07:08:38.643+0000][122][info ][safepoint   ] Safepoint "Cleanup", Time since last: 1000929126 ns, Reaching safepoint: 29333 ns, Cleanup: 26667 ns, At safepoint: 14417 ns, Total: 70417 ns
[2025-09-18T07:08:41.652+0000][122][info ][safepoint   ] Safepoint "Cleanup", Time since last: 3008556543 ns, Reaching safepoint: 179625 ns, Cleanup: 51500 ns, At safepoint: 85250 ns, Total: 316375 ns
[2025-09-18T07:08:43.679+0000][122][info ][safepoint   ] Safepoint "Cleanup", Time since last: 2014365959 ns, Reaching safepoint: 8194417 ns, Cleanup: 829291 ns, At safepoint: 3703459 ns, Total: 12727167 ns
[2025-09-18T07:08:44.708+0000][122][info ][safepoint   ] Safepoint "Cleanup", Time since last: 1029261750 ns, Reaching safepoint: 33792 ns, Cleanup: 14708 ns, At safepoint: 14542 ns, Total: 63042 ns
[2025-09-18T07:08:48.713+0000][122][info ][safepoint   ] Safepoint "Cleanup", Time since last: 4004414793 ns, Reaching safepoint: 250584 ns, Cleanup: 53791 ns, At safepoint: 15792 ns, Total: 320167 ns
[2025-09-18T07:08:51.717+0000][122][info ][safepoint   ] Safepoint "Cleanup", Time since last: 3003724918 ns, Reaching safepoint: 46500 ns, Cleanup: 59042 ns, At safepoint: 13333 ns, Total: 118875 ns
[2025-09-18T07:09:06.400+0000][122][info ][safepoint   ] Safepoint "Cleanup", Time since last: 14684135506 ns, Reaching safepoint: 44792 ns, Cleanup: 34500 ns, At safepoint: 11000 ns, Total: 90292 ns
[2025-09-18T07:09:11.406+0000][122][info ][safepoint   ] Safepoint "Cleanup", Time since last: 5005964294 ns, Reaching safepoint: 89167 ns, Cleanup: 44625 ns, At safepoint: 21833 ns, Total: 155625 ns
[2025-09-18T07:09:13.408+0000][122][info ][safepoint   ] Safepoint "Cleanup", Time since last: 2001547543 ns, Reaching safepoint: 137291 ns, Cleanup: 40417 ns, At safepoint: 19708 ns, Total: 197416 ns
[2025-09-18T07:09:14.409+0000][122][info ][safepoint   ] Safepoint "Cleanup", Time since last: 1001548417 ns, Reaching safepoint: 106125 ns, Cleanup: 82417 ns, At safepoint: 23000 ns, Total: 211542 ns
[2025-09-18T07:09:24.427+0000][122][info ][safepoint   ] Safepoint "Cleanup", Time since last: 10017656088 ns, Reaching safepoint: 216458 ns, Cleanup: 64459 ns, At safepoint: 24041 ns, Total: 304958 ns
[2025-09-18T07:09:25.433+0000][122][info ][safepoint   ] Safepoint "Cleanup", Time since last: 1005609501 ns, Reaching safepoint: 74542 ns, Cleanup: 50708 ns, At safepoint: 16042 ns, Total: 141292 ns
[2025-09-18T07:09:29.783+0000][122][info ][safepoint   ] Safepoint "Cleanup", Time since last: 4351069126 ns, Reaching safepoint: 5917 ns, Cleanup: 17000 ns, At safepoint: 5917 ns, Total: 28834 ns
[2025-09-18T07:09:30.796+0000][122][info ][safepoint   ] Safepoint "Cleanup", Time since last: 1013156042 ns, Reaching safepoint: 21333 ns, Cleanup: 52875 ns, At safepoint: 11250 ns, Total: 85458 ns
[2025-09-18T07:09:31.847+0000][122][info ][safepoint   ] Safepoint "Cleanup", Time since last: 1050927417 ns, Reaching safepoint: 175834 ns, Cleanup: 70958 ns, At safepoint: 15375 ns, Total: 262167 ns
[2025-09-18T07:09:32.852+0000][122][info ][safepoint   ] Safepoint "Cleanup", Time since last: 1004458709 ns, Reaching safepoint: 105375 ns, Cleanup: 40708 ns, At safepoint: 25959 ns, Total: 172042 ns
[2025-09-18T07:09:33.859+0000][122][info ][safepoint   ] Safepoint "Cleanup", Time since last: 1007208333 ns, Reaching safepoint: 50375 ns, Cleanup: 20834 ns, At safepoint: 10125 ns, Total: 81334 ns
[2025-09-18T07:09:36.867+0000][122][info ][safepoint   ] Safepoint "Cleanup", Time since last: 3007666543 ns, Reaching safepoint: 18125 ns, Cleanup: 14291 ns, At safepoint: 5959 ns, Total: 38375 ns
[2025-09-18T07:09:38.870+0000][122][info ][safepoint   ] Safepoint "Cleanup", Time since last: 2002865709 ns, Reaching safepoint: 97333 ns, Cleanup: 109709 ns, At safepoint: 18583 ns, Total: 225625 ns
[2025-09-18T07:09:41.876+0000][122][info ][safepoint   ] Safepoint "Cleanup", Time since last: 3005326876 ns, Reaching safepoint: 342500 ns, Cleanup: 43250 ns, At safepoint: 19250 ns, Total: 405000 ns
[2025-09-18T07:09:43.880+0000][122][info ][safepoint   ] Safepoint "Cleanup", Time since last: 2004334960 ns, Reaching safepoint: 237666 ns, Cleanup: 78459 ns, At safepoint: 29750 ns, Total: 345875 ns
[2025-09-18T07:09:46.886+0000][122][info ][safepoint   ] Safepoint "Cleanup", Time since last: 3005400793 ns, Reaching safepoint: 131375 ns, Cleanup: 101083 ns, At safepoint: 49000 ns, Total: 281458 ns
[2025-09-18T07:09:53.897+0000][122][info ][safepoint   ] Safepoint "Cleanup", Time since last: 7010999837 ns, Reaching safepoint: 175333 ns, Cleanup: 32375 ns, At safepoint: 18917 ns, Total: 226625 ns
[2025-09-18T07:10:03.634+0000][122][info ][safepoint   ] Safepoint "Cleanup", Time since last: 9737479546 ns, Reaching safepoint: 530417 ns, Cleanup: 64875 ns, At safepoint: 29208 ns, Total: 624500 ns
[2025-09-18T07:10:15.659+0000][122][info ][safepoint   ] Safepoint "Cleanup", Time since last: 12024805006 ns, Reaching safepoint: 108333 ns, Cleanup: 36708 ns, At safepoint: 13417 ns, Total: 158458 ns
[2025-09-18T07:10:18.666+0000][122][info ][safepoint   ] Safepoint "Cleanup", Time since last: 3006184960 ns, Reaching safepoint: 75416 ns, Cleanup: 33834 ns, At safepoint: 13333 ns, Total: 122583 ns
[2025-09-18T07:10:23.675+0000][122][info ][safepoint   ] Safepoint "Cleanup", Time since last: 5008880711 ns, Reaching safepoint: 99125 ns, Cleanup: 38750 ns, At safepoint: 16750 ns, Total: 154625 ns
[2025-09-18T07:10:26.677+0000][122][info ][safepoint   ] Safepoint "Cleanup", Time since last: 3003285334 ns, Reaching safepoint: 94000 ns, Cleanup: 86708 ns, At safepoint: 22125 ns, Total: 202833 ns
[2025-09-18T07:10:28.684+0000][122][info ][safepoint   ] Safepoint "Cleanup", Time since last: 2006684293 ns, Reaching safepoint: 68375 ns, Cleanup: 32750 ns, At safepoint: 17166 ns, Total: 118291 ns
[2025-09-18T07:10:32.793+0000][122][info ][safepoint   ] Safepoint "Cleanup", Time since last: 4109482252 ns, Reaching safepoint: 5917 ns, Cleanup: 34166 ns, At safepoint: 12084 ns, Total: 52167 ns
[2025-09-18T07:10:34.029+0000][122][info ][safepoint   ] Safepoint "Cleanup", Time since last: 1235920125 ns, Reaching safepoint: 19209 ns, Cleanup: 80625 ns, At safepoint: 18083 ns, Total: 117917 ns
[2025-09-18T07:10:37.036+0000][122][info ][safepoint   ] Safepoint "Cleanup", Time since last: 3007009085 ns, Reaching safepoint: 93416 ns, Cleanup: 22292 ns, At safepoint: 13833 ns, Total: 129541 ns
[2025-09-18T07:10:39.040+0000][122][info ][safepoint   ] Safepoint "Cleanup", Time since last: 2003303460 ns, Reaching safepoint: 172166 ns, Cleanup: 46709 ns, At safepoint: 21916 ns, Total: 240791 ns
[2025-09-18T07:10:44.048+0000][122][info ][safepoint   ] Safepoint "Cleanup", Time since last: 5007767461 ns, Reaching safepoint: 191042 ns, Cleanup: 55375 ns, At safepoint: 26500 ns, Total: 272917 ns
[2025-09-18T07:10:45.049+0000][122][info ][safepoint   ] Safepoint "Cleanup", Time since last: 1000875334 ns, Reaching safepoint: 14333 ns, Cleanup: 17083 ns, At safepoint: 6125 ns, Total: 37541 ns
[2025-09-18T07:10:48.055+0000][122][info ][safepoint   ] Safepoint "Cleanup", Time since last: 3006157210 ns, Reaching safepoint: 88000 ns, Cleanup: 38958 ns, At safepoint: 21834 ns, Total: 148792 ns
[2025-09-18T07:10:49.061+0000][122][info ][safepoint   ] Safepoint "Cleanup", Time since last: 1005730292 ns, Reaching safepoint: 85542 ns, Cleanup: 40875 ns, At safepoint: 14875 ns, Total: 141292 ns
[2025-09-18T07:10:57.072+0000][122][info ][safepoint   ] Safepoint "Cleanup", Time since last: 8012441544 ns, Reaching safepoint: 122167 ns, Cleanup: 44000 ns, At safepoint: 22792 ns, Total: 188959 ns
[2025-09-18T07:10:59.770+0000][122][info ][safepoint   ] Safepoint "Cleanup", Time since last: 2698280001 ns, Reaching safepoint: 38708 ns, Cleanup: 16000 ns, At safepoint: 7917 ns, Total: 62625 ns
[2025-09-18T07:11:03.778+0000][122][info ][safepoint   ] Safepoint "Cleanup", Time since last: 4007695502 ns, Reaching safepoint: 71458 ns, Cleanup: 46709 ns, At safepoint: 10666 ns, Total: 128833 ns
[2025-09-18T07:11:06.782+0000][122][info ][safepoint   ] Safepoint "Cleanup", Time since last: 3003973335 ns, Reaching safepoint: 66417 ns, Cleanup: 27458 ns, At safepoint: 8625 ns, Total: 102500 ns
[2025-09-18T07:11:08.786+0000][122][info ][safepoint   ] Safepoint "Cleanup", Time since last: 2003266834 ns, Reaching safepoint: 93917 ns, Cleanup: 17208 ns, At safepoint: 39334 ns, Total: 150459 ns
[2025-09-18T07:11:11.790+0000][122][info ][safepoint   ] Safepoint "Cleanup", Time since last: 3004477501 ns, Reaching safepoint: 34542 ns, Cleanup: 16208 ns, At safepoint: 6542 ns, Total: 57292 ns
[2025-09-18T07:11:12.795+0000][122][info ][safepoint   ] Safepoint "Cleanup", Time since last: 1002838000 ns, Reaching safepoint: 1355750 ns, Cleanup: 68500 ns, At safepoint: 32625 ns, Total: 1456875 ns
[2025-09-18T07:11:23.813+0000][122][info ][safepoint   ] Safepoint "Cleanup", Time since last: 11017945672 ns, Reaching safepoint: 688667 ns, Cleanup: 59791 ns, At safepoint: 26417 ns, Total: 774875 ns
[2025-09-18T07:11:24.815+0000][122][info ][safepoint   ] Safepoint "Cleanup", Time since last: 1002023917 ns, Reaching safepoint: 10542 ns, Cleanup: 15292 ns, At safepoint: 3708 ns, Total: 29542 ns
[2025-09-18T07:11:28.822+0000][122][info ][safepoint   ] Safepoint "Cleanup", Time since last: 4007947668 ns, Reaching safepoint: 76750 ns, Cleanup: 49125 ns, At safepoint: 15042 ns, Total: 140917 ns
[2025-09-18T07:11:33.830+0000][122][info ][safepoint   ] Safepoint "Cleanup", Time since last: 5007459711 ns, Reaching safepoint: 143250 ns, Cleanup: 45083 ns, At safepoint: 28458 ns, Total: 216791 ns
[2025-09-18T07:11:35.790+0000][122][info ][safepoint   ] Safepoint "Cleanup", Time since last: 1959981835 ns, Reaching safepoint: 5833 ns, Cleanup: 16875 ns, At safepoint: 6542 ns, Total: 29250 ns
[2025-09-18T07:11:37.215+0000][122][info ][safepoint   ] Safepoint "Cleanup", Time since last: 1424547375 ns, Reaching safepoint: 22292 ns, Cleanup: 52458 ns, At safepoint: 4750 ns, Total: 79500 ns
[2025-09-18T07:11:38.255+0000][122][info ][safepoint   ] Safepoint "Cleanup", Time since last: 1040578751 ns, Reaching safepoint: 38500 ns, Cleanup: 21291 ns, At safepoint: 16542 ns, Total: 76333 ns
[2025-09-18T07:11:45.262+0000][122][info ][safepoint   ] Safepoint "Cleanup", Time since last: 7007203170 ns, Reaching safepoint: 30292 ns, Cleanup: 17333 ns, At safepoint: 12000 ns, Total: 59625 ns
[2025-09-18T07:11:53.274+0000][122][info ][safepoint   ] Safepoint "Cleanup", Time since last: 8010917546 ns, Reaching safepoint: 840416 ns, Cleanup: 67834 ns, At safepoint: 16750 ns, Total: 925000 ns
[2025-09-18T07:11:56.281+0000][122][info ][safepoint   ] Safepoint "Cleanup", Time since last: 3006719834 ns, Reaching safepoint: 52959 ns, Cleanup: 31833 ns, At safepoint: 14417 ns, Total: 99209 ns
[2025-09-18T07:11:58.849+0000][122][info ][safepoint   ] Safepoint "Cleanup", Time since last: 2569481833 ns, Reaching safepoint: 6334 ns, Cleanup: 24916 ns, At safepoint: 6625 ns, Total: 37875 ns
[2025-09-18T07:12:03.363+0000][122][info ][safepoint   ] Safepoint "Cleanup", Time since last: 4513550419 ns, Reaching safepoint: 118083 ns, Cleanup: 74250 ns, At safepoint: 25000 ns, Total: 217333 ns
[2025-09-18T07:12:04.366+0000][122][info ][safepoint   ] Safepoint "Cleanup", Time since last: 1002718459 ns, Reaching safepoint: 98667 ns, Cleanup: 50833 ns, At safepoint: 37417 ns, Total: 186917 ns
[2025-09-18T07:12:15.387+0000][122][info ][safepoint   ] Safepoint "Cleanup", Time since last: 11020835505 ns, Reaching safepoint: 106625 ns, Cleanup: 96208 ns, At safepoint: 51667 ns, Total: 254500 ns
[2025-09-18T07:12:25.398+0000][122][info ][safepoint   ] Safepoint "Cleanup", Time since last: 10011302255 ns, Reaching safepoint: 27083 ns, Cleanup: 15917 ns, At safepoint: 11583 ns, Total: 54583 ns
[2025-09-18T07:12:28.401+0000][122][info ][safepoint   ] Safepoint "Cleanup", Time since last: 3003617668 ns, Reaching safepoint: 69208 ns, Cleanup: 25625 ns, At safepoint: 19084 ns, Total: 113917 ns
[2025-09-18T07:12:36.409+0000][122][info ][safepoint   ] Safepoint "Cleanup", Time since last: 8007999754 ns, Reaching safepoint: 72458 ns, Cleanup: 27042 ns, At safepoint: 17208 ns, Total: 116708 ns
[2025-09-18T07:12:38.412+0000][122][info ][safepoint   ] Safepoint "Cleanup", Time since last: 2002671751 ns, Reaching safepoint: 42000 ns, Cleanup: 33291 ns, At safepoint: 11625 ns, Total: 86916 ns
[2025-09-18T07:12:39.420+0000][122][info ][safepoint   ] Safepoint "Cleanup", Time since last: 1008733168 ns, Reaching safepoint: 3333 ns, Cleanup: 21917 ns, At safepoint: 4208 ns, Total: 29458 ns
[2025-09-18T07:12:40.444+0000][122][info ][safepoint   ] Safepoint "Cleanup", Time since last: 1023580875 ns, Reaching safepoint: 6792 ns, Cleanup: 47708 ns, At safepoint: 11459 ns, Total: 65959 ns
[2025-09-18T07:12:45.452+0000][122][info ][safepoint   ] Safepoint "Cleanup", Time since last: 5007640210 ns, Reaching safepoint: 397792 ns, Cleanup: 78375 ns, At safepoint: 25875 ns, Total: 502042 ns
[2025-09-18T07:12:57.466+0000][122][info ][safepoint   ] Safepoint "Cleanup", Time since last: 12015365838 ns, Reaching safepoint: 94459 ns, Cleanup: 62500 ns, At safepoint: 25625 ns, Total: 182584 ns
[2025-09-18T07:13:00.979+0000][122][info ][safepoint   ] Safepoint "Cleanup", Time since last: 3512762001 ns, Reaching safepoint: 47125 ns, Cleanup: 26625 ns, At safepoint: 12167 ns, Total: 85917 ns
[2025-09-18T07:13:02.981+0000][122][info ][safepoint   ] Safepoint "Cleanup", Time since last: 2002012543 ns, Reaching safepoint: 74833 ns, Cleanup: 30583 ns, At safepoint: 20250 ns, Total: 125666 ns
[2025-09-18T07:13:06.987+0000][122][info ][safepoint   ] Safepoint "Cleanup", Time since last: 4005116502 ns, Reaching safepoint: 587292 ns, Cleanup: 193208 ns, At safepoint: 13792 ns, Total: 794292 ns
[2025-09-18T07:13:07.988+0000][122][info ][safepoint   ] Safepoint "Cleanup", Time since last: 1001135500 ns, Reaching safepoint: 47209 ns, Cleanup: 27291 ns, At safepoint: 14667 ns, Total: 89167 ns
[2025-09-18T07:13:08.990+0000][122][info ][safepoint   ] Safepoint "Cleanup", Time since last: 1001189834 ns, Reaching safepoint: 73583 ns, Cleanup: 41042 ns, At safepoint: 13041 ns, Total: 127666 ns
[2025-09-18T07:13:13.995+0000][122][info ][safepoint   ] Safepoint "Cleanup", Time since last: 5005239336 ns, Reaching safepoint: 47083 ns, Cleanup: 25417 ns, At safepoint: 12208 ns, Total: 84708 ns
[2025-09-18T07:13:14.997+0000][122][info ][safepoint   ] Safepoint "Cleanup", Time since last: 1001454418 ns, Reaching safepoint: 91208 ns, Cleanup: 56625 ns, At safepoint: 17583 ns, Total: 165416 ns
[2025-09-18T07:13:19.001+0000][122][info ][safepoint   ] Safepoint "Cleanup", Time since last: 4004224294 ns, Reaching safepoint: 100708 ns, Cleanup: 73334 ns, At safepoint: 20750 ns, Total: 194792 ns
[2025-09-18T07:13:24.014+0000][122][info ][safepoint   ] Safepoint "Cleanup", Time since last: 5012311044 ns, Reaching safepoint: 117750 ns, Cleanup: 69083 ns, At safepoint: 29000 ns, Total: 215833 ns
[2025-09-18T07:13:25.016+0000][122][info ][safepoint   ] Safepoint "Cleanup", Time since last: 1002288500 ns, Reaching safepoint: 14250 ns, Cleanup: 17834 ns, At safepoint: 9708 ns, Total: 41792 ns
[2025-09-18T07:13:42.565+0000][122][info ][safepoint   ] Safepoint "Cleanup", Time since last: 17550437799 ns, Reaching safepoint: 8625 ns, Cleanup: 27583 ns, At safepoint: 4500 ns, Total: 40708 ns
[2025-09-18T07:13:43.610+0000][122][info ][safepoint   ] Safepoint "Cleanup", Time since last: 1044724959 ns, Reaching safepoint: 9167 ns, Cleanup: 15917 ns, At safepoint: 6708 ns, Total: 31792 ns
[2025-09-18T07:13:44.613+0000][122][info ][safepoint   ] Safepoint "Cleanup", Time since last: 1003243750 ns, Reaching safepoint: 87084 ns, Cleanup: 52708 ns, At safepoint: 18667 ns, Total: 158459 ns
[2025-09-18T07:13:45.616+0000][122][info ][safepoint   ] Safepoint "Cleanup", Time since last: 1001854000 ns, Reaching safepoint: 100125 ns, Cleanup: 77500 ns, At safepoint: 23959 ns, Total: 201584 ns
[2025-09-18T07:13:49.621+0000][122][info ][safepoint   ] Safepoint "Cleanup", Time since last: 4004997460 ns, Reaching safepoint: 525083 ns, Cleanup: 79583 ns, At safepoint: 25542 ns, Total: 630208 ns
[2025-09-18T07:14:03.010+0000][122][info ][safepoint   ] Safepoint "Cleanup", Time since last: 13389699381 ns, Reaching safepoint: 95333 ns, Cleanup: 41833 ns, At safepoint: 19084 ns, Total: 156250 ns
[2025-09-18T07:14:09.017+0000][122][info ][safepoint   ] Safepoint "Cleanup", Time since last: 6006965544 ns, Reaching safepoint: 74667 ns, Cleanup: 34458 ns, At safepoint: 14042 ns, Total: 123167 ns
[2025-09-18T07:14:12.019+0000][122][info ][safepoint   ] Safepoint "Cleanup", Time since last: 3002341626 ns, Reaching safepoint: 14584 ns, Cleanup: 10625 ns, At safepoint: 5166 ns, Total: 30375 ns
[2025-09-18T07:14:15.024+0000][122][info ][safepoint   ] Safepoint "Cleanup", Time since last: 3004157502 ns, Reaching safepoint: 108916 ns, Cleanup: 37792 ns, At safepoint: 14208 ns, Total: 160916 ns
[2025-09-18T07:14:24.033+0000][122][info ][safepoint   ] Safepoint "Cleanup", Time since last: 9009241880 ns, Reaching safepoint: 53291 ns, Cleanup: 79125 ns, At safepoint: 13042 ns, Total: 145458 ns
[2025-09-18T07:14:33.041+0000][122][info ][safepoint   ] Safepoint "Cleanup", Time since last: 9009625462 ns, Reaching safepoint: 119541 ns, Cleanup: 54959 ns, At safepoint: 19583 ns, Total: 194083 ns
[2025-09-18T07:14:37.047+0000][122][info ][safepoint   ] Safepoint "Cleanup", Time since last: 4005173043 ns, Reaching safepoint: 151709 ns, Cleanup: 41333 ns, At safepoint: 12750 ns, Total: 205792 ns
[2025-09-18T07:14:44.055+0000][122][info ][safepoint   ] Safepoint "Cleanup", Time since last: 7008426170 ns, Reaching safepoint: 115333 ns, Cleanup: 80709 ns, At safepoint: 25041 ns, Total: 221083 ns
[2025-09-18T07:14:45.722+0000][122][info ][safepoint   ] Safepoint "Cleanup", Time since last: 1666533793 ns, Reaching safepoint: 9250 ns, Cleanup: 31375 ns, At safepoint: 11500 ns, Total: 52125 ns
[2025-09-18T07:14:46.770+0000][122][info ][safepoint   ] Safepoint "Cleanup", Time since last: 1047626167 ns, Reaching safepoint: 18208 ns, Cleanup: 45125 ns, At safepoint: 12917 ns, Total: 76250 ns
[2025-09-18T07:14:47.773+0000][122][info ][safepoint   ] Safepoint "Cleanup", Time since last: 1003416751 ns, Reaching safepoint: 79833 ns, Cleanup: 46708 ns, At safepoint: 21542 ns, Total: 148083 ns
[2025-09-18T07:14:53.779+0000][122][info ][safepoint   ] Safepoint "Cleanup", Time since last: 6005905169 ns, Reaching safepoint: 31500 ns, Cleanup: 17584 ns, At safepoint: 25291 ns, Total: 74375 ns
[2025-09-18T07:14:55.783+0000][122][info ][safepoint   ] Safepoint "Cleanup", Time since last: 2003035501 ns, Reaching safepoint: 98125 ns, Cleanup: 97709 ns, At safepoint: 24083 ns, Total: 219917 ns
[2025-09-18T07:15:02.131+0000][122][info ][safepoint   ] Safepoint "Cleanup", Time since last: 6349786669 ns, Reaching safepoint: 310875 ns, Cleanup: 243125 ns, At safepoint: 12500 ns, Total: 566500 ns
[2025-09-18T07:15:03.134+0000][122][info ][safepoint   ] Safepoint "Cleanup", Time since last: 1002318084 ns, Reaching safepoint: 458250 ns, Cleanup: 65417 ns, At safepoint: 12917 ns, Total: 536584 ns
[2025-09-18T07:15:04.137+0000][122][info ][safepoint   ] Safepoint "Cleanup", Time since last: 1002256000 ns, Reaching safepoint: 104750 ns, Cleanup: 24000 ns, At safepoint: 12167 ns, Total: 140917 ns
[2025-09-18T07:15:05.138+0000][122][info ][safepoint   ] Safepoint "Cleanup", Time since last: 1001192459 ns, Reaching safepoint: 43458 ns, Cleanup: 21333 ns, At safepoint: 14000 ns, Total: 78791 ns
[2025-09-18T07:15:13.147+0000][122][info ][safepoint   ] Safepoint "Cleanup", Time since last: 8009329546 ns, Reaching safepoint: 138291 ns, Cleanup: 28584 ns, At safepoint: 12083 ns, Total: 178958 ns
[2025-09-18T07:15:14.152+0000][122][info ][safepoint   ] Safepoint "Cleanup", Time since last: 1004217626 ns, Reaching safepoint: 68416 ns, Cleanup: 55584 ns, At safepoint: 10958 ns, Total: 134958 ns
[2025-09-18T07:15:19.163+0000][122][info ][safepoint   ] Safepoint "Cleanup", Time since last: 5010955461 ns, Reaching safepoint: 263208 ns, Cleanup: 59208 ns, At safepoint: 21042 ns, Total: 343458 ns
[2025-09-18T07:15:24.169+0000][122][info ][safepoint   ] Safepoint "Cleanup", Time since last: 5005301211 ns, Reaching safepoint: 43416 ns, Cleanup: 30500 ns, At safepoint: 11167 ns, Total: 85083 ns
[2025-09-18T07:15:25.173+0000][122][info ][safepoint   ] Safepoint "Cleanup", Time since last: 1004351459 ns, Reaching safepoint: 13041 ns, Cleanup: 10917 ns, At safepoint: 2958 ns, Total: 26916 ns
[2025-09-18T07:15:29.179+0000][122][info ][safepoint   ] Safepoint "Cleanup", Time since last: 4007226294 ns, Reaching safepoint: 95583 ns, Cleanup: 64375 ns, At safepoint: 15375 ns, Total: 175333 ns
[2025-09-18T07:15:34.186+0000][122][info ][safepoint   ] Safepoint "Cleanup", Time since last: 5006614294 ns, Reaching safepoint: 177917 ns, Cleanup: 118833 ns, At safepoint: 46542 ns, Total: 343292 ns
[2025-09-18T07:15:36.191+0000][122][info ][safepoint   ] Safepoint "Cleanup", Time since last: 2004563251 ns, Reaching safepoint: 99416 ns, Cleanup: 83125 ns, At safepoint: 20125 ns, Total: 202666 ns
[2025-09-18T07:15:39.198+0000][122][info ][safepoint   ] Safepoint "Cleanup", Time since last: 3006718627 ns, Reaching safepoint: 71666 ns, Cleanup: 28584 ns, At safepoint: 14833 ns, Total: 115083 ns
[2025-09-18T07:15:42.203+0000][122][info ][safepoint   ] Safepoint "Cleanup", Time since last: 3005032210 ns, Reaching safepoint: 16000 ns, Cleanup: 10625 ns, At safepoint: 3750 ns, Total: 30375 ns
[2025-09-18T07:15:47.826+0000][122][info ][safepoint   ] Safepoint "Cleanup", Time since last: 5623332794 ns, Reaching safepoint: 4125 ns, Cleanup: 5709 ns, At safepoint: 2041 ns, Total: 11875 ns
[2025-09-18T07:15:48.673+0000][122][info ][gc,start    ] GC(25) Pause Young (Mixed) (G1 Evacuation Pause)
[2025-09-18T07:15:48.673+0000][122][info ][gc,task     ] GC(25) Using 8 workers of 8 for evacuation
[2025-09-18T07:15:48.673+0000][122][debug][gc,age      ] GC(25) Desired survivor size 41943040 bytes, new threshold 15 (max threshold 15)
[2025-09-18T07:15:48.732+0000][122][info ][gc,phases   ] GC(25)   Pre Evacuate Collection Set: 0.98ms
[2025-09-18T07:15:48.732+0000][122][info ][gc,phases   ] GC(25)   Merge Heap Roots: 0.41ms
[2025-09-18T07:15:48.732+0000][122][info ][gc,phases   ] GC(25)   Evacuate Collection Set: 52.48ms
[2025-09-18T07:15:48.732+0000][122][info ][gc,phases   ] GC(25)   Post Evacuate Collection Set: 4.73ms
[2025-09-18T07:15:48.732+0000][122][info ][gc,phases   ] GC(25)   Other: 0.46ms
[2025-09-18T07:15:48.732+0000][122][trace][gc,age      ] GC(25) Age table with threshold 15 (max threshold 15)
[2025-09-18T07:15:48.732+0000][122][trace][gc,age      ] GC(25) - age   1:    1236232 bytes,    1236232 total
[2025-09-18T07:15:48.733+0000][122][trace][gc,age      ] GC(25) - age   2:     162112 bytes,    1398344 total
[2025-09-18T07:15:48.733+0000][122][trace][gc,age      ] GC(25) - age   3:      22040 bytes,    1420384 total
[2025-09-18T07:15:48.733+0000][122][trace][gc,age      ] GC(25) - age   4:     134200 bytes,    1554584 total
[2025-09-18T07:15:48.733+0000][122][trace][gc,age      ] GC(25) - age   5:    1896368 bytes,    3450952 total
[2025-09-18T07:15:48.733+0000][122][trace][gc,age      ] GC(25) - age   6:    3831584 bytes,    7282536 total
[2025-09-18T07:15:48.733+0000][122][trace][gc,age      ] GC(25) - age   7:    2898000 bytes,   10180536 total
[2025-09-18T07:15:48.733+0000][122][trace][gc,age      ] GC(25) - age   8:   18984424 bytes,   29164960 total
[2025-09-18T07:15:48.733+0000][122][info ][gc,heap     ] GC(25) Eden regions: 145->0(145)
[2025-09-18T07:15:48.733+0000][122][info ][gc,heap     ] GC(25) Survivor regions: 8->8(20)
[2025-09-18T07:15:48.733+0000][122][info ][gc,heap     ] GC(25) Old regions: 29->29
[2025-09-18T07:15:48.733+0000][122][info ][gc,heap     ] GC(25) Humongous regions: 2->2
[2025-09-18T07:15:48.733+0000][122][info ][gc,metaspace] GC(25) Metaspace: 156670K(162880K)->156670K(162880K) NonClass: 135470K(139072K)->135470K(139072K) Class: 21200K(23808K)->21200K(23808K)
[2025-09-18T07:15:48.733+0000][122][info ][gc          ] GC(25) Pause Young (Mixed) (G1 Evacuation Pause) 732M->151M(1024M) 60.535ms
[2025-09-18T07:15:48.733+0000][122][info ][gc,cpu      ] GC(25) User=0.42s Sys=0.00s Real=0.06s
[2025-09-18T07:15:48.733+0000][122][info ][safepoint   ] Safepoint "G1CollectForAllocation", Time since last: 846168417 ns, Reaching safepoint: 43167 ns, Cleanup: 33000 ns, At safepoint: 60765417 ns, Total: 60841584 ns
[2025-09-18T07:15:49.938+0000][122][info ][safepoint   ] Safepoint "Cleanup", Time since last: 1204357417 ns, Reaching safepoint: 9833 ns, Cleanup: 65917 ns, At safepoint: 12875 ns, Total: 88625 ns
[2025-09-18T07:15:50.941+0000][122][info ][safepoint   ] Safepoint "Cleanup", Time since last: 1003081334 ns, Reaching safepoint: 91875 ns, Cleanup: 88541 ns, At safepoint: 17250 ns, Total: 197666 ns
[2025-09-18T07:15:57.947+0000][122][info ][safepoint   ] Safepoint "Cleanup", Time since last: 7007462253 ns, Reaching safepoint: 92166 ns, Cleanup: 28500 ns, At safepoint: 17792 ns, Total: 138458 ns
[2025-09-18T07:16:14.178+0000][122][info ][safepoint   ] Safepoint "Cleanup", Time since last: 16230449091 ns, Reaching safepoint: 838375 ns, Cleanup: 46292 ns, At safepoint: 14750 ns, Total: 899417 ns
[2025-09-18T07:16:25.208+0000][122][info ][safepoint   ] Safepoint "Cleanup", Time since last: 11029773463 ns, Reaching safepoint: 27667 ns, Cleanup: 23458 ns, At safepoint: 9167 ns, Total: 60292 ns
[2025-09-18T07:16:26.801+0000][122][info ][safepoint   ] Safepoint "Cleanup", Time since last: 1594121000 ns, Reaching safepoint: 5125 ns, Cleanup: 8459 ns, At safepoint: 2083 ns, Total: 15667 ns
[2025-09-18T07:16:28.029+0000][122][info ][safepoint   ] Safepoint "Cleanup", Time since last: 1227815042 ns, Reaching safepoint: 75084 ns, Cleanup: 59791 ns, At safepoint: 21084 ns, Total: 155959 ns
[2025-09-18T07:16:29.032+0000][122][info ][safepoint   ] Safepoint "Cleanup", Time since last: 1002814583 ns, Reaching safepoint: 45834 ns, Cleanup: 29500 ns, At safepoint: 12750 ns, Total: 88084 ns
[2025-09-18T07:16:38.813+0000][122][info ][safepoint   ] Safepoint "Cleanup", Time since last: 9780939379 ns, Reaching safepoint: 3917 ns, Cleanup: 5625 ns, At safepoint: 2083 ns, Total: 11625 ns
[2025-09-18T07:16:40.092+0000][122][info ][safepoint   ] Safepoint "Cleanup", Time since last: 1279428334 ns, Reaching safepoint: 79250 ns, Cleanup: 70167 ns, At safepoint: 16458 ns, Total: 165875 ns
[2025-09-18T07:16:41.162+0000][122][info ][safepoint   ] Safepoint "Cleanup", Time since last: 1069610376 ns, Reaching safepoint: 72500 ns, Cleanup: 41083 ns, At safepoint: 19042 ns, Total: 132625 ns
[2025-09-18T07:16:42.163+0000][122][info ][safepoint   ] Safepoint "Cleanup", Time since last: 1000924542 ns, Reaching safepoint: 32875 ns, Cleanup: 17083 ns, At safepoint: 6834 ns, Total: 56792 ns
[2025-09-18T07:16:50.820+0000][122][info ][safepoint   ] Safepoint "Cleanup", Time since last: 8655700920 ns, Reaching safepoint: 1164875 ns, Cleanup: 7917 ns, At safepoint: 11458 ns, Total: 1184250 ns
[2025-09-18T07:16:52.236+0000][122][info ][safepoint   ] Safepoint "Cleanup", Time since last: 1414704751 ns, Reaching safepoint: 1304500 ns, Cleanup: 49125 ns, At safepoint: 14167 ns, Total: 1367792 ns
[2025-09-18T07:16:58.859+0000][122][info ][safepoint   ] Safepoint "Cleanup", Time since last: 6623111169 ns, Reaching safepoint: 649250 ns, Cleanup: 21875 ns, At safepoint: 20875 ns, Total: 692000 ns
[2025-09-18T07:17:00.233+0000][122][info ][safepoint   ] Safepoint "Cleanup", Time since last: 1374157125 ns, Reaching safepoint: 47334 ns, Cleanup: 28708 ns, At safepoint: 14125 ns, Total: 90167 ns
[2025-09-18T07:17:01.234+0000][122][info ][safepoint   ] Safepoint "Cleanup", Time since last: 1000774459 ns, Reaching safepoint: 75291 ns, Cleanup: 35792 ns, At safepoint: 17667 ns, Total: 128750 ns
[2025-09-18T07:17:25.283+0000][122][info ][safepoint   ] Safepoint "Cleanup", Time since last: 24048868094 ns, Reaching safepoint: 68209 ns, Cleanup: 34458 ns, At safepoint: 14833 ns, Total: 117500 ns
[2025-09-18T07:17:29.288+0000][122][info ][safepoint   ] Safepoint "Cleanup", Time since last: 4006229251 ns, Reaching safepoint: 388334 ns, Cleanup: 56208 ns, At safepoint: 82375 ns, Total: 526917 ns
[2025-09-18T07:17:39.302+0000][122][info ][safepoint   ] Safepoint "Cleanup", Time since last: 10013583047 ns, Reaching safepoint: 310041 ns, Cleanup: 35375 ns, At safepoint: 21750 ns, Total: 367166 ns
[2025-09-18T07:17:46.314+0000][122][info ][safepoint   ] Safepoint "Cleanup", Time since last: 7011769170 ns, Reaching safepoint: 41042 ns, Cleanup: 11167 ns, At safepoint: 6708 ns, Total: 58917 ns
[2025-09-18T07:17:49.320+0000][122][info ][safepoint   ] Safepoint "Cleanup", Time since last: 3005596543 ns, Reaching safepoint: 40125 ns, Cleanup: 19542 ns, At safepoint: 8833 ns, Total: 68500 ns
[2025-09-18T07:17:53.834+0000][122][info ][safepoint   ] Safepoint "Cleanup", Time since last: 4514271502 ns, Reaching safepoint: 32875 ns, Cleanup: 98958 ns, At safepoint: 33334 ns, Total: 165167 ns
[2025-09-18T07:17:55.410+0000][122][info ][safepoint   ] Safepoint "Cleanup", Time since last: 1575488417 ns, Reaching safepoint: 8584 ns, Cleanup: 34083 ns, At safepoint: 8875 ns, Total: 51542 ns
[2025-09-18T07:17:59.418+0000][122][info ][safepoint   ] Safepoint "Cleanup", Time since last: 4009023751 ns, Reaching safepoint: 87875 ns, Cleanup: 28250 ns, At safepoint: 21125 ns, Total: 137250 ns
[2025-09-18T07:18:04.446+0000][122][info ][safepoint   ] Safepoint "Cleanup", Time since last: 5028288919 ns, Reaching safepoint: 380417 ns, Cleanup: 64542 ns, At safepoint: 33458 ns, Total: 478417 ns
[2025-09-18T07:18:09.458+0000][122][info ][safepoint   ] Safepoint "Cleanup", Time since last: 5011094752 ns, Reaching safepoint: 70917 ns, Cleanup: 37500 ns, At safepoint: 17792 ns, Total: 126209 ns
[2025-09-18T07:18:12.463+0000][122][info ][safepoint   ] Safepoint "Cleanup", Time since last: 3005596834 ns, Reaching safepoint: 80792 ns, Cleanup: 20250 ns, At safepoint: 13083 ns, Total: 114125 ns
[2025-09-18T07:18:16.473+0000][122][info ][safepoint   ] Safepoint "Cleanup", Time since last: 4009648961 ns, Reaching safepoint: 135708 ns, Cleanup: 67792 ns, At safepoint: 23041 ns, Total: 226541 ns
[2025-09-18T07:18:19.479+0000][122][info ][safepoint   ] Safepoint "Cleanup", Time since last: 3005675043 ns, Reaching safepoint: 78334 ns, Cleanup: 60500 ns, At safepoint: 21750 ns, Total: 160584 ns
[2025-09-18T07:18:25.485+0000][122][info ][safepoint   ] Safepoint "Cleanup", Time since last: 6005832669 ns, Reaching safepoint: 63417 ns, Cleanup: 14125 ns, At safepoint: 5583 ns, Total: 83125 ns
[2025-09-18T07:18:27.488+0000][122][info ][safepoint   ] Safepoint "Cleanup", Time since last: 2004022543 ns, Reaching safepoint: 68958 ns, Cleanup: 45042 ns, At safepoint: 13083 ns, Total: 127083 ns
[2025-09-18T07:18:37.505+0000][122][info ][safepoint   ] Safepoint "Cleanup", Time since last: 10017149546 ns, Reaching safepoint: 93167 ns, Cleanup: 71958 ns, At safepoint: 20875 ns, Total: 186000 ns
[2025-09-18T07:18:51.520+0000][122][info ][safepoint   ] Safepoint "Cleanup", Time since last: 14013824174 ns, Reaching safepoint: 797791 ns, Cleanup: 69334 ns, At safepoint: 18541 ns, Total: 885666 ns
[2025-09-18T07:18:53.523+0000][122][info ][safepoint   ] Safepoint "Cleanup", Time since last: 2003084793 ns, Reaching safepoint: 83083 ns, Cleanup: 43584 ns, At safepoint: 17625 ns, Total: 144292 ns
[2025-09-18T07:18:57.527+0000][122][info ][safepoint   ] Safepoint "Cleanup", Time since last: 4005116168 ns, Reaching safepoint: 8708 ns, Cleanup: 17542 ns, At safepoint: 6875 ns, Total: 33125 ns
[2025-09-18T07:19:03.661+0000][122][info ][safepoint   ] Safepoint "Cleanup", Time since last: 6133730378 ns, Reaching safepoint: 79791 ns, Cleanup: 24584 ns, At safepoint: 82708 ns, Total: 187083 ns
[2025-09-18T07:19:13.684+0000][122][info ][safepoint   ] Safepoint "Cleanup", Time since last: 10023313921 ns, Reaching safepoint: 85375 ns, Cleanup: 61334 ns, At safepoint: 20250 ns, Total: 166959 ns
[2025-09-18T07:19:24.706+0000][122][info ][safepoint   ] Safepoint "Cleanup", Time since last: 11022124047 ns, Reaching safepoint: 27083 ns, Cleanup: 34833 ns, At safepoint: 13167 ns, Total: 75083 ns
[2025-09-18T07:19:49.743+0000][122][info ][safepoint   ] Safepoint "Cleanup", Time since last: 25037503928 ns, Reaching safepoint: 92750 ns, Cleanup: 100958 ns, At safepoint: 30084 ns, Total: 223792 ns
[2025-09-18T07:19:53.754+0000][122][info ][safepoint   ] Safepoint "Cleanup", Time since last: 4010514585 ns, Reaching safepoint: 60375 ns, Cleanup: 31875 ns, At safepoint: 12166 ns, Total: 104416 ns
[2025-09-18T07:19:59.849+0000][122][info ][safepoint   ] Safepoint "Cleanup", Time since last: 6096782753 ns, Reaching safepoint: 6542 ns, Cleanup: 17333 ns, At safepoint: 7542 ns, Total: 31417 ns
[2025-09-18T07:20:01.755+0000][122][info ][safepoint   ] Safepoint "Cleanup", Time since last: 1905908417 ns, Reaching safepoint: 18167 ns, Cleanup: 59583 ns, At safepoint: 7792 ns, Total: 85542 ns
[2025-09-18T07:20:03.765+0000][122][info ][safepoint   ] Safepoint "Cleanup", Time since last: 2009805084 ns, Reaching safepoint: 99417 ns, Cleanup: 34042 ns, At safepoint: 14083 ns, Total: 147542 ns
[2025-09-18T07:20:07.768+0000][122][info ][safepoint   ] Safepoint "Cleanup", Time since last: 4003211585 ns, Reaching safepoint: 109500 ns, Cleanup: 64417 ns, At safepoint: 29583 ns, Total: 203500 ns
[2025-09-18T07:20:09.772+0000][122][info ][safepoint   ] Safepoint "Cleanup", Time since last: 2004210001 ns, Reaching safepoint: 78875 ns, Cleanup: 104417 ns, At safepoint: 16166 ns, Total: 199458 ns
[2025-09-18T07:20:13.781+0000][122][info ][safepoint   ] Safepoint "Cleanup", Time since last: 4008087627 ns, Reaching safepoint: 39834 ns, Cleanup: 9250 ns, At safepoint: 6708 ns, Total: 55792 ns
[2025-09-18T07:20:15.783+0000][122][info ][safepoint   ] Safepoint "Cleanup", Time since last: 2002300876 ns, Reaching safepoint: 19000 ns, Cleanup: 14333 ns, At safepoint: 6500 ns, Total: 39833 ns
[2025-09-18T07:20:28.810+0000][122][info ][safepoint   ] Safepoint "Cleanup", Time since last: 13028341714 ns, Reaching safepoint: 82833 ns, Cleanup: 15042 ns, At safepoint: 14292 ns, Total: 112167 ns
[2025-09-18T07:20:36.820+0000][122][info ][safepoint   ] Safepoint "Cleanup", Time since last: 8009160712 ns, Reaching safepoint: 84125 ns, Cleanup: 48250 ns, At safepoint: 13000 ns, Total: 145375 ns
[2025-09-18T07:20:43.829+0000][122][info ][safepoint   ] Safepoint "Cleanup", Time since last: 7009422878 ns, Reaching safepoint: 14875 ns, Cleanup: 16000 ns, At safepoint: 3708 ns, Total: 34583 ns
[2025-09-18T07:20:46.832+0000][122][info ][safepoint   ] Safepoint "Cleanup", Time since last: 3002487002 ns, Reaching safepoint: 142291 ns, Cleanup: 61500 ns, At safepoint: 27917 ns, Total: 231708 ns
[2025-09-18T07:20:47.834+0000][122][info ][safepoint   ] Safepoint "Cleanup", Time since last: 1001780792 ns, Reaching safepoint: 18625 ns, Cleanup: 18667 ns, At safepoint: 7750 ns, Total: 45042 ns
[2025-09-18T07:20:54.842+0000][122][info ][safepoint   ] Safepoint "Cleanup", Time since last: 7008676045 ns, Reaching safepoint: 32667 ns, Cleanup: 16458 ns, At safepoint: 6375 ns, Total: 55500 ns
[2025-09-18T07:21:02.868+0000][122][info ][safepoint   ] Safepoint "Cleanup", Time since last: 8027320170 ns, Reaching safepoint: 5541 ns, Cleanup: 20375 ns, At safepoint: 9959 ns, Total: 35875 ns
[2025-09-18T07:21:03.882+0000][122][info ][safepoint   ] Safepoint "Cleanup", Time since last: 1013826209 ns, Reaching safepoint: 7875 ns, Cleanup: 14208 ns, At safepoint: 9208 ns, Total: 31291 ns
[2025-09-18T07:21:04.925+0000][122][info ][safepoint   ] Safepoint "Cleanup", Time since last: 1042617501 ns, Reaching safepoint: 13833 ns, Cleanup: 50417 ns, At safepoint: 11666 ns, Total: 75916 ns
[2025-09-18T07:21:06.930+0000][122][info ][safepoint   ] Safepoint "Cleanup", Time since last: 2004600918 ns, Reaching safepoint: 60583 ns, Cleanup: 29542 ns, At safepoint: 14458 ns, Total: 104583 ns
[2025-09-18T07:21:32.976+0000][122][info ][safepoint   ] Safepoint "Cleanup", Time since last: 26047680054 ns, Reaching safepoint: 70833 ns, Cleanup: 39958 ns, At safepoint: 14042 ns, Total: 124833 ns
[2025-09-18T07:21:42.015+0000][122][info ][safepoint   ] Safepoint "Cleanup", Time since last: 9039160754 ns, Reaching safepoint: 4500 ns, Cleanup: 13042 ns, At safepoint: 4375 ns, Total: 21917 ns
[2025-09-18T07:21:51.091+0000][122][info ][safepoint   ] Safepoint "Cleanup", Time since last: 9075093921 ns, Reaching safepoint: 71791 ns, Cleanup: 40167 ns, At safepoint: 25417 ns, Total: 137375 ns
[2025-09-18T07:21:54.097+0000][122][info ][safepoint   ] Safepoint "Cleanup", Time since last: 3006701376 ns, Reaching safepoint: 19167 ns, Cleanup: 18875 ns, At safepoint: 5583 ns, Total: 43625 ns
[2025-09-18T07:21:58.101+0000][122][info ][safepoint   ] Safepoint "Cleanup", Time since last: 4003692002 ns, Reaching safepoint: 300708 ns, Cleanup: 27000 ns, At safepoint: 10292 ns, Total: 338000 ns
[2025-09-18T07:21:59.471+0000][122][info ][safepoint   ] Safepoint "Cleanup", Time since last: 1370372625 ns, Reaching safepoint: 27042 ns, Cleanup: 37375 ns, At safepoint: 4542 ns, Total: 68959 ns
[2025-09-18T07:22:01.241+0000][122][info ][safepoint   ] Safepoint "Cleanup", Time since last: 1770208251 ns, Reaching safepoint: 101875 ns, Cleanup: 39791 ns, At safepoint: 30917 ns, Total: 172583 ns
[2025-09-18T07:22:05.877+0000][122][info ][safepoint   ] Safepoint "Cleanup", Time since last: 4635310377 ns, Reaching safepoint: 6000 ns, Cleanup: 6834 ns, At safepoint: 6041 ns, Total: 18875 ns
[2025-09-18T07:22:07.159+0000][122][info ][safepoint   ] Safepoint "Cleanup", Time since last: 1282354209 ns, Reaching safepoint: 18625 ns, Cleanup: 55333 ns, At safepoint: 22500 ns, Total: 96458 ns
[2025-09-18T07:22:08.165+0000][122][info ][safepoint   ] Safepoint "Cleanup", Time since last: 1006145251 ns, Reaching safepoint: 32625 ns, Cleanup: 17500 ns, At safepoint: 8333 ns, Total: 58458 ns
[2025-09-18T07:22:13.169+0000][122][info ][safepoint   ] Safepoint "Cleanup", Time since last: 5003818128 ns, Reaching safepoint: 69000 ns, Cleanup: 17708 ns, At safepoint: 8458 ns, Total: 95166 ns
[2025-09-18T07:22:15.171+0000][122][info ][safepoint   ] Safepoint "Cleanup", Time since last: 2002052251 ns, Reaching safepoint: 101542 ns, Cleanup: 72583 ns, At safepoint: 21167 ns, Total: 195292 ns
[2025-09-18T07:22:17.174+0000][122][info ][safepoint   ] Safepoint "Cleanup", Time since last: 2002606168 ns, Reaching safepoint: 103083 ns, Cleanup: 47125 ns, At safepoint: 15958 ns, Total: 166166 ns
[2025-09-18T07:22:24.190+0000][122][info ][safepoint   ] Safepoint "Cleanup", Time since last: 7015050045 ns, Reaching safepoint: 183125 ns, Cleanup: 29042 ns, At safepoint: 11917 ns, Total: 224084 ns
[2025-09-18T07:22:35.202+0000][122][info ][safepoint   ] Safepoint "Cleanup", Time since last: 11013645546 ns, Reaching safepoint: 20542 ns, Cleanup: 11292 ns, At safepoint: 5125 ns, Total: 36959 ns
[2025-09-18T07:22:43.217+0000][122][info ][safepoint   ] Safepoint "Cleanup", Time since last: 8015024628 ns, Reaching safepoint: 55584 ns, Cleanup: 29208 ns, At safepoint: 16917 ns, Total: 101709 ns
[2025-09-18T07:22:56.116+0000][122][info ][gc,start    ] GC(26) Pause Young (Normal) (G1 Evacuation Pause)
[2025-09-18T07:22:56.117+0000][122][info ][gc,task     ] GC(26) Using 8 workers of 8 for evacuation
[2025-09-18T07:22:56.117+0000][122][debug][gc,age      ] GC(26) Desired survivor size 41943040 bytes, new threshold 15 (max threshold 15)
[2025-09-18T07:22:56.158+0000][122][info ][gc,phases   ] GC(26)   Pre Evacuate Collection Set: 0.60ms
[2025-09-18T07:22:56.158+0000][122][info ][gc,phases   ] GC(26)   Merge Heap Roots: 0.23ms
[2025-09-18T07:22:56.158+0000][122][info ][gc,phases   ] GC(26)   Evacuate Collection Set: 36.33ms
[2025-09-18T07:22:56.158+0000][122][info ][gc,phases   ] GC(26)   Post Evacuate Collection Set: 3.95ms
[2025-09-18T07:22:56.159+0000][122][info ][gc,phases   ] GC(26)   Other: 0.24ms
[2025-09-18T07:22:56.159+0000][122][trace][gc,age      ] GC(26) Age table with threshold 15 (max threshold 15)
[2025-09-18T07:22:56.159+0000][122][trace][gc,age      ] GC(26) - age   1:     636792 bytes,     636792 total
[2025-09-18T07:22:56.159+0000][122][trace][gc,age      ] GC(26) - age   2:     118536 bytes,     755328 total
[2025-09-18T07:22:56.159+0000][122][trace][gc,age      ] GC(26) - age   3:     146288 bytes,     901616 total
[2025-09-18T07:22:56.159+0000][122][trace][gc,age      ] GC(26) - age   4:      21040 bytes,     922656 total
[2025-09-18T07:22:56.159+0000][122][trace][gc,age      ] GC(26) - age   5:     134072 bytes,    1056728 total
[2025-09-18T07:22:56.159+0000][122][trace][gc,age      ] GC(26) - age   6:    1896304 bytes,    2953032 total
[2025-09-18T07:22:56.159+0000][122][trace][gc,age      ] GC(26) - age   7:    3831440 bytes,    6784472 total
[2025-09-18T07:22:56.159+0000][122][trace][gc,age      ] GC(26) - age   8:    2897528 bytes,    9682000 total
[2025-09-18T07:22:56.159+0000][122][trace][gc,age      ] GC(26) - age   9:   18983672 bytes,   28665672 total
[2025-09-18T07:22:56.159+0000][122][info ][gc,heap     ] GC(26) Eden regions: 145->0(145)
[2025-09-18T07:22:56.159+0000][122][info ][gc,heap     ] GC(26) Survivor regions: 8->8(20)
[2025-09-18T07:22:56.159+0000][122][info ][gc,heap     ] GC(26) Old regions: 29->29
[2025-09-18T07:22:56.159+0000][122][info ][gc,heap     ] GC(26) Humongous regions: 2->2
[2025-09-18T07:22:56.159+0000][122][info ][gc,metaspace] GC(26) Metaspace: 156891K(162880K)->156891K(162880K) NonClass: 135688K(139072K)->135688K(139072K) Class: 21202K(23808K)->21202K(23808K)
[2025-09-18T07:22:56.159+0000][122][info ][gc          ] GC(26) Pause Young (Normal) (G1 Evacuation Pause) 731M->150M(1024M) 43.636ms
[2025-09-18T07:22:56.160+0000][122][info ][gc,cpu      ] GC(26) User=0.24s Sys=0.00s Real=0.05s
[2025-09-18T07:22:56.160+0000][122][info ][safepoint   ] Safepoint "G1CollectForAllocation", Time since last: 12898723964 ns, Reaching safepoint: 72417 ns, Cleanup: 3125 ns, At safepoint: 43919625 ns, Total: 43995167 ns
[2025-09-18T07:23:08.941+0000][122][info ][safepoint   ] Safepoint "Cleanup", Time since last: 12782719131 ns, Reaching safepoint: 117583 ns, Cleanup: 29375 ns, At safepoint: 8083 ns, Total: 155041 ns
[2025-09-18T07:23:10.308+0000][122][info ][safepoint   ] Safepoint "Cleanup", Time since last: 1366966751 ns, Reaching safepoint: 4875 ns, Cleanup: 27042 ns, At safepoint: 7291 ns, Total: 39208 ns
[2025-09-18T07:23:17.321+0000][122][info ][safepoint   ] Safepoint "Cleanup", Time since last: 7012565504 ns, Reaching safepoint: 109666 ns, Cleanup: 51375 ns, At safepoint: 16375 ns, Total: 177416 ns
[2025-09-18T07:23:25.334+0000][122][info ][safepoint   ] Safepoint "Cleanup", Time since last: 8012497254 ns, Reaching safepoint: 151417 ns, Cleanup: 57958 ns, At safepoint: 19542 ns, Total: 228917 ns
[2025-09-18T07:23:35.345+0000][122][info ][safepoint   ] Safepoint "Cleanup", Time since last: 10012245963 ns, Reaching safepoint: 111083 ns, Cleanup: 74167 ns, At safepoint: 49291 ns, Total: 234541 ns
[2025-09-18T07:23:37.348+0000][122][info ][safepoint   ] Safepoint "Cleanup", Time since last: 2003375335 ns, Reaching safepoint: 94333 ns, Cleanup: 71625 ns, At safepoint: 21792 ns, Total: 187750 ns
[2025-09-18T07:23:42.359+0000][122][info ][safepoint   ] Safepoint "Cleanup", Time since last: 5010286210 ns, Reaching safepoint: 85459 ns, Cleanup: 12208 ns, At safepoint: 9458 ns, Total: 107125 ns
[2025-09-18T07:23:47.366+0000][122][info ][safepoint   ] Safepoint "Cleanup", Time since last: 5006770503 ns, Reaching safepoint: 427916 ns, Cleanup: 54084 ns, At safepoint: 27375 ns, Total: 509375 ns
[2025-09-18T07:23:49.372+0000][122][info ][safepoint   ] Safepoint "Cleanup", Time since last: 2006243501 ns, Reaching safepoint: 83500 ns, Cleanup: 41583 ns, At safepoint: 19750 ns, Total: 144833 ns
[2025-09-18T07:24:00.391+0000][122][info ][safepoint   ] Safepoint "Cleanup", Time since last: 11020316171 ns, Reaching safepoint: 92583 ns, Cleanup: 37917 ns, At safepoint: 16292 ns, Total: 146792 ns
[2025-09-18T07:24:05.466+0000][122][info ][safepoint   ] Safepoint "Cleanup", Time since last: 5074340877 ns, Reaching safepoint: 70167 ns, Cleanup: 46166 ns, At safepoint: 13709 ns, Total: 130042 ns
[2025-09-18T07:24:09.470+0000][122][info ][safepoint   ] Safepoint "Cleanup", Time since last: 4004351752 ns, Reaching safepoint: 238416 ns, Cleanup: 39709 ns, At safepoint: 80958 ns, Total: 359083 ns
[2025-09-18T07:24:11.936+0000][122][info ][safepoint   ] Safepoint "Cleanup", Time since last: 2465997001 ns, Reaching safepoint: 5917 ns, Cleanup: 13000 ns, At safepoint: 5625 ns, Total: 24542 ns
[2025-09-18T07:24:13.447+0000][122][info ][safepoint   ] Safepoint "Cleanup", Time since last: 1510184625 ns, Reaching safepoint: 662209 ns, Cleanup: 76791 ns, At safepoint: 16125 ns, Total: 755125 ns
[2025-09-18T07:24:14.456+0000][122][info ][safepoint   ] Safepoint "Cleanup", Time since last: 1008846418 ns, Reaching safepoint: 45666 ns, Cleanup: 30375 ns, At safepoint: 10042 ns, Total: 86083 ns
[2025-09-18T07:24:15.458+0000][122][info ][safepoint   ] Safepoint "Cleanup", Time since last: 1001276792 ns, Reaching safepoint: 127167 ns, Cleanup: 57291 ns, At safepoint: 23792 ns, Total: 208250 ns
[2025-09-18T07:24:25.474+0000][122][info ][safepoint   ] Safepoint "Cleanup", Time since last: 10016545130 ns, Reaching safepoint: 102125 ns, Cleanup: 68417 ns, At safepoint: 21083 ns, Total: 191625 ns
[2025-09-18T07:24:54.527+0000][122][info ][safepoint   ] Safepoint "Cleanup", Time since last: 29053208846 ns, Reaching safepoint: 149167 ns, Cleanup: 71375 ns, At safepoint: 17292 ns, Total: 237834 ns
[2025-09-18T07:24:59.535+0000][122][info ][safepoint   ] Safepoint "Cleanup", Time since last: 5009326376 ns, Reaching safepoint: 104917 ns, Cleanup: 53625 ns, At safepoint: 27333 ns, Total: 185875 ns
[2025-09-18T07:25:03.523+0000][122][info ][safepoint   ] Safepoint "Cleanup", Time since last: 3987572210 ns, Reaching safepoint: 421209 ns, Cleanup: 64416 ns, At safepoint: 31584 ns, Total: 517209 ns
[2025-09-18T07:25:14.935+0000][122][info ][safepoint   ] Safepoint "Cleanup", Time since last: 11411868339 ns, Reaching safepoint: 6791 ns, Cleanup: 11542 ns, At safepoint: 1875 ns, Total: 20208 ns
[2025-09-18T07:25:16.640+0000][122][info ][safepoint   ] Safepoint "Cleanup", Time since last: 1704049209 ns, Reaching safepoint: 785458 ns, Cleanup: 71209 ns, At safepoint: 28666 ns, Total: 885333 ns
[2025-09-18T07:25:24.654+0000][122][info ][safepoint   ] Safepoint "Cleanup", Time since last: 8013924504 ns, Reaching safepoint: 29083 ns, Cleanup: 17917 ns, At safepoint: 9625 ns, Total: 56625 ns
[2025-09-18T07:25:29.665+0000][122][info ][safepoint   ] Safepoint "Cleanup", Time since last: 5011994960 ns, Reaching safepoint: 57833 ns, Cleanup: 34209 ns, At safepoint: 15750 ns, Total: 107792 ns
[2025-09-18T07:25:44.701+0000][122][info ][safepoint   ] Safepoint "Cleanup", Time since last: 15036149798 ns, Reaching safepoint: 153792 ns, Cleanup: 77208 ns, At safepoint: 28625 ns, Total: 259625 ns
[2025-09-18T07:25:48.708+0000][122][info ][safepoint   ] Safepoint "Cleanup", Time since last: 4006399169 ns, Reaching safepoint: 190000 ns, Cleanup: 48042 ns, At safepoint: 29916 ns, Total: 267958 ns
[2025-09-18T07:26:06.742+0000][122][info ][safepoint   ] Safepoint "Cleanup", Time since last: 18035064925 ns, Reaching safepoint: 79666 ns, Cleanup: 42792 ns, At safepoint: 18792 ns, Total: 141250 ns
[2025-09-18T07:26:15.759+0000][122][info ][safepoint   ] Safepoint "Cleanup", Time since last: 9017311546 ns, Reaching safepoint: 68625 ns, Cleanup: 30083 ns, At safepoint: 12833 ns, Total: 111541 ns
[2025-09-18T07:26:16.763+0000][122][info ][safepoint   ] Safepoint "Cleanup", Time since last: 1003565167 ns, Reaching safepoint: 96125 ns, Cleanup: 41209 ns, At safepoint: 20416 ns, Total: 157750 ns
[2025-09-18T07:26:17.936+0000][122][info ][safepoint   ] Safepoint "Cleanup", Time since last: 1172953751 ns, Reaching safepoint: 5375 ns, Cleanup: 5083 ns, At safepoint: 2084 ns, Total: 12542 ns
[2025-09-18T07:26:19.801+0000][122][info ][safepoint   ] Safepoint "Cleanup", Time since last: 1865632126 ns, Reaching safepoint: 11916 ns, Cleanup: 44250 ns, At safepoint: 13125 ns, Total: 69291 ns
[2025-09-18T07:26:23.813+0000][122][info ][safepoint   ] Safepoint "Cleanup", Time since last: 4011850044 ns, Reaching safepoint: 87333 ns, Cleanup: 44542 ns, At safepoint: 15833 ns, Total: 147708 ns
[2025-09-18T07:26:24.817+0000][122][info ][safepoint   ] Safepoint "Cleanup", Time since last: 1002986209 ns, Reaching safepoint: 85542 ns, Cleanup: 48500 ns, At safepoint: 23416 ns, Total: 157458 ns
[2025-09-18T07:26:42.855+0000][122][info ][safepoint   ] Safepoint "Cleanup", Time since last: 18039167050 ns, Reaching safepoint: 275459 ns, Cleanup: 31125 ns, At safepoint: 11833 ns, Total: 318417 ns
[2025-09-18T07:26:47.968+0000][122][info ][safepoint   ] Safepoint "Cleanup", Time since last: 5113238586 ns, Reaching safepoint: 25583 ns, Cleanup: 14625 ns, At safepoint: 16833 ns, Total: 57041 ns
[2025-09-18T07:26:51.972+0000][122][info ][safepoint   ] Safepoint "Cleanup", Time since last: 4004132377 ns, Reaching safepoint: 74625 ns, Cleanup: 41667 ns, At safepoint: 16042 ns, Total: 132334 ns
[2025-09-18T07:26:53.981+0000][122][info ][safepoint   ] Safepoint "Cleanup", Time since last: 2008364459 ns, Reaching safepoint: 225458 ns, Cleanup: 27125 ns, At safepoint: 24459 ns, Total: 277042 ns
[2025-09-18T07:26:58.958+0000][122][info ][safepoint   ] Safepoint "Cleanup", Time since last: 4978410460 ns, Reaching safepoint: 5917 ns, Cleanup: 19583 ns, At safepoint: 6375 ns, Total: 31875 ns
[2025-09-18T07:27:00.019+0000][122][info ][safepoint   ] Safepoint "Cleanup", Time since last: 1060485709 ns, Reaching safepoint: 66333 ns, Cleanup: 35292 ns, At safepoint: 10833 ns, Total: 112458 ns
[2025-09-18T07:27:08.818+0000][122][info ][safepoint   ] Safepoint "Cleanup", Time since last: 8799251879 ns, Reaching safepoint: 15334 ns, Cleanup: 15333 ns, At safepoint: 7458 ns, Total: 38125 ns
[2025-09-18T07:27:09.825+0000][122][info ][safepoint   ] Safepoint "Cleanup", Time since last: 1006817917 ns, Reaching safepoint: 20334 ns, Cleanup: 15416 ns, At safepoint: 5667 ns, Total: 41417 ns
[2025-09-18T07:27:10.827+0000][122][info ][safepoint   ] Safepoint "Cleanup", Time since last: 1001606417 ns, Reaching safepoint: 91500 ns, Cleanup: 52209 ns, At safepoint: 17458 ns, Total: 161167 ns
[2025-09-18T07:27:13.832+0000][122][info ][safepoint   ] Safepoint "Cleanup", Time since last: 3005414835 ns, Reaching safepoint: 73416 ns, Cleanup: 37750 ns, At safepoint: 12292 ns, Total: 123458 ns
[2025-09-18T07:27:15.834+0000][122][info ][safepoint   ] Safepoint "Cleanup", Time since last: 2002297459 ns, Reaching safepoint: 21000 ns, Cleanup: 27125 ns, At safepoint: 12709 ns, Total: 60834 ns
[2025-09-18T07:27:18.840+0000][122][info ][safepoint   ] Safepoint "Cleanup", Time since last: 3004797501 ns, Reaching safepoint: 231875 ns, Cleanup: 74375 ns, At safepoint: 24125 ns, Total: 330375 ns
[2025-09-18T07:27:20.956+0000][122][info ][safepoint   ] Safepoint "Cleanup", Time since last: 2116466834 ns, Reaching safepoint: 5334 ns, Cleanup: 9916 ns, At safepoint: 6459 ns, Total: 21709 ns
[2025-09-18T07:27:21.991+0000][122][info ][safepoint   ] Safepoint "Cleanup", Time since last: 1035184292 ns, Reaching safepoint: 48208 ns, Cleanup: 64709 ns, At safepoint: 10541 ns, Total: 123458 ns
[2025-09-18T07:27:23.099+0000][122][info ][safepoint   ] Safepoint "Cleanup", Time since last: 1107361042 ns, Reaching safepoint: 14709 ns, Cleanup: 16416 ns, At safepoint: 7875 ns, Total: 39000 ns
[2025-09-18T07:27:25.108+0000][122][info ][safepoint   ] Safepoint "Cleanup", Time since last: 2008465251 ns, Reaching safepoint: 414709 ns, Cleanup: 32541 ns, At safepoint: 22750 ns, Total: 470000 ns
[2025-09-18T07:27:34.122+0000][122][info ][safepoint   ] Safepoint "Cleanup", Time since last: 9016374546 ns, Reaching safepoint: 63167 ns, Cleanup: 31708 ns, At safepoint: 17792 ns, Total: 112667 ns
[2025-09-18T07:27:36.126+0000][122][info ][safepoint   ] Safepoint "Cleanup", Time since last: 2003417709 ns, Reaching safepoint: 48583 ns, Cleanup: 36709 ns, At safepoint: 10041 ns, Total: 95333 ns
[2025-09-18T07:27:52.145+0000][122][info ][safepoint   ] Safepoint "Cleanup", Time since last: 16018963633 ns, Reaching safepoint: 45708 ns, Cleanup: 25584 ns, At safepoint: 12250 ns, Total: 83542 ns
[2025-09-18T07:28:21.059+0000][122][info ][safepoint   ] Safepoint "Cleanup", Time since last: 28914195762 ns, Reaching safepoint: 407250 ns, Cleanup: 43917 ns, At safepoint: 26208 ns, Total: 477375 ns
[2025-09-18T07:28:23.952+0000][122][info ][safepoint   ] Safepoint "Cleanup", Time since last: 2893591043 ns, Reaching safepoint: 8875 ns, Cleanup: 10709 ns, At safepoint: 7250 ns, Total: 26834 ns
[2025-09-18T07:28:25.282+0000][122][info ][safepoint   ] Safepoint "Cleanup", Time since last: 1329440209 ns, Reaching safepoint: 17625 ns, Cleanup: 70833 ns, At safepoint: 8583 ns, Total: 97041 ns
[2025-09-18T07:28:26.285+0000][122][info ][safepoint   ] Safepoint "Cleanup", Time since last: 1002889001 ns, Reaching safepoint: 27000 ns, Cleanup: 12208 ns, At safepoint: 7209 ns, Total: 46417 ns
[2025-09-18T07:28:39.302+0000][122][info ][safepoint   ] Safepoint "Cleanup", Time since last: 13018915672 ns, Reaching safepoint: 37875 ns, Cleanup: 26500 ns, At safepoint: 8833 ns, Total: 73208 ns
[2025-09-18T07:28:44.311+0000][122][info ][safepoint   ] Safepoint "Cleanup", Time since last: 5008589295 ns, Reaching safepoint: 41500 ns, Cleanup: 23166 ns, At safepoint: 11042 ns, Total: 75708 ns
[2025-09-18T07:28:46.314+0000][122][info ][safepoint   ] Safepoint "Cleanup", Time since last: 2002825709 ns, Reaching safepoint: 357042 ns, Cleanup: 52042 ns, At safepoint: 20791 ns, Total: 429875 ns
[2025-09-18T07:28:48.318+0000][122][info ][safepoint   ] Safepoint "Cleanup", Time since last: 2003161001 ns, Reaching safepoint: 76833 ns, Cleanup: 41750 ns, At safepoint: 13542 ns, Total: 132125 ns
[2025-09-18T07:28:51.323+0000][122][info ][safepoint   ] Safepoint "Cleanup", Time since last: 3004947543 ns, Reaching safepoint: 134334 ns, Cleanup: 52958 ns, At safepoint: 25917 ns, Total: 213209 ns
[2025-09-18T07:28:54.330+0000][122][info ][safepoint   ] Safepoint "Cleanup", Time since last: 3006769001 ns, Reaching safepoint: 227875 ns, Cleanup: 34417 ns, At safepoint: 19958 ns, Total: 282250 ns
[2025-09-18T07:28:56.333+0000][122][info ][safepoint   ] Safepoint "Cleanup", Time since last: 2002757501 ns, Reaching safepoint: 98958 ns, Cleanup: 60209 ns, At safepoint: 15583 ns, Total: 174750 ns
[2025-09-18T07:29:04.266+0000][122][info ][safepoint   ] Safepoint "Cleanup", Time since last: 7934581170 ns, Reaching safepoint: 32958 ns, Cleanup: 30167 ns, At safepoint: 12041 ns, Total: 75166 ns
[2025-09-18T07:29:09.276+0000][122][info ][safepoint   ] Safepoint "Cleanup", Time since last: 5010028169 ns, Reaching safepoint: 112584 ns, Cleanup: 85500 ns, At safepoint: 23791 ns, Total: 221875 ns
[2025-09-18T07:29:14.292+0000][122][info ][safepoint   ] Safepoint "Cleanup", Time since last: 5015377670 ns, Reaching safepoint: 49625 ns, Cleanup: 46041 ns, At safepoint: 14334 ns, Total: 110000 ns
[2025-09-18T07:29:15.296+0000][122][info ][safepoint   ] Safepoint "Cleanup", Time since last: 1003357917 ns, Reaching safepoint: 134208 ns, Cleanup: 38708 ns, At safepoint: 91209 ns, Total: 264125 ns
[2025-09-18T07:29:26.990+0000][122][info ][safepoint   ] Safepoint "Cleanup", Time since last: 11694912338 ns, Reaching safepoint: 711041 ns, Cleanup: 57292 ns, At safepoint: 12000 ns, Total: 780333 ns
[2025-09-18T07:29:28.489+0000][122][info ][safepoint   ] Safepoint "Cleanup", Time since last: 1497837959 ns, Reaching safepoint: 1132750 ns, Cleanup: 43875 ns, At safepoint: 18917 ns, Total: 1195542 ns
[2025-09-18T07:29:29.493+0000][122][info ][safepoint   ] Safepoint "Cleanup", Time since last: 1003148375 ns, Reaching safepoint: 45667 ns, Cleanup: 25833 ns, At safepoint: 12625 ns, Total: 84125 ns
[2025-09-18T07:29:54.531+0000][122][info ][safepoint   ] Safepoint "Cleanup", Time since last: 25037337720 ns, Reaching safepoint: 425667 ns, Cleanup: 90792 ns, At safepoint: 16875 ns, Total: 533334 ns
[2025-09-18T07:30:07.458+0000][122][info ][safepoint   ] Safepoint "Cleanup", Time since last: 12929078589 ns, Reaching safepoint: 95208 ns, Cleanup: 34625 ns, At safepoint: 20334 ns, Total: 150167 ns
[2025-09-18T07:30:12.469+0000][122][info ][safepoint   ] Safepoint "Cleanup", Time since last: 5010845460 ns, Reaching safepoint: 29459 ns, Cleanup: 10875 ns, At safepoint: 7041 ns, Total: 47375 ns
[2025-09-18T07:30:25.486+0000][122][info ][safepoint   ] Safepoint "Cleanup", Time since last: 13017156757 ns, Reaching safepoint: 134083 ns, Cleanup: 38708 ns, At safepoint: 19000 ns, Total: 191791 ns
[2025-09-18T07:30:29.987+0000][122][info ][gc,start    ] GC(27) Pause Young (Concurrent Start) (G1 Evacuation Pause)
[2025-09-18T07:30:29.987+0000][122][info ][gc,task     ] GC(27) Using 8 workers of 8 for evacuation
[2025-09-18T07:30:29.987+0000][122][debug][gc,age      ] GC(27) Desired survivor size 41943040 bytes, new threshold 15 (max threshold 15)
[2025-09-18T07:30:30.024+0000][122][info ][gc,phases   ] GC(27)   Pre Evacuate Collection Set: 0.87ms
[2025-09-18T07:30:30.024+0000][122][info ][gc,phases   ] GC(27)   Merge Heap Roots: 0.15ms
[2025-09-18T07:30:30.024+0000][122][info ][gc,phases   ] GC(27)   Evacuate Collection Set: 31.57ms
[2025-09-18T07:30:30.024+0000][122][info ][gc,phases   ] GC(27)   Post Evacuate Collection Set: 3.42ms
[2025-09-18T07:30:30.024+0000][122][info ][gc,phases   ] GC(27)   Other: 0.26ms
[2025-09-18T07:30:30.024+0000][122][trace][gc,age      ] GC(27) Age table with threshold 15 (max threshold 15)
[2025-09-18T07:30:30.024+0000][122][trace][gc,age      ] GC(27) - age   1:     975392 bytes,     975392 total
[2025-09-18T07:30:30.024+0000][122][trace][gc,age      ] GC(27) - age   2:      27920 bytes,    1003312 total
[2025-09-18T07:30:30.024+0000][122][trace][gc,age      ] GC(27) - age   3:     113872 bytes,    1117184 total
[2025-09-18T07:30:30.024+0000][122][trace][gc,age      ] GC(27) - age   4:     127712 bytes,    1244896 total
[2025-09-18T07:30:30.024+0000][122][trace][gc,age      ] GC(27) - age   5:      21040 bytes,    1265936 total
[2025-09-18T07:30:30.024+0000][122][trace][gc,age      ] GC(27) - age   6:     134008 bytes,    1399944 total
[2025-09-18T07:30:30.024+0000][122][trace][gc,age      ] GC(27) - age   7:    1896304 bytes,    3296248 total
[2025-09-18T07:30:30.024+0000][122][trace][gc,age      ] GC(27) - age   8:    3828528 bytes,    7124776 total
[2025-09-18T07:30:30.024+0000][122][trace][gc,age      ] GC(27) - age   9:    2873480 bytes,    9998256 total
[2025-09-18T07:30:30.024+0000][122][trace][gc,age      ] GC(27) - age  10:   18958928 bytes,   28957184 total
[2025-09-18T07:30:30.024+0000][122][info ][gc,heap     ] GC(27) Eden regions: 145->0(145)
[2025-09-18T07:30:30.024+0000][122][info ][gc,heap     ] GC(27) Survivor regions: 8->8(20)
[2025-09-18T07:30:30.024+0000][122][info ][gc,heap     ] GC(27) Old regions: 29->29
[2025-09-18T07:30:30.024+0000][122][info ][gc,heap     ] GC(27) Humongous regions: 2->2
[2025-09-18T07:30:30.024+0000][122][info ][gc,metaspace] GC(27) Metaspace: 157156K(163008K)->157156K(163008K) NonClass: 135951K(139200K)->135951K(139200K) Class: 21204K(23808K)->21204K(23808K)
[2025-09-18T07:30:30.024+0000][122][info ][gc          ] GC(27) Pause Young (Concurrent Start) (G1 Evacuation Pause) 730M->151M(1024M) 36.941ms
[2025-09-18T07:30:30.024+0000][122][info ][gc,cpu      ] GC(27) User=0.25s Sys=0.01s Real=0.04s
[2025-09-18T07:30:30.024+0000][122][info ][gc          ] GC(28) Concurrent Mark Cycle
[2025-09-18T07:30:30.024+0000][122][info ][gc,marking  ] GC(28) Concurrent Scan Root Regions
[2025-09-18T07:30:30.024+0000][122][info ][safepoint   ] Safepoint "G1CollectForAllocation", Time since last: 4502273460 ns, Reaching safepoint: 6292 ns, Cleanup: 2250 ns, At safepoint: 37097417 ns, Total: 37105959 ns
[2025-09-18T07:30:30.034+0000][122][info ][gc,marking  ] GC(28) Concurrent Scan Root Regions 9.606ms
[2025-09-18T07:30:30.034+0000][122][info ][gc,marking  ] GC(28) Concurrent Mark
[2025-09-18T07:30:30.034+0000][122][info ][gc,marking  ] GC(28) Concurrent Mark From Roots
[2025-09-18T07:30:30.034+0000][122][info ][gc,task     ] GC(28) Using 2 workers of 2 for marking
[2025-09-18T07:30:30.110+0000][122][info ][gc,marking  ] GC(28) Concurrent Mark From Roots 75.428ms
[2025-09-18T07:30:30.110+0000][122][info ][gc,marking  ] GC(28) Concurrent Preclean
[2025-09-18T07:30:30.110+0000][122][info ][gc,marking  ] GC(28) Concurrent Preclean 0.583ms
[2025-09-18T07:30:30.110+0000][122][info ][gc,start    ] GC(28) Pause Remark
[2025-09-18T07:30:30.236+0000][122][info ][gc          ] GC(28) Pause Remark 158M->158M(1024M) 125.343ms
[2025-09-18T07:30:30.236+0000][122][info ][gc,cpu      ] GC(28) User=0.69s Sys=0.20s Real=0.12s
[2025-09-18T07:30:30.238+0000][122][info ][safepoint   ] Safepoint "G1PauseRemark", Time since last: 86051291 ns, Reaching safepoint: 17000 ns, Cleanup: 5625 ns, At safepoint: 127231792 ns, Total: 127254417 ns
[2025-09-18T07:30:30.238+0000][122][info ][gc,marking  ] GC(28) Concurrent Mark 203.865ms
[2025-09-18T07:30:30.238+0000][122][info ][gc,marking  ] GC(28) Concurrent Rebuild Remembered Sets and Scrub Regions
[2025-09-18T07:30:30.281+0000][122][info ][gc,marking  ] GC(28) Concurrent Rebuild Remembered Sets and Scrub Regions 42.661ms
[2025-09-18T07:30:30.281+0000][122][info ][gc,start    ] GC(28) Pause Cleanup
[2025-09-18T07:30:30.281+0000][122][info ][gc          ] GC(28) Pause Cleanup 160M->160M(1024M) 0.175ms
[2025-09-18T07:30:30.281+0000][122][info ][gc,cpu      ] GC(28) User=0.00s Sys=0.00s Real=0.00s
[2025-09-18T07:30:30.282+0000][122][info ][safepoint   ] Safepoint "G1PauseCleanup", Time since last: 43327917 ns, Reaching safepoint: 148583 ns, Cleanup: 76875 ns, At safepoint: 341334 ns, Total: 566792 ns
[2025-09-18T07:30:30.282+0000][122][info ][gc,marking  ] GC(28) Concurrent Clear Claimed Marks
[2025-09-18T07:30:30.282+0000][122][info ][gc,marking  ] GC(28) Concurrent Clear Claimed Marks 0.276ms
[2025-09-18T07:30:30.282+0000][122][info ][gc,marking  ] GC(28) Concurrent Cleanup for Next Mark
[2025-09-18T07:30:30.289+0000][122][info ][gc,marking  ] GC(28) Concurrent Cleanup for Next Mark 6.768ms
[2025-09-18T07:30:30.289+0000][122][info ][gc          ] GC(28) Concurrent Mark Cycle 264.594ms
[2025-09-18T07:30:31.707+0000][122][info ][safepoint   ] Safepoint "Cleanup", Time since last: 1425385125 ns, Reaching safepoint: 10625 ns, Cleanup: 63625 ns, At safepoint: 3584 ns, Total: 77834 ns
[2025-09-18T07:31:03.610+0000][122][info ][safepoint   ] Safepoint "Cleanup", Time since last: 31904505264 ns, Reaching safepoint: 186167 ns, Cleanup: 64792 ns, At safepoint: 32500 ns, Total: 283459 ns
[2025-09-18T07:31:04.613+0000][122][info ][safepoint   ] Safepoint "Cleanup", Time since last: 1002888792 ns, Reaching safepoint: 75083 ns, Cleanup: 36584 ns, At safepoint: 19375 ns, Total: 131042 ns
[2025-09-18T07:31:06.620+0000][122][info ][safepoint   ] Safepoint "Cleanup", Time since last: 2006173001 ns, Reaching safepoint: 137500 ns, Cleanup: 71583 ns, At safepoint: 25500 ns, Total: 234583 ns
[2025-09-18T07:31:24.662+0000][122][info ][safepoint   ] Safepoint "Cleanup", Time since last: 18041841383 ns, Reaching safepoint: 107667 ns, Cleanup: 28708 ns, At safepoint: 11792 ns, Total: 148167 ns
[2025-09-18T07:31:26.993+0000][122][info ][safepoint   ] Safepoint "Cleanup", Time since last: 2332677918 ns, Reaching safepoint: 6250 ns, Cleanup: 12333 ns, At safepoint: 12917 ns, Total: 31500 ns
[2025-09-18T07:31:28.857+0000][122][info ][safepoint   ] Safepoint "Cleanup", Time since last: 1863587834 ns, Reaching safepoint: 89625 ns, Cleanup: 85167 ns, At safepoint: 21750 ns, Total: 196542 ns
[2025-09-18T07:31:29.922+0000][122][info ][safepoint   ] Safepoint "Cleanup", Time since last: 1064747083 ns, Reaching safepoint: 72709 ns, Cleanup: 53750 ns, At safepoint: 14875 ns, Total: 141334 ns
[2025-09-18T07:31:33.946+0000][122][info ][safepoint   ] Safepoint "Cleanup", Time since last: 4023978002 ns, Reaching safepoint: 14916 ns, Cleanup: 23000 ns, At safepoint: 7542 ns, Total: 45458 ns
[2025-09-18T07:31:35.026+0000][122][info ][safepoint   ] Safepoint "Cleanup", Time since last: 1079814542 ns, Reaching safepoint: 13042 ns, Cleanup: 16791 ns, At safepoint: 4125 ns, Total: 33958 ns
[2025-09-18T07:31:38.039+0000][122][info ][safepoint   ] Safepoint "Cleanup", Time since last: 3012835502 ns, Reaching safepoint: 36375 ns, Cleanup: 18167 ns, At safepoint: 11291 ns, Total: 65833 ns
[2025-09-18T07:31:44.056+0000][122][info ][safepoint   ] Safepoint "Cleanup", Time since last: 6016777753 ns, Reaching safepoint: 165000 ns, Cleanup: 58292 ns, At safepoint: 26666 ns, Total: 249958 ns
[2025-09-18T07:31:46.050+0000][122][info ][safepoint   ] Safepoint "Cleanup", Time since last: 1993637585 ns, Reaching safepoint: 115958 ns, Cleanup: 106375 ns, At safepoint: 15167 ns, Total: 237500 ns
[2025-09-18T07:31:47.095+0000][122][info ][safepoint   ] Safepoint "Cleanup", Time since last: 1045158584 ns, Reaching safepoint: 148958 ns, Cleanup: 47917 ns, At safepoint: 17333 ns, Total: 214208 ns
[2025-09-18T07:31:59.012+0000][122][info ][safepoint   ] Safepoint "Cleanup", Time since last: 11918554588 ns, Reaching safepoint: 8917 ns, Cleanup: 18042 ns, At safepoint: 8500 ns, Total: 35459 ns
[2025-09-18T07:32:00.668+0000][122][info ][safepoint   ] Safepoint "Cleanup", Time since last: 1655220542 ns, Reaching safepoint: 59000 ns, Cleanup: 114500 ns, At safepoint: 27333 ns, Total: 200833 ns
[2025-09-18T07:32:01.670+0000][122][info ][safepoint   ] Safepoint "Cleanup", Time since last: 1001690751 ns, Reaching safepoint: 228708 ns, Cleanup: 46375 ns, At safepoint: 19959 ns, Total: 295042 ns
[2025-09-18T07:32:03.709+0000][122][info ][safepoint   ] Safepoint "Cleanup", Time since last: 2039602375 ns, Reaching safepoint: 38042 ns, Cleanup: 13000 ns, At safepoint: 5958 ns, Total: 57000 ns
[2025-09-18T07:32:06.713+0000][122][info ][safepoint   ] Safepoint "Cleanup", Time since last: 3003185669 ns, Reaching safepoint: 90916 ns, Cleanup: 40709 ns, At safepoint: 18125 ns, Total: 149750 ns
[2025-09-18T07:32:07.714+0000][122][info ][safepoint   ] Safepoint "Cleanup", Time since last: 1001496458 ns, Reaching safepoint: 14750 ns, Cleanup: 10292 ns, At safepoint: 5042 ns, Total: 30084 ns
[2025-09-18T07:32:12.720+0000][122][info ][safepoint   ] Safepoint "Cleanup", Time since last: 5005149210 ns, Reaching safepoint: 103667 ns, Cleanup: 129750 ns, At safepoint: 16042 ns, Total: 249459 ns
[2025-09-18T07:32:13.722+0000][122][info ][safepoint   ] Safepoint "Cleanup", Time since last: 1001775542 ns, Reaching safepoint: 40667 ns, Cleanup: 28458 ns, At safepoint: 11708 ns, Total: 80833 ns
[2025-09-18T07:32:15.724+0000][122][info ][safepoint   ] Safepoint "Cleanup", Time since last: 2001878835 ns, Reaching safepoint: 90333 ns, Cleanup: 76667 ns, At safepoint: 14791 ns, Total: 181791 ns
[2025-09-18T07:32:25.734+0000][122][info ][safepoint   ] Safepoint "Cleanup", Time since last: 10010300672 ns, Reaching safepoint: 189833 ns, Cleanup: 73167 ns, At safepoint: 26916 ns, Total: 289916 ns
[2025-09-18T07:32:34.750+0000][122][info ][safepoint   ] Safepoint "Cleanup", Time since last: 9016126712 ns, Reaching safepoint: 219667 ns, Cleanup: 22166 ns, At safepoint: 26959 ns, Total: 268792 ns
[2025-09-18T07:32:36.218+0000][122][info ][safepoint   ] Safepoint "Cleanup", Time since last: 1468035125 ns, Reaching safepoint: 4709 ns, Cleanup: 7333 ns, At safepoint: 6667 ns, Total: 18709 ns
[2025-09-18T07:32:37.251+0000][122][info ][safepoint   ] Safepoint "Cleanup", Time since last: 1033062667 ns, Reaching safepoint: 16292 ns, Cleanup: 15916 ns, At safepoint: 7459 ns, Total: 39667 ns
[2025-09-18T07:32:38.256+0000][122][info ][safepoint   ] Safepoint "Cleanup", Time since last: 1005531250 ns, Reaching safepoint: 163042 ns, Cleanup: 36791 ns, At safepoint: 15167 ns, Total: 215000 ns
[2025-09-18T07:33:23.830+0000][122][info ][safepoint   ] Safepoint "Cleanup", Time since last: 45574624271 ns, Reaching safepoint: 80209 ns, Cleanup: 71875 ns, At safepoint: 107000 ns, Total: 259084 ns
[2025-09-18T07:33:24.836+0000][122][info ][safepoint   ] Safepoint "Cleanup", Time since last: 1006551792 ns, Reaching safepoint: 66167 ns, Cleanup: 44458 ns, At safepoint: 27875 ns, Total: 138500 ns
[2025-09-18T07:33:27.839+0000][122][info ][safepoint   ] Safepoint "Cleanup", Time since last: 3003603542 ns, Reaching safepoint: 82334 ns, Cleanup: 55958 ns, At safepoint: 21625 ns, Total: 159917 ns
[2025-09-18T07:33:28.842+0000][122][info ][safepoint   ] Safepoint "Cleanup", Time since last: 1002242500 ns, Reaching safepoint: 80000 ns, Cleanup: 55000 ns, At safepoint: 75125 ns, Total: 210125 ns
[2025-09-18T07:33:39.019+0000][122][info ][safepoint   ] Safepoint "Cleanup", Time since last: 10176951005 ns, Reaching safepoint: 5417 ns, Cleanup: 7958 ns, At safepoint: 7084 ns, Total: 20459 ns
[2025-09-18T07:33:40.436+0000][122][info ][safepoint   ] Safepoint "Cleanup", Time since last: 1416055417 ns, Reaching safepoint: 1150417 ns, Cleanup: 84583 ns, At safepoint: 24375 ns, Total: 1259375 ns
[2025-09-18T07:34:21.012+0000][122][info ][safepoint   ] Safepoint "Cleanup", Time since last: 40577781394 ns, Reaching safepoint: 183292 ns, Cleanup: 20500 ns, At safepoint: 12958 ns, Total: 216750 ns
[2025-09-18T07:34:22.015+0000][122][info ][safepoint   ] Safepoint "Cleanup", Time since last: 1001844417 ns, Reaching safepoint: 197417 ns, Cleanup: 93792 ns, At safepoint: 31375 ns, Total: 322584 ns
[2025-09-18T07:34:25.022+0000][122][info ][safepoint   ] Safepoint "Cleanup", Time since last: 3007622376 ns, Reaching safepoint: 42958 ns, Cleanup: 26125 ns, At safepoint: 8209 ns, Total: 77292 ns
[2025-09-18T07:34:42.040+0000][122][info ][safepoint   ] Safepoint "Cleanup", Time since last: 17016917507 ns, Reaching safepoint: 1891000 ns, Cleanup: 38250 ns, At safepoint: 17625 ns, Total: 1946875 ns
[2025-09-18T07:34:43.597+0000][122][info ][safepoint   ] Safepoint "Cleanup", Time since last: 1557270251 ns, Reaching safepoint: 6792 ns, Cleanup: 17500 ns, At safepoint: 6000 ns, Total: 30292 ns
[2025-09-18T07:34:47.602+0000][122][info ][safepoint   ] Safepoint "Cleanup", Time since last: 4004656877 ns, Reaching safepoint: 41416 ns, Cleanup: 11209 ns, At safepoint: 6541 ns, Total: 59166 ns
[2025-09-18T07:34:48.603+0000][122][info ][safepoint   ] Safepoint "Cleanup", Time since last: 1000944751 ns, Reaching safepoint: 19750 ns, Cleanup: 44417 ns, At safepoint: 6083 ns, Total: 70250 ns
[2025-09-18T07:34:52.607+0000][122][info ][safepoint   ] Safepoint "Cleanup", Time since last: 4004054502 ns, Reaching safepoint: 184916 ns, Cleanup: 24792 ns, At safepoint: 8333 ns, Total: 218041 ns
[2025-09-18T07:35:03.129+0000][122][info ][safepoint   ] Safepoint "Cleanup", Time since last: 10523686505 ns, Reaching safepoint: 23750 ns, Cleanup: 19291 ns, At safepoint: 6667 ns, Total: 49708 ns
[2025-09-18T07:35:15.142+0000][122][info ][safepoint   ] Safepoint "Cleanup", Time since last: 12012945631 ns, Reaching safepoint: 85541 ns, Cleanup: 30959 ns, At safepoint: 5500 ns, Total: 122000 ns
[2025-09-18T07:35:22.149+0000][122][info ][safepoint   ] Safepoint "Cleanup", Time since last: 7006853128 ns, Reaching safepoint: 16625 ns, Cleanup: 17875 ns, At safepoint: 3958 ns, Total: 38458 ns
[2025-09-18T07:35:23.150+0000][122][info ][safepoint   ] Safepoint "Cleanup", Time since last: 1000964126 ns, Reaching safepoint: 19666 ns, Cleanup: 10834 ns, At safepoint: 4208 ns, Total: 34708 ns
[2025-09-18T07:35:24.151+0000][122][info ][safepoint   ] Safepoint "Cleanup", Time since last: 1001096709 ns, Reaching safepoint: 52083 ns, Cleanup: 18042 ns, At safepoint: 8625 ns, Total: 78750 ns
[2025-09-18T07:35:25.152+0000][122][info ][safepoint   ] Safepoint "Cleanup", Time since last: 1000847792 ns, Reaching safepoint: 66458 ns, Cleanup: 31375 ns, At safepoint: 7834 ns, Total: 105667 ns
[2025-09-18T07:35:34.467+0000][122][info ][safepoint   ] Safepoint "Cleanup", Time since last: 9010129379 ns, Reaching safepoint: 339625 ns, Cleanup: 58041 ns, At safepoint: 19709 ns, Total: 417375 ns
[2025-09-18T07:35:39.474+0000][122][info ][safepoint   ] Safepoint "Cleanup", Time since last: 5006774377 ns, Reaching safepoint: 88750 ns, Cleanup: 54667 ns, At safepoint: 16250 ns, Total: 159667 ns
[2025-09-18T07:35:42.326+0000][122][info ][safepoint   ] Safepoint "Cleanup", Time since last: 2851961834 ns, Reaching safepoint: 5542 ns, Cleanup: 19625 ns, At safepoint: 5083 ns, Total: 30250 ns
[2025-09-18T07:35:44.043+0000][122][info ][safepoint   ] Safepoint "Cleanup", Time since last: 1716149918 ns, Reaching safepoint: 1470417 ns, Cleanup: 108750 ns, At safepoint: 41583 ns, Total: 1620750 ns
[2025-09-18T07:35:49.048+0000][122][info ][safepoint   ] Safepoint "Cleanup", Time since last: 5004766169 ns, Reaching safepoint: 94958 ns, Cleanup: 42584 ns, At safepoint: 19708 ns, Total: 157250 ns
[2025-09-18T07:35:50.054+0000][122][info ][safepoint   ] Safepoint "Cleanup", Time since last: 1005135792 ns, Reaching safepoint: 156542 ns, Cleanup: 63208 ns, At safepoint: 18583 ns, Total: 238333 ns
[2025-09-18T07:36:06.549+0000][122][info ][safepoint   ] Safepoint "Cleanup", Time since last: 16494821674 ns, Reaching safepoint: 121625 ns, Cleanup: 92542 ns, At safepoint: 37833 ns, Total: 252000 ns
[2025-09-18T07:36:07.552+0000][122][info ][safepoint   ] Safepoint "Cleanup", Time since last: 1002665876 ns, Reaching safepoint: 65958 ns, Cleanup: 67875 ns, At safepoint: 25917 ns, Total: 159750 ns
[2025-09-18T07:36:14.577+0000][122][info ][safepoint   ] Safepoint "Cleanup", Time since last: 7024889337 ns, Reaching safepoint: 111916 ns, Cleanup: 84167 ns, At safepoint: 23042 ns, Total: 219125 ns
[2025-09-18T07:36:25.599+0000][122][info ][safepoint   ] Safepoint "Cleanup", Time since last: 11021683963 ns, Reaching safepoint: 68625 ns, Cleanup: 37958 ns, At safepoint: 13584 ns, Total: 120167 ns
[2025-09-18T07:36:35.615+0000][122][info ][safepoint   ] Safepoint "Cleanup", Time since last: 10015102837 ns, Reaching safepoint: 90000 ns, Cleanup: 49417 ns, At safepoint: 21625 ns, Total: 161042 ns
[2025-09-18T07:36:40.620+0000][122][info ][safepoint   ] Safepoint "Cleanup", Time since last: 5005411127 ns, Reaching safepoint: 15459 ns, Cleanup: 18166 ns, At safepoint: 4709 ns, Total: 38334 ns
[2025-09-18T07:36:44.623+0000][122][info ][safepoint   ] Safepoint "Cleanup", Time since last: 4002957127 ns, Reaching safepoint: 87875 ns, Cleanup: 43750 ns, At safepoint: 93333 ns, Total: 224958 ns
[2025-09-18T07:36:46.166+0000][122][info ][safepoint   ] Safepoint "Cleanup", Time since last: 1542455167 ns, Reaching safepoint: 24334 ns, Cleanup: 38166 ns, At safepoint: 12959 ns, Total: 75459 ns
[2025-09-18T07:36:49.215+0000][122][info ][safepoint   ] Safepoint "Cleanup", Time since last: 3049091293 ns, Reaching safepoint: 95125 ns, Cleanup: 45375 ns, At safepoint: 24458 ns, Total: 164958 ns
[2025-09-18T07:36:52.220+0000][122][info ][safepoint   ] Safepoint "Cleanup", Time since last: 3004153585 ns, Reaching safepoint: 79458 ns, Cleanup: 80583 ns, At safepoint: 19792 ns, Total: 179833 ns
[2025-09-18T07:36:54.223+0000][122][info ][safepoint   ] Safepoint "Cleanup", Time since last: 2003513084 ns, Reaching safepoint: 103375 ns, Cleanup: 37167 ns, At safepoint: 26000 ns, Total: 166542 ns
[2025-09-18T07:36:55.225+0000][122][info ][safepoint   ] Safepoint "Cleanup", Time since last: 1002132167 ns, Reaching safepoint: 80125 ns, Cleanup: 44042 ns, At safepoint: 19000 ns, Total: 143167 ns
[2025-09-18T07:36:59.234+0000][122][info ][safepoint   ] Safepoint "Cleanup", Time since last: 4007762585 ns, Reaching safepoint: 111125 ns, Cleanup: 56500 ns, At safepoint: 21625 ns, Total: 189250 ns
[2025-09-18T07:37:07.797+0000][122][info ][safepoint   ] Safepoint "Cleanup", Time since last: 8563150587 ns, Reaching safepoint: 67459 ns, Cleanup: 29416 ns, At safepoint: 14459 ns, Total: 111334 ns
[2025-09-18T07:37:39.084+0000][122][info ][gc,start    ] GC(29) Pause Young (Prepare Mixed) (G1 Evacuation Pause)
[2025-09-18T07:37:39.086+0000][122][info ][gc,task     ] GC(29) Using 8 workers of 8 for evacuation
[2025-09-18T07:37:39.086+0000][122][debug][gc,age      ] GC(29) Desired survivor size 41943040 bytes, new threshold 15 (max threshold 15)
[2025-09-18T07:37:39.139+0000][122][info ][gc,phases   ] GC(29)   Pre Evacuate Collection Set: 1.17ms
[2025-09-18T07:37:39.139+0000][122][info ][gc,phases   ] GC(29)   Merge Heap Roots: 0.55ms
[2025-09-18T07:37:39.139+0000][122][info ][gc,phases   ] GC(29)   Evacuate Collection Set: 46.71ms
[2025-09-18T07:37:39.139+0000][122][info ][gc,phases   ] GC(29)   Post Evacuate Collection Set: 3.92ms
[2025-09-18T07:37:39.139+0000][122][info ][gc,phases   ] GC(29)   Other: 0.55ms
[2025-09-18T07:37:39.139+0000][122][trace][gc,age      ] GC(29) Age table with threshold 15 (max threshold 15)
[2025-09-18T07:37:39.139+0000][122][trace][gc,age      ] GC(29) - age   1:     996208 bytes,     996208 total
[2025-09-18T07:37:39.139+0000][122][trace][gc,age      ] GC(29) - age   2:      89616 bytes,    1085824 total
[2025-09-18T07:37:39.139+0000][122][trace][gc,age      ] GC(29) - age   3:      19200 bytes,    1105024 total
[2025-09-18T07:37:39.139+0000][122][trace][gc,age      ] GC(29) - age   4:     113384 bytes,    1218408 total
[2025-09-18T07:37:39.139+0000][122][trace][gc,age      ] GC(29) - age   5:     127672 bytes,    1346080 total
[2025-09-18T07:37:39.139+0000][122][trace][gc,age      ] GC(29) - age   6:      21040 bytes,    1367120 total
[2025-09-18T07:37:39.139+0000][122][trace][gc,age      ] GC(29) - age   7:     133800 bytes,    1500920 total
[2025-09-18T07:37:39.139+0000][122][trace][gc,age      ] GC(29) - age   8:    1895976 bytes,    3396896 total
[2025-09-18T07:37:39.139+0000][122][trace][gc,age      ] GC(29) - age   9:    3828344 bytes,    7225240 total
[2025-09-18T07:37:39.139+0000][122][trace][gc,age      ] GC(29) - age  10:    2873256 bytes,   10098496 total
[2025-09-18T07:37:39.139+0000][122][trace][gc,age      ] GC(29) - age  11:   18958448 bytes,   29056944 total
[2025-09-18T07:37:39.140+0000][122][info ][gc,heap     ] GC(29) Eden regions: 145->0(145)
[2025-09-18T07:37:39.140+0000][122][info ][gc,heap     ] GC(29) Survivor regions: 8->8(20)
[2025-09-18T07:37:39.140+0000][122][info ][gc,heap     ] GC(29) Old regions: 29->29
[2025-09-18T07:37:39.140+0000][122][info ][gc,heap     ] GC(29) Humongous regions: 2->2
[2025-09-18T07:37:39.140+0000][122][info ][gc,metaspace] GC(29) Metaspace: 157287K(163008K)->157287K(163008K) NonClass: 136089K(139200K)->136089K(139200K) Class: 21198K(23808K)->21198K(23808K)
[2025-09-18T07:37:39.140+0000][122][info ][gc          ] GC(29) Pause Young (Prepare Mixed) (G1 Evacuation Pause) 731M->152M(1024M) 55.475ms
[2025-09-18T07:37:39.140+0000][122][info ][gc,cpu      ] GC(29) User=0.39s Sys=0.00s Real=0.05s
[2025-09-18T07:37:39.141+0000][122][info ][safepoint   ] Safepoint "G1CollectForAllocation", Time since last: 31286350305 ns, Reaching safepoint: 56959 ns, Cleanup: 8208 ns, At safepoint: 57105000 ns, Total: 57170167 ns
[2025-09-18T07:37:40.143+0000][122][info ][safepoint   ] Safepoint "Cleanup", Time since last: 1001127459 ns, Reaching safepoint: 104791 ns, Cleanup: 46417 ns, At safepoint: 24417 ns, Total: 175625 ns
[2025-09-18T07:37:49.328+0000][122][info ][safepoint   ] Safepoint "Cleanup", Time since last: 9185718337 ns, Reaching safepoint: 16417 ns, Cleanup: 27875 ns, At safepoint: 9792 ns, Total: 54084 ns
[2025-09-18T07:37:55.388+0000][122][info ][safepoint   ] Safepoint "Cleanup", Time since last: 6059297544 ns, Reaching safepoint: 115542 ns, Cleanup: 30917 ns, At safepoint: 24375 ns, Total: 170834 ns
[2025-09-18T07:38:04.370+0000][122][info ][safepoint   ] Safepoint "Cleanup", Time since last: 8981211337 ns, Reaching safepoint: 11833 ns, Cleanup: 84917 ns, At safepoint: 8917 ns, Total: 105667 ns
[2025-09-18T07:38:05.427+0000][122][info ][safepoint   ] Safepoint "Cleanup", Time since last: 1056836667 ns, Reaching safepoint: 82125 ns, Cleanup: 52250 ns, At safepoint: 15708 ns, Total: 150083 ns
[2025-09-18T07:38:06.502+0000][122][info ][safepoint   ] Safepoint "ICBufferFull", Time since last: 1073752334 ns, Reaching safepoint: 1388125 ns, Cleanup: 188708 ns, At safepoint: 35084 ns, Total: 1611917 ns
[2025-09-18T07:38:06.505+0000][122][info ][safepoint   ] Safepoint "ICBufferFull", Time since last: 1872166 ns, Reaching safepoint: 796334 ns, Cleanup: 9541 ns, At safepoint: 35167 ns, Total: 841042 ns
[2025-09-18T07:38:06.519+0000][122][info ][safepoint   ] Safepoint "ICBufferFull", Time since last: 1532042 ns, Reaching safepoint: 12722708 ns, Cleanup: 4708 ns, At safepoint: 45500 ns, Total: 12772916 ns
[2025-09-18T07:38:06.525+0000][122][info ][safepoint   ] Safepoint "ICBufferFull", Time since last: 4656209 ns, Reaching safepoint: 916250 ns, Cleanup: 35708 ns, At safepoint: 31625 ns, Total: 983583 ns
[2025-09-18T07:38:08.476+0000][122][info ][safepoint   ] Safepoint "Cleanup", Time since last: 1951181626 ns, Reaching safepoint: 67583 ns, Cleanup: 270709 ns, At safepoint: 19791 ns, Total: 358083 ns
[2025-09-18T07:38:09.479+0000][122][info ][safepoint   ] Safepoint "Cleanup", Time since last: 1002307667 ns, Reaching safepoint: 31084 ns, Cleanup: 34875 ns, At safepoint: 8666 ns, Total: 74625 ns
[2025-09-18T07:38:10.818+0000][122][info ][safepoint   ] Safepoint "Cleanup", Time since last: 1338886959 ns, Reaching safepoint: 9334 ns, Cleanup: 168666 ns, At safepoint: 9500 ns, Total: 187500 ns
[2025-09-18T07:38:12.824+0000][122][info ][safepoint   ] Safepoint "Cleanup", Time since last: 2006471251 ns, Reaching safepoint: 65209 ns, Cleanup: 38375 ns, At safepoint: 17083 ns, Total: 120667 ns
[2025-09-18T07:38:13.827+0000][122][info ][safepoint   ] Safepoint "Cleanup", Time since last: 1002342709 ns, Reaching safepoint: 32750 ns, Cleanup: 18416 ns, At safepoint: 7375 ns, Total: 58541 ns
[2025-09-18T07:38:14.831+0000][122][info ][safepoint   ] Safepoint "Cleanup", Time since last: 1003987543 ns, Reaching safepoint: 61791 ns, Cleanup: 62042 ns, At safepoint: 19958 ns, Total: 143791 ns
[2025-09-18T07:38:15.833+0000][122][info ][safepoint   ] Safepoint "Cleanup", Time since last: 1002035626 ns, Reaching safepoint: 61541 ns, Cleanup: 29875 ns, At safepoint: 13542 ns, Total: 104958 ns
[2025-09-18T07:38:19.844+0000][122][info ][safepoint   ] Safepoint "Cleanup", Time since last: 4010350627 ns, Reaching safepoint: 119833 ns, Cleanup: 44042 ns, At safepoint: 18042 ns, Total: 181917 ns
[2025-09-18T07:38:21.877+0000][122][info ][safepoint   ] Safepoint "Cleanup", Time since last: 2029900501 ns, Reaching safepoint: 1037916 ns, Cleanup: 2765667 ns, At safepoint: 31750 ns, Total: 3835333 ns
[2025-09-18T07:38:24.881+0000][122][info ][safepoint   ] Safepoint "Cleanup", Time since last: 3003738001 ns, Reaching safepoint: 71500 ns, Cleanup: 48000 ns, At safepoint: 14292 ns, Total: 133792 ns
[2025-09-18T07:38:25.885+0000][122][info ][safepoint   ] Safepoint "Cleanup", Time since last: 1003162251 ns, Reaching safepoint: 79250 ns, Cleanup: 91458 ns, At safepoint: 21583 ns, Total: 192291 ns
[2025-09-18T07:38:27.893+0000][122][info ][safepoint   ] Safepoint "Cleanup", Time since last: 2007695584 ns, Reaching safepoint: 68041 ns, Cleanup: 39959 ns, At safepoint: 18250 ns, Total: 126250 ns
[2025-09-18T07:38:29.896+0000][122][info ][safepoint   ] Safepoint "Cleanup", Time since last: 2003071250 ns, Reaching safepoint: 69000 ns, Cleanup: 157375 ns, At safepoint: 21959 ns, Total: 248334 ns
[2025-09-18T07:38:30.959+0000][122][info ][safepoint   ] Safepoint "Cleanup", Time since last: 1062527500 ns, Reaching safepoint: 81459 ns, Cleanup: 105541 ns, At safepoint: 19834 ns, Total: 206834 ns
[2025-09-18T07:38:32.963+0000][122][info ][safepoint   ] Safepoint "Cleanup", Time since last: 2004073126 ns, Reaching safepoint: 36958 ns, Cleanup: 19000 ns, At safepoint: 9208 ns, Total: 65166 ns
[2025-09-18T07:38:36.970+0000][122][info ][safepoint   ] Safepoint "Cleanup", Time since last: 4006739544 ns, Reaching safepoint: 74833 ns, Cleanup: 47084 ns, At safepoint: 17250 ns, Total: 139167 ns
[2025-09-18T07:38:37.972+0000][122][info ][safepoint   ] Safepoint "Cleanup", Time since last: 1001715292 ns, Reaching safepoint: 70750 ns, Cleanup: 63083 ns, At safepoint: 24042 ns, Total: 157875 ns
[2025-09-18T07:38:41.976+0000][122][info ][safepoint   ] Safepoint "Cleanup", Time since last: 4003547918 ns, Reaching safepoint: 12375 ns, Cleanup: 29334 ns, At safepoint: 5750 ns, Total: 47459 ns
[2025-09-18T07:38:42.977+0000][122][info ][safepoint   ] Safepoint "Cleanup", Time since last: 1001763708 ns, Reaching safepoint: 17417 ns, Cleanup: 26375 ns, At safepoint: 6375 ns, Total: 50167 ns
[2025-09-18T07:38:43.979+0000][122][info ][safepoint   ] Safepoint "Cleanup", Time since last: 1001136792 ns, Reaching safepoint: 16875 ns, Cleanup: 13709 ns, At safepoint: 7583 ns, Total: 38167 ns
[2025-09-18T07:38:47.984+0000][122][info ][safepoint   ] Safepoint "Cleanup", Time since last: 4005126835 ns, Reaching safepoint: 75500 ns, Cleanup: 37958 ns, At safepoint: 13167 ns, Total: 126625 ns
[2025-09-18T07:38:48.986+0000][122][info ][safepoint   ] Safepoint "Cleanup", Time since last: 1002365334 ns, Reaching safepoint: 110125 ns, Cleanup: 50083 ns, At safepoint: 24834 ns, Total: 185042 ns
[2025-09-18T07:38:49.990+0000][122][info ][safepoint   ] Safepoint "Cleanup", Time since last: 1003754917 ns, Reaching safepoint: 61916 ns, Cleanup: 33084 ns, At safepoint: 11083 ns, Total: 106083 ns
[2025-09-18T07:38:50.992+0000][122][info ][safepoint   ] Safepoint "Cleanup", Time since last: 1001661709 ns, Reaching safepoint: 59958 ns, Cleanup: 35417 ns, At safepoint: 10333 ns, Total: 105708 ns
[2025-09-18T07:38:52.665+0000][122][info ][safepoint   ] Safepoint "Cleanup", Time since last: 1671236459 ns, Reaching safepoint: 1366959 ns, Cleanup: 296250 ns, At safepoint: 27416 ns, Total: 1690625 ns
[2025-09-18T07:38:54.671+0000][122][info ][safepoint   ] Safepoint "Cleanup", Time since last: 2006207585 ns, Reaching safepoint: 69833 ns, Cleanup: 33250 ns, At safepoint: 13625 ns, Total: 116708 ns
[2025-09-18T07:38:55.674+0000][122][info ][safepoint   ] Safepoint "Cleanup", Time since last: 1002129584 ns, Reaching safepoint: 53958 ns, Cleanup: 22125 ns, At safepoint: 11708 ns, Total: 87791 ns
[2025-09-18T07:38:59.678+0000][122][info ][safepoint   ] Safepoint "Cleanup", Time since last: 4004196835 ns, Reaching safepoint: 128334 ns, Cleanup: 75458 ns, At safepoint: 30208 ns, Total: 234000 ns
[2025-09-18T07:39:04.177+0000][122][info ][safepoint   ] Safepoint "Cleanup", Time since last: 4498098628 ns, Reaching safepoint: 77750 ns, Cleanup: 34333 ns, At safepoint: 18958 ns, Total: 131041 ns
[2025-09-18T07:39:07.186+0000][122][info ][safepoint   ] Safepoint "Cleanup", Time since last: 3009466877 ns, Reaching safepoint: 103791 ns, Cleanup: 48417 ns, At safepoint: 30750 ns, Total: 182958 ns
[2025-09-18T07:39:08.189+0000][122][info ][safepoint   ] Safepoint "Cleanup", Time since last: 1002084875 ns, Reaching safepoint: 67917 ns, Cleanup: 45792 ns, At safepoint: 14166 ns, Total: 127875 ns
[2025-09-18T07:39:11.196+0000][122][info ][safepoint   ] Safepoint "Cleanup", Time since last: 3007162585 ns, Reaching safepoint: 71500 ns, Cleanup: 38542 ns, At safepoint: 16500 ns, Total: 126542 ns
[2025-09-18T07:39:13.202+0000][122][info ][safepoint   ] Safepoint "Cleanup", Time since last: 2006192209 ns, Reaching safepoint: 53125 ns, Cleanup: 23459 ns, At safepoint: 11125 ns, Total: 87709 ns
[2025-09-18T07:39:22.226+0000][122][info ][safepoint   ] Safepoint "Cleanup", Time since last: 9022599170 ns, Reaching safepoint: 1017459 ns, Cleanup: 84791 ns, At safepoint: 12792 ns, Total: 1115042 ns
[2025-09-18T07:39:24.232+0000][122][info ][safepoint   ] Safepoint "Cleanup", Time since last: 2005792376 ns, Reaching safepoint: 110333 ns, Cleanup: 43542 ns, At safepoint: 14750 ns, Total: 168625 ns
[2025-09-18T07:39:42.261+0000][122][info ][safepoint   ] Safepoint "Cleanup", Time since last: 18028534383 ns, Reaching safepoint: 535625 ns, Cleanup: 166542 ns, At safepoint: 19667 ns, Total: 721834 ns
[2025-09-18T07:39:49.271+0000][122][info ][safepoint   ] Safepoint "Cleanup", Time since last: 7009025086 ns, Reaching safepoint: 469125 ns, Cleanup: 77500 ns, At safepoint: 42500 ns, Total: 589125 ns
[2025-09-18T07:39:51.278+0000][122][info ][safepoint   ] Safepoint "Cleanup", Time since last: 2006806876 ns, Reaching safepoint: 88417 ns, Cleanup: 103667 ns, At safepoint: 21500 ns, Total: 213584 ns
[2025-09-18T07:39:54.406+0000][122][info ][safepoint   ] Safepoint "Cleanup", Time since last: 3128286668 ns, Reaching safepoint: 4917 ns, Cleanup: 9666 ns, At safepoint: 4875 ns, Total: 19458 ns
[2025-09-18T07:39:55.860+0000][122][info ][safepoint   ] Safepoint "Cleanup", Time since last: 1454106584 ns, Reaching safepoint: 13917 ns, Cleanup: 56708 ns, At safepoint: 13167 ns, Total: 83792 ns
[2025-09-18T07:39:59.874+0000][122][info ][safepoint   ] Safepoint "Cleanup", Time since last: 4012313918 ns, Reaching safepoint: 122292 ns, Cleanup: 53833 ns, At safepoint: 23833 ns, Total: 199958 ns
[2025-09-18T07:40:04.329+0000][122][info ][safepoint   ] Safepoint "Cleanup", Time since last: 4454327753 ns, Reaching safepoint: 85083 ns, Cleanup: 45458 ns, At safepoint: 15917 ns, Total: 146458 ns
[2025-09-18T07:40:06.333+0000][122][info ][safepoint   ] Safepoint "Cleanup", Time since last: 2004381168 ns, Reaching safepoint: 17250 ns, Cleanup: 13250 ns, At safepoint: 7458 ns, Total: 37958 ns
[2025-09-18T07:40:10.347+0000][122][info ][safepoint   ] Safepoint "Cleanup", Time since last: 4013343502 ns, Reaching safepoint: 92500 ns, Cleanup: 59250 ns, At safepoint: 22041 ns, Total: 173791 ns
[2025-09-18T07:40:25.381+0000][122][info ][safepoint   ] Safepoint "Cleanup", Time since last: 15034464716 ns, Reaching safepoint: 108125 ns, Cleanup: 62000 ns, At safepoint: 27708 ns, Total: 197833 ns
[2025-09-18T07:40:27.389+0000][122][info ][safepoint   ] Safepoint "Cleanup", Time since last: 2007440459 ns, Reaching safepoint: 23500 ns, Cleanup: 30792 ns, At safepoint: 7542 ns, Total: 61834 ns
[2025-09-18T07:40:31.393+0000][122][info ][safepoint   ] Safepoint "Cleanup", Time since last: 4003922668 ns, Reaching safepoint: 91417 ns, Cleanup: 59292 ns, At safepoint: 20291 ns, Total: 171000 ns
[2025-09-18T07:40:53.439+0000][122][info ][safepoint   ] Safepoint "Cleanup", Time since last: 22045654719 ns, Reaching safepoint: 75625 ns, Cleanup: 20375 ns, At safepoint: 11625 ns, Total: 107625 ns
[2025-09-18T07:40:57.382+0000][122][info ][safepoint   ] Safepoint "Cleanup", Time since last: 3941871126 ns, Reaching safepoint: 3625 ns, Cleanup: 5250 ns, At safepoint: 4459 ns, Total: 13334 ns
[2025-09-18T07:40:59.039+0000][122][info ][safepoint   ] Safepoint "Cleanup", Time since last: 1657426584 ns, Reaching safepoint: 10833 ns, Cleanup: 23333 ns, At safepoint: 12667 ns, Total: 46833 ns
[2025-09-18T07:41:06.558+0000][122][info ][safepoint   ] Safepoint "Cleanup", Time since last: 7518307462 ns, Reaching safepoint: 117458 ns, Cleanup: 54334 ns, At safepoint: 31958 ns, Total: 203750 ns
[2025-09-18T07:41:29.609+0000][122][info ][safepoint   ] Safepoint "Cleanup", Time since last: 23051104302 ns, Reaching safepoint: 185083 ns, Cleanup: 112750 ns, At safepoint: 31375 ns, Total: 329208 ns
[2025-09-18T07:41:33.617+0000][122][info ][safepoint   ] Safepoint "Cleanup", Time since last: 4006949002 ns, Reaching safepoint: 84083 ns, Cleanup: 38875 ns, At safepoint: 23000 ns, Total: 145958 ns
[2025-09-18T07:41:34.621+0000][122][info ][safepoint   ] Safepoint "Cleanup", Time since last: 1003996834 ns, Reaching safepoint: 83208 ns, Cleanup: 49959 ns, At safepoint: 15875 ns, Total: 149042 ns
[2025-09-18T07:41:39.631+0000][122][info ][safepoint   ] Safepoint "Cleanup", Time since last: 5009799335 ns, Reaching safepoint: 74709 ns, Cleanup: 39791 ns, At safepoint: 14584 ns, Total: 129084 ns
[2025-09-18T07:41:48.406+0000][122][info ][safepoint   ] Safepoint "Cleanup", Time since last: 8775779629 ns, Reaching safepoint: 6000 ns, Cleanup: 11167 ns, At safepoint: 7125 ns, Total: 24292 ns
[2025-09-18T07:41:50.185+0000][122][info ][safepoint   ] Safepoint "Cleanup", Time since last: 1778682500 ns, Reaching safepoint: 131042 ns, Cleanup: 78792 ns, At safepoint: 31833 ns, Total: 241667 ns
[2025-09-18T07:41:52.190+0000][122][info ][safepoint   ] Safepoint "Cleanup", Time since last: 2004739084 ns, Reaching safepoint: 110792 ns, Cleanup: 32083 ns, At safepoint: 10292 ns, Total: 153167 ns
[2025-09-18T07:41:58.203+0000][122][info ][safepoint   ] Safepoint "Cleanup", Time since last: 6011870585 ns, Reaching safepoint: 149084 ns, Cleanup: 45000 ns, At safepoint: 25208 ns, Total: 219292 ns
[2025-09-18T07:41:59.208+0000][122][info ][safepoint   ] Safepoint "Cleanup", Time since last: 1004346209 ns, Reaching safepoint: 103291 ns, Cleanup: 56584 ns, At safepoint: 19208 ns, Total: 179083 ns
[2025-09-18T07:42:01.291+0000][122][info ][safepoint   ] Safepoint "Cleanup", Time since last: 2083056084 ns, Reaching safepoint: 3459 ns, Cleanup: 6333 ns, At safepoint: 1875 ns, Total: 11667 ns
[2025-09-18T07:42:09.780+0000][122][info ][safepoint   ] Safepoint "Cleanup", Time since last: 8488544546 ns, Reaching safepoint: 397708 ns, Cleanup: 122792 ns, At safepoint: 28833 ns, Total: 549333 ns
[2025-09-18T07:42:24.815+0000][122][info ][safepoint   ] Safepoint "Cleanup", Time since last: 15034684549 ns, Reaching safepoint: 100667 ns, Cleanup: 51583 ns, At safepoint: 25000 ns, Total: 177250 ns
[2025-09-18T07:42:25.817+0000][122][info ][safepoint   ] Safepoint "Cleanup", Time since last: 1002386584 ns, Reaching safepoint: 122292 ns, Cleanup: 63666 ns, At safepoint: 28959 ns, Total: 214917 ns
[2025-09-18T07:42:37.851+0000][122][info ][safepoint   ] Safepoint "Cleanup", Time since last: 12032988838 ns, Reaching safepoint: 79750 ns, Cleanup: 30708 ns, At safepoint: 18084 ns, Total: 128542 ns
[2025-09-18T07:42:53.882+0000][122][info ][safepoint   ] Safepoint "Cleanup", Time since last: 16030860174 ns, Reaching safepoint: 65542 ns, Cleanup: 37416 ns, At safepoint: 82834 ns, Total: 185792 ns
[2025-09-18T07:43:03.445+0000][122][info ][safepoint   ] Safepoint "Cleanup", Time since last: 9562272670 ns, Reaching safepoint: 4667 ns, Cleanup: 11167 ns, At safepoint: 4875 ns, Total: 20709 ns
[2025-09-18T07:43:04.454+0000][122][info ][safepoint   ] Safepoint "Cleanup", Time since last: 1009480167 ns, Reaching safepoint: 6208 ns, Cleanup: 12167 ns, At safepoint: 7917 ns, Total: 26292 ns
[2025-09-18T07:43:05.486+0000][122][info ][safepoint   ] Safepoint "Cleanup", Time since last: 1031883708 ns, Reaching safepoint: 81709 ns, Cleanup: 94958 ns, At safepoint: 20375 ns, Total: 197042 ns
[2025-09-18T07:43:06.489+0000][122][info ][safepoint   ] Safepoint "Cleanup", Time since last: 1002489209 ns, Reaching safepoint: 73583 ns, Cleanup: 45167 ns, At safepoint: 16333 ns, Total: 135083 ns
[2025-09-18T07:43:14.507+0000][122][info ][safepoint   ] Safepoint "Cleanup", Time since last: 8017488712 ns, Reaching safepoint: 68167 ns, Cleanup: 54875 ns, At safepoint: 13417 ns, Total: 136459 ns
[2025-09-18T07:43:19.519+0000][122][info ][safepoint   ] Safepoint "Cleanup", Time since last: 5012325377 ns, Reaching safepoint: 87167 ns, Cleanup: 63833 ns, At safepoint: 16125 ns, Total: 167125 ns
[2025-09-18T07:43:23.526+0000][122][info ][safepoint   ] Safepoint "Cleanup", Time since last: 4006624794 ns, Reaching safepoint: 167708 ns, Cleanup: 102375 ns, At safepoint: 20667 ns, Total: 290750 ns
[2025-09-18T07:43:25.529+0000][122][info ][safepoint   ] Safepoint "Cleanup", Time since last: 2002945042 ns, Reaching safepoint: 141875 ns, Cleanup: 57875 ns, At safepoint: 28167 ns, Total: 227917 ns
[2025-09-18T07:43:29.537+0000][122][info ][safepoint   ] Safepoint "Cleanup", Time since last: 4006645335 ns, Reaching safepoint: 94083 ns, Cleanup: 64125 ns, At safepoint: 16042 ns, Total: 174250 ns
[2025-09-18T07:43:44.569+0000][122][info ][safepoint   ] Safepoint "Cleanup", Time since last: 15032009799 ns, Reaching safepoint: 326083 ns, Cleanup: 88333 ns, At safepoint: 29167 ns, Total: 443583 ns
[2025-09-18T07:43:55.592+0000][122][info ][safepoint   ] Safepoint "Cleanup", Time since last: 11022533089 ns, Reaching safepoint: 223375 ns, Cleanup: 53333 ns, At safepoint: 17292 ns, Total: 294000 ns
[2025-09-18T07:43:59.602+0000][122][info ][safepoint   ] Safepoint "Cleanup", Time since last: 4008999042 ns, Reaching safepoint: 99750 ns, Cleanup: 36292 ns, At safepoint: 17875 ns, Total: 153917 ns
[2025-09-18T07:44:06.451+0000][122][info ][safepoint   ] Safepoint "Cleanup", Time since last: 6849705962 ns, Reaching safepoint: 6458 ns, Cleanup: 28750 ns, At safepoint: 8667 ns, Total: 43875 ns
[2025-09-18T07:44:06.621+0000][122][info ][gc,start    ] GC(30) Pause Young (Mixed) (G1 Evacuation Pause)
[2025-09-18T07:44:06.622+0000][122][info ][gc,task     ] GC(30) Using 8 workers of 8 for evacuation
[2025-09-18T07:44:06.622+0000][122][debug][gc,age      ] GC(30) Desired survivor size 41943040 bytes, new threshold 15 (max threshold 15)
[2025-09-18T07:44:06.676+0000][122][info ][gc,phases   ] GC(30)   Pre Evacuate Collection Set: 0.61ms
[2025-09-18T07:44:06.677+0000][122][info ][gc,phases   ] GC(30)   Merge Heap Roots: 0.22ms
[2025-09-18T07:44:06.677+0000][122][info ][gc,phases   ] GC(30)   Evacuate Collection Set: 48.93ms
[2025-09-18T07:44:06.677+0000][122][info ][gc,phases   ] GC(30)   Post Evacuate Collection Set: 4.95ms
[2025-09-18T07:44:06.677+0000][122][info ][gc,phases   ] GC(30)   Other: 0.26ms
[2025-09-18T07:44:06.677+0000][122][trace][gc,age      ] GC(30) Age table with threshold 15 (max threshold 15)
[2025-09-18T07:44:06.677+0000][122][trace][gc,age      ] GC(30) - age   1:    2267216 bytes,    2267216 total
[2025-09-18T07:44:06.677+0000][122][trace][gc,age      ] GC(30) - age   2:      69616 bytes,    2336832 total
[2025-09-18T07:44:06.678+0000][122][trace][gc,age      ] GC(30) - age   3:      67360 bytes,    2404192 total
[2025-09-18T07:44:06.678+0000][122][trace][gc,age      ] GC(30) - age   4:      18496 bytes,    2422688 total
[2025-09-18T07:44:06.678+0000][122][trace][gc,age      ] GC(30) - age   5:     113176 bytes,    2535864 total
[2025-09-18T07:44:06.678+0000][122][trace][gc,age      ] GC(30) - age   6:     127600 bytes,    2663464 total
[2025-09-18T07:44:06.678+0000][122][trace][gc,age      ] GC(30) - age   7:      14048 bytes,    2677512 total
[2025-09-18T07:44:06.678+0000][122][trace][gc,age      ] GC(30) - age   8:     118728 bytes,    2796240 total
[2025-09-18T07:44:06.678+0000][122][trace][gc,age      ] GC(30) - age   9:    1436920 bytes,    4233160 total
[2025-09-18T07:44:06.678+0000][122][trace][gc,age      ] GC(30) - age  10:    3827456 bytes,    8060616 total
[2025-09-18T07:44:06.678+0000][122][trace][gc,age      ] GC(30) - age  11:    2870768 bytes,   10931384 total
[2025-09-18T07:44:06.678+0000][122][trace][gc,age      ] GC(30) - age  12:   18874968 bytes,   29806352 total
[2025-09-18T07:44:06.678+0000][122][info ][gc,heap     ] GC(30) Eden regions: 145->0(144)
[2025-09-18T07:44:06.679+0000][122][info ][gc,heap     ] GC(30) Survivor regions: 8->9(20)
[2025-09-18T07:44:06.679+0000][122][info ][gc,heap     ] GC(30) Old regions: 29->28
[2025-09-18T07:44:06.679+0000][122][info ][gc,heap     ] GC(30) Humongous regions: 2->2
[2025-09-18T07:44:06.679+0000][122][info ][gc,metaspace] GC(30) Metaspace: 158129K(163136K)->158129K(163136K) NonClass: 136806K(139328K)->136806K(139328K) Class: 21323K(23808K)->21323K(23808K)
[2025-09-18T07:44:06.679+0000][122][info ][gc          ] GC(30) Pause Young (Mixed) (G1 Evacuation Pause) 732M->151M(1024M) 57.415ms
[2025-09-18T07:44:06.679+0000][122][info ][gc,cpu      ] GC(30) User=0.37s Sys=0.00s Real=0.05s
[2025-09-18T07:44:06.679+0000][122][info ][safepoint   ] Safepoint "G1CollectForAllocation", Time since last: 169998500 ns, Reaching safepoint: 7041 ns, Cleanup: 7292 ns, At safepoint: 57658208 ns, Total: 57672541 ns
[2025-09-18T07:44:07.715+0000][122][info ][safepoint   ] Safepoint "Cleanup", Time since last: 1035829709 ns, Reaching safepoint: 15542 ns, Cleanup: 91042 ns, At safepoint: 9500 ns, Total: 116084 ns
[2025-09-18T07:44:08.764+0000][122][info ][safepoint   ] Safepoint "Cleanup", Time since last: 1048608250 ns, Reaching safepoint: 409833 ns, Cleanup: 26084 ns, At safepoint: 22541 ns, Total: 458458 ns
[2025-09-18T07:44:25.780+0000][122][info ][safepoint   ] Safepoint "Cleanup", Time since last: 17015972467 ns, Reaching safepoint: 135833 ns, Cleanup: 29708 ns, At safepoint: 21917 ns, Total: 187458 ns
[2025-09-18T07:45:03.841+0000][122][info ][safepoint   ] Safepoint "Cleanup", Time since last: 38059013100 ns, Reaching safepoint: 201625 ns, Cleanup: 23250 ns, At safepoint: 5459 ns, Total: 230334 ns
[2025-09-18T07:45:05.298+0000][122][info ][safepoint   ] Safepoint "Cleanup", Time since last: 1457348375 ns, Reaching safepoint: 17084 ns, Cleanup: 13250 ns, At safepoint: 5583 ns, Total: 35917 ns
[2025-09-18T07:45:15.898+0000][122][info ][safepoint   ] Safepoint "Cleanup", Time since last: 10599708463 ns, Reaching safepoint: 78584 ns, Cleanup: 17166 ns, At safepoint: 5084 ns, Total: 100834 ns
[2025-09-18T07:45:25.914+0000][122][info ][safepoint   ] Safepoint "Cleanup", Time since last: 10016306046 ns, Reaching safepoint: 72459 ns, Cleanup: 15458 ns, At safepoint: 5583 ns, Total: 93500 ns
[2025-09-18T07:45:51.960+0000][122][info ][safepoint   ] Safepoint "Cleanup", Time since last: 26044657220 ns, Reaching safepoint: 25500 ns, Cleanup: 11292 ns, At safepoint: 4625 ns, Total: 41417 ns
[2025-09-18T07:46:02.979+0000][122][info ][safepoint   ] Safepoint "Cleanup", Time since last: 11018423879 ns, Reaching safepoint: 58042 ns, Cleanup: 10167 ns, At safepoint: 4875 ns, Total: 73084 ns
[2025-09-18T07:46:06.437+0000][122][info ][safepoint   ] Safepoint "Cleanup", Time since last: 3458062751 ns, Reaching safepoint: 23417 ns, Cleanup: 9167 ns, At safepoint: 5291 ns, Total: 37875 ns
[2025-09-18T07:46:07.439+0000][122][info ][safepoint   ] Safepoint "Cleanup", Time since last: 1001368126 ns, Reaching safepoint: 44208 ns, Cleanup: 19958 ns, At safepoint: 6500 ns, Total: 70666 ns
[2025-09-18T07:46:09.442+0000][122][info ][safepoint   ] Safepoint "Cleanup", Time since last: 2003388168 ns, Reaching safepoint: 46333 ns, Cleanup: 7875 ns, At safepoint: 5875 ns, Total: 60083 ns
[2025-09-18T07:46:12.995+0000][122][info ][safepoint   ] Safepoint "Cleanup", Time since last: 3553216502 ns, Reaching safepoint: 5083 ns, Cleanup: 11875 ns, At safepoint: 4625 ns, Total: 21583 ns
[2025-09-18T07:46:27.513+0000][122][info ][safepoint   ] Safepoint "Cleanup", Time since last: 14516722923 ns, Reaching safepoint: 35084 ns, Cleanup: 44041 ns, At safepoint: 7417 ns, Total: 86542 ns
[2025-09-18T07:46:29.110+0000][122][info ][safepoint   ] Safepoint "Cleanup", Time since last: 1596778376 ns, Reaching safepoint: 53333 ns, Cleanup: 308833 ns, At safepoint: 15417 ns, Total: 377583 ns
[2025-09-18T07:46:30.856+0000][122][info ][safepoint   ] Safepoint "Cleanup", Time since last: 1746275918 ns, Reaching safepoint: 12958 ns, Cleanup: 34917 ns, At safepoint: 5083 ns, Total: 52958 ns
[2025-09-18T07:46:33.863+0000][122][info ][safepoint   ] Safepoint "Cleanup", Time since last: 3006356126 ns, Reaching safepoint: 20917 ns, Cleanup: 9417 ns, At safepoint: 4333 ns, Total: 34667 ns
[2025-09-18T07:46:39.875+0000][122][info ][safepoint   ] Safepoint "Cleanup", Time since last: 6011933878 ns, Reaching safepoint: 20667 ns, Cleanup: 14958 ns, At safepoint: 5958 ns, Total: 41583 ns
[2025-09-18T07:46:48.528+0000][122][info ][safepoint   ] Safepoint "Cleanup", Time since last: 8653657254 ns, Reaching safepoint: 36750 ns, Cleanup: 26417 ns, At safepoint: 7500 ns, Total: 70667 ns
[2025-09-18T07:46:50.221+0000][122][info ][safepoint   ] Safepoint "Cleanup", Time since last: 1692784959 ns, Reaching safepoint: 21625 ns, Cleanup: 23458 ns, At safepoint: 7084 ns, Total: 52167 ns
[2025-09-18T07:46:52.224+0000][122][info ][safepoint   ] Safepoint "Cleanup", Time since last: 2003146584 ns, Reaching safepoint: 27792 ns, Cleanup: 21375 ns, At safepoint: 7041 ns, Total: 56208 ns
[2025-09-18T07:46:55.230+0000][122][info ][safepoint   ] Safepoint "Cleanup", Time since last: 3005916210 ns, Reaching safepoint: 13875 ns, Cleanup: 14542 ns, At safepoint: 4542 ns, Total: 32959 ns
[2025-09-18T07:47:04.663+0000][122][info ][safepoint   ] Safepoint "Cleanup", Time since last: 9432235670 ns, Reaching safepoint: 5000 ns, Cleanup: 7750 ns, At safepoint: 1958 ns, Total: 14708 ns
[2025-09-18T07:47:08.667+0000][122][info ][safepoint   ] Safepoint "Cleanup", Time since last: 4003853585 ns, Reaching safepoint: 17167 ns, Cleanup: 10208 ns, At safepoint: 5875 ns, Total: 33250 ns
[2025-09-18T07:47:09.668+0000][122][info ][safepoint   ] Safepoint "Cleanup", Time since last: 1000960751 ns, Reaching safepoint: 16166 ns, Cleanup: 10000 ns, At safepoint: 5500 ns, Total: 31666 ns
[2025-09-18T07:47:14.677+0000][122][info ][safepoint   ] Safepoint "Cleanup", Time since last: 5008808128 ns, Reaching safepoint: 182125 ns, Cleanup: 49875 ns, At safepoint: 6625 ns, Total: 238625 ns
[2025-09-18T07:47:16.290+0000][122][info ][safepoint   ] Safepoint "Cleanup", Time since last: 1612435667 ns, Reaching safepoint: 5167 ns, Cleanup: 7417 ns, At safepoint: 6083 ns, Total: 18667 ns
[2025-09-18T07:47:17.320+0000][122][info ][safepoint   ] Safepoint "Cleanup", Time since last: 1030042792 ns, Reaching safepoint: 6375 ns, Cleanup: 13167 ns, At safepoint: 1958 ns, Total: 21500 ns
[2025-09-18T07:47:19.326+0000][122][info ][safepoint   ] Safepoint "Cleanup", Time since last: 2005948668 ns, Reaching safepoint: 27000 ns, Cleanup: 11083 ns, At safepoint: 6250 ns, Total: 44333 ns
[2025-09-18T07:47:23.995+0000][122][info ][safepoint   ] Safepoint "Cleanup", Time since last: 4669464794 ns, Reaching safepoint: 14375 ns, Cleanup: 13333 ns, At safepoint: 10334 ns, Total: 38042 ns
[2025-09-18T07:47:25.008+0000][122][info ][safepoint   ] Safepoint "Cleanup", Time since last: 1013023750 ns, Reaching safepoint: 14333 ns, Cleanup: 13292 ns, At safepoint: 6208 ns, Total: 33833 ns
[2025-09-18T07:47:27.010+0000][122][info ][safepoint   ] Safepoint "Cleanup", Time since last: 2002042376 ns, Reaching safepoint: 19417 ns, Cleanup: 7500 ns, At safepoint: 3958 ns, Total: 30875 ns
[2025-09-18T07:47:29.014+0000][122][info ][safepoint   ] Safepoint "Cleanup", Time since last: 2002999084 ns, Reaching safepoint: 53584 ns, Cleanup: 15625 ns, At safepoint: 11333 ns, Total: 80542 ns
[2025-09-18T07:47:34.019+0000][122][info ][safepoint   ] Safepoint "Cleanup", Time since last: 5004931711 ns, Reaching safepoint: 22625 ns, Cleanup: 15333 ns, At safepoint: 6500 ns, Total: 44458 ns
[2025-09-18T07:47:46.032+0000][122][info ][safepoint   ] Safepoint "Cleanup", Time since last: 12012836756 ns, Reaching safepoint: 259000 ns, Cleanup: 27375 ns, At safepoint: 4708 ns, Total: 291083 ns
[2025-09-18T07:47:47.041+0000][122][info ][safepoint   ] Safepoint "Cleanup", Time since last: 1008803459 ns, Reaching safepoint: 39042 ns, Cleanup: 19125 ns, At safepoint: 9416 ns, Total: 67583 ns
[2025-09-18T07:47:50.045+0000][122][info ][safepoint   ] Safepoint "Cleanup", Time since last: 3004207210 ns, Reaching safepoint: 10417 ns, Cleanup: 9041 ns, At safepoint: 4500 ns, Total: 23958 ns
[2025-09-18T07:47:53.556+0000][122][info ][safepoint   ] Safepoint "ICBufferFull", Time since last: 3489869044 ns, Reaching safepoint: 21074750 ns, Cleanup: 111208 ns, At safepoint: 39875 ns, Total: 21225833 ns
[2025-09-18T07:47:53.560+0000][122][info ][safepoint   ] Safepoint "ICBufferFull", Time since last: 2713208 ns, Reaching safepoint: 713209 ns, Cleanup: 28625 ns, At safepoint: 38208 ns, Total: 780042 ns
[2025-09-18T07:47:53.572+0000][122][info ][safepoint   ] Safepoint "ICBufferFull", Time since last: 10170708 ns, Reaching safepoint: 1794542 ns, Cleanup: 273250 ns, At safepoint: 41958 ns, Total: 2109750 ns
[2025-09-18T07:47:53.630+0000][122][info ][safepoint   ] Safepoint "ICBufferFull", Time since last: 57461584 ns, Reaching safepoint: 10625 ns, Cleanup: 359375 ns, At safepoint: 26375 ns, Total: 396375 ns
[2025-09-18T07:47:53.640+0000][122][info ][safepoint   ] Safepoint "ICBufferFull", Time since last: 7767625 ns, Reaching safepoint: 1221833 ns, Cleanup: 31042 ns, At safepoint: 879416 ns, Total: 2132291 ns
[2025-09-18T07:47:53.715+0000][122][info ][safepoint   ] Safepoint "ICBufferFull", Time since last: 73937834 ns, Reaching safepoint: 1097041 ns, Cleanup: 179709 ns, At safepoint: 410375 ns, Total: 1687125 ns
[2025-09-18T07:47:53.718+0000][122][info ][safepoint   ] Safepoint "ICBufferFull", Time since last: 696166 ns, Reaching safepoint: 652834 ns, Cleanup: 3833 ns, At safepoint: 1703375 ns, Total: 2360042 ns
[2025-09-18T07:47:53.821+0000][122][info ][safepoint   ] Safepoint "ICBufferFull", Time since last: 101156084 ns, Reaching safepoint: 1006416 ns, Cleanup: 146334 ns, At safepoint: 14083 ns, Total: 1166833 ns
[2025-09-18T07:47:54.201+0000][122][info ][safepoint   ] Safepoint "ICBufferFull", Time since last: 380019833 ns, Reaching safepoint: 9917 ns, Cleanup: 127250 ns, At safepoint: 14792 ns, Total: 151959 ns
[2025-09-18T07:47:54.791+0000][122][info ][safepoint   ] Safepoint "ICBufferFull", Time since last: 589525125 ns, Reaching safepoint: 11042 ns, Cleanup: 127083 ns, At safepoint: 3458 ns, Total: 141583 ns
[2025-09-18T07:47:56.204+0000][122][info ][safepoint   ] Safepoint "Cleanup", Time since last: 1413617501 ns, Reaching safepoint: 13250 ns, Cleanup: 85208 ns, At safepoint: 10000 ns, Total: 108458 ns
[2025-09-18T07:47:57.222+0000][122][info ][safepoint   ] Safepoint "Cleanup", Time since last: 1017721167 ns, Reaching safepoint: 24833 ns, Cleanup: 26625 ns, At safepoint: 5792 ns, Total: 57250 ns
[2025-09-18T07:47:58.224+0000][122][info ][safepoint   ] Safepoint "Cleanup", Time since last: 1001344000 ns, Reaching safepoint: 77792 ns, Cleanup: 28708 ns, At safepoint: 12000 ns, Total: 118500 ns
[2025-09-18T07:47:59.226+0000][122][info ][safepoint   ] Safepoint "Cleanup", Time since last: 1002273376 ns, Reaching safepoint: 9833 ns, Cleanup: 20000 ns, At safepoint: 4833 ns, Total: 34666 ns
[2025-09-18T07:48:00.229+0000][122][info ][safepoint   ] Safepoint "Cleanup", Time since last: 1002484376 ns, Reaching safepoint: 166667 ns, Cleanup: 35833 ns, At safepoint: 10458 ns, Total: 212958 ns
[2025-09-18T07:48:01.231+0000][122][info ][safepoint   ] Safepoint "Cleanup", Time since last: 1001812417 ns, Reaching safepoint: 16000 ns, Cleanup: 18209 ns, At safepoint: 3166 ns, Total: 37375 ns
[2025-09-18T07:48:02.232+0000][122][info ][safepoint   ] Safepoint "Cleanup", Time since last: 1000698209 ns, Reaching safepoint: 21084 ns, Cleanup: 20833 ns, At safepoint: 3875 ns, Total: 45792 ns
[2025-09-18T07:48:04.233+0000][122][info ][safepoint   ] Safepoint "Cleanup", Time since last: 2001817626 ns, Reaching safepoint: 117750 ns, Cleanup: 20042 ns, At safepoint: 8416 ns, Total: 146208 ns
[2025-09-18T07:48:09.785+0000][122][info ][safepoint   ] Safepoint "Cleanup", Time since last: 5551887961 ns, Reaching safepoint: 10042 ns, Cleanup: 10541 ns, At safepoint: 4959 ns, Total: 25542 ns
[2025-09-18T07:48:12.789+0000][122][info ][safepoint   ] Safepoint "Cleanup", Time since last: 3003913751 ns, Reaching safepoint: 73709 ns, Cleanup: 93708 ns, At safepoint: 18292 ns, Total: 185709 ns
[2025-09-18T07:48:15.799+0000][122][info ][safepoint   ] Safepoint "Cleanup", Time since last: 3009487459 ns, Reaching safepoint: 106084 ns, Cleanup: 40416 ns, At safepoint: 16125 ns, Total: 162625 ns
[2025-09-18T07:48:18.582+0000][122][info ][safepoint   ] Safepoint "Cleanup", Time since last: 2782929835 ns, Reaching safepoint: 5250 ns, Cleanup: 30875 ns, At safepoint: 8167 ns, Total: 44292 ns
[2025-09-18T07:48:20.490+0000][122][info ][safepoint   ] Safepoint "Cleanup", Time since last: 1908187459 ns, Reaching safepoint: 5667 ns, Cleanup: 107458 ns, At safepoint: 12875 ns, Total: 126000 ns
[2025-09-18T07:48:24.506+0000][122][info ][safepoint   ] Safepoint "Cleanup", Time since last: 4014934544 ns, Reaching safepoint: 73458 ns, Cleanup: 94958 ns, At safepoint: 31542 ns, Total: 199958 ns
[2025-09-18T07:48:25.508+0000][122][info ][safepoint   ] Safepoint "Cleanup", Time since last: 1002618459 ns, Reaching safepoint: 79291 ns, Cleanup: 61625 ns, At safepoint: 15917 ns, Total: 156833 ns
[2025-09-18T07:48:34.527+0000][122][info ][safepoint   ] Safepoint "Cleanup", Time since last: 9018096045 ns, Reaching safepoint: 151292 ns, Cleanup: 71917 ns, At safepoint: 24666 ns, Total: 247875 ns
[2025-09-18T07:48:39.535+0000][122][info ][safepoint   ] Safepoint "Cleanup", Time since last: 5007900336 ns, Reaching safepoint: 116375 ns, Cleanup: 37458 ns, At safepoint: 31959 ns, Total: 185792 ns
[2025-09-18T07:48:43.547+0000][122][info ][safepoint   ] Safepoint "Cleanup", Time since last: 4011579752 ns, Reaching safepoint: 353750 ns, Cleanup: 107291 ns, At safepoint: 24500 ns, Total: 485541 ns
[2025-09-18T07:48:44.550+0000][122][info ][safepoint   ] Safepoint "Cleanup", Time since last: 1002195334 ns, Reaching safepoint: 76875 ns, Cleanup: 37583 ns, At safepoint: 13042 ns, Total: 127500 ns
[2025-09-18T07:48:45.551+0000][122][info ][safepoint   ] Safepoint "Cleanup", Time since last: 1001126834 ns, Reaching safepoint: 11542 ns, Cleanup: 21833 ns, At safepoint: 7417 ns, Total: 40792 ns
[2025-09-18T07:48:50.558+0000][122][info ][safepoint   ] Safepoint "Cleanup", Time since last: 5007041377 ns, Reaching safepoint: 38250 ns, Cleanup: 8500 ns, At safepoint: 5333 ns, Total: 52083 ns
[2025-09-18T07:48:51.559+0000][122][info ][safepoint   ] Safepoint "Cleanup", Time since last: 1000581417 ns, Reaching safepoint: 21792 ns, Cleanup: 12917 ns, At safepoint: 8041 ns, Total: 42750 ns
[2025-09-18T07:48:54.563+0000][122][info ][safepoint   ] Safepoint "Cleanup", Time since last: 3004066127 ns, Reaching safepoint: 13333 ns, Cleanup: 38500 ns, At safepoint: 12084 ns, Total: 63917 ns
[2025-09-18T07:48:55.564+0000][122][info ][safepoint   ] Safepoint "Cleanup", Time since last: 1000789458 ns, Reaching safepoint: 80834 ns, Cleanup: 45750 ns, At safepoint: 10375 ns, Total: 136959 ns
[2025-09-18T07:48:57.566+0000][122][info ][safepoint   ] Safepoint "Cleanup", Time since last: 2001878750 ns, Reaching safepoint: 17875 ns, Cleanup: 27875 ns, At safepoint: 6250 ns, Total: 52000 ns
[2025-09-18T07:48:59.571+0000][122][info ][safepoint   ] Safepoint "Cleanup", Time since last: 2005271335 ns, Reaching safepoint: 26833 ns, Cleanup: 16542 ns, At safepoint: 10708 ns, Total: 54083 ns
[2025-09-18T07:49:03.582+0000][122][info ][safepoint   ] Safepoint "Cleanup", Time since last: 4010143419 ns, Reaching safepoint: 584333 ns, Cleanup: 22500 ns, At safepoint: 21667 ns, Total: 628500 ns
[2025-09-18T07:49:04.583+0000][122][info ][safepoint   ] Safepoint "Cleanup", Time since last: 1001173500 ns, Reaching safepoint: 110500 ns, Cleanup: 117875 ns, At safepoint: 21208 ns, Total: 249583 ns
[2025-09-18T07:49:07.978+0000][122][info ][safepoint   ] Safepoint "Cleanup", Time since last: 3394178044 ns, Reaching safepoint: 70583 ns, Cleanup: 25500 ns, At safepoint: 11542 ns, Total: 107625 ns
[2025-09-18T07:49:13.987+0000][122][info ][safepoint   ] Safepoint "Cleanup", Time since last: 6008879711 ns, Reaching safepoint: 117500 ns, Cleanup: 38291 ns, At safepoint: 20834 ns, Total: 176625 ns
[2025-09-18T07:49:17.991+0000][122][info ][safepoint   ] Safepoint "Cleanup", Time since last: 4004357168 ns, Reaching safepoint: 145375 ns, Cleanup: 78209 ns, At safepoint: 17000 ns, Total: 240584 ns
[2025-09-18T07:49:19.994+0000][122][info ][safepoint   ] Safepoint "Cleanup", Time since last: 2002712126 ns, Reaching safepoint: 72791 ns, Cleanup: 109625 ns, At safepoint: 12500 ns, Total: 194916 ns
[2025-09-18T07:49:21.608+0000][122][info ][safepoint   ] Safepoint "Cleanup", Time since last: 1613786334 ns, Reaching safepoint: 5375 ns, Cleanup: 17792 ns, At safepoint: 8708 ns, Total: 31875 ns
[2025-09-18T07:49:21.624+0000][122][info ][gc,start    ] GC(31) Pause Young (Concurrent Start) (G1 Evacuation Pause)
[2025-09-18T07:49:21.624+0000][122][info ][gc,task     ] GC(31) Using 8 workers of 8 for evacuation
[2025-09-18T07:49:21.624+0000][122][debug][gc,age      ] GC(31) Desired survivor size 41943040 bytes, new threshold 15 (max threshold 15)
[2025-09-18T07:49:21.690+0000][122][info ][gc,phases   ] GC(31)   Pre Evacuate Collection Set: 0.69ms
[2025-09-18T07:49:21.690+0000][122][info ][gc,phases   ] GC(31)   Merge Heap Roots: 0.15ms
[2025-09-18T07:49:21.690+0000][122][info ][gc,phases   ] GC(31)   Evacuate Collection Set: 61.64ms
[2025-09-18T07:49:21.690+0000][122][info ][gc,phases   ] GC(31)   Post Evacuate Collection Set: 3.52ms
[2025-09-18T07:49:21.690+0000][122][info ][gc,phases   ] GC(31)   Other: 0.30ms
[2025-09-18T07:49:21.690+0000][122][trace][gc,age      ] GC(31) Age table with threshold 15 (max threshold 15)
[2025-09-18T07:49:21.690+0000][122][trace][gc,age      ] GC(31) - age   1:    2572032 bytes,    2572032 total
[2025-09-18T07:49:21.690+0000][122][trace][gc,age      ] GC(31) - age   2:     535712 bytes,    3107744 total
[2025-09-18T07:49:21.690+0000][122][trace][gc,age      ] GC(31) - age   3:      59920 bytes,    3167664 total
[2025-09-18T07:49:21.690+0000][122][trace][gc,age      ] GC(31) - age   4:      65304 bytes,    3232968 total
[2025-09-18T07:49:21.690+0000][122][trace][gc,age      ] GC(31) - age   5:      18432 bytes,    3251400 total
[2025-09-18T07:49:21.690+0000][122][trace][gc,age      ] GC(31) - age   6:     111592 bytes,    3362992 total
[2025-09-18T07:49:21.690+0000][122][trace][gc,age      ] GC(31) - age   7:     127480 bytes,    3490472 total
[2025-09-18T07:49:21.691+0000][122][trace][gc,age      ] GC(31) - age   8:      13984 bytes,    3504456 total
[2025-09-18T07:49:21.691+0000][122][trace][gc,age      ] GC(31) - age   9:     118496 bytes,    3622952 total
[2025-09-18T07:49:21.691+0000][122][trace][gc,age      ] GC(31) - age  10:    1434224 bytes,    5057176 total
[2025-09-18T07:49:21.691+0000][122][trace][gc,age      ] GC(31) - age  11:    3820784 bytes,    8877960 total
[2025-09-18T07:49:21.691+0000][122][trace][gc,age      ] GC(31) - age  12:    2858304 bytes,   11736264 total
[2025-09-18T07:49:21.691+0000][122][trace][gc,age      ] GC(31) - age  13:   18818768 bytes,   30555032 total
[2025-09-18T07:49:21.691+0000][122][info ][gc,heap     ] GC(31) Eden regions: 144->0(144)
[2025-09-18T07:49:21.691+0000][122][info ][gc,heap     ] GC(31) Survivor regions: 9->9(20)
[2025-09-18T07:49:21.691+0000][122][info ][gc,heap     ] GC(31) Old regions: 28->28
[2025-09-18T07:49:21.691+0000][122][info ][gc,heap     ] GC(31) Humongous regions: 2->2
[2025-09-18T07:49:21.691+0000][122][info ][gc,metaspace] GC(31) Metaspace: 159940K(163776K)->159940K(163776K) NonClass: 138274K(139968K)->138274K(139968K) Class: 21665K(23808K)->21665K(23808K)
[2025-09-18T07:49:21.691+0000][122][info ][gc          ] GC(31) Pause Young (Concurrent Start) (G1 Evacuation Pause) 727M->152M(1024M) 67.359ms
[2025-09-18T07:49:21.691+0000][122][info ][gc          ] GC(32) Concurrent Mark Cycle
[2025-09-18T07:49:21.691+0000][122][info ][gc,marking  ] GC(32) Concurrent Scan Root Regions
[2025-09-18T07:49:21.691+0000][122][info ][gc,cpu      ] GC(31) User=0.48s Sys=0.01s Real=0.07s
[2025-09-18T07:49:21.691+0000][122][info ][safepoint   ] Safepoint "G1CollectForAllocation", Time since last: 15461667 ns, Reaching safepoint: 4417 ns, Cleanup: 2333 ns, At safepoint: 67686334 ns, Total: 67693084 ns
[2025-09-18T07:49:21.702+0000][122][info ][gc,marking  ] GC(32) Concurrent Scan Root Regions 11.199ms
[2025-09-18T07:49:21.702+0000][122][info ][gc,marking  ] GC(32) Concurrent Mark
[2025-09-18T07:49:21.702+0000][122][info ][gc,marking  ] GC(32) Concurrent Mark From Roots
[2025-09-18T07:49:21.702+0000][122][info ][gc,task     ] GC(32) Using 2 workers of 2 for marking
[2025-09-18T07:49:21.776+0000][122][info ][gc,marking  ] GC(32) Concurrent Mark From Roots 73.748ms
[2025-09-18T07:49:21.776+0000][122][info ][gc,marking  ] GC(32) Concurrent Preclean
[2025-09-18T07:49:21.777+0000][122][info ][gc,marking  ] GC(32) Concurrent Preclean 0.388ms
[2025-09-18T07:49:21.777+0000][122][info ][gc,start    ] GC(32) Pause Remark
[2025-09-18T07:49:21.825+0000][122][info ][gc          ] GC(32) Pause Remark 156M->156M(1024M) 47.756ms
[2025-09-18T07:49:21.825+0000][122][info ][gc,cpu      ] GC(32) User=0.23s Sys=0.02s Real=0.04s
[2025-09-18T07:49:21.825+0000][122][info ][safepoint   ] Safepoint "G1PauseRemark", Time since last: 85547750 ns, Reaching safepoint: 49125 ns, Cleanup: 28166 ns, At safepoint: 48058375 ns, Total: 48135666 ns
[2025-09-18T07:49:21.825+0000][122][info ][gc,marking  ] GC(32) Concurrent Mark 122.648ms
[2025-09-18T07:49:21.825+0000][122][info ][gc,marking  ] GC(32) Concurrent Rebuild Remembered Sets and Scrub Regions
[2025-09-18T07:49:21.849+0000][122][info ][gc,marking  ] GC(32) Concurrent Rebuild Remembered Sets and Scrub Regions 24.302ms
[2025-09-18T07:49:21.850+0000][122][info ][gc,start    ] GC(32) Pause Cleanup
[2025-09-18T07:49:21.850+0000][122][info ][gc          ] GC(32) Pause Cleanup 158M->158M(1024M) 0.124ms
[2025-09-18T07:49:21.850+0000][122][info ][gc,cpu      ] GC(32) User=0.00s Sys=0.00s Real=0.00s
[2025-09-18T07:49:21.850+0000][122][info ][safepoint   ] Safepoint "G1PauseCleanup", Time since last: 24572292 ns, Reaching safepoint: 11125 ns, Cleanup: 75875 ns, At safepoint: 231958 ns, Total: 318958 ns
[2025-09-18T07:49:21.850+0000][122][info ][gc,marking  ] GC(32) Concurrent Clear Claimed Marks
[2025-09-18T07:49:21.850+0000][122][info ][gc,marking  ] GC(32) Concurrent Clear Claimed Marks 0.362ms
[2025-09-18T07:49:21.851+0000][122][info ][gc,marking  ] GC(32) Concurrent Cleanup for Next Mark
[2025-09-18T07:49:21.866+0000][122][info ][gc,marking  ] GC(32) Concurrent Cleanup for Next Mark 14.721ms
[2025-09-18T07:49:21.866+0000][122][info ][gc          ] GC(32) Concurrent Mark Cycle 174.989ms
[2025-09-18T07:49:23.677+0000][122][info ][safepoint   ] Safepoint "Cleanup", Time since last: 1827038001 ns, Reaching safepoint: 6083 ns, Cleanup: 69000 ns, At safepoint: 7459 ns, Total: 82542 ns
[2025-09-18T07:49:24.686+0000][122][info ][safepoint   ] Safepoint "Cleanup", Time since last: 1009358834 ns, Reaching safepoint: 41041 ns, Cleanup: 45500 ns, At safepoint: 11959 ns, Total: 98500 ns
[2025-09-18T07:49:25.689+0000][122][info ][safepoint   ] Safepoint "Cleanup", Time since last: 1002991042 ns, Reaching safepoint: 42708 ns, Cleanup: 28333 ns, At safepoint: 15292 ns, Total: 86333 ns
[2025-09-18T07:49:29.696+0000][122][info ][safepoint   ] Safepoint "Cleanup", Time since last: 4005544168 ns, Reaching safepoint: 77083 ns, Cleanup: 34708 ns, At safepoint: 16334 ns, Total: 128125 ns
[2025-09-18T07:49:37.725+0000][122][info ][safepoint   ] Safepoint "Cleanup", Time since last: 8028744045 ns, Reaching safepoint: 339042 ns, Cleanup: 47875 ns, At safepoint: 27417 ns, Total: 414334 ns
[2025-09-18T07:49:38.728+0000][122][info ][safepoint   ] Safepoint "Cleanup", Time since last: 1002623125 ns, Reaching safepoint: 67792 ns, Cleanup: 33375 ns, At safepoint: 19041 ns, Total: 120208 ns
[2025-09-18T07:49:50.755+0000][122][info ][safepoint   ] Safepoint "Cleanup", Time since last: 12027171631 ns, Reaching safepoint: 18000 ns, Cleanup: 11000 ns, At safepoint: 5583 ns, Total: 34583 ns
[2025-09-18T07:50:08.072+0000][122][info ][safepoint   ] Safepoint "Cleanup", Time since last: 17315523008 ns, Reaching safepoint: 181042 ns, Cleanup: 142333 ns, At safepoint: 26417 ns, Total: 349792 ns
[2025-09-18T07:50:24.618+0000][122][info ][safepoint   ] Safepoint "Cleanup", Time since last: 16546493424 ns, Reaching safepoint: 40792 ns, Cleanup: 23458 ns, At safepoint: 21000 ns, Total: 85250 ns
[2025-09-18T07:50:25.843+0000][122][info ][safepoint   ] Safepoint "Cleanup", Time since last: 1225064751 ns, Reaching safepoint: 13416 ns, Cleanup: 80375 ns, At safepoint: 18959 ns, Total: 112750 ns
[2025-09-18T07:50:32.855+0000][122][info ][safepoint   ] Safepoint "Cleanup", Time since last: 7010765711 ns, Reaching safepoint: 259458 ns, Cleanup: 72042 ns, At safepoint: 29250 ns, Total: 360750 ns
[2025-09-18T07:50:39.869+0000][122][info ][safepoint   ] Safepoint "Cleanup", Time since last: 7013665712 ns, Reaching safepoint: 74333 ns, Cleanup: 104708 ns, At safepoint: 20875 ns, Total: 199916 ns
[2025-09-18T07:50:48.894+0000][122][info ][safepoint   ] Safepoint "Cleanup", Time since last: 9024892171 ns, Reaching safepoint: 199875 ns, Cleanup: 50458 ns, At safepoint: 20000 ns, Total: 270333 ns
[2025-09-18T07:50:54.902+0000][122][info ][safepoint   ] Safepoint "Cleanup", Time since last: 6007293212 ns, Reaching safepoint: 97083 ns, Cleanup: 40208 ns, At safepoint: 20334 ns, Total: 157625 ns
[2025-09-18T07:51:07.227+0000][122][info ][safepoint   ] Safepoint "Cleanup", Time since last: 12325380672 ns, Reaching safepoint: 89208 ns, Cleanup: 44084 ns, At safepoint: 18250 ns, Total: 151542 ns
[2025-09-18T07:51:08.230+0000][122][info ][safepoint   ] Safepoint "Cleanup", Time since last: 1002308083 ns, Reaching safepoint: 51667 ns, Cleanup: 57625 ns, At safepoint: 13125 ns, Total: 122417 ns
[2025-09-18T07:51:10.238+0000][122][info ][safepoint   ] Safepoint "Cleanup", Time since last: 2007473251 ns, Reaching safepoint: 78250 ns, Cleanup: 71667 ns, At safepoint: 27125 ns, Total: 177042 ns
[2025-09-18T07:51:16.248+0000][122][info ][safepoint   ] Safepoint "Cleanup", Time since last: 6009994794 ns, Reaching safepoint: 322375 ns, Cleanup: 57084 ns, At safepoint: 27375 ns, Total: 406834 ns
[2025-09-18T07:51:21.260+0000][122][info ][safepoint   ] Safepoint "Cleanup", Time since last: 5011997710 ns, Reaching safepoint: 77500 ns, Cleanup: 52417 ns, At safepoint: 18583 ns, Total: 148500 ns
[2025-09-18T07:51:22.262+0000][122][info ][safepoint   ] Safepoint "Cleanup", Time since last: 1001869834 ns, Reaching safepoint: 42750 ns, Cleanup: 20958 ns, At safepoint: 9584 ns, Total: 73292 ns
[2025-09-18T07:51:25.273+0000][122][info ][safepoint   ] Safepoint "Cleanup", Time since last: 3010637626 ns, Reaching safepoint: 58542 ns, Cleanup: 36000 ns, At safepoint: 14042 ns, Total: 108584 ns
[2025-09-18T07:51:28.002+0000][122][info ][safepoint   ] Safepoint "Cleanup", Time since last: 2728633125 ns, Reaching safepoint: 10292 ns, Cleanup: 14167 ns, At safepoint: 4125 ns, Total: 28584 ns
[2025-09-18T07:51:29.065+0000][122][info ][safepoint   ] Safepoint "Cleanup", Time since last: 1062885875 ns, Reaching safepoint: 18625 ns, Cleanup: 19792 ns, At safepoint: 8333 ns, Total: 46750 ns
[2025-09-18T07:51:39.086+0000][122][info ][safepoint   ] Safepoint "Cleanup", Time since last: 10020098380 ns, Reaching safepoint: 336291 ns, Cleanup: 108834 ns, At safepoint: 29916 ns, Total: 475041 ns
[2025-09-18T07:51:45.101+0000][122][info ][safepoint   ] Safepoint "Cleanup", Time since last: 6014915128 ns, Reaching safepoint: 648292 ns, Cleanup: 52042 ns, At safepoint: 29833 ns, Total: 730167 ns
[2025-09-18T07:51:49.108+0000][122][info ][safepoint   ] Safepoint "Cleanup", Time since last: 4006000377 ns, Reaching safepoint: 277792 ns, Cleanup: 35958 ns, At safepoint: 22958 ns, Total: 336708 ns
[2025-09-18T07:51:50.111+0000][122][info ][safepoint   ] Safepoint "Cleanup", Time since last: 1003126792 ns, Reaching safepoint: 294250 ns, Cleanup: 59292 ns, At safepoint: 53833 ns, Total: 407375 ns
[2025-09-18T07:51:51.638+0000][122][info ][safepoint   ] Safepoint "Cleanup", Time since last: 1525915293 ns, Reaching safepoint: 943125 ns, Cleanup: 25000 ns, At safepoint: 12916 ns, Total: 981041 ns
[2025-09-18T07:51:53.155+0000][122][info ][safepoint   ] Safepoint "Cleanup", Time since last: 1516998501 ns, Reaching safepoint: 16792 ns, Cleanup: 68333 ns, At safepoint: 9959 ns, Total: 95084 ns
[2025-09-18T07:51:54.213+0000][122][info ][safepoint   ] Safepoint "Cleanup", Time since last: 1056959000 ns, Reaching safepoint: 1062542 ns, Cleanup: 18000 ns, At safepoint: 23458 ns, Total: 1104000 ns
[2025-09-18T07:51:55.216+0000][122][info ][safepoint   ] Safepoint "Cleanup", Time since last: 1002409417 ns, Reaching safepoint: 80750 ns, Cleanup: 78875 ns, At safepoint: 21125 ns, Total: 180750 ns
[2025-09-18T07:51:59.578+0000][122][info ][safepoint   ] Safepoint "Cleanup", Time since last: 4361549668 ns, Reaching safepoint: 6333 ns, Cleanup: 52792 ns, At safepoint: 11375 ns, Total: 70500 ns
[2025-09-18T07:52:04.685+0000][122][info ][safepoint   ] Safepoint "Cleanup", Time since last: 5107004586 ns, Reaching safepoint: 326375 ns, Cleanup: 36041 ns, At safepoint: 9209 ns, Total: 371625 ns
[2025-09-18T07:52:10.377+0000][122][info ][safepoint   ] Safepoint "Cleanup", Time since last: 5691522794 ns, Reaching safepoint: 43250 ns, Cleanup: 24333 ns, At safepoint: 12667 ns, Total: 80250 ns
[2025-09-18T07:52:16.386+0000][122][info ][safepoint   ] Safepoint "Cleanup", Time since last: 6009006920 ns, Reaching safepoint: 88166 ns, Cleanup: 49084 ns, At safepoint: 22416 ns, Total: 159666 ns
[2025-09-18T07:52:25.401+0000][122][info ][safepoint   ] Safepoint "Cleanup", Time since last: 9014618130 ns, Reaching safepoint: 93291 ns, Cleanup: 73417 ns, At safepoint: 15542 ns, Total: 182250 ns
[2025-09-18T07:52:29.406+0000][122][info ][safepoint   ] Safepoint "Cleanup", Time since last: 4004827251 ns, Reaching safepoint: 110250 ns, Cleanup: 88708 ns, At safepoint: 29292 ns, Total: 228250 ns
[2025-09-18T07:52:34.327+0000][122][info ][safepoint   ] Safepoint "Cleanup", Time since last: 4920584710 ns, Reaching safepoint: 16292 ns, Cleanup: 32917 ns, At safepoint: 23125 ns, Total: 72334 ns
[2025-09-18T07:52:49.345+0000][122][info ][safepoint   ] Safepoint "Cleanup", Time since last: 15016987382 ns, Reaching safepoint: 728916 ns, Cleanup: 73834 ns, At safepoint: 15166 ns, Total: 817916 ns
[2025-09-18T07:53:25.517+0000][122][info ][safepoint   ] Safepoint "Cleanup", Time since last: 36170976892 ns, Reaching safepoint: 397709 ns, Cleanup: 60208 ns, At safepoint: 11458 ns, Total: 469375 ns
[2025-09-18T07:53:33.649+0000][122][info ][safepoint   ] Safepoint "Cleanup", Time since last: 8131037171 ns, Reaching safepoint: 5458 ns, Cleanup: 10042 ns, At safepoint: 6125 ns, Total: 21625 ns
[2025-09-18T07:53:35.437+0000][122][info ][safepoint   ] Safepoint "Cleanup", Time since last: 1787978834 ns, Reaching safepoint: 9083 ns, Cleanup: 21625 ns, At safepoint: 7625 ns, Total: 38333 ns
[2025-09-18T07:53:37.445+0000][122][info ][safepoint   ] Safepoint "Cleanup", Time since last: 2008397584 ns, Reaching safepoint: 281292 ns, Cleanup: 97833 ns, At safepoint: 46375 ns, Total: 425500 ns
[2025-09-18T07:53:51.465+0000][122][info ][safepoint   ] Safepoint "Cleanup", Time since last: 14019219632 ns, Reaching safepoint: 29125 ns, Cleanup: 23750 ns, At safepoint: 12917 ns, Total: 65792 ns
[2025-09-18T07:53:54.472+0000][122][info ][safepoint   ] Safepoint "Cleanup", Time since last: 3007028793 ns, Reaching safepoint: 76375 ns, Cleanup: 57250 ns, At safepoint: 17250 ns, Total: 150875 ns
[2025-09-18T07:54:25.669+0000][122][info ][safepoint   ] Safepoint "Cleanup", Time since last: 31196532848 ns, Reaching safepoint: 92041 ns, Cleanup: 34584 ns, At safepoint: 4625 ns, Total: 131250 ns
[2025-09-18T07:54:37.568+0000][122][info ][safepoint   ] Safepoint "Cleanup", Time since last: 11897611629 ns, Reaching safepoint: 33459 ns, Cleanup: 9125 ns, At safepoint: 7500 ns, Total: 50084 ns
[2025-09-18T07:55:00.638+0000][122][info ][safepoint   ] Safepoint "Cleanup", Time since last: 23069163135 ns, Reaching safepoint: 579042 ns, Cleanup: 40583 ns, At safepoint: 7459 ns, Total: 627084 ns
[2025-09-18T07:55:04.642+0000][122][info ][safepoint   ] Safepoint "Cleanup", Time since last: 4004398710 ns, Reaching safepoint: 83958 ns, Cleanup: 32334 ns, At safepoint: 62333 ns, Total: 178625 ns
[2025-09-18T07:55:39.669+0000][122][info ][safepoint   ] Safepoint "Cleanup", Time since last: 35026002682 ns, Reaching safepoint: 38292 ns, Cleanup: 48625 ns, At safepoint: 4417 ns, Total: 91334 ns
[2025-09-18T07:55:40.690+0000][122][info ][safepoint   ] Safepoint "Cleanup", Time since last: 1021156417 ns, Reaching safepoint: 68875 ns, Cleanup: 29375 ns, At safepoint: 10417 ns, Total: 108667 ns
[2025-09-18T07:55:57.771+0000][122][info ][safepoint   ] Safepoint "Cleanup", Time since last: 17079132965 ns, Reaching safepoint: 52209 ns, Cleanup: 17333 ns, At safepoint: 6583 ns, Total: 76125 ns
[2025-09-18T07:56:07.009+0000][122][info ][safepoint   ] Safepoint "Cleanup", Time since last: 9238159963 ns, Reaching safepoint: 22375 ns, Cleanup: 40292 ns, At safepoint: 16875 ns, Total: 79542 ns
[2025-09-18T07:56:09.013+0000][122][info ][safepoint   ] Safepoint "Cleanup", Time since last: 2004171001 ns, Reaching safepoint: 69291 ns, Cleanup: 39125 ns, At safepoint: 9625 ns, Total: 118041 ns
[2025-09-18T07:56:25.033+0000][122][info ][safepoint   ] Safepoint "Cleanup", Time since last: 16019976466 ns, Reaching safepoint: 9625 ns, Cleanup: 7417 ns, At safepoint: 3500 ns, Total: 20542 ns
[2025-09-18T07:56:42.663+0000][122][info ][safepoint   ] Safepoint "Cleanup", Time since last: 17628897716 ns, Reaching safepoint: 5292 ns, Cleanup: 6125 ns, At safepoint: 4208 ns, Total: 15625 ns
[2025-09-18T07:56:43.909+0000][122][info ][safepoint   ] Safepoint "Cleanup", Time since last: 1246600751 ns, Reaching safepoint: 13917 ns, Cleanup: 48458 ns, At safepoint: 5542 ns, Total: 67917 ns
[2025-09-18T07:56:45.640+0000][122][info ][gc,start    ] GC(33) Pause Young (Prepare Mixed) (G1 Evacuation Pause)
[2025-09-18T07:56:45.640+0000][122][info ][gc,task     ] GC(33) Using 8 workers of 8 for evacuation
[2025-09-18T07:56:45.640+0000][122][debug][gc,age      ] GC(33) Desired survivor size 41943040 bytes, new threshold 15 (max threshold 15)
[2025-09-18T07:56:45.688+0000][122][info ][gc,phases   ] GC(33)   Pre Evacuate Collection Set: 0.46ms
[2025-09-18T07:56:45.688+0000][122][info ][gc,phases   ] GC(33)   Merge Heap Roots: 0.23ms
[2025-09-18T07:56:45.688+0000][122][info ][gc,phases   ] GC(33)   Evacuate Collection Set: 42.00ms
[2025-09-18T07:56:45.688+0000][122][info ][gc,phases   ] GC(33)   Post Evacuate Collection Set: 4.42ms
[2025-09-18T07:56:45.688+0000][122][info ][gc,phases   ] GC(33)   Other: 0.26ms
[2025-09-18T07:56:45.688+0000][122][trace][gc,age      ] GC(33) Age table with threshold 15 (max threshold 15)
[2025-09-18T07:56:45.688+0000][122][trace][gc,age      ] GC(33) - age   1:     891432 bytes,     891432 total
[2025-09-18T07:56:45.688+0000][122][trace][gc,age      ] GC(33) - age   2:    1783552 bytes,    2674984 total
[2025-09-18T07:56:45.688+0000][122][trace][gc,age      ] GC(33) - age   3:     516304 bytes,    3191288 total
[2025-09-18T07:56:45.688+0000][122][trace][gc,age      ] GC(33) - age   4:      59208 bytes,    3250496 total
[2025-09-18T07:56:45.688+0000][122][trace][gc,age      ] GC(33) - age   5:      65304 bytes,    3315800 total
[2025-09-18T07:56:45.688+0000][122][trace][gc,age      ] GC(33) - age   6:      18432 bytes,    3334232 total
[2025-09-18T07:56:45.688+0000][122][trace][gc,age      ] GC(33) - age   7:      95440 bytes,    3429672 total
[2025-09-18T07:56:45.688+0000][122][trace][gc,age      ] GC(33) - age   8:     127480 bytes,    3557152 total
[2025-09-18T07:56:45.688+0000][122][trace][gc,age      ] GC(33) - age   9:      13984 bytes,    3571136 total
[2025-09-18T07:56:45.688+0000][122][trace][gc,age      ] GC(33) - age  10:     118496 bytes,    3689632 total
[2025-09-18T07:56:45.688+0000][122][trace][gc,age      ] GC(33) - age  11:    1434224 bytes,    5123856 total
[2025-09-18T07:56:45.688+0000][122][trace][gc,age      ] GC(33) - age  12:    3820784 bytes,    8944640 total
[2025-09-18T07:56:45.689+0000][122][trace][gc,age      ] GC(33) - age  13:    2858304 bytes,   11802944 total
[2025-09-18T07:56:45.689+0000][122][trace][gc,age      ] GC(33) - age  14:   18818768 bytes,   30621712 total
[2025-09-18T07:56:45.689+0000][122][info ][gc,heap     ] GC(33) Eden regions: 144->0(145)
[2025-09-18T07:56:45.689+0000][122][info ][gc,heap     ] GC(33) Survivor regions: 9->8(20)
[2025-09-18T07:56:45.689+0000][122][info ][gc,heap     ] GC(33) Old regions: 28->28
[2025-09-18T07:56:45.689+0000][122][info ][gc,heap     ] GC(33) Humongous regions: 2->2
[2025-09-18T07:56:45.689+0000][122][info ][gc,metaspace] GC(33) Metaspace: 160064K(163904K)->160064K(163904K) NonClass: 138398K(140096K)->138398K(140096K) Class: 21665K(23808K)->21665K(23808K)
[2025-09-18T07:56:45.689+0000][122][info ][gc          ] GC(33) Pause Young (Prepare Mixed) (G1 Evacuation Pause) 728M->151M(1024M) 48.722ms
[2025-09-18T07:56:45.689+0000][122][info ][gc,cpu      ] GC(33) User=0.26s Sys=0.00s Real=0.05s
[2025-09-18T07:56:45.689+0000][122][info ][safepoint   ] Safepoint "G1CollectForAllocation", Time since last: 1730639209 ns, Reaching safepoint: 29375 ns, Cleanup: 5000 ns, At safepoint: 48926333 ns, Total: 48960708 ns
[2025-09-18T07:56:54.652+0000][122][info ][safepoint   ] Safepoint "Cleanup", Time since last: 8962568880 ns, Reaching safepoint: 4166 ns, Cleanup: 24459 ns, At safepoint: 4416 ns, Total: 33041 ns
[2025-09-18T07:56:55.949+0000][122][info ][safepoint   ] Safepoint "Cleanup", Time since last: 1297197292 ns, Reaching safepoint: 49542 ns, Cleanup: 16500 ns, At safepoint: 5917 ns, Total: 71959 ns
[2025-09-18T07:56:56.987+0000][122][info ][safepoint   ] Safepoint "Cleanup", Time since last: 1038637667 ns, Reaching safepoint: 14125 ns, Cleanup: 15875 ns, At safepoint: 5500 ns, Total: 35500 ns
[2025-09-18T07:57:00.199+0000][122][info ][safepoint   ] Safepoint "Cleanup", Time since last: 3210827834 ns, Reaching safepoint: 4667 ns, Cleanup: 6541 ns, At safepoint: 1709 ns, Total: 12917 ns
[2025-09-18T07:57:01.201+0000][122][info ][safepoint   ] Safepoint "Cleanup", Time since last: 1001430000 ns, Reaching safepoint: 73167 ns, Cleanup: 17500 ns, At safepoint: 4875 ns, Total: 95542 ns
[2025-09-18T07:57:05.204+0000][122][info ][safepoint   ] Safepoint "Cleanup", Time since last: 4003453377 ns, Reaching safepoint: 44583 ns, Cleanup: 14792 ns, At safepoint: 6541 ns, Total: 65916 ns
[2025-09-18T07:57:20.202+0000][122][info ][safepoint   ] Safepoint "Cleanup", Time since last: 14998146424 ns, Reaching safepoint: 161708 ns, Cleanup: 14375 ns, At safepoint: 6500 ns, Total: 182583 ns
[2025-09-18T07:57:25.207+0000][122][info ][safepoint   ] Safepoint "Cleanup", Time since last: 5004617544 ns, Reaching safepoint: 126292 ns, Cleanup: 35042 ns, At safepoint: 18833 ns, Total: 180167 ns
[2025-09-18T07:57:45.685+0000][122][info ][safepoint   ] Safepoint "Cleanup", Time since last: 20477451135 ns, Reaching safepoint: 52791 ns, Cleanup: 31542 ns, At safepoint: 7292 ns, Total: 91625 ns
[2025-09-18T07:57:47.098+0000][122][info ][safepoint   ] Safepoint "Cleanup", Time since last: 1412640542 ns, Reaching safepoint: 5042 ns, Cleanup: 25708 ns, At safepoint: 4250 ns, Total: 35000 ns
[2025-09-18T07:57:50.103+0000][122][info ][safepoint   ] Safepoint "Cleanup", Time since last: 3005142960 ns, Reaching safepoint: 54208 ns, Cleanup: 22458 ns, At safepoint: 7375 ns, Total: 84041 ns
[2025-09-18T07:57:55.107+0000][122][info ][safepoint   ] Safepoint "Cleanup", Time since last: 5004317294 ns, Reaching safepoint: 18125 ns, Cleanup: 17709 ns, At safepoint: 5541 ns, Total: 41375 ns
[2025-09-18T07:58:05.119+0000][122][info ][safepoint   ] Safepoint "Cleanup", Time since last: 10010403421 ns, Reaching safepoint: 47125 ns, Cleanup: 38292 ns, At safepoint: 10042 ns, Total: 95459 ns
[2025-09-18T07:58:22.424+0000][122][info ][safepoint   ] Safepoint "Cleanup", Time since last: 17305312383 ns, Reaching safepoint: 323333 ns, Cleanup: 40667 ns, At safepoint: 13333 ns, Total: 377333 ns
[2025-09-18T07:58:24.426+0000][122][info ][safepoint   ] Safepoint "Cleanup", Time since last: 2001997334 ns, Reaching safepoint: 15750 ns, Cleanup: 10209 ns, At safepoint: 8416 ns, Total: 34375 ns
[2025-09-18T07:58:25.427+0000][122][info ][safepoint   ] Safepoint "Cleanup", Time since last: 1000738584 ns, Reaching safepoint: 12167 ns, Cleanup: 18083 ns, At safepoint: 6084 ns, Total: 36334 ns
[2025-09-18T07:58:40.443+0000][122][info ][safepoint   ] Safepoint "Cleanup", Time since last: 15015563339 ns, Reaching safepoint: 26167 ns, Cleanup: 11083 ns, At safepoint: 6417 ns, Total: 43667 ns
[2025-09-18T07:58:48.715+0000][122][info ][safepoint   ] Safepoint "Cleanup", Time since last: 8271990337 ns, Reaching safepoint: 6875 ns, Cleanup: 14750 ns, At safepoint: 15042 ns, Total: 36667 ns
[2025-09-18T07:58:50.262+0000][122][info ][safepoint   ] Safepoint "Cleanup", Time since last: 1546166584 ns, Reaching safepoint: 19792 ns, Cleanup: 51041 ns, At safepoint: 13500 ns, Total: 84333 ns
[2025-09-18T07:58:55.270+0000][122][info ][safepoint   ] Safepoint "Cleanup", Time since last: 5008534878 ns, Reaching safepoint: 112333 ns, Cleanup: 24833 ns, At safepoint: 12917 ns, Total: 150083 ns
[2025-09-18T07:59:00.278+0000][122][info ][safepoint   ] Safepoint "Cleanup", Time since last: 5007642460 ns, Reaching safepoint: 97042 ns, Cleanup: 33125 ns, At safepoint: 18667 ns, Total: 148834 ns
[2025-09-18T07:59:08.545+0000][122][info ][safepoint   ] Safepoint "Cleanup", Time since last: 8266762837 ns, Reaching safepoint: 17208 ns, Cleanup: 12542 ns, At safepoint: 22333 ns, Total: 52083 ns
[2025-09-18T07:59:19.569+0000][122][info ][safepoint   ] Safepoint "Cleanup", Time since last: 11023463714 ns, Reaching safepoint: 162833 ns, Cleanup: 50792 ns, At safepoint: 25875 ns, Total: 239500 ns
[2025-09-18T07:59:25.577+0000][122][info ][safepoint   ] Safepoint "Cleanup", Time since last: 6008549711 ns, Reaching safepoint: 71083 ns, Cleanup: 54542 ns, At safepoint: 17750 ns, Total: 143375 ns
[2025-09-18T07:59:31.591+0000][122][info ][safepoint   ] Safepoint "Cleanup", Time since last: 6012667919 ns, Reaching safepoint: 106042 ns, Cleanup: 62416 ns, At safepoint: 20959 ns, Total: 189417 ns
[2025-09-18T07:59:46.618+0000][122][info ][safepoint   ] Safepoint "Cleanup", Time since last: 15026223507 ns, Reaching safepoint: 633083 ns, Cleanup: 123458 ns, At safepoint: 34500 ns, Total: 791041 ns
[2025-09-18T07:59:52.399+0000][122][info ][safepoint   ] Safepoint "Cleanup", Time since last: 5780896795 ns, Reaching safepoint: 7583 ns, Cleanup: 11292 ns, At safepoint: 8125 ns, Total: 27000 ns
[2025-09-18T07:59:53.451+0000][122][info ][safepoint   ] Safepoint "Cleanup", Time since last: 1052519667 ns, Reaching safepoint: 4833 ns, Cleanup: 8750 ns, At safepoint: 2084 ns, Total: 15667 ns
[2025-09-18T08:00:06.488+0000][122][info ][safepoint   ] Safepoint "Cleanup", Time since last: 13035767797 ns, Reaching safepoint: 234250 ns, Cleanup: 68209 ns, At safepoint: 63041 ns, Total: 365500 ns
[2025-09-18T08:00:12.733+0000][122][info ][safepoint   ] Safepoint "Cleanup", Time since last: 6245034128 ns, Reaching safepoint: 36709 ns, Cleanup: 21041 ns, At safepoint: 17417 ns, Total: 75167 ns
[2025-09-18T08:00:22.765+0000][122][info ][safepoint   ] Safepoint "Cleanup", Time since last: 10030409046 ns, Reaching safepoint: 857959 ns, Cleanup: 119000 ns, At safepoint: 35541 ns, Total: 1012500 ns
[2025-09-18T08:00:24.771+0000][122][info ][safepoint   ] Safepoint "Cleanup", Time since last: 2006556793 ns, Reaching safepoint: 60917 ns, Cleanup: 31083 ns, At safepoint: 13042 ns, Total: 105042 ns
[2025-09-18T08:00:25.776+0000][122][info ][safepoint   ] Safepoint "Cleanup", Time since last: 1004924792 ns, Reaching safepoint: 59541 ns, Cleanup: 48292 ns, At safepoint: 14500 ns, Total: 122333 ns
[2025-09-18T08:00:54.734+0000][122][info ][safepoint   ] Safepoint "Cleanup", Time since last: 28957258138 ns, Reaching safepoint: 4792 ns, Cleanup: 9417 ns, At safepoint: 5416 ns, Total: 19625 ns
[2025-09-18T08:00:56.648+0000][122][info ][safepoint   ] Safepoint "Cleanup", Time since last: 1914289959 ns, Reaching safepoint: 14125 ns, Cleanup: 27292 ns, At safepoint: 7833 ns, Total: 49250 ns
[2025-09-18T08:01:00.659+0000][122][info ][safepoint   ] Safepoint "Cleanup", Time since last: 4009007751 ns, Reaching safepoint: 174459 ns, Cleanup: 47833 ns, At safepoint: 27583 ns, Total: 249875 ns
[2025-09-18T08:01:09.747+0000][122][info ][safepoint   ] Safepoint "Cleanup", Time since last: 9088160880 ns, Reaching safepoint: 43041 ns, Cleanup: 49709 ns, At safepoint: 18125 ns, Total: 110875 ns
[2025-09-18T08:01:12.751+0000][122][info ][safepoint   ] Safepoint "Cleanup", Time since last: 3003941751 ns, Reaching safepoint: 262000 ns, Cleanup: 34042 ns, At safepoint: 22208 ns, Total: 318250 ns
[2025-09-18T08:01:25.765+0000][122][info ][safepoint   ] Safepoint "Cleanup", Time since last: 13013611673 ns, Reaching safepoint: 167083 ns, Cleanup: 179959 ns, At safepoint: 30083 ns, Total: 377125 ns
[2025-09-18T08:01:27.759+0000][122][info ][safepoint   ] Safepoint "Cleanup", Time since last: 1993847708 ns, Reaching safepoint: 5625 ns, Cleanup: 8334 ns, At safepoint: 4333 ns, Total: 18292 ns
[2025-09-18T08:01:29.749+0000][122][info ][safepoint   ] Safepoint "Cleanup", Time since last: 1989791043 ns, Reaching safepoint: 58125 ns, Cleanup: 82291 ns, At safepoint: 20709 ns, Total: 161125 ns
[2025-09-18T08:01:30.751+0000][122][info ][safepoint   ] Safepoint "Cleanup", Time since last: 1001629875 ns, Reaching safepoint: 46375 ns, Cleanup: 25750 ns, At safepoint: 11125 ns, Total: 83250 ns
[2025-09-18T08:01:38.763+0000][122][info ][safepoint   ] Safepoint "Cleanup", Time since last: 8011566837 ns, Reaching safepoint: 98959 ns, Cleanup: 46083 ns, At safepoint: 63208 ns, Total: 208250 ns
[2025-09-18T08:01:48.782+0000][122][info ][safepoint   ] Safepoint "Cleanup", Time since last: 10019475213 ns, Reaching safepoint: 78125 ns, Cleanup: 21875 ns, At safepoint: 11667 ns, Total: 111667 ns
[2025-09-18T08:01:54.849+0000][122][info ][safepoint   ] Safepoint "Cleanup", Time since last: 6066403836 ns, Reaching safepoint: 39750 ns, Cleanup: 18625 ns, At safepoint: 13834 ns, Total: 72209 ns
[2025-09-18T08:01:55.861+0000][122][info ][safepoint   ] Safepoint "Cleanup", Time since last: 1012455208 ns, Reaching safepoint: 5000 ns, Cleanup: 18959 ns, At safepoint: 9375 ns, Total: 33334 ns
[2025-09-18T08:01:57.734+0000][122][info ][safepoint   ] Safepoint "Cleanup", Time since last: 1872411750 ns, Reaching safepoint: 7500 ns, Cleanup: 9042 ns, At safepoint: 7083 ns, Total: 23625 ns
[2025-09-18T08:01:58.888+0000][122][info ][safepoint   ] Safepoint "Cleanup", Time since last: 1154026126 ns, Reaching safepoint: 88708 ns, Cleanup: 21708 ns, At safepoint: 11375 ns, Total: 121791 ns
[2025-09-18T08:02:00.745+0000][122][info ][safepoint   ] Safepoint "Cleanup", Time since last: 1856866834 ns, Reaching safepoint: 22792 ns, Cleanup: 21417 ns, At safepoint: 15250 ns, Total: 59459 ns
[2025-09-18T08:02:05.758+0000][122][info ][safepoint   ] Safepoint "Cleanup", Time since last: 5012245377 ns, Reaching safepoint: 107542 ns, Cleanup: 46875 ns, At safepoint: 36042 ns, Total: 190459 ns
[2025-09-18T08:02:24.997+0000][122][info ][safepoint   ] Safepoint "Cleanup", Time since last: 19239226259 ns, Reaching safepoint: 49458 ns, Cleanup: 18250 ns, At safepoint: 24625 ns, Total: 92333 ns
[2025-09-18T08:02:46.043+0000][122][info ][safepoint   ] Safepoint "Cleanup", Time since last: 21044939426 ns, Reaching safepoint: 691167 ns, Cleanup: 116250 ns, At safepoint: 40125 ns, Total: 847542 ns
[2025-09-18T08:03:00.764+0000][122][info ][safepoint   ] Safepoint "Cleanup", Time since last: 14719694506 ns, Reaching safepoint: 5625 ns, Cleanup: 11458 ns, At safepoint: 11375 ns, Total: 28458 ns
[2025-09-18T08:03:02.131+0000][122][info ][safepoint   ] Safepoint "Cleanup", Time since last: 1366638793 ns, Reaching safepoint: 68250 ns, Cleanup: 23541 ns, At safepoint: 17834 ns, Total: 109625 ns
[2025-09-18T08:03:11.106+0000][122][info ][safepoint   ] Safepoint "Cleanup", Time since last: 8975134421 ns, Reaching safepoint: 109416 ns, Cleanup: 65959 ns, At safepoint: 20791 ns, Total: 196166 ns
[2025-09-18T08:03:23.129+0000][122][info ][safepoint   ] Safepoint "Cleanup", Time since last: 12022912256 ns, Reaching safepoint: 105792 ns, Cleanup: 51708 ns, At safepoint: 20500 ns, Total: 178000 ns
[2025-09-18T08:03:39.554+0000][122][info ][gc,start    ] GC(34) Pause Young (Mixed) (G1 Evacuation Pause)
[2025-09-18T08:03:39.556+0000][122][info ][gc,task     ] GC(34) Using 8 workers of 8 for evacuation
[2025-09-18T08:03:39.556+0000][122][debug][gc,age      ] GC(34) Desired survivor size 41943040 bytes, new threshold 15 (max threshold 15)
[2025-09-18T08:03:39.604+0000][122][info ][gc,phases   ] GC(34)   Pre Evacuate Collection Set: 0.98ms
[2025-09-18T08:03:39.604+0000][122][info ][gc,phases   ] GC(34)   Merge Heap Roots: 0.37ms
[2025-09-18T08:03:39.605+0000][122][info ][gc,phases   ] GC(34)   Evacuate Collection Set: 42.71ms
[2025-09-18T08:03:39.605+0000][122][info ][gc,phases   ] GC(34)   Post Evacuate Collection Set: 4.14ms
[2025-09-18T08:03:39.605+0000][122][info ][gc,phases   ] GC(34)   Other: 0.46ms
[2025-09-18T08:03:39.605+0000][122][trace][gc,age      ] GC(34) Age table with threshold 15 (max threshold 15)
[2025-09-18T08:03:39.606+0000][122][trace][gc,age      ] GC(34) - age   1:     915912 bytes,     915912 total
[2025-09-18T08:03:39.606+0000][122][trace][gc,age      ] GC(34) - age   2:      73592 bytes,     989504 total
[2025-09-18T08:03:39.606+0000][122][trace][gc,age      ] GC(34) - age   3:    1750920 bytes,    2740424 total
[2025-09-18T08:03:39.606+0000][122][trace][gc,age      ] GC(34) - age   4:     451296 bytes,    3191720 total
[2025-09-18T08:03:39.606+0000][122][trace][gc,age      ] GC(34) - age   5:      59144 bytes,    3250864 total
[2025-09-18T08:03:39.606+0000][122][trace][gc,age      ] GC(34) - age   6:      65304 bytes,    3316168 total
[2025-09-18T08:03:39.606+0000][122][trace][gc,age      ] GC(34) - age   7:      18432 bytes,    3334600 total
[2025-09-18T08:03:39.606+0000][122][trace][gc,age      ] GC(34) - age   8:      95400 bytes,    3430000 total
[2025-09-18T08:03:39.606+0000][122][trace][gc,age      ] GC(34) - age   9:     127480 bytes,    3557480 total
[2025-09-18T08:03:39.606+0000][122][trace][gc,age      ] GC(34) - age  10:      13984 bytes,    3571464 total
[2025-09-18T08:03:39.606+0000][122][trace][gc,age      ] GC(34) - age  11:     118496 bytes,    3689960 total
[2025-09-18T08:03:39.606+0000][122][trace][gc,age      ] GC(34) - age  12:    1434224 bytes,    5124184 total
[2025-09-18T08:03:39.607+0000][122][trace][gc,age      ] GC(34) - age  13:    3820784 bytes,    8944968 total
[2025-09-18T08:03:39.607+0000][122][trace][gc,age      ] GC(34) - age  14:    2858304 bytes,   11803272 total
[2025-09-18T08:03:39.607+0000][122][trace][gc,age      ] GC(34) - age  15:   18818624 bytes,   30621896 total
[2025-09-18T08:03:39.607+0000][122][info ][gc,heap     ] GC(34) Eden regions: 145->0(145)
[2025-09-18T08:03:39.607+0000][122][info ][gc,heap     ] GC(34) Survivor regions: 8->8(20)
[2025-09-18T08:03:39.608+0000][122][info ][gc,heap     ] GC(34) Old regions: 28->28
[2025-09-18T08:03:39.608+0000][122][info ][gc,heap     ] GC(34) Humongous regions: 2->2
[2025-09-18T08:03:39.608+0000][122][info ][gc,metaspace] GC(34) Metaspace: 160155K(163968K)->160155K(163968K) NonClass: 138487K(140160K)->138487K(140160K) Class: 21667K(23808K)->21667K(23808K)
[2025-09-18T08:03:39.608+0000][122][info ][gc          ] GC(34) Pause Young (Mixed) (G1 Evacuation Pause) 731M->150M(1024M) 53.286ms
[2025-09-18T08:03:39.608+0000][122][info ][gc,cpu      ] GC(34) User=0.30s Sys=0.02s Real=0.05s
[2025-09-18T08:03:39.609+0000][122][info ][safepoint   ] Safepoint "G1CollectForAllocation", Time since last: 16424718049 ns, Reaching safepoint: 23542 ns, Cleanup: 5583 ns, At safepoint: 54977042 ns, Total: 55006167 ns
[2025-09-18T08:04:04.289+0000][122][info ][safepoint   ] Safepoint "Cleanup", Time since last: 24679236095 ns, Reaching safepoint: 22375 ns, Cleanup: 28416 ns, At safepoint: 17584 ns, Total: 68375 ns
[2025-09-18T08:04:05.344+0000][122][info ][safepoint   ] Safepoint "Cleanup", Time since last: 1053382709 ns, Reaching safepoint: 1332125 ns, Cleanup: 48833 ns, At safepoint: 38417 ns, Total: 1419375 ns
[2025-09-18T08:04:08.320+0000][122][info ][safepoint   ] Safepoint "Cleanup", Time since last: 2975556501 ns, Reaching safepoint: 75958 ns, Cleanup: 30000 ns, At safepoint: 14959 ns, Total: 120917 ns
[2025-09-18T08:04:43.421+0000][122][info ][safepoint   ] Safepoint "Cleanup", Time since last: 35099967224 ns, Reaching safepoint: 155042 ns, Cleanup: 23500 ns, At safepoint: 15916 ns, Total: 194458 ns
[2025-09-18T08:05:06.802+0000][122][info ][safepoint   ] Safepoint "Cleanup", Time since last: 23381055552 ns, Reaching safepoint: 28542 ns, Cleanup: 32500 ns, At safepoint: 9042 ns, Total: 70084 ns
[2025-09-18T08:05:08.513+0000][122][info ][safepoint   ] Safepoint "Cleanup", Time since last: 1710734875 ns, Reaching safepoint: 101709 ns, Cleanup: 85208 ns, At safepoint: 20875 ns, Total: 207792 ns
[2025-09-18T08:05:24.556+0000][122][info ][safepoint   ] Safepoint "Cleanup", Time since last: 16041626299 ns, Reaching safepoint: 946459 ns, Cleanup: 62958 ns, At safepoint: 22625 ns, Total: 1032042 ns
[2025-09-18T08:05:34.585+0000][122][info ][safepoint   ] Safepoint "Cleanup", Time since last: 10028450587 ns, Reaching safepoint: 68917 ns, Cleanup: 25167 ns, At safepoint: 8291 ns, Total: 102375 ns
[2025-09-18T08:05:36.587+0000][122][info ][safepoint   ] Safepoint "Cleanup", Time since last: 2002535876 ns, Reaching safepoint: 88750 ns, Cleanup: 37167 ns, At safepoint: 18667 ns, Total: 144584 ns
[2025-09-18T08:05:49.615+0000][122][info ][safepoint   ] Safepoint "Cleanup", Time since last: 13027245797 ns, Reaching safepoint: 664709 ns, Cleanup: 57041 ns, At safepoint: 10084 ns, Total: 731834 ns
[2025-09-18T08:06:06.952+0000][122][info ][safepoint   ] Safepoint "Cleanup", Time since last: 17335352966 ns, Reaching safepoint: 27208 ns, Cleanup: 31292 ns, At safepoint: 7417 ns, Total: 65917 ns
[2025-09-18T08:06:08.696+0000][122][info ][safepoint   ] Safepoint "Cleanup", Time since last: 1742764334 ns, Reaching safepoint: 915458 ns, Cleanup: 62417 ns, At safepoint: 27333 ns, Total: 1005208 ns
[2025-09-18T08:06:09.706+0000][122][info ][safepoint   ] Safepoint "Cleanup", Time since last: 1010541834 ns, Reaching safepoint: 88792 ns, Cleanup: 96291 ns, At safepoint: 57167 ns, Total: 242250 ns
[2025-09-18T08:06:10.720+0000][122][info ][safepoint   ] Safepoint "Cleanup", Time since last: 1013117417 ns, Reaching safepoint: 17709 ns, Cleanup: 20666 ns, At safepoint: 28334 ns, Total: 66709 ns
[2025-09-18T08:06:38.802+0000][122][info ][safepoint   ] Safepoint "Cleanup", Time since last: 28081330846 ns, Reaching safepoint: 821291 ns, Cleanup: 81250 ns, At safepoint: 87959 ns, Total: 990500 ns
[2025-09-18T08:06:54.826+0000][122][info ][safepoint   ] Safepoint "Cleanup", Time since last: 16023435132 ns, Reaching safepoint: 95167 ns, Cleanup: 54833 ns, At safepoint: 37959 ns, Total: 187959 ns
[2025-09-18T08:06:55.835+0000][122][info ][safepoint   ] Safepoint "Cleanup", Time since last: 1009335792 ns, Reaching safepoint: 12791 ns, Cleanup: 18125 ns, At safepoint: 7750 ns, Total: 38666 ns
[2025-09-18T08:07:09.840+0000][122][info ][safepoint   ] Safepoint "Cleanup", Time since last: 14003495298 ns, Reaching safepoint: 241333 ns, Cleanup: 49000 ns, At safepoint: 18875 ns, Total: 309208 ns
[2025-09-18T08:07:10.913+0000][122][info ][safepoint   ] Safepoint "Cleanup", Time since last: 1073061959 ns, Reaching safepoint: 18208 ns, Cleanup: 30084 ns, At safepoint: 7750 ns, Total: 56042 ns
[2025-09-18T08:07:25.032+0000][122][info ][safepoint   ] Safepoint "Cleanup", Time since last: 14118921756 ns, Reaching safepoint: 60500 ns, Cleanup: 13292 ns, At safepoint: 9625 ns, Total: 83417 ns
[2025-09-18T08:08:12.917+0000][122][info ][safepoint   ] Safepoint "Cleanup", Time since last: 47883881314 ns, Reaching safepoint: 57208 ns, Cleanup: 34792 ns, At safepoint: 14875 ns, Total: 106875 ns
[2025-09-18T08:08:14.191+0000][122][info ][safepoint   ] Safepoint "Cleanup", Time since last: 1273625458 ns, Reaching safepoint: 79375 ns, Cleanup: 43167 ns, At safepoint: 18833 ns, Total: 141375 ns
[2025-09-18T08:08:15.902+0000][122][info ][safepoint   ] Safepoint "Cleanup", Time since last: 1711142668 ns, Reaching safepoint: 6250 ns, Cleanup: 7125 ns, At safepoint: 6958 ns, Total: 20333 ns
[2025-09-18T08:08:17.233+0000][122][info ][safepoint   ] Safepoint "Cleanup", Time since last: 1331258709 ns, Reaching safepoint: 161125 ns, Cleanup: 32250 ns, At safepoint: 22750 ns, Total: 216125 ns
[2025-09-18T08:08:38.281+0000][122][info ][safepoint   ] Safepoint "Cleanup", Time since last: 21047476718 ns, Reaching safepoint: 245500 ns, Cleanup: 38042 ns, At safepoint: 89625 ns, Total: 373167 ns
[2025-09-18T08:08:55.315+0000][122][info ][safepoint   ] Safepoint "Cleanup", Time since last: 17033580175 ns, Reaching safepoint: 184041 ns, Cleanup: 126500 ns, At safepoint: 17375 ns, Total: 327916 ns
[2025-09-18T08:09:00.328+0000][122][info ][safepoint   ] Safepoint "Cleanup", Time since last: 5011280502 ns, Reaching safepoint: 95458 ns, Cleanup: 42334 ns, At safepoint: 19708 ns, Total: 157500 ns
[2025-09-18T08:09:15.987+0000][122][info ][safepoint   ] Safepoint "Cleanup", Time since last: 15657892299 ns, Reaching safepoint: 1260083 ns, Cleanup: 20625 ns, At safepoint: 12959 ns, Total: 1293667 ns
[2025-09-18T08:09:19.425+0000][122][info ][safepoint   ] Safepoint "Cleanup", Time since last: 3438408335 ns, Reaching safepoint: 7500 ns, Cleanup: 16416 ns, At safepoint: 4084 ns, Total: 28000 ns
[2025-09-18T08:09:25.461+0000][122][info ][safepoint   ] Safepoint "Cleanup", Time since last: 6034977419 ns, Reaching safepoint: 44667 ns, Cleanup: 25458 ns, At safepoint: 10417 ns, Total: 80542 ns
[2025-09-18T08:09:26.463+0000][122][info ][safepoint   ] Safepoint "Cleanup", Time since last: 1001958667 ns, Reaching safepoint: 86958 ns, Cleanup: 52917 ns, At safepoint: 27083 ns, Total: 166958 ns
[2025-09-18T08:09:29.468+0000][122][info ][safepoint   ] Safepoint "Cleanup", Time since last: 3004333835 ns, Reaching safepoint: 93291 ns, Cleanup: 86375 ns, At safepoint: 23292 ns, Total: 202958 ns
[2025-09-18T08:09:54.499+0000][122][info ][safepoint   ] Safepoint "Cleanup", Time since last: 25030667429 ns, Reaching safepoint: 109125 ns, Cleanup: 87041 ns, At safepoint: 18459 ns, Total: 214625 ns
[2025-09-18T08:09:55.501+0000][122][info ][safepoint   ] Safepoint "Cleanup", Time since last: 1002322375 ns, Reaching safepoint: 83625 ns, Cleanup: 63750 ns, At safepoint: 13667 ns, Total: 161042 ns
[2025-09-18T08:10:01.498+0000][122][info ][safepoint   ] Safepoint "Cleanup", Time since last: 6007590294 ns, Reaching safepoint: 13542 ns, Cleanup: 10083 ns, At safepoint: 3667 ns, Total: 27292 ns
[2025-09-18T08:10:07.736+0000][122][info ][gc,start    ] GC(35) Pause Young (Concurrent Start) (G1 Evacuation Pause)
[2025-09-18T08:10:07.738+0000][122][info ][gc,task     ] GC(35) Using 8 workers of 8 for evacuation
[2025-09-18T08:10:07.738+0000][122][debug][gc,age      ] GC(35) Desired survivor size 41943040 bytes, new threshold 15 (max threshold 15)
[2025-09-18T08:10:07.801+0000][122][info ][gc,phases   ] GC(35)   Pre Evacuate Collection Set: 1.50ms
[2025-09-18T08:10:07.801+0000][122][info ][gc,phases   ] GC(35)   Merge Heap Roots: 0.35ms
[2025-09-18T08:10:07.801+0000][122][info ][gc,phases   ] GC(35)   Evacuate Collection Set: 56.24ms
[2025-09-18T08:10:07.801+0000][122][info ][gc,phases   ] GC(35)   Post Evacuate Collection Set: 4.25ms
[2025-09-18T08:10:07.802+0000][122][info ][gc,phases   ] GC(35)   Other: 0.85ms
[2025-09-18T08:10:07.802+0000][122][trace][gc,age      ] GC(35) Age table with threshold 15 (max threshold 15)
[2025-09-18T08:10:07.802+0000][122][trace][gc,age      ] GC(35) - age   1:    1063864 bytes,    1063864 total
[2025-09-18T08:10:07.802+0000][122][trace][gc,age      ] GC(35) - age   2:      43096 bytes,    1106960 total
[2025-09-18T08:10:07.802+0000][122][trace][gc,age      ] GC(35) - age   3:      47760 bytes,    1154720 total
[2025-09-18T08:10:07.802+0000][122][trace][gc,age      ] GC(35) - age   4:    1559992 bytes,    2714712 total
[2025-09-18T08:10:07.802+0000][122][trace][gc,age      ] GC(35) - age   5:     448760 bytes,    3163472 total
[2025-09-18T08:10:07.802+0000][122][trace][gc,age      ] GC(35) - age   6:      59144 bytes,    3222616 total
[2025-09-18T08:10:07.802+0000][122][trace][gc,age      ] GC(35) - age   7:      65224 bytes,    3287840 total
[2025-09-18T08:10:07.802+0000][122][trace][gc,age      ] GC(35) - age   8:      16160 bytes,    3304000 total
[2025-09-18T08:10:07.802+0000][122][trace][gc,age      ] GC(35) - age   9:      79248 bytes,    3383248 total
[2025-09-18T08:10:07.802+0000][122][trace][gc,age      ] GC(35) - age  10:     127216 bytes,    3510464 total
[2025-09-18T08:10:07.802+0000][122][trace][gc,age      ] GC(35) - age  11:      13984 bytes,    3524448 total
[2025-09-18T08:10:07.802+0000][122][trace][gc,age      ] GC(35) - age  12:     118360 bytes,    3642808 total
[2025-09-18T08:10:07.802+0000][122][trace][gc,age      ] GC(35) - age  13:    1417936 bytes,    5060744 total
[2025-09-18T08:10:07.802+0000][122][trace][gc,age      ] GC(35) - age  14:    3820784 bytes,    8881528 total
[2025-09-18T08:10:07.802+0000][122][trace][gc,age      ] GC(35) - age  15:    2857856 bytes,   11739384 total
[2025-09-18T08:10:07.802+0000][122][info ][gc,heap     ] GC(35) Eden regions: 145->0(149)
[2025-09-18T08:10:07.802+0000][122][info ][gc,heap     ] GC(35) Survivor regions: 8->4(20)
[2025-09-18T08:10:07.802+0000][122][info ][gc,heap     ] GC(35) Old regions: 28->33
[2025-09-18T08:10:07.802+0000][122][info ][gc,heap     ] GC(35) Humongous regions: 2->2
[2025-09-18T08:10:07.802+0000][122][info ][gc,metaspace] GC(35) Metaspace: 160218K(164032K)->160218K(164032K) NonClass: 138551K(140224K)->138551K(140224K) Class: 21667K(23808K)->21667K(23808K)
[2025-09-18T08:10:07.802+0000][122][info ][gc          ] GC(35) Pause Young (Concurrent Start) (G1 Evacuation Pause) 730M->151M(1024M) 65.989ms
[2025-09-18T08:10:07.802+0000][122][info ][gc          ] GC(36) Concurrent Mark Cycle
[2025-09-18T08:10:07.802+0000][122][info ][gc,marking  ] GC(36) Concurrent Scan Root Regions
[2025-09-18T08:10:07.802+0000][122][info ][gc,cpu      ] GC(35) User=0.45s Sys=0.00s Real=0.07s
[2025-09-18T08:10:07.803+0000][122][info ][safepoint   ] Safepoint "G1CollectForAllocation", Time since last: 6236587878 ns, Reaching safepoint: 1186250 ns, Cleanup: 13791 ns, At safepoint: 67323042 ns, Total: 68523083 ns
[2025-09-18T08:10:07.816+0000][122][info ][gc,marking  ] GC(36) Concurrent Scan Root Regions 13.895ms
[2025-09-18T08:10:07.816+0000][122][info ][gc,marking  ] GC(36) Concurrent Mark
[2025-09-18T08:10:07.817+0000][122][info ][gc,marking  ] GC(36) Concurrent Mark From Roots
[2025-09-18T08:10:07.817+0000][122][info ][gc,task     ] GC(36) Using 2 workers of 2 for marking
[2025-09-18T08:10:07.887+0000][122][info ][gc,marking  ] GC(36) Concurrent Mark From Roots 70.004ms
[2025-09-18T08:10:07.887+0000][122][info ][gc,marking  ] GC(36) Concurrent Preclean
[2025-09-18T08:10:07.887+0000][122][info ][gc,marking  ] GC(36) Concurrent Preclean 0.370ms
[2025-09-18T08:10:07.887+0000][122][info ][gc,start    ] GC(36) Pause Remark
[2025-09-18T08:10:07.916+0000][122][info ][gc          ] GC(36) Pause Remark 153M->153M(1024M) 28.597ms
[2025-09-18T08:10:07.916+0000][122][info ][gc,cpu      ] GC(36) User=0.20s Sys=0.00s Real=0.03s
[2025-09-18T08:10:07.916+0000][122][info ][safepoint   ] Safepoint "G1PauseRemark", Time since last: 83685083 ns, Reaching safepoint: 30709 ns, Cleanup: 8125 ns, At safepoint: 28816375 ns, Total: 28855209 ns
[2025-09-18T08:10:07.916+0000][122][info ][gc,marking  ] GC(36) Concurrent Mark 99.615ms
[2025-09-18T08:10:07.916+0000][122][info ][gc,marking  ] GC(36) Concurrent Rebuild Remembered Sets and Scrub Regions
[2025-09-18T08:10:07.940+0000][122][info ][gc,marking  ] GC(36) Concurrent Rebuild Remembered Sets and Scrub Regions 23.748ms
[2025-09-18T08:10:07.940+0000][122][info ][gc,start    ] GC(36) Pause Cleanup
[2025-09-18T08:10:07.940+0000][122][info ][gc          ] GC(36) Pause Cleanup 154M->154M(1024M) 0.113ms
[2025-09-18T08:10:07.940+0000][122][info ][gc,cpu      ] GC(36) User=0.00s Sys=0.00s Real=0.00s
[2025-09-18T08:10:07.940+0000][122][info ][safepoint   ] Safepoint "G1PauseCleanup", Time since last: 24019083 ns, Reaching safepoint: 9417 ns, Cleanup: 66667 ns, At safepoint: 238333 ns, Total: 314417 ns
[2025-09-18T08:10:07.940+0000][122][info ][gc,marking  ] GC(36) Concurrent Clear Claimed Marks
[2025-09-18T08:10:07.941+0000][122][info ][gc,marking  ] GC(36) Concurrent Clear Claimed Marks 0.386ms
[2025-09-18T08:10:07.941+0000][122][info ][gc,marking  ] GC(36) Concurrent Cleanup for Next Mark
[2025-09-18T08:10:07.950+0000][122][info ][gc,marking  ] GC(36) Concurrent Cleanup for Next Mark 9.220ms
[2025-09-18T08:10:07.950+0000][122][info ][gc          ] GC(36) Concurrent Mark Cycle 147.782ms
[2025-09-18T08:10:21.914+0000][122][info ][safepoint   ] Safepoint "Cleanup", Time since last: 13974106923 ns, Reaching safepoint: 6500 ns, Cleanup: 13459 ns, At safepoint: 6833 ns, Total: 26792 ns
[2025-09-18T08:10:23.652+0000][122][info ][safepoint   ] Safepoint "Cleanup", Time since last: 1737574251 ns, Reaching safepoint: 9250 ns, Cleanup: 13833 ns, At safepoint: 4250 ns, Total: 27333 ns
[2025-09-18T08:10:29.658+0000][122][info ][safepoint   ] Safepoint "Cleanup", Time since last: 6008425169 ns, Reaching safepoint: 103583 ns, Cleanup: 62792 ns, At safepoint: 24375 ns, Total: 190750 ns
[2025-09-18T08:10:53.710+0000][122][info ][safepoint   ] Safepoint "Cleanup", Time since last: 24052228678 ns, Reaching safepoint: 43125 ns, Cleanup: 17083 ns, At safepoint: 6750 ns, Total: 66958 ns
[2025-09-18T08:11:21.939+0000][122][info ][safepoint   ] Safepoint "Cleanup", Time since last: 28228446805 ns, Reaching safepoint: 5375 ns, Cleanup: 6708 ns, At safepoint: 5875 ns, Total: 17958 ns
[2025-09-18T08:11:25.837+0000][122][info ][safepoint   ] Safepoint "Cleanup", Time since last: 3898582044 ns, Reaching safepoint: 21000 ns, Cleanup: 29375 ns, At safepoint: 7208 ns, Total: 57583 ns
[2025-09-18T08:11:39.900+0000][122][info ][safepoint   ] Safepoint "Cleanup", Time since last: 14061937548 ns, Reaching safepoint: 39583 ns, Cleanup: 25708 ns, At safepoint: 23500 ns, Total: 88791 ns
[2025-09-18T08:11:45.909+0000][122][info ][safepoint   ] Safepoint "Cleanup", Time since last: 6009020462 ns, Reaching safepoint: 12375 ns, Cleanup: 12500 ns, At safepoint: 6875 ns, Total: 31750 ns
[2025-09-18T08:11:57.961+0000][122][info ][safepoint   ] Safepoint "Cleanup", Time since last: 12051032296 ns, Reaching safepoint: 885625 ns, Cleanup: 7708 ns, At safepoint: 10167 ns, Total: 903500 ns
[2025-09-18T08:11:58.962+0000][122][info ][safepoint   ] Safepoint "Cleanup", Time since last: 1000539709 ns, Reaching safepoint: 10333 ns, Cleanup: 17209 ns, At safepoint: 12083 ns, Total: 39625 ns
[2025-09-18T08:12:24.968+0000][122][info ][safepoint   ] Safepoint "Cleanup", Time since last: 26006592346 ns, Reaching safepoint: 5125 ns, Cleanup: 11916 ns, At safepoint: 21209 ns, Total: 38250 ns
[2025-09-18T08:12:27.946+0000][122][info ][safepoint   ] Safepoint "Cleanup", Time since last: 2977917625 ns, Reaching safepoint: 6292 ns, Cleanup: 16208 ns, At safepoint: 8125 ns, Total: 30625 ns
[2025-09-18T08:12:29.151+0000][122][info ][safepoint   ] Safepoint "Cleanup", Time since last: 1204383459 ns, Reaching safepoint: 54000 ns, Cleanup: 23708 ns, At safepoint: 10167 ns, Total: 87875 ns
[2025-09-18T08:12:31.103+0000][122][info ][safepoint   ] Safepoint "Cleanup", Time since last: 1951747251 ns, Reaching safepoint: 55958 ns, Cleanup: 30084 ns, At safepoint: 17583 ns, Total: 103625 ns
[2025-09-18T08:12:38.115+0000][122][info ][safepoint   ] Safepoint "Cleanup", Time since last: 7012187378 ns, Reaching safepoint: 65042 ns, Cleanup: 70000 ns, At safepoint: 14958 ns, Total: 150000 ns
[2025-09-18T08:13:01.146+0000][122][info ][safepoint   ] Safepoint "Cleanup", Time since last: 23030289428 ns, Reaching safepoint: 301458 ns, Cleanup: 73833 ns, At safepoint: 27417 ns, Total: 402708 ns
[2025-09-18T08:13:02.151+0000][122][info ][safepoint   ] Safepoint "Cleanup", Time since last: 1004101042 ns, Reaching safepoint: 85583 ns, Cleanup: 37542 ns, At safepoint: 16458 ns, Total: 139583 ns
[2025-09-18T08:13:23.965+0000][122][info ][safepoint   ] Safepoint "Cleanup", Time since last: 21814298761 ns, Reaching safepoint: 15833 ns, Cleanup: 8917 ns, At safepoint: 6916 ns, Total: 31666 ns
[2025-09-18T08:13:30.322+0000][122][info ][safepoint   ] Safepoint "Cleanup", Time since last: 6356264961 ns, Reaching safepoint: 103167 ns, Cleanup: 56583 ns, At safepoint: 23750 ns, Total: 183500 ns
[2025-09-18T08:13:31.337+0000][122][info ][safepoint   ] Safepoint "Cleanup", Time since last: 1015675334 ns, Reaching safepoint: 16500 ns, Cleanup: 41625 ns, At safepoint: 9416 ns, Total: 67541 ns
[2025-09-18T08:14:10.109+0000][122][info ][safepoint   ] Safepoint "Cleanup", Time since last: 38770948685 ns, Reaching safepoint: 90792 ns, Cleanup: 61750 ns, At safepoint: 31167 ns, Total: 183709 ns
[2025-09-18T08:14:15.118+0000][122][info ][safepoint   ] Safepoint "Cleanup", Time since last: 5008434460 ns, Reaching safepoint: 162459 ns, Cleanup: 66791 ns, At safepoint: 27542 ns, Total: 256792 ns
[2025-09-18T08:14:25.136+0000][122][info ][safepoint   ] Safepoint "Cleanup", Time since last: 10017726213 ns, Reaching safepoint: 72333 ns, Cleanup: 34500 ns, At safepoint: 42375 ns, Total: 149208 ns
[2025-09-18T08:14:30.142+0000][122][info ][safepoint   ] Safepoint "Cleanup", Time since last: 5006170085 ns, Reaching safepoint: 324334 ns, Cleanup: 59000 ns, At safepoint: 29916 ns, Total: 413250 ns
[2025-09-18T08:14:32.531+0000][122][info ][safepoint   ] Safepoint "Cleanup", Time since last: 2388550835 ns, Reaching safepoint: 48042 ns, Cleanup: 37041 ns, At safepoint: 11167 ns, Total: 96250 ns
[2025-09-18T08:14:33.953+0000][122][info ][safepoint   ] Safepoint "Cleanup", Time since last: 1422223042 ns, Reaching safepoint: 6250 ns, Cleanup: 15334 ns, At safepoint: 7791 ns, Total: 29375 ns
[2025-09-18T08:14:35.575+0000][122][info ][safepoint   ] Safepoint "Cleanup", Time since last: 1621285376 ns, Reaching safepoint: 71958 ns, Cleanup: 22417 ns, At safepoint: 10833 ns, Total: 105208 ns
[2025-09-18T08:15:25.351+0000][122][info ][safepoint   ] Safepoint "Cleanup", Time since last: 49775359273 ns, Reaching safepoint: 176208 ns, Cleanup: 50834 ns, At safepoint: 13125 ns, Total: 240167 ns
[2025-09-18T08:15:33.984+0000][122][info ][safepoint   ] Safepoint "Cleanup", Time since last: 8632592878 ns, Reaching safepoint: 4958 ns, Cleanup: 6709 ns, At safepoint: 5125 ns, Total: 16792 ns
[2025-09-18T08:15:35.757+0000][122][info ][safepoint   ] Safepoint "Cleanup", Time since last: 1772999125 ns, Reaching safepoint: 54667 ns, Cleanup: 60625 ns, At safepoint: 25958 ns, Total: 141250 ns
[2025-09-18T08:15:36.957+0000][122][info ][safepoint   ] Safepoint "Cleanup", Time since last: 1199880084 ns, Reaching safepoint: 7792 ns, Cleanup: 10125 ns, At safepoint: 7875 ns, Total: 25792 ns
[2025-09-18T08:15:38.810+0000][122][info ][safepoint   ] Safepoint "Cleanup", Time since last: 1852648668 ns, Reaching safepoint: 84916 ns, Cleanup: 35250 ns, At safepoint: 19792 ns, Total: 139958 ns
[2025-09-18T08:16:05.837+0000][122][info ][safepoint   ] Safepoint "Cleanup", Time since last: 27026112179 ns, Reaching safepoint: 322833 ns, Cleanup: 89417 ns, At safepoint: 10208 ns, Total: 422458 ns
[2025-09-18T08:16:06.838+0000][122][info ][safepoint   ] Safepoint "Cleanup", Time since last: 1001111668 ns, Reaching safepoint: 392958 ns, Cleanup: 47625 ns, At safepoint: 23875 ns, Total: 464458 ns
[2025-09-18T08:16:08.841+0000][122][info ][safepoint   ] Safepoint "Cleanup", Time since last: 2002662084 ns, Reaching safepoint: 101000 ns, Cleanup: 121000 ns, At safepoint: 28209 ns, Total: 250209 ns
[2025-09-18T08:16:15.950+0000][122][info ][gc,start    ] GC(37) Pause Young (Prepare Mixed) (G1 Evacuation Pause)
[2025-09-18T08:16:15.952+0000][122][info ][gc,task     ] GC(37) Using 8 workers of 8 for evacuation
[2025-09-18T08:16:15.952+0000][122][debug][gc,age      ] GC(37) Desired survivor size 41943040 bytes, new threshold 15 (max threshold 15)
[2025-09-18T08:16:16.008+0000][122][info ][gc,phases   ] GC(37)   Pre Evacuate Collection Set: 1.56ms
[2025-09-18T08:16:16.008+0000][122][info ][gc,phases   ] GC(37)   Merge Heap Roots: 0.58ms
[2025-09-18T08:16:16.008+0000][122][info ][gc,phases   ] GC(37)   Evacuate Collection Set: 49.63ms
[2025-09-18T08:16:16.008+0000][122][info ][gc,phases   ] GC(37)   Post Evacuate Collection Set: 3.21ms
[2025-09-18T08:16:16.008+0000][122][info ][gc,phases   ] GC(37)   Other: 1.44ms
[2025-09-18T08:16:16.008+0000][122][trace][gc,age      ] GC(37) Age table with threshold 15 (max threshold 15)
[2025-09-18T08:16:16.008+0000][122][trace][gc,age      ] GC(37) - age   1:    1046128 bytes,    1046128 total
[2025-09-18T08:16:16.009+0000][122][trace][gc,age      ] GC(37) - age   2:      36488 bytes,    1082616 total
[2025-09-18T08:16:16.009+0000][122][trace][gc,age      ] GC(37) - age   3:      41480 bytes,    1124096 total
[2025-09-18T08:16:16.009+0000][122][trace][gc,age      ] GC(37) - age   4:      47608 bytes,    1171704 total
[2025-09-18T08:16:16.009+0000][122][trace][gc,age      ] GC(37) - age   5:    1559736 bytes,    2731440 total
[2025-09-18T08:16:16.009+0000][122][trace][gc,age      ] GC(37) - age   6:     448760 bytes,    3180200 total
[2025-09-18T08:16:16.009+0000][122][trace][gc,age      ] GC(37) - age   7:      59144 bytes,    3239344 total
[2025-09-18T08:16:16.009+0000][122][trace][gc,age      ] GC(37) - age   8:      65224 bytes,    3304568 total
[2025-09-18T08:16:16.009+0000][122][trace][gc,age      ] GC(37) - age   9:      16160 bytes,    3320728 total
[2025-09-18T08:16:16.009+0000][122][trace][gc,age      ] GC(37) - age  10:      79248 bytes,    3399976 total
[2025-09-18T08:16:16.009+0000][122][trace][gc,age      ] GC(37) - age  11:     127216 bytes,    3527192 total
[2025-09-18T08:16:16.009+0000][122][trace][gc,age      ] GC(37) - age  12:      13984 bytes,    3541176 total
[2025-09-18T08:16:16.009+0000][122][trace][gc,age      ] GC(37) - age  13:     118360 bytes,    3659536 total
[2025-09-18T08:16:16.009+0000][122][trace][gc,age      ] GC(37) - age  14:    1417936 bytes,    5077472 total
[2025-09-18T08:16:16.009+0000][122][trace][gc,age      ] GC(37) - age  15:    3820784 bytes,    8898256 total
[2025-09-18T08:16:16.009+0000][122][info ][gc,heap     ] GC(37) Eden regions: 149->0(150)
[2025-09-18T08:16:16.009+0000][122][info ][gc,heap     ] GC(37) Survivor regions: 4->3(20)
[2025-09-18T08:16:16.010+0000][122][info ][gc,heap     ] GC(37) Old regions: 33->34
[2025-09-18T08:16:16.010+0000][122][info ][gc,heap     ] GC(37) Humongous regions: 2->2
[2025-09-18T08:16:16.010+0000][122][info ][gc,metaspace] GC(37) Metaspace: 160351K(164160K)->160351K(164160K) NonClass: 138683K(140352K)->138683K(140352K) Class: 21667K(23808K)->21667K(23808K)
[2025-09-18T08:16:16.010+0000][122][info ][gc          ] GC(37) Pause Young (Prepare Mixed) (G1 Evacuation Pause) 747M->151M(1024M) 59.491ms
[2025-09-18T08:16:16.010+0000][122][info ][gc,cpu      ] GC(37) User=0.40s Sys=0.00s Real=0.06s
[2025-09-18T08:16:16.010+0000][122][info ][safepoint   ] Safepoint "G1CollectForAllocation", Time since last: 7108704045 ns, Reaching safepoint: 59375 ns, Cleanup: 85041 ns, At safepoint: 59755875 ns, Total: 59900291 ns
[2025-09-18T08:16:17.012+0000][122][info ][safepoint   ] Safepoint "Cleanup", Time since last: 1001681084 ns, Reaching safepoint: 143625 ns, Cleanup: 50708 ns, At safepoint: 33334 ns, Total: 227667 ns
[2025-09-18T08:16:27.996+0000][122][info ][safepoint   ] Safepoint "Cleanup", Time since last: 10983631963 ns, Reaching safepoint: 6000 ns, Cleanup: 23541 ns, At safepoint: 6209 ns, Total: 35750 ns
[2025-09-18T08:16:29.964+0000][122][info ][safepoint   ] Safepoint "Cleanup", Time since last: 1967848917 ns, Reaching safepoint: 75709 ns, Cleanup: 38875 ns, At safepoint: 19125 ns, Total: 133709 ns
[2025-09-18T08:16:36.973+0000][122][info ][safepoint   ] Safepoint "Cleanup", Time since last: 7007783961 ns, Reaching safepoint: 1129417 ns, Cleanup: 23125 ns, At safepoint: 26125 ns, Total: 1178667 ns
[2025-09-18T08:16:38.067+0000][122][info ][safepoint   ] Safepoint "Cleanup", Time since last: 1093901584 ns, Reaching safepoint: 3833 ns, Cleanup: 16250 ns, At safepoint: 8084 ns, Total: 28167 ns
[2025-09-18T08:16:39.975+0000][122][info ][safepoint   ] Safepoint "Cleanup", Time since last: 1908448459 ns, Reaching safepoint: 6041 ns, Cleanup: 40500 ns, At safepoint: 7167 ns, Total: 53708 ns
[2025-09-18T08:16:40.996+0000][122][info ][safepoint   ] Safepoint "Cleanup", Time since last: 1020541459 ns, Reaching safepoint: 73250 ns, Cleanup: 55125 ns, At safepoint: 19833 ns, Total: 148208 ns
[2025-09-18T08:16:58.017+0000][122][info ][safepoint   ] Safepoint "Cleanup", Time since last: 17020873258 ns, Reaching safepoint: 95458 ns, Cleanup: 17834 ns, At safepoint: 9458 ns, Total: 122750 ns
[2025-09-18T08:16:59.878+0000][122][info ][safepoint   ] Safepoint "Cleanup", Time since last: 1860975251 ns, Reaching safepoint: 7792 ns, Cleanup: 18458 ns, At safepoint: 12917 ns, Total: 39167 ns
[2025-09-18T08:17:00.913+0000][122][info ][safepoint   ] Safepoint "Cleanup", Time since last: 1034892917 ns, Reaching safepoint: 48833 ns, Cleanup: 41042 ns, At safepoint: 13708 ns, Total: 103583 ns
[2025-09-18T08:17:24.762+0000][122][info ][safepoint   ] Safepoint "Cleanup", Time since last: 23848687803 ns, Reaching safepoint: 45708 ns, Cleanup: 40084 ns, At safepoint: 17541 ns, Total: 103333 ns
[2025-09-18T08:17:39.997+0000][122][info ][safepoint   ] Safepoint "Cleanup", Time since last: 15234668465 ns, Reaching safepoint: 6042 ns, Cleanup: 6250 ns, At safepoint: 7208 ns, Total: 19500 ns
[2025-09-18T08:17:42.977+0000][122][info ][safepoint   ] Safepoint "Cleanup", Time since last: 2980001544 ns, Reaching safepoint: 6458 ns, Cleanup: 13167 ns, At safepoint: 3000 ns, Total: 22625 ns
[2025-09-18T08:17:52.524+0000][122][info ][safepoint   ] Safepoint "Cleanup", Time since last: 9546192546 ns, Reaching safepoint: 67625 ns, Cleanup: 29291 ns, At safepoint: 16667 ns, Total: 113583 ns
[2025-09-18T08:17:54.527+0000][122][info ][safepoint   ] Safepoint "Cleanup", Time since last: 2003152918 ns, Reaching safepoint: 274291 ns, Cleanup: 54834 ns, At safepoint: 21666 ns, Total: 350791 ns
[2025-09-18T08:18:19.876+0000][122][info ][safepoint   ] Safepoint "Cleanup", Time since last: 25347911679 ns, Reaching safepoint: 372208 ns, Cleanup: 145250 ns, At safepoint: 49625 ns, Total: 567083 ns
[2025-09-18T08:18:25.885+0000][122][info ][safepoint   ] Safepoint "Cleanup", Time since last: 6009262878 ns, Reaching safepoint: 45500 ns, Cleanup: 23792 ns, At safepoint: 10250 ns, Total: 79542 ns
[2025-09-18T08:18:43.038+0000][122][info ][safepoint   ] Safepoint "Cleanup", Time since last: 17152489299 ns, Reaching safepoint: 4583 ns, Cleanup: 5125 ns, At safepoint: 7083 ns, Total: 16791 ns
[2025-09-18T08:18:44.702+0000][122][info ][safepoint   ] Safepoint "Cleanup", Time since last: 1663599334 ns, Reaching safepoint: 60334 ns, Cleanup: 32083 ns, At safepoint: 14542 ns, Total: 106959 ns
[2025-09-18T08:18:46.001+0000][122][info ][safepoint   ] Safepoint "Cleanup", Time since last: 1298990834 ns, Reaching safepoint: 6208 ns, Cleanup: 8667 ns, At safepoint: 6416 ns, Total: 21291 ns
[2025-09-18T08:18:47.733+0000][122][info ][safepoint   ] Safepoint "Cleanup", Time since last: 1732109001 ns, Reaching safepoint: 97792 ns, Cleanup: 36791 ns, At safepoint: 33834 ns, Total: 168417 ns
[2025-09-18T08:19:00.756+0000][122][info ][safepoint   ] Safepoint "Cleanup", Time since last: 13021495422 ns, Reaching safepoint: 1070708 ns, Cleanup: 70792 ns, At safepoint: 28375 ns, Total: 1169875 ns
[2025-09-18T08:20:11.095+0000][122][info ][safepoint   ] Safepoint "Cleanup", Time since last: 70337655949 ns, Reaching safepoint: 279416 ns, Cleanup: 108417 ns, At safepoint: 27042 ns, Total: 414875 ns
[2025-09-18T08:20:16.104+0000][122][info ][safepoint   ] Safepoint "Cleanup", Time since last: 5008536210 ns, Reaching safepoint: 31209 ns, Cleanup: 16291 ns, At safepoint: 12209 ns, Total: 59709 ns
[2025-09-18T08:20:39.154+0000][122][info ][safepoint   ] Safepoint "Cleanup", Time since last: 23050146593 ns, Reaching safepoint: 121334 ns, Cleanup: 48958 ns, At safepoint: 34000 ns, Total: 204292 ns
[2025-09-18T08:20:50.052+0000][122][info ][safepoint   ] Safepoint "Cleanup", Time since last: 10897999297 ns, Reaching safepoint: 83125 ns, Cleanup: 36500 ns, At safepoint: 23292 ns, Total: 142917 ns
[2025-09-18T08:20:54.232+0000][122][info ][safepoint   ] Safepoint "Cleanup", Time since last: 4180532543 ns, Reaching safepoint: 73417 ns, Cleanup: 44667 ns, At safepoint: 15750 ns, Total: 133834 ns
[2025-09-18T08:21:25.282+0000][122][info ][safepoint   ] Safepoint "Cleanup", Time since last: 31048250889 ns, Reaching safepoint: 178125 ns, Cleanup: 136875 ns, At safepoint: 22000 ns, Total: 337000 ns
[2025-09-18T08:21:40.321+0000][122][info ][safepoint   ] Safepoint "Cleanup", Time since last: 15037755214 ns, Reaching safepoint: 82917 ns, Cleanup: 50958 ns, At safepoint: 57875 ns, Total: 191750 ns
[2025-09-18T08:21:52.030+0000][122][info ][safepoint   ] Safepoint "Cleanup", Time since last: 11708690256 ns, Reaching safepoint: 6791 ns, Cleanup: 8167 ns, At safepoint: 7125 ns, Total: 22083 ns
[2025-09-18T08:22:01.025+0000][122][info ][safepoint   ] Safepoint "Cleanup", Time since last: 8994724004 ns, Reaching safepoint: 3667 ns, Cleanup: 7375 ns, At safepoint: 4333 ns, Total: 15375 ns
[2025-09-18T08:22:01.480+0000][122][info ][gc,start    ] GC(38) Pause Young (Mixed) (G1 Evacuation Pause)
[2025-09-18T08:22:01.480+0000][122][info ][gc,task     ] GC(38) Using 8 workers of 8 for evacuation
[2025-09-18T08:22:01.480+0000][122][debug][gc,age      ] GC(38) Desired survivor size 41943040 bytes, new threshold 15 (max threshold 15)
[2025-09-18T08:22:01.533+0000][122][info ][gc,phases   ] GC(38)   Pre Evacuate Collection Set: 1.03ms
[2025-09-18T08:22:01.533+0000][122][info ][gc,phases   ] GC(38)   Merge Heap Roots: 0.61ms
[2025-09-18T08:22:01.533+0000][122][info ][gc,phases   ] GC(38)   Evacuate Collection Set: 48.11ms
[2025-09-18T08:22:01.534+0000][122][info ][gc,phases   ] GC(38)   Post Evacuate Collection Set: 2.64ms
[2025-09-18T08:22:01.534+0000][122][info ][gc,phases   ] GC(38)   Other: 0.88ms
[2025-09-18T08:22:01.534+0000][122][trace][gc,age      ] GC(38) Age table with threshold 15 (max threshold 15)
[2025-09-18T08:22:01.534+0000][122][trace][gc,age      ] GC(38) - age   1:    1374680 bytes,    1374680 total
[2025-09-18T08:22:01.534+0000][122][trace][gc,age      ] GC(38) - age   2:      53992 bytes,    1428672 total
[2025-09-18T08:22:01.534+0000][122][trace][gc,age      ] GC(38) - age   3:      31336 bytes,    1460008 total
[2025-09-18T08:22:01.534+0000][122][trace][gc,age      ] GC(38) - age   4:      24144 bytes,    1484152 total
[2025-09-18T08:22:01.534+0000][122][trace][gc,age      ] GC(38) - age   5:      31384 bytes,    1515536 total
[2025-09-18T08:22:01.534+0000][122][trace][gc,age      ] GC(38) - age   6:    1543240 bytes,    3058776 total
[2025-09-18T08:22:01.534+0000][122][trace][gc,age      ] GC(38) - age   7:     443712 bytes,    3502488 total
[2025-09-18T08:22:01.534+0000][122][trace][gc,age      ] GC(38) - age   8:      42992 bytes,    3545480 total
[2025-09-18T08:22:01.534+0000][122][trace][gc,age      ] GC(38) - age   9:      65224 bytes,    3610704 total
[2025-09-18T08:22:01.534+0000][122][trace][gc,age      ] GC(38) - age  10:      16056 bytes,    3626760 total
[2025-09-18T08:22:01.534+0000][122][trace][gc,age      ] GC(38) - age  11:      63096 bytes,    3689856 total
[2025-09-18T08:22:01.534+0000][122][trace][gc,age      ] GC(38) - age  12:     127216 bytes,    3817072 total
[2025-09-18T08:22:01.534+0000][122][trace][gc,age      ] GC(38) - age  13:      13984 bytes,    3831056 total
[2025-09-18T08:22:01.534+0000][122][trace][gc,age      ] GC(38) - age  14:     118360 bytes,    3949416 total
[2025-09-18T08:22:01.534+0000][122][trace][gc,age      ] GC(38) - age  15:    1417640 bytes,    5367056 total
[2025-09-18T08:22:01.534+0000][122][info ][gc,heap     ] GC(38) Eden regions: 150->0(151)
[2025-09-18T08:22:01.534+0000][122][info ][gc,heap     ] GC(38) Survivor regions: 3->2(20)
[2025-09-18T08:22:01.534+0000][122][info ][gc,heap     ] GC(38) Old regions: 34->35
[2025-09-18T08:22:01.535+0000][122][info ][gc,heap     ] GC(38) Humongous regions: 2->2
[2025-09-18T08:22:01.535+0000][122][info ][gc,metaspace] GC(38) Metaspace: 160412K(164224K)->160412K(164224K) NonClass: 138744K(140416K)->138744K(140416K) Class: 21667K(23808K)->21667K(23808K)
[2025-09-18T08:22:01.535+0000][122][info ][gc          ] GC(38) Pause Young (Mixed) (G1 Evacuation Pause) 751M->151M(1024M) 55.088ms
[2025-09-18T08:22:01.535+0000][122][info ][gc,cpu      ] GC(38) User=0.35s Sys=0.01s Real=0.05s
[2025-09-18T08:22:01.535+0000][122][info ][safepoint   ] Safepoint "G1CollectForAllocation", Time since last: 453765667 ns, Reaching safepoint: 895208 ns, Cleanup: 40125 ns, At safepoint: 55347334 ns, Total: 56282667 ns
[2025-09-18T08:22:02.552+0000][122][info ][safepoint   ] Safepoint "Cleanup", Time since last: 1017008709 ns, Reaching safepoint: 12916 ns, Cleanup: 11834 ns, At safepoint: 6291 ns, Total: 31041 ns
[2025-09-18T08:22:03.599+0000][122][info ][safepoint   ] Safepoint "Cleanup", Time since last: 1046847251 ns, Reaching safepoint: 88041 ns, Cleanup: 56875 ns, At safepoint: 18792 ns, Total: 163708 ns
[2025-09-18T08:22:55.772+0000][122][info ][safepoint   ] Safepoint "Cleanup", Time since last: 52172910983 ns, Reaching safepoint: 3125 ns, Cleanup: 86083 ns, At safepoint: 5250 ns, Total: 94458 ns
[2025-09-18T08:22:57.768+0000][122][info ][safepoint   ] Safepoint "Cleanup", Time since last: 1995198417 ns, Reaching safepoint: 82625 ns, Cleanup: 48250 ns, At safepoint: 21417 ns, Total: 152292 ns
[2025-09-18T08:23:04.819+0000][122][info ][safepoint   ] Safepoint "Cleanup", Time since last: 7050831712 ns, Reaching safepoint: 74291 ns, Cleanup: 31000 ns, At safepoint: 15750 ns, Total: 121041 ns
[2025-09-18T08:23:13.630+0000][122][info ][safepoint   ] Safepoint "Cleanup", Time since last: 8811431588 ns, Reaching safepoint: 86708 ns, Cleanup: 51125 ns, At safepoint: 24708 ns, Total: 162541 ns
[2025-09-18T08:23:25.654+0000][122][info ][safepoint   ] Safepoint "Cleanup", Time since last: 12022785340 ns, Reaching safepoint: 112250 ns, Cleanup: 114083 ns, At safepoint: 31042 ns, Total: 257375 ns
[2025-09-18T08:23:59.972+0000][122][info ][safepoint   ] Safepoint "Cleanup", Time since last: 34317982723 ns, Reaching safepoint: 52042 ns, Cleanup: 21500 ns, At safepoint: 10291 ns, Total: 83833 ns
[2025-09-18T08:24:50.884+0000][122][info ][safepoint   ] Safepoint "Cleanup", Time since last: 50910677607 ns, Reaching safepoint: 297125 ns, Cleanup: 110625 ns, At safepoint: 32584 ns, Total: 440334 ns
[2025-09-18T08:24:59.903+0000][122][info ][safepoint   ] Safepoint "Cleanup", Time since last: 9018061962 ns, Reaching safepoint: 154000 ns, Cleanup: 41625 ns, At safepoint: 64708 ns, Total: 260333 ns
[2025-09-18T08:25:01.072+0000][122][info ][safepoint   ] Safepoint "Cleanup", Time since last: 1169606417 ns, Reaching safepoint: 5917 ns, Cleanup: 6250 ns, At safepoint: 2166 ns, Total: 14333 ns
[2025-09-18T08:25:02.114+0000][122][info ][safepoint   ] Safepoint "Cleanup", Time since last: 1041954043 ns, Reaching safepoint: 80208 ns, Cleanup: 31667 ns, At safepoint: 15291 ns, Total: 127166 ns
[2025-09-18T08:25:10.251+0000][122][info ][safepoint   ] Safepoint "Cleanup", Time since last: 8137089296 ns, Reaching safepoint: 54208 ns, Cleanup: 23500 ns, At safepoint: 9417 ns, Total: 87125 ns
[2025-09-18T08:25:11.951+0000][122][info ][safepoint   ] Safepoint "Cleanup", Time since last: 1699057542 ns, Reaching safepoint: 130667 ns, Cleanup: 60292 ns, At safepoint: 24875 ns, Total: 215834 ns
[2025-09-18T08:26:04.377+0000][122][info ][safepoint   ] Safepoint "Cleanup", Time since last: 52424893940 ns, Reaching safepoint: 56125 ns, Cleanup: 36959 ns, At safepoint: 13833 ns, Total: 106917 ns
[2025-09-18T08:26:06.418+0000][122][info ][safepoint   ] Safepoint "Cleanup", Time since last: 2041210751 ns, Reaching safepoint: 40500 ns, Cleanup: 23458 ns, At safepoint: 10709 ns, Total: 74667 ns
[2025-09-18T08:26:24.217+0000][122][info ][safepoint   ] Safepoint "Cleanup", Time since last: 17799249342 ns, Reaching safepoint: 71416 ns, Cleanup: 24125 ns, At safepoint: 13209 ns, Total: 108750 ns
[2025-09-18T08:26:26.221+0000][122][info ][safepoint   ] Safepoint "Cleanup", Time since last: 2002756875 ns, Reaching safepoint: 349667 ns, Cleanup: 90417 ns, At safepoint: 26708 ns, Total: 466792 ns
[2025-09-18T08:26:38.245+0000][122][info ][safepoint   ] Safepoint "Cleanup", Time since last: 12023500255 ns, Reaching safepoint: 514667 ns, Cleanup: 68625 ns, At safepoint: 14667 ns, Total: 597959 ns
[2025-09-18T08:26:50.257+0000][122][info ][safepoint   ] Safepoint "Cleanup", Time since last: 12011858589 ns, Reaching safepoint: 34666 ns, Cleanup: 22084 ns, At safepoint: 7833 ns, Total: 64583 ns
[2025-09-18T08:26:52.259+0000][122][info ][safepoint   ] Safepoint "Cleanup", Time since last: 2002456334 ns, Reaching safepoint: 65125 ns, Cleanup: 45209 ns, At safepoint: 16541 ns, Total: 126875 ns
[2025-09-18T08:27:04.085+0000][122][info ][safepoint   ] Safepoint "Cleanup", Time since last: 11824465422 ns, Reaching safepoint: 10958 ns, Cleanup: 16167 ns, At safepoint: 4208 ns, Total: 31333 ns
[2025-09-18T08:27:05.565+0000][122][info ][safepoint   ] Safepoint "Cleanup", Time since last: 1480004043 ns, Reaching safepoint: 56708 ns, Cleanup: 46542 ns, At safepoint: 15208 ns, Total: 118458 ns
[2025-09-18T08:27:07.594+0000][122][info ][safepoint   ] Safepoint "Cleanup", Time since last: 2029236668 ns, Reaching safepoint: 4791 ns, Cleanup: 8250 ns, At safepoint: 1959 ns, Total: 15000 ns
[2025-09-18T08:27:10.073+0000][122][info ][safepoint   ] Safepoint "Cleanup", Time since last: 2478685917 ns, Reaching safepoint: 3834 ns, Cleanup: 5208 ns, At safepoint: 4250 ns, Total: 13292 ns
[2025-09-18T08:27:11.346+0000][122][info ][safepoint   ] Safepoint "Cleanup", Time since last: 1273192209 ns, Reaching safepoint: 9458 ns, Cleanup: 31792 ns, At safepoint: 8125 ns, Total: 49375 ns
[2025-09-18T08:27:15.349+0000][122][info ][safepoint   ] Safepoint "Cleanup", Time since last: 4002677502 ns, Reaching safepoint: 271375 ns, Cleanup: 53458 ns, At safepoint: 19625 ns, Total: 344458 ns
[2025-09-18T08:27:22.360+0000][122][info ][safepoint   ] Safepoint "Cleanup", Time since last: 7010759420 ns, Reaching safepoint: 90959 ns, Cleanup: 38833 ns, At safepoint: 38542 ns, Total: 168334 ns
[2025-09-18T08:27:25.367+0000][122][info ][safepoint   ] Safepoint "Cleanup", Time since last: 3006331084 ns, Reaching safepoint: 492500 ns, Cleanup: 67750 ns, At safepoint: 26417 ns, Total: 586667 ns
[2025-09-18T08:27:43.883+0000][122][info ][safepoint   ] Safepoint "Cleanup", Time since last: 18515941091 ns, Reaching safepoint: 105417 ns, Cleanup: 48708 ns, At safepoint: 29792 ns, Total: 183917 ns
[2025-09-18T08:28:10.142+0000][122][info ][safepoint   ] Safepoint "Cleanup", Time since last: 26257934803 ns, Reaching safepoint: 36250 ns, Cleanup: 26125 ns, At safepoint: 6917 ns, Total: 69292 ns
[2025-09-18T08:28:10.355+0000][122][info ][gc,start    ] GC(39) Pause Young (Concurrent Start) (G1 Evacuation Pause)
[2025-09-18T08:28:10.355+0000][122][info ][gc,task     ] GC(39) Using 8 workers of 8 for evacuation
[2025-09-18T08:28:10.355+0000][122][debug][gc,age      ] GC(39) Desired survivor size 41943040 bytes, new threshold 15 (max threshold 15)
[2025-09-18T08:28:10.389+0000][122][info ][gc,phases   ] GC(39)   Pre Evacuate Collection Set: 0.94ms
[2025-09-18T08:28:10.389+0000][122][info ][gc,phases   ] GC(39)   Merge Heap Roots: 0.19ms
[2025-09-18T08:28:10.390+0000][122][info ][gc,phases   ] GC(39)   Evacuate Collection Set: 27.90ms
[2025-09-18T08:28:10.390+0000][122][info ][gc,phases   ] GC(39)   Post Evacuate Collection Set: 4.57ms
[2025-09-18T08:28:10.390+0000][122][info ][gc,phases   ] GC(39)   Other: 0.41ms
[2025-09-18T08:28:10.390+0000][122][trace][gc,age      ] GC(39) Age table with threshold 15 (max threshold 15)
[2025-09-18T08:28:10.390+0000][122][trace][gc,age      ] GC(39) - age   1:    1103392 bytes,    1103392 total
[2025-09-18T08:28:10.390+0000][122][trace][gc,age      ] GC(39) - age   2:      30344 bytes,    1133736 total
[2025-09-18T08:28:10.390+0000][122][trace][gc,age      ] GC(39) - age   3:       9512 bytes,    1143248 total
[2025-09-18T08:28:10.390+0000][122][trace][gc,age      ] GC(39) - age   4:      27264 bytes,    1170512 total
[2025-09-18T08:28:10.390+0000][122][trace][gc,age      ] GC(39) - age   5:      24080 bytes,    1194592 total
[2025-09-18T08:28:10.390+0000][122][trace][gc,age      ] GC(39) - age   6:      31120 bytes,    1225712 total
[2025-09-18T08:28:10.390+0000][122][trace][gc,age      ] GC(39) - age   7:    1543000 bytes,    2768712 total
[2025-09-18T08:28:10.390+0000][122][trace][gc,age      ] GC(39) - age   8:     443712 bytes,    3212424 total
[2025-09-18T08:28:10.390+0000][122][trace][gc,age      ] GC(39) - age   9:      42856 bytes,    3255280 total
[2025-09-18T08:28:10.390+0000][122][trace][gc,age      ] GC(39) - age  10:      65224 bytes,    3320504 total
[2025-09-18T08:28:10.390+0000][122][trace][gc,age      ] GC(39) - age  11:      16056 bytes,    3336560 total
[2025-09-18T08:28:10.390+0000][122][trace][gc,age      ] GC(39) - age  12:      63096 bytes,    3399656 total
[2025-09-18T08:28:10.390+0000][122][trace][gc,age      ] GC(39) - age  13:     127216 bytes,    3526872 total
[2025-09-18T08:28:10.390+0000][122][trace][gc,age      ] GC(39) - age  14:      13984 bytes,    3540856 total
[2025-09-18T08:28:10.391+0000][122][trace][gc,age      ] GC(39) - age  15:     118360 bytes,    3659216 total
[2025-09-18T08:28:10.391+0000][122][info ][gc,heap     ] GC(39) Eden regions: 151->0(151)
[2025-09-18T08:28:10.391+0000][122][info ][gc,heap     ] GC(39) Survivor regions: 2->2(20)
[2025-09-18T08:28:10.391+0000][122][info ][gc,heap     ] GC(39) Old regions: 35->35
[2025-09-18T08:28:10.391+0000][122][info ][gc,heap     ] GC(39) Humongous regions: 2->2
[2025-09-18T08:28:10.391+0000][122][info ][gc,metaspace] GC(39) Metaspace: 160467K(164224K)->160467K(164224K) NonClass: 138799K(140416K)->138799K(140416K) Class: 21667K(23808K)->21667K(23808K)
[2025-09-18T08:28:10.391+0000][122][info ][gc          ] GC(39) Pause Young (Concurrent Start) (G1 Evacuation Pause) 755M->150M(1024M) 35.682ms
[2025-09-18T08:28:10.391+0000][122][info ][gc,cpu      ] GC(39) User=0.16s Sys=0.01s Real=0.03s
[2025-09-18T08:28:10.391+0000][122][info ][gc          ] GC(40) Concurrent Mark Cycle
[2025-09-18T08:28:10.391+0000][122][info ][safepoint   ] Safepoint "G1CollectForAllocation", Time since last: 213529625 ns, Reaching safepoint: 17458 ns, Cleanup: 3792 ns, At safepoint: 35921208 ns, Total: 35942458 ns
[2025-09-18T08:28:10.391+0000][122][info ][gc,marking  ] GC(40) Concurrent Scan Root Regions
[2025-09-18T08:28:10.401+0000][122][info ][gc,marking  ] GC(40) Concurrent Scan Root Regions 9.334ms
[2025-09-18T08:28:10.401+0000][122][info ][gc,marking  ] GC(40) Concurrent Mark
[2025-09-18T08:28:10.401+0000][122][info ][gc,marking  ] GC(40) Concurrent Mark From Roots
[2025-09-18T08:28:10.401+0000][122][info ][gc,task     ] GC(40) Using 2 workers of 2 for marking
[2025-09-18T08:28:10.532+0000][122][info ][gc,marking  ] GC(40) Concurrent Mark From Roots 130.621ms
[2025-09-18T08:28:10.532+0000][122][info ][gc,marking  ] GC(40) Concurrent Preclean
[2025-09-18T08:28:10.532+0000][122][info ][gc,marking  ] GC(40) Concurrent Preclean 0.514ms
[2025-09-18T08:28:10.533+0000][122][info ][gc,start    ] GC(40) Pause Remark
[2025-09-18T08:28:10.617+0000][122][info ][gc          ] GC(40) Pause Remark 151M->151M(1024M) 84.056ms
[2025-09-18T08:28:10.617+0000][122][info ][gc,cpu      ] GC(40) User=0.57s Sys=0.02s Real=0.08s
[2025-09-18T08:28:10.617+0000][122][info ][safepoint   ] Safepoint "G1PauseRemark", Time since last: 141463459 ns, Reaching safepoint: 86541 ns, Cleanup: 8917 ns, At safepoint: 84503792 ns, Total: 84599250 ns
[2025-09-18T08:28:10.617+0000][122][info ][gc,marking  ] GC(40) Concurrent Mark 216.418ms
[2025-09-18T08:28:10.617+0000][122][info ][gc,marking  ] GC(40) Concurrent Rebuild Remembered Sets and Scrub Regions
[2025-09-18T08:28:10.660+0000][122][info ][gc,marking  ] GC(40) Concurrent Rebuild Remembered Sets and Scrub Regions 42.849ms
[2025-09-18T08:28:10.660+0000][122][info ][gc,start    ] GC(40) Pause Cleanup
[2025-09-18T08:28:10.661+0000][122][info ][gc          ] GC(40) Pause Cleanup 152M->152M(1024M) 0.179ms
[2025-09-18T08:28:10.661+0000][122][info ][gc,cpu      ] GC(40) User=0.00s Sys=0.00s Real=0.00s
[2025-09-18T08:28:10.661+0000][122][info ][safepoint   ] Safepoint "G1PauseCleanup", Time since last: 43301000 ns, Reaching safepoint: 10750 ns, Cleanup: 47500 ns, At safepoint: 346333 ns, Total: 404583 ns
[2025-09-18T08:28:10.661+0000][122][info ][gc,marking  ] GC(40) Concurrent Clear Claimed Marks
[2025-09-18T08:28:10.661+0000][122][info ][gc,marking  ] GC(40) Concurrent Clear Claimed Marks 0.308ms
[2025-09-18T08:28:10.661+0000][122][info ][gc,marking  ] GC(40) Concurrent Cleanup for Next Mark
[2025-09-18T08:28:10.670+0000][122][info ][gc,marking  ] GC(40) Concurrent Cleanup for Next Mark 8.327ms
[2025-09-18T08:28:10.670+0000][122][info ][gc          ] GC(40) Concurrent Mark Cycle 278.990ms
[2025-09-18T08:28:55.927+0000][122][info ][safepoint   ] Safepoint "Cleanup", Time since last: 45264621854 ns, Reaching safepoint: 1389500 ns, Cleanup: 144125 ns, At safepoint: 34375 ns, Total: 1568000 ns
[2025-09-18T08:29:08.955+0000][122][info ][safepoint   ] Safepoint "Cleanup", Time since last: 13026640422 ns, Reaching safepoint: 36042 ns, Cleanup: 17875 ns, At safepoint: 10042 ns, Total: 63959 ns
[2025-09-18T08:29:13.125+0000][122][info ][safepoint   ] Safepoint "Cleanup", Time since last: 4169989210 ns, Reaching safepoint: 9292 ns, Cleanup: 12791 ns, At safepoint: 5250 ns, Total: 27333 ns
[2025-09-18T08:29:15.049+0000][122][info ][safepoint   ] Safepoint "Cleanup", Time since last: 1924762834 ns, Reaching safepoint: 27542 ns, Cleanup: 33917 ns, At safepoint: 21541 ns, Total: 83000 ns
[2025-09-18T08:29:17.075+0000][122][info ][safepoint   ] Safepoint "Cleanup", Time since last: 2025324210 ns, Reaching safepoint: 9458 ns, Cleanup: 17167 ns, At safepoint: 10000 ns, Total: 36625 ns
[2025-09-18T08:30:00.173+0000][122][info ][safepoint   ] Safepoint "Cleanup", Time since last: 43095410394 ns, Reaching safepoint: 1633833 ns, Cleanup: 82750 ns, At safepoint: 49334 ns, Total: 1765917 ns
[2025-09-18T08:30:08.190+0000][122][info ][safepoint   ] Safepoint "Cleanup", Time since last: 8017025879 ns, Reaching safepoint: 86916 ns, Cleanup: 27584 ns, At safepoint: 23041 ns, Total: 137541 ns
[2025-09-18T08:30:19.136+0000][122][info ][safepoint   ] Safepoint "Cleanup", Time since last: 10946138297 ns, Reaching safepoint: 3250 ns, Cleanup: 9125 ns, At safepoint: 4167 ns, Total: 16542 ns
[2025-09-18T08:30:30.408+0000][122][info ][safepoint   ] Safepoint "Cleanup", Time since last: 11271053296 ns, Reaching safepoint: 355958 ns, Cleanup: 58917 ns, At safepoint: 61875 ns, Total: 476750 ns
[2025-09-18T08:30:34.420+0000][122][info ][safepoint   ] Safepoint "Cleanup", Time since last: 4011575085 ns, Reaching safepoint: 70375 ns, Cleanup: 33792 ns, At safepoint: 17458 ns, Total: 121625 ns
[2025-09-18T08:30:42.432+0000][122][info ][safepoint   ] Safepoint "Cleanup", Time since last: 8011853838 ns, Reaching safepoint: 55791 ns, Cleanup: 23875 ns, At safepoint: 24084 ns, Total: 103750 ns
[2025-09-18T08:31:06.475+0000][122][info ][safepoint   ] Safepoint "Cleanup", Time since last: 24042619469 ns, Reaching safepoint: 61125 ns, Cleanup: 38542 ns, At safepoint: 20125 ns, Total: 119792 ns
[2025-09-18T08:31:10.492+0000][122][info ][safepoint   ] Safepoint "Cleanup", Time since last: 4017124168 ns, Reaching safepoint: 32917 ns, Cleanup: 19167 ns, At safepoint: 7750 ns, Total: 59834 ns
[2025-09-18T08:31:19.514+0000][122][info ][safepoint   ] Safepoint "Cleanup", Time since last: 9022114296 ns, Reaching safepoint: 5791 ns, Cleanup: 13125 ns, At safepoint: 9209 ns, Total: 28125 ns
[2025-09-18T08:31:22.567+0000][122][info ][safepoint   ] Safepoint "Cleanup", Time since last: 3051539793 ns, Reaching safepoint: 921666 ns, Cleanup: 41542 ns, At safepoint: 27625 ns, Total: 990833 ns
[2025-09-18T08:31:28.637+0000][122][info ][safepoint   ] Safepoint "Cleanup", Time since last: 6070215002 ns, Reaching safepoint: 39792 ns, Cleanup: 25542 ns, At safepoint: 3458 ns, Total: 68792 ns
[2025-09-18T08:32:07.165+0000][122][info ][safepoint   ] Safepoint "Cleanup", Time since last: 38527238434 ns, Reaching safepoint: 57500 ns, Cleanup: 33708 ns, At safepoint: 7417 ns, Total: 98625 ns
[2025-09-18T08:32:08.808+0000][122][info ][safepoint   ] Safepoint "Cleanup", Time since last: 1643102751 ns, Reaching safepoint: 65458 ns, Cleanup: 23500 ns, At safepoint: 13750 ns, Total: 102708 ns
[2025-09-18T08:32:22.892+0000][122][info ][safepoint   ] Safepoint "Cleanup", Time since last: 14083166215 ns, Reaching safepoint: 10667 ns, Cleanup: 30750 ns, At safepoint: 11583 ns, Total: 53000 ns
[2025-09-18T08:32:23.937+0000][122][info ][safepoint   ] Safepoint "Cleanup", Time since last: 1044981292 ns, Reaching safepoint: 9625 ns, Cleanup: 11667 ns, At safepoint: 2500 ns, Total: 23792 ns
[2025-09-18T08:32:25.136+0000][122][info ][safepoint   ] Safepoint "Cleanup", Time since last: 1199505709 ns, Reaching safepoint: 5750 ns, Cleanup: 11083 ns, At safepoint: 7417 ns, Total: 24250 ns
[2025-09-18T08:32:37.560+0000][122][info ][safepoint   ] Safepoint "Cleanup", Time since last: 12423093755 ns, Reaching safepoint: 257584 ns, Cleanup: 47250 ns, At safepoint: 23291 ns, Total: 328125 ns
[2025-09-18T08:32:39.563+0000][122][info ][safepoint   ] Safepoint "Cleanup", Time since last: 2003323959 ns, Reaching safepoint: 42584 ns, Cleanup: 32125 ns, At safepoint: 21625 ns, Total: 96334 ns
[2025-09-18T08:33:08.610+0000][122][info ][safepoint   ] Safepoint "Cleanup", Time since last: 29046494305 ns, Reaching safepoint: 109000 ns, Cleanup: 24792 ns, At safepoint: 18416 ns, Total: 152208 ns
[2025-09-18T08:33:09.613+0000][122][info ][safepoint   ] Safepoint "Cleanup", Time since last: 1002288418 ns, Reaching safepoint: 21000 ns, Cleanup: 23166 ns, At safepoint: 7334 ns, Total: 51500 ns
[2025-09-18T08:33:14.591+0000][122][info ][safepoint   ] Safepoint "Cleanup", Time since last: 4978027377 ns, Reaching safepoint: 107208 ns, Cleanup: 45209 ns, At safepoint: 26500 ns, Total: 178917 ns
[2025-09-18T08:33:19.600+0000][122][info ][safepoint   ] Safepoint "Cleanup", Time since last: 5008558877 ns, Reaching safepoint: 68333 ns, Cleanup: 38084 ns, At safepoint: 14833 ns, Total: 121250 ns
[2025-09-18T08:33:25.176+0000][122][info ][safepoint   ] Safepoint "Cleanup", Time since last: 5575965503 ns, Reaching safepoint: 5375 ns, Cleanup: 14791 ns, At safepoint: 5667 ns, Total: 25833 ns
[2025-09-18T08:33:28.203+0000][122][info ][safepoint   ] Safepoint "Cleanup", Time since last: 3026498209 ns, Reaching safepoint: 4500 ns, Cleanup: 15959 ns, At safepoint: 6041 ns, Total: 26500 ns
[2025-09-18T08:33:29.213+0000][122][info ][safepoint   ] Safepoint "Cleanup", Time since last: 1010599043 ns, Reaching safepoint: 12708 ns, Cleanup: 17875 ns, At safepoint: 10208 ns, Total: 40791 ns
[2025-09-18T08:33:40.257+0000][122][info ][safepoint   ] Safepoint "Cleanup", Time since last: 11043670380 ns, Reaching safepoint: 64709 ns, Cleanup: 26333 ns, At safepoint: 10833 ns, Total: 101875 ns
[2025-09-18T08:33:47.271+0000][122][info ][safepoint   ] Safepoint "Cleanup", Time since last: 7013152712 ns, Reaching safepoint: 198000 ns, Cleanup: 29417 ns, At safepoint: 15916 ns, Total: 243333 ns
[2025-09-18T08:34:23.385+0000][122][info ][gc,start    ] GC(41) Pause Young (Prepare Mixed) (G1 Evacuation Pause)
[2025-09-18T08:34:23.386+0000][122][info ][gc,task     ] GC(41) Using 8 workers of 8 for evacuation
[2025-09-18T08:34:23.386+0000][122][debug][gc,age      ] GC(41) Desired survivor size 41943040 bytes, new threshold 15 (max threshold 15)
[2025-09-18T08:34:23.428+0000][122][info ][gc,phases   ] GC(41)   Pre Evacuate Collection Set: 1.38ms
[2025-09-18T08:34:23.428+0000][122][info ][gc,phases   ] GC(41)   Merge Heap Roots: 0.53ms
[2025-09-18T08:34:23.428+0000][122][info ][gc,phases   ] GC(41)   Evacuate Collection Set: 32.88ms
[2025-09-18T08:34:23.428+0000][122][info ][gc,phases   ] GC(41)   Post Evacuate Collection Set: 6.48ms
[2025-09-18T08:34:23.428+0000][122][info ][gc,phases   ] GC(41)   Other: 0.76ms
[2025-09-18T08:34:23.429+0000][122][trace][gc,age      ] GC(41) Age table with threshold 15 (max threshold 15)
[2025-09-18T08:34:23.429+0000][122][trace][gc,age      ] GC(41) - age   1:    1018648 bytes,    1018648 total
[2025-09-18T08:34:23.429+0000][122][trace][gc,age      ] GC(41) - age   2:      60416 bytes,    1079064 total
[2025-09-18T08:34:23.429+0000][122][trace][gc,age      ] GC(41) - age   3:       8456 bytes,    1087520 total
[2025-09-18T08:34:23.429+0000][122][trace][gc,age      ] GC(41) - age   4:       8376 bytes,    1095896 total
[2025-09-18T08:34:23.429+0000][122][trace][gc,age      ] GC(41) - age   5:      26944 bytes,    1122840 total
[2025-09-18T08:34:23.429+0000][122][trace][gc,age      ] GC(41) - age   6:      23656 bytes,    1146496 total
[2025-09-18T08:34:23.429+0000][122][trace][gc,age      ] GC(41) - age   7:      31120 bytes,    1177616 total
[2025-09-18T08:34:23.429+0000][122][trace][gc,age      ] GC(41) - age   8:    1542904 bytes,    2720520 total
[2025-09-18T08:34:23.429+0000][122][trace][gc,age      ] GC(41) - age   9:     443712 bytes,    3164232 total
[2025-09-18T08:34:23.429+0000][122][trace][gc,age      ] GC(41) - age  10:      42816 bytes,    3207048 total
[2025-09-18T08:34:23.429+0000][122][trace][gc,age      ] GC(41) - age  11:      65224 bytes,    3272272 total
[2025-09-18T08:34:23.429+0000][122][trace][gc,age      ] GC(41) - age  12:      16056 bytes,    3288328 total
[2025-09-18T08:34:23.429+0000][122][trace][gc,age      ] GC(41) - age  13:      63096 bytes,    3351424 total
[2025-09-18T08:34:23.429+0000][122][trace][gc,age      ] GC(41) - age  14:     127216 bytes,    3478640 total
[2025-09-18T08:34:23.430+0000][122][trace][gc,age      ] GC(41) - age  15:      13984 bytes,    3492624 total
[2025-09-18T08:34:23.430+0000][122][info ][gc,heap     ] GC(41) Eden regions: 151->0(152)
[2025-09-18T08:34:23.430+0000][122][info ][gc,heap     ] GC(41) Survivor regions: 2->1(20)
[2025-09-18T08:34:23.430+0000][122][info ][gc,heap     ] GC(41) Old regions: 35->35
[2025-09-18T08:34:23.430+0000][122][info ][gc,heap     ] GC(41) Humongous regions: 2->2
[2025-09-18T08:34:23.430+0000][122][info ][gc,metaspace] GC(41) Metaspace: 160398K(164224K)->160398K(164224K) NonClass: 138760K(140416K)->138760K(140416K) Class: 21638K(23808K)->21638K(23808K)
[2025-09-18T08:34:23.430+0000][122][info ][gc          ] GC(41) Pause Young (Prepare Mixed) (G1 Evacuation Pause) 754M->151M(1024M) 45.415ms
[2025-09-18T08:34:23.430+0000][122][info ][gc,cpu      ] GC(41) User=0.25s Sys=0.00s Real=0.05s
[2025-09-18T08:34:23.430+0000][122][info ][safepoint   ] Safepoint "G1CollectForAllocation", Time since last: 36113349601 ns, Reaching safepoint: 72333 ns, Cleanup: 9333 ns, At safepoint: 45695209 ns, Total: 45776875 ns
[2025-09-18T08:34:25.438+0000][122][info ][safepoint   ] Safepoint "Cleanup", Time since last: 2007597501 ns, Reaching safepoint: 44208 ns, Cleanup: 19542 ns, At safepoint: 9875 ns, Total: 73625 ns
[2025-09-18T08:34:28.200+0000][122][info ][safepoint   ] Safepoint "Cleanup", Time since last: 2762188126 ns, Reaching safepoint: 5083 ns, Cleanup: 8083 ns, At safepoint: 6084 ns, Total: 19250 ns
[2025-09-18T08:34:29.385+0000][122][info ][safepoint   ] Safepoint "Cleanup", Time since last: 1184657834 ns, Reaching safepoint: 100083 ns, Cleanup: 54792 ns, At safepoint: 21000 ns, Total: 175875 ns
[2025-09-18T08:34:31.459+0000][122][info ][safepoint   ] Safepoint "Cleanup", Time since last: 2074591334 ns, Reaching safepoint: 21042 ns, Cleanup: 9791 ns, At safepoint: 2209 ns, Total: 33042 ns
[2025-09-18T08:35:10.568+0000][122][info ][safepoint   ] Safepoint "Cleanup", Time since last: 39107771351 ns, Reaching safepoint: 410750 ns, Cleanup: 54125 ns, At safepoint: 17125 ns, Total: 482000 ns
[2025-09-18T08:35:31.208+0000][122][info ][safepoint   ] Safepoint "Cleanup", Time since last: 20639637967 ns, Reaching safepoint: 8417 ns, Cleanup: 9916 ns, At safepoint: 6959 ns, Total: 25292 ns
[2025-09-18T08:35:32.671+0000][122][info ][safepoint   ] Safepoint "Cleanup", Time since last: 1462409751 ns, Reaching safepoint: 133625 ns, Cleanup: 74875 ns, At safepoint: 31583 ns, Total: 240083 ns
[2025-09-18T08:35:34.687+0000][122][info ][safepoint   ] Safepoint "Cleanup", Time since last: 2015935959 ns, Reaching safepoint: 22250 ns, Cleanup: 22875 ns, At safepoint: 3833 ns, Total: 48958 ns
[2025-09-18T08:35:39.720+0000][122][info ][safepoint   ] Safepoint "Cleanup", Time since last: 5033023003 ns, Reaching safepoint: 96958 ns, Cleanup: 48584 ns, At safepoint: 27041 ns, Total: 172583 ns
[2025-09-18T08:36:25.972+0000][122][info ][safepoint   ] Safepoint "Cleanup", Time since last: 46250510230 ns, Reaching safepoint: 471333 ns, Cleanup: 93959 ns, At safepoint: 18458 ns, Total: 583750 ns
[2025-09-18T08:36:34.263+0000][122][info ][safepoint   ] Safepoint "Cleanup", Time since last: 8290712753 ns, Reaching safepoint: 7875 ns, Cleanup: 13375 ns, At safepoint: 7417 ns, Total: 28667 ns
[2025-09-18T08:36:35.893+0000][122][info ][safepoint   ] Safepoint "Cleanup", Time since last: 1629769584 ns, Reaching safepoint: 65583 ns, Cleanup: 27000 ns, At safepoint: 19000 ns, Total: 111583 ns
[2025-09-18T08:36:37.909+0000][122][info ][safepoint   ] Safepoint "Cleanup", Time since last: 2016250126 ns, Reaching safepoint: 18417 ns, Cleanup: 27458 ns, At safepoint: 7792 ns, Total: 53667 ns
[2025-09-18T08:37:20.114+0000][122][info ][safepoint   ] Safepoint "Cleanup", Time since last: 42199136519 ns, Reaching safepoint: 4784375 ns, Cleanup: 452750 ns, At safepoint: 68417 ns, Total: 5305542 ns
[2025-09-18T08:37:26.121+0000][122][info ][safepoint   ] Safepoint "Cleanup", Time since last: 6007014586 ns, Reaching safepoint: 65458 ns, Cleanup: 33542 ns, At safepoint: 15500 ns, Total: 114500 ns
[2025-09-18T08:37:28.123+0000][122][info ][safepoint   ] Safepoint "Cleanup", Time since last: 2001902459 ns, Reaching safepoint: 90875 ns, Cleanup: 27500 ns, At safepoint: 19292 ns, Total: 137667 ns
[2025-09-18T08:38:25.277+0000][122][info ][safepoint   ] Safepoint "Cleanup", Time since last: 57152649568 ns, Reaching safepoint: 150125 ns, Cleanup: 48084 ns, At safepoint: 55708 ns, Total: 253917 ns
[2025-09-18T08:39:15.445+0000][122][info ][safepoint   ] Safepoint "Cleanup", Time since last: 50211925856 ns, Reaching safepoint: 139041 ns, Cleanup: 52084 ns, At safepoint: 28000 ns, Total: 219125 ns
[2025-09-18T08:39:25.458+0000][122][info ][safepoint   ] Safepoint "Cleanup", Time since last: 10012424254 ns, Reaching safepoint: 103542 ns, Cleanup: 59375 ns, At safepoint: 24833 ns, Total: 187750 ns
[2025-09-18T08:40:25.581+0000][122][info ][safepoint   ] Safepoint "Cleanup", Time since last: 60127343236 ns, Reaching safepoint: 12166 ns, Cleanup: 35125 ns, At safepoint: 3959 ns, Total: 51250 ns
[2025-09-18T08:40:42.699+0000][122][info ][gc,start    ] GC(42) Pause Young (Mixed) (G1 Evacuation Pause)
[2025-09-18T08:40:42.701+0000][122][info ][gc,task     ] GC(42) Using 8 workers of 8 for evacuation
[2025-09-18T08:40:42.701+0000][122][debug][gc,age      ] GC(42) Desired survivor size 41943040 bytes, new threshold 15 (max threshold 15)
[2025-09-18T08:40:42.743+0000][122][info ][gc,phases   ] GC(42)   Pre Evacuate Collection Set: 1.80ms
[2025-09-18T08:40:42.743+0000][122][info ][gc,phases   ] GC(42)   Merge Heap Roots: 0.48ms
[2025-09-18T08:40:42.744+0000][122][info ][gc,phases   ] GC(42)   Evacuate Collection Set: 35.79ms
[2025-09-18T08:40:42.744+0000][122][info ][gc,phases   ] GC(42)   Post Evacuate Collection Set: 3.47ms
[2025-09-18T08:40:42.744+0000][122][info ][gc,phases   ] GC(42)   Other: 1.11ms
[2025-09-18T08:40:42.744+0000][122][trace][gc,age      ] GC(42) Age table with threshold 15 (max threshold 15)
[2025-09-18T08:40:42.744+0000][122][trace][gc,age      ] GC(42) - age   1:    1064880 bytes,    1064880 total
[2025-09-18T08:40:42.744+0000][122][trace][gc,age      ] GC(42) - age   2:      35664 bytes,    1100544 total
[2025-09-18T08:40:42.744+0000][122][trace][gc,age      ] GC(42) - age   3:      49744 bytes,    1150288 total
[2025-09-18T08:40:42.744+0000][122][trace][gc,age      ] GC(42) - age   4:       8328 bytes,    1158616 total
[2025-09-18T08:40:42.744+0000][122][trace][gc,age      ] GC(42) - age   5:       7992 bytes,    1166608 total
[2025-09-18T08:40:42.744+0000][122][trace][gc,age      ] GC(42) - age   6:      26944 bytes,    1193552 total
[2025-09-18T08:40:42.744+0000][122][trace][gc,age      ] GC(42) - age   7:      23656 bytes,    1217208 total
[2025-09-18T08:40:42.744+0000][122][trace][gc,age      ] GC(42) - age   8:      31056 bytes,    1248264 total
[2025-09-18T08:40:42.744+0000][122][trace][gc,age      ] GC(42) - age   9:    1542840 bytes,    2791104 total
[2025-09-18T08:40:42.744+0000][122][trace][gc,age      ] GC(42) - age  10:     443296 bytes,    3234400 total
[2025-09-18T08:40:42.744+0000][122][trace][gc,age      ] GC(42) - age  11:      26664 bytes,    3261064 total
[2025-09-18T08:40:42.744+0000][122][trace][gc,age      ] GC(42) - age  12:      65224 bytes,    3326288 total
[2025-09-18T08:40:42.745+0000][122][trace][gc,age      ] GC(42) - age  13:      16056 bytes,    3342344 total
[2025-09-18T08:40:42.745+0000][122][trace][gc,age      ] GC(42) - age  14:      63096 bytes,    3405440 total
[2025-09-18T08:40:42.745+0000][122][trace][gc,age      ] GC(42) - age  15:     127216 bytes,    3532656 total
[2025-09-18T08:40:42.745+0000][122][info ][gc,heap     ] GC(42) Eden regions: 152->0(152)
[2025-09-18T08:40:42.745+0000][122][info ][gc,heap     ] GC(42) Survivor regions: 1->1(20)
[2025-09-18T08:40:42.745+0000][122][info ][gc,heap     ] GC(42) Old regions: 35->35
[2025-09-18T08:40:42.745+0000][122][info ][gc,heap     ] GC(42) Humongous regions: 2->2
[2025-09-18T08:40:42.745+0000][122][info ][gc,metaspace] GC(42) Metaspace: 160461K(164288K)->160461K(164288K) NonClass: 138823K(140480K)->138823K(140480K) Class: 21638K(23808K)->21638K(23808K)
[2025-09-18T08:40:42.745+0000][122][info ][gc          ] GC(42) Pause Young (Mixed) (G1 Evacuation Pause) 759M->150M(1024M) 45.877ms
[2025-09-18T08:40:42.745+0000][122][info ][gc,cpu      ] GC(42) User=0.22s Sys=0.00s Real=0.05s
[2025-09-18T08:40:42.745+0000][122][info ][safepoint   ] Safepoint "G1CollectForAllocation", Time since last: 17118159674 ns, Reaching safepoint: 77833 ns, Cleanup: 8792 ns, At safepoint: 46223500 ns, Total: 46310125 ns
[2025-09-18T08:40:45.756+0000][122][info ][safepoint   ] Safepoint "Cleanup", Time since last: 3010217210 ns, Reaching safepoint: 86625 ns, Cleanup: 56458 ns, At safepoint: 17875 ns, Total: 160958 ns
[2025-09-18T08:40:46.875+0000][122][info ][safepoint   ] Safepoint "Cleanup", Time since last: 1119271626 ns, Reaching safepoint: 16208 ns, Cleanup: 18833 ns, At safepoint: 7667 ns, Total: 42708 ns
[2025-09-18T08:40:49.250+0000][122][info ][safepoint   ] Safepoint "Cleanup", Time since last: 2375188709 ns, Reaching safepoint: 4459 ns, Cleanup: 37125 ns, At safepoint: 12916 ns, Total: 54500 ns
[2025-09-18T08:40:50.969+0000][122][info ][safepoint   ] Safepoint "Cleanup", Time since last: 1718353918 ns, Reaching safepoint: 66125 ns, Cleanup: 39583 ns, At safepoint: 12917 ns, Total: 118625 ns
[2025-09-18T08:41:05.999+0000][122][info ][safepoint   ] Safepoint "Cleanup", Time since last: 15030163464 ns, Reaching safepoint: 43167 ns, Cleanup: 24458 ns, At safepoint: 12084 ns, Total: 79709 ns
[2025-09-18T08:41:49.273+0000][122][info ][safepoint   ] Safepoint "Cleanup", Time since last: 43275472728 ns, Reaching safepoint: 3334 ns, Cleanup: 19083 ns, At safepoint: 5083 ns, Total: 27500 ns
[2025-09-18T08:41:55.219+0000][122][info ][safepoint   ] Safepoint "Cleanup", Time since last: 5945878295 ns, Reaching safepoint: 59417 ns, Cleanup: 35500 ns, At safepoint: 11375 ns, Total: 106292 ns
[2025-09-18T08:42:01.229+0000][122][info ][safepoint   ] Safepoint "Cleanup", Time since last: 6007602002 ns, Reaching safepoint: 1491833 ns, Cleanup: 59459 ns, At safepoint: 28208 ns, Total: 1579500 ns
[2025-09-18T08:42:13.842+0000][122][info ][safepoint   ] Safepoint "Cleanup", Time since last: 12613260839 ns, Reaching safepoint: 95500 ns, Cleanup: 39042 ns, At safepoint: 7250 ns, Total: 141792 ns
[2025-09-18T08:42:15.281+0000][122][info ][safepoint   ] Safepoint "Cleanup", Time since last: 1438434751 ns, Reaching safepoint: 24583 ns, Cleanup: 20625 ns, At safepoint: 12042 ns, Total: 57250 ns
[2025-09-18T08:42:23.294+0000][122][info ][safepoint   ] Safepoint "Cleanup", Time since last: 8012223004 ns, Reaching safepoint: 281875 ns, Cleanup: 70083 ns, At safepoint: 34625 ns, Total: 386583 ns
[2025-09-18T08:42:40.873+0000][122][info ][safepoint   ] Safepoint "Cleanup", Time since last: 17578951425 ns, Reaching safepoint: 101000 ns, Cleanup: 95458 ns, At safepoint: 37083 ns, Total: 233541 ns
[2025-09-18T08:42:53.301+0000][122][info ][safepoint   ] Safepoint "Cleanup", Time since last: 12427594965 ns, Reaching safepoint: 31500 ns, Cleanup: 31166 ns, At safepoint: 10584 ns, Total: 73250 ns
[2025-09-18T08:42:54.411+0000][122][info ][safepoint   ] Safepoint "Cleanup", Time since last: 1109371459 ns, Reaching safepoint: 1079708 ns, Cleanup: 32875 ns, At safepoint: 19833 ns, Total: 1132416 ns
[2025-09-18T08:42:55.429+0000][122][info ][safepoint   ] Safepoint "Cleanup", Time since last: 1018116209 ns, Reaching safepoint: 5875 ns, Cleanup: 15375 ns, At safepoint: 7833 ns, Total: 29083 ns
[2025-09-18T08:43:05.462+0000][122][info ][safepoint   ] Safepoint "Cleanup", Time since last: 10032647255 ns, Reaching safepoint: 123750 ns, Cleanup: 49083 ns, At safepoint: 30750 ns, Total: 203583 ns
[2025-09-18T08:43:55.275+0000][122][info ][safepoint   ] Safepoint "Cleanup", Time since last: 49812982565 ns, Reaching safepoint: 36292 ns, Cleanup: 11875 ns, At safepoint: 9500 ns, Total: 57667 ns
[2025-09-18T08:44:09.706+0000][122][info ][safepoint   ] Safepoint "Cleanup", Time since last: 14431376256 ns, Reaching safepoint: 66125 ns, Cleanup: 34583 ns, At safepoint: 14958 ns, Total: 115666 ns
[2025-09-18T08:44:29.226+0000][122][info ][safepoint   ] Safepoint "Cleanup", Time since last: 19518410176 ns, Reaching safepoint: 556042 ns, Cleanup: 82666 ns, At safepoint: 43834 ns, Total: 682542 ns
[2025-09-18T08:44:40.243+0000][122][info ][safepoint   ] Safepoint "Cleanup", Time since last: 11017475213 ns, Reaching safepoint: 56125 ns, Cleanup: 32167 ns, At safepoint: 21250 ns, Total: 109542 ns
[2025-09-18T08:45:04.877+0000][122][info ][safepoint   ] Safepoint "Cleanup", Time since last: 24633993386 ns, Reaching safepoint: 236917 ns, Cleanup: 79667 ns, At safepoint: 23791 ns, Total: 340375 ns
[2025-09-18T08:45:25.431+0000][122][info ][safepoint   ] Safepoint "Cleanup", Time since last: 20553228260 ns, Reaching safepoint: 76125 ns, Cleanup: 37333 ns, At safepoint: 15917 ns, Total: 129375 ns
[2025-09-18T08:46:01.283+0000][122][info ][safepoint   ] Safepoint "Cleanup", Time since last: 35852270140 ns, Reaching safepoint: 38750 ns, Cleanup: 27000 ns, At safepoint: 9542 ns, Total: 75292 ns
[2025-09-18T08:46:04.331+0000][122][info ][safepoint   ] Safepoint "Cleanup", Time since last: 3047697835 ns, Reaching safepoint: 4167 ns, Cleanup: 10458 ns, At safepoint: 4375 ns, Total: 19000 ns
[2025-09-18T08:46:28.362+0000][122][info ][safepoint   ] Safepoint "Cleanup", Time since last: 24030643219 ns, Reaching safepoint: 4292 ns, Cleanup: 14333 ns, At safepoint: 8500 ns, Total: 27125 ns
[2025-09-18T08:46:28.415+0000][122][info ][safepoint   ] Safepoint "ICBufferFull", Time since last: 53427750 ns, Reaching safepoint: 9500 ns, Cleanup: 94083 ns, At safepoint: 10292 ns, Total: 113875 ns
[2025-09-18T08:46:28.416+0000][122][info ][safepoint   ] Safepoint "ICBufferFull", Time since last: 136042 ns, Reaching safepoint: 519708 ns, Cleanup: 11208 ns, At safepoint: 10750 ns, Total: 541666 ns
[2025-09-18T08:46:28.417+0000][122][info ][safepoint   ] Safepoint "ICBufferFull", Time since last: 119917 ns, Reaching safepoint: 942167 ns, Cleanup: 18125 ns, At safepoint: 11125 ns, Total: 971417 ns
[2025-09-18T08:46:28.829+0000][122][info ][safepoint   ] Safepoint "ICBufferFull", Time since last: 412178292 ns, Reaching safepoint: 14000 ns, Cleanup: 202916 ns, At safepoint: 11334 ns, Total: 228250 ns
[2025-09-18T08:46:30.213+0000][122][info ][safepoint   ] Safepoint "Cleanup", Time since last: 1383079667 ns, Reaching safepoint: 4667 ns, Cleanup: 17750 ns, At safepoint: 7000 ns, Total: 29417 ns
[2025-09-18T08:46:31.288+0000][122][info ][safepoint   ] Safepoint "Cleanup", Time since last: 1075368917 ns, Reaching safepoint: 5166 ns, Cleanup: 11209 ns, At safepoint: 7208 ns, Total: 23583 ns
[2025-09-18T08:46:31.317+0000][122][info ][gc,start    ] GC(43) Pause Young (Concurrent Start) (G1 Evacuation Pause)
[2025-09-18T08:46:31.317+0000][122][info ][gc,task     ] GC(43) Using 8 workers of 8 for evacuation
[2025-09-18T08:46:31.317+0000][122][debug][gc,age      ] GC(43) Desired survivor size 41943040 bytes, new threshold 15 (max threshold 15)
[2025-09-18T08:46:31.332+0000][122][info ][gc,phases   ] GC(43)   Pre Evacuate Collection Set: 0.71ms
[2025-09-18T08:46:31.332+0000][122][info ][gc,phases   ] GC(43)   Merge Heap Roots: 0.15ms
[2025-09-18T08:46:31.332+0000][122][info ][gc,phases   ] GC(43)   Evacuate Collection Set: 12.16ms
[2025-09-18T08:46:31.332+0000][122][info ][gc,phases   ] GC(43)   Post Evacuate Collection Set: 1.99ms
[2025-09-18T08:46:31.332+0000][122][info ][gc,phases   ] GC(43)   Other: 0.27ms
[2025-09-18T08:46:31.332+0000][122][trace][gc,age      ] GC(43) Age table with threshold 15 (max threshold 15)
[2025-09-18T08:46:31.332+0000][122][trace][gc,age      ] GC(43) - age   1:    1199776 bytes,    1199776 total
[2025-09-18T08:46:31.332+0000][122][trace][gc,age      ] GC(43) - age   2:      27608 bytes,    1227384 total
[2025-09-18T08:46:31.332+0000][122][trace][gc,age      ] GC(43) - age   3:      28288 bytes,    1255672 total
[2025-09-18T08:46:31.332+0000][122][trace][gc,age      ] GC(43) - age   4:      29712 bytes,    1285384 total
[2025-09-18T08:46:31.332+0000][122][trace][gc,age      ] GC(43) - age   5:       8328 bytes,    1293712 total
[2025-09-18T08:46:31.332+0000][122][trace][gc,age      ] GC(43) - age   6:       7896 bytes,    1301608 total
[2025-09-18T08:46:31.332+0000][122][trace][gc,age      ] GC(43) - age   7:      26832 bytes,    1328440 total
[2025-09-18T08:46:31.333+0000][122][trace][gc,age      ] GC(43) - age   8:      23656 bytes,    1352096 total
[2025-09-18T08:46:31.333+0000][122][trace][gc,age      ] GC(43) - age   9:      17616 bytes,    1369712 total
[2025-09-18T08:46:31.333+0000][122][trace][gc,age      ] GC(43) - age  10:    1446032 bytes,    2815744 total
[2025-09-18T08:46:31.333+0000][122][trace][gc,age      ] GC(43) - age  11:     443088 bytes,    3258832 total
[2025-09-18T08:46:31.333+0000][122][trace][gc,age      ] GC(43) - age  12:      26624 bytes,    3285456 total
[2025-09-18T08:46:31.333+0000][122][trace][gc,age      ] GC(43) - age  13:      65224 bytes,    3350680 total
[2025-09-18T08:46:31.333+0000][122][trace][gc,age      ] GC(43) - age  14:      15768 bytes,    3366448 total
[2025-09-18T08:46:31.333+0000][122][trace][gc,age      ] GC(43) - age  15:      63056 bytes,    3429504 total
[2025-09-18T08:46:31.333+0000][122][info ][gc,heap     ] GC(43) Eden regions: 152->0(152)
[2025-09-18T08:46:31.333+0000][122][info ][gc,heap     ] GC(43) Survivor regions: 1->1(20)
[2025-09-18T08:46:31.333+0000][122][info ][gc,heap     ] GC(43) Old regions: 35->35
[2025-09-18T08:46:31.333+0000][122][info ][gc,heap     ] GC(43) Humongous regions: 2->2
[2025-09-18T08:46:31.333+0000][122][info ][gc,metaspace] GC(43) Metaspace: 160524K(164288K)->160524K(164288K) NonClass: 138878K(140480K)->138878K(140480K) Class: 21646K(23808K)->21646K(23808K)
[2025-09-18T08:46:31.333+0000][122][info ][gc          ] GC(43) Pause Young (Concurrent Start) (G1 Evacuation Pause) 758M->150M(1024M) 16.526ms
[2025-09-18T08:46:31.333+0000][122][info ][gc,cpu      ] GC(43) User=0.07s Sys=0.00s Real=0.02s
[2025-09-18T08:46:31.333+0000][122][info ][gc          ] GC(44) Concurrent Mark Cycle
[2025-09-18T08:46:31.333+0000][122][info ][gc,marking  ] GC(44) Concurrent Scan Root Regions
[2025-09-18T08:46:31.333+0000][122][info ][safepoint   ] Safepoint "G1CollectForAllocation", Time since last: 28653709 ns, Reaching safepoint: 6125 ns, Cleanup: 1833 ns, At safepoint: 16690458 ns, Total: 16698416 ns
[2025-09-18T08:46:31.339+0000][122][info ][gc,marking  ] GC(44) Concurrent Scan Root Regions 5.942ms
[2025-09-18T08:46:31.339+0000][122][info ][gc,marking  ] GC(44) Concurrent Mark
[2025-09-18T08:46:31.339+0000][122][info ][gc,marking  ] GC(44) Concurrent Mark From Roots
[2025-09-18T08:46:31.339+0000][122][info ][gc,task     ] GC(44) Using 2 workers of 2 for marking
[2025-09-18T08:46:31.407+0000][122][info ][gc,marking  ] GC(44) Concurrent Mark From Roots 67.522ms
[2025-09-18T08:46:31.407+0000][122][info ][gc,marking  ] GC(44) Concurrent Preclean
[2025-09-18T08:46:31.408+0000][122][info ][gc,marking  ] GC(44) Concurrent Preclean 0.436ms
[2025-09-18T08:46:31.408+0000][122][info ][gc,start    ] GC(44) Pause Remark
[2025-09-18T08:46:31.476+0000][122][info ][gc          ] GC(44) Pause Remark 157M->157M(1024M) 67.845ms
[2025-09-18T08:46:31.476+0000][122][info ][gc,cpu      ] GC(44) User=0.38s Sys=0.02s Real=0.07s
[2025-09-18T08:46:31.476+0000][122][info ][safepoint   ] Safepoint "G1PauseRemark", Time since last: 74387375 ns, Reaching safepoint: 19250 ns, Cleanup: 87500 ns, At safepoint: 68070209 ns, Total: 68176959 ns
[2025-09-18T08:46:31.476+0000][122][info ][gc,marking  ] GC(44) Concurrent Mark 136.532ms
[2025-09-18T08:46:31.476+0000][122][info ][gc,marking  ] GC(44) Concurrent Rebuild Remembered Sets and Scrub Regions
[2025-09-18T08:46:31.508+0000][122][info ][gc,marking  ] GC(44) Concurrent Rebuild Remembered Sets and Scrub Regions 31.847ms
[2025-09-18T08:46:31.508+0000][122][info ][gc,start    ] GC(44) Pause Cleanup
[2025-09-18T08:46:31.508+0000][122][info ][gc          ] GC(44) Pause Cleanup 159M->159M(1024M) 0.180ms
[2025-09-18T08:46:31.508+0000][122][info ][gc,cpu      ] GC(44) User=0.00s Sys=0.00s Real=0.00s
[2025-09-18T08:46:31.508+0000][122][info ][safepoint   ] Safepoint "G1PauseCleanup", Time since last: 32114083 ns, Reaching safepoint: 9792 ns, Cleanup: 52500 ns, At safepoint: 349666 ns, Total: 411958 ns
[2025-09-18T08:46:31.508+0000][122][info ][gc,marking  ] GC(44) Concurrent Clear Claimed Marks
[2025-09-18T08:46:31.509+0000][122][info ][gc,marking  ] GC(44) Concurrent Clear Claimed Marks 0.257ms
[2025-09-18T08:46:31.509+0000][122][info ][gc,marking  ] GC(44) Concurrent Cleanup for Next Mark
[2025-09-18T08:46:31.513+0000][122][info ][gc,marking  ] GC(44) Concurrent Cleanup for Next Mark 4.533ms
[2025-09-18T08:46:31.513+0000][122][info ][gc          ] GC(44) Concurrent Mark Cycle 180.169ms
[2025-09-18T08:46:34.292+0000][122][info ][safepoint   ] Safepoint "Cleanup", Time since last: 2783504127 ns, Reaching safepoint: 56291 ns, Cleanup: 41084 ns, At safepoint: 15166 ns, Total: 112541 ns
[2025-09-18T08:46:35.294+0000][122][info ][safepoint   ] Safepoint "Cleanup", Time since last: 1002008876 ns, Reaching safepoint: 101500 ns, Cleanup: 62333 ns, At safepoint: 28625 ns, Total: 192458 ns
[2025-09-18T08:46:36.296+0000][122][info ][safepoint   ] Safepoint "Cleanup", Time since last: 1001717876 ns, Reaching safepoint: 83375 ns, Cleanup: 44541 ns, At safepoint: 14084 ns, Total: 142000 ns
[2025-09-18T08:46:37.300+0000][122][info ][safepoint   ] Safepoint "Cleanup", Time since last: 1003726708 ns, Reaching safepoint: 38875 ns, Cleanup: 28625 ns, At safepoint: 12917 ns, Total: 80417 ns
[2025-09-18T08:46:45.322+0000][122][info ][safepoint   ] Safepoint "Cleanup", Time since last: 8022450796 ns, Reaching safepoint: 39375 ns, Cleanup: 23541 ns, At safepoint: 9042 ns, Total: 71958 ns
[2025-09-18T08:46:49.333+0000][122][info ][safepoint   ] Safepoint "Cleanup", Time since last: 4010803460 ns, Reaching safepoint: 231125 ns, Cleanup: 28625 ns, At safepoint: 12458 ns, Total: 272208 ns
[2025-09-18T08:46:52.338+0000][122][info ][safepoint   ] Safepoint "Cleanup", Time since last: 3004702210 ns, Reaching safepoint: 85292 ns, Cleanup: 39500 ns, At safepoint: 28417 ns, Total: 153209 ns
[2025-09-18T08:46:54.341+0000][122][info ][safepoint   ] Safepoint "Cleanup", Time since last: 2002723667 ns, Reaching safepoint: 105292 ns, Cleanup: 36083 ns, At safepoint: 6958 ns, Total: 148333 ns
[2025-09-18T08:46:57.349+0000][122][info ][safepoint   ] Safepoint "Cleanup", Time since last: 3007917044 ns, Reaching safepoint: 109791 ns, Cleanup: 67625 ns, At safepoint: 21042 ns, Total: 198458 ns
[2025-09-18T08:47:01.492+0000][122][info ][safepoint   ] Safepoint "Cleanup", Time since last: 4142729835 ns, Reaching safepoint: 45291 ns, Cleanup: 31167 ns, At safepoint: 14250 ns, Total: 90708 ns
[2025-09-18T08:47:05.349+0000][122][info ][safepoint   ] Safepoint "Cleanup", Time since last: 3857589793 ns, Reaching safepoint: 57542 ns, Cleanup: 47458 ns, At safepoint: 11250 ns, Total: 116250 ns
[2025-09-18T08:47:06.419+0000][122][info ][safepoint   ] Safepoint "Cleanup", Time since last: 1068483084 ns, Reaching safepoint: 789209 ns, Cleanup: 38500 ns, At safepoint: 63083 ns, Total: 890792 ns
[2025-09-18T08:47:07.440+0000][122][info ][safepoint   ] Safepoint "Cleanup", Time since last: 1020066209 ns, Reaching safepoint: 672083 ns, Cleanup: 16083 ns, At safepoint: 8292 ns, Total: 696458 ns
[2025-09-18T08:47:08.460+0000][122][info ][safepoint   ] Safepoint "Cleanup", Time since last: 1020631584 ns, Reaching safepoint: 21208 ns, Cleanup: 18375 ns, At safepoint: 34459 ns, Total: 74042 ns
[2025-09-18T08:47:11.525+0000][122][info ][safepoint   ] Safepoint "Cleanup", Time since last: 3064999918 ns, Reaching safepoint: 82208 ns, Cleanup: 29958 ns, At safepoint: 34334 ns, Total: 146500 ns
[2025-09-18T08:47:30.238+0000][122][info ][safepoint   ] Safepoint "Cleanup", Time since last: 18713012841 ns, Reaching safepoint: 54334 ns, Cleanup: 45250 ns, At safepoint: 7000 ns, Total: 106584 ns
[2025-09-18T08:47:31.614+0000][122][info ][safepoint   ] Safepoint "Cleanup", Time since last: 1375419917 ns, Reaching safepoint: 110125 ns, Cleanup: 60958 ns, At safepoint: 18125 ns, Total: 189208 ns
[2025-09-18T08:48:04.667+0000][122][info ][safepoint   ] Safepoint "Cleanup", Time since last: 33051682432 ns, Reaching safepoint: 712375 ns, Cleanup: 56625 ns, At safepoint: 119125 ns, Total: 888125 ns
[2025-09-18T08:48:07.763+0000][122][info ][safepoint   ] Safepoint "Cleanup", Time since last: 3096256085 ns, Reaching safepoint: 17041 ns, Cleanup: 57625 ns, At safepoint: 13834 ns, Total: 88500 ns
[2025-09-18T08:48:16.829+0000][122][info ][safepoint   ] Safepoint "Cleanup", Time since last: 9065562212 ns, Reaching safepoint: 66459 ns, Cleanup: 26416 ns, At safepoint: 16625 ns, Total: 109500 ns
[2025-09-18T08:48:34.873+0000][122][info ][safepoint   ] Safepoint "Cleanup", Time since last: 18043847967 ns, Reaching safepoint: 357042 ns, Cleanup: 87041 ns, At safepoint: 25959 ns, Total: 470042 ns
[2025-09-18T08:48:36.878+0000][122][info ][safepoint   ] Safepoint "Cleanup", Time since last: 2004851834 ns, Reaching safepoint: 52208 ns, Cleanup: 65000 ns, At safepoint: 18958 ns, Total: 136166 ns
[2025-09-18T08:49:12.048+0000][122][info ][safepoint   ] Safepoint "Cleanup", Time since last: 35169458434 ns, Reaching safepoint: 99125 ns, Cleanup: 286250 ns, At safepoint: 22916 ns, Total: 408291 ns
[2025-09-18T08:49:14.060+0000][122][info ][safepoint   ] Safepoint "Cleanup", Time since last: 2011897126 ns, Reaching safepoint: 13167 ns, Cleanup: 22542 ns, At safepoint: 2666 ns, Total: 38375 ns
[2025-09-18T08:49:25.013+0000][122][info ][safepoint   ] Safepoint "Cleanup", Time since last: 10953735797 ns, Reaching safepoint: 80333 ns, Cleanup: 21875 ns, At safepoint: 12292 ns, Total: 114500 ns
[2025-09-18T08:49:30.026+0000][122][info ][safepoint   ] Safepoint "Cleanup", Time since last: 5012510377 ns, Reaching safepoint: 316209 ns, Cleanup: 58833 ns, At safepoint: 22250 ns, Total: 397292 ns
[2025-09-18T08:49:42.042+0000][122][info ][safepoint   ] Safepoint "Cleanup", Time since last: 12015518547 ns, Reaching safepoint: 225167 ns, Cleanup: 49208 ns, At safepoint: 75542 ns, Total: 349917 ns
[2025-09-18T08:50:23.296+0000][122][info ][safepoint   ] Safepoint "Cleanup", Time since last: 41252799728 ns, Reaching safepoint: 440291 ns, Cleanup: 177917 ns, At safepoint: 60917 ns, Total: 679125 ns
[2025-09-18T08:51:25.571+0000][122][info ][safepoint   ] Safepoint "Cleanup", Time since last: 62274790445 ns, Reaching safepoint: 367792 ns, Cleanup: 109542 ns, At safepoint: 30375 ns, Total: 507709 ns
[2025-09-18T08:51:56.864+0000][122][info ][safepoint   ] Safepoint "Cleanup", Time since last: 31292870639 ns, Reaching safepoint: 87375 ns, Cleanup: 212292 ns, At safepoint: 7083 ns, Total: 306750 ns
[2025-09-18T08:51:58.729+0000][122][info ][safepoint   ] Safepoint "Cleanup", Time since last: 1865111834 ns, Reaching safepoint: 175958 ns, Cleanup: 35000 ns, At safepoint: 11709 ns, Total: 222667 ns
[2025-09-18T08:52:07.954+0000][122][info ][safepoint   ] Safepoint "Cleanup", Time since last: 9224493004 ns, Reaching safepoint: 186500 ns, Cleanup: 34167 ns, At safepoint: 7250 ns, Total: 227917 ns
[2025-09-18T08:52:09.367+0000][122][info ][safepoint   ] Safepoint "Cleanup", Time since last: 1412321167 ns, Reaching safepoint: 11375 ns, Cleanup: 177125 ns, At safepoint: 40958 ns, Total: 229458 ns
[2025-09-18T08:52:10.124+0000][122][info ][gc,heap,exit] Heap
[2025-09-18T08:52:10.124+0000][122][info ][gc,heap,exit]  garbage-first heap   total reserved 1048576K, committed 1048576K, used 750279K [0x00000000c0000000, 0x0000000100000000)
[2025-09-18T08:52:10.124+0000][122][info ][gc,heap,exit]   region size 4096K, 147 young (602112K), 1 survivors (4096K)
[2025-09-18T08:52:10.124+0000][122][info ][gc,heap,exit]  Metaspace       used 160933K, committed 164608K, reserved 1245184K
[2025-09-18T08:52:10.124+0000][122][info ][gc,heap,exit]   class space    used 21713K, committed 23808K, reserved 1048576K
