[2025-08-24T13:58:15.247+0000][121][info][gc,init] CardTable entry size: 512
[2025-08-24T13:58:15.247+0000][121][info][gc     ] Using G1
[2025-08-24T13:58:15.543+0000][121][info][gc,init] Version: 22.0.1+8-16 (release)
[2025-08-24T13:58:15.543+0000][121][info][gc,init] CPUs: 8 total, 8 available
[2025-08-24T13:58:15.543+0000][121][info][gc,init] Memory: 7837M
[2025-08-24T13:58:15.543+0000][121][info][gc,init] Large Page Support: Disabled
[2025-08-24T13:58:15.543+0000][121][info][gc,init] NUMA Support: Disabled
[2025-08-24T13:58:15.544+0000][121][info][gc,init] Compressed Oops: Enabled (32-bit)
[2025-08-24T13:58:15.544+0000][121][info][gc,init] Heap Region Size: 4M
[2025-08-24T13:58:15.544+0000][121][info][gc,init] Heap Min Capacity: 1G
[2025-08-24T13:58:15.544+0000][121][info][gc,init] Heap Initial Capacity: 1G
[2025-08-24T13:58:15.544+0000][121][info][gc,init] Heap Max Capacity: 1G
[2025-08-24T13:58:15.544+0000][121][info][gc,init] Pre-touch: Enabled
[2025-08-24T13:58:15.544+0000][121][info][gc,init] Parallel Workers: 8
[2025-08-24T13:58:15.544+0000][121][info][gc,init] Concurrent Workers: 2
[2025-08-24T13:58:15.544+0000][121][info][gc,init] Concurrent Refinement Workers: 8
[2025-08-24T13:58:15.544+0000][121][info][gc,init] Periodic GC: Disabled
[2025-08-24T13:58:15.555+0000][121][info][gc,metaspace] CDS archive(s) mapped at: [0x000000fe00000000-0x000000fe00c80000-0x000000fe00c80000), size 13107200, SharedBaseAddress: 0x000000fe00000000, ArchiveRelocationMode: 1.
[2025-08-24T13:58:15.555+0000][121][info][gc,metaspace] Compressed class space mapped at: 0x000000fe01000000-0x000000fe41000000, reserved size: 1073741824
[2025-08-24T13:58:15.555+0000][121][info][gc,metaspace] Narrow klass base: 0x000000fe00000000, Narrow klass shift: 0, Narrow klass range: 0x100000000
[2025-08-24T13:58:15.601+0000][121][info][safepoint   ] Safepoint "ICBufferFull", Time since last: 41020000 ns, Reaching safepoint: 660667 ns, Cleanup: 43583 ns, At safepoint: 14583 ns, Total: 718833 ns
[2025-08-24T13:58:15.657+0000][121][info][safepoint   ] Safepoint "ICBufferFull", Time since last: 54910709 ns, Reaching safepoint: 1125333 ns, Cleanup: 65833 ns, At safepoint: 12292 ns, Total: 1203458 ns
[2025-08-24T13:58:15.733+0000][121][info][safepoint   ] Safepoint "ICBufferFull", Time since last: 75791000 ns, Reaching safepoint: 1625 ns, Cleanup: 47000 ns, At safepoint: 7167 ns, Total: 55792 ns
[2025-08-24T13:58:15.786+0000][121][info][safepoint   ] Safepoint "ICBufferFull", Time since last: 53475000 ns, Reaching safepoint: 1416 ns, Cleanup: 63292 ns, At safepoint: 2208 ns, Total: 66916 ns
[2025-08-24T13:58:15.799+0000][121][info][gc,start    ] GC(0) Pause Young (Normal) (G1 Evacuation Pause)
[2025-08-24T13:58:15.799+0000][121][info][gc,task     ] GC(0) Using 8 workers of 8 for evacuation
[2025-08-24T13:58:15.799+0000][121][debug][gc,age      ] GC(0) Desired survivor size 4194304 bytes, new threshold 15 (max threshold 15)
[2025-08-24T13:58:15.801+0000][121][info ][gc,phases   ] GC(0)   Pre Evacuate Collection Set: 0.11ms
[2025-08-24T13:58:15.801+0000][121][info ][gc,phases   ] GC(0)   Merge Heap Roots: 0.09ms
[2025-08-24T13:58:15.801+0000][121][info ][gc,phases   ] GC(0)   Evacuate Collection Set: 1.18ms
[2025-08-24T13:58:15.801+0000][121][info ][gc,phases   ] GC(0)   Post Evacuate Collection Set: 0.34ms
[2025-08-24T13:58:15.801+0000][121][info ][gc,phases   ] GC(0)   Other: 0.16ms
[2025-08-24T13:58:15.801+0000][121][trace][gc,age      ] GC(0) Age table with threshold 15 (max threshold 15)
[2025-08-24T13:58:15.801+0000][121][trace][gc,age      ] GC(0) - age   1:    4675688 bytes,    4675688 total
[2025-08-24T13:58:15.802+0000][121][info ][gc,heap     ] GC(0) Eden regions: 12->0(22)
[2025-08-24T13:58:15.802+0000][121][info ][gc,heap     ] GC(0) Survivor regions: 0->2(2)
[2025-08-24T13:58:15.802+0000][121][info ][gc,heap     ] GC(0) Old regions: 1->1
[2025-08-24T13:58:15.802+0000][121][info ][gc,heap     ] GC(0) Humongous regions: 0->0
[2025-08-24T13:58:15.802+0000][121][info ][gc,metaspace] GC(0) Metaspace: 7256K(7488K)->7256K(7488K) NonClass: 6388K(6528K)->6388K(6528K) Class: 867K(960K)->867K(960K)
[2025-08-24T13:58:15.802+0000][121][info ][gc          ] GC(0) Pause Young (Normal) (G1 Evacuation Pause) 49M->5M(1024M) 2.575ms
[2025-08-24T13:58:15.802+0000][121][info ][gc,cpu      ] GC(0) User=0.01s Sys=0.00s Real=0.00s
[2025-08-24T13:58:15.802+0000][121][info ][safepoint   ] Safepoint "G1CollectForAllocation", Time since last: 12884625 ns, Reaching safepoint: 1084 ns, Cleanup: 13333 ns, At safepoint: 2668667 ns, Total: 2683084 ns
[2025-08-24T13:58:15.895+0000][121][info ][safepoint   ] Safepoint "ICBufferFull", Time since last: 91954667 ns, Reaching safepoint: 978166 ns, Cleanup: 77542 ns, At safepoint: 8792 ns, Total: 1064500 ns
[2025-08-24T13:58:15.938+0000][121][info ][safepoint   ] Safepoint "ICBufferFull", Time since last: 41806541 ns, Reaching safepoint: 1150667 ns, Cleanup: 69250 ns, At safepoint: 10625 ns, Total: 1230542 ns
[2025-08-24T13:58:16.026+0000][121][info ][safepoint   ] Safepoint "ICBufferFull", Time since last: 87735917 ns, Reaching safepoint: 1708 ns, Cleanup: 79042 ns, At safepoint: 6958 ns, Total: 87708 ns
[2025-08-24T13:58:16.294+0000][121][info ][safepoint   ] Safepoint "ICBufferFull", Time since last: 267912833 ns, Reaching safepoint: 1667 ns, Cleanup: 65667 ns, At safepoint: 5625 ns, Total: 72959 ns
[2025-08-24T13:58:16.357+0000][121][info ][safepoint   ] Safepoint "ICBufferFull", Time since last: 63129791 ns, Reaching safepoint: 2334 ns, Cleanup: 64250 ns, At safepoint: 8875 ns, Total: 75459 ns
[2025-08-24T13:58:16.487+0000][121][info ][safepoint   ] Safepoint "ICBufferFull", Time since last: 129532500 ns, Reaching safepoint: 5875 ns, Cleanup: 103625 ns, At safepoint: 10500 ns, Total: 120000 ns
[2025-08-24T13:58:16.578+0000][121][info ][gc,start    ] GC(1) Pause Young (Normal) (G1 Evacuation Pause)
[2025-08-24T13:58:16.578+0000][121][info ][gc,task     ] GC(1) Using 8 workers of 8 for evacuation
[2025-08-24T13:58:16.578+0000][121][debug][gc,age      ] GC(1) Desired survivor size 6291456 bytes, new threshold 15 (max threshold 15)
[2025-08-24T13:58:16.583+0000][121][info ][gc,phases   ] GC(1)   Pre Evacuate Collection Set: 0.22ms
[2025-08-24T13:58:16.583+0000][121][info ][gc,phases   ] GC(1)   Merge Heap Roots: 0.06ms
[2025-08-24T13:58:16.583+0000][121][info ][gc,phases   ] GC(1)   Evacuate Collection Set: 3.43ms
[2025-08-24T13:58:16.583+0000][121][info ][gc,phases   ] GC(1)   Post Evacuate Collection Set: 0.83ms
[2025-08-24T13:58:16.583+0000][121][info ][gc,phases   ] GC(1)   Other: 0.20ms
[2025-08-24T13:58:16.583+0000][121][trace][gc,age      ] GC(1) Age table with threshold 15 (max threshold 15)
[2025-08-24T13:58:16.583+0000][121][trace][gc,age      ] GC(1) - age   1:    4920944 bytes,    4920944 total
[2025-08-24T13:58:16.583+0000][121][trace][gc,age      ] GC(1) - age   2:    4604224 bytes,    9525168 total
[2025-08-24T13:58:16.583+0000][121][info ][gc,heap     ] GC(1) Eden regions: 22->0(41)
[2025-08-24T13:58:16.583+0000][121][info ][gc,heap     ] GC(1) Survivor regions: 2->3(3)
[2025-08-24T13:58:16.583+0000][121][info ][gc,heap     ] GC(1) Old regions: 1->1
[2025-08-24T13:58:16.583+0000][121][info ][gc,heap     ] GC(1) Humongous regions: 0->0
[2025-08-24T13:58:16.583+0000][121][info ][gc,metaspace] GC(1) Metaspace: 20185K(20800K)->20185K(20800K) NonClass: 17867K(18240K)->17867K(18240K) Class: 2317K(2560K)->2317K(2560K)
[2025-08-24T13:58:16.583+0000][121][info ][gc          ] GC(1) Pause Young (Normal) (G1 Evacuation Pause) 93M->10M(1024M) 5.604ms
[2025-08-24T13:58:16.583+0000][121][info ][gc,cpu      ] GC(1) User=0.02s Sys=0.00s Real=0.00s
[2025-08-24T13:58:16.583+0000][121][info ][safepoint   ] Safepoint "G1CollectForAllocation", Time since last: 91021292 ns, Reaching safepoint: 2291 ns, Cleanup: 78709 ns, At safepoint: 5727833 ns, Total: 5808833 ns
[2025-08-24T13:58:16.640+0000][121][info ][gc,start    ] GC(2) Pause Young (Concurrent Start) (Metadata GC Threshold)
[2025-08-24T13:58:16.640+0000][121][info ][gc,task     ] GC(2) Using 8 workers of 8 for evacuation
[2025-08-24T13:58:16.640+0000][121][debug][gc,age      ] GC(2) Desired survivor size 12582912 bytes, new threshold 15 (max threshold 15)
[2025-08-24T13:58:16.643+0000][121][info ][gc,phases   ] GC(2)   Pre Evacuate Collection Set: 0.13ms
[2025-08-24T13:58:16.643+0000][121][info ][gc,phases   ] GC(2)   Merge Heap Roots: 0.05ms
[2025-08-24T13:58:16.643+0000][121][info ][gc,phases   ] GC(2)   Evacuate Collection Set: 2.60ms
[2025-08-24T13:58:16.643+0000][121][info ][gc,phases   ] GC(2)   Post Evacuate Collection Set: 0.48ms
[2025-08-24T13:58:16.643+0000][121][info ][gc,phases   ] GC(2)   Other: 0.22ms
[2025-08-24T13:58:16.644+0000][121][trace][gc,age      ] GC(2) Age table with threshold 15 (max threshold 15)
[2025-08-24T13:58:16.644+0000][121][trace][gc,age      ] GC(2) - age   1:     504880 bytes,     504880 total
[2025-08-24T13:58:16.644+0000][121][trace][gc,age      ] GC(2) - age   2:    4060648 bytes,    4565528 total
[2025-08-24T13:58:16.644+0000][121][trace][gc,age      ] GC(2) - age   3:    4588496 bytes,    9154024 total
[2025-08-24T13:58:16.644+0000][121][info ][gc,heap     ] GC(2) Eden regions: 6->0(78)
[2025-08-24T13:58:16.644+0000][121][info ][gc,heap     ] GC(2) Survivor regions: 3->3(6)
[2025-08-24T13:58:16.644+0000][121][info ][gc,heap     ] GC(2) Old regions: 1->1
[2025-08-24T13:58:16.644+0000][121][info ][gc,heap     ] GC(2) Humongous regions: 0->0
[2025-08-24T13:58:16.644+0000][121][info ][gc,metaspace] GC(2) Metaspace: 20870K(21504K)->20870K(21504K) NonClass: 18442K(18816K)->18442K(18816K) Class: 2427K(2688K)->2427K(2688K)
[2025-08-24T13:58:16.644+0000][121][info ][gc          ] GC(2) Pause Young (Concurrent Start) (Metadata GC Threshold) 32M->10M(1024M) 4.135ms
[2025-08-24T13:58:16.644+0000][121][info ][gc,cpu      ] GC(2) User=0.01s Sys=0.00s Real=0.00s
[2025-08-24T13:58:16.644+0000][121][info ][gc          ] GC(3) Concurrent Mark Cycle
[2025-08-24T13:58:16.644+0000][121][info ][gc,marking  ] GC(3) Concurrent Scan Root Regions
[2025-08-24T13:58:16.644+0000][121][info ][safepoint   ] Safepoint "CollectForMetadataAllocation", Time since last: 55959667 ns, Reaching safepoint: 284833 ns, Cleanup: 62708 ns, At safepoint: 4331750 ns, Total: 4679291 ns
[2025-08-24T13:58:16.646+0000][121][info ][gc,marking  ] GC(3) Concurrent Scan Root Regions 1.886ms
[2025-08-24T13:58:16.648+0000][121][info ][gc,marking  ] GC(3) Concurrent Mark
[2025-08-24T13:58:16.648+0000][121][info ][gc,marking  ] GC(3) Concurrent Mark From Roots
[2025-08-24T13:58:16.648+0000][121][info ][gc,task     ] GC(3) Using 2 workers of 2 for marking
[2025-08-24T13:58:16.648+0000][121][info ][gc,marking  ] GC(3) Concurrent Mark From Roots 0.830ms
[2025-08-24T13:58:16.649+0000][121][info ][gc,marking  ] GC(3) Concurrent Preclean
[2025-08-24T13:58:16.649+0000][121][info ][gc,marking  ] GC(3) Concurrent Preclean 0.046ms
[2025-08-24T13:58:16.650+0000][121][info ][gc,start    ] GC(3) Pause Remark
[2025-08-24T13:58:16.651+0000][121][info ][gc          ] GC(3) Pause Remark 13M->13M(1024M) 1.383ms
[2025-08-24T13:58:16.651+0000][121][info ][gc,cpu      ] GC(3) User=0.00s Sys=0.00s Real=0.00s
[2025-08-24T13:58:16.651+0000][121][info ][safepoint   ] Safepoint "G1PauseRemark", Time since last: 4598500 ns, Reaching safepoint: 1265459 ns, Cleanup: 5500 ns, At safepoint: 1462208 ns, Total: 2733167 ns
[2025-08-24T13:58:16.653+0000][121][info ][gc,marking  ] GC(3) Concurrent Mark 5.408ms
[2025-08-24T13:58:16.653+0000][121][info ][gc,marking  ] GC(3) Concurrent Rebuild Remembered Sets and Scrub Regions
[2025-08-24T13:58:16.653+0000][121][info ][gc,marking  ] GC(3) Concurrent Rebuild Remembered Sets and Scrub Regions 0.393ms
[2025-08-24T13:58:16.655+0000][121][info ][gc,start    ] GC(3) Pause Cleanup
[2025-08-24T13:58:16.655+0000][121][info ][gc          ] GC(3) Pause Cleanup 13M->13M(1024M) 0.087ms
[2025-08-24T13:58:16.655+0000][121][info ][gc,cpu      ] GC(3) User=0.00s Sys=0.00s Real=0.00s
[2025-08-24T13:58:16.655+0000][121][info ][safepoint   ] Safepoint "G1PauseCleanup", Time since last: 2190500 ns, Reaching safepoint: 1362333 ns, Cleanup: 7167 ns, At safepoint: 181125 ns, Total: 1550625 ns
[2025-08-24T13:58:16.656+0000][121][info ][gc,marking  ] GC(3) Concurrent Clear Claimed Marks
[2025-08-24T13:58:16.656+0000][121][info ][gc,marking  ] GC(3) Concurrent Clear Claimed Marks 0.143ms
[2025-08-24T13:58:16.656+0000][121][info ][gc,marking  ] GC(3) Concurrent Cleanup for Next Mark
[2025-08-24T13:58:16.656+0000][121][info ][gc,marking  ] GC(3) Concurrent Cleanup for Next Mark 0.284ms
[2025-08-24T13:58:16.656+0000][121][info ][gc          ] GC(3) Concurrent Mark Cycle 12.249ms
[2025-08-24T13:58:16.747+0000][121][info ][safepoint   ] Safepoint "ICBufferFull", Time since last: 91991917 ns, Reaching safepoint: 2041 ns, Cleanup: 57167 ns, At safepoint: 5500 ns, Total: 64708 ns
[2025-08-24T13:58:16.849+0000][121][info ][safepoint   ] Safepoint "ICBufferFull", Time since last: 102192792 ns, Reaching safepoint: 2416 ns, Cleanup: 57709 ns, At safepoint: 5250 ns, Total: 65375 ns
[2025-08-24T13:58:16.942+0000][121][info ][safepoint   ] Safepoint "ICBufferFull", Time since last: 92387166 ns, Reaching safepoint: 2209 ns, Cleanup: 88291 ns, At safepoint: 4709 ns, Total: 95209 ns
[2025-08-24T13:58:17.076+0000][121][info ][safepoint   ] Safepoint "ICBufferFull", Time since last: 133652666 ns, Reaching safepoint: 2584 ns, Cleanup: 98500 ns, At safepoint: 9833 ns, Total: 110917 ns
[2025-08-24T13:58:17.131+0000][121][info ][safepoint   ] Safepoint "ICBufferFull", Time since last: 54839708 ns, Reaching safepoint: 2500 ns, Cleanup: 71125 ns, At safepoint: 4417 ns, Total: 78042 ns
[2025-08-24T13:58:17.163+0000][121][info ][gc,start    ] GC(4) Pause Young (Prepare Mixed) (G1 Evacuation Pause)
[2025-08-24T13:58:17.163+0000][121][info ][gc,task     ] GC(4) Using 8 workers of 8 for evacuation
[2025-08-24T13:58:17.163+0000][121][debug][gc,age      ] GC(4) Desired survivor size 23068672 bytes, new threshold 15 (max threshold 15)
[2025-08-24T13:58:17.168+0000][121][info ][gc,phases   ] GC(4)   Pre Evacuate Collection Set: 0.13ms
[2025-08-24T13:58:17.168+0000][121][info ][gc,phases   ] GC(4)   Merge Heap Roots: 0.04ms
[2025-08-24T13:58:17.168+0000][121][info ][gc,phases   ] GC(4)   Evacuate Collection Set: 3.90ms
[2025-08-24T13:58:17.168+0000][121][info ][gc,phases   ] GC(4)   Post Evacuate Collection Set: 0.79ms
[2025-08-24T13:58:17.168+0000][121][info ][gc,phases   ] GC(4)   Other: 0.15ms
[2025-08-24T13:58:17.168+0000][121][trace][gc,age      ] GC(4) Age table with threshold 15 (max threshold 15)
[2025-08-24T13:58:17.168+0000][121][trace][gc,age      ] GC(4) - age   1:    6302960 bytes,    6302960 total
[2025-08-24T13:58:17.168+0000][121][trace][gc,age      ] GC(4) - age   2:     424864 bytes,    6727824 total
[2025-08-24T13:58:17.169+0000][121][trace][gc,age      ] GC(4) - age   3:    4027624 bytes,   10755448 total
[2025-08-24T13:58:17.169+0000][121][trace][gc,age      ] GC(4) - age   4:    4587368 bytes,   15342816 total
[2025-08-24T13:58:17.169+0000][121][info ][gc,heap     ] GC(4) Eden regions: 78->0(149)
[2025-08-24T13:58:17.169+0000][121][info ][gc,heap     ] GC(4) Survivor regions: 3->4(11)
[2025-08-24T13:58:17.169+0000][121][info ][gc,heap     ] GC(4) Old regions: 1->1
[2025-08-24T13:58:17.169+0000][121][info ][gc,heap     ] GC(4) Humongous regions: 0->0
[2025-08-24T13:58:17.169+0000][121][info ][gc,metaspace] GC(4) Metaspace: 28991K(29824K)->28991K(29824K) NonClass: 25644K(26112K)->25644K(26112K) Class: 3347K(3712K)->3347K(3712K)
[2025-08-24T13:58:17.169+0000][121][info ][gc          ] GC(4) Pause Young (Prepare Mixed) (G1 Evacuation Pause) 322M->17M(1024M) 5.805ms
[2025-08-24T13:58:17.169+0000][121][info ][gc,cpu      ] GC(4) User=0.02s Sys=0.00s Real=0.01s
[2025-08-24T13:58:17.169+0000][121][info ][safepoint   ] Safepoint "G1CollectForAllocation", Time since last: 32292292 ns, Reaching safepoint: 2208 ns, Cleanup: 53083 ns, At safepoint: 5921250 ns, Total: 5976541 ns
[2025-08-24T13:58:17.224+0000][121][info ][safepoint   ] Safepoint "ICBufferFull", Time since last: 54500584 ns, Reaching safepoint: 278250 ns, Cleanup: 74750 ns, At safepoint: 11000 ns, Total: 364000 ns
[2025-08-24T13:58:17.290+0000][121][info ][safepoint   ] Safepoint "ICBufferFull", Time since last: 66603542 ns, Reaching safepoint: 2166 ns, Cleanup: 115167 ns, At safepoint: 7833 ns, Total: 125166 ns
[2025-08-24T13:58:17.434+0000][121][info ][safepoint   ] Safepoint "ICBufferFull", Time since last: 143584792 ns, Reaching safepoint: 2292 ns, Cleanup: 67166 ns, At safepoint: 5417 ns, Total: 74875 ns
[2025-08-24T13:58:17.540+0000][121][info ][safepoint   ] Safepoint "ICBufferFull", Time since last: 105660958 ns, Reaching safepoint: 2084 ns, Cleanup: 83541 ns, At safepoint: 4584 ns, Total: 90209 ns
[2025-08-24T13:58:17.598+0000][121][info ][gc,start    ] GC(5) Pause Young (Mixed) (Metadata GC Threshold)
[2025-08-24T13:58:17.598+0000][121][info ][gc,task     ] GC(5) Using 8 workers of 8 for evacuation
[2025-08-24T13:58:17.598+0000][121][debug][gc,age      ] GC(5) Desired survivor size 41943040 bytes, new threshold 15 (max threshold 15)
[2025-08-24T13:58:17.604+0000][121][info ][gc,phases   ] GC(5)   Pre Evacuate Collection Set: 0.14ms
[2025-08-24T13:58:17.604+0000][121][info ][gc,phases   ] GC(5)   Merge Heap Roots: 0.06ms
[2025-08-24T13:58:17.604+0000][121][info ][gc,phases   ] GC(5)   Evacuate Collection Set: 4.90ms
[2025-08-24T13:58:17.604+0000][121][info ][gc,phases   ] GC(5)   Post Evacuate Collection Set: 0.82ms
[2025-08-24T13:58:17.604+0000][121][info ][gc,phases   ] GC(5)   Other: 0.14ms
[2025-08-24T13:58:17.604+0000][121][trace][gc,age      ] GC(5) Age table with threshold 15 (max threshold 15)
[2025-08-24T13:58:17.604+0000][121][trace][gc,age      ] GC(5) - age   1:    8210888 bytes,    8210888 total
[2025-08-24T13:58:17.604+0000][121][trace][gc,age      ] GC(5) - age   2:    5942000 bytes,   14152888 total
[2025-08-24T13:58:17.604+0000][121][trace][gc,age      ] GC(5) - age   3:     424744 bytes,   14577632 total
[2025-08-24T13:58:17.604+0000][121][trace][gc,age      ] GC(5) - age   4:    4026088 bytes,   18603720 total
[2025-08-24T13:58:17.604+0000][121][trace][gc,age      ] GC(5) - age   5:    4587304 bytes,   23191024 total
[2025-08-24T13:58:17.604+0000][121][info ][gc,heap     ] GC(5) Eden regions: 135->0(146)
[2025-08-24T13:58:17.604+0000][121][info ][gc,heap     ] GC(5) Survivor regions: 4->7(20)
[2025-08-24T13:58:17.604+0000][121][info ][gc,heap     ] GC(5) Old regions: 1->1
[2025-08-24T13:58:17.604+0000][121][info ][gc,heap     ] GC(5) Humongous regions: 0->0
[2025-08-24T13:58:17.604+0000][121][info ][gc,metaspace] GC(5) Metaspace: 35254K(36160K)->35254K(36160K) NonClass: 31190K(31744K)->31190K(31744K) Class: 4063K(4416K)->4063K(4416K)
[2025-08-24T13:58:17.605+0000][121][info ][gc          ] GC(5) Pause Young (Mixed) (Metadata GC Threshold) 555M->25M(1024M) 6.884ms
[2025-08-24T13:58:17.605+0000][121][info ][gc,cpu      ] GC(5) User=0.03s Sys=0.00s Real=0.00s
[2025-08-24T13:58:17.605+0000][121][info ][safepoint   ] Safepoint "CollectForMetadataAllocation", Time since last: 57666708 ns, Reaching safepoint: 2000 ns, Cleanup: 58250 ns, At safepoint: 7062250 ns, Total: 7122500 ns
[2025-08-24T13:58:17.609+0000][121][info ][gc,start    ] GC(6) Pause Young (Concurrent Start) (Metadata GC Threshold)
[2025-08-24T13:58:17.609+0000][121][info ][gc,task     ] GC(6) Using 8 workers of 8 for evacuation
[2025-08-24T13:58:17.610+0000][121][debug][gc,age      ] GC(6) Desired survivor size 41943040 bytes, new threshold 15 (max threshold 15)
[2025-08-24T13:58:17.615+0000][121][info ][gc,phases   ] GC(6)   Pre Evacuate Collection Set: 0.11ms
[2025-08-24T13:58:17.615+0000][121][info ][gc,phases   ] GC(6)   Merge Heap Roots: 0.04ms
[2025-08-24T13:58:17.615+0000][121][info ][gc,phases   ] GC(6)   Evacuate Collection Set: 4.09ms
[2025-08-24T13:58:17.615+0000][121][info ][gc,phases   ] GC(6)   Post Evacuate Collection Set: 0.69ms
[2025-08-24T13:58:17.615+0000][121][info ][gc,phases   ] GC(6)   Other: 0.13ms
[2025-08-24T13:58:17.615+0000][121][trace][gc,age      ] GC(6) Age table with threshold 15 (max threshold 15)
[2025-08-24T13:58:17.615+0000][121][trace][gc,age      ] GC(6) - age   1:      48296 bytes,      48296 total
[2025-08-24T13:58:17.615+0000][121][trace][gc,age      ] GC(6) - age   2:    8159936 bytes,    8208232 total
[2025-08-24T13:58:17.615+0000][121][trace][gc,age      ] GC(6) - age   3:    5941968 bytes,   14150200 total
[2025-08-24T13:58:17.615+0000][121][trace][gc,age      ] GC(6) - age   4:     424744 bytes,   14574944 total
[2025-08-24T13:58:17.615+0000][121][trace][gc,age      ] GC(6) - age   5:    4026088 bytes,   18601032 total
[2025-08-24T13:58:17.615+0000][121][trace][gc,age      ] GC(6) - age   6:    4587304 bytes,   23188336 total
[2025-08-24T13:58:17.615+0000][121][info ][gc,heap     ] GC(6) Eden regions: 1->0(147)
[2025-08-24T13:58:17.615+0000][121][info ][gc,heap     ] GC(6) Survivor regions: 7->6(20)
[2025-08-24T13:58:17.615+0000][121][info ][gc,heap     ] GC(6) Old regions: 1->1
[2025-08-24T13:58:17.615+0000][121][info ][gc,heap     ] GC(6) Humongous regions: 0->0
[2025-08-24T13:58:17.615+0000][121][info ][gc,metaspace] GC(6) Metaspace: 35551K(36480K)->35551K(36480K) NonClass: 31436K(32000K)->31436K(32000K) Class: 4114K(4480K)->4114K(4480K)
[2025-08-24T13:58:17.615+0000][121][info ][gc          ] GC(6) Pause Young (Concurrent Start) (Metadata GC Threshold) 29M->24M(1024M) 5.731ms
[2025-08-24T13:58:17.615+0000][121][info ][gc,cpu      ] GC(6) User=0.03s Sys=0.00s Real=0.00s
[2025-08-24T13:58:17.615+0000][121][info ][gc          ] GC(7) Concurrent Mark Cycle
[2025-08-24T13:58:17.615+0000][121][info ][gc,marking  ] GC(7) Concurrent Scan Root Regions
[2025-08-24T13:58:17.615+0000][121][info ][safepoint   ] Safepoint "CollectForMetadataAllocation", Time since last: 4730167 ns, Reaching safepoint: 1625 ns, Cleanup: 1166 ns, At safepoint: 5886542 ns, Total: 5889333 ns
[2025-08-24T13:58:17.618+0000][121][info ][gc,marking  ] GC(7) Concurrent Scan Root Regions 2.747ms
[2025-08-24T13:58:17.620+0000][121][info ][gc,marking  ] GC(7) Concurrent Mark
[2025-08-24T13:58:17.620+0000][121][info ][gc,marking  ] GC(7) Concurrent Mark From Roots
[2025-08-24T13:58:17.620+0000][121][info ][gc,task     ] GC(7) Using 2 workers of 2 for marking
[2025-08-24T13:58:17.620+0000][121][info ][gc,marking  ] GC(7) Concurrent Mark From Roots 0.797ms
[2025-08-24T13:58:17.621+0000][121][info ][gc,marking  ] GC(7) Concurrent Preclean
[2025-08-24T13:58:17.621+0000][121][info ][gc,marking  ] GC(7) Concurrent Preclean 0.124ms
[2025-08-24T13:58:17.621+0000][121][info ][gc,start    ] GC(7) Pause Remark
[2025-08-24T13:58:17.623+0000][121][info ][gc          ] GC(7) Pause Remark 28M->28M(1024M) 1.954ms
[2025-08-24T13:58:17.623+0000][121][info ][gc,cpu      ] GC(7) User=0.01s Sys=0.00s Real=0.00s
[2025-08-24T13:58:17.623+0000][121][info ][safepoint   ] Safepoint "G1PauseRemark", Time since last: 5416917 ns, Reaching safepoint: 1375 ns, Cleanup: 4416 ns, At safepoint: 2036375 ns, Total: 2042166 ns
[2025-08-24T13:58:17.626+0000][121][info ][gc,marking  ] GC(7) Concurrent Mark 6.567ms
[2025-08-24T13:58:17.626+0000][121][info ][gc,marking  ] GC(7) Concurrent Rebuild Remembered Sets and Scrub Regions
[2025-08-24T13:58:17.627+0000][121][info ][gc,marking  ] GC(7) Concurrent Rebuild Remembered Sets and Scrub Regions 0.399ms
[2025-08-24T13:58:17.627+0000][121][info ][gc,start    ] GC(7) Pause Cleanup
[2025-08-24T13:58:17.627+0000][121][info ][gc          ] GC(7) Pause Cleanup 30M->30M(1024M) 0.146ms
[2025-08-24T13:58:17.627+0000][121][info ][gc,cpu      ] GC(7) User=0.00s Sys=0.00s Real=0.00s
[2025-08-24T13:58:17.627+0000][121][info ][safepoint   ] Safepoint "G1PauseCleanup", Time since last: 3940375 ns, Reaching safepoint: 1167 ns, Cleanup: 9583 ns, At safepoint: 230167 ns, Total: 240917 ns
[2025-08-24T13:58:17.628+0000][121][info ][gc,marking  ] GC(7) Concurrent Clear Claimed Marks
[2025-08-24T13:58:17.628+0000][121][info ][gc,marking  ] GC(7) Concurrent Clear Claimed Marks 0.077ms
[2025-08-24T13:58:17.628+0000][121][info ][gc,marking  ] GC(7) Concurrent Cleanup for Next Mark
[2025-08-24T13:58:17.628+0000][121][info ][gc,marking  ] GC(7) Concurrent Cleanup for Next Mark 0.264ms
[2025-08-24T13:58:17.628+0000][121][info ][gc          ] GC(7) Concurrent Mark Cycle 12.811ms
[2025-08-24T13:58:17.900+0000][121][info ][safepoint   ] Safepoint "ICBufferFull", Time since last: 272581958 ns, Reaching safepoint: 2292 ns, Cleanup: 84125 ns, At safepoint: 4625 ns, Total: 91042 ns
[2025-08-24T13:58:18.009+0000][121][info ][gc,start    ] GC(8) Pause Young (Normal) (G1 Evacuation Pause)
[2025-08-24T13:58:18.009+0000][121][info ][gc,task     ] GC(8) Using 8 workers of 8 for evacuation
[2025-08-24T13:58:18.009+0000][121][debug][gc,age      ] GC(8) Desired survivor size 41943040 bytes, new threshold 15 (max threshold 15)
[2025-08-24T13:58:18.016+0000][121][info ][gc,phases   ] GC(8)   Pre Evacuate Collection Set: 0.13ms
[2025-08-24T13:58:18.016+0000][121][info ][gc,phases   ] GC(8)   Merge Heap Roots: 0.07ms
[2025-08-24T13:58:18.016+0000][121][info ][gc,phases   ] GC(8)   Evacuate Collection Set: 5.69ms
[2025-08-24T13:58:18.016+0000][121][info ][gc,phases   ] GC(8)   Post Evacuate Collection Set: 0.98ms
[2025-08-24T13:58:18.016+0000][121][info ][gc,phases   ] GC(8)   Other: 0.15ms
[2025-08-24T13:58:18.016+0000][121][trace][gc,age      ] GC(8) Age table with threshold 15 (max threshold 15)
[2025-08-24T13:58:18.016+0000][121][trace][gc,age      ] GC(8) - age   1:   10747336 bytes,   10747336 total
[2025-08-24T13:58:18.017+0000][121][trace][gc,age      ] GC(8) - age   2:      37320 bytes,   10784656 total
[2025-08-24T13:58:18.017+0000][121][trace][gc,age      ] GC(8) - age   3:    8146376 bytes,   18931032 total
[2025-08-24T13:58:18.017+0000][121][trace][gc,age      ] GC(8) - age   4:    5934008 bytes,   24865040 total
[2025-08-24T13:58:18.017+0000][121][trace][gc,age      ] GC(8) - age   5:     404760 bytes,   25269800 total
[2025-08-24T13:58:18.017+0000][121][trace][gc,age      ] GC(8) - age   6:    4018240 bytes,   29288040 total
[2025-08-24T13:58:18.017+0000][121][trace][gc,age      ] GC(8) - age   7:    4580552 bytes,   33868592 total
[2025-08-24T13:58:18.017+0000][121][info ][gc,heap     ] GC(8) Eden regions: 147->0(144)
[2025-08-24T13:58:18.017+0000][121][info ][gc,heap     ] GC(8) Survivor regions: 6->9(20)
[2025-08-24T13:58:18.017+0000][121][info ][gc,heap     ] GC(8) Old regions: 1->1
[2025-08-24T13:58:18.017+0000][121][info ][gc,heap     ] GC(8) Humongous regions: 0->0
[2025-08-24T13:58:18.017+0000][121][info ][gc,metaspace] GC(8) Metaspace: 38307K(39424K)->38307K(39424K) NonClass: 33815K(34496K)->33815K(34496K) Class: 4491K(4928K)->4491K(4928K)
[2025-08-24T13:58:18.017+0000][121][info ][gc          ] GC(8) Pause Young (Normal) (G1 Evacuation Pause) 612M->36M(1024M) 7.924ms
[2025-08-24T13:58:18.017+0000][121][info ][gc,cpu      ] GC(8) User=0.04s Sys=0.00s Real=0.01s
[2025-08-24T13:58:18.017+0000][121][info ][safepoint   ] Safepoint "G1CollectForAllocation", Time since last: 109346084 ns, Reaching safepoint: 2541 ns, Cleanup: 60750 ns, At safepoint: 8016042 ns, Total: 8079333 ns
[2025-08-24T13:58:18.194+0000][121][info ][safepoint   ] Safepoint "ICBufferFull", Time since last: 176794833 ns, Reaching safepoint: 1959 ns, Cleanup: 70291 ns, At safepoint: 4334 ns, Total: 76584 ns
[2025-08-24T13:58:18.351+0000][121][info ][safepoint   ] Safepoint "ICBufferFull", Time since last: 157401458 ns, Reaching safepoint: 2667 ns, Cleanup: 76750 ns, At safepoint: 7708 ns, Total: 87125 ns
[2025-08-24T13:58:18.438+0000][121][info ][safepoint   ] Safepoint "ICBufferFull", Time since last: 86981542 ns, Reaching safepoint: 2541 ns, Cleanup: 87792 ns, At safepoint: 4125 ns, Total: 94458 ns
[2025-08-24T13:58:18.681+0000][121][info ][safepoint   ] Safepoint "ICBufferFull", Time since last: 242270875 ns, Reaching safepoint: 2125 ns, Cleanup: 140209 ns, At safepoint: 13916 ns, Total: 156250 ns
[2025-08-24T13:58:18.839+0000][121][info ][safepoint   ] Safepoint "ICBufferFull", Time since last: 158242875 ns, Reaching safepoint: 2209 ns, Cleanup: 105500 ns, At safepoint: 3166 ns, Total: 110875 ns
[2025-08-24T13:58:19.041+0000][121][info ][safepoint   ] Safepoint "ICBufferFull", Time since last: 201205375 ns, Reaching safepoint: 2250 ns, Cleanup: 47917 ns, At safepoint: 4208 ns, Total: 54375 ns
[2025-08-24T13:58:19.070+0000][121][info ][gc,start    ] GC(9) Pause Young (Concurrent Start) (Metadata GC Threshold)
[2025-08-24T13:58:19.070+0000][121][info ][gc,task     ] GC(9) Using 8 workers of 8 for evacuation
[2025-08-24T13:58:19.070+0000][121][debug][gc,age      ] GC(9) Desired survivor size 41943040 bytes, new threshold 15 (max threshold 15)
[2025-08-24T13:58:19.081+0000][121][info ][gc,phases   ] GC(9)   Pre Evacuate Collection Set: 0.12ms
[2025-08-24T13:58:19.081+0000][121][info ][gc,phases   ] GC(9)   Merge Heap Roots: 0.06ms
[2025-08-24T13:58:19.081+0000][121][info ][gc,phases   ] GC(9)   Evacuate Collection Set: 8.82ms
[2025-08-24T13:58:19.081+0000][121][info ][gc,phases   ] GC(9)   Post Evacuate Collection Set: 1.33ms
[2025-08-24T13:58:19.081+0000][121][info ][gc,phases   ] GC(9)   Other: 0.26ms
[2025-08-24T13:58:19.081+0000][121][trace][gc,age      ] GC(9) Age table with threshold 15 (max threshold 15)
[2025-08-24T13:58:19.081+0000][121][trace][gc,age      ] GC(9) - age   1:   10273192 bytes,   10273192 total
[2025-08-24T13:58:19.081+0000][121][trace][gc,age      ] GC(9) - age   2:    8880344 bytes,   19153536 total
[2025-08-24T13:58:19.081+0000][121][trace][gc,age      ] GC(9) - age   3:      37096 bytes,   19190632 total
[2025-08-24T13:58:19.081+0000][121][trace][gc,age      ] GC(9) - age   4:    8105584 bytes,   27296216 total
[2025-08-24T13:58:19.081+0000][121][trace][gc,age      ] GC(9) - age   5:    5748928 bytes,   33045144 total
[2025-08-24T13:58:19.081+0000][121][trace][gc,age      ] GC(9) - age   6:     401200 bytes,   33446344 total
[2025-08-24T13:58:19.081+0000][121][trace][gc,age      ] GC(9) - age   7:    3980712 bytes,   37427056 total
[2025-08-24T13:58:19.081+0000][121][trace][gc,age      ] GC(9) - age   8:    4571496 bytes,   41998552 total
[2025-08-24T13:58:19.081+0000][121][info ][gc,heap     ] GC(9) Eden regions: 132->0(142)
[2025-08-24T13:58:19.081+0000][121][info ][gc,heap     ] GC(9) Survivor regions: 9->11(20)
[2025-08-24T13:58:19.081+0000][121][info ][gc,heap     ] GC(9) Old regions: 1->1
[2025-08-24T13:58:19.081+0000][121][info ][gc,heap     ] GC(9) Humongous regions: 0->0
[2025-08-24T13:58:19.081+0000][121][info ][gc,metaspace] GC(9) Metaspace: 59644K(61120K)->59644K(61120K) NonClass: 52118K(53056K)->52118K(53056K) Class: 7526K(8064K)->7526K(8064K)
[2025-08-24T13:58:19.081+0000][121][info ][gc          ] GC(9) Pause Young (Concurrent Start) (Metadata GC Threshold) 564M->44M(1024M) 11.556ms
[2025-08-24T13:58:19.081+0000][121][info ][gc,cpu      ] GC(9) User=0.06s Sys=0.00s Real=0.01s
[2025-08-24T13:58:19.081+0000][121][info ][gc          ] GC(10) Concurrent Mark Cycle
[2025-08-24T13:58:19.082+0000][121][info ][gc,marking  ] GC(10) Concurrent Scan Root Regions
[2025-08-24T13:58:19.082+0000][121][info ][safepoint   ] Safepoint "CollectForMetadataAllocation", Time since last: 28322834 ns, Reaching safepoint: 965875 ns, Cleanup: 19166 ns, At safepoint: 11765792 ns, Total: 12750833 ns
[2025-08-24T13:58:19.088+0000][121][info ][gc,marking  ] GC(10) Concurrent Scan Root Regions 6.571ms
[2025-08-24T13:58:19.091+0000][121][info ][gc,marking  ] GC(10) Concurrent Mark
[2025-08-24T13:58:19.091+0000][121][info ][gc,marking  ] GC(10) Concurrent Mark From Roots
[2025-08-24T13:58:19.091+0000][121][info ][gc,task     ] GC(10) Using 2 workers of 2 for marking
[2025-08-24T13:58:19.092+0000][121][info ][safepoint   ] Safepoint "CollectForMetadataAllocation", Time since last: 10410417 ns, Reaching safepoint: 72333 ns, Cleanup: 5583 ns, At safepoint: 58959 ns, Total: 136875 ns
[2025-08-24T13:58:19.093+0000][121][info ][gc,marking  ] GC(10) Concurrent Mark From Roots 2.079ms
[2025-08-24T13:58:19.093+0000][121][info ][gc,marking  ] GC(10) Concurrent Preclean
[2025-08-24T13:58:19.093+0000][121][info ][gc,marking  ] GC(10) Concurrent Preclean 0.037ms
[2025-08-24T13:58:19.094+0000][121][info ][gc,start    ] GC(10) Pause Remark
[2025-08-24T13:58:19.096+0000][121][info ][gc          ] GC(10) Pause Remark 47M->47M(1024M) 2.577ms
[2025-08-24T13:58:19.096+0000][121][info ][gc,cpu      ] GC(10) User=0.01s Sys=0.00s Real=0.01s
[2025-08-24T13:58:19.096+0000][121][info ][safepoint   ] Safepoint "G1PauseRemark", Time since last: 1207458 ns, Reaching safepoint: 296208 ns, Cleanup: 1250 ns, At safepoint: 2701334 ns, Total: 2998792 ns
[2025-08-24T13:58:19.096+0000][121][info ][gc,marking  ] GC(10) Concurrent Mark 5.497ms
[2025-08-24T13:58:19.097+0000][121][info ][gc,marking  ] GC(10) Concurrent Rebuild Remembered Sets and Scrub Regions
[2025-08-24T13:58:19.097+0000][121][info ][gc,marking  ] GC(10) Concurrent Rebuild Remembered Sets and Scrub Regions 0.459ms
[2025-08-24T13:58:19.098+0000][121][info ][gc,start    ] GC(10) Pause Cleanup
[2025-08-24T13:58:19.098+0000][121][info ][gc          ] GC(10) Pause Cleanup 48M->48M(1024M) 0.075ms
[2025-08-24T13:58:19.098+0000][121][info ][gc,cpu      ] GC(10) User=0.00s Sys=0.00s Real=0.00s
[2025-08-24T13:58:19.098+0000][121][info ][safepoint   ] Safepoint "G1PauseCleanup", Time since last: 670583 ns, Reaching safepoint: 628083 ns, Cleanup: 8750 ns, At safepoint: 196459 ns, Total: 833292 ns
[2025-08-24T13:58:19.098+0000][121][info ][gc,marking  ] GC(10) Concurrent Clear Claimed Marks
[2025-08-24T13:58:19.098+0000][121][info ][gc,marking  ] GC(10) Concurrent Clear Claimed Marks 0.058ms
[2025-08-24T13:58:19.098+0000][121][info ][gc,marking  ] GC(10) Concurrent Cleanup for Next Mark
[2025-08-24T13:58:19.098+0000][121][info ][gc,marking  ] GC(10) Concurrent Cleanup for Next Mark 0.441ms
[2025-08-24T13:58:19.098+0000][121][info ][gc          ] GC(10) Concurrent Mark Cycle 17.029ms
[2025-08-24T13:58:19.406+0000][121][info ][safepoint   ] Safepoint "ICBufferFull", Time since last: 307561583 ns, Reaching safepoint: 228459 ns, Cleanup: 92500 ns, At safepoint: 13125 ns, Total: 334084 ns
[2025-08-24T13:58:19.514+0000][121][info ][safepoint   ] Safepoint "ICBufferFull", Time since last: 108541250 ns, Reaching safepoint: 2583 ns, Cleanup: 89208 ns, At safepoint: 4500 ns, Total: 96291 ns
[2025-08-24T13:58:19.915+0000][121][info ][safepoint   ] Safepoint "ICBufferFull", Time since last: 400270209 ns, Reaching safepoint: 2416 ns, Cleanup: 84125 ns, At safepoint: 4542 ns, Total: 91083 ns
[2025-08-24T13:58:20.043+0000][121][info ][safepoint   ] Safepoint "ICBufferFull", Time since last: 127871042 ns, Reaching safepoint: 2375 ns, Cleanup: 71667 ns, At safepoint: 4541 ns, Total: 78583 ns
[2025-08-24T13:58:20.215+0000][121][info ][safepoint   ] Safepoint "ICBufferFull", Time since last: 172324875 ns, Reaching safepoint: 2709 ns, Cleanup: 91208 ns, At safepoint: 4917 ns, Total: 98834 ns
[2025-08-24T13:58:20.274+0000][121][info ][gc,start    ] GC(11) Pause Young (Normal) (G1 Evacuation Pause)
[2025-08-24T13:58:20.274+0000][121][info ][gc,task     ] GC(11) Using 8 workers of 8 for evacuation
[2025-08-24T13:58:20.274+0000][121][debug][gc,age      ] GC(11) Desired survivor size 41943040 bytes, new threshold 8 (max threshold 15)
[2025-08-24T13:58:20.287+0000][121][info ][gc,phases   ] GC(11)   Pre Evacuate Collection Set: 0.11ms
[2025-08-24T13:58:20.287+0000][121][info ][gc,phases   ] GC(11)   Merge Heap Roots: 0.08ms
[2025-08-24T13:58:20.287+0000][121][info ][gc,phases   ] GC(11)   Evacuate Collection Set: 10.27ms
[2025-08-24T13:58:20.287+0000][121][info ][gc,phases   ] GC(11)   Post Evacuate Collection Set: 1.58ms
[2025-08-24T13:58:20.287+0000][121][info ][gc,phases   ] GC(11)   Other: 0.12ms
[2025-08-24T13:58:20.287+0000][121][trace][gc,age      ] GC(11) Age table with threshold 8 (max threshold 15)
[2025-08-24T13:58:20.287+0000][121][trace][gc,age      ] GC(11) - age   1:   10855720 bytes,   10855720 total
[2025-08-24T13:58:20.287+0000][121][trace][gc,age      ] GC(11) - age   2:    9831944 bytes,   20687664 total
[2025-08-24T13:58:20.287+0000][121][trace][gc,age      ] GC(11) - age   3:    8831240 bytes,   29518904 total
[2025-08-24T13:58:20.287+0000][121][trace][gc,age      ] GC(11) - age   4:      37032 bytes,   29555936 total
[2025-08-24T13:58:20.287+0000][121][trace][gc,age      ] GC(11) - age   5:    8094296 bytes,   37650232 total
[2025-08-24T13:58:20.287+0000][121][trace][gc,age      ] GC(11) - age   6:    5724736 bytes,   43374968 total
[2025-08-24T13:58:20.287+0000][121][trace][gc,age      ] GC(11) - age   7:     398800 bytes,   43773768 total
[2025-08-24T13:58:20.287+0000][121][trace][gc,age      ] GC(11) - age   8:    3973320 bytes,   47747088 total
[2025-08-24T13:58:20.287+0000][121][info ][gc,heap     ] GC(11) Eden regions: 142->0(140)
[2025-08-24T13:58:20.287+0000][121][info ][gc,heap     ] GC(11) Survivor regions: 11->13(20)
[2025-08-24T13:58:20.287+0000][121][info ][gc,heap     ] GC(11) Old regions: 1->2
[2025-08-24T13:58:20.287+0000][121][info ][gc,heap     ] GC(11) Humongous regions: 0->0
[2025-08-24T13:58:20.288+0000][121][info ][gc,metaspace] GC(11) Metaspace: 75249K(77056K)->75249K(77056K) NonClass: 65160K(66240K)->65160K(66240K) Class: 10088K(10816K)->10088K(10816K)
[2025-08-24T13:58:20.288+0000][121][info ][gc          ] GC(11) Pause Young (Normal) (G1 Evacuation Pause) 612M->55M(1024M) 13.259ms
[2025-08-24T13:58:20.288+0000][121][info ][gc,cpu      ] GC(11) User=0.08s Sys=0.00s Real=0.02s
[2025-08-24T13:58:20.288+0000][121][info ][safepoint   ] Safepoint "G1CollectForAllocation", Time since last: 59197125 ns, Reaching safepoint: 3083 ns, Cleanup: 8833 ns, At safepoint: 13362334 ns, Total: 13374250 ns
[2025-08-24T13:58:20.510+0000][121][info ][safepoint   ] Safepoint "ICBufferFull", Time since last: 221206083 ns, Reaching safepoint: 971708 ns, Cleanup: 105542 ns, At safepoint: 7000 ns, Total: 1084250 ns
[2025-08-24T13:58:20.639+0000][121][info ][safepoint   ] Safepoint "ICBufferFull", Time since last: 128883333 ns, Reaching safepoint: 2459 ns, Cleanup: 82666 ns, At safepoint: 9792 ns, Total: 94917 ns
[2025-08-24T13:58:20.907+0000][121][info ][safepoint   ] Safepoint "ICBufferFull", Time since last: 268212334 ns, Reaching safepoint: 2833 ns, Cleanup: 79208 ns, At safepoint: 4667 ns, Total: 86708 ns
[2025-08-24T13:58:21.198+0000][121][info ][safepoint   ] Safepoint "ICBufferFull", Time since last: 291007292 ns, Reaching safepoint: 6041 ns, Cleanup: 127584 ns, At safepoint: 7000 ns, Total: 140625 ns
[2025-08-24T13:58:21.400+0000][121][info ][gc,start    ] GC(12) Pause Young (Concurrent Start) (Metadata GC Threshold)
[2025-08-24T13:58:21.400+0000][121][info ][gc,task     ] GC(12) Using 8 workers of 8 for evacuation
[2025-08-24T13:58:21.401+0000][121][debug][gc,age      ] GC(12) Desired survivor size 41943040 bytes, new threshold 6 (max threshold 15)
[2025-08-24T13:58:21.416+0000][121][info ][gc,phases   ] GC(12)   Pre Evacuate Collection Set: 0.19ms
[2025-08-24T13:58:21.416+0000][121][info ][gc,phases   ] GC(12)   Merge Heap Roots: 0.09ms
[2025-08-24T13:58:21.416+0000][121][info ][gc,phases   ] GC(12)   Evacuate Collection Set: 13.20ms
[2025-08-24T13:58:21.416+0000][121][info ][gc,phases   ] GC(12)   Post Evacuate Collection Set: 1.40ms
[2025-08-24T13:58:21.416+0000][121][info ][gc,phases   ] GC(12)   Other: 0.19ms
[2025-08-24T13:58:21.416+0000][121][trace][gc,age      ] GC(12) Age table with threshold 6 (max threshold 15)
[2025-08-24T13:58:21.416+0000][121][trace][gc,age      ] GC(12) - age   1:    9749368 bytes,    9749368 total
[2025-08-24T13:58:21.416+0000][121][trace][gc,age      ] GC(12) - age   2:   10497448 bytes,   20246816 total
[2025-08-24T13:58:21.416+0000][121][trace][gc,age      ] GC(12) - age   3:    9666848 bytes,   29913664 total
[2025-08-24T13:58:21.416+0000][121][trace][gc,age      ] GC(12) - age   4:    8814864 bytes,   38728528 total
[2025-08-24T13:58:21.416+0000][121][trace][gc,age      ] GC(12) - age   5:      36776 bytes,   38765304 total
[2025-08-24T13:58:21.416+0000][121][trace][gc,age      ] GC(12) - age   6:    8069160 bytes,   46834464 total
[2025-08-24T13:58:21.416+0000][121][info ][gc,heap     ] GC(12) Eden regions: 83->0(139)
[2025-08-24T13:58:21.416+0000][121][info ][gc,heap     ] GC(12) Survivor regions: 13->14(20)
[2025-08-24T13:58:21.416+0000][121][info ][gc,heap     ] GC(12) Old regions: 2->5
[2025-08-24T13:58:21.416+0000][121][info ][gc,heap     ] GC(12) Humongous regions: 0->0
[2025-08-24T13:58:21.416+0000][121][info ][gc,metaspace] GC(12) Metaspace: 100537K(102656K)->100537K(102656K) NonClass: 86964K(88192K)->86964K(88192K) Class: 13572K(14464K)->13572K(14464K)
[2025-08-24T13:58:21.416+0000][121][info ][gc          ] GC(12) Pause Young (Concurrent Start) (Metadata GC Threshold) 387M->69M(1024M) 15.975ms
[2025-08-24T13:58:21.416+0000][121][info ][gc,cpu      ] GC(12) User=0.07s Sys=0.01s Real=0.02s
[2025-08-24T13:58:21.417+0000][121][info ][safepoint   ] Safepoint "CollectForMetadataAllocation", Time since last: 201926875 ns, Reaching safepoint: 2916 ns, Cleanup: 16709 ns, At safepoint: 16231416 ns, Total: 16251041 ns
[2025-08-24T13:58:21.416+0000][121][info ][gc          ] GC(13) Concurrent Mark Cycle
[2025-08-24T13:58:21.417+0000][121][info ][gc,marking  ] GC(13) Concurrent Scan Root Regions
[2025-08-24T13:58:21.425+0000][121][info ][safepoint   ] Safepoint "CollectForMetadataAllocation", Time since last: 8428959 ns, Reaching safepoint: 2750 ns, Cleanup: 6125 ns, At safepoint: 57417 ns, Total: 66292 ns
[2025-08-24T13:58:21.427+0000][121][info ][gc,marking  ] GC(13) Concurrent Scan Root Regions 10.057ms
[2025-08-24T13:58:21.427+0000][121][info ][gc,marking  ] GC(13) Concurrent Mark
[2025-08-24T13:58:21.427+0000][121][info ][gc,marking  ] GC(13) Concurrent Mark From Roots
[2025-08-24T13:58:21.427+0000][121][info ][gc,task     ] GC(13) Using 2 workers of 2 for marking
[2025-08-24T13:58:21.429+0000][121][info ][gc,marking  ] GC(13) Concurrent Mark From Roots 2.331ms
[2025-08-24T13:58:21.429+0000][121][info ][gc,marking  ] GC(13) Concurrent Preclean
[2025-08-24T13:58:21.429+0000][121][info ][gc,marking  ] GC(13) Concurrent Preclean 0.040ms
[2025-08-24T13:58:21.430+0000][121][info ][gc,start    ] GC(13) Pause Remark
[2025-08-24T13:58:21.433+0000][121][info ][gc          ] GC(13) Pause Remark 75M->75M(1024M) 3.005ms
[2025-08-24T13:58:21.433+0000][121][info ][gc,cpu      ] GC(13) User=0.02s Sys=0.00s Real=0.00s
[2025-08-24T13:58:21.433+0000][121][info ][safepoint   ] Safepoint "G1PauseRemark", Time since last: 4277458 ns, Reaching safepoint: 286792 ns, Cleanup: 13291 ns, At safepoint: 3129875 ns, Total: 3429958 ns
[2025-08-24T13:58:21.433+0000][121][info ][gc,marking  ] GC(13) Concurrent Mark 5.970ms
[2025-08-24T13:58:21.433+0000][121][info ][gc,marking  ] GC(13) Concurrent Rebuild Remembered Sets and Scrub Regions
[2025-08-24T13:58:21.436+0000][121][info ][gc,marking  ] GC(13) Concurrent Rebuild Remembered Sets and Scrub Regions 2.653ms
[2025-08-24T13:58:21.437+0000][121][info ][gc,start    ] GC(13) Pause Cleanup
[2025-08-24T13:58:21.437+0000][121][info ][gc          ] GC(13) Pause Cleanup 75M->75M(1024M) 0.082ms
[2025-08-24T13:58:21.437+0000][121][info ][gc,cpu      ] GC(13) User=0.00s Sys=0.00s Real=0.00s
[2025-08-24T13:58:21.437+0000][121][info ][safepoint   ] Safepoint "G1PauseCleanup", Time since last: 2783584 ns, Reaching safepoint: 1091750 ns, Cleanup: 9875 ns, At safepoint: 207125 ns, Total: 1308750 ns
[2025-08-24T13:58:21.437+0000][121][info ][gc,marking  ] GC(13) Concurrent Clear Claimed Marks
[2025-08-24T13:58:21.437+0000][121][info ][gc,marking  ] GC(13) Concurrent Clear Claimed Marks 0.062ms
[2025-08-24T13:58:21.437+0000][121][info ][gc,marking  ] GC(13) Concurrent Cleanup for Next Mark
[2025-08-24T13:58:21.437+0000][121][info ][gc,marking  ] GC(13) Concurrent Cleanup for Next Mark 0.405ms
[2025-08-24T13:58:21.437+0000][121][info ][gc          ] GC(13) Concurrent Mark Cycle 21.010ms
[2025-08-24T13:58:21.609+0000][121][info ][safepoint   ] Safepoint "ICBufferFull", Time since last: 171947208 ns, Reaching safepoint: 2333 ns, Cleanup: 54750 ns, At safepoint: 3792 ns, Total: 60875 ns
[2025-08-24T13:58:21.818+0000][121][info ][safepoint   ] Safepoint "ICBufferFull", Time since last: 208848625 ns, Reaching safepoint: 2542 ns, Cleanup: 79916 ns, At safepoint: 4542 ns, Total: 87000 ns
[2025-08-24T13:58:22.093+0000][121][info ][safepoint   ] Safepoint "ICBufferFull", Time since last: 274681875 ns, Reaching safepoint: 2792 ns, Cleanup: 90750 ns, At safepoint: 4250 ns, Total: 97792 ns
[2025-08-24T13:58:22.230+0000][121][info ][safepoint   ] Safepoint "ICBufferFull", Time since last: 137381167 ns, Reaching safepoint: 2666 ns, Cleanup: 71459 ns, At safepoint: 4416 ns, Total: 78541 ns
[2025-08-24T13:58:22.289+0000][121][info ][safepoint   ] Safepoint "ICBufferFull", Time since last: 58246875 ns, Reaching safepoint: 2875 ns, Cleanup: 218417 ns, At safepoint: 11833 ns, Total: 233125 ns
[2025-08-24T13:58:22.308+0000][121][info ][safepoint   ] Safepoint "ICBufferFull", Time since last: 19829667 ns, Reaching safepoint: 6375 ns, Cleanup: 73417 ns, At safepoint: 12916 ns, Total: 92708 ns
[2025-08-24T13:58:22.320+0000][121][info ][safepoint   ] Safepoint "ICBufferFull", Time since last: 10973125 ns, Reaching safepoint: 233500 ns, Cleanup: 98209 ns, At safepoint: 9708 ns, Total: 341417 ns
[2025-08-24T13:58:22.370+0000][121][info ][safepoint   ] Safepoint "ICBufferFull", Time since last: 49654500 ns, Reaching safepoint: 6833 ns, Cleanup: 103834 ns, At safepoint: 13250 ns, Total: 123917 ns
[2025-08-24T13:58:22.429+0000][121][info ][safepoint   ] Safepoint "ICBufferFull", Time since last: 58966250 ns, Reaching safepoint: 119208 ns, Cleanup: 97500 ns, At safepoint: 10583 ns, Total: 227291 ns
[2025-08-24T13:58:22.502+0000][121][info ][safepoint   ] Safepoint "ICBufferFull", Time since last: 72940875 ns, Reaching safepoint: 2875 ns, Cleanup: 108709 ns, At safepoint: 30708 ns, Total: 142292 ns
[2025-08-24T13:58:22.585+0000][121][info ][safepoint   ] Safepoint "ICBufferFull", Time since last: 83045625 ns, Reaching safepoint: 4333 ns, Cleanup: 164500 ns, At safepoint: 12334 ns, Total: 181167 ns
[2025-08-24T13:58:22.705+0000][121][info ][safepoint   ] Safepoint "ICBufferFull", Time since last: 119403708 ns, Reaching safepoint: 3125 ns, Cleanup: 108750 ns, At safepoint: 3208 ns, Total: 115083 ns
[2025-08-24T13:58:22.751+0000][121][info ][safepoint   ] Safepoint "ICBufferFull", Time since last: 46579334 ns, Reaching safepoint: 3708 ns, Cleanup: 55792 ns, At safepoint: 9458 ns, Total: 68958 ns
[2025-08-24T13:58:22.821+0000][121][info ][safepoint   ] Safepoint "ICBufferFull", Time since last: 69174958 ns, Reaching safepoint: 236417 ns, Cleanup: 94167 ns, At safepoint: 13791 ns, Total: 344375 ns
[2025-08-24T13:58:22.890+0000][121][info ][safepoint   ] Safepoint "ICBufferFull", Time since last: 69608334 ns, Reaching safepoint: 2833 ns, Cleanup: 72917 ns, At safepoint: 2000 ns, Total: 77750 ns
[2025-08-24T13:58:23.002+0000][121][info ][safepoint   ] Safepoint "ICBufferFull", Time since last: 110692500 ns, Reaching safepoint: 518042 ns, Cleanup: 86958 ns, At safepoint: 33500 ns, Total: 638500 ns
[2025-08-24T13:58:23.153+0000][121][info ][safepoint   ] Safepoint "ICBufferFull", Time since last: 151109583 ns, Reaching safepoint: 5250 ns, Cleanup: 73750 ns, At safepoint: 9917 ns, Total: 88917 ns
[2025-08-24T13:58:23.230+0000][121][info ][safepoint   ] Safepoint "ICBufferFull", Time since last: 76239167 ns, Reaching safepoint: 524916 ns, Cleanup: 90334 ns, At safepoint: 16416 ns, Total: 631666 ns
[2025-08-24T13:58:23.340+0000][121][info ][safepoint   ] Safepoint "ICBufferFull", Time since last: 108867084 ns, Reaching safepoint: 1136625 ns, Cleanup: 87250 ns, At safepoint: 25250 ns, Total: 1249125 ns
[2025-08-24T13:58:23.354+0000][121][info ][gc,start    ] GC(14) Pause Young (Prepare Mixed) (G1 Evacuation Pause)
[2025-08-24T13:58:23.354+0000][121][info ][gc,task     ] GC(14) Using 8 workers of 8 for evacuation
[2025-08-24T13:58:23.354+0000][121][debug][gc,age      ] GC(14) Desired survivor size 41943040 bytes, new threshold 6 (max threshold 15)
[2025-08-24T13:58:23.381+0000][121][info ][gc,phases   ] GC(14)   Pre Evacuate Collection Set: 0.18ms
[2025-08-24T13:58:23.382+0000][121][info ][gc,phases   ] GC(14)   Merge Heap Roots: 0.09ms
[2025-08-24T13:58:23.382+0000][121][info ][gc,phases   ] GC(14)   Evacuate Collection Set: 25.38ms
[2025-08-24T13:58:23.382+0000][121][info ][gc,phases   ] GC(14)   Post Evacuate Collection Set: 2.07ms
[2025-08-24T13:58:23.382+0000][121][info ][gc,phases   ] GC(14)   Other: 0.14ms
[2025-08-24T13:58:23.382+0000][121][trace][gc,age      ] GC(14) Age table with threshold 6 (max threshold 15)
[2025-08-24T13:58:23.382+0000][121][trace][gc,age      ] GC(14) - age   1:   44784208 bytes,   44784208 total
[2025-08-24T13:58:23.382+0000][121][trace][gc,age      ] GC(14) - age   2:    9051128 bytes,   53835336 total
[2025-08-24T13:58:23.382+0000][121][trace][gc,age      ] GC(14) - age   3:   10397464 bytes,   64232800 total
[2025-08-24T13:58:23.382+0000][121][trace][gc,age      ] GC(14) - age   4:    9523344 bytes,   73756144 total
[2025-08-24T13:58:23.382+0000][121][trace][gc,age      ] GC(14) - age   5:    8792152 bytes,   82548296 total
[2025-08-24T13:58:23.382+0000][121][trace][gc,age      ] GC(14) - age   6:      36616 bytes,   82584912 total
[2025-08-24T13:58:23.382+0000][121][info ][gc,heap     ] GC(14) Eden regions: 139->0(133)
[2025-08-24T13:58:23.382+0000][121][info ][gc,heap     ] GC(14) Survivor regions: 14->20(20)
[2025-08-24T13:58:23.382+0000][121][info ][gc,heap     ] GC(14) Old regions: 5->9
[2025-08-24T13:58:23.382+0000][121][info ][gc,heap     ] GC(14) Humongous regions: 2->2
[2025-08-24T13:58:23.382+0000][121][info ][gc,metaspace] GC(14) Metaspace: 136926K(141056K)->136926K(141056K) NonClass: 117441K(119744K)->117441K(119744K) Class: 19485K(21312K)->19485K(21312K)
[2025-08-24T13:58:23.382+0000][121][info ][gc          ] GC(14) Pause Young (Prepare Mixed) (G1 Evacuation Pause) 633M->123M(1024M) 28.649ms
[2025-08-24T13:58:23.382+0000][121][info ][gc,cpu      ] GC(14) User=0.18s Sys=0.00s Real=0.03s
[2025-08-24T13:58:23.382+0000][121][info ][safepoint   ] Safepoint "G1CollectForAllocation", Time since last: 13552333 ns, Reaching safepoint: 17542 ns, Cleanup: 24916 ns, At safepoint: 28792834 ns, Total: 28835292 ns
[2025-08-24T13:58:23.384+0000][121][info ][gc,start    ] GC(15) Pause Young (Mixed) (G1 Evacuation Pause)
[2025-08-24T13:58:23.384+0000][121][info ][gc,task     ] GC(15) Using 8 workers of 8 for evacuation
[2025-08-24T13:58:23.384+0000][121][debug][gc,age      ] GC(15) Desired survivor size 6291456 bytes, new threshold 1 (max threshold 15)
[2025-08-24T13:58:23.407+0000][121][info ][gc,phases   ] GC(15)   Pre Evacuate Collection Set: 0.11ms
[2025-08-24T13:58:23.407+0000][121][info ][gc,phases   ] GC(15)   Merge Heap Roots: 0.27ms
[2025-08-24T13:58:23.407+0000][121][info ][gc,phases   ] GC(15)   Evacuate Collection Set: 21.24ms
[2025-08-24T13:58:23.407+0000][121][info ][gc,phases   ] GC(15)   Post Evacuate Collection Set: 1.53ms
[2025-08-24T13:58:23.407+0000][121][info ][gc,phases   ] GC(15)   Other: 0.12ms
[2025-08-24T13:58:23.408+0000][121][trace][gc,age      ] GC(15) Age table with threshold 1 (max threshold 15)
[2025-08-24T13:58:23.408+0000][121][trace][gc,age      ] GC(15) - age   1:      13768 bytes,      13768 total
[2025-08-24T13:58:23.408+0000][121][info ][gc,heap     ] GC(15) Eden regions: 1->0(151)
[2025-08-24T13:58:23.408+0000][121][info ][gc,heap     ] GC(15) Survivor regions: 20->2(3)
[2025-08-24T13:58:23.408+0000][121][info ][gc,heap     ] GC(15) Old regions: 9->30
[2025-08-24T13:58:23.408+0000][121][info ][gc,heap     ] GC(15) Humongous regions: 2->2
[2025-08-24T13:58:23.408+0000][121][info ][gc,metaspace] GC(15) Metaspace: 136926K(141056K)->136926K(141056K) NonClass: 117441K(119744K)->117441K(119744K) Class: 19485K(21312K)->19485K(21312K)
[2025-08-24T13:58:23.408+0000][121][info ][gc          ] GC(15) Pause Young (Mixed) (G1 Evacuation Pause) 127M->134M(1024M) 23.890ms
[2025-08-24T13:58:23.408+0000][121][info ][gc,cpu      ] GC(15) User=0.16s Sys=0.01s Real=0.03s
[2025-08-24T13:58:23.408+0000][121][info ][safepoint   ] Safepoint "G1CollectForAllocation", Time since last: 283500 ns, Reaching safepoint: 1305666 ns, Cleanup: 2292 ns, At safepoint: 24006375 ns, Total: 25314333 ns
[2025-08-24T13:58:23.500+0000][121][info ][safepoint   ] Safepoint "ICBufferFull", Time since last: 91611833 ns, Reaching safepoint: 5209 ns, Cleanup: 87500 ns, At safepoint: 4291 ns, Total: 97000 ns
[2025-08-24T13:58:23.597+0000][121][info ][safepoint   ] Safepoint "ICBufferFull", Time since last: 95936376 ns, Reaching safepoint: 1086916 ns, Cleanup: 82375 ns, At safepoint: 43917 ns, Total: 1213208 ns
[2025-08-24T13:58:23.713+0000][121][info ][safepoint   ] Safepoint "ICBufferFull", Time since last: 116215750 ns, Reaching safepoint: 5792 ns, Cleanup: 71291 ns, At safepoint: 13167 ns, Total: 90250 ns
[2025-08-24T13:58:23.809+0000][121][info ][safepoint   ] Safepoint "ICBufferFull", Time since last: 96023958 ns, Reaching safepoint: 5750 ns, Cleanup: 63834 ns, At safepoint: 4208 ns, Total: 73792 ns
[2025-08-24T13:58:23.892+0000][121][info ][safepoint   ] Safepoint "ICBufferFull", Time since last: 82349333 ns, Reaching safepoint: 5292 ns, Cleanup: 104000 ns, At safepoint: 4833 ns, Total: 114125 ns
[2025-08-24T13:58:24.025+0000][121][info ][safepoint   ] Safepoint "ICBufferFull", Time since last: 133234250 ns, Reaching safepoint: 5667 ns, Cleanup: 103625 ns, At safepoint: 8167 ns, Total: 117459 ns
[2025-08-24T13:58:25.026+0000][121][info ][safepoint   ] Safepoint "Cleanup", Time since last: 1001155500 ns, Reaching safepoint: 52209 ns, Cleanup: 84541 ns, At safepoint: 15584 ns, Total: 152334 ns
[2025-08-24T13:58:27.031+0000][121][info ][safepoint   ] Safepoint "Cleanup", Time since last: 2004167876 ns, Reaching safepoint: 21875 ns, Cleanup: 18750 ns, At safepoint: 13583 ns, Total: 54208 ns
[2025-08-24T13:58:28.032+0000][121][info ][safepoint   ] Safepoint "Cleanup", Time since last: 1001556584 ns, Reaching safepoint: 46166 ns, Cleanup: 66625 ns, At safepoint: 29084 ns, Total: 141875 ns
[2025-08-24T13:58:29.035+0000][121][info ][safepoint   ] Safepoint "Cleanup", Time since last: 1001628958 ns, Reaching safepoint: 1004459 ns, Cleanup: 42208 ns, At safepoint: 18000 ns, Total: 1064667 ns
[2025-08-24T13:58:31.041+0000][121][info ][safepoint   ] Safepoint "Cleanup", Time since last: 2005294334 ns, Reaching safepoint: 56958 ns, Cleanup: 50167 ns, At safepoint: 20333 ns, Total: 127458 ns
[2025-08-24T13:58:33.043+0000][121][info ][safepoint   ] Safepoint "Cleanup", Time since last: 2002680584 ns, Reaching safepoint: 46875 ns, Cleanup: 37209 ns, At safepoint: 15750 ns, Total: 99834 ns
[2025-08-24T13:58:34.046+0000][121][info ][safepoint   ] Safepoint "Cleanup", Time since last: 1002065792 ns, Reaching safepoint: 46708 ns, Cleanup: 68667 ns, At safepoint: 23958 ns, Total: 139333 ns
[2025-08-24T13:58:35.048+0000][121][info ][safepoint   ] Safepoint "Cleanup", Time since last: 1002568417 ns, Reaching safepoint: 11500 ns, Cleanup: 13417 ns, At safepoint: 13708 ns, Total: 38625 ns
[2025-08-24T13:58:36.050+0000][121][info ][safepoint   ] Safepoint "Cleanup", Time since last: 1001361209 ns, Reaching safepoint: 47458 ns, Cleanup: 32709 ns, At safepoint: 40458 ns, Total: 120625 ns
[2025-08-24T13:58:39.054+0000][121][info ][safepoint   ] Safepoint "Cleanup", Time since last: 3004044918 ns, Reaching safepoint: 48709 ns, Cleanup: 59416 ns, At safepoint: 14542 ns, Total: 122667 ns
[2025-08-24T13:58:41.057+0000][121][info ][safepoint   ] Safepoint "Cleanup", Time since last: 2003222709 ns, Reaching safepoint: 24125 ns, Cleanup: 27542 ns, At safepoint: 8833 ns, Total: 60500 ns
[2025-08-24T13:58:44.060+0000][121][info ][safepoint   ] Safepoint "Cleanup", Time since last: 3002849127 ns, Reaching safepoint: 46791 ns, Cleanup: 43167 ns, At safepoint: 17875 ns, Total: 107833 ns
[2025-08-24T13:58:53.072+0000][121][info ][safepoint   ] Safepoint "Cleanup", Time since last: 9012138879 ns, Reaching safepoint: 68084 ns, Cleanup: 65000 ns, At safepoint: 27083 ns, Total: 160167 ns
[2025-08-24T13:58:54.073+0000][121][info ][safepoint   ] Safepoint "Cleanup", Time since last: 1000919959 ns, Reaching safepoint: 10250 ns, Cleanup: 33916 ns, At safepoint: 5084 ns, Total: 49250 ns
[2025-08-24T13:58:55.076+0000][121][info ][safepoint   ] Safepoint "Cleanup", Time since last: 1002338459 ns, Reaching safepoint: 299125 ns, Cleanup: 52875 ns, At safepoint: 21583 ns, Total: 373583 ns
[2025-08-24T13:58:56.077+0000][121][info ][safepoint   ] Safepoint "Cleanup", Time since last: 1001052417 ns, Reaching safepoint: 54000 ns, Cleanup: 58875 ns, At safepoint: 14583 ns, Total: 127458 ns
[2025-08-24T13:59:00.083+0000][121][info ][safepoint   ] Safepoint "Cleanup", Time since last: 4005571752 ns, Reaching safepoint: 164416 ns, Cleanup: 49917 ns, At safepoint: 19917 ns, Total: 234250 ns
[2025-08-24T13:59:05.089+0000][121][info ][safepoint   ] Safepoint "Cleanup", Time since last: 5005813502 ns, Reaching safepoint: 12500 ns, Cleanup: 15750 ns, At safepoint: 5375 ns, Total: 33625 ns
[2025-08-24T13:59:08.092+0000][121][info ][safepoint   ] Safepoint "Cleanup", Time since last: 3003205501 ns, Reaching safepoint: 55042 ns, Cleanup: 46125 ns, At safepoint: 11125 ns, Total: 112292 ns
[2025-08-24T13:59:10.095+0000][121][info ][safepoint   ] Safepoint "Cleanup", Time since last: 2003357501 ns, Reaching safepoint: 61958 ns, Cleanup: 49459 ns, At safepoint: 15083 ns, Total: 126500 ns
[2025-08-24T13:59:11.098+0000][121][info ][safepoint   ] Safepoint "Cleanup", Time since last: 1002132501 ns, Reaching safepoint: 91458 ns, Cleanup: 53250 ns, At safepoint: 15167 ns, Total: 159875 ns
[2025-08-24T13:59:15.102+0000][121][info ][safepoint   ] Safepoint "Cleanup", Time since last: 4003956085 ns, Reaching safepoint: 144458 ns, Cleanup: 38083 ns, At safepoint: 24167 ns, Total: 206708 ns
[2025-08-24T13:59:16.251+0000][121][info ][safepoint   ] Safepoint "Cleanup", Time since last: 1148654209 ns, Reaching safepoint: 87583 ns, Cleanup: 47875 ns, At safepoint: 12750 ns, Total: 148208 ns
[2025-08-24T13:59:22.259+0000][121][info ][safepoint   ] Safepoint "Cleanup", Time since last: 6008116545 ns, Reaching safepoint: 71708 ns, Cleanup: 52000 ns, At safepoint: 22459 ns, Total: 146167 ns
[2025-08-24T13:59:23.261+0000][121][info ][safepoint   ] Safepoint "Cleanup", Time since last: 1001585917 ns, Reaching safepoint: 94500 ns, Cleanup: 67333 ns, At safepoint: 13667 ns, Total: 175500 ns
[2025-08-24T13:59:24.262+0000][121][info ][safepoint   ] Safepoint "Cleanup", Time since last: 1001062542 ns, Reaching safepoint: 63083 ns, Cleanup: 55959 ns, At safepoint: 14375 ns, Total: 133417 ns
[2025-08-24T13:59:34.279+0000][121][info ][safepoint   ] Safepoint "Cleanup", Time since last: 10014918670 ns, Reaching safepoint: 1262959 ns, Cleanup: 118208 ns, At safepoint: 63958 ns, Total: 1445125 ns
[2025-08-24T13:59:35.282+0000][121][info ][safepoint   ] Safepoint "Cleanup", Time since last: 1002463751 ns, Reaching safepoint: 31958 ns, Cleanup: 39167 ns, At safepoint: 12916 ns, Total: 84041 ns
[2025-08-24T13:59:41.289+0000][121][info ][safepoint   ] Safepoint "Cleanup", Time since last: 6007059003 ns, Reaching safepoint: 80250 ns, Cleanup: 53000 ns, At safepoint: 32459 ns, Total: 165709 ns
[2025-08-24T13:59:42.295+0000][121][info ][safepoint   ] Safepoint "Cleanup", Time since last: 1006237625 ns, Reaching safepoint: 11875 ns, Cleanup: 15042 ns, At safepoint: 5791 ns, Total: 32708 ns
[2025-08-24T13:59:46.302+0000][121][info ][safepoint   ] Safepoint "Cleanup", Time since last: 4006713252 ns, Reaching safepoint: 156250 ns, Cleanup: 70917 ns, At safepoint: 22417 ns, Total: 249584 ns
[2025-08-24T13:59:51.309+0000][121][info ][safepoint   ] Safepoint "Cleanup", Time since last: 5006655960 ns, Reaching safepoint: 286375 ns, Cleanup: 29375 ns, At safepoint: 17584 ns, Total: 333334 ns
[2025-08-24T13:59:53.314+0000][121][info ][safepoint   ] Safepoint "Cleanup", Time since last: 2004762209 ns, Reaching safepoint: 33167 ns, Cleanup: 50791 ns, At safepoint: 10709 ns, Total: 94667 ns
[2025-08-24T13:59:54.315+0000][121][info ][safepoint   ] Safepoint "Cleanup", Time since last: 1001218834 ns, Reaching safepoint: 60791 ns, Cleanup: 62125 ns, At safepoint: 13417 ns, Total: 136333 ns
[2025-08-24T13:59:56.318+0000][121][info ][safepoint   ] Safepoint "Cleanup", Time since last: 2002936251 ns, Reaching safepoint: 66291 ns, Cleanup: 47375 ns, At safepoint: 16250 ns, Total: 129916 ns
[2025-08-24T14:00:02.329+0000][121][info ][safepoint   ] Safepoint "Cleanup", Time since last: 6010088086 ns, Reaching safepoint: 68416 ns, Cleanup: 51792 ns, At safepoint: 23083 ns, Total: 143291 ns
[2025-08-24T14:00:06.336+0000][121][info ][safepoint   ] Safepoint "Cleanup", Time since last: 4006635711 ns, Reaching safepoint: 65333 ns, Cleanup: 58792 ns, At safepoint: 24875 ns, Total: 149000 ns
[2025-08-24T14:00:11.344+0000][121][info ][safepoint   ] Safepoint "Cleanup", Time since last: 5007782835 ns, Reaching safepoint: 54834 ns, Cleanup: 51708 ns, At safepoint: 20208 ns, Total: 126750 ns
[2025-08-24T14:00:15.349+0000][121][info ][safepoint   ] Safepoint "Cleanup", Time since last: 4005255169 ns, Reaching safepoint: 52542 ns, Cleanup: 38750 ns, At safepoint: 18583 ns, Total: 109875 ns
[2025-08-24T14:00:23.478+0000][121][info ][safepoint   ] Safepoint "Cleanup", Time since last: 8127980212 ns, Reaching safepoint: 1003917 ns, Cleanup: 35333 ns, At safepoint: 44708 ns, Total: 1083958 ns
[2025-08-24T14:00:24.481+0000][121][info ][safepoint   ] Safepoint "Cleanup", Time since last: 1002452043 ns, Reaching safepoint: 31000 ns, Cleanup: 27958 ns, At safepoint: 11042 ns, Total: 70000 ns
[2025-08-24T14:00:26.483+0000][121][info ][safepoint   ] Safepoint "Cleanup", Time since last: 2002376876 ns, Reaching safepoint: 101791 ns, Cleanup: 84209 ns, At safepoint: 39583 ns, Total: 225583 ns
[2025-08-24T14:00:27.485+0000][121][info ][safepoint   ] Safepoint "Cleanup", Time since last: 1001756875 ns, Reaching safepoint: 66500 ns, Cleanup: 77292 ns, At safepoint: 21875 ns, Total: 165667 ns
[2025-08-24T14:00:28.489+0000][121][info ][safepoint   ] Safepoint "Cleanup", Time since last: 1003318417 ns, Reaching safepoint: 54000 ns, Cleanup: 50959 ns, At safepoint: 18666 ns, Total: 123625 ns
[2025-08-24T14:00:29.491+0000][121][info ][safepoint   ] Safepoint "Cleanup", Time since last: 1001530625 ns, Reaching safepoint: 56375 ns, Cleanup: 47250 ns, At safepoint: 14834 ns, Total: 118459 ns
[2025-08-24T14:00:37.502+0000][121][info ][safepoint   ] Safepoint "Cleanup", Time since last: 8011296295 ns, Reaching safepoint: 166292 ns, Cleanup: 48708 ns, At safepoint: 19209 ns, Total: 234209 ns
[2025-08-24T14:00:39.506+0000][121][info ][safepoint   ] Safepoint "Cleanup", Time since last: 2003974000 ns, Reaching safepoint: 75000 ns, Cleanup: 30459 ns, At safepoint: 20375 ns, Total: 125834 ns
[2025-08-24T14:00:46.520+0000][121][info ][safepoint   ] Safepoint "Cleanup", Time since last: 7014046461 ns, Reaching safepoint: 55125 ns, Cleanup: 48167 ns, At safepoint: 21250 ns, Total: 124542 ns
[2025-08-24T14:00:47.523+0000][121][info ][safepoint   ] Safepoint "Cleanup", Time since last: 1002566376 ns, Reaching safepoint: 114833 ns, Cleanup: 99083 ns, At safepoint: 24000 ns, Total: 237916 ns
[2025-08-24T14:00:51.527+0000][121][info ][safepoint   ] Safepoint "Cleanup", Time since last: 4004046502 ns, Reaching safepoint: 49792 ns, Cleanup: 51167 ns, At safepoint: 20833 ns, Total: 121792 ns
[2025-08-24T14:00:53.533+0000][121][info ][safepoint   ] Safepoint "Cleanup", Time since last: 2005354001 ns, Reaching safepoint: 63458 ns, Cleanup: 60833 ns, At safepoint: 39250 ns, Total: 163541 ns
[2025-08-24T14:00:54.535+0000][121][info ][safepoint   ] Safepoint "Cleanup", Time since last: 1001722751 ns, Reaching safepoint: 53750 ns, Cleanup: 57375 ns, At safepoint: 16667 ns, Total: 127792 ns
[2025-08-24T14:01:01.544+0000][121][info ][safepoint   ] Safepoint "Cleanup", Time since last: 7009565669 ns, Reaching safepoint: 67333 ns, Cleanup: 66000 ns, At safepoint: 15042 ns, Total: 148375 ns
[2025-08-24T14:01:02.546+0000][121][info ][safepoint   ] Safepoint "Cleanup", Time since last: 1001264875 ns, Reaching safepoint: 161958 ns, Cleanup: 75292 ns, At safepoint: 38542 ns, Total: 275792 ns
[2025-08-24T14:01:15.564+0000][121][info ][safepoint   ] Safepoint "Cleanup", Time since last: 13017419214 ns, Reaching safepoint: 82417 ns, Cleanup: 47458 ns, At safepoint: 17667 ns, Total: 147542 ns
[2025-08-24T14:01:22.724+0000][121][info ][safepoint   ] Safepoint "Cleanup", Time since last: 7159875670 ns, Reaching safepoint: 22542 ns, Cleanup: 24958 ns, At safepoint: 7250 ns, Total: 54750 ns
[2025-08-24T14:01:23.724+0000][121][info ][safepoint   ] Safepoint "Cleanup", Time since last: 1000750001 ns, Reaching safepoint: 23333 ns, Cleanup: 26042 ns, At safepoint: 13250 ns, Total: 62625 ns
[2025-08-24T14:01:24.726+0000][121][info ][safepoint   ] Safepoint "Cleanup", Time since last: 1001787083 ns, Reaching safepoint: 28500 ns, Cleanup: 68334 ns, At safepoint: 10458 ns, Total: 107292 ns
[2025-08-24T14:01:31.736+0000][121][info ][safepoint   ] Safepoint "Cleanup", Time since last: 7009590836 ns, Reaching safepoint: 52666 ns, Cleanup: 53375 ns, At safepoint: 28375 ns, Total: 134416 ns
[2025-08-24T14:01:32.738+0000][121][info ][safepoint   ] Safepoint "Cleanup", Time since last: 1001951126 ns, Reaching safepoint: 58833 ns, Cleanup: 43917 ns, At safepoint: 16958 ns, Total: 119708 ns
[2025-08-24T14:01:44.754+0000][121][info ][safepoint   ] Safepoint "Cleanup", Time since last: 12015040464 ns, Reaching safepoint: 8375 ns, Cleanup: 7709 ns, At safepoint: 3541 ns, Total: 19625 ns
[2025-08-24T14:01:53.770+0000][121][info ][safepoint   ] Safepoint "Cleanup", Time since last: 9016716380 ns, Reaching safepoint: 38250 ns, Cleanup: 63833 ns, At safepoint: 15083 ns, Total: 117166 ns
[2025-08-24T14:01:54.773+0000][121][info ][safepoint   ] Safepoint "Cleanup", Time since last: 1002605626 ns, Reaching safepoint: 40458 ns, Cleanup: 178375 ns, At safepoint: 26208 ns, Total: 245041 ns
[2025-08-24T14:02:22.887+0000][121][info ][safepoint   ] Safepoint "Cleanup", Time since last: 28113184846 ns, Reaching safepoint: 38209 ns, Cleanup: 52875 ns, At safepoint: 17250 ns, Total: 108334 ns
[2025-08-24T14:02:23.891+0000][121][info ][safepoint   ] Safepoint "Cleanup", Time since last: 1004521250 ns, Reaching safepoint: 60542 ns, Cleanup: 38208 ns, At safepoint: 16833 ns, Total: 115583 ns
[2025-08-24T14:02:25.895+0000][121][info ][safepoint   ] Safepoint "Cleanup", Time since last: 2003665876 ns, Reaching safepoint: 31042 ns, Cleanup: 26833 ns, At safepoint: 9792 ns, Total: 67667 ns
[2025-08-24T14:02:52.932+0000][121][info ][safepoint   ] Safepoint "Cleanup", Time since last: 27036407304 ns, Reaching safepoint: 518416 ns, Cleanup: 82167 ns, At safepoint: 20875 ns, Total: 621458 ns
[2025-08-24T14:02:53.936+0000][121][info ][safepoint   ] Safepoint "Cleanup", Time since last: 1003406125 ns, Reaching safepoint: 10334 ns, Cleanup: 18416 ns, At safepoint: 9209 ns, Total: 37959 ns
[2025-08-24T14:03:15.968+0000][121][info ][safepoint   ] Safepoint "Cleanup", Time since last: 22031550885 ns, Reaching safepoint: 95791 ns, Cleanup: 26834 ns, At safepoint: 26708 ns, Total: 149333 ns
[2025-08-24T14:03:23.008+0000][121][info ][safepoint   ] Safepoint "Cleanup", Time since last: 7039973295 ns, Reaching safepoint: 24208 ns, Cleanup: 73584 ns, At safepoint: 7958 ns, Total: 105750 ns
[2025-08-24T14:03:24.009+0000][121][info ][safepoint   ] Safepoint "Cleanup", Time since last: 1000811959 ns, Reaching safepoint: 31041 ns, Cleanup: 48292 ns, At safepoint: 13417 ns, Total: 92750 ns
[2025-08-24T14:03:25.674+0000][121][info ][safepoint   ] Safepoint "Cleanup", Time since last: 1665351959 ns, Reaching safepoint: 3708 ns, Cleanup: 8292 ns, At safepoint: 1666 ns, Total: 13666 ns
[2025-08-24T14:03:26.677+0000][121][info ][safepoint   ] Safepoint "Cleanup", Time since last: 1002875668 ns, Reaching safepoint: 23208 ns, Cleanup: 55667 ns, At safepoint: 8708 ns, Total: 87583 ns
[2025-08-24T14:03:32.684+0000][121][info ][safepoint   ] Safepoint "Cleanup", Time since last: 6007321544 ns, Reaching safepoint: 26917 ns, Cleanup: 25000 ns, At safepoint: 9166 ns, Total: 61083 ns
[2025-08-24T14:03:38.692+0000][121][info ][safepoint   ] Safepoint "Cleanup", Time since last: 6007222211 ns, Reaching safepoint: 65292 ns, Cleanup: 22958 ns, At safepoint: 17542 ns, Total: 105792 ns
[2025-08-24T14:03:42.698+0000][121][info ][safepoint   ] Safepoint "Cleanup", Time since last: 4006586377 ns, Reaching safepoint: 55542 ns, Cleanup: 28333 ns, At safepoint: 15208 ns, Total: 99083 ns
[2025-08-24T14:03:52.715+0000][121][info ][safepoint   ] Safepoint "Cleanup", Time since last: 10016139505 ns, Reaching safepoint: 399917 ns, Cleanup: 74166 ns, At safepoint: 69917 ns, Total: 544000 ns
[2025-08-24T14:03:53.717+0000][121][info ][safepoint   ] Safepoint "Cleanup", Time since last: 1001483542 ns, Reaching safepoint: 48584 ns, Cleanup: 108958 ns, At safepoint: 17250 ns, Total: 174792 ns
[2025-08-24T14:03:58.724+0000][121][info ][safepoint   ] Safepoint "Cleanup", Time since last: 5006855502 ns, Reaching safepoint: 57209 ns, Cleanup: 51833 ns, At safepoint: 18458 ns, Total: 127500 ns
[2025-08-24T14:04:23.076+0000][121][info ][safepoint   ] Safepoint "Cleanup", Time since last: 24351049969 ns, Reaching safepoint: 105584 ns, Cleanup: 89083 ns, At safepoint: 33125 ns, Total: 227792 ns
[2025-08-24T14:04:24.138+0000][121][info ][safepoint   ] Safepoint "Cleanup", Time since last: 1062099709 ns, Reaching safepoint: 15791 ns, Cleanup: 43875 ns, At safepoint: 9375 ns, Total: 69041 ns
[2025-08-24T14:04:31.148+0000][121][info ][safepoint   ] Safepoint "Cleanup", Time since last: 7009822295 ns, Reaching safepoint: 300833 ns, Cleanup: 66958 ns, At safepoint: 20250 ns, Total: 388041 ns
[2025-08-24T14:04:46.172+0000][121][info ][safepoint   ] Safepoint "Cleanup", Time since last: 15023709049 ns, Reaching safepoint: 71417 ns, Cleanup: 58583 ns, At safepoint: 17667 ns, Total: 147667 ns
[2025-08-24T14:04:53.180+0000][121][info ][safepoint   ] Safepoint "Cleanup", Time since last: 7008334462 ns, Reaching safepoint: 136416 ns, Cleanup: 17917 ns, At safepoint: 20917 ns, Total: 175250 ns
[2025-08-24T14:05:16.217+0000][121][info ][safepoint   ] Safepoint "Cleanup", Time since last: 23037050885 ns, Reaching safepoint: 16333 ns, Cleanup: 39042 ns, At safepoint: 19625 ns, Total: 75000 ns
[2025-08-24T14:05:23.228+0000][121][info ][safepoint   ] Safepoint "Cleanup", Time since last: 7010094878 ns, Reaching safepoint: 55500 ns, Cleanup: 1509334 ns, At safepoint: 27458 ns, Total: 1592292 ns
[2025-08-24T14:05:25.232+0000][121][info ][safepoint   ] Safepoint "Cleanup", Time since last: 2003391251 ns, Reaching safepoint: 27625 ns, Cleanup: 25458 ns, At safepoint: 9542 ns, Total: 62625 ns
[2025-08-24T14:05:46.264+0000][121][info ][safepoint   ] Safepoint "Cleanup", Time since last: 21029637718 ns, Reaching safepoint: 777667 ns, Cleanup: 127250 ns, At safepoint: 33125 ns, Total: 938042 ns
[2025-08-24T14:05:51.274+0000][121][info ][safepoint   ] Safepoint "Cleanup", Time since last: 5009701919 ns, Reaching safepoint: 44583 ns, Cleanup: 35917 ns, At safepoint: 9708 ns, Total: 90208 ns
[2025-08-24T14:05:53.276+0000][121][info ][safepoint   ] Safepoint "Cleanup", Time since last: 2002286001 ns, Reaching safepoint: 46667 ns, Cleanup: 53916 ns, At safepoint: 13542 ns, Total: 114125 ns
[2025-08-24T14:05:54.277+0000][121][info ][safepoint   ] Safepoint "Cleanup", Time since last: 1000925084 ns, Reaching safepoint: 127541 ns, Cleanup: 67500 ns, At safepoint: 16084 ns, Total: 211125 ns
[2025-08-24T14:06:02.289+0000][121][info ][safepoint   ] Safepoint "Cleanup", Time since last: 8010998795 ns, Reaching safepoint: 63333 ns, Cleanup: 69334 ns, At safepoint: 16166 ns, Total: 148833 ns
[2025-08-24T14:06:12.302+0000][121][info ][safepoint   ] Safepoint "Cleanup", Time since last: 10013412713 ns, Reaching safepoint: 196250 ns, Cleanup: 104459 ns, At safepoint: 22166 ns, Total: 322875 ns
[2025-08-24T14:06:16.309+0000][121][info ][safepoint   ] Safepoint "Cleanup", Time since last: 4006364877 ns, Reaching safepoint: 22334 ns, Cleanup: 20708 ns, At safepoint: 16583 ns, Total: 59625 ns
[2025-08-24T14:06:22.421+0000][121][info ][safepoint   ] Safepoint "Cleanup", Time since last: 6112131587 ns, Reaching safepoint: 76500 ns, Cleanup: 47708 ns, At safepoint: 19625 ns, Total: 143833 ns
[2025-08-24T14:06:23.423+0000][121][info ][safepoint   ] Safepoint "Cleanup", Time since last: 1002028000 ns, Reaching safepoint: 49792 ns, Cleanup: 52875 ns, At safepoint: 15125 ns, Total: 117792 ns
[2025-08-24T14:06:24.425+0000][121][info ][safepoint   ] Safepoint "Cleanup", Time since last: 1001790792 ns, Reaching safepoint: 64292 ns, Cleanup: 89333 ns, At safepoint: 21125 ns, Total: 174750 ns
[2025-08-24T14:06:53.468+0000][121][info ][safepoint   ] Safepoint "Cleanup", Time since last: 29042353764 ns, Reaching safepoint: 53083 ns, Cleanup: 44833 ns, At safepoint: 14917 ns, Total: 112833 ns
[2025-08-24T14:07:23.619+0000][121][info ][safepoint   ] Safepoint "Cleanup", Time since last: 30149502389 ns, Reaching safepoint: 876750 ns, Cleanup: 51042 ns, At safepoint: 36500 ns, Total: 964292 ns
[2025-08-24T14:07:26.623+0000][121][info ][safepoint   ] Safepoint "Cleanup", Time since last: 3004197335 ns, Reaching safepoint: 153541 ns, Cleanup: 50792 ns, At safepoint: 25375 ns, Total: 229708 ns
[2025-08-24T14:07:29.143+0000][121][info ][safepoint   ] Safepoint "Cleanup", Time since last: 2518296043 ns, Reaching safepoint: 1236791 ns, Cleanup: 30167 ns, At safepoint: 30292 ns, Total: 1297250 ns
[2025-08-24T14:07:30.217+0000][121][info ][safepoint   ] Safepoint "Cleanup", Time since last: 1073019250 ns, Reaching safepoint: 27750 ns, Cleanup: 285625 ns, At safepoint: 25167 ns, Total: 338542 ns
[2025-08-24T14:07:31.178+0000][121][info ][gc,heap,exit] Heap
[2025-08-24T14:07:31.179+0000][121][info ][gc,heap,exit]  garbage-first heap   total reserved 1048576K, committed 1048576K, used 489717K [0x00000000c0000000, 0x0000000100000000)
[2025-08-24T14:07:31.179+0000][121][info ][gc,heap,exit]   region size 4096K, 88 young (360448K), 2 survivors (8192K)
[2025-08-24T14:07:31.179+0000][121][info ][gc,heap,exit]  Metaspace       used 141050K, committed 145152K, reserved 1179648K
[2025-08-24T14:07:31.179+0000][121][info ][gc,heap,exit]   class space    used 19939K, committed 21760K, reserved 1048576K
