[2025-08-27T03:43:40.096+0000][121][info][gc,init] CardTable entry size: 512
[2025-08-27T03:43:40.096+0000][121][info][gc     ] Using G1
[2025-08-27T03:43:40.461+0000][121][info][gc,init] Version: 22.0.1+8-16 (release)
[2025-08-27T03:43:40.461+0000][121][info][gc,init] CPUs: 8 total, 8 available
[2025-08-27T03:43:40.461+0000][121][info][gc,init] Memory: 7837M
[2025-08-27T03:43:40.461+0000][121][info][gc,init] Large Page Support: Disabled
[2025-08-27T03:43:40.461+0000][121][info][gc,init] NUMA Support: Disabled
[2025-08-27T03:43:40.461+0000][121][info][gc,init] Compressed Oops: Enabled (32-bit)
[2025-08-27T03:43:40.461+0000][121][info][gc,init] Heap Region Size: 4M
[2025-08-27T03:43:40.461+0000][121][info][gc,init] Heap Min Capacity: 1G
[2025-08-27T03:43:40.461+0000][121][info][gc,init] Heap Initial Capacity: 1G
[2025-08-27T03:43:40.461+0000][121][info][gc,init] Heap Max Capacity: 1G
[2025-08-27T03:43:40.461+0000][121][info][gc,init] Pre-touch: Enabled
[2025-08-27T03:43:40.461+0000][121][info][gc,init] Parallel Workers: 8
[2025-08-27T03:43:40.461+0000][121][info][gc,init] Concurrent Workers: 2
[2025-08-27T03:43:40.461+0000][121][info][gc,init] Concurrent Refinement Workers: 8
[2025-08-27T03:43:40.461+0000][121][info][gc,init] Periodic GC: Disabled
[2025-08-27T03:43:40.472+0000][121][info][gc,metaspace] CDS archive(s) mapped at: [0x00000ff800000000-0x00000ff800c80000-0x00000ff800c80000), size 13107200, SharedBaseAddress: 0x00000ff800000000, ArchiveRelocationMode: 1.
[2025-08-27T03:43:40.472+0000][121][info][gc,metaspace] Compressed class space mapped at: 0x00000ff801000000-0x00000ff841000000, reserved size: 1073741824
[2025-08-27T03:43:40.472+0000][121][info][gc,metaspace] Narrow klass base: 0x00000ff800000000, Narrow klass shift: 0, Narrow klass range: 0x100000000
[2025-08-27T03:43:40.551+0000][121][info][safepoint   ] Safepoint "ICBufferFull", Time since last: 76088000 ns, Reaching safepoint: 2167 ns, Cleanup: 67583 ns, At safepoint: 7375 ns, Total: 77125 ns
[2025-08-27T03:43:40.643+0000][121][info][safepoint   ] Safepoint "ICBufferFull", Time since last: 92266125 ns, Reaching safepoint: 2209 ns, Cleanup: 64541 ns, At safepoint: 8000 ns, Total: 74750 ns
[2025-08-27T03:43:40.761+0000][121][info][safepoint   ] Safepoint "ICBufferFull", Time since last: 117466167 ns, Reaching safepoint: 265083 ns, Cleanup: 59417 ns, At safepoint: 7042 ns, Total: 331542 ns
[2025-08-27T03:43:40.842+0000][121][info][safepoint   ] Safepoint "ICBufferFull", Time since last: 81033541 ns, Reaching safepoint: 2125 ns, Cleanup: 63500 ns, At safepoint: 3834 ns, Total: 69459 ns
[2025-08-27T03:43:40.851+0000][121][info][gc,start    ] GC(0) Pause Young (Normal) (G1 Evacuation Pause)
[2025-08-27T03:43:40.851+0000][121][info][gc,task     ] GC(0) Using 8 workers of 8 for evacuation
[2025-08-27T03:43:40.851+0000][121][debug][gc,age      ] GC(0) Desired survivor size 4194304 bytes, new threshold 15 (max threshold 15)
[2025-08-27T03:43:40.854+0000][121][info ][gc,phases   ] GC(0)   Pre Evacuate Collection Set: 0.19ms
[2025-08-27T03:43:40.854+0000][121][info ][gc,phases   ] GC(0)   Merge Heap Roots: 0.07ms
[2025-08-27T03:43:40.854+0000][121][info ][gc,phases   ] GC(0)   Evacuate Collection Set: 1.99ms
[2025-08-27T03:43:40.854+0000][121][info ][gc,phases   ] GC(0)   Post Evacuate Collection Set: 0.26ms
[2025-08-27T03:43:40.854+0000][121][info ][gc,phases   ] GC(0)   Other: 0.09ms
[2025-08-27T03:43:40.854+0000][121][trace][gc,age      ] GC(0) Age table with threshold 15 (max threshold 15)
[2025-08-27T03:43:40.854+0000][121][trace][gc,age      ] GC(0) - age   1:    4675616 bytes,    4675616 total
[2025-08-27T03:43:40.854+0000][121][info ][gc,heap     ] GC(0) Eden regions: 12->0(22)
[2025-08-27T03:43:40.854+0000][121][info ][gc,heap     ] GC(0) Survivor regions: 0->2(2)
[2025-08-27T03:43:40.854+0000][121][info ][gc,heap     ] GC(0) Old regions: 1->1
[2025-08-27T03:43:40.854+0000][121][info ][gc,heap     ] GC(0) Humongous regions: 0->0
[2025-08-27T03:43:40.854+0000][121][info ][gc,metaspace] GC(0) Metaspace: 7258K(7488K)->7258K(7488K) NonClass: 6391K(6528K)->6391K(6528K) Class: 867K(960K)->867K(960K)
[2025-08-27T03:43:40.854+0000][121][info ][gc          ] GC(0) Pause Young (Normal) (G1 Evacuation Pause) 49M->5M(1024M) 3.022ms
[2025-08-27T03:43:40.854+0000][121][info ][gc,cpu      ] GC(0) User=0.01s Sys=0.00s Real=0.00s
[2025-08-27T03:43:40.854+0000][121][info ][safepoint   ] Safepoint "G1CollectForAllocation", Time since last: 8452541 ns, Reaching safepoint: 1417 ns, Cleanup: 17625 ns, At safepoint: 3079458 ns, Total: 3098500 ns
[2025-08-27T03:43:40.936+0000][121][info ][safepoint   ] Safepoint "ICBufferFull", Time since last: 81529167 ns, Reaching safepoint: 726333 ns, Cleanup: 70792 ns, At safepoint: 10583 ns, Total: 807708 ns
[2025-08-27T03:43:40.984+0000][121][info ][safepoint   ] Safepoint "ICBufferFull", Time since last: 47792667 ns, Reaching safepoint: 119250 ns, Cleanup: 274375 ns, At safepoint: 11792 ns, Total: 405417 ns
[2025-08-27T03:43:41.141+0000][121][info ][safepoint   ] Safepoint "ICBufferFull", Time since last: 156330792 ns, Reaching safepoint: 377833 ns, Cleanup: 125208 ns, At safepoint: 11209 ns, Total: 514250 ns
[2025-08-27T03:43:41.583+0000][121][info ][safepoint   ] Safepoint "ICBufferFull", Time since last: 441910500 ns, Reaching safepoint: 2166 ns, Cleanup: 81375 ns, At safepoint: 4084 ns, Total: 87625 ns
[2025-08-27T03:43:41.625+0000][121][info ][safepoint   ] Safepoint "ICBufferFull", Time since last: 41823791 ns, Reaching safepoint: 2167 ns, Cleanup: 84292 ns, At safepoint: 3333 ns, Total: 89792 ns
[2025-08-27T03:43:41.768+0000][121][info ][safepoint   ] Safepoint "ICBufferFull", Time since last: 142555542 ns, Reaching safepoint: 3000 ns, Cleanup: 102125 ns, At safepoint: 9042 ns, Total: 114167 ns
[2025-08-27T03:43:41.973+0000][121][info ][gc,start    ] GC(1) Pause Young (Normal) (G1 Evacuation Pause)
[2025-08-27T03:43:41.973+0000][121][info ][gc,task     ] GC(1) Using 8 workers of 8 for evacuation
[2025-08-27T03:43:41.973+0000][121][debug][gc,age      ] GC(1) Desired survivor size 6291456 bytes, new threshold 15 (max threshold 15)
[2025-08-27T03:43:41.984+0000][121][info ][gc,phases   ] GC(1)   Pre Evacuate Collection Set: 0.30ms
[2025-08-27T03:43:41.984+0000][121][info ][gc,phases   ] GC(1)   Merge Heap Roots: 0.12ms
[2025-08-27T03:43:41.985+0000][121][info ][gc,phases   ] GC(1)   Evacuate Collection Set: 9.49ms
[2025-08-27T03:43:41.985+0000][121][info ][gc,phases   ] GC(1)   Post Evacuate Collection Set: 1.07ms
[2025-08-27T03:43:41.985+0000][121][info ][gc,phases   ] GC(1)   Other: 0.22ms
[2025-08-27T03:43:41.985+0000][121][trace][gc,age      ] GC(1) Age table with threshold 15 (max threshold 15)
[2025-08-27T03:43:41.985+0000][121][trace][gc,age      ] GC(1) - age   1:    4973336 bytes,    4973336 total
[2025-08-27T03:43:41.985+0000][121][trace][gc,age      ] GC(1) - age   2:    4604184 bytes,    9577520 total
[2025-08-27T03:43:41.985+0000][121][info ][gc,heap     ] GC(1) Eden regions: 22->0(39)
[2025-08-27T03:43:41.985+0000][121][info ][gc,heap     ] GC(1) Survivor regions: 2->3(3)
[2025-08-27T03:43:41.985+0000][121][info ][gc,heap     ] GC(1) Old regions: 1->1
[2025-08-27T03:43:41.985+0000][121][info ][gc,heap     ] GC(1) Humongous regions: 0->0
[2025-08-27T03:43:41.985+0000][121][info ][gc,metaspace] GC(1) Metaspace: 20164K(20800K)->20164K(20800K) NonClass: 17847K(18240K)->17847K(18240K) Class: 2317K(2560K)->2317K(2560K)
[2025-08-27T03:43:41.985+0000][121][info ][gc          ] GC(1) Pause Young (Normal) (G1 Evacuation Pause) 93M->10M(1024M) 11.969ms
[2025-08-27T03:43:41.985+0000][121][info ][gc,cpu      ] GC(1) User=0.06s Sys=0.00s Real=0.01s
[2025-08-27T03:43:41.985+0000][121][info ][safepoint   ] Safepoint "G1CollectForAllocation", Time since last: 204924000 ns, Reaching safepoint: 2541 ns, Cleanup: 59084 ns, At safepoint: 12062208 ns, Total: 12123833 ns
[2025-08-27T03:43:42.060+0000][121][info ][safepoint   ] Safepoint "ICBufferFull", Time since last: 75370125 ns, Reaching safepoint: 2375 ns, Cleanup: 67667 ns, At safepoint: 4208 ns, Total: 74250 ns
[2025-08-27T03:43:42.067+0000][121][info ][gc,start    ] GC(2) Pause Young (Concurrent Start) (Metadata GC Threshold)
[2025-08-27T03:43:42.067+0000][121][info ][gc,task     ] GC(2) Using 8 workers of 8 for evacuation
[2025-08-27T03:43:42.067+0000][121][debug][gc,age      ] GC(2) Desired survivor size 12582912 bytes, new threshold 15 (max threshold 15)
[2025-08-27T03:43:42.071+0000][121][info ][gc,phases   ] GC(2)   Pre Evacuate Collection Set: 0.18ms
[2025-08-27T03:43:42.071+0000][121][info ][gc,phases   ] GC(2)   Merge Heap Roots: 0.07ms
[2025-08-27T03:43:42.071+0000][121][info ][gc,phases   ] GC(2)   Evacuate Collection Set: 3.28ms
[2025-08-27T03:43:42.071+0000][121][info ][gc,phases   ] GC(2)   Post Evacuate Collection Set: 0.51ms
[2025-08-27T03:43:42.071+0000][121][info ][gc,phases   ] GC(2)   Other: 0.21ms
[2025-08-27T03:43:42.071+0000][121][trace][gc,age      ] GC(2) Age table with threshold 15 (max threshold 15)
[2025-08-27T03:43:42.071+0000][121][trace][gc,age      ] GC(2) - age   1:     474648 bytes,     474648 total
[2025-08-27T03:43:42.071+0000][121][trace][gc,age      ] GC(2) - age   2:    4061112 bytes,    4535760 total
[2025-08-27T03:43:42.071+0000][121][trace][gc,age      ] GC(2) - age   3:    4588456 bytes,    9124216 total
[2025-08-27T03:43:42.071+0000][121][info ][gc,heap     ] GC(2) Eden regions: 6->0(79)
[2025-08-27T03:43:42.071+0000][121][info ][gc,heap     ] GC(2) Survivor regions: 3->3(6)
[2025-08-27T03:43:42.071+0000][121][info ][gc,heap     ] GC(2) Old regions: 1->1
[2025-08-27T03:43:42.071+0000][121][info ][gc,heap     ] GC(2) Humongous regions: 0->0
[2025-08-27T03:43:42.071+0000][121][info ][gc,metaspace] GC(2) Metaspace: 20848K(21504K)->20848K(21504K) NonClass: 18421K(18816K)->18421K(18816K) Class: 2427K(2688K)->2427K(2688K)
[2025-08-27T03:43:42.071+0000][121][info ][gc          ] GC(2) Pause Young (Concurrent Start) (Metadata GC Threshold) 32M->10M(1024M) 4.724ms
[2025-08-27T03:43:42.071+0000][121][info ][gc,cpu      ] GC(2) User=0.02s Sys=0.00s Real=0.01s
[2025-08-27T03:43:42.071+0000][121][info ][gc          ] GC(3) Concurrent Mark Cycle
[2025-08-27T03:43:42.072+0000][121][info ][gc,marking  ] GC(3) Concurrent Scan Root Regions
[2025-08-27T03:43:42.072+0000][121][info ][safepoint   ] Safepoint "CollectForMetadataAllocation", Time since last: 6292542 ns, Reaching safepoint: 2166 ns, Cleanup: 17167 ns, At safepoint: 4888583 ns, Total: 4907916 ns
[2025-08-27T03:43:42.074+0000][121][info ][gc,marking  ] GC(3) Concurrent Scan Root Regions 2.392ms
[2025-08-27T03:43:42.075+0000][121][info ][gc,marking  ] GC(3) Concurrent Mark
[2025-08-27T03:43:42.075+0000][121][info ][gc,marking  ] GC(3) Concurrent Mark From Roots
[2025-08-27T03:43:42.075+0000][121][info ][gc,task     ] GC(3) Using 2 workers of 2 for marking
[2025-08-27T03:43:42.076+0000][121][info ][gc,marking  ] GC(3) Concurrent Mark From Roots 0.889ms
[2025-08-27T03:43:42.076+0000][121][info ][gc,marking  ] GC(3) Concurrent Preclean
[2025-08-27T03:43:42.076+0000][121][info ][gc,marking  ] GC(3) Concurrent Preclean 0.031ms
[2025-08-27T03:43:42.077+0000][121][info ][gc,start    ] GC(3) Pause Remark
[2025-08-27T03:43:42.079+0000][121][info ][gc          ] GC(3) Pause Remark 13M->13M(1024M) 1.717ms
[2025-08-27T03:43:42.079+0000][121][info ][gc,cpu      ] GC(3) User=0.00s Sys=0.00s Real=0.00s
[2025-08-27T03:43:42.079+0000][121][info ][safepoint   ] Safepoint "G1PauseRemark", Time since last: 4741292 ns, Reaching safepoint: 924125 ns, Cleanup: 14917 ns, At safepoint: 1792125 ns, Total: 2731167 ns
[2025-08-27T03:43:42.082+0000][121][info ][gc,marking  ] GC(3) Concurrent Mark 7.070ms
[2025-08-27T03:43:42.082+0000][121][info ][gc,marking  ] GC(3) Concurrent Rebuild Remembered Sets and Scrub Regions
[2025-08-27T03:43:42.083+0000][121][info ][gc,marking  ] GC(3) Concurrent Rebuild Remembered Sets and Scrub Regions 0.419ms
[2025-08-27T03:43:42.084+0000][121][info ][gc,start    ] GC(3) Pause Cleanup
[2025-08-27T03:43:42.084+0000][121][info ][gc          ] GC(3) Pause Cleanup 13M->13M(1024M) 0.098ms
[2025-08-27T03:43:42.084+0000][121][info ][gc,cpu      ] GC(3) User=0.00s Sys=0.00s Real=0.00s
[2025-08-27T03:43:42.085+0000][121][info ][safepoint   ] Safepoint "G1PauseCleanup", Time since last: 4222708 ns, Reaching safepoint: 1060167 ns, Cleanup: 24833 ns, At safepoint: 202875 ns, Total: 1287875 ns
[2025-08-27T03:43:42.087+0000][121][info ][gc,marking  ] GC(3) Concurrent Clear Claimed Marks
[2025-08-27T03:43:42.087+0000][121][info ][gc,marking  ] GC(3) Concurrent Clear Claimed Marks 0.241ms
[2025-08-27T03:43:42.087+0000][121][info ][gc,marking  ] GC(3) Concurrent Cleanup for Next Mark
[2025-08-27T03:43:42.094+0000][121][info ][gc,marking  ] GC(3) Concurrent Cleanup for Next Mark 7.051ms
[2025-08-27T03:43:42.094+0000][121][info ][gc          ] GC(3) Concurrent Mark Cycle 22.818ms
[2025-08-27T03:43:42.206+0000][121][info ][safepoint   ] Safepoint "ICBufferFull", Time since last: 121887250 ns, Reaching safepoint: 2250 ns, Cleanup: 73500 ns, At safepoint: 4458 ns, Total: 80208 ns
[2025-08-27T03:43:42.343+0000][121][info ][safepoint   ] Safepoint "ICBufferFull", Time since last: 136241959 ns, Reaching safepoint: 2916 ns, Cleanup: 184875 ns, At safepoint: 19834 ns, Total: 207625 ns
[2025-08-27T03:43:42.610+0000][121][info ][safepoint   ] Safepoint "ICBufferFull", Time since last: 266571833 ns, Reaching safepoint: 2584 ns, Cleanup: 113875 ns, At safepoint: 5333 ns, Total: 121792 ns
[2025-08-27T03:43:42.870+0000][121][info ][safepoint   ] Safepoint "ICBufferFull", Time since last: 259607042 ns, Reaching safepoint: 935041 ns, Cleanup: 103292 ns, At safepoint: 11000 ns, Total: 1049333 ns
[2025-08-27T03:43:42.983+0000][121][info ][safepoint   ] Safepoint "ICBufferFull", Time since last: 112896958 ns, Reaching safepoint: 2584 ns, Cleanup: 74875 ns, At safepoint: 4375 ns, Total: 81834 ns
[2025-08-27T03:43:43.016+0000][121][info ][gc,start    ] GC(4) Pause Young (Prepare Mixed) (G1 Evacuation Pause)
[2025-08-27T03:43:43.016+0000][121][info ][gc,task     ] GC(4) Using 8 workers of 8 for evacuation
[2025-08-27T03:43:43.016+0000][121][debug][gc,age      ] GC(4) Desired survivor size 23068672 bytes, new threshold 15 (max threshold 15)
[2025-08-27T03:43:43.024+0000][121][info ][gc,phases   ] GC(4)   Pre Evacuate Collection Set: 0.14ms
[2025-08-27T03:43:43.024+0000][121][info ][gc,phases   ] GC(4)   Merge Heap Roots: 0.09ms
[2025-08-27T03:43:43.024+0000][121][info ][gc,phases   ] GC(4)   Evacuate Collection Set: 6.45ms
[2025-08-27T03:43:43.024+0000][121][info ][gc,phases   ] GC(4)   Post Evacuate Collection Set: 0.93ms
[2025-08-27T03:43:43.024+0000][121][info ][gc,phases   ] GC(4)   Other: 0.17ms
[2025-08-27T03:43:43.024+0000][121][trace][gc,age      ] GC(4) Age table with threshold 15 (max threshold 15)
[2025-08-27T03:43:43.024+0000][121][trace][gc,age      ] GC(4) - age   1:    6408752 bytes,    6408752 total
[2025-08-27T03:43:43.024+0000][121][trace][gc,age      ] GC(4) - age   2:     424120 bytes,    6832872 total
[2025-08-27T03:43:43.024+0000][121][trace][gc,age      ] GC(4) - age   3:    4028152 bytes,   10861024 total
[2025-08-27T03:43:43.024+0000][121][trace][gc,age      ] GC(4) - age   4:    4587232 bytes,   15448256 total
[2025-08-27T03:43:43.024+0000][121][info ][gc,heap     ] GC(4) Eden regions: 79->0(149)
[2025-08-27T03:43:43.024+0000][121][info ][gc,heap     ] GC(4) Survivor regions: 3->4(11)
[2025-08-27T03:43:43.024+0000][121][info ][gc,heap     ] GC(4) Old regions: 1->1
[2025-08-27T03:43:43.024+0000][121][info ][gc,heap     ] GC(4) Humongous regions: 0->0
[2025-08-27T03:43:43.024+0000][121][info ][gc,metaspace] GC(4) Metaspace: 28971K(29824K)->28971K(29824K) NonClass: 25623K(26112K)->25623K(26112K) Class: 3347K(3712K)->3347K(3712K)
[2025-08-27T03:43:43.024+0000][121][info ][gc          ] GC(4) Pause Young (Prepare Mixed) (G1 Evacuation Pause) 326M->17M(1024M) 8.338ms
[2025-08-27T03:43:43.024+0000][121][info ][gc,cpu      ] GC(4) User=0.04s Sys=0.01s Real=0.01s
[2025-08-27T03:43:43.024+0000][121][info ][safepoint   ] Safepoint "G1CollectForAllocation", Time since last: 32502708 ns, Reaching safepoint: 2458 ns, Cleanup: 31125 ns, At safepoint: 8432875 ns, Total: 8466458 ns
[2025-08-27T03:43:43.171+0000][121][info ][safepoint   ] Safepoint "ICBufferFull", Time since last: 146205334 ns, Reaching safepoint: 802583 ns, Cleanup: 152000 ns, At safepoint: 7959 ns, Total: 962542 ns
[2025-08-27T03:43:43.340+0000][121][info ][safepoint   ] Safepoint "ICBufferFull", Time since last: 168448958 ns, Reaching safepoint: 2208 ns, Cleanup: 98334 ns, At safepoint: 5083 ns, Total: 105625 ns
[2025-08-27T03:43:43.735+0000][121][info ][safepoint   ] Safepoint "ICBufferFull", Time since last: 394663917 ns, Reaching safepoint: 539208 ns, Cleanup: 155833 ns, At safepoint: 19209 ns, Total: 714250 ns
[2025-08-27T03:43:43.852+0000][121][info ][gc,start    ] GC(5) Pause Young (Mixed) (Metadata GC Threshold)
[2025-08-27T03:43:43.852+0000][121][info ][gc,task     ] GC(5) Using 8 workers of 8 for evacuation
[2025-08-27T03:43:43.853+0000][121][debug][gc,age      ] GC(5) Desired survivor size 41943040 bytes, new threshold 15 (max threshold 15)
[2025-08-27T03:43:43.869+0000][121][info ][gc,phases   ] GC(5)   Pre Evacuate Collection Set: 0.14ms
[2025-08-27T03:43:43.869+0000][121][info ][gc,phases   ] GC(5)   Merge Heap Roots: 0.14ms
[2025-08-27T03:43:43.869+0000][121][info ][gc,phases   ] GC(5)   Evacuate Collection Set: 14.55ms
[2025-08-27T03:43:43.869+0000][121][info ][gc,phases   ] GC(5)   Post Evacuate Collection Set: 1.67ms
[2025-08-27T03:43:43.869+0000][121][info ][gc,phases   ] GC(5)   Other: 0.15ms
[2025-08-27T03:43:43.869+0000][121][trace][gc,age      ] GC(5) Age table with threshold 15 (max threshold 15)
[2025-08-27T03:43:43.869+0000][121][trace][gc,age      ] GC(5) - age   1:    8171992 bytes,    8171992 total
[2025-08-27T03:43:43.870+0000][121][trace][gc,age      ] GC(5) - age   2:    5942296 bytes,   14114288 total
[2025-08-27T03:43:43.870+0000][121][trace][gc,age      ] GC(5) - age   3:     424000 bytes,   14538288 total
[2025-08-27T03:43:43.870+0000][121][trace][gc,age      ] GC(5) - age   4:    4026712 bytes,   18565000 total
[2025-08-27T03:43:43.870+0000][121][trace][gc,age      ] GC(5) - age   5:    4587200 bytes,   23152200 total
[2025-08-27T03:43:43.870+0000][121][info ][gc,heap     ] GC(5) Eden regions: 134->0(146)
[2025-08-27T03:43:43.870+0000][121][info ][gc,heap     ] GC(5) Survivor regions: 4->7(20)
[2025-08-27T03:43:43.870+0000][121][info ][gc,heap     ] GC(5) Old regions: 1->1
[2025-08-27T03:43:43.870+0000][121][info ][gc,heap     ] GC(5) Humongous regions: 0->0
[2025-08-27T03:43:43.870+0000][121][info ][gc,metaspace] GC(5) Metaspace: 35203K(36096K)->35203K(36096K) NonClass: 31140K(31680K)->31140K(31680K) Class: 4063K(4416K)->4063K(4416K)
[2025-08-27T03:43:43.870+0000][121][info ][gc          ] GC(5) Pause Young (Mixed) (Metadata GC Threshold) 553M->26M(1024M) 17.477ms
[2025-08-27T03:43:43.870+0000][121][info ][gc,cpu      ] GC(5) User=0.09s Sys=0.00s Real=0.02s
[2025-08-27T03:43:43.870+0000][121][info ][safepoint   ] Safepoint "CollectForMetadataAllocation", Time since last: 116940958 ns, Reaching safepoint: 2584 ns, Cleanup: 49708 ns, At safepoint: 17651292 ns, Total: 17703584 ns
[2025-08-27T03:43:43.878+0000][121][info ][gc,start    ] GC(6) Pause Young (Concurrent Start) (Metadata GC Threshold)
[2025-08-27T03:43:43.878+0000][121][info ][gc,task     ] GC(6) Using 8 workers of 8 for evacuation
[2025-08-27T03:43:43.878+0000][121][debug][gc,age      ] GC(6) Desired survivor size 41943040 bytes, new threshold 15 (max threshold 15)
[2025-08-27T03:43:43.886+0000][121][info ][gc,phases   ] GC(6)   Pre Evacuate Collection Set: 0.18ms
[2025-08-27T03:43:43.886+0000][121][info ][gc,phases   ] GC(6)   Merge Heap Roots: 0.03ms
[2025-08-27T03:43:43.886+0000][121][info ][gc,phases   ] GC(6)   Evacuate Collection Set: 6.30ms
[2025-08-27T03:43:43.886+0000][121][info ][gc,phases   ] GC(6)   Post Evacuate Collection Set: 0.77ms
[2025-08-27T03:43:43.886+0000][121][info ][gc,phases   ] GC(6)   Other: 0.17ms
[2025-08-27T03:43:43.886+0000][121][trace][gc,age      ] GC(6) Age table with threshold 15 (max threshold 15)
[2025-08-27T03:43:43.886+0000][121][trace][gc,age      ] GC(6) - age   1:      49208 bytes,      49208 total
[2025-08-27T03:43:43.886+0000][121][trace][gc,age      ] GC(6) - age   2:    8159448 bytes,    8208656 total
[2025-08-27T03:43:43.886+0000][121][trace][gc,age      ] GC(6) - age   3:    5942296 bytes,   14150952 total
[2025-08-27T03:43:43.886+0000][121][trace][gc,age      ] GC(6) - age   4:     424000 bytes,   14574952 total
[2025-08-27T03:43:43.886+0000][121][trace][gc,age      ] GC(6) - age   5:    4026712 bytes,   18601664 total
[2025-08-27T03:43:43.886+0000][121][trace][gc,age      ] GC(6) - age   6:    4587200 bytes,   23188864 total
[2025-08-27T03:43:43.886+0000][121][info ][gc,heap     ] GC(6) Eden regions: 1->0(146)
[2025-08-27T03:43:43.886+0000][121][info ][gc,heap     ] GC(6) Survivor regions: 7->7(20)
[2025-08-27T03:43:43.886+0000][121][info ][gc,heap     ] GC(6) Old regions: 1->1
[2025-08-27T03:43:43.886+0000][121][info ][gc,heap     ] GC(6) Humongous regions: 0->0
[2025-08-27T03:43:43.886+0000][121][info ][gc,metaspace] GC(6) Metaspace: 35533K(36416K)->35533K(36416K) NonClass: 31419K(31936K)->31419K(31936K) Class: 4114K(4480K)->4114K(4480K)
[2025-08-27T03:43:43.886+0000][121][info ][gc          ] GC(6) Pause Young (Concurrent Start) (Metadata GC Threshold) 29M->26M(1024M) 8.091ms
[2025-08-27T03:43:43.886+0000][121][info ][gc,cpu      ] GC(6) User=0.03s Sys=0.00s Real=0.01s
[2025-08-27T03:43:43.886+0000][121][info ][gc          ] GC(7) Concurrent Mark Cycle
[2025-08-27T03:43:43.887+0000][121][info ][gc,marking  ] GC(7) Concurrent Scan Root Regions
[2025-08-27T03:43:43.887+0000][121][info ][safepoint   ] Safepoint "CollectForMetadataAllocation", Time since last: 8346708 ns, Reaching safepoint: 2042 ns, Cleanup: 1208 ns, At safepoint: 8243708 ns, Total: 8246958 ns
[2025-08-27T03:43:43.890+0000][121][info ][gc,marking  ] GC(7) Concurrent Scan Root Regions 3.200ms
[2025-08-27T03:43:43.890+0000][121][info ][gc,marking  ] GC(7) Concurrent Mark
[2025-08-27T03:43:43.890+0000][121][info ][gc,marking  ] GC(7) Concurrent Mark From Roots
[2025-08-27T03:43:43.890+0000][121][info ][gc,task     ] GC(7) Using 2 workers of 2 for marking
[2025-08-27T03:43:43.891+0000][121][info ][gc,marking  ] GC(7) Concurrent Mark From Roots 1.041ms
[2025-08-27T03:43:43.891+0000][121][info ][gc,marking  ] GC(7) Concurrent Preclean
[2025-08-27T03:43:43.892+0000][121][info ][gc,marking  ] GC(7) Concurrent Preclean 0.153ms
[2025-08-27T03:43:43.892+0000][121][info ][gc,start    ] GC(7) Pause Remark
[2025-08-27T03:43:43.895+0000][121][info ][gc          ] GC(7) Pause Remark 30M->30M(1024M) 2.404ms
[2025-08-27T03:43:43.895+0000][121][info ][gc,cpu      ] GC(7) User=0.00s Sys=0.00s Real=0.00s
[2025-08-27T03:43:43.895+0000][121][info ][safepoint   ] Safepoint "G1PauseRemark", Time since last: 5094209 ns, Reaching safepoint: 457583 ns, Cleanup: 6792 ns, At safepoint: 2508583 ns, Total: 2972958 ns
[2025-08-27T03:43:43.895+0000][121][info ][gc,marking  ] GC(7) Concurrent Mark 4.626ms
[2025-08-27T03:43:43.895+0000][121][info ][gc,marking  ] GC(7) Concurrent Rebuild Remembered Sets and Scrub Regions
[2025-08-27T03:43:43.895+0000][121][info ][gc,marking  ] GC(7) Concurrent Rebuild Remembered Sets and Scrub Regions 0.436ms
[2025-08-27T03:43:43.897+0000][121][info ][gc,start    ] GC(7) Pause Cleanup
[2025-08-27T03:43:43.897+0000][121][info ][gc          ] GC(7) Pause Cleanup 30M->30M(1024M) 0.093ms
[2025-08-27T03:43:43.897+0000][121][info ][gc,cpu      ] GC(7) User=0.00s Sys=0.00s Real=0.00s
[2025-08-27T03:43:43.897+0000][121][info ][safepoint   ] Safepoint "G1PauseCleanup", Time since last: 816583 ns, Reaching safepoint: 1672250 ns, Cleanup: 6500 ns, At safepoint: 159500 ns, Total: 1838250 ns
[2025-08-27T03:43:43.898+0000][121][info ][gc,marking  ] GC(7) Concurrent Clear Claimed Marks
[2025-08-27T03:43:43.898+0000][121][info ][gc,marking  ] GC(7) Concurrent Clear Claimed Marks 0.144ms
[2025-08-27T03:43:43.898+0000][121][info ][gc,marking  ] GC(7) Concurrent Cleanup for Next Mark
[2025-08-27T03:43:43.898+0000][121][info ][gc,marking  ] GC(7) Concurrent Cleanup for Next Mark 0.390ms
[2025-08-27T03:43:43.898+0000][121][info ][gc          ] GC(7) Concurrent Mark Cycle 11.947ms
[2025-08-27T03:43:44.349+0000][121][info ][safepoint   ] Safepoint "ICBufferFull", Time since last: 451287959 ns, Reaching safepoint: 2791 ns, Cleanup: 103417 ns, At safepoint: 7625 ns, Total: 113833 ns
[2025-08-27T03:43:44.570+0000][121][info ][gc,start    ] GC(8) Pause Young (Normal) (G1 Evacuation Pause)
[2025-08-27T03:43:44.570+0000][121][info ][gc,task     ] GC(8) Using 8 workers of 8 for evacuation
[2025-08-27T03:43:44.570+0000][121][debug][gc,age      ] GC(8) Desired survivor size 41943040 bytes, new threshold 15 (max threshold 15)
[2025-08-27T03:43:44.586+0000][121][info ][gc,phases   ] GC(8)   Pre Evacuate Collection Set: 0.13ms
[2025-08-27T03:43:44.586+0000][121][info ][gc,phases   ] GC(8)   Merge Heap Roots: 0.08ms
[2025-08-27T03:43:44.586+0000][121][info ][gc,phases   ] GC(8)   Evacuate Collection Set: 14.22ms
[2025-08-27T03:43:44.586+0000][121][info ][gc,phases   ] GC(8)   Post Evacuate Collection Set: 0.94ms
[2025-08-27T03:43:44.586+0000][121][info ][gc,phases   ] GC(8)   Other: 0.12ms
[2025-08-27T03:43:44.586+0000][121][trace][gc,age      ] GC(8) Age table with threshold 15 (max threshold 15)
[2025-08-27T03:43:44.586+0000][121][trace][gc,age      ] GC(8) - age   1:    9820824 bytes,    9820824 total
[2025-08-27T03:43:44.586+0000][121][trace][gc,age      ] GC(8) - age   2:      38232 bytes,    9859056 total
[2025-08-27T03:43:44.586+0000][121][trace][gc,age      ] GC(8) - age   3:    8145856 bytes,   18004912 total
[2025-08-27T03:43:44.586+0000][121][trace][gc,age      ] GC(8) - age   4:    5934304 bytes,   23939216 total
[2025-08-27T03:43:44.586+0000][121][trace][gc,age      ] GC(8) - age   5:     404016 bytes,   24343232 total
[2025-08-27T03:43:44.586+0000][121][trace][gc,age      ] GC(8) - age   6:    4018832 bytes,   28362064 total
[2025-08-27T03:43:44.586+0000][121][trace][gc,age      ] GC(8) - age   7:    4580352 bytes,   32942416 total
[2025-08-27T03:43:44.586+0000][121][info ][gc,heap     ] GC(8) Eden regions: 146->0(144)
[2025-08-27T03:43:44.586+0000][121][info ][gc,heap     ] GC(8) Survivor regions: 7->9(20)
[2025-08-27T03:43:44.586+0000][121][info ][gc,heap     ] GC(8) Old regions: 1->1
[2025-08-27T03:43:44.586+0000][121][info ][gc,heap     ] GC(8) Humongous regions: 0->0
[2025-08-27T03:43:44.586+0000][121][info ][gc,metaspace] GC(8) Metaspace: 38289K(39424K)->38289K(39424K) NonClass: 33797K(34496K)->33797K(34496K) Class: 4491K(4928K)->4491K(4928K)
[2025-08-27T03:43:44.586+0000][121][info ][gc          ] GC(8) Pause Young (Normal) (G1 Evacuation Pause) 610M->36M(1024M) 16.057ms
[2025-08-27T03:43:44.586+0000][121][info ][gc,cpu      ] GC(8) User=0.10s Sys=0.00s Real=0.01s
[2025-08-27T03:43:44.586+0000][121][info ][safepoint   ] Safepoint "G1CollectForAllocation", Time since last: 221564584 ns, Reaching safepoint: 2875 ns, Cleanup: 70458 ns, At safepoint: 16128167 ns, Total: 16201500 ns
[2025-08-27T03:43:44.876+0000][121][info ][safepoint   ] Safepoint "ICBufferFull", Time since last: 288737958 ns, Reaching safepoint: 927417 ns, Cleanup: 106208 ns, At safepoint: 109083 ns, Total: 1142708 ns
[2025-08-27T03:43:44.981+0000][121][info ][safepoint   ] Safepoint "ICBufferFull", Time since last: 104270417 ns, Reaching safepoint: 590833 ns, Cleanup: 108042 ns, At safepoint: 18917 ns, Total: 717792 ns
[2025-08-27T03:43:45.169+0000][121][info ][safepoint   ] Safepoint "ICBufferFull", Time since last: 187301500 ns, Reaching safepoint: 598958 ns, Cleanup: 104542 ns, At safepoint: 14375 ns, Total: 717875 ns
[2025-08-27T03:43:45.559+0000][121][info ][safepoint   ] Safepoint "ICBufferFull", Time since last: 389506750 ns, Reaching safepoint: 267833 ns, Cleanup: 123834 ns, At safepoint: 10250 ns, Total: 401917 ns
[2025-08-27T03:43:45.800+0000][121][info ][safepoint   ] Safepoint "ICBufferFull", Time since last: 240852458 ns, Reaching safepoint: 3083 ns, Cleanup: 110834 ns, At safepoint: 6083 ns, Total: 120000 ns
[2025-08-27T03:43:46.134+0000][121][info ][safepoint   ] Safepoint "ICBufferFull", Time since last: 333448792 ns, Reaching safepoint: 457708 ns, Cleanup: 88042 ns, At safepoint: 14250 ns, Total: 560000 ns
[2025-08-27T03:43:46.209+0000][121][info ][gc,start    ] GC(9) Pause Young (Concurrent Start) (Metadata GC Threshold)
[2025-08-27T03:43:46.209+0000][121][info ][gc,task     ] GC(9) Using 8 workers of 8 for evacuation
[2025-08-27T03:43:46.209+0000][121][debug][gc,age      ] GC(9) Desired survivor size 41943040 bytes, new threshold 15 (max threshold 15)
[2025-08-27T03:43:46.224+0000][121][info ][gc,phases   ] GC(9)   Pre Evacuate Collection Set: 0.25ms
[2025-08-27T03:43:46.224+0000][121][info ][gc,phases   ] GC(9)   Merge Heap Roots: 0.17ms
[2025-08-27T03:43:46.224+0000][121][info ][gc,phases   ] GC(9)   Evacuate Collection Set: 12.10ms
[2025-08-27T03:43:46.224+0000][121][info ][gc,phases   ] GC(9)   Post Evacuate Collection Set: 2.26ms
[2025-08-27T03:43:46.224+0000][121][info ][gc,phases   ] GC(9)   Other: 0.31ms
[2025-08-27T03:43:46.225+0000][121][trace][gc,age      ] GC(9) Age table with threshold 15 (max threshold 15)
[2025-08-27T03:43:46.225+0000][121][trace][gc,age      ] GC(9) - age   1:   10274296 bytes,   10274296 total
[2025-08-27T03:43:46.225+0000][121][trace][gc,age      ] GC(9) - age   2:    8880648 bytes,   19154944 total
[2025-08-27T03:43:46.225+0000][121][trace][gc,age      ] GC(9) - age   3:      38008 bytes,   19192952 total
[2025-08-27T03:43:46.225+0000][121][trace][gc,age      ] GC(9) - age   4:    8104960 bytes,   27297912 total
[2025-08-27T03:43:46.225+0000][121][trace][gc,age      ] GC(9) - age   5:    5749200 bytes,   33047112 total
[2025-08-27T03:43:46.225+0000][121][trace][gc,age      ] GC(9) - age   6:     400424 bytes,   33447536 total
[2025-08-27T03:43:46.225+0000][121][trace][gc,age      ] GC(9) - age   7:    3981240 bytes,   37428776 total
[2025-08-27T03:43:46.225+0000][121][trace][gc,age      ] GC(9) - age   8:    4571328 bytes,   42000104 total
[2025-08-27T03:43:46.225+0000][121][info ][gc,heap     ] GC(9) Eden regions: 135->0(141)
[2025-08-27T03:43:46.225+0000][121][info ][gc,heap     ] GC(9) Survivor regions: 9->12(20)
[2025-08-27T03:43:46.225+0000][121][info ][gc,heap     ] GC(9) Old regions: 1->1
[2025-08-27T03:43:46.225+0000][121][info ][gc,heap     ] GC(9) Humongous regions: 0->0
[2025-08-27T03:43:46.225+0000][121][info ][gc,metaspace] GC(9) Metaspace: 59642K(61056K)->59642K(61056K) NonClass: 52117K(52992K)->52117K(52992K) Class: 7525K(8064K)->7525K(8064K)
[2025-08-27T03:43:46.225+0000][121][info ][gc          ] GC(9) Pause Young (Concurrent Start) (Metadata GC Threshold) 576M->46M(1024M) 16.490ms
[2025-08-27T03:43:46.225+0000][121][info ][gc,cpu      ] GC(9) User=0.06s Sys=0.00s Real=0.02s
[2025-08-27T03:43:46.225+0000][121][info ][gc          ] GC(10) Concurrent Mark Cycle
[2025-08-27T03:43:46.225+0000][121][info ][gc,marking  ] GC(10) Concurrent Scan Root Regions
[2025-08-27T03:43:46.225+0000][121][info ][safepoint   ] Safepoint "CollectForMetadataAllocation", Time since last: 74411208 ns, Reaching safepoint: 2709 ns, Cleanup: 46625 ns, At safepoint: 16762416 ns, Total: 16811750 ns
[2025-08-27T03:43:46.233+0000][121][info ][gc,marking  ] GC(10) Concurrent Scan Root Regions 7.023ms
[2025-08-27T03:43:46.234+0000][121][info ][gc,marking  ] GC(10) Concurrent Mark
[2025-08-27T03:43:46.237+0000][121][info ][gc,marking  ] GC(10) Concurrent Mark From Roots
[2025-08-27T03:43:46.237+0000][121][info ][gc,task     ] GC(10) Using 2 workers of 2 for marking
[2025-08-27T03:43:46.238+0000][121][info ][gc,marking  ] GC(10) Concurrent Mark From Roots 1.021ms
[2025-08-27T03:43:46.238+0000][121][info ][gc,marking  ] GC(10) Concurrent Preclean
[2025-08-27T03:43:46.238+0000][121][info ][gc,marking  ] GC(10) Concurrent Preclean 0.033ms
[2025-08-27T03:43:46.238+0000][121][info ][gc,start    ] GC(10) Pause Remark
[2025-08-27T03:43:46.243+0000][121][info ][gc          ] GC(10) Pause Remark 48M->48M(1024M) 4.980ms
[2025-08-27T03:43:46.243+0000][121][info ][gc,cpu      ] GC(10) User=0.02s Sys=0.00s Real=0.01s
[2025-08-27T03:43:46.243+0000][121][info ][safepoint   ] Safepoint "G1PauseRemark", Time since last: 12824542 ns, Reaching safepoint: 2667 ns, Cleanup: 6833 ns, At safepoint: 5129958 ns, Total: 5139458 ns
[2025-08-27T03:43:46.243+0000][121][info ][gc,marking  ] GC(10) Concurrent Mark 9.473ms
[2025-08-27T03:43:46.244+0000][121][info ][gc,marking  ] GC(10) Concurrent Rebuild Remembered Sets and Scrub Regions
[2025-08-27T03:43:46.244+0000][121][info ][gc,marking  ] GC(10) Concurrent Rebuild Remembered Sets and Scrub Regions 0.627ms
[2025-08-27T03:43:46.245+0000][121][info ][gc,start    ] GC(10) Pause Cleanup
[2025-08-27T03:43:46.245+0000][121][info ][gc          ] GC(10) Pause Cleanup 48M->48M(1024M) 0.088ms
[2025-08-27T03:43:46.245+0000][121][info ][gc,cpu      ] GC(10) User=0.00s Sys=0.00s Real=0.00s
[2025-08-27T03:43:46.245+0000][121][info ][safepoint   ] Safepoint "G1PauseCleanup", Time since last: 829000 ns, Reaching safepoint: 872875 ns, Cleanup: 9500 ns, At safepoint: 186792 ns, Total: 1069167 ns
[2025-08-27T03:43:46.245+0000][121][info ][gc,marking  ] GC(10) Concurrent Clear Claimed Marks
[2025-08-27T03:43:46.246+0000][121][info ][gc,marking  ] GC(10) Concurrent Clear Claimed Marks 0.163ms
[2025-08-27T03:43:46.246+0000][121][info ][gc,marking  ] GC(10) Concurrent Cleanup for Next Mark
[2025-08-27T03:43:46.246+0000][121][info ][gc,marking  ] GC(10) Concurrent Cleanup for Next Mark 0.487ms
[2025-08-27T03:43:46.246+0000][121][info ][gc          ] GC(10) Concurrent Mark Cycle 21.161ms
[2025-08-27T03:43:46.718+0000][121][info ][safepoint   ] Safepoint "ICBufferFull", Time since last: 471894250 ns, Reaching safepoint: 6625 ns, Cleanup: 255167 ns, At safepoint: 21000 ns, Total: 282792 ns
[2025-08-27T03:43:46.844+0000][121][info ][safepoint   ] Safepoint "ICBufferFull", Time since last: 126836375 ns, Reaching safepoint: 19292 ns, Cleanup: 106166 ns, At safepoint: 5209 ns, Total: 130667 ns
[2025-08-27T03:43:47.652+0000][121][info ][safepoint   ] Safepoint "ICBufferFull", Time since last: 807660333 ns, Reaching safepoint: 2917 ns, Cleanup: 315208 ns, At safepoint: 10125 ns, Total: 328250 ns
[2025-08-27T03:43:47.964+0000][121][info ][safepoint   ] Safepoint "ICBufferFull", Time since last: 311606167 ns, Reaching safepoint: 2875 ns, Cleanup: 93375 ns, At safepoint: 9333 ns, Total: 105583 ns
[2025-08-27T03:43:48.447+0000][121][info ][gc,start    ] GC(11) Pause Young (Normal) (G1 Evacuation Pause)
[2025-08-27T03:43:48.447+0000][121][info ][gc,task     ] GC(11) Using 8 workers of 8 for evacuation
[2025-08-27T03:43:48.447+0000][121][debug][gc,age      ] GC(11) Desired survivor size 41943040 bytes, new threshold 8 (max threshold 15)
[2025-08-27T03:43:48.470+0000][121][info ][gc,phases   ] GC(11)   Pre Evacuate Collection Set: 0.19ms
[2025-08-27T03:43:48.470+0000][121][info ][gc,phases   ] GC(11)   Merge Heap Roots: 0.12ms
[2025-08-27T03:43:48.470+0000][121][info ][gc,phases   ] GC(11)   Evacuate Collection Set: 19.25ms
[2025-08-27T03:43:48.470+0000][121][info ][gc,phases   ] GC(11)   Post Evacuate Collection Set: 2.55ms
[2025-08-27T03:43:48.470+0000][121][info ][gc,phases   ] GC(11)   Other: 0.12ms
[2025-08-27T03:43:48.470+0000][121][trace][gc,age      ] GC(11) Age table with threshold 8 (max threshold 15)
[2025-08-27T03:43:48.470+0000][121][trace][gc,age      ] GC(11) - age   1:   10855952 bytes,   10855952 total
[2025-08-27T03:43:48.470+0000][121][trace][gc,age      ] GC(11) - age   2:    9832672 bytes,   20688624 total
[2025-08-27T03:43:48.470+0000][121][trace][gc,age      ] GC(11) - age   3:    8831544 bytes,   29520168 total
[2025-08-27T03:43:48.470+0000][121][trace][gc,age      ] GC(11) - age   4:      37944 bytes,   29558112 total
[2025-08-27T03:43:48.470+0000][121][trace][gc,age      ] GC(11) - age   5:    8093672 bytes,   37651784 total
[2025-08-27T03:43:48.470+0000][121][trace][gc,age      ] GC(11) - age   6:    5725008 bytes,   43376792 total
[2025-08-27T03:43:48.470+0000][121][trace][gc,age      ] GC(11) - age   7:     398024 bytes,   43774816 total
[2025-08-27T03:43:48.470+0000][121][trace][gc,age      ] GC(11) - age   8:    3973848 bytes,   47748664 total
[2025-08-27T03:43:48.470+0000][121][info ][gc,heap     ] GC(11) Eden regions: 141->0(140)
[2025-08-27T03:43:48.470+0000][121][info ][gc,heap     ] GC(11) Survivor regions: 12->13(20)
[2025-08-27T03:43:48.470+0000][121][info ][gc,heap     ] GC(11) Old regions: 1->2
[2025-08-27T03:43:48.470+0000][121][info ][gc,heap     ] GC(11) Humongous regions: 0->0
[2025-08-27T03:43:48.470+0000][121][info ][gc,metaspace] GC(11) Metaspace: 75251K(77056K)->75251K(77056K) NonClass: 65163K(66240K)->65163K(66240K) Class: 10088K(10816K)->10088K(10816K)
[2025-08-27T03:43:48.470+0000][121][info ][gc          ] GC(11) Pause Young (Normal) (G1 Evacuation Pause) 610M->57M(1024M) 22.975ms
[2025-08-27T03:43:48.470+0000][121][info ][gc,cpu      ] GC(11) User=0.14s Sys=0.00s Real=0.03s
[2025-08-27T03:43:48.470+0000][121][info ][safepoint   ] Safepoint "G1CollectForAllocation", Time since last: 483071001 ns, Reaching safepoint: 3458 ns, Cleanup: 84375 ns, At safepoint: 23056958 ns, Total: 23144791 ns
[2025-08-27T03:43:48.730+0000][121][info ][safepoint   ] Safepoint "ICBufferFull", Time since last: 259150084 ns, Reaching safepoint: 2417 ns, Cleanup: 77291 ns, At safepoint: 4250 ns, Total: 83958 ns
[2025-08-27T03:43:48.879+0000][121][info ][safepoint   ] Safepoint "ICBufferFull", Time since last: 149167709 ns, Reaching safepoint: 2791 ns, Cleanup: 87542 ns, At safepoint: 4792 ns, Total: 95125 ns
[2025-08-27T03:43:49.087+0000][121][info ][safepoint   ] Safepoint "ICBufferFull", Time since last: 207612708 ns, Reaching safepoint: 6458 ns, Cleanup: 144667 ns, At safepoint: 15167 ns, Total: 166292 ns
[2025-08-27T03:43:49.553+0000][121][info ][safepoint   ] Safepoint "ICBufferFull", Time since last: 465797292 ns, Reaching safepoint: 679583 ns, Cleanup: 87792 ns, At safepoint: 14750 ns, Total: 782125 ns
[2025-08-27T03:43:49.868+0000][121][info ][gc,start    ] GC(12) Pause Young (Concurrent Start) (Metadata GC Threshold)
[2025-08-27T03:43:49.868+0000][121][info ][gc,task     ] GC(12) Using 8 workers of 8 for evacuation
[2025-08-27T03:43:49.868+0000][121][debug][gc,age      ] GC(12) Desired survivor size 41943040 bytes, new threshold 6 (max threshold 15)
[2025-08-27T03:43:49.885+0000][121][info ][gc,phases   ] GC(12)   Pre Evacuate Collection Set: 0.16ms
[2025-08-27T03:43:49.885+0000][121][info ][gc,phases   ] GC(12)   Merge Heap Roots: 0.05ms
[2025-08-27T03:43:49.885+0000][121][info ][gc,phases   ] GC(12)   Evacuate Collection Set: 14.98ms
[2025-08-27T03:43:49.885+0000][121][info ][gc,phases   ] GC(12)   Post Evacuate Collection Set: 1.34ms
[2025-08-27T03:43:49.885+0000][121][info ][gc,phases   ] GC(12)   Other: 0.18ms
[2025-08-27T03:43:49.885+0000][121][trace][gc,age      ] GC(12) Age table with threshold 6 (max threshold 15)
[2025-08-27T03:43:49.885+0000][121][trace][gc,age      ] GC(12) - age   1:    9706296 bytes,    9706296 total
[2025-08-27T03:43:49.885+0000][121][trace][gc,age      ] GC(12) - age   2:   10496728 bytes,   20203024 total
[2025-08-27T03:43:49.885+0000][121][trace][gc,age      ] GC(12) - age   3:    9667512 bytes,   29870536 total
[2025-08-27T03:43:49.885+0000][121][trace][gc,age      ] GC(12) - age   4:    8815168 bytes,   38685704 total
[2025-08-27T03:43:49.885+0000][121][trace][gc,age      ] GC(12) - age   5:      37688 bytes,   38723392 total
[2025-08-27T03:43:49.885+0000][121][trace][gc,age      ] GC(12) - age   6:    8068600 bytes,   46791992 total
[2025-08-27T03:43:49.885+0000][121][info ][gc,heap     ] GC(12) Eden regions: 82->0(140)
[2025-08-27T03:43:49.885+0000][121][info ][gc,heap     ] GC(12) Survivor regions: 13->13(20)
[2025-08-27T03:43:49.885+0000][121][info ][gc,heap     ] GC(12) Old regions: 2->4
[2025-08-27T03:43:49.885+0000][121][info ][gc,heap     ] GC(12) Humongous regions: 0->0
[2025-08-27T03:43:49.885+0000][121][info ][gc,metaspace] GC(12) Metaspace: 100211K(102336K)->100211K(102336K) NonClass: 86697K(87936K)->86697K(87936K) Class: 13513K(14400K)->13513K(14400K)
[2025-08-27T03:43:49.885+0000][121][info ][gc          ] GC(12) Pause Young (Concurrent Start) (Metadata GC Threshold) 385M->66M(1024M) 17.249ms
[2025-08-27T03:43:49.886+0000][121][info ][gc,cpu      ] GC(12) User=0.08s Sys=0.01s Real=0.02s
[2025-08-27T03:43:49.886+0000][121][info ][safepoint   ] Safepoint "CollectForMetadataAllocation", Time since last: 314894291 ns, Reaching safepoint: 2959 ns, Cleanup: 78208 ns, At safepoint: 17380417 ns, Total: 17461584 ns
[2025-08-27T03:43:49.886+0000][121][info ][gc          ] GC(13) Concurrent Mark Cycle
[2025-08-27T03:43:49.886+0000][121][info ][gc,marking  ] GC(13) Concurrent Scan Root Regions
[2025-08-27T03:43:49.902+0000][121][info ][gc,marking  ] GC(13) Concurrent Scan Root Regions 16.310ms
[2025-08-27T03:43:49.906+0000][121][info ][gc,marking  ] GC(13) Concurrent Mark
[2025-08-27T03:43:49.906+0000][121][info ][gc,marking  ] GC(13) Concurrent Mark From Roots
[2025-08-27T03:43:49.906+0000][121][info ][gc,task     ] GC(13) Using 2 workers of 2 for marking
[2025-08-27T03:43:49.904+0000][121][info ][safepoint   ] Safepoint "CollectForMetadataAllocation", Time since last: 18547958 ns, Reaching safepoint: 2917 ns, Cleanup: 6541 ns, At safepoint: 52209 ns, Total: 61667 ns
[2025-08-27T03:43:49.909+0000][121][info ][gc,marking  ] GC(13) Concurrent Mark From Roots 2.846ms
[2025-08-27T03:43:49.909+0000][121][info ][gc,marking  ] GC(13) Concurrent Preclean
[2025-08-27T03:43:49.909+0000][121][info ][gc,marking  ] GC(13) Concurrent Preclean 0.113ms
[2025-08-27T03:43:49.910+0000][121][info ][gc,start    ] GC(13) Pause Remark
[2025-08-27T03:43:49.914+0000][121][info ][gc          ] GC(13) Pause Remark 72M->72M(1024M) 4.189ms
[2025-08-27T03:43:49.914+0000][121][info ][gc,cpu      ] GC(13) User=0.02s Sys=0.00s Real=0.00s
[2025-08-27T03:43:49.914+0000][121][info ][safepoint   ] Safepoint "G1PauseRemark", Time since last: 5223291 ns, Reaching safepoint: 722125 ns, Cleanup: 1875 ns, At safepoint: 4289959 ns, Total: 5013959 ns
[2025-08-27T03:43:49.915+0000][121][info ][gc,marking  ] GC(13) Concurrent Mark 8.389ms
[2025-08-27T03:43:49.915+0000][121][info ][gc,marking  ] GC(13) Concurrent Rebuild Remembered Sets and Scrub Regions
[2025-08-27T03:43:49.916+0000][121][info ][gc,marking  ] GC(13) Concurrent Rebuild Remembered Sets and Scrub Regions 1.228ms
[2025-08-27T03:43:49.917+0000][121][info ][gc,start    ] GC(13) Pause Cleanup
[2025-08-27T03:43:49.917+0000][121][info ][gc          ] GC(13) Pause Cleanup 72M->72M(1024M) 0.033ms
[2025-08-27T03:43:49.917+0000][121][info ][gc,cpu      ] GC(13) User=0.00s Sys=0.00s Real=0.00s
[2025-08-27T03:43:49.917+0000][121][info ][safepoint   ] Safepoint "G1PauseCleanup", Time since last: 1467708 ns, Reaching safepoint: 1268333 ns, Cleanup: 8584 ns, At safepoint: 92041 ns, Total: 1368958 ns
[2025-08-27T03:43:49.917+0000][121][info ][gc,marking  ] GC(13) Concurrent Clear Claimed Marks
[2025-08-27T03:43:49.917+0000][121][info ][gc,marking  ] GC(13) Concurrent Clear Claimed Marks 0.075ms
[2025-08-27T03:43:49.917+0000][121][info ][gc,marking  ] GC(13) Concurrent Cleanup for Next Mark
[2025-08-27T03:43:49.919+0000][121][info ][gc,marking  ] GC(13) Concurrent Cleanup for Next Mark 1.510ms
[2025-08-27T03:43:49.919+0000][121][info ][gc          ] GC(13) Concurrent Mark Cycle 33.482ms
[2025-08-27T03:43:50.224+0000][121][info ][safepoint   ] Safepoint "ICBufferFull", Time since last: 306175792 ns, Reaching safepoint: 3500 ns, Cleanup: 107959 ns, At safepoint: 6625 ns, Total: 118084 ns
[2025-08-27T03:43:50.583+0000][121][info ][safepoint   ] Safepoint "ICBufferFull", Time since last: 359563458 ns, Reaching safepoint: 3125 ns, Cleanup: 86042 ns, At safepoint: 6375 ns, Total: 95542 ns
[2025-08-27T03:43:51.433+0000][121][info ][safepoint   ] Safepoint "ICBufferFull", Time since last: 849915333 ns, Reaching safepoint: 8209 ns, Cleanup: 128916 ns, At safepoint: 12334 ns, Total: 149459 ns
[2025-08-27T03:43:51.650+0000][121][info ][safepoint   ] Safepoint "ICBufferFull", Time since last: 216768208 ns, Reaching safepoint: 3334 ns, Cleanup: 81541 ns, At safepoint: 8209 ns, Total: 93084 ns
[2025-08-27T03:43:51.702+0000][121][info ][safepoint   ] Safepoint "ICBufferFull", Time since last: 51375041 ns, Reaching safepoint: 622250 ns, Cleanup: 74167 ns, At safepoint: 13833 ns, Total: 710250 ns
[2025-08-27T03:43:51.729+0000][121][info ][safepoint   ] Safepoint "ICBufferFull", Time since last: 26729584 ns, Reaching safepoint: 3458 ns, Cleanup: 88875 ns, At safepoint: 5250 ns, Total: 97583 ns
[2025-08-27T03:43:51.751+0000][121][info ][safepoint   ] Safepoint "ICBufferFull", Time since last: 21736167 ns, Reaching safepoint: 3291 ns, Cleanup: 81417 ns, At safepoint: 5000 ns, Total: 89708 ns
[2025-08-27T03:43:51.813+0000][121][info ][safepoint   ] Safepoint "ICBufferFull", Time since last: 61751750 ns, Reaching safepoint: 548500 ns, Cleanup: 100417 ns, At safepoint: 13125 ns, Total: 662042 ns
[2025-08-27T03:43:51.902+0000][121][info ][safepoint   ] Safepoint "ICBufferFull", Time since last: 88756708 ns, Reaching safepoint: 3667 ns, Cleanup: 158000 ns, At safepoint: 9583 ns, Total: 171250 ns
[2025-08-27T03:43:51.939+0000][121][info ][safepoint   ] Safepoint "ICBufferFull", Time since last: 36471208 ns, Reaching safepoint: 3459 ns, Cleanup: 86375 ns, At safepoint: 16833 ns, Total: 106667 ns
[2025-08-27T03:43:52.052+0000][121][info ][safepoint   ] Safepoint "ICBufferFull", Time since last: 113013000 ns, Reaching safepoint: 3542 ns, Cleanup: 124291 ns, At safepoint: 5334 ns, Total: 133167 ns
[2025-08-27T03:43:52.152+0000][121][info ][safepoint   ] Safepoint "ICBufferFull", Time since last: 99623791 ns, Reaching safepoint: 8084 ns, Cleanup: 109208 ns, At safepoint: 21250 ns, Total: 138542 ns
[2025-08-27T03:43:52.290+0000][121][info ][safepoint   ] Safepoint "ICBufferFull", Time since last: 138413292 ns, Reaching safepoint: 3708 ns, Cleanup: 94834 ns, At safepoint: 7708 ns, Total: 106250 ns
[2025-08-27T03:43:52.317+0000][121][info ][safepoint   ] Safepoint "ICBufferFull", Time since last: 26278417 ns, Reaching safepoint: 4750 ns, Cleanup: 77083 ns, At safepoint: 9958 ns, Total: 91791 ns
[2025-08-27T03:43:52.426+0000][121][info ][safepoint   ] Safepoint "ICBufferFull", Time since last: 109004375 ns, Reaching safepoint: 4375 ns, Cleanup: 78834 ns, At safepoint: 13791 ns, Total: 97000 ns
[2025-08-27T03:43:52.488+0000][121][info ][safepoint   ] Safepoint "ICBufferFull", Time since last: 61460875 ns, Reaching safepoint: 1163125 ns, Cleanup: 102417 ns, At safepoint: 29458 ns, Total: 1295000 ns
[2025-08-27T03:43:52.621+0000][121][info ][safepoint   ] Safepoint "ICBufferFull", Time since last: 132572209 ns, Reaching safepoint: 8875 ns, Cleanup: 110583 ns, At safepoint: 6292 ns, Total: 125750 ns
[2025-08-27T03:43:52.866+0000][121][info ][safepoint   ] Safepoint "ICBufferFull", Time since last: 244644916 ns, Reaching safepoint: 6084 ns, Cleanup: 104791 ns, At safepoint: 17750 ns, Total: 128625 ns
[2025-08-27T03:43:52.952+0000][121][info ][safepoint   ] Safepoint "ICBufferFull", Time since last: 85785334 ns, Reaching safepoint: 15458 ns, Cleanup: 206250 ns, At safepoint: 445500 ns, Total: 667208 ns
[2025-08-27T03:43:53.039+0000][121][info ][safepoint   ] Safepoint "ICBufferFull", Time since last: 86035167 ns, Reaching safepoint: 25625 ns, Cleanup: 70167 ns, At safepoint: 13000 ns, Total: 108792 ns
[2025-08-27T03:43:53.068+0000][121][info ][gc,start    ] GC(14) Pause Young (Normal) (G1 Evacuation Pause)
[2025-08-27T03:43:53.070+0000][121][info ][gc,task     ] GC(14) Using 8 workers of 8 for evacuation
[2025-08-27T03:43:53.070+0000][121][debug][gc,age      ] GC(14) Desired survivor size 41943040 bytes, new threshold 6 (max threshold 15)
[2025-08-27T03:43:53.129+0000][121][info ][gc,phases   ] GC(14)   Pre Evacuate Collection Set: 0.12ms
[2025-08-27T03:43:53.129+0000][121][info ][gc,phases   ] GC(14)   Merge Heap Roots: 0.11ms
[2025-08-27T03:43:53.129+0000][121][info ][gc,phases   ] GC(14)   Evacuate Collection Set: 55.91ms
[2025-08-27T03:43:53.129+0000][121][info ][gc,phases   ] GC(14)   Post Evacuate Collection Set: 2.53ms
[2025-08-27T03:43:53.129+0000][121][info ][gc,phases   ] GC(14)   Other: 0.13ms
[2025-08-27T03:43:53.129+0000][121][trace][gc,age      ] GC(14) Age table with threshold 6 (max threshold 15)
[2025-08-27T03:43:53.129+0000][121][trace][gc,age      ] GC(14) - age   1:   47248896 bytes,   47248896 total
[2025-08-27T03:43:53.129+0000][121][trace][gc,age      ] GC(14) - age   2:    8377376 bytes,   55626272 total
[2025-08-27T03:43:53.129+0000][121][trace][gc,age      ] GC(14) - age   3:    9566352 bytes,   65192624 total
[2025-08-27T03:43:53.129+0000][121][trace][gc,age      ] GC(14) - age   4:    8687776 bytes,   73880400 total
[2025-08-27T03:43:53.129+0000][121][trace][gc,age      ] GC(14) - age   5:    8738520 bytes,   82618920 total
[2025-08-27T03:43:53.129+0000][121][trace][gc,age      ] GC(14) - age   6:      29648 bytes,   82648568 total
[2025-08-27T03:43:53.129+0000][121][info ][gc,heap     ] GC(14) Eden regions: 140->0(133)
[2025-08-27T03:43:53.129+0000][121][info ][gc,heap     ] GC(14) Survivor regions: 13->20(20)
[2025-08-27T03:43:53.129+0000][121][info ][gc,heap     ] GC(14) Old regions: 4->9
[2025-08-27T03:43:53.129+0000][121][info ][gc,heap     ] GC(14) Humongous regions: 2->2
[2025-08-27T03:43:53.129+0000][121][info ][gc,metaspace] GC(14) Metaspace: 138242K(142272K)->138242K(142272K) NonClass: 118601K(120832K)->118601K(120832K) Class: 19641K(21440K)->19641K(21440K)
[2025-08-27T03:43:53.130+0000][121][info ][gc          ] GC(14) Pause Young (Normal) (G1 Evacuation Pause) 634M->122M(1024M) 61.242ms
[2025-08-27T03:43:53.130+0000][121][info ][gc,cpu      ] GC(14) User=0.37s Sys=0.01s Real=0.07s
[2025-08-27T03:43:53.130+0000][121][info ][safepoint   ] Safepoint "G1CollectForAllocation", Time since last: 27993958 ns, Reaching safepoint: 1708792 ns, Cleanup: 25125 ns, At safepoint: 61344583 ns, Total: 63078500 ns
[2025-08-27T03:43:53.141+0000][121][info ][gc,start    ] GC(15) Pause Young (Normal) (G1 Evacuation Pause)
[2025-08-27T03:43:53.141+0000][121][info ][gc,task     ] GC(15) Using 8 workers of 8 for evacuation
[2025-08-27T03:43:53.141+0000][121][debug][gc,age      ] GC(15) Desired survivor size 6291456 bytes, new threshold 1 (max threshold 15)
[2025-08-27T03:43:53.183+0000][121][info ][gc,phases   ] GC(15)   Pre Evacuate Collection Set: 0.19ms
[2025-08-27T03:43:53.184+0000][121][info ][gc,phases   ] GC(15)   Merge Heap Roots: 0.33ms
[2025-08-27T03:43:53.184+0000][121][info ][gc,phases   ] GC(15)   Evacuate Collection Set: 39.77ms
[2025-08-27T03:43:53.184+0000][121][info ][gc,phases   ] GC(15)   Post Evacuate Collection Set: 1.52ms
[2025-08-27T03:43:53.184+0000][121][info ][gc,phases   ] GC(15)   Other: 0.31ms
[2025-08-27T03:43:53.184+0000][121][trace][gc,age      ] GC(15) Age table with threshold 1 (max threshold 15)
[2025-08-27T03:43:53.184+0000][121][trace][gc,age      ] GC(15) - age   1:     743040 bytes,     743040 total
[2025-08-27T03:43:53.184+0000][121][info ][gc,heap     ] GC(15) Eden regions: 3->0(150)
[2025-08-27T03:43:53.184+0000][121][info ][gc,heap     ] GC(15) Survivor regions: 20->3(3)
[2025-08-27T03:43:53.184+0000][121][info ][gc,heap     ] GC(15) Old regions: 9->30
[2025-08-27T03:43:53.184+0000][121][info ][gc,heap     ] GC(15) Humongous regions: 2->2
[2025-08-27T03:43:53.184+0000][121][info ][gc,metaspace] GC(15) Metaspace: 138274K(142336K)->138274K(142336K) NonClass: 118628K(120832K)->118628K(120832K) Class: 19646K(21504K)->19646K(21504K)
[2025-08-27T03:43:53.184+0000][121][info ][gc          ] GC(15) Pause Young (Normal) (G1 Evacuation Pause) 134M->136M(1024M) 42.728ms
[2025-08-27T03:43:53.184+0000][121][info ][gc,cpu      ] GC(15) User=0.26s Sys=0.00s Real=0.04s
[2025-08-27T03:43:53.184+0000][121][info ][safepoint   ] Safepoint "G1CollectForAllocation", Time since last: 11355167 ns, Reaching safepoint: 273708 ns, Cleanup: 29500 ns, At safepoint: 42980542 ns, Total: 43283750 ns
[2025-08-27T03:43:53.319+0000][121][info ][safepoint   ] Safepoint "ICBufferFull", Time since last: 134502333 ns, Reaching safepoint: 6125 ns, Cleanup: 76583 ns, At safepoint: 10084 ns, Total: 92792 ns
[2025-08-27T03:43:53.430+0000][121][info ][safepoint   ] Safepoint "ICBufferFull", Time since last: 110322500 ns, Reaching safepoint: 1174291 ns, Cleanup: 87917 ns, At safepoint: 15167 ns, Total: 1277375 ns
[2025-08-27T03:43:53.606+0000][121][info ][safepoint   ] Safepoint "ICBufferFull", Time since last: 175060416 ns, Reaching safepoint: 6000 ns, Cleanup: 86209 ns, At safepoint: 15791 ns, Total: 108000 ns
[2025-08-27T03:43:53.788+0000][121][info ][safepoint   ] Safepoint "ICBufferFull", Time since last: 181243626 ns, Reaching safepoint: 1341541 ns, Cleanup: 87000 ns, At safepoint: 15917 ns, Total: 1444458 ns
[2025-08-27T03:43:53.916+0000][121][info ][safepoint   ] Safepoint "ICBufferFull", Time since last: 127560292 ns, Reaching safepoint: 5916 ns, Cleanup: 86875 ns, At safepoint: 7625 ns, Total: 100416 ns
[2025-08-27T03:43:53.997+0000][121][info ][safepoint   ] Safepoint "ICBufferFull", Time since last: 81066000 ns, Reaching safepoint: 6500 ns, Cleanup: 119709 ns, At safepoint: 11000 ns, Total: 137209 ns
[2025-08-27T03:43:54.175+0000][121][info ][safepoint   ] Safepoint "ICBufferFull", Time since last: 177577541 ns, Reaching safepoint: 6500 ns, Cleanup: 83875 ns, At safepoint: 3875 ns, Total: 94250 ns
[2025-08-27T03:43:54.478+0000][121][info ][safepoint   ] Safepoint "ICBufferFull", Time since last: 302446751 ns, Reaching safepoint: 840458 ns, Cleanup: 109000 ns, At safepoint: 23875 ns, Total: 973333 ns
[2025-08-27T03:43:54.515+0000][121][info ][safepoint   ] Safepoint "ICBufferFull", Time since last: 36648083 ns, Reaching safepoint: 6917 ns, Cleanup: 116708 ns, At safepoint: 4459 ns, Total: 128084 ns
[2025-08-27T03:43:54.768+0000][121][info ][safepoint   ] Safepoint "ICBufferFull", Time since last: 250647541 ns, Reaching safepoint: 2454875 ns, Cleanup: 94542 ns, At safepoint: 16625 ns, Total: 2566042 ns
[2025-08-27T03:43:54.770+0000][121][info ][safepoint   ] Safepoint "ICBufferFull", Time since last: 2118667 ns, Reaching safepoint: 6333 ns, Cleanup: 7750 ns, At safepoint: 7417 ns, Total: 21500 ns
[2025-08-27T03:43:54.771+0000][121][info ][safepoint   ] Safepoint "ICBufferFull", Time since last: 389500 ns, Reaching safepoint: 418791 ns, Cleanup: 20209 ns, At safepoint: 28583 ns, Total: 467583 ns
[2025-08-27T03:43:54.773+0000][121][info ][safepoint   ] Safepoint "ICBufferFull", Time since last: 834458 ns, Reaching safepoint: 1312875 ns, Cleanup: 2167 ns, At safepoint: 25708 ns, Total: 1340750 ns
[2025-08-27T03:43:54.774+0000][121][info ][safepoint   ] Safepoint "ICBufferFull", Time since last: 372084 ns, Reaching safepoint: 639625 ns, Cleanup: 11291 ns, At safepoint: 23709 ns, Total: 674625 ns
[2025-08-27T03:43:54.777+0000][121][info ][safepoint   ] Safepoint "ICBufferFull", Time since last: 1931541 ns, Reaching safepoint: 884209 ns, Cleanup: 8833 ns, At safepoint: 33375 ns, Total: 926417 ns
[2025-08-27T03:43:54.831+0000][121][info ][safepoint   ] Safepoint "ICBufferFull", Time since last: 52946167 ns, Reaching safepoint: 852958 ns, Cleanup: 85542 ns, At safepoint: 19291 ns, Total: 957791 ns
[2025-08-27T03:43:54.832+0000][121][info ][safepoint   ] Safepoint "ICBufferFull", Time since last: 656250 ns, Reaching safepoint: 241792 ns, Cleanup: 10250 ns, At safepoint: 17000 ns, Total: 269042 ns
[2025-08-27T03:43:54.833+0000][121][info ][safepoint   ] Safepoint "ICBufferFull", Time since last: 731042 ns, Reaching safepoint: 240000 ns, Cleanup: 4500 ns, At safepoint: 17208 ns, Total: 261708 ns
[2025-08-27T03:43:55.565+0000][121][info ][safepoint   ] Safepoint "ICBufferFull", Time since last: 732040292 ns, Reaching safepoint: 11375 ns, Cleanup: 115250 ns, At safepoint: 17792 ns, Total: 144417 ns
[2025-08-27T03:43:55.567+0000][121][info ][safepoint   ] Safepoint "ICBufferFull", Time since last: 997416 ns, Reaching safepoint: 787167 ns, Cleanup: 5750 ns, At safepoint: 25625 ns, Total: 818542 ns
[2025-08-27T03:43:55.569+0000][121][info ][safepoint   ] Safepoint "ICBufferFull", Time since last: 1009042 ns, Reaching safepoint: 957000 ns, Cleanup: 4833 ns, At safepoint: 14208 ns, Total: 976041 ns
[2025-08-27T03:43:55.570+0000][121][info ][safepoint   ] Safepoint "ICBufferFull", Time since last: 236500 ns, Reaching safepoint: 746625 ns, Cleanup: 14375 ns, At safepoint: 20000 ns, Total: 781000 ns
[2025-08-27T03:43:55.571+0000][121][info ][safepoint   ] Safepoint "ICBufferFull", Time since last: 273084 ns, Reaching safepoint: 692791 ns, Cleanup: 6667 ns, At safepoint: 31000 ns, Total: 730458 ns
[2025-08-27T03:43:55.572+0000][121][info ][safepoint   ] Safepoint "ICBufferFull", Time since last: 245333 ns, Reaching safepoint: 723459 ns, Cleanup: 5958 ns, At safepoint: 42167 ns, Total: 771584 ns
[2025-08-27T03:43:55.598+0000][121][info ][safepoint   ] Safepoint "ICBufferFull", Time since last: 24883083 ns, Reaching safepoint: 1080000 ns, Cleanup: 113167 ns, At safepoint: 24708 ns, Total: 1217875 ns
[2025-08-27T03:43:55.708+0000][121][info ][safepoint   ] Safepoint "ICBufferFull", Time since last: 107518167 ns, Reaching safepoint: 1576666 ns, Cleanup: 418084 ns, At safepoint: 24125 ns, Total: 2018875 ns
[2025-08-27T03:43:55.901+0000][121][info ][safepoint   ] Safepoint "ICBufferFull", Time since last: 192786208 ns, Reaching safepoint: 20959 ns, Cleanup: 138291 ns, At safepoint: 8042 ns, Total: 167292 ns
[2025-08-27T03:43:55.986+0000][121][info ][safepoint   ] Safepoint "ICBufferFull", Time since last: 84458458 ns, Reaching safepoint: 22000 ns, Cleanup: 223750 ns, At safepoint: 68375 ns, Total: 314125 ns
[2025-08-27T03:43:56.722+0000][121][info ][safepoint   ] Safepoint "ICBufferFull", Time since last: 735995667 ns, Reaching safepoint: 7584 ns, Cleanup: 106583 ns, At safepoint: 17417 ns, Total: 131584 ns
[2025-08-27T03:43:56.723+0000][121][info ][safepoint   ] Safepoint "ICBufferFull", Time since last: 581166 ns, Reaching safepoint: 878042 ns, Cleanup: 5792 ns, At safepoint: 52791 ns, Total: 936625 ns
[2025-08-27T03:43:56.724+0000][121][info ][safepoint   ] Safepoint "ICBufferFull", Time since last: 820375 ns, Reaching safepoint: 178417 ns, Cleanup: 31917 ns, At safepoint: 28000 ns, Total: 238334 ns
[2025-08-27T03:43:56.725+0000][121][info ][safepoint   ] Safepoint "ICBufferFull", Time since last: 825041 ns, Reaching safepoint: 17750 ns, Cleanup: 12959 ns, At safepoint: 89583 ns, Total: 120292 ns
[2025-08-27T03:43:56.737+0000][121][info ][safepoint   ] Safepoint "ICBufferFull", Time since last: 3896583 ns, Reaching safepoint: 6068584 ns, Cleanup: 45500 ns, At safepoint: 2133166 ns, Total: 8247250 ns
[2025-08-27T03:43:56.745+0000][121][info ][safepoint   ] Safepoint "ICBufferFull", Time since last: 6909625 ns, Reaching safepoint: 1064500 ns, Cleanup: 46500 ns, At safepoint: 37417 ns, Total: 1148417 ns
[2025-08-27T03:43:56.755+0000][121][info ][safepoint   ] Safepoint "ICBufferFull", Time since last: 3779000 ns, Reaching safepoint: 1060250 ns, Cleanup: 8833 ns, At safepoint: 4453750 ns, Total: 5522833 ns
[2025-08-27T03:43:56.757+0000][121][info ][safepoint   ] Safepoint "ICBufferFull", Time since last: 1903625 ns, Reaching safepoint: 559417 ns, Cleanup: 23500 ns, At safepoint: 32667 ns, Total: 615584 ns
[2025-08-27T03:43:56.801+0000][121][info ][safepoint   ] Safepoint "ICBufferFull", Time since last: 42437208 ns, Reaching safepoint: 1533625 ns, Cleanup: 191333 ns, At safepoint: 28334 ns, Total: 1753292 ns
[2025-08-27T03:43:56.841+0000][121][info ][safepoint   ] Safepoint "ICBufferFull", Time since last: 39938083 ns, Reaching safepoint: 15000 ns, Cleanup: 87667 ns, At safepoint: 13375 ns, Total: 116042 ns
[2025-08-27T03:43:56.927+0000][121][info ][safepoint   ] Safepoint "ICBufferFull", Time since last: 85401958 ns, Reaching safepoint: 9583 ns, Cleanup: 360000 ns, At safepoint: 22209 ns, Total: 391792 ns
[2025-08-27T03:43:56.931+0000][121][info ][safepoint   ] Safepoint "ICBufferFull", Time since last: 3006333 ns, Reaching safepoint: 904292 ns, Cleanup: 21458 ns, At safepoint: 14458 ns, Total: 940208 ns
[2025-08-27T03:43:56.975+0000][121][info ][safepoint   ] Safepoint "ICBufferFull", Time since last: 42922334 ns, Reaching safepoint: 1247166 ns, Cleanup: 83625 ns, At safepoint: 20542 ns, Total: 1351333 ns
[2025-08-27T03:43:57.055+0000][121][info ][safepoint   ] Safepoint "ICBufferFull", Time since last: 79528542 ns, Reaching safepoint: 185666 ns, Cleanup: 112875 ns, At safepoint: 17209 ns, Total: 315750 ns
[2025-08-27T03:43:57.060+0000][121][info ][safepoint   ] Safepoint "ICBufferFull", Time since last: 3809208 ns, Reaching safepoint: 989167 ns, Cleanup: 9250 ns, At safepoint: 29416 ns, Total: 1027833 ns
[2025-08-27T03:43:57.116+0000][121][info ][safepoint   ] Safepoint "ICBufferFull", Time since last: 55331792 ns, Reaching safepoint: 683542 ns, Cleanup: 109125 ns, At safepoint: 27541 ns, Total: 820208 ns
[2025-08-27T03:43:57.187+0000][121][info ][gc,start    ] GC(16) Pause Young (Normal) (G1 Evacuation Pause)
[2025-08-27T03:43:57.187+0000][121][info ][gc,task     ] GC(16) Using 8 workers of 8 for evacuation
[2025-08-27T03:43:57.187+0000][121][debug][gc,age      ] GC(16) Desired survivor size 41943040 bytes, new threshold 15 (max threshold 15)
[2025-08-27T03:43:57.208+0000][121][info ][gc,phases   ] GC(16)   Pre Evacuate Collection Set: 0.30ms
[2025-08-27T03:43:57.208+0000][121][info ][gc,phases   ] GC(16)   Merge Heap Roots: 0.16ms
[2025-08-27T03:43:57.208+0000][121][info ][gc,phases   ] GC(16)   Evacuate Collection Set: 17.39ms
[2025-08-27T03:43:57.208+0000][121][info ][gc,phases   ] GC(16)   Post Evacuate Collection Set: 2.14ms
[2025-08-27T03:43:57.208+0000][121][info ][gc,phases   ] GC(16)   Other: 0.30ms
[2025-08-27T03:43:57.208+0000][121][trace][gc,age      ] GC(16) Age table with threshold 15 (max threshold 15)
[2025-08-27T03:43:57.208+0000][121][trace][gc,age      ] GC(16) - age   1:   20776992 bytes,   20776992 total
[2025-08-27T03:43:57.208+0000][121][trace][gc,age      ] GC(16) - age   2:     686816 bytes,   21463808 total
[2025-08-27T03:43:57.208+0000][121][info ][gc,heap     ] GC(16) Eden regions: 150->0(147)
[2025-08-27T03:43:57.208+0000][121][info ][gc,heap     ] GC(16) Survivor regions: 3->6(20)
[2025-08-27T03:43:57.208+0000][121][info ][gc,heap     ] GC(16) Old regions: 30->30
[2025-08-27T03:43:57.208+0000][121][info ][gc,heap     ] GC(16) Humongous regions: 2->2
[2025-08-27T03:43:57.209+0000][121][info ][gc,metaspace] GC(16) Metaspace: 147979K(152256K)->147979K(152256K) NonClass: 126912K(129280K)->126912K(129280K) Class: 21067K(22976K)->21067K(22976K)
[2025-08-27T03:43:57.209+0000][121][info ][gc          ] GC(16) Pause Young (Normal) (G1 Evacuation Pause) 736M->149M(1024M) 21.427ms
[2025-08-27T03:43:57.209+0000][121][info ][gc,cpu      ] GC(16) User=0.11s Sys=0.01s Real=0.02s
[2025-08-27T03:43:57.209+0000][121][info ][safepoint   ] Safepoint "G1CollectForAllocation", Time since last: 70538376 ns, Reaching safepoint: 318791 ns, Cleanup: 62959 ns, At safepoint: 21722083 ns, Total: 22103833 ns
[2025-08-27T03:43:57.344+0000][121][info ][safepoint   ] Safepoint "ICBufferFull", Time since last: 134053125 ns, Reaching safepoint: 1142708 ns, Cleanup: 143834 ns, At safepoint: 18916 ns, Total: 1305458 ns
[2025-08-27T03:43:57.463+0000][121][info ][safepoint   ] Safepoint "ICBufferFull", Time since last: 117094167 ns, Reaching safepoint: 893583 ns, Cleanup: 110417 ns, At safepoint: 161958 ns, Total: 1165958 ns
[2025-08-27T03:43:57.522+0000][121][info ][safepoint   ] Safepoint "ICBufferFull", Time since last: 58873000 ns, Reaching safepoint: 24209 ns, Cleanup: 153250 ns, At safepoint: 21750 ns, Total: 199209 ns
[2025-08-27T03:43:57.605+0000][121][info ][safepoint   ] Safepoint "ICBufferFull", Time since last: 83016083 ns, Reaching safepoint: 51458 ns, Cleanup: 165417 ns, At safepoint: 88500 ns, Total: 305375 ns
[2025-08-27T03:43:57.679+0000][121][info ][safepoint   ] Safepoint "ICBufferFull", Time since last: 73421500 ns, Reaching safepoint: 23875 ns, Cleanup: 138458 ns, At safepoint: 29292 ns, Total: 191625 ns
[2025-08-27T03:43:57.763+0000][121][info ][safepoint   ] Safepoint "ICBufferFull", Time since last: 84353375 ns, Reaching safepoint: 28208 ns, Cleanup: 253334 ns, At safepoint: 23958 ns, Total: 305500 ns
[2025-08-27T03:43:57.955+0000][121][info ][safepoint   ] Safepoint "ICBufferFull", Time since last: 188906042 ns, Reaching safepoint: 2209125 ns, Cleanup: 210625 ns, At safepoint: 36958 ns, Total: 2456708 ns
[2025-08-27T03:43:58.127+0000][121][info ][safepoint   ] Safepoint "ICBufferFull", Time since last: 172368417 ns, Reaching safepoint: 32125 ns, Cleanup: 103292 ns, At safepoint: 26500 ns, Total: 161917 ns
[2025-08-27T03:43:58.247+0000][121][info ][safepoint   ] Safepoint "ICBufferFull", Time since last: 119722000 ns, Reaching safepoint: 11333 ns, Cleanup: 121292 ns, At safepoint: 10875 ns, Total: 143500 ns
[2025-08-27T03:43:58.375+0000][121][info ][safepoint   ] Safepoint "ICBufferFull", Time since last: 126462458 ns, Reaching safepoint: 824958 ns, Cleanup: 258584 ns, At safepoint: 47541 ns, Total: 1131083 ns
[2025-08-27T03:43:58.375+0000][121][info ][safepoint   ] Safepoint "ICBufferFull", Time since last: 828750 ns, Reaching safepoint: 23834 ns, Cleanup: 6500 ns, At safepoint: 23500 ns, Total: 53834 ns
[2025-08-27T03:43:58.604+0000][121][info ][safepoint   ] Safepoint "ICBufferFull", Time since last: 228582000 ns, Reaching safepoint: 10542 ns, Cleanup: 117875 ns, At safepoint: 58500 ns, Total: 186917 ns
[2025-08-27T03:43:58.607+0000][121][info ][safepoint   ] Safepoint "ICBufferFull", Time since last: 2205708 ns, Reaching safepoint: 27000 ns, Cleanup: 14458 ns, At safepoint: 13750 ns, Total: 55208 ns
[2025-08-27T03:43:59.252+0000][121][info ][safepoint   ] Safepoint "ICBufferFull", Time since last: 645490084 ns, Reaching safepoint: 177708 ns, Cleanup: 110375 ns, At safepoint: 10542 ns, Total: 298625 ns
[2025-08-27T03:43:59.964+0000][121][info ][gc,start    ] GC(17) Pause Young (Concurrent Start) (CodeCache GC Threshold)
[2025-08-27T03:43:59.964+0000][121][info ][gc,task     ] GC(17) Using 8 workers of 8 for evacuation
[2025-08-27T03:43:59.964+0000][121][debug][gc,age      ] GC(17) Desired survivor size 41943040 bytes, new threshold 15 (max threshold 15)
[2025-08-27T03:43:59.979+0000][121][info ][gc,phases   ] GC(17)   Pre Evacuate Collection Set: 0.29ms
[2025-08-27T03:43:59.979+0000][121][info ][gc,phases   ] GC(17)   Merge Heap Roots: 0.15ms
[2025-08-27T03:43:59.979+0000][121][info ][gc,phases   ] GC(17)   Evacuate Collection Set: 13.21ms
[2025-08-27T03:43:59.979+0000][121][info ][gc,phases   ] GC(17)   Post Evacuate Collection Set: 1.21ms
[2025-08-27T03:43:59.980+0000][121][info ][gc,phases   ] GC(17)   Other: 0.32ms
[2025-08-27T03:43:59.980+0000][121][trace][gc,age      ] GC(17) Age table with threshold 15 (max threshold 15)
[2025-08-27T03:43:59.980+0000][121][trace][gc,age      ] GC(17) - age   1:    6462344 bytes,    6462344 total
[2025-08-27T03:43:59.980+0000][121][trace][gc,age      ] GC(17) - age   2:   15704232 bytes,   22166576 total
[2025-08-27T03:43:59.980+0000][121][trace][gc,age      ] GC(17) - age   3:     686784 bytes,   22853360 total
[2025-08-27T03:43:59.980+0000][121][info ][gc,heap     ] GC(17) Eden regions: 123->0(147)
[2025-08-27T03:43:59.980+0000][121][info ][gc,heap     ] GC(17) Survivor regions: 6->6(20)
[2025-08-27T03:43:59.980+0000][121][info ][gc,heap     ] GC(17) Old regions: 30->30
[2025-08-27T03:43:59.980+0000][121][info ][gc,heap     ] GC(17) Humongous regions: 2->2
[2025-08-27T03:43:59.980+0000][121][info ][gc,metaspace] GC(17) Metaspace: 150505K(154880K)->150505K(154880K) NonClass: 129173K(131584K)->129173K(131584K) Class: 21331K(23296K)->21331K(23296K)
[2025-08-27T03:43:59.980+0000][121][info ][gc          ] GC(17) Pause Young (Concurrent Start) (CodeCache GC Threshold) 640M->150M(1024M) 15.849ms
[2025-08-27T03:43:59.980+0000][121][info ][gc,cpu      ] GC(17) User=0.09s Sys=0.00s Real=0.02s
[2025-08-27T03:43:59.980+0000][121][info ][gc          ] GC(18) Concurrent Mark Cycle
[2025-08-27T03:43:59.980+0000][121][info ][safepoint   ] Safepoint "G1TryInitiateConcMark", Time since last: 711506292 ns, Reaching safepoint: 52375 ns, Cleanup: 88375 ns, At safepoint: 16024417 ns, Total: 16165167 ns
[2025-08-27T03:43:59.980+0000][121][info ][gc,marking  ] GC(18) Concurrent Scan Root Regions
[2025-08-27T03:43:59.989+0000][121][info ][gc,marking  ] GC(18) Concurrent Scan Root Regions 8.382ms
[2025-08-27T03:43:59.989+0000][121][info ][gc,marking  ] GC(18) Concurrent Mark
[2025-08-27T03:43:59.990+0000][121][info ][gc,marking  ] GC(18) Concurrent Mark From Roots
[2025-08-27T03:43:59.990+0000][121][info ][gc,task     ] GC(18) Using 2 workers of 2 for marking
[2025-08-27T03:44:00.054+0000][121][info ][gc,marking  ] GC(18) Concurrent Mark From Roots 64.898ms
[2025-08-27T03:44:00.055+0000][121][info ][gc,marking  ] GC(18) Concurrent Preclean
[2025-08-27T03:44:00.055+0000][121][info ][gc,marking  ] GC(18) Concurrent Preclean 0.208ms
[2025-08-27T03:44:00.055+0000][121][info ][gc,start    ] GC(18) Pause Remark
[2025-08-27T03:44:00.097+0000][121][info ][gc          ] GC(18) Pause Remark 156M->156M(1024M) 42.402ms
[2025-08-27T03:44:00.098+0000][121][info ][gc,cpu      ] GC(18) User=0.30s Sys=0.00s Real=0.04s
[2025-08-27T03:44:00.098+0000][121][info ][safepoint   ] Safepoint "G1PauseRemark", Time since last: 74835958 ns, Reaching safepoint: 16708 ns, Cleanup: 44084 ns, At safepoint: 42800000 ns, Total: 42860792 ns
[2025-08-27T03:44:00.098+0000][121][info ][gc,marking  ] GC(18) Concurrent Mark 108.505ms
[2025-08-27T03:44:00.098+0000][121][info ][gc,marking  ] GC(18) Concurrent Rebuild Remembered Sets and Scrub Regions
[2025-08-27T03:44:00.119+0000][121][info ][gc,marking  ] GC(18) Concurrent Rebuild Remembered Sets and Scrub Regions 21.244ms
[2025-08-27T03:44:00.119+0000][121][info ][gc,start    ] GC(18) Pause Cleanup
[2025-08-27T03:44:00.119+0000][121][info ][gc          ] GC(18) Pause Cleanup 158M->158M(1024M) 0.120ms
[2025-08-27T03:44:00.120+0000][121][info ][gc,cpu      ] GC(18) User=0.00s Sys=0.00s Real=0.00s
[2025-08-27T03:44:00.120+0000][121][info ][safepoint   ] Safepoint "G1PauseCleanup", Time since last: 21663375 ns, Reaching safepoint: 9125 ns, Cleanup: 18833 ns, At safepoint: 257625 ns, Total: 285583 ns
[2025-08-27T03:44:00.120+0000][121][info ][gc,marking  ] GC(18) Concurrent Clear Claimed Marks
[2025-08-27T03:44:00.120+0000][121][info ][gc,marking  ] GC(18) Concurrent Clear Claimed Marks 0.393ms
[2025-08-27T03:44:00.120+0000][121][info ][gc,marking  ] GC(18) Concurrent Cleanup for Next Mark
[2025-08-27T03:44:00.128+0000][121][info ][gc,marking  ] GC(18) Concurrent Cleanup for Next Mark 7.537ms
[2025-08-27T03:44:00.128+0000][121][info ][gc          ] GC(18) Concurrent Mark Cycle 147.883ms
[2025-08-27T03:44:00.988+0000][121][info ][safepoint   ] Safepoint "ICBufferFull", Time since last: 868352667 ns, Reaching safepoint: 8167 ns, Cleanup: 79916 ns, At safepoint: 10750 ns, Total: 98833 ns
[2025-08-27T03:44:01.025+0000][121][info ][safepoint   ] Safepoint "ICBufferFull", Time since last: 36445209 ns, Reaching safepoint: 11083 ns, Cleanup: 259875 ns, At safepoint: 10500 ns, Total: 281458 ns
[2025-08-27T03:44:01.081+0000][121][info ][safepoint   ] Safepoint "ICBufferFull", Time since last: 55832917 ns, Reaching safepoint: 25416 ns, Cleanup: 120459 ns, At safepoint: 18458 ns, Total: 164333 ns
[2025-08-27T03:44:01.138+0000][121][info ][safepoint   ] Safepoint "ICBufferFull", Time since last: 57015083 ns, Reaching safepoint: 12209 ns, Cleanup: 104875 ns, At safepoint: 9958 ns, Total: 127042 ns
[2025-08-27T03:44:01.190+0000][121][info ][safepoint   ] Safepoint "ICBufferFull", Time since last: 52090750 ns, Reaching safepoint: 9042 ns, Cleanup: 79875 ns, At safepoint: 15583 ns, Total: 104500 ns
[2025-08-27T03:44:01.260+0000][121][info ][safepoint   ] Safepoint "ICBufferFull", Time since last: 69532708 ns, Reaching safepoint: 20125 ns, Cleanup: 131875 ns, At safepoint: 7125 ns, Total: 159125 ns
[2025-08-27T03:44:01.717+0000][121][info ][safepoint   ] Safepoint "ICBufferFull", Time since last: 456712959 ns, Reaching safepoint: 778750 ns, Cleanup: 174917 ns, At safepoint: 19333 ns, Total: 973000 ns
[2025-08-27T03:44:02.781+0000][121][info ][safepoint   ] Safepoint "Cleanup", Time since last: 1063004042 ns, Reaching safepoint: 8959 ns, Cleanup: 182750 ns, At safepoint: 11416 ns, Total: 203125 ns
[2025-08-27T03:44:03.813+0000][121][info ][safepoint   ] Safepoint "Cleanup", Time since last: 1031734834 ns, Reaching safepoint: 115833 ns, Cleanup: 190042 ns, At safepoint: 21208 ns, Total: 327083 ns
[2025-08-27T03:44:04.106+0000][121][info ][safepoint   ] Safepoint "ICBufferFull", Time since last: 291852375 ns, Reaching safepoint: 1595209 ns, Cleanup: 104458 ns, At safepoint: 30458 ns, Total: 1730125 ns
[2025-08-27T03:44:05.134+0000][121][info ][safepoint   ] Safepoint "Cleanup", Time since last: 1027475793 ns, Reaching safepoint: 4750 ns, Cleanup: 164791 ns, At safepoint: 9667 ns, Total: 179208 ns
[2025-08-27T03:44:06.166+0000][121][info ][safepoint   ] Safepoint "Cleanup", Time since last: 1031387084 ns, Reaching safepoint: 86625 ns, Cleanup: 116666 ns, At safepoint: 24750 ns, Total: 228041 ns
[2025-08-27T03:44:07.168+0000][121][info ][safepoint   ] Safepoint "Cleanup", Time since last: 1003008417 ns, Reaching safepoint: 48959 ns, Cleanup: 165541 ns, At safepoint: 7500 ns, Total: 222000 ns
[2025-08-27T03:44:09.171+0000][121][info ][safepoint   ] Safepoint "Cleanup", Time since last: 2002457043 ns, Reaching safepoint: 121958 ns, Cleanup: 64000 ns, At safepoint: 23667 ns, Total: 209625 ns
[2025-08-27T03:44:10.172+0000][121][info ][safepoint   ] Safepoint "Cleanup", Time since last: 1000937917 ns, Reaching safepoint: 86917 ns, Cleanup: 276041 ns, At safepoint: 28875 ns, Total: 391833 ns
[2025-08-27T03:44:11.260+0000][121][info ][safepoint   ] Safepoint "Cleanup", Time since last: 1088131043 ns, Reaching safepoint: 64250 ns, Cleanup: 116791 ns, At safepoint: 16292 ns, Total: 197333 ns
[2025-08-27T03:44:12.262+0000][121][info ][safepoint   ] Safepoint "Cleanup", Time since last: 1001260542 ns, Reaching safepoint: 75708 ns, Cleanup: 82584 ns, At safepoint: 16666 ns, Total: 174958 ns
[2025-08-27T03:44:13.263+0000][121][info ][safepoint   ] Safepoint "Cleanup", Time since last: 1001590293 ns, Reaching safepoint: 17666 ns, Cleanup: 18584 ns, At safepoint: 7333 ns, Total: 43583 ns
[2025-08-27T03:44:14.265+0000][121][info ][safepoint   ] Safepoint "Cleanup", Time since last: 1000996375 ns, Reaching safepoint: 73417 ns, Cleanup: 31750 ns, At safepoint: 26167 ns, Total: 131334 ns
[2025-08-27T03:44:15.266+0000][121][info ][safepoint   ] Safepoint "Cleanup", Time since last: 1000890792 ns, Reaching safepoint: 79875 ns, Cleanup: 138292 ns, At safepoint: 12625 ns, Total: 230792 ns
[2025-08-27T03:44:16.268+0000][121][info ][safepoint   ] Safepoint "Cleanup", Time since last: 1001756000 ns, Reaching safepoint: 105875 ns, Cleanup: 75458 ns, At safepoint: 27709 ns, Total: 209042 ns
[2025-08-27T03:44:17.269+0000][121][info ][safepoint   ] Safepoint "Cleanup", Time since last: 1000845917 ns, Reaching safepoint: 65958 ns, Cleanup: 30000 ns, At safepoint: 14208 ns, Total: 110166 ns
[2025-08-27T03:44:19.271+0000][121][info ][safepoint   ] Safepoint "Cleanup", Time since last: 2001801418 ns, Reaching safepoint: 125958 ns, Cleanup: 86042 ns, At safepoint: 22958 ns, Total: 234958 ns
[2025-08-27T03:44:20.273+0000][121][info ][safepoint   ] Safepoint "Cleanup", Time since last: 1001938376 ns, Reaching safepoint: 18375 ns, Cleanup: 21500 ns, At safepoint: 7625 ns, Total: 47500 ns
[2025-08-27T03:44:22.274+0000][121][info ][safepoint   ] Safepoint "Cleanup", Time since last: 2001734209 ns, Reaching safepoint: 9875 ns, Cleanup: 61542 ns, At safepoint: 3458 ns, Total: 74875 ns
[2025-08-27T03:44:23.275+0000][121][info ][safepoint   ] Safepoint "Cleanup", Time since last: 1000945251 ns, Reaching safepoint: 13833 ns, Cleanup: 17167 ns, At safepoint: 5916 ns, Total: 36916 ns
[2025-08-27T03:44:24.276+0000][121][info ][safepoint   ] Safepoint "Cleanup", Time since last: 1000937209 ns, Reaching safepoint: 46958 ns, Cleanup: 41459 ns, At safepoint: 12666 ns, Total: 101083 ns
[2025-08-27T03:44:25.278+0000][121][info ][safepoint   ] Safepoint "Cleanup", Time since last: 1001489168 ns, Reaching safepoint: 79833 ns, Cleanup: 197167 ns, At safepoint: 20791 ns, Total: 297791 ns
[2025-08-27T03:44:27.281+0000][121][info ][safepoint   ] Safepoint "Cleanup", Time since last: 2002456501 ns, Reaching safepoint: 185625 ns, Cleanup: 121625 ns, At safepoint: 33542 ns, Total: 340792 ns
[2025-08-27T03:44:28.283+0000][121][info ][safepoint   ] Safepoint "Cleanup", Time since last: 1001834917 ns, Reaching safepoint: 111667 ns, Cleanup: 113458 ns, At safepoint: 23917 ns, Total: 249042 ns
[2025-08-27T03:44:30.286+0000][121][info ][safepoint   ] Safepoint "Cleanup", Time since last: 2002437626 ns, Reaching safepoint: 15625 ns, Cleanup: 23750 ns, At safepoint: 5166 ns, Total: 44541 ns
[2025-08-27T03:44:31.287+0000][121][info ][safepoint   ] Safepoint "Cleanup", Time since last: 1001598626 ns, Reaching safepoint: 18791 ns, Cleanup: 48625 ns, At safepoint: 9250 ns, Total: 76666 ns
[2025-08-27T03:44:32.288+0000][121][info ][safepoint   ] Safepoint "Cleanup", Time since last: 1000480334 ns, Reaching safepoint: 54667 ns, Cleanup: 30917 ns, At safepoint: 11875 ns, Total: 97459 ns
[2025-08-27T03:44:34.291+0000][121][info ][safepoint   ] Safepoint "Cleanup", Time since last: 2002762459 ns, Reaching safepoint: 20417 ns, Cleanup: 34208 ns, At safepoint: 15042 ns, Total: 69667 ns
[2025-08-27T03:44:35.292+0000][121][info ][safepoint   ] Safepoint "Cleanup", Time since last: 1001097958 ns, Reaching safepoint: 49209 ns, Cleanup: 152083 ns, At safepoint: 74458 ns, Total: 275750 ns
[2025-08-27T03:44:36.401+0000][121][info ][safepoint   ] Safepoint "Cleanup", Time since last: 1108845334 ns, Reaching safepoint: 17750 ns, Cleanup: 119375 ns, At safepoint: 92125 ns, Total: 229250 ns
[2025-08-27T03:44:37.448+0000][121][info ][safepoint   ] Safepoint "Cleanup", Time since last: 1046247125 ns, Reaching safepoint: 75042 ns, Cleanup: 102250 ns, At safepoint: 18208 ns, Total: 195500 ns
[2025-08-27T03:44:39.450+0000][121][info ][safepoint   ] Safepoint "Cleanup", Time since last: 2001000001 ns, Reaching safepoint: 250292 ns, Cleanup: 85375 ns, At safepoint: 36125 ns, Total: 371792 ns
[2025-08-27T03:44:41.224+0000][121][info ][safepoint   ] Safepoint "Cleanup", Time since last: 1774488542 ns, Reaching safepoint: 55250 ns, Cleanup: 164334 ns, At safepoint: 19416 ns, Total: 239000 ns
[2025-08-27T03:44:42.226+0000][121][info ][safepoint   ] Safepoint "Cleanup", Time since last: 1001860501 ns, Reaching safepoint: 51958 ns, Cleanup: 32750 ns, At safepoint: 15167 ns, Total: 99875 ns
[2025-08-27T03:44:43.231+0000][121][info ][safepoint   ] Safepoint "Cleanup", Time since last: 1004050625 ns, Reaching safepoint: 50709 ns, Cleanup: 207416 ns, At safepoint: 73959 ns, Total: 332084 ns
[2025-08-27T03:44:44.232+0000][121][info ][safepoint   ] Safepoint "Cleanup", Time since last: 1001549458 ns, Reaching safepoint: 19292 ns, Cleanup: 17708 ns, At safepoint: 9042 ns, Total: 46042 ns
[2025-08-27T03:44:45.233+0000][121][info ][safepoint   ] Safepoint "Cleanup", Time since last: 1000784500 ns, Reaching safepoint: 94709 ns, Cleanup: 114250 ns, At safepoint: 14541 ns, Total: 223500 ns
[2025-08-27T03:44:46.235+0000][121][info ][safepoint   ] Safepoint "Cleanup", Time since last: 1001858293 ns, Reaching safepoint: 125958 ns, Cleanup: 34208 ns, At safepoint: 16167 ns, Total: 176333 ns
[2025-08-27T03:44:49.238+0000][121][info ][safepoint   ] Safepoint "Cleanup", Time since last: 3002691793 ns, Reaching safepoint: 38292 ns, Cleanup: 33208 ns, At safepoint: 9708 ns, Total: 81208 ns
[2025-08-27T03:44:50.240+0000][121][info ][safepoint   ] Safepoint "Cleanup", Time since last: 1001304001 ns, Reaching safepoint: 44500 ns, Cleanup: 68875 ns, At safepoint: 13708 ns, Total: 127083 ns
[2025-08-27T03:44:51.241+0000][121][info ][safepoint   ] Safepoint "Cleanup", Time since last: 1000897584 ns, Reaching safepoint: 57000 ns, Cleanup: 39083 ns, At safepoint: 17667 ns, Total: 113750 ns
[2025-08-27T03:44:52.241+0000][121][info ][safepoint   ] Safepoint "Cleanup", Time since last: 1000504500 ns, Reaching safepoint: 44000 ns, Cleanup: 16792 ns, At safepoint: 15375 ns, Total: 76167 ns
[2025-08-27T03:44:53.242+0000][121][info ][safepoint   ] Safepoint "Cleanup", Time since last: 1001178584 ns, Reaching safepoint: 107125 ns, Cleanup: 43250 ns, At safepoint: 18583 ns, Total: 168958 ns
[2025-08-27T03:44:54.243+0000][121][info ][safepoint   ] Safepoint "Cleanup", Time since last: 1000651959 ns, Reaching safepoint: 33875 ns, Cleanup: 26583 ns, At safepoint: 9084 ns, Total: 69542 ns
[2025-08-27T03:44:55.995+0000][121][info ][safepoint   ] Safepoint "Cleanup", Time since last: 1751018042 ns, Reaching safepoint: 47750 ns, Cleanup: 326459 ns, At safepoint: 17958 ns, Total: 392167 ns
[2025-08-27T03:44:56.999+0000][121][info ][safepoint   ] Safepoint "Cleanup", Time since last: 1003607625 ns, Reaching safepoint: 160792 ns, Cleanup: 121458 ns, At safepoint: 16667 ns, Total: 298917 ns
[2025-08-27T03:44:57.999+0000][121][info ][safepoint   ] Safepoint "Cleanup", Time since last: 1000153501 ns, Reaching safepoint: 4458 ns, Cleanup: 60083 ns, At safepoint: 5375 ns, Total: 69916 ns
[2025-08-27T03:44:59.020+0000][121][info ][safepoint   ] Safepoint "Cleanup", Time since last: 1020494959 ns, Reaching safepoint: 56250 ns, Cleanup: 326083 ns, At safepoint: 20667 ns, Total: 403000 ns
[2025-08-27T03:45:00.130+0000][121][info ][safepoint   ] Safepoint "Cleanup", Time since last: 1110005251 ns, Reaching safepoint: 14875 ns, Cleanup: 138583 ns, At safepoint: 15917 ns, Total: 169375 ns
[2025-08-27T03:45:01.136+0000][121][info ][safepoint   ] Safepoint "Cleanup", Time since last: 1006366750 ns, Reaching safepoint: 50083 ns, Cleanup: 43334 ns, At safepoint: 39458 ns, Total: 132875 ns
[2025-08-27T03:45:02.138+0000][121][info ][safepoint   ] Safepoint "Cleanup", Time since last: 1001738417 ns, Reaching safepoint: 45250 ns, Cleanup: 76959 ns, At safepoint: 45416 ns, Total: 167625 ns
[2025-08-27T03:45:04.141+0000][121][info ][safepoint   ] Safepoint "Cleanup", Time since last: 2002195835 ns, Reaching safepoint: 67416 ns, Cleanup: 79667 ns, At safepoint: 19125 ns, Total: 166208 ns
[2025-08-27T03:45:05.143+0000][121][info ][safepoint   ] Safepoint "Cleanup", Time since last: 1001963584 ns, Reaching safepoint: 57291 ns, Cleanup: 54250 ns, At safepoint: 18625 ns, Total: 130166 ns
[2025-08-27T03:45:07.146+0000][121][info ][safepoint   ] Safepoint "Cleanup", Time since last: 2002591917 ns, Reaching safepoint: 51125 ns, Cleanup: 54875 ns, At safepoint: 14375 ns, Total: 120375 ns
[2025-08-27T03:45:09.148+0000][121][info ][safepoint   ] Safepoint "Cleanup", Time since last: 2001734584 ns, Reaching safepoint: 128834 ns, Cleanup: 43916 ns, At safepoint: 21792 ns, Total: 194542 ns
[2025-08-27T03:45:10.149+0000][121][info ][safepoint   ] Safepoint "Cleanup", Time since last: 1001278042 ns, Reaching safepoint: 17458 ns, Cleanup: 7542 ns, At safepoint: 5208 ns, Total: 30208 ns
[2025-08-27T03:45:13.151+0000][121][info ][safepoint   ] Safepoint "Cleanup", Time since last: 3002448293 ns, Reaching safepoint: 64917 ns, Cleanup: 67833 ns, At safepoint: 10750 ns, Total: 143500 ns
[2025-08-27T03:45:14.154+0000][121][info ][safepoint   ] Safepoint "Cleanup", Time since last: 1002317418 ns, Reaching safepoint: 47625 ns, Cleanup: 25666 ns, At safepoint: 13500 ns, Total: 86791 ns
[2025-08-27T03:45:15.155+0000][121][info ][safepoint   ] Safepoint "Cleanup", Time since last: 1000921042 ns, Reaching safepoint: 81459 ns, Cleanup: 53666 ns, At safepoint: 11792 ns, Total: 146917 ns
[2025-08-27T03:45:16.156+0000][121][info ][safepoint   ] Safepoint "Cleanup", Time since last: 1000533001 ns, Reaching safepoint: 61666 ns, Cleanup: 46542 ns, At safepoint: 15583 ns, Total: 123791 ns
[2025-08-27T03:45:20.161+0000][121][info ][safepoint   ] Safepoint "Cleanup", Time since last: 4004879544 ns, Reaching safepoint: 80250 ns, Cleanup: 87125 ns, At safepoint: 33833 ns, Total: 201208 ns
[2025-08-27T03:45:22.164+0000][121][info ][safepoint   ] Safepoint "Cleanup", Time since last: 2003494209 ns, Reaching safepoint: 23875 ns, Cleanup: 18250 ns, At safepoint: 38250 ns, Total: 80375 ns
[2025-08-27T03:45:23.167+0000][121][info ][safepoint   ] Safepoint "Cleanup", Time since last: 1002761418 ns, Reaching safepoint: 94250 ns, Cleanup: 102875 ns, At safepoint: 51458 ns, Total: 248583 ns
[2025-08-27T03:45:24.170+0000][121][info ][safepoint   ] Safepoint "Cleanup", Time since last: 1002155792 ns, Reaching safepoint: 99542 ns, Cleanup: 96291 ns, At safepoint: 26334 ns, Total: 222167 ns
[2025-08-27T03:45:25.172+0000][121][info ][safepoint   ] Safepoint "Cleanup", Time since last: 1002374209 ns, Reaching safepoint: 79291 ns, Cleanup: 172459 ns, At safepoint: 15958 ns, Total: 267708 ns
[2025-08-27T03:45:27.176+0000][121][info ][safepoint   ] Safepoint "Cleanup", Time since last: 2003082334 ns, Reaching safepoint: 53542 ns, Cleanup: 101625 ns, At safepoint: 92875 ns, Total: 248042 ns
[2025-08-27T03:45:28.177+0000][121][info ][safepoint   ] Safepoint "Cleanup", Time since last: 1001174917 ns, Reaching safepoint: 59917 ns, Cleanup: 39541 ns, At safepoint: 12125 ns, Total: 111583 ns
[2025-08-27T03:45:29.179+0000][121][info ][safepoint   ] Safepoint "Cleanup", Time since last: 1001490751 ns, Reaching safepoint: 117541 ns, Cleanup: 31042 ns, At safepoint: 19708 ns, Total: 168291 ns
[2025-08-27T03:45:30.180+0000][121][info ][safepoint   ] Safepoint "Cleanup", Time since last: 1000884626 ns, Reaching safepoint: 91583 ns, Cleanup: 36542 ns, At safepoint: 17750 ns, Total: 145875 ns
[2025-08-27T03:45:31.181+0000][121][info ][safepoint   ] Safepoint "Cleanup", Time since last: 1000884959 ns, Reaching safepoint: 74958 ns, Cleanup: 29292 ns, At safepoint: 13458 ns, Total: 117708 ns
[2025-08-27T03:45:34.184+0000][121][info ][safepoint   ] Safepoint "Cleanup", Time since last: 3003259168 ns, Reaching safepoint: 43667 ns, Cleanup: 32250 ns, At safepoint: 12333 ns, Total: 88250 ns
[2025-08-27T03:45:35.186+0000][121][info ][safepoint   ] Safepoint "Cleanup", Time since last: 1001638876 ns, Reaching safepoint: 50708 ns, Cleanup: 38292 ns, At safepoint: 12083 ns, Total: 101083 ns
[2025-08-27T03:45:37.182+0000][121][info ][safepoint   ] Safepoint "Cleanup", Time since last: 2001745084 ns, Reaching safepoint: 47333 ns, Cleanup: 108333 ns, At safepoint: 12334 ns, Total: 168000 ns
[2025-08-27T03:45:39.184+0000][121][info ][safepoint   ] Safepoint "Cleanup", Time since last: 2001853834 ns, Reaching safepoint: 144250 ns, Cleanup: 58917 ns, At safepoint: 22125 ns, Total: 225292 ns
[2025-08-27T03:45:40.186+0000][121][info ][safepoint   ] Safepoint "Cleanup", Time since last: 1001894500 ns, Reaching safepoint: 49083 ns, Cleanup: 38375 ns, At safepoint: 14000 ns, Total: 101458 ns
[2025-08-27T03:45:41.237+0000][121][info ][safepoint   ] Safepoint "Cleanup", Time since last: 1050955001 ns, Reaching safepoint: 99917 ns, Cleanup: 70916 ns, At safepoint: 22709 ns, Total: 193542 ns
[2025-08-27T03:45:45.242+0000][121][info ][safepoint   ] Safepoint "Cleanup", Time since last: 4004650210 ns, Reaching safepoint: 90541 ns, Cleanup: 24209 ns, At safepoint: 12750 ns, Total: 127500 ns
[2025-08-27T03:45:46.244+0000][121][info ][safepoint   ] Safepoint "Cleanup", Time since last: 1001850292 ns, Reaching safepoint: 50250 ns, Cleanup: 43875 ns, At safepoint: 13625 ns, Total: 107750 ns
[2025-08-27T03:45:49.248+0000][121][info ][safepoint   ] Safepoint "Cleanup", Time since last: 3004326168 ns, Reaching safepoint: 18125 ns, Cleanup: 18042 ns, At safepoint: 9666 ns, Total: 45833 ns
[2025-08-27T03:45:50.249+0000][121][info ][safepoint   ] Safepoint "Cleanup", Time since last: 1001248084 ns, Reaching safepoint: 44584 ns, Cleanup: 137208 ns, At safepoint: 17833 ns, Total: 199625 ns
[2025-08-27T03:45:52.253+0000][121][info ][safepoint   ] Safepoint "Cleanup", Time since last: 2003094126 ns, Reaching safepoint: 49250 ns, Cleanup: 88542 ns, At safepoint: 17625 ns, Total: 155417 ns
[2025-08-27T03:45:54.255+0000][121][info ][safepoint   ] Safepoint "Cleanup", Time since last: 2001689334 ns, Reaching safepoint: 91292 ns, Cleanup: 37333 ns, At safepoint: 17458 ns, Total: 146083 ns
[2025-08-27T03:45:55.256+0000][121][info ][safepoint   ] Safepoint "Cleanup", Time since last: 1001258209 ns, Reaching safepoint: 52209 ns, Cleanup: 95875 ns, At safepoint: 18625 ns, Total: 166709 ns
[2025-08-27T03:45:56.258+0000][121][info ][safepoint   ] Safepoint "Cleanup", Time since last: 1001614250 ns, Reaching safepoint: 46250 ns, Cleanup: 32375 ns, At safepoint: 14042 ns, Total: 92667 ns
[2025-08-27T03:45:57.259+0000][121][info ][safepoint   ] Safepoint "Cleanup", Time since last: 1001533667 ns, Reaching safepoint: 43667 ns, Cleanup: 194833 ns, At safepoint: 23208 ns, Total: 261708 ns
[2025-08-27T03:45:58.261+0000][121][info ][safepoint   ] Safepoint "Cleanup", Time since last: 1001279001 ns, Reaching safepoint: 66000 ns, Cleanup: 34750 ns, At safepoint: 20666 ns, Total: 121416 ns
[2025-08-27T03:45:59.263+0000][121][info ][safepoint   ] Safepoint "Cleanup", Time since last: 1001748293 ns, Reaching safepoint: 74958 ns, Cleanup: 61542 ns, At safepoint: 22416 ns, Total: 158916 ns
[2025-08-27T03:46:00.265+0000][121][info ][safepoint   ] Safepoint "Cleanup", Time since last: 1001670917 ns, Reaching safepoint: 70209 ns, Cleanup: 60083 ns, At safepoint: 63375 ns, Total: 193667 ns
[2025-08-27T03:46:01.347+0000][121][info ][safepoint   ] Safepoint "Cleanup", Time since last: 1081797542 ns, Reaching safepoint: 11584 ns, Cleanup: 185083 ns, At safepoint: 10125 ns, Total: 206792 ns
[2025-08-27T03:46:02.392+0000][121][info ][safepoint   ] Safepoint "Cleanup", Time since last: 1044889375 ns, Reaching safepoint: 20417 ns, Cleanup: 118792 ns, At safepoint: 18041 ns, Total: 157250 ns
[2025-08-27T03:46:04.397+0000][121][info ][safepoint   ] Safepoint "Cleanup", Time since last: 2004936376 ns, Reaching safepoint: 82667 ns, Cleanup: 90500 ns, At safepoint: 28625 ns, Total: 201792 ns
[2025-08-27T03:46:05.399+0000][121][info ][safepoint   ] Safepoint "Cleanup", Time since last: 1002247500 ns, Reaching safepoint: 78834 ns, Cleanup: 40625 ns, At safepoint: 22291 ns, Total: 141750 ns
[2025-08-27T03:46:07.400+0000][121][info ][safepoint   ] Safepoint "Cleanup", Time since last: 2002191792 ns, Reaching safepoint: 51084 ns, Cleanup: 41750 ns, At safepoint: 12291 ns, Total: 105125 ns
[2025-08-27T03:46:09.403+0000][121][info ][safepoint   ] Safepoint "Cleanup", Time since last: 2002963751 ns, Reaching safepoint: 94375 ns, Cleanup: 69709 ns, At safepoint: 19375 ns, Total: 183459 ns
[2025-08-27T03:46:10.404+0000][121][info ][safepoint   ] Safepoint "Cleanup", Time since last: 1000949125 ns, Reaching safepoint: 38667 ns, Cleanup: 20208 ns, At safepoint: 5667 ns, Total: 64542 ns
[2025-08-27T03:46:13.412+0000][121][info ][safepoint   ] Safepoint "Cleanup", Time since last: 3007137501 ns, Reaching safepoint: 97375 ns, Cleanup: 47750 ns, At safepoint: 14375 ns, Total: 159500 ns
[2025-08-27T03:46:15.415+0000][121][info ][safepoint   ] Safepoint "Cleanup", Time since last: 2003052876 ns, Reaching safepoint: 71750 ns, Cleanup: 49125 ns, At safepoint: 19125 ns, Total: 140000 ns
[2025-08-27T03:46:16.417+0000][121][info ][safepoint   ] Safepoint "Cleanup", Time since last: 1001684084 ns, Reaching safepoint: 43917 ns, Cleanup: 66083 ns, At safepoint: 12875 ns, Total: 122875 ns
[2025-08-27T03:46:19.421+0000][121][info ][safepoint   ] Safepoint "Cleanup", Time since last: 3004681960 ns, Reaching safepoint: 91166 ns, Cleanup: 91292 ns, At safepoint: 32625 ns, Total: 215083 ns
[2025-08-27T03:46:20.423+0000][121][info ][safepoint   ] Safepoint "Cleanup", Time since last: 1001714209 ns, Reaching safepoint: 12250 ns, Cleanup: 9750 ns, At safepoint: 6083 ns, Total: 28083 ns
[2025-08-27T03:46:21.425+0000][121][info ][safepoint   ] Safepoint "Cleanup", Time since last: 1001242251 ns, Reaching safepoint: 58583 ns, Cleanup: 30333 ns, At safepoint: 27917 ns, Total: 116833 ns
[2025-08-27T03:46:22.425+0000][121][info ][safepoint   ] Safepoint "Cleanup", Time since last: 1000673084 ns, Reaching safepoint: 81917 ns, Cleanup: 122541 ns, At safepoint: 20167 ns, Total: 224625 ns
[2025-08-27T03:46:23.427+0000][121][info ][safepoint   ] Safepoint "Cleanup", Time since last: 1001619542 ns, Reaching safepoint: 91375 ns, Cleanup: 75583 ns, At safepoint: 19042 ns, Total: 186000 ns
[2025-08-27T03:46:24.429+0000][121][info ][safepoint   ] Safepoint "Cleanup", Time since last: 1001722542 ns, Reaching safepoint: 73584 ns, Cleanup: 53000 ns, At safepoint: 15458 ns, Total: 142042 ns
[2025-08-27T03:46:25.431+0000][121][info ][safepoint   ] Safepoint "Cleanup", Time since last: 1001213375 ns, Reaching safepoint: 122125 ns, Cleanup: 47917 ns, At safepoint: 16167 ns, Total: 186209 ns
[2025-08-27T03:46:27.434+0000][121][info ][safepoint   ] Safepoint "Cleanup", Time since last: 2003034459 ns, Reaching safepoint: 55500 ns, Cleanup: 57667 ns, At safepoint: 56166 ns, Total: 169333 ns
[2025-08-27T03:46:28.436+0000][121][info ][safepoint   ] Safepoint "Cleanup", Time since last: 1002302292 ns, Reaching safepoint: 79625 ns, Cleanup: 60375 ns, At safepoint: 22709 ns, Total: 162709 ns
[2025-08-27T03:46:30.438+0000][121][info ][safepoint   ] Safepoint "Cleanup", Time since last: 2002029709 ns, Reaching safepoint: 14542 ns, Cleanup: 11166 ns, At safepoint: 6042 ns, Total: 31750 ns
[2025-08-27T03:46:31.440+0000][121][info ][safepoint   ] Safepoint "Cleanup", Time since last: 1001477417 ns, Reaching safepoint: 407750 ns, Cleanup: 39167 ns, At safepoint: 19833 ns, Total: 466750 ns
[2025-08-27T03:46:32.442+0000][121][info ][safepoint   ] Safepoint "Cleanup", Time since last: 1001940251 ns, Reaching safepoint: 55875 ns, Cleanup: 61000 ns, At safepoint: 16708 ns, Total: 133583 ns
[2025-08-27T03:46:34.445+0000][121][info ][safepoint   ] Safepoint "Cleanup", Time since last: 2002136501 ns, Reaching safepoint: 99708 ns, Cleanup: 97125 ns, At safepoint: 15875 ns, Total: 212708 ns
[2025-08-27T03:46:35.447+0000][121][info ][safepoint   ] Safepoint "Cleanup", Time since last: 1001696501 ns, Reaching safepoint: 99791 ns, Cleanup: 56625 ns, At safepoint: 24667 ns, Total: 181083 ns
[2025-08-27T03:46:37.449+0000][121][info ][safepoint   ] Safepoint "Cleanup", Time since last: 2002623542 ns, Reaching safepoint: 59167 ns, Cleanup: 77458 ns, At safepoint: 26625 ns, Total: 163250 ns
[2025-08-27T03:46:39.452+0000][121][info ][safepoint   ] Safepoint "Cleanup", Time since last: 2002311043 ns, Reaching safepoint: 212875 ns, Cleanup: 33708 ns, At safepoint: 119625 ns, Total: 366208 ns
[2025-08-27T03:46:40.454+0000][121][info ][safepoint   ] Safepoint "Cleanup", Time since last: 1001515501 ns, Reaching safepoint: 42792 ns, Cleanup: 44458 ns, At safepoint: 19125 ns, Total: 106375 ns
[2025-08-27T03:46:43.460+0000][121][info ][safepoint   ] Safepoint "Cleanup", Time since last: 3006388751 ns, Reaching safepoint: 46667 ns, Cleanup: 50458 ns, At safepoint: 12875 ns, Total: 110000 ns
[2025-08-27T03:46:44.461+0000][121][info ][safepoint   ] Safepoint "Cleanup", Time since last: 1001055584 ns, Reaching safepoint: 65333 ns, Cleanup: 48709 ns, At safepoint: 34416 ns, Total: 148458 ns
[2025-08-27T03:46:50.468+0000][121][info ][safepoint   ] Safepoint "Cleanup", Time since last: 6006217962 ns, Reaching safepoint: 176333 ns, Cleanup: 29833 ns, At safepoint: 8292 ns, Total: 214458 ns
[2025-08-27T03:46:52.471+0000][121][info ][safepoint   ] Safepoint "Cleanup", Time since last: 2002690876 ns, Reaching safepoint: 122375 ns, Cleanup: 218417 ns, At safepoint: 80416 ns, Total: 421208 ns
[2025-08-27T03:46:53.473+0000][121][info ][safepoint   ] Safepoint "Cleanup", Time since last: 1001983126 ns, Reaching safepoint: 38916 ns, Cleanup: 29042 ns, At safepoint: 33625 ns, Total: 101583 ns
[2025-08-27T03:46:54.475+0000][121][info ][safepoint   ] Safepoint "Cleanup", Time since last: 1001815376 ns, Reaching safepoint: 62625 ns, Cleanup: 32083 ns, At safepoint: 14542 ns, Total: 109250 ns
[2025-08-27T03:46:55.476+0000][121][info ][safepoint   ] Safepoint "Cleanup", Time since last: 1001251583 ns, Reaching safepoint: 73500 ns, Cleanup: 56084 ns, At safepoint: 19500 ns, Total: 149084 ns
[2025-08-27T03:46:57.479+0000][121][info ][safepoint   ] Safepoint "Cleanup", Time since last: 2002333751 ns, Reaching safepoint: 55083 ns, Cleanup: 61750 ns, At safepoint: 18000 ns, Total: 134833 ns
[2025-08-27T03:46:58.479+0000][121][info ][safepoint   ] Safepoint "Cleanup", Time since last: 1000518167 ns, Reaching safepoint: 125833 ns, Cleanup: 27917 ns, At safepoint: 15708 ns, Total: 169458 ns
[2025-08-27T03:47:00.484+0000][121][info ][safepoint   ] Safepoint "Cleanup", Time since last: 2004563960 ns, Reaching safepoint: 16583 ns, Cleanup: 21500 ns, At safepoint: 9292 ns, Total: 47375 ns
[2025-08-27T03:47:01.486+0000][121][info ][safepoint   ] Safepoint "Cleanup", Time since last: 1001646000 ns, Reaching safepoint: 100959 ns, Cleanup: 52458 ns, At safepoint: 25208 ns, Total: 178625 ns
[2025-08-27T03:47:02.487+0000][121][info ][safepoint   ] Safepoint "Cleanup", Time since last: 1001261709 ns, Reaching safepoint: 114375 ns, Cleanup: 89750 ns, At safepoint: 31292 ns, Total: 235417 ns
[2025-08-27T03:47:03.982+0000][121][info ][safepoint   ] Safepoint "Cleanup", Time since last: 1494203125 ns, Reaching safepoint: 4584 ns, Cleanup: 31208 ns, At safepoint: 4833 ns, Total: 40625 ns
[2025-08-27T03:47:05.611+0000][121][info ][safepoint   ] Safepoint "Cleanup", Time since last: 1629638543 ns, Reaching safepoint: 19375 ns, Cleanup: 146917 ns, At safepoint: 17291 ns, Total: 183583 ns
[2025-08-27T03:47:09.619+0000][121][info ][safepoint   ] Safepoint "Cleanup", Time since last: 4007836793 ns, Reaching safepoint: 17416 ns, Cleanup: 83792 ns, At safepoint: 6417 ns, Total: 107625 ns
[2025-08-27T03:47:10.621+0000][121][info ][safepoint   ] Safepoint "Cleanup", Time since last: 1001229125 ns, Reaching safepoint: 31834 ns, Cleanup: 23708 ns, At safepoint: 9875 ns, Total: 65417 ns
[2025-08-27T03:47:16.627+0000][121][info ][safepoint   ] Safepoint "Cleanup", Time since last: 6006107628 ns, Reaching safepoint: 94250 ns, Cleanup: 38000 ns, At safepoint: 13000 ns, Total: 145250 ns
[2025-08-27T03:47:17.629+0000][121][info ][safepoint   ] Safepoint "Cleanup", Time since last: 1001795209 ns, Reaching safepoint: 53208 ns, Cleanup: 30875 ns, At safepoint: 12625 ns, Total: 96708 ns
[2025-08-27T03:47:19.631+0000][121][info ][safepoint   ] Safepoint "Cleanup", Time since last: 2002337084 ns, Reaching safepoint: 88959 ns, Cleanup: 36000 ns, At safepoint: 22208 ns, Total: 147167 ns
[2025-08-27T03:47:20.634+0000][121][info ][safepoint   ] Safepoint "Cleanup", Time since last: 1002231125 ns, Reaching safepoint: 104917 ns, Cleanup: 61583 ns, At safepoint: 23459 ns, Total: 189959 ns
[2025-08-27T03:47:22.636+0000][121][info ][safepoint   ] Safepoint "Cleanup", Time since last: 2002491501 ns, Reaching safepoint: 100750 ns, Cleanup: 57458 ns, At safepoint: 26792 ns, Total: 185000 ns
[2025-08-27T03:47:24.639+0000][121][info ][safepoint   ] Safepoint "Cleanup", Time since last: 2002868917 ns, Reaching safepoint: 71542 ns, Cleanup: 44375 ns, At safepoint: 20917 ns, Total: 136834 ns
[2025-08-27T03:47:27.644+0000][121][info ][safepoint   ] Safepoint "Cleanup", Time since last: 3004946084 ns, Reaching safepoint: 58709 ns, Cleanup: 33833 ns, At safepoint: 12250 ns, Total: 104792 ns
[2025-08-27T03:47:28.646+0000][121][info ][safepoint   ] Safepoint "Cleanup", Time since last: 1001272917 ns, Reaching safepoint: 79584 ns, Cleanup: 64166 ns, At safepoint: 23459 ns, Total: 167209 ns
[2025-08-27T03:47:30.649+0000][121][info ][safepoint   ] Safepoint "Cleanup", Time since last: 2003391292 ns, Reaching safepoint: 94084 ns, Cleanup: 63416 ns, At safepoint: 24292 ns, Total: 181792 ns
[2025-08-27T03:47:34.663+0000][121][info ][safepoint   ] Safepoint "Cleanup", Time since last: 4013731252 ns, Reaching safepoint: 33833 ns, Cleanup: 27417 ns, At safepoint: 8833 ns, Total: 70083 ns
[2025-08-27T03:47:35.665+0000][121][info ][safepoint   ] Safepoint "Cleanup", Time since last: 1001394167 ns, Reaching safepoint: 94334 ns, Cleanup: 45541 ns, At safepoint: 15459 ns, Total: 155334 ns
[2025-08-27T03:47:37.667+0000][121][info ][safepoint   ] Safepoint "Cleanup", Time since last: 2002741250 ns, Reaching safepoint: 41167 ns, Cleanup: 27250 ns, At safepoint: 10708 ns, Total: 79125 ns
[2025-08-27T03:47:39.670+0000][121][info ][safepoint   ] Safepoint "Cleanup", Time since last: 2002468168 ns, Reaching safepoint: 97666 ns, Cleanup: 87125 ns, At safepoint: 23584 ns, Total: 208375 ns
[2025-08-27T03:47:40.671+0000][121][info ][safepoint   ] Safepoint "Cleanup", Time since last: 1000584584 ns, Reaching safepoint: 24958 ns, Cleanup: 105375 ns, At safepoint: 21875 ns, Total: 152208 ns
[2025-08-27T03:47:44.676+0000][121][info ][safepoint   ] Safepoint "Cleanup", Time since last: 4004858877 ns, Reaching safepoint: 175625 ns, Cleanup: 56250 ns, At safepoint: 28583 ns, Total: 260458 ns
[2025-08-27T03:47:45.677+0000][121][info ][safepoint   ] Safepoint "Cleanup", Time since last: 1000882501 ns, Reaching safepoint: 84541 ns, Cleanup: 74334 ns, At safepoint: 19666 ns, Total: 178541 ns
[2025-08-27T03:47:46.678+0000][121][info ][safepoint   ] Safepoint "Cleanup", Time since last: 1001338418 ns, Reaching safepoint: 83041 ns, Cleanup: 63875 ns, At safepoint: 23584 ns, Total: 170500 ns
[2025-08-27T03:47:49.685+0000][121][info ][safepoint   ] Safepoint "Cleanup", Time since last: 3006603126 ns, Reaching safepoint: 321625 ns, Cleanup: 36958 ns, At safepoint: 20834 ns, Total: 379417 ns
[2025-08-27T03:47:50.687+0000][121][info ][safepoint   ] Safepoint "Cleanup", Time since last: 1001323542 ns, Reaching safepoint: 101500 ns, Cleanup: 45416 ns, At safepoint: 19709 ns, Total: 166625 ns
[2025-08-27T03:47:51.688+0000][121][info ][safepoint   ] Safepoint "Cleanup", Time since last: 1000929292 ns, Reaching safepoint: 55292 ns, Cleanup: 134708 ns, At safepoint: 159875 ns, Total: 349875 ns
[2025-08-27T03:47:52.689+0000][121][info ][safepoint   ] Safepoint "Cleanup", Time since last: 1000500084 ns, Reaching safepoint: 42333 ns, Cleanup: 26583 ns, At safepoint: 11042 ns, Total: 79958 ns
[2025-08-27T03:47:53.690+0000][121][info ][safepoint   ] Safepoint "Cleanup", Time since last: 1000972709 ns, Reaching safepoint: 47125 ns, Cleanup: 29750 ns, At safepoint: 12292 ns, Total: 89167 ns
[2025-08-27T03:47:54.691+0000][121][info ][safepoint   ] Safepoint "Cleanup", Time since last: 1001361375 ns, Reaching safepoint: 50083 ns, Cleanup: 27750 ns, At safepoint: 15209 ns, Total: 93042 ns
[2025-08-27T03:47:55.693+0000][121][info ][safepoint   ] Safepoint "Cleanup", Time since last: 1001452917 ns, Reaching safepoint: 50333 ns, Cleanup: 36083 ns, At safepoint: 36334 ns, Total: 122750 ns
[2025-08-27T03:47:57.696+0000][121][info ][safepoint   ] Safepoint "Cleanup", Time since last: 2003320501 ns, Reaching safepoint: 33791 ns, Cleanup: 66792 ns, At safepoint: 11167 ns, Total: 111750 ns
[2025-08-27T03:47:58.699+0000][121][info ][safepoint   ] Safepoint "Cleanup", Time since last: 1001872084 ns, Reaching safepoint: 67791 ns, Cleanup: 471209 ns, At safepoint: 30000 ns, Total: 569000 ns
[2025-08-27T03:47:59.700+0000][121][info ][safepoint   ] Safepoint "Cleanup", Time since last: 1001457292 ns, Reaching safepoint: 172750 ns, Cleanup: 61291 ns, At safepoint: 44334 ns, Total: 278375 ns
[2025-08-27T03:48:00.702+0000][121][info ][safepoint   ] Safepoint "Cleanup", Time since last: 1001542334 ns, Reaching safepoint: 110000 ns, Cleanup: 73833 ns, At safepoint: 16042 ns, Total: 199875 ns
[2025-08-27T03:48:05.708+0000][121][info ][safepoint   ] Safepoint "Cleanup", Time since last: 5005170169 ns, Reaching safepoint: 216208 ns, Cleanup: 144833 ns, At safepoint: 23917 ns, Total: 384958 ns
[2025-08-27T03:48:06.999+0000][121][info ][safepoint   ] Safepoint "Cleanup", Time since last: 1290373791 ns, Reaching safepoint: 5834 ns, Cleanup: 24125 ns, At safepoint: 5125 ns, Total: 35084 ns
[2025-08-27T03:48:08.833+0000][121][info ][safepoint   ] Safepoint "Cleanup", Time since last: 1834333875 ns, Reaching safepoint: 5000 ns, Cleanup: 100709 ns, At safepoint: 18708 ns, Total: 124417 ns
[2025-08-27T03:48:09.835+0000][121][info ][safepoint   ] Safepoint "Cleanup", Time since last: 1002182751 ns, Reaching safepoint: 54083 ns, Cleanup: 39083 ns, At safepoint: 8667 ns, Total: 101833 ns
[2025-08-27T03:48:10.836+0000][121][info ][safepoint   ] Safepoint "Cleanup", Time since last: 1000875584 ns, Reaching safepoint: 77958 ns, Cleanup: 44417 ns, At safepoint: 13333 ns, Total: 135708 ns
[2025-08-27T03:48:13.840+0000][121][info ][safepoint   ] Safepoint "Cleanup", Time since last: 3003099793 ns, Reaching safepoint: 164375 ns, Cleanup: 45458 ns, At safepoint: 46875 ns, Total: 256708 ns
[2025-08-27T03:48:18.846+0000][121][info ][safepoint   ] Safepoint "Cleanup", Time since last: 5006541711 ns, Reaching safepoint: 59167 ns, Cleanup: 43208 ns, At safepoint: 19959 ns, Total: 122334 ns
[2025-08-27T03:48:19.849+0000][121][info ][safepoint   ] Safepoint "Cleanup", Time since last: 1002338167 ns, Reaching safepoint: 74125 ns, Cleanup: 49416 ns, At safepoint: 15500 ns, Total: 139041 ns
[2025-08-27T03:48:22.853+0000][121][info ][safepoint   ] Safepoint "Cleanup", Time since last: 3003979585 ns, Reaching safepoint: 66417 ns, Cleanup: 77791 ns, At safepoint: 17375 ns, Total: 161583 ns
[2025-08-27T03:48:23.855+0000][121][info ][safepoint   ] Safepoint "Cleanup", Time since last: 1001536126 ns, Reaching safepoint: 79375 ns, Cleanup: 56875 ns, At safepoint: 46292 ns, Total: 182542 ns
[2025-08-27T03:48:24.856+0000][121][info ][safepoint   ] Safepoint "Cleanup", Time since last: 1001469333 ns, Reaching safepoint: 86292 ns, Cleanup: 63125 ns, At safepoint: 23583 ns, Total: 173000 ns
[2025-08-27T03:48:25.858+0000][121][info ][safepoint   ] Safepoint "Cleanup", Time since last: 1000946584 ns, Reaching safepoint: 66917 ns, Cleanup: 333500 ns, At safepoint: 25625 ns, Total: 426042 ns
[2025-08-27T03:48:28.861+0000][121][info ][safepoint   ] Safepoint "Cleanup", Time since last: 3003422543 ns, Reaching safepoint: 63792 ns, Cleanup: 66500 ns, At safepoint: 15958 ns, Total: 146250 ns
[2025-08-27T03:48:30.864+0000][121][info ][safepoint   ] Safepoint "Cleanup", Time since last: 2003013043 ns, Reaching safepoint: 70791 ns, Cleanup: 65334 ns, At safepoint: 23125 ns, Total: 159250 ns
[2025-08-27T03:48:31.866+0000][121][info ][safepoint   ] Safepoint "Cleanup", Time since last: 1001344958 ns, Reaching safepoint: 186417 ns, Cleanup: 43667 ns, At safepoint: 67583 ns, Total: 297667 ns
[2025-08-27T03:48:32.869+0000][121][info ][safepoint   ] Safepoint "Cleanup", Time since last: 1002527751 ns, Reaching safepoint: 47083 ns, Cleanup: 34500 ns, At safepoint: 17500 ns, Total: 99083 ns
[2025-08-27T03:48:34.872+0000][121][info ][safepoint   ] Safepoint "Cleanup", Time since last: 2003645918 ns, Reaching safepoint: 54083 ns, Cleanup: 43208 ns, At safepoint: 15417 ns, Total: 112708 ns
[2025-08-27T03:48:39.879+0000][121][info ][safepoint   ] Safepoint "Cleanup", Time since last: 5006415793 ns, Reaching safepoint: 76208 ns, Cleanup: 48500 ns, At safepoint: 50834 ns, Total: 175542 ns
[2025-08-27T03:48:41.860+0000][121][info ][safepoint   ] Safepoint "Cleanup", Time since last: 1980196251 ns, Reaching safepoint: 59250 ns, Cleanup: 575125 ns, At safepoint: 21916 ns, Total: 656291 ns
[2025-08-27T03:48:43.862+0000][121][info ][safepoint   ] Safepoint "Cleanup", Time since last: 2002304793 ns, Reaching safepoint: 122708 ns, Cleanup: 44917 ns, At safepoint: 16083 ns, Total: 183708 ns
[2025-08-27T03:48:44.864+0000][121][info ][safepoint   ] Safepoint "Cleanup", Time since last: 1000934001 ns, Reaching safepoint: 114166 ns, Cleanup: 84292 ns, At safepoint: 23417 ns, Total: 221875 ns
[2025-08-27T03:48:46.865+0000][121][info ][safepoint   ] Safepoint "Cleanup", Time since last: 2000763126 ns, Reaching safepoint: 92625 ns, Cleanup: 34250 ns, At safepoint: 32000 ns, Total: 158875 ns
[2025-08-27T03:48:48.123+0000][121][info ][safepoint   ] Safepoint "Cleanup", Time since last: 1258223834 ns, Reaching safepoint: 52416 ns, Cleanup: 251625 ns, At safepoint: 192500 ns, Total: 496541 ns
[2025-08-27T03:48:50.125+0000][121][info ][safepoint   ] Safepoint "Cleanup", Time since last: 2002000668 ns, Reaching safepoint: 44083 ns, Cleanup: 39917 ns, At safepoint: 22125 ns, Total: 106125 ns
[2025-08-27T03:48:52.128+0000][121][info ][safepoint   ] Safepoint "Cleanup", Time since last: 2002317042 ns, Reaching safepoint: 135709 ns, Cleanup: 67333 ns, At safepoint: 29458 ns, Total: 232500 ns
[2025-08-27T03:48:53.130+0000][121][info ][safepoint   ] Safepoint "Cleanup", Time since last: 1001433418 ns, Reaching safepoint: 91875 ns, Cleanup: 132333 ns, At safepoint: 23417 ns, Total: 247625 ns
[2025-08-27T03:48:55.132+0000][121][info ][safepoint   ] Safepoint "Cleanup", Time since last: 2002780001 ns, Reaching safepoint: 39833 ns, Cleanup: 38667 ns, At safepoint: 10500 ns, Total: 89000 ns
[2025-08-27T03:48:57.137+0000][121][info ][safepoint   ] Safepoint "Cleanup", Time since last: 2004858625 ns, Reaching safepoint: 97709 ns, Cleanup: 90500 ns, At safepoint: 22625 ns, Total: 210834 ns
[2025-08-27T03:48:58.953+0000][121][info ][safepoint   ] Safepoint "Cleanup", Time since last: 1815881417 ns, Reaching safepoint: 6584 ns, Cleanup: 53458 ns, At safepoint: 7875 ns, Total: 67917 ns
[2025-08-27T03:48:59.964+0000][121][info ][safepoint   ] Safepoint "Cleanup", Time since last: 1010879292 ns, Reaching safepoint: 73250 ns, Cleanup: 73084 ns, At safepoint: 17375 ns, Total: 163709 ns
[2025-08-27T03:49:00.965+0000][121][info ][safepoint   ] Safepoint "Cleanup", Time since last: 1000724500 ns, Reaching safepoint: 72417 ns, Cleanup: 96666 ns, At safepoint: 24292 ns, Total: 193375 ns
[2025-08-27T03:49:01.969+0000][121][info ][safepoint   ] Safepoint "Cleanup", Time since last: 1003550459 ns, Reaching safepoint: 18041 ns, Cleanup: 33959 ns, At safepoint: 8833 ns, Total: 60833 ns
[2025-08-27T03:49:04.973+0000][121][info ][safepoint   ] Safepoint "Cleanup", Time since last: 3003387877 ns, Reaching safepoint: 56333 ns, Cleanup: 140458 ns, At safepoint: 14834 ns, Total: 211625 ns
[2025-08-27T03:49:06.244+0000][121][info ][safepoint   ] Safepoint "Cleanup", Time since last: 1270815833 ns, Reaching safepoint: 66334 ns, Cleanup: 100458 ns, At safepoint: 54458 ns, Total: 221250 ns
[2025-08-27T03:49:09.247+0000][121][info ][safepoint   ] Safepoint "Cleanup", Time since last: 3003769502 ns, Reaching safepoint: 59000 ns, Cleanup: 31750 ns, At safepoint: 12833 ns, Total: 103583 ns
[2025-08-27T03:49:11.006+0000][121][info ][safepoint   ] Safepoint "Cleanup", Time since last: 1758860876 ns, Reaching safepoint: 6958 ns, Cleanup: 99958 ns, At safepoint: 15792 ns, Total: 122708 ns
[2025-08-27T03:49:12.043+0000][121][info ][safepoint   ] Safepoint "Cleanup", Time since last: 1036347084 ns, Reaching safepoint: 22167 ns, Cleanup: 97208 ns, At safepoint: 20958 ns, Total: 140333 ns
[2025-08-27T03:49:13.050+0000][121][info ][safepoint   ] Safepoint "Cleanup", Time since last: 1007126251 ns, Reaching safepoint: 14958 ns, Cleanup: 17875 ns, At safepoint: 4958 ns, Total: 37791 ns
[2025-08-27T03:49:15.053+0000][121][info ][safepoint   ] Safepoint "Cleanup", Time since last: 2002341501 ns, Reaching safepoint: 97459 ns, Cleanup: 36500 ns, At safepoint: 12666 ns, Total: 146625 ns
[2025-08-27T03:49:23.065+0000][121][info ][safepoint   ] Safepoint "Cleanup", Time since last: 8012379088 ns, Reaching safepoint: 239125 ns, Cleanup: 69291 ns, At safepoint: 18250 ns, Total: 326666 ns
[2025-08-27T03:49:25.069+0000][121][info ][safepoint   ] Safepoint "Cleanup", Time since last: 2003648168 ns, Reaching safepoint: 61708 ns, Cleanup: 29459 ns, At safepoint: 11958 ns, Total: 103125 ns
[2025-08-27T03:49:28.072+0000][121][info ][safepoint   ] Safepoint "Cleanup", Time since last: 3003022043 ns, Reaching safepoint: 49375 ns, Cleanup: 43042 ns, At safepoint: 11375 ns, Total: 103792 ns
[2025-08-27T03:49:30.074+0000][121][info ][safepoint   ] Safepoint "Cleanup", Time since last: 2002005751 ns, Reaching safepoint: 22291 ns, Cleanup: 32417 ns, At safepoint: 13667 ns, Total: 68375 ns
[2025-08-27T03:49:33.078+0000][121][info ][safepoint   ] Safepoint "Cleanup", Time since last: 3003319376 ns, Reaching safepoint: 47542 ns, Cleanup: 57583 ns, At safepoint: 12208 ns, Total: 117333 ns
[2025-08-27T03:49:34.080+0000][121][info ][safepoint   ] Safepoint "Cleanup", Time since last: 1001823709 ns, Reaching safepoint: 54125 ns, Cleanup: 27833 ns, At safepoint: 14292 ns, Total: 96250 ns
[2025-08-27T03:49:37.001+0000][121][info ][gc,start    ] GC(19) Pause Young (Prepare Mixed) (G1 Evacuation Pause)
[2025-08-27T03:49:37.002+0000][121][info ][gc,task     ] GC(19) Using 8 workers of 8 for evacuation
[2025-08-27T03:49:37.002+0000][121][debug][gc,age      ] GC(19) Desired survivor size 41943040 bytes, new threshold 15 (max threshold 15)
[2025-08-27T03:49:37.030+0000][121][info ][gc,phases   ] GC(19)   Pre Evacuate Collection Set: 0.81ms
[2025-08-27T03:49:37.030+0000][121][info ][gc,phases   ] GC(19)   Merge Heap Roots: 0.30ms
[2025-08-27T03:49:37.030+0000][121][info ][gc,phases   ] GC(19)   Evacuate Collection Set: 24.74ms
[2025-08-27T03:49:37.030+0000][121][info ][gc,phases   ] GC(19)   Post Evacuate Collection Set: 1.98ms
[2025-08-27T03:49:37.031+0000][121][info ][gc,phases   ] GC(19)   Other: 0.38ms
[2025-08-27T03:49:37.031+0000][121][trace][gc,age      ] GC(19) Age table with threshold 15 (max threshold 15)
[2025-08-27T03:49:37.031+0000][121][trace][gc,age      ] GC(19) - age   1:    2793144 bytes,    2793144 total
[2025-08-27T03:49:37.031+0000][121][trace][gc,age      ] GC(19) - age   2:    4654960 bytes,    7448104 total
[2025-08-27T03:49:37.031+0000][121][trace][gc,age      ] GC(19) - age   3:   14835928 bytes,   22284032 total
[2025-08-27T03:49:37.031+0000][121][trace][gc,age      ] GC(19) - age   4:     390856 bytes,   22674888 total
[2025-08-27T03:49:37.031+0000][121][info ][gc,heap     ] GC(19) Eden regions: 147->0(147)
[2025-08-27T03:49:37.031+0000][121][info ][gc,heap     ] GC(19) Survivor regions: 6->6(20)
[2025-08-27T03:49:37.031+0000][121][info ][gc,heap     ] GC(19) Old regions: 30->30
[2025-08-27T03:49:37.031+0000][121][info ][gc,heap     ] GC(19) Humongous regions: 2->2
[2025-08-27T03:49:37.031+0000][121][info ][gc,metaspace] GC(19) Metaspace: 154502K(158976K)->154502K(158976K) NonClass: 132944K(135424K)->132944K(135424K) Class: 21557K(23552K)->21557K(23552K)
[2025-08-27T03:49:37.031+0000][121][info ][gc          ] GC(19) Pause Young (Prepare Mixed) (G1 Evacuation Pause) 738M->150M(1024M) 29.789ms
[2025-08-27T03:49:37.031+0000][121][info ][gc,cpu      ] GC(19) User=0.20s Sys=0.00s Real=0.03s
[2025-08-27T03:49:37.031+0000][121][info ][safepoint   ] Safepoint "G1CollectForAllocation", Time since last: 2921700876 ns, Reaching safepoint: 13667 ns, Cleanup: 3541 ns, At safepoint: 30016750 ns, Total: 30033958 ns
[2025-08-27T03:49:38.033+0000][121][info ][safepoint   ] Safepoint "Cleanup", Time since last: 1001221876 ns, Reaching safepoint: 35291 ns, Cleanup: 23625 ns, At safepoint: 9584 ns, Total: 68500 ns
[2025-08-27T03:49:40.038+0000][121][info ][safepoint   ] Safepoint "Cleanup", Time since last: 2005274876 ns, Reaching safepoint: 30416 ns, Cleanup: 122292 ns, At safepoint: 16167 ns, Total: 168875 ns
[2025-08-27T03:49:43.044+0000][121][info ][safepoint   ] Safepoint "Cleanup", Time since last: 3005491084 ns, Reaching safepoint: 31000 ns, Cleanup: 23167 ns, At safepoint: 8375 ns, Total: 62542 ns
[2025-08-27T03:49:45.046+0000][121][info ][safepoint   ] Safepoint "Cleanup", Time since last: 2002759459 ns, Reaching safepoint: 100959 ns, Cleanup: 42500 ns, At safepoint: 14833 ns, Total: 158292 ns
[2025-08-27T03:49:46.047+0000][121][info ][safepoint   ] Safepoint "Cleanup", Time since last: 1000729334 ns, Reaching safepoint: 33167 ns, Cleanup: 28125 ns, At safepoint: 10375 ns, Total: 71667 ns
[2025-08-27T03:49:49.050+0000][121][info ][safepoint   ] Safepoint "Cleanup", Time since last: 3002743793 ns, Reaching safepoint: 16750 ns, Cleanup: 14791 ns, At safepoint: 10000 ns, Total: 41541 ns
[2025-08-27T03:49:51.042+0000][121][info ][safepoint   ] Safepoint "Cleanup", Time since last: 1992135668 ns, Reaching safepoint: 84667 ns, Cleanup: 57833 ns, At safepoint: 17500 ns, Total: 160000 ns
[2025-08-27T03:49:53.046+0000][121][info ][safepoint   ] Safepoint "Cleanup", Time since last: 2003142251 ns, Reaching safepoint: 99208 ns, Cleanup: 79375 ns, At safepoint: 28209 ns, Total: 206792 ns
[2025-08-27T03:49:55.049+0000][121][info ][safepoint   ] Safepoint "Cleanup", Time since last: 2002882375 ns, Reaching safepoint: 13584 ns, Cleanup: 18458 ns, At safepoint: 8750 ns, Total: 40792 ns
[2025-08-27T03:49:57.051+0000][121][info ][safepoint   ] Safepoint "Cleanup", Time since last: 2001710168 ns, Reaching safepoint: 53375 ns, Cleanup: 124500 ns, At safepoint: 16083 ns, Total: 193958 ns
[2025-08-27T03:49:58.053+0000][121][info ][safepoint   ] Safepoint "Cleanup", Time since last: 1002214709 ns, Reaching safepoint: 12875 ns, Cleanup: 17792 ns, At safepoint: 7708 ns, Total: 38375 ns
[2025-08-27T03:50:00.055+0000][121][info ][safepoint   ] Safepoint "Cleanup", Time since last: 2002339584 ns, Reaching safepoint: 75084 ns, Cleanup: 47541 ns, At safepoint: 15542 ns, Total: 138167 ns
[2025-08-27T03:50:05.062+0000][121][info ][safepoint   ] Safepoint "Cleanup", Time since last: 5006838419 ns, Reaching safepoint: 167417 ns, Cleanup: 51041 ns, At safepoint: 19917 ns, Total: 238375 ns
[2025-08-27T03:50:07.064+0000][121][info ][safepoint   ] Safepoint "Cleanup", Time since last: 2001846084 ns, Reaching safepoint: 17792 ns, Cleanup: 16166 ns, At safepoint: 8834 ns, Total: 42792 ns
[2025-08-27T03:50:10.067+0000][121][info ][safepoint   ] Safepoint "Cleanup", Time since last: 3003109709 ns, Reaching safepoint: 46792 ns, Cleanup: 27167 ns, At safepoint: 13708 ns, Total: 87667 ns
[2025-08-27T03:50:13.031+0000][121][info ][safepoint   ] Safepoint "Cleanup", Time since last: 2963685876 ns, Reaching safepoint: 7334 ns, Cleanup: 36666 ns, At safepoint: 2792 ns, Total: 46792 ns
[2025-08-27T03:50:14.244+0000][121][info ][safepoint   ] Safepoint "Cleanup", Time since last: 1212199459 ns, Reaching safepoint: 721667 ns, Cleanup: 136041 ns, At safepoint: 23625 ns, Total: 881333 ns
[2025-08-27T03:50:15.248+0000][121][info ][safepoint   ] Safepoint "Cleanup", Time since last: 1003970209 ns, Reaching safepoint: 29458 ns, Cleanup: 21875 ns, At safepoint: 6084 ns, Total: 57417 ns
[2025-08-27T03:50:16.250+0000][121][info ][safepoint   ] Safepoint "Cleanup", Time since last: 1001840000 ns, Reaching safepoint: 184750 ns, Cleanup: 90584 ns, At safepoint: 37791 ns, Total: 313125 ns
[2025-08-27T03:50:19.255+0000][121][info ][safepoint   ] Safepoint "Cleanup", Time since last: 3004872793 ns, Reaching safepoint: 72250 ns, Cleanup: 93709 ns, At safepoint: 40625 ns, Total: 206584 ns
[2025-08-27T03:50:20.257+0000][121][info ][safepoint   ] Safepoint "Cleanup", Time since last: 1001070250 ns, Reaching safepoint: 45709 ns, Cleanup: 38916 ns, At safepoint: 24125 ns, Total: 108750 ns
[2025-08-27T03:50:22.260+0000][121][info ][safepoint   ] Safepoint "Cleanup", Time since last: 2002832584 ns, Reaching safepoint: 69750 ns, Cleanup: 48834 ns, At safepoint: 45083 ns, Total: 163667 ns
[2025-08-27T03:50:23.261+0000][121][info ][safepoint   ] Safepoint "Cleanup", Time since last: 1001308084 ns, Reaching safepoint: 60083 ns, Cleanup: 36209 ns, At safepoint: 17500 ns, Total: 113792 ns
[2025-08-27T03:50:24.262+0000][121][info ][safepoint   ] Safepoint "Cleanup", Time since last: 1000984000 ns, Reaching safepoint: 85500 ns, Cleanup: 47292 ns, At safepoint: 23375 ns, Total: 156167 ns
[2025-08-27T03:50:25.263+0000][121][info ][safepoint   ] Safepoint "Cleanup", Time since last: 1000741417 ns, Reaching safepoint: 29833 ns, Cleanup: 29459 ns, At safepoint: 13000 ns, Total: 72292 ns
[2025-08-27T03:50:27.266+0000][121][info ][safepoint   ] Safepoint "Cleanup", Time since last: 2002467959 ns, Reaching safepoint: 103625 ns, Cleanup: 52958 ns, At safepoint: 26209 ns, Total: 182792 ns
[2025-08-27T03:50:30.272+0000][121][info ][safepoint   ] Safepoint "Cleanup", Time since last: 3006505126 ns, Reaching safepoint: 18917 ns, Cleanup: 19208 ns, At safepoint: 11458 ns, Total: 49583 ns
[2025-08-27T03:50:31.274+0000][121][info ][safepoint   ] Safepoint "Cleanup", Time since last: 1002022292 ns, Reaching safepoint: 75959 ns, Cleanup: 86208 ns, At safepoint: 18000 ns, Total: 180167 ns
[2025-08-27T03:50:40.286+0000][121][info ][safepoint   ] Safepoint "Cleanup", Time since last: 9010798378 ns, Reaching safepoint: 45542 ns, Cleanup: 25625 ns, At safepoint: 16917 ns, Total: 88084 ns
[2025-08-27T03:50:45.212+0000][121][info ][safepoint   ] Safepoint "Cleanup", Time since last: 4926754794 ns, Reaching safepoint: 46833 ns, Cleanup: 45542 ns, At safepoint: 11416 ns, Total: 103791 ns
[2025-08-27T03:50:46.214+0000][121][info ][safepoint   ] Safepoint "Cleanup", Time since last: 1001064418 ns, Reaching safepoint: 94791 ns, Cleanup: 39875 ns, At safepoint: 14542 ns, Total: 149208 ns
[2025-08-27T03:50:49.217+0000][121][info ][safepoint   ] Safepoint "Cleanup", Time since last: 3003404126 ns, Reaching safepoint: 69667 ns, Cleanup: 36417 ns, At safepoint: 11041 ns, Total: 117125 ns
[2025-08-27T03:50:50.219+0000][121][info ][safepoint   ] Safepoint "Cleanup", Time since last: 1001733001 ns, Reaching safepoint: 86083 ns, Cleanup: 63875 ns, At safepoint: 26125 ns, Total: 176083 ns
[2025-08-27T03:50:52.222+0000][121][info ][safepoint   ] Safepoint "Cleanup", Time since last: 2002638543 ns, Reaching safepoint: 76625 ns, Cleanup: 32916 ns, At safepoint: 16292 ns, Total: 125833 ns
[2025-08-27T03:50:53.224+0000][121][info ][safepoint   ] Safepoint "Cleanup", Time since last: 1001669376 ns, Reaching safepoint: 93125 ns, Cleanup: 111791 ns, At safepoint: 26292 ns, Total: 231208 ns
[2025-08-27T03:50:55.226+0000][121][info ][safepoint   ] Safepoint "Cleanup", Time since last: 2001724876 ns, Reaching safepoint: 68167 ns, Cleanup: 38416 ns, At safepoint: 18709 ns, Total: 125292 ns
[2025-08-27T03:50:57.230+0000][121][info ][safepoint   ] Safepoint "Cleanup", Time since last: 2004316501 ns, Reaching safepoint: 85833 ns, Cleanup: 95958 ns, At safepoint: 24459 ns, Total: 206250 ns
[2025-08-27T03:51:00.234+0000][121][info ][safepoint   ] Safepoint "Cleanup", Time since last: 3004148751 ns, Reaching safepoint: 59583 ns, Cleanup: 63542 ns, At safepoint: 24333 ns, Total: 147458 ns
[2025-08-27T03:51:01.236+0000][121][info ][safepoint   ] Safepoint "Cleanup", Time since last: 1001230792 ns, Reaching safepoint: 33084 ns, Cleanup: 21500 ns, At safepoint: 8791 ns, Total: 63375 ns
[2025-08-27T03:51:04.239+0000][121][info ][safepoint   ] Safepoint "Cleanup", Time since last: 3002809127 ns, Reaching safepoint: 43333 ns, Cleanup: 39917 ns, At safepoint: 14042 ns, Total: 97292 ns
[2025-08-27T03:51:05.241+0000][121][info ][safepoint   ] Safepoint "Cleanup", Time since last: 1001752167 ns, Reaching safepoint: 198250 ns, Cleanup: 248083 ns, At safepoint: 29167 ns, Total: 475500 ns
[2025-08-27T03:51:10.250+0000][121][info ][safepoint   ] Safepoint "Cleanup", Time since last: 5009185501 ns, Reaching safepoint: 90667 ns, Cleanup: 101583 ns, At safepoint: 19667 ns, Total: 211917 ns
[2025-08-27T03:51:16.041+0000][121][info ][safepoint   ] Safepoint "Cleanup", Time since last: 5790089378 ns, Reaching safepoint: 9083 ns, Cleanup: 20833 ns, At safepoint: 5250 ns, Total: 35166 ns
[2025-08-27T03:51:17.484+0000][121][info ][safepoint   ] Safepoint "Cleanup", Time since last: 1442534584 ns, Reaching safepoint: 323292 ns, Cleanup: 212750 ns, At safepoint: 20208 ns, Total: 556250 ns
[2025-08-27T03:51:18.490+0000][121][info ][safepoint   ] Safepoint "Cleanup", Time since last: 1005954251 ns, Reaching safepoint: 85458 ns, Cleanup: 38875 ns, At safepoint: 23667 ns, Total: 148000 ns
[2025-08-27T03:51:19.491+0000][121][info ][safepoint   ] Safepoint "Cleanup", Time since last: 1000754458 ns, Reaching safepoint: 70500 ns, Cleanup: 86334 ns, At safepoint: 24041 ns, Total: 180875 ns
[2025-08-27T03:51:22.494+0000][121][info ][safepoint   ] Safepoint "Cleanup", Time since last: 3003223335 ns, Reaching safepoint: 48167 ns, Cleanup: 24125 ns, At safepoint: 12083 ns, Total: 84375 ns
[2025-08-27T03:51:24.497+0000][121][info ][safepoint   ] Safepoint "Cleanup", Time since last: 2003112293 ns, Reaching safepoint: 98250 ns, Cleanup: 52500 ns, At safepoint: 25125 ns, Total: 175875 ns
[2025-08-27T03:51:27.501+0000][121][info ][safepoint   ] Safepoint "Cleanup", Time since last: 3003299126 ns, Reaching safepoint: 103542 ns, Cleanup: 88708 ns, At safepoint: 47459 ns, Total: 239709 ns
[2025-08-27T03:51:37.511+0000][121][info ][safepoint   ] Safepoint "Cleanup", Time since last: 10010139754 ns, Reaching safepoint: 65208 ns, Cleanup: 69458 ns, At safepoint: 21584 ns, Total: 156250 ns
[2025-08-27T03:51:40.516+0000][121][info ][safepoint   ] Safepoint "Cleanup", Time since last: 3004318251 ns, Reaching safepoint: 63209 ns, Cleanup: 52958 ns, At safepoint: 16417 ns, Total: 132584 ns
[2025-08-27T03:51:45.361+0000][121][info ][safepoint   ] Safepoint "Cleanup", Time since last: 4844927919 ns, Reaching safepoint: 65458 ns, Cleanup: 55250 ns, At safepoint: 24083 ns, Total: 144791 ns
[2025-08-27T03:51:50.368+0000][121][info ][safepoint   ] Safepoint "Cleanup", Time since last: 5006992669 ns, Reaching safepoint: 77875 ns, Cleanup: 29875 ns, At safepoint: 13959 ns, Total: 121709 ns
[2025-08-27T03:51:55.373+0000][121][info ][safepoint   ] Safepoint "Cleanup", Time since last: 5005010877 ns, Reaching safepoint: 114708 ns, Cleanup: 51292 ns, At safepoint: 31083 ns, Total: 197083 ns
[2025-08-27T03:51:57.376+0000][121][info ][safepoint   ] Safepoint "Cleanup", Time since last: 2002854876 ns, Reaching safepoint: 59709 ns, Cleanup: 55791 ns, At safepoint: 14959 ns, Total: 130459 ns
[2025-08-27T03:52:00.381+0000][121][info ][safepoint   ] Safepoint "Cleanup", Time since last: 3004694001 ns, Reaching safepoint: 61417 ns, Cleanup: 36458 ns, At safepoint: 14333 ns, Total: 112208 ns
[2025-08-27T03:52:19.049+0000][121][info ][safepoint   ] Safepoint "Cleanup", Time since last: 18669051008 ns, Reaching safepoint: 7084 ns, Cleanup: 11791 ns, At safepoint: 2625 ns, Total: 21500 ns
[2025-08-27T03:52:20.771+0000][121][info ][safepoint   ] Safepoint "Cleanup", Time since last: 1721624668 ns, Reaching safepoint: 13708 ns, Cleanup: 101875 ns, At safepoint: 16250 ns, Total: 131833 ns
[2025-08-27T03:52:22.777+0000][121][info ][safepoint   ] Safepoint "Cleanup", Time since last: 2005517668 ns, Reaching safepoint: 55583 ns, Cleanup: 48375 ns, At safepoint: 15250 ns, Total: 119208 ns
[2025-08-27T03:52:23.778+0000][121][info ][safepoint   ] Safepoint "Cleanup", Time since last: 1001160209 ns, Reaching safepoint: 37625 ns, Cleanup: 23958 ns, At safepoint: 10625 ns, Total: 72208 ns
[2025-08-27T03:52:24.779+0000][121][info ][safepoint   ] Safepoint "Cleanup", Time since last: 1000475876 ns, Reaching safepoint: 41666 ns, Cleanup: 36917 ns, At safepoint: 14000 ns, Total: 92583 ns
[2025-08-27T03:52:25.781+0000][121][info ][safepoint   ] Safepoint "Cleanup", Time since last: 1001830792 ns, Reaching safepoint: 36000 ns, Cleanup: 25292 ns, At safepoint: 10750 ns, Total: 72042 ns
[2025-08-27T03:52:26.781+0000][121][info ][safepoint   ] Safepoint "Cleanup", Time since last: 1000702834 ns, Reaching safepoint: 45666 ns, Cleanup: 22334 ns, At safepoint: 20333 ns, Total: 88333 ns
[2025-08-27T03:52:31.787+0000][121][info ][safepoint   ] Safepoint "Cleanup", Time since last: 5005346586 ns, Reaching safepoint: 113375 ns, Cleanup: 39916 ns, At safepoint: 23125 ns, Total: 176416 ns
[2025-08-27T03:52:35.791+0000][121][info ][safepoint   ] Safepoint "Cleanup", Time since last: 4004318544 ns, Reaching safepoint: 71292 ns, Cleanup: 51041 ns, At safepoint: 20459 ns, Total: 142792 ns
[2025-08-27T03:52:40.796+0000][121][info ][safepoint   ] Safepoint "Cleanup", Time since last: 5005203376 ns, Reaching safepoint: 41250 ns, Cleanup: 46334 ns, At safepoint: 13750 ns, Total: 101334 ns
[2025-08-27T03:52:45.458+0000][121][info ][safepoint   ] Safepoint "Cleanup", Time since last: 4661018960 ns, Reaching safepoint: 53375 ns, Cleanup: 42334 ns, At safepoint: 15916 ns, Total: 111625 ns
[2025-08-27T03:52:50.463+0000][121][info ][safepoint   ] Safepoint "Cleanup", Time since last: 5005508878 ns, Reaching safepoint: 64208 ns, Cleanup: 18833 ns, At safepoint: 10750 ns, Total: 93791 ns
[2025-08-27T03:52:55.469+0000][121][info ][safepoint   ] Safepoint "Cleanup", Time since last: 5005920419 ns, Reaching safepoint: 49334 ns, Cleanup: 49833 ns, At safepoint: 14958 ns, Total: 114125 ns
[2025-08-27T03:52:57.471+0000][121][info ][safepoint   ] Safepoint "Cleanup", Time since last: 2001939543 ns, Reaching safepoint: 43542 ns, Cleanup: 71500 ns, At safepoint: 14625 ns, Total: 129667 ns
[2025-08-27T03:52:58.474+0000][121][info ][safepoint   ] Safepoint "Cleanup", Time since last: 1002420542 ns, Reaching safepoint: 42958 ns, Cleanup: 77667 ns, At safepoint: 14333 ns, Total: 134958 ns
[2025-08-27T03:53:00.475+0000][121][info ][safepoint   ] Safepoint "Cleanup", Time since last: 2001311501 ns, Reaching safepoint: 51042 ns, Cleanup: 32333 ns, At safepoint: 10417 ns, Total: 93792 ns
[2025-08-27T03:53:04.479+0000][121][info ][safepoint   ] Safepoint "Cleanup", Time since last: 4004093293 ns, Reaching safepoint: 30000 ns, Cleanup: 21625 ns, At safepoint: 8084 ns, Total: 59709 ns
[2025-08-27T03:53:05.481+0000][121][info ][safepoint   ] Safepoint "Cleanup", Time since last: 1001282333 ns, Reaching safepoint: 41500 ns, Cleanup: 28667 ns, At safepoint: 62583 ns, Total: 132750 ns
[2025-08-27T03:53:07.485+0000][121][info ][safepoint   ] Safepoint "Cleanup", Time since last: 2002821000 ns, Reaching safepoint: 97542 ns, Cleanup: 37750 ns, At safepoint: 149833 ns, Total: 285125 ns
[2025-08-27T03:53:10.490+0000][121][info ][safepoint   ] Safepoint "Cleanup", Time since last: 3004760252 ns, Reaching safepoint: 43250 ns, Cleanup: 16125 ns, At safepoint: 17208 ns, Total: 76583 ns
[2025-08-27T03:53:13.494+0000][121][info ][safepoint   ] Safepoint "Cleanup", Time since last: 3004608002 ns, Reaching safepoint: 93458 ns, Cleanup: 25375 ns, At safepoint: 11333 ns, Total: 130166 ns
[2025-08-27T03:53:15.497+0000][121][info ][safepoint   ] Safepoint "Cleanup", Time since last: 2002539626 ns, Reaching safepoint: 99542 ns, Cleanup: 81125 ns, At safepoint: 28833 ns, Total: 209500 ns
[2025-08-27T03:53:16.498+0000][121][info ][safepoint   ] Safepoint "Cleanup", Time since last: 1000898709 ns, Reaching safepoint: 67750 ns, Cleanup: 47583 ns, At safepoint: 16625 ns, Total: 131958 ns
[2025-08-27T03:53:17.499+0000][121][info ][safepoint   ] Safepoint "Cleanup", Time since last: 1000914959 ns, Reaching safepoint: 56292 ns, Cleanup: 33375 ns, At safepoint: 11292 ns, Total: 100959 ns
[2025-08-27T03:53:19.501+0000][121][info ][safepoint   ] Safepoint "Cleanup", Time since last: 2001650542 ns, Reaching safepoint: 36042 ns, Cleanup: 23416 ns, At safepoint: 16875 ns, Total: 76333 ns
[2025-08-27T03:53:20.502+0000][121][info ][safepoint   ] Safepoint "Cleanup", Time since last: 1000931126 ns, Reaching safepoint: 122250 ns, Cleanup: 37750 ns, At safepoint: 13333 ns, Total: 173333 ns
[2025-08-27T03:53:22.075+0000][121][info ][safepoint   ] Safepoint "Cleanup", Time since last: 1572801584 ns, Reaching safepoint: 5834 ns, Cleanup: 30791 ns, At safepoint: 21167 ns, Total: 57792 ns
[2025-08-27T03:53:23.950+0000][121][info ][safepoint   ] Safepoint "Cleanup", Time since last: 1875255043 ns, Reaching safepoint: 7875 ns, Cleanup: 126083 ns, At safepoint: 18667 ns, Total: 152625 ns
[2025-08-27T03:53:24.954+0000][121][info ][safepoint   ] Safepoint "Cleanup", Time since last: 1003613750 ns, Reaching safepoint: 90250 ns, Cleanup: 42500 ns, At safepoint: 60167 ns, Total: 192917 ns
[2025-08-27T03:53:25.956+0000][121][info ][safepoint   ] Safepoint "Cleanup", Time since last: 1002200959 ns, Reaching safepoint: 69958 ns, Cleanup: 55583 ns, At safepoint: 28375 ns, Total: 153916 ns
[2025-08-27T03:53:28.961+0000][121][info ][safepoint   ] Safepoint "Cleanup", Time since last: 3004167460 ns, Reaching safepoint: 407750 ns, Cleanup: 113917 ns, At safepoint: 25166 ns, Total: 546833 ns
[2025-08-27T03:53:29.963+0000][121][info ][safepoint   ] Safepoint "Cleanup", Time since last: 1001593501 ns, Reaching safepoint: 58875 ns, Cleanup: 54125 ns, At safepoint: 13500 ns, Total: 126500 ns
[2025-08-27T03:53:34.969+0000][121][info ][safepoint   ] Safepoint "Cleanup", Time since last: 5006496794 ns, Reaching safepoint: 63875 ns, Cleanup: 60375 ns, At safepoint: 10958 ns, Total: 135208 ns
[2025-08-27T03:53:35.971+0000][121][info ][safepoint   ] Safepoint "Cleanup", Time since last: 1001379459 ns, Reaching safepoint: 34167 ns, Cleanup: 29625 ns, At safepoint: 12500 ns, Total: 76292 ns
[2025-08-27T03:53:39.975+0000][121][info ][safepoint   ] Safepoint "Cleanup", Time since last: 4005026001 ns, Reaching safepoint: 85417 ns, Cleanup: 54750 ns, At safepoint: 19833 ns, Total: 160000 ns
[2025-08-27T03:53:43.674+0000][121][info ][safepoint   ] Safepoint "Cleanup", Time since last: 3698496502 ns, Reaching safepoint: 62458 ns, Cleanup: 37292 ns, At safepoint: 12375 ns, Total: 112125 ns
[2025-08-27T03:53:44.676+0000][121][info ][safepoint   ] Safepoint "Cleanup", Time since last: 1002302584 ns, Reaching safepoint: 43958 ns, Cleanup: 27333 ns, At safepoint: 12667 ns, Total: 83958 ns
[2025-08-27T03:53:45.678+0000][121][info ][safepoint   ] Safepoint "Cleanup", Time since last: 1001127292 ns, Reaching safepoint: 48083 ns, Cleanup: 48500 ns, At safepoint: 21042 ns, Total: 117625 ns
[2025-08-27T03:53:47.680+0000][121][info ][safepoint   ] Safepoint "Cleanup", Time since last: 2002622001 ns, Reaching safepoint: 88250 ns, Cleanup: 71917 ns, At safepoint: 18791 ns, Total: 178958 ns
[2025-08-27T03:53:52.688+0000][121][info ][safepoint   ] Safepoint "Cleanup", Time since last: 5007541419 ns, Reaching safepoint: 84500 ns, Cleanup: 134167 ns, At safepoint: 40083 ns, Total: 258750 ns
[2025-08-27T03:53:55.693+0000][121][info ][safepoint   ] Safepoint "Cleanup", Time since last: 3004453460 ns, Reaching safepoint: 76458 ns, Cleanup: 67209 ns, At safepoint: 16291 ns, Total: 159958 ns
[2025-08-27T03:53:57.696+0000][121][info ][safepoint   ] Safepoint "Cleanup", Time since last: 2003185543 ns, Reaching safepoint: 106083 ns, Cleanup: 156625 ns, At safepoint: 29042 ns, Total: 291750 ns
[2025-08-27T03:53:59.069+0000][121][info ][safepoint   ] Safepoint "Cleanup", Time since last: 1372486501 ns, Reaching safepoint: 10083 ns, Cleanup: 47333 ns, At safepoint: 12750 ns, Total: 70166 ns
[2025-08-27T03:54:00.092+0000][121][info ][safepoint   ] Safepoint "Cleanup", Time since last: 1023011293 ns, Reaching safepoint: 12000 ns, Cleanup: 37375 ns, At safepoint: 4958 ns, Total: 54333 ns
[2025-08-27T03:54:01.094+0000][121][info ][safepoint   ] Safepoint "Cleanup", Time since last: 1001551792 ns, Reaching safepoint: 16000 ns, Cleanup: 15542 ns, At safepoint: 6916 ns, Total: 38458 ns
[2025-08-27T03:54:02.095+0000][121][info ][safepoint   ] Safepoint "Cleanup", Time since last: 1000941084 ns, Reaching safepoint: 66000 ns, Cleanup: 42167 ns, At safepoint: 18541 ns, Total: 126708 ns
[2025-08-27T03:54:05.087+0000][121][info ][safepoint   ] Safepoint "Cleanup", Time since last: 2992706460 ns, Reaching safepoint: 5875 ns, Cleanup: 30000 ns, At safepoint: 8542 ns, Total: 44417 ns
[2025-08-27T03:54:06.117+0000][121][info ][safepoint   ] Safepoint "Cleanup", Time since last: 1029820334 ns, Reaching safepoint: 17791 ns, Cleanup: 20750 ns, At safepoint: 6125 ns, Total: 44666 ns
[2025-08-27T03:54:07.119+0000][121][info ][safepoint   ] Safepoint "Cleanup", Time since last: 1001126542 ns, Reaching safepoint: 54834 ns, Cleanup: 31791 ns, At safepoint: 12667 ns, Total: 99292 ns
[2025-08-27T03:54:10.122+0000][121][info ][safepoint   ] Safepoint "Cleanup", Time since last: 3002750710 ns, Reaching safepoint: 39041 ns, Cleanup: 32334 ns, At safepoint: 10083 ns, Total: 81458 ns
[2025-08-27T03:54:15.128+0000][121][info ][safepoint   ] Safepoint "Cleanup", Time since last: 5005978002 ns, Reaching safepoint: 26292 ns, Cleanup: 25792 ns, At safepoint: 13041 ns, Total: 65125 ns
[2025-08-27T03:54:19.132+0000][121][info ][safepoint   ] Safepoint "Cleanup", Time since last: 4003838211 ns, Reaching safepoint: 55875 ns, Cleanup: 26791 ns, At safepoint: 10125 ns, Total: 92791 ns
[2025-08-27T03:54:20.133+0000][121][info ][safepoint   ] Safepoint "Cleanup", Time since last: 1001232084 ns, Reaching safepoint: 11333 ns, Cleanup: 6500 ns, At safepoint: 4875 ns, Total: 22708 ns
[2025-08-27T03:54:22.135+0000][121][info ][safepoint   ] Safepoint "Cleanup", Time since last: 2002203960 ns, Reaching safepoint: 76916 ns, Cleanup: 36917 ns, At safepoint: 33167 ns, Total: 147000 ns
[2025-08-27T03:54:23.137+0000][121][info ][safepoint   ] Safepoint "Cleanup", Time since last: 1001594959 ns, Reaching safepoint: 52791 ns, Cleanup: 31125 ns, At safepoint: 13542 ns, Total: 97458 ns
[2025-08-27T03:54:25.080+0000][121][info ][safepoint   ] Safepoint "Cleanup", Time since last: 1943065209 ns, Reaching safepoint: 6083 ns, Cleanup: 47167 ns, At safepoint: 7875 ns, Total: 61125 ns
[2025-08-27T03:54:26.228+0000][121][info ][safepoint   ] Safepoint "Cleanup", Time since last: 1147175334 ns, Reaching safepoint: 9333 ns, Cleanup: 217500 ns, At safepoint: 12584 ns, Total: 239417 ns
[2025-08-27T03:54:30.262+0000][121][info ][safepoint   ] Safepoint "Cleanup", Time since last: 4034170502 ns, Reaching safepoint: 75458 ns, Cleanup: 55083 ns, At safepoint: 29167 ns, Total: 159708 ns
[2025-08-27T03:54:33.265+0000][121][info ][safepoint   ] Safepoint "Cleanup", Time since last: 3003585585 ns, Reaching safepoint: 30125 ns, Cleanup: 23041 ns, At safepoint: 8625 ns, Total: 61791 ns
[2025-08-27T03:54:35.268+0000][121][info ][safepoint   ] Safepoint "Cleanup", Time since last: 2001991001 ns, Reaching safepoint: 160459 ns, Cleanup: 64291 ns, At safepoint: 32459 ns, Total: 257209 ns
[2025-08-27T03:54:36.270+0000][121][info ][safepoint   ] Safepoint "Cleanup", Time since last: 1002054250 ns, Reaching safepoint: 60458 ns, Cleanup: 50042 ns, At safepoint: 20458 ns, Total: 130958 ns
[2025-08-27T03:54:40.275+0000][121][info ][safepoint   ] Safepoint "Cleanup", Time since last: 4005079335 ns, Reaching safepoint: 100375 ns, Cleanup: 67583 ns, At safepoint: 28500 ns, Total: 196458 ns
[2025-08-27T03:54:46.868+0000][121][info ][safepoint   ] Safepoint "Cleanup", Time since last: 6592399045 ns, Reaching safepoint: 88625 ns, Cleanup: 66834 ns, At safepoint: 17875 ns, Total: 173334 ns
[2025-08-27T03:54:47.869+0000][121][info ][safepoint   ] Safepoint "Cleanup", Time since last: 1001208583 ns, Reaching safepoint: 99042 ns, Cleanup: 75667 ns, At safepoint: 20000 ns, Total: 194709 ns
[2025-08-27T03:54:49.872+0000][121][info ][safepoint   ] Safepoint "Cleanup", Time since last: 2002315209 ns, Reaching safepoint: 110583 ns, Cleanup: 107542 ns, At safepoint: 25625 ns, Total: 243750 ns
[2025-08-27T03:54:50.873+0000][121][info ][safepoint   ] Safepoint "Cleanup", Time since last: 1001247667 ns, Reaching safepoint: 16042 ns, Cleanup: 24583 ns, At safepoint: 7250 ns, Total: 47875 ns
[2025-08-27T03:54:52.875+0000][121][info ][safepoint   ] Safepoint "Cleanup", Time since last: 2001409834 ns, Reaching safepoint: 57000 ns, Cleanup: 57042 ns, At safepoint: 20042 ns, Total: 134084 ns
[2025-08-27T03:54:54.878+0000][121][info ][safepoint   ] Safepoint "Cleanup", Time since last: 2003669751 ns, Reaching safepoint: 63791 ns, Cleanup: 67042 ns, At safepoint: 13833 ns, Total: 144666 ns
[2025-08-27T03:54:55.880+0000][121][info ][safepoint   ] Safepoint "Cleanup", Time since last: 1001433709 ns, Reaching safepoint: 66750 ns, Cleanup: 44459 ns, At safepoint: 15208 ns, Total: 126417 ns
[2025-08-27T03:54:56.882+0000][121][info ][safepoint   ] Safepoint "Cleanup", Time since last: 1001695667 ns, Reaching safepoint: 28958 ns, Cleanup: 99500 ns, At safepoint: 15959 ns, Total: 144417 ns
[2025-08-27T03:54:57.883+0000][121][info ][safepoint   ] Safepoint "Cleanup", Time since last: 1000882625 ns, Reaching safepoint: 47542 ns, Cleanup: 45916 ns, At safepoint: 12875 ns, Total: 106333 ns
[2025-08-27T03:55:00.886+0000][121][info ][safepoint   ] Safepoint "Cleanup", Time since last: 3003172460 ns, Reaching safepoint: 15334 ns, Cleanup: 14750 ns, At safepoint: 5666 ns, Total: 35750 ns
[2025-08-27T03:55:01.887+0000][121][info ][safepoint   ] Safepoint "Cleanup", Time since last: 1000557792 ns, Reaching safepoint: 114667 ns, Cleanup: 55333 ns, At safepoint: 22459 ns, Total: 192459 ns
[2025-08-27T03:55:04.892+0000][121][info ][safepoint   ] Safepoint "Cleanup", Time since last: 3005150626 ns, Reaching safepoint: 83500 ns, Cleanup: 68250 ns, At safepoint: 29625 ns, Total: 181375 ns
[2025-08-27T03:55:05.895+0000][121][info ][safepoint   ] Safepoint "Cleanup", Time since last: 1002568334 ns, Reaching safepoint: 79208 ns, Cleanup: 80000 ns, At safepoint: 24625 ns, Total: 183833 ns
[2025-08-27T03:55:10.900+0000][121][info ][safepoint   ] Safepoint "Cleanup", Time since last: 5004959169 ns, Reaching safepoint: 46458 ns, Cleanup: 38250 ns, At safepoint: 10292 ns, Total: 95000 ns
[2025-08-27T03:55:22.914+0000][121][info ][safepoint   ] Safepoint "Cleanup", Time since last: 12013740880 ns, Reaching safepoint: 67667 ns, Cleanup: 120667 ns, At safepoint: 209375 ns, Total: 397709 ns
[2025-08-27T03:55:25.919+0000][121][info ][safepoint   ] Safepoint "Cleanup", Time since last: 3004437876 ns, Reaching safepoint: 36875 ns, Cleanup: 25375 ns, At safepoint: 9334 ns, Total: 71584 ns
[2025-08-27T03:55:26.920+0000][121][info ][safepoint   ] Safepoint "Cleanup", Time since last: 1001240708 ns, Reaching safepoint: 69917 ns, Cleanup: 42458 ns, At safepoint: 19000 ns, Total: 131375 ns
[2025-08-27T03:55:28.094+0000][121][info ][safepoint   ] Safepoint "Cleanup", Time since last: 1173744209 ns, Reaching safepoint: 6917 ns, Cleanup: 18458 ns, At safepoint: 4292 ns, Total: 29667 ns
[2025-08-27T03:55:29.508+0000][121][info ][safepoint   ] Safepoint "Cleanup", Time since last: 1413952751 ns, Reaching safepoint: 151250 ns, Cleanup: 157625 ns, At safepoint: 23541 ns, Total: 332416 ns
[2025-08-27T03:55:31.511+0000][121][info ][safepoint   ] Safepoint "Cleanup", Time since last: 2002742001 ns, Reaching safepoint: 235417 ns, Cleanup: 79125 ns, At safepoint: 25292 ns, Total: 339834 ns
[2025-08-27T03:55:34.515+0000][121][info ][safepoint   ] Safepoint "Cleanup", Time since last: 3003723834 ns, Reaching safepoint: 60375 ns, Cleanup: 50625 ns, At safepoint: 12709 ns, Total: 123709 ns
[2025-08-27T03:55:40.522+0000][121][info ][safepoint   ] Safepoint "Cleanup", Time since last: 6006247502 ns, Reaching safepoint: 29042 ns, Cleanup: 21375 ns, At safepoint: 7875 ns, Total: 58292 ns
[2025-08-27T03:55:46.049+0000][121][info ][safepoint   ] Safepoint "Cleanup", Time since last: 5526976377 ns, Reaching safepoint: 102875 ns, Cleanup: 155959 ns, At safepoint: 23750 ns, Total: 282584 ns
[2025-08-27T03:55:50.054+0000][121][info ][safepoint   ] Safepoint "Cleanup", Time since last: 4004811168 ns, Reaching safepoint: 37708 ns, Cleanup: 106084 ns, At safepoint: 32708 ns, Total: 176500 ns
[2025-08-27T03:55:51.056+0000][121][info ][safepoint   ] Safepoint "Cleanup", Time since last: 1002233501 ns, Reaching safepoint: 101375 ns, Cleanup: 58875 ns, At safepoint: 16541 ns, Total: 176791 ns
[2025-08-27T03:55:53.058+0000][121][info ][safepoint   ] Safepoint "Cleanup", Time since last: 2001692626 ns, Reaching safepoint: 76875 ns, Cleanup: 79292 ns, At safepoint: 15625 ns, Total: 171792 ns
[2025-08-27T03:55:54.059+0000][121][info ][safepoint   ] Safepoint "Cleanup", Time since last: 1001136792 ns, Reaching safepoint: 32042 ns, Cleanup: 24333 ns, At safepoint: 45625 ns, Total: 102000 ns
[2025-08-27T03:55:56.066+0000][121][info ][safepoint   ] Safepoint "Cleanup", Time since last: 2006563168 ns, Reaching safepoint: 76958 ns, Cleanup: 43833 ns, At safepoint: 20459 ns, Total: 141250 ns
[2025-08-27T03:55:57.067+0000][121][info ][safepoint   ] Safepoint "Cleanup", Time since last: 1001271458 ns, Reaching safepoint: 45000 ns, Cleanup: 55209 ns, At safepoint: 13708 ns, Total: 113917 ns
[2025-08-27T03:55:59.070+0000][121][info ][safepoint   ] Safepoint "Cleanup", Time since last: 2002897959 ns, Reaching safepoint: 86584 ns, Cleanup: 39958 ns, At safepoint: 22708 ns, Total: 149250 ns
[2025-08-27T03:56:01.073+0000][121][info ][safepoint   ] Safepoint "Cleanup", Time since last: 2002391960 ns, Reaching safepoint: 31416 ns, Cleanup: 41584 ns, At safepoint: 15833 ns, Total: 88833 ns
[2025-08-27T03:56:05.078+0000][121][info ][safepoint   ] Safepoint "Cleanup", Time since last: 4005009919 ns, Reaching safepoint: 73000 ns, Cleanup: 24375 ns, At safepoint: 23125 ns, Total: 120500 ns
[2025-08-27T03:56:06.079+0000][121][info ][safepoint   ] Safepoint "Cleanup", Time since last: 1000980250 ns, Reaching safepoint: 91458 ns, Cleanup: 64417 ns, At safepoint: 21333 ns, Total: 177208 ns
[2025-08-27T03:56:07.080+0000][121][info ][safepoint   ] Safepoint "Cleanup", Time since last: 1000568209 ns, Reaching safepoint: 54041 ns, Cleanup: 36667 ns, At safepoint: 32250 ns, Total: 122958 ns
[2025-08-27T03:56:10.083+0000][121][info ][safepoint   ] Safepoint "Cleanup", Time since last: 3002907418 ns, Reaching safepoint: 14625 ns, Cleanup: 14708 ns, At safepoint: 7500 ns, Total: 36833 ns
[2025-08-27T03:56:15.088+0000][121][info ][safepoint   ] Safepoint "Cleanup", Time since last: 5005029461 ns, Reaching safepoint: 27042 ns, Cleanup: 19208 ns, At safepoint: 8208 ns, Total: 54458 ns
[2025-08-27T03:56:28.102+0000][121][info ][safepoint   ] Safepoint "Cleanup", Time since last: 13014108215 ns, Reaching safepoint: 34792 ns, Cleanup: 12916 ns, At safepoint: 6334 ns, Total: 54042 ns
[2025-08-27T03:56:30.104+0000][121][info ][safepoint   ] Safepoint "Cleanup", Time since last: 2002004251 ns, Reaching safepoint: 54458 ns, Cleanup: 19542 ns, At safepoint: 11958 ns, Total: 85958 ns
[2025-08-27T03:56:31.104+0000][121][info ][safepoint   ] Safepoint "Cleanup", Time since last: 1000080459 ns, Reaching safepoint: 3541 ns, Cleanup: 36750 ns, At safepoint: 7042 ns, Total: 47333 ns
[2025-08-27T03:56:32.771+0000][121][info ][safepoint   ] Safepoint "Cleanup", Time since last: 1665183126 ns, Reaching safepoint: 1256583 ns, Cleanup: 63833 ns, At safepoint: 45875 ns, Total: 1366291 ns
[2025-08-27T03:56:34.773+0000][121][info ][safepoint   ] Safepoint "Cleanup", Time since last: 2002647210 ns, Reaching safepoint: 63541 ns, Cleanup: 44209 ns, At safepoint: 16958 ns, Total: 124708 ns
[2025-08-27T03:56:40.781+0000][121][info ][safepoint   ] Safepoint "Cleanup", Time since last: 6007020253 ns, Reaching safepoint: 100625 ns, Cleanup: 38375 ns, At safepoint: 25375 ns, Total: 164375 ns
[2025-08-27T03:56:43.283+0000][121][info ][safepoint   ] Safepoint "Cleanup", Time since last: 2502307459 ns, Reaching safepoint: 68750 ns, Cleanup: 38542 ns, At safepoint: 22708 ns, Total: 130000 ns
[2025-08-27T03:56:50.292+0000][121][info ][safepoint   ] Safepoint "Cleanup", Time since last: 7008254545 ns, Reaching safepoint: 51250 ns, Cleanup: 292334 ns, At safepoint: 17958 ns, Total: 361542 ns
[2025-08-27T03:56:53.297+0000][121][info ][safepoint   ] Safepoint "Cleanup", Time since last: 3005484835 ns, Reaching safepoint: 26041 ns, Cleanup: 21667 ns, At safepoint: 7750 ns, Total: 55458 ns
[2025-08-27T03:56:55.299+0000][121][info ][safepoint   ] Safepoint "Cleanup", Time since last: 2001428668 ns, Reaching safepoint: 181583 ns, Cleanup: 66542 ns, At safepoint: 26875 ns, Total: 275000 ns
[2025-08-27T03:56:57.302+0000][121][info ][safepoint   ] Safepoint "Cleanup", Time since last: 2003039334 ns, Reaching safepoint: 61333 ns, Cleanup: 65250 ns, At safepoint: 15375 ns, Total: 141958 ns
[2025-08-27T03:57:10.316+0000][121][info ][safepoint   ] Safepoint "Cleanup", Time since last: 13013614922 ns, Reaching safepoint: 16833 ns, Cleanup: 16292 ns, At safepoint: 6500 ns, Total: 39625 ns
[2025-08-27T03:57:14.320+0000][121][info ][safepoint   ] Safepoint "Cleanup", Time since last: 4003862669 ns, Reaching safepoint: 79166 ns, Cleanup: 63000 ns, At safepoint: 11042 ns, Total: 153208 ns
[2025-08-27T03:57:15.322+0000][121][info ][safepoint   ] Safepoint "Cleanup", Time since last: 1000957459 ns, Reaching safepoint: 86916 ns, Cleanup: 102084 ns, At safepoint: 22583 ns, Total: 211583 ns
[2025-08-27T03:57:16.322+0000][121][info ][safepoint   ] Safepoint "Cleanup", Time since last: 1000798792 ns, Reaching safepoint: 72667 ns, Cleanup: 67833 ns, At safepoint: 17000 ns, Total: 157500 ns
[2025-08-27T03:57:24.335+0000][121][info ][safepoint   ] Safepoint "Cleanup", Time since last: 8012786087 ns, Reaching safepoint: 38792 ns, Cleanup: 38125 ns, At safepoint: 12625 ns, Total: 89542 ns
[2025-08-27T03:57:34.126+0000][121][info ][safepoint   ] Safepoint "Cleanup", Time since last: 9790398963 ns, Reaching safepoint: 6542 ns, Cleanup: 12083 ns, At safepoint: 2417 ns, Total: 21042 ns
[2025-08-27T03:57:36.021+0000][121][info ][safepoint   ] Safepoint "Cleanup", Time since last: 1893346667 ns, Reaching safepoint: 1260667 ns, Cleanup: 84250 ns, At safepoint: 47292 ns, Total: 1392209 ns
[2025-08-27T03:57:41.028+0000][121][info ][safepoint   ] Safepoint "Cleanup", Time since last: 5007495376 ns, Reaching safepoint: 87375 ns, Cleanup: 44250 ns, At safepoint: 16167 ns, Total: 147792 ns
[2025-08-27T03:57:45.414+0000][121][info ][safepoint   ] Safepoint "Cleanup", Time since last: 4386247502 ns, Reaching safepoint: 87833 ns, Cleanup: 39375 ns, At safepoint: 18667 ns, Total: 145875 ns
[2025-08-27T03:57:50.421+0000][121][info ][safepoint   ] Safepoint "Cleanup", Time since last: 5007165919 ns, Reaching safepoint: 102500 ns, Cleanup: 56250 ns, At safepoint: 31208 ns, Total: 189958 ns
[2025-08-27T03:57:53.426+0000][121][info ][safepoint   ] Safepoint "Cleanup", Time since last: 3004291502 ns, Reaching safepoint: 49708 ns, Cleanup: 28917 ns, At safepoint: 14208 ns, Total: 92833 ns
[2025-08-27T03:57:54.429+0000][121][info ][safepoint   ] Safepoint "Cleanup", Time since last: 1002618042 ns, Reaching safepoint: 39375 ns, Cleanup: 25833 ns, At safepoint: 15042 ns, Total: 80250 ns
[2025-08-27T03:57:55.430+0000][121][info ][safepoint   ] Safepoint "Cleanup", Time since last: 1001758751 ns, Reaching safepoint: 33541 ns, Cleanup: 31834 ns, At safepoint: 11625 ns, Total: 77000 ns
[2025-08-27T03:57:57.434+0000][121][info ][safepoint   ] Safepoint "Cleanup", Time since last: 2002762626 ns, Reaching safepoint: 170416 ns, Cleanup: 184000 ns, At safepoint: 33292 ns, Total: 387708 ns
[2025-08-27T03:57:58.435+0000][121][info ][safepoint   ] Safepoint "Cleanup", Time since last: 1001274959 ns, Reaching safepoint: 46625 ns, Cleanup: 36125 ns, At safepoint: 16041 ns, Total: 98791 ns
[2025-08-27T03:57:59.874+0000][121][info ][gc,start    ] GC(20) Pause Young (Mixed) (G1 Evacuation Pause)
[2025-08-27T03:57:59.875+0000][121][info ][gc,task     ] GC(20) Using 8 workers of 8 for evacuation
[2025-08-27T03:57:59.875+0000][121][debug][gc,age      ] GC(20) Desired survivor size 41943040 bytes, new threshold 15 (max threshold 15)
[2025-08-27T03:57:59.919+0000][121][info ][gc,phases   ] GC(20)   Pre Evacuate Collection Set: 1.14ms
[2025-08-27T03:57:59.919+0000][121][info ][gc,phases   ] GC(20)   Merge Heap Roots: 0.51ms
[2025-08-27T03:57:59.919+0000][121][info ][gc,phases   ] GC(20)   Evacuate Collection Set: 38.28ms
[2025-08-27T03:57:59.919+0000][121][info ][gc,phases   ] GC(20)   Post Evacuate Collection Set: 3.49ms
[2025-08-27T03:57:59.919+0000][121][info ][gc,phases   ] GC(20)   Other: 0.41ms
[2025-08-27T03:57:59.919+0000][121][trace][gc,age      ] GC(20) Age table with threshold 15 (max threshold 15)
[2025-08-27T03:57:59.919+0000][121][trace][gc,age      ] GC(20) - age   1:     879848 bytes,     879848 total
[2025-08-27T03:57:59.919+0000][121][trace][gc,age      ] GC(20) - age   2:    2264272 bytes,    3144120 total
[2025-08-27T03:57:59.919+0000][121][trace][gc,age      ] GC(20) - age   3:    4470424 bytes,    7614544 total
[2025-08-27T03:57:59.919+0000][121][trace][gc,age      ] GC(20) - age   4:   14821840 bytes,   22436384 total
[2025-08-27T03:57:59.919+0000][121][trace][gc,age      ] GC(20) - age   5:     390856 bytes,   22827240 total
[2025-08-27T03:57:59.919+0000][121][info ][gc,heap     ] GC(20) Eden regions: 147->0(146)
[2025-08-27T03:57:59.920+0000][121][info ][gc,heap     ] GC(20) Survivor regions: 6->7(20)
[2025-08-27T03:57:59.920+0000][121][info ][gc,heap     ] GC(20) Old regions: 30->30
[2025-08-27T03:57:59.920+0000][121][info ][gc,heap     ] GC(20) Humongous regions: 2->2
[2025-08-27T03:57:59.920+0000][121][info ][gc,metaspace] GC(20) Metaspace: 155784K(160256K)->155784K(160256K) NonClass: 134208K(136640K)->134208K(136640K) Class: 21575K(23616K)->21575K(23616K)
[2025-08-27T03:57:59.920+0000][121][info ][gc          ] GC(20) Pause Young (Mixed) (G1 Evacuation Pause) 738M->149M(1024M) 45.320ms
[2025-08-27T03:57:59.920+0000][121][info ][gc,cpu      ] GC(20) User=0.31s Sys=0.00s Real=0.04s
[2025-08-27T03:57:59.920+0000][121][info ][safepoint   ] Safepoint "G1CollectForAllocation", Time since last: 1439458084 ns, Reaching safepoint: 40084 ns, Cleanup: 11416 ns, At safepoint: 45569375 ns, Total: 45620875 ns
[2025-08-27T03:58:00.921+0000][121][info ][safepoint   ] Safepoint "Cleanup", Time since last: 1000984668 ns, Reaching safepoint: 54208 ns, Cleanup: 57375 ns, At safepoint: 40458 ns, Total: 152041 ns
[2025-08-27T03:58:05.932+0000][121][info ][safepoint   ] Safepoint "Cleanup", Time since last: 5011038794 ns, Reaching safepoint: 36584 ns, Cleanup: 25625 ns, At safepoint: 11750 ns, Total: 73959 ns
[2025-08-27T03:58:13.943+0000][121][info ][safepoint   ] Safepoint "Cleanup", Time since last: 8010582544 ns, Reaching safepoint: 99042 ns, Cleanup: 133833 ns, At safepoint: 24417 ns, Total: 257292 ns
[2025-08-27T03:58:16.947+0000][121][info ][safepoint   ] Safepoint "Cleanup", Time since last: 3003934460 ns, Reaching safepoint: 101792 ns, Cleanup: 48791 ns, At safepoint: 24667 ns, Total: 175250 ns
[2025-08-27T03:58:25.961+0000][121][info ][safepoint   ] Safepoint "Cleanup", Time since last: 9013571629 ns, Reaching safepoint: 80750 ns, Cleanup: 39625 ns, At safepoint: 20209 ns, Total: 140584 ns
[2025-08-27T03:58:26.962+0000][121][info ][safepoint   ] Safepoint "Cleanup", Time since last: 1000814042 ns, Reaching safepoint: 33875 ns, Cleanup: 15750 ns, At safepoint: 9875 ns, Total: 59500 ns
[2025-08-27T03:58:27.964+0000][121][info ][safepoint   ] Safepoint "Cleanup", Time since last: 1001817334 ns, Reaching safepoint: 116333 ns, Cleanup: 73042 ns, At safepoint: 24333 ns, Total: 213708 ns
[2025-08-27T03:58:28.966+0000][121][info ][safepoint   ] Safepoint "Cleanup", Time since last: 1002003250 ns, Reaching safepoint: 38292 ns, Cleanup: 35458 ns, At safepoint: 11459 ns, Total: 85209 ns
[2025-08-27T03:58:31.975+0000][121][info ][safepoint   ] Safepoint "Cleanup", Time since last: 3008820293 ns, Reaching safepoint: 75500 ns, Cleanup: 72166 ns, At safepoint: 21334 ns, Total: 169000 ns
[2025-08-27T03:58:34.978+0000][121][info ][safepoint   ] Safepoint "Cleanup", Time since last: 3003607543 ns, Reaching safepoint: 41833 ns, Cleanup: 44375 ns, At safepoint: 12542 ns, Total: 98750 ns
[2025-08-27T03:58:35.980+0000][121][info ][safepoint   ] Safepoint "Cleanup", Time since last: 1001545250 ns, Reaching safepoint: 40250 ns, Cleanup: 81667 ns, At safepoint: 18292 ns, Total: 140209 ns
[2025-08-27T03:58:37.129+0000][121][info ][safepoint   ] Safepoint "Cleanup", Time since last: 1148481541 ns, Reaching safepoint: 6000 ns, Cleanup: 10542 ns, At safepoint: 12791 ns, Total: 29333 ns
[2025-08-27T03:58:38.156+0000][121][info ][safepoint   ] Safepoint "Cleanup", Time since last: 1027026001 ns, Reaching safepoint: 18041 ns, Cleanup: 36292 ns, At safepoint: 8625 ns, Total: 62958 ns
[2025-08-27T03:58:39.199+0000][121][info ][safepoint   ] Safepoint "Cleanup", Time since last: 1042116001 ns, Reaching safepoint: 59125 ns, Cleanup: 54041 ns, At safepoint: 32625 ns, Total: 145791 ns
[2025-08-27T03:58:41.200+0000][121][info ][safepoint   ] Safepoint "Cleanup", Time since last: 2001734251 ns, Reaching safepoint: 74792 ns, Cleanup: 68792 ns, At safepoint: 48500 ns, Total: 192084 ns
[2025-08-27T03:58:45.602+0000][121][info ][safepoint   ] Safepoint "Cleanup", Time since last: 4401125543 ns, Reaching safepoint: 96209 ns, Cleanup: 60041 ns, At safepoint: 27292 ns, Total: 183542 ns
[2025-08-27T03:58:46.605+0000][121][info ][safepoint   ] Safepoint "Cleanup", Time since last: 1003151667 ns, Reaching safepoint: 72333 ns, Cleanup: 102500 ns, At safepoint: 22834 ns, Total: 197667 ns
[2025-08-27T03:58:52.624+0000][121][info ][safepoint   ] Safepoint "Cleanup", Time since last: 6018868336 ns, Reaching safepoint: 31333 ns, Cleanup: 49084 ns, At safepoint: 9583 ns, Total: 90000 ns
[2025-08-27T03:58:54.643+0000][121][info ][safepoint   ] Safepoint "Cleanup", Time since last: 2018496751 ns, Reaching safepoint: 196542 ns, Cleanup: 62041 ns, At safepoint: 33750 ns, Total: 292333 ns
[2025-08-27T03:58:55.644+0000][121][info ][safepoint   ] Safepoint "Cleanup", Time since last: 1001407959 ns, Reaching safepoint: 109667 ns, Cleanup: 29416 ns, At safepoint: 15875 ns, Total: 154958 ns
[2025-08-27T03:58:57.646+0000][121][info ][safepoint   ] Safepoint "Cleanup", Time since last: 2001925126 ns, Reaching safepoint: 56875 ns, Cleanup: 32125 ns, At safepoint: 12042 ns, Total: 101042 ns
[2025-08-27T03:58:59.270+0000][121][info ][safepoint   ] Safepoint "Cleanup", Time since last: 1623229209 ns, Reaching safepoint: 14208 ns, Cleanup: 33167 ns, At safepoint: 7333 ns, Total: 54708 ns
[2025-08-27T03:59:01.307+0000][121][info ][safepoint   ] Safepoint "Cleanup", Time since last: 2037367293 ns, Reaching safepoint: 4042 ns, Cleanup: 23750 ns, At safepoint: 4458 ns, Total: 32250 ns
[2025-08-27T03:59:04.321+0000][121][info ][safepoint   ] Safepoint "Cleanup", Time since last: 3013947543 ns, Reaching safepoint: 35917 ns, Cleanup: 16292 ns, At safepoint: 10166 ns, Total: 62375 ns
[2025-08-27T03:59:05.966+0000][121][info ][safepoint   ] Safepoint "Cleanup", Time since last: 1645292793 ns, Reaching safepoint: 8750 ns, Cleanup: 30375 ns, At safepoint: 11333 ns, Total: 50458 ns
[2025-08-27T03:59:06.973+0000][121][info ][safepoint   ] Safepoint "Cleanup", Time since last: 1006763000 ns, Reaching safepoint: 46417 ns, Cleanup: 24125 ns, At safepoint: 12708 ns, Total: 83250 ns
[2025-08-27T03:59:07.974+0000][121][info ][safepoint   ] Safepoint "Cleanup", Time since last: 1001048583 ns, Reaching safepoint: 39542 ns, Cleanup: 79625 ns, At safepoint: 13792 ns, Total: 132959 ns
[2025-08-27T03:59:10.977+0000][121][info ][safepoint   ] Safepoint "Cleanup", Time since last: 3002771751 ns, Reaching safepoint: 37375 ns, Cleanup: 24167 ns, At safepoint: 9541 ns, Total: 71083 ns
[2025-08-27T03:59:20.991+0000][121][info ][safepoint   ] Safepoint "Cleanup", Time since last: 10014156339 ns, Reaching safepoint: 215750 ns, Cleanup: 46125 ns, At safepoint: 26375 ns, Total: 288250 ns
[2025-08-27T03:59:22.995+0000][121][info ][safepoint   ] Safepoint "Cleanup", Time since last: 2003542625 ns, Reaching safepoint: 74625 ns, Cleanup: 60000 ns, At safepoint: 9959 ns, Total: 144584 ns
[2025-08-27T03:59:25.998+0000][121][info ][safepoint   ] Safepoint "Cleanup", Time since last: 3003029876 ns, Reaching safepoint: 35375 ns, Cleanup: 35292 ns, At safepoint: 12750 ns, Total: 83417 ns
[2025-08-27T03:59:28.000+0000][121][info ][safepoint   ] Safepoint "Cleanup", Time since last: 2002291668 ns, Reaching safepoint: 32750 ns, Cleanup: 24541 ns, At safepoint: 9375 ns, Total: 66666 ns
[2025-08-27T03:59:29.002+0000][121][info ][safepoint   ] Safepoint "Cleanup", Time since last: 1001233751 ns, Reaching safepoint: 151625 ns, Cleanup: 52833 ns, At safepoint: 35750 ns, Total: 240208 ns
[2025-08-27T03:59:32.007+0000][121][info ][safepoint   ] Safepoint "Cleanup", Time since last: 3003663168 ns, Reaching safepoint: 1184375 ns, Cleanup: 66083 ns, At safepoint: 58417 ns, Total: 1308875 ns
[2025-08-27T03:59:40.143+0000][121][info ][safepoint   ] Safepoint "Cleanup", Time since last: 8135934170 ns, Reaching safepoint: 5167 ns, Cleanup: 22000 ns, At safepoint: 5958 ns, Total: 33125 ns
[2025-08-27T03:59:41.553+0000][121][info ][safepoint   ] Safepoint "Cleanup", Time since last: 1409933042 ns, Reaching safepoint: 72875 ns, Cleanup: 134667 ns, At safepoint: 19833 ns, Total: 227375 ns
[2025-08-27T03:59:42.562+0000][121][info ][safepoint   ] Safepoint "Cleanup", Time since last: 1008014709 ns, Reaching safepoint: 90000 ns, Cleanup: 65708 ns, At safepoint: 30334 ns, Total: 186042 ns
[2025-08-27T03:59:43.695+0000][121][info ][safepoint   ] Safepoint "Cleanup", Time since last: 1133469167 ns, Reaching safepoint: 71167 ns, Cleanup: 46166 ns, At safepoint: 14125 ns, Total: 131458 ns
[2025-08-27T03:59:45.697+0000][121][info ][safepoint   ] Safepoint "Cleanup", Time since last: 2002195043 ns, Reaching safepoint: 42083 ns, Cleanup: 52959 ns, At safepoint: 12916 ns, Total: 107958 ns
[2025-08-27T03:59:47.700+0000][121][info ][safepoint   ] Safepoint "Cleanup", Time since last: 2002563376 ns, Reaching safepoint: 56334 ns, Cleanup: 48291 ns, At safepoint: 18375 ns, Total: 123000 ns
[2025-08-27T03:59:49.703+0000][121][info ][safepoint   ] Safepoint "Cleanup", Time since last: 2002316293 ns, Reaching safepoint: 85833 ns, Cleanup: 97834 ns, At safepoint: 27375 ns, Total: 211042 ns
[2025-08-27T03:59:50.708+0000][121][info ][safepoint   ] Safepoint "Cleanup", Time since last: 1004769750 ns, Reaching safepoint: 74083 ns, Cleanup: 45042 ns, At safepoint: 23875 ns, Total: 143000 ns
[2025-08-27T03:59:51.709+0000][121][info ][safepoint   ] Safepoint "Cleanup", Time since last: 1001426209 ns, Reaching safepoint: 35083 ns, Cleanup: 23917 ns, At safepoint: 10750 ns, Total: 69750 ns
[2025-08-27T03:59:52.711+0000][121][info ][safepoint   ] Safepoint "Cleanup", Time since last: 1001883917 ns, Reaching safepoint: 42083 ns, Cleanup: 32417 ns, At safepoint: 11917 ns, Total: 86417 ns
[2025-08-27T03:59:53.713+0000][121][info ][safepoint   ] Safepoint "Cleanup", Time since last: 1001943625 ns, Reaching safepoint: 45583 ns, Cleanup: 31917 ns, At safepoint: 14542 ns, Total: 92042 ns
[2025-08-27T03:59:55.717+0000][121][info ][safepoint   ] Safepoint "Cleanup", Time since last: 2003143751 ns, Reaching safepoint: 379708 ns, Cleanup: 158708 ns, At safepoint: 26917 ns, Total: 565333 ns
[2025-08-27T03:59:57.719+0000][121][info ][safepoint   ] Safepoint "Cleanup", Time since last: 2001956293 ns, Reaching safepoint: 45375 ns, Cleanup: 163833 ns, At safepoint: 23167 ns, Total: 232375 ns
[2025-08-27T03:59:58.721+0000][121][info ][safepoint   ] Safepoint "Cleanup", Time since last: 1001817667 ns, Reaching safepoint: 39583 ns, Cleanup: 52292 ns, At safepoint: 13875 ns, Total: 105750 ns
[2025-08-27T04:00:09.737+0000][121][info ][safepoint   ] Safepoint "Cleanup", Time since last: 11015441046 ns, Reaching safepoint: 173708 ns, Cleanup: 151625 ns, At safepoint: 20542 ns, Total: 345875 ns
[2025-08-27T04:00:10.740+0000][121][info ][safepoint   ] Safepoint "Cleanup", Time since last: 1003376542 ns, Reaching safepoint: 45792 ns, Cleanup: 45208 ns, At safepoint: 15250 ns, Total: 106250 ns
[2025-08-27T04:00:19.751+0000][121][info ][safepoint   ] Safepoint "Cleanup", Time since last: 9010965754 ns, Reaching safepoint: 96375 ns, Cleanup: 61250 ns, At safepoint: 25459 ns, Total: 183084 ns
[2025-08-27T04:00:20.754+0000][121][info ][safepoint   ] Safepoint "Cleanup", Time since last: 1002064833 ns, Reaching safepoint: 66459 ns, Cleanup: 62125 ns, At safepoint: 23333 ns, Total: 151917 ns
[2025-08-27T04:00:23.757+0000][121][info ][safepoint   ] Safepoint "Cleanup", Time since last: 3003428418 ns, Reaching safepoint: 54083 ns, Cleanup: 38209 ns, At safepoint: 12375 ns, Total: 104667 ns
[2025-08-27T04:00:24.759+0000][121][info ][safepoint   ] Safepoint "Cleanup", Time since last: 1001590792 ns, Reaching safepoint: 83583 ns, Cleanup: 65084 ns, At safepoint: 27083 ns, Total: 175750 ns
[2025-08-27T04:00:25.760+0000][121][info ][safepoint   ] Safepoint "Cleanup", Time since last: 1001383000 ns, Reaching safepoint: 44459 ns, Cleanup: 35750 ns, At safepoint: 14458 ns, Total: 94667 ns
[2025-08-27T04:00:35.781+0000][121][info ][safepoint   ] Safepoint "Cleanup", Time since last: 10019857588 ns, Reaching safepoint: 178542 ns, Cleanup: 70333 ns, At safepoint: 26042 ns, Total: 274917 ns
[2025-08-27T04:00:40.790+0000][121][info ][safepoint   ] Safepoint "Cleanup", Time since last: 5009679419 ns, Reaching safepoint: 32291 ns, Cleanup: 26542 ns, At safepoint: 9250 ns, Total: 68083 ns
[2025-08-27T04:00:43.162+0000][121][info ][safepoint   ] Safepoint "Cleanup", Time since last: 2372014668 ns, Reaching safepoint: 5750 ns, Cleanup: 6958 ns, At safepoint: 2542 ns, Total: 15250 ns
[2025-08-27T04:00:44.848+0000][121][info ][safepoint   ] Safepoint "Cleanup", Time since last: 1685828542 ns, Reaching safepoint: 26167 ns, Cleanup: 343042 ns, At safepoint: 22208 ns, Total: 391417 ns
[2025-08-27T04:00:46.857+0000][121][info ][safepoint   ] Safepoint "Cleanup", Time since last: 2008034668 ns, Reaching safepoint: 62583 ns, Cleanup: 46583 ns, At safepoint: 17500 ns, Total: 126666 ns
[2025-08-27T04:00:52.662+0000][121][info ][gc,start    ] GC(21) Pause Young (Concurrent Start) (CodeCache GC Threshold)
[2025-08-27T04:00:52.662+0000][121][info ][gc,task     ] GC(21) Using 8 workers of 8 for evacuation
[2025-08-27T04:00:52.662+0000][121][debug][gc,age      ] GC(21) Desired survivor size 41943040 bytes, new threshold 15 (max threshold 15)
[2025-08-27T04:00:52.692+0000][121][info ][gc,phases   ] GC(21)   Pre Evacuate Collection Set: 0.92ms
[2025-08-27T04:00:52.692+0000][121][info ][gc,phases   ] GC(21)   Merge Heap Roots: 0.19ms
[2025-08-27T04:00:52.692+0000][121][info ][gc,phases   ] GC(21)   Evacuate Collection Set: 26.46ms
[2025-08-27T04:00:52.692+0000][121][info ][gc,phases   ] GC(21)   Post Evacuate Collection Set: 1.88ms
[2025-08-27T04:00:52.692+0000][121][info ][gc,phases   ] GC(21)   Other: 0.33ms
[2025-08-27T04:00:52.692+0000][121][trace][gc,age      ] GC(21) Age table with threshold 15 (max threshold 15)
[2025-08-27T04:00:52.692+0000][121][trace][gc,age      ] GC(21) - age   1:     417272 bytes,     417272 total
[2025-08-27T04:00:52.692+0000][121][trace][gc,age      ] GC(21) - age   2:     114208 bytes,     531480 total
[2025-08-27T04:00:52.692+0000][121][trace][gc,age      ] GC(21) - age   3:    1965280 bytes,    2496760 total
[2025-08-27T04:00:52.692+0000][121][trace][gc,age      ] GC(21) - age   4:    4469656 bytes,    6966416 total
[2025-08-27T04:00:52.692+0000][121][trace][gc,age      ] GC(21) - age   5:   14821840 bytes,   21788256 total
[2025-08-27T04:00:52.692+0000][121][trace][gc,age      ] GC(21) - age   6:     390856 bytes,   22179112 total
[2025-08-27T04:00:52.692+0000][121][info ][gc,heap     ] GC(21) Eden regions: 62->0(147)
[2025-08-27T04:00:52.692+0000][121][info ][gc,heap     ] GC(21) Survivor regions: 7->6(20)
[2025-08-27T04:00:52.692+0000][121][info ][gc,heap     ] GC(21) Old regions: 30->30
[2025-08-27T04:00:52.692+0000][121][info ][gc,heap     ] GC(21) Humongous regions: 2->2
[2025-08-27T04:00:52.693+0000][121][info ][gc,metaspace] GC(21) Metaspace: 156028K(160512K)->156028K(160512K) NonClass: 134448K(136896K)->134448K(136896K) Class: 21580K(23616K)->21580K(23616K)
[2025-08-27T04:00:52.693+0000][121][info ][gc          ] GC(21) Pause Young (Concurrent Start) (CodeCache GC Threshold) 393M->148M(1024M) 30.968ms
[2025-08-27T04:00:52.693+0000][121][info ][gc,cpu      ] GC(21) User=0.21s Sys=0.00s Real=0.03s
[2025-08-27T04:00:52.693+0000][121][info ][gc          ] GC(22) Concurrent Mark Cycle
[2025-08-27T04:00:52.693+0000][121][info ][gc,marking  ] GC(22) Concurrent Scan Root Regions
[2025-08-27T04:00:52.693+0000][121][info ][safepoint   ] Safepoint "G1TryInitiateConcMark", Time since last: 5804981336 ns, Reaching safepoint: 36542 ns, Cleanup: 39208 ns, At safepoint: 31201417 ns, Total: 31277167 ns
[2025-08-27T04:00:52.705+0000][121][info ][gc,marking  ] GC(22) Concurrent Scan Root Regions 11.713ms
[2025-08-27T04:00:52.705+0000][121][info ][gc,marking  ] GC(22) Concurrent Mark
[2025-08-27T04:00:52.705+0000][121][info ][gc,marking  ] GC(22) Concurrent Mark From Roots
[2025-08-27T04:00:52.705+0000][121][info ][gc,task     ] GC(22) Using 2 workers of 2 for marking
[2025-08-27T04:00:52.764+0000][121][info ][gc,marking  ] GC(22) Concurrent Mark From Roots 59.488ms
[2025-08-27T04:00:52.764+0000][121][info ][gc,marking  ] GC(22) Concurrent Preclean
[2025-08-27T04:00:52.765+0000][121][info ][gc,marking  ] GC(22) Concurrent Preclean 0.692ms
[2025-08-27T04:00:52.765+0000][121][info ][gc,start    ] GC(22) Pause Remark
[2025-08-27T04:00:52.827+0000][121][info ][gc          ] GC(22) Pause Remark 150M->150M(1024M) 62.160ms
[2025-08-27T04:00:52.828+0000][121][info ][gc,cpu      ] GC(22) User=0.41s Sys=0.01s Real=0.06s
[2025-08-27T04:00:52.828+0000][121][info ][safepoint   ] Safepoint "G1PauseRemark", Time since last: 72395875 ns, Reaching safepoint: 49792 ns, Cleanup: 6416 ns, At safepoint: 62444375 ns, Total: 62500583 ns
[2025-08-27T04:00:52.828+0000][121][info ][gc,marking  ] GC(22) Concurrent Mark 123.042ms
[2025-08-27T04:00:52.828+0000][121][info ][gc,marking  ] GC(22) Concurrent Rebuild Remembered Sets and Scrub Regions
[2025-08-27T04:00:52.853+0000][121][info ][gc,marking  ] GC(22) Concurrent Rebuild Remembered Sets and Scrub Regions 24.723ms
[2025-08-27T04:00:52.853+0000][121][info ][gc,start    ] GC(22) Pause Cleanup
[2025-08-27T04:00:52.853+0000][121][info ][gc          ] GC(22) Pause Cleanup 150M->150M(1024M) 0.153ms
[2025-08-27T04:00:52.853+0000][121][info ][gc,cpu      ] GC(22) User=0.00s Sys=0.00s Real=0.01s
[2025-08-27T04:00:52.853+0000][121][info ][safepoint   ] Safepoint "G1PauseCleanup", Time since last: 24964042 ns, Reaching safepoint: 7167 ns, Cleanup: 40083 ns, At safepoint: 273542 ns, Total: 320792 ns
[2025-08-27T04:00:52.853+0000][121][info ][gc,marking  ] GC(22) Concurrent Clear Claimed Marks
[2025-08-27T04:00:52.853+0000][121][info ][gc,marking  ] GC(22) Concurrent Clear Claimed Marks 0.144ms
[2025-08-27T04:00:52.853+0000][121][info ][gc,marking  ] GC(22) Concurrent Cleanup for Next Mark
[2025-08-27T04:00:52.854+0000][121][info ][gc,marking  ] GC(22) Concurrent Cleanup for Next Mark 0.570ms
[2025-08-27T04:00:52.854+0000][121][info ][gc          ] GC(22) Concurrent Mark Cycle 161.091ms
[2025-08-27T04:00:56.856+0000][121][info ][safepoint   ] Safepoint "Cleanup", Time since last: 4003055252 ns, Reaching safepoint: 170041 ns, Cleanup: 76125 ns, At safepoint: 19584 ns, Total: 265750 ns
[2025-08-27T04:00:58.859+0000][121][info ][safepoint   ] Safepoint "Cleanup", Time since last: 2002779417 ns, Reaching safepoint: 56459 ns, Cleanup: 40875 ns, At safepoint: 14500 ns, Total: 111834 ns
[2025-08-27T04:01:05.867+0000][121][info ][safepoint   ] Safepoint "Cleanup", Time since last: 7007785836 ns, Reaching safepoint: 122167 ns, Cleanup: 34167 ns, At safepoint: 15916 ns, Total: 172250 ns
[2025-08-27T04:01:10.873+0000][121][info ][safepoint   ] Safepoint "Cleanup", Time since last: 5005322919 ns, Reaching safepoint: 48458 ns, Cleanup: 51084 ns, At safepoint: 12958 ns, Total: 112500 ns
[2025-08-27T04:01:15.880+0000][121][info ][safepoint   ] Safepoint "Cleanup", Time since last: 5006730419 ns, Reaching safepoint: 27833 ns, Cleanup: 23875 ns, At safepoint: 12875 ns, Total: 64583 ns
[2025-08-27T04:01:19.885+0000][121][info ][safepoint   ] Safepoint "Cleanup", Time since last: 4005292961 ns, Reaching safepoint: 44500 ns, Cleanup: 37333 ns, At safepoint: 16042 ns, Total: 97875 ns
[2025-08-27T04:01:22.889+0000][121][info ][safepoint   ] Safepoint "Cleanup", Time since last: 3003414501 ns, Reaching safepoint: 256042 ns, Cleanup: 122833 ns, At safepoint: 38292 ns, Total: 417167 ns
[2025-08-27T04:01:25.892+0000][121][info ][safepoint   ] Safepoint "Cleanup", Time since last: 3003537709 ns, Reaching safepoint: 75500 ns, Cleanup: 74167 ns, At safepoint: 16084 ns, Total: 165751 ns
[2025-08-27T04:01:28.897+0000][121][info ][safepoint   ] Safepoint "Cleanup", Time since last: 3004632709 ns, Reaching safepoint: 50584 ns, Cleanup: 22416 ns, At safepoint: 14209 ns, Total: 87209 ns
[2025-08-27T04:01:30.900+0000][121][info ][safepoint   ] Safepoint "Cleanup", Time since last: 2002638917 ns, Reaching safepoint: 89250 ns, Cleanup: 107667 ns, At safepoint: 33083 ns, Total: 230000 ns
[2025-08-27T04:01:32.904+0000][121][info ][safepoint   ] Safepoint "Cleanup", Time since last: 2002944210 ns, Reaching safepoint: 377125 ns, Cleanup: 81250 ns, At safepoint: 51916 ns, Total: 510291 ns
[2025-08-27T04:01:34.906+0000][121][info ][safepoint   ] Safepoint "Cleanup", Time since last: 2002520418 ns, Reaching safepoint: 50958 ns, Cleanup: 48875 ns, At safepoint: 19542 ns, Total: 119375 ns
[2025-08-27T04:01:40.913+0000][121][info ][safepoint   ] Safepoint "Cleanup", Time since last: 6006430502 ns, Reaching safepoint: 60542 ns, Cleanup: 43125 ns, At safepoint: 16292 ns, Total: 119959 ns
[2025-08-27T04:01:45.434+0000][121][info ][safepoint   ] Safepoint "Cleanup", Time since last: 4521268960 ns, Reaching safepoint: 6959 ns, Cleanup: 27083 ns, At safepoint: 9167 ns, Total: 43209 ns
[2025-08-27T04:01:46.194+0000][121][info ][safepoint   ] Safepoint "ICBufferFull", Time since last: 759970000 ns, Reaching safepoint: 9917 ns, Cleanup: 116333 ns, At safepoint: 9375 ns, Total: 135625 ns
[2025-08-27T04:01:47.100+0000][121][info ][safepoint   ] Safepoint "ICBufferFull", Time since last: 905523834 ns, Reaching safepoint: 9250 ns, Cleanup: 129250 ns, At safepoint: 13458 ns, Total: 151958 ns
[2025-08-27T04:01:47.104+0000][121][info ][safepoint   ] Safepoint "ICBufferFull", Time since last: 3631750 ns, Reaching safepoint: 665417 ns, Cleanup: 9458 ns, At safepoint: 20958 ns, Total: 695833 ns
[2025-08-27T04:01:48.137+0000][121][info ][safepoint   ] Safepoint "Cleanup", Time since last: 1032162542 ns, Reaching safepoint: 775959 ns, Cleanup: 158166 ns, At safepoint: 20500 ns, Total: 954625 ns
[2025-08-27T04:01:50.140+0000][121][info ][safepoint   ] Safepoint "Cleanup", Time since last: 2002911751 ns, Reaching safepoint: 45084 ns, Cleanup: 66666 ns, At safepoint: 7625 ns, Total: 119375 ns
[2025-08-27T04:01:51.254+0000][121][info ][safepoint   ] Safepoint "Cleanup", Time since last: 1113046334 ns, Reaching safepoint: 77334 ns, Cleanup: 155875 ns, At safepoint: 22041 ns, Total: 255250 ns
[2025-08-27T04:01:52.256+0000][121][info ][safepoint   ] Safepoint "Cleanup", Time since last: 1002308334 ns, Reaching safepoint: 307042 ns, Cleanup: 47458 ns, At safepoint: 16708 ns, Total: 371208 ns
[2025-08-27T04:01:53.259+0000][121][info ][safepoint   ] Safepoint "Cleanup", Time since last: 1002094668 ns, Reaching safepoint: 83833 ns, Cleanup: 86875 ns, At safepoint: 29375 ns, Total: 200083 ns
[2025-08-27T04:01:54.261+0000][121][info ][safepoint   ] Safepoint "Cleanup", Time since last: 1002235042 ns, Reaching safepoint: 60583 ns, Cleanup: 31834 ns, At safepoint: 33125 ns, Total: 125542 ns
[2025-08-27T04:01:55.262+0000][121][info ][safepoint   ] Safepoint "Cleanup", Time since last: 1001241917 ns, Reaching safepoint: 76375 ns, Cleanup: 90625 ns, At safepoint: 15750 ns, Total: 182750 ns
[2025-08-27T04:01:57.266+0000][121][info ][safepoint   ] Safepoint "Cleanup", Time since last: 2003201917 ns, Reaching safepoint: 66750 ns, Cleanup: 101709 ns, At safepoint: 19875 ns, Total: 188334 ns
[2025-08-27T04:02:00.275+0000][121][info ][safepoint   ] Safepoint "Cleanup", Time since last: 3009308085 ns, Reaching safepoint: 15416 ns, Cleanup: 13917 ns, At safepoint: 6875 ns, Total: 36208 ns
[2025-08-27T04:02:07.286+0000][121][info ][safepoint   ] Safepoint "Cleanup", Time since last: 7010385711 ns, Reaching safepoint: 24834 ns, Cleanup: 32166 ns, At safepoint: 14625 ns, Total: 71625 ns
[2025-08-27T04:02:08.627+0000][121][info ][safepoint   ] Safepoint "Cleanup", Time since last: 1340778209 ns, Reaching safepoint: 192750 ns, Cleanup: 293459 ns, At safepoint: 28291 ns, Total: 514500 ns
[2025-08-27T04:02:09.636+0000][121][info ][safepoint   ] Safepoint "Cleanup", Time since last: 1008430251 ns, Reaching safepoint: 15791 ns, Cleanup: 17584 ns, At safepoint: 5500 ns, Total: 38875 ns
[2025-08-27T04:02:10.637+0000][121][info ][safepoint   ] Safepoint "Cleanup", Time since last: 1000871625 ns, Reaching safepoint: 63250 ns, Cleanup: 69334 ns, At safepoint: 15791 ns, Total: 148375 ns
[2025-08-27T04:02:11.729+0000][121][info ][safepoint   ] Safepoint "Cleanup", Time since last: 1092319126 ns, Reaching safepoint: 102833 ns, Cleanup: 135500 ns, At safepoint: 31333 ns, Total: 269666 ns
[2025-08-27T04:02:12.731+0000][121][info ][safepoint   ] Safepoint "Cleanup", Time since last: 1001969793 ns, Reaching safepoint: 16875 ns, Cleanup: 21875 ns, At safepoint: 8625 ns, Total: 47375 ns
[2025-08-27T04:02:13.733+0000][121][info ][safepoint   ] Safepoint "Cleanup", Time since last: 1001559583 ns, Reaching safepoint: 119084 ns, Cleanup: 55791 ns, At safepoint: 20875 ns, Total: 195750 ns
[2025-08-27T04:02:15.735+0000][121][info ][safepoint   ] Safepoint "Cleanup", Time since last: 2001899376 ns, Reaching safepoint: 78125 ns, Cleanup: 112000 ns, At safepoint: 16375 ns, Total: 206500 ns
[2025-08-27T04:02:16.738+0000][121][info ][safepoint   ] Safepoint "Cleanup", Time since last: 1001945917 ns, Reaching safepoint: 266709 ns, Cleanup: 79166 ns, At safepoint: 26209 ns, Total: 372084 ns
[2025-08-27T04:02:18.741+0000][121][info ][safepoint   ] Safepoint "Cleanup", Time since last: 2002726709 ns, Reaching safepoint: 64792 ns, Cleanup: 788416 ns, At safepoint: 34792 ns, Total: 888000 ns
[2025-08-27T04:02:19.743+0000][121][info ][safepoint   ] Safepoint "Cleanup", Time since last: 1001470167 ns, Reaching safepoint: 129542 ns, Cleanup: 185625 ns, At safepoint: 37583 ns, Total: 352750 ns
[2025-08-27T04:02:20.745+0000][121][info ][safepoint   ] Safepoint "Cleanup", Time since last: 1002003626 ns, Reaching safepoint: 64041 ns, Cleanup: 125709 ns, At safepoint: 12083 ns, Total: 201833 ns
[2025-08-27T04:02:22.748+0000][121][info ][safepoint   ] Safepoint "Cleanup", Time since last: 2002644834 ns, Reaching safepoint: 22542 ns, Cleanup: 61250 ns, At safepoint: 9708 ns, Total: 93500 ns
[2025-08-27T04:02:23.798+0000][121][info ][safepoint   ] Safepoint "Cleanup", Time since last: 1050009042 ns, Reaching safepoint: 25042 ns, Cleanup: 191000 ns, At safepoint: 21958 ns, Total: 238000 ns
[2025-08-27T04:02:24.901+0000][121][info ][safepoint   ] Safepoint "Cleanup", Time since last: 1102370709 ns, Reaching safepoint: 25917 ns, Cleanup: 271542 ns, At safepoint: 11041 ns, Total: 308500 ns
[2025-08-27T04:02:25.906+0000][121][info ][safepoint   ] Safepoint "Cleanup", Time since last: 1005143459 ns, Reaching safepoint: 67792 ns, Cleanup: 199167 ns, At safepoint: 29875 ns, Total: 296834 ns
[2025-08-27T04:02:27.001+0000][121][info ][safepoint   ] Safepoint "Cleanup", Time since last: 1094727750 ns, Reaching safepoint: 81625 ns, Cleanup: 220167 ns, At safepoint: 17833 ns, Total: 319625 ns
[2025-08-27T04:02:29.004+0000][121][info ][safepoint   ] Safepoint "Cleanup", Time since last: 2002589918 ns, Reaching safepoint: 140791 ns, Cleanup: 72792 ns, At safepoint: 16958 ns, Total: 230541 ns
[2025-08-27T04:02:31.063+0000][121][info ][safepoint   ] Safepoint "Cleanup", Time since last: 2058873876 ns, Reaching safepoint: 78250 ns, Cleanup: 45542 ns, At safepoint: 16583 ns, Total: 140375 ns
[2025-08-27T04:02:32.065+0000][121][info ][safepoint   ] Safepoint "Cleanup", Time since last: 1001917417 ns, Reaching safepoint: 17042 ns, Cleanup: 16083 ns, At safepoint: 8959 ns, Total: 42084 ns
[2025-08-27T04:02:33.066+0000][121][info ][safepoint   ] Safepoint "Cleanup", Time since last: 1000692084 ns, Reaching safepoint: 99291 ns, Cleanup: 68209 ns, At safepoint: 10666 ns, Total: 178166 ns
[2025-08-27T04:02:36.070+0000][121][info ][safepoint   ] Safepoint "Cleanup", Time since last: 3004155585 ns, Reaching safepoint: 81417 ns, Cleanup: 92291 ns, At safepoint: 28292 ns, Total: 202000 ns
[2025-08-27T04:02:38.072+0000][121][info ][safepoint   ] Safepoint "Cleanup", Time since last: 2002173750 ns, Reaching safepoint: 61792 ns, Cleanup: 59541 ns, At safepoint: 16750 ns, Total: 138083 ns
[2025-08-27T04:02:41.075+0000][121][info ][safepoint   ] Safepoint "Cleanup", Time since last: 3002996377 ns, Reaching safepoint: 82333 ns, Cleanup: 39083 ns, At safepoint: 15167 ns, Total: 136583 ns
[2025-08-27T04:02:45.294+0000][121][info ][safepoint   ] Safepoint "Cleanup", Time since last: 4218151710 ns, Reaching safepoint: 59417 ns, Cleanup: 47583 ns, At safepoint: 18917 ns, Total: 125917 ns
[2025-08-27T04:02:47.296+0000][121][info ][safepoint   ] Safepoint "Cleanup", Time since last: 2002086959 ns, Reaching safepoint: 18959 ns, Cleanup: 24791 ns, At safepoint: 7042 ns, Total: 50792 ns
[2025-08-27T04:02:49.187+0000][121][info ][safepoint   ] Safepoint "Cleanup", Time since last: 1890907334 ns, Reaching safepoint: 3959 ns, Cleanup: 30791 ns, At safepoint: 1584 ns, Total: 36334 ns
[2025-08-27T04:02:49.643+0000][121][info ][safepoint   ] Safepoint "ICBufferFull", Time since last: 456165875 ns, Reaching safepoint: 9792 ns, Cleanup: 133166 ns, At safepoint: 6375 ns, Total: 149333 ns
[2025-08-27T04:02:49.668+0000][121][info ][safepoint   ] Safepoint "ICBufferFull", Time since last: 24677084 ns, Reaching safepoint: 9125 ns, Cleanup: 166708 ns, At safepoint: 9792 ns, Total: 185625 ns
[2025-08-27T04:02:51.377+0000][121][info ][safepoint   ] Safepoint "Cleanup", Time since last: 1708307959 ns, Reaching safepoint: 85333 ns, Cleanup: 432500 ns, At safepoint: 31417 ns, Total: 549250 ns
[2025-08-27T04:02:57.384+0000][121][info ][safepoint   ] Safepoint "Cleanup", Time since last: 6006682919 ns, Reaching safepoint: 124667 ns, Cleanup: 163708 ns, At safepoint: 37292 ns, Total: 325667 ns
[2025-08-27T04:02:58.387+0000][121][info ][safepoint   ] Safepoint "Cleanup", Time since last: 1003073542 ns, Reaching safepoint: 96625 ns, Cleanup: 82958 ns, At safepoint: 16334 ns, Total: 195917 ns
[2025-08-27T04:03:00.389+0000][121][info ][safepoint   ] Safepoint "Cleanup", Time since last: 2002015751 ns, Reaching safepoint: 22416 ns, Cleanup: 24500 ns, At safepoint: 8667 ns, Total: 55583 ns
[2025-08-27T04:03:01.391+0000][121][info ][safepoint   ] Safepoint "Cleanup", Time since last: 1001241667 ns, Reaching safepoint: 75167 ns, Cleanup: 44333 ns, At safepoint: 13125 ns, Total: 132625 ns
[2025-08-27T04:03:04.395+0000][121][info ][safepoint   ] Safepoint "Cleanup", Time since last: 3004000293 ns, Reaching safepoint: 149250 ns, Cleanup: 35709 ns, At safepoint: 15541 ns, Total: 200500 ns
[2025-08-27T04:03:05.396+0000][121][info ][safepoint   ] Safepoint "Cleanup", Time since last: 1001409167 ns, Reaching safepoint: 80417 ns, Cleanup: 126958 ns, At safepoint: 15000 ns, Total: 222375 ns
[2025-08-27T04:03:10.402+0000][121][info ][safepoint   ] Safepoint "Cleanup", Time since last: 5005798669 ns, Reaching safepoint: 108250 ns, Cleanup: 39875 ns, At safepoint: 17000 ns, Total: 165125 ns
[2025-08-27T04:03:15.408+0000][121][info ][safepoint   ] Safepoint "Cleanup", Time since last: 5005190169 ns, Reaching safepoint: 61750 ns, Cleanup: 35666 ns, At safepoint: 11750 ns, Total: 109166 ns
[2025-08-27T04:03:17.035+0000][121][info ][safepoint   ] Safepoint "Cleanup", Time since last: 1627217710 ns, Reaching safepoint: 4375 ns, Cleanup: 7166 ns, At safepoint: 2000 ns, Total: 13541 ns
[2025-08-27T04:03:18.208+0000][121][info ][safepoint   ] Safepoint "Cleanup", Time since last: 1173361501 ns, Reaching safepoint: 35666 ns, Cleanup: 56500 ns, At safepoint: 11209 ns, Total: 103375 ns
[2025-08-27T04:03:19.209+0000][121][info ][safepoint   ] Safepoint "Cleanup", Time since last: 1000748417 ns, Reaching safepoint: 16208 ns, Cleanup: 30834 ns, At safepoint: 8541 ns, Total: 55583 ns
[2025-08-27T04:03:20.212+0000][121][info ][safepoint   ] Safepoint "Cleanup", Time since last: 1000940501 ns, Reaching safepoint: 1250958 ns, Cleanup: 23708 ns, At safepoint: 30334 ns, Total: 1305000 ns
[2025-08-27T04:03:21.214+0000][121][info ][safepoint   ] Safepoint "Cleanup", Time since last: 1001960625 ns, Reaching safepoint: 63209 ns, Cleanup: 60375 ns, At safepoint: 27125 ns, Total: 150709 ns
[2025-08-27T04:03:22.307+0000][121][info ][safepoint   ] Safepoint "Cleanup", Time since last: 1092832542 ns, Reaching safepoint: 70500 ns, Cleanup: 303250 ns, At safepoint: 15375 ns, Total: 389125 ns
[2025-08-27T04:03:23.309+0000][121][info ][safepoint   ] Safepoint "Cleanup", Time since last: 1001987792 ns, Reaching safepoint: 77375 ns, Cleanup: 37292 ns, At safepoint: 15208 ns, Total: 129875 ns
[2025-08-27T04:03:25.311+0000][121][info ][safepoint   ] Safepoint "Cleanup", Time since last: 2002134501 ns, Reaching safepoint: 25042 ns, Cleanup: 113250 ns, At safepoint: 11583 ns, Total: 149875 ns
[2025-08-27T04:03:27.313+0000][121][info ][safepoint   ] Safepoint "Cleanup", Time since last: 2001822751 ns, Reaching safepoint: 17333 ns, Cleanup: 36125 ns, At safepoint: 8583 ns, Total: 62041 ns
[2025-08-27T04:03:33.320+0000][121][info ][safepoint   ] Safepoint "Cleanup", Time since last: 6006388212 ns, Reaching safepoint: 158458 ns, Cleanup: 72875 ns, At safepoint: 34833 ns, Total: 266166 ns
[2025-08-27T04:03:35.323+0000][121][info ][safepoint   ] Safepoint "Cleanup", Time since last: 2003107960 ns, Reaching safepoint: 281000 ns, Cleanup: 130666 ns, At safepoint: 19625 ns, Total: 431291 ns
[2025-08-27T04:03:40.329+0000][121][info ][safepoint   ] Safepoint "Cleanup", Time since last: 5005093877 ns, Reaching safepoint: 37666 ns, Cleanup: 23000 ns, At safepoint: 13375 ns, Total: 74041 ns
[2025-08-27T04:03:44.427+0000][121][info ][safepoint   ] Safepoint "Cleanup", Time since last: 4098290752 ns, Reaching safepoint: 82584 ns, Cleanup: 37625 ns, At safepoint: 14125 ns, Total: 134334 ns
[2025-08-27T04:03:45.429+0000][121][info ][safepoint   ] Safepoint "Cleanup", Time since last: 1001464333 ns, Reaching safepoint: 93334 ns, Cleanup: 61666 ns, At safepoint: 16042 ns, Total: 171042 ns
[2025-08-27T04:03:46.430+0000][121][info ][safepoint   ] Safepoint "Cleanup", Time since last: 1001360209 ns, Reaching safepoint: 65958 ns, Cleanup: 46084 ns, At safepoint: 13958 ns, Total: 126000 ns
[2025-08-27T04:03:47.431+0000][121][info ][safepoint   ] Safepoint "Cleanup", Time since last: 1001151625 ns, Reaching safepoint: 54167 ns, Cleanup: 44083 ns, At safepoint: 10709 ns, Total: 108959 ns
[2025-08-27T04:03:50.435+0000][121][info ][safepoint   ] Safepoint "Cleanup", Time since last: 3003650585 ns, Reaching safepoint: 37583 ns, Cleanup: 43667 ns, At safepoint: 12500 ns, Total: 93750 ns
[2025-08-27T04:03:52.209+0000][121][info ][safepoint   ] Safepoint "Cleanup", Time since last: 1773893875 ns, Reaching safepoint: 5917 ns, Cleanup: 19375 ns, At safepoint: 2292 ns, Total: 27584 ns
[2025-08-27T04:03:53.576+0000][121][info ][safepoint   ] Safepoint "Cleanup", Time since last: 1366474625 ns, Reaching safepoint: 40750 ns, Cleanup: 56584 ns, At safepoint: 19000 ns, Total: 116334 ns
[2025-08-27T04:03:54.577+0000][121][info ][safepoint   ] Safepoint "Cleanup", Time since last: 1001140500 ns, Reaching safepoint: 13042 ns, Cleanup: 14750 ns, At safepoint: 5125 ns, Total: 32917 ns
[2025-08-27T04:03:55.577+0000][121][info ][safepoint   ] Safepoint "Cleanup", Time since last: 1000565334 ns, Reaching safepoint: 38333 ns, Cleanup: 34667 ns, At safepoint: 16083 ns, Total: 89083 ns
[2025-08-27T04:03:57.580+0000][121][info ][safepoint   ] Safepoint "Cleanup", Time since last: 2002556126 ns, Reaching safepoint: 63417 ns, Cleanup: 43083 ns, At safepoint: 12500 ns, Total: 119000 ns
[2025-08-27T04:03:58.620+0000][121][info ][safepoint   ] Safepoint "Cleanup", Time since last: 1040137834 ns, Reaching safepoint: 7833 ns, Cleanup: 35292 ns, At safepoint: 11416 ns, Total: 54541 ns
[2025-08-27T04:03:59.640+0000][121][info ][safepoint   ] Safepoint "Cleanup", Time since last: 1019290251 ns, Reaching safepoint: 37167 ns, Cleanup: 28666 ns, At safepoint: 12334 ns, Total: 78167 ns
[2025-08-27T04:04:00.148+0000][121][info ][gc,start    ] GC(23) Pause Young (Prepare Mixed) (G1 Evacuation Pause)
[2025-08-27T04:04:00.148+0000][121][info ][gc,task     ] GC(23) Using 8 workers of 8 for evacuation
[2025-08-27T04:04:00.148+0000][121][debug][gc,age      ] GC(23) Desired survivor size 41943040 bytes, new threshold 15 (max threshold 15)
[2025-08-27T04:04:00.185+0000][121][info ][gc,phases   ] GC(23)   Pre Evacuate Collection Set: 1.05ms
[2025-08-27T04:04:00.186+0000][121][info ][gc,phases   ] GC(23)   Merge Heap Roots: 0.33ms
[2025-08-27T04:04:00.186+0000][121][info ][gc,phases   ] GC(23)   Evacuate Collection Set: 33.74ms
[2025-08-27T04:04:00.186+0000][121][info ][gc,phases   ] GC(23)   Post Evacuate Collection Set: 1.89ms
[2025-08-27T04:04:00.186+0000][121][info ][gc,phases   ] GC(23)   Other: 0.47ms
[2025-08-27T04:04:00.186+0000][121][trace][gc,age      ] GC(23) Age table with threshold 15 (max threshold 15)
[2025-08-27T04:04:00.186+0000][121][trace][gc,age      ] GC(23) - age   1:    4059080 bytes,    4059080 total
[2025-08-27T04:04:00.186+0000][121][trace][gc,age      ] GC(23) - age   2:      20216 bytes,    4079296 total
[2025-08-27T04:04:00.186+0000][121][trace][gc,age      ] GC(23) - age   3:     105000 bytes,    4184296 total
[2025-08-27T04:04:00.186+0000][121][trace][gc,age      ] GC(23) - age   4:    1397360 bytes,    5581656 total
[2025-08-27T04:04:00.186+0000][121][trace][gc,age      ] GC(23) - age   5:    4347264 bytes,    9928920 total
[2025-08-27T04:04:00.186+0000][121][trace][gc,age      ] GC(23) - age   6:   14609696 bytes,   24538616 total
[2025-08-27T04:04:00.186+0000][121][trace][gc,age      ] GC(23) - age   7:     349896 bytes,   24888512 total
[2025-08-27T04:04:00.186+0000][121][info ][gc,heap     ] GC(23) Eden regions: 147->0(146)
[2025-08-27T04:04:00.186+0000][121][info ][gc,heap     ] GC(23) Survivor regions: 6->7(20)
[2025-08-27T04:04:00.186+0000][121][info ][gc,heap     ] GC(23) Old regions: 30->30
[2025-08-27T04:04:00.186+0000][121][info ][gc,heap     ] GC(23) Humongous regions: 2->2
[2025-08-27T04:04:00.186+0000][121][info ][gc,metaspace] GC(23) Metaspace: 154451K(160576K)->154451K(160576K) NonClass: 133419K(136960K)->133419K(136960K) Class: 21032K(23616K)->21032K(23616K)
[2025-08-27T04:04:00.186+0000][121][info ][gc          ] GC(23) Pause Young (Prepare Mixed) (G1 Evacuation Pause) 736M->151M(1024M) 38.926ms
[2025-08-27T04:04:00.187+0000][121][info ][gc,cpu      ] GC(23) User=0.27s Sys=0.00s Real=0.04s
[2025-08-27T04:04:00.187+0000][121][info ][safepoint   ] Safepoint "G1CollectForAllocation", Time since last: 507632417 ns, Reaching safepoint: 62125 ns, Cleanup: 57458 ns, At safepoint: 39173833 ns, Total: 39293416 ns
[2025-08-27T04:04:01.188+0000][121][info ][safepoint   ] Safepoint "Cleanup", Time since last: 1000882167 ns, Reaching safepoint: 26959 ns, Cleanup: 14500 ns, At safepoint: 17125 ns, Total: 58584 ns
[2025-08-27T04:04:02.189+0000][121][info ][safepoint   ] Safepoint "Cleanup", Time since last: 1001186250 ns, Reaching safepoint: 31750 ns, Cleanup: 18875 ns, At safepoint: 10125 ns, Total: 60750 ns
[2025-08-27T04:04:05.427+0000][121][info ][safepoint   ] Safepoint "Cleanup", Time since last: 3237941293 ns, Reaching safepoint: 10500 ns, Cleanup: 23459 ns, At safepoint: 4166 ns, Total: 38125 ns
[2025-08-27T04:04:06.480+0000][121][info ][safepoint   ] Safepoint "Cleanup", Time since last: 1051565126 ns, Reaching safepoint: 1135042 ns, Cleanup: 74041 ns, At safepoint: 20709 ns, Total: 1229792 ns
[2025-08-27T04:04:07.487+0000][121][info ][safepoint   ] Safepoint "Cleanup", Time since last: 1007008166 ns, Reaching safepoint: 34708 ns, Cleanup: 12792 ns, At safepoint: 7667 ns, Total: 55167 ns
[2025-08-27T04:04:14.495+0000][121][info ][safepoint   ] Safepoint "Cleanup", Time since last: 7007932878 ns, Reaching safepoint: 295042 ns, Cleanup: 33916 ns, At safepoint: 21875 ns, Total: 350833 ns
[2025-08-27T04:04:15.497+0000][121][info ][safepoint   ] Safepoint "Cleanup", Time since last: 1001845626 ns, Reaching safepoint: 48792 ns, Cleanup: 72708 ns, At safepoint: 20208 ns, Total: 141708 ns
[2025-08-27T04:04:16.499+0000][121][info ][safepoint   ] Safepoint "Cleanup", Time since last: 1001504917 ns, Reaching safepoint: 38292 ns, Cleanup: 27750 ns, At safepoint: 9042 ns, Total: 75084 ns
[2025-08-27T04:04:25.509+0000][121][info ][safepoint   ] Safepoint "Cleanup", Time since last: 9010131129 ns, Reaching safepoint: 49417 ns, Cleanup: 21583 ns, At safepoint: 10542 ns, Total: 81542 ns
[2025-08-27T04:04:34.518+0000][121][info ][safepoint   ] Safepoint "Cleanup", Time since last: 9008695004 ns, Reaching safepoint: 43292 ns, Cleanup: 37833 ns, At safepoint: 15208 ns, Total: 96333 ns
[2025-08-27T04:04:45.675+0000][121][info ][safepoint   ] Safepoint "Cleanup", Time since last: 11157268130 ns, Reaching safepoint: 30459 ns, Cleanup: 21625 ns, At safepoint: 8916 ns, Total: 61000 ns
[2025-08-27T04:04:46.677+0000][121][info ][safepoint   ] Safepoint "Cleanup", Time since last: 1001936626 ns, Reaching safepoint: 35208 ns, Cleanup: 23167 ns, At safepoint: 11166 ns, Total: 69541 ns
[2025-08-27T04:04:48.272+0000][121][info ][safepoint   ] Safepoint "Cleanup", Time since last: 1594896710 ns, Reaching safepoint: 6041 ns, Cleanup: 14417 ns, At safepoint: 1875 ns, Total: 22333 ns
[2025-08-27T04:04:49.337+0000][121][info ][safepoint   ] Safepoint "Cleanup", Time since last: 1064274209 ns, Reaching safepoint: 38166 ns, Cleanup: 34375 ns, At safepoint: 12792 ns, Total: 85333 ns
[2025-08-27T04:04:50.338+0000][121][info ][safepoint   ] Safepoint "Cleanup", Time since last: 1001300667 ns, Reaching safepoint: 15208 ns, Cleanup: 19709 ns, At safepoint: 5583 ns, Total: 40500 ns
[2025-08-27T04:04:51.719+0000][121][info ][safepoint   ] Safepoint "Cleanup", Time since last: 1381095209 ns, Reaching safepoint: 42750 ns, Cleanup: 54125 ns, At safepoint: 14250 ns, Total: 111125 ns
[2025-08-27T04:04:54.723+0000][121][info ][safepoint   ] Safepoint "Cleanup", Time since last: 3003719043 ns, Reaching safepoint: 108667 ns, Cleanup: 28917 ns, At safepoint: 13750 ns, Total: 151334 ns
[2025-08-27T04:04:55.870+0000][121][info ][safepoint   ] Safepoint "Cleanup", Time since last: 1147182417 ns, Reaching safepoint: 7500 ns, Cleanup: 54541 ns, At safepoint: 6834 ns, Total: 68875 ns
[2025-08-27T04:04:56.902+0000][121][info ][safepoint   ] Safepoint "Cleanup", Time since last: 1031725917 ns, Reaching safepoint: 20708 ns, Cleanup: 69500 ns, At safepoint: 10542 ns, Total: 100750 ns
[2025-08-27T04:04:58.908+0000][121][info ][safepoint   ] Safepoint "Cleanup", Time since last: 2005222126 ns, Reaching safepoint: 89500 ns, Cleanup: 101833 ns, At safepoint: 14125 ns, Total: 205458 ns
[2025-08-27T04:05:00.910+0000][121][info ][safepoint   ] Safepoint "Cleanup", Time since last: 2002476960 ns, Reaching safepoint: 38250 ns, Cleanup: 24916 ns, At safepoint: 10459 ns, Total: 73625 ns
[2025-08-27T04:05:10.920+0000][121][info ][safepoint   ] Safepoint "Cleanup", Time since last: 10010237170 ns, Reaching safepoint: 162500 ns, Cleanup: 47334 ns, At safepoint: 20416 ns, Total: 230250 ns
[2025-08-27T04:05:15.926+0000][121][info ][safepoint   ] Safepoint "Cleanup", Time since last: 5005809794 ns, Reaching safepoint: 404625 ns, Cleanup: 53375 ns, At safepoint: 22584 ns, Total: 480584 ns
[2025-08-27T04:05:20.931+0000][121][info ][safepoint   ] Safepoint "Cleanup", Time since last: 5005127294 ns, Reaching safepoint: 34333 ns, Cleanup: 21667 ns, At safepoint: 10666 ns, Total: 66666 ns
[2025-08-27T04:05:22.935+0000][121][info ][safepoint   ] Safepoint "Cleanup", Time since last: 2003621043 ns, Reaching safepoint: 29167 ns, Cleanup: 48041 ns, At safepoint: 9834 ns, Total: 87042 ns
[2025-08-27T04:05:27.944+0000][121][info ][safepoint   ] Safepoint "Cleanup", Time since last: 5008144877 ns, Reaching safepoint: 132000 ns, Cleanup: 116625 ns, At safepoint: 19333 ns, Total: 267958 ns
[2025-08-27T04:05:28.946+0000][121][info ][safepoint   ] Safepoint "Cleanup", Time since last: 1002338418 ns, Reaching safepoint: 141916 ns, Cleanup: 49750 ns, At safepoint: 20542 ns, Total: 212208 ns
[2025-08-27T04:05:30.949+0000][121][info ][safepoint   ] Safepoint "Cleanup", Time since last: 2002494584 ns, Reaching safepoint: 66500 ns, Cleanup: 42500 ns, At safepoint: 9917 ns, Total: 118917 ns
[2025-08-27T04:05:32.952+0000][121][info ][safepoint   ] Safepoint "Cleanup", Time since last: 2003500751 ns, Reaching safepoint: 45250 ns, Cleanup: 32750 ns, At safepoint: 15042 ns, Total: 93042 ns
[2025-08-27T04:05:34.955+0000][121][info ][safepoint   ] Safepoint "Cleanup", Time since last: 2002355917 ns, Reaching safepoint: 62750 ns, Cleanup: 52208 ns, At safepoint: 22500 ns, Total: 137458 ns
[2025-08-27T04:05:37.959+0000][121][info ][safepoint   ] Safepoint "Cleanup", Time since last: 3004036168 ns, Reaching safepoint: 159584 ns, Cleanup: 79416 ns, At safepoint: 102667 ns, Total: 341667 ns
[2025-08-27T04:05:40.963+0000][121][info ][safepoint   ] Safepoint "Cleanup", Time since last: 3003215376 ns, Reaching safepoint: 67125 ns, Cleanup: 64834 ns, At safepoint: 15916 ns, Total: 147875 ns
[2025-08-27T04:05:45.878+0000][121][info ][safepoint   ] Safepoint "Cleanup", Time since last: 4915244503 ns, Reaching safepoint: 157583 ns, Cleanup: 45625 ns, At safepoint: 21500 ns, Total: 224708 ns
[2025-08-27T04:05:51.888+0000][121][info ][safepoint   ] Safepoint "Cleanup", Time since last: 6009248961 ns, Reaching safepoint: 70209 ns, Cleanup: 54958 ns, At safepoint: 25042 ns, Total: 150209 ns
[2025-08-27T04:05:52.890+0000][121][info ][safepoint   ] Safepoint "Cleanup", Time since last: 1001687750 ns, Reaching safepoint: 109417 ns, Cleanup: 68083 ns, At safepoint: 15000 ns, Total: 192500 ns
[2025-08-27T04:05:54.893+0000][121][info ][safepoint   ] Safepoint "Cleanup", Time since last: 2003118001 ns, Reaching safepoint: 83625 ns, Cleanup: 55750 ns, At safepoint: 23125 ns, Total: 162500 ns
[2025-08-27T04:05:55.747+0000][121][info ][safepoint   ] Safepoint "ICBufferFull", Time since last: 854011584 ns, Reaching safepoint: 8125 ns, Cleanup: 118500 ns, At safepoint: 5916 ns, Total: 132541 ns
[2025-08-27T04:05:56.048+0000][121][info ][safepoint   ] Safepoint "ICBufferFull", Time since last: 301356751 ns, Reaching safepoint: 8583 ns, Cleanup: 84500 ns, At safepoint: 4917 ns, Total: 98000 ns
[2025-08-27T04:05:57.763+0000][121][info ][safepoint   ] Safepoint "Cleanup", Time since last: 1714654000 ns, Reaching safepoint: 66584 ns, Cleanup: 175000 ns, At safepoint: 64333 ns, Total: 305917 ns
[2025-08-27T04:05:59.095+0000][121][info ][safepoint   ] Safepoint "Cleanup", Time since last: 1331086709 ns, Reaching safepoint: 20292 ns, Cleanup: 80916 ns, At safepoint: 12667 ns, Total: 113875 ns
[2025-08-27T04:06:00.134+0000][121][info ][safepoint   ] Safepoint "Cleanup", Time since last: 1038679792 ns, Reaching safepoint: 21167 ns, Cleanup: 111625 ns, At safepoint: 399625 ns, Total: 532417 ns
[2025-08-27T04:06:01.138+0000][121][info ][safepoint   ] Safepoint "Cleanup", Time since last: 1003843417 ns, Reaching safepoint: 184000 ns, Cleanup: 149708 ns, At safepoint: 42417 ns, Total: 376125 ns
[2025-08-27T04:06:11.149+0000][121][info ][safepoint   ] Safepoint "Cleanup", Time since last: 10011105379 ns, Reaching safepoint: 162959 ns, Cleanup: 33250 ns, At safepoint: 16083 ns, Total: 212292 ns
[2025-08-27T04:06:12.151+0000][121][info ][safepoint   ] Safepoint "Cleanup", Time since last: 1001118209 ns, Reaching safepoint: 68542 ns, Cleanup: 18625 ns, At safepoint: 18875 ns, Total: 106042 ns
[2025-08-27T04:06:18.157+0000][121][info ][safepoint   ] Safepoint "Cleanup", Time since last: 6006057419 ns, Reaching safepoint: 49958 ns, Cleanup: 36417 ns, At safepoint: 13250 ns, Total: 99625 ns
[2025-08-27T04:06:19.937+0000][121][info ][safepoint   ] Safepoint "Cleanup", Time since last: 1779616876 ns, Reaching safepoint: 112625 ns, Cleanup: 117333 ns, At safepoint: 20334 ns, Total: 250292 ns
[2025-08-27T04:06:20.940+0000][121][info ][safepoint   ] Safepoint "Cleanup", Time since last: 1002210375 ns, Reaching safepoint: 750958 ns, Cleanup: 55792 ns, At safepoint: 13167 ns, Total: 819917 ns
[2025-08-27T04:06:22.946+0000][121][info ][safepoint   ] Safepoint "Cleanup", Time since last: 2006402167 ns, Reaching safepoint: 61125 ns, Cleanup: 29542 ns, At safepoint: 21625 ns, Total: 112292 ns
[2025-08-27T04:06:25.949+0000][121][info ][safepoint   ] Safepoint "Cleanup", Time since last: 3002593460 ns, Reaching safepoint: 51541 ns, Cleanup: 68792 ns, At safepoint: 25667 ns, Total: 146000 ns
[2025-08-27T04:06:34.959+0000][121][info ][safepoint   ] Safepoint "Cleanup", Time since last: 9010487129 ns, Reaching safepoint: 47792 ns, Cleanup: 26375 ns, At safepoint: 9000 ns, Total: 83167 ns
[2025-08-27T04:06:35.961+0000][121][info ][safepoint   ] Safepoint "Cleanup", Time since last: 1001163625 ns, Reaching safepoint: 94042 ns, Cleanup: 91542 ns, At safepoint: 25833 ns, Total: 211417 ns
[2025-08-27T04:06:50.922+0000][121][info ][safepoint   ] Safepoint "Cleanup", Time since last: 14958340298 ns, Reaching safepoint: 2551833 ns, Cleanup: 41084 ns, At safepoint: 172583 ns, Total: 2765500 ns
[2025-08-27T04:06:52.110+0000][121][info ][safepoint   ] Safepoint "Cleanup", Time since last: 1187487042 ns, Reaching safepoint: 30709 ns, Cleanup: 26416 ns, At safepoint: 13167 ns, Total: 70292 ns
[2025-08-27T04:06:53.111+0000][121][info ][safepoint   ] Safepoint "Cleanup", Time since last: 1001375292 ns, Reaching safepoint: 78417 ns, Cleanup: 39875 ns, At safepoint: 18166 ns, Total: 136458 ns
[2025-08-27T04:06:56.115+0000][121][info ][safepoint   ] Safepoint "Cleanup", Time since last: 3003526294 ns, Reaching safepoint: 52750 ns, Cleanup: 101625 ns, At safepoint: 28083 ns, Total: 182458 ns
[2025-08-27T04:06:57.227+0000][121][info ][safepoint   ] Safepoint "Cleanup", Time since last: 1111832917 ns, Reaching safepoint: 22333 ns, Cleanup: 42959 ns, At safepoint: 15375 ns, Total: 80667 ns
[2025-08-27T04:06:58.234+0000][121][info ][safepoint   ] Safepoint "Cleanup", Time since last: 1006328375 ns, Reaching safepoint: 558042 ns, Cleanup: 25250 ns, At safepoint: 24792 ns, Total: 608084 ns
[2025-08-27T04:06:59.235+0000][121][info ][safepoint   ] Safepoint "Cleanup", Time since last: 1000973708 ns, Reaching safepoint: 97250 ns, Cleanup: 69042 ns, At safepoint: 28042 ns, Total: 194334 ns
[2025-08-27T04:07:00.236+0000][121][info ][safepoint   ] Safepoint "Cleanup", Time since last: 1001040584 ns, Reaching safepoint: 69375 ns, Cleanup: 36500 ns, At safepoint: 19541 ns, Total: 125416 ns
[2025-08-27T04:07:01.265+0000][121][info ][safepoint   ] Safepoint "Cleanup", Time since last: 1028907251 ns, Reaching safepoint: 3958 ns, Cleanup: 16125 ns, At safepoint: 6917 ns, Total: 27000 ns
[2025-08-27T04:07:02.287+0000][121][info ][safepoint   ] Safepoint "Cleanup", Time since last: 1021984292 ns, Reaching safepoint: 20792 ns, Cleanup: 31166 ns, At safepoint: 9209 ns, Total: 61167 ns
[2025-08-27T04:07:03.327+0000][121][info ][safepoint   ] Safepoint "Cleanup", Time since last: 1039737875 ns, Reaching safepoint: 17875 ns, Cleanup: 124750 ns, At safepoint: 18625 ns, Total: 161250 ns
[2025-08-27T04:07:10.338+0000][121][info ][safepoint   ] Safepoint "Cleanup", Time since last: 7010843003 ns, Reaching safepoint: 59875 ns, Cleanup: 69250 ns, At safepoint: 21292 ns, Total: 150417 ns
[2025-08-27T04:07:17.396+0000][121][info ][safepoint   ] Safepoint "Cleanup", Time since last: 7057557753 ns, Reaching safepoint: 11917 ns, Cleanup: 17250 ns, At safepoint: 13291 ns, Total: 42458 ns
[2025-08-27T04:07:18.450+0000][121][info ][safepoint   ] Safepoint "Cleanup", Time since last: 1054760418 ns, Reaching safepoint: 63625 ns, Cleanup: 41750 ns, At safepoint: 12708 ns, Total: 118083 ns
[2025-08-27T04:07:20.336+0000][121][info ][safepoint   ] Safepoint "Cleanup", Time since last: 1885504001 ns, Reaching safepoint: 3875 ns, Cleanup: 7333 ns, At safepoint: 2750 ns, Total: 13958 ns
[2025-08-27T04:07:21.484+0000][121][info ][safepoint   ] Safepoint "Cleanup", Time since last: 1147498209 ns, Reaching safepoint: 85542 ns, Cleanup: 104125 ns, At safepoint: 78083 ns, Total: 267750 ns
[2025-08-27T04:07:22.555+0000][121][info ][safepoint   ] Safepoint "Cleanup", Time since last: 1071365709 ns, Reaching safepoint: 63250 ns, Cleanup: 66500 ns, At safepoint: 17000 ns, Total: 146750 ns
[2025-08-27T04:07:23.557+0000][121][info ][safepoint   ] Safepoint "Cleanup", Time since last: 1001536459 ns, Reaching safepoint: 93041 ns, Cleanup: 84500 ns, At safepoint: 22709 ns, Total: 200250 ns
[2025-08-27T04:07:24.558+0000][121][info ][safepoint   ] Safepoint "Cleanup", Time since last: 1000958667 ns, Reaching safepoint: 13458 ns, Cleanup: 11625 ns, At safepoint: 6167 ns, Total: 31250 ns
[2025-08-27T04:07:27.659+0000][121][info ][safepoint   ] Safepoint "Cleanup", Time since last: 3099701876 ns, Reaching safepoint: 1151375 ns, Cleanup: 48167 ns, At safepoint: 29208 ns, Total: 1228750 ns
[2025-08-27T04:07:31.663+0000][121][info ][safepoint   ] Safepoint "Cleanup", Time since last: 4003761461 ns, Reaching safepoint: 66125 ns, Cleanup: 248666 ns, At safepoint: 37459 ns, Total: 352250 ns
[2025-08-27T04:07:38.783+0000][121][info ][safepoint   ] Safepoint "Cleanup", Time since last: 7119967003 ns, Reaching safepoint: 4750 ns, Cleanup: 25166 ns, At safepoint: 6584 ns, Total: 36500 ns
[2025-08-27T04:07:39.785+0000][121][info ][safepoint   ] Safepoint "Cleanup", Time since last: 1002313000 ns, Reaching safepoint: 20875 ns, Cleanup: 25042 ns, At safepoint: 4291 ns, Total: 50208 ns
[2025-08-27T04:07:40.792+0000][121][info ][safepoint   ] Safepoint "Cleanup", Time since last: 1006831334 ns, Reaching safepoint: 92834 ns, Cleanup: 57666 ns, At safepoint: 15834 ns, Total: 166334 ns
[2025-08-27T04:07:41.866+0000][121][info ][safepoint   ] Safepoint "Cleanup", Time since last: 1073444875 ns, Reaching safepoint: 42083 ns, Cleanup: 65334 ns, At safepoint: 10416 ns, Total: 117833 ns
[2025-08-27T04:07:46.136+0000][121][info ][safepoint   ] Safepoint "Cleanup", Time since last: 4269895336 ns, Reaching safepoint: 246708 ns, Cleanup: 105042 ns, At safepoint: 20875 ns, Total: 372625 ns
[2025-08-27T04:07:50.972+0000][121][info ][safepoint   ] Safepoint "Cleanup", Time since last: 4835436377 ns, Reaching safepoint: 3417 ns, Cleanup: 16083 ns, At safepoint: 5250 ns, Total: 24750 ns
[2025-08-27T04:07:52.974+0000][121][info ][safepoint   ] Safepoint "Cleanup", Time since last: 2002339459 ns, Reaching safepoint: 136000 ns, Cleanup: 75917 ns, At safepoint: 26958 ns, Total: 238875 ns
[2025-08-27T04:07:55.978+0000][121][info ][safepoint   ] Safepoint "Cleanup", Time since last: 3003502002 ns, Reaching safepoint: 60458 ns, Cleanup: 54875 ns, At safepoint: 14500 ns, Total: 129833 ns
[2025-08-27T04:07:57.059+0000][121][info ][safepoint   ] Safepoint "Cleanup", Time since last: 1080661459 ns, Reaching safepoint: 113875 ns, Cleanup: 69833 ns, At safepoint: 16459 ns, Total: 200167 ns
[2025-08-27T04:08:03.572+0000][121][info ][safepoint   ] Safepoint "Cleanup", Time since last: 6513182003 ns, Reaching safepoint: 31583 ns, Cleanup: 30958 ns, At safepoint: 9209 ns, Total: 71750 ns
[2025-08-27T04:08:04.284+0000][121][info ][safepoint   ] Safepoint "ICBufferFull", Time since last: 712409750 ns, Reaching safepoint: 6792 ns, Cleanup: 113833 ns, At safepoint: 3542 ns, Total: 124167 ns
[2025-08-27T04:08:05.177+0000][121][info ][gc,start    ] GC(24) Pause Young (Mixed) (G1 Evacuation Pause)
[2025-08-27T04:08:05.177+0000][121][info ][gc,task     ] GC(24) Using 8 workers of 8 for evacuation
[2025-08-27T04:08:05.178+0000][121][debug][gc,age      ] GC(24) Desired survivor size 41943040 bytes, new threshold 15 (max threshold 15)
[2025-08-27T04:08:05.202+0000][121][info ][gc,phases   ] GC(24)   Pre Evacuate Collection Set: 0.81ms
[2025-08-27T04:08:05.202+0000][121][info ][gc,phases   ] GC(24)   Merge Heap Roots: 0.25ms
[2025-08-27T04:08:05.202+0000][121][info ][gc,phases   ] GC(24)   Evacuate Collection Set: 21.43ms
[2025-08-27T04:08:05.202+0000][121][info ][gc,phases   ] GC(24)   Post Evacuate Collection Set: 1.62ms
[2025-08-27T04:08:05.202+0000][121][info ][gc,phases   ] GC(24)   Other: 0.35ms
[2025-08-27T04:08:05.202+0000][121][trace][gc,age      ] GC(24) Age table with threshold 15 (max threshold 15)
[2025-08-27T04:08:05.202+0000][121][trace][gc,age      ] GC(24) - age   1:    2757720 bytes,    2757720 total
[2025-08-27T04:08:05.202+0000][121][trace][gc,age      ] GC(24) - age   2:    2005248 bytes,    4762968 total
[2025-08-27T04:08:05.202+0000][121][trace][gc,age      ] GC(24) - age   3:      19272 bytes,    4782240 total
[2025-08-27T04:08:05.202+0000][121][trace][gc,age      ] GC(24) - age   4:     104704 bytes,    4886944 total
[2025-08-27T04:08:05.202+0000][121][trace][gc,age      ] GC(24) - age   5:    1337824 bytes,    6224768 total
[2025-08-27T04:08:05.202+0000][121][trace][gc,age      ] GC(24) - age   6:    4346784 bytes,   10571552 total
[2025-08-27T04:08:05.202+0000][121][trace][gc,age      ] GC(24) - age   7:   14592448 bytes,   25164000 total
[2025-08-27T04:08:05.202+0000][121][trace][gc,age      ] GC(24) - age   8:     349896 bytes,   25513896 total
[2025-08-27T04:08:05.202+0000][121][info ][gc,heap     ] GC(24) Eden regions: 146->0(146)
[2025-08-27T04:08:05.203+0000][121][info ][gc,heap     ] GC(24) Survivor regions: 7->7(20)
[2025-08-27T04:08:05.203+0000][121][info ][gc,heap     ] GC(24) Old regions: 30->29
[2025-08-27T04:08:05.203+0000][121][info ][gc,heap     ] GC(24) Humongous regions: 2->2
[2025-08-27T04:08:05.203+0000][121][info ][gc,metaspace] GC(24) Metaspace: 155216K(160704K)->155216K(160704K) NonClass: 134137K(137088K)->134137K(137088K) Class: 21079K(23616K)->21079K(23616K)
[2025-08-27T04:08:05.203+0000][121][info ][gc          ] GC(24) Pause Young (Mixed) (G1 Evacuation Pause) 735M->149M(1024M) 25.479ms
[2025-08-27T04:08:05.203+0000][121][info ][gc,cpu      ] GC(24) User=0.15s Sys=0.01s Real=0.02s
[2025-08-27T04:08:05.203+0000][121][info ][safepoint   ] Safepoint "G1CollectForAllocation", Time since last: 892597000 ns, Reaching safepoint: 14209 ns, Cleanup: 57583 ns, At safepoint: 25668833 ns, Total: 25740625 ns
[2025-08-27T04:08:06.588+0000][121][info ][safepoint   ] Safepoint "Cleanup", Time since last: 1385034751 ns, Reaching safepoint: 327667 ns, Cleanup: 74750 ns, At safepoint: 35041 ns, Total: 437458 ns
[2025-08-27T04:08:16.207+0000][121][info ][safepoint   ] Safepoint "Cleanup", Time since last: 9619140838 ns, Reaching safepoint: 4500 ns, Cleanup: 8125 ns, At safepoint: 1833 ns, Total: 14458 ns
[2025-08-27T04:08:17.249+0000][121][info ][safepoint   ] Safepoint "Cleanup", Time since last: 1041293084 ns, Reaching safepoint: 84291 ns, Cleanup: 101792 ns, At safepoint: 27833 ns, Total: 213916 ns
[2025-08-27T04:08:21.281+0000][121][info ][safepoint   ] Safepoint "Cleanup", Time since last: 4032848419 ns, Reaching safepoint: 20708 ns, Cleanup: 29584 ns, At safepoint: 28000 ns, Total: 78292 ns
[2025-08-27T04:08:22.283+0000][121][info ][safepoint   ] Safepoint "Cleanup", Time since last: 1000959500 ns, Reaching safepoint: 21333 ns, Cleanup: 29834 ns, At safepoint: 11208 ns, Total: 62375 ns
[2025-08-27T04:08:23.005+0000][121][info ][safepoint   ] Safepoint "ICBufferFull", Time since last: 722081000 ns, Reaching safepoint: 10209 ns, Cleanup: 212791 ns, At safepoint: 21250 ns, Total: 244250 ns
[2025-08-27T04:08:23.006+0000][121][info ][safepoint   ] Safepoint "ICBufferFull", Time since last: 685417 ns, Reaching safepoint: 7750 ns, Cleanup: 6708 ns, At safepoint: 14917 ns, Total: 29375 ns
[2025-08-27T04:08:23.383+0000][121][info ][safepoint   ] Safepoint "ICBufferFull", Time since last: 376917584 ns, Reaching safepoint: 11333 ns, Cleanup: 95417 ns, At safepoint: 10791 ns, Total: 117541 ns
[2025-08-27T04:08:24.384+0000][121][info ][safepoint   ] Safepoint "Cleanup", Time since last: 1001245834 ns, Reaching safepoint: 39000 ns, Cleanup: 100667 ns, At safepoint: 11583 ns, Total: 151250 ns
[2025-08-27T04:08:25.386+0000][121][info ][safepoint   ] Safepoint "Cleanup", Time since last: 1002321042 ns, Reaching safepoint: 3125 ns, Cleanup: 26459 ns, At safepoint: 1708 ns, Total: 31292 ns
[2025-08-27T04:08:27.386+0000][121][info ][safepoint   ] Safepoint "Cleanup", Time since last: 1999004376 ns, Reaching safepoint: 38708 ns, Cleanup: 139000 ns, At safepoint: 18375 ns, Total: 196083 ns
[2025-08-27T04:08:28.387+0000][121][info ][safepoint   ] Safepoint "Cleanup", Time since last: 1000970334 ns, Reaching safepoint: 15792 ns, Cleanup: 17458 ns, At safepoint: 4333 ns, Total: 37583 ns
[2025-08-27T04:08:29.772+0000][121][info ][safepoint   ] Safepoint "Cleanup", Time since last: 1384988501 ns, Reaching safepoint: 113125 ns, Cleanup: 65417 ns, At safepoint: 34041 ns, Total: 212583 ns
[2025-08-27T04:08:31.448+0000][121][info ][safepoint   ] Safepoint "Cleanup", Time since last: 1676488709 ns, Reaching safepoint: 41584 ns, Cleanup: 28666 ns, At safepoint: 9542 ns, Total: 79792 ns
[2025-08-27T04:08:37.510+0000][121][info ][safepoint   ] Safepoint "Cleanup", Time since last: 6060980836 ns, Reaching safepoint: 74083 ns, Cleanup: 65792 ns, At safepoint: 55583 ns, Total: 195458 ns
[2025-08-27T04:08:38.610+0000][121][info ][safepoint   ] Safepoint "Cleanup", Time since last: 1099563792 ns, Reaching safepoint: 42459 ns, Cleanup: 30916 ns, At safepoint: 26834 ns, Total: 100209 ns
[2025-08-27T04:08:40.613+0000][121][info ][safepoint   ] Safepoint "Cleanup", Time since last: 2002280876 ns, Reaching safepoint: 85166 ns, Cleanup: 139250 ns, At safepoint: 16667 ns, Total: 241083 ns
[2025-08-27T04:08:41.859+0000][121][info ][safepoint   ] Safepoint "Cleanup", Time since last: 1246284709 ns, Reaching safepoint: 10750 ns, Cleanup: 60708 ns, At safepoint: 13958 ns, Total: 85416 ns
[2025-08-27T04:08:43.865+0000][121][info ][safepoint   ] Safepoint "Cleanup", Time since last: 2006178251 ns, Reaching safepoint: 94667 ns, Cleanup: 58250 ns, At safepoint: 25708 ns, Total: 178625 ns
[2025-08-27T04:08:44.887+0000][121][info ][safepoint   ] Safepoint "Cleanup", Time since last: 1021113084 ns, Reaching safepoint: 19917 ns, Cleanup: 30792 ns, At safepoint: 12208 ns, Total: 62917 ns
[2025-08-27T04:08:45.981+0000][121][info ][safepoint   ] Safepoint "Cleanup", Time since last: 1094186000 ns, Reaching safepoint: 18417 ns, Cleanup: 43875 ns, At safepoint: 9125 ns, Total: 71417 ns
[2025-08-27T04:08:47.069+0000][121][info ][safepoint   ] Safepoint "Cleanup", Time since last: 1087654917 ns, Reaching safepoint: 18042 ns, Cleanup: 121792 ns, At safepoint: 11458 ns, Total: 151292 ns
[2025-08-27T04:08:52.078+0000][121][info ][safepoint   ] Safepoint "Cleanup", Time since last: 5008983086 ns, Reaching safepoint: 110041 ns, Cleanup: 116334 ns, At safepoint: 21083 ns, Total: 247458 ns
[2025-08-27T04:08:53.081+0000][121][info ][safepoint   ] Safepoint "Cleanup", Time since last: 1002984584 ns, Reaching safepoint: 108791 ns, Cleanup: 49792 ns, At safepoint: 11417 ns, Total: 170000 ns
[2025-08-27T04:08:56.084+0000][121][info ][safepoint   ] Safepoint "Cleanup", Time since last: 3003223543 ns, Reaching safepoint: 83292 ns, Cleanup: 87333 ns, At safepoint: 24167 ns, Total: 194792 ns
[2025-08-27T04:08:57.877+0000][121][info ][safepoint   ] Safepoint "Cleanup", Time since last: 1792526417 ns, Reaching safepoint: 68875 ns, Cleanup: 62333 ns, At safepoint: 18500 ns, Total: 149708 ns
[2025-08-27T04:08:59.739+0000][121][info ][safepoint   ] Safepoint "Cleanup", Time since last: 1862102501 ns, Reaching safepoint: 68625 ns, Cleanup: 107584 ns, At safepoint: 21666 ns, Total: 197875 ns
[2025-08-27T04:09:00.794+0000][121][info ][safepoint   ] Safepoint "Cleanup", Time since last: 1054308376 ns, Reaching safepoint: 545041 ns, Cleanup: 88209 ns, At safepoint: 41708 ns, Total: 674958 ns
[2025-08-27T04:09:05.220+0000][121][info ][safepoint   ] Safepoint "Cleanup", Time since last: 4425791419 ns, Reaching safepoint: 23083 ns, Cleanup: 21334 ns, At safepoint: 10333 ns, Total: 54750 ns
[2025-08-27T04:09:07.288+0000][121][info ][safepoint   ] Safepoint "Cleanup", Time since last: 2068345292 ns, Reaching safepoint: 28208 ns, Cleanup: 13583 ns, At safepoint: 23417 ns, Total: 65208 ns
[2025-08-27T04:09:08.859+0000][121][info ][safepoint   ] Safepoint "Cleanup", Time since last: 1570598876 ns, Reaching safepoint: 16458 ns, Cleanup: 77167 ns, At safepoint: 14500 ns, Total: 108125 ns
[2025-08-27T04:09:10.864+0000][121][info ][safepoint   ] Safepoint "Cleanup", Time since last: 2005026542 ns, Reaching safepoint: 77875 ns, Cleanup: 43334 ns, At safepoint: 23083 ns, Total: 144292 ns
[2025-08-27T04:09:16.870+0000][121][info ][safepoint   ] Safepoint "Cleanup", Time since last: 6005721711 ns, Reaching safepoint: 135292 ns, Cleanup: 50041 ns, At safepoint: 19459 ns, Total: 204792 ns
[2025-08-27T04:09:21.199+0000][121][info ][safepoint   ] Safepoint "Cleanup", Time since last: 4328406377 ns, Reaching safepoint: 6583 ns, Cleanup: 8875 ns, At safepoint: 27375 ns, Total: 42833 ns
[2025-08-27T04:09:22.341+0000][121][info ][safepoint   ] Safepoint "Cleanup", Time since last: 1142199084 ns, Reaching safepoint: 37917 ns, Cleanup: 45125 ns, At safepoint: 16666 ns, Total: 99708 ns
[2025-08-27T04:09:24.269+0000][121][info ][safepoint   ] Safepoint "Cleanup", Time since last: 1927628751 ns, Reaching safepoint: 114250 ns, Cleanup: 299084 ns, At safepoint: 41291 ns, Total: 454625 ns
[2025-08-27T04:09:25.271+0000][121][info ][safepoint   ] Safepoint "Cleanup", Time since last: 1001893251 ns, Reaching safepoint: 12208 ns, Cleanup: 12625 ns, At safepoint: 10167 ns, Total: 35000 ns
[2025-08-27T04:09:26.408+0000][121][info ][safepoint   ] Safepoint "Cleanup", Time since last: 1136478000 ns, Reaching safepoint: 91167 ns, Cleanup: 88875 ns, At safepoint: 30958 ns, Total: 211000 ns
[2025-08-27T04:09:27.410+0000][121][info ][safepoint   ] Safepoint "Cleanup", Time since last: 1001817126 ns, Reaching safepoint: 93667 ns, Cleanup: 104791 ns, At safepoint: 14250 ns, Total: 212708 ns
[2025-08-27T04:09:29.216+0000][121][info ][safepoint   ] Safepoint "Cleanup", Time since last: 1806364459 ns, Reaching safepoint: 44667 ns, Cleanup: 49917 ns, At safepoint: 12458 ns, Total: 107042 ns
[2025-08-27T04:09:30.217+0000][121][info ][safepoint   ] Safepoint "Cleanup", Time since last: 1001275001 ns, Reaching safepoint: 22000 ns, Cleanup: 35291 ns, At safepoint: 14125 ns, Total: 71416 ns
[2025-08-27T04:09:31.479+0000][121][info ][safepoint   ] Safepoint "Cleanup", Time since last: 1261173834 ns, Reaching safepoint: 93417 ns, Cleanup: 177916 ns, At safepoint: 14459 ns, Total: 285792 ns
[2025-08-27T04:09:32.480+0000][121][info ][safepoint   ] Safepoint "Cleanup", Time since last: 1001446417 ns, Reaching safepoint: 32000 ns, Cleanup: 31625 ns, At safepoint: 11875 ns, Total: 75500 ns
[2025-08-27T04:09:35.483+0000][121][info ][safepoint   ] Safepoint "Cleanup", Time since last: 3002991126 ns, Reaching safepoint: 46709 ns, Cleanup: 62958 ns, At safepoint: 17125 ns, Total: 126792 ns
[2025-08-27T04:09:36.592+0000][121][info ][safepoint   ] Safepoint "Cleanup", Time since last: 1108493709 ns, Reaching safepoint: 34083 ns, Cleanup: 75959 ns, At safepoint: 28833 ns, Total: 138875 ns
[2025-08-27T04:09:37.599+0000][121][info ][safepoint   ] Safepoint "Cleanup", Time since last: 1006863500 ns, Reaching safepoint: 73333 ns, Cleanup: 55292 ns, At safepoint: 16542 ns, Total: 145167 ns
[2025-08-27T04:09:41.033+0000][121][info ][safepoint   ] Safepoint "Cleanup", Time since last: 3433493293 ns, Reaching safepoint: 93125 ns, Cleanup: 38750 ns, At safepoint: 92875 ns, Total: 224750 ns
[2025-08-27T04:09:44.038+0000][121][info ][safepoint   ] Safepoint "Cleanup", Time since last: 3005401793 ns, Reaching safepoint: 156625 ns, Cleanup: 53917 ns, At safepoint: 21541 ns, Total: 232083 ns
[2025-08-27T04:09:46.395+0000][121][info ][safepoint   ] Safepoint "Cleanup", Time since last: 2355659668 ns, Reaching safepoint: 662667 ns, Cleanup: 46125 ns, At safepoint: 15625 ns, Total: 724417 ns
[2025-08-27T04:09:47.403+0000][121][info ][safepoint   ] Safepoint "Cleanup", Time since last: 1008264459 ns, Reaching safepoint: 77000 ns, Cleanup: 186208 ns, At safepoint: 27000 ns, Total: 290208 ns
[2025-08-27T04:09:49.407+0000][121][info ][safepoint   ] Safepoint "Cleanup", Time since last: 2003833251 ns, Reaching safepoint: 12083 ns, Cleanup: 9875 ns, At safepoint: 5417 ns, Total: 27375 ns
[2025-08-27T04:09:50.408+0000][121][info ][safepoint   ] Safepoint "Cleanup", Time since last: 1000574251 ns, Reaching safepoint: 14666 ns, Cleanup: 39500 ns, At safepoint: 6792 ns, Total: 60958 ns
[2025-08-27T04:09:50.706+0000][121][info ][safepoint   ] Safepoint "ICBufferFull", Time since last: 298117708 ns, Reaching safepoint: 9167 ns, Cleanup: 44667 ns, At safepoint: 4458 ns, Total: 58292 ns
[2025-08-27T04:09:51.708+0000][121][info ][safepoint   ] Safepoint "Cleanup", Time since last: 1001430834 ns, Reaching safepoint: 110583 ns, Cleanup: 176208 ns, At safepoint: 21417 ns, Total: 308208 ns
[2025-08-27T04:09:53.090+0000][121][info ][safepoint   ] Safepoint "Cleanup", Time since last: 1381712126 ns, Reaching safepoint: 53333 ns, Cleanup: 57167 ns, At safepoint: 23416 ns, Total: 133916 ns
[2025-08-27T04:09:55.093+0000][121][info ][safepoint   ] Safepoint "Cleanup", Time since last: 2003312293 ns, Reaching safepoint: 60667 ns, Cleanup: 45208 ns, At safepoint: 17375 ns, Total: 123250 ns
[2025-08-27T04:09:56.094+0000][121][info ][safepoint   ] Safepoint "Cleanup", Time since last: 1000908126 ns, Reaching safepoint: 33833 ns, Cleanup: 29375 ns, At safepoint: 9542 ns, Total: 72750 ns
[2025-08-27T04:10:01.099+0000][121][info ][safepoint   ] Safepoint "Cleanup", Time since last: 5004363710 ns, Reaching safepoint: 188375 ns, Cleanup: 74042 ns, At safepoint: 16000 ns, Total: 278417 ns
[2025-08-27T04:10:05.103+0000][121][info ][safepoint   ] Safepoint "Cleanup", Time since last: 4004353210 ns, Reaching safepoint: 84459 ns, Cleanup: 45083 ns, At safepoint: 20250 ns, Total: 149792 ns
[2025-08-27T04:10:10.309+0000][121][info ][safepoint   ] Safepoint "Cleanup", Time since last: 5205139835 ns, Reaching safepoint: 5500 ns, Cleanup: 27041 ns, At safepoint: 5709 ns, Total: 38250 ns
[2025-08-27T04:10:12.062+0000][121][info ][safepoint   ] Safepoint "Cleanup", Time since last: 1753236959 ns, Reaching safepoint: 8917 ns, Cleanup: 53541 ns, At safepoint: 14084 ns, Total: 76542 ns
[2025-08-27T04:10:14.066+0000][121][info ][safepoint   ] Safepoint "Cleanup", Time since last: 2003321459 ns, Reaching safepoint: 175750 ns, Cleanup: 84500 ns, At safepoint: 21125 ns, Total: 281375 ns
[2025-08-27T04:10:16.068+0000][121][info ][safepoint   ] Safepoint "Cleanup", Time since last: 2002614834 ns, Reaching safepoint: 238917 ns, Cleanup: 55375 ns, At safepoint: 29833 ns, Total: 324125 ns
[2025-08-27T04:10:17.071+0000][121][info ][safepoint   ] Safepoint "Cleanup", Time since last: 1001804834 ns, Reaching safepoint: 64417 ns, Cleanup: 193625 ns, At safepoint: 14916 ns, Total: 272958 ns
[2025-08-27T04:10:20.073+0000][121][info ][safepoint   ] Safepoint "Cleanup", Time since last: 3002512918 ns, Reaching safepoint: 29292 ns, Cleanup: 22042 ns, At safepoint: 8416 ns, Total: 59750 ns
[2025-08-27T04:10:21.860+0000][121][info ][safepoint   ] Safepoint "Cleanup", Time since last: 1787097376 ns, Reaching safepoint: 60542 ns, Cleanup: 63958 ns, At safepoint: 15584 ns, Total: 140084 ns
[2025-08-27T04:10:23.229+0000][121][info ][safepoint   ] Safepoint "Cleanup", Time since last: 1368755584 ns, Reaching safepoint: 86208 ns, Cleanup: 66833 ns, At safepoint: 17000 ns, Total: 170041 ns
[2025-08-27T04:10:27.233+0000][121][info ][safepoint   ] Safepoint "Cleanup", Time since last: 4003805585 ns, Reaching safepoint: 63459 ns, Cleanup: 48541 ns, At safepoint: 17792 ns, Total: 129792 ns
[2025-08-27T04:10:30.240+0000][121][info ][safepoint   ] Safepoint "Cleanup", Time since last: 3007083835 ns, Reaching safepoint: 54958 ns, Cleanup: 22542 ns, At safepoint: 17167 ns, Total: 94667 ns
[2025-08-27T04:10:32.244+0000][121][info ][safepoint   ] Safepoint "Cleanup", Time since last: 2003627084 ns, Reaching safepoint: 67083 ns, Cleanup: 26542 ns, At safepoint: 13708 ns, Total: 107333 ns
[2025-08-27T04:10:35.247+0000][121][info ][safepoint   ] Safepoint "Cleanup", Time since last: 3002902835 ns, Reaching safepoint: 58833 ns, Cleanup: 55459 ns, At safepoint: 19541 ns, Total: 133833 ns
[2025-08-27T04:10:38.250+0000][121][info ][safepoint   ] Safepoint "Cleanup", Time since last: 3003000209 ns, Reaching safepoint: 71875 ns, Cleanup: 43667 ns, At safepoint: 24583 ns, Total: 140125 ns
[2025-08-27T04:10:46.439+0000][121][info ][safepoint   ] Safepoint "Cleanup", Time since last: 8188773546 ns, Reaching safepoint: 7208 ns, Cleanup: 16375 ns, At safepoint: 5667 ns, Total: 29250 ns
[2025-08-27T04:10:47.541+0000][121][info ][safepoint   ] Safepoint "Cleanup", Time since last: 1101946459 ns, Reaching safepoint: 151958 ns, Cleanup: 101083 ns, At safepoint: 20125 ns, Total: 273166 ns
[2025-08-27T04:10:50.380+0000][121][info ][safepoint   ] Safepoint "Cleanup", Time since last: 2838586668 ns, Reaching safepoint: 6750 ns, Cleanup: 9417 ns, At safepoint: 2708 ns, Total: 18875 ns
[2025-08-27T04:10:51.462+0000][121][info ][safepoint   ] Safepoint "Cleanup", Time since last: 1082361001 ns, Reaching safepoint: 6333 ns, Cleanup: 52834 ns, At safepoint: 6708 ns, Total: 65875 ns
[2025-08-27T04:10:53.047+0000][121][info ][safepoint   ] Safepoint "Cleanup", Time since last: 1584860667 ns, Reaching safepoint: 19042 ns, Cleanup: 35667 ns, At safepoint: 9791 ns, Total: 64500 ns
[2025-08-27T04:10:56.052+0000][121][info ][safepoint   ] Safepoint "Cleanup", Time since last: 3004391960 ns, Reaching safepoint: 94959 ns, Cleanup: 62083 ns, At safepoint: 16500 ns, Total: 173542 ns
[2025-08-27T04:10:57.165+0000][121][info ][safepoint   ] Safepoint "Cleanup", Time since last: 1112414709 ns, Reaching safepoint: 87416 ns, Cleanup: 86042 ns, At safepoint: 37667 ns, Total: 211125 ns
[2025-08-27T04:11:03.173+0000][121][info ][safepoint   ] Safepoint "Cleanup", Time since last: 6007825669 ns, Reaching safepoint: 75084 ns, Cleanup: 41250 ns, At safepoint: 39416 ns, Total: 155750 ns
[2025-08-27T04:11:05.176+0000][121][info ][safepoint   ] Safepoint "Cleanup", Time since last: 2003668960 ns, Reaching safepoint: 27958 ns, Cleanup: 13833 ns, At safepoint: 6959 ns, Total: 48750 ns
[2025-08-27T04:11:12.183+0000][121][info ][safepoint   ] Safepoint "Cleanup", Time since last: 7006305294 ns, Reaching safepoint: 13542 ns, Cleanup: 8541 ns, At safepoint: 7209 ns, Total: 29292 ns
[2025-08-27T04:11:14.249+0000][121][info ][safepoint   ] Safepoint "Cleanup", Time since last: 2065939334 ns, Reaching safepoint: 8292 ns, Cleanup: 60916 ns, At safepoint: 14167 ns, Total: 83375 ns
[2025-08-27T04:11:15.288+0000][121][info ][safepoint   ] Safepoint "Cleanup", Time since last: 1037894667 ns, Reaching safepoint: 655208 ns, Cleanup: 49167 ns, At safepoint: 39542 ns, Total: 743917 ns
[2025-08-27T04:11:18.293+0000][121][info ][safepoint   ] Safepoint "Cleanup", Time since last: 3004949001 ns, Reaching safepoint: 37958 ns, Cleanup: 43250 ns, At safepoint: 9334 ns, Total: 90542 ns
[2025-08-27T04:11:21.250+0000][121][info ][safepoint   ] Safepoint "Cleanup", Time since last: 2956837126 ns, Reaching safepoint: 19959 ns, Cleanup: 32125 ns, At safepoint: 14041 ns, Total: 66125 ns
[2025-08-27T04:11:22.323+0000][121][info ][safepoint   ] Safepoint "Cleanup", Time since last: 1073196709 ns, Reaching safepoint: 6000 ns, Cleanup: 14375 ns, At safepoint: 3500 ns, Total: 23875 ns
[2025-08-27T04:11:23.327+0000][121][info ][safepoint   ] Safepoint "Cleanup", Time since last: 1003777001 ns, Reaching safepoint: 64250 ns, Cleanup: 38875 ns, At safepoint: 15666 ns, Total: 118791 ns
[2025-08-27T04:11:25.432+0000][121][info ][safepoint   ] Safepoint "Cleanup", Time since last: 2105616418 ns, Reaching safepoint: 66500 ns, Cleanup: 116875 ns, At safepoint: 32375 ns, Total: 215750 ns
[2025-08-27T04:11:30.439+0000][121][info ][safepoint   ] Safepoint "Cleanup", Time since last: 5006188336 ns, Reaching safepoint: 129750 ns, Cleanup: 44541 ns, At safepoint: 37084 ns, Total: 211375 ns
[2025-08-27T04:11:40.450+0000][121][info ][safepoint   ] Safepoint "Cleanup", Time since last: 10011626337 ns, Reaching safepoint: 55500 ns, Cleanup: 54333 ns, At safepoint: 13959 ns, Total: 123792 ns
[2025-08-27T04:11:42.456+0000][121][info ][safepoint   ] Safepoint "Cleanup", Time since last: 2005933167 ns, Reaching safepoint: 71000 ns, Cleanup: 76750 ns, At safepoint: 19875 ns, Total: 167625 ns
[2025-08-27T04:11:50.178+0000][121][info ][safepoint   ] Safepoint "Cleanup", Time since last: 7720634004 ns, Reaching safepoint: 1037250 ns, Cleanup: 13917 ns, At safepoint: 15916 ns, Total: 1067083 ns
[2025-08-27T04:11:51.412+0000][121][info ][safepoint   ] Safepoint "Cleanup", Time since last: 1233784626 ns, Reaching safepoint: 88333 ns, Cleanup: 149500 ns, At safepoint: 22500 ns, Total: 260333 ns
[2025-08-27T04:11:52.413+0000][121][info ][safepoint   ] Safepoint "Cleanup", Time since last: 1001098292 ns, Reaching safepoint: 30209 ns, Cleanup: 22708 ns, At safepoint: 9375 ns, Total: 62292 ns
[2025-08-27T04:11:55.442+0000][121][info ][safepoint   ] Safepoint "Cleanup", Time since last: 3029021627 ns, Reaching safepoint: 4250 ns, Cleanup: 8250 ns, At safepoint: 6541 ns, Total: 19041 ns
[2025-08-27T04:11:58.463+0000][121][info ][safepoint   ] Safepoint "Cleanup", Time since last: 3020833168 ns, Reaching safepoint: 16084 ns, Cleanup: 18666 ns, At safepoint: 5375 ns, Total: 40125 ns
[2025-08-27T04:12:05.470+0000][121][info ][safepoint   ] Safepoint "Cleanup", Time since last: 7006780420 ns, Reaching safepoint: 130584 ns, Cleanup: 52000 ns, At safepoint: 22166 ns, Total: 204750 ns
[2025-08-27T04:12:14.479+0000][121][info ][safepoint   ] Safepoint "Cleanup", Time since last: 9009068921 ns, Reaching safepoint: 45375 ns, Cleanup: 20375 ns, At safepoint: 7500 ns, Total: 73250 ns
[2025-08-27T04:12:15.481+0000][121][info ][safepoint   ] Safepoint "Cleanup", Time since last: 1001291958 ns, Reaching safepoint: 90959 ns, Cleanup: 13583 ns, At safepoint: 4458 ns, Total: 109000 ns
[2025-08-27T04:12:16.361+0000][121][info ][gc,start    ] GC(25) Pause Young (Normal) (G1 Evacuation Pause)
[2025-08-27T04:12:16.361+0000][121][info ][gc,task     ] GC(25) Using 8 workers of 8 for evacuation
[2025-08-27T04:12:16.361+0000][121][debug][gc,age      ] GC(25) Desired survivor size 41943040 bytes, new threshold 15 (max threshold 15)
[2025-08-27T04:12:16.390+0000][121][info ][gc,phases   ] GC(25)   Pre Evacuate Collection Set: 0.53ms
[2025-08-27T04:12:16.390+0000][121][info ][gc,phases   ] GC(25)   Merge Heap Roots: 0.11ms
[2025-08-27T04:12:16.390+0000][121][info ][gc,phases   ] GC(25)   Evacuate Collection Set: 25.25ms
[2025-08-27T04:12:16.390+0000][121][info ][gc,phases   ] GC(25)   Post Evacuate Collection Set: 2.83ms
[2025-08-27T04:12:16.390+0000][121][info ][gc,phases   ] GC(25)   Other: 0.19ms
[2025-08-27T04:12:16.390+0000][121][trace][gc,age      ] GC(25) Age table with threshold 15 (max threshold 15)
[2025-08-27T04:12:16.390+0000][121][trace][gc,age      ] GC(25) - age   1:    2752840 bytes,    2752840 total
[2025-08-27T04:12:16.390+0000][121][trace][gc,age      ] GC(25) - age   2:    1668160 bytes,    4421000 total
[2025-08-27T04:12:16.391+0000][121][trace][gc,age      ] GC(25) - age   3:    1999680 bytes,    6420680 total
[2025-08-27T04:12:16.391+0000][121][trace][gc,age      ] GC(25) - age   4:      18800 bytes,    6439480 total
[2025-08-27T04:12:16.391+0000][121][trace][gc,age      ] GC(25) - age   5:     103840 bytes,    6543320 total
[2025-08-27T04:12:16.391+0000][121][trace][gc,age      ] GC(25) - age   6:    1328264 bytes,    7871584 total
[2025-08-27T04:12:16.391+0000][121][trace][gc,age      ] GC(25) - age   7:    4346192 bytes,   12217776 total
[2025-08-27T04:12:16.391+0000][121][trace][gc,age      ] GC(25) - age   8:   14459752 bytes,   26677528 total
[2025-08-27T04:12:16.391+0000][121][trace][gc,age      ] GC(25) - age   9:     349896 bytes,   27027424 total
[2025-08-27T04:12:16.391+0000][121][info ][gc,heap     ] GC(25) Eden regions: 146->0(145)
[2025-08-27T04:12:16.391+0000][121][info ][gc,heap     ] GC(25) Survivor regions: 7->8(20)
[2025-08-27T04:12:16.391+0000][121][info ][gc,heap     ] GC(25) Old regions: 29->29
[2025-08-27T04:12:16.391+0000][121][info ][gc,heap     ] GC(25) Humongous regions: 2->2
[2025-08-27T04:12:16.391+0000][121][info ][gc,metaspace] GC(25) Metaspace: 157180K(161536K)->157180K(161536K) NonClass: 135830K(137920K)->135830K(137920K) Class: 21350K(23616K)->21350K(23616K)
[2025-08-27T04:12:16.391+0000][121][info ][gc          ] GC(25) Pause Young (Normal) (G1 Evacuation Pause) 733M->152M(1024M) 29.892ms
[2025-08-27T04:12:16.391+0000][121][info ][gc,cpu      ] GC(25) User=0.21s Sys=0.00s Real=0.03s
[2025-08-27T04:12:16.391+0000][121][info ][safepoint   ] Safepoint "G1CollectForAllocation", Time since last: 880271793 ns, Reaching safepoint: 7666 ns, Cleanup: 29625 ns, At safepoint: 30027042 ns, Total: 30064333 ns
[2025-08-27T04:12:17.393+0000][121][info ][safepoint   ] Safepoint "Cleanup", Time since last: 1001454292 ns, Reaching safepoint: 78417 ns, Cleanup: 53500 ns, At safepoint: 28083 ns, Total: 160000 ns
[2025-08-27T04:12:18.470+0000][121][info ][safepoint   ] Safepoint "Cleanup", Time since last: 1077461876 ns, Reaching safepoint: 4750 ns, Cleanup: 11500 ns, At safepoint: 2541 ns, Total: 18791 ns
[2025-08-27T04:12:22.475+0000][121][info ][safepoint   ] Safepoint "Cleanup", Time since last: 4004938752 ns, Reaching safepoint: 63625 ns, Cleanup: 28917 ns, At safepoint: 13083 ns, Total: 105625 ns
[2025-08-27T04:12:25.546+0000][121][info ][safepoint   ] Safepoint "Cleanup", Time since last: 3070194293 ns, Reaching safepoint: 842834 ns, Cleanup: 46458 ns, At safepoint: 43375 ns, Total: 932667 ns
[2025-08-27T04:12:38.591+0000][121][info ][safepoint   ] Safepoint "Cleanup", Time since last: 13043385339 ns, Reaching safepoint: 1063833 ns, Cleanup: 81250 ns, At safepoint: 14708 ns, Total: 1159791 ns
[2025-08-27T04:12:39.593+0000][121][info ][safepoint   ] Safepoint "Cleanup", Time since last: 1001269667 ns, Reaching safepoint: 58917 ns, Cleanup: 21833 ns, At safepoint: 12250 ns, Total: 93000 ns
[2025-08-27T04:12:40.594+0000][121][info ][safepoint   ] Safepoint "Cleanup", Time since last: 1001300084 ns, Reaching safepoint: 132792 ns, Cleanup: 59041 ns, At safepoint: 20959 ns, Total: 212792 ns
[2025-08-27T04:12:43.597+0000][121][info ][safepoint   ] Safepoint "Cleanup", Time since last: 3002859251 ns, Reaching safepoint: 143417 ns, Cleanup: 62375 ns, At safepoint: 18917 ns, Total: 224709 ns
[2025-08-27T04:12:49.780+0000][121][info ][safepoint   ] Safepoint "Cleanup", Time since last: 6182360669 ns, Reaching safepoint: 38000 ns, Cleanup: 36792 ns, At safepoint: 64917 ns, Total: 139709 ns
[2025-08-27T04:12:55.468+0000][121][info ][safepoint   ] Safepoint "Cleanup", Time since last: 5687661044 ns, Reaching safepoint: 3000 ns, Cleanup: 3833 ns, At safepoint: 3959 ns, Total: 10792 ns
[2025-08-27T04:12:56.696+0000][121][info ][safepoint   ] Safepoint "Cleanup", Time since last: 1228606875 ns, Reaching safepoint: 29625 ns, Cleanup: 23208 ns, At safepoint: 7334 ns, Total: 60167 ns
[2025-08-27T04:12:59.217+0000][121][info ][safepoint   ] Safepoint "Cleanup", Time since last: 2521226126 ns, Reaching safepoint: 7292 ns, Cleanup: 14250 ns, At safepoint: 9208 ns, Total: 30750 ns
[2025-08-27T04:13:00.241+0000][121][info ][safepoint   ] Safepoint "Cleanup", Time since last: 1023697834 ns, Reaching safepoint: 15958 ns, Cleanup: 18792 ns, At safepoint: 10042 ns, Total: 44792 ns
[2025-08-27T04:13:03.243+0000][121][info ][safepoint   ] Safepoint "Cleanup", Time since last: 3001893209 ns, Reaching safepoint: 72209 ns, Cleanup: 37875 ns, At safepoint: 13500 ns, Total: 123584 ns
[2025-08-27T04:13:05.246+0000][121][info ][safepoint   ] Safepoint "Cleanup", Time since last: 2002436376 ns, Reaching safepoint: 18791 ns, Cleanup: 16709 ns, At safepoint: 19833 ns, Total: 55333 ns
[2025-08-27T04:13:10.250+0000][121][info ][safepoint   ] Safepoint "Cleanup", Time since last: 5004879626 ns, Reaching safepoint: 26959 ns, Cleanup: 8583 ns, At safepoint: 16292 ns, Total: 51834 ns
[2025-08-27T04:13:14.011+0000][121][info ][safepoint   ] Safepoint "Cleanup", Time since last: 3760868835 ns, Reaching safepoint: 4666 ns, Cleanup: 62584 ns, At safepoint: 1666 ns, Total: 68916 ns
[2025-08-27T04:13:15.343+0000][121][info ][safepoint   ] Safepoint "Cleanup", Time since last: 1331387126 ns, Reaching safepoint: 5667 ns, Cleanup: 19041 ns, At safepoint: 7042 ns, Total: 31750 ns
[2025-08-27T04:13:16.813+0000][121][info ][safepoint   ] Safepoint "Cleanup", Time since last: 1469929667 ns, Reaching safepoint: 24792 ns, Cleanup: 196500 ns, At safepoint: 20667 ns, Total: 241959 ns
[2025-08-27T04:13:17.797+0000][121][info ][gc,heap,exit] Heap
[2025-08-27T04:13:17.797+0000][121][info ][gc,heap,exit]  garbage-first heap   total reserved 1048576K, committed 1048576K, used 316456K [0x00000000c0000000, 0x0000000100000000)
[2025-08-27T04:13:17.797+0000][121][info ][gc,heap,exit]   region size 4096K, 48 young (196608K), 8 survivors (32768K)
[2025-08-27T04:13:17.797+0000][121][info ][gc,heap,exit]  Metaspace       used 157697K, committed 161664K, reserved 1245184K
[2025-08-27T04:13:17.797+0000][121][info ][gc,heap,exit]   class space    used 21459K, committed 23616K, reserved 1048576K
