[2025-09-15T07:43:31.022+0000][187][info][gc,init] CardTable entry size: 512
[2025-09-15T07:43:31.022+0000][187][info][gc     ] Using G1
[2025-09-15T07:43:31.358+0000][187][info][gc,init] Version: 22.0.1+8-16 (release)
[2025-09-15T07:43:31.358+0000][187][info][gc,init] CPUs: 8 total, 8 available
[2025-09-15T07:43:31.358+0000][187][info][gc,init] Memory: 7837M
[2025-09-15T07:43:31.359+0000][187][info][gc,init] Large Page Support: Disabled
[2025-09-15T07:43:31.359+0000][187][info][gc,init] NUMA Support: Disabled
[2025-09-15T07:43:31.359+0000][187][info][gc,init] Compressed Oops: Enabled (32-bit)
[2025-09-15T07:43:31.359+0000][187][info][gc,init] Heap Region Size: 4M
[2025-09-15T07:43:31.359+0000][187][info][gc,init] Heap Min Capacity: 1G
[2025-09-15T07:43:31.359+0000][187][info][gc,init] Heap Initial Capacity: 1G
[2025-09-15T07:43:31.359+0000][187][info][gc,init] Heap Max Capacity: 1G
[2025-09-15T07:43:31.359+0000][187][info][gc,init] Pre-touch: Enabled
[2025-09-15T07:43:31.359+0000][187][info][gc,init] Parallel Workers: 8
[2025-09-15T07:43:31.359+0000][187][info][gc,init] Concurrent Workers: 2
[2025-09-15T07:43:31.359+0000][187][info][gc,init] Concurrent Refinement Workers: 8
[2025-09-15T07:43:31.359+0000][187][info][gc,init] Periodic GC: Disabled
[2025-09-15T07:43:31.370+0000][187][info][gc,metaspace] CDS archive(s) mapped at: [0x0000040000000000-0x0000040000c80000-0x0000040000c80000), size 13107200, SharedBaseAddress: 0x0000040000000000, ArchiveRelocationMode: 1.
[2025-09-15T07:43:31.370+0000][187][info][gc,metaspace] Compressed class space mapped at: 0x0000040001000000-0x0000040041000000, reserved size: 1073741824
[2025-09-15T07:43:31.370+0000][187][info][gc,metaspace] Narrow klass base: 0x0000040000000000, Narrow klass shift: 0, Narrow klass range: 0x100000000
[2025-09-15T07:43:31.434+0000][187][info][safepoint   ] Safepoint "ICBufferFull", Time since last: 61089916 ns, Reaching safepoint: 2084 ns, Cleanup: 52583 ns, At safepoint: 5417 ns, Total: 60084 ns
[2025-09-15T07:43:31.519+0000][187][info][safepoint   ] Safepoint "ICBufferFull", Time since last: 84829917 ns, Reaching safepoint: 300250 ns, Cleanup: 69916 ns, At safepoint: 18375 ns, Total: 388541 ns
[2025-09-15T07:43:31.591+0000][187][info][safepoint   ] Safepoint "ICBufferFull", Time since last: 71858459 ns, Reaching safepoint: 1625 ns, Cleanup: 61541 ns, At safepoint: 3875 ns, Total: 67041 ns
[2025-09-15T07:43:31.655+0000][187][info][gc,start    ] GC(0) Pause Young (Normal) (G1 Evacuation Pause)
[2025-09-15T07:43:31.655+0000][187][info][gc,task     ] GC(0) Using 8 workers of 8 for evacuation
[2025-09-15T07:43:31.655+0000][187][debug][gc,age      ] GC(0) Desired survivor size 4194304 bytes, new threshold 15 (max threshold 15)
[2025-09-15T07:43:31.657+0000][187][info ][gc,phases   ] GC(0)   Pre Evacuate Collection Set: 0.14ms
[2025-09-15T07:43:31.657+0000][187][info ][gc,phases   ] GC(0)   Merge Heap Roots: 0.11ms
[2025-09-15T07:43:31.657+0000][187][info ][gc,phases   ] GC(0)   Evacuate Collection Set: 1.38ms
[2025-09-15T07:43:31.657+0000][187][info ][gc,phases   ] GC(0)   Post Evacuate Collection Set: 0.40ms
[2025-09-15T07:43:31.657+0000][187][info ][gc,phases   ] GC(0)   Other: 0.17ms
[2025-09-15T07:43:31.658+0000][187][trace][gc,age      ] GC(0) Age table with threshold 15 (max threshold 15)
[2025-09-15T07:43:31.658+0000][187][trace][gc,age      ] GC(0) - age   1:    4677632 bytes,    4677632 total
[2025-09-15T07:43:31.658+0000][187][info ][gc,heap     ] GC(0) Eden regions: 12->0(21)
[2025-09-15T07:43:31.658+0000][187][info ][gc,heap     ] GC(0) Survivor regions: 0->2(2)
[2025-09-15T07:43:31.658+0000][187][info ][gc,heap     ] GC(0) Old regions: 1->1
[2025-09-15T07:43:31.658+0000][187][info ][gc,heap     ] GC(0) Humongous regions: 0->0
[2025-09-15T07:43:31.658+0000][187][info ][gc,metaspace] GC(0) Metaspace: 7238K(7488K)->7238K(7488K) NonClass: 6372K(6528K)->6372K(6528K) Class: 865K(960K)->865K(960K)
[2025-09-15T07:43:31.658+0000][187][info ][gc          ] GC(0) Pause Young (Normal) (G1 Evacuation Pause) 49M->6M(1024M) 3.136ms
[2025-09-15T07:43:31.658+0000][187][info ][gc,cpu      ] GC(0) User=0.01s Sys=0.00s Real=0.01s
[2025-09-15T07:43:31.658+0000][187][info ][safepoint   ] Safepoint "G1CollectForAllocation", Time since last: 63169375 ns, Reaching safepoint: 1584 ns, Cleanup: 65375 ns, At safepoint: 3585791 ns, Total: 3652750 ns
[2025-09-15T07:43:31.746+0000][187][info ][safepoint   ] Safepoint "ICBufferFull", Time since last: 87425000 ns, Reaching safepoint: 1667 ns, Cleanup: 54250 ns, At safepoint: 2417 ns, Total: 58334 ns
[2025-09-15T07:43:31.800+0000][187][info ][safepoint   ] Safepoint "ICBufferFull", Time since last: 53923541 ns, Reaching safepoint: 1709 ns, Cleanup: 69625 ns, At safepoint: 4333 ns, Total: 75667 ns
[2025-09-15T07:43:31.900+0000][187][info ][safepoint   ] Safepoint "ICBufferFull", Time since last: 99583583 ns, Reaching safepoint: 1092500 ns, Cleanup: 78625 ns, At safepoint: 13042 ns, Total: 1184167 ns
[2025-09-15T07:43:32.154+0000][187][info ][safepoint   ] Safepoint "ICBufferFull", Time since last: 253197333 ns, Reaching safepoint: 2000 ns, Cleanup: 76375 ns, At safepoint: 5834 ns, Total: 84209 ns
[2025-09-15T07:43:32.231+0000][187][info ][safepoint   ] Safepoint "ICBufferFull", Time since last: 77656917 ns, Reaching safepoint: 2000 ns, Cleanup: 60250 ns, At safepoint: 2541 ns, Total: 64791 ns
[2025-09-15T07:43:32.381+0000][187][info ][safepoint   ] Safepoint "ICBufferFull", Time since last: 149295584 ns, Reaching safepoint: 5500 ns, Cleanup: 129916 ns, At safepoint: 6000 ns, Total: 141416 ns
[2025-09-15T07:43:32.419+0000][187][info ][gc,start    ] GC(1) Pause Young (Normal) (G1 Evacuation Pause)
[2025-09-15T07:43:32.419+0000][187][info ][gc,task     ] GC(1) Using 8 workers of 8 for evacuation
[2025-09-15T07:43:32.419+0000][187][debug][gc,age      ] GC(1) Desired survivor size 6291456 bytes, new threshold 15 (max threshold 15)
[2025-09-15T07:43:32.423+0000][187][info ][gc,phases   ] GC(1)   Pre Evacuate Collection Set: 0.14ms
[2025-09-15T07:43:32.424+0000][187][info ][gc,phases   ] GC(1)   Merge Heap Roots: 0.05ms
[2025-09-15T07:43:32.424+0000][187][info ][gc,phases   ] GC(1)   Evacuate Collection Set: 3.26ms
[2025-09-15T07:43:32.424+0000][187][info ][gc,phases   ] GC(1)   Post Evacuate Collection Set: 0.65ms
[2025-09-15T07:43:32.424+0000][187][info ][gc,phases   ] GC(1)   Other: 0.13ms
[2025-09-15T07:43:32.424+0000][187][trace][gc,age      ] GC(1) Age table with threshold 15 (max threshold 15)
[2025-09-15T07:43:32.424+0000][187][trace][gc,age      ] GC(1) - age   1:    4892080 bytes,    4892080 total
[2025-09-15T07:43:32.424+0000][187][trace][gc,age      ] GC(1) - age   2:    4605392 bytes,    9497472 total
[2025-09-15T07:43:32.424+0000][187][info ][gc,heap     ] GC(1) Eden regions: 21->0(40)
[2025-09-15T07:43:32.424+0000][187][info ][gc,heap     ] GC(1) Survivor regions: 2->3(3)
[2025-09-15T07:43:32.424+0000][187][info ][gc,heap     ] GC(1) Old regions: 1->1
[2025-09-15T07:43:32.424+0000][187][info ][gc,heap     ] GC(1) Humongous regions: 0->0
[2025-09-15T07:43:32.424+0000][187][info ][gc,metaspace] GC(1) Metaspace: 20141K(20736K)->20141K(20736K) NonClass: 17823K(18176K)->17823K(18176K) Class: 2317K(2560K)->2317K(2560K)
[2025-09-15T07:43:32.424+0000][187][info ][gc          ] GC(1) Pause Young (Normal) (G1 Evacuation Pause) 90M->10M(1024M) 4.794ms
[2025-09-15T07:43:32.424+0000][187][info ][gc,cpu      ] GC(1) User=0.02s Sys=0.00s Real=0.00s
[2025-09-15T07:43:32.424+0000][187][info ][safepoint   ] Safepoint "G1CollectForAllocation", Time since last: 38197875 ns, Reaching safepoint: 2542 ns, Cleanup: 27542 ns, At safepoint: 4885708 ns, Total: 4915792 ns
[2025-09-15T07:43:32.499+0000][187][info ][gc,start    ] GC(2) Pause Young (Concurrent Start) (Metadata GC Threshold)
[2025-09-15T07:43:32.500+0000][187][info ][gc,task     ] GC(2) Using 8 workers of 8 for evacuation
[2025-09-15T07:43:32.500+0000][187][debug][gc,age      ] GC(2) Desired survivor size 12582912 bytes, new threshold 15 (max threshold 15)
[2025-09-15T07:43:32.503+0000][187][info ][gc,phases   ] GC(2)   Pre Evacuate Collection Set: 0.16ms
[2025-09-15T07:43:32.504+0000][187][info ][gc,phases   ] GC(2)   Merge Heap Roots: 0.05ms
[2025-09-15T07:43:32.504+0000][187][info ][gc,phases   ] GC(2)   Evacuate Collection Set: 2.86ms
[2025-09-15T07:43:32.504+0000][187][info ][gc,phases   ] GC(2)   Post Evacuate Collection Set: 0.65ms
[2025-09-15T07:43:32.504+0000][187][info ][gc,phases   ] GC(2)   Other: 0.19ms
[2025-09-15T07:43:32.504+0000][187][trace][gc,age      ] GC(2) Age table with threshold 15 (max threshold 15)
[2025-09-15T07:43:32.504+0000][187][trace][gc,age      ] GC(2) - age   1:     536272 bytes,     536272 total
[2025-09-15T07:43:32.504+0000][187][trace][gc,age      ] GC(2) - age   2:    4031056 bytes,    4567328 total
[2025-09-15T07:43:32.504+0000][187][trace][gc,age      ] GC(2) - age   3:    4589232 bytes,    9156560 total
[2025-09-15T07:43:32.504+0000][187][info ][gc,heap     ] GC(2) Eden regions: 6->0(77)
[2025-09-15T07:43:32.504+0000][187][info ][gc,heap     ] GC(2) Survivor regions: 3->3(6)
[2025-09-15T07:43:32.504+0000][187][info ][gc,heap     ] GC(2) Old regions: 1->1
[2025-09-15T07:43:32.504+0000][187][info ][gc,heap     ] GC(2) Humongous regions: 0->0
[2025-09-15T07:43:32.504+0000][187][info ][gc,metaspace] GC(2) Metaspace: 20866K(21504K)->20866K(21504K) NonClass: 18439K(18816K)->18439K(18816K) Class: 2427K(2688K)->2427K(2688K)
[2025-09-15T07:43:32.504+0000][187][info ][gc          ] GC(2) Pause Young (Concurrent Start) (Metadata GC Threshold) 34M->10M(1024M) 4.581ms
[2025-09-15T07:43:32.504+0000][187][info ][gc,cpu      ] GC(2) User=0.02s Sys=0.00s Real=0.00s
[2025-09-15T07:43:32.504+0000][187][info ][gc          ] GC(3) Concurrent Mark Cycle
[2025-09-15T07:43:32.504+0000][187][info ][gc,marking  ] GC(3) Concurrent Scan Root Regions
[2025-09-15T07:43:32.504+0000][187][info ][safepoint   ] Safepoint "CollectForMetadataAllocation", Time since last: 75157292 ns, Reaching safepoint: 218625 ns, Cleanup: 65458 ns, At safepoint: 4751250 ns, Total: 5035333 ns
[2025-09-15T07:43:32.506+0000][187][info ][gc,marking  ] GC(3) Concurrent Scan Root Regions 2.226ms
[2025-09-15T07:43:32.507+0000][187][info ][gc,marking  ] GC(3) Concurrent Mark
[2025-09-15T07:43:32.507+0000][187][info ][gc,marking  ] GC(3) Concurrent Mark From Roots
[2025-09-15T07:43:32.510+0000][187][info ][gc,task     ] GC(3) Using 2 workers of 2 for marking
[2025-09-15T07:43:32.511+0000][187][info ][gc,marking  ] GC(3) Concurrent Mark From Roots 4.216ms
[2025-09-15T07:43:32.511+0000][187][info ][gc,marking  ] GC(3) Concurrent Preclean
[2025-09-15T07:43:32.511+0000][187][info ][gc,marking  ] GC(3) Concurrent Preclean 0.042ms
[2025-09-15T07:43:32.513+0000][187][info ][gc,start    ] GC(3) Pause Remark
[2025-09-15T07:43:32.514+0000][187][info ][gc          ] GC(3) Pause Remark 13M->13M(1024M) 1.839ms
[2025-09-15T07:43:32.515+0000][187][info ][gc,cpu      ] GC(3) User=0.00s Sys=0.00s Real=0.00s
[2025-09-15T07:43:32.515+0000][187][info ][safepoint   ] Safepoint "G1PauseRemark", Time since last: 7168125 ns, Reaching safepoint: 1218792 ns, Cleanup: 9541 ns, At safepoint: 1943417 ns, Total: 3171750 ns
[2025-09-15T07:43:32.518+0000][187][info ][gc,marking  ] GC(3) Concurrent Mark 11.188ms
[2025-09-15T07:43:32.518+0000][187][info ][gc,marking  ] GC(3) Concurrent Rebuild Remembered Sets and Scrub Regions
[2025-09-15T07:43:32.519+0000][187][info ][gc,marking  ] GC(3) Concurrent Rebuild Remembered Sets and Scrub Regions 0.734ms
[2025-09-15T07:43:32.521+0000][187][info ][gc,start    ] GC(3) Pause Cleanup
[2025-09-15T07:43:32.521+0000][187][info ][gc          ] GC(3) Pause Cleanup 16M->16M(1024M) 0.088ms
[2025-09-15T07:43:32.521+0000][187][info ][gc,cpu      ] GC(3) User=0.00s Sys=0.00s Real=0.00s
[2025-09-15T07:43:32.521+0000][187][info ][safepoint   ] Safepoint "G1PauseCleanup", Time since last: 4841625 ns, Reaching safepoint: 1214417 ns, Cleanup: 11458 ns, At safepoint: 197625 ns, Total: 1423500 ns
[2025-09-15T07:43:32.522+0000][187][info ][gc,marking  ] GC(3) Concurrent Clear Claimed Marks
[2025-09-15T07:43:32.522+0000][187][info ][gc,marking  ] GC(3) Concurrent Clear Claimed Marks 0.087ms
[2025-09-15T07:43:32.522+0000][187][info ][gc,marking  ] GC(3) Concurrent Cleanup for Next Mark
[2025-09-15T07:43:32.524+0000][187][info ][gc,marking  ] GC(3) Concurrent Cleanup for Next Mark 1.524ms
[2025-09-15T07:43:32.524+0000][187][info ][gc          ] GC(3) Concurrent Mark Cycle 19.771ms
[2025-09-15T07:43:32.621+0000][187][info ][safepoint   ] Safepoint "ICBufferFull", Time since last: 99601958 ns, Reaching safepoint: 2125 ns, Cleanup: 75334 ns, At safepoint: 169333 ns, Total: 246792 ns
[2025-09-15T07:43:32.726+0000][187][info ][safepoint   ] Safepoint "ICBufferFull", Time since last: 105728583 ns, Reaching safepoint: 2334 ns, Cleanup: 60958 ns, At safepoint: 4750 ns, Total: 68042 ns
[2025-09-15T07:43:32.808+0000][187][info ][safepoint   ] Safepoint "ICBufferFull", Time since last: 81855917 ns, Reaching safepoint: 2708 ns, Cleanup: 90833 ns, At safepoint: 9167 ns, Total: 102708 ns
[2025-09-15T07:43:32.982+0000][187][info ][safepoint   ] Safepoint "ICBufferFull", Time since last: 172157625 ns, Reaching safepoint: 837125 ns, Cleanup: 85125 ns, At safepoint: 15000 ns, Total: 937250 ns
[2025-09-15T07:43:33.075+0000][187][info ][safepoint   ] Safepoint "ICBufferFull", Time since last: 93219667 ns, Reaching safepoint: 2875 ns, Cleanup: 105708 ns, At safepoint: 7250 ns, Total: 115833 ns
[2025-09-15T07:43:33.087+0000][187][info ][gc,start    ] GC(4) Pause Young (Prepare Mixed) (G1 Evacuation Pause)
[2025-09-15T07:43:33.087+0000][187][info ][gc,task     ] GC(4) Using 8 workers of 8 for evacuation
[2025-09-15T07:43:33.087+0000][187][debug][gc,age      ] GC(4) Desired survivor size 20971520 bytes, new threshold 15 (max threshold 15)
[2025-09-15T07:43:33.094+0000][187][info ][gc,phases   ] GC(4)   Pre Evacuate Collection Set: 0.16ms
[2025-09-15T07:43:33.094+0000][187][info ][gc,phases   ] GC(4)   Merge Heap Roots: 0.11ms
[2025-09-15T07:43:33.095+0000][187][info ][gc,phases   ] GC(4)   Evacuate Collection Set: 5.57ms
[2025-09-15T07:43:33.095+0000][187][info ][gc,phases   ] GC(4)   Post Evacuate Collection Set: 1.02ms
[2025-09-15T07:43:33.095+0000][187][info ][gc,phases   ] GC(4)   Other: 0.12ms
[2025-09-15T07:43:33.095+0000][187][trace][gc,age      ] GC(4) Age table with threshold 15 (max threshold 15)
[2025-09-15T07:43:33.095+0000][187][trace][gc,age      ] GC(4) - age   1:    5750008 bytes,    5750008 total
[2025-09-15T07:43:33.095+0000][187][trace][gc,age      ] GC(4) - age   2:     456288 bytes,    6206296 total
[2025-09-15T07:43:33.095+0000][187][trace][gc,age      ] GC(4) - age   3:    3998096 bytes,   10204392 total
[2025-09-15T07:43:33.095+0000][187][trace][gc,age      ] GC(4) - age   4:    4588104 bytes,   14792496 total
[2025-09-15T07:43:33.095+0000][187][info ][gc,heap     ] GC(4) Eden regions: 77->0(149)
[2025-09-15T07:43:33.095+0000][187][info ][gc,heap     ] GC(4) Survivor regions: 3->4(10)
[2025-09-15T07:43:33.095+0000][187][info ][gc,heap     ] GC(4) Old regions: 1->1
[2025-09-15T07:43:33.095+0000][187][info ][gc,heap     ] GC(4) Humongous regions: 0->0
[2025-09-15T07:43:33.095+0000][187][info ][gc,metaspace] GC(4) Metaspace: 28953K(29824K)->28953K(29824K) NonClass: 25607K(26112K)->25607K(26112K) Class: 3346K(3712K)->3346K(3712K)
[2025-09-15T07:43:33.095+0000][187][info ][gc          ] GC(4) Pause Young (Prepare Mixed) (G1 Evacuation Pause) 318M->16M(1024M) 7.901ms
[2025-09-15T07:43:33.095+0000][187][info ][gc,cpu      ] GC(4) User=0.04s Sys=0.00s Real=0.00s
[2025-09-15T07:43:33.095+0000][187][info ][safepoint   ] Safepoint "G1CollectForAllocation", Time since last: 12372042 ns, Reaching safepoint: 2417 ns, Cleanup: 10583 ns, At safepoint: 7990083 ns, Total: 8003083 ns
[2025-09-15T07:43:33.192+0000][187][info ][safepoint   ] Safepoint "ICBufferFull", Time since last: 96715334 ns, Reaching safepoint: 3041 ns, Cleanup: 101084 ns, At safepoint: 7750 ns, Total: 111875 ns
[2025-09-15T07:43:33.276+0000][187][info ][safepoint   ] Safepoint "ICBufferFull", Time since last: 83492791 ns, Reaching safepoint: 2250 ns, Cleanup: 63875 ns, At safepoint: 4167 ns, Total: 70292 ns
[2025-09-15T07:43:33.522+0000][187][info ][safepoint   ] Safepoint "ICBufferFull", Time since last: 246356250 ns, Reaching safepoint: 2208 ns, Cleanup: 81709 ns, At safepoint: 4708 ns, Total: 88625 ns
[2025-09-15T07:43:33.623+0000][187][info ][gc,start    ] GC(5) Pause Young (Mixed) (Metadata GC Threshold)
[2025-09-15T07:43:33.623+0000][187][info ][gc,task     ] GC(5) Using 8 workers of 8 for evacuation
[2025-09-15T07:43:33.623+0000][187][debug][gc,age      ] GC(5) Desired survivor size 41943040 bytes, new threshold 15 (max threshold 15)
[2025-09-15T07:43:33.629+0000][187][info ][gc,phases   ] GC(5)   Pre Evacuate Collection Set: 0.13ms
[2025-09-15T07:43:33.629+0000][187][info ][gc,phases   ] GC(5)   Merge Heap Roots: 0.07ms
[2025-09-15T07:43:33.629+0000][187][info ][gc,phases   ] GC(5)   Evacuate Collection Set: 5.11ms
[2025-09-15T07:43:33.629+0000][187][info ][gc,phases   ] GC(5)   Post Evacuate Collection Set: 0.83ms
[2025-09-15T07:43:33.629+0000][187][info ][gc,phases   ] GC(5)   Other: 0.15ms
[2025-09-15T07:43:33.629+0000][187][trace][gc,age      ] GC(5) Age table with threshold 15 (max threshold 15)
[2025-09-15T07:43:33.629+0000][187][trace][gc,age      ] GC(5) - age   1:    8436480 bytes,    8436480 total
[2025-09-15T07:43:33.630+0000][187][trace][gc,age      ] GC(5) - age   2:    5716152 bytes,   14152632 total
[2025-09-15T07:43:33.630+0000][187][trace][gc,age      ] GC(5) - age   3:     456168 bytes,   14608800 total
[2025-09-15T07:43:33.630+0000][187][trace][gc,age      ] GC(5) - age   4:    3996560 bytes,   18605360 total
[2025-09-15T07:43:33.630+0000][187][trace][gc,age      ] GC(5) - age   5:    4588072 bytes,   23193432 total
[2025-09-15T07:43:33.630+0000][187][info ][gc,heap     ] GC(5) Eden regions: 135->0(146)
[2025-09-15T07:43:33.630+0000][187][info ][gc,heap     ] GC(5) Survivor regions: 4->7(20)
[2025-09-15T07:43:33.630+0000][187][info ][gc,heap     ] GC(5) Old regions: 1->1
[2025-09-15T07:43:33.630+0000][187][info ][gc,heap     ] GC(5) Humongous regions: 0->0
[2025-09-15T07:43:33.630+0000][187][info ][gc,metaspace] GC(5) Metaspace: 35238K(36160K)->35238K(36160K) NonClass: 31174K(31744K)->31174K(31744K) Class: 4063K(4416K)->4063K(4416K)
[2025-09-15T07:43:33.630+0000][187][info ][gc          ] GC(5) Pause Young (Mixed) (Metadata GC Threshold) 556M->25M(1024M) 7.008ms
[2025-09-15T07:43:33.630+0000][187][info ][gc,cpu      ] GC(5) User=0.03s Sys=0.00s Real=0.01s
[2025-09-15T07:43:33.630+0000][187][info ][safepoint   ] Safepoint "CollectForMetadataAllocation", Time since last: 100636584 ns, Reaching safepoint: 1791 ns, Cleanup: 81500 ns, At safepoint: 7158334 ns, Total: 7241625 ns
[2025-09-15T07:43:33.635+0000][187][info ][gc,start    ] GC(6) Pause Young (Concurrent Start) (Metadata GC Threshold)
[2025-09-15T07:43:33.635+0000][187][info ][gc,task     ] GC(6) Using 8 workers of 8 for evacuation
[2025-09-15T07:43:33.635+0000][187][debug][gc,age      ] GC(6) Desired survivor size 41943040 bytes, new threshold 15 (max threshold 15)
[2025-09-15T07:43:33.640+0000][187][info ][gc,phases   ] GC(6)   Pre Evacuate Collection Set: 0.15ms
[2025-09-15T07:43:33.640+0000][187][info ][gc,phases   ] GC(6)   Merge Heap Roots: 0.03ms
[2025-09-15T07:43:33.640+0000][187][info ][gc,phases   ] GC(6)   Evacuate Collection Set: 4.31ms
[2025-09-15T07:43:33.640+0000][187][info ][gc,phases   ] GC(6)   Post Evacuate Collection Set: 0.75ms
[2025-09-15T07:43:33.640+0000][187][info ][gc,phases   ] GC(6)   Other: 0.14ms
[2025-09-15T07:43:33.640+0000][187][trace][gc,age      ] GC(6) Age table with threshold 15 (max threshold 15)
[2025-09-15T07:43:33.640+0000][187][trace][gc,age      ] GC(6) - age   1:      48296 bytes,      48296 total
[2025-09-15T07:43:33.641+0000][187][trace][gc,age      ] GC(6) - age   2:    8385464 bytes,    8433760 total
[2025-09-15T07:43:33.641+0000][187][trace][gc,age      ] GC(6) - age   3:    5716120 bytes,   14149880 total
[2025-09-15T07:43:33.641+0000][187][trace][gc,age      ] GC(6) - age   4:     456168 bytes,   14606048 total
[2025-09-15T07:43:33.641+0000][187][trace][gc,age      ] GC(6) - age   5:    3996560 bytes,   18602608 total
[2025-09-15T07:43:33.641+0000][187][trace][gc,age      ] GC(6) - age   6:    4588072 bytes,   23190680 total
[2025-09-15T07:43:33.641+0000][187][info ][gc,heap     ] GC(6) Eden regions: 1->0(147)
[2025-09-15T07:43:33.641+0000][187][info ][gc,heap     ] GC(6) Survivor regions: 7->6(20)
[2025-09-15T07:43:33.641+0000][187][info ][gc,heap     ] GC(6) Old regions: 1->1
[2025-09-15T07:43:33.641+0000][187][info ][gc,heap     ] GC(6) Humongous regions: 0->0
[2025-09-15T07:43:33.641+0000][187][info ][gc,metaspace] GC(6) Metaspace: 35535K(36480K)->35535K(36480K) NonClass: 31420K(32000K)->31420K(32000K) Class: 4114K(4480K)->4114K(4480K)
[2025-09-15T07:43:33.641+0000][187][info ][gc          ] GC(6) Pause Young (Concurrent Start) (Metadata GC Threshold) 29M->24M(1024M) 6.047ms
[2025-09-15T07:43:33.641+0000][187][info ][gc,cpu      ] GC(6) User=0.03s Sys=0.00s Real=0.01s
[2025-09-15T07:43:33.641+0000][187][info ][gc          ] GC(7) Concurrent Mark Cycle
[2025-09-15T07:43:33.641+0000][187][info ][gc,marking  ] GC(7) Concurrent Scan Root Regions
[2025-09-15T07:43:33.641+0000][187][info ][safepoint   ] Safepoint "CollectForMetadataAllocation", Time since last: 4883125 ns, Reaching safepoint: 1583 ns, Cleanup: 1083 ns, At safepoint: 6218750 ns, Total: 6221416 ns
[2025-09-15T07:43:33.644+0000][187][info ][gc,marking  ] GC(7) Concurrent Scan Root Regions 2.811ms
[2025-09-15T07:43:33.645+0000][187][info ][gc,marking  ] GC(7) Concurrent Mark
[2025-09-15T07:43:33.645+0000][187][info ][gc,marking  ] GC(7) Concurrent Mark From Roots
[2025-09-15T07:43:33.645+0000][187][info ][gc,task     ] GC(7) Using 2 workers of 2 for marking
[2025-09-15T07:43:33.646+0000][187][info ][gc,marking  ] GC(7) Concurrent Mark From Roots 0.738ms
[2025-09-15T07:43:33.646+0000][187][info ][gc,marking  ] GC(7) Concurrent Preclean
[2025-09-15T07:43:33.646+0000][187][info ][gc,marking  ] GC(7) Concurrent Preclean 0.051ms
[2025-09-15T07:43:33.648+0000][187][info ][gc,start    ] GC(7) Pause Remark
[2025-09-15T07:43:33.650+0000][187][info ][gc          ] GC(7) Pause Remark 28M->28M(1024M) 1.939ms
[2025-09-15T07:43:33.650+0000][187][info ][gc,cpu      ] GC(7) User=0.00s Sys=0.01s Real=0.00s
[2025-09-15T07:43:33.650+0000][187][info ][safepoint   ] Safepoint "G1PauseRemark", Time since last: 5352459 ns, Reaching safepoint: 1207583 ns, Cleanup: 6167 ns, At safepoint: 2030083 ns, Total: 3243833 ns
[2025-09-15T07:43:33.653+0000][187][info ][gc,marking  ] GC(7) Concurrent Mark 7.737ms
[2025-09-15T07:43:33.653+0000][187][info ][gc,marking  ] GC(7) Concurrent Rebuild Remembered Sets and Scrub Regions
[2025-09-15T07:43:33.654+0000][187][info ][gc,marking  ] GC(7) Concurrent Rebuild Remembered Sets and Scrub Regions 0.390ms
[2025-09-15T07:43:33.656+0000][187][info ][gc,start    ] GC(7) Pause Cleanup
[2025-09-15T07:43:33.656+0000][187][info ][gc          ] GC(7) Pause Cleanup 32M->32M(1024M) 0.128ms
[2025-09-15T07:43:33.656+0000][187][info ][gc,cpu      ] GC(7) User=0.00s Sys=0.00s Real=0.00s
[2025-09-15T07:43:33.656+0000][187][info ][safepoint   ] Safepoint "G1PauseCleanup", Time since last: 4742333 ns, Reaching safepoint: 1300084 ns, Cleanup: 6833 ns, At safepoint: 212000 ns, Total: 1518917 ns
[2025-09-15T07:43:33.657+0000][187][info ][gc,marking  ] GC(7) Concurrent Clear Claimed Marks
[2025-09-15T07:43:33.657+0000][187][info ][gc,marking  ] GC(7) Concurrent Clear Claimed Marks 0.064ms
[2025-09-15T07:43:33.657+0000][187][info ][gc,marking  ] GC(7) Concurrent Cleanup for Next Mark
[2025-09-15T07:43:33.657+0000][187][info ][gc,marking  ] GC(7) Concurrent Cleanup for Next Mark 0.309ms
[2025-09-15T07:43:33.657+0000][187][info ][gc          ] GC(7) Concurrent Mark Cycle 16.447ms
[2025-09-15T07:43:34.064+0000][187][info ][safepoint   ] Safepoint "ICBufferFull", Time since last: 407559542 ns, Reaching safepoint: 2583 ns, Cleanup: 77958 ns, At safepoint: 4292 ns, Total: 84833 ns
[2025-09-15T07:43:34.193+0000][187][info ][gc,start    ] GC(8) Pause Young (Normal) (G1 Evacuation Pause)
[2025-09-15T07:43:34.194+0000][187][info ][gc,task     ] GC(8) Using 8 workers of 8 for evacuation
[2025-09-15T07:43:34.194+0000][187][debug][gc,age      ] GC(8) Desired survivor size 41943040 bytes, new threshold 15 (max threshold 15)
[2025-09-15T07:43:34.204+0000][187][info ][gc,phases   ] GC(8)   Pre Evacuate Collection Set: 0.11ms
[2025-09-15T07:43:34.204+0000][187][info ][gc,phases   ] GC(8)   Merge Heap Roots: 0.05ms
[2025-09-15T07:43:34.204+0000][187][info ][gc,phases   ] GC(8)   Evacuate Collection Set: 7.30ms
[2025-09-15T07:43:34.204+0000][187][info ][gc,phases   ] GC(8)   Post Evacuate Collection Set: 2.35ms
[2025-09-15T07:43:34.204+0000][187][info ][gc,phases   ] GC(8)   Other: 0.20ms
[2025-09-15T07:43:34.204+0000][187][trace][gc,age      ] GC(8) Age table with threshold 15 (max threshold 15)
[2025-09-15T07:43:34.204+0000][187][trace][gc,age      ] GC(8) - age   1:   11047056 bytes,   11047056 total
[2025-09-15T07:43:34.204+0000][187][trace][gc,age      ] GC(8) - age   2:      37320 bytes,   11084376 total
[2025-09-15T07:43:34.204+0000][187][trace][gc,age      ] GC(8) - age   3:    8371760 bytes,   19456136 total
[2025-09-15T07:43:34.204+0000][187][trace][gc,age      ] GC(8) - age   4:    5708432 bytes,   25164568 total
[2025-09-15T07:43:34.204+0000][187][trace][gc,age      ] GC(8) - age   5:     436248 bytes,   25600816 total
[2025-09-15T07:43:34.204+0000][187][trace][gc,age      ] GC(8) - age   6:    3988744 bytes,   29589560 total
[2025-09-15T07:43:34.204+0000][187][trace][gc,age      ] GC(8) - age   7:    4581096 bytes,   34170656 total
[2025-09-15T07:43:34.204+0000][187][info ][gc,heap     ] GC(8) Eden regions: 147->0(143)
[2025-09-15T07:43:34.204+0000][187][info ][gc,heap     ] GC(8) Survivor regions: 6->10(20)
[2025-09-15T07:43:34.204+0000][187][info ][gc,heap     ] GC(8) Old regions: 1->1
[2025-09-15T07:43:34.204+0000][187][info ][gc,heap     ] GC(8) Humongous regions: 0->0
[2025-09-15T07:43:34.204+0000][187][info ][gc,metaspace] GC(8) Metaspace: 38285K(39424K)->38285K(39424K) NonClass: 33793K(34496K)->33793K(34496K) Class: 4491K(4928K)->4491K(4928K)
[2025-09-15T07:43:34.204+0000][187][info ][gc          ] GC(8) Pause Young (Normal) (G1 Evacuation Pause) 612M->37M(1024M) 10.706ms
[2025-09-15T07:43:34.204+0000][187][info ][gc,cpu      ] GC(8) User=0.04s Sys=0.00s Real=0.01s
[2025-09-15T07:43:34.204+0000][187][info ][safepoint   ] Safepoint "G1CollectForAllocation", Time since last: 129822333 ns, Reaching safepoint: 2209 ns, Cleanup: 55375 ns, At safepoint: 10791541 ns, Total: 10849125 ns
[2025-09-15T07:43:34.485+0000][187][info ][safepoint   ] Safepoint "ICBufferFull", Time since last: 280930584 ns, Reaching safepoint: 2875 ns, Cleanup: 100042 ns, At safepoint: 11125 ns, Total: 114042 ns
[2025-09-15T07:43:34.575+0000][187][info ][safepoint   ] Safepoint "ICBufferFull", Time since last: 89401708 ns, Reaching safepoint: 2125 ns, Cleanup: 71292 ns, At safepoint: 4333 ns, Total: 77750 ns
[2025-09-15T07:43:34.686+0000][187][info ][safepoint   ] Safepoint "ICBufferFull", Time since last: 109689833 ns, Reaching safepoint: 1055792 ns, Cleanup: 139167 ns, At safepoint: 19458 ns, Total: 1214417 ns
[2025-09-15T07:43:35.059+0000][187][info ][safepoint   ] Safepoint "ICBufferFull", Time since last: 373701125 ns, Reaching safepoint: 2459 ns, Cleanup: 90916 ns, At safepoint: 14375 ns, Total: 107750 ns
[2025-09-15T07:43:35.112+0000][187][info ][safepoint   ] Safepoint "ICBufferFull", Time since last: 52670667 ns, Reaching safepoint: 2708 ns, Cleanup: 97500 ns, At safepoint: 21542 ns, Total: 121750 ns
[2025-09-15T07:43:35.354+0000][187][info ][safepoint   ] Safepoint "ICBufferFull", Time since last: 241260792 ns, Reaching safepoint: 2625 ns, Cleanup: 67625 ns, At safepoint: 4875 ns, Total: 75125 ns
[2025-09-15T07:43:35.707+0000][187][info ][gc,start    ] GC(9) Pause Young (Concurrent Start) (Metadata GC Threshold)
[2025-09-15T07:43:35.707+0000][187][info ][gc,task     ] GC(9) Using 8 workers of 8 for evacuation
[2025-09-15T07:43:35.707+0000][187][debug][gc,age      ] GC(9) Desired survivor size 41943040 bytes, new threshold 15 (max threshold 15)
[2025-09-15T07:43:35.721+0000][187][info ][gc,phases   ] GC(9)   Pre Evacuate Collection Set: 0.17ms
[2025-09-15T07:43:35.721+0000][187][info ][gc,phases   ] GC(9)   Merge Heap Roots: 0.09ms
[2025-09-15T07:43:35.721+0000][187][info ][gc,phases   ] GC(9)   Evacuate Collection Set: 11.14ms
[2025-09-15T07:43:35.721+0000][187][info ][gc,phases   ] GC(9)   Post Evacuate Collection Set: 2.01ms
[2025-09-15T07:43:35.721+0000][187][info ][gc,phases   ] GC(9)   Other: 0.19ms
[2025-09-15T07:43:35.721+0000][187][trace][gc,age      ] GC(9) Age table with threshold 15 (max threshold 15)
[2025-09-15T07:43:35.721+0000][187][trace][gc,age      ] GC(9) - age   1:   10287312 bytes,   10287312 total
[2025-09-15T07:43:35.721+0000][187][trace][gc,age      ] GC(9) - age   2:    8879968 bytes,   19167280 total
[2025-09-15T07:43:35.721+0000][187][trace][gc,age      ] GC(9) - age   3:      37096 bytes,   19204376 total
[2025-09-15T07:43:35.722+0000][187][trace][gc,age      ] GC(9) - age   4:    8329736 bytes,   27534112 total
[2025-09-15T07:43:35.722+0000][187][trace][gc,age      ] GC(9) - age   5:    5524584 bytes,   33058696 total
[2025-09-15T07:43:35.722+0000][187][trace][gc,age      ] GC(9) - age   6:     432560 bytes,   33491256 total
[2025-09-15T07:43:35.722+0000][187][trace][gc,age      ] GC(9) - age   7:    3951248 bytes,   37442504 total
[2025-09-15T07:43:35.722+0000][187][trace][gc,age      ] GC(9) - age   8:    4571848 bytes,   42014352 total
[2025-09-15T07:43:35.722+0000][187][info ][gc,heap     ] GC(9) Eden regions: 135->0(141)
[2025-09-15T07:43:35.722+0000][187][info ][gc,heap     ] GC(9) Survivor regions: 10->12(20)
[2025-09-15T07:43:35.722+0000][187][info ][gc,heap     ] GC(9) Old regions: 1->1
[2025-09-15T07:43:35.722+0000][187][info ][gc,heap     ] GC(9) Humongous regions: 0->0
[2025-09-15T07:43:35.722+0000][187][info ][gc,metaspace] GC(9) Metaspace: 59694K(61120K)->59694K(61120K) NonClass: 52160K(53056K)->52160K(53056K) Class: 7534K(8064K)->7534K(8064K)
[2025-09-15T07:43:35.722+0000][187][info ][gc          ] GC(9) Pause Young (Concurrent Start) (Metadata GC Threshold) 575M->45M(1024M) 15.306ms
[2025-09-15T07:43:35.722+0000][187][info ][gc,cpu      ] GC(9) User=0.05s Sys=0.01s Real=0.01s
[2025-09-15T07:43:35.722+0000][187][info ][gc          ] GC(10) Concurrent Mark Cycle
[2025-09-15T07:43:35.723+0000][187][info ][safepoint   ] Safepoint "CollectForMetadataAllocation", Time since last: 353418875 ns, Reaching safepoint: 2250 ns, Cleanup: 56042 ns, At safepoint: 15573375 ns, Total: 15631667 ns
[2025-09-15T07:43:35.723+0000][187][info ][gc,marking  ] GC(10) Concurrent Scan Root Regions
[2025-09-15T07:43:35.734+0000][187][info ][gc,marking  ] GC(10) Concurrent Scan Root Regions 10.813ms
[2025-09-15T07:43:35.734+0000][187][info ][gc,marking  ] GC(10) Concurrent Mark
[2025-09-15T07:43:35.734+0000][187][info ][gc,marking  ] GC(10) Concurrent Mark From Roots
[2025-09-15T07:43:35.734+0000][187][info ][gc,task     ] GC(10) Using 2 workers of 2 for marking
[2025-09-15T07:43:35.736+0000][187][info ][gc,marking  ] GC(10) Concurrent Mark From Roots 2.088ms
[2025-09-15T07:43:35.736+0000][187][info ][gc,marking  ] GC(10) Concurrent Preclean
[2025-09-15T07:43:35.736+0000][187][info ][gc,marking  ] GC(10) Concurrent Preclean 0.062ms
[2025-09-15T07:43:35.737+0000][187][info ][gc,start    ] GC(10) Pause Remark
[2025-09-15T07:43:35.743+0000][187][info ][gc          ] GC(10) Pause Remark 48M->48M(1024M) 5.843ms
[2025-09-15T07:43:35.743+0000][187][info ][gc,cpu      ] GC(10) User=0.02s Sys=0.00s Real=0.00s
[2025-09-15T07:43:35.743+0000][187][info ][safepoint   ] Safepoint "G1PauseRemark", Time since last: 14219916 ns, Reaching safepoint: 522792 ns, Cleanup: 4042 ns, At safepoint: 6076583 ns, Total: 6603417 ns
[2025-09-15T07:43:35.744+0000][187][info ][gc,marking  ] GC(10) Concurrent Mark 9.625ms
[2025-09-15T07:43:35.744+0000][187][info ][gc,marking  ] GC(10) Concurrent Rebuild Remembered Sets and Scrub Regions
[2025-09-15T07:43:35.745+0000][187][info ][gc,marking  ] GC(10) Concurrent Rebuild Remembered Sets and Scrub Regions 1.208ms
[2025-09-15T07:43:35.745+0000][187][info ][gc,start    ] GC(10) Pause Cleanup
[2025-09-15T07:43:35.746+0000][187][info ][gc          ] GC(10) Pause Cleanup 48M->48M(1024M) 0.348ms
[2025-09-15T07:43:35.746+0000][187][info ][gc,cpu      ] GC(10) User=0.00s Sys=0.00s Real=0.00s
[2025-09-15T07:43:35.746+0000][187][info ][safepoint   ] Safepoint "G1PauseCleanup", Time since last: 1517042 ns, Reaching safepoint: 401666 ns, Cleanup: 11334 ns, At safepoint: 617000 ns, Total: 1030000 ns
[2025-09-15T07:43:35.746+0000][187][info ][gc,marking  ] GC(10) Concurrent Clear Claimed Marks
[2025-09-15T07:43:35.746+0000][187][info ][gc,marking  ] GC(10) Concurrent Clear Claimed Marks 0.183ms
[2025-09-15T07:43:35.746+0000][187][info ][gc,marking  ] GC(10) Concurrent Cleanup for Next Mark
[2025-09-15T07:43:35.747+0000][187][info ][gc,marking  ] GC(10) Concurrent Cleanup for Next Mark 0.660ms
[2025-09-15T07:43:35.747+0000][187][info ][gc          ] GC(10) Concurrent Mark Cycle 24.764ms
[2025-09-15T07:43:36.173+0000][187][info ][safepoint   ] Safepoint "ICBufferFull", Time since last: 425605916 ns, Reaching safepoint: 773625 ns, Cleanup: 102250 ns, At safepoint: 18167 ns, Total: 894042 ns
[2025-09-15T07:43:36.318+0000][187][info ][safepoint   ] Safepoint "ICBufferFull", Time since last: 145218750 ns, Reaching safepoint: 3000 ns, Cleanup: 100375 ns, At safepoint: 12500 ns, Total: 115875 ns
[2025-09-15T07:43:36.917+0000][187][info ][safepoint   ] Safepoint "ICBufferFull", Time since last: 599157084 ns, Reaching safepoint: 2458 ns, Cleanup: 229667 ns, At safepoint: 13250 ns, Total: 245375 ns
[2025-09-15T07:43:37.067+0000][187][info ][safepoint   ] Safepoint "ICBufferFull", Time since last: 150122625 ns, Reaching safepoint: 2792 ns, Cleanup: 86666 ns, At safepoint: 4209 ns, Total: 93667 ns
[2025-09-15T07:43:37.629+0000][187][info ][gc,start    ] GC(11) Pause Young (Normal) (G1 Evacuation Pause)
[2025-09-15T07:43:37.630+0000][187][info ][gc,task     ] GC(11) Using 8 workers of 8 for evacuation
[2025-09-15T07:43:37.630+0000][187][debug][gc,age      ] GC(11) Desired survivor size 41943040 bytes, new threshold 8 (max threshold 15)
[2025-09-15T07:43:37.659+0000][187][info ][gc,phases   ] GC(11)   Pre Evacuate Collection Set: 0.31ms
[2025-09-15T07:43:37.659+0000][187][info ][gc,phases   ] GC(11)   Merge Heap Roots: 0.09ms
[2025-09-15T07:43:37.659+0000][187][info ][gc,phases   ] GC(11)   Evacuate Collection Set: 20.34ms
[2025-09-15T07:43:37.659+0000][187][info ][gc,phases   ] GC(11)   Post Evacuate Collection Set: 7.89ms
[2025-09-15T07:43:37.659+0000][187][info ][gc,phases   ] GC(11)   Other: 0.25ms
[2025-09-15T07:43:37.659+0000][187][trace][gc,age      ] GC(11) Age table with threshold 8 (max threshold 15)
[2025-09-15T07:43:37.659+0000][187][trace][gc,age      ] GC(11) - age   1:   10843016 bytes,   10843016 total
[2025-09-15T07:43:37.659+0000][187][trace][gc,age      ] GC(11) - age   2:    9846320 bytes,   20689336 total
[2025-09-15T07:43:37.659+0000][187][trace][gc,age      ] GC(11) - age   3:    8830864 bytes,   29520200 total
[2025-09-15T07:43:37.659+0000][187][trace][gc,age      ] GC(11) - age   4:      37032 bytes,   29557232 total
[2025-09-15T07:43:37.659+0000][187][trace][gc,age      ] GC(11) - age   5:    8317720 bytes,   37874952 total
[2025-09-15T07:43:37.659+0000][187][trace][gc,age      ] GC(11) - age   6:    5501120 bytes,   43376072 total
[2025-09-15T07:43:37.659+0000][187][trace][gc,age      ] GC(11) - age   7:     430160 bytes,   43806232 total
[2025-09-15T07:43:37.660+0000][187][trace][gc,age      ] GC(11) - age   8:    3943856 bytes,   47750088 total
[2025-09-15T07:43:37.660+0000][187][info ][gc,heap     ] GC(11) Eden regions: 141->0(140)
[2025-09-15T07:43:37.660+0000][187][info ][gc,heap     ] GC(11) Survivor regions: 12->13(20)
[2025-09-15T07:43:37.660+0000][187][info ][gc,heap     ] GC(11) Old regions: 1->2
[2025-09-15T07:43:37.660+0000][187][info ][gc,heap     ] GC(11) Humongous regions: 0->0
[2025-09-15T07:43:37.660+0000][187][info ][gc,metaspace] GC(11) Metaspace: 75252K(77056K)->75252K(77056K) NonClass: 65164K(66240K)->65164K(66240K) Class: 10088K(10816K)->10088K(10816K)
[2025-09-15T07:43:37.661+0000][187][info ][gc          ] GC(11) Pause Young (Normal) (G1 Evacuation Pause) 609M->56M(1024M) 31.111ms
[2025-09-15T07:43:37.661+0000][187][info ][gc,cpu      ] GC(11) User=0.11s Sys=0.00s Real=0.03s
[2025-09-15T07:43:37.661+0000][187][info ][safepoint   ] Safepoint "G1CollectForAllocation", Time since last: 561773083 ns, Reaching safepoint: 2958 ns, Cleanup: 147625 ns, At safepoint: 31274750 ns, Total: 31425333 ns
[2025-09-15T07:43:37.904+0000][187][info ][safepoint   ] Safepoint "ICBufferFull", Time since last: 243701501 ns, Reaching safepoint: 2500 ns, Cleanup: 104333 ns, At safepoint: 4542 ns, Total: 111375 ns
[2025-09-15T07:43:38.109+0000][187][info ][safepoint   ] Safepoint "ICBufferFull", Time since last: 204333541 ns, Reaching safepoint: 3000 ns, Cleanup: 82709 ns, At safepoint: 9583 ns, Total: 95292 ns
[2025-09-15T07:43:38.427+0000][187][info ][safepoint   ] Safepoint "ICBufferFull", Time since last: 318462042 ns, Reaching safepoint: 3083 ns, Cleanup: 85417 ns, At safepoint: 19000 ns, Total: 107500 ns
[2025-09-15T07:43:38.729+0000][187][info ][safepoint   ] Safepoint "ICBufferFull", Time since last: 301233500 ns, Reaching safepoint: 2958 ns, Cleanup: 543667 ns, At safepoint: 5667 ns, Total: 552292 ns
[2025-09-15T07:43:38.973+0000][187][info ][gc,start    ] GC(12) Pause Young (Concurrent Start) (Metadata GC Threshold)
[2025-09-15T07:43:38.973+0000][187][info ][gc,task     ] GC(12) Using 8 workers of 8 for evacuation
[2025-09-15T07:43:38.973+0000][187][debug][gc,age      ] GC(12) Desired survivor size 41943040 bytes, new threshold 6 (max threshold 15)
[2025-09-15T07:43:38.994+0000][187][info ][gc,phases   ] GC(12)   Pre Evacuate Collection Set: 0.14ms
[2025-09-15T07:43:38.994+0000][187][info ][gc,phases   ] GC(12)   Merge Heap Roots: 0.04ms
[2025-09-15T07:43:38.994+0000][187][info ][gc,phases   ] GC(12)   Evacuate Collection Set: 19.05ms
[2025-09-15T07:43:38.994+0000][187][info ][gc,phases   ] GC(12)   Post Evacuate Collection Set: 1.95ms
[2025-09-15T07:43:38.994+0000][187][info ][gc,phases   ] GC(12)   Other: 0.17ms
[2025-09-15T07:43:38.994+0000][187][trace][gc,age      ] GC(12) Age table with threshold 6 (max threshold 15)
[2025-09-15T07:43:38.995+0000][187][trace][gc,age      ] GC(12) - age   1:    9672608 bytes,    9672608 total
[2025-09-15T07:43:38.995+0000][187][trace][gc,age      ] GC(12) - age   2:   10486248 bytes,   20158856 total
[2025-09-15T07:43:38.995+0000][187][trace][gc,age      ] GC(12) - age   3:    9680744 bytes,   29839600 total
[2025-09-15T07:43:38.995+0000][187][trace][gc,age      ] GC(12) - age   4:    8814488 bytes,   38654088 total
[2025-09-15T07:43:38.995+0000][187][trace][gc,age      ] GC(12) - age   5:      36776 bytes,   38690864 total
[2025-09-15T07:43:38.995+0000][187][trace][gc,age      ] GC(12) - age   6:    8292584 bytes,   46983448 total
[2025-09-15T07:43:38.995+0000][187][info ][gc,heap     ] GC(12) Eden regions: 80->0(139)
[2025-09-15T07:43:38.995+0000][187][info ][gc,heap     ] GC(12) Survivor regions: 13->14(20)
[2025-09-15T07:43:38.995+0000][187][info ][gc,heap     ] GC(12) Old regions: 2->4
[2025-09-15T07:43:38.995+0000][187][info ][gc,heap     ] GC(12) Humongous regions: 0->0
[2025-09-15T07:43:38.995+0000][187][info ][gc,metaspace] GC(12) Metaspace: 99988K(102080K)->99988K(102080K) NonClass: 86507K(87680K)->86507K(87680K) Class: 13480K(14400K)->13480K(14400K)
[2025-09-15T07:43:38.995+0000][187][info ][gc          ] GC(12) Pause Young (Concurrent Start) (Metadata GC Threshold) 376M->68M(1024M) 22.104ms
[2025-09-15T07:43:38.995+0000][187][info ][gc,cpu      ] GC(12) User=0.12s Sys=0.00s Real=0.02s
[2025-09-15T07:43:38.995+0000][187][info ][gc          ] GC(13) Concurrent Mark Cycle
[2025-09-15T07:43:38.995+0000][187][info ][gc,marking  ] GC(13) Concurrent Scan Root Regions
[2025-09-15T07:43:38.995+0000][187][info ][safepoint   ] Safepoint "CollectForMetadataAllocation", Time since last: 243439708 ns, Reaching safepoint: 3625 ns, Cleanup: 45750 ns, At safepoint: 22283750 ns, Total: 22333125 ns
[2025-09-15T07:43:39.004+0000][187][info ][gc,marking  ] GC(13) Concurrent Scan Root Regions 8.962ms
[2025-09-15T07:43:39.004+0000][187][info ][gc,marking  ] GC(13) Concurrent Mark
[2025-09-15T07:43:39.004+0000][187][info ][gc,marking  ] GC(13) Concurrent Mark From Roots
[2025-09-15T07:43:39.004+0000][187][info ][gc,task     ] GC(13) Using 2 workers of 2 for marking
[2025-09-15T07:43:39.007+0000][187][info ][gc,marking  ] GC(13) Concurrent Mark From Roots 2.402ms
[2025-09-15T07:43:39.007+0000][187][info ][gc,marking  ] GC(13) Concurrent Preclean
[2025-09-15T07:43:39.007+0000][187][info ][gc,marking  ] GC(13) Concurrent Preclean 0.049ms
[2025-09-15T07:43:39.007+0000][187][info ][gc,start    ] GC(13) Pause Remark
[2025-09-15T07:43:39.011+0000][187][info ][gc          ] GC(13) Pause Remark 74M->74M(1024M) 3.136ms
[2025-09-15T07:43:39.011+0000][187][info ][gc,cpu      ] GC(13) User=0.02s Sys=0.00s Real=0.00s
[2025-09-15T07:43:39.011+0000][187][info ][safepoint   ] Safepoint "G1PauseRemark", Time since last: 11650167 ns, Reaching safepoint: 704041 ns, Cleanup: 8542 ns, At safepoint: 3256750 ns, Total: 3969333 ns
[2025-09-15T07:43:39.011+0000][187][info ][gc,marking  ] GC(13) Concurrent Mark 6.615ms
[2025-09-15T07:43:39.011+0000][187][info ][gc,marking  ] GC(13) Concurrent Rebuild Remembered Sets and Scrub Regions
[2025-09-15T07:43:39.012+0000][187][info ][gc,marking  ] GC(13) Concurrent Rebuild Remembered Sets and Scrub Regions 1.512ms
[2025-09-15T07:43:39.013+0000][187][info ][gc,start    ] GC(13) Pause Cleanup
[2025-09-15T07:43:39.013+0000][187][info ][gc          ] GC(13) Pause Cleanup 74M->74M(1024M) 0.050ms
[2025-09-15T07:43:39.014+0000][187][info ][gc,cpu      ] GC(13) User=0.00s Sys=0.00s Real=0.00s
[2025-09-15T07:43:39.014+0000][187][info ][safepoint   ] Safepoint "G1PauseCleanup", Time since last: 1660958 ns, Reaching safepoint: 1092625 ns, Cleanup: 11292 ns, At safepoint: 141167 ns, Total: 1245084 ns
[2025-09-15T07:43:39.014+0000][187][info ][gc,marking  ] GC(13) Concurrent Clear Claimed Marks
[2025-09-15T07:43:39.014+0000][187][info ][gc,marking  ] GC(13) Concurrent Clear Claimed Marks 0.059ms
[2025-09-15T07:43:39.014+0000][187][info ][gc,marking  ] GC(13) Concurrent Cleanup for Next Mark
[2025-09-15T07:43:39.014+0000][187][info ][gc,marking  ] GC(13) Concurrent Cleanup for Next Mark 0.378ms
[2025-09-15T07:43:39.014+0000][187][info ][gc          ] GC(13) Concurrent Mark Cycle 19.201ms
[2025-09-15T07:43:39.229+0000][187][info ][safepoint   ] Safepoint "ICBufferFull", Time since last: 215450042 ns, Reaching safepoint: 3416 ns, Cleanup: 86917 ns, At safepoint: 4917 ns, Total: 95250 ns
[2025-09-15T07:43:39.536+0000][187][info ][safepoint   ] Safepoint "ICBufferFull", Time since last: 307265041 ns, Reaching safepoint: 3959 ns, Cleanup: 96500 ns, At safepoint: 5208 ns, Total: 105667 ns
[2025-09-15T07:43:39.813+0000][187][info ][safepoint   ] Safepoint "ICBufferFull", Time since last: 276053833 ns, Reaching safepoint: 3125 ns, Cleanup: 71666 ns, At safepoint: 4459 ns, Total: 79250 ns
[2025-09-15T07:43:39.961+0000][187][info ][safepoint   ] Safepoint "ICBufferFull", Time since last: 147342541 ns, Reaching safepoint: 2625 ns, Cleanup: 63209 ns, At safepoint: 4458 ns, Total: 70292 ns
[2025-09-15T07:43:40.022+0000][187][info ][safepoint   ] Safepoint "ICBufferFull", Time since last: 61256708 ns, Reaching safepoint: 2625 ns, Cleanup: 84084 ns, At safepoint: 4583 ns, Total: 91292 ns
[2025-09-15T07:43:40.057+0000][187][info ][safepoint   ] Safepoint "ICBufferFull", Time since last: 34920417 ns, Reaching safepoint: 217791 ns, Cleanup: 240375 ns, At safepoint: 7834 ns, Total: 466000 ns
[2025-09-15T07:43:40.101+0000][187][info ][safepoint   ] Safepoint "ICBufferFull", Time since last: 43461958 ns, Reaching safepoint: 2792 ns, Cleanup: 60458 ns, At safepoint: 9708 ns, Total: 72958 ns
[2025-09-15T07:43:40.111+0000][187][info ][safepoint   ] Safepoint "ICBufferFull", Time since last: 10351584 ns, Reaching safepoint: 2458 ns, Cleanup: 48875 ns, At safepoint: 6125 ns, Total: 57458 ns
[2025-09-15T07:43:40.157+0000][187][info ][safepoint   ] Safepoint "ICBufferFull", Time since last: 45536292 ns, Reaching safepoint: 3333 ns, Cleanup: 72000 ns, At safepoint: 5375 ns, Total: 80708 ns
[2025-09-15T07:43:40.240+0000][187][info ][safepoint   ] Safepoint "ICBufferFull", Time since last: 82708833 ns, Reaching safepoint: 3250 ns, Cleanup: 86792 ns, At safepoint: 30625 ns, Total: 120667 ns
[2025-09-15T07:43:40.336+0000][187][info ][safepoint   ] Safepoint "ICBufferFull", Time since last: 95375542 ns, Reaching safepoint: 1037125 ns, Cleanup: 66791 ns, At safepoint: 17125 ns, Total: 1121041 ns
[2025-09-15T07:43:40.403+0000][187][info ][safepoint   ] Safepoint "ICBufferFull", Time since last: 66581792 ns, Reaching safepoint: 158000 ns, Cleanup: 86500 ns, At safepoint: 11167 ns, Total: 255667 ns
[2025-09-15T07:43:40.610+0000][187][info ][safepoint   ] Safepoint "ICBufferFull", Time since last: 205258375 ns, Reaching safepoint: 982917 ns, Cleanup: 619708 ns, At safepoint: 30958 ns, Total: 1633583 ns
[2025-09-15T07:43:40.676+0000][187][info ][safepoint   ] Safepoint "ICBufferFull", Time since last: 65771125 ns, Reaching safepoint: 3625 ns, Cleanup: 112750 ns, At safepoint: 7709 ns, Total: 124084 ns
[2025-09-15T07:43:40.766+0000][187][info ][safepoint   ] Safepoint "ICBufferFull", Time since last: 90358666 ns, Reaching safepoint: 3917 ns, Cleanup: 78458 ns, At safepoint: 3834 ns, Total: 86209 ns
[2025-09-15T07:43:40.824+0000][187][info ][safepoint   ] Safepoint "ICBufferFull", Time since last: 57742958 ns, Reaching safepoint: 11417 ns, Cleanup: 170125 ns, At safepoint: 61375 ns, Total: 242917 ns
[2025-09-15T07:43:40.914+0000][187][info ][safepoint   ] Safepoint "ICBufferFull", Time since last: 89398583 ns, Reaching safepoint: 3833 ns, Cleanup: 63459 ns, At safepoint: 7875 ns, Total: 75167 ns
[2025-09-15T07:43:40.953+0000][187][info ][safepoint   ] Safepoint "ICBufferFull", Time since last: 39233875 ns, Reaching safepoint: 9250 ns, Cleanup: 85166 ns, At safepoint: 10375 ns, Total: 104791 ns
[2025-09-15T07:43:41.078+0000][187][info ][safepoint   ] Safepoint "ICBufferFull", Time since last: 123393667 ns, Reaching safepoint: 490042 ns, Cleanup: 91208 ns, At safepoint: 515708 ns, Total: 1096958 ns
[2025-09-15T07:43:41.250+0000][187][info ][safepoint   ] Safepoint "ICBufferFull", Time since last: 172713584 ns, Reaching safepoint: 11333 ns, Cleanup: 80292 ns, At safepoint: 5458 ns, Total: 97083 ns
[2025-09-15T07:43:41.404+0000][187][info ][gc,start    ] GC(14) Pause Young (Normal) (G1 Evacuation Pause)
[2025-09-15T07:43:41.404+0000][187][info ][gc,task     ] GC(14) Using 8 workers of 8 for evacuation
[2025-09-15T07:43:41.404+0000][187][debug][gc,age      ] GC(14) Desired survivor size 41943040 bytes, new threshold 6 (max threshold 15)
[2025-09-15T07:43:41.444+0000][187][info ][gc,phases   ] GC(14)   Pre Evacuate Collection Set: 0.16ms
[2025-09-15T07:43:41.444+0000][187][info ][gc,phases   ] GC(14)   Merge Heap Roots: 0.08ms
[2025-09-15T07:43:41.444+0000][187][info ][gc,phases   ] GC(14)   Evacuate Collection Set: 35.34ms
[2025-09-15T07:43:41.444+0000][187][info ][gc,phases   ] GC(14)   Post Evacuate Collection Set: 4.18ms
[2025-09-15T07:43:41.444+0000][187][info ][gc,phases   ] GC(14)   Other: 0.18ms
[2025-09-15T07:43:41.444+0000][187][trace][gc,age      ] GC(14) Age table with threshold 6 (max threshold 15)
[2025-09-15T07:43:41.444+0000][187][trace][gc,age      ] GC(14) - age   1:   44038504 bytes,   44038504 total
[2025-09-15T07:43:41.444+0000][187][trace][gc,age      ] GC(14) - age   2:    9255680 bytes,   53294184 total
[2025-09-15T07:43:41.444+0000][187][trace][gc,age      ] GC(14) - age   3:   10411688 bytes,   63705872 total
[2025-09-15T07:43:41.444+0000][187][trace][gc,age      ] GC(14) - age   4:    9573144 bytes,   73279016 total
[2025-09-15T07:43:41.445+0000][187][trace][gc,age      ] GC(14) - age   5:    8807784 bytes,   82086800 total
[2025-09-15T07:43:41.445+0000][187][trace][gc,age      ] GC(14) - age   6:      36712 bytes,   82123512 total
[2025-09-15T07:43:41.445+0000][187][info ][gc,heap     ] GC(14) Eden regions: 139->0(133)
[2025-09-15T07:43:41.445+0000][187][info ][gc,heap     ] GC(14) Survivor regions: 14->20(20)
[2025-09-15T07:43:41.445+0000][187][info ][gc,heap     ] GC(14) Old regions: 4->9
[2025-09-15T07:43:41.445+0000][187][info ][gc,heap     ] GC(14) Humongous regions: 2->2
[2025-09-15T07:43:41.445+0000][187][info ][gc,metaspace] GC(14) Metaspace: 137426K(141440K)->137426K(141440K) NonClass: 117966K(120128K)->117966K(120128K) Class: 19459K(21312K)->19459K(21312K)
[2025-09-15T07:43:41.445+0000][187][info ][gc          ] GC(14) Pause Young (Normal) (G1 Evacuation Pause) 632M->121M(1024M) 40.686ms
[2025-09-15T07:43:41.445+0000][187][info ][gc,cpu      ] GC(14) User=0.25s Sys=0.01s Real=0.04s
[2025-09-15T07:43:41.445+0000][187][info ][safepoint   ] Safepoint "G1CollectForAllocation", Time since last: 152746167 ns, Reaching safepoint: 853333 ns, Cleanup: 91167 ns, At safepoint: 40803792 ns, Total: 41748292 ns
[2025-09-15T07:43:41.446+0000][187][info ][gc,start    ] GC(15) Pause Young (Normal) (G1 Evacuation Pause)
[2025-09-15T07:43:41.446+0000][187][info ][gc,task     ] GC(15) Using 8 workers of 8 for evacuation
[2025-09-15T07:43:41.446+0000][187][debug][gc,age      ] GC(15) Desired survivor size 6291456 bytes, new threshold 1 (max threshold 15)
[2025-09-15T07:43:41.487+0000][187][info ][gc,phases   ] GC(15)   Pre Evacuate Collection Set: 0.11ms
[2025-09-15T07:43:41.487+0000][187][info ][gc,phases   ] GC(15)   Merge Heap Roots: 0.23ms
[2025-09-15T07:43:41.488+0000][187][info ][gc,phases   ] GC(15)   Evacuate Collection Set: 35.78ms
[2025-09-15T07:43:41.488+0000][187][info ][gc,phases   ] GC(15)   Post Evacuate Collection Set: 4.85ms
[2025-09-15T07:43:41.489+0000][187][info ][gc,phases   ] GC(15)   Other: 0.28ms
[2025-09-15T07:43:41.489+0000][187][trace][gc,age      ] GC(15) Age table with threshold 1 (max threshold 15)
[2025-09-15T07:43:41.490+0000][187][trace][gc,age      ] GC(15) - age   1:       2520 bytes,       2520 total
[2025-09-15T07:43:41.490+0000][187][info ][gc,heap     ] GC(15) Eden regions: 1->0(151)
[2025-09-15T07:43:41.490+0000][187][info ][gc,heap     ] GC(15) Survivor regions: 20->2(3)
[2025-09-15T07:43:41.491+0000][187][info ][gc,heap     ] GC(15) Old regions: 9->30
[2025-09-15T07:43:41.491+0000][187][info ][gc,heap     ] GC(15) Humongous regions: 2->2
[2025-09-15T07:43:41.491+0000][187][info ][gc,metaspace] GC(15) Metaspace: 137426K(141440K)->137426K(141440K) NonClass: 117966K(120128K)->117966K(120128K) Class: 19459K(21312K)->19459K(21312K)
[2025-09-15T07:43:41.491+0000][187][info ][gc          ] GC(15) Pause Young (Normal) (G1 Evacuation Pause) 125M->132M(1024M) 44.858ms
[2025-09-15T07:43:41.491+0000][187][info ][gc,cpu      ] GC(15) User=0.24s Sys=0.00s Real=0.05s
[2025-09-15T07:43:41.491+0000][187][info ][safepoint   ] Safepoint "G1CollectForAllocation", Time since last: 793416 ns, Reaching safepoint: 294667 ns, Cleanup: 2000 ns, At safepoint: 45081333 ns, Total: 45378000 ns
[2025-09-15T07:43:41.573+0000][187][info ][safepoint   ] Safepoint "ICBufferFull", Time since last: 81684084 ns, Reaching safepoint: 249125 ns, Cleanup: 78708 ns, At safepoint: 24208 ns, Total: 352041 ns
[2025-09-15T07:43:41.688+0000][187][info ][safepoint   ] Safepoint "ICBufferFull", Time since last: 114436000 ns, Reaching safepoint: 54709 ns, Cleanup: 550666 ns, At safepoint: 23417 ns, Total: 628792 ns
[2025-09-15T07:43:42.001+0000][187][info ][safepoint   ] Safepoint "ICBufferFull", Time since last: 313133500 ns, Reaching safepoint: 7292 ns, Cleanup: 93542 ns, At safepoint: 6708 ns, Total: 107542 ns
[2025-09-15T07:43:42.146+0000][187][info ][safepoint   ] Safepoint "ICBufferFull", Time since last: 144663958 ns, Reaching safepoint: 8542 ns, Cleanup: 76500 ns, At safepoint: 32125 ns, Total: 117167 ns
[2025-09-15T07:43:42.265+0000][187][info ][safepoint   ] Safepoint "ICBufferFull", Time since last: 118328917 ns, Reaching safepoint: 11000 ns, Cleanup: 154583 ns, At safepoint: 138000 ns, Total: 303583 ns
[2025-09-15T07:43:42.384+0000][187][info ][safepoint   ] Safepoint "ICBufferFull", Time since last: 117534458 ns, Reaching safepoint: 725209 ns, Cleanup: 90708 ns, At safepoint: 367875 ns, Total: 1183792 ns
[2025-09-15T07:43:42.486+0000][187][info ][safepoint   ] Safepoint "ICBufferFull", Time since last: 101998250 ns, Reaching safepoint: 82208 ns, Cleanup: 112500 ns, At safepoint: 182209 ns, Total: 376917 ns
[2025-09-15T07:43:42.568+0000][187][info ][safepoint   ] Safepoint "ICBufferFull", Time since last: 81284458 ns, Reaching safepoint: 937583 ns, Cleanup: 79292 ns, At safepoint: 22333 ns, Total: 1039208 ns
[2025-09-15T07:43:42.782+0000][187][info ][safepoint   ] Safepoint "ICBufferFull", Time since last: 213713417 ns, Reaching safepoint: 8834 ns, Cleanup: 112166 ns, At safepoint: 20167 ns, Total: 141167 ns
[2025-09-15T07:43:42.996+0000][187][info ][safepoint   ] Safepoint "ICBufferFull", Time since last: 213475375 ns, Reaching safepoint: 9833 ns, Cleanup: 94500 ns, At safepoint: 16167 ns, Total: 120500 ns
[2025-09-15T07:43:43.181+0000][187][info ][safepoint   ] Safepoint "ICBufferFull", Time since last: 185525833 ns, Reaching safepoint: 8709 ns, Cleanup: 99375 ns, At safepoint: 15375 ns, Total: 123459 ns
[2025-09-15T07:43:43.329+0000][187][info ][safepoint   ] Safepoint "ICBufferFull", Time since last: 147487375 ns, Reaching safepoint: 9417 ns, Cleanup: 115916 ns, At safepoint: 12417 ns, Total: 137750 ns
[2025-09-15T07:43:43.435+0000][187][info ][safepoint   ] Safepoint "ICBufferFull", Time since last: 106214500 ns, Reaching safepoint: 12792 ns, Cleanup: 160500 ns, At safepoint: 16291 ns, Total: 189583 ns
[2025-09-15T07:43:43.575+0000][187][info ][safepoint   ] Safepoint "ICBufferFull", Time since last: 139162375 ns, Reaching safepoint: 10084 ns, Cleanup: 104125 ns, At safepoint: 11958 ns, Total: 126167 ns
[2025-09-15T07:43:43.704+0000][187][info ][safepoint   ] Safepoint "ICBufferFull", Time since last: 129363917 ns, Reaching safepoint: 8000 ns, Cleanup: 86958 ns, At safepoint: 7708 ns, Total: 102666 ns
[2025-09-15T07:43:43.972+0000][187][info ][safepoint   ] Safepoint "ICBufferFull", Time since last: 267694917 ns, Reaching safepoint: 8958 ns, Cleanup: 88375 ns, At safepoint: 7875 ns, Total: 105208 ns
[2025-09-15T07:43:44.137+0000][187][info ][safepoint   ] Safepoint "ICBufferFull", Time since last: 165415792 ns, Reaching safepoint: 8750 ns, Cleanup: 109584 ns, At safepoint: 2916 ns, Total: 121250 ns
[2025-09-15T07:43:44.201+0000][187][info ][safepoint   ] Safepoint "ICBufferFull", Time since last: 63225584 ns, Reaching safepoint: 26583 ns, Cleanup: 251417 ns, At safepoint: 27291 ns, Total: 305291 ns
[2025-09-15T07:43:44.376+0000][187][info ][safepoint   ] Safepoint "ICBufferFull", Time since last: 174821334 ns, Reaching safepoint: 10083 ns, Cleanup: 90792 ns, At safepoint: 5333 ns, Total: 106208 ns
[2025-09-15T07:43:45.377+0000][187][info ][safepoint   ] Safepoint "Cleanup", Time since last: 1000132875 ns, Reaching safepoint: 1120084 ns, Cleanup: 95458 ns, At safepoint: 7125 ns, Total: 1222667 ns
[2025-09-15T07:43:46.378+0000][187][info ][safepoint   ] Safepoint "Cleanup", Time since last: 1000852542 ns, Reaching safepoint: 25292 ns, Cleanup: 31667 ns, At safepoint: 7333 ns, Total: 64292 ns
[2025-09-15T07:43:47.379+0000][187][info ][safepoint   ] Safepoint "Cleanup", Time since last: 1000835084 ns, Reaching safepoint: 36708 ns, Cleanup: 18625 ns, At safepoint: 40208 ns, Total: 95541 ns
[2025-09-15T07:43:48.380+0000][187][info ][safepoint   ] Safepoint "Cleanup", Time since last: 1001084084 ns, Reaching safepoint: 13959 ns, Cleanup: 30041 ns, At safepoint: 7334 ns, Total: 51334 ns
[2025-09-15T07:43:49.381+0000][187][info ][safepoint   ] Safepoint "Cleanup", Time since last: 1000748458 ns, Reaching safepoint: 16792 ns, Cleanup: 24417 ns, At safepoint: 4708 ns, Total: 45917 ns
[2025-09-15T07:43:50.383+0000][187][info ][safepoint   ] Safepoint "Cleanup", Time since last: 1001672167 ns, Reaching safepoint: 26959 ns, Cleanup: 53708 ns, At safepoint: 6500 ns, Total: 87167 ns
[2025-09-15T07:43:51.384+0000][187][info ][safepoint   ] Safepoint "Cleanup", Time since last: 1001175167 ns, Reaching safepoint: 34792 ns, Cleanup: 10541 ns, At safepoint: 4375 ns, Total: 49708 ns
[2025-09-15T07:43:52.385+0000][187][info ][safepoint   ] Safepoint "Cleanup", Time since last: 1000939876 ns, Reaching safepoint: 71333 ns, Cleanup: 22333 ns, At safepoint: 7542 ns, Total: 101208 ns
[2025-09-15T07:43:53.387+0000][187][info ][safepoint   ] Safepoint "Cleanup", Time since last: 1001887376 ns, Reaching safepoint: 20666 ns, Cleanup: 14542 ns, At safepoint: 5542 ns, Total: 40750 ns
[2025-09-15T07:43:53.679+0000][187][info ][gc,start    ] GC(16) Pause Young (Normal) (G1 Evacuation Pause)
[2025-09-15T07:43:53.680+0000][187][info ][gc,task     ] GC(16) Using 8 workers of 8 for evacuation
[2025-09-15T07:43:53.680+0000][187][debug][gc,age      ] GC(16) Desired survivor size 41943040 bytes, new threshold 15 (max threshold 15)
[2025-09-15T07:43:53.749+0000][187][info ][gc,phases   ] GC(16)   Pre Evacuate Collection Set: 0.83ms
[2025-09-15T07:43:53.749+0000][187][info ][gc,phases   ] GC(16)   Merge Heap Roots: 1.33ms
[2025-09-15T07:43:53.750+0000][187][info ][gc,phases   ] GC(16)   Evacuate Collection Set: 63.80ms
[2025-09-15T07:43:53.750+0000][187][info ][gc,phases   ] GC(16)   Post Evacuate Collection Set: 3.06ms
[2025-09-15T07:43:53.750+0000][187][info ][gc,phases   ] GC(16)   Other: 0.68ms
[2025-09-15T07:43:53.750+0000][187][trace][gc,age      ] GC(16) Age table with threshold 15 (max threshold 15)
[2025-09-15T07:43:53.750+0000][187][trace][gc,age      ] GC(16) - age   1:   21471088 bytes,   21471088 total
[2025-09-15T07:43:53.750+0000][187][trace][gc,age      ] GC(16) - age   2:        160 bytes,   21471248 total
[2025-09-15T07:43:53.750+0000][187][info ][gc,heap     ] GC(16) Eden regions: 151->0(147)
[2025-09-15T07:43:53.750+0000][187][info ][gc,heap     ] GC(16) Survivor regions: 2->6(20)
[2025-09-15T07:43:53.750+0000][187][info ][gc,heap     ] GC(16) Old regions: 30->30
[2025-09-15T07:43:53.750+0000][187][info ][gc,heap     ] GC(16) Humongous regions: 2->2
[2025-09-15T07:43:53.750+0000][187][info ][gc,metaspace] GC(16) Metaspace: 147880K(152000K)->147880K(152000K) NonClass: 126995K(129216K)->126995K(129216K) Class: 20884K(22784K)->20884K(22784K)
[2025-09-15T07:43:53.750+0000][187][info ][gc          ] GC(16) Pause Young (Normal) (G1 Evacuation Pause) 736M->149M(1024M) 70.903ms
[2025-09-15T07:43:53.750+0000][187][info ][gc,cpu      ] GC(16) User=0.32s Sys=0.01s Real=0.07s
[2025-09-15T07:43:53.750+0000][187][info ][safepoint   ] Safepoint "G1CollectForAllocation", Time since last: 291177416 ns, Reaching safepoint: 767834 ns, Cleanup: 115625 ns, At safepoint: 71208625 ns, Total: 72092084 ns
[2025-09-15T07:43:53.815+0000][187][info ][safepoint   ] Safepoint "ICBufferFull", Time since last: 63221500 ns, Reaching safepoint: 1683625 ns, Cleanup: 79625 ns, At safepoint: 14333 ns, Total: 1777583 ns
[2025-09-15T07:43:53.816+0000][187][info ][safepoint   ] Safepoint "ICBufferFull", Time since last: 276500 ns, Reaching safepoint: 6000 ns, Cleanup: 3209 ns, At safepoint: 9916 ns, Total: 19125 ns
[2025-09-15T07:43:53.817+0000][187][info ][safepoint   ] Safepoint "ICBufferFull", Time since last: 433834 ns, Reaching safepoint: 969916 ns, Cleanup: 1834 ns, At safepoint: 26958 ns, Total: 998708 ns
[2025-09-15T07:43:53.819+0000][187][info ][safepoint   ] Safepoint "ICBufferFull", Time since last: 1644708 ns, Reaching safepoint: 336959 ns, Cleanup: 18875 ns, At safepoint: 21583 ns, Total: 377417 ns
[2025-09-15T07:43:53.820+0000][187][info ][safepoint   ] Safepoint "ICBufferFull", Time since last: 248583 ns, Reaching safepoint: 702500 ns, Cleanup: 4667 ns, At safepoint: 21292 ns, Total: 728459 ns
[2025-09-15T07:43:53.922+0000][187][info ][safepoint   ] Safepoint "ICBufferFull", Time since last: 101412125 ns, Reaching safepoint: 828125 ns, Cleanup: 237500 ns, At safepoint: 19916 ns, Total: 1085541 ns
[2025-09-15T07:43:54.599+0000][187][info ][safepoint   ] Safepoint "ICBufferFull", Time since last: 676483251 ns, Reaching safepoint: 9666 ns, Cleanup: 112709 ns, At safepoint: 11333 ns, Total: 133708 ns
[2025-09-15T07:43:54.599+0000][187][info ][safepoint   ] Safepoint "ICBufferFull", Time since last: 258333 ns, Reaching safepoint: 6000 ns, Cleanup: 1000 ns, At safepoint: 2125 ns, Total: 9125 ns
[2025-09-15T07:43:54.600+0000][187][info ][safepoint   ] Safepoint "ICBufferFull", Time since last: 209709 ns, Reaching safepoint: 30250 ns, Cleanup: 5000 ns, At safepoint: 16500 ns, Total: 51750 ns
[2025-09-15T07:43:54.734+0000][187][info ][safepoint   ] Safepoint "ICBufferFull", Time since last: 134403291 ns, Reaching safepoint: 63459 ns, Cleanup: 123416 ns, At safepoint: 21334 ns, Total: 208209 ns
[2025-09-15T07:43:54.928+0000][187][info ][safepoint   ] Safepoint "ICBufferFull", Time since last: 194000666 ns, Reaching safepoint: 7834 ns, Cleanup: 111708 ns, At safepoint: 5167 ns, Total: 124709 ns
[2025-09-15T07:43:55.968+0000][187][info ][safepoint   ] Safepoint "ICBufferFull", Time since last: 1039458334 ns, Reaching safepoint: 161083 ns, Cleanup: 138917 ns, At safepoint: 39541 ns, Total: 339541 ns
[2025-09-15T07:43:56.070+0000][187][info ][safepoint   ] Safepoint "ICBufferFull", Time since last: 101702417 ns, Reaching safepoint: 16833 ns, Cleanup: 132292 ns, At safepoint: 24750 ns, Total: 173875 ns
[2025-09-15T07:43:56.151+0000][187][info ][safepoint   ] Safepoint "ICBufferFull", Time since last: 80872875 ns, Reaching safepoint: 21208 ns, Cleanup: 91792 ns, At safepoint: 8708 ns, Total: 121708 ns
[2025-09-15T07:43:56.277+0000][187][info ][safepoint   ] Safepoint "ICBufferFull", Time since last: 125452792 ns, Reaching safepoint: 575208 ns, Cleanup: 209584 ns, At safepoint: 25666 ns, Total: 810458 ns
[2025-09-15T07:43:56.286+0000][187][info ][safepoint   ] Safepoint "ICBufferFull", Time since last: 8206459 ns, Reaching safepoint: 499333 ns, Cleanup: 27333 ns, At safepoint: 27875 ns, Total: 554541 ns
[2025-09-15T07:43:56.364+0000][187][info ][safepoint   ] Safepoint "ICBufferFull", Time since last: 76623792 ns, Reaching safepoint: 1058625 ns, Cleanup: 92542 ns, At safepoint: 18375 ns, Total: 1169542 ns
[2025-09-15T07:43:56.513+0000][187][info ][safepoint   ] Safepoint "ICBufferFull", Time since last: 138477333 ns, Reaching safepoint: 755917 ns, Cleanup: 158958 ns, At safepoint: 9330292 ns, Total: 10245167 ns
[2025-09-15T07:43:56.732+0000][187][info ][safepoint   ] Safepoint "ICBufferFull", Time since last: 216244625 ns, Reaching safepoint: 2729125 ns, Cleanup: 292208 ns, At safepoint: 30917 ns, Total: 3052250 ns
[2025-09-15T07:43:56.822+0000][187][info ][gc,start    ] GC(17) Pause Young (Concurrent Start) (CodeCache GC Threshold)
[2025-09-15T07:43:56.822+0000][187][info ][gc,task     ] GC(17) Using 8 workers of 8 for evacuation
[2025-09-15T07:43:56.823+0000][187][debug][gc,age      ] GC(17) Desired survivor size 41943040 bytes, new threshold 15 (max threshold 15)
[2025-09-15T07:43:56.848+0000][187][info ][gc,phases   ] GC(17)   Pre Evacuate Collection Set: 0.82ms
[2025-09-15T07:43:56.849+0000][187][info ][gc,phases   ] GC(17)   Merge Heap Roots: 0.77ms
[2025-09-15T07:43:56.849+0000][187][info ][gc,phases   ] GC(17)   Evacuate Collection Set: 21.60ms
[2025-09-15T07:43:56.849+0000][187][info ][gc,phases   ] GC(17)   Post Evacuate Collection Set: 1.87ms
[2025-09-15T07:43:56.849+0000][187][info ][gc,phases   ] GC(17)   Other: 1.09ms
[2025-09-15T07:43:56.849+0000][187][trace][gc,age      ] GC(17) Age table with threshold 15 (max threshold 15)
[2025-09-15T07:43:56.849+0000][187][trace][gc,age      ] GC(17) - age   1:    8780272 bytes,    8780272 total
[2025-09-15T07:43:56.849+0000][187][trace][gc,age      ] GC(17) - age   2:   20484368 bytes,   29264640 total
[2025-09-15T07:43:56.849+0000][187][trace][gc,age      ] GC(17) - age   3:        160 bytes,   29264800 total
[2025-09-15T07:43:56.849+0000][187][info ][gc,heap     ] GC(17) Eden regions: 119->0(145)
[2025-09-15T07:43:56.849+0000][187][info ][gc,heap     ] GC(17) Survivor regions: 6->8(20)
[2025-09-15T07:43:56.849+0000][187][info ][gc,heap     ] GC(17) Old regions: 30->30
[2025-09-15T07:43:56.849+0000][187][info ][gc,heap     ] GC(17) Humongous regions: 2->2
[2025-09-15T07:43:56.849+0000][187][info ][gc,metaspace] GC(17) Metaspace: 152301K(156608K)->152301K(156608K) NonClass: 130799K(133184K)->130799K(133184K) Class: 21502K(23424K)->21502K(23424K)
[2025-09-15T07:43:56.849+0000][187][info ][gc          ] GC(17) Pause Young (Concurrent Start) (CodeCache GC Threshold) 625M->157M(1024M) 27.284ms
[2025-09-15T07:43:56.850+0000][187][info ][gc,cpu      ] GC(17) User=0.11s Sys=0.00s Real=0.03s
[2025-09-15T07:43:56.850+0000][187][info ][gc          ] GC(18) Concurrent Mark Cycle
[2025-09-15T07:43:56.850+0000][187][info ][gc,marking  ] GC(18) Concurrent Scan Root Regions
[2025-09-15T07:43:56.850+0000][187][info ][safepoint   ] Safepoint "G1TryInitiateConcMark", Time since last: 89774208 ns, Reaching safepoint: 347417 ns, Cleanup: 134333 ns, At safepoint: 27985375 ns, Total: 28467125 ns
[2025-09-15T07:43:56.873+0000][187][info ][gc,marking  ] GC(18) Concurrent Scan Root Regions 22.886ms
[2025-09-15T07:43:56.873+0000][187][info ][gc,marking  ] GC(18) Concurrent Mark
[2025-09-15T07:43:56.874+0000][187][info ][gc,marking  ] GC(18) Concurrent Mark From Roots
[2025-09-15T07:43:56.876+0000][187][info ][gc,task     ] GC(18) Using 2 workers of 2 for marking
[2025-09-15T07:43:57.030+0000][187][info ][safepoint   ] Safepoint "ICBufferFull", Time since last: 179597209 ns, Reaching safepoint: 236291 ns, Cleanup: 306667 ns, At safepoint: 25667 ns, Total: 568625 ns
[2025-09-15T07:43:57.035+0000][187][info ][safepoint   ] Safepoint "ICBufferFull", Time since last: 3657583 ns, Reaching safepoint: 1207667 ns, Cleanup: 7375 ns, At safepoint: 17916 ns, Total: 1232958 ns
[2025-09-15T07:43:57.040+0000][187][info ][safepoint   ] Safepoint "ICBufferFull", Time since last: 4388959 ns, Reaching safepoint: 78541 ns, Cleanup: 78459 ns, At safepoint: 22875 ns, Total: 179875 ns
[2025-09-15T07:43:57.039+0000][187][info ][gc,marking  ] GC(18) Concurrent Mark From Roots 165.302ms
[2025-09-15T07:43:57.041+0000][187][info ][gc,marking  ] GC(18) Concurrent Preclean
[2025-09-15T07:43:57.042+0000][187][info ][gc,marking  ] GC(18) Concurrent Preclean 1.366ms
[2025-09-15T07:43:57.047+0000][187][info ][gc,start    ] GC(18) Pause Remark
[2025-09-15T07:43:57.095+0000][187][info ][gc          ] GC(18) Pause Remark 257M->257M(1024M) 48.872ms
[2025-09-15T07:43:57.096+0000][187][info ][gc,cpu      ] GC(18) User=0.23s Sys=0.00s Real=0.05s
[2025-09-15T07:43:57.096+0000][187][info ][safepoint   ] Safepoint "G1PauseRemark", Time since last: 6682875 ns, Reaching safepoint: 172500 ns, Cleanup: 13375 ns, At safepoint: 49140166 ns, Total: 49326041 ns
[2025-09-15T07:43:57.098+0000][187][info ][gc,marking  ] GC(18) Concurrent Mark 224.619ms
[2025-09-15T07:43:57.098+0000][187][info ][gc,marking  ] GC(18) Concurrent Rebuild Remembered Sets and Scrub Regions
[2025-09-15T07:43:57.133+0000][187][info ][gc,marking  ] GC(18) Concurrent Rebuild Remembered Sets and Scrub Regions 34.400ms
[2025-09-15T07:43:57.148+0000][187][info ][gc,start    ] GC(18) Pause Cleanup
[2025-09-15T07:43:57.148+0000][187][info ][gc          ] GC(18) Pause Cleanup 273M->273M(1024M) 0.370ms
[2025-09-15T07:43:57.149+0000][187][info ][gc,cpu      ] GC(18) User=0.00s Sys=0.00s Real=0.00s
[2025-09-15T07:43:57.149+0000][187][info ][safepoint   ] Safepoint "G1PauseCleanup", Time since last: 51903917 ns, Reaching safepoint: 331542 ns, Cleanup: 40125 ns, At safepoint: 629375 ns, Total: 1001042 ns
[2025-09-15T07:43:57.149+0000][187][info ][gc,marking  ] GC(18) Concurrent Clear Claimed Marks
[2025-09-15T07:43:57.150+0000][187][info ][gc,marking  ] GC(18) Concurrent Clear Claimed Marks 0.630ms
[2025-09-15T07:43:57.150+0000][187][info ][gc,marking  ] GC(18) Concurrent Cleanup for Next Mark
[2025-09-15T07:43:57.159+0000][187][info ][gc,marking  ] GC(18) Concurrent Cleanup for Next Mark 9.150ms
[2025-09-15T07:43:57.159+0000][187][info ][gc          ] GC(18) Concurrent Mark Cycle 309.688ms
[2025-09-15T07:43:57.366+0000][187][info ][safepoint   ] Safepoint "ICBufferFull", Time since last: 217158833 ns, Reaching safepoint: 21459 ns, Cleanup: 127958 ns, At safepoint: 8750 ns, Total: 158167 ns
[2025-09-15T07:43:57.586+0000][187][info ][safepoint   ] Safepoint "ICBufferFull", Time since last: 219338292 ns, Reaching safepoint: 40375 ns, Cleanup: 175125 ns, At safepoint: 41166 ns, Total: 256666 ns
[2025-09-15T07:43:57.991+0000][187][info ][safepoint   ] Safepoint "ICBufferFull", Time since last: 405373542 ns, Reaching safepoint: 14459 ns, Cleanup: 113625 ns, At safepoint: 13791 ns, Total: 141875 ns
[2025-09-15T07:43:58.159+0000][187][info ][safepoint   ] Safepoint "ICBufferFull", Time since last: 167809709 ns, Reaching safepoint: 11125 ns, Cleanup: 103625 ns, At safepoint: 15125 ns, Total: 129875 ns
[2025-09-15T07:43:58.159+0000][187][info ][safepoint   ] Safepoint "ICBufferFull", Time since last: 355250 ns, Reaching safepoint: 7500 ns, Cleanup: 9500 ns, At safepoint: 5666 ns, Total: 22666 ns
[2025-09-15T07:43:59.009+0000][187][info ][safepoint   ] Safepoint "ICBufferFull", Time since last: 849937251 ns, Reaching safepoint: 42791 ns, Cleanup: 103959 ns, At safepoint: 20750 ns, Total: 167500 ns
[2025-09-15T07:43:59.476+0000][187][info ][safepoint   ] Safepoint "ICBufferFull", Time since last: 466532333 ns, Reaching safepoint: 9167 ns, Cleanup: 112917 ns, At safepoint: 15666 ns, Total: 137750 ns
[2025-09-15T07:43:59.510+0000][187][info ][safepoint   ] Safepoint "ICBufferFull", Time since last: 33291792 ns, Reaching safepoint: 5542 ns, Cleanup: 119083 ns, At safepoint: 6000 ns, Total: 130625 ns
[2025-09-15T07:44:00.259+0000][187][info ][safepoint   ] Safepoint "ICBufferFull", Time since last: 748847667 ns, Reaching safepoint: 11792 ns, Cleanup: 109750 ns, At safepoint: 9875 ns, Total: 131417 ns
[2025-09-15T07:44:01.551+0000][187][info ][safepoint   ] Safepoint "Cleanup", Time since last: 1292265959 ns, Reaching safepoint: 185458 ns, Cleanup: 83208 ns, At safepoint: 10000 ns, Total: 278666 ns
[2025-09-15T07:44:03.553+0000][187][info ][safepoint   ] Safepoint "Cleanup", Time since last: 2001861293 ns, Reaching safepoint: 85458 ns, Cleanup: 101417 ns, At safepoint: 22291 ns, Total: 209166 ns
[2025-09-15T07:44:04.555+0000][187][info ][safepoint   ] Safepoint "Cleanup", Time since last: 1001795709 ns, Reaching safepoint: 18667 ns, Cleanup: 151625 ns, At safepoint: 20958 ns, Total: 191250 ns
[2025-09-15T07:44:05.676+0000][187][info ][safepoint   ] Safepoint "Cleanup", Time since last: 1120837293 ns, Reaching safepoint: 55125 ns, Cleanup: 89708 ns, At safepoint: 9333 ns, Total: 154166 ns
[2025-09-15T07:44:06.677+0000][187][info ][safepoint   ] Safepoint "Cleanup", Time since last: 1000961501 ns, Reaching safepoint: 84375 ns, Cleanup: 90666 ns, At safepoint: 14042 ns, Total: 189083 ns
[2025-09-15T07:44:08.681+0000][187][info ][safepoint   ] Safepoint "Cleanup", Time since last: 2003333126 ns, Reaching safepoint: 26375 ns, Cleanup: 76458 ns, At safepoint: 9500 ns, Total: 112333 ns
[2025-09-15T07:44:09.682+0000][187][info ][safepoint   ] Safepoint "Cleanup", Time since last: 1001380417 ns, Reaching safepoint: 52292 ns, Cleanup: 132750 ns, At safepoint: 15417 ns, Total: 200459 ns
[2025-09-15T07:44:11.684+0000][187][info ][safepoint   ] Safepoint "Cleanup", Time since last: 2001653791 ns, Reaching safepoint: 75584 ns, Cleanup: 61125 ns, At safepoint: 12375 ns, Total: 149084 ns
[2025-09-15T07:44:12.685+0000][187][info ][safepoint   ] Safepoint "Cleanup", Time since last: 1000877500 ns, Reaching safepoint: 160084 ns, Cleanup: 43000 ns, At safepoint: 8041 ns, Total: 211125 ns
[2025-09-15T07:44:13.686+0000][187][info ][safepoint   ] Safepoint "Cleanup", Time since last: 1000943876 ns, Reaching safepoint: 37291 ns, Cleanup: 35292 ns, At safepoint: 6542 ns, Total: 79125 ns
[2025-09-15T07:44:14.687+0000][187][info ][safepoint   ] Safepoint "Cleanup", Time since last: 1000748208 ns, Reaching safepoint: 79167 ns, Cleanup: 93208 ns, At safepoint: 15625 ns, Total: 188000 ns
[2025-09-15T07:44:15.688+0000][187][info ][safepoint   ] Safepoint "Cleanup", Time since last: 1000879168 ns, Reaching safepoint: 41541 ns, Cleanup: 89292 ns, At safepoint: 14708 ns, Total: 145541 ns
[2025-09-15T07:44:16.690+0000][187][info ][safepoint   ] Safepoint "Cleanup", Time since last: 1001790542 ns, Reaching safepoint: 64625 ns, Cleanup: 36000 ns, At safepoint: 8709 ns, Total: 109334 ns
[2025-09-15T07:44:18.692+0000][187][info ][safepoint   ] Safepoint "Cleanup", Time since last: 2002128042 ns, Reaching safepoint: 38459 ns, Cleanup: 27375 ns, At safepoint: 5916 ns, Total: 71750 ns
[2025-09-15T07:44:19.694+0000][187][info ][safepoint   ] Safepoint "Cleanup", Time since last: 1001475959 ns, Reaching safepoint: 38500 ns, Cleanup: 149209 ns, At safepoint: 12583 ns, Total: 200292 ns
[2025-09-15T07:44:20.696+0000][187][info ][safepoint   ] Safepoint "Cleanup", Time since last: 1001600375 ns, Reaching safepoint: 87625 ns, Cleanup: 75375 ns, At safepoint: 9209 ns, Total: 172209 ns
[2025-09-15T07:44:21.697+0000][187][info ][safepoint   ] Safepoint "Cleanup", Time since last: 1001084917 ns, Reaching safepoint: 339792 ns, Cleanup: 159291 ns, At safepoint: 19125 ns, Total: 518208 ns
[2025-09-15T07:44:23.700+0000][187][info ][safepoint   ] Safepoint "Cleanup", Time since last: 2002261293 ns, Reaching safepoint: 57416 ns, Cleanup: 36000 ns, At safepoint: 12167 ns, Total: 105583 ns
[2025-09-15T07:44:24.701+0000][187][info ][safepoint   ] Safepoint "Cleanup", Time since last: 1001448376 ns, Reaching safepoint: 17791 ns, Cleanup: 84167 ns, At safepoint: 10750 ns, Total: 112708 ns
[2025-09-15T07:44:26.703+0000][187][info ][safepoint   ] Safepoint "Cleanup", Time since last: 2001935543 ns, Reaching safepoint: 101500 ns, Cleanup: 223000 ns, At safepoint: 24250 ns, Total: 348750 ns
[2025-09-15T07:44:27.705+0000][187][info ][safepoint   ] Safepoint "Cleanup", Time since last: 1001871792 ns, Reaching safepoint: 80375 ns, Cleanup: 83375 ns, At safepoint: 22208 ns, Total: 185958 ns
[2025-09-15T07:44:28.707+0000][187][info ][safepoint   ] Safepoint "Cleanup", Time since last: 1001747834 ns, Reaching safepoint: 13583 ns, Cleanup: 27459 ns, At safepoint: 4708 ns, Total: 45750 ns
[2025-09-15T07:44:29.708+0000][187][info ][safepoint   ] Safepoint "Cleanup", Time since last: 1000785959 ns, Reaching safepoint: 78083 ns, Cleanup: 82583 ns, At safepoint: 14959 ns, Total: 175625 ns
[2025-09-15T07:44:30.709+0000][187][info ][safepoint   ] Safepoint "Cleanup", Time since last: 1000780375 ns, Reaching safepoint: 76375 ns, Cleanup: 95042 ns, At safepoint: 17333 ns, Total: 188750 ns
[2025-09-15T07:44:32.272+0000][187][info ][safepoint   ] Safepoint "Cleanup", Time since last: 1562908001 ns, Reaching safepoint: 93167 ns, Cleanup: 84750 ns, At safepoint: 19750 ns, Total: 197667 ns
[2025-09-15T07:44:33.275+0000][187][info ][safepoint   ] Safepoint "Cleanup", Time since last: 1002240625 ns, Reaching safepoint: 26083 ns, Cleanup: 65709 ns, At safepoint: 8291 ns, Total: 100083 ns
[2025-09-15T07:44:34.276+0000][187][info ][safepoint   ] Safepoint "Cleanup", Time since last: 1000911209 ns, Reaching safepoint: 62417 ns, Cleanup: 36500 ns, At safepoint: 15708 ns, Total: 114625 ns
[2025-09-15T07:44:35.277+0000][187][info ][safepoint   ] Safepoint "Cleanup", Time since last: 1001199751 ns, Reaching safepoint: 58541 ns, Cleanup: 41625 ns, At safepoint: 15084 ns, Total: 115250 ns
[2025-09-15T07:44:36.278+0000][187][info ][safepoint   ] Safepoint "Cleanup", Time since last: 1000951292 ns, Reaching safepoint: 35041 ns, Cleanup: 50209 ns, At safepoint: 29708 ns, Total: 114958 ns
[2025-09-15T07:44:37.279+0000][187][info ][safepoint   ] Safepoint "Cleanup", Time since last: 1000964209 ns, Reaching safepoint: 15042 ns, Cleanup: 10208 ns, At safepoint: 14458 ns, Total: 39708 ns
[2025-09-15T07:44:38.280+0000][187][info ][safepoint   ] Safepoint "Cleanup", Time since last: 1000837876 ns, Reaching safepoint: 81708 ns, Cleanup: 45417 ns, At safepoint: 21000 ns, Total: 148125 ns
[2025-09-15T07:44:39.281+0000][187][info ][safepoint   ] Safepoint "Cleanup", Time since last: 1000882167 ns, Reaching safepoint: 68125 ns, Cleanup: 99083 ns, At safepoint: 42125 ns, Total: 209333 ns
[2025-09-15T07:44:40.283+0000][187][info ][safepoint   ] Safepoint "Cleanup", Time since last: 1001383500 ns, Reaching safepoint: 85000 ns, Cleanup: 16416 ns, At safepoint: 14209 ns, Total: 115625 ns
[2025-09-15T07:44:41.285+0000][187][info ][safepoint   ] Safepoint "Cleanup", Time since last: 1001393709 ns, Reaching safepoint: 250666 ns, Cleanup: 55834 ns, At safepoint: 16333 ns, Total: 322833 ns
[2025-09-15T07:44:42.286+0000][187][info ][safepoint   ] Safepoint "Cleanup", Time since last: 1001534542 ns, Reaching safepoint: 51458 ns, Cleanup: 34750 ns, At safepoint: 10334 ns, Total: 96542 ns
[2025-09-15T07:44:43.288+0000][187][info ][safepoint   ] Safepoint "Cleanup", Time since last: 1001563208 ns, Reaching safepoint: 66542 ns, Cleanup: 49000 ns, At safepoint: 56083 ns, Total: 171625 ns
[2025-09-15T07:44:44.289+0000][187][info ][safepoint   ] Safepoint "Cleanup", Time since last: 1001190668 ns, Reaching safepoint: 70791 ns, Cleanup: 82750 ns, At safepoint: 19834 ns, Total: 173375 ns
[2025-09-15T07:44:45.290+0000][187][info ][safepoint   ] Safepoint "Cleanup", Time since last: 1000861333 ns, Reaching safepoint: 70792 ns, Cleanup: 85667 ns, At safepoint: 14541 ns, Total: 171000 ns
[2025-09-15T07:44:46.291+0000][187][info ][safepoint   ] Safepoint "Cleanup", Time since last: 1000946584 ns, Reaching safepoint: 38000 ns, Cleanup: 29000 ns, At safepoint: 12125 ns, Total: 79125 ns
[2025-09-15T07:44:48.294+0000][187][info ][safepoint   ] Safepoint "Cleanup", Time since last: 2002168168 ns, Reaching safepoint: 166333 ns, Cleanup: 65375 ns, At safepoint: 14084 ns, Total: 245792 ns
[2025-09-15T07:44:49.295+0000][187][info ][safepoint   ] Safepoint "Cleanup", Time since last: 1001338750 ns, Reaching safepoint: 76375 ns, Cleanup: 42417 ns, At safepoint: 10875 ns, Total: 129667 ns
[2025-09-15T07:44:50.297+0000][187][info ][safepoint   ] Safepoint "Cleanup", Time since last: 1001593083 ns, Reaching safepoint: 116084 ns, Cleanup: 48541 ns, At safepoint: 16125 ns, Total: 180750 ns
[2025-09-15T07:44:51.299+0000][187][info ][safepoint   ] Safepoint "Cleanup", Time since last: 1001459459 ns, Reaching safepoint: 135750 ns, Cleanup: 117875 ns, At safepoint: 24125 ns, Total: 277750 ns
[2025-09-15T07:44:52.300+0000][187][info ][safepoint   ] Safepoint "Cleanup", Time since last: 1001380084 ns, Reaching safepoint: 44333 ns, Cleanup: 25125 ns, At safepoint: 13084 ns, Total: 82542 ns
[2025-09-15T07:44:53.301+0000][187][info ][safepoint   ] Safepoint "Cleanup", Time since last: 1000877625 ns, Reaching safepoint: 81959 ns, Cleanup: 80166 ns, At safepoint: 15084 ns, Total: 177209 ns
[2025-09-15T07:44:55.081+0000][187][info ][safepoint   ] Safepoint "Cleanup", Time since last: 1779791250 ns, Reaching safepoint: 16875 ns, Cleanup: 135417 ns, At safepoint: 10000 ns, Total: 162292 ns
[2025-09-15T07:44:56.082+0000][187][info ][safepoint   ] Safepoint "Cleanup", Time since last: 1000834126 ns, Reaching safepoint: 81458 ns, Cleanup: 101375 ns, At safepoint: 10625 ns, Total: 193458 ns
[2025-09-15T07:44:57.090+0000][187][info ][safepoint   ] Safepoint "Cleanup", Time since last: 1007611667 ns, Reaching safepoint: 3458 ns, Cleanup: 49042 ns, At safepoint: 7667 ns, Total: 60167 ns
[2025-09-15T07:44:57.478+0000][187][info ][safepoint   ] Safepoint "ICBufferFull", Time since last: 388062417 ns, Reaching safepoint: 7125 ns, Cleanup: 158250 ns, At safepoint: 7583 ns, Total: 172958 ns
[2025-09-15T07:44:58.480+0000][187][info ][safepoint   ] Safepoint "Cleanup", Time since last: 1001871875 ns, Reaching safepoint: 20042 ns, Cleanup: 100417 ns, At safepoint: 7666 ns, Total: 128125 ns
[2025-09-15T07:44:59.485+0000][187][info ][safepoint   ] Safepoint "Cleanup", Time since last: 1005109168 ns, Reaching safepoint: 80708 ns, Cleanup: 43333 ns, At safepoint: 39500 ns, Total: 163541 ns
[2025-09-15T07:45:00.490+0000][187][info ][safepoint   ] Safepoint "Cleanup", Time since last: 1004603001 ns, Reaching safepoint: 21333 ns, Cleanup: 32875 ns, At safepoint: 6917 ns, Total: 61125 ns
[2025-09-15T07:45:01.493+0000][187][info ][safepoint   ] Safepoint "Cleanup", Time since last: 1002699292 ns, Reaching safepoint: 57583 ns, Cleanup: 36875 ns, At safepoint: 25750 ns, Total: 120208 ns
[2025-09-15T07:45:02.495+0000][187][info ][safepoint   ] Safepoint "Cleanup", Time since last: 1001520459 ns, Reaching safepoint: 133042 ns, Cleanup: 24958 ns, At safepoint: 19625 ns, Total: 177625 ns
[2025-09-15T07:45:03.500+0000][187][info ][safepoint   ] Safepoint "Cleanup", Time since last: 1004879334 ns, Reaching safepoint: 45708 ns, Cleanup: 27917 ns, At safepoint: 11625 ns, Total: 85250 ns
[2025-09-15T07:45:04.502+0000][187][info ][safepoint   ] Safepoint "Cleanup", Time since last: 1002641584 ns, Reaching safepoint: 129625 ns, Cleanup: 41208 ns, At safepoint: 36375 ns, Total: 207208 ns
[2025-09-15T07:45:05.505+0000][187][info ][safepoint   ] Safepoint "Cleanup", Time since last: 1002126375 ns, Reaching safepoint: 83084 ns, Cleanup: 56166 ns, At safepoint: 12084 ns, Total: 151334 ns
[2025-09-15T07:45:06.506+0000][187][info ][safepoint   ] Safepoint "Cleanup", Time since last: 1001715042 ns, Reaching safepoint: 13208 ns, Cleanup: 41542 ns, At safepoint: 7250 ns, Total: 62000 ns
[2025-09-15T07:45:08.510+0000][187][info ][safepoint   ] Safepoint "Cleanup", Time since last: 2003289876 ns, Reaching safepoint: 32542 ns, Cleanup: 13541 ns, At safepoint: 7917 ns, Total: 54000 ns
[2025-09-15T07:45:09.512+0000][187][info ][safepoint   ] Safepoint "Cleanup", Time since last: 1001626834 ns, Reaching safepoint: 74833 ns, Cleanup: 67417 ns, At safepoint: 32750 ns, Total: 175000 ns
[2025-09-15T07:45:10.512+0000][187][info ][safepoint   ] Safepoint "Cleanup", Time since last: 1000688582 ns, Reaching safepoint: 73417 ns, Cleanup: 38875 ns, At safepoint: 14125 ns, Total: 126417 ns
[2025-09-15T07:45:11.513+0000][187][info ][safepoint   ] Safepoint "Cleanup", Time since last: 1000831334 ns, Reaching safepoint: 86417 ns, Cleanup: 70291 ns, At safepoint: 13917 ns, Total: 170625 ns
[2025-09-15T07:45:12.515+0000][187][info ][safepoint   ] Safepoint "Cleanup", Time since last: 1000924500 ns, Reaching safepoint: 67542 ns, Cleanup: 124125 ns, At safepoint: 20292 ns, Total: 211959 ns
[2025-09-15T07:45:13.516+0000][187][info ][safepoint   ] Safepoint "Cleanup", Time since last: 1001820792 ns, Reaching safepoint: 48458 ns, Cleanup: 79167 ns, At safepoint: 24667 ns, Total: 152292 ns
[2025-09-15T07:45:14.519+0000][187][info ][safepoint   ] Safepoint "Cleanup", Time since last: 1002595500 ns, Reaching safepoint: 97333 ns, Cleanup: 156500 ns, At safepoint: 28917 ns, Total: 282750 ns
[2025-09-15T07:45:15.520+0000][187][info ][safepoint   ] Safepoint "Cleanup", Time since last: 1000719251 ns, Reaching safepoint: 37708 ns, Cleanup: 55208 ns, At safepoint: 19250 ns, Total: 112166 ns
[2025-09-15T07:45:16.522+0000][187][info ][safepoint   ] Safepoint "Cleanup", Time since last: 1001456542 ns, Reaching safepoint: 30250 ns, Cleanup: 68917 ns, At safepoint: 18625 ns, Total: 117792 ns
[2025-09-15T07:45:18.525+0000][187][info ][safepoint   ] Safepoint "Cleanup", Time since last: 2003317751 ns, Reaching safepoint: 119708 ns, Cleanup: 50125 ns, At safepoint: 12625 ns, Total: 182458 ns
[2025-09-15T07:45:19.527+0000][187][info ][safepoint   ] Safepoint "Cleanup", Time since last: 1001110792 ns, Reaching safepoint: 66625 ns, Cleanup: 54167 ns, At safepoint: 7792 ns, Total: 128584 ns
[2025-09-15T07:45:20.528+0000][187][info ][safepoint   ] Safepoint "Cleanup", Time since last: 1001757084 ns, Reaching safepoint: 59833 ns, Cleanup: 42042 ns, At safepoint: 17125 ns, Total: 119000 ns
[2025-09-15T07:45:21.529+0000][187][info ][safepoint   ] Safepoint "Cleanup", Time since last: 1000662000 ns, Reaching safepoint: 74292 ns, Cleanup: 62125 ns, At safepoint: 19083 ns, Total: 155500 ns
[2025-09-15T07:45:22.531+0000][187][info ][safepoint   ] Safepoint "Cleanup", Time since last: 1001286917 ns, Reaching safepoint: 62292 ns, Cleanup: 21792 ns, At safepoint: 15083 ns, Total: 99167 ns
[2025-09-15T07:45:23.532+0000][187][info ][safepoint   ] Safepoint "Cleanup", Time since last: 1000408125 ns, Reaching safepoint: 1153875 ns, Cleanup: 48625 ns, At safepoint: 30375 ns, Total: 1232875 ns
[2025-09-15T07:45:24.534+0000][187][info ][safepoint   ] Safepoint "Cleanup", Time since last: 1000903168 ns, Reaching safepoint: 93333 ns, Cleanup: 254042 ns, At safepoint: 32458 ns, Total: 379833 ns
[2025-09-15T07:45:25.536+0000][187][info ][safepoint   ] Safepoint "Cleanup", Time since last: 1001789292 ns, Reaching safepoint: 75250 ns, Cleanup: 88583 ns, At safepoint: 30042 ns, Total: 193875 ns
[2025-09-15T07:45:26.538+0000][187][info ][safepoint   ] Safepoint "Cleanup", Time since last: 1002321959 ns, Reaching safepoint: 323791 ns, Cleanup: 69500 ns, At safepoint: 38875 ns, Total: 432166 ns
[2025-09-15T07:45:27.540+0000][187][info ][safepoint   ] Safepoint "Cleanup", Time since last: 1001821459 ns, Reaching safepoint: 70584 ns, Cleanup: 76416 ns, At safepoint: 24667 ns, Total: 171667 ns
[2025-09-15T07:45:28.541+0000][187][info ][safepoint   ] Safepoint "Cleanup", Time since last: 1000885875 ns, Reaching safepoint: 80375 ns, Cleanup: 44250 ns, At safepoint: 9750 ns, Total: 134375 ns
[2025-09-15T07:45:29.543+0000][187][info ][safepoint   ] Safepoint "Cleanup", Time since last: 1001205793 ns, Reaching safepoint: 115125 ns, Cleanup: 88958 ns, At safepoint: 29958 ns, Total: 234041 ns
[2025-09-15T07:45:30.546+0000][187][info ][safepoint   ] Safepoint "Cleanup", Time since last: 1003157459 ns, Reaching safepoint: 114958 ns, Cleanup: 72334 ns, At safepoint: 30666 ns, Total: 217958 ns
[2025-09-15T07:45:32.468+0000][187][info ][safepoint   ] Safepoint "Cleanup", Time since last: 1921331668 ns, Reaching safepoint: 13750 ns, Cleanup: 62833 ns, At safepoint: 7000 ns, Total: 83583 ns
[2025-09-15T07:45:33.468+0000][187][info ][safepoint   ] Safepoint "Cleanup", Time since last: 1000688376 ns, Reaching safepoint: 71583 ns, Cleanup: 66042 ns, At safepoint: 14625 ns, Total: 152250 ns
[2025-09-15T07:45:34.469+0000][187][info ][safepoint   ] Safepoint "Cleanup", Time since last: 1000738417 ns, Reaching safepoint: 56750 ns, Cleanup: 35667 ns, At safepoint: 10125 ns, Total: 102542 ns
[2025-09-15T07:45:35.470+0000][187][info ][safepoint   ] Safepoint "Cleanup", Time since last: 1000917292 ns, Reaching safepoint: 82833 ns, Cleanup: 76500 ns, At safepoint: 15083 ns, Total: 174416 ns
[2025-09-15T07:45:36.471+0000][187][info ][safepoint   ] Safepoint "Cleanup", Time since last: 1000734793 ns, Reaching safepoint: 74041 ns, Cleanup: 52334 ns, At safepoint: 11916 ns, Total: 138291 ns
[2025-09-15T07:45:39.477+0000][187][info ][safepoint   ] Safepoint "Cleanup", Time since last: 3005890710 ns, Reaching safepoint: 59042 ns, Cleanup: 74333 ns, At safepoint: 16750 ns, Total: 150125 ns
[2025-09-15T07:45:40.480+0000][187][info ][safepoint   ] Safepoint "Cleanup", Time since last: 1001784833 ns, Reaching safepoint: 86292 ns, Cleanup: 136958 ns, At safepoint: 24792 ns, Total: 248042 ns
[2025-09-15T07:45:41.486+0000][187][info ][safepoint   ] Safepoint "Cleanup", Time since last: 1005920625 ns, Reaching safepoint: 61334 ns, Cleanup: 73916 ns, At safepoint: 11042 ns, Total: 146292 ns
[2025-09-15T07:45:42.487+0000][187][info ][safepoint   ] Safepoint "Cleanup", Time since last: 1001144917 ns, Reaching safepoint: 44042 ns, Cleanup: 57541 ns, At safepoint: 10959 ns, Total: 112542 ns
[2025-09-15T07:45:43.487+0000][187][info ][safepoint   ] Safepoint "Cleanup", Time since last: 1000487542 ns, Reaching safepoint: 68083 ns, Cleanup: 13459 ns, At safepoint: 9750 ns, Total: 91292 ns
[2025-09-15T07:45:44.489+0000][187][info ][safepoint   ] Safepoint "Cleanup", Time since last: 1000991000 ns, Reaching safepoint: 243458 ns, Cleanup: 69375 ns, At safepoint: 13917 ns, Total: 326750 ns
[2025-09-15T07:45:45.490+0000][187][info ][safepoint   ] Safepoint "Cleanup", Time since last: 1000615334 ns, Reaching safepoint: 63375 ns, Cleanup: 41250 ns, At safepoint: 8583 ns, Total: 113208 ns
[2025-09-15T07:45:46.491+0000][187][info ][safepoint   ] Safepoint "Cleanup", Time since last: 1001136667 ns, Reaching safepoint: 44084 ns, Cleanup: 24375 ns, At safepoint: 12666 ns, Total: 81125 ns
[2025-09-15T07:45:47.492+0000][187][info ][safepoint   ] Safepoint "Cleanup", Time since last: 1000658542 ns, Reaching safepoint: 88917 ns, Cleanup: 78292 ns, At safepoint: 16750 ns, Total: 183959 ns
[2025-09-15T07:45:48.493+0000][187][info ][safepoint   ] Safepoint "Cleanup", Time since last: 1000865792 ns, Reaching safepoint: 219958 ns, Cleanup: 87375 ns, At safepoint: 20959 ns, Total: 328292 ns
[2025-09-15T07:45:49.494+0000][187][info ][safepoint   ] Safepoint "Cleanup", Time since last: 1000722625 ns, Reaching safepoint: 77250 ns, Cleanup: 73250 ns, At safepoint: 19792 ns, Total: 170292 ns
[2025-09-15T07:45:50.495+0000][187][info ][safepoint   ] Safepoint "Cleanup", Time since last: 1000731542 ns, Reaching safepoint: 44542 ns, Cleanup: 59208 ns, At safepoint: 14625 ns, Total: 118375 ns
[2025-09-15T07:45:51.496+0000][187][info ][safepoint   ] Safepoint "Cleanup", Time since last: 1001343042 ns, Reaching safepoint: 83833 ns, Cleanup: 62542 ns, At safepoint: 14417 ns, Total: 160792 ns
[2025-09-15T07:45:52.498+0000][187][info ][safepoint   ] Safepoint "Cleanup", Time since last: 1001569375 ns, Reaching safepoint: 53542 ns, Cleanup: 32125 ns, At safepoint: 28667 ns, Total: 114334 ns
[2025-09-15T07:45:53.499+0000][187][info ][safepoint   ] Safepoint "Cleanup", Time since last: 1000674917 ns, Reaching safepoint: 58250 ns, Cleanup: 61916 ns, At safepoint: 26625 ns, Total: 146791 ns
[2025-09-15T07:45:54.500+0000][187][info ][safepoint   ] Safepoint "Cleanup", Time since last: 1001176792 ns, Reaching safepoint: 110500 ns, Cleanup: 93417 ns, At safepoint: 31167 ns, Total: 235084 ns
[2025-09-15T07:45:55.502+0000][187][info ][safepoint   ] Safepoint "Cleanup", Time since last: 1001762542 ns, Reaching safepoint: 79292 ns, Cleanup: 80041 ns, At safepoint: 31334 ns, Total: 190667 ns
[2025-09-15T07:45:56.504+0000][187][info ][safepoint   ] Safepoint "Cleanup", Time since last: 1001542250 ns, Reaching safepoint: 89458 ns, Cleanup: 116292 ns, At safepoint: 15375 ns, Total: 221125 ns
[2025-09-15T07:45:57.504+0000][187][info ][safepoint   ] Safepoint "Cleanup", Time since last: 1000577459 ns, Reaching safepoint: 57083 ns, Cleanup: 32917 ns, At safepoint: 10875 ns, Total: 100875 ns
[2025-09-15T07:45:59.507+0000][187][info ][safepoint   ] Safepoint "Cleanup", Time since last: 2002323418 ns, Reaching safepoint: 224416 ns, Cleanup: 107792 ns, At safepoint: 25167 ns, Total: 357375 ns
[2025-09-15T07:46:00.193+0000][187][info ][safepoint   ] Safepoint "ICBufferFull", Time since last: 684198417 ns, Reaching safepoint: 1305291 ns, Cleanup: 119792 ns, At safepoint: 17417 ns, Total: 1442500 ns
[2025-09-15T07:46:01.688+0000][187][info ][safepoint   ] Safepoint "Cleanup", Time since last: 1495467250 ns, Reaching safepoint: 18584 ns, Cleanup: 186750 ns, At safepoint: 11875 ns, Total: 217209 ns
[2025-09-15T07:46:02.693+0000][187][info ][safepoint   ] Safepoint "Cleanup", Time since last: 1004016333 ns, Reaching safepoint: 69792 ns, Cleanup: 57125 ns, At safepoint: 21583 ns, Total: 148500 ns
[2025-09-15T07:46:03.694+0000][187][info ][safepoint   ] Safepoint "Cleanup", Time since last: 1001391251 ns, Reaching safepoint: 115083 ns, Cleanup: 92167 ns, At safepoint: 27292 ns, Total: 234542 ns
[2025-09-15T07:46:04.709+0000][187][info ][safepoint   ] Safepoint "Cleanup", Time since last: 1014918542 ns, Reaching safepoint: 43875 ns, Cleanup: 39250 ns, At safepoint: 10625 ns, Total: 93750 ns
[2025-09-15T07:46:05.711+0000][187][info ][safepoint   ] Safepoint "Cleanup", Time since last: 1001526459 ns, Reaching safepoint: 84291 ns, Cleanup: 59417 ns, At safepoint: 16917 ns, Total: 160625 ns
[2025-09-15T07:46:06.713+0000][187][info ][safepoint   ] Safepoint "Cleanup", Time since last: 1001866625 ns, Reaching safepoint: 99375 ns, Cleanup: 39792 ns, At safepoint: 28083 ns, Total: 167250 ns
[2025-09-15T07:46:08.716+0000][187][info ][safepoint   ] Safepoint "Cleanup", Time since last: 2002680918 ns, Reaching safepoint: 95500 ns, Cleanup: 57666 ns, At safepoint: 19709 ns, Total: 172875 ns
[2025-09-15T07:46:09.717+0000][187][info ][safepoint   ] Safepoint "Cleanup", Time since last: 1000693417 ns, Reaching safepoint: 167208 ns, Cleanup: 142750 ns, At safepoint: 36083 ns, Total: 346041 ns
[2025-09-15T07:46:10.719+0000][187][info ][safepoint   ] Safepoint "Cleanup", Time since last: 1001920750 ns, Reaching safepoint: 91125 ns, Cleanup: 99583 ns, At safepoint: 31542 ns, Total: 222250 ns
[2025-09-15T07:46:11.721+0000][187][info ][safepoint   ] Safepoint "Cleanup", Time since last: 1001583459 ns, Reaching safepoint: 70666 ns, Cleanup: 35417 ns, At safepoint: 17208 ns, Total: 123291 ns
[2025-09-15T07:46:12.723+0000][187][info ][safepoint   ] Safepoint "Cleanup", Time since last: 1001827584 ns, Reaching safepoint: 70459 ns, Cleanup: 94166 ns, At safepoint: 28167 ns, Total: 192792 ns
[2025-09-15T07:46:13.724+0000][187][info ][safepoint   ] Safepoint "Cleanup", Time since last: 1000713834 ns, Reaching safepoint: 85833 ns, Cleanup: 28542 ns, At safepoint: 15791 ns, Total: 130166 ns
[2025-09-15T07:46:14.725+0000][187][info ][safepoint   ] Safepoint "Cleanup", Time since last: 1001303876 ns, Reaching safepoint: 159292 ns, Cleanup: 62458 ns, At safepoint: 20208 ns, Total: 241958 ns
[2025-09-15T07:46:15.727+0000][187][info ][safepoint   ] Safepoint "Cleanup", Time since last: 1001406334 ns, Reaching safepoint: 36125 ns, Cleanup: 24292 ns, At safepoint: 9416 ns, Total: 69833 ns
[2025-09-15T07:46:16.728+0000][187][info ][safepoint   ] Safepoint "Cleanup", Time since last: 1000922459 ns, Reaching safepoint: 57333 ns, Cleanup: 92417 ns, At safepoint: 40292 ns, Total: 190042 ns
[2025-09-15T07:46:18.732+0000][187][info ][safepoint   ] Safepoint "Cleanup", Time since last: 2003292959 ns, Reaching safepoint: 93917 ns, Cleanup: 55958 ns, At safepoint: 16875 ns, Total: 166750 ns
[2025-09-15T07:46:19.733+0000][187][info ][safepoint   ] Safepoint "Cleanup", Time since last: 1001406834 ns, Reaching safepoint: 104958 ns, Cleanup: 69292 ns, At safepoint: 32792 ns, Total: 207042 ns
[2025-09-15T07:46:20.734+0000][187][info ][safepoint   ] Safepoint "Cleanup", Time since last: 1000978250 ns, Reaching safepoint: 158333 ns, Cleanup: 81084 ns, At safepoint: 33333 ns, Total: 272750 ns
[2025-09-15T07:46:21.736+0000][187][info ][safepoint   ] Safepoint "Cleanup", Time since last: 1001749167 ns, Reaching safepoint: 41084 ns, Cleanup: 61208 ns, At safepoint: 14500 ns, Total: 116792 ns
[2025-09-15T07:46:23.531+0000][187][info ][gc,start    ] GC(19) Pause Young (Prepare Mixed) (G1 Evacuation Pause)
[2025-09-15T07:46:23.531+0000][187][info ][gc,task     ] GC(19) Using 8 workers of 8 for evacuation
[2025-09-15T07:46:23.531+0000][187][debug][gc,age      ] GC(19) Desired survivor size 41943040 bytes, new threshold 15 (max threshold 15)
[2025-09-15T07:46:23.577+0000][187][info ][gc,phases   ] GC(19)   Pre Evacuate Collection Set: 0.58ms
[2025-09-15T07:46:23.577+0000][187][info ][gc,phases   ] GC(19)   Merge Heap Roots: 0.23ms
[2025-09-15T07:46:23.577+0000][187][info ][gc,phases   ] GC(19)   Evacuate Collection Set: 41.11ms
[2025-09-15T07:46:23.577+0000][187][info ][gc,phases   ] GC(19)   Post Evacuate Collection Set: 3.56ms
[2025-09-15T07:46:23.577+0000][187][info ][gc,phases   ] GC(19)   Other: 0.23ms
[2025-09-15T07:46:23.577+0000][187][trace][gc,age      ] GC(19) Age table with threshold 15 (max threshold 15)
[2025-09-15T07:46:23.577+0000][187][trace][gc,age      ] GC(19) - age   1:    5501552 bytes,    5501552 total
[2025-09-15T07:46:23.577+0000][187][trace][gc,age      ] GC(19) - age   2:    3586808 bytes,    9088360 total
[2025-09-15T07:46:23.578+0000][187][trace][gc,age      ] GC(19) - age   3:   19975432 bytes,   29063792 total
[2025-09-15T07:46:23.578+0000][187][trace][gc,age      ] GC(19) - age   4:         32 bytes,   29063824 total
[2025-09-15T07:46:23.578+0000][187][info ][gc,heap     ] GC(19) Eden regions: 145->0(145)
[2025-09-15T07:46:23.578+0000][187][info ][gc,heap     ] GC(19) Survivor regions: 8->8(20)
[2025-09-15T07:46:23.578+0000][187][info ][gc,heap     ] GC(19) Old regions: 30->30
[2025-09-15T07:46:23.578+0000][187][info ][gc,heap     ] GC(19) Humongous regions: 2->2
[2025-09-15T07:46:23.578+0000][187][info ][gc,metaspace] GC(19) Metaspace: 155571K(159936K)->155571K(159936K) NonClass: 133917K(136320K)->133917K(136320K) Class: 21654K(23616K)->21654K(23616K)
[2025-09-15T07:46:23.578+0000][187][info ][gc          ] GC(19) Pause Young (Prepare Mixed) (G1 Evacuation Pause) 737M->156M(1024M) 46.537ms
[2025-09-15T07:46:23.578+0000][187][info ][gc,cpu      ] GC(19) User=0.33s Sys=0.00s Real=0.05s
[2025-09-15T07:46:23.578+0000][187][info ][safepoint   ] Safepoint "G1CollectForAllocation", Time since last: 1794819459 ns, Reaching safepoint: 45917 ns, Cleanup: 8500 ns, At safepoint: 46858708 ns, Total: 46913125 ns
[2025-09-15T07:46:24.579+0000][187][info ][safepoint   ] Safepoint "Cleanup", Time since last: 1001043334 ns, Reaching safepoint: 103917 ns, Cleanup: 123416 ns, At safepoint: 14125 ns, Total: 241458 ns
[2025-09-15T07:46:25.583+0000][187][info ][safepoint   ] Safepoint "Cleanup", Time since last: 1003281792 ns, Reaching safepoint: 24792 ns, Cleanup: 32500 ns, At safepoint: 9667 ns, Total: 66959 ns
[2025-09-15T07:46:26.585+0000][187][info ][safepoint   ] Safepoint "Cleanup", Time since last: 1002026708 ns, Reaching safepoint: 53875 ns, Cleanup: 282000 ns, At safepoint: 20542 ns, Total: 356417 ns
[2025-09-15T07:46:27.586+0000][187][info ][safepoint   ] Safepoint "Cleanup", Time since last: 1001011042 ns, Reaching safepoint: 71250 ns, Cleanup: 30125 ns, At safepoint: 12250 ns, Total: 113625 ns
[2025-09-15T07:46:30.590+0000][187][info ][safepoint   ] Safepoint "Cleanup", Time since last: 3003644043 ns, Reaching safepoint: 140375 ns, Cleanup: 58084 ns, At safepoint: 13583 ns, Total: 212042 ns
[2025-09-15T07:46:31.591+0000][187][info ][safepoint   ] Safepoint "Cleanup", Time since last: 1000912084 ns, Reaching safepoint: 58500 ns, Cleanup: 37708 ns, At safepoint: 9459 ns, Total: 105667 ns
[2025-09-15T07:46:33.709+0000][187][info ][safepoint   ] Safepoint "Cleanup", Time since last: 2117864376 ns, Reaching safepoint: 23583 ns, Cleanup: 42250 ns, At safepoint: 14917 ns, Total: 80750 ns
[2025-09-15T07:46:34.710+0000][187][info ][safepoint   ] Safepoint "Cleanup", Time since last: 1001137583 ns, Reaching safepoint: 29834 ns, Cleanup: 39958 ns, At safepoint: 7833 ns, Total: 77625 ns
[2025-09-15T07:46:35.711+0000][187][info ][safepoint   ] Safepoint "Cleanup", Time since last: 1000881543 ns, Reaching safepoint: 30833 ns, Cleanup: 46750 ns, At safepoint: 14542 ns, Total: 92125 ns
[2025-09-15T07:46:36.712+0000][187][info ][safepoint   ] Safepoint "Cleanup", Time since last: 1000869583 ns, Reaching safepoint: 84334 ns, Cleanup: 96125 ns, At safepoint: 16041 ns, Total: 196500 ns
[2025-09-15T07:46:38.714+0000][187][info ][safepoint   ] Safepoint "Cleanup", Time since last: 2002062835 ns, Reaching safepoint: 168541 ns, Cleanup: 32917 ns, At safepoint: 14458 ns, Total: 215916 ns
[2025-09-15T07:46:39.716+0000][187][info ][safepoint   ] Safepoint "Cleanup", Time since last: 1001556001 ns, Reaching safepoint: 93250 ns, Cleanup: 55541 ns, At safepoint: 11084 ns, Total: 159875 ns
[2025-09-15T07:46:40.717+0000][187][info ][safepoint   ] Safepoint "Cleanup", Time since last: 1000737667 ns, Reaching safepoint: 30958 ns, Cleanup: 33958 ns, At safepoint: 12375 ns, Total: 77291 ns
[2025-09-15T07:46:41.718+0000][187][info ][safepoint   ] Safepoint "Cleanup", Time since last: 1000857209 ns, Reaching safepoint: 94333 ns, Cleanup: 49042 ns, At safepoint: 19292 ns, Total: 162667 ns
[2025-09-15T07:46:45.722+0000][187][info ][safepoint   ] Safepoint "Cleanup", Time since last: 4003732960 ns, Reaching safepoint: 79667 ns, Cleanup: 17208 ns, At safepoint: 10083 ns, Total: 106958 ns
[2025-09-15T07:46:47.724+0000][187][info ][safepoint   ] Safepoint "Cleanup", Time since last: 2001875501 ns, Reaching safepoint: 17500 ns, Cleanup: 23834 ns, At safepoint: 4791 ns, Total: 46125 ns
[2025-09-15T07:46:48.724+0000][187][info ][safepoint   ] Safepoint "Cleanup", Time since last: 1000396126 ns, Reaching safepoint: 205708 ns, Cleanup: 106375 ns, At safepoint: 24792 ns, Total: 336875 ns
[2025-09-15T07:46:54.731+0000][187][info ][safepoint   ] Safepoint "Cleanup", Time since last: 6006437378 ns, Reaching safepoint: 95125 ns, Cleanup: 52875 ns, At safepoint: 21500 ns, Total: 169500 ns
[2025-09-15T07:46:55.733+0000][187][info ][safepoint   ] Safepoint "Cleanup", Time since last: 1001711708 ns, Reaching safepoint: 124959 ns, Cleanup: 66625 ns, At safepoint: 25666 ns, Total: 217250 ns
[2025-09-15T07:46:56.734+0000][187][info ][safepoint   ] Safepoint "Cleanup", Time since last: 1000781001 ns, Reaching safepoint: 104208 ns, Cleanup: 214334 ns, At safepoint: 19583 ns, Total: 338125 ns
[2025-09-15T07:46:57.736+0000][187][info ][safepoint   ] Safepoint "Cleanup", Time since last: 1001661500 ns, Reaching safepoint: 43042 ns, Cleanup: 89208 ns, At safepoint: 13417 ns, Total: 145667 ns
[2025-09-15T07:46:58.737+0000][187][info ][safepoint   ] Safepoint "Cleanup", Time since last: 1001235792 ns, Reaching safepoint: 133375 ns, Cleanup: 82292 ns, At safepoint: 32333 ns, Total: 248000 ns
[2025-09-15T07:46:59.739+0000][187][info ][safepoint   ] Safepoint "Cleanup", Time since last: 1001388584 ns, Reaching safepoint: 69208 ns, Cleanup: 46250 ns, At safepoint: 14584 ns, Total: 130042 ns
[2025-09-15T07:47:00.741+0000][187][info ][safepoint   ] Safepoint "Cleanup", Time since last: 1001804917 ns, Reaching safepoint: 126458 ns, Cleanup: 49958 ns, At safepoint: 19459 ns, Total: 195875 ns
[2025-09-15T07:47:01.743+0000][187][info ][safepoint   ] Safepoint "Cleanup", Time since last: 1002087375 ns, Reaching safepoint: 29875 ns, Cleanup: 30417 ns, At safepoint: 20333 ns, Total: 80625 ns
[2025-09-15T07:47:03.119+0000][187][info ][safepoint   ] Safepoint "Cleanup", Time since last: 1376159168 ns, Reaching safepoint: 5125 ns, Cleanup: 30583 ns, At safepoint: 5083 ns, Total: 40791 ns
[2025-09-15T07:47:04.902+0000][187][info ][safepoint   ] Safepoint "Cleanup", Time since last: 1782739668 ns, Reaching safepoint: 19291 ns, Cleanup: 225750 ns, At safepoint: 18250 ns, Total: 263291 ns
[2025-09-15T07:47:06.907+0000][187][info ][safepoint   ] Safepoint "Cleanup", Time since last: 2004636376 ns, Reaching safepoint: 97084 ns, Cleanup: 75625 ns, At safepoint: 11916 ns, Total: 184625 ns
[2025-09-15T07:47:09.911+0000][187][info ][safepoint   ] Safepoint "Cleanup", Time since last: 3003942501 ns, Reaching safepoint: 234583 ns, Cleanup: 38167 ns, At safepoint: 39458 ns, Total: 312208 ns
[2025-09-15T07:47:10.912+0000][187][info ][safepoint   ] Safepoint "Cleanup", Time since last: 1001463126 ns, Reaching safepoint: 40833 ns, Cleanup: 45250 ns, At safepoint: 10792 ns, Total: 96875 ns
[2025-09-15T07:47:11.914+0000][187][info ][safepoint   ] Safepoint "Cleanup", Time since last: 1001797208 ns, Reaching safepoint: 74250 ns, Cleanup: 66000 ns, At safepoint: 42792 ns, Total: 183042 ns
[2025-09-15T07:47:12.915+0000][187][info ][safepoint   ] Safepoint "Cleanup", Time since last: 1000903542 ns, Reaching safepoint: 130459 ns, Cleanup: 27416 ns, At safepoint: 13875 ns, Total: 171750 ns
[2025-09-15T07:47:13.917+0000][187][info ][safepoint   ] Safepoint "Cleanup", Time since last: 1001736959 ns, Reaching safepoint: 29917 ns, Cleanup: 15750 ns, At safepoint: 8458 ns, Total: 54125 ns
[2025-09-15T07:47:15.919+0000][187][info ][safepoint   ] Safepoint "Cleanup", Time since last: 2002079209 ns, Reaching safepoint: 60334 ns, Cleanup: 38875 ns, At safepoint: 9375 ns, Total: 108584 ns
[2025-09-15T07:47:16.923+0000][187][info ][safepoint   ] Safepoint "Cleanup", Time since last: 1003254750 ns, Reaching safepoint: 136250 ns, Cleanup: 48875 ns, At safepoint: 28667 ns, Total: 213792 ns
[2025-09-15T07:47:18.926+0000][187][info ][safepoint   ] Safepoint "Cleanup", Time since last: 2002685793 ns, Reaching safepoint: 39291 ns, Cleanup: 23000 ns, At safepoint: 10542 ns, Total: 72833 ns
[2025-09-15T07:47:20.932+0000][187][info ][safepoint   ] Safepoint "Cleanup", Time since last: 2006008542 ns, Reaching safepoint: 38292 ns, Cleanup: 46042 ns, At safepoint: 14458 ns, Total: 98792 ns
[2025-09-15T07:47:26.942+0000][187][info ][safepoint   ] Safepoint "Cleanup", Time since last: 6010177003 ns, Reaching safepoint: 88167 ns, Cleanup: 66083 ns, At safepoint: 18458 ns, Total: 172708 ns
[2025-09-15T07:47:28.945+0000][187][info ][safepoint   ] Safepoint "Cleanup", Time since last: 2002487918 ns, Reaching safepoint: 102125 ns, Cleanup: 109708 ns, At safepoint: 25625 ns, Total: 237458 ns
[2025-09-15T07:47:29.947+0000][187][info ][safepoint   ] Safepoint "Cleanup", Time since last: 1001692542 ns, Reaching safepoint: 94375 ns, Cleanup: 69292 ns, At safepoint: 27833 ns, Total: 191500 ns
[2025-09-15T07:47:30.949+0000][187][info ][safepoint   ] Safepoint "Cleanup", Time since last: 1001694168 ns, Reaching safepoint: 323041 ns, Cleanup: 104834 ns, At safepoint: 40708 ns, Total: 468583 ns
[2025-09-15T07:47:32.926+0000][187][info ][safepoint   ] Safepoint "Cleanup", Time since last: 1976719668 ns, Reaching safepoint: 80916 ns, Cleanup: 276292 ns, At safepoint: 30458 ns, Total: 387666 ns
[2025-09-15T07:47:33.927+0000][187][info ][safepoint   ] Safepoint "Cleanup", Time since last: 1001363917 ns, Reaching safepoint: 32584 ns, Cleanup: 43666 ns, At safepoint: 20334 ns, Total: 96584 ns
[2025-09-15T07:47:34.928+0000][187][info ][safepoint   ] Safepoint "Cleanup", Time since last: 1000762917 ns, Reaching safepoint: 76708 ns, Cleanup: 116167 ns, At safepoint: 22791 ns, Total: 215666 ns
[2025-09-15T07:47:36.930+0000][187][info ][safepoint   ] Safepoint "Cleanup", Time since last: 2001858001 ns, Reaching safepoint: 63625 ns, Cleanup: 32375 ns, At safepoint: 9750 ns, Total: 105750 ns
[2025-09-15T07:47:39.935+0000][187][info ][safepoint   ] Safepoint "Cleanup", Time since last: 3002895793 ns, Reaching safepoint: 85041 ns, Cleanup: 55750 ns, At safepoint: 15167 ns, Total: 155958 ns
[2025-09-15T07:47:40.936+0000][187][info ][safepoint   ] Safepoint "Cleanup", Time since last: 1001779167 ns, Reaching safepoint: 89208 ns, Cleanup: 55500 ns, At safepoint: 12500 ns, Total: 157208 ns
[2025-09-15T07:47:41.938+0000][187][info ][safepoint   ] Safepoint "Cleanup", Time since last: 1001291501 ns, Reaching safepoint: 46583 ns, Cleanup: 33542 ns, At safepoint: 26500 ns, Total: 106625 ns
[2025-09-15T07:47:43.940+0000][187][info ][safepoint   ] Safepoint "Cleanup", Time since last: 2002436751 ns, Reaching safepoint: 17958 ns, Cleanup: 17417 ns, At safepoint: 6166 ns, Total: 41541 ns
[2025-09-15T07:47:44.942+0000][187][info ][safepoint   ] Safepoint "Cleanup", Time since last: 1001453293 ns, Reaching safepoint: 87083 ns, Cleanup: 66458 ns, At safepoint: 18292 ns, Total: 171833 ns
[2025-09-15T07:47:45.943+0000][187][info ][safepoint   ] Safepoint "Cleanup", Time since last: 1001430834 ns, Reaching safepoint: 43458 ns, Cleanup: 33375 ns, At safepoint: 9417 ns, Total: 86250 ns
[2025-09-15T07:47:46.945+0000][187][info ][safepoint   ] Safepoint "Cleanup", Time since last: 1001000459 ns, Reaching safepoint: 47916 ns, Cleanup: 18917 ns, At safepoint: 9625 ns, Total: 76458 ns
[2025-09-15T07:47:49.949+0000][187][info ][safepoint   ] Safepoint "Cleanup", Time since last: 3004462001 ns, Reaching safepoint: 110875 ns, Cleanup: 50667 ns, At safepoint: 16792 ns, Total: 178334 ns
[2025-09-15T07:47:51.951+0000][187][info ][safepoint   ] Safepoint "Cleanup", Time since last: 2002128917 ns, Reaching safepoint: 77292 ns, Cleanup: 47167 ns, At safepoint: 12041 ns, Total: 136500 ns
[2025-09-15T07:47:53.955+0000][187][info ][safepoint   ] Safepoint "Cleanup", Time since last: 2003301210 ns, Reaching safepoint: 74666 ns, Cleanup: 33417 ns, At safepoint: 17000 ns, Total: 125083 ns
[2025-09-15T07:47:54.957+0000][187][info ][safepoint   ] Safepoint "Cleanup", Time since last: 1001477417 ns, Reaching safepoint: 83167 ns, Cleanup: 55625 ns, At safepoint: 16166 ns, Total: 154958 ns
[2025-09-15T07:47:55.957+0000][187][info ][safepoint   ] Safepoint "Cleanup", Time since last: 1000796459 ns, Reaching safepoint: 38834 ns, Cleanup: 43875 ns, At safepoint: 17250 ns, Total: 99959 ns
[2025-09-15T07:47:59.962+0000][187][info ][safepoint   ] Safepoint "Cleanup", Time since last: 4004048293 ns, Reaching safepoint: 91750 ns, Cleanup: 69708 ns, At safepoint: 14750 ns, Total: 176208 ns
[2025-09-15T07:48:03.087+0000][187][info ][safepoint   ] Safepoint "Cleanup", Time since last: 3124862085 ns, Reaching safepoint: 21250 ns, Cleanup: 27167 ns, At safepoint: 1875 ns, Total: 50292 ns
[2025-09-15T07:48:05.063+0000][187][info ][safepoint   ] Safepoint "Cleanup", Time since last: 1975897626 ns, Reaching safepoint: 113667 ns, Cleanup: 138000 ns, At safepoint: 22083 ns, Total: 273750 ns
[2025-09-15T07:48:06.071+0000][187][info ][safepoint   ] Safepoint "Cleanup", Time since last: 1008112084 ns, Reaching safepoint: 6208 ns, Cleanup: 10750 ns, At safepoint: 2458 ns, Total: 19416 ns
[2025-09-15T07:48:07.100+0000][187][info ][safepoint   ] Safepoint "Cleanup", Time since last: 1028953209 ns, Reaching safepoint: 65792 ns, Cleanup: 102416 ns, At safepoint: 18750 ns, Total: 186958 ns
[2025-09-15T07:48:08.146+0000][187][info ][safepoint   ] Safepoint "Cleanup", Time since last: 1045790668 ns, Reaching safepoint: 88041 ns, Cleanup: 80542 ns, At safepoint: 13333 ns, Total: 181916 ns
[2025-09-15T07:48:09.222+0000][187][info ][safepoint   ] Safepoint "Cleanup", Time since last: 1075678876 ns, Reaching safepoint: 13375 ns, Cleanup: 29750 ns, At safepoint: 7875 ns, Total: 51000 ns
[2025-09-15T07:48:10.223+0000][187][info ][safepoint   ] Safepoint "Cleanup", Time since last: 1000751375 ns, Reaching safepoint: 100875 ns, Cleanup: 81333 ns, At safepoint: 21708 ns, Total: 203916 ns
[2025-09-15T07:48:11.224+0000][187][info ][safepoint   ] Safepoint "Cleanup", Time since last: 1000784251 ns, Reaching safepoint: 42000 ns, Cleanup: 36833 ns, At safepoint: 9875 ns, Total: 88708 ns
[2025-09-15T07:48:12.225+0000][187][info ][safepoint   ] Safepoint "Cleanup", Time since last: 1000915167 ns, Reaching safepoint: 37959 ns, Cleanup: 31708 ns, At safepoint: 7917 ns, Total: 77584 ns
[2025-09-15T07:48:14.226+0000][187][info ][safepoint   ] Safepoint "Cleanup", Time since last: 2001298667 ns, Reaching safepoint: 71625 ns, Cleanup: 65334 ns, At safepoint: 17416 ns, Total: 154375 ns
[2025-09-15T07:48:15.228+0000][187][info ][safepoint   ] Safepoint "Cleanup", Time since last: 1002060042 ns, Reaching safepoint: 60667 ns, Cleanup: 24708 ns, At safepoint: 9209 ns, Total: 94584 ns
[2025-09-15T07:48:18.232+0000][187][info ][safepoint   ] Safepoint "Cleanup", Time since last: 3003243668 ns, Reaching safepoint: 126333 ns, Cleanup: 41542 ns, At safepoint: 10625 ns, Total: 178500 ns
[2025-09-15T07:48:19.233+0000][187][info ][safepoint   ] Safepoint "Cleanup", Time since last: 1001127709 ns, Reaching safepoint: 83500 ns, Cleanup: 97875 ns, At safepoint: 30916 ns, Total: 212291 ns
[2025-09-15T07:48:20.235+0000][187][info ][safepoint   ] Safepoint "Cleanup", Time since last: 1001893084 ns, Reaching safepoint: 60042 ns, Cleanup: 29666 ns, At safepoint: 13625 ns, Total: 103333 ns
[2025-09-15T07:48:21.236+0000][187][info ][safepoint   ] Safepoint "Cleanup", Time since last: 1000551043 ns, Reaching safepoint: 96291 ns, Cleanup: 37334 ns, At safepoint: 24708 ns, Total: 158333 ns
[2025-09-15T07:48:24.240+0000][187][info ][safepoint   ] Safepoint "Cleanup", Time since last: 3003781876 ns, Reaching safepoint: 91125 ns, Cleanup: 41167 ns, At safepoint: 12333 ns, Total: 144625 ns
[2025-09-15T07:48:27.244+0000][187][info ][safepoint   ] Safepoint "Cleanup", Time since last: 3004121085 ns, Reaching safepoint: 99750 ns, Cleanup: 78125 ns, At safepoint: 19750 ns, Total: 197625 ns
[2025-09-15T07:48:29.247+0000][187][info ][safepoint   ] Safepoint "Cleanup", Time since last: 2002415084 ns, Reaching safepoint: 36459 ns, Cleanup: 16291 ns, At safepoint: 7209 ns, Total: 59959 ns
[2025-09-15T07:48:30.248+0000][187][info ][safepoint   ] Safepoint "Cleanup", Time since last: 1001122625 ns, Reaching safepoint: 56084 ns, Cleanup: 54333 ns, At safepoint: 9125 ns, Total: 119542 ns
[2025-09-15T07:48:31.249+0000][187][info ][safepoint   ] Safepoint "Cleanup", Time since last: 1001179250 ns, Reaching safepoint: 130375 ns, Cleanup: 83584 ns, At safepoint: 23625 ns, Total: 237584 ns
[2025-09-15T07:48:33.146+0000][187][info ][safepoint   ] Safepoint "Cleanup", Time since last: 1896278876 ns, Reaching safepoint: 50875 ns, Cleanup: 17625 ns, At safepoint: 9708 ns, Total: 78208 ns
[2025-09-15T07:48:34.147+0000][187][info ][safepoint   ] Safepoint "Cleanup", Time since last: 1001347584 ns, Reaching safepoint: 79916 ns, Cleanup: 27375 ns, At safepoint: 8500 ns, Total: 115791 ns
[2025-09-15T07:48:36.149+0000][187][info ][safepoint   ] Safepoint "Cleanup", Time since last: 2001716626 ns, Reaching safepoint: 131250 ns, Cleanup: 17125 ns, At safepoint: 9667 ns, Total: 158042 ns
[2025-09-15T07:48:37.150+0000][187][info ][safepoint   ] Safepoint "Cleanup", Time since last: 1001135209 ns, Reaching safepoint: 86875 ns, Cleanup: 59958 ns, At safepoint: 15709 ns, Total: 162542 ns
[2025-09-15T07:48:38.152+0000][187][info ][safepoint   ] Safepoint "Cleanup", Time since last: 1001832500 ns, Reaching safepoint: 88250 ns, Cleanup: 45667 ns, At safepoint: 16333 ns, Total: 150250 ns
[2025-09-15T07:48:39.154+0000][187][info ][safepoint   ] Safepoint "Cleanup", Time since last: 1001574500 ns, Reaching safepoint: 17459 ns, Cleanup: 12500 ns, At safepoint: 6416 ns, Total: 36375 ns
[2025-09-15T07:48:41.156+0000][187][info ][safepoint   ] Safepoint "Cleanup", Time since last: 2001680209 ns, Reaching safepoint: 35584 ns, Cleanup: 63000 ns, At safepoint: 5916 ns, Total: 104500 ns
[2025-09-15T07:48:42.157+0000][187][info ][safepoint   ] Safepoint "Cleanup", Time since last: 1001052293 ns, Reaching safepoint: 65541 ns, Cleanup: 30084 ns, At safepoint: 16000 ns, Total: 111625 ns
[2025-09-15T07:48:43.158+0000][187][info ][safepoint   ] Safepoint "Cleanup", Time since last: 1001367625 ns, Reaching safepoint: 14333 ns, Cleanup: 16250 ns, At safepoint: 9709 ns, Total: 40292 ns
[2025-09-15T07:48:44.159+0000][187][info ][safepoint   ] Safepoint "Cleanup", Time since last: 1000619167 ns, Reaching safepoint: 15750 ns, Cleanup: 63125 ns, At safepoint: 11208 ns, Total: 90083 ns
[2025-09-15T07:48:45.161+0000][187][info ][safepoint   ] Safepoint "Cleanup", Time since last: 1001561542 ns, Reaching safepoint: 35375 ns, Cleanup: 16334 ns, At safepoint: 6541 ns, Total: 58250 ns
[2025-09-15T07:48:46.162+0000][187][info ][safepoint   ] Safepoint "Cleanup", Time since last: 1001186626 ns, Reaching safepoint: 56750 ns, Cleanup: 23208 ns, At safepoint: 8375 ns, Total: 88333 ns
[2025-09-15T07:48:48.164+0000][187][info ][safepoint   ] Safepoint "Cleanup", Time since last: 2001758001 ns, Reaching safepoint: 65750 ns, Cleanup: 33000 ns, At safepoint: 12208 ns, Total: 110958 ns
[2025-09-15T07:48:49.166+0000][187][info ][safepoint   ] Safepoint "Cleanup", Time since last: 1002276793 ns, Reaching safepoint: 60500 ns, Cleanup: 78000 ns, At safepoint: 13791 ns, Total: 152291 ns
[2025-09-15T07:48:51.169+0000][187][info ][safepoint   ] Safepoint "Cleanup", Time since last: 2002716126 ns, Reaching safepoint: 58792 ns, Cleanup: 87792 ns, At safepoint: 14125 ns, Total: 160709 ns
[2025-09-15T07:48:54.173+0000][187][info ][safepoint   ] Safepoint "Cleanup", Time since last: 3003355959 ns, Reaching safepoint: 34709 ns, Cleanup: 66750 ns, At safepoint: 15125 ns, Total: 116584 ns
[2025-09-15T07:48:56.175+0000][187][info ][safepoint   ] Safepoint "Cleanup", Time since last: 2002525251 ns, Reaching safepoint: 181041 ns, Cleanup: 94625 ns, At safepoint: 15959 ns, Total: 291625 ns
[2025-09-15T07:48:57.177+0000][187][info ][safepoint   ] Safepoint "Cleanup", Time since last: 1001724417 ns, Reaching safepoint: 66583 ns, Cleanup: 92375 ns, At safepoint: 18542 ns, Total: 177500 ns
[2025-09-15T07:48:59.181+0000][187][info ][safepoint   ] Safepoint "Cleanup", Time since last: 2002861709 ns, Reaching safepoint: 65500 ns, Cleanup: 256667 ns, At safepoint: 19208 ns, Total: 341375 ns
[2025-09-15T07:49:00.182+0000][187][info ][safepoint   ] Safepoint "Cleanup", Time since last: 1001435542 ns, Reaching safepoint: 55250 ns, Cleanup: 38917 ns, At safepoint: 12292 ns, Total: 106459 ns
[2025-09-15T07:49:01.185+0000][187][info ][safepoint   ] Safepoint "Cleanup", Time since last: 1002833542 ns, Reaching safepoint: 48208 ns, Cleanup: 71125 ns, At safepoint: 14458 ns, Total: 133791 ns
[2025-09-15T07:49:03.187+0000][187][info ][safepoint   ] Safepoint "Cleanup", Time since last: 2001632168 ns, Reaching safepoint: 22750 ns, Cleanup: 20458 ns, At safepoint: 6167 ns, Total: 49375 ns
[2025-09-15T07:49:04.189+0000][187][info ][safepoint   ] Safepoint "Cleanup", Time since last: 1001439000 ns, Reaching safepoint: 90667 ns, Cleanup: 152250 ns, At safepoint: 32250 ns, Total: 275167 ns
[2025-09-15T07:49:05.190+0000][187][info ][safepoint   ] Safepoint "Cleanup", Time since last: 1001641917 ns, Reaching safepoint: 57500 ns, Cleanup: 39000 ns, At safepoint: 17667 ns, Total: 114167 ns
[2025-09-15T07:49:06.192+0000][187][info ][safepoint   ] Safepoint "Cleanup", Time since last: 1001605000 ns, Reaching safepoint: 53084 ns, Cleanup: 34666 ns, At safepoint: 11917 ns, Total: 99667 ns
[2025-09-15T07:49:07.195+0000][187][info ][safepoint   ] Safepoint "Cleanup", Time since last: 1003109959 ns, Reaching safepoint: 82583 ns, Cleanup: 38375 ns, At safepoint: 14625 ns, Total: 135583 ns
[2025-09-15T07:49:08.196+0000][187][info ][safepoint   ] Safepoint "Cleanup", Time since last: 1000950667 ns, Reaching safepoint: 101084 ns, Cleanup: 68375 ns, At safepoint: 32708 ns, Total: 202167 ns
[2025-09-15T07:49:09.276+0000][187][info ][safepoint   ] Safepoint "Cleanup", Time since last: 1079092959 ns, Reaching safepoint: 3292 ns, Cleanup: 72166 ns, At safepoint: 7125 ns, Total: 82583 ns
[2025-09-15T07:49:10.301+0000][187][info ][safepoint   ] Safepoint "Cleanup", Time since last: 1025188541 ns, Reaching safepoint: 67000 ns, Cleanup: 26167 ns, At safepoint: 16625 ns, Total: 109792 ns
[2025-09-15T07:49:11.330+0000][187][info ][safepoint   ] Safepoint "Cleanup", Time since last: 1028410751 ns, Reaching safepoint: 112916 ns, Cleanup: 35125 ns, At safepoint: 11875 ns, Total: 159916 ns
[2025-09-15T07:49:12.330+0000][187][info ][safepoint   ] Safepoint "Cleanup", Time since last: 1000524459 ns, Reaching safepoint: 89458 ns, Cleanup: 79167 ns, At safepoint: 15375 ns, Total: 184000 ns
[2025-09-15T07:49:13.344+0000][187][info ][safepoint   ] Safepoint "Cleanup", Time since last: 1014041584 ns, Reaching safepoint: 14083 ns, Cleanup: 12958 ns, At safepoint: 6542 ns, Total: 33583 ns
[2025-09-15T07:49:14.359+0000][187][info ][safepoint   ] Safepoint "Cleanup", Time since last: 1014876917 ns, Reaching safepoint: 133500 ns, Cleanup: 41417 ns, At safepoint: 19083 ns, Total: 194000 ns
[2025-09-15T07:49:16.361+0000][187][info ][safepoint   ] Safepoint "Cleanup", Time since last: 2001565168 ns, Reaching safepoint: 66000 ns, Cleanup: 16125 ns, At safepoint: 8875 ns, Total: 91000 ns
[2025-09-15T07:49:18.372+0000][187][info ][safepoint   ] Safepoint "Cleanup", Time since last: 2011069459 ns, Reaching safepoint: 13417 ns, Cleanup: 13625 ns, At safepoint: 5875 ns, Total: 32917 ns
[2025-09-15T07:49:19.373+0000][187][info ][safepoint   ] Safepoint "Cleanup", Time since last: 1001072292 ns, Reaching safepoint: 135125 ns, Cleanup: 30958 ns, At safepoint: 20334 ns, Total: 186417 ns
[2025-09-15T07:49:20.375+0000][187][info ][safepoint   ] Safepoint "Cleanup", Time since last: 1001548584 ns, Reaching safepoint: 56208 ns, Cleanup: 29417 ns, At safepoint: 14416 ns, Total: 100041 ns
[2025-09-15T07:49:24.380+0000][187][info ][safepoint   ] Safepoint "Cleanup", Time since last: 4004876835 ns, Reaching safepoint: 55292 ns, Cleanup: 64417 ns, At safepoint: 15416 ns, Total: 135125 ns
[2025-09-15T07:49:26.382+0000][187][info ][safepoint   ] Safepoint "Cleanup", Time since last: 2002178751 ns, Reaching safepoint: 66042 ns, Cleanup: 60250 ns, At safepoint: 24583 ns, Total: 150875 ns
[2025-09-15T07:49:29.386+0000][187][info ][safepoint   ] Safepoint "Cleanup", Time since last: 3003467460 ns, Reaching safepoint: 42917 ns, Cleanup: 23041 ns, At safepoint: 9917 ns, Total: 75875 ns
[2025-09-15T07:49:30.387+0000][187][info ][safepoint   ] Safepoint "Cleanup", Time since last: 1001183209 ns, Reaching safepoint: 16542 ns, Cleanup: 31333 ns, At safepoint: 6875 ns, Total: 54750 ns
[2025-09-15T07:49:33.382+0000][187][info ][safepoint   ] Safepoint "Cleanup", Time since last: 2993908335 ns, Reaching safepoint: 976500 ns, Cleanup: 52625 ns, At safepoint: 34458 ns, Total: 1063583 ns
[2025-09-15T07:49:34.383+0000][187][info ][safepoint   ] Safepoint "Cleanup", Time since last: 1000786626 ns, Reaching safepoint: 35833 ns, Cleanup: 29667 ns, At safepoint: 8416 ns, Total: 73916 ns
[2025-09-15T07:49:36.385+0000][187][info ][safepoint   ] Safepoint "Cleanup", Time since last: 2002258043 ns, Reaching safepoint: 57083 ns, Cleanup: 34750 ns, At safepoint: 10875 ns, Total: 102708 ns
[2025-09-15T07:49:39.138+0000][187][info ][safepoint   ] Safepoint "Cleanup", Time since last: 2752737751 ns, Reaching safepoint: 9209 ns, Cleanup: 39666 ns, At safepoint: 10042 ns, Total: 58917 ns
[2025-09-15T07:49:41.141+0000][187][info ][safepoint   ] Safepoint "Cleanup", Time since last: 2002789334 ns, Reaching safepoint: 115292 ns, Cleanup: 33291 ns, At safepoint: 19250 ns, Total: 167833 ns
[2025-09-15T07:49:42.143+0000][187][info ][safepoint   ] Safepoint "Cleanup", Time since last: 1001120543 ns, Reaching safepoint: 34750 ns, Cleanup: 9375 ns, At safepoint: 6250 ns, Total: 50375 ns
[2025-09-15T07:49:44.145+0000][187][info ][safepoint   ] Safepoint "Cleanup", Time since last: 2002371917 ns, Reaching safepoint: 105417 ns, Cleanup: 34000 ns, At safepoint: 52208 ns, Total: 191625 ns
[2025-09-15T07:49:48.151+0000][187][info ][safepoint   ] Safepoint "Cleanup", Time since last: 4005312044 ns, Reaching safepoint: 24500 ns, Cleanup: 19708 ns, At safepoint: 7792 ns, Total: 52000 ns
[2025-09-15T07:49:49.153+0000][187][info ][safepoint   ] Safepoint "Cleanup", Time since last: 1002001625 ns, Reaching safepoint: 13667 ns, Cleanup: 13667 ns, At safepoint: 5333 ns, Total: 32667 ns
[2025-09-15T07:49:51.154+0000][187][info ][safepoint   ] Safepoint "Cleanup", Time since last: 2001847126 ns, Reaching safepoint: 15208 ns, Cleanup: 12542 ns, At safepoint: 5458 ns, Total: 33208 ns
[2025-09-15T07:49:53.156+0000][187][info ][safepoint   ] Safepoint "Cleanup", Time since last: 2001753418 ns, Reaching safepoint: 17917 ns, Cleanup: 22000 ns, At safepoint: 10166 ns, Total: 50083 ns
[2025-09-15T07:49:56.159+0000][187][info ][safepoint   ] Safepoint "Cleanup", Time since last: 3002542377 ns, Reaching safepoint: 20208 ns, Cleanup: 70167 ns, At safepoint: 14625 ns, Total: 105000 ns
[2025-09-15T07:50:00.164+0000][187][info ][safepoint   ] Safepoint "Cleanup", Time since last: 4004754960 ns, Reaching safepoint: 46750 ns, Cleanup: 22125 ns, At safepoint: 10750 ns, Total: 79625 ns
[2025-09-15T07:50:03.167+0000][187][info ][safepoint   ] Safepoint "Cleanup", Time since last: 3003401210 ns, Reaching safepoint: 22500 ns, Cleanup: 14208 ns, At safepoint: 4333 ns, Total: 41041 ns
[2025-09-15T07:50:04.169+0000][187][info ][safepoint   ] Safepoint "Cleanup", Time since last: 1001235001 ns, Reaching safepoint: 62750 ns, Cleanup: 92375 ns, At safepoint: 24583 ns, Total: 179708 ns
[2025-09-15T07:50:06.170+0000][187][info ][safepoint   ] Safepoint "Cleanup", Time since last: 2001825834 ns, Reaching safepoint: 17250 ns, Cleanup: 19334 ns, At safepoint: 7666 ns, Total: 44250 ns
[2025-09-15T07:50:08.173+0000][187][info ][safepoint   ] Safepoint "Cleanup", Time since last: 2002913501 ns, Reaching safepoint: 36042 ns, Cleanup: 18500 ns, At safepoint: 9750 ns, Total: 64292 ns
[2025-09-15T07:50:09.175+0000][187][info ][safepoint   ] Safepoint "Cleanup", Time since last: 1001004334 ns, Reaching safepoint: 52125 ns, Cleanup: 78958 ns, At safepoint: 14750 ns, Total: 145833 ns
[2025-09-15T07:50:11.177+0000][187][info ][safepoint   ] Safepoint "Cleanup", Time since last: 2001804167 ns, Reaching safepoint: 22708 ns, Cleanup: 16208 ns, At safepoint: 8125 ns, Total: 47041 ns
[2025-09-15T07:50:12.460+0000][187][info ][safepoint   ] Safepoint "Cleanup", Time since last: 1282589668 ns, Reaching safepoint: 10500 ns, Cleanup: 98041 ns, At safepoint: 22959 ns, Total: 131500 ns
[2025-09-15T07:50:13.493+0000][187][info ][safepoint   ] Safepoint "Cleanup", Time since last: 1033076709 ns, Reaching safepoint: 29958 ns, Cleanup: 15708 ns, At safepoint: 11125 ns, Total: 56791 ns
[2025-09-15T07:50:14.494+0000][187][info ][safepoint   ] Safepoint "Cleanup", Time since last: 1001001126 ns, Reaching safepoint: 100125 ns, Cleanup: 80208 ns, At safepoint: 13167 ns, Total: 193500 ns
[2025-09-15T07:50:15.495+0000][187][info ][safepoint   ] Safepoint "Cleanup", Time since last: 1000776875 ns, Reaching safepoint: 16084 ns, Cleanup: 15291 ns, At safepoint: 42250 ns, Total: 73625 ns
[2025-09-15T07:50:16.496+0000][187][info ][safepoint   ] Safepoint "Cleanup", Time since last: 1001073667 ns, Reaching safepoint: 14209 ns, Cleanup: 32125 ns, At safepoint: 6583 ns, Total: 52917 ns
[2025-09-15T07:50:18.498+0000][187][info ][safepoint   ] Safepoint "Cleanup", Time since last: 2002174209 ns, Reaching safepoint: 79334 ns, Cleanup: 113625 ns, At safepoint: 21000 ns, Total: 213959 ns
[2025-09-15T07:50:24.505+0000][187][info ][safepoint   ] Safepoint "Cleanup", Time since last: 6006616919 ns, Reaching safepoint: 132792 ns, Cleanup: 186250 ns, At safepoint: 28833 ns, Total: 347875 ns
[2025-09-15T07:50:26.507+0000][187][info ][safepoint   ] Safepoint "Cleanup", Time since last: 2001635668 ns, Reaching safepoint: 62083 ns, Cleanup: 114833 ns, At safepoint: 47209 ns, Total: 224125 ns
[2025-09-15T07:50:27.510+0000][187][info ][safepoint   ] Safepoint "Cleanup", Time since last: 1002675125 ns, Reaching safepoint: 72250 ns, Cleanup: 46209 ns, At safepoint: 14250 ns, Total: 132709 ns
[2025-09-15T07:50:29.512+0000][187][info ][safepoint   ] Safepoint "Cleanup", Time since last: 2001936126 ns, Reaching safepoint: 86541 ns, Cleanup: 37834 ns, At safepoint: 13083 ns, Total: 137458 ns
[2025-09-15T07:50:31.514+0000][187][info ][safepoint   ] Safepoint "Cleanup", Time since last: 2002087501 ns, Reaching safepoint: 97125 ns, Cleanup: 38333 ns, At safepoint: 19917 ns, Total: 155375 ns
[2025-09-15T07:50:33.558+0000][187][info ][safepoint   ] Safepoint "Cleanup", Time since last: 2043544709 ns, Reaching safepoint: 38125 ns, Cleanup: 31458 ns, At safepoint: 10792 ns, Total: 80375 ns
[2025-09-15T07:50:36.566+0000][187][info ][safepoint   ] Safepoint "Cleanup", Time since last: 3007814335 ns, Reaching safepoint: 84833 ns, Cleanup: 69209 ns, At safepoint: 26375 ns, Total: 180417 ns
[2025-09-15T07:50:41.572+0000][187][info ][safepoint   ] Safepoint "Cleanup", Time since last: 5005861126 ns, Reaching safepoint: 90375 ns, Cleanup: 66208 ns, At safepoint: 20167 ns, Total: 176750 ns
[2025-09-15T07:50:45.577+0000][187][info ][safepoint   ] Safepoint "Cleanup", Time since last: 4004653585 ns, Reaching safepoint: 176750 ns, Cleanup: 60875 ns, At safepoint: 32500 ns, Total: 270125 ns
[2025-09-15T07:50:46.579+0000][187][info ][safepoint   ] Safepoint "Cleanup", Time since last: 1002202251 ns, Reaching safepoint: 13833 ns, Cleanup: 19500 ns, At safepoint: 3875 ns, Total: 37208 ns
[2025-09-15T07:50:47.580+0000][187][info ][safepoint   ] Safepoint "Cleanup", Time since last: 1000693667 ns, Reaching safepoint: 62542 ns, Cleanup: 42667 ns, At safepoint: 17291 ns, Total: 122500 ns
[2025-09-15T07:50:49.582+0000][187][info ][safepoint   ] Safepoint "Cleanup", Time since last: 2001987834 ns, Reaching safepoint: 97542 ns, Cleanup: 80083 ns, At safepoint: 24375 ns, Total: 202000 ns
[2025-09-15T07:50:51.585+0000][187][info ][safepoint   ] Safepoint "Cleanup", Time since last: 2002775543 ns, Reaching safepoint: 106792 ns, Cleanup: 78958 ns, At safepoint: 18583 ns, Total: 204333 ns
[2025-09-15T07:50:56.591+0000][187][info ][safepoint   ] Safepoint "Cleanup", Time since last: 5005771836 ns, Reaching safepoint: 14042 ns, Cleanup: 36750 ns, At safepoint: 7791 ns, Total: 58583 ns
[2025-09-15T07:50:59.596+0000][187][info ][safepoint   ] Safepoint "Cleanup", Time since last: 3004767627 ns, Reaching safepoint: 32875 ns, Cleanup: 17667 ns, At safepoint: 9875 ns, Total: 60417 ns
[2025-09-15T07:51:03.600+0000][187][info ][safepoint   ] Safepoint "Cleanup", Time since last: 4004426418 ns, Reaching safepoint: 65917 ns, Cleanup: 47750 ns, At safepoint: 15666 ns, Total: 129333 ns
[2025-09-15T07:51:04.603+0000][187][info ][safepoint   ] Safepoint "Cleanup", Time since last: 1001858793 ns, Reaching safepoint: 96583 ns, Cleanup: 109167 ns, At safepoint: 38750 ns, Total: 244500 ns
[2025-09-15T07:51:09.608+0000][187][info ][safepoint   ] Safepoint "Cleanup", Time since last: 5005428585 ns, Reaching safepoint: 48084 ns, Cleanup: 74000 ns, At safepoint: 20791 ns, Total: 142875 ns
[2025-09-15T07:51:11.610+0000][187][info ][safepoint   ] Safepoint "Cleanup", Time since last: 2001767626 ns, Reaching safepoint: 59083 ns, Cleanup: 25125 ns, At safepoint: 10625 ns, Total: 94833 ns
[2025-09-15T07:51:12.611+0000][187][info ][safepoint   ] Safepoint "Cleanup", Time since last: 1000619584 ns, Reaching safepoint: 125375 ns, Cleanup: 94791 ns, At safepoint: 20584 ns, Total: 240750 ns
[2025-09-15T07:51:14.613+0000][187][info ][safepoint   ] Safepoint "Cleanup", Time since last: 2002111584 ns, Reaching safepoint: 51375 ns, Cleanup: 46167 ns, At safepoint: 11916 ns, Total: 109458 ns
[2025-09-15T07:51:15.628+0000][187][info ][safepoint   ] Safepoint "Cleanup", Time since last: 1014314293 ns, Reaching safepoint: 6916 ns, Cleanup: 132209 ns, At safepoint: 19333 ns, Total: 158458 ns
[2025-09-15T07:51:16.666+0000][187][info ][safepoint   ] Safepoint "Cleanup", Time since last: 1038409334 ns, Reaching safepoint: 68708 ns, Cleanup: 53917 ns, At safepoint: 11416 ns, Total: 134041 ns
[2025-09-15T07:51:18.668+0000][187][info ][safepoint   ] Safepoint "Cleanup", Time since last: 2002113001 ns, Reaching safepoint: 66875 ns, Cleanup: 41375 ns, At safepoint: 20000 ns, Total: 128250 ns
[2025-09-15T07:51:19.672+0000][187][info ][safepoint   ] Safepoint "Cleanup", Time since last: 1002970126 ns, Reaching safepoint: 604167 ns, Cleanup: 23666 ns, At safepoint: 12209 ns, Total: 640042 ns
[2025-09-15T07:51:21.675+0000][187][info ][safepoint   ] Safepoint "Cleanup", Time since last: 2002355209 ns, Reaching safepoint: 68375 ns, Cleanup: 99875 ns, At safepoint: 19250 ns, Total: 187500 ns
[2025-09-15T07:51:24.678+0000][187][info ][safepoint   ] Safepoint "Cleanup", Time since last: 3003591168 ns, Reaching safepoint: 52167 ns, Cleanup: 36208 ns, At safepoint: 12417 ns, Total: 100792 ns
[2025-09-15T07:51:26.681+0000][187][info ][safepoint   ] Safepoint "Cleanup", Time since last: 2002107459 ns, Reaching safepoint: 96875 ns, Cleanup: 137958 ns, At safepoint: 20834 ns, Total: 255667 ns
[2025-09-15T07:51:27.683+0000][187][info ][safepoint   ] Safepoint "Cleanup", Time since last: 1001731167 ns, Reaching safepoint: 74333 ns, Cleanup: 59833 ns, At safepoint: 16042 ns, Total: 150208 ns
[2025-09-15T07:51:28.685+0000][187][info ][safepoint   ] Safepoint "Cleanup", Time since last: 1001769584 ns, Reaching safepoint: 81541 ns, Cleanup: 118334 ns, At safepoint: 16916 ns, Total: 216791 ns
[2025-09-15T07:51:29.685+0000][187][info ][safepoint   ] Safepoint "Cleanup", Time since last: 1000639626 ns, Reaching safepoint: 125917 ns, Cleanup: 32333 ns, At safepoint: 10458 ns, Total: 168708 ns
[2025-09-15T07:51:35.771+0000][187][info ][safepoint   ] Safepoint "Cleanup", Time since last: 6085636420 ns, Reaching safepoint: 23500 ns, Cleanup: 35417 ns, At safepoint: 7083 ns, Total: 66000 ns
[2025-09-15T07:51:36.772+0000][187][info ][safepoint   ] Safepoint "Cleanup", Time since last: 1001325375 ns, Reaching safepoint: 54709 ns, Cleanup: 30666 ns, At safepoint: 25542 ns, Total: 110917 ns
[2025-09-15T07:51:39.777+0000][187][info ][safepoint   ] Safepoint "Cleanup", Time since last: 3003965251 ns, Reaching safepoint: 84667 ns, Cleanup: 112583 ns, At safepoint: 29167 ns, Total: 226417 ns
[2025-09-15T07:51:40.778+0000][187][info ][safepoint   ] Safepoint "Cleanup", Time since last: 1001678458 ns, Reaching safepoint: 54625 ns, Cleanup: 41958 ns, At safepoint: 13917 ns, Total: 110500 ns
[2025-09-15T07:51:44.782+0000][187][info ][safepoint   ] Safepoint "Cleanup", Time since last: 4003781419 ns, Reaching safepoint: 90250 ns, Cleanup: 47791 ns, At safepoint: 23625 ns, Total: 161666 ns
[2025-09-15T07:51:45.784+0000][187][info ][safepoint   ] Safepoint "Cleanup", Time since last: 1001945667 ns, Reaching safepoint: 47250 ns, Cleanup: 30500 ns, At safepoint: 17709 ns, Total: 95459 ns
[2025-09-15T07:51:46.786+0000][187][info ][safepoint   ] Safepoint "Cleanup", Time since last: 1001061125 ns, Reaching safepoint: 88958 ns, Cleanup: 105042 ns, At safepoint: 16000 ns, Total: 210000 ns
[2025-09-15T07:51:48.788+0000][187][info ][safepoint   ] Safepoint "Cleanup", Time since last: 2002406501 ns, Reaching safepoint: 71458 ns, Cleanup: 31292 ns, At safepoint: 12042 ns, Total: 114792 ns
[2025-09-15T07:51:49.790+0000][187][info ][safepoint   ] Safepoint "Cleanup", Time since last: 1001234500 ns, Reaching safepoint: 84875 ns, Cleanup: 66125 ns, At safepoint: 16375 ns, Total: 167375 ns
[2025-09-15T07:51:51.792+0000][187][info ][safepoint   ] Safepoint "Cleanup", Time since last: 2002397585 ns, Reaching safepoint: 13833 ns, Cleanup: 10458 ns, At safepoint: 4250 ns, Total: 28541 ns
[2025-09-15T07:51:52.794+0000][187][info ][safepoint   ] Safepoint "Cleanup", Time since last: 1001353584 ns, Reaching safepoint: 107958 ns, Cleanup: 58250 ns, At safepoint: 17334 ns, Total: 183542 ns
[2025-09-15T07:51:53.798+0000][187][info ][safepoint   ] Safepoint "Cleanup", Time since last: 1004041083 ns, Reaching safepoint: 55625 ns, Cleanup: 28000 ns, At safepoint: 14750 ns, Total: 98375 ns
[2025-09-15T07:51:54.800+0000][187][info ][safepoint   ] Safepoint "Cleanup", Time since last: 1001531251 ns, Reaching safepoint: 154333 ns, Cleanup: 80334 ns, At safepoint: 28166 ns, Total: 262833 ns
[2025-09-15T07:51:56.803+0000][187][info ][safepoint   ] Safepoint "Cleanup", Time since last: 2002810668 ns, Reaching safepoint: 84458 ns, Cleanup: 123500 ns, At safepoint: 20959 ns, Total: 228917 ns
[2025-09-15T07:51:57.804+0000][187][info ][safepoint   ] Safepoint "Cleanup", Time since last: 1001669250 ns, Reaching safepoint: 71042 ns, Cleanup: 69708 ns, At safepoint: 26667 ns, Total: 167417 ns
[2025-09-15T07:52:02.810+0000][187][info ][safepoint   ] Safepoint "Cleanup", Time since last: 5005696877 ns, Reaching safepoint: 46375 ns, Cleanup: 28250 ns, At safepoint: 9958 ns, Total: 84583 ns
[2025-09-15T07:52:03.811+0000][187][info ][safepoint   ] Safepoint "Cleanup", Time since last: 1000601418 ns, Reaching safepoint: 40708 ns, Cleanup: 25583 ns, At safepoint: 9667 ns, Total: 75958 ns
[2025-09-15T07:52:04.812+0000][187][info ][safepoint   ] Safepoint "Cleanup", Time since last: 1001272375 ns, Reaching safepoint: 59750 ns, Cleanup: 38459 ns, At safepoint: 14500 ns, Total: 112709 ns
[2025-09-15T07:52:09.817+0000][187][info ][safepoint   ] Safepoint "Cleanup", Time since last: 5004861585 ns, Reaching safepoint: 93209 ns, Cleanup: 38750 ns, At safepoint: 21791 ns, Total: 153750 ns
[2025-09-15T07:52:11.820+0000][187][info ][safepoint   ] Safepoint "Cleanup", Time since last: 2003019709 ns, Reaching safepoint: 45208 ns, Cleanup: 52125 ns, At safepoint: 14542 ns, Total: 111875 ns
[2025-09-15T07:52:12.821+0000][187][info ][safepoint   ] Safepoint "Cleanup", Time since last: 1000679709 ns, Reaching safepoint: 14833 ns, Cleanup: 12917 ns, At safepoint: 4250 ns, Total: 32000 ns
[2025-09-15T07:52:13.822+0000][187][info ][safepoint   ] Safepoint "Cleanup", Time since last: 1001122042 ns, Reaching safepoint: 16541 ns, Cleanup: 10375 ns, At safepoint: 13209 ns, Total: 40125 ns
[2025-09-15T07:52:14.824+0000][187][info ][safepoint   ] Safepoint "Cleanup", Time since last: 1001078125 ns, Reaching safepoint: 159834 ns, Cleanup: 66083 ns, At safepoint: 19667 ns, Total: 245584 ns
[2025-09-15T07:52:15.825+0000][187][info ][safepoint   ] Safepoint "Cleanup", Time since last: 1001418125 ns, Reaching safepoint: 30167 ns, Cleanup: 13583 ns, At safepoint: 90083 ns, Total: 133833 ns
[2025-09-15T07:52:16.827+0000][187][info ][safepoint   ] Safepoint "Cleanup", Time since last: 1001562667 ns, Reaching safepoint: 109917 ns, Cleanup: 30875 ns, At safepoint: 20708 ns, Total: 161500 ns
[2025-09-15T07:52:18.131+0000][187][info ][safepoint   ] Safepoint "Cleanup", Time since last: 1304206293 ns, Reaching safepoint: 5083 ns, Cleanup: 8333 ns, At safepoint: 6584 ns, Total: 20000 ns
[2025-09-15T07:52:18.829+0000][187][info ][gc,start    ] GC(20) Pause Young (Mixed) (G1 Evacuation Pause)
[2025-09-15T07:52:18.829+0000][187][info ][gc,task     ] GC(20) Using 8 workers of 8 for evacuation
[2025-09-15T07:52:18.829+0000][187][debug][gc,age      ] GC(20) Desired survivor size 41943040 bytes, new threshold 15 (max threshold 15)
[2025-09-15T07:52:18.879+0000][187][info ][gc,phases   ] GC(20)   Pre Evacuate Collection Set: 0.56ms
[2025-09-15T07:52:18.879+0000][187][info ][gc,phases   ] GC(20)   Merge Heap Roots: 0.21ms
[2025-09-15T07:52:18.879+0000][187][info ][gc,phases   ] GC(20)   Evacuate Collection Set: 44.74ms
[2025-09-15T07:52:18.880+0000][187][info ][gc,phases   ] GC(20)   Post Evacuate Collection Set: 4.27ms
[2025-09-15T07:52:18.880+0000][187][info ][gc,phases   ] GC(20)   Other: 0.42ms
[2025-09-15T07:52:18.880+0000][187][trace][gc,age      ] GC(20) Age table with threshold 15 (max threshold 15)
[2025-09-15T07:52:18.880+0000][187][trace][gc,age      ] GC(20) - age   1:    2160072 bytes,    2160072 total
[2025-09-15T07:52:18.880+0000][187][trace][gc,age      ] GC(20) - age   2:    4639128 bytes,    6799200 total
[2025-09-15T07:52:18.880+0000][187][trace][gc,age      ] GC(20) - age   3:    3585432 bytes,   10384632 total
[2025-09-15T07:52:18.880+0000][187][trace][gc,age      ] GC(20) - age   4:   19287104 bytes,   29671736 total
[2025-09-15T07:52:18.880+0000][187][trace][gc,age      ] GC(20) - age   5:         32 bytes,   29671768 total
[2025-09-15T07:52:18.880+0000][187][info ][gc,heap     ] GC(20) Eden regions: 145->0(145)
[2025-09-15T07:52:18.880+0000][187][info ][gc,heap     ] GC(20) Survivor regions: 8->8(20)
[2025-09-15T07:52:18.880+0000][187][info ][gc,heap     ] GC(20) Old regions: 30->30
[2025-09-15T07:52:18.880+0000][187][info ][gc,heap     ] GC(20) Humongous regions: 2->2
[2025-09-15T07:52:18.880+0000][187][info ][gc,metaspace] GC(20) Metaspace: 157180K(161536K)->157180K(161536K) NonClass: 135483K(137856K)->135483K(137856K) Class: 21696K(23680K)->21696K(23680K)
[2025-09-15T07:52:18.880+0000][187][info ][gc          ] GC(20) Pause Young (Mixed) (G1 Evacuation Pause) 736M->156M(1024M) 51.386ms
[2025-09-15T07:52:18.880+0000][187][info ][gc,cpu      ] GC(20) User=0.35s Sys=0.02s Real=0.06s
[2025-09-15T07:52:18.880+0000][187][info ][safepoint   ] Safepoint "G1CollectForAllocation", Time since last: 697821750 ns, Reaching safepoint: 6500 ns, Cleanup: 26375 ns, At safepoint: 51570875 ns, Total: 51603750 ns
[2025-09-15T07:52:19.899+0000][187][info ][safepoint   ] Safepoint "Cleanup", Time since last: 1018057126 ns, Reaching safepoint: 98375 ns, Cleanup: 79291 ns, At safepoint: 20542 ns, Total: 198208 ns
[2025-09-15T07:52:26.911+0000][187][info ][safepoint   ] Safepoint "Cleanup", Time since last: 7012279545 ns, Reaching safepoint: 169458 ns, Cleanup: 74292 ns, At safepoint: 23458 ns, Total: 267208 ns
[2025-09-15T07:52:27.913+0000][187][info ][safepoint   ] Safepoint "Cleanup", Time since last: 1001677042 ns, Reaching safepoint: 78542 ns, Cleanup: 56458 ns, At safepoint: 21750 ns, Total: 156750 ns
[2025-09-15T07:52:29.916+0000][187][info ][safepoint   ] Safepoint "Cleanup", Time since last: 2002421126 ns, Reaching safepoint: 15917 ns, Cleanup: 16292 ns, At safepoint: 5125 ns, Total: 37334 ns
[2025-09-15T07:52:30.917+0000][187][info ][safepoint   ] Safepoint "Cleanup", Time since last: 1001493292 ns, Reaching safepoint: 110292 ns, Cleanup: 83625 ns, At safepoint: 23250 ns, Total: 217167 ns
[2025-09-15T07:52:33.792+0000][187][info ][safepoint   ] Safepoint "Cleanup", Time since last: 2874833334 ns, Reaching safepoint: 66709 ns, Cleanup: 89666 ns, At safepoint: 32167 ns, Total: 188542 ns
[2025-09-15T07:52:37.799+0000][187][info ][safepoint   ] Safepoint "Cleanup", Time since last: 4005355793 ns, Reaching safepoint: 1427292 ns, Cleanup: 191500 ns, At safepoint: 26542 ns, Total: 1645334 ns
[2025-09-15T07:52:39.803+0000][187][info ][safepoint   ] Safepoint "Cleanup", Time since last: 2003109292 ns, Reaching safepoint: 76792 ns, Cleanup: 66125 ns, At safepoint: 12500 ns, Total: 155417 ns
[2025-09-15T07:52:41.806+0000][187][info ][safepoint   ] Safepoint "Cleanup", Time since last: 2002720667 ns, Reaching safepoint: 125916 ns, Cleanup: 114417 ns, At safepoint: 30458 ns, Total: 270791 ns
[2025-09-15T07:52:44.811+0000][187][info ][safepoint   ] Safepoint "Cleanup", Time since last: 3004382419 ns, Reaching safepoint: 113000 ns, Cleanup: 85541 ns, At safepoint: 19375 ns, Total: 217916 ns
[2025-09-15T07:52:45.813+0000][187][info ][safepoint   ] Safepoint "Cleanup", Time since last: 1001996626 ns, Reaching safepoint: 52416 ns, Cleanup: 38709 ns, At safepoint: 15916 ns, Total: 107041 ns
[2025-09-15T07:52:46.814+0000][187][info ][safepoint   ] Safepoint "Cleanup", Time since last: 1000880876 ns, Reaching safepoint: 40916 ns, Cleanup: 27000 ns, At safepoint: 7125 ns, Total: 75041 ns
[2025-09-15T07:52:50.818+0000][187][info ][safepoint   ] Safepoint "Cleanup", Time since last: 4003928211 ns, Reaching safepoint: 156458 ns, Cleanup: 66542 ns, At safepoint: 32291 ns, Total: 255291 ns
[2025-09-15T07:52:51.820+0000][187][info ][safepoint   ] Safepoint "Cleanup", Time since last: 1001611793 ns, Reaching safepoint: 66333 ns, Cleanup: 61458 ns, At safepoint: 16542 ns, Total: 144333 ns
[2025-09-15T07:52:53.822+0000][187][info ][safepoint   ] Safepoint "Cleanup", Time since last: 2002291626 ns, Reaching safepoint: 75416 ns, Cleanup: 52959 ns, At safepoint: 16041 ns, Total: 144416 ns
[2025-09-15T07:52:56.835+0000][187][info ][safepoint   ] Safepoint "Cleanup", Time since last: 3012479960 ns, Reaching safepoint: 91625 ns, Cleanup: 98584 ns, At safepoint: 18500 ns, Total: 208709 ns
[2025-09-15T07:52:57.837+0000][187][info ][safepoint   ] Safepoint "Cleanup", Time since last: 1001807458 ns, Reaching safepoint: 70917 ns, Cleanup: 45958 ns, At safepoint: 20917 ns, Total: 137792 ns
[2025-09-15T07:52:59.839+0000][187][info ][safepoint   ] Safepoint "Cleanup", Time since last: 2002209876 ns, Reaching safepoint: 82125 ns, Cleanup: 55542 ns, At safepoint: 11875 ns, Total: 149542 ns
[2025-09-15T07:53:01.026+0000][187][info ][safepoint   ] Safepoint "Cleanup", Time since last: 1187324084 ns, Reaching safepoint: 9958 ns, Cleanup: 55250 ns, At safepoint: 7708 ns, Total: 72916 ns
[2025-09-15T07:53:02.043+0000][187][info ][safepoint   ] Safepoint "Cleanup", Time since last: 1016632501 ns, Reaching safepoint: 31833 ns, Cleanup: 17958 ns, At safepoint: 6292 ns, Total: 56083 ns
[2025-09-15T07:53:04.044+0000][187][info ][safepoint   ] Safepoint "Cleanup", Time since last: 2001270459 ns, Reaching safepoint: 31334 ns, Cleanup: 36708 ns, At safepoint: 8792 ns, Total: 76834 ns
[2025-09-15T07:53:05.047+0000][187][info ][safepoint   ] Safepoint "Cleanup", Time since last: 1001746333 ns, Reaching safepoint: 44250 ns, Cleanup: 289542 ns, At safepoint: 25333 ns, Total: 359125 ns
[2025-09-15T07:53:06.047+0000][187][info ][safepoint   ] Safepoint "Cleanup", Time since last: 1000794168 ns, Reaching safepoint: 24083 ns, Cleanup: 13042 ns, At safepoint: 6333 ns, Total: 43458 ns
[2025-09-15T07:53:07.070+0000][187][info ][safepoint   ] Safepoint "Cleanup", Time since last: 1022616709 ns, Reaching safepoint: 5750 ns, Cleanup: 40416 ns, At safepoint: 5417 ns, Total: 51583 ns
[2025-09-15T07:53:08.087+0000][187][info ][safepoint   ] Safepoint "Cleanup", Time since last: 1016338751 ns, Reaching safepoint: 212291 ns, Cleanup: 59875 ns, At safepoint: 16042 ns, Total: 288208 ns
[2025-09-15T07:53:09.148+0000][187][info ][safepoint   ] Safepoint "Cleanup", Time since last: 1060752084 ns, Reaching safepoint: 252791 ns, Cleanup: 33375 ns, At safepoint: 9125 ns, Total: 295291 ns
[2025-09-15T07:53:10.829+0000][187][info ][safepoint   ] Safepoint "Cleanup", Time since last: 1680392751 ns, Reaching safepoint: 91416 ns, Cleanup: 98167 ns, At safepoint: 20333 ns, Total: 209916 ns
[2025-09-15T07:53:13.836+0000][187][info ][safepoint   ] Safepoint "Cleanup", Time since last: 3007448627 ns, Reaching safepoint: 30875 ns, Cleanup: 36166 ns, At safepoint: 7250 ns, Total: 74291 ns
[2025-09-15T07:53:14.839+0000][187][info ][safepoint   ] Safepoint "Cleanup", Time since last: 1002095459 ns, Reaching safepoint: 29375 ns, Cleanup: 26375 ns, At safepoint: 8334 ns, Total: 64084 ns
[2025-09-15T07:53:15.839+0000][187][info ][safepoint   ] Safepoint "Cleanup", Time since last: 1000749750 ns, Reaching safepoint: 79667 ns, Cleanup: 62458 ns, At safepoint: 25250 ns, Total: 167375 ns
[2025-09-15T07:53:19.844+0000][187][info ][safepoint   ] Safepoint "Cleanup", Time since last: 4004370669 ns, Reaching safepoint: 135750 ns, Cleanup: 38916 ns, At safepoint: 23125 ns, Total: 197791 ns
[2025-09-15T07:53:21.151+0000][187][info ][safepoint   ] Safepoint "Cleanup", Time since last: 1307390959 ns, Reaching safepoint: 5625 ns, Cleanup: 20000 ns, At safepoint: 5792 ns, Total: 31417 ns
[2025-09-15T07:53:22.178+0000][187][info ][safepoint   ] Safepoint "Cleanup", Time since last: 1026382542 ns, Reaching safepoint: 13667 ns, Cleanup: 24875 ns, At safepoint: 12833 ns, Total: 51375 ns
[2025-09-15T07:53:23.213+0000][187][info ][safepoint   ] Safepoint "Cleanup", Time since last: 1034231084 ns, Reaching safepoint: 874917 ns, Cleanup: 139583 ns, At safepoint: 16750 ns, Total: 1031250 ns
[2025-09-15T07:53:24.218+0000][187][info ][safepoint   ] Safepoint "Cleanup", Time since last: 1004847792 ns, Reaching safepoint: 36958 ns, Cleanup: 39542 ns, At safepoint: 9167 ns, Total: 85667 ns
[2025-09-15T07:53:27.221+0000][187][info ][safepoint   ] Safepoint "Cleanup", Time since last: 3002819501 ns, Reaching safepoint: 50792 ns, Cleanup: 27958 ns, At safepoint: 10292 ns, Total: 89042 ns
[2025-09-15T07:53:29.223+0000][187][info ][safepoint   ] Safepoint "Cleanup", Time since last: 2002311917 ns, Reaching safepoint: 32959 ns, Cleanup: 20166 ns, At safepoint: 8917 ns, Total: 62042 ns
[2025-09-15T07:53:30.225+0000][187][info ][safepoint   ] Safepoint "Cleanup", Time since last: 1001410001 ns, Reaching safepoint: 102541 ns, Cleanup: 28334 ns, At safepoint: 15041 ns, Total: 145916 ns
[2025-09-15T07:53:33.966+0000][187][info ][safepoint   ] Safepoint "Cleanup", Time since last: 3740930544 ns, Reaching safepoint: 73791 ns, Cleanup: 80584 ns, At safepoint: 16958 ns, Total: 171333 ns
[2025-09-15T07:53:36.968+0000][187][info ][safepoint   ] Safepoint "Cleanup", Time since last: 3001969251 ns, Reaching safepoint: 78417 ns, Cleanup: 55625 ns, At safepoint: 14833 ns, Total: 148875 ns
[2025-09-15T07:53:40.972+0000][187][info ][safepoint   ] Safepoint "Cleanup", Time since last: 4003777835 ns, Reaching safepoint: 69208 ns, Cleanup: 22042 ns, At safepoint: 22208 ns, Total: 113458 ns
[2025-09-15T07:53:41.977+0000][187][info ][safepoint   ] Safepoint "Cleanup", Time since last: 1005006126 ns, Reaching safepoint: 14041 ns, Cleanup: 45334 ns, At safepoint: 5083 ns, Total: 64458 ns
[2025-09-15T07:53:42.978+0000][187][info ][safepoint   ] Safepoint "Cleanup", Time since last: 1000282042 ns, Reaching safepoint: 72417 ns, Cleanup: 102583 ns, At safepoint: 18334 ns, Total: 193334 ns
[2025-09-15T07:53:54.990+0000][187][info ][safepoint   ] Safepoint "Cleanup", Time since last: 12012486547 ns, Reaching safepoint: 55000 ns, Cleanup: 26708 ns, At safepoint: 11125 ns, Total: 92833 ns
[2025-09-15T07:54:05.001+0000][187][info ][safepoint   ] Safepoint "Cleanup", Time since last: 10010072172 ns, Reaching safepoint: 255750 ns, Cleanup: 72250 ns, At safepoint: 31250 ns, Total: 359250 ns
[2025-09-15T07:54:06.003+0000][187][info ][safepoint   ] Safepoint "Cleanup", Time since last: 1002326959 ns, Reaching safepoint: 26333 ns, Cleanup: 20583 ns, At safepoint: 8917 ns, Total: 55833 ns
[2025-09-15T07:54:10.008+0000][187][info ][safepoint   ] Safepoint "Cleanup", Time since last: 4004383834 ns, Reaching safepoint: 238125 ns, Cleanup: 139500 ns, At safepoint: 45334 ns, Total: 422959 ns
[2025-09-15T07:54:12.011+0000][187][info ][safepoint   ] Safepoint "Cleanup", Time since last: 2002877917 ns, Reaching safepoint: 14917 ns, Cleanup: 34583 ns, At safepoint: 5750 ns, Total: 55250 ns
[2025-09-15T07:54:13.013+0000][187][info ][safepoint   ] Safepoint "Cleanup", Time since last: 1001436459 ns, Reaching safepoint: 109750 ns, Cleanup: 62958 ns, At safepoint: 20625 ns, Total: 193333 ns
[2025-09-15T07:54:14.015+0000][187][info ][safepoint   ] Safepoint "Cleanup", Time since last: 1002183459 ns, Reaching safepoint: 11583 ns, Cleanup: 14292 ns, At safepoint: 6333 ns, Total: 32208 ns
[2025-09-15T07:54:24.152+0000][187][info ][safepoint   ] Safepoint "Cleanup", Time since last: 10137403089 ns, Reaching safepoint: 5916 ns, Cleanup: 35042 ns, At safepoint: 3250 ns, Total: 44208 ns
[2025-09-15T07:54:25.373+0000][187][info ][safepoint   ] Safepoint "Cleanup", Time since last: 1220169126 ns, Reaching safepoint: 18000 ns, Cleanup: 289166 ns, At safepoint: 22625 ns, Total: 329791 ns
[2025-09-15T07:54:27.379+0000][187][info ][safepoint   ] Safepoint "Cleanup", Time since last: 2005821584 ns, Reaching safepoint: 61834 ns, Cleanup: 28875 ns, At safepoint: 9375 ns, Total: 100084 ns
[2025-09-15T07:54:29.381+0000][187][info ][safepoint   ] Safepoint "Cleanup", Time since last: 2002453251 ns, Reaching safepoint: 15208 ns, Cleanup: 31167 ns, At safepoint: 8458 ns, Total: 54833 ns
[2025-09-15T07:54:30.383+0000][187][info ][safepoint   ] Safepoint "Cleanup", Time since last: 1001149209 ns, Reaching safepoint: 116000 ns, Cleanup: 51667 ns, At safepoint: 19208 ns, Total: 186875 ns
[2025-09-15T07:54:33.142+0000][187][info ][safepoint   ] Safepoint "Cleanup", Time since last: 2759564085 ns, Reaching safepoint: 4208 ns, Cleanup: 8833 ns, At safepoint: 1917 ns, Total: 14958 ns
[2025-09-15T07:54:34.143+0000][187][info ][safepoint   ] Safepoint "Cleanup", Time since last: 1000842584 ns, Reaching safepoint: 63416 ns, Cleanup: 70334 ns, At safepoint: 14166 ns, Total: 147916 ns
[2025-09-15T07:54:39.149+0000][187][info ][safepoint   ] Safepoint "Cleanup", Time since last: 5005576711 ns, Reaching safepoint: 505167 ns, Cleanup: 23791 ns, At safepoint: 20792 ns, Total: 549750 ns
[2025-09-15T07:54:40.152+0000][187][info ][safepoint   ] Safepoint "Cleanup", Time since last: 1002026375 ns, Reaching safepoint: 51333 ns, Cleanup: 29833 ns, At safepoint: 16292 ns, Total: 97458 ns
[2025-09-15T07:54:47.159+0000][187][info ][safepoint   ] Safepoint "Cleanup", Time since last: 7007158587 ns, Reaching safepoint: 144291 ns, Cleanup: 22000 ns, At safepoint: 12334 ns, Total: 178625 ns
[2025-09-15T07:54:49.162+0000][187][info ][safepoint   ] Safepoint "Cleanup", Time since last: 2002766459 ns, Reaching safepoint: 105542 ns, Cleanup: 32750 ns, At safepoint: 12208 ns, Total: 150500 ns
[2025-09-15T07:54:50.163+0000][187][info ][safepoint   ] Safepoint "Cleanup", Time since last: 1000641209 ns, Reaching safepoint: 95166 ns, Cleanup: 30125 ns, At safepoint: 11834 ns, Total: 137125 ns
[2025-09-15T07:54:52.164+0000][187][info ][safepoint   ] Safepoint "Cleanup", Time since last: 2001159792 ns, Reaching safepoint: 95542 ns, Cleanup: 45750 ns, At safepoint: 19000 ns, Total: 160292 ns
[2025-09-15T07:54:54.167+0000][187][info ][safepoint   ] Safepoint "Cleanup", Time since last: 2002618043 ns, Reaching safepoint: 19416 ns, Cleanup: 21584 ns, At safepoint: 11291 ns, Total: 52291 ns
[2025-09-15T07:54:56.170+0000][187][info ][safepoint   ] Safepoint "Cleanup", Time since last: 2003409793 ns, Reaching safepoint: 15958 ns, Cleanup: 41375 ns, At safepoint: 10542 ns, Total: 67875 ns
[2025-09-15T07:54:57.171+0000][187][info ][safepoint   ] Safepoint "Cleanup", Time since last: 1000415917 ns, Reaching safepoint: 13583 ns, Cleanup: 14792 ns, At safepoint: 5042 ns, Total: 33417 ns
[2025-09-15T07:54:59.172+0000][187][info ][safepoint   ] Safepoint "Cleanup", Time since last: 2001553792 ns, Reaching safepoint: 75459 ns, Cleanup: 58000 ns, At safepoint: 14625 ns, Total: 148084 ns
[2025-09-15T07:55:00.173+0000][187][info ][safepoint   ] Safepoint "Cleanup", Time since last: 1001106125 ns, Reaching safepoint: 12000 ns, Cleanup: 11250 ns, At safepoint: 6333 ns, Total: 29583 ns
[2025-09-15T07:55:00.762+0000][187][info ][safepoint   ] Safepoint "ICBufferFull", Time since last: 587482876 ns, Reaching safepoint: 566250 ns, Cleanup: 222625 ns, At safepoint: 13291 ns, Total: 802166 ns
[2025-09-15T07:55:00.762+0000][187][info ][safepoint   ] Safepoint "ICBufferFull", Time since last: 191792 ns, Reaching safepoint: 5333 ns, Cleanup: 7750 ns, At safepoint: 10750 ns, Total: 23833 ns
[2025-09-15T07:55:00.818+0000][187][info ][safepoint   ] Safepoint "ICBufferFull", Time since last: 55460125 ns, Reaching safepoint: 11000 ns, Cleanup: 109042 ns, At safepoint: 5042 ns, Total: 125084 ns
[2025-09-15T07:55:01.026+0000][187][info ][safepoint   ] Safepoint "ICBufferFull", Time since last: 208573792 ns, Reaching safepoint: 31833 ns, Cleanup: 116208 ns, At safepoint: 14709 ns, Total: 162750 ns
[2025-09-15T07:55:01.174+0000][187][info ][gc,start    ] GC(21) Pause Young (Concurrent Start) (CodeCache GC Threshold)
[2025-09-15T07:55:01.174+0000][187][info ][gc,task     ] GC(21) Using 8 workers of 8 for evacuation
[2025-09-15T07:55:01.174+0000][187][debug][gc,age      ] GC(21) Desired survivor size 41943040 bytes, new threshold 15 (max threshold 15)
[2025-09-15T07:55:01.200+0000][187][info ][gc,phases   ] GC(21)   Pre Evacuate Collection Set: 0.49ms
[2025-09-15T07:55:01.200+0000][187][info ][gc,phases   ] GC(21)   Merge Heap Roots: 0.09ms
[2025-09-15T07:55:01.200+0000][187][info ][gc,phases   ] GC(21)   Evacuate Collection Set: 23.36ms
[2025-09-15T07:55:01.200+0000][187][info ][gc,phases   ] GC(21)   Post Evacuate Collection Set: 2.18ms
[2025-09-15T07:55:01.200+0000][187][info ][gc,phases   ] GC(21)   Other: 0.25ms
[2025-09-15T07:55:01.200+0000][187][trace][gc,age      ] GC(21) Age table with threshold 15 (max threshold 15)
[2025-09-15T07:55:01.200+0000][187][trace][gc,age      ] GC(21) - age   1:    2388816 bytes,    2388816 total
[2025-09-15T07:55:01.201+0000][187][trace][gc,age      ] GC(21) - age   2:     958824 bytes,    3347640 total
[2025-09-15T07:55:01.201+0000][187][trace][gc,age      ] GC(21) - age   3:    4589608 bytes,    7937248 total
[2025-09-15T07:55:01.201+0000][187][trace][gc,age      ] GC(21) - age   4:    3566520 bytes,   11503768 total
[2025-09-15T07:55:01.201+0000][187][trace][gc,age      ] GC(21) - age   5:   19120408 bytes,   30624176 total
[2025-09-15T07:55:01.201+0000][187][trace][gc,age      ] GC(21) - age   6:         32 bytes,   30624208 total
[2025-09-15T07:55:01.201+0000][187][info ][gc,heap     ] GC(21) Eden regions: 77->0(144)
[2025-09-15T07:55:01.201+0000][187][info ][gc,heap     ] GC(21) Survivor regions: 8->9(20)
[2025-09-15T07:55:01.201+0000][187][info ][gc,heap     ] GC(21) Old regions: 30->30
[2025-09-15T07:55:01.201+0000][187][info ][gc,heap     ] GC(21) Humongous regions: 2->2
[2025-09-15T07:55:01.201+0000][187][info ][gc,metaspace] GC(21) Metaspace: 158015K(162368K)->158015K(162368K) NonClass: 136252K(138624K)->136252K(138624K) Class: 21762K(23744K)->21762K(23744K)
[2025-09-15T07:55:01.201+0000][187][info ][gc          ] GC(21) Pause Young (Concurrent Start) (CodeCache GC Threshold) 462M->158M(1024M) 27.265ms
[2025-09-15T07:55:01.201+0000][187][info ][gc          ] GC(22) Concurrent Mark Cycle
[2025-09-15T07:55:01.201+0000][187][info ][gc,marking  ] GC(22) Concurrent Scan Root Regions
[2025-09-15T07:55:01.201+0000][187][info ][gc,cpu      ] GC(21) User=0.17s Sys=0.01s Real=0.02s
[2025-09-15T07:55:01.201+0000][187][info ][safepoint   ] Safepoint "G1TryInitiateConcMark", Time since last: 146750833 ns, Reaching safepoint: 445167 ns, Cleanup: 91125 ns, At safepoint: 27582833 ns, Total: 28119125 ns
[2025-09-15T07:55:01.209+0000][187][info ][gc,marking  ] GC(22) Concurrent Scan Root Regions 8.139ms
[2025-09-15T07:55:01.209+0000][187][info ][gc,marking  ] GC(22) Concurrent Mark
[2025-09-15T07:55:01.210+0000][187][info ][gc,marking  ] GC(22) Concurrent Mark From Roots
[2025-09-15T07:55:01.210+0000][187][info ][gc,task     ] GC(22) Using 2 workers of 2 for marking
[2025-09-15T07:55:01.270+0000][187][info ][gc,marking  ] GC(22) Concurrent Mark From Roots 59.933ms
[2025-09-15T07:55:01.270+0000][187][info ][gc,marking  ] GC(22) Concurrent Preclean
[2025-09-15T07:55:01.270+0000][187][info ][gc,marking  ] GC(22) Concurrent Preclean 0.434ms
[2025-09-15T07:55:01.271+0000][187][info ][gc,start    ] GC(22) Pause Remark
[2025-09-15T07:55:01.293+0000][187][info ][gc          ] GC(22) Pause Remark 168M->168M(1024M) 21.790ms
[2025-09-15T07:55:01.293+0000][187][info ][gc,cpu      ] GC(22) User=0.11s Sys=0.01s Real=0.03s
[2025-09-15T07:55:01.293+0000][187][info ][safepoint   ] Safepoint "G1PauseRemark", Time since last: 69458458 ns, Reaching safepoint: 33584 ns, Cleanup: 43500 ns, At safepoint: 21991541 ns, Total: 22068625 ns
[2025-09-15T07:55:01.293+0000][187][info ][gc,marking  ] GC(22) Concurrent Mark 83.271ms
[2025-09-15T07:55:01.293+0000][187][info ][gc,marking  ] GC(22) Concurrent Rebuild Remembered Sets and Scrub Regions
[2025-09-15T07:55:01.313+0000][187][info ][gc,marking  ] GC(22) Concurrent Rebuild Remembered Sets and Scrub Regions 20.252ms
[2025-09-15T07:55:01.313+0000][187][info ][gc,start    ] GC(22) Pause Cleanup
[2025-09-15T07:55:01.314+0000][187][info ][gc          ] GC(22) Pause Cleanup 172M->172M(1024M) 0.105ms
[2025-09-15T07:55:01.314+0000][187][info ][gc,cpu      ] GC(22) User=0.00s Sys=0.00s Real=0.00s
[2025-09-15T07:55:01.314+0000][187][info ][safepoint   ] Safepoint "G1PauseCleanup", Time since last: 20710750 ns, Reaching safepoint: 10459 ns, Cleanup: 77541 ns, At safepoint: 283875 ns, Total: 371875 ns
[2025-09-15T07:55:01.314+0000][187][info ][gc,marking  ] GC(22) Concurrent Clear Claimed Marks
[2025-09-15T07:55:01.314+0000][187][info ][gc,marking  ] GC(22) Concurrent Clear Claimed Marks 0.457ms
[2025-09-15T07:55:01.314+0000][187][info ][gc,marking  ] GC(22) Concurrent Cleanup for Next Mark
[2025-09-15T07:55:01.318+0000][187][info ][gc,marking  ] GC(22) Concurrent Cleanup for Next Mark 3.294ms
[2025-09-15T07:55:01.318+0000][187][info ][gc          ] GC(22) Concurrent Mark Cycle 116.736ms
[2025-09-15T07:55:03.166+0000][187][info ][safepoint   ] Safepoint "Cleanup", Time since last: 1852338585 ns, Reaching safepoint: 16375 ns, Cleanup: 71166 ns, At safepoint: 6334 ns, Total: 93875 ns
[2025-09-15T07:55:04.167+0000][187][info ][safepoint   ] Safepoint "Cleanup", Time since last: 1000541667 ns, Reaching safepoint: 62958 ns, Cleanup: 37542 ns, At safepoint: 15833 ns, Total: 116333 ns
[2025-09-15T07:55:05.169+0000][187][info ][safepoint   ] Safepoint "Cleanup", Time since last: 1002162876 ns, Reaching safepoint: 67916 ns, Cleanup: 39709 ns, At safepoint: 16291 ns, Total: 123916 ns
[2025-09-15T07:55:06.170+0000][187][info ][safepoint   ] Safepoint "Cleanup", Time since last: 1000499667 ns, Reaching safepoint: 11000 ns, Cleanup: 9875 ns, At safepoint: 5709 ns, Total: 26584 ns
[2025-09-15T07:55:07.339+0000][187][info ][safepoint   ] Safepoint "Cleanup", Time since last: 1169306000 ns, Reaching safepoint: 40917 ns, Cleanup: 51625 ns, At safepoint: 11042 ns, Total: 103584 ns
[2025-09-15T07:55:08.341+0000][187][info ][safepoint   ] Safepoint "Cleanup", Time since last: 1000423042 ns, Reaching safepoint: 1235625 ns, Cleanup: 38000 ns, At safepoint: 36791 ns, Total: 1310416 ns
[2025-09-15T07:55:08.431+0000][187][info ][safepoint   ] Safepoint "ICBufferFull", Time since last: 89039459 ns, Reaching safepoint: 679583 ns, Cleanup: 86708 ns, At safepoint: 20834 ns, Total: 787125 ns
[2025-09-15T07:55:09.130+0000][187][info ][safepoint   ] Safepoint "ICBufferFull", Time since last: 699656917 ns, Reaching safepoint: 14083 ns, Cleanup: 130833 ns, At safepoint: 10084 ns, Total: 155000 ns
[2025-09-15T07:55:10.206+0000][187][info ][safepoint   ] Safepoint "Cleanup", Time since last: 1075401958 ns, Reaching safepoint: 46875 ns, Cleanup: 73083 ns, At safepoint: 13792 ns, Total: 133750 ns
[2025-09-15T07:55:12.208+0000][187][info ][safepoint   ] Safepoint "Cleanup", Time since last: 2001761959 ns, Reaching safepoint: 96583 ns, Cleanup: 34959 ns, At safepoint: 15791 ns, Total: 147333 ns
[2025-09-15T07:55:14.210+0000][187][info ][safepoint   ] Safepoint "Cleanup", Time since last: 2001789918 ns, Reaching safepoint: 40292 ns, Cleanup: 25791 ns, At safepoint: 8625 ns, Total: 74708 ns
[2025-09-15T07:55:15.211+0000][187][info ][safepoint   ] Safepoint "Cleanup", Time since last: 1001173584 ns, Reaching safepoint: 127750 ns, Cleanup: 50042 ns, At safepoint: 12750 ns, Total: 190542 ns
[2025-09-15T07:55:17.214+0000][187][info ][safepoint   ] Safepoint "Cleanup", Time since last: 2002590917 ns, Reaching safepoint: 33000 ns, Cleanup: 18959 ns, At safepoint: 8541 ns, Total: 60500 ns
[2025-09-15T07:55:19.216+0000][187][info ][safepoint   ] Safepoint "Cleanup", Time since last: 2001925460 ns, Reaching safepoint: 115958 ns, Cleanup: 46208 ns, At safepoint: 15834 ns, Total: 178000 ns
[2025-09-15T07:55:21.220+0000][187][info ][safepoint   ] Safepoint "Cleanup", Time since last: 2002818584 ns, Reaching safepoint: 443833 ns, Cleanup: 38334 ns, At safepoint: 14458 ns, Total: 496625 ns
[2025-09-15T07:55:24.222+0000][187][info ][safepoint   ] Safepoint "Cleanup", Time since last: 3002268376 ns, Reaching safepoint: 17584 ns, Cleanup: 16666 ns, At safepoint: 7125 ns, Total: 41375 ns
[2025-09-15T07:55:26.224+0000][187][info ][safepoint   ] Safepoint "Cleanup", Time since last: 2002242918 ns, Reaching safepoint: 31292 ns, Cleanup: 31541 ns, At safepoint: 6875 ns, Total: 69708 ns
[2025-09-15T07:55:27.506+0000][187][info ][safepoint   ] Safepoint "Cleanup", Time since last: 1281322793 ns, Reaching safepoint: 4875 ns, Cleanup: 69125 ns, At safepoint: 7458 ns, Total: 81458 ns
[2025-09-15T07:55:28.534+0000][187][info ][safepoint   ] Safepoint "Cleanup", Time since last: 1028761167 ns, Reaching safepoint: 4292 ns, Cleanup: 45708 ns, At safepoint: 3792 ns, Total: 53792 ns
[2025-09-15T07:55:29.536+0000][187][info ][safepoint   ] Safepoint "Cleanup", Time since last: 1001418084 ns, Reaching safepoint: 15666 ns, Cleanup: 16584 ns, At safepoint: 5875 ns, Total: 38125 ns
[2025-09-15T07:55:34.307+0000][187][info ][safepoint   ] Safepoint "Cleanup", Time since last: 4770969793 ns, Reaching safepoint: 19750 ns, Cleanup: 22209 ns, At safepoint: 7875 ns, Total: 49834 ns
[2025-09-15T07:55:39.314+0000][187][info ][safepoint   ] Safepoint "Cleanup", Time since last: 5007470044 ns, Reaching safepoint: 15000 ns, Cleanup: 14125 ns, At safepoint: 6500 ns, Total: 35625 ns
[2025-09-15T07:55:40.315+0000][187][info ][safepoint   ] Safepoint "Cleanup", Time since last: 1000843250 ns, Reaching safepoint: 20667 ns, Cleanup: 19416 ns, At safepoint: 15542 ns, Total: 55625 ns
[2025-09-15T07:55:44.321+0000][187][info ][safepoint   ] Safepoint "Cleanup", Time since last: 4005237835 ns, Reaching safepoint: 15209 ns, Cleanup: 14875 ns, At safepoint: 7125 ns, Total: 37209 ns
[2025-09-15T07:55:45.321+0000][187][info ][safepoint   ] Safepoint "Cleanup", Time since last: 1000275583 ns, Reaching safepoint: 56834 ns, Cleanup: 37041 ns, At safepoint: 10875 ns, Total: 104750 ns
[2025-09-15T07:55:47.324+0000][187][info ][safepoint   ] Safepoint "Cleanup", Time since last: 2003001960 ns, Reaching safepoint: 22583 ns, Cleanup: 41250 ns, At safepoint: 8458 ns, Total: 72291 ns
[2025-09-15T07:55:48.325+0000][187][info ][safepoint   ] Safepoint "Cleanup", Time since last: 1001259959 ns, Reaching safepoint: 17792 ns, Cleanup: 11833 ns, At safepoint: 10584 ns, Total: 40209 ns
[2025-09-15T07:55:49.327+0000][187][info ][safepoint   ] Safepoint "Cleanup", Time since last: 1001025292 ns, Reaching safepoint: 226375 ns, Cleanup: 113458 ns, At safepoint: 30708 ns, Total: 370541 ns
[2025-09-15T07:55:54.332+0000][187][info ][safepoint   ] Safepoint "Cleanup", Time since last: 5005392836 ns, Reaching safepoint: 336208 ns, Cleanup: 42875 ns, At safepoint: 10500 ns, Total: 389583 ns
[2025-09-15T07:55:56.335+0000][187][info ][safepoint   ] Safepoint "Cleanup", Time since last: 2002666710 ns, Reaching safepoint: 71708 ns, Cleanup: 104333 ns, At safepoint: 15875 ns, Total: 191916 ns
[2025-09-15T07:55:57.336+0000][187][info ][safepoint   ] Safepoint "Cleanup", Time since last: 1000559209 ns, Reaching safepoint: 65792 ns, Cleanup: 44833 ns, At safepoint: 21125 ns, Total: 131750 ns
[2025-09-15T07:55:58.337+0000][187][info ][safepoint   ] Safepoint "Cleanup", Time since last: 1001051126 ns, Reaching safepoint: 20583 ns, Cleanup: 20625 ns, At safepoint: 8542 ns, Total: 49750 ns
[2025-09-15T07:55:59.338+0000][187][info ][safepoint   ] Safepoint "Cleanup", Time since last: 1000962917 ns, Reaching safepoint: 119666 ns, Cleanup: 71459 ns, At safepoint: 18291 ns, Total: 209416 ns
[2025-09-15T07:56:03.343+0000][187][info ][safepoint   ] Safepoint "Cleanup", Time since last: 4004746252 ns, Reaching safepoint: 26792 ns, Cleanup: 13958 ns, At safepoint: 7959 ns, Total: 48709 ns
[2025-09-15T07:56:04.344+0000][187][info ][safepoint   ] Safepoint "Cleanup", Time since last: 1001075333 ns, Reaching safepoint: 83875 ns, Cleanup: 48875 ns, At safepoint: 18334 ns, Total: 151084 ns
[2025-09-15T07:56:06.347+0000][187][info ][safepoint   ] Safepoint "Cleanup", Time since last: 2002579667 ns, Reaching safepoint: 65084 ns, Cleanup: 32708 ns, At safepoint: 15125 ns, Total: 112917 ns
[2025-09-15T07:56:11.354+0000][187][info ][safepoint   ] Safepoint "Cleanup", Time since last: 5006010419 ns, Reaching safepoint: 101667 ns, Cleanup: 79333 ns, At safepoint: 24500 ns, Total: 205500 ns
[2025-09-15T07:56:12.356+0000][187][info ][safepoint   ] Safepoint "Cleanup", Time since last: 1001600459 ns, Reaching safepoint: 722750 ns, Cleanup: 31250 ns, At safepoint: 19708 ns, Total: 773708 ns
[2025-09-15T07:56:15.359+0000][187][info ][safepoint   ] Safepoint "Cleanup", Time since last: 3003281376 ns, Reaching safepoint: 55167 ns, Cleanup: 45333 ns, At safepoint: 15334 ns, Total: 115834 ns
[2025-09-15T07:56:17.362+0000][187][info ][safepoint   ] Safepoint "Cleanup", Time since last: 2002140084 ns, Reaching safepoint: 41542 ns, Cleanup: 31791 ns, At safepoint: 11000 ns, Total: 84333 ns
[2025-09-15T07:56:19.363+0000][187][info ][safepoint   ] Safepoint "Cleanup", Time since last: 2001675626 ns, Reaching safepoint: 55250 ns, Cleanup: 39625 ns, At safepoint: 13917 ns, Total: 108792 ns
[2025-09-15T07:56:24.368+0000][187][info ][safepoint   ] Safepoint "Cleanup", Time since last: 5004867377 ns, Reaching safepoint: 78250 ns, Cleanup: 29750 ns, At safepoint: 15667 ns, Total: 123667 ns
[2025-09-15T07:56:26.370+0000][187][info ][safepoint   ] Safepoint "Cleanup", Time since last: 2001834959 ns, Reaching safepoint: 66042 ns, Cleanup: 55708 ns, At safepoint: 13709 ns, Total: 135459 ns
[2025-09-15T07:56:27.373+0000][187][info ][safepoint   ] Safepoint "Cleanup", Time since last: 1002079542 ns, Reaching safepoint: 105250 ns, Cleanup: 31083 ns, At safepoint: 15250 ns, Total: 151583 ns
[2025-09-15T07:56:29.376+0000][187][info ][safepoint   ] Safepoint "Cleanup", Time since last: 2002870418 ns, Reaching safepoint: 144291 ns, Cleanup: 24209 ns, At safepoint: 7333 ns, Total: 175833 ns
[2025-09-15T07:56:30.676+0000][187][info ][safepoint   ] Safepoint "Cleanup", Time since last: 1300103876 ns, Reaching safepoint: 7833 ns, Cleanup: 43208 ns, At safepoint: 15125 ns, Total: 66166 ns
[2025-09-15T07:56:31.714+0000][187][info ][safepoint   ] Safepoint "Cleanup", Time since last: 1038109209 ns, Reaching safepoint: 13000 ns, Cleanup: 113750 ns, At safepoint: 28125 ns, Total: 154875 ns
[2025-09-15T07:56:34.527+0000][187][info ][safepoint   ] Safepoint "Cleanup", Time since last: 2812547418 ns, Reaching safepoint: 96375 ns, Cleanup: 92500 ns, At safepoint: 21375 ns, Total: 210250 ns
[2025-09-15T07:56:36.530+0000][187][info ][safepoint   ] Safepoint "Cleanup", Time since last: 2003018085 ns, Reaching safepoint: 76958 ns, Cleanup: 35792 ns, At safepoint: 18458 ns, Total: 131208 ns
[2025-09-15T07:56:39.542+0000][187][info ][safepoint   ] Safepoint "Cleanup", Time since last: 3012364793 ns, Reaching safepoint: 42458 ns, Cleanup: 30917 ns, At safepoint: 11708 ns, Total: 85083 ns
[2025-09-15T07:56:41.546+0000][187][info ][safepoint   ] Safepoint "Cleanup", Time since last: 2002857959 ns, Reaching safepoint: 87458 ns, Cleanup: 74958 ns, At safepoint: 41459 ns, Total: 203875 ns
[2025-09-15T07:56:44.549+0000][187][info ][safepoint   ] Safepoint "Cleanup", Time since last: 3003027126 ns, Reaching safepoint: 68292 ns, Cleanup: 36291 ns, At safepoint: 16500 ns, Total: 121083 ns
[2025-09-15T07:56:46.551+0000][187][info ][safepoint   ] Safepoint "Cleanup", Time since last: 2001701335 ns, Reaching safepoint: 74541 ns, Cleanup: 43417 ns, At safepoint: 19583 ns, Total: 137541 ns
[2025-09-15T07:56:49.556+0000][187][info ][safepoint   ] Safepoint "Cleanup", Time since last: 3004915502 ns, Reaching safepoint: 260750 ns, Cleanup: 78250 ns, At safepoint: 41541 ns, Total: 380541 ns
[2025-09-15T07:56:53.561+0000][187][info ][safepoint   ] Safepoint "Cleanup", Time since last: 4004452086 ns, Reaching safepoint: 15750 ns, Cleanup: 15500 ns, At safepoint: 9791 ns, Total: 41041 ns
[2025-09-15T07:56:54.562+0000][187][info ][safepoint   ] Safepoint "Cleanup", Time since last: 1001050959 ns, Reaching safepoint: 85333 ns, Cleanup: 34959 ns, At safepoint: 17541 ns, Total: 137833 ns
[2025-09-15T07:56:56.564+0000][187][info ][safepoint   ] Safepoint "Cleanup", Time since last: 2001790710 ns, Reaching safepoint: 60708 ns, Cleanup: 46458 ns, At safepoint: 11584 ns, Total: 118750 ns
[2025-09-15T07:56:59.566+0000][187][info ][safepoint   ] Safepoint "Cleanup", Time since last: 3002118793 ns, Reaching safepoint: 45833 ns, Cleanup: 30125 ns, At safepoint: 6709 ns, Total: 82667 ns
[2025-09-15T07:57:00.566+0000][187][info ][safepoint   ] Safepoint "Cleanup", Time since last: 1000641125 ns, Reaching safepoint: 16875 ns, Cleanup: 15000 ns, At safepoint: 5875 ns, Total: 37750 ns
[2025-09-15T07:57:04.571+0000][187][info ][safepoint   ] Safepoint "Cleanup", Time since last: 4004386669 ns, Reaching safepoint: 48625 ns, Cleanup: 30750 ns, At safepoint: 13583 ns, Total: 92958 ns
[2025-09-15T07:57:06.573+0000][187][info ][safepoint   ] Safepoint "Cleanup", Time since last: 2002008251 ns, Reaching safepoint: 73042 ns, Cleanup: 50166 ns, At safepoint: 18792 ns, Total: 142000 ns
[2025-09-15T07:57:09.577+0000][187][info ][safepoint   ] Safepoint "Cleanup", Time since last: 3003524126 ns, Reaching safepoint: 63250 ns, Cleanup: 37667 ns, At safepoint: 15250 ns, Total: 116167 ns
[2025-09-15T07:57:11.580+0000][187][info ][safepoint   ] Safepoint "Cleanup", Time since last: 2003059042 ns, Reaching safepoint: 93250 ns, Cleanup: 50583 ns, At safepoint: 23292 ns, Total: 167125 ns
[2025-09-15T07:57:14.584+0000][187][info ][safepoint   ] Safepoint "Cleanup", Time since last: 3004082751 ns, Reaching safepoint: 54833 ns, Cleanup: 34625 ns, At safepoint: 20167 ns, Total: 109625 ns
[2025-09-15T07:57:15.585+0000][187][info ][safepoint   ] Safepoint "Cleanup", Time since last: 1000774167 ns, Reaching safepoint: 41875 ns, Cleanup: 24792 ns, At safepoint: 12625 ns, Total: 79292 ns
[2025-09-15T07:57:17.588+0000][187][info ][safepoint   ] Safepoint "Cleanup", Time since last: 2002555459 ns, Reaching safepoint: 62500 ns, Cleanup: 63750 ns, At safepoint: 13708 ns, Total: 139958 ns
[2025-09-15T07:57:19.591+0000][187][info ][safepoint   ] Safepoint "Cleanup", Time since last: 2002951585 ns, Reaching safepoint: 50666 ns, Cleanup: 22417 ns, At safepoint: 21375 ns, Total: 94458 ns
[2025-09-15T07:57:29.602+0000][187][info ][safepoint   ] Safepoint "Cleanup", Time since last: 10010233088 ns, Reaching safepoint: 357667 ns, Cleanup: 60042 ns, At safepoint: 12083 ns, Total: 429792 ns
[2025-09-15T07:57:30.603+0000][187][info ][safepoint   ] Safepoint "Cleanup", Time since last: 1001187334 ns, Reaching safepoint: 33250 ns, Cleanup: 14208 ns, At safepoint: 9000 ns, Total: 56458 ns
[2025-09-15T07:57:33.228+0000][187][info ][safepoint   ] Safepoint "Cleanup", Time since last: 2624647626 ns, Reaching safepoint: 6000 ns, Cleanup: 30542 ns, At safepoint: 6792 ns, Total: 43334 ns
[2025-09-15T07:57:34.958+0000][187][info ][safepoint   ] Safepoint "Cleanup", Time since last: 1729876167 ns, Reaching safepoint: 9583 ns, Cleanup: 100375 ns, At safepoint: 7459 ns, Total: 117417 ns
[2025-09-15T07:57:39.965+0000][187][info ][safepoint   ] Safepoint "Cleanup", Time since last: 5007277210 ns, Reaching safepoint: 230125 ns, Cleanup: 43584 ns, At safepoint: 10750 ns, Total: 284459 ns
[2025-09-15T07:57:43.970+0000][187][info ][safepoint   ] Safepoint "Cleanup", Time since last: 4003693043 ns, Reaching safepoint: 163542 ns, Cleanup: 17208 ns, At safepoint: 183083 ns, Total: 363833 ns
[2025-09-15T07:57:44.971+0000][187][info ][safepoint   ] Safepoint "Cleanup", Time since last: 1001671543 ns, Reaching safepoint: 15125 ns, Cleanup: 12041 ns, At safepoint: 6667 ns, Total: 33833 ns
[2025-09-15T07:57:46.973+0000][187][info ][safepoint   ] Safepoint "Cleanup", Time since last: 2001734293 ns, Reaching safepoint: 22791 ns, Cleanup: 26625 ns, At safepoint: 7667 ns, Total: 57083 ns
[2025-09-15T07:57:47.975+0000][187][info ][safepoint   ] Safepoint "Cleanup", Time since last: 1001439709 ns, Reaching safepoint: 24875 ns, Cleanup: 25041 ns, At safepoint: 7375 ns, Total: 57291 ns
[2025-09-15T07:57:54.981+0000][187][info ][safepoint   ] Safepoint "Cleanup", Time since last: 7006039087 ns, Reaching safepoint: 270042 ns, Cleanup: 68833 ns, At safepoint: 68625 ns, Total: 407500 ns
[2025-09-15T07:57:55.984+0000][187][info ][safepoint   ] Safepoint "Cleanup", Time since last: 1002390250 ns, Reaching safepoint: 714417 ns, Cleanup: 32958 ns, At safepoint: 28292 ns, Total: 775667 ns
[2025-09-15T07:57:56.986+0000][187][info ][safepoint   ] Safepoint "Cleanup", Time since last: 1001528834 ns, Reaching safepoint: 311708 ns, Cleanup: 87875 ns, At safepoint: 25917 ns, Total: 425500 ns
[2025-09-15T07:57:59.991+0000][187][info ][safepoint   ] Safepoint "Cleanup", Time since last: 3004723293 ns, Reaching safepoint: 90083 ns, Cleanup: 116125 ns, At safepoint: 19875 ns, Total: 226083 ns
[2025-09-15T07:58:00.993+0000][187][info ][safepoint   ] Safepoint "Cleanup", Time since last: 1001507001 ns, Reaching safepoint: 71458 ns, Cleanup: 32709 ns, At safepoint: 12500 ns, Total: 116667 ns
[2025-09-15T07:58:04.999+0000][187][info ][safepoint   ] Safepoint "Cleanup", Time since last: 4005694376 ns, Reaching safepoint: 56167 ns, Cleanup: 274083 ns, At safepoint: 14750 ns, Total: 345000 ns
[2025-09-15T07:58:06.203+0000][187][info ][safepoint   ] Safepoint "Cleanup", Time since last: 1204697959 ns, Reaching safepoint: 5834 ns, Cleanup: 13250 ns, At safepoint: 8416 ns, Total: 27500 ns
[2025-09-15T07:58:08.050+0000][187][info ][safepoint   ] Safepoint "Cleanup", Time since last: 1846617376 ns, Reaching safepoint: 151625 ns, Cleanup: 150709 ns, At safepoint: 23125 ns, Total: 325459 ns
[2025-09-15T07:58:09.101+0000][187][info ][safepoint   ] Safepoint "Cleanup", Time since last: 1050437542 ns, Reaching safepoint: 37791 ns, Cleanup: 28292 ns, At safepoint: 20917 ns, Total: 87000 ns
[2025-09-15T07:58:10.436+0000][187][info ][safepoint   ] Safepoint "Cleanup", Time since last: 1334620000 ns, Reaching safepoint: 108125 ns, Cleanup: 163500 ns, At safepoint: 22750 ns, Total: 294375 ns
[2025-09-15T07:58:11.438+0000][187][info ][safepoint   ] Safepoint "Cleanup", Time since last: 1001446209 ns, Reaching safepoint: 256625 ns, Cleanup: 116208 ns, At safepoint: 51042 ns, Total: 423875 ns
[2025-09-15T07:58:12.440+0000][187][info ][safepoint   ] Safepoint "Cleanup", Time since last: 1001454542 ns, Reaching safepoint: 79333 ns, Cleanup: 105417 ns, At safepoint: 28417 ns, Total: 213167 ns
[2025-09-15T07:58:14.441+0000][187][info ][safepoint   ] Safepoint "Cleanup", Time since last: 2001625459 ns, Reaching safepoint: 39917 ns, Cleanup: 42583 ns, At safepoint: 13083 ns, Total: 95583 ns
[2025-09-15T07:58:18.451+0000][187][info ][safepoint   ] Safepoint "Cleanup", Time since last: 4008844544 ns, Reaching safepoint: 370333 ns, Cleanup: 38000 ns, At safepoint: 17209 ns, Total: 425542 ns
[2025-09-15T07:58:19.453+0000][187][info ][safepoint   ] Safepoint "Cleanup", Time since last: 1001885792 ns, Reaching safepoint: 94625 ns, Cleanup: 44833 ns, At safepoint: 15542 ns, Total: 155000 ns
[2025-09-15T07:58:24.457+0000][187][info ][safepoint   ] Safepoint "Cleanup", Time since last: 5004386210 ns, Reaching safepoint: 85709 ns, Cleanup: 60875 ns, At safepoint: 49166 ns, Total: 195750 ns
[2025-09-15T07:58:27.461+0000][187][info ][safepoint   ] Safepoint "Cleanup", Time since last: 3003355335 ns, Reaching safepoint: 78834 ns, Cleanup: 53625 ns, At safepoint: 16333 ns, Total: 148792 ns
[2025-09-15T07:58:31.465+0000][187][info ][safepoint   ] Safepoint "Cleanup", Time since last: 4004580168 ns, Reaching safepoint: 17625 ns, Cleanup: 20875 ns, At safepoint: 7334 ns, Total: 45834 ns
[2025-09-15T07:58:34.825+0000][187][info ][safepoint   ] Safepoint "Cleanup", Time since last: 3359072043 ns, Reaching safepoint: 81917 ns, Cleanup: 140125 ns, At safepoint: 15916 ns, Total: 237958 ns
[2025-09-15T07:58:36.201+0000][187][info ][safepoint   ] Safepoint "Cleanup", Time since last: 1376240876 ns, Reaching safepoint: 4375 ns, Cleanup: 11667 ns, At safepoint: 5000 ns, Total: 21042 ns
[2025-09-15T07:58:37.207+0000][187][info ][safepoint   ] Safepoint "Cleanup", Time since last: 1005948750 ns, Reaching safepoint: 408167 ns, Cleanup: 51791 ns, At safepoint: 16417 ns, Total: 476375 ns
[2025-09-15T07:58:38.214+0000][187][info ][safepoint   ] Safepoint "Cleanup", Time since last: 1006031792 ns, Reaching safepoint: 20167 ns, Cleanup: 49292 ns, At safepoint: 18333 ns, Total: 87792 ns
[2025-09-15T07:58:39.219+0000][187][info ][safepoint   ] Safepoint "Cleanup", Time since last: 1005029792 ns, Reaching safepoint: 19958 ns, Cleanup: 17875 ns, At safepoint: 11375 ns, Total: 49208 ns
[2025-09-15T07:58:41.221+0000][187][info ][safepoint   ] Safepoint "Cleanup", Time since last: 2002514543 ns, Reaching safepoint: 70166 ns, Cleanup: 88042 ns, At safepoint: 16083 ns, Total: 174291 ns
[2025-09-15T07:58:43.224+0000][187][info ][safepoint   ] Safepoint "Cleanup", Time since last: 2002685168 ns, Reaching safepoint: 84375 ns, Cleanup: 32583 ns, At safepoint: 28792 ns, Total: 145750 ns
[2025-09-15T07:58:45.226+0000][187][info ][safepoint   ] Safepoint "Cleanup", Time since last: 2002514584 ns, Reaching safepoint: 12625 ns, Cleanup: 10167 ns, At safepoint: 6417 ns, Total: 29209 ns
[2025-09-15T07:58:48.230+0000][187][info ][safepoint   ] Safepoint "Cleanup", Time since last: 3003818251 ns, Reaching safepoint: 17000 ns, Cleanup: 42625 ns, At safepoint: 10708 ns, Total: 70333 ns
[2025-09-15T07:58:51.234+0000][187][info ][safepoint   ] Safepoint "Cleanup", Time since last: 3003929377 ns, Reaching safepoint: 24292 ns, Cleanup: 14083 ns, At safepoint: 12167 ns, Total: 50542 ns
[2025-09-15T07:58:54.237+0000][187][info ][safepoint   ] Safepoint "Cleanup", Time since last: 3002901834 ns, Reaching safepoint: 13417 ns, Cleanup: 12333 ns, At safepoint: 5125 ns, Total: 30875 ns
[2025-09-15T07:58:56.240+0000][187][info ][safepoint   ] Safepoint "Cleanup", Time since last: 2002682210 ns, Reaching safepoint: 22625 ns, Cleanup: 36000 ns, At safepoint: 10208 ns, Total: 68833 ns
[2025-09-15T07:59:04.245+0000][187][info ][safepoint   ] Safepoint "Cleanup", Time since last: 8005224962 ns, Reaching safepoint: 68208 ns, Cleanup: 43125 ns, At safepoint: 21584 ns, Total: 132917 ns
[2025-09-15T07:59:06.247+0000][187][info ][safepoint   ] Safepoint "Cleanup", Time since last: 2002058042 ns, Reaching safepoint: 12292 ns, Cleanup: 8750 ns, At safepoint: 4250 ns, Total: 25292 ns
[2025-09-15T07:59:09.250+0000][187][info ][safepoint   ] Safepoint "Cleanup", Time since last: 3002807335 ns, Reaching safepoint: 13833 ns, Cleanup: 10250 ns, At safepoint: 4792 ns, Total: 28875 ns
[2025-09-15T07:59:11.253+0000][187][info ][safepoint   ] Safepoint "Cleanup", Time since last: 2002427875 ns, Reaching safepoint: 101208 ns, Cleanup: 71167 ns, At safepoint: 31208 ns, Total: 203583 ns
[2025-09-15T07:59:14.257+0000][187][info ][safepoint   ] Safepoint "Cleanup", Time since last: 3003218210 ns, Reaching safepoint: 66417 ns, Cleanup: 32250 ns, At safepoint: 11625 ns, Total: 110292 ns
[2025-09-15T07:59:15.258+0000][187][info ][safepoint   ] Safepoint "Cleanup", Time since last: 1001145917 ns, Reaching safepoint: 22625 ns, Cleanup: 58000 ns, At safepoint: 17042 ns, Total: 97667 ns
[2025-09-15T07:59:24.267+0000][187][info ][safepoint   ] Safepoint "Cleanup", Time since last: 9008610337 ns, Reaching safepoint: 14167 ns, Cleanup: 15042 ns, At safepoint: 16375 ns, Total: 45584 ns
[2025-09-15T07:59:35.043+0000][187][info ][safepoint   ] Safepoint "Cleanup", Time since last: 10775961130 ns, Reaching safepoint: 146416 ns, Cleanup: 105209 ns, At safepoint: 40250 ns, Total: 291875 ns
[2025-09-15T07:59:37.046+0000][187][info ][safepoint   ] Safepoint "Cleanup", Time since last: 2003223626 ns, Reaching safepoint: 52791 ns, Cleanup: 79375 ns, At safepoint: 13625 ns, Total: 145791 ns
[2025-09-15T07:59:39.242+0000][187][info ][safepoint   ] Safepoint "Cleanup", Time since last: 2195957668 ns, Reaching safepoint: 6625 ns, Cleanup: 11875 ns, At safepoint: 9875 ns, Total: 28375 ns
[2025-09-15T07:59:40.260+0000][187][info ][safepoint   ] Safepoint "Cleanup", Time since last: 1017825875 ns, Reaching safepoint: 119583 ns, Cleanup: 107292 ns, At safepoint: 32416 ns, Total: 259291 ns
[2025-09-15T07:59:41.384+0000][187][info ][safepoint   ] Safepoint "Cleanup", Time since last: 1123106584 ns, Reaching safepoint: 19875 ns, Cleanup: 72709 ns, At safepoint: 6375 ns, Total: 98959 ns
[2025-09-15T07:59:47.392+0000][187][info ][safepoint   ] Safepoint "Cleanup", Time since last: 6008048044 ns, Reaching safepoint: 50917 ns, Cleanup: 44291 ns, At safepoint: 10459 ns, Total: 105667 ns
[2025-09-15T07:59:49.393+0000][187][info ][safepoint   ] Safepoint "Cleanup", Time since last: 2001336959 ns, Reaching safepoint: 55875 ns, Cleanup: 74667 ns, At safepoint: 16166 ns, Total: 146708 ns
[2025-09-15T07:59:51.397+0000][187][info ][safepoint   ] Safepoint "Cleanup", Time since last: 2003434210 ns, Reaching safepoint: 26958 ns, Cleanup: 23417 ns, At safepoint: 7125 ns, Total: 57500 ns
[2025-09-15T07:59:52.397+0000][187][info ][safepoint   ] Safepoint "Cleanup", Time since last: 1000451333 ns, Reaching safepoint: 99417 ns, Cleanup: 59542 ns, At safepoint: 18916 ns, Total: 177875 ns
[2025-09-15T07:59:54.400+0000][187][info ][safepoint   ] Safepoint "Cleanup", Time since last: 2002471168 ns, Reaching safepoint: 106583 ns, Cleanup: 71834 ns, At safepoint: 9291 ns, Total: 187708 ns
[2025-09-15T07:59:59.405+0000][187][info ][safepoint   ] Safepoint "Cleanup", Time since last: 5004837086 ns, Reaching safepoint: 20917 ns, Cleanup: 14125 ns, At safepoint: 4875 ns, Total: 39917 ns
[2025-09-15T08:00:00.406+0000][187][info ][safepoint   ] Safepoint "Cleanup", Time since last: 1000910084 ns, Reaching safepoint: 57250 ns, Cleanup: 33875 ns, At safepoint: 16083 ns, Total: 107208 ns
[2025-09-15T08:00:01.407+0000][187][info ][safepoint   ] Safepoint "Cleanup", Time since last: 1001022667 ns, Reaching safepoint: 48958 ns, Cleanup: 49542 ns, At safepoint: 18125 ns, Total: 116625 ns
[2025-09-15T08:00:03.409+0000][187][info ][safepoint   ] Safepoint "Cleanup", Time since last: 2001893084 ns, Reaching safepoint: 20709 ns, Cleanup: 18583 ns, At safepoint: 5708 ns, Total: 45000 ns
[2025-09-15T08:00:04.410+0000][187][info ][safepoint   ] Safepoint "Cleanup", Time since last: 1000701084 ns, Reaching safepoint: 56542 ns, Cleanup: 29333 ns, At safepoint: 10292 ns, Total: 96167 ns
[2025-09-15T08:00:09.415+0000][187][info ][safepoint   ] Safepoint "Cleanup", Time since last: 5004979252 ns, Reaching safepoint: 90875 ns, Cleanup: 68542 ns, At safepoint: 38167 ns, Total: 197584 ns
[2025-09-15T08:00:11.418+0000][187][info ][safepoint   ] Safepoint "Cleanup", Time since last: 2002783709 ns, Reaching safepoint: 126541 ns, Cleanup: 40750 ns, At safepoint: 10250 ns, Total: 177541 ns
[2025-09-15T08:00:12.420+0000][187][info ][safepoint   ] Safepoint "Cleanup", Time since last: 1001291667 ns, Reaching safepoint: 64042 ns, Cleanup: 41125 ns, At safepoint: 15750 ns, Total: 120917 ns
[2025-09-15T08:00:13.422+0000][187][info ][safepoint   ] Safepoint "Cleanup", Time since last: 1001885834 ns, Reaching safepoint: 14625 ns, Cleanup: 14166 ns, At safepoint: 7000 ns, Total: 35791 ns
[2025-09-15T08:00:14.808+0000][187][info ][safepoint   ] Safepoint "Cleanup", Time since last: 1386740334 ns, Reaching safepoint: 12084 ns, Cleanup: 15000 ns, At safepoint: 4375 ns, Total: 31459 ns
[2025-09-15T08:00:19.815+0000][187][info ][safepoint   ] Safepoint "Cleanup", Time since last: 5006721794 ns, Reaching safepoint: 79208 ns, Cleanup: 40375 ns, At safepoint: 14209 ns, Total: 133792 ns
[2025-09-15T08:00:21.820+0000][187][info ][safepoint   ] Safepoint "Cleanup", Time since last: 2003671292 ns, Reaching safepoint: 646250 ns, Cleanup: 45833 ns, At safepoint: 24667 ns, Total: 716750 ns
[2025-09-15T08:00:24.057+0000][187][info ][gc,start    ] GC(23) Pause Young (Prepare Mixed) (G1 Evacuation Pause)
[2025-09-15T08:00:24.057+0000][187][info ][gc,task     ] GC(23) Using 8 workers of 8 for evacuation
[2025-09-15T08:00:24.057+0000][187][debug][gc,age      ] GC(23) Desired survivor size 41943040 bytes, new threshold 15 (max threshold 15)
[2025-09-15T08:00:24.112+0000][187][info ][gc,phases   ] GC(23)   Pre Evacuate Collection Set: 1.32ms
[2025-09-15T08:00:24.113+0000][187][info ][gc,phases   ] GC(23)   Merge Heap Roots: 0.54ms
[2025-09-15T08:00:24.113+0000][187][info ][gc,phases   ] GC(23)   Evacuate Collection Set: 49.44ms
[2025-09-15T08:00:24.113+0000][187][info ][gc,phases   ] GC(23)   Post Evacuate Collection Set: 3.46ms
[2025-09-15T08:00:24.113+0000][187][info ][gc,phases   ] GC(23)   Other: 0.59ms
[2025-09-15T08:00:24.113+0000][187][trace][gc,age      ] GC(23) Age table with threshold 15 (max threshold 15)
[2025-09-15T08:00:24.113+0000][187][trace][gc,age      ] GC(23) - age   1:    2388928 bytes,    2388928 total
[2025-09-15T08:00:24.113+0000][187][trace][gc,age      ] GC(23) - age   2:     971032 bytes,    3359960 total
[2025-09-15T08:00:24.113+0000][187][trace][gc,age      ] GC(23) - age   3:     940264 bytes,    4300224 total
[2025-09-15T08:00:24.113+0000][187][trace][gc,age      ] GC(23) - age   4:    4578720 bytes,    8878944 total
[2025-09-15T08:00:24.113+0000][187][trace][gc,age      ] GC(23) - age   5:    3566384 bytes,   12445328 total
[2025-09-15T08:00:24.113+0000][187][trace][gc,age      ] GC(23) - age   6:   18895408 bytes,   31340736 total
[2025-09-15T08:00:24.113+0000][187][trace][gc,age      ] GC(23) - age   7:         32 bytes,   31340768 total
[2025-09-15T08:00:24.113+0000][187][info ][gc,heap     ] GC(23) Eden regions: 144->0(144)
[2025-09-15T08:00:24.113+0000][187][info ][gc,heap     ] GC(23) Survivor regions: 9->9(20)
[2025-09-15T08:00:24.113+0000][187][info ][gc,heap     ] GC(23) Old regions: 30->30
[2025-09-15T08:00:24.113+0000][187][info ][gc,heap     ] GC(23) Humongous regions: 2->2
[2025-09-15T08:00:24.113+0000][187][info ][gc,metaspace] GC(23) Metaspace: 159089K(163520K)->159089K(163520K) NonClass: 137252K(139648K)->137252K(139648K) Class: 21837K(23872K)->21837K(23872K)
[2025-09-15T08:00:24.113+0000][187][info ][gc          ] GC(23) Pause Young (Prepare Mixed) (G1 Evacuation Pause) 734M->157M(1024M) 56.692ms
[2025-09-15T08:00:24.113+0000][187][info ][gc,cpu      ] GC(23) User=0.41s Sys=0.00s Real=0.05s
[2025-09-15T08:00:24.113+0000][187][info ][safepoint   ] Safepoint "G1CollectForAllocation", Time since last: 2236713751 ns, Reaching safepoint: 44125 ns, Cleanup: 10042 ns, At safepoint: 57000292 ns, Total: 57054459 ns
[2025-09-15T08:00:25.114+0000][187][info ][safepoint   ] Safepoint "Cleanup", Time since last: 1000761583 ns, Reaching safepoint: 85334 ns, Cleanup: 71416 ns, At safepoint: 20917 ns, Total: 177667 ns
[2025-09-15T08:00:26.116+0000][187][info ][safepoint   ] Safepoint "Cleanup", Time since last: 1001245751 ns, Reaching safepoint: 63708 ns, Cleanup: 59708 ns, At safepoint: 15750 ns, Total: 139166 ns
[2025-09-15T08:00:39.267+0000][187][info ][safepoint   ] Safepoint "Cleanup", Time since last: 13150530423 ns, Reaching safepoint: 121583 ns, Cleanup: 61167 ns, At safepoint: 28417 ns, Total: 211167 ns
[2025-09-15T08:00:40.268+0000][187][info ][safepoint   ] Safepoint "Cleanup", Time since last: 1001435583 ns, Reaching safepoint: 100625 ns, Cleanup: 41833 ns, At safepoint: 19375 ns, Total: 161833 ns
[2025-09-15T08:00:42.247+0000][187][info ][safepoint   ] Safepoint "Cleanup", Time since last: 1979087209 ns, Reaching safepoint: 5709 ns, Cleanup: 13083 ns, At safepoint: 6250 ns, Total: 25042 ns
[2025-09-15T08:00:43.533+0000][187][info ][safepoint   ] Safepoint "Cleanup", Time since last: 1285075251 ns, Reaching safepoint: 19541 ns, Cleanup: 167709 ns, At safepoint: 12083 ns, Total: 199333 ns
[2025-09-15T08:00:44.537+0000][187][info ][safepoint   ] Safepoint "Cleanup", Time since last: 1003856625 ns, Reaching safepoint: 13125 ns, Cleanup: 11709 ns, At safepoint: 5708 ns, Total: 30542 ns
[2025-09-15T08:00:54.548+0000][187][info ][safepoint   ] Safepoint "Cleanup", Time since last: 10010827046 ns, Reaching safepoint: 144834 ns, Cleanup: 73791 ns, At safepoint: 32000 ns, Total: 250625 ns
[2025-09-15T08:00:56.552+0000][187][info ][safepoint   ] Safepoint "Cleanup", Time since last: 2004469418 ns, Reaching safepoint: 110792 ns, Cleanup: 62000 ns, At safepoint: 27625 ns, Total: 200417 ns
[2025-09-15T08:01:11.569+0000][187][info ][safepoint   ] Safepoint "Cleanup", Time since last: 15016260215 ns, Reaching safepoint: 43833 ns, Cleanup: 29250 ns, At safepoint: 14125 ns, Total: 87208 ns
[2025-09-15T08:01:12.571+0000][187][info ][safepoint   ] Safepoint "Cleanup", Time since last: 1002293751 ns, Reaching safepoint: 41458 ns, Cleanup: 53708 ns, At safepoint: 63834 ns, Total: 159000 ns
[2025-09-15T08:01:14.574+0000][187][info ][safepoint   ] Safepoint "Cleanup", Time since last: 2002441376 ns, Reaching safepoint: 88458 ns, Cleanup: 73250 ns, At safepoint: 29958 ns, Total: 191666 ns
[2025-09-15T08:01:29.592+0000][187][info ][safepoint   ] Safepoint "Cleanup", Time since last: 15017593299 ns, Reaching safepoint: 271209 ns, Cleanup: 64500 ns, At safepoint: 18666 ns, Total: 354375 ns
[2025-09-15T08:01:37.420+0000][187][info ][safepoint   ] Safepoint "Cleanup", Time since last: 7828149629 ns, Reaching safepoint: 60708 ns, Cleanup: 82334 ns, At safepoint: 21750 ns, Total: 164792 ns
[2025-09-15T08:01:39.424+0000][187][info ][safepoint   ] Safepoint "Cleanup", Time since last: 2003678417 ns, Reaching safepoint: 69542 ns, Cleanup: 36917 ns, At safepoint: 15000 ns, Total: 121459 ns
[2025-09-15T08:01:41.427+0000][187][info ][safepoint   ] Safepoint "Cleanup", Time since last: 2002843875 ns, Reaching safepoint: 64750 ns, Cleanup: 53750 ns, At safepoint: 22583 ns, Total: 141083 ns
[2025-09-15T08:01:42.429+0000][187][info ][safepoint   ] Safepoint "Cleanup", Time since last: 1001880292 ns, Reaching safepoint: 95792 ns, Cleanup: 28666 ns, At safepoint: 22542 ns, Total: 147000 ns
[2025-09-15T08:01:44.431+0000][187][info ][safepoint   ] Safepoint "Cleanup", Time since last: 2001613543 ns, Reaching safepoint: 66708 ns, Cleanup: 64542 ns, At safepoint: 19958 ns, Total: 151208 ns
[2025-09-15T08:01:45.686+0000][187][info ][safepoint   ] Safepoint "Cleanup", Time since last: 1255206584 ns, Reaching safepoint: 6542 ns, Cleanup: 37750 ns, At safepoint: 10083 ns, Total: 54375 ns
[2025-09-15T08:01:46.724+0000][187][info ][safepoint   ] Safepoint "Cleanup", Time since last: 1036799667 ns, Reaching safepoint: 699542 ns, Cleanup: 41000 ns, At safepoint: 22041 ns, Total: 762583 ns
[2025-09-15T08:01:49.730+0000][187][info ][safepoint   ] Safepoint "Cleanup", Time since last: 3006097502 ns, Reaching safepoint: 84583 ns, Cleanup: 63792 ns, At safepoint: 26583 ns, Total: 174958 ns
[2025-09-15T08:01:53.734+0000][187][info ][safepoint   ] Safepoint "Cleanup", Time since last: 4004281419 ns, Reaching safepoint: 68625 ns, Cleanup: 43458 ns, At safepoint: 18833 ns, Total: 130916 ns
[2025-09-15T08:01:54.736+0000][187][info ][safepoint   ] Safepoint "Cleanup", Time since last: 1001294959 ns, Reaching safepoint: 83292 ns, Cleanup: 24208 ns, At safepoint: 13084 ns, Total: 120584 ns
[2025-09-15T08:01:56.738+0000][187][info ][safepoint   ] Safepoint "Cleanup", Time since last: 2001787834 ns, Reaching safepoint: 111208 ns, Cleanup: 54208 ns, At safepoint: 21584 ns, Total: 187000 ns
[2025-09-15T08:02:04.775+0000][187][info ][safepoint   ] Safepoint "Cleanup", Time since last: 8036972962 ns, Reaching safepoint: 365625 ns, Cleanup: 71792 ns, At safepoint: 22250 ns, Total: 459667 ns
[2025-09-15T08:02:06.780+0000][187][info ][safepoint   ] Safepoint "Cleanup", Time since last: 2004343251 ns, Reaching safepoint: 41833 ns, Cleanup: 31042 ns, At safepoint: 12208 ns, Total: 85083 ns
[2025-09-15T08:02:11.785+0000][187][info ][safepoint   ] Safepoint "Cleanup", Time since last: 5005166668 ns, Reaching safepoint: 83625 ns, Cleanup: 62167 ns, At safepoint: 27875 ns, Total: 173667 ns
[2025-09-15T08:02:13.787+0000][187][info ][safepoint   ] Safepoint "Cleanup", Time since last: 2001844709 ns, Reaching safepoint: 70417 ns, Cleanup: 40625 ns, At safepoint: 22833 ns, Total: 133875 ns
[2025-09-15T08:02:14.788+0000][187][info ][safepoint   ] Safepoint "Cleanup", Time since last: 1000890667 ns, Reaching safepoint: 11750 ns, Cleanup: 12792 ns, At safepoint: 5333 ns, Total: 29875 ns
[2025-09-15T08:02:15.789+0000][187][info ][safepoint   ] Safepoint "Cleanup", Time since last: 1000745501 ns, Reaching safepoint: 72083 ns, Cleanup: 64333 ns, At safepoint: 14625 ns, Total: 151041 ns
[2025-09-15T08:02:16.790+0000][187][info ][safepoint   ] Safepoint "Cleanup", Time since last: 1001168667 ns, Reaching safepoint: 45417 ns, Cleanup: 31583 ns, At safepoint: 13125 ns, Total: 90125 ns
[2025-09-15T08:02:18.792+0000][187][info ][safepoint   ] Safepoint "Cleanup", Time since last: 2001603585 ns, Reaching safepoint: 62875 ns, Cleanup: 41000 ns, At safepoint: 16375 ns, Total: 120250 ns
[2025-09-15T08:02:24.799+0000][187][info ][safepoint   ] Safepoint "Cleanup", Time since last: 6007097878 ns, Reaching safepoint: 72541 ns, Cleanup: 25167 ns, At safepoint: 10042 ns, Total: 107750 ns
[2025-09-15T08:02:30.808+0000][187][info ][safepoint   ] Safepoint "Cleanup", Time since last: 6008082752 ns, Reaching safepoint: 128209 ns, Cleanup: 57666 ns, At safepoint: 28709 ns, Total: 214584 ns
[2025-09-15T08:02:39.583+0000][187][info ][safepoint   ] Safepoint "Cleanup", Time since last: 8775835046 ns, Reaching safepoint: 18916 ns, Cleanup: 45667 ns, At safepoint: 7875 ns, Total: 72458 ns
[2025-09-15T08:02:43.589+0000][187][info ][safepoint   ] Safepoint "Cleanup", Time since last: 4004645543 ns, Reaching safepoint: 152417 ns, Cleanup: 85166 ns, At safepoint: 31917 ns, Total: 269500 ns
[2025-09-15T08:02:44.591+0000][187][info ][safepoint   ] Safepoint "Cleanup", Time since last: 1001700584 ns, Reaching safepoint: 61833 ns, Cleanup: 41292 ns, At safepoint: 17750 ns, Total: 120875 ns
[2025-09-15T08:02:46.594+0000][187][info ][safepoint   ] Safepoint "Cleanup", Time since last: 2002758126 ns, Reaching safepoint: 118250 ns, Cleanup: 78666 ns, At safepoint: 21792 ns, Total: 218708 ns
[2025-09-15T08:02:48.274+0000][187][info ][safepoint   ] Safepoint "Cleanup", Time since last: 1680044959 ns, Reaching safepoint: 5208 ns, Cleanup: 6834 ns, At safepoint: 4416 ns, Total: 16458 ns
[2025-09-15T08:02:49.959+0000][187][info ][safepoint   ] Safepoint "Cleanup", Time since last: 1684704210 ns, Reaching safepoint: 19916 ns, Cleanup: 149542 ns, At safepoint: 16375 ns, Total: 185833 ns
[2025-09-15T08:02:56.969+0000][187][info ][safepoint   ] Safepoint "Cleanup", Time since last: 7010772212 ns, Reaching safepoint: 72083 ns, Cleanup: 52167 ns, At safepoint: 10791 ns, Total: 135041 ns
[2025-09-15T08:02:59.973+0000][187][info ][safepoint   ] Safepoint "Cleanup", Time since last: 3003104210 ns, Reaching safepoint: 70750 ns, Cleanup: 75750 ns, At safepoint: 17708 ns, Total: 164208 ns
[2025-09-15T08:03:06.272+0000][187][info ][safepoint   ] Safepoint "Cleanup", Time since last: 6298766128 ns, Reaching safepoint: 5084 ns, Cleanup: 17333 ns, At safepoint: 7375 ns, Total: 29792 ns
[2025-09-15T08:03:08.039+0000][187][info ][safepoint   ] Safepoint "Cleanup", Time since last: 1767838876 ns, Reaching safepoint: 58958 ns, Cleanup: 62000 ns, At safepoint: 18459 ns, Total: 139417 ns
[2025-09-15T08:03:09.451+0000][187][info ][safepoint   ] Safepoint "Cleanup", Time since last: 1411812917 ns, Reaching safepoint: 7958 ns, Cleanup: 40917 ns, At safepoint: 19625 ns, Total: 68500 ns
[2025-09-15T08:03:11.018+0000][187][info ][safepoint   ] Safepoint "Cleanup", Time since last: 1565839292 ns, Reaching safepoint: 123166 ns, Cleanup: 71292 ns, At safepoint: 19458 ns, Total: 213916 ns
[2025-09-15T08:03:15.023+0000][187][info ][safepoint   ] Safepoint "Cleanup", Time since last: 4005094836 ns, Reaching safepoint: 22541 ns, Cleanup: 22375 ns, At safepoint: 40167 ns, Total: 85083 ns
[2025-09-15T08:03:19.028+0000][187][info ][safepoint   ] Safepoint "Cleanup", Time since last: 4004522918 ns, Reaching safepoint: 111167 ns, Cleanup: 65625 ns, At safepoint: 26208 ns, Total: 203000 ns
[2025-09-15T08:03:24.039+0000][187][info ][safepoint   ] Safepoint "Cleanup", Time since last: 5010515878 ns, Reaching safepoint: 95542 ns, Cleanup: 65000 ns, At safepoint: 23916 ns, Total: 184458 ns
[2025-09-15T08:03:25.042+0000][187][info ][safepoint   ] Safepoint "Cleanup", Time since last: 1003206292 ns, Reaching safepoint: 264209 ns, Cleanup: 59250 ns, At safepoint: 17958 ns, Total: 341417 ns
[2025-09-15T08:03:26.044+0000][187][info ][safepoint   ] Safepoint "Cleanup", Time since last: 1001909000 ns, Reaching safepoint: 17625 ns, Cleanup: 18584 ns, At safepoint: 10916 ns, Total: 47125 ns
[2025-09-15T08:03:34.052+0000][187][info ][safepoint   ] Safepoint "Cleanup", Time since last: 8007902671 ns, Reaching safepoint: 160917 ns, Cleanup: 71208 ns, At safepoint: 55250 ns, Total: 287375 ns
[2025-09-15T08:03:35.830+0000][187][info ][safepoint   ] Safepoint "Cleanup", Time since last: 1777974042 ns, Reaching safepoint: 64334 ns, Cleanup: 94416 ns, At safepoint: 25542 ns, Total: 184292 ns
[2025-09-15T08:03:41.837+0000][187][info ][safepoint   ] Safepoint "Cleanup", Time since last: 6006587836 ns, Reaching safepoint: 80333 ns, Cleanup: 39834 ns, At safepoint: 19416 ns, Total: 139583 ns
[2025-09-15T08:03:45.847+0000][187][info ][safepoint   ] Safepoint "Cleanup", Time since last: 4009704919 ns, Reaching safepoint: 245375 ns, Cleanup: 34125 ns, At safepoint: 40833 ns, Total: 320333 ns
[2025-09-15T08:03:49.850+0000][187][info ][safepoint   ] Safepoint "Cleanup", Time since last: 4002885669 ns, Reaching safepoint: 90917 ns, Cleanup: 51666 ns, At safepoint: 25125 ns, Total: 167708 ns
[2025-09-15T08:03:51.394+0000][187][info ][safepoint   ] Safepoint "Cleanup", Time since last: 1543784876 ns, Reaching safepoint: 4792 ns, Cleanup: 15500 ns, At safepoint: 4291 ns, Total: 24583 ns
[2025-09-15T08:03:53.260+0000][187][info ][safepoint   ] Safepoint "Cleanup", Time since last: 1866303834 ns, Reaching safepoint: 21417 ns, Cleanup: 100708 ns, At safepoint: 16042 ns, Total: 138167 ns
[2025-09-15T08:03:54.265+0000][187][info ][safepoint   ] Safepoint "Cleanup", Time since last: 1004464584 ns, Reaching safepoint: 64875 ns, Cleanup: 35792 ns, At safepoint: 20333 ns, Total: 121000 ns
[2025-09-15T08:03:56.267+0000][187][info ][safepoint   ] Safepoint "Cleanup", Time since last: 2001731793 ns, Reaching safepoint: 32083 ns, Cleanup: 17000 ns, At safepoint: 7917 ns, Total: 57000 ns
[2025-09-15T08:03:58.269+0000][187][info ][safepoint   ] Safepoint "Cleanup", Time since last: 2002104334 ns, Reaching safepoint: 255500 ns, Cleanup: 104625 ns, At safepoint: 25542 ns, Total: 385667 ns
[2025-09-15T08:04:00.273+0000][187][info ][safepoint   ] Safepoint "Cleanup", Time since last: 2003475084 ns, Reaching safepoint: 56500 ns, Cleanup: 27875 ns, At safepoint: 13583 ns, Total: 97958 ns
[2025-09-15T08:04:01.274+0000][187][info ][safepoint   ] Safepoint "Cleanup", Time since last: 1001369667 ns, Reaching safepoint: 63709 ns, Cleanup: 31166 ns, At safepoint: 16459 ns, Total: 111334 ns
[2025-09-15T08:04:08.280+0000][187][info ][safepoint   ] Safepoint "Cleanup", Time since last: 7005631170 ns, Reaching safepoint: 158125 ns, Cleanup: 58166 ns, At safepoint: 30167 ns, Total: 246458 ns
[2025-09-15T08:04:12.287+0000][187][info ][safepoint   ] Safepoint "Cleanup", Time since last: 4005507001 ns, Reaching safepoint: 1202167 ns, Cleanup: 15333 ns, At safepoint: 19625 ns, Total: 1237125 ns
[2025-09-15T08:04:13.288+0000][187][info ][safepoint   ] Safepoint "Cleanup", Time since last: 1000907125 ns, Reaching safepoint: 82625 ns, Cleanup: 39584 ns, At safepoint: 24208 ns, Total: 146417 ns
[2025-09-15T08:04:15.290+0000][187][info ][safepoint   ] Safepoint "Cleanup", Time since last: 2002166918 ns, Reaching safepoint: 19375 ns, Cleanup: 18625 ns, At safepoint: 6791 ns, Total: 44791 ns
[2025-09-15T08:04:17.294+0000][187][info ][safepoint   ] Safepoint "Cleanup", Time since last: 2001793876 ns, Reaching safepoint: 1224667 ns, Cleanup: 32583 ns, At safepoint: 86042 ns, Total: 1343292 ns
[2025-09-15T08:04:19.296+0000][187][info ][safepoint   ] Safepoint "Cleanup", Time since last: 2001585334 ns, Reaching safepoint: 920125 ns, Cleanup: 36834 ns, At safepoint: 38166 ns, Total: 995125 ns
[2025-09-15T08:04:20.297+0000][187][info ][safepoint   ] Safepoint "Cleanup", Time since last: 1001187417 ns, Reaching safepoint: 76625 ns, Cleanup: 60750 ns, At safepoint: 14417 ns, Total: 151792 ns
[2025-09-15T08:04:29.307+0000][187][info ][safepoint   ] Safepoint "Cleanup", Time since last: 9009602629 ns, Reaching safepoint: 158292 ns, Cleanup: 57500 ns, At safepoint: 18333 ns, Total: 234125 ns
[2025-09-15T08:04:30.309+0000][187][info ][safepoint   ] Safepoint "Cleanup", Time since last: 1001958793 ns, Reaching safepoint: 12250 ns, Cleanup: 10291 ns, At safepoint: 7584 ns, Total: 30125 ns
[2025-09-15T08:04:33.312+0000][187][info ][safepoint   ] Safepoint "Cleanup", Time since last: 3003122709 ns, Reaching safepoint: 30250 ns, Cleanup: 18625 ns, At safepoint: 9125 ns, Total: 58000 ns
[2025-09-15T08:04:36.959+0000][187][info ][safepoint   ] Safepoint "Cleanup", Time since last: 3646475085 ns, Reaching safepoint: 15750 ns, Cleanup: 38667 ns, At safepoint: 8542 ns, Total: 62959 ns
[2025-09-15T08:04:39.963+0000][187][info ][safepoint   ] Safepoint "Cleanup", Time since last: 3003998501 ns, Reaching safepoint: 38500 ns, Cleanup: 27667 ns, At safepoint: 12500 ns, Total: 78667 ns
[2025-09-15T08:04:41.966+0000][187][info ][safepoint   ] Safepoint "Cleanup", Time since last: 2002154167 ns, Reaching safepoint: 19166 ns, Cleanup: 18792 ns, At safepoint: 9333 ns, Total: 47291 ns
[2025-09-15T08:04:45.969+0000][187][info ][safepoint   ] Safepoint "Cleanup", Time since last: 4002766502 ns, Reaching safepoint: 70042 ns, Cleanup: 51542 ns, At safepoint: 14500 ns, Total: 136084 ns
[2025-09-15T08:04:48.972+0000][187][info ][safepoint   ] Safepoint "Cleanup", Time since last: 3003133709 ns, Reaching safepoint: 199459 ns, Cleanup: 93791 ns, At safepoint: 31459 ns, Total: 324709 ns
[2025-09-15T08:04:53.979+0000][187][info ][safepoint   ] Safepoint "Cleanup", Time since last: 5006424752 ns, Reaching safepoint: 167042 ns, Cleanup: 45708 ns, At safepoint: 21708 ns, Total: 234458 ns
[2025-09-15T08:04:55.326+0000][187][info ][safepoint   ] Safepoint "Cleanup", Time since last: 1347146626 ns, Reaching safepoint: 58625 ns, Cleanup: 127083 ns, At safepoint: 16334 ns, Total: 202042 ns
[2025-09-15T08:04:56.428+0000][187][info ][safepoint   ] Safepoint "Cleanup", Time since last: 1101628125 ns, Reaching safepoint: 8042 ns, Cleanup: 42583 ns, At safepoint: 15875 ns, Total: 66500 ns
[2025-09-15T08:04:59.433+0000][187][info ][safepoint   ] Safepoint "Cleanup", Time since last: 3005063960 ns, Reaching safepoint: 89625 ns, Cleanup: 76833 ns, At safepoint: 28792 ns, Total: 195250 ns
[2025-09-15T08:05:00.435+0000][187][info ][safepoint   ] Safepoint "Cleanup", Time since last: 1001708584 ns, Reaching safepoint: 59208 ns, Cleanup: 36792 ns, At safepoint: 16333 ns, Total: 112333 ns
[2025-09-15T08:05:01.436+0000][187][info ][safepoint   ] Safepoint "Cleanup", Time since last: 1000681376 ns, Reaching safepoint: 96041 ns, Cleanup: 54000 ns, At safepoint: 27125 ns, Total: 177166 ns
[2025-09-15T08:05:11.449+0000][187][info ][safepoint   ] Safepoint "Cleanup", Time since last: 10012512630 ns, Reaching safepoint: 275000 ns, Cleanup: 61333 ns, At safepoint: 27417 ns, Total: 363750 ns
[2025-09-15T08:05:14.454+0000][187][info ][safepoint   ] Safepoint "Cleanup", Time since last: 3004937751 ns, Reaching safepoint: 77875 ns, Cleanup: 45625 ns, At safepoint: 24875 ns, Total: 148375 ns
[2025-09-15T08:05:24.465+0000][187][info ][safepoint   ] Safepoint "Cleanup", Time since last: 10010917547 ns, Reaching safepoint: 87166 ns, Cleanup: 50875 ns, At safepoint: 23792 ns, Total: 161833 ns
[2025-09-15T08:05:27.469+0000][187][info ][safepoint   ] Safepoint "Cleanup", Time since last: 3003850418 ns, Reaching safepoint: 14792 ns, Cleanup: 11750 ns, At safepoint: 4791 ns, Total: 31333 ns
[2025-09-15T08:05:29.471+0000][187][info ][safepoint   ] Safepoint "Cleanup", Time since last: 2002535835 ns, Reaching safepoint: 159166 ns, Cleanup: 39084 ns, At safepoint: 22958 ns, Total: 221208 ns
[2025-09-15T08:05:30.473+0000][187][info ][safepoint   ] Safepoint "Cleanup", Time since last: 1001054876 ns, Reaching safepoint: 65625 ns, Cleanup: 18125 ns, At safepoint: 16791 ns, Total: 100541 ns
[2025-09-15T08:05:34.477+0000][187][info ][safepoint   ] Safepoint "Cleanup", Time since last: 4003925502 ns, Reaching safepoint: 577792 ns, Cleanup: 100416 ns, At safepoint: 21042 ns, Total: 699250 ns
[2025-09-15T08:05:45.213+0000][187][info ][safepoint   ] Safepoint "Cleanup", Time since last: 10735339046 ns, Reaching safepoint: 43042 ns, Cleanup: 26542 ns, At safepoint: 13416 ns, Total: 83000 ns
[2025-09-15T08:05:46.215+0000][187][info ][safepoint   ] Safepoint "Cleanup", Time since last: 1002288792 ns, Reaching safepoint: 34209 ns, Cleanup: 20041 ns, At safepoint: 9334 ns, Total: 63584 ns
[2025-09-15T08:05:56.228+0000][187][info ][safepoint   ] Safepoint "Cleanup", Time since last: 10011841755 ns, Reaching safepoint: 522958 ns, Cleanup: 75458 ns, At safepoint: 22709 ns, Total: 621125 ns
[2025-09-15T08:05:57.347+0000][187][info ][safepoint   ] Safepoint "Cleanup", Time since last: 1119217500 ns, Reaching safepoint: 5500 ns, Cleanup: 15375 ns, At safepoint: 7167 ns, Total: 28042 ns
[2025-09-15T08:05:58.600+0000][187][info ][safepoint   ] Safepoint "Cleanup", Time since last: 1252907042 ns, Reaching safepoint: 19542 ns, Cleanup: 125583 ns, At safepoint: 21833 ns, Total: 166958 ns
[2025-09-15T08:06:12.617+0000][187][info ][safepoint   ] Safepoint "Cleanup", Time since last: 14015872381 ns, Reaching safepoint: 405125 ns, Cleanup: 61500 ns, At safepoint: 20459 ns, Total: 487084 ns
[2025-09-15T08:06:41.403+0000][187][info ][safepoint   ] Safepoint "Cleanup", Time since last: 28785718096 ns, Reaching safepoint: 79291 ns, Cleanup: 26250 ns, At safepoint: 10084 ns, Total: 115625 ns
[2025-09-15T08:06:44.406+0000][187][info ][safepoint   ] Safepoint "Cleanup", Time since last: 3003364043 ns, Reaching safepoint: 44750 ns, Cleanup: 14292 ns, At safepoint: 5833 ns, Total: 64875 ns
[2025-09-15T08:06:48.411+0000][187][info ][safepoint   ] Safepoint "Cleanup", Time since last: 4004427293 ns, Reaching safepoint: 103209 ns, Cleanup: 33333 ns, At safepoint: 17333 ns, Total: 153875 ns
[2025-09-15T08:06:56.418+0000][187][info ][safepoint   ] Safepoint "Cleanup", Time since last: 8007494963 ns, Reaching safepoint: 30708 ns, Cleanup: 38208 ns, At safepoint: 5292 ns, Total: 74208 ns
[2025-09-15T08:06:57.419+0000][187][info ][safepoint   ] Safepoint "Cleanup", Time since last: 1001131625 ns, Reaching safepoint: 15459 ns, Cleanup: 21250 ns, At safepoint: 7708 ns, Total: 44417 ns
[2025-09-15T08:07:00.339+0000][187][info ][safepoint   ] Safepoint "Cleanup", Time since last: 2919960668 ns, Reaching safepoint: 6292 ns, Cleanup: 11958 ns, At safepoint: 6959 ns, Total: 25209 ns
[2025-09-15T08:07:01.795+0000][187][info ][safepoint   ] Safepoint "Cleanup", Time since last: 1455254250 ns, Reaching safepoint: 20459 ns, Cleanup: 58625 ns, At safepoint: 14166 ns, Total: 93250 ns
[2025-09-15T08:07:09.842+0000][187][info ][gc,start    ] GC(24) Pause Young (Mixed) (G1 Evacuation Pause)
[2025-09-15T08:07:09.843+0000][187][info ][gc,task     ] GC(24) Using 8 workers of 8 for evacuation
[2025-09-15T08:07:09.843+0000][187][debug][gc,age      ] GC(24) Desired survivor size 41943040 bytes, new threshold 15 (max threshold 15)
[2025-09-15T08:07:09.892+0000][187][info ][gc,phases   ] GC(24)   Pre Evacuate Collection Set: 0.89ms
[2025-09-15T08:07:09.892+0000][187][info ][gc,phases   ] GC(24)   Merge Heap Roots: 0.27ms
[2025-09-15T08:07:09.892+0000][187][info ][gc,phases   ] GC(24)   Evacuate Collection Set: 43.06ms
[2025-09-15T08:07:09.892+0000][187][info ][gc,phases   ] GC(24)   Post Evacuate Collection Set: 4.98ms
[2025-09-15T08:07:09.892+0000][187][info ][gc,phases   ] GC(24)   Other: 0.40ms
[2025-09-15T08:07:09.892+0000][187][trace][gc,age      ] GC(24) Age table with threshold 15 (max threshold 15)
[2025-09-15T08:07:09.892+0000][187][trace][gc,age      ] GC(24) - age   1:     757632 bytes,     757632 total
[2025-09-15T08:07:09.892+0000][187][trace][gc,age      ] GC(24) - age   2:    1800104 bytes,    2557736 total
[2025-09-15T08:07:09.893+0000][187][trace][gc,age      ] GC(24) - age   3:     951480 bytes,    3509216 total
[2025-09-15T08:07:09.893+0000][187][trace][gc,age      ] GC(24) - age   4:     939400 bytes,    4448616 total
[2025-09-15T08:07:09.893+0000][187][trace][gc,age      ] GC(24) - age   5:    4502624 bytes,    8951240 total
[2025-09-15T08:07:09.893+0000][187][trace][gc,age      ] GC(24) - age   6:    3514144 bytes,   12465384 total
[2025-09-15T08:07:09.893+0000][187][trace][gc,age      ] GC(24) - age   7:   18765656 bytes,   31231040 total
[2025-09-15T08:07:09.893+0000][187][trace][gc,age      ] GC(24) - age   8:         32 bytes,   31231072 total
[2025-09-15T08:07:09.893+0000][187][info ][gc,heap     ] GC(24) Eden regions: 144->0(144)
[2025-09-15T08:07:09.893+0000][187][info ][gc,heap     ] GC(24) Survivor regions: 9->9(20)
[2025-09-15T08:07:09.893+0000][187][info ][gc,heap     ] GC(24) Old regions: 30->29
[2025-09-15T08:07:09.893+0000][187][info ][gc,heap     ] GC(24) Humongous regions: 2->2
[2025-09-15T08:07:09.893+0000][187][info ][gc,metaspace] GC(24) Metaspace: 159537K(164032K)->159537K(164032K) NonClass: 137698K(140160K)->137698K(140160K) Class: 21838K(23872K)->21838K(23872K)
[2025-09-15T08:07:09.893+0000][187][info ][gc          ] GC(24) Pause Young (Mixed) (G1 Evacuation Pause) 733M->155M(1024M) 51.057ms
[2025-09-15T08:07:09.893+0000][187][info ][gc,cpu      ] GC(24) User=0.34s Sys=0.00s Real=0.05s
[2025-09-15T08:07:09.893+0000][187][info ][safepoint   ] Safepoint "G1CollectForAllocation", Time since last: 8047183129 ns, Reaching safepoint: 135167 ns, Cleanup: 5458 ns, At safepoint: 51355667 ns, Total: 51496292 ns
[2025-09-15T08:07:11.896+0000][187][info ][safepoint   ] Safepoint "Cleanup", Time since last: 2001978083 ns, Reaching safepoint: 43000 ns, Cleanup: 28375 ns, At safepoint: 14709 ns, Total: 86084 ns
[2025-09-15T08:07:12.897+0000][187][info ][safepoint   ] Safepoint "Cleanup", Time since last: 1000684959 ns, Reaching safepoint: 47125 ns, Cleanup: 31791 ns, At safepoint: 14042 ns, Total: 92958 ns
[2025-09-15T08:07:21.906+0000][187][info ][safepoint   ] Safepoint "Cleanup", Time since last: 9009452462 ns, Reaching safepoint: 87667 ns, Cleanup: 84625 ns, At safepoint: 76917 ns, Total: 249209 ns
[2025-09-15T08:07:34.922+0000][187][info ][safepoint   ] Safepoint "Cleanup", Time since last: 13014345131 ns, Reaching safepoint: 889000 ns, Cleanup: 39083 ns, At safepoint: 33292 ns, Total: 961375 ns
[2025-09-15T08:07:44.614+0000][187][info ][safepoint   ] Safepoint "Cleanup", Time since last: 9691895004 ns, Reaching safepoint: 65542 ns, Cleanup: 34333 ns, At safepoint: 20584 ns, Total: 120459 ns
[2025-09-15T08:07:49.619+0000][187][info ][safepoint   ] Safepoint "Cleanup", Time since last: 5005052085 ns, Reaching safepoint: 38875 ns, Cleanup: 38417 ns, At safepoint: 15625 ns, Total: 92917 ns
[2025-09-15T08:07:54.625+0000][187][info ][safepoint   ] Safepoint "Cleanup", Time since last: 5006041336 ns, Reaching safepoint: 117416 ns, Cleanup: 63209 ns, At safepoint: 14041 ns, Total: 194666 ns
[2025-09-15T08:07:56.628+0000][187][info ][safepoint   ] Safepoint "Cleanup", Time since last: 2002620543 ns, Reaching safepoint: 44375 ns, Cleanup: 47917 ns, At safepoint: 13916 ns, Total: 106208 ns
[2025-09-15T08:07:59.631+0000][187][info ][safepoint   ] Safepoint "Cleanup", Time since last: 3002881460 ns, Reaching safepoint: 90125 ns, Cleanup: 56542 ns, At safepoint: 30833 ns, Total: 177500 ns
[2025-09-15T08:08:00.959+0000][187][info ][safepoint   ] Safepoint "Cleanup", Time since last: 1327641417 ns, Reaching safepoint: 21250 ns, Cleanup: 92167 ns, At safepoint: 10000 ns, Total: 123417 ns
[2025-09-15T08:08:03.335+0000][187][info ][safepoint   ] Safepoint "Cleanup", Time since last: 2376083335 ns, Reaching safepoint: 6416 ns, Cleanup: 12667 ns, At safepoint: 9583 ns, Total: 28666 ns
[2025-09-15T08:08:05.054+0000][187][info ][safepoint   ] Safepoint "Cleanup", Time since last: 1719075043 ns, Reaching safepoint: 86166 ns, Cleanup: 161292 ns, At safepoint: 23875 ns, Total: 271333 ns
[2025-09-15T08:08:06.341+0000][187][info ][safepoint   ] Safepoint "Cleanup", Time since last: 1286502042 ns, Reaching safepoint: 10000 ns, Cleanup: 20625 ns, At safepoint: 11084 ns, Total: 41709 ns
[2025-09-15T08:08:08.113+0000][187][info ][safepoint   ] Safepoint "Cleanup", Time since last: 1771655709 ns, Reaching safepoint: 87958 ns, Cleanup: 71417 ns, At safepoint: 15917 ns, Total: 175292 ns
[2025-09-15T08:08:09.173+0000][187][info ][safepoint   ] Safepoint "Cleanup", Time since last: 1059607375 ns, Reaching safepoint: 33042 ns, Cleanup: 28375 ns, At safepoint: 10125 ns, Total: 71542 ns
[2025-09-15T08:08:10.589+0000][187][info ][safepoint   ] Safepoint "Cleanup", Time since last: 1415869666 ns, Reaching safepoint: 70208 ns, Cleanup: 104167 ns, At safepoint: 37792 ns, Total: 212167 ns
[2025-09-15T08:08:13.593+0000][187][info ][safepoint   ] Safepoint "Cleanup", Time since last: 3004427210 ns, Reaching safepoint: 67333 ns, Cleanup: 40083 ns, At safepoint: 21709 ns, Total: 129125 ns
[2025-09-15T08:08:19.600+0000][187][info ][safepoint   ] Safepoint "Cleanup", Time since last: 6006807044 ns, Reaching safepoint: 52458 ns, Cleanup: 19042 ns, At safepoint: 12958 ns, Total: 84458 ns
[2025-09-15T08:08:24.604+0000][187][info ][safepoint   ] Safepoint "Cleanup", Time since last: 5003844711 ns, Reaching safepoint: 27917 ns, Cleanup: 39291 ns, At safepoint: 77417 ns, Total: 144625 ns
[2025-09-15T08:08:36.792+0000][187][info ][safepoint   ] Safepoint "Cleanup", Time since last: 12187919423 ns, Reaching safepoint: 13875 ns, Cleanup: 12375 ns, At safepoint: 5000 ns, Total: 31250 ns
[2025-09-15T08:08:39.796+0000][187][info ][safepoint   ] Safepoint "Cleanup", Time since last: 3004031168 ns, Reaching safepoint: 61791 ns, Cleanup: 47000 ns, At safepoint: 19500 ns, Total: 128291 ns
[2025-09-15T08:08:41.798+0000][187][info ][safepoint   ] Safepoint "Cleanup", Time since last: 2002184751 ns, Reaching safepoint: 65792 ns, Cleanup: 73875 ns, At safepoint: 17375 ns, Total: 157042 ns
[2025-09-15T08:08:42.801+0000][187][info ][safepoint   ] Safepoint "Cleanup", Time since last: 1001688792 ns, Reaching safepoint: 697291 ns, Cleanup: 59334 ns, At safepoint: 24416 ns, Total: 781041 ns
[2025-09-15T08:08:43.803+0000][187][info ][safepoint   ] Safepoint "Cleanup", Time since last: 1002523376 ns, Reaching safepoint: 77542 ns, Cleanup: 40166 ns, At safepoint: 90459 ns, Total: 208167 ns
[2025-09-15T08:08:46.807+0000][187][info ][safepoint   ] Safepoint "Cleanup", Time since last: 3003455209 ns, Reaching safepoint: 62125 ns, Cleanup: 48459 ns, At safepoint: 16291 ns, Total: 126875 ns
[2025-09-15T08:08:51.815+0000][187][info ][safepoint   ] Safepoint "Cleanup", Time since last: 5008068586 ns, Reaching safepoint: 52333 ns, Cleanup: 40125 ns, At safepoint: 10875 ns, Total: 103333 ns
[2025-09-15T08:08:56.821+0000][187][info ][safepoint   ] Safepoint "Cleanup", Time since last: 5005622461 ns, Reaching safepoint: 120708 ns, Cleanup: 57709 ns, At safepoint: 20375 ns, Total: 198792 ns
[2025-09-15T08:08:59.826+0000][187][info ][safepoint   ] Safepoint "Cleanup", Time since last: 3005111960 ns, Reaching safepoint: 156416 ns, Cleanup: 54750 ns, At safepoint: 22292 ns, Total: 233458 ns
[2025-09-15T08:09:04.832+0000][187][info ][safepoint   ] Safepoint "Cleanup", Time since last: 5005622961 ns, Reaching safepoint: 88833 ns, Cleanup: 100208 ns, At safepoint: 28834 ns, Total: 217875 ns
[2025-09-15T08:09:06.369+0000][187][info ][safepoint   ] Safepoint "Cleanup", Time since last: 1536619667 ns, Reaching safepoint: 5083 ns, Cleanup: 14667 ns, At safepoint: 5667 ns, Total: 25417 ns
[2025-09-15T08:09:08.347+0000][187][info ][safepoint   ] Safepoint "Cleanup", Time since last: 1978026209 ns, Reaching safepoint: 10250 ns, Cleanup: 46833 ns, At safepoint: 11167 ns, Total: 68250 ns
[2025-09-15T08:09:09.352+0000][187][info ][safepoint   ] Safepoint "Cleanup", Time since last: 1004623792 ns, Reaching safepoint: 36000 ns, Cleanup: 16292 ns, At safepoint: 8875 ns, Total: 61167 ns
[2025-09-15T08:09:12.355+0000][187][info ][safepoint   ] Safepoint "Cleanup", Time since last: 3002978125 ns, Reaching safepoint: 15250 ns, Cleanup: 18084 ns, At safepoint: 11708 ns, Total: 45042 ns
[2025-09-15T08:09:32.182+0000][187][info ][safepoint   ] Safepoint "Cleanup", Time since last: 19826891509 ns, Reaching safepoint: 5375 ns, Cleanup: 51792 ns, At safepoint: 11500 ns, Total: 68667 ns
[2025-09-15T08:09:33.987+0000][187][info ][safepoint   ] Safepoint "Cleanup", Time since last: 1804758209 ns, Reaching safepoint: 113917 ns, Cleanup: 282208 ns, At safepoint: 18042 ns, Total: 414167 ns
[2025-09-15T08:09:34.989+0000][187][info ][safepoint   ] Safepoint "Cleanup", Time since last: 1001072250 ns, Reaching safepoint: 59042 ns, Cleanup: 46292 ns, At safepoint: 23750 ns, Total: 129084 ns
[2025-09-15T08:09:36.970+0000][187][info ][safepoint   ] Safepoint "Cleanup", Time since last: 1981035459 ns, Reaching safepoint: 51417 ns, Cleanup: 93875 ns, At safepoint: 15000 ns, Total: 160292 ns
[2025-09-15T08:09:37.970+0000][187][info ][safepoint   ] Safepoint "Cleanup", Time since last: 1000607458 ns, Reaching safepoint: 26459 ns, Cleanup: 75583 ns, At safepoint: 7875 ns, Total: 109917 ns
[2025-09-15T08:09:39.710+0000][187][info ][safepoint   ] Safepoint "Cleanup", Time since last: 1738691251 ns, Reaching safepoint: 74125 ns, Cleanup: 308125 ns, At safepoint: 34542 ns, Total: 416792 ns
[2025-09-15T08:09:41.713+0000][187][info ][safepoint   ] Safepoint "Cleanup", Time since last: 2002822125 ns, Reaching safepoint: 72500 ns, Cleanup: 42167 ns, At safepoint: 10208 ns, Total: 124875 ns
[2025-09-15T08:09:43.717+0000][187][info ][safepoint   ] Safepoint "Cleanup", Time since last: 2003598876 ns, Reaching safepoint: 88792 ns, Cleanup: 100458 ns, At safepoint: 24792 ns, Total: 214042 ns
[2025-09-15T08:09:45.056+0000][187][info ][safepoint   ] Safepoint "Cleanup", Time since last: 1338809209 ns, Reaching safepoint: 3958 ns, Cleanup: 17042 ns, At safepoint: 4416 ns, Total: 25416 ns
[2025-09-15T08:09:46.811+0000][187][info ][safepoint   ] Safepoint "Cleanup", Time since last: 1755182334 ns, Reaching safepoint: 87834 ns, Cleanup: 40833 ns, At safepoint: 20333 ns, Total: 149000 ns
[2025-09-15T08:09:50.815+0000][187][info ][safepoint   ] Safepoint "Cleanup", Time since last: 4004062211 ns, Reaching safepoint: 13791 ns, Cleanup: 23167 ns, At safepoint: 9167 ns, Total: 46125 ns
[2025-09-15T08:09:51.857+0000][187][info ][safepoint   ] Safepoint "Cleanup", Time since last: 1041534625 ns, Reaching safepoint: 52375 ns, Cleanup: 27833 ns, At safepoint: 19292 ns, Total: 99500 ns
[2025-09-15T08:09:56.861+0000][187][info ][safepoint   ] Safepoint "Cleanup", Time since last: 5004154128 ns, Reaching safepoint: 132250 ns, Cleanup: 91666 ns, At safepoint: 109542 ns, Total: 333458 ns
[2025-09-15T08:10:09.391+0000][187][info ][safepoint   ] Safepoint "Cleanup", Time since last: 12530086964 ns, Reaching safepoint: 4667 ns, Cleanup: 17291 ns, At safepoint: 6167 ns, Total: 28125 ns
[2025-09-15T08:10:10.405+0000][187][info ][safepoint   ] Safepoint "Cleanup", Time since last: 1013289792 ns, Reaching safepoint: 34542 ns, Cleanup: 29333 ns, At safepoint: 9458 ns, Total: 73333 ns
[2025-09-15T08:10:11.519+0000][187][info ][safepoint   ] Safepoint "Cleanup", Time since last: 1113095001 ns, Reaching safepoint: 1026833 ns, Cleanup: 121417 ns, At safepoint: 29458 ns, Total: 1177708 ns
[2025-09-15T08:10:21.540+0000][187][info ][safepoint   ] Safepoint "Cleanup", Time since last: 10020623797 ns, Reaching safepoint: 90125 ns, Cleanup: 28791 ns, At safepoint: 12417 ns, Total: 131333 ns
[2025-09-15T08:10:26.544+0000][187][info ][safepoint   ] Safepoint "Cleanup", Time since last: 5003929752 ns, Reaching safepoint: 17667 ns, Cleanup: 11000 ns, At safepoint: 6000 ns, Total: 34667 ns
[2025-09-15T08:10:31.553+0000][187][info ][safepoint   ] Safepoint "Cleanup", Time since last: 5008995377 ns, Reaching safepoint: 34625 ns, Cleanup: 25125 ns, At safepoint: 10000 ns, Total: 69750 ns
[2025-09-15T08:10:34.556+0000][187][info ][safepoint   ] Safepoint "Cleanup", Time since last: 3003163252 ns, Reaching safepoint: 181208 ns, Cleanup: 49334 ns, At safepoint: 19541 ns, Total: 250083 ns
[2025-09-15T08:10:36.146+0000][187][info ][safepoint   ] Safepoint "Cleanup", Time since last: 1589984709 ns, Reaching safepoint: 23959 ns, Cleanup: 35541 ns, At safepoint: 9292 ns, Total: 68792 ns
[2025-09-15T08:10:40.151+0000][187][info ][safepoint   ] Safepoint "Cleanup", Time since last: 4004590210 ns, Reaching safepoint: 156333 ns, Cleanup: 71875 ns, At safepoint: 17458 ns, Total: 245666 ns
[2025-09-15T08:10:47.159+0000][187][info ][safepoint   ] Safepoint "Cleanup", Time since last: 7007925837 ns, Reaching safepoint: 72125 ns, Cleanup: 26417 ns, At safepoint: 14333 ns, Total: 112875 ns
[2025-09-15T08:10:49.161+0000][187][info ][safepoint   ] Safepoint "Cleanup", Time since last: 2001628376 ns, Reaching safepoint: 58250 ns, Cleanup: 40791 ns, At safepoint: 14209 ns, Total: 113250 ns
[2025-09-15T08:10:50.164+0000][187][info ][safepoint   ] Safepoint "Cleanup", Time since last: 1002393584 ns, Reaching safepoint: 90250 ns, Cleanup: 96375 ns, At safepoint: 13166 ns, Total: 199791 ns
[2025-09-15T08:10:52.166+0000][187][info ][safepoint   ] Safepoint "Cleanup", Time since last: 2002213710 ns, Reaching safepoint: 30916 ns, Cleanup: 23875 ns, At safepoint: 6459 ns, Total: 61250 ns
[2025-09-15T08:10:56.170+0000][187][info ][safepoint   ] Safepoint "Cleanup", Time since last: 4004013418 ns, Reaching safepoint: 109959 ns, Cleanup: 24083 ns, At safepoint: 10083 ns, Total: 144125 ns
[2025-09-15T08:11:01.174+0000][187][info ][safepoint   ] Safepoint "Cleanup", Time since last: 5003768794 ns, Reaching safepoint: 105834 ns, Cleanup: 47916 ns, At safepoint: 30167 ns, Total: 183917 ns
[2025-09-15T08:11:11.184+0000][187][info ][safepoint   ] Safepoint "Cleanup", Time since last: 10009997254 ns, Reaching safepoint: 78125 ns, Cleanup: 56167 ns, At safepoint: 16250 ns, Total: 150542 ns
[2025-09-15T08:11:12.407+0000][187][info ][safepoint   ] Safepoint "Cleanup", Time since last: 1222950334 ns, Reaching safepoint: 5250 ns, Cleanup: 11291 ns, At safepoint: 1959 ns, Total: 18500 ns
[2025-09-15T08:11:13.691+0000][187][info ][safepoint   ] Safepoint "Cleanup", Time since last: 1284058917 ns, Reaching safepoint: 34708 ns, Cleanup: 55167 ns, At safepoint: 27458 ns, Total: 117333 ns
[2025-09-15T08:11:16.699+0000][187][info ][safepoint   ] Safepoint "Cleanup", Time since last: 3007880585 ns, Reaching safepoint: 72958 ns, Cleanup: 93667 ns, At safepoint: 31542 ns, Total: 198167 ns
[2025-09-15T08:11:19.703+0000][187][info ][safepoint   ] Safepoint "Cleanup", Time since last: 3003632334 ns, Reaching safepoint: 63750 ns, Cleanup: 26042 ns, At safepoint: 7833 ns, Total: 97625 ns
[2025-09-15T08:11:21.705+0000][187][info ][safepoint   ] Safepoint "Cleanup", Time since last: 2001887876 ns, Reaching safepoint: 73834 ns, Cleanup: 50958 ns, At safepoint: 25958 ns, Total: 150750 ns
[2025-09-15T08:11:24.710+0000][187][info ][safepoint   ] Safepoint "Cleanup", Time since last: 3004828793 ns, Reaching safepoint: 130875 ns, Cleanup: 51375 ns, At safepoint: 33292 ns, Total: 215542 ns
[2025-09-15T08:11:34.720+0000][187][info ][safepoint   ] Safepoint "Cleanup", Time since last: 10009301672 ns, Reaching safepoint: 58416 ns, Cleanup: 38209 ns, At safepoint: 11416 ns, Total: 108041 ns
[2025-09-15T08:11:37.359+0000][187][info ][safepoint   ] Safepoint "Cleanup", Time since last: 2639285043 ns, Reaching safepoint: 28542 ns, Cleanup: 19916 ns, At safepoint: 8542 ns, Total: 57000 ns
[2025-09-15T08:11:39.361+0000][187][info ][safepoint   ] Safepoint "Cleanup", Time since last: 2001920418 ns, Reaching safepoint: 21833 ns, Cleanup: 16292 ns, At safepoint: 14000 ns, Total: 52125 ns
[2025-09-15T08:11:41.364+0000][187][info ][safepoint   ] Safepoint "Cleanup", Time since last: 2002287375 ns, Reaching safepoint: 44542 ns, Cleanup: 72333 ns, At safepoint: 29375 ns, Total: 146250 ns
[2025-09-15T08:11:42.366+0000][187][info ][safepoint   ] Safepoint "Cleanup", Time since last: 1001747667 ns, Reaching safepoint: 25334 ns, Cleanup: 19708 ns, At safepoint: 10708 ns, Total: 55750 ns
[2025-09-15T08:11:42.371+0000][187][info ][gc,start    ] GC(25) Pause Young (Normal) (G1 Evacuation Pause)
[2025-09-15T08:11:42.371+0000][187][info ][gc,task     ] GC(25) Using 8 workers of 8 for evacuation
[2025-09-15T08:11:42.371+0000][187][debug][gc,age      ] GC(25) Desired survivor size 41943040 bytes, new threshold 15 (max threshold 15)
[2025-09-15T08:11:42.404+0000][187][info ][gc,phases   ] GC(25)   Pre Evacuate Collection Set: 0.82ms
[2025-09-15T08:11:42.404+0000][187][info ][gc,phases   ] GC(25)   Merge Heap Roots: 0.36ms
[2025-09-15T08:11:42.405+0000][187][info ][gc,phases   ] GC(25)   Evacuate Collection Set: 27.99ms
[2025-09-15T08:11:42.405+0000][187][info ][gc,phases   ] GC(25)   Post Evacuate Collection Set: 3.63ms
[2025-09-15T08:11:42.405+0000][187][info ][gc,phases   ] GC(25)   Other: 0.43ms
[2025-09-15T08:11:42.405+0000][187][trace][gc,age      ] GC(25) Age table with threshold 15 (max threshold 15)
[2025-09-15T08:11:42.405+0000][187][trace][gc,age      ] GC(25) - age   1:    2425136 bytes,    2425136 total
[2025-09-15T08:11:42.405+0000][187][trace][gc,age      ] GC(25) - age   2:     107064 bytes,    2532200 total
[2025-09-15T08:11:42.405+0000][187][trace][gc,age      ] GC(25) - age   3:    1573904 bytes,    4106104 total
[2025-09-15T08:11:42.405+0000][187][trace][gc,age      ] GC(25) - age   4:     906248 bytes,    5012352 total
[2025-09-15T08:11:42.405+0000][187][trace][gc,age      ] GC(25) - age   5:     938472 bytes,    5950824 total
[2025-09-15T08:11:42.405+0000][187][trace][gc,age      ] GC(25) - age   6:    4484904 bytes,   10435728 total
[2025-09-15T08:11:42.405+0000][187][trace][gc,age      ] GC(25) - age   7:    3473928 bytes,   13909656 total
[2025-09-15T08:11:42.405+0000][187][trace][gc,age      ] GC(25) - age   8:   18756400 bytes,   32666056 total
[2025-09-15T08:11:42.405+0000][187][trace][gc,age      ] GC(25) - age   9:         32 bytes,   32666088 total
[2025-09-15T08:11:42.405+0000][187][info ][gc,heap     ] GC(25) Eden regions: 144->0(144)
[2025-09-15T08:11:42.405+0000][187][info ][gc,heap     ] GC(25) Survivor regions: 9->9(20)
[2025-09-15T08:11:42.405+0000][187][info ][gc,heap     ] GC(25) Old regions: 29->29
[2025-09-15T08:11:42.405+0000][187][info ][gc,heap     ] GC(25) Humongous regions: 2->2
[2025-09-15T08:11:42.405+0000][187][info ][gc,metaspace] GC(25) Metaspace: 159846K(164288K)->159846K(164288K) NonClass: 138004K(140416K)->138004K(140416K) Class: 21842K(23872K)->21842K(23872K)
[2025-09-15T08:11:42.405+0000][187][info ][gc          ] GC(25) Pause Young (Normal) (G1 Evacuation Pause) 731M->157M(1024M) 34.283ms
[2025-09-15T08:11:42.405+0000][187][info ][gc,cpu      ] GC(25) User=0.23s Sys=0.00s Real=0.03s
[2025-09-15T08:11:42.405+0000][187][info ][safepoint   ] Safepoint "G1CollectForAllocation", Time since last: 5190542 ns, Reaching safepoint: 14958 ns, Cleanup: 3834 ns, At safepoint: 34568000 ns, Total: 34586792 ns
[2025-09-15T08:11:45.408+0000][187][info ][safepoint   ] Safepoint "Cleanup", Time since last: 3003001668 ns, Reaching safepoint: 23916 ns, Cleanup: 13417 ns, At safepoint: 15250 ns, Total: 52583 ns
[2025-09-15T08:11:56.421+0000][187][info ][safepoint   ] Safepoint "Cleanup", Time since last: 11011327172 ns, Reaching safepoint: 1267500 ns, Cleanup: 54667 ns, At safepoint: 15333 ns, Total: 1337500 ns
[2025-09-15T08:11:57.423+0000][187][info ][safepoint   ] Safepoint "Cleanup", Time since last: 1001719417 ns, Reaching safepoint: 10625 ns, Cleanup: 20375 ns, At safepoint: 9708 ns, Total: 40708 ns
[2025-09-15T08:11:59.425+0000][187][info ][safepoint   ] Safepoint "Cleanup", Time since last: 2001721418 ns, Reaching safepoint: 14250 ns, Cleanup: 17375 ns, At safepoint: 7833 ns, Total: 39458 ns
[2025-09-15T08:12:07.261+0000][187][info ][safepoint   ] Safepoint "Cleanup", Time since last: 7836500171 ns, Reaching safepoint: 6666 ns, Cleanup: 89709 ns, At safepoint: 13416 ns, Total: 109791 ns
[2025-09-15T08:12:07.360+0000][187][info ][safepoint   ] Safepoint "ICBufferFull", Time since last: 98613584 ns, Reaching safepoint: 513916 ns, Cleanup: 138667 ns, At safepoint: 16625 ns, Total: 669208 ns
[2025-09-15T08:12:07.361+0000][187][info ][safepoint   ] Safepoint "ICBufferFull", Time since last: 459125 ns, Reaching safepoint: 310667 ns, Cleanup: 4250 ns, At safepoint: 29208 ns, Total: 344125 ns
[2025-09-15T08:12:07.362+0000][187][info ][safepoint   ] Safepoint "ICBufferFull", Time since last: 219917 ns, Reaching safepoint: 28250 ns, Cleanup: 1208 ns, At safepoint: 26875 ns, Total: 56333 ns
[2025-09-15T08:12:08.364+0000][187][info ][safepoint   ] Safepoint "Cleanup", Time since last: 1002500501 ns, Reaching safepoint: 78916 ns, Cleanup: 362875 ns, At safepoint: 32542 ns, Total: 474333 ns
[2025-09-15T08:12:10.367+0000][187][info ][safepoint   ] Safepoint "Cleanup", Time since last: 2001978750 ns, Reaching safepoint: 64292 ns, Cleanup: 128666 ns, At safepoint: 48792 ns, Total: 241750 ns
[2025-09-15T08:12:11.369+0000][187][info ][safepoint   ] Safepoint "Cleanup", Time since last: 1002551500 ns, Reaching safepoint: 55667 ns, Cleanup: 33375 ns, At safepoint: 13083 ns, Total: 102125 ns
[2025-09-15T08:12:14.373+0000][187][info ][safepoint   ] Safepoint "Cleanup", Time since last: 3002960585 ns, Reaching safepoint: 64125 ns, Cleanup: 37042 ns, At safepoint: 15250 ns, Total: 116417 ns
[2025-09-15T08:12:15.374+0000][187][info ][safepoint   ] Safepoint "Cleanup", Time since last: 1001787209 ns, Reaching safepoint: 48750 ns, Cleanup: 27333 ns, At safepoint: 32958 ns, Total: 109041 ns
[2025-09-15T08:12:15.432+0000][187][info ][safepoint   ] Safepoint "ICBufferFull", Time since last: 57814292 ns, Reaching safepoint: 7958 ns, Cleanup: 83000 ns, At safepoint: 4292 ns, Total: 95250 ns
[2025-09-15T08:12:15.820+0000][187][info ][safepoint   ] Safepoint "ICBufferFull", Time since last: 387681542 ns, Reaching safepoint: 5917 ns, Cleanup: 90250 ns, At safepoint: 24666 ns, Total: 120833 ns
[2025-09-15T08:12:16.832+0000][187][info ][safepoint   ] Safepoint "Cleanup", Time since last: 1011227417 ns, Reaching safepoint: 18084 ns, Cleanup: 136708 ns, At safepoint: 12750 ns, Total: 167542 ns
[2025-09-15T08:12:19.840+0000][187][info ][safepoint   ] Safepoint "Cleanup", Time since last: 3007879793 ns, Reaching safepoint: 130917 ns, Cleanup: 61791 ns, At safepoint: 17167 ns, Total: 209875 ns
[2025-09-15T08:12:21.842+0000][187][info ][safepoint   ] Safepoint "Cleanup", Time since last: 2002586418 ns, Reaching safepoint: 198833 ns, Cleanup: 64500 ns, At safepoint: 18750 ns, Total: 282083 ns
[2025-09-15T08:12:23.845+0000][187][info ][safepoint   ] Safepoint "Cleanup", Time since last: 2002141751 ns, Reaching safepoint: 43042 ns, Cleanup: 35166 ns, At safepoint: 13209 ns, Total: 91417 ns
[2025-09-15T08:12:24.846+0000][187][info ][safepoint   ] Safepoint "Cleanup", Time since last: 1000749125 ns, Reaching safepoint: 83417 ns, Cleanup: 37833 ns, At safepoint: 25375 ns, Total: 146625 ns
[2025-09-15T08:12:26.849+0000][187][info ][safepoint   ] Safepoint "Cleanup", Time since last: 2002774751 ns, Reaching safepoint: 50208 ns, Cleanup: 359917 ns, At safepoint: 29083 ns, Total: 439208 ns
[2025-09-15T08:12:27.850+0000][187][info ][safepoint   ] Safepoint "Cleanup", Time since last: 1001468459 ns, Reaching safepoint: 62292 ns, Cleanup: 44208 ns, At safepoint: 13750 ns, Total: 120250 ns
[2025-09-15T08:12:30.855+0000][187][info ][safepoint   ] Safepoint "Cleanup", Time since last: 3004521918 ns, Reaching safepoint: 18500 ns, Cleanup: 13792 ns, At safepoint: 9292 ns, Total: 41584 ns
[2025-09-15T08:12:31.857+0000][187][info ][safepoint   ] Safepoint "Cleanup", Time since last: 1001488459 ns, Reaching safepoint: 16000 ns, Cleanup: 21166 ns, At safepoint: 6667 ns, Total: 43833 ns
[2025-09-15T08:12:33.858+0000][187][info ][safepoint   ] Safepoint "Cleanup", Time since last: 2001134959 ns, Reaching safepoint: 205375 ns, Cleanup: 41500 ns, At safepoint: 40667 ns, Total: 287542 ns
[2025-09-15T08:12:36.588+0000][187][info ][safepoint   ] Safepoint "Cleanup", Time since last: 2729866168 ns, Reaching safepoint: 4000 ns, Cleanup: 82458 ns, At safepoint: 7708 ns, Total: 94166 ns
[2025-09-15T08:12:39.594+0000][187][info ][safepoint   ] Safepoint "Cleanup", Time since last: 3005446544 ns, Reaching safepoint: 64833 ns, Cleanup: 150583 ns, At safepoint: 17500 ns, Total: 232916 ns
[2025-09-15T08:12:41.596+0000][187][info ][safepoint   ] Safepoint "Cleanup", Time since last: 2001726084 ns, Reaching safepoint: 62458 ns, Cleanup: 29625 ns, At safepoint: 12959 ns, Total: 105042 ns
[2025-09-15T08:12:42.597+0000][187][info ][safepoint   ] Safepoint "Cleanup", Time since last: 1001033625 ns, Reaching safepoint: 42250 ns, Cleanup: 35875 ns, At safepoint: 14417 ns, Total: 92542 ns
[2025-09-15T08:12:45.600+0000][187][info ][safepoint   ] Safepoint "Cleanup", Time since last: 3002835293 ns, Reaching safepoint: 35500 ns, Cleanup: 35958 ns, At safepoint: 13167 ns, Total: 84625 ns
[2025-09-15T08:12:46.614+0000][187][info ][safepoint   ] Safepoint "Cleanup", Time since last: 1014231292 ns, Reaching safepoint: 74708 ns, Cleanup: 23167 ns, At safepoint: 12083 ns, Total: 109958 ns
[2025-09-15T08:12:51.623+0000][187][info ][safepoint   ] Safepoint "Cleanup", Time since last: 5006268711 ns, Reaching safepoint: 2053375 ns, Cleanup: 93042 ns, At safepoint: 47708 ns, Total: 2194125 ns
[2025-09-15T08:12:56.629+0000][187][info ][safepoint   ] Safepoint "Cleanup", Time since last: 5006144127 ns, Reaching safepoint: 17042 ns, Cleanup: 22958 ns, At safepoint: 8750 ns, Total: 48750 ns
[2025-09-15T08:12:59.632+0000][187][info ][safepoint   ] Safepoint "Cleanup", Time since last: 3003075168 ns, Reaching safepoint: 57625 ns, Cleanup: 25417 ns, At safepoint: 11542 ns, Total: 94584 ns
[2025-09-15T08:13:04.639+0000][187][info ][safepoint   ] Safepoint "Cleanup", Time since last: 5006419211 ns, Reaching safepoint: 68166 ns, Cleanup: 105959 ns, At safepoint: 69000 ns, Total: 243125 ns
[2025-09-15T08:13:06.641+0000][187][info ][safepoint   ] Safepoint "Cleanup", Time since last: 2002306542 ns, Reaching safepoint: 17042 ns, Cleanup: 32458 ns, At safepoint: 8000 ns, Total: 57500 ns
[2025-09-15T08:13:07.972+0000][187][info ][safepoint   ] Safepoint "Cleanup", Time since last: 1330998251 ns, Reaching safepoint: 7166 ns, Cleanup: 191917 ns, At safepoint: 15875 ns, Total: 214958 ns
[2025-09-15T08:13:09.113+0000][187][info ][safepoint   ] Safepoint "Cleanup", Time since last: 1140481709 ns, Reaching safepoint: 79208 ns, Cleanup: 104250 ns, At safepoint: 11792 ns, Total: 195250 ns
[2025-09-15T08:13:09.691+0000][187][info ][safepoint   ] Safepoint "ICBufferFull", Time since last: 577574375 ns, Reaching safepoint: 6000 ns, Cleanup: 139167 ns, At safepoint: 10042 ns, Total: 155209 ns
[2025-09-15T08:13:11.017+0000][187][info ][safepoint   ] Safepoint "Cleanup", Time since last: 1325876708 ns, Reaching safepoint: 9208 ns, Cleanup: 111167 ns, At safepoint: 14333 ns, Total: 134708 ns
[2025-09-15T08:13:12.077+0000][187][info ][safepoint   ] Safepoint "Cleanup", Time since last: 1059432209 ns, Reaching safepoint: 67417 ns, Cleanup: 102791 ns, At safepoint: 18334 ns, Total: 188542 ns
[2025-09-15T08:13:13.078+0000][187][info ][safepoint   ] Safepoint "Cleanup", Time since last: 1001472792 ns, Reaching safepoint: 39375 ns, Cleanup: 39792 ns, At safepoint: 14500 ns, Total: 93667 ns
[2025-09-15T08:13:14.080+0000][187][info ][safepoint   ] Safepoint "Cleanup", Time since last: 1000885500 ns, Reaching safepoint: 53458 ns, Cleanup: 204084 ns, At safepoint: 18708 ns, Total: 276250 ns
[2025-09-15T08:13:15.081+0000][187][info ][safepoint   ] Safepoint "Cleanup", Time since last: 1000869001 ns, Reaching safepoint: 60000 ns, Cleanup: 131458 ns, At safepoint: 66792 ns, Total: 258250 ns
[2025-09-15T08:13:16.238+0000][187][info ][safepoint   ] Safepoint "Cleanup", Time since last: 1157248625 ns, Reaching safepoint: 16625 ns, Cleanup: 38083 ns, At safepoint: 8334 ns, Total: 63042 ns
[2025-09-15T08:13:18.393+0000][187][info ][safepoint   ] Safepoint "Cleanup", Time since last: 2155316959 ns, Reaching safepoint: 4958 ns, Cleanup: 39834 ns, At safepoint: 24750 ns, Total: 69542 ns
[2025-09-15T08:13:20.136+0000][187][info ][safepoint   ] Safepoint "Cleanup", Time since last: 1742405417 ns, Reaching safepoint: 41042 ns, Cleanup: 228250 ns, At safepoint: 15375 ns, Total: 284667 ns
[2025-09-15T08:13:21.141+0000][187][info ][safepoint   ] Safepoint "Cleanup", Time since last: 1005318417 ns, Reaching safepoint: 24667 ns, Cleanup: 22291 ns, At safepoint: 12334 ns, Total: 59292 ns
[2025-09-15T08:13:24.145+0000][187][info ][safepoint   ] Safepoint "Cleanup", Time since last: 3003210835 ns, Reaching safepoint: 58333 ns, Cleanup: 41333 ns, At safepoint: 16792 ns, Total: 116458 ns
[2025-09-15T08:13:30.152+0000][187][info ][safepoint   ] Safepoint "Cleanup", Time since last: 6006906961 ns, Reaching safepoint: 33667 ns, Cleanup: 17708 ns, At safepoint: 7958 ns, Total: 59333 ns
[2025-09-15T08:13:32.155+0000][187][info ][safepoint   ] Safepoint "Cleanup", Time since last: 2003405876 ns, Reaching safepoint: 125292 ns, Cleanup: 35583 ns, At safepoint: 12959 ns, Total: 173834 ns
[2025-09-15T08:13:34.157+0000][187][info ][safepoint   ] Safepoint "Cleanup", Time since last: 2001803667 ns, Reaching safepoint: 115042 ns, Cleanup: 78083 ns, At safepoint: 14750 ns, Total: 207875 ns
[2025-09-15T08:13:36.160+0000][187][info ][safepoint   ] Safepoint "Cleanup", Time since last: 2002387543 ns, Reaching safepoint: 25625 ns, Cleanup: 24833 ns, At safepoint: 11542 ns, Total: 62000 ns
[2025-09-15T08:13:37.710+0000][187][info ][safepoint   ] Safepoint "Cleanup", Time since last: 1549910751 ns, Reaching safepoint: 35458 ns, Cleanup: 133833 ns, At safepoint: 26084 ns, Total: 195375 ns
[2025-09-15T08:13:38.712+0000][187][info ][safepoint   ] Safepoint "Cleanup", Time since last: 1001757833 ns, Reaching safepoint: 59542 ns, Cleanup: 24625 ns, At safepoint: 16250 ns, Total: 100417 ns
[2025-09-15T08:13:41.713+0000][187][info ][safepoint   ] Safepoint "Cleanup", Time since last: 3001519001 ns, Reaching safepoint: 60250 ns, Cleanup: 22042 ns, At safepoint: 11833 ns, Total: 94125 ns
[2025-09-15T08:13:46.723+0000][187][info ][safepoint   ] Safepoint "Cleanup", Time since last: 5010075919 ns, Reaching safepoint: 53209 ns, Cleanup: 28916 ns, At safepoint: 6750 ns, Total: 88875 ns
[2025-09-15T08:13:47.724+0000][187][info ][safepoint   ] Safepoint "Cleanup", Time since last: 1001118917 ns, Reaching safepoint: 64584 ns, Cleanup: 39583 ns, At safepoint: 11875 ns, Total: 116042 ns
[2025-09-15T08:13:48.726+0000][187][info ][safepoint   ] Safepoint "Cleanup", Time since last: 1001189792 ns, Reaching safepoint: 64375 ns, Cleanup: 67875 ns, At safepoint: 26625 ns, Total: 158875 ns
[2025-09-15T08:13:49.727+0000][187][info ][safepoint   ] Safepoint "Cleanup", Time since last: 1000952001 ns, Reaching safepoint: 35166 ns, Cleanup: 14542 ns, At safepoint: 6208 ns, Total: 55916 ns
[2025-09-15T08:13:51.728+0000][187][info ][safepoint   ] Safepoint "Cleanup", Time since last: 2000564210 ns, Reaching safepoint: 80125 ns, Cleanup: 176083 ns, At safepoint: 15917 ns, Total: 272125 ns
[2025-09-15T08:13:54.731+0000][187][info ][safepoint   ] Safepoint "Cleanup", Time since last: 3003678209 ns, Reaching safepoint: 67042 ns, Cleanup: 53125 ns, At safepoint: 13292 ns, Total: 133459 ns
[2025-09-15T08:13:56.735+0000][187][info ][safepoint   ] Safepoint "Cleanup", Time since last: 2003014667 ns, Reaching safepoint: 192750 ns, Cleanup: 99917 ns, At safepoint: 27333 ns, Total: 320000 ns
[2025-09-15T08:14:03.742+0000][187][info ][safepoint   ] Safepoint "Cleanup", Time since last: 7007507295 ns, Reaching safepoint: 72084 ns, Cleanup: 47000 ns, At safepoint: 14958 ns, Total: 134042 ns
[2025-09-15T08:14:12.752+0000][187][info ][safepoint   ] Safepoint "Cleanup", Time since last: 9008836921 ns, Reaching safepoint: 96833 ns, Cleanup: 114333 ns, At safepoint: 25209 ns, Total: 236375 ns
[2025-09-15T08:14:13.753+0000][187][info ][safepoint   ] Safepoint "Cleanup", Time since last: 1001431000 ns, Reaching safepoint: 63500 ns, Cleanup: 50209 ns, At safepoint: 32000 ns, Total: 145709 ns
[2025-09-15T08:14:14.755+0000][187][info ][safepoint   ] Safepoint "Cleanup", Time since last: 1001009167 ns, Reaching safepoint: 89000 ns, Cleanup: 93916 ns, At safepoint: 26334 ns, Total: 209250 ns
[2025-09-15T08:14:15.756+0000][187][info ][safepoint   ] Safepoint "Cleanup", Time since last: 1001793834 ns, Reaching safepoint: 38666 ns, Cleanup: 28792 ns, At safepoint: 8500 ns, Total: 75958 ns
[2025-09-15T08:14:16.757+0000][187][info ][safepoint   ] Safepoint "Cleanup", Time since last: 1000735584 ns, Reaching safepoint: 49791 ns, Cleanup: 54084 ns, At safepoint: 5208 ns, Total: 109083 ns
[2025-09-15T08:14:19.397+0000][187][info ][gc,start    ] GC(26) Pause Young (Concurrent Start) (G1 Evacuation Pause)
[2025-09-15T08:14:19.398+0000][187][info ][gc,task     ] GC(26) Using 8 workers of 8 for evacuation
[2025-09-15T08:14:19.398+0000][187][debug][gc,age      ] GC(26) Desired survivor size 41943040 bytes, new threshold 15 (max threshold 15)
[2025-09-15T08:14:19.462+0000][187][info ][gc,phases   ] GC(26)   Pre Evacuate Collection Set: 1.24ms
[2025-09-15T08:14:19.463+0000][187][info ][gc,phases   ] GC(26)   Merge Heap Roots: 0.46ms
[2025-09-15T08:14:19.463+0000][187][info ][gc,phases   ] GC(26)   Evacuate Collection Set: 58.13ms
[2025-09-15T08:14:19.463+0000][187][info ][gc,phases   ] GC(26)   Post Evacuate Collection Set: 3.96ms
[2025-09-15T08:14:19.463+0000][187][info ][gc,phases   ] GC(26)   Other: 0.67ms
[2025-09-15T08:14:19.463+0000][187][trace][gc,age      ] GC(26) Age table with threshold 15 (max threshold 15)
[2025-09-15T08:14:19.463+0000][187][trace][gc,age      ] GC(26) - age   1:    5949464 bytes,    5949464 total
[2025-09-15T08:14:19.463+0000][187][trace][gc,age      ] GC(26) - age   2:    1717376 bytes,    7666840 total
[2025-09-15T08:14:19.463+0000][187][trace][gc,age      ] GC(26) - age   3:      92408 bytes,    7759248 total
[2025-09-15T08:14:19.463+0000][187][trace][gc,age      ] GC(26) - age   4:    1312024 bytes,    9071272 total
[2025-09-15T08:14:19.463+0000][187][trace][gc,age      ] GC(26) - age   5:     905448 bytes,    9976720 total
[2025-09-15T08:14:19.463+0000][187][trace][gc,age      ] GC(26) - age   6:     909032 bytes,   10885752 total
[2025-09-15T08:14:19.463+0000][187][trace][gc,age      ] GC(26) - age   7:    4145904 bytes,   15031656 total
[2025-09-15T08:14:19.463+0000][187][trace][gc,age      ] GC(26) - age   8:    3465472 bytes,   18497128 total
[2025-09-15T08:14:19.463+0000][187][trace][gc,age      ] GC(26) - age   9:   18676888 bytes,   37174016 total
[2025-09-15T08:14:19.463+0000][187][trace][gc,age      ] GC(26) - age  10:         32 bytes,   37174048 total
[2025-09-15T08:14:19.463+0000][187][info ][gc,heap     ] GC(26) Eden regions: 144->0(143)
[2025-09-15T08:14:19.463+0000][187][info ][gc,heap     ] GC(26) Survivor regions: 9->10(20)
[2025-09-15T08:14:19.463+0000][187][info ][gc,heap     ] GC(26) Old regions: 29->29
[2025-09-15T08:14:19.463+0000][187][info ][gc,heap     ] GC(26) Humongous regions: 2->2
[2025-09-15T08:14:19.463+0000][187][info ][gc,metaspace] GC(26) Metaspace: 161419K(165888K)->161419K(165888K) NonClass: 139325K(141760K)->139325K(141760K) Class: 22094K(24128K)->22094K(24128K)
[2025-09-15T08:14:19.463+0000][187][info ][gc          ] GC(26) Pause Young (Concurrent Start) (G1 Evacuation Pause) 733M->162M(1024M) 66.669ms
[2025-09-15T08:14:19.464+0000][187][info ][gc,cpu      ] GC(26) User=0.46s Sys=0.00s Real=0.07s
[2025-09-15T08:14:19.464+0000][187][info ][gc          ] GC(27) Concurrent Mark Cycle
[2025-09-15T08:14:19.464+0000][187][info ][gc,marking  ] GC(27) Concurrent Scan Root Regions
[2025-09-15T08:14:19.464+0000][187][info ][safepoint   ] Safepoint "G1CollectForAllocation", Time since last: 2639207876 ns, Reaching safepoint: 38917 ns, Cleanup: 6750 ns, At safepoint: 67051333 ns, Total: 67097000 ns
[2025-09-15T08:14:19.475+0000][187][info ][gc,marking  ] GC(27) Concurrent Scan Root Regions 10.617ms
[2025-09-15T08:14:19.475+0000][187][info ][gc,marking  ] GC(27) Concurrent Mark
[2025-09-15T08:14:19.475+0000][187][info ][gc,marking  ] GC(27) Concurrent Mark From Roots
[2025-09-15T08:14:19.475+0000][187][info ][gc,task     ] GC(27) Using 2 workers of 2 for marking
[2025-09-15T08:14:19.537+0000][187][info ][gc,marking  ] GC(27) Concurrent Mark From Roots 61.867ms
[2025-09-15T08:14:19.537+0000][187][info ][gc,marking  ] GC(27) Concurrent Preclean
[2025-09-15T08:14:19.538+0000][187][info ][gc,marking  ] GC(27) Concurrent Preclean 0.836ms
[2025-09-15T08:14:19.538+0000][187][info ][gc,start    ] GC(27) Pause Remark
[2025-09-15T08:14:19.620+0000][187][info ][gc          ] GC(27) Pause Remark 165M->165M(1024M) 82.582ms
[2025-09-15T08:14:19.620+0000][187][info ][gc,cpu      ] GC(27) User=0.52s Sys=0.01s Real=0.09s
[2025-09-15T08:14:19.621+0000][187][info ][safepoint   ] Safepoint "G1PauseRemark", Time since last: 74004750 ns, Reaching safepoint: 18334 ns, Cleanup: 3166 ns, At safepoint: 82918250 ns, Total: 82939750 ns
[2025-09-15T08:14:19.621+0000][187][info ][gc,marking  ] GC(27) Concurrent Mark 146.111ms
[2025-09-15T08:14:19.621+0000][187][info ][gc,marking  ] GC(27) Concurrent Rebuild Remembered Sets and Scrub Regions
[2025-09-15T08:14:19.658+0000][187][info ][gc,marking  ] GC(27) Concurrent Rebuild Remembered Sets and Scrub Regions 36.414ms
[2025-09-15T08:14:19.658+0000][187][info ][gc,start    ] GC(27) Pause Cleanup
[2025-09-15T08:14:19.658+0000][187][info ][gc          ] GC(27) Pause Cleanup 165M->165M(1024M) 0.152ms
[2025-09-15T08:14:19.658+0000][187][info ][gc,cpu      ] GC(27) User=0.00s Sys=0.00s Real=0.00s
[2025-09-15T08:14:19.658+0000][187][info ][safepoint   ] Safepoint "G1PauseCleanup", Time since last: 37466125 ns, Reaching safepoint: 8500 ns, Cleanup: 57917 ns, At safepoint: 315208 ns, Total: 381625 ns
[2025-09-15T08:14:19.658+0000][187][info ][gc,marking  ] GC(27) Concurrent Clear Claimed Marks
[2025-09-15T08:14:19.659+0000][187][info ][gc,marking  ] GC(27) Concurrent Clear Claimed Marks 0.171ms
[2025-09-15T08:14:19.659+0000][187][info ][gc,marking  ] GC(27) Concurrent Cleanup for Next Mark
[2025-09-15T08:14:19.662+0000][187][info ][gc,marking  ] GC(27) Concurrent Cleanup for Next Mark 3.295ms
[2025-09-15T08:14:19.662+0000][187][info ][gc          ] GC(27) Concurrent Mark Cycle 198.524ms
[2025-09-15T08:14:21.407+0000][187][info ][safepoint   ] Safepoint "Cleanup", Time since last: 1748177835 ns, Reaching safepoint: 3875 ns, Cleanup: 15666 ns, At safepoint: 5125 ns, Total: 24666 ns
[2025-09-15T08:14:23.312+0000][187][info ][safepoint   ] Safepoint "Cleanup", Time since last: 1904987293 ns, Reaching safepoint: 11333 ns, Cleanup: 266000 ns, At safepoint: 23750 ns, Total: 301083 ns
[2025-09-15T08:14:24.316+0000][187][info ][safepoint   ] Safepoint "Cleanup", Time since last: 1003836917 ns, Reaching safepoint: 46709 ns, Cleanup: 30041 ns, At safepoint: 15917 ns, Total: 92667 ns
[2025-09-15T08:14:26.318+0000][187][info ][safepoint   ] Safepoint "Cleanup", Time since last: 2001565126 ns, Reaching safepoint: 62208 ns, Cleanup: 40875 ns, At safepoint: 20167 ns, Total: 123250 ns
[2025-09-15T08:14:35.329+0000][187][info ][safepoint   ] Safepoint "Cleanup", Time since last: 9011000713 ns, Reaching safepoint: 164208 ns, Cleanup: 31458 ns, At safepoint: 14250 ns, Total: 209916 ns
[2025-09-15T08:14:39.792+0000][187][info ][safepoint   ] Safepoint "Cleanup", Time since last: 4463447836 ns, Reaching safepoint: 10958 ns, Cleanup: 17917 ns, At safepoint: 14125 ns, Total: 43000 ns
[2025-09-15T08:14:41.432+0000][187][info ][safepoint   ] Safepoint "Cleanup", Time since last: 1638920958 ns, Reaching safepoint: 29625 ns, Cleanup: 32500 ns, At safepoint: 9291 ns, Total: 71416 ns
[2025-09-15T08:14:45.437+0000][187][info ][safepoint   ] Safepoint "Cleanup", Time since last: 4004503502 ns, Reaching safepoint: 127167 ns, Cleanup: 27542 ns, At safepoint: 15958 ns, Total: 170667 ns
[2025-09-15T08:14:46.527+0000][187][info ][safepoint   ] Safepoint "Cleanup", Time since last: 1089943917 ns, Reaching safepoint: 4000 ns, Cleanup: 23584 ns, At safepoint: 4500 ns, Total: 32084 ns
[2025-09-15T08:14:48.562+0000][187][info ][safepoint   ] Safepoint "Cleanup", Time since last: 2035350876 ns, Reaching safepoint: 63000 ns, Cleanup: 17625 ns, At safepoint: 22458 ns, Total: 103083 ns
[2025-09-15T08:14:49.674+0000][187][info ][safepoint   ] Safepoint "Cleanup", Time since last: 1109852334 ns, Reaching safepoint: 1265416 ns, Cleanup: 289792 ns, At safepoint: 50000 ns, Total: 1605208 ns
[2025-09-15T08:14:51.677+0000][187][info ][safepoint   ] Safepoint "Cleanup", Time since last: 2002913126 ns, Reaching safepoint: 57250 ns, Cleanup: 40083 ns, At safepoint: 11042 ns, Total: 108375 ns
[2025-09-15T08:14:59.687+0000][187][info ][safepoint   ] Safepoint "Cleanup", Time since last: 8009730879 ns, Reaching safepoint: 210000 ns, Cleanup: 31833 ns, At safepoint: 18625 ns, Total: 260458 ns
[2025-09-15T08:15:00.689+0000][187][info ][safepoint   ] Safepoint "Cleanup", Time since last: 1001926917 ns, Reaching safepoint: 58584 ns, Cleanup: 55041 ns, At safepoint: 15209 ns, Total: 128834 ns
[2025-09-15T08:15:04.618+0000][187][info ][safepoint   ] Safepoint "Cleanup", Time since last: 3929265585 ns, Reaching safepoint: 12458 ns, Cleanup: 17375 ns, At safepoint: 57500 ns, Total: 87333 ns
[2025-09-15T08:15:05.655+0000][187][info ][safepoint   ] Safepoint "Cleanup", Time since last: 1036715917 ns, Reaching safepoint: 93584 ns, Cleanup: 68666 ns, At safepoint: 34334 ns, Total: 196584 ns
[2025-09-15T08:15:06.737+0000][187][info ][safepoint   ] Safepoint "Cleanup", Time since last: 1082268250 ns, Reaching safepoint: 28792 ns, Cleanup: 33500 ns, At safepoint: 19292 ns, Total: 81584 ns
[2025-09-15T08:15:07.738+0000][187][info ][safepoint   ] Safepoint "Cleanup", Time since last: 1000808125 ns, Reaching safepoint: 70458 ns, Cleanup: 115709 ns, At safepoint: 49958 ns, Total: 236125 ns
[2025-09-15T08:15:09.741+0000][187][info ][safepoint   ] Safepoint "Cleanup", Time since last: 2002769668 ns, Reaching safepoint: 33458 ns, Cleanup: 22208 ns, At safepoint: 6625 ns, Total: 62291 ns
[2025-09-15T08:15:11.743+0000][187][info ][safepoint   ] Safepoint "Cleanup", Time since last: 2001923417 ns, Reaching safepoint: 82667 ns, Cleanup: 21958 ns, At safepoint: 10625 ns, Total: 115250 ns
[2025-09-15T08:15:12.744+0000][187][info ][safepoint   ] Safepoint "Cleanup", Time since last: 1001145542 ns, Reaching safepoint: 94959 ns, Cleanup: 78416 ns, At safepoint: 37542 ns, Total: 210917 ns
[2025-09-15T08:15:13.746+0000][187][info ][safepoint   ] Safepoint "Cleanup", Time since last: 1001697667 ns, Reaching safepoint: 39250 ns, Cleanup: 27834 ns, At safepoint: 11750 ns, Total: 78834 ns
[2025-09-15T08:15:15.748+0000][187][info ][safepoint   ] Safepoint "Cleanup", Time since last: 2001745167 ns, Reaching safepoint: 29375 ns, Cleanup: 18375 ns, At safepoint: 8875 ns, Total: 56625 ns
[2025-09-15T08:15:16.888+0000][187][info ][safepoint   ] Safepoint "Cleanup", Time since last: 1140208751 ns, Reaching safepoint: 21958 ns, Cleanup: 189542 ns, At safepoint: 16500 ns, Total: 228000 ns
[2025-09-15T08:15:18.901+0000][187][info ][safepoint   ] Safepoint "Cleanup", Time since last: 2012474584 ns, Reaching safepoint: 53333 ns, Cleanup: 32084 ns, At safepoint: 7583 ns, Total: 93000 ns
[2025-09-15T08:15:19.904+0000][187][info ][safepoint   ] Safepoint "Cleanup", Time since last: 1003010334 ns, Reaching safepoint: 28500 ns, Cleanup: 14666 ns, At safepoint: 7250 ns, Total: 50416 ns
[2025-09-15T08:15:20.986+0000][187][info ][safepoint   ] Safepoint "Cleanup", Time since last: 1081562959 ns, Reaching safepoint: 94917 ns, Cleanup: 58083 ns, At safepoint: 22250 ns, Total: 175250 ns
[2025-09-15T08:15:23.990+0000][187][info ][safepoint   ] Safepoint "Cleanup", Time since last: 3003855460 ns, Reaching safepoint: 171375 ns, Cleanup: 143250 ns, At safepoint: 26375 ns, Total: 341000 ns
[2025-09-15T08:15:25.449+0000][187][info ][safepoint   ] Safepoint "Cleanup", Time since last: 1458728167 ns, Reaching safepoint: 35834 ns, Cleanup: 66458 ns, At safepoint: 30167 ns, Total: 132459 ns
[2025-09-15T08:15:26.483+0000][187][info ][safepoint   ] Safepoint "Cleanup", Time since last: 1034466292 ns, Reaching safepoint: 7333 ns, Cleanup: 30917 ns, At safepoint: 12583 ns, Total: 50833 ns
[2025-09-15T08:15:27.487+0000][187][info ][safepoint   ] Safepoint "Cleanup", Time since last: 1003585084 ns, Reaching safepoint: 55833 ns, Cleanup: 77750 ns, At safepoint: 21292 ns, Total: 154875 ns
[2025-09-15T08:15:29.489+0000][187][info ][safepoint   ] Safepoint "Cleanup", Time since last: 2001824793 ns, Reaching safepoint: 28750 ns, Cleanup: 23333 ns, At safepoint: 16250 ns, Total: 68333 ns
[2025-09-15T08:15:38.933+0000][187][info ][safepoint   ] Safepoint "Cleanup", Time since last: 9443303005 ns, Reaching safepoint: 160875 ns, Cleanup: 62416 ns, At safepoint: 27667 ns, Total: 250958 ns
[2025-09-15T08:15:42.941+0000][187][info ][safepoint   ] Safepoint "Cleanup", Time since last: 4007925751 ns, Reaching safepoint: 248334 ns, Cleanup: 66958 ns, At safepoint: 100500 ns, Total: 415792 ns
[2025-09-15T08:15:54.957+0000][187][info ][safepoint   ] Safepoint "Cleanup", Time since last: 12015765506 ns, Reaching safepoint: 127875 ns, Cleanup: 67625 ns, At safepoint: 25666 ns, Total: 221166 ns
[2025-09-15T08:15:56.960+0000][187][info ][safepoint   ] Safepoint "Cleanup", Time since last: 2003281460 ns, Reaching safepoint: 63166 ns, Cleanup: 83209 ns, At safepoint: 19125 ns, Total: 165500 ns
[2025-09-15T08:15:57.962+0000][187][info ][safepoint   ] Safepoint "Cleanup", Time since last: 1001289208 ns, Reaching safepoint: 49875 ns, Cleanup: 41917 ns, At safepoint: 12250 ns, Total: 104042 ns
[2025-09-15T08:16:02.969+0000][187][info ][safepoint   ] Safepoint "Cleanup", Time since last: 5006688336 ns, Reaching safepoint: 99541 ns, Cleanup: 63125 ns, At safepoint: 24625 ns, Total: 187291 ns
[2025-09-15T08:16:09.978+0000][187][info ][safepoint   ] Safepoint "Cleanup", Time since last: 7009113087 ns, Reaching safepoint: 150583 ns, Cleanup: 79167 ns, At safepoint: 32000 ns, Total: 261750 ns
[2025-09-15T08:16:11.097+0000][187][info ][safepoint   ] Safepoint "Cleanup", Time since last: 1118288584 ns, Reaching safepoint: 11708 ns, Cleanup: 23083 ns, At safepoint: 8209 ns, Total: 43000 ns
[2025-09-15T08:16:12.104+0000][187][info ][safepoint   ] Safepoint "Cleanup", Time since last: 1007153125 ns, Reaching safepoint: 65125 ns, Cleanup: 38250 ns, At safepoint: 15667 ns, Total: 119042 ns
[2025-09-15T08:16:15.107+0000][187][info ][safepoint   ] Safepoint "Cleanup", Time since last: 3002591168 ns, Reaching safepoint: 69208 ns, Cleanup: 61209 ns, At safepoint: 19416 ns, Total: 149833 ns
[2025-09-15T08:16:16.220+0000][187][info ][safepoint   ] Safepoint "Cleanup", Time since last: 1112795917 ns, Reaching safepoint: 61042 ns, Cleanup: 47375 ns, At safepoint: 30500 ns, Total: 138917 ns
[2025-09-15T08:16:20.225+0000][187][info ][safepoint   ] Safepoint "Cleanup", Time since last: 4005073085 ns, Reaching safepoint: 97167 ns, Cleanup: 41417 ns, At safepoint: 17500 ns, Total: 156084 ns
[2025-09-15T08:16:26.231+0000][187][info ][safepoint   ] Safepoint "Cleanup", Time since last: 6006003794 ns, Reaching safepoint: 139500 ns, Cleanup: 79709 ns, At safepoint: 11000 ns, Total: 230209 ns
[2025-09-15T08:16:27.232+0000][187][info ][safepoint   ] Safepoint "Cleanup", Time since last: 1001208167 ns, Reaching safepoint: 50500 ns, Cleanup: 39083 ns, At safepoint: 23708 ns, Total: 113291 ns
[2025-09-15T08:16:28.630+0000][187][info ][safepoint   ] Safepoint "Cleanup", Time since last: 1397579918 ns, Reaching safepoint: 8333 ns, Cleanup: 127792 ns, At safepoint: 14958 ns, Total: 151083 ns
[2025-09-15T08:16:29.662+0000][187][info ][safepoint   ] Safepoint "Cleanup", Time since last: 1031987875 ns, Reaching safepoint: 37709 ns, Cleanup: 30708 ns, At safepoint: 45125 ns, Total: 113542 ns
[2025-09-15T08:16:30.664+0000][187][info ][safepoint   ] Safepoint "Cleanup", Time since last: 1001323334 ns, Reaching safepoint: 93875 ns, Cleanup: 85417 ns, At safepoint: 23125 ns, Total: 202417 ns
[2025-09-15T08:16:36.673+0000][187][info ][safepoint   ] Safepoint "Cleanup", Time since last: 6008653169 ns, Reaching safepoint: 130792 ns, Cleanup: 36041 ns, At safepoint: 20125 ns, Total: 186958 ns
[2025-09-15T08:16:38.073+0000][187][info ][safepoint   ] Safepoint "Cleanup", Time since last: 1399863876 ns, Reaching safepoint: 26500 ns, Cleanup: 87750 ns, At safepoint: 13875 ns, Total: 128125 ns
[2025-09-15T08:16:39.372+0000][187][info ][safepoint   ] Safepoint "Cleanup", Time since last: 1299123001 ns, Reaching safepoint: 15666 ns, Cleanup: 47375 ns, At safepoint: 8875 ns, Total: 71916 ns
[2025-09-15T08:16:40.404+0000][187][info ][safepoint   ] Safepoint "Cleanup", Time since last: 1032043001 ns, Reaching safepoint: 8000 ns, Cleanup: 13416 ns, At safepoint: 3417 ns, Total: 24833 ns
[2025-09-15T08:16:43.489+0000][187][info ][safepoint   ] Safepoint "Cleanup", Time since last: 3083929460 ns, Reaching safepoint: 549625 ns, Cleanup: 144583 ns, At safepoint: 61542 ns, Total: 755750 ns
[2025-09-15T08:16:45.695+0000][187][info ][safepoint   ] Safepoint "ICBufferFull", Time since last: 2205831792 ns, Reaching safepoint: 16250 ns, Cleanup: 222417 ns, At safepoint: 10125 ns, Total: 248792 ns
[2025-09-15T08:16:46.823+0000][187][info ][safepoint   ] Safepoint "Cleanup", Time since last: 1127881334 ns, Reaching safepoint: 37958 ns, Cleanup: 104209 ns, At safepoint: 6416 ns, Total: 148583 ns
[2025-09-15T08:16:47.824+0000][187][info ][safepoint   ] Safepoint "Cleanup", Time since last: 1000889459 ns, Reaching safepoint: 48000 ns, Cleanup: 68708 ns, At safepoint: 14834 ns, Total: 131542 ns
[2025-09-15T08:16:48.825+0000][187][info ][safepoint   ] Safepoint "Cleanup", Time since last: 1000801834 ns, Reaching safepoint: 62500 ns, Cleanup: 37666 ns, At safepoint: 13834 ns, Total: 114000 ns
[2025-09-15T08:16:51.828+0000][187][info ][safepoint   ] Safepoint "Cleanup", Time since last: 3002736709 ns, Reaching safepoint: 37500 ns, Cleanup: 18584 ns, At safepoint: 9875 ns, Total: 65959 ns
[2025-09-15T08:16:52.829+0000][187][info ][safepoint   ] Safepoint "Cleanup", Time since last: 1000998625 ns, Reaching safepoint: 65209 ns, Cleanup: 62541 ns, At safepoint: 17250 ns, Total: 145000 ns
[2025-09-15T08:16:53.830+0000][187][info ][safepoint   ] Safepoint "Cleanup", Time since last: 1000925126 ns, Reaching safepoint: 65708 ns, Cleanup: 19750 ns, At safepoint: 13833 ns, Total: 99291 ns
[2025-09-15T08:16:54.831+0000][187][info ][safepoint   ] Safepoint "Cleanup", Time since last: 1001084418 ns, Reaching safepoint: 43666 ns, Cleanup: 32375 ns, At safepoint: 11459 ns, Total: 87500 ns
[2025-09-15T08:16:56.834+0000][187][info ][safepoint   ] Safepoint "Cleanup", Time since last: 2001921000 ns, Reaching safepoint: 617459 ns, Cleanup: 52000 ns, At safepoint: 13583 ns, Total: 683042 ns
[2025-09-15T08:16:57.835+0000][187][info ][safepoint   ] Safepoint "Cleanup", Time since last: 1001077792 ns, Reaching safepoint: 121000 ns, Cleanup: 52084 ns, At safepoint: 22916 ns, Total: 196000 ns
[2025-09-15T08:17:11.853+0000][187][info ][safepoint   ] Safepoint "Cleanup", Time since last: 14017825714 ns, Reaching safepoint: 187292 ns, Cleanup: 52375 ns, At safepoint: 19000 ns, Total: 258667 ns
[2025-09-15T08:17:17.861+0000][187][info ][safepoint   ] Safepoint "Cleanup", Time since last: 6008211420 ns, Reaching safepoint: 125833 ns, Cleanup: 34917 ns, At safepoint: 14875 ns, Total: 175625 ns
[2025-09-15T08:17:29.876+0000][187][info ][safepoint   ] Safepoint "Cleanup", Time since last: 12014550672 ns, Reaching safepoint: 192250 ns, Cleanup: 153500 ns, At safepoint: 58250 ns, Total: 404000 ns
[2025-09-15T08:17:30.884+0000][187][info ][safepoint   ] Safepoint "Cleanup", Time since last: 1007740584 ns, Reaching safepoint: 5416 ns, Cleanup: 39667 ns, At safepoint: 4667 ns, Total: 49750 ns
[2025-09-15T08:17:41.790+0000][187][info ][safepoint   ] Safepoint "Cleanup", Time since last: 10905657296 ns, Reaching safepoint: 3417 ns, Cleanup: 7375 ns, At safepoint: 7166 ns, Total: 17958 ns
[2025-09-15T08:17:45.618+0000][187][info ][safepoint   ] Safepoint "Cleanup", Time since last: 3827874294 ns, Reaching safepoint: 40083 ns, Cleanup: 26583 ns, At safepoint: 26542 ns, Total: 93208 ns
[2025-09-15T08:17:46.733+0000][187][info ][safepoint   ] Safepoint "Cleanup", Time since last: 1114327417 ns, Reaching safepoint: 7917 ns, Cleanup: 75500 ns, At safepoint: 7458 ns, Total: 90875 ns
[2025-09-15T08:17:48.745+0000][187][info ][safepoint   ] Safepoint "Cleanup", Time since last: 2011582501 ns, Reaching safepoint: 160292 ns, Cleanup: 36833 ns, At safepoint: 8209 ns, Total: 205334 ns
[2025-09-15T08:17:49.746+0000][187][info ][safepoint   ] Safepoint "Cleanup", Time since last: 1000724542 ns, Reaching safepoint: 173333 ns, Cleanup: 57542 ns, At safepoint: 15166 ns, Total: 246041 ns
[2025-09-15T08:17:56.751+0000][187][info ][safepoint   ] Safepoint "Cleanup", Time since last: 7005266337 ns, Reaching safepoint: 32083 ns, Cleanup: 18417 ns, At safepoint: 10375 ns, Total: 60875 ns
[2025-09-15T08:18:00.757+0000][187][info ][safepoint   ] Safepoint "Cleanup", Time since last: 4005792085 ns, Reaching safepoint: 26375 ns, Cleanup: 22334 ns, At safepoint: 13375 ns, Total: 62084 ns
[2025-09-15T08:18:06.763+0000][187][info ][safepoint   ] Safepoint "Cleanup", Time since last: 6005860419 ns, Reaching safepoint: 51084 ns, Cleanup: 15541 ns, At safepoint: 9209 ns, Total: 75834 ns
[2025-09-15T08:18:12.482+0000][187][info ][safepoint   ] Safepoint "Cleanup", Time since last: 5719185501 ns, Reaching safepoint: 6292 ns, Cleanup: 19958 ns, At safepoint: 12459 ns, Total: 38709 ns
[2025-09-15T08:18:13.019+0000][187][info ][gc,start    ] GC(28) Pause Young (Prepare Mixed) (G1 Evacuation Pause)
[2025-09-15T08:18:13.019+0000][187][info ][gc,task     ] GC(28) Using 8 workers of 8 for evacuation
[2025-09-15T08:18:13.019+0000][187][debug][gc,age      ] GC(28) Desired survivor size 41943040 bytes, new threshold 15 (max threshold 15)
[2025-09-15T08:18:13.075+0000][187][info ][gc,phases   ] GC(28)   Pre Evacuate Collection Set: 0.70ms
[2025-09-15T08:18:13.075+0000][187][info ][gc,phases   ] GC(28)   Merge Heap Roots: 0.46ms
[2025-09-15T08:18:13.075+0000][187][info ][gc,phases   ] GC(28)   Evacuate Collection Set: 48.60ms
[2025-09-15T08:18:13.076+0000][187][info ][gc,phases   ] GC(28)   Post Evacuate Collection Set: 6.63ms
[2025-09-15T08:18:13.076+0000][187][info ][gc,phases   ] GC(28)   Other: 0.24ms
[2025-09-15T08:18:13.076+0000][187][trace][gc,age      ] GC(28) Age table with threshold 15 (max threshold 15)
[2025-09-15T08:18:13.076+0000][187][trace][gc,age      ] GC(28) - age   1:    1372248 bytes,    1372248 total
[2025-09-15T08:18:13.076+0000][187][trace][gc,age      ] GC(28) - age   2:    1833720 bytes,    3205968 total
[2025-09-15T08:18:13.076+0000][187][trace][gc,age      ] GC(28) - age   3:     939280 bytes,    4145248 total
[2025-09-15T08:18:13.076+0000][187][trace][gc,age      ] GC(28) - age   4:      87912 bytes,    4233160 total
[2025-09-15T08:18:13.076+0000][187][trace][gc,age      ] GC(28) - age   5:    1107400 bytes,    5340560 total
[2025-09-15T08:18:13.076+0000][187][trace][gc,age      ] GC(28) - age   6:     421360 bytes,    5761920 total
[2025-09-15T08:18:13.076+0000][187][trace][gc,age      ] GC(28) - age   7:     832056 bytes,    6593976 total
[2025-09-15T08:18:13.076+0000][187][trace][gc,age      ] GC(28) - age   8:    4072264 bytes,   10666240 total
[2025-09-15T08:18:13.076+0000][187][trace][gc,age      ] GC(28) - age   9:    3458944 bytes,   14125184 total
[2025-09-15T08:18:13.076+0000][187][trace][gc,age      ] GC(28) - age  10:   16403792 bytes,   30528976 total
[2025-09-15T08:18:13.076+0000][187][trace][gc,age      ] GC(28) - age  11:         32 bytes,   30529008 total
[2025-09-15T08:18:13.076+0000][187][info ][gc,heap     ] GC(28) Eden regions: 143->0(144)
[2025-09-15T08:18:13.076+0000][187][info ][gc,heap     ] GC(28) Survivor regions: 10->9(20)
[2025-09-15T08:18:13.076+0000][187][info ][gc,heap     ] GC(28) Old regions: 29->29
[2025-09-15T08:18:13.076+0000][187][info ][gc,heap     ] GC(28) Humongous regions: 2->2
[2025-09-15T08:18:13.076+0000][187][info ][gc,metaspace] GC(28) Metaspace: 159253K(165952K)->159253K(165952K) NonClass: 137791K(141824K)->137791K(141824K) Class: 21461K(24128K)->21461K(24128K)
[2025-09-15T08:18:13.076+0000][187][info ][gc          ] GC(28) Pause Young (Prepare Mixed) (G1 Evacuation Pause) 734M->155M(1024M) 57.569ms
[2025-09-15T08:18:13.076+0000][187][info ][gc,cpu      ] GC(28) User=0.41s Sys=0.00s Real=0.06s
[2025-09-15T08:18:13.076+0000][187][info ][safepoint   ] Safepoint "G1CollectForAllocation", Time since last: 536597458 ns, Reaching safepoint: 7334 ns, Cleanup: 30750 ns, At safepoint: 57722500 ns, Total: 57760584 ns
[2025-09-15T08:18:14.078+0000][187][info ][safepoint   ] Safepoint "Cleanup", Time since last: 1001311708 ns, Reaching safepoint: 12792 ns, Cleanup: 17667 ns, At safepoint: 9791 ns, Total: 40250 ns
[2025-09-15T08:18:18.900+0000][187][info ][safepoint   ] Safepoint "Cleanup", Time since last: 4821607878 ns, Reaching safepoint: 251416 ns, Cleanup: 63542 ns, At safepoint: 30333 ns, Total: 345291 ns
[2025-09-15T08:18:24.915+0000][187][info ][safepoint   ] Safepoint "Cleanup", Time since last: 6014990837 ns, Reaching safepoint: 49625 ns, Cleanup: 16166 ns, At safepoint: 10084 ns, Total: 75875 ns
[2025-09-15T08:18:26.916+0000][187][info ][safepoint   ] Safepoint "Cleanup", Time since last: 2001650459 ns, Reaching safepoint: 28458 ns, Cleanup: 33792 ns, At safepoint: 11875 ns, Total: 74125 ns
[2025-09-15T08:18:33.458+0000][187][info ][safepoint   ] Safepoint "Cleanup", Time since last: 6542087211 ns, Reaching safepoint: 4375 ns, Cleanup: 7959 ns, At safepoint: 7166 ns, Total: 19500 ns
[2025-09-15T08:18:35.190+0000][187][info ][safepoint   ] Safepoint "Cleanup", Time since last: 1730970084 ns, Reaching safepoint: 69417 ns, Cleanup: 58167 ns, At safepoint: 16916 ns, Total: 144500 ns
[2025-09-15T08:18:41.398+0000][187][info ][safepoint   ] Safepoint "Cleanup", Time since last: 6208104253 ns, Reaching safepoint: 91833 ns, Cleanup: 46792 ns, At safepoint: 14208 ns, Total: 152833 ns
[2025-09-15T08:18:42.400+0000][187][info ][safepoint   ] Safepoint "Cleanup", Time since last: 1001602459 ns, Reaching safepoint: 72667 ns, Cleanup: 36042 ns, At safepoint: 23041 ns, Total: 131750 ns
[2025-09-15T08:18:43.401+0000][187][info ][safepoint   ] Safepoint "Cleanup", Time since last: 1000845917 ns, Reaching safepoint: 20625 ns, Cleanup: 24709 ns, At safepoint: 6541 ns, Total: 51875 ns
[2025-09-15T08:18:45.403+0000][187][info ][safepoint   ] Safepoint "Cleanup", Time since last: 2002239043 ns, Reaching safepoint: 125500 ns, Cleanup: 102542 ns, At safepoint: 9666 ns, Total: 237708 ns
[2025-09-15T08:18:46.405+0000][187][info ][safepoint   ] Safepoint "Cleanup", Time since last: 1001575751 ns, Reaching safepoint: 29708 ns, Cleanup: 33250 ns, At safepoint: 16750 ns, Total: 79708 ns
[2025-09-15T08:19:03.422+0000][187][info ][safepoint   ] Safepoint "Cleanup", Time since last: 17016929008 ns, Reaching safepoint: 103417 ns, Cleanup: 26458 ns, At safepoint: 12209 ns, Total: 142084 ns
[2025-09-15T08:19:04.423+0000][187][info ][safepoint   ] Safepoint "Cleanup", Time since last: 1001541917 ns, Reaching safepoint: 26750 ns, Cleanup: 21041 ns, At safepoint: 5542 ns, Total: 53333 ns
[2025-09-15T08:19:12.786+0000][187][info ][safepoint   ] Safepoint "Cleanup", Time since last: 8362429587 ns, Reaching safepoint: 6750 ns, Cleanup: 13875 ns, At safepoint: 7916 ns, Total: 28541 ns
[2025-09-15T08:19:14.845+0000][187][info ][safepoint   ] Safepoint "Cleanup", Time since last: 2058517335 ns, Reaching safepoint: 120791 ns, Cleanup: 71417 ns, At safepoint: 24667 ns, Total: 216875 ns
[2025-09-15T08:19:16.186+0000][187][info ][safepoint   ] Safepoint "Cleanup", Time since last: 1341159417 ns, Reaching safepoint: 14750 ns, Cleanup: 33792 ns, At safepoint: 8458 ns, Total: 57000 ns
[2025-09-15T08:19:21.199+0000][187][info ][safepoint   ] Safepoint "Cleanup", Time since last: 5012464169 ns, Reaching safepoint: 191333 ns, Cleanup: 29167 ns, At safepoint: 11208 ns, Total: 231708 ns
[2025-09-15T08:19:36.534+0000][187][info ][safepoint   ] Safepoint "Cleanup", Time since last: 15334713466 ns, Reaching safepoint: 41083 ns, Cleanup: 18000 ns, At safepoint: 9042 ns, Total: 68125 ns
[2025-09-15T08:19:37.551+0000][187][info ][safepoint   ] Safepoint "Cleanup", Time since last: 1017361501 ns, Reaching safepoint: 16208 ns, Cleanup: 37917 ns, At safepoint: 13208 ns, Total: 67333 ns
[2025-09-15T08:19:44.560+0000][187][info ][safepoint   ] Safepoint "Cleanup", Time since last: 7008786044 ns, Reaching safepoint: 87000 ns, Cleanup: 81667 ns, At safepoint: 20708 ns, Total: 189375 ns
[2025-09-15T08:19:45.562+0000][187][info ][safepoint   ] Safepoint "Cleanup", Time since last: 1002407959 ns, Reaching safepoint: 47125 ns, Cleanup: 30791 ns, At safepoint: 16042 ns, Total: 93958 ns
[2025-09-15T08:19:48.566+0000][187][info ][safepoint   ] Safepoint "Cleanup", Time since last: 3003742501 ns, Reaching safepoint: 45917 ns, Cleanup: 30333 ns, At safepoint: 12625 ns, Total: 88875 ns
[2025-09-15T08:19:56.575+0000][187][info ][safepoint   ] Safepoint "Cleanup", Time since last: 8008483754 ns, Reaching safepoint: 384125 ns, Cleanup: 43042 ns, At safepoint: 13708 ns, Total: 440875 ns
[2025-09-15T08:19:57.577+0000][187][info ][safepoint   ] Safepoint "Cleanup", Time since last: 1001775709 ns, Reaching safepoint: 160625 ns, Cleanup: 35833 ns, At safepoint: 12834 ns, Total: 209292 ns
[2025-09-15T08:19:58.578+0000][187][info ][safepoint   ] Safepoint "Cleanup", Time since last: 1001609042 ns, Reaching safepoint: 29583 ns, Cleanup: 20417 ns, At safepoint: 9417 ns, Total: 59417 ns
[2025-09-15T08:19:59.579+0000][187][info ][safepoint   ] Safepoint "Cleanup", Time since last: 1000902625 ns, Reaching safepoint: 51458 ns, Cleanup: 28500 ns, At safepoint: 14375 ns, Total: 94333 ns
[2025-09-15T08:20:17.598+0000][187][info ][safepoint   ] Safepoint "Cleanup", Time since last: 18017821842 ns, Reaching safepoint: 270958 ns, Cleanup: 61917 ns, At safepoint: 27875 ns, Total: 360750 ns
[2025-09-15T08:20:24.610+0000][187][info ][safepoint   ] Safepoint "Cleanup", Time since last: 7011887211 ns, Reaching safepoint: 79000 ns, Cleanup: 18542 ns, At safepoint: 11625 ns, Total: 109167 ns
[2025-09-15T08:20:26.613+0000][187][info ][safepoint   ] Safepoint "Cleanup", Time since last: 2002659084 ns, Reaching safepoint: 137125 ns, Cleanup: 29542 ns, At safepoint: 11083 ns, Total: 177750 ns
[2025-09-15T08:20:39.515+0000][187][info ][safepoint   ] Safepoint "Cleanup", Time since last: 12901499131 ns, Reaching safepoint: 5834 ns, Cleanup: 9916 ns, At safepoint: 2209 ns, Total: 17959 ns
[2025-09-15T08:20:40.541+0000][187][info ][safepoint   ] Safepoint "Cleanup", Time since last: 1025719375 ns, Reaching safepoint: 20250 ns, Cleanup: 26166 ns, At safepoint: 8250 ns, Total: 54666 ns
[2025-09-15T08:20:44.593+0000][187][info ][safepoint   ] Safepoint "Cleanup", Time since last: 4051447044 ns, Reaching safepoint: 45042 ns, Cleanup: 22083 ns, At safepoint: 14000 ns, Total: 81125 ns
[2025-09-15T08:20:45.599+0000][187][info ][safepoint   ] Safepoint "Cleanup", Time since last: 1004611875 ns, Reaching safepoint: 70375 ns, Cleanup: 1462959 ns, At safepoint: 18708 ns, Total: 1552042 ns
[2025-09-15T08:20:47.602+0000][187][info ][safepoint   ] Safepoint "Cleanup", Time since last: 2002935751 ns, Reaching safepoint: 233875 ns, Cleanup: 42167 ns, At safepoint: 21291 ns, Total: 297333 ns
[2025-09-15T08:20:49.605+0000][187][info ][safepoint   ] Safepoint "Cleanup", Time since last: 2003042043 ns, Reaching safepoint: 38042 ns, Cleanup: 24916 ns, At safepoint: 11084 ns, Total: 74042 ns
[2025-09-15T08:20:54.609+0000][187][info ][safepoint   ] Safepoint "Cleanup", Time since last: 5003636585 ns, Reaching safepoint: 32625 ns, Cleanup: 10625 ns, At safepoint: 6042 ns, Total: 49292 ns
[2025-09-15T08:20:56.613+0000][187][info ][safepoint   ] Safepoint "Cleanup", Time since last: 2003811293 ns, Reaching safepoint: 22666 ns, Cleanup: 15167 ns, At safepoint: 15667 ns, Total: 53500 ns
[2025-09-15T08:20:59.616+0000][187][info ][safepoint   ] Safepoint "Cleanup", Time since last: 3002943584 ns, Reaching safepoint: 74292 ns, Cleanup: 49000 ns, At safepoint: 27042 ns, Total: 150334 ns
[2025-09-15T08:21:00.617+0000][187][info ][safepoint   ] Safepoint "Cleanup", Time since last: 1001191042 ns, Reaching safepoint: 76042 ns, Cleanup: 49208 ns, At safepoint: 20542 ns, Total: 145792 ns
[2025-09-15T08:21:24.643+0000][187][info ][safepoint   ] Safepoint "Cleanup", Time since last: 24024716843 ns, Reaching safepoint: 828875 ns, Cleanup: 67917 ns, At safepoint: 31500 ns, Total: 928292 ns
[2025-09-15T08:21:34.656+0000][187][info ][safepoint   ] Safepoint "Cleanup", Time since last: 10013095588 ns, Reaching safepoint: 291625 ns, Cleanup: 36500 ns, At safepoint: 7125 ns, Total: 335250 ns
[2025-09-15T08:21:37.660+0000][187][info ][safepoint   ] Safepoint "Cleanup", Time since last: 3003510752 ns, Reaching safepoint: 34958 ns, Cleanup: 18375 ns, At safepoint: 11083 ns, Total: 64416 ns
[2025-09-15T08:21:42.494+0000][187][info ][safepoint   ] Safepoint "Cleanup", Time since last: 4833476043 ns, Reaching safepoint: 4375 ns, Cleanup: 8292 ns, At safepoint: 6833 ns, Total: 19500 ns
[2025-09-15T08:21:43.726+0000][187][info ][safepoint   ] Safepoint "Cleanup", Time since last: 1231746001 ns, Reaching safepoint: 19292 ns, Cleanup: 21833 ns, At safepoint: 12917 ns, Total: 54042 ns
[2025-09-15T08:21:52.733+0000][187][info ][safepoint   ] Safepoint "Cleanup", Time since last: 9007527254 ns, Reaching safepoint: 118541 ns, Cleanup: 32792 ns, At safepoint: 12792 ns, Total: 164125 ns
[2025-09-15T08:21:54.735+0000][187][info ][safepoint   ] Safepoint "Cleanup", Time since last: 2001893209 ns, Reaching safepoint: 16958 ns, Cleanup: 14709 ns, At safepoint: 6666 ns, Total: 38333 ns
[2025-09-15T08:21:56.737+0000][187][info ][safepoint   ] Safepoint "Cleanup", Time since last: 2002020710 ns, Reaching safepoint: 22083 ns, Cleanup: 30917 ns, At safepoint: 7166 ns, Total: 60166 ns
[2025-09-15T08:21:57.738+0000][187][info ][safepoint   ] Safepoint "Cleanup", Time since last: 1000649334 ns, Reaching safepoint: 59792 ns, Cleanup: 22917 ns, At safepoint: 10708 ns, Total: 93417 ns
[2025-09-15T08:21:59.741+0000][187][info ][safepoint   ] Safepoint "Cleanup", Time since last: 2002593709 ns, Reaching safepoint: 259417 ns, Cleanup: 39333 ns, At safepoint: 22125 ns, Total: 320875 ns
[2025-09-15T08:22:11.917+0000][187][info ][safepoint   ] Safepoint "Cleanup", Time since last: 12176053256 ns, Reaching safepoint: 5250 ns, Cleanup: 62125 ns, At safepoint: 5458 ns, Total: 72833 ns
[2025-09-15T08:22:13.809+0000][187][info ][safepoint   ] Safepoint "Cleanup", Time since last: 1891275668 ns, Reaching safepoint: 13250 ns, Cleanup: 102083 ns, At safepoint: 12083 ns, Total: 127416 ns
[2025-09-15T08:22:22.586+0000][187][info ][safepoint   ] Safepoint "Cleanup", Time since last: 8777469963 ns, Reaching safepoint: 19958 ns, Cleanup: 21292 ns, At safepoint: 6916 ns, Total: 48166 ns
[2025-09-15T08:22:24.314+0000][187][info ][safepoint   ] Safepoint "Cleanup", Time since last: 1727331460 ns, Reaching safepoint: 11208 ns, Cleanup: 197583 ns, At safepoint: 14667 ns, Total: 223458 ns
[2025-09-15T08:22:25.167+0000][187][info ][gc,heap,exit] Heap
[2025-09-15T08:22:25.167+0000][187][info ][gc,heap,exit]  garbage-first heap   total reserved 1048576K, committed 1048576K, used 643316K [0x00000000c0000000, 0x0000000100000000)
[2025-09-15T08:22:25.167+0000][187][info ][gc,heap,exit]   region size 4096K, 128 young (524288K), 9 survivors (36864K)
[2025-09-15T08:22:25.167+0000][187][info ][gc,heap,exit]  Metaspace       used 159754K, committed 165952K, reserved 1245184K
[2025-09-15T08:22:25.167+0000][187][info ][gc,heap,exit]   class space    used 21540K, committed 24128K, reserved 1048576K
