[2025-08-25T08:31:20.195+0000][121][info][gc,init] CardTable entry size: 512
[2025-08-25T08:31:20.196+0000][121][info][gc     ] Using G1
[2025-08-25T08:31:20.485+0000][121][info][gc,init] Version: 22.0.1+8-16 (release)
[2025-08-25T08:31:20.485+0000][121][info][gc,init] CPUs: 8 total, 8 available
[2025-08-25T08:31:20.485+0000][121][info][gc,init] Memory: 7837M
[2025-08-25T08:31:20.485+0000][121][info][gc,init] Large Page Support: Disabled
[2025-08-25T08:31:20.485+0000][121][info][gc,init] NUMA Support: Disabled
[2025-08-25T08:31:20.485+0000][121][info][gc,init] Compressed Oops: Enabled (32-bit)
[2025-08-25T08:31:20.485+0000][121][info][gc,init] Heap Region Size: 4M
[2025-08-25T08:31:20.486+0000][121][info][gc,init] Heap Min Capacity: 1G
[2025-08-25T08:31:20.486+0000][121][info][gc,init] Heap Initial Capacity: 1G
[2025-08-25T08:31:20.486+0000][121][info][gc,init] Heap Max Capacity: 1G
[2025-08-25T08:31:20.486+0000][121][info][gc,init] Pre-touch: Enabled
[2025-08-25T08:31:20.486+0000][121][info][gc,init] Parallel Workers: 8
[2025-08-25T08:31:20.486+0000][121][info][gc,init] Concurrent Workers: 2
[2025-08-25T08:31:20.486+0000][121][info][gc,init] Concurrent Refinement Workers: 8
[2025-08-25T08:31:20.486+0000][121][info][gc,init] Periodic GC: Disabled
[2025-08-25T08:31:20.500+0000][121][info][gc,metaspace] CDS archive(s) mapped at: [0x000000f000000000-0x000000f000c80000-0x000000f000c80000), size 13107200, SharedBaseAddress: 0x000000f000000000, ArchiveRelocationMode: 1.
[2025-08-25T08:31:20.500+0000][121][info][gc,metaspace] Compressed class space mapped at: 0x000000f001000000-0x000000f041000000, reserved size: 1073741824
[2025-08-25T08:31:20.500+0000][121][info][gc,metaspace] Narrow klass base: 0x000000f000000000, Narrow klass shift: 0, Narrow klass range: 0x100000000
[2025-08-25T08:31:20.603+0000][121][info][safepoint   ] Safepoint "ICBufferFull", Time since last: 99014208 ns, Reaching safepoint: 7000 ns, Cleanup: 51084 ns, At safepoint: 2500 ns, Total: 60584 ns
[2025-08-25T08:31:20.713+0000][121][info][safepoint   ] Safepoint "ICBufferFull", Time since last: 109438333 ns, Reaching safepoint: 2042 ns, Cleanup: 50625 ns, At safepoint: 7250 ns, Total: 59917 ns
[2025-08-25T08:31:20.798+0000][121][info][safepoint   ] Safepoint "ICBufferFull", Time since last: 84885125 ns, Reaching safepoint: 1958 ns, Cleanup: 60292 ns, At safepoint: 7458 ns, Total: 69708 ns
[2025-08-25T08:31:20.888+0000][121][info][safepoint   ] Safepoint "ICBufferFull", Time since last: 90593209 ns, Reaching safepoint: 2583 ns, Cleanup: 110583 ns, At safepoint: 8542 ns, Total: 121708 ns
[2025-08-25T08:31:20.890+0000][121][info][gc,start    ] GC(0) Pause Young (Normal) (G1 Evacuation Pause)
[2025-08-25T08:31:20.890+0000][121][info][gc,task     ] GC(0) Using 8 workers of 8 for evacuation
[2025-08-25T08:31:20.890+0000][121][debug][gc,age      ] GC(0) Desired survivor size 4194304 bytes, new threshold 15 (max threshold 15)
[2025-08-25T08:31:20.893+0000][121][info ][gc,phases   ] GC(0)   Pre Evacuate Collection Set: 0.28ms
[2025-08-25T08:31:20.893+0000][121][info ][gc,phases   ] GC(0)   Merge Heap Roots: 0.22ms
[2025-08-25T08:31:20.893+0000][121][info ][gc,phases   ] GC(0)   Evacuate Collection Set: 2.21ms
[2025-08-25T08:31:20.893+0000][121][info ][gc,phases   ] GC(0)   Post Evacuate Collection Set: 0.35ms
[2025-08-25T08:31:20.893+0000][121][info ][gc,phases   ] GC(0)   Other: 0.16ms
[2025-08-25T08:31:20.893+0000][121][trace][gc,age      ] GC(0) Age table with threshold 15 (max threshold 15)
[2025-08-25T08:31:20.894+0000][121][trace][gc,age      ] GC(0) - age   1:    4675664 bytes,    4675664 total
[2025-08-25T08:31:20.894+0000][121][info ][gc,heap     ] GC(0) Eden regions: 12->0(22)
[2025-08-25T08:31:20.894+0000][121][info ][gc,heap     ] GC(0) Survivor regions: 0->2(2)
[2025-08-25T08:31:20.894+0000][121][info ][gc,heap     ] GC(0) Old regions: 1->1
[2025-08-25T08:31:20.894+0000][121][info ][gc,heap     ] GC(0) Humongous regions: 0->0
[2025-08-25T08:31:20.894+0000][121][info ][gc,metaspace] GC(0) Metaspace: 7258K(7488K)->7258K(7488K) NonClass: 6390K(6528K)->6390K(6528K) Class: 867K(960K)->867K(960K)
[2025-08-25T08:31:20.894+0000][121][info ][gc          ] GC(0) Pause Young (Normal) (G1 Evacuation Pause) 49M->5M(1024M) 4.377ms
[2025-08-25T08:31:20.894+0000][121][info ][gc,cpu      ] GC(0) User=0.01s Sys=0.00s Real=0.00s
[2025-08-25T08:31:20.894+0000][121][info ][safepoint   ] Safepoint "G1CollectForAllocation", Time since last: 1197208 ns, Reaching safepoint: 1250 ns, Cleanup: 3042 ns, At safepoint: 4581083 ns, Total: 4585375 ns
[2025-08-25T08:31:21.022+0000][121][info ][safepoint   ] Safepoint "ICBufferFull", Time since last: 127836167 ns, Reaching safepoint: 2250 ns, Cleanup: 73458 ns, At safepoint: 10209 ns, Total: 85917 ns
[2025-08-25T08:31:21.148+0000][121][info ][safepoint   ] Safepoint "ICBufferFull", Time since last: 125807666 ns, Reaching safepoint: 2542 ns, Cleanup: 77417 ns, At safepoint: 11791 ns, Total: 91750 ns
[2025-08-25T08:31:21.272+0000][121][info ][safepoint   ] Safepoint "ICBufferFull", Time since last: 123438125 ns, Reaching safepoint: 2084 ns, Cleanup: 101750 ns, At safepoint: 3458 ns, Total: 107292 ns
[2025-08-25T08:31:21.742+0000][121][info ][safepoint   ] Safepoint "ICBufferFull", Time since last: 469861292 ns, Reaching safepoint: 2542 ns, Cleanup: 74250 ns, At safepoint: 8791 ns, Total: 85583 ns
[2025-08-25T08:31:21.874+0000][121][info ][safepoint   ] Safepoint "ICBufferFull", Time since last: 132123459 ns, Reaching safepoint: 403666 ns, Cleanup: 74584 ns, At safepoint: 24250 ns, Total: 502500 ns
[2025-08-25T08:31:21.986+0000][121][info ][safepoint   ] Safepoint "ICBufferFull", Time since last: 111329125 ns, Reaching safepoint: 13708 ns, Cleanup: 62375 ns, At safepoint: 4083 ns, Total: 80166 ns
[2025-08-25T08:31:22.063+0000][121][info ][gc,start    ] GC(1) Pause Young (Normal) (G1 Evacuation Pause)
[2025-08-25T08:31:22.063+0000][121][info ][gc,task     ] GC(1) Using 8 workers of 8 for evacuation
[2025-08-25T08:31:22.063+0000][121][debug][gc,age      ] GC(1) Desired survivor size 6291456 bytes, new threshold 15 (max threshold 15)
[2025-08-25T08:31:22.072+0000][121][info ][gc,phases   ] GC(1)   Pre Evacuate Collection Set: 0.14ms
[2025-08-25T08:31:22.072+0000][121][info ][gc,phases   ] GC(1)   Merge Heap Roots: 0.04ms
[2025-08-25T08:31:22.072+0000][121][info ][gc,phases   ] GC(1)   Evacuate Collection Set: 6.69ms
[2025-08-25T08:31:22.072+0000][121][info ][gc,phases   ] GC(1)   Post Evacuate Collection Set: 1.76ms
[2025-08-25T08:31:22.072+0000][121][info ][gc,phases   ] GC(1)   Other: 0.16ms
[2025-08-25T08:31:22.072+0000][121][trace][gc,age      ] GC(1) Age table with threshold 15 (max threshold 15)
[2025-08-25T08:31:22.072+0000][121][trace][gc,age      ] GC(1) - age   1:    4973608 bytes,    4973608 total
[2025-08-25T08:31:22.072+0000][121][trace][gc,age      ] GC(1) - age   2:    4604136 bytes,    9577744 total
[2025-08-25T08:31:22.072+0000][121][info ][gc,heap     ] GC(1) Eden regions: 22->0(40)
[2025-08-25T08:31:22.072+0000][121][info ][gc,heap     ] GC(1) Survivor regions: 2->3(3)
[2025-08-25T08:31:22.072+0000][121][info ][gc,heap     ] GC(1) Old regions: 1->1
[2025-08-25T08:31:22.072+0000][121][info ][gc,heap     ] GC(1) Humongous regions: 0->0
[2025-08-25T08:31:22.072+0000][121][info ][gc,metaspace] GC(1) Metaspace: 20182K(20800K)->20182K(20800K) NonClass: 17864K(18240K)->17864K(18240K) Class: 2317K(2560K)->2317K(2560K)
[2025-08-25T08:31:22.072+0000][121][info ][gc          ] GC(1) Pause Young (Normal) (G1 Evacuation Pause) 93M->11M(1024M) 9.318ms
[2025-08-25T08:31:22.072+0000][121][info ][gc,cpu      ] GC(1) User=0.04s Sys=0.00s Real=0.01s
[2025-08-25T08:31:22.072+0000][121][info ][safepoint   ] Safepoint "G1CollectForAllocation", Time since last: 77149542 ns, Reaching safepoint: 2667 ns, Cleanup: 49750 ns, At safepoint: 9426916 ns, Total: 9479333 ns
[2025-08-25T08:31:22.146+0000][121][info ][gc,start    ] GC(2) Pause Young (Concurrent Start) (Metadata GC Threshold)
[2025-08-25T08:31:22.146+0000][121][info ][gc,task     ] GC(2) Using 8 workers of 8 for evacuation
[2025-08-25T08:31:22.146+0000][121][debug][gc,age      ] GC(2) Desired survivor size 12582912 bytes, new threshold 15 (max threshold 15)
[2025-08-25T08:31:22.150+0000][121][info ][gc,phases   ] GC(2)   Pre Evacuate Collection Set: 0.12ms
[2025-08-25T08:31:22.150+0000][121][info ][gc,phases   ] GC(2)   Merge Heap Roots: 0.02ms
[2025-08-25T08:31:22.150+0000][121][info ][gc,phases   ] GC(2)   Evacuate Collection Set: 2.72ms
[2025-08-25T08:31:22.150+0000][121][info ][gc,phases   ] GC(2)   Post Evacuate Collection Set: 0.60ms
[2025-08-25T08:31:22.150+0000][121][info ][gc,phases   ] GC(2)   Other: 0.23ms
[2025-08-25T08:31:22.150+0000][121][trace][gc,age      ] GC(2) Age table with threshold 15 (max threshold 15)
[2025-08-25T08:31:22.150+0000][121][trace][gc,age      ] GC(2) - age   1:     503624 bytes,     503624 total
[2025-08-25T08:31:22.150+0000][121][trace][gc,age      ] GC(2) - age   2:    4061216 bytes,    4564840 total
[2025-08-25T08:31:22.150+0000][121][trace][gc,age      ] GC(2) - age   3:    4588408 bytes,    9153248 total
[2025-08-25T08:31:22.150+0000][121][info ][gc,heap     ] GC(2) Eden regions: 6->0(81)
[2025-08-25T08:31:22.150+0000][121][info ][gc,heap     ] GC(2) Survivor regions: 3->3(6)
[2025-08-25T08:31:22.150+0000][121][info ][gc,heap     ] GC(2) Old regions: 1->1
[2025-08-25T08:31:22.150+0000][121][info ][gc,heap     ] GC(2) Humongous regions: 0->0
[2025-08-25T08:31:22.151+0000][121][info ][gc,metaspace] GC(2) Metaspace: 20889K(21504K)->20889K(21504K) NonClass: 18462K(18816K)->18462K(18816K) Class: 2427K(2688K)->2427K(2688K)
[2025-08-25T08:31:22.151+0000][121][info ][gc          ] GC(2) Pause Young (Concurrent Start) (Metadata GC Threshold) 32M->10M(1024M) 4.662ms
[2025-08-25T08:31:22.151+0000][121][info ][gc,cpu      ] GC(2) User=0.02s Sys=0.00s Real=0.01s
[2025-08-25T08:31:22.151+0000][121][info ][gc          ] GC(3) Concurrent Mark Cycle
[2025-08-25T08:31:22.151+0000][121][info ][gc,marking  ] GC(3) Concurrent Scan Root Regions
[2025-08-25T08:31:22.151+0000][121][info ][safepoint   ] Safepoint "CollectForMetadataAllocation", Time since last: 73575084 ns, Reaching safepoint: 2792 ns, Cleanup: 79500 ns, At safepoint: 4848333 ns, Total: 4930625 ns
[2025-08-25T08:31:22.152+0000][121][info ][gc,marking  ] GC(3) Concurrent Scan Root Regions 1.700ms
[2025-08-25T08:31:22.155+0000][121][info ][gc,marking  ] GC(3) Concurrent Mark
[2025-08-25T08:31:22.155+0000][121][info ][gc,marking  ] GC(3) Concurrent Mark From Roots
[2025-08-25T08:31:22.158+0000][121][info ][gc,task     ] GC(3) Using 2 workers of 2 for marking
[2025-08-25T08:31:22.159+0000][121][info ][gc,marking  ] GC(3) Concurrent Mark From Roots 3.455ms
[2025-08-25T08:31:22.159+0000][121][info ][gc,marking  ] GC(3) Concurrent Preclean
[2025-08-25T08:31:22.159+0000][121][info ][gc,marking  ] GC(3) Concurrent Preclean 0.066ms
[2025-08-25T08:31:22.159+0000][121][info ][gc,start    ] GC(3) Pause Remark
[2025-08-25T08:31:22.161+0000][121][info ][gc          ] GC(3) Pause Remark 13M->13M(1024M) 1.933ms
[2025-08-25T08:31:22.161+0000][121][info ][gc,cpu      ] GC(3) User=0.01s Sys=0.00s Real=0.00s
[2025-08-25T08:31:22.161+0000][121][info ][safepoint   ] Safepoint "G1PauseRemark", Time since last: 8056375 ns, Reaching safepoint: 289292 ns, Cleanup: 13625 ns, At safepoint: 2057833 ns, Total: 2360750 ns
[2025-08-25T08:31:22.166+0000][121][info ][gc,marking  ] GC(3) Concurrent Mark 10.697ms
[2025-08-25T08:31:22.167+0000][121][info ][gc,marking  ] GC(3) Concurrent Rebuild Remembered Sets and Scrub Regions
[2025-08-25T08:31:22.168+0000][121][info ][gc,marking  ] GC(3) Concurrent Rebuild Remembered Sets and Scrub Regions 0.802ms
[2025-08-25T08:31:22.170+0000][121][info ][gc,start    ] GC(3) Pause Cleanup
[2025-08-25T08:31:22.170+0000][121][info ][gc          ] GC(3) Pause Cleanup 16M->16M(1024M) 0.203ms
[2025-08-25T08:31:22.170+0000][121][info ][gc,cpu      ] GC(3) User=0.00s Sys=0.00s Real=0.00s
[2025-08-25T08:31:22.170+0000][121][info ][safepoint   ] Safepoint "G1PauseCleanup", Time since last: 7955542 ns, Reaching safepoint: 992000 ns, Cleanup: 10250 ns, At safepoint: 348250 ns, Total: 1350500 ns
[2025-08-25T08:31:22.174+0000][121][info ][gc,marking  ] GC(3) Concurrent Clear Claimed Marks
[2025-08-25T08:31:22.175+0000][121][info ][gc,marking  ] GC(3) Concurrent Clear Claimed Marks 1.055ms
[2025-08-25T08:31:22.176+0000][121][info ][gc,marking  ] GC(3) Concurrent Cleanup for Next Mark
[2025-08-25T08:31:22.206+0000][121][info ][gc,marking  ] GC(3) Concurrent Cleanup for Next Mark 30.590ms
[2025-08-25T08:31:22.207+0000][121][info ][gc          ] GC(3) Concurrent Mark Cycle 55.958ms
[2025-08-25T08:31:22.292+0000][121][info ][safepoint   ] Safepoint "ICBufferFull", Time since last: 121076291 ns, Reaching safepoint: 2792 ns, Cleanup: 103625 ns, At safepoint: 6792 ns, Total: 113209 ns
[2025-08-25T08:31:22.579+0000][121][info ][safepoint   ] Safepoint "ICBufferFull", Time since last: 286622875 ns, Reaching safepoint: 10458 ns, Cleanup: 713875 ns, At safepoint: 36125 ns, Total: 760458 ns
[2025-08-25T08:31:22.733+0000][121][info ][safepoint   ] Safepoint "ICBufferFull", Time since last: 153546000 ns, Reaching safepoint: 2917 ns, Cleanup: 92625 ns, At safepoint: 5833 ns, Total: 101375 ns
[2025-08-25T08:31:22.940+0000][121][info ][safepoint   ] Safepoint "ICBufferFull", Time since last: 206498500 ns, Reaching safepoint: 6000 ns, Cleanup: 809042 ns, At safepoint: 29250 ns, Total: 844292 ns
[2025-08-25T08:31:23.110+0000][121][info ][safepoint   ] Safepoint "ICBufferFull", Time since last: 169575792 ns, Reaching safepoint: 516666 ns, Cleanup: 97584 ns, At safepoint: 16500 ns, Total: 630750 ns
[2025-08-25T08:31:23.194+0000][121][info ][gc,start    ] GC(4) Pause Young (Prepare Mixed) (G1 Evacuation Pause)
[2025-08-25T08:31:23.194+0000][121][info ][gc,task     ] GC(4) Using 8 workers of 8 for evacuation
[2025-08-25T08:31:23.194+0000][121][debug][gc,age      ] GC(4) Desired survivor size 23068672 bytes, new threshold 15 (max threshold 15)
[2025-08-25T08:31:23.213+0000][121][info ][gc,phases   ] GC(4)   Pre Evacuate Collection Set: 0.21ms
[2025-08-25T08:31:23.213+0000][121][info ][gc,phases   ] GC(4)   Merge Heap Roots: 0.11ms
[2025-08-25T08:31:23.213+0000][121][info ][gc,phases   ] GC(4)   Evacuate Collection Set: 17.64ms
[2025-08-25T08:31:23.213+0000][121][info ][gc,phases   ] GC(4)   Post Evacuate Collection Set: 0.92ms
[2025-08-25T08:31:23.213+0000][121][info ][gc,phases   ] GC(4)   Other: 0.15ms
[2025-08-25T08:31:23.213+0000][121][trace][gc,age      ] GC(4) Age table with threshold 15 (max threshold 15)
[2025-08-25T08:31:23.213+0000][121][trace][gc,age      ] GC(4) - age   1:    6834344 bytes,    6834344 total
[2025-08-25T08:31:23.213+0000][121][trace][gc,age      ] GC(4) - age   2:     423608 bytes,    7257952 total
[2025-08-25T08:31:23.213+0000][121][trace][gc,age      ] GC(4) - age   3:    4028256 bytes,   11286208 total
[2025-08-25T08:31:23.213+0000][121][trace][gc,age      ] GC(4) - age   4:    4587312 bytes,   15873520 total
[2025-08-25T08:31:23.213+0000][121][info ][gc,heap     ] GC(4) Eden regions: 81->0(148)
[2025-08-25T08:31:23.213+0000][121][info ][gc,heap     ] GC(4) Survivor regions: 3->5(11)
[2025-08-25T08:31:23.213+0000][121][info ][gc,heap     ] GC(4) Old regions: 1->1
[2025-08-25T08:31:23.213+0000][121][info ][gc,heap     ] GC(4) Humongous regions: 0->0
[2025-08-25T08:31:23.213+0000][121][info ][gc,metaspace] GC(4) Metaspace: 29005K(29824K)->29005K(29824K) NonClass: 25657K(26112K)->25657K(26112K) Class: 3347K(3712K)->3347K(3712K)
[2025-08-25T08:31:23.214+0000][121][info ][gc          ] GC(4) Pause Young (Prepare Mixed) (G1 Evacuation Pause) 334M->17M(1024M) 19.647ms
[2025-08-25T08:31:23.214+0000][121][info ][gc,cpu      ] GC(4) User=0.06s Sys=0.01s Real=0.02s
[2025-08-25T08:31:23.214+0000][121][info ][safepoint   ] Safepoint "G1CollectForAllocation", Time since last: 83542250 ns, Reaching safepoint: 3166 ns, Cleanup: 52917 ns, At safepoint: 19751958 ns, Total: 19808041 ns
[2025-08-25T08:31:23.410+0000][121][info ][safepoint   ] Safepoint "ICBufferFull", Time since last: 195797709 ns, Reaching safepoint: 793166 ns, Cleanup: 204084 ns, At safepoint: 12500 ns, Total: 1009750 ns
[2025-08-25T08:31:23.657+0000][121][info ][safepoint   ] Safepoint "ICBufferFull", Time since last: 246137250 ns, Reaching safepoint: 2417 ns, Cleanup: 67833 ns, At safepoint: 3250 ns, Total: 73500 ns
[2025-08-25T08:31:24.010+0000][121][info ][safepoint   ] Safepoint "ICBufferFull", Time since last: 352688583 ns, Reaching safepoint: 838459 ns, Cleanup: 102500 ns, At safepoint: 20000 ns, Total: 960959 ns
[2025-08-25T08:31:24.156+0000][121][info ][gc,start    ] GC(5) Pause Young (Mixed) (Metadata GC Threshold)
[2025-08-25T08:31:24.157+0000][121][info ][gc,task     ] GC(5) Using 8 workers of 8 for evacuation
[2025-08-25T08:31:24.157+0000][121][debug][gc,age      ] GC(5) Desired survivor size 41943040 bytes, new threshold 15 (max threshold 15)
[2025-08-25T08:31:24.179+0000][121][info ][gc,phases   ] GC(5)   Pre Evacuate Collection Set: 0.28ms
[2025-08-25T08:31:24.179+0000][121][info ][gc,phases   ] GC(5)   Merge Heap Roots: 0.27ms
[2025-08-25T08:31:24.179+0000][121][info ][gc,phases   ] GC(5)   Evacuate Collection Set: 19.88ms
[2025-08-25T08:31:24.179+0000][121][info ][gc,phases   ] GC(5)   Post Evacuate Collection Set: 1.66ms
[2025-08-25T08:31:24.179+0000][121][info ][gc,phases   ] GC(5)   Other: 0.46ms
[2025-08-25T08:31:24.179+0000][121][trace][gc,age      ] GC(5) Age table with threshold 15 (max threshold 15)
[2025-08-25T08:31:24.179+0000][121][trace][gc,age      ] GC(5) - age   1:    8183200 bytes,    8183200 total
[2025-08-25T08:31:24.180+0000][121][trace][gc,age      ] GC(5) - age   2:    5942264 bytes,   14125464 total
[2025-08-25T08:31:24.180+0000][121][trace][gc,age      ] GC(5) - age   3:     423488 bytes,   14548952 total
[2025-08-25T08:31:24.180+0000][121][trace][gc,age      ] GC(5) - age   4:    4026592 bytes,   18575544 total
[2025-08-25T08:31:24.180+0000][121][trace][gc,age      ] GC(5) - age   5:    4587184 bytes,   23162728 total
[2025-08-25T08:31:24.180+0000][121][info ][gc,heap     ] GC(5) Eden regions: 131->0(147)
[2025-08-25T08:31:24.180+0000][121][info ][gc,heap     ] GC(5) Survivor regions: 5->6(20)
[2025-08-25T08:31:24.180+0000][121][info ][gc,heap     ] GC(5) Old regions: 1->1
[2025-08-25T08:31:24.180+0000][121][info ][gc,heap     ] GC(5) Humongous regions: 0->0
[2025-08-25T08:31:24.180+0000][121][info ][gc,metaspace] GC(5) Metaspace: 35397K(36288K)->35397K(36288K) NonClass: 31308K(31808K)->31308K(31808K) Class: 4089K(4480K)->4089K(4480K)
[2025-08-25T08:31:24.180+0000][121][info ][gc          ] GC(5) Pause Young (Mixed) (Metadata GC Threshold) 539M->24M(1024M) 23.407ms
[2025-08-25T08:31:24.180+0000][121][info ][gc,cpu      ] GC(5) User=0.10s Sys=0.00s Real=0.02s
[2025-08-25T08:31:24.180+0000][121][info ][safepoint   ] Safepoint "CollectForMetadataAllocation", Time since last: 146060208 ns, Reaching safepoint: 2458 ns, Cleanup: 53250 ns, At safepoint: 23597750 ns, Total: 23653458 ns
[2025-08-25T08:31:24.193+0000][121][info ][gc,start    ] GC(6) Pause Young (Concurrent Start) (Metadata GC Threshold)
[2025-08-25T08:31:24.193+0000][121][info ][gc,task     ] GC(6) Using 8 workers of 8 for evacuation
[2025-08-25T08:31:24.193+0000][121][debug][gc,age      ] GC(6) Desired survivor size 41943040 bytes, new threshold 15 (max threshold 15)
[2025-08-25T08:31:24.202+0000][121][info ][gc,phases   ] GC(6)   Pre Evacuate Collection Set: 0.15ms
[2025-08-25T08:31:24.202+0000][121][info ][gc,phases   ] GC(6)   Merge Heap Roots: 0.06ms
[2025-08-25T08:31:24.202+0000][121][info ][gc,phases   ] GC(6)   Evacuate Collection Set: 7.08ms
[2025-08-25T08:31:24.202+0000][121][info ][gc,phases   ] GC(6)   Post Evacuate Collection Set: 1.30ms
[2025-08-25T08:31:24.202+0000][121][info ][gc,phases   ] GC(6)   Other: 0.22ms
[2025-08-25T08:31:24.202+0000][121][trace][gc,age      ] GC(6) Age table with threshold 15 (max threshold 15)
[2025-08-25T08:31:24.202+0000][121][trace][gc,age      ] GC(6) - age   1:      54192 bytes,      54192 total
[2025-08-25T08:31:24.202+0000][121][trace][gc,age      ] GC(6) - age   2:    8167840 bytes,    8222032 total
[2025-08-25T08:31:24.202+0000][121][trace][gc,age      ] GC(6) - age   3:    5942232 bytes,   14164264 total
[2025-08-25T08:31:24.202+0000][121][trace][gc,age      ] GC(6) - age   4:     423488 bytes,   14587752 total
[2025-08-25T08:31:24.202+0000][121][trace][gc,age      ] GC(6) - age   5:    4025744 bytes,   18613496 total
[2025-08-25T08:31:24.203+0000][121][trace][gc,age      ] GC(6) - age   6:    4587088 bytes,   23200584 total
[2025-08-25T08:31:24.203+0000][121][info ][gc,heap     ] GC(6) Eden regions: 1->0(146)
[2025-08-25T08:31:24.203+0000][121][info ][gc,heap     ] GC(6) Survivor regions: 6->7(20)
[2025-08-25T08:31:24.203+0000][121][info ][gc,heap     ] GC(6) Old regions: 1->1
[2025-08-25T08:31:24.203+0000][121][info ][gc,heap     ] GC(6) Humongous regions: 0->0
[2025-08-25T08:31:24.203+0000][121][info ][gc,metaspace] GC(6) Metaspace: 35649K(36608K)->35649K(36608K) NonClass: 31522K(32064K)->31522K(32064K) Class: 4126K(4544K)->4126K(4544K)
[2025-08-25T08:31:24.203+0000][121][info ][gc          ] GC(6) Pause Young (Concurrent Start) (Metadata GC Threshold) 28M->25M(1024M) 9.950ms
[2025-08-25T08:31:24.203+0000][121][info ][gc,cpu      ] GC(6) User=0.04s Sys=0.00s Real=0.01s
[2025-08-25T08:31:24.203+0000][121][info ][gc          ] GC(7) Concurrent Mark Cycle
[2025-08-25T08:31:24.203+0000][121][info ][gc,marking  ] GC(7) Concurrent Scan Root Regions
[2025-08-25T08:31:24.203+0000][121][info ][safepoint   ] Safepoint "CollectForMetadataAllocation", Time since last: 12999542 ns, Reaching safepoint: 4125 ns, Cleanup: 9125 ns, At safepoint: 10220292 ns, Total: 10233542 ns
[2025-08-25T08:31:24.207+0000][121][info ][gc,marking  ] GC(7) Concurrent Scan Root Regions 3.637ms
[2025-08-25T08:31:24.207+0000][121][info ][gc,marking  ] GC(7) Concurrent Mark
[2025-08-25T08:31:24.207+0000][121][info ][gc,marking  ] GC(7) Concurrent Mark From Roots
[2025-08-25T08:31:24.207+0000][121][info ][gc,task     ] GC(7) Using 2 workers of 2 for marking
[2025-08-25T08:31:24.209+0000][121][info ][gc,marking  ] GC(7) Concurrent Mark From Roots 1.540ms
[2025-08-25T08:31:24.209+0000][121][info ][gc,marking  ] GC(7) Concurrent Preclean
[2025-08-25T08:31:24.209+0000][121][info ][gc,marking  ] GC(7) Concurrent Preclean 0.096ms
[2025-08-25T08:31:24.210+0000][121][info ][gc,start    ] GC(7) Pause Remark
[2025-08-25T08:31:24.213+0000][121][info ][gc          ] GC(7) Pause Remark 31M->31M(1024M) 2.698ms
[2025-08-25T08:31:24.213+0000][121][info ][gc,cpu      ] GC(7) User=0.01s Sys=0.00s Real=0.00s
[2025-08-25T08:31:24.213+0000][121][info ][safepoint   ] Safepoint "G1PauseRemark", Time since last: 6019875 ns, Reaching safepoint: 915875 ns, Cleanup: 3000 ns, At safepoint: 2801292 ns, Total: 3720167 ns
[2025-08-25T08:31:24.213+0000][121][info ][gc,marking  ] GC(7) Concurrent Mark 6.088ms
[2025-08-25T08:31:24.213+0000][121][info ][gc,marking  ] GC(7) Concurrent Rebuild Remembered Sets and Scrub Regions
[2025-08-25T08:31:24.214+0000][121][info ][gc,marking  ] GC(7) Concurrent Rebuild Remembered Sets and Scrub Regions 0.552ms
[2025-08-25T08:31:24.214+0000][121][info ][gc,start    ] GC(7) Pause Cleanup
[2025-08-25T08:31:24.214+0000][121][info ][gc          ] GC(7) Pause Cleanup 31M->31M(1024M) 0.255ms
[2025-08-25T08:31:24.214+0000][121][info ][gc,cpu      ] GC(7) User=0.00s Sys=0.00s Real=0.00s
[2025-08-25T08:31:24.215+0000][121][info ][safepoint   ] Safepoint "G1PauseCleanup", Time since last: 1223583 ns, Reaching safepoint: 1833 ns, Cleanup: 9750 ns, At safepoint: 342125 ns, Total: 353708 ns
[2025-08-25T08:31:24.219+0000][121][info ][gc,marking  ] GC(7) Concurrent Clear Claimed Marks
[2025-08-25T08:31:24.219+0000][121][info ][gc,marking  ] GC(7) Concurrent Clear Claimed Marks 0.130ms
[2025-08-25T08:31:24.219+0000][121][info ][gc,marking  ] GC(7) Concurrent Cleanup for Next Mark
[2025-08-25T08:31:24.220+0000][121][info ][gc,marking  ] GC(7) Concurrent Cleanup for Next Mark 0.426ms
[2025-08-25T08:31:24.220+0000][121][info ][gc          ] GC(7) Concurrent Mark Cycle 16.594ms
[2025-08-25T08:31:24.828+0000][121][info ][safepoint   ] Safepoint "ICBufferFull", Time since last: 613171667 ns, Reaching safepoint: 397250 ns, Cleanup: 137208 ns, At safepoint: 16750 ns, Total: 551208 ns
[2025-08-25T08:31:25.090+0000][121][info ][gc,start    ] GC(8) Pause Young (Normal) (G1 Evacuation Pause)
[2025-08-25T08:31:25.090+0000][121][info ][gc,task     ] GC(8) Using 8 workers of 8 for evacuation
[2025-08-25T08:31:25.090+0000][121][debug][gc,age      ] GC(8) Desired survivor size 41943040 bytes, new threshold 15 (max threshold 15)
[2025-08-25T08:31:25.114+0000][121][info ][gc,phases   ] GC(8)   Pre Evacuate Collection Set: 0.18ms
[2025-08-25T08:31:25.115+0000][121][info ][gc,phases   ] GC(8)   Merge Heap Roots: 0.13ms
[2025-08-25T08:31:25.115+0000][121][info ][gc,phases   ] GC(8)   Evacuate Collection Set: 22.59ms
[2025-08-25T08:31:25.115+0000][121][info ][gc,phases   ] GC(8)   Post Evacuate Collection Set: 1.44ms
[2025-08-25T08:31:25.115+0000][121][info ][gc,phases   ] GC(8)   Other: 0.19ms
[2025-08-25T08:31:25.115+0000][121][trace][gc,age      ] GC(8) Age table with threshold 15 (max threshold 15)
[2025-08-25T08:31:25.115+0000][121][trace][gc,age      ] GC(8) - age   1:    9878488 bytes,    9878488 total
[2025-08-25T08:31:25.115+0000][121][trace][gc,age      ] GC(8) - age   2:      47832 bytes,    9926320 total
[2025-08-25T08:31:25.115+0000][121][trace][gc,age      ] GC(8) - age   3:    8155264 bytes,   18081584 total
[2025-08-25T08:31:25.115+0000][121][trace][gc,age      ] GC(8) - age   4:    5934368 bytes,   24015952 total
[2025-08-25T08:31:25.115+0000][121][trace][gc,age      ] GC(8) - age   5:     403504 bytes,   24419456 total
[2025-08-25T08:31:25.115+0000][121][trace][gc,age      ] GC(8) - age   6:    4018776 bytes,   28438232 total
[2025-08-25T08:31:25.115+0000][121][trace][gc,age      ] GC(8) - age   7:    4580304 bytes,   33018536 total
[2025-08-25T08:31:25.115+0000][121][info ][gc,heap     ] GC(8) Eden regions: 146->0(144)
[2025-08-25T08:31:25.115+0000][121][info ][gc,heap     ] GC(8) Survivor regions: 7->9(20)
[2025-08-25T08:31:25.115+0000][121][info ][gc,heap     ] GC(8) Old regions: 1->1
[2025-08-25T08:31:25.115+0000][121][info ][gc,heap     ] GC(8) Humongous regions: 0->0
[2025-08-25T08:31:25.115+0000][121][info ][gc,metaspace] GC(8) Metaspace: 38312K(39424K)->38312K(39424K) NonClass: 33821K(34496K)->33821K(34496K) Class: 4491K(4928K)->4491K(4928K)
[2025-08-25T08:31:25.115+0000][121][info ][gc          ] GC(8) Pause Young (Normal) (G1 Evacuation Pause) 609M->36M(1024M) 25.822ms
[2025-08-25T08:31:25.116+0000][121][info ][gc,cpu      ] GC(8) User=0.15s Sys=0.00s Real=0.02s
[2025-08-25T08:31:25.116+0000][121][info ][safepoint   ] Safepoint "G1CollectForAllocation", Time since last: 261306167 ns, Reaching safepoint: 7000 ns, Cleanup: 54792 ns, At safepoint: 25969125 ns, Total: 26030917 ns
[2025-08-25T08:31:25.543+0000][121][info ][safepoint   ] Safepoint "ICBufferFull", Time since last: 427040208 ns, Reaching safepoint: 2834 ns, Cleanup: 109375 ns, At safepoint: 8291 ns, Total: 120500 ns
[2025-08-25T08:31:25.836+0000][121][info ][safepoint   ] Safepoint "ICBufferFull", Time since last: 293027709 ns, Reaching safepoint: 347208 ns, Cleanup: 86209 ns, At safepoint: 14625 ns, Total: 448042 ns
[2025-08-25T08:31:25.947+0000][121][info ][safepoint   ] Safepoint "ICBufferFull", Time since last: 110519958 ns, Reaching safepoint: 3292 ns, Cleanup: 85250 ns, At safepoint: 7916 ns, Total: 96458 ns
[2025-08-25T08:31:26.594+0000][121][info ][safepoint   ] Safepoint "ICBufferFull", Time since last: 647230709 ns, Reaching safepoint: 3042 ns, Cleanup: 193791 ns, At safepoint: 17084 ns, Total: 213917 ns
[2025-08-25T08:31:26.941+0000][121][info ][safepoint   ] Safepoint "ICBufferFull", Time since last: 345784125 ns, Reaching safepoint: 1134500 ns, Cleanup: 122208 ns, At safepoint: 14167 ns, Total: 1270875 ns
[2025-08-25T08:31:27.517+0000][121][info ][safepoint   ] Safepoint "ICBufferFull", Time since last: 576024292 ns, Reaching safepoint: 3458 ns, Cleanup: 115792 ns, At safepoint: 8375 ns, Total: 127625 ns
[2025-08-25T08:31:27.567+0000][121][info ][gc,start    ] GC(9) Pause Young (Concurrent Start) (Metadata GC Threshold)
[2025-08-25T08:31:27.567+0000][121][info ][gc,task     ] GC(9) Using 8 workers of 8 for evacuation
[2025-08-25T08:31:27.567+0000][121][debug][gc,age      ] GC(9) Desired survivor size 41943040 bytes, new threshold 15 (max threshold 15)
[2025-08-25T08:31:27.583+0000][121][info ][gc,phases   ] GC(9)   Pre Evacuate Collection Set: 0.08ms
[2025-08-25T08:31:27.584+0000][121][info ][gc,phases   ] GC(9)   Merge Heap Roots: 0.07ms
[2025-08-25T08:31:27.584+0000][121][info ][gc,phases   ] GC(9)   Evacuate Collection Set: 13.56ms
[2025-08-25T08:31:27.584+0000][121][info ][gc,phases   ] GC(9)   Post Evacuate Collection Set: 2.38ms
[2025-08-25T08:31:27.584+0000][121][info ][gc,phases   ] GC(9)   Other: 0.28ms
[2025-08-25T08:31:27.584+0000][121][trace][gc,age      ] GC(9) Age table with threshold 15 (max threshold 15)
[2025-08-25T08:31:27.584+0000][121][trace][gc,age      ] GC(9) - age   1:   10282672 bytes,   10282672 total
[2025-08-25T08:31:27.584+0000][121][trace][gc,age      ] GC(9) - age   2:    8862136 bytes,   19144808 total
[2025-08-25T08:31:27.584+0000][121][trace][gc,age      ] GC(9) - age   3:      46312 bytes,   19191120 total
[2025-08-25T08:31:27.584+0000][121][trace][gc,age      ] GC(9) - age   4:    8114688 bytes,   27305808 total
[2025-08-25T08:31:27.584+0000][121][trace][gc,age      ] GC(9) - age   5:    5749072 bytes,   33054880 total
[2025-08-25T08:31:27.584+0000][121][trace][gc,age      ] GC(9) - age   6:     399944 bytes,   33454824 total
[2025-08-25T08:31:27.584+0000][121][trace][gc,age      ] GC(9) - age   7:    3981184 bytes,   37436008 total
[2025-08-25T08:31:27.584+0000][121][trace][gc,age      ] GC(9) - age   8:    4571248 bytes,   42007256 total
[2025-08-25T08:31:27.584+0000][121][info ][gc,heap     ] GC(9) Eden regions: 135->0(142)
[2025-08-25T08:31:27.584+0000][121][info ][gc,heap     ] GC(9) Survivor regions: 9->11(20)
[2025-08-25T08:31:27.584+0000][121][info ][gc,heap     ] GC(9) Old regions: 1->1
[2025-08-25T08:31:27.584+0000][121][info ][gc,heap     ] GC(9) Humongous regions: 0->0
[2025-08-25T08:31:27.584+0000][121][info ][gc,metaspace] GC(9) Metaspace: 59689K(61120K)->59689K(61120K) NonClass: 52155K(53056K)->52155K(53056K) Class: 7534K(8064K)->7534K(8064K)
[2025-08-25T08:31:27.584+0000][121][info ][gc          ] GC(9) Pause Young (Concurrent Start) (Metadata GC Threshold) 574M->44M(1024M) 17.040ms
[2025-08-25T08:31:27.584+0000][121][info ][gc,cpu      ] GC(9) User=0.09s Sys=0.00s Real=0.01s
[2025-08-25T08:31:27.584+0000][121][info ][gc          ] GC(10) Concurrent Mark Cycle
[2025-08-25T08:31:27.584+0000][121][info ][gc,marking  ] GC(10) Concurrent Scan Root Regions
[2025-08-25T08:31:27.584+0000][121][info ][safepoint   ] Safepoint "CollectForMetadataAllocation", Time since last: 49382333 ns, Reaching safepoint: 3250 ns, Cleanup: 23125 ns, At safepoint: 17242042 ns, Total: 17268417 ns
[2025-08-25T08:31:27.591+0000][121][info ][gc,marking  ] GC(10) Concurrent Scan Root Regions 6.715ms
[2025-08-25T08:31:27.591+0000][121][info ][gc,marking  ] GC(10) Concurrent Mark
[2025-08-25T08:31:27.591+0000][121][info ][gc,marking  ] GC(10) Concurrent Mark From Roots
[2025-08-25T08:31:27.591+0000][121][info ][gc,task     ] GC(10) Using 2 workers of 2 for marking
[2025-08-25T08:31:27.592+0000][121][info ][gc,marking  ] GC(10) Concurrent Mark From Roots 1.123ms
[2025-08-25T08:31:27.592+0000][121][info ][gc,marking  ] GC(10) Concurrent Preclean
[2025-08-25T08:31:27.593+0000][121][info ][gc,marking  ] GC(10) Concurrent Preclean 0.114ms
[2025-08-25T08:31:27.593+0000][121][info ][gc,start    ] GC(10) Pause Remark
[2025-08-25T08:31:27.596+0000][121][info ][gc          ] GC(10) Pause Remark 48M->48M(1024M) 3.065ms
[2025-08-25T08:31:27.596+0000][121][info ][gc,cpu      ] GC(10) User=0.01s Sys=0.00s Real=0.01s
[2025-08-25T08:31:27.596+0000][121][info ][safepoint   ] Safepoint "G1PauseRemark", Time since last: 8520625 ns, Reaching safepoint: 460416 ns, Cleanup: 6667 ns, At safepoint: 3253583 ns, Total: 3720666 ns
[2025-08-25T08:31:27.596+0000][121][info ][gc,marking  ] GC(10) Concurrent Mark 5.393ms
[2025-08-25T08:31:27.597+0000][121][info ][gc,marking  ] GC(10) Concurrent Rebuild Remembered Sets and Scrub Regions
[2025-08-25T08:31:27.597+0000][121][info ][gc,marking  ] GC(10) Concurrent Rebuild Remembered Sets and Scrub Regions 0.500ms
[2025-08-25T08:31:27.600+0000][121][info ][gc,start    ] GC(10) Pause Cleanup
[2025-08-25T08:31:27.600+0000][121][info ][gc          ] GC(10) Pause Cleanup 48M->48M(1024M) 0.114ms
[2025-08-25T08:31:27.600+0000][121][info ][gc,cpu      ] GC(10) User=0.00s Sys=0.00s Real=0.00s
[2025-08-25T08:31:27.600+0000][121][info ][safepoint   ] Safepoint "G1PauseCleanup", Time since last: 2973417 ns, Reaching safepoint: 750458 ns, Cleanup: 10667 ns, At safepoint: 309042 ns, Total: 1070167 ns
[2025-08-25T08:31:27.600+0000][121][info ][gc,marking  ] GC(10) Concurrent Clear Claimed Marks
[2025-08-25T08:31:27.601+0000][121][info ][gc,marking  ] GC(10) Concurrent Clear Claimed Marks 0.152ms
[2025-08-25T08:31:27.601+0000][121][info ][gc,marking  ] GC(10) Concurrent Cleanup for Next Mark
[2025-08-25T08:31:27.602+0000][121][info ][gc,marking  ] GC(10) Concurrent Cleanup for Next Mark 1.646ms
[2025-08-25T08:31:27.603+0000][121][info ][gc          ] GC(10) Concurrent Mark Cycle 18.520ms
[2025-08-25T08:31:28.149+0000][121][info ][safepoint   ] Safepoint "ICBufferFull", Time since last: 547541458 ns, Reaching safepoint: 1206125 ns, Cleanup: 201375 ns, At safepoint: 90375 ns, Total: 1497875 ns
[2025-08-25T08:31:28.309+0000][121][info ][safepoint   ] Safepoint "ICBufferFull", Time since last: 159520750 ns, Reaching safepoint: 2709 ns, Cleanup: 109291 ns, At safepoint: 6584 ns, Total: 118584 ns
[2025-08-25T08:31:29.152+0000][121][info ][safepoint   ] Safepoint "ICBufferFull", Time since last: 842999292 ns, Reaching safepoint: 2917 ns, Cleanup: 119666 ns, At safepoint: 9417 ns, Total: 132000 ns
[2025-08-25T08:31:29.345+0000][121][info ][safepoint   ] Safepoint "ICBufferFull", Time since last: 189648208 ns, Reaching safepoint: 3037084 ns, Cleanup: 94375 ns, At safepoint: 14333 ns, Total: 3145792 ns
[2025-08-25T08:31:29.594+0000][121][info ][safepoint   ] Safepoint "ICBufferFull", Time since last: 248946625 ns, Reaching safepoint: 166167 ns, Cleanup: 184208 ns, At safepoint: 14375 ns, Total: 364750 ns
[2025-08-25T08:31:29.738+0000][121][info ][gc,start    ] GC(11) Pause Young (Normal) (G1 Evacuation Pause)
[2025-08-25T08:31:29.738+0000][121][info ][gc,task     ] GC(11) Using 8 workers of 8 for evacuation
[2025-08-25T08:31:29.738+0000][121][debug][gc,age      ] GC(11) Desired survivor size 41943040 bytes, new threshold 8 (max threshold 15)
[2025-08-25T08:31:29.772+0000][121][info ][gc,phases   ] GC(11)   Pre Evacuate Collection Set: 0.18ms
[2025-08-25T08:31:29.772+0000][121][info ][gc,phases   ] GC(11)   Merge Heap Roots: 0.09ms
[2025-08-25T08:31:29.772+0000][121][info ][gc,phases   ] GC(11)   Evacuate Collection Set: 28.12ms
[2025-08-25T08:31:29.772+0000][121][info ][gc,phases   ] GC(11)   Post Evacuate Collection Set: 5.06ms
[2025-08-25T08:31:29.772+0000][121][info ][gc,phases   ] GC(11)   Other: 0.27ms
[2025-08-25T08:31:29.772+0000][121][trace][gc,age      ] GC(11) Age table with threshold 8 (max threshold 15)
[2025-08-25T08:31:29.772+0000][121][trace][gc,age      ] GC(11) - age   1:   10844936 bytes,   10844936 total
[2025-08-25T08:31:29.772+0000][121][trace][gc,age      ] GC(11) - age   2:    9845544 bytes,   20690480 total
[2025-08-25T08:31:29.772+0000][121][trace][gc,age      ] GC(11) - age   3:    8813096 bytes,   29503576 total
[2025-08-25T08:31:29.772+0000][121][trace][gc,age      ] GC(11) - age   4:      46184 bytes,   29549760 total
[2025-08-25T08:31:29.773+0000][121][trace][gc,age      ] GC(11) - age   5:    8103400 bytes,   37653160 total
[2025-08-25T08:31:29.773+0000][121][trace][gc,age      ] GC(11) - age   6:    5724880 bytes,   43378040 total
[2025-08-25T08:31:29.773+0000][121][trace][gc,age      ] GC(11) - age   7:     397544 bytes,   43775584 total
[2025-08-25T08:31:29.773+0000][121][trace][gc,age      ] GC(11) - age   8:    3973792 bytes,   47749376 total
[2025-08-25T08:31:29.773+0000][121][info ][gc,heap     ] GC(11) Eden regions: 142->0(141)
[2025-08-25T08:31:29.773+0000][121][info ][gc,heap     ] GC(11) Survivor regions: 11->12(20)
[2025-08-25T08:31:29.773+0000][121][info ][gc,heap     ] GC(11) Old regions: 1->2
[2025-08-25T08:31:29.773+0000][121][info ][gc,heap     ] GC(11) Humongous regions: 0->0
[2025-08-25T08:31:29.773+0000][121][info ][gc,metaspace] GC(11) Metaspace: 75267K(77184K)->75267K(77184K) NonClass: 65178K(66368K)->65178K(66368K) Class: 10088K(10816K)->10088K(10816K)
[2025-08-25T08:31:29.774+0000][121][info ][gc          ] GC(11) Pause Young (Normal) (G1 Evacuation Pause) 612M->53M(1024M) 36.020ms
[2025-08-25T08:31:29.774+0000][121][info ][gc,cpu      ] GC(11) User=0.16s Sys=0.01s Real=0.03s
[2025-08-25T08:31:29.775+0000][121][info ][safepoint   ] Safepoint "G1CollectForAllocation", Time since last: 143419583 ns, Reaching safepoint: 3417 ns, Cleanup: 15542 ns, At safepoint: 36977875 ns, Total: 36996834 ns
[2025-08-25T08:31:30.178+0000][121][info ][safepoint   ] Safepoint "ICBufferFull", Time since last: 402759083 ns, Reaching safepoint: 7250 ns, Cleanup: 145042 ns, At safepoint: 14125 ns, Total: 166417 ns
[2025-08-25T08:31:30.420+0000][121][info ][safepoint   ] Safepoint "ICBufferFull", Time since last: 239830208 ns, Reaching safepoint: 7750 ns, Cleanup: 2941167 ns, At safepoint: 21458 ns, Total: 2970375 ns
[2025-08-25T08:31:30.984+0000][121][info ][safepoint   ] Safepoint "ICBufferFull", Time since last: 563634292 ns, Reaching safepoint: 3625 ns, Cleanup: 109417 ns, At safepoint: 16875 ns, Total: 129917 ns
[2025-08-25T08:31:31.804+0000][121][info ][safepoint   ] Safepoint "ICBufferFull", Time since last: 819321834 ns, Reaching safepoint: 7333 ns, Cleanup: 193708 ns, At safepoint: 13209 ns, Total: 214250 ns
[2025-08-25T08:31:32.204+0000][121][info ][gc,start    ] GC(12) Pause Young (Concurrent Start) (Metadata GC Threshold)
[2025-08-25T08:31:32.204+0000][121][info ][gc,task     ] GC(12) Using 8 workers of 8 for evacuation
[2025-08-25T08:31:32.204+0000][121][debug][gc,age      ] GC(12) Desired survivor size 41943040 bytes, new threshold 6 (max threshold 15)
[2025-08-25T08:31:32.237+0000][121][info ][gc,phases   ] GC(12)   Pre Evacuate Collection Set: 0.15ms
[2025-08-25T08:31:32.237+0000][121][info ][gc,phases   ] GC(12)   Merge Heap Roots: 0.10ms
[2025-08-25T08:31:32.237+0000][121][info ][gc,phases   ] GC(12)   Evacuate Collection Set: 29.68ms
[2025-08-25T08:31:32.237+0000][121][info ][gc,phases   ] GC(12)   Post Evacuate Collection Set: 2.40ms
[2025-08-25T08:31:32.237+0000][121][info ][gc,phases   ] GC(12)   Other: 0.25ms
[2025-08-25T08:31:32.237+0000][121][trace][gc,age      ] GC(12) Age table with threshold 6 (max threshold 15)
[2025-08-25T08:31:32.237+0000][121][trace][gc,age      ] GC(12) - age   1:    9684488 bytes,    9684488 total
[2025-08-25T08:31:32.237+0000][121][trace][gc,age      ] GC(12) - age   2:   10486744 bytes,   20171232 total
[2025-08-25T08:31:32.237+0000][121][trace][gc,age      ] GC(12) - age   3:    9680640 bytes,   29851872 total
[2025-08-25T08:31:32.237+0000][121][trace][gc,age      ] GC(12) - age   4:    8796816 bytes,   38648688 total
[2025-08-25T08:31:32.237+0000][121][trace][gc,age      ] GC(12) - age   5:      45928 bytes,   38694616 total
[2025-08-25T08:31:32.237+0000][121][trace][gc,age      ] GC(12) - age   6:    8078168 bytes,   46772784 total
[2025-08-25T08:31:32.237+0000][121][info ][gc,heap     ] GC(12) Eden regions: 84->0(140)
[2025-08-25T08:31:32.237+0000][121][info ][gc,heap     ] GC(12) Survivor regions: 12->13(20)
[2025-08-25T08:31:32.237+0000][121][info ][gc,heap     ] GC(12) Old regions: 2->4
[2025-08-25T08:31:32.237+0000][121][info ][gc,heap     ] GC(12) Humongous regions: 0->0
[2025-08-25T08:31:32.237+0000][121][info ][gc,metaspace] GC(12) Metaspace: 100066K(102208K)->100066K(102208K) NonClass: 86576K(87808K)->86576K(87808K) Class: 13490K(14400K)->13490K(14400K)
[2025-08-25T08:31:32.237+0000][121][info ][gc          ] GC(12) Pause Young (Concurrent Start) (Metadata GC Threshold) 389M->66M(1024M) 33.259ms
[2025-08-25T08:31:32.237+0000][121][info ][gc,cpu      ] GC(12) User=0.15s Sys=0.01s Real=0.04s
[2025-08-25T08:31:32.237+0000][121][info ][safepoint   ] Safepoint "CollectForMetadataAllocation", Time since last: 400017208 ns, Reaching safepoint: 3125 ns, Cleanup: 53292 ns, At safepoint: 33479750 ns, Total: 33536167 ns
[2025-08-25T08:31:32.237+0000][121][info ][gc          ] GC(13) Concurrent Mark Cycle
[2025-08-25T08:31:32.238+0000][121][info ][gc,marking  ] GC(13) Concurrent Scan Root Regions
[2025-08-25T08:31:32.249+0000][121][info ][gc,marking  ] GC(13) Concurrent Scan Root Regions 10.972ms
[2025-08-25T08:31:32.249+0000][121][info ][gc,marking  ] GC(13) Concurrent Mark
[2025-08-25T08:31:32.249+0000][121][info ][gc,marking  ] GC(13) Concurrent Mark From Roots
[2025-08-25T08:31:32.249+0000][121][info ][gc,task     ] GC(13) Using 2 workers of 2 for marking
[2025-08-25T08:31:32.252+0000][121][info ][gc,marking  ] GC(13) Concurrent Mark From Roots 3.031ms
[2025-08-25T08:31:32.252+0000][121][info ][gc,marking  ] GC(13) Concurrent Preclean
[2025-08-25T08:31:32.252+0000][121][info ][gc,marking  ] GC(13) Concurrent Preclean 0.069ms
[2025-08-25T08:31:32.253+0000][121][info ][gc,start    ] GC(13) Pause Remark
[2025-08-25T08:31:32.263+0000][121][info ][gc          ] GC(13) Pause Remark 72M->72M(1024M) 10.128ms
[2025-08-25T08:31:32.263+0000][121][info ][gc,cpu      ] GC(13) User=0.05s Sys=0.00s Real=0.01s
[2025-08-25T08:31:32.263+0000][121][info ][safepoint   ] Safepoint "G1PauseRemark", Time since last: 14947958 ns, Reaching safepoint: 825334 ns, Cleanup: 8125 ns, At safepoint: 10327541 ns, Total: 11161000 ns
[2025-08-25T08:31:32.264+0000][121][info ][gc,marking  ] GC(13) Concurrent Mark 14.832ms
[2025-08-25T08:31:32.264+0000][121][info ][gc,marking  ] GC(13) Concurrent Rebuild Remembered Sets and Scrub Regions
[2025-08-25T08:31:32.269+0000][121][info ][gc,marking  ] GC(13) Concurrent Rebuild Remembered Sets and Scrub Regions 5.076ms
[2025-08-25T08:31:32.273+0000][121][info ][gc,start    ] GC(13) Pause Cleanup
[2025-08-25T08:31:32.273+0000][121][info ][gc          ] GC(13) Pause Cleanup 72M->72M(1024M) 0.082ms
[2025-08-25T08:31:32.273+0000][121][info ][gc,cpu      ] GC(13) User=0.00s Sys=0.00s Real=0.00s
[2025-08-25T08:31:32.273+0000][121][info ][safepoint   ] Safepoint "G1PauseCleanup", Time since last: 8662542 ns, Reaching safepoint: 981375 ns, Cleanup: 8875 ns, At safepoint: 187458 ns, Total: 1177708 ns
[2025-08-25T08:31:32.274+0000][121][info ][gc,marking  ] GC(13) Concurrent Clear Claimed Marks
[2025-08-25T08:31:32.274+0000][121][info ][gc,marking  ] GC(13) Concurrent Clear Claimed Marks 0.446ms
[2025-08-25T08:31:32.274+0000][121][info ][gc,marking  ] GC(13) Concurrent Cleanup for Next Mark
[2025-08-25T08:31:32.275+0000][121][info ][gc,marking  ] GC(13) Concurrent Cleanup for Next Mark 0.993ms
[2025-08-25T08:31:32.276+0000][121][info ][gc          ] GC(13) Concurrent Mark Cycle 38.491ms
[2025-08-25T08:31:32.584+0000][121][info ][safepoint   ] Safepoint "ICBufferFull", Time since last: 310642292 ns, Reaching safepoint: 216500 ns, Cleanup: 152709 ns, At safepoint: 11000 ns, Total: 380209 ns
[2025-08-25T08:31:32.862+0000][121][info ][safepoint   ] Safepoint "ICBufferFull", Time since last: 278044916 ns, Reaching safepoint: 3500 ns, Cleanup: 103375 ns, At safepoint: 5417 ns, Total: 112292 ns
[2025-08-25T08:31:33.260+0000][121][info ][safepoint   ] Safepoint "ICBufferFull", Time since last: 397082333 ns, Reaching safepoint: 555834 ns, Cleanup: 99416 ns, At safepoint: 11375 ns, Total: 666625 ns
[2025-08-25T08:31:33.541+0000][121][info ][safepoint   ] Safepoint "ICBufferFull", Time since last: 280374459 ns, Reaching safepoint: 11250 ns, Cleanup: 350417 ns, At safepoint: 24708 ns, Total: 386375 ns
[2025-08-25T08:31:33.617+0000][121][info ][safepoint   ] Safepoint "ICBufferFull", Time since last: 75266417 ns, Reaching safepoint: 1063666 ns, Cleanup: 93792 ns, At safepoint: 14125 ns, Total: 1171583 ns
[2025-08-25T08:31:33.666+0000][121][info ][safepoint   ] Safepoint "ICBufferFull", Time since last: 48291375 ns, Reaching safepoint: 23750 ns, Cleanup: 187917 ns, At safepoint: 11958 ns, Total: 223625 ns
[2025-08-25T08:31:33.684+0000][121][info ][safepoint   ] Safepoint "ICBufferFull", Time since last: 17486625 ns, Reaching safepoint: 6750 ns, Cleanup: 119875 ns, At safepoint: 12208 ns, Total: 138833 ns
[2025-08-25T08:31:33.721+0000][121][info ][safepoint   ] Safepoint "ICBufferFull", Time since last: 37158584 ns, Reaching safepoint: 3083 ns, Cleanup: 75792 ns, At safepoint: 4416 ns, Total: 83291 ns
[2025-08-25T08:31:33.748+0000][121][info ][safepoint   ] Safepoint "ICBufferFull", Time since last: 27098167 ns, Reaching safepoint: 4125 ns, Cleanup: 140708 ns, At safepoint: 13125 ns, Total: 157958 ns
[2025-08-25T08:31:33.822+0000][121][info ][safepoint   ] Safepoint "ICBufferFull", Time since last: 73687417 ns, Reaching safepoint: 369750 ns, Cleanup: 85167 ns, At safepoint: 16708 ns, Total: 471625 ns
[2025-08-25T08:31:33.877+0000][121][info ][safepoint   ] Safepoint "ICBufferFull", Time since last: 55017083 ns, Reaching safepoint: 3375 ns, Cleanup: 122709 ns, At safepoint: 11291 ns, Total: 137375 ns
[2025-08-25T08:31:34.068+0000][121][info ][safepoint   ] Safepoint "ICBufferFull", Time since last: 190484042 ns, Reaching safepoint: 4042 ns, Cleanup: 163542 ns, At safepoint: 7041 ns, Total: 174625 ns
[2025-08-25T08:31:34.207+0000][121][info ][safepoint   ] Safepoint "ICBufferFull", Time since last: 138372084 ns, Reaching safepoint: 9291 ns, Cleanup: 133834 ns, At safepoint: 14083 ns, Total: 157208 ns
[2025-08-25T08:31:34.418+0000][121][info ][safepoint   ] Safepoint "ICBufferFull", Time since last: 211587792 ns, Reaching safepoint: 4875 ns, Cleanup: 81166 ns, At safepoint: 12209 ns, Total: 98250 ns
[2025-08-25T08:31:34.528+0000][121][info ][safepoint   ] Safepoint "ICBufferFull", Time since last: 109869916 ns, Reaching safepoint: 11417 ns, Cleanup: 143458 ns, At safepoint: 8334 ns, Total: 163209 ns
[2025-08-25T08:31:34.643+0000][121][info ][safepoint   ] Safepoint "ICBufferFull", Time since last: 113899875 ns, Reaching safepoint: 950083 ns, Cleanup: 85750 ns, At safepoint: 18333 ns, Total: 1054166 ns
[2025-08-25T08:31:34.735+0000][121][info ][safepoint   ] Safepoint "ICBufferFull", Time since last: 91835417 ns, Reaching safepoint: 2917 ns, Cleanup: 89167 ns, At safepoint: 6458 ns, Total: 98542 ns
[2025-08-25T08:31:34.911+0000][121][info ][safepoint   ] Safepoint "ICBufferFull", Time since last: 175630333 ns, Reaching safepoint: 6000 ns, Cleanup: 102125 ns, At safepoint: 7500 ns, Total: 115625 ns
[2025-08-25T08:31:35.212+0000][121][info ][safepoint   ] Safepoint "ICBufferFull", Time since last: 300372125 ns, Reaching safepoint: 1020709 ns, Cleanup: 87666 ns, At safepoint: 13292 ns, Total: 1121667 ns
[2025-08-25T08:31:35.362+0000][121][info ][safepoint   ] Safepoint "ICBufferFull", Time since last: 148827417 ns, Reaching safepoint: 875750 ns, Cleanup: 101291 ns, At safepoint: 30125 ns, Total: 1007166 ns
[2025-08-25T08:31:35.564+0000][121][info ][safepoint   ] Safepoint "ICBufferFull", Time since last: 201393542 ns, Reaching safepoint: 571125 ns, Cleanup: 121167 ns, At safepoint: 13250 ns, Total: 705542 ns
[2025-08-25T08:31:35.682+0000][121][info ][gc,start    ] GC(14) Pause Young (Normal) (G1 Evacuation Pause)
[2025-08-25T08:31:35.683+0000][121][info ][gc,task     ] GC(14) Using 8 workers of 8 for evacuation
[2025-08-25T08:31:35.683+0000][121][debug][gc,age      ] GC(14) Desired survivor size 41943040 bytes, new threshold 6 (max threshold 15)
[2025-08-25T08:31:35.755+0000][121][info ][gc,phases   ] GC(14)   Pre Evacuate Collection Set: 0.53ms
[2025-08-25T08:31:35.755+0000][121][info ][gc,phases   ] GC(14)   Merge Heap Roots: 0.38ms
[2025-08-25T08:31:35.755+0000][121][info ][gc,phases   ] GC(14)   Evacuate Collection Set: 65.00ms
[2025-08-25T08:31:35.755+0000][121][info ][gc,phases   ] GC(14)   Post Evacuate Collection Set: 5.35ms
[2025-08-25T08:31:35.755+0000][121][info ][gc,phases   ] GC(14)   Other: 0.59ms
[2025-08-25T08:31:35.755+0000][121][trace][gc,age      ] GC(14) Age table with threshold 6 (max threshold 15)
[2025-08-25T08:31:35.755+0000][121][trace][gc,age      ] GC(14) - age   1:   45469888 bytes,   45469888 total
[2025-08-25T08:31:35.755+0000][121][trace][gc,age      ] GC(14) - age   2:    9266352 bytes,   54736240 total
[2025-08-25T08:31:35.755+0000][121][trace][gc,age      ] GC(14) - age   3:   10412152 bytes,   65148392 total
[2025-08-25T08:31:35.755+0000][121][trace][gc,age      ] GC(14) - age   4:    9573208 bytes,   74721600 total
[2025-08-25T08:31:35.755+0000][121][trace][gc,age      ] GC(14) - age   5:    8790112 bytes,   83511712 total
[2025-08-25T08:31:35.755+0000][121][trace][gc,age      ] GC(14) - age   6:      45864 bytes,   83557576 total
[2025-08-25T08:31:35.755+0000][121][info ][gc,heap     ] GC(14) Eden regions: 140->0(133)
[2025-08-25T08:31:35.755+0000][121][info ][gc,heap     ] GC(14) Survivor regions: 13->20(20)
[2025-08-25T08:31:35.755+0000][121][info ][gc,heap     ] GC(14) Old regions: 4->9
[2025-08-25T08:31:35.755+0000][121][info ][gc,heap     ] GC(14) Humongous regions: 2->2
[2025-08-25T08:31:35.755+0000][121][info ][gc,metaspace] GC(14) Metaspace: 137110K(141120K)->137110K(141120K) NonClass: 117633K(119808K)->117633K(119808K) Class: 19476K(21312K)->19476K(21312K)
[2025-08-25T08:31:35.755+0000][121][info ][gc          ] GC(14) Pause Young (Normal) (G1 Evacuation Pause) 634M->122M(1024M) 72.661ms
[2025-08-25T08:31:35.755+0000][121][info ][gc,cpu      ] GC(14) User=0.47s Sys=0.01s Real=0.07s
[2025-08-25T08:31:35.755+0000][121][info ][safepoint   ] Safepoint "G1CollectForAllocation", Time since last: 116739625 ns, Reaching safepoint: 1048917 ns, Cleanup: 248958 ns, At safepoint: 72947125 ns, Total: 74245000 ns
[2025-08-25T08:31:35.757+0000][121][info ][gc,start    ] GC(15) Pause Young (Normal) (G1 Evacuation Pause)
[2025-08-25T08:31:35.757+0000][121][info ][gc,task     ] GC(15) Using 8 workers of 8 for evacuation
[2025-08-25T08:31:35.757+0000][121][debug][gc,age      ] GC(15) Desired survivor size 6291456 bytes, new threshold 1 (max threshold 15)
[2025-08-25T08:31:35.803+0000][121][info ][gc,phases   ] GC(15)   Pre Evacuate Collection Set: 0.10ms
[2025-08-25T08:31:35.803+0000][121][info ][gc,phases   ] GC(15)   Merge Heap Roots: 0.23ms
[2025-08-25T08:31:35.803+0000][121][info ][gc,phases   ] GC(15)   Evacuate Collection Set: 43.20ms
[2025-08-25T08:31:35.803+0000][121][info ][gc,phases   ] GC(15)   Post Evacuate Collection Set: 2.30ms
[2025-08-25T08:31:35.803+0000][121][info ][gc,phases   ] GC(15)   Other: 0.12ms
[2025-08-25T08:31:35.803+0000][121][trace][gc,age      ] GC(15) Age table with threshold 1 (max threshold 15)
[2025-08-25T08:31:35.804+0000][121][trace][gc,age      ] GC(15) - age   1:      30560 bytes,      30560 total
[2025-08-25T08:31:35.804+0000][121][info ][gc,heap     ] GC(15) Eden regions: 1->0(151)
[2025-08-25T08:31:35.804+0000][121][info ][gc,heap     ] GC(15) Survivor regions: 20->2(3)
[2025-08-25T08:31:35.804+0000][121][info ][gc,heap     ] GC(15) Old regions: 9->30
[2025-08-25T08:31:35.804+0000][121][info ][gc,heap     ] GC(15) Humongous regions: 2->2
[2025-08-25T08:31:35.804+0000][121][info ][gc,metaspace] GC(15) Metaspace: 137110K(141120K)->137110K(141120K) NonClass: 117633K(119808K)->117633K(119808K) Class: 19476K(21312K)->19476K(21312K)
[2025-08-25T08:31:35.804+0000][121][info ][gc          ] GC(15) Pause Young (Normal) (G1 Evacuation Pause) 126M->133M(1024M) 46.728ms
[2025-08-25T08:31:35.804+0000][121][info ][gc,cpu      ] GC(15) User=0.32s Sys=0.00s Real=0.04s
[2025-08-25T08:31:35.804+0000][121][info ][safepoint   ] Safepoint "G1CollectForAllocation", Time since last: 700625 ns, Reaching safepoint: 1152000 ns, Cleanup: 3125 ns, At safepoint: 46839625 ns, Total: 47994750 ns
[2025-08-25T08:31:36.067+0000][121][info ][safepoint   ] Safepoint "ICBufferFull", Time since last: 262788000 ns, Reaching safepoint: 15792 ns, Cleanup: 92791 ns, At safepoint: 16917 ns, Total: 125500 ns
[2025-08-25T08:31:36.189+0000][121][info ][safepoint   ] Safepoint "ICBufferFull", Time since last: 122140500 ns, Reaching safepoint: 70667 ns, Cleanup: 89375 ns, At safepoint: 17500 ns, Total: 177542 ns
[2025-08-25T08:31:36.517+0000][121][info ][safepoint   ] Safepoint "ICBufferFull", Time since last: 327067208 ns, Reaching safepoint: 837250 ns, Cleanup: 112250 ns, At safepoint: 38917 ns, Total: 988417 ns
[2025-08-25T08:31:36.695+0000][121][info ][safepoint   ] Safepoint "ICBufferFull", Time since last: 177593542 ns, Reaching safepoint: 7041 ns, Cleanup: 123917 ns, At safepoint: 14667 ns, Total: 145625 ns
[2025-08-25T08:31:37.108+0000][121][info ][safepoint   ] Safepoint "ICBufferFull", Time since last: 412337083 ns, Reaching safepoint: 731667 ns, Cleanup: 128125 ns, At safepoint: 10167 ns, Total: 869959 ns
[2025-08-25T08:31:37.265+0000][121][info ][safepoint   ] Safepoint "ICBufferFull", Time since last: 156603708 ns, Reaching safepoint: 6583 ns, Cleanup: 117292 ns, At safepoint: 8375 ns, Total: 132250 ns
[2025-08-25T08:31:37.779+0000][121][info ][safepoint   ] Safepoint "ICBufferFull", Time since last: 513143083 ns, Reaching safepoint: 964125 ns, Cleanup: 160916 ns, At safepoint: 11292 ns, Total: 1136333 ns
[2025-08-25T08:31:37.781+0000][121][info ][safepoint   ] Safepoint "ICBufferFull", Time since last: 2009500 ns, Reaching safepoint: 5333 ns, Cleanup: 1167 ns, At safepoint: 3125 ns, Total: 9625 ns
[2025-08-25T08:31:37.874+0000][121][info ][safepoint   ] Safepoint "ICBufferFull", Time since last: 92367000 ns, Reaching safepoint: 7125 ns, Cleanup: 137833 ns, At safepoint: 27375 ns, Total: 172333 ns
[2025-08-25T08:31:38.457+0000][121][info ][safepoint   ] Safepoint "ICBufferFull", Time since last: 581391917 ns, Reaching safepoint: 917084 ns, Cleanup: 580916 ns, At safepoint: 30917 ns, Total: 1528917 ns
[2025-08-25T08:31:38.465+0000][121][info ][safepoint   ] Safepoint "ICBufferFull", Time since last: 7697875 ns, Reaching safepoint: 781833 ns, Cleanup: 44667 ns, At safepoint: 20208 ns, Total: 846708 ns
[2025-08-25T08:31:38.467+0000][121][info ][safepoint   ] Safepoint "ICBufferFull", Time since last: 824709 ns, Reaching safepoint: 1072000 ns, Cleanup: 7291 ns, At safepoint: 44625 ns, Total: 1123916 ns
[2025-08-25T08:31:38.490+0000][121][info ][safepoint   ] Safepoint "ICBufferFull", Time since last: 21135042 ns, Reaching safepoint: 1042667 ns, Cleanup: 28500 ns, At safepoint: 38666 ns, Total: 1109833 ns
[2025-08-25T08:31:38.507+0000][121][info ][safepoint   ] Safepoint "ICBufferFull", Time since last: 15091250 ns, Reaching safepoint: 2483709 ns, Cleanup: 21875 ns, At safepoint: 56250 ns, Total: 2561834 ns
[2025-08-25T08:31:38.779+0000][121][info ][safepoint   ] Safepoint "ICBufferFull", Time since last: 271847666 ns, Reaching safepoint: 126042 ns, Cleanup: 120833 ns, At safepoint: 13375 ns, Total: 260250 ns
[2025-08-25T08:31:38.780+0000][121][info ][safepoint   ] Safepoint "ICBufferFull", Time since last: 690542 ns, Reaching safepoint: 15000 ns, Cleanup: 15667 ns, At safepoint: 13750 ns, Total: 44417 ns
[2025-08-25T08:31:38.864+0000][121][info ][safepoint   ] Safepoint "ICBufferFull", Time since last: 84238250 ns, Reaching safepoint: 23750 ns, Cleanup: 205750 ns, At safepoint: 13125 ns, Total: 242625 ns
[2025-08-25T08:31:39.923+0000][121][info ][safepoint   ] Safepoint "ICBufferFull", Time since last: 1057708417 ns, Reaching safepoint: 1153167 ns, Cleanup: 107083 ns, At safepoint: 28542 ns, Total: 1288792 ns
[2025-08-25T08:31:40.022+0000][121][info ][safepoint   ] Safepoint "ICBufferFull", Time since last: 98207500 ns, Reaching safepoint: 528541 ns, Cleanup: 102084 ns, At safepoint: 16750 ns, Total: 647375 ns
[2025-08-25T08:31:40.152+0000][121][info ][safepoint   ] Safepoint "ICBufferFull", Time since last: 129619333 ns, Reaching safepoint: 160417 ns, Cleanup: 105875 ns, At safepoint: 10125 ns, Total: 276417 ns
[2025-08-25T08:31:40.277+0000][121][info ][safepoint   ] Safepoint "ICBufferFull", Time since last: 124965458 ns, Reaching safepoint: 8459 ns, Cleanup: 82166 ns, At safepoint: 6584 ns, Total: 97209 ns
[2025-08-25T08:31:40.372+0000][121][info ][safepoint   ] Safepoint "ICBufferFull", Time since last: 95088625 ns, Reaching safepoint: 6375 ns, Cleanup: 91666 ns, At safepoint: 4500 ns, Total: 102541 ns
[2025-08-25T08:31:41.141+0000][121][info ][safepoint   ] Safepoint "ICBufferFull", Time since last: 766064251 ns, Reaching safepoint: 650458 ns, Cleanup: 161208 ns, At safepoint: 1291000 ns, Total: 2102666 ns
[2025-08-25T08:31:41.226+0000][121][info ][safepoint   ] Safepoint "ICBufferFull", Time since last: 73401834 ns, Reaching safepoint: 10438291 ns, Cleanup: 235292 ns, At safepoint: 1711833 ns, Total: 12385416 ns
[2025-08-25T08:31:41.255+0000][121][info ][safepoint   ] Safepoint "ICBufferFull", Time since last: 26874000 ns, Reaching safepoint: 984417 ns, Cleanup: 28708 ns, At safepoint: 723417 ns, Total: 1736542 ns
[2025-08-25T08:31:41.270+0000][121][info ][safepoint   ] Safepoint "ICBufferFull", Time since last: 330167 ns, Reaching safepoint: 785250 ns, Cleanup: 3041 ns, At safepoint: 13654875 ns, Total: 14443166 ns
[2025-08-25T08:31:41.304+0000][121][info ][safepoint   ] Safepoint "ICBufferFull", Time since last: 31976250 ns, Reaching safepoint: 2536084 ns, Cleanup: 50375 ns, At safepoint: 40458 ns, Total: 2626917 ns
[2025-08-25T08:31:41.340+0000][121][info ][safepoint   ] Safepoint "ICBufferFull", Time since last: 34726208 ns, Reaching safepoint: 1049084 ns, Cleanup: 30875 ns, At safepoint: 33916 ns, Total: 1113875 ns
[2025-08-25T08:31:41.342+0000][121][info ][safepoint   ] Safepoint "ICBufferFull", Time since last: 1731834 ns, Reaching safepoint: 21583 ns, Cleanup: 2417 ns, At safepoint: 54208 ns, Total: 78208 ns
[2025-08-25T08:31:41.343+0000][121][info ][safepoint   ] Safepoint "ICBufferFull", Time since last: 238250 ns, Reaching safepoint: 853000 ns, Cleanup: 1375 ns, At safepoint: 21708 ns, Total: 876083 ns
[2025-08-25T08:31:41.351+0000][121][info ][safepoint   ] Safepoint "ICBufferFull", Time since last: 7566042 ns, Reaching safepoint: 30375 ns, Cleanup: 54625 ns, At safepoint: 18250 ns, Total: 103250 ns
[2025-08-25T08:31:41.364+0000][121][info ][safepoint   ] Safepoint "ICBufferFull", Time since last: 12262917 ns, Reaching safepoint: 1218791 ns, Cleanup: 14709 ns, At safepoint: 35500 ns, Total: 1269000 ns
[2025-08-25T08:31:41.499+0000][121][info ][safepoint   ] Safepoint "ICBufferFull", Time since last: 128316583 ns, Reaching safepoint: 6414792 ns, Cleanup: 121208 ns, At safepoint: 29208 ns, Total: 6565208 ns
[2025-08-25T08:31:41.593+0000][121][info ][safepoint   ] Safepoint "ICBufferFull", Time since last: 90308750 ns, Reaching safepoint: 2913709 ns, Cleanup: 247208 ns, At safepoint: 124708 ns, Total: 3285625 ns
[2025-08-25T08:31:41.738+0000][121][info ][safepoint   ] Safepoint "ICBufferFull", Time since last: 145135584 ns, Reaching safepoint: 136042 ns, Cleanup: 294458 ns, At safepoint: 51208 ns, Total: 481708 ns
[2025-08-25T08:31:41.858+0000][121][info ][safepoint   ] Safepoint "ICBufferFull", Time since last: 117952959 ns, Reaching safepoint: 874083 ns, Cleanup: 153167 ns, At safepoint: 31125 ns, Total: 1058375 ns
[2025-08-25T08:31:42.022+0000][121][info ][safepoint   ] Safepoint "ICBufferFull", Time since last: 163221750 ns, Reaching safepoint: 40625 ns, Cleanup: 273250 ns, At safepoint: 1401666 ns, Total: 1715541 ns
[2025-08-25T08:31:42.028+0000][121][info ][safepoint   ] Safepoint "ICBufferFull", Time since last: 4737917 ns, Reaching safepoint: 942958 ns, Cleanup: 30125 ns, At safepoint: 43834 ns, Total: 1016917 ns
[2025-08-25T08:31:42.043+0000][121][info ][safepoint   ] Safepoint "ICBufferFull", Time since last: 9899500 ns, Reaching safepoint: 3177708 ns, Cleanup: 20708 ns, At safepoint: 1396209 ns, Total: 4594625 ns
[2025-08-25T08:31:42.050+0000][121][info ][safepoint   ] Safepoint "ICBufferFull", Time since last: 6415250 ns, Reaching safepoint: 1071875 ns, Cleanup: 139291 ns, At safepoint: 41292 ns, Total: 1252458 ns
[2025-08-25T08:31:42.052+0000][121][info ][safepoint   ] Safepoint "ICBufferFull", Time since last: 989708 ns, Reaching safepoint: 25125 ns, Cleanup: 120709 ns, At safepoint: 20500 ns, Total: 166334 ns
[2025-08-25T08:31:42.052+0000][121][info ][safepoint   ] Safepoint "ICBufferFull", Time since last: 249250 ns, Reaching safepoint: 19500 ns, Cleanup: 67041 ns, At safepoint: 21834 ns, Total: 108375 ns
[2025-08-25T08:31:42.105+0000][121][info ][gc,start    ] GC(16) Pause Young (Normal) (G1 Evacuation Pause)
[2025-08-25T08:31:42.106+0000][121][info ][gc,task     ] GC(16) Using 8 workers of 8 for evacuation
[2025-08-25T08:31:42.106+0000][121][debug][gc,age      ] GC(16) Desired survivor size 41943040 bytes, new threshold 15 (max threshold 15)
[2025-08-25T08:31:42.153+0000][121][info ][gc,phases   ] GC(16)   Pre Evacuate Collection Set: 6.43ms
[2025-08-25T08:31:42.153+0000][121][info ][gc,phases   ] GC(16)   Merge Heap Roots: 0.63ms
[2025-08-25T08:31:42.153+0000][121][info ][gc,phases   ] GC(16)   Evacuate Collection Set: 38.09ms
[2025-08-25T08:31:42.153+0000][121][info ][gc,phases   ] GC(16)   Post Evacuate Collection Set: 1.23ms
[2025-08-25T08:31:42.153+0000][121][info ][gc,phases   ] GC(16)   Other: 1.06ms
[2025-08-25T08:31:42.153+0000][121][trace][gc,age      ] GC(16) Age table with threshold 15 (max threshold 15)
[2025-08-25T08:31:42.153+0000][121][trace][gc,age      ] GC(16) - age   1:   21842608 bytes,   21842608 total
[2025-08-25T08:31:42.153+0000][121][trace][gc,age      ] GC(16) - age   2:      29648 bytes,   21872256 total
[2025-08-25T08:31:42.153+0000][121][info ][gc,heap     ] GC(16) Eden regions: 151->0(147)
[2025-08-25T08:31:42.153+0000][121][info ][gc,heap     ] GC(16) Survivor regions: 2->6(20)
[2025-08-25T08:31:42.153+0000][121][info ][gc,heap     ] GC(16) Old regions: 30->30
[2025-08-25T08:31:42.154+0000][121][info ][gc,heap     ] GC(16) Humongous regions: 2->2
[2025-08-25T08:31:42.154+0000][121][info ][gc,metaspace] GC(16) Metaspace: 148498K(152704K)->148498K(152704K) NonClass: 127344K(129664K)->127344K(129664K) Class: 21154K(23040K)->21154K(23040K)
[2025-08-25T08:31:42.154+0000][121][info ][gc          ] GC(16) Pause Young (Normal) (G1 Evacuation Pause) 737M->150M(1024M) 48.287ms
[2025-08-25T08:31:42.154+0000][121][info ][gc,cpu      ] GC(16) User=0.26s Sys=0.02s Real=0.05s
[2025-08-25T08:31:42.155+0000][121][info ][safepoint   ] Safepoint "G1CollectForAllocation", Time since last: 50434666 ns, Reaching safepoint: 2861917 ns, Cleanup: 86875 ns, At safepoint: 49691125 ns, Total: 52639917 ns
[2025-08-25T08:31:42.308+0000][121][info ][safepoint   ] Safepoint "ICBufferFull", Time since last: 150467833 ns, Reaching safepoint: 708625 ns, Cleanup: 1838375 ns, At safepoint: 24334 ns, Total: 2571334 ns
[2025-08-25T08:31:42.458+0000][121][info ][safepoint   ] Safepoint "ICBufferFull", Time since last: 149450292 ns, Reaching safepoint: 105416 ns, Cleanup: 264167 ns, At safepoint: 29542 ns, Total: 399125 ns
[2025-08-25T08:31:42.806+0000][121][info ][safepoint   ] Safepoint "ICBufferFull", Time since last: 346844125 ns, Reaching safepoint: 470625 ns, Cleanup: 230833 ns, At safepoint: 841958 ns, Total: 1543416 ns
[2025-08-25T08:31:42.988+0000][121][info ][safepoint   ] Safepoint "ICBufferFull", Time since last: 181173209 ns, Reaching safepoint: 781375 ns, Cleanup: 110166 ns, At safepoint: 19417 ns, Total: 910958 ns
[2025-08-25T08:31:43.289+0000][121][info ][safepoint   ] Safepoint "ICBufferFull", Time since last: 300241000 ns, Reaching safepoint: 10417 ns, Cleanup: 99917 ns, At safepoint: 5583 ns, Total: 115917 ns
[2025-08-25T08:31:43.594+0000][121][info ][safepoint   ] Safepoint "ICBufferFull", Time since last: 305123500 ns, Reaching safepoint: 386583 ns, Cleanup: 109834 ns, At safepoint: 29791 ns, Total: 526208 ns
[2025-08-25T08:31:43.734+0000][121][info ][safepoint   ] Safepoint "ICBufferFull", Time since last: 139517001 ns, Reaching safepoint: 9458 ns, Cleanup: 110333 ns, At safepoint: 5750 ns, Total: 125541 ns
[2025-08-25T08:31:43.930+0000][121][info ][safepoint   ] Safepoint "ICBufferFull", Time since last: 196233125 ns, Reaching safepoint: 9459 ns, Cleanup: 89458 ns, At safepoint: 9333 ns, Total: 108250 ns
[2025-08-25T08:31:43.931+0000][121][info ][safepoint   ] Safepoint "ICBufferFull", Time since last: 223667 ns, Reaching safepoint: 870708 ns, Cleanup: 48834 ns, At safepoint: 34041 ns, Total: 953583 ns
[2025-08-25T08:31:43.932+0000][121][info ][safepoint   ] Safepoint "ICBufferFull", Time since last: 218917 ns, Reaching safepoint: 538958 ns, Cleanup: 3542 ns, At safepoint: 32583 ns, Total: 575083 ns
[2025-08-25T08:31:43.933+0000][121][info ][safepoint   ] Safepoint "ICBufferFull", Time since last: 335125 ns, Reaching safepoint: 653250 ns, Cleanup: 1625 ns, At safepoint: 28500 ns, Total: 683375 ns
[2025-08-25T08:31:43.936+0000][121][info ][safepoint   ] Safepoint "ICBufferFull", Time since last: 2098625 ns, Reaching safepoint: 923709 ns, Cleanup: 1708 ns, At safepoint: 22167 ns, Total: 947584 ns
[2025-08-25T08:31:44.974+0000][121][info ][safepoint   ] Safepoint "ICBufferFull", Time since last: 1037043708 ns, Reaching safepoint: 910542 ns, Cleanup: 84667 ns, At safepoint: 15250 ns, Total: 1010459 ns
[2025-08-25T08:31:45.122+0000][121][info ][gc,start    ] GC(17) Pause Young (Concurrent Start) (CodeCache GC Threshold)
[2025-08-25T08:31:45.122+0000][121][info ][gc,task     ] GC(17) Using 8 workers of 8 for evacuation
[2025-08-25T08:31:45.122+0000][121][debug][gc,age      ] GC(17) Desired survivor size 41943040 bytes, new threshold 15 (max threshold 15)
[2025-08-25T08:31:45.134+0000][121][info ][gc,phases   ] GC(17)   Pre Evacuate Collection Set: 2.74ms
[2025-08-25T08:31:45.134+0000][121][info ][gc,phases   ] GC(17)   Merge Heap Roots: 0.12ms
[2025-08-25T08:31:45.134+0000][121][info ][gc,phases   ] GC(17)   Evacuate Collection Set: 7.00ms
[2025-08-25T08:31:45.134+0000][121][info ][gc,phases   ] GC(17)   Post Evacuate Collection Set: 1.44ms
[2025-08-25T08:31:45.136+0000][121][info ][gc,phases   ] GC(17)   Other: 0.56ms
[2025-08-25T08:31:45.136+0000][121][trace][gc,age      ] GC(17) Age table with threshold 15 (max threshold 15)
[2025-08-25T08:31:45.136+0000][121][trace][gc,age      ] GC(17) - age   1:    5551184 bytes,    5551184 total
[2025-08-25T08:31:45.136+0000][121][trace][gc,age      ] GC(17) - age   2:   14859424 bytes,   20410608 total
[2025-08-25T08:31:45.136+0000][121][trace][gc,age      ] GC(17) - age   3:      29648 bytes,   20440256 total
[2025-08-25T08:31:45.136+0000][121][info ][gc,heap     ] GC(17) Eden regions: 119->0(147)
[2025-08-25T08:31:45.136+0000][121][info ][gc,heap     ] GC(17) Survivor regions: 6->6(20)
[2025-08-25T08:31:45.136+0000][121][info ][gc,heap     ] GC(17) Old regions: 30->30
[2025-08-25T08:31:45.136+0000][121][info ][gc,heap     ] GC(17) Humongous regions: 2->2
[2025-08-25T08:31:45.136+0000][121][info ][gc,metaspace] GC(17) Metaspace: 150144K(154496K)->150144K(154496K) NonClass: 128855K(131264K)->128855K(131264K) Class: 21288K(23232K)->21288K(23232K)
[2025-08-25T08:31:45.137+0000][121][info ][gc          ] GC(17) Pause Young (Concurrent Start) (CodeCache GC Threshold) 624M->149M(1024M) 14.637ms
[2025-08-25T08:31:45.137+0000][121][info ][gc,cpu      ] GC(17) User=0.05s Sys=0.00s Real=0.02s
[2025-08-25T08:31:45.137+0000][121][info ][gc          ] GC(18) Concurrent Mark Cycle
[2025-08-25T08:31:45.137+0000][121][info ][gc,marking  ] GC(18) Concurrent Scan Root Regions
[2025-08-25T08:31:45.137+0000][121][info ][safepoint   ] Safepoint "G1TryInitiateConcMark", Time since last: 147282625 ns, Reaching safepoint: 26542 ns, Cleanup: 158666 ns, At safepoint: 14826959 ns, Total: 15012167 ns
[2025-08-25T08:31:45.145+0000][121][info ][gc,marking  ] GC(18) Concurrent Scan Root Regions 7.822ms
[2025-08-25T08:31:45.145+0000][121][info ][gc,marking  ] GC(18) Concurrent Mark
[2025-08-25T08:31:45.145+0000][121][info ][gc,marking  ] GC(18) Concurrent Mark From Roots
[2025-08-25T08:31:45.145+0000][121][info ][gc,task     ] GC(18) Using 2 workers of 2 for marking
[2025-08-25T08:31:45.279+0000][121][info ][gc,marking  ] GC(18) Concurrent Mark From Roots 133.798ms
[2025-08-25T08:31:45.279+0000][121][info ][gc,marking  ] GC(18) Concurrent Preclean
[2025-08-25T08:31:45.280+0000][121][info ][gc,marking  ] GC(18) Concurrent Preclean 1.230ms
[2025-08-25T08:31:45.281+0000][121][info ][safepoint   ] Safepoint "ICBufferFull", Time since last: 144388166 ns, Reaching safepoint: 8792 ns, Cleanup: 166375 ns, At safepoint: 16167 ns, Total: 191334 ns
[2025-08-25T08:31:45.282+0000][121][info ][gc,start    ] GC(18) Pause Remark
[2025-08-25T08:31:45.331+0000][121][info ][gc          ] GC(18) Pause Remark 168M->168M(1024M) 48.867ms
[2025-08-25T08:31:45.331+0000][121][info ][gc,cpu      ] GC(18) User=0.24s Sys=0.01s Real=0.05s
[2025-08-25T08:31:45.331+0000][121][info ][safepoint   ] Safepoint "G1PauseRemark", Time since last: 355375 ns, Reaching safepoint: 36291 ns, Cleanup: 3917 ns, At safepoint: 49177417 ns, Total: 49217625 ns
[2025-08-25T08:31:45.334+0000][121][info ][gc,marking  ] GC(18) Concurrent Mark 189.444ms
[2025-08-25T08:31:45.335+0000][121][info ][gc,marking  ] GC(18) Concurrent Rebuild Remembered Sets and Scrub Regions
[2025-08-25T08:31:45.373+0000][121][info ][gc,marking  ] GC(18) Concurrent Rebuild Remembered Sets and Scrub Regions 38.607ms
[2025-08-25T08:31:45.374+0000][121][info ][gc,start    ] GC(18) Pause Cleanup
[2025-08-25T08:31:45.375+0000][121][info ][gc          ] GC(18) Pause Cleanup 170M->170M(1024M) 0.171ms
[2025-08-25T08:31:45.375+0000][121][info ][gc,cpu      ] GC(18) User=0.00s Sys=0.00s Real=0.00s
[2025-08-25T08:31:45.375+0000][121][info ][safepoint   ] Safepoint "G1PauseCleanup", Time since last: 42803750 ns, Reaching safepoint: 608916 ns, Cleanup: 85250 ns, At safepoint: 363875 ns, Total: 1058041 ns
[2025-08-25T08:31:45.375+0000][121][info ][gc,marking  ] GC(18) Concurrent Clear Claimed Marks
[2025-08-25T08:31:45.375+0000][121][info ][gc,marking  ] GC(18) Concurrent Clear Claimed Marks 0.546ms
[2025-08-25T08:31:45.375+0000][121][info ][gc,marking  ] GC(18) Concurrent Cleanup for Next Mark
[2025-08-25T08:31:45.386+0000][121][info ][gc,marking  ] GC(18) Concurrent Cleanup for Next Mark 10.039ms
[2025-08-25T08:31:45.386+0000][121][info ][gc          ] GC(18) Concurrent Mark Cycle 249.213ms
[2025-08-25T08:31:46.101+0000][121][info ][safepoint   ] Safepoint "ICBufferFull", Time since last: 725751459 ns, Reaching safepoint: 14833 ns, Cleanup: 126959 ns, At safepoint: 11916 ns, Total: 153708 ns
[2025-08-25T08:31:47.132+0000][121][info ][safepoint   ] Safepoint "Cleanup", Time since last: 1031122751 ns, Reaching safepoint: 17375 ns, Cleanup: 28083 ns, At safepoint: 7500 ns, Total: 52958 ns
[2025-08-25T08:31:48.133+0000][121][info ][safepoint   ] Safepoint "Cleanup", Time since last: 1000577542 ns, Reaching safepoint: 24417 ns, Cleanup: 122583 ns, At safepoint: 15084 ns, Total: 162084 ns
[2025-08-25T08:31:49.134+0000][121][info ][safepoint   ] Safepoint "Cleanup", Time since last: 1001369875 ns, Reaching safepoint: 20625 ns, Cleanup: 39750 ns, At safepoint: 5375 ns, Total: 65750 ns
[2025-08-25T08:31:49.469+0000][121][info ][safepoint   ] Safepoint "ICBufferFull", Time since last: 334566667 ns, Reaching safepoint: 6125 ns, Cleanup: 111750 ns, At safepoint: 6125 ns, Total: 124000 ns
[2025-08-25T08:31:51.091+0000][121][info ][safepoint   ] Safepoint "ICBufferFull", Time since last: 1621769917 ns, Reaching safepoint: 11417 ns, Cleanup: 75875 ns, At safepoint: 5292 ns, Total: 92584 ns
[2025-08-25T08:31:52.092+0000][121][info ][safepoint   ] Safepoint "Cleanup", Time since last: 1000746292 ns, Reaching safepoint: 647125 ns, Cleanup: 351708 ns, At safepoint: 35083 ns, Total: 1033916 ns
[2025-08-25T08:31:53.094+0000][121][info ][safepoint   ] Safepoint "Cleanup", Time since last: 1001013834 ns, Reaching safepoint: 220834 ns, Cleanup: 32625 ns, At safepoint: 19791 ns, Total: 273250 ns
[2025-08-25T08:31:54.096+0000][121][info ][safepoint   ] Safepoint "Cleanup", Time since last: 1001578459 ns, Reaching safepoint: 1154625 ns, Cleanup: 82458 ns, At safepoint: 26334 ns, Total: 1263417 ns
[2025-08-25T08:31:55.574+0000][121][info ][safepoint   ] Safepoint "Cleanup", Time since last: 1477062209 ns, Reaching safepoint: 37666 ns, Cleanup: 31334 ns, At safepoint: 10250 ns, Total: 79250 ns
[2025-08-25T08:31:56.575+0000][121][info ][safepoint   ] Safepoint "Cleanup", Time since last: 1001448167 ns, Reaching safepoint: 169625 ns, Cleanup: 37042 ns, At safepoint: 16625 ns, Total: 223292 ns
[2025-08-25T08:31:57.577+0000][121][info ][safepoint   ] Safepoint "Cleanup", Time since last: 1001454917 ns, Reaching safepoint: 25791 ns, Cleanup: 21667 ns, At safepoint: 7750 ns, Total: 55208 ns
[2025-08-25T08:31:58.577+0000][121][info ][safepoint   ] Safepoint "Cleanup", Time since last: 1000496751 ns, Reaching safepoint: 26916 ns, Cleanup: 20209 ns, At safepoint: 11708 ns, Total: 58833 ns
[2025-08-25T08:31:59.578+0000][121][info ][safepoint   ] Safepoint "Cleanup", Time since last: 1000854500 ns, Reaching safepoint: 63875 ns, Cleanup: 65292 ns, At safepoint: 7625 ns, Total: 136792 ns
[2025-08-25T08:32:00.580+0000][121][info ][safepoint   ] Safepoint "Cleanup", Time since last: 1001337376 ns, Reaching safepoint: 45041 ns, Cleanup: 19209 ns, At safepoint: 7458 ns, Total: 71708 ns
[2025-08-25T08:32:01.587+0000][121][info ][safepoint   ] Safepoint "Cleanup", Time since last: 1007190334 ns, Reaching safepoint: 17875 ns, Cleanup: 69250 ns, At safepoint: 7875 ns, Total: 95000 ns
[2025-08-25T08:32:02.691+0000][121][info ][safepoint   ] Safepoint "Cleanup", Time since last: 1104295750 ns, Reaching safepoint: 6834 ns, Cleanup: 52958 ns, At safepoint: 9042 ns, Total: 68834 ns
[2025-08-25T08:32:03.695+0000][121][info ][safepoint   ] Safepoint "Cleanup", Time since last: 1003223500 ns, Reaching safepoint: 125833 ns, Cleanup: 332875 ns, At safepoint: 25667 ns, Total: 484375 ns
[2025-08-25T08:32:04.359+0000][121][info ][safepoint   ] Safepoint "ICBufferFull", Time since last: 663591375 ns, Reaching safepoint: 15959 ns, Cleanup: 166500 ns, At safepoint: 17541 ns, Total: 200000 ns
[2025-08-25T08:32:05.360+0000][121][info ][safepoint   ] Safepoint "Cleanup", Time since last: 1000792376 ns, Reaching safepoint: 374041 ns, Cleanup: 168834 ns, At safepoint: 23833 ns, Total: 566708 ns
[2025-08-25T08:32:06.363+0000][121][info ][safepoint   ] Safepoint "Cleanup", Time since last: 1002366292 ns, Reaching safepoint: 25209 ns, Cleanup: 54375 ns, At safepoint: 8916 ns, Total: 88500 ns
[2025-08-25T08:32:07.364+0000][121][info ][safepoint   ] Safepoint "Cleanup", Time since last: 1001516501 ns, Reaching safepoint: 24083 ns, Cleanup: 73208 ns, At safepoint: 13834 ns, Total: 111125 ns
[2025-08-25T08:32:08.369+0000][121][info ][safepoint   ] Safepoint "Cleanup", Time since last: 1003679625 ns, Reaching safepoint: 1809000 ns, Cleanup: 24750 ns, At safepoint: 9791 ns, Total: 1843541 ns
[2025-08-25T08:32:09.371+0000][121][info ][safepoint   ] Safepoint "Cleanup", Time since last: 1001579792 ns, Reaching safepoint: 107625 ns, Cleanup: 107750 ns, At safepoint: 8375 ns, Total: 223750 ns
[2025-08-25T08:32:10.791+0000][121][info ][safepoint   ] Safepoint "Cleanup", Time since last: 1420001834 ns, Reaching safepoint: 53000 ns, Cleanup: 20000 ns, At safepoint: 10334 ns, Total: 83334 ns
[2025-08-25T08:32:11.792+0000][121][info ][safepoint   ] Safepoint "Cleanup", Time since last: 1000553834 ns, Reaching safepoint: 353750 ns, Cleanup: 61083 ns, At safepoint: 16833 ns, Total: 431666 ns
[2025-08-25T08:32:12.525+0000][121][info ][safepoint   ] Safepoint "ICBufferFull", Time since last: 732549542 ns, Reaching safepoint: 63417 ns, Cleanup: 263833 ns, At safepoint: 13792 ns, Total: 341042 ns
[2025-08-25T08:32:12.757+0000][121][info ][safepoint   ] Safepoint "ICBufferFull", Time since last: 231423917 ns, Reaching safepoint: 34666 ns, Cleanup: 716792 ns, At safepoint: 265625 ns, Total: 1017083 ns
[2025-08-25T08:32:13.868+0000][121][info ][safepoint   ] Safepoint "Cleanup", Time since last: 1110287292 ns, Reaching safepoint: 98125 ns, Cleanup: 125750 ns, At safepoint: 15500 ns, Total: 239375 ns
[2025-08-25T08:32:14.868+0000][121][info ][safepoint   ] Safepoint "Cleanup", Time since last: 1000630251 ns, Reaching safepoint: 42833 ns, Cleanup: 56000 ns, At safepoint: 11125 ns, Total: 109958 ns
[2025-08-25T08:32:15.053+0000][121][info ][safepoint   ] Safepoint "ICBufferFull", Time since last: 184654167 ns, Reaching safepoint: 10708 ns, Cleanup: 75792 ns, At safepoint: 4708 ns, Total: 91208 ns
[2025-08-25T08:32:16.979+0000][121][info ][safepoint   ] Safepoint "Cleanup", Time since last: 1926123668 ns, Reaching safepoint: 14500 ns, Cleanup: 49541 ns, At safepoint: 3750 ns, Total: 67791 ns
[2025-08-25T08:32:17.981+0000][121][info ][safepoint   ] Safepoint "Cleanup", Time since last: 1001647709 ns, Reaching safepoint: 53584 ns, Cleanup: 73250 ns, At safepoint: 15916 ns, Total: 142750 ns
[2025-08-25T08:32:19.029+0000][121][info ][safepoint   ] Safepoint "Cleanup", Time since last: 1048132542 ns, Reaching safepoint: 10000 ns, Cleanup: 102209 ns, At safepoint: 5166 ns, Total: 117375 ns
[2025-08-25T08:32:20.035+0000][121][info ][safepoint   ] Safepoint "Cleanup", Time since last: 1005294168 ns, Reaching safepoint: 4333 ns, Cleanup: 79708 ns, At safepoint: 7250 ns, Total: 91291 ns
[2025-08-25T08:32:21.375+0000][121][info ][safepoint   ] Safepoint "Cleanup", Time since last: 1340129792 ns, Reaching safepoint: 41667 ns, Cleanup: 87500 ns, At safepoint: 12625 ns, Total: 141792 ns
[2025-08-25T08:32:22.376+0000][121][info ][safepoint   ] Safepoint "Cleanup", Time since last: 1000750084 ns, Reaching safepoint: 23458 ns, Cleanup: 46667 ns, At safepoint: 8125 ns, Total: 78250 ns
[2025-08-25T08:32:23.954+0000][121][info ][safepoint   ] Safepoint "Cleanup", Time since last: 1578501334 ns, Reaching safepoint: 4792 ns, Cleanup: 54208 ns, At safepoint: 8333 ns, Total: 67333 ns
[2025-08-25T08:32:24.073+0000][121][info ][safepoint   ] Safepoint "ICBufferFull", Time since last: 118288292 ns, Reaching safepoint: 11625 ns, Cleanup: 84083 ns, At safepoint: 10417 ns, Total: 106125 ns
[2025-08-25T08:32:24.201+0000][121][info ][safepoint   ] Safepoint "ICBufferFull", Time since last: 128165625 ns, Reaching safepoint: 313375 ns, Cleanup: 101875 ns, At safepoint: 11083 ns, Total: 426333 ns
[2025-08-25T08:32:24.459+0000][121][info ][safepoint   ] Safepoint "ICBufferFull", Time since last: 257671834 ns, Reaching safepoint: 12125 ns, Cleanup: 85208 ns, At safepoint: 6250 ns, Total: 103583 ns
[2025-08-25T08:32:25.461+0000][121][info ][safepoint   ] Safepoint "Cleanup", Time since last: 1002135959 ns, Reaching safepoint: 47708 ns, Cleanup: 28917 ns, At safepoint: 8417 ns, Total: 85042 ns
[2025-08-25T08:32:26.462+0000][121][info ][safepoint   ] Safepoint "Cleanup", Time since last: 1000854584 ns, Reaching safepoint: 13083 ns, Cleanup: 19458 ns, At safepoint: 4500 ns, Total: 37041 ns
[2025-08-25T08:32:27.463+0000][121][info ][safepoint   ] Safepoint "Cleanup", Time since last: 1001078959 ns, Reaching safepoint: 29708 ns, Cleanup: 19209 ns, At safepoint: 8750 ns, Total: 57667 ns
[2025-08-25T08:32:29.098+0000][121][info ][safepoint   ] Safepoint "Cleanup", Time since last: 1634938001 ns, Reaching safepoint: 3916 ns, Cleanup: 28417 ns, At safepoint: 4125 ns, Total: 36458 ns
[2025-08-25T08:32:30.224+0000][121][info ][safepoint   ] Safepoint "Cleanup", Time since last: 1125158250 ns, Reaching safepoint: 18792 ns, Cleanup: 47292 ns, At safepoint: 4250 ns, Total: 70334 ns
[2025-08-25T08:32:31.225+0000][121][info ][safepoint   ] Safepoint "Cleanup", Time since last: 1001539917 ns, Reaching safepoint: 30625 ns, Cleanup: 54792 ns, At safepoint: 12166 ns, Total: 97583 ns
[2025-08-25T08:32:32.226+0000][121][info ][safepoint   ] Safepoint "Cleanup", Time since last: 1001014501 ns, Reaching safepoint: 67125 ns, Cleanup: 25000 ns, At safepoint: 9166 ns, Total: 101291 ns
[2025-08-25T08:32:33.228+0000][121][info ][safepoint   ] Safepoint "Cleanup", Time since last: 1001731251 ns, Reaching safepoint: 26041 ns, Cleanup: 32959 ns, At safepoint: 7333 ns, Total: 66333 ns
[2025-08-25T08:32:34.229+0000][121][info ][safepoint   ] Safepoint "Cleanup", Time since last: 1001104751 ns, Reaching safepoint: 39500 ns, Cleanup: 42625 ns, At safepoint: 9208 ns, Total: 91333 ns
[2025-08-25T08:32:35.274+0000][121][info ][safepoint   ] Safepoint "Cleanup", Time since last: 1044226667 ns, Reaching safepoint: 26708 ns, Cleanup: 87750 ns, At safepoint: 11959 ns, Total: 126417 ns
[2025-08-25T08:32:36.274+0000][121][info ][safepoint   ] Safepoint "Cleanup", Time since last: 1000528167 ns, Reaching safepoint: 11000 ns, Cleanup: 42792 ns, At safepoint: 6333 ns, Total: 60125 ns
[2025-08-25T08:32:37.275+0000][121][info ][safepoint   ] Safepoint "Cleanup", Time since last: 1001084750 ns, Reaching safepoint: 22250 ns, Cleanup: 31750 ns, At safepoint: 12250 ns, Total: 66250 ns
[2025-08-25T08:32:38.277+0000][121][info ][safepoint   ] Safepoint "Cleanup", Time since last: 1000798501 ns, Reaching safepoint: 15250 ns, Cleanup: 20666 ns, At safepoint: 7625 ns, Total: 43541 ns
[2025-08-25T08:32:39.263+0000][121][info ][safepoint   ] Safepoint "ICBufferFull", Time since last: 986218834 ns, Reaching safepoint: 18000 ns, Cleanup: 88917 ns, At safepoint: 7791 ns, Total: 114708 ns
[2025-08-25T08:32:40.312+0000][121][info ][safepoint   ] Safepoint "Cleanup", Time since last: 1048643043 ns, Reaching safepoint: 29291 ns, Cleanup: 120084 ns, At safepoint: 7375 ns, Total: 156750 ns
[2025-08-25T08:32:41.313+0000][121][info ][safepoint   ] Safepoint "Cleanup", Time since last: 1000877083 ns, Reaching safepoint: 15834 ns, Cleanup: 67250 ns, At safepoint: 9000 ns, Total: 92084 ns
[2025-08-25T08:32:42.311+0000][121][info ][safepoint   ] Safepoint "ICBufferFull", Time since last: 997528375 ns, Reaching safepoint: 6667 ns, Cleanup: 191125 ns, At safepoint: 2750 ns, Total: 200542 ns
[2025-08-25T08:32:43.311+0000][121][info ][safepoint   ] Safepoint "Cleanup", Time since last: 1000046750 ns, Reaching safepoint: 4000 ns, Cleanup: 69459 ns, At safepoint: 5000 ns, Total: 78459 ns
[2025-08-25T08:32:44.313+0000][121][info ][safepoint   ] Safepoint "Cleanup", Time since last: 1001974833 ns, Reaching safepoint: 35584 ns, Cleanup: 20125 ns, At safepoint: 7583 ns, Total: 63292 ns
[2025-08-25T08:32:45.315+0000][121][info ][safepoint   ] Safepoint "Cleanup", Time since last: 1001420667 ns, Reaching safepoint: 14792 ns, Cleanup: 23292 ns, At safepoint: 7041 ns, Total: 45125 ns
[2025-08-25T08:32:46.315+0000][121][info ][safepoint   ] Safepoint "Cleanup", Time since last: 1000540417 ns, Reaching safepoint: 59834 ns, Cleanup: 29291 ns, At safepoint: 19250 ns, Total: 108375 ns
[2025-08-25T08:32:48.317+0000][121][info ][safepoint   ] Safepoint "Cleanup", Time since last: 2002079210 ns, Reaching safepoint: 77875 ns, Cleanup: 40375 ns, At safepoint: 12708 ns, Total: 130958 ns
[2025-08-25T08:32:49.331+0000][121][info ][safepoint   ] Safepoint "Cleanup", Time since last: 1013503417 ns, Reaching safepoint: 32792 ns, Cleanup: 211583 ns, At safepoint: 8709 ns, Total: 253084 ns
[2025-08-25T08:32:50.369+0000][121][info ][safepoint   ] Safepoint "Cleanup", Time since last: 1037966708 ns, Reaching safepoint: 43125 ns, Cleanup: 40125 ns, At safepoint: 11959 ns, Total: 95209 ns
[2025-08-25T08:32:51.370+0000][121][info ][safepoint   ] Safepoint "Cleanup", Time since last: 1000833833 ns, Reaching safepoint: 35375 ns, Cleanup: 14875 ns, At safepoint: 7209 ns, Total: 57459 ns
[2025-08-25T08:32:53.730+0000][121][info ][safepoint   ] Safepoint "Cleanup", Time since last: 2359956334 ns, Reaching safepoint: 6084 ns, Cleanup: 8000 ns, At safepoint: 2541 ns, Total: 16625 ns
[2025-08-25T08:32:55.419+0000][121][info ][safepoint   ] Safepoint "Cleanup", Time since last: 1689220084 ns, Reaching safepoint: 40084 ns, Cleanup: 28166 ns, At safepoint: 13000 ns, Total: 81250 ns
[2025-08-25T08:32:57.422+0000][121][info ][safepoint   ] Safepoint "Cleanup", Time since last: 2002747043 ns, Reaching safepoint: 134042 ns, Cleanup: 85791 ns, At safepoint: 17542 ns, Total: 237375 ns
[2025-08-25T08:32:59.423+0000][121][info ][safepoint   ] Safepoint "Cleanup", Time since last: 2000979209 ns, Reaching safepoint: 50542 ns, Cleanup: 29292 ns, At safepoint: 12833 ns, Total: 92667 ns
[2025-08-25T08:33:00.425+0000][121][info ][safepoint   ] Safepoint "Cleanup", Time since last: 1001611875 ns, Reaching safepoint: 34292 ns, Cleanup: 20833 ns, At safepoint: 10042 ns, Total: 65167 ns
[2025-08-25T08:33:03.428+0000][121][info ][safepoint   ] Safepoint "Cleanup", Time since last: 3003069543 ns, Reaching safepoint: 58459 ns, Cleanup: 25041 ns, At safepoint: 11125 ns, Total: 94625 ns
[2025-08-25T08:33:04.430+0000][121][info ][safepoint   ] Safepoint "Cleanup", Time since last: 1001987001 ns, Reaching safepoint: 10500 ns, Cleanup: 27875 ns, At safepoint: 3541 ns, Total: 41916 ns
[2025-08-25T08:33:05.431+0000][121][info ][safepoint   ] Safepoint "Cleanup", Time since last: 1000949043 ns, Reaching safepoint: 31625 ns, Cleanup: 17750 ns, At safepoint: 11166 ns, Total: 60541 ns
[2025-08-25T08:33:06.432+0000][121][info ][safepoint   ] Safepoint "Cleanup", Time since last: 1000819251 ns, Reaching safepoint: 12875 ns, Cleanup: 23875 ns, At safepoint: 3541 ns, Total: 40291 ns
[2025-08-25T08:33:08.434+0000][121][info ][safepoint   ] Safepoint "Cleanup", Time since last: 2002302084 ns, Reaching safepoint: 60542 ns, Cleanup: 11291 ns, At safepoint: 6959 ns, Total: 78792 ns
[2025-08-25T08:33:09.436+0000][121][info ][safepoint   ] Safepoint "Cleanup", Time since last: 1001131750 ns, Reaching safepoint: 120750 ns, Cleanup: 52042 ns, At safepoint: 15750 ns, Total: 188542 ns
[2025-08-25T08:33:10.437+0000][121][info ][safepoint   ] Safepoint "Cleanup", Time since last: 1001347250 ns, Reaching safepoint: 14917 ns, Cleanup: 11875 ns, At safepoint: 3708 ns, Total: 30500 ns
[2025-08-25T08:33:11.438+0000][121][info ][safepoint   ] Safepoint "Cleanup", Time since last: 1001135251 ns, Reaching safepoint: 16125 ns, Cleanup: 31916 ns, At safepoint: 5000 ns, Total: 53041 ns
[2025-08-25T08:33:12.439+0000][121][info ][safepoint   ] Safepoint "Cleanup", Time since last: 1000774709 ns, Reaching safepoint: 31959 ns, Cleanup: 18875 ns, At safepoint: 6208 ns, Total: 57042 ns
[2025-08-25T08:33:13.440+0000][121][info ][safepoint   ] Safepoint "Cleanup", Time since last: 1000969875 ns, Reaching safepoint: 51334 ns, Cleanup: 30083 ns, At safepoint: 9167 ns, Total: 90584 ns
[2025-08-25T08:33:14.441+0000][121][info ][safepoint   ] Safepoint "Cleanup", Time since last: 1001160625 ns, Reaching safepoint: 16417 ns, Cleanup: 18708 ns, At safepoint: 3875 ns, Total: 39000 ns
[2025-08-25T08:33:15.443+0000][121][info ][safepoint   ] Safepoint "Cleanup", Time since last: 1001225001 ns, Reaching safepoint: 18833 ns, Cleanup: 26167 ns, At safepoint: 9125 ns, Total: 54125 ns
[2025-08-25T08:33:18.447+0000][121][info ][safepoint   ] Safepoint "Cleanup", Time since last: 3004430418 ns, Reaching safepoint: 20583 ns, Cleanup: 25458 ns, At safepoint: 10834 ns, Total: 56875 ns
[2025-08-25T08:33:19.449+0000][121][info ][safepoint   ] Safepoint "Cleanup", Time since last: 1001377500 ns, Reaching safepoint: 56209 ns, Cleanup: 70000 ns, At safepoint: 7583 ns, Total: 133792 ns
[2025-08-25T08:33:20.532+0000][121][info ][safepoint   ] Safepoint "Cleanup", Time since last: 1083237417 ns, Reaching safepoint: 80042 ns, Cleanup: 104541 ns, At safepoint: 15709 ns, Total: 200292 ns
[2025-08-25T08:33:21.610+0000][121][info ][safepoint   ] Safepoint "Cleanup", Time since last: 1078129625 ns, Reaching safepoint: 19042 ns, Cleanup: 55208 ns, At safepoint: 10542 ns, Total: 84792 ns
[2025-08-25T08:33:24.228+0000][121][info ][safepoint   ] Safepoint "Cleanup", Time since last: 2618137835 ns, Reaching safepoint: 7083 ns, Cleanup: 39000 ns, At safepoint: 8167 ns, Total: 54250 ns
[2025-08-25T08:33:25.580+0000][121][info ][safepoint   ] Safepoint "Cleanup", Time since last: 1351353750 ns, Reaching safepoint: 18500 ns, Cleanup: 27375 ns, At safepoint: 7625 ns, Total: 53500 ns
[2025-08-25T08:33:27.582+0000][121][info ][safepoint   ] Safepoint "Cleanup", Time since last: 2002301126 ns, Reaching safepoint: 14375 ns, Cleanup: 10042 ns, At safepoint: 4708 ns, Total: 29125 ns
[2025-08-25T08:33:29.584+0000][121][info ][safepoint   ] Safepoint "Cleanup", Time since last: 2001634543 ns, Reaching safepoint: 55041 ns, Cleanup: 15917 ns, At safepoint: 10958 ns, Total: 81916 ns
[2025-08-25T08:33:30.585+0000][121][info ][safepoint   ] Safepoint "Cleanup", Time since last: 1001186251 ns, Reaching safepoint: 19083 ns, Cleanup: 19542 ns, At safepoint: 6583 ns, Total: 45208 ns
[2025-08-25T08:33:33.588+0000][121][info ][safepoint   ] Safepoint "Cleanup", Time since last: 3002717127 ns, Reaching safepoint: 218875 ns, Cleanup: 75291 ns, At safepoint: 26084 ns, Total: 320250 ns
[2025-08-25T08:33:34.624+0000][121][info ][safepoint   ] Safepoint "Cleanup", Time since last: 1035650542 ns, Reaching safepoint: 119500 ns, Cleanup: 73458 ns, At safepoint: 25708 ns, Total: 218666 ns
[2025-08-25T08:33:34.945+0000][121][info ][gc,start    ] GC(19) Pause Young (Prepare Mixed) (G1 Evacuation Pause)
[2025-08-25T08:33:34.945+0000][121][info ][gc,task     ] GC(19) Using 8 workers of 8 for evacuation
[2025-08-25T08:33:34.945+0000][121][debug][gc,age      ] GC(19) Desired survivor size 41943040 bytes, new threshold 15 (max threshold 15)
[2025-08-25T08:33:35.004+0000][121][info ][gc,phases   ] GC(19)   Pre Evacuate Collection Set: 0.57ms
[2025-08-25T08:33:35.004+0000][121][info ][gc,phases   ] GC(19)   Merge Heap Roots: 0.21ms
[2025-08-25T08:33:35.004+0000][121][info ][gc,phases   ] GC(19)   Evacuate Collection Set: 53.86ms
[2025-08-25T08:33:35.005+0000][121][info ][gc,phases   ] GC(19)   Post Evacuate Collection Set: 4.29ms
[2025-08-25T08:33:35.005+0000][121][info ][gc,phases   ] GC(19)   Other: 0.25ms
[2025-08-25T08:33:35.005+0000][121][trace][gc,age      ] GC(19) Age table with threshold 15 (max threshold 15)
[2025-08-25T08:33:35.005+0000][121][trace][gc,age      ] GC(19) - age   1:    7371144 bytes,    7371144 total
[2025-08-25T08:33:35.005+0000][121][trace][gc,age      ] GC(19) - age   2:    4220664 bytes,   11591808 total
[2025-08-25T08:33:35.005+0000][121][trace][gc,age      ] GC(19) - age   3:   14282176 bytes,   25873984 total
[2025-08-25T08:33:35.005+0000][121][trace][gc,age      ] GC(19) - age   4:      27520 bytes,   25901504 total
[2025-08-25T08:33:35.005+0000][121][info ][gc,heap     ] GC(19) Eden regions: 147->0(146)
[2025-08-25T08:33:35.005+0000][121][info ][gc,heap     ] GC(19) Survivor regions: 6->7(20)
[2025-08-25T08:33:35.005+0000][121][info ][gc,heap     ] GC(19) Old regions: 30->30
[2025-08-25T08:33:35.005+0000][121][info ][gc,heap     ] GC(19) Humongous regions: 2->2
[2025-08-25T08:33:35.005+0000][121][info ][gc,metaspace] GC(19) Metaspace: 154428K(158848K)->154428K(158848K) NonClass: 132733K(135168K)->132733K(135168K) Class: 21695K(23680K)->21695K(23680K)
[2025-08-25T08:33:35.005+0000][121][info ][gc          ] GC(19) Pause Young (Prepare Mixed) (G1 Evacuation Pause) 737M->154M(1024M) 60.011ms
[2025-08-25T08:33:35.005+0000][121][info ][gc,cpu      ] GC(19) User=0.32s Sys=0.01s Real=0.06s
[2025-08-25T08:33:35.005+0000][121][info ][safepoint   ] Safepoint "G1CollectForAllocation", Time since last: 320870459 ns, Reaching safepoint: 6458 ns, Cleanup: 101959 ns, At safepoint: 60158291 ns, Total: 60266708 ns
[2025-08-25T08:33:37.005+0000][121][info ][safepoint   ] Safepoint "Cleanup", Time since last: 2000260501 ns, Reaching safepoint: 16959 ns, Cleanup: 66500 ns, At safepoint: 6166 ns, Total: 89625 ns
[2025-08-25T08:33:38.007+0000][121][info ][safepoint   ] Safepoint "Cleanup", Time since last: 1000993000 ns, Reaching safepoint: 29000 ns, Cleanup: 47875 ns, At safepoint: 7625 ns, Total: 84500 ns
[2025-08-25T08:33:39.009+0000][121][info ][safepoint   ] Safepoint "Cleanup", Time since last: 1001449209 ns, Reaching safepoint: 42459 ns, Cleanup: 26541 ns, At safepoint: 12459 ns, Total: 81459 ns
[2025-08-25T08:33:40.017+0000][121][info ][safepoint   ] Safepoint "Cleanup", Time since last: 1008785542 ns, Reaching safepoint: 6250 ns, Cleanup: 76583 ns, At safepoint: 5917 ns, Total: 88750 ns
[2025-08-25T08:33:41.022+0000][121][info ][safepoint   ] Safepoint "Cleanup", Time since last: 1005031959 ns, Reaching safepoint: 14583 ns, Cleanup: 21250 ns, At safepoint: 5958 ns, Total: 41791 ns
[2025-08-25T08:33:42.024+0000][121][info ][safepoint   ] Safepoint "Cleanup", Time since last: 1000969209 ns, Reaching safepoint: 92375 ns, Cleanup: 70708 ns, At safepoint: 9584 ns, Total: 172667 ns
[2025-08-25T08:33:43.474+0000][121][info ][safepoint   ] Safepoint "Cleanup", Time since last: 1449823167 ns, Reaching safepoint: 35042 ns, Cleanup: 140333 ns, At safepoint: 10958 ns, Total: 186333 ns
[2025-08-25T08:33:44.479+0000][121][info ][safepoint   ] Safepoint "Cleanup", Time since last: 1004936168 ns, Reaching safepoint: 21000 ns, Cleanup: 49583 ns, At safepoint: 13375 ns, Total: 83958 ns
[2025-08-25T08:33:45.492+0000][121][info ][safepoint   ] Safepoint "Cleanup", Time since last: 1013619042 ns, Reaching safepoint: 4917 ns, Cleanup: 89041 ns, At safepoint: 5084 ns, Total: 99042 ns
[2025-08-25T08:33:47.518+0000][121][info ][safepoint   ] Safepoint "Cleanup", Time since last: 2025890376 ns, Reaching safepoint: 14458 ns, Cleanup: 10083 ns, At safepoint: 5125 ns, Total: 29666 ns
[2025-08-25T08:33:48.520+0000][121][info ][safepoint   ] Safepoint "Cleanup", Time since last: 1001443667 ns, Reaching safepoint: 71250 ns, Cleanup: 47834 ns, At safepoint: 18250 ns, Total: 137334 ns
[2025-08-25T08:33:50.049+0000][121][info ][safepoint   ] Safepoint "Cleanup", Time since last: 1528895792 ns, Reaching safepoint: 15000 ns, Cleanup: 86042 ns, At safepoint: 9833 ns, Total: 110875 ns
[2025-08-25T08:33:51.077+0000][121][info ][safepoint   ] Safepoint "Cleanup", Time since last: 1027821876 ns, Reaching safepoint: 21416 ns, Cleanup: 12000 ns, At safepoint: 6792 ns, Total: 40208 ns
[2025-08-25T08:33:52.077+0000][121][info ][safepoint   ] Safepoint "Cleanup", Time since last: 1000486167 ns, Reaching safepoint: 16208 ns, Cleanup: 19334 ns, At safepoint: 4625 ns, Total: 40167 ns
[2025-08-25T08:33:55.067+0000][121][info ][safepoint   ] Safepoint "Cleanup", Time since last: 2989953335 ns, Reaching safepoint: 19083 ns, Cleanup: 32417 ns, At safepoint: 12208 ns, Total: 63708 ns
[2025-08-25T08:33:56.124+0000][121][info ][safepoint   ] Safepoint "Cleanup", Time since last: 1056826875 ns, Reaching safepoint: 18167 ns, Cleanup: 11542 ns, At safepoint: 4958 ns, Total: 34667 ns
[2025-08-25T08:33:57.126+0000][121][info ][safepoint   ] Safepoint "Cleanup", Time since last: 1002221167 ns, Reaching safepoint: 14542 ns, Cleanup: 10792 ns, At safepoint: 9958 ns, Total: 35292 ns
[2025-08-25T08:33:58.128+0000][121][info ][safepoint   ] Safepoint "Cleanup", Time since last: 1001196334 ns, Reaching safepoint: 16416 ns, Cleanup: 30292 ns, At safepoint: 19833 ns, Total: 66541 ns
[2025-08-25T08:33:59.128+0000][121][info ][safepoint   ] Safepoint "Cleanup", Time since last: 1000581126 ns, Reaching safepoint: 22792 ns, Cleanup: 35541 ns, At safepoint: 20750 ns, Total: 79083 ns
[2025-08-25T08:34:00.130+0000][121][info ][safepoint   ] Safepoint "Cleanup", Time since last: 1001642334 ns, Reaching safepoint: 10500 ns, Cleanup: 11458 ns, At safepoint: 6209 ns, Total: 28167 ns
[2025-08-25T08:34:01.131+0000][121][info ][safepoint   ] Safepoint "Cleanup", Time since last: 1000380083 ns, Reaching safepoint: 98584 ns, Cleanup: 23500 ns, At safepoint: 32791 ns, Total: 154875 ns
[2025-08-25T08:34:02.131+0000][121][info ][safepoint   ] Safepoint "Cleanup", Time since last: 1000701293 ns, Reaching safepoint: 14833 ns, Cleanup: 13333 ns, At safepoint: 5584 ns, Total: 33750 ns
[2025-08-25T08:34:03.133+0000][121][info ][safepoint   ] Safepoint "Cleanup", Time since last: 1001252333 ns, Reaching safepoint: 12167 ns, Cleanup: 15083 ns, At safepoint: 8125 ns, Total: 35375 ns
[2025-08-25T08:34:04.134+0000][121][info ][safepoint   ] Safepoint "Cleanup", Time since last: 1001050459 ns, Reaching safepoint: 9542 ns, Cleanup: 6250 ns, At safepoint: 5500 ns, Total: 21292 ns
[2025-08-25T08:34:05.134+0000][121][info ][safepoint   ] Safepoint "Cleanup", Time since last: 1000571375 ns, Reaching safepoint: 13125 ns, Cleanup: 20875 ns, At safepoint: 7167 ns, Total: 41167 ns
[2025-08-25T08:34:06.135+0000][121][info ][safepoint   ] Safepoint "Cleanup", Time since last: 1000975001 ns, Reaching safepoint: 9583 ns, Cleanup: 20125 ns, At safepoint: 5250 ns, Total: 34958 ns
[2025-08-25T08:34:08.137+0000][121][info ][safepoint   ] Safepoint "Cleanup", Time since last: 2002131875 ns, Reaching safepoint: 21500 ns, Cleanup: 12792 ns, At safepoint: 8125 ns, Total: 42417 ns
[2025-08-25T08:34:09.138+0000][121][info ][safepoint   ] Safepoint "Cleanup", Time since last: 1000794084 ns, Reaching safepoint: 24875 ns, Cleanup: 19041 ns, At safepoint: 7875 ns, Total: 51791 ns
[2025-08-25T08:34:11.140+0000][121][info ][safepoint   ] Safepoint "Cleanup", Time since last: 2001980335 ns, Reaching safepoint: 21583 ns, Cleanup: 10125 ns, At safepoint: 9042 ns, Total: 40750 ns
[2025-08-25T08:34:12.141+0000][121][info ][safepoint   ] Safepoint "Cleanup", Time since last: 1001648250 ns, Reaching safepoint: 10042 ns, Cleanup: 10958 ns, At safepoint: 5125 ns, Total: 26125 ns
[2025-08-25T08:34:14.143+0000][121][info ][safepoint   ] Safepoint "Cleanup", Time since last: 2001562668 ns, Reaching safepoint: 19416 ns, Cleanup: 14959 ns, At safepoint: 3125 ns, Total: 37500 ns
[2025-08-25T08:34:15.145+0000][121][info ][safepoint   ] Safepoint "Cleanup", Time since last: 1001774750 ns, Reaching safepoint: 20834 ns, Cleanup: 13250 ns, At safepoint: 11916 ns, Total: 46000 ns
[2025-08-25T08:34:19.149+0000][121][info ][safepoint   ] Safepoint "Cleanup", Time since last: 4004557419 ns, Reaching safepoint: 14375 ns, Cleanup: 46333 ns, At safepoint: 6542 ns, Total: 67250 ns
[2025-08-25T08:34:21.821+0000][121][info ][safepoint   ] Safepoint "Cleanup", Time since last: 2671456209 ns, Reaching safepoint: 18792 ns, Cleanup: 23583 ns, At safepoint: 5459 ns, Total: 47834 ns
[2025-08-25T08:34:24.176+0000][121][info ][safepoint   ] Safepoint "Cleanup", Time since last: 2355464376 ns, Reaching safepoint: 7541 ns, Cleanup: 38375 ns, At safepoint: 3000 ns, Total: 48916 ns
[2025-08-25T08:34:25.418+0000][121][info ][safepoint   ] Safepoint "Cleanup", Time since last: 1240628001 ns, Reaching safepoint: 652667 ns, Cleanup: 25125 ns, At safepoint: 9458 ns, Total: 687250 ns
[2025-08-25T08:34:29.423+0000][121][info ][safepoint   ] Safepoint "Cleanup", Time since last: 4004871669 ns, Reaching safepoint: 16541 ns, Cleanup: 19084 ns, At safepoint: 7791 ns, Total: 43416 ns
[2025-08-25T08:34:30.424+0000][121][info ][safepoint   ] Safepoint "Cleanup", Time since last: 1001030959 ns, Reaching safepoint: 17625 ns, Cleanup: 13583 ns, At safepoint: 5167 ns, Total: 36375 ns
[2025-08-25T08:34:33.427+0000][121][info ][safepoint   ] Safepoint "Cleanup", Time since last: 3003158710 ns, Reaching safepoint: 91375 ns, Cleanup: 54458 ns, At safepoint: 27167 ns, Total: 173000 ns
[2025-08-25T08:34:34.429+0000][121][info ][safepoint   ] Safepoint "Cleanup", Time since last: 1002079125 ns, Reaching safepoint: 9084 ns, Cleanup: 16083 ns, At safepoint: 6208 ns, Total: 31375 ns
[2025-08-25T08:34:35.430+0000][121][info ][safepoint   ] Safepoint "Cleanup", Time since last: 1000848126 ns, Reaching safepoint: 20583 ns, Cleanup: 15959 ns, At safepoint: 8833 ns, Total: 45375 ns
[2025-08-25T08:34:36.431+0000][121][info ][safepoint   ] Safepoint "Cleanup", Time since last: 1000554875 ns, Reaching safepoint: 14042 ns, Cleanup: 56333 ns, At safepoint: 8417 ns, Total: 78792 ns
[2025-08-25T08:34:39.435+0000][121][info ][safepoint   ] Safepoint "Cleanup", Time since last: 3003983209 ns, Reaching safepoint: 30416 ns, Cleanup: 103000 ns, At safepoint: 10875 ns, Total: 144291 ns
[2025-08-25T08:34:41.438+0000][121][info ][safepoint   ] Safepoint "Cleanup", Time since last: 2002983960 ns, Reaching safepoint: 56041 ns, Cleanup: 54875 ns, At safepoint: 8292 ns, Total: 119208 ns
[2025-08-25T08:34:42.439+0000][121][info ][safepoint   ] Safepoint "Cleanup", Time since last: 1001023792 ns, Reaching safepoint: 18417 ns, Cleanup: 16042 ns, At safepoint: 7041 ns, Total: 41500 ns
[2025-08-25T08:34:44.442+0000][121][info ][safepoint   ] Safepoint "Cleanup", Time since last: 2002608418 ns, Reaching safepoint: 12750 ns, Cleanup: 30583 ns, At safepoint: 4125 ns, Total: 47458 ns
[2025-08-25T08:34:45.661+0000][121][info ][safepoint   ] Safepoint "Cleanup", Time since last: 1218903626 ns, Reaching safepoint: 3416 ns, Cleanup: 68000 ns, At safepoint: 4334 ns, Total: 75750 ns
[2025-08-25T08:34:46.670+0000][121][info ][safepoint   ] Safepoint "Cleanup", Time since last: 1009030500 ns, Reaching safepoint: 25125 ns, Cleanup: 32500 ns, At safepoint: 9125 ns, Total: 66750 ns
[2025-08-25T08:34:47.671+0000][121][info ][safepoint   ] Safepoint "Cleanup", Time since last: 1000893209 ns, Reaching safepoint: 14167 ns, Cleanup: 9666 ns, At safepoint: 4167 ns, Total: 28000 ns
[2025-08-25T08:34:48.691+0000][121][info ][safepoint   ] Safepoint "Cleanup", Time since last: 1019908459 ns, Reaching safepoint: 5583 ns, Cleanup: 93334 ns, At safepoint: 5958 ns, Total: 104875 ns
[2025-08-25T08:34:50.252+0000][121][info ][safepoint   ] Safepoint "Cleanup", Time since last: 1560952876 ns, Reaching safepoint: 29041 ns, Cleanup: 96417 ns, At safepoint: 9500 ns, Total: 134958 ns
[2025-08-25T08:34:51.254+0000][121][info ][safepoint   ] Safepoint "Cleanup", Time since last: 1001363709 ns, Reaching safepoint: 43541 ns, Cleanup: 19792 ns, At safepoint: 15375 ns, Total: 78708 ns
[2025-08-25T08:34:54.144+0000][121][info ][safepoint   ] Safepoint "Cleanup", Time since last: 2890826543 ns, Reaching safepoint: 7583 ns, Cleanup: 27584 ns, At safepoint: 6458 ns, Total: 41625 ns
[2025-08-25T08:34:55.298+0000][121][info ][safepoint   ] Safepoint "Cleanup", Time since last: 1152705834 ns, Reaching safepoint: 49542 ns, Cleanup: 482833 ns, At safepoint: 25292 ns, Total: 557667 ns
[2025-08-25T08:34:56.371+0000][121][info ][safepoint   ] Safepoint "Cleanup", Time since last: 1072936500 ns, Reaching safepoint: 16167 ns, Cleanup: 71417 ns, At safepoint: 7791 ns, Total: 95375 ns
[2025-08-25T08:34:57.371+0000][121][info ][safepoint   ] Safepoint "Cleanup", Time since last: 1000553709 ns, Reaching safepoint: 54625 ns, Cleanup: 19458 ns, At safepoint: 17625 ns, Total: 91708 ns
[2025-08-25T08:34:59.375+0000][121][info ][safepoint   ] Safepoint "Cleanup", Time since last: 2003425793 ns, Reaching safepoint: 29750 ns, Cleanup: 43458 ns, At safepoint: 8084 ns, Total: 81292 ns
[2025-08-25T08:35:00.473+0000][121][info ][safepoint   ] Safepoint "Cleanup", Time since last: 1098197917 ns, Reaching safepoint: 14875 ns, Cleanup: 24416 ns, At safepoint: 6625 ns, Total: 45916 ns
[2025-08-25T08:35:01.474+0000][121][info ][safepoint   ] Safepoint "Cleanup", Time since last: 1001072168 ns, Reaching safepoint: 18708 ns, Cleanup: 13750 ns, At safepoint: 6458 ns, Total: 38916 ns
[2025-08-25T08:35:03.476+0000][121][info ][safepoint   ] Safepoint "Cleanup", Time since last: 2001782960 ns, Reaching safepoint: 25791 ns, Cleanup: 48167 ns, At safepoint: 7542 ns, Total: 81500 ns
[2025-08-25T08:35:04.477+0000][121][info ][safepoint   ] Safepoint "Cleanup", Time since last: 1001148417 ns, Reaching safepoint: 15250 ns, Cleanup: 12583 ns, At safepoint: 7917 ns, Total: 35750 ns
[2025-08-25T08:35:06.508+0000][121][info ][safepoint   ] Safepoint "Cleanup", Time since last: 2030436292 ns, Reaching safepoint: 14709 ns, Cleanup: 5041 ns, At safepoint: 6084 ns, Total: 25834 ns
[2025-08-25T08:35:07.511+0000][121][info ][safepoint   ] Safepoint "Cleanup", Time since last: 1003427792 ns, Reaching safepoint: 224250 ns, Cleanup: 36375 ns, At safepoint: 15333 ns, Total: 275958 ns
[2025-08-25T08:35:09.513+0000][121][info ][safepoint   ] Safepoint "Cleanup", Time since last: 2001589501 ns, Reaching safepoint: 170625 ns, Cleanup: 52458 ns, At safepoint: 12250 ns, Total: 235333 ns
[2025-08-25T08:35:11.515+0000][121][info ][safepoint   ] Safepoint "Cleanup", Time since last: 2001727126 ns, Reaching safepoint: 15333 ns, Cleanup: 17542 ns, At safepoint: 4750 ns, Total: 37625 ns
[2025-08-25T08:35:14.519+0000][121][info ][safepoint   ] Safepoint "Cleanup", Time since last: 3003369210 ns, Reaching safepoint: 152542 ns, Cleanup: 41125 ns, At safepoint: 24250 ns, Total: 217917 ns
[2025-08-25T08:35:15.520+0000][121][info ][safepoint   ] Safepoint "Cleanup", Time since last: 1001839000 ns, Reaching safepoint: 13375 ns, Cleanup: 13083 ns, At safepoint: 3084 ns, Total: 29542 ns
[2025-08-25T08:35:19.524+0000][121][info ][safepoint   ] Safepoint "Cleanup", Time since last: 4003494752 ns, Reaching safepoint: 13958 ns, Cleanup: 36042 ns, At safepoint: 5708 ns, Total: 55708 ns
[2025-08-25T08:35:22.023+0000][121][info ][safepoint   ] Safepoint "Cleanup", Time since last: 2499421751 ns, Reaching safepoint: 14292 ns, Cleanup: 21125 ns, At safepoint: 5708 ns, Total: 41125 ns
[2025-08-25T08:35:24.567+0000][121][info ][safepoint   ] Safepoint "Cleanup", Time since last: 2543583501 ns, Reaching safepoint: 5167 ns, Cleanup: 19917 ns, At safepoint: 1916 ns, Total: 27000 ns
[2025-08-25T08:35:25.641+0000][121][info ][safepoint   ] Safepoint "Cleanup", Time since last: 1073604084 ns, Reaching safepoint: 11500 ns, Cleanup: 116542 ns, At safepoint: 5667 ns, Total: 133709 ns
[2025-08-25T08:35:27.645+0000][121][info ][safepoint   ] Safepoint "Cleanup", Time since last: 2004610167 ns, Reaching safepoint: 15958 ns, Cleanup: 16667 ns, At safepoint: 5125 ns, Total: 37750 ns
[2025-08-25T08:35:29.647+0000][121][info ][safepoint   ] Safepoint "Cleanup", Time since last: 2001722126 ns, Reaching safepoint: 18708 ns, Cleanup: 16209 ns, At safepoint: 5458 ns, Total: 40375 ns
[2025-08-25T08:35:33.651+0000][121][info ][safepoint   ] Safepoint "Cleanup", Time since last: 4003906085 ns, Reaching safepoint: 33292 ns, Cleanup: 19708 ns, At safepoint: 10167 ns, Total: 63167 ns
[2025-08-25T08:35:34.652+0000][121][info ][safepoint   ] Safepoint "Cleanup", Time since last: 1000977875 ns, Reaching safepoint: 17500 ns, Cleanup: 28709 ns, At safepoint: 5666 ns, Total: 51875 ns
[2025-08-25T08:35:35.653+0000][121][info ][safepoint   ] Safepoint "Cleanup", Time since last: 1000784209 ns, Reaching safepoint: 64667 ns, Cleanup: 23625 ns, At safepoint: 13917 ns, Total: 102209 ns
[2025-08-25T08:35:36.654+0000][121][info ][safepoint   ] Safepoint "Cleanup", Time since last: 1000917792 ns, Reaching safepoint: 15791 ns, Cleanup: 23917 ns, At safepoint: 6542 ns, Total: 46250 ns
[2025-08-25T08:35:39.657+0000][121][info ][safepoint   ] Safepoint "Cleanup", Time since last: 3003120834 ns, Reaching safepoint: 34458 ns, Cleanup: 19458 ns, At safepoint: 5875 ns, Total: 59791 ns
[2025-08-25T08:35:40.658+0000][121][info ][safepoint   ] Safepoint "Cleanup", Time since last: 1000766334 ns, Reaching safepoint: 20000 ns, Cleanup: 15458 ns, At safepoint: 7209 ns, Total: 42667 ns
[2025-08-25T08:35:41.659+0000][121][info ][safepoint   ] Safepoint "Cleanup", Time since last: 1000965209 ns, Reaching safepoint: 14583 ns, Cleanup: 40458 ns, At safepoint: 5709 ns, Total: 60750 ns
[2025-08-25T08:35:44.662+0000][121][info ][safepoint   ] Safepoint "Cleanup", Time since last: 3002508376 ns, Reaching safepoint: 115375 ns, Cleanup: 42208 ns, At safepoint: 25000 ns, Total: 182583 ns
[2025-08-25T08:35:48.139+0000][121][info ][safepoint   ] Safepoint "Cleanup", Time since last: 3477579252 ns, Reaching safepoint: 6833 ns, Cleanup: 38167 ns, At safepoint: 1583 ns, Total: 46583 ns
[2025-08-25T08:35:49.346+0000][121][info ][safepoint   ] Safepoint "Cleanup", Time since last: 1205535168 ns, Reaching safepoint: 1213541 ns, Cleanup: 86000 ns, At safepoint: 13084 ns, Total: 1312625 ns
[2025-08-25T08:35:50.416+0000][121][info ][safepoint   ] Safepoint "Cleanup", Time since last: 1069638750 ns, Reaching safepoint: 33625 ns, Cleanup: 21333 ns, At safepoint: 13500 ns, Total: 68458 ns
[2025-08-25T08:35:51.850+0000][121][info ][safepoint   ] Safepoint "Cleanup", Time since last: 1433519293 ns, Reaching safepoint: 5208 ns, Cleanup: 23875 ns, At safepoint: 7958 ns, Total: 37041 ns
[2025-08-25T08:35:52.863+0000][121][info ][safepoint   ] Safepoint "Cleanup", Time since last: 1013431084 ns, Reaching safepoint: 19834 ns, Cleanup: 9500 ns, At safepoint: 4833 ns, Total: 34167 ns
[2025-08-25T08:35:54.156+0000][121][info ][safepoint   ] Safepoint "Cleanup", Time since last: 1293371334 ns, Reaching safepoint: 2875 ns, Cleanup: 15583 ns, At safepoint: 4333 ns, Total: 22791 ns
[2025-08-25T08:35:55.375+0000][121][info ][safepoint   ] Safepoint "Cleanup", Time since last: 1218021584 ns, Reaching safepoint: 17334 ns, Cleanup: 25125 ns, At safepoint: 5458 ns, Total: 47917 ns
[2025-08-25T08:35:58.378+0000][121][info ][safepoint   ] Safepoint "Cleanup", Time since last: 3003236293 ns, Reaching safepoint: 13625 ns, Cleanup: 13167 ns, At safepoint: 3541 ns, Total: 30333 ns
[2025-08-25T08:36:00.379+0000][121][info ][safepoint   ] Safepoint "Cleanup", Time since last: 2001471918 ns, Reaching safepoint: 19667 ns, Cleanup: 16791 ns, At safepoint: 7625 ns, Total: 44083 ns
[2025-08-25T08:36:01.380+0000][121][info ][safepoint   ] Safepoint "Cleanup", Time since last: 1001143043 ns, Reaching safepoint: 19708 ns, Cleanup: 13083 ns, At safepoint: 4042 ns, Total: 36833 ns
[2025-08-25T08:36:03.382+0000][121][info ][safepoint   ] Safepoint "Cleanup", Time since last: 2001730376 ns, Reaching safepoint: 16875 ns, Cleanup: 10792 ns, At safepoint: 5333 ns, Total: 33000 ns
[2025-08-25T08:36:04.384+0000][121][info ][safepoint   ] Safepoint "Cleanup", Time since last: 1001460209 ns, Reaching safepoint: 113875 ns, Cleanup: 92416 ns, At safepoint: 15709 ns, Total: 222000 ns
[2025-08-25T08:36:05.385+0000][121][info ][safepoint   ] Safepoint "Cleanup", Time since last: 1001347208 ns, Reaching safepoint: 77834 ns, Cleanup: 34791 ns, At safepoint: 9917 ns, Total: 122542 ns
[2025-08-25T08:36:06.387+0000][121][info ][safepoint   ] Safepoint "Cleanup", Time since last: 1001417792 ns, Reaching safepoint: 19584 ns, Cleanup: 33083 ns, At safepoint: 10208 ns, Total: 62875 ns
[2025-08-25T08:36:07.388+0000][121][info ][safepoint   ] Safepoint "Cleanup", Time since last: 1000884042 ns, Reaching safepoint: 14459 ns, Cleanup: 11250 ns, At safepoint: 2916 ns, Total: 28625 ns
[2025-08-25T08:36:09.390+0000][121][info ][safepoint   ] Safepoint "Cleanup", Time since last: 2002233251 ns, Reaching safepoint: 53917 ns, Cleanup: 25333 ns, At safepoint: 6625 ns, Total: 85875 ns
[2025-08-25T08:36:12.393+0000][121][info ][safepoint   ] Safepoint "Cleanup", Time since last: 3002388793 ns, Reaching safepoint: 24667 ns, Cleanup: 26417 ns, At safepoint: 9291 ns, Total: 60375 ns
[2025-08-25T08:36:14.394+0000][121][info ][safepoint   ] Safepoint "Cleanup", Time since last: 2001704626 ns, Reaching safepoint: 16167 ns, Cleanup: 20291 ns, At safepoint: 4292 ns, Total: 40750 ns
[2025-08-25T08:36:15.395+0000][121][info ][safepoint   ] Safepoint "Cleanup", Time since last: 1000739501 ns, Reaching safepoint: 34833 ns, Cleanup: 67542 ns, At safepoint: 12666 ns, Total: 115041 ns
[2025-08-25T08:36:18.397+0000][121][info ][safepoint   ] Safepoint "Cleanup", Time since last: 3001917252 ns, Reaching safepoint: 15166 ns, Cleanup: 17167 ns, At safepoint: 4417 ns, Total: 36750 ns
[2025-08-25T08:36:20.399+0000][121][info ][safepoint   ] Safepoint "Cleanup", Time since last: 2001729584 ns, Reaching safepoint: 13042 ns, Cleanup: 33666 ns, At safepoint: 6250 ns, Total: 52958 ns
[2025-08-25T08:36:22.215+0000][121][info ][safepoint   ] Safepoint "Cleanup", Time since last: 1816003460 ns, Reaching safepoint: 53375 ns, Cleanup: 51458 ns, At safepoint: 13792 ns, Total: 118625 ns
[2025-08-25T08:36:24.218+0000][121][info ][safepoint   ] Safepoint "Cleanup", Time since last: 2003347250 ns, Reaching safepoint: 13625 ns, Cleanup: 14625 ns, At safepoint: 8000 ns, Total: 36250 ns
[2025-08-25T08:36:25.832+0000][121][info ][safepoint   ] Safepoint "Cleanup", Time since last: 1613147751 ns, Reaching safepoint: 48500 ns, Cleanup: 47459 ns, At safepoint: 11041 ns, Total: 107000 ns
[2025-08-25T08:36:27.833+0000][121][info ][safepoint   ] Safepoint "Cleanup", Time since last: 2001543085 ns, Reaching safepoint: 99166 ns, Cleanup: 52750 ns, At safepoint: 24250 ns, Total: 176166 ns
[2025-08-25T08:36:28.836+0000][121][info ][safepoint   ] Safepoint "Cleanup", Time since last: 1002189959 ns, Reaching safepoint: 15833 ns, Cleanup: 51500 ns, At safepoint: 5959 ns, Total: 73292 ns
[2025-08-25T08:36:29.837+0000][121][info ][safepoint   ] Safepoint "Cleanup", Time since last: 1001435125 ns, Reaching safepoint: 66625 ns, Cleanup: 49292 ns, At safepoint: 14208 ns, Total: 130125 ns
[2025-08-25T08:36:30.838+0000][121][info ][safepoint   ] Safepoint "Cleanup", Time since last: 1000936417 ns, Reaching safepoint: 14792 ns, Cleanup: 12792 ns, At safepoint: 3541 ns, Total: 31125 ns
[2025-08-25T08:36:31.839+0000][121][info ][safepoint   ] Safepoint "Cleanup", Time since last: 1000990251 ns, Reaching safepoint: 88083 ns, Cleanup: 53458 ns, At safepoint: 19417 ns, Total: 160958 ns
[2025-08-25T08:36:34.842+0000][121][info ][safepoint   ] Safepoint "Cleanup", Time since last: 3002866918 ns, Reaching safepoint: 8584 ns, Cleanup: 29625 ns, At safepoint: 4208 ns, Total: 42417 ns
[2025-08-25T08:36:35.888+0000][121][info ][safepoint   ] Safepoint "Cleanup", Time since last: 1045364667 ns, Reaching safepoint: 4375 ns, Cleanup: 5917 ns, At safepoint: 8125 ns, Total: 18417 ns
[2025-08-25T08:36:36.914+0000][121][info ][safepoint   ] Safepoint "Cleanup", Time since last: 1026287792 ns, Reaching safepoint: 15000 ns, Cleanup: 14250 ns, At safepoint: 7125 ns, Total: 36375 ns
[2025-08-25T08:36:39.917+0000][121][info ][safepoint   ] Safepoint "Cleanup", Time since last: 3003377209 ns, Reaching safepoint: 79209 ns, Cleanup: 76208 ns, At safepoint: 25917 ns, Total: 181334 ns
[2025-08-25T08:36:41.004+0000][121][info ][safepoint   ] Safepoint "Cleanup", Time since last: 1085508542 ns, Reaching safepoint: 1240625 ns, Cleanup: 16708 ns, At safepoint: 20709 ns, Total: 1278042 ns
[2025-08-25T08:36:42.005+0000][121][info ][safepoint   ] Safepoint "Cleanup", Time since last: 1000771458 ns, Reaching safepoint: 40709 ns, Cleanup: 51833 ns, At safepoint: 9292 ns, Total: 101834 ns
[2025-08-25T08:36:43.006+0000][121][info ][safepoint   ] Safepoint "Cleanup", Time since last: 1000363792 ns, Reaching safepoint: 579125 ns, Cleanup: 187250 ns, At safepoint: 16208 ns, Total: 782583 ns
[2025-08-25T08:36:44.022+0000][121][info ][safepoint   ] Safepoint "Cleanup", Time since last: 1016147959 ns, Reaching safepoint: 14625 ns, Cleanup: 10292 ns, At safepoint: 7541 ns, Total: 32458 ns
[2025-08-25T08:36:45.023+0000][121][info ][safepoint   ] Safepoint "Cleanup", Time since last: 1000561626 ns, Reaching safepoint: 12125 ns, Cleanup: 16333 ns, At safepoint: 5250 ns, Total: 33708 ns
[2025-08-25T08:36:46.024+0000][121][info ][safepoint   ] Safepoint "Cleanup", Time since last: 1001146167 ns, Reaching safepoint: 11084 ns, Cleanup: 31666 ns, At safepoint: 7625 ns, Total: 50375 ns
[2025-08-25T08:36:49.027+0000][121][info ][safepoint   ] Safepoint "Cleanup", Time since last: 3002864627 ns, Reaching safepoint: 36583 ns, Cleanup: 26208 ns, At safepoint: 16250 ns, Total: 79041 ns
[2025-08-25T08:36:50.764+0000][121][info ][safepoint   ] Safepoint "Cleanup", Time since last: 1737400001 ns, Reaching safepoint: 14417 ns, Cleanup: 63583 ns, At safepoint: 3542 ns, Total: 81542 ns
[2025-08-25T08:36:52.043+0000][121][info ][safepoint   ] Safepoint "Cleanup", Time since last: 1278405750 ns, Reaching safepoint: 3459 ns, Cleanup: 28500 ns, At safepoint: 3958 ns, Total: 35917 ns
[2025-08-25T08:36:53.053+0000][121][info ][safepoint   ] Safepoint "Cleanup", Time since last: 1010076501 ns, Reaching safepoint: 39750 ns, Cleanup: 36083 ns, At safepoint: 26583 ns, Total: 102416 ns
[2025-08-25T08:36:54.143+0000][121][info ][safepoint   ] Safepoint "Cleanup", Time since last: 1090213376 ns, Reaching safepoint: 3958 ns, Cleanup: 18792 ns, At safepoint: 8375 ns, Total: 31125 ns
[2025-08-25T08:36:56.090+0000][121][info ][safepoint   ] Safepoint "Cleanup", Time since last: 1946746251 ns, Reaching safepoint: 13833 ns, Cleanup: 51583 ns, At safepoint: 5792 ns, Total: 71208 ns
[2025-08-25T08:36:57.091+0000][121][info ][safepoint   ] Safepoint "Cleanup", Time since last: 1001182959 ns, Reaching safepoint: 70750 ns, Cleanup: 52708 ns, At safepoint: 17292 ns, Total: 140750 ns
[2025-08-25T08:37:00.095+0000][121][info ][safepoint   ] Safepoint "Cleanup", Time since last: 3003650043 ns, Reaching safepoint: 17625 ns, Cleanup: 12292 ns, At safepoint: 5291 ns, Total: 35208 ns
[2025-08-25T08:37:01.096+0000][121][info ][safepoint   ] Safepoint "Cleanup", Time since last: 1001179626 ns, Reaching safepoint: 81375 ns, Cleanup: 52333 ns, At safepoint: 14500 ns, Total: 148208 ns
[2025-08-25T08:37:04.100+0000][121][info ][safepoint   ] Safepoint "Cleanup", Time since last: 3003775752 ns, Reaching safepoint: 11625 ns, Cleanup: 8833 ns, At safepoint: 3417 ns, Total: 23875 ns
[2025-08-25T08:37:05.101+0000][121][info ][safepoint   ] Safepoint "Cleanup", Time since last: 1000888000 ns, Reaching safepoint: 19125 ns, Cleanup: 22125 ns, At safepoint: 8250 ns, Total: 49500 ns
[2025-08-25T08:37:06.102+0000][121][info ][safepoint   ] Safepoint "Cleanup", Time since last: 1000791875 ns, Reaching safepoint: 10542 ns, Cleanup: 12292 ns, At safepoint: 3833 ns, Total: 26667 ns
[2025-08-25T08:37:13.090+0000][121][info ][safepoint   ] Safepoint "Cleanup", Time since last: 6987907962 ns, Reaching safepoint: 6291 ns, Cleanup: 14417 ns, At safepoint: 7667 ns, Total: 28375 ns
[2025-08-25T08:37:14.159+0000][121][info ][safepoint   ] Safepoint "Cleanup", Time since last: 1068833000 ns, Reaching safepoint: 112542 ns, Cleanup: 39708 ns, At safepoint: 15167 ns, Total: 167417 ns
[2025-08-25T08:37:15.160+0000][121][info ][safepoint   ] Safepoint "Cleanup", Time since last: 1000825750 ns, Reaching safepoint: 95375 ns, Cleanup: 31708 ns, At safepoint: 16667 ns, Total: 143750 ns
[2025-08-25T08:37:19.216+0000][121][info ][safepoint   ] Safepoint "Cleanup", Time since last: 4056070877 ns, Reaching safepoint: 28333 ns, Cleanup: 15667 ns, At safepoint: 4833 ns, Total: 48833 ns
[2025-08-25T08:37:20.218+0000][121][info ][safepoint   ] Safepoint "Cleanup", Time since last: 1001367459 ns, Reaching safepoint: 16667 ns, Cleanup: 14000 ns, At safepoint: 5167 ns, Total: 35834 ns
[2025-08-25T08:37:21.218+0000][121][info ][safepoint   ] Safepoint "Cleanup", Time since last: 1000562583 ns, Reaching safepoint: 10167 ns, Cleanup: 12208 ns, At safepoint: 5417 ns, Total: 27792 ns
[2025-08-25T08:37:24.244+0000][121][info ][safepoint   ] Safepoint "Cleanup", Time since last: 3025862793 ns, Reaching safepoint: 4375 ns, Cleanup: 24042 ns, At safepoint: 6375 ns, Total: 34792 ns
[2025-08-25T08:37:25.291+0000][121][info ][safepoint   ] Safepoint "Cleanup", Time since last: 1046817959 ns, Reaching safepoint: 27375 ns, Cleanup: 24875 ns, At safepoint: 4000 ns, Total: 56250 ns
[2025-08-25T08:37:25.935+0000][121][info ][gc,start    ] GC(20) Pause Young (Mixed) (G1 Evacuation Pause)
[2025-08-25T08:37:25.935+0000][121][info ][gc,task     ] GC(20) Using 8 workers of 8 for evacuation
[2025-08-25T08:37:25.935+0000][121][debug][gc,age      ] GC(20) Desired survivor size 41943040 bytes, new threshold 15 (max threshold 15)
[2025-08-25T08:37:25.976+0000][121][info ][gc,phases   ] GC(20)   Pre Evacuate Collection Set: 0.57ms
[2025-08-25T08:37:25.976+0000][121][info ][gc,phases   ] GC(20)   Merge Heap Roots: 0.18ms
[2025-08-25T08:37:25.976+0000][121][info ][gc,phases   ] GC(20)   Evacuate Collection Set: 36.98ms
[2025-08-25T08:37:25.976+0000][121][info ][gc,phases   ] GC(20)   Post Evacuate Collection Set: 2.83ms
[2025-08-25T08:37:25.976+0000][121][info ][gc,phases   ] GC(20)   Other: 0.19ms
[2025-08-25T08:37:25.976+0000][121][trace][gc,age      ] GC(20) Age table with threshold 15 (max threshold 15)
[2025-08-25T08:37:25.976+0000][121][trace][gc,age      ] GC(20) - age   1:    3397432 bytes,    3397432 total
[2025-08-25T08:37:25.976+0000][121][trace][gc,age      ] GC(20) - age   2:    3296776 bytes,    6694208 total
[2025-08-25T08:37:25.976+0000][121][trace][gc,age      ] GC(20) - age   3:    4168016 bytes,   10862224 total
[2025-08-25T08:37:25.977+0000][121][trace][gc,age      ] GC(20) - age   4:   13997904 bytes,   24860128 total
[2025-08-25T08:37:25.977+0000][121][trace][gc,age      ] GC(20) - age   5:      27520 bytes,   24887648 total
[2025-08-25T08:37:25.977+0000][121][info ][gc,heap     ] GC(20) Eden regions: 146->0(146)
[2025-08-25T08:37:25.977+0000][121][info ][gc,heap     ] GC(20) Survivor regions: 7->7(20)
[2025-08-25T08:37:25.977+0000][121][info ][gc,heap     ] GC(20) Old regions: 30->30
[2025-08-25T08:37:25.977+0000][121][info ][gc,heap     ] GC(20) Humongous regions: 2->2
[2025-08-25T08:37:25.977+0000][121][info ][gc,metaspace] GC(20) Metaspace: 156361K(160768K)->156361K(160768K) NonClass: 134601K(137024K)->134601K(137024K) Class: 21759K(23744K)->21759K(23744K)
[2025-08-25T08:37:25.977+0000][121][info ][gc          ] GC(20) Pause Young (Mixed) (G1 Evacuation Pause) 738M->151M(1024M) 41.462ms
[2025-08-25T08:37:25.977+0000][121][info ][gc,cpu      ] GC(20) User=0.31s Sys=0.00s Real=0.05s
[2025-08-25T08:37:25.977+0000][121][info ][safepoint   ] Safepoint "G1CollectForAllocation", Time since last: 644346250 ns, Reaching safepoint: 5000 ns, Cleanup: 2208 ns, At safepoint: 41631667 ns, Total: 41638875 ns
[2025-08-25T08:37:26.979+0000][121][info ][safepoint   ] Safepoint "Cleanup", Time since last: 1001706334 ns, Reaching safepoint: 15166 ns, Cleanup: 18000 ns, At safepoint: 11584 ns, Total: 44750 ns
[2025-08-25T08:37:29.982+0000][121][info ][safepoint   ] Safepoint "Cleanup", Time since last: 3003249960 ns, Reaching safepoint: 123250 ns, Cleanup: 32458 ns, At safepoint: 25750 ns, Total: 181458 ns
[2025-08-25T08:37:33.407+0000][121][info ][safepoint   ] Safepoint "Cleanup", Time since last: 3424488918 ns, Reaching safepoint: 12459 ns, Cleanup: 17958 ns, At safepoint: 4333 ns, Total: 34750 ns
[2025-08-25T08:37:34.407+0000][121][info ][safepoint   ] Safepoint "Cleanup", Time since last: 1000617084 ns, Reaching safepoint: 39458 ns, Cleanup: 21292 ns, At safepoint: 10083 ns, Total: 70833 ns
[2025-08-25T08:37:35.409+0000][121][info ][safepoint   ] Safepoint "Cleanup", Time since last: 1001901792 ns, Reaching safepoint: 16542 ns, Cleanup: 17875 ns, At safepoint: 4708 ns, Total: 39125 ns
[2025-08-25T08:37:36.410+0000][121][info ][safepoint   ] Safepoint "Cleanup", Time since last: 1000842293 ns, Reaching safepoint: 66750 ns, Cleanup: 45375 ns, At safepoint: 14458 ns, Total: 126583 ns
[2025-08-25T08:37:38.413+0000][121][info ][safepoint   ] Safepoint "Cleanup", Time since last: 2002090125 ns, Reaching safepoint: 58458 ns, Cleanup: 37500 ns, At safepoint: 12584 ns, Total: 108542 ns
[2025-08-25T08:37:39.415+0000][121][info ][safepoint   ] Safepoint "Cleanup", Time since last: 1001883792 ns, Reaching safepoint: 40916 ns, Cleanup: 24959 ns, At safepoint: 5958 ns, Total: 71833 ns
[2025-08-25T08:37:41.416+0000][121][info ][safepoint   ] Safepoint "Cleanup", Time since last: 2001535501 ns, Reaching safepoint: 36125 ns, Cleanup: 38042 ns, At safepoint: 7708 ns, Total: 81875 ns
[2025-08-25T08:37:42.423+0000][121][info ][safepoint   ] Safepoint "Cleanup", Time since last: 1006511751 ns, Reaching safepoint: 48166 ns, Cleanup: 33459 ns, At safepoint: 18833 ns, Total: 100458 ns
[2025-08-25T08:37:44.426+0000][121][info ][safepoint   ] Safepoint "Cleanup", Time since last: 2003016001 ns, Reaching safepoint: 68333 ns, Cleanup: 82792 ns, At safepoint: 10791 ns, Total: 161916 ns
[2025-08-25T08:37:48.431+0000][121][info ][safepoint   ] Safepoint "Cleanup", Time since last: 4005113502 ns, Reaching safepoint: 19417 ns, Cleanup: 16000 ns, At safepoint: 5625 ns, Total: 41042 ns
[2025-08-25T08:37:49.432+0000][121][info ][safepoint   ] Safepoint "Cleanup", Time since last: 1000955376 ns, Reaching safepoint: 19416 ns, Cleanup: 15250 ns, At safepoint: 7709 ns, Total: 42375 ns
[2025-08-25T08:37:51.434+0000][121][info ][safepoint   ] Safepoint "Cleanup", Time since last: 2002246167 ns, Reaching safepoint: 25250 ns, Cleanup: 19333 ns, At safepoint: 7084 ns, Total: 51667 ns
[2025-08-25T08:37:54.166+0000][121][info ][safepoint   ] Safepoint "Cleanup", Time since last: 2731091584 ns, Reaching safepoint: 5917 ns, Cleanup: 46083 ns, At safepoint: 2417 ns, Total: 54417 ns
[2025-08-25T08:37:55.241+0000][121][info ][safepoint   ] Safepoint "Cleanup", Time since last: 1075340084 ns, Reaching safepoint: 19375 ns, Cleanup: 79375 ns, At safepoint: 5375 ns, Total: 104125 ns
[2025-08-25T08:37:57.217+0000][121][info ][safepoint   ] Safepoint "Cleanup", Time since last: 1976058251 ns, Reaching safepoint: 59250 ns, Cleanup: 32667 ns, At safepoint: 12916 ns, Total: 104833 ns
[2025-08-25T08:37:58.283+0000][121][info ][safepoint   ] Safepoint "Cleanup", Time since last: 1066238626 ns, Reaching safepoint: 7125 ns, Cleanup: 34000 ns, At safepoint: 11083 ns, Total: 52208 ns
[2025-08-25T08:37:59.387+0000][121][info ][safepoint   ] Safepoint "Cleanup", Time since last: 1103671167 ns, Reaching safepoint: 13334 ns, Cleanup: 19625 ns, At safepoint: 4250 ns, Total: 37209 ns
[2025-08-25T08:38:00.407+0000][121][info ][safepoint   ] Safepoint "Cleanup", Time since last: 1019439958 ns, Reaching safepoint: 30250 ns, Cleanup: 31959 ns, At safepoint: 9333 ns, Total: 71542 ns
[2025-08-25T08:38:04.411+0000][121][info ][safepoint   ] Safepoint "Cleanup", Time since last: 4003932294 ns, Reaching safepoint: 91500 ns, Cleanup: 51708 ns, At safepoint: 18708 ns, Total: 161916 ns
[2025-08-25T08:38:05.429+0000][121][info ][safepoint   ] Safepoint "Cleanup", Time since last: 1017755084 ns, Reaching safepoint: 27167 ns, Cleanup: 212916 ns, At safepoint: 13334 ns, Total: 253417 ns
[2025-08-25T08:38:06.431+0000][121][info ][safepoint   ] Safepoint "Cleanup", Time since last: 1002369834 ns, Reaching safepoint: 4500 ns, Cleanup: 23625 ns, At safepoint: 8083 ns, Total: 36208 ns
[2025-08-25T08:38:07.503+0000][121][info ][safepoint   ] Safepoint "Cleanup", Time since last: 1071249541 ns, Reaching safepoint: 33792 ns, Cleanup: 13417 ns, At safepoint: 7916 ns, Total: 55125 ns
[2025-08-25T08:38:08.504+0000][121][info ][safepoint   ] Safepoint "Cleanup", Time since last: 1001186667 ns, Reaching safepoint: 18417 ns, Cleanup: 19250 ns, At safepoint: 6042 ns, Total: 43709 ns
[2025-08-25T08:38:09.579+0000][121][info ][safepoint   ] Safepoint "Cleanup", Time since last: 1074958500 ns, Reaching safepoint: 4500 ns, Cleanup: 12833 ns, At safepoint: 5125 ns, Total: 22458 ns
[2025-08-25T08:38:10.585+0000][121][info ][safepoint   ] Safepoint "Cleanup", Time since last: 1006122959 ns, Reaching safepoint: 5750 ns, Cleanup: 31625 ns, At safepoint: 10042 ns, Total: 47417 ns
[2025-08-25T08:38:11.589+0000][121][info ][safepoint   ] Safepoint "Cleanup", Time since last: 1004398042 ns, Reaching safepoint: 11792 ns, Cleanup: 9083 ns, At safepoint: 5417 ns, Total: 26292 ns
[2025-08-25T08:38:15.596+0000][121][info ][safepoint   ] Safepoint "Cleanup", Time since last: 4006761127 ns, Reaching safepoint: 13250 ns, Cleanup: 11083 ns, At safepoint: 5375 ns, Total: 29708 ns
[2025-08-25T08:38:18.600+0000][121][info ][safepoint   ] Safepoint "Cleanup", Time since last: 3003332751 ns, Reaching safepoint: 27042 ns, Cleanup: 16375 ns, At safepoint: 8583 ns, Total: 52000 ns
[2025-08-25T08:38:19.601+0000][121][info ][safepoint   ] Safepoint "Cleanup", Time since last: 1001591501 ns, Reaching safepoint: 13583 ns, Cleanup: 12334 ns, At safepoint: 5750 ns, Total: 31667 ns
[2025-08-25T08:38:21.604+0000][121][info ][safepoint   ] Safepoint "Cleanup", Time since last: 2002948417 ns, Reaching safepoint: 12209 ns, Cleanup: 9500 ns, At safepoint: 5291 ns, Total: 27000 ns
[2025-08-25T08:38:24.663+0000][121][info ][safepoint   ] Safepoint "Cleanup", Time since last: 3058634460 ns, Reaching safepoint: 25875 ns, Cleanup: 44083 ns, At safepoint: 10709 ns, Total: 80667 ns
[2025-08-25T08:38:26.666+0000][121][info ][safepoint   ] Safepoint "Cleanup", Time since last: 2002746501 ns, Reaching safepoint: 41458 ns, Cleanup: 16708 ns, At safepoint: 11584 ns, Total: 69750 ns
[2025-08-25T08:38:27.666+0000][121][info ][safepoint   ] Safepoint "Cleanup", Time since last: 1000697125 ns, Reaching safepoint: 14667 ns, Cleanup: 12250 ns, At safepoint: 4250 ns, Total: 31167 ns
[2025-08-25T08:38:33.673+0000][121][info ][safepoint   ] Safepoint "Cleanup", Time since last: 6006231836 ns, Reaching safepoint: 57000 ns, Cleanup: 25500 ns, At safepoint: 9542 ns, Total: 92042 ns
[2025-08-25T08:38:34.674+0000][121][info ][safepoint   ] Safepoint "Cleanup", Time since last: 1001485000 ns, Reaching safepoint: 15125 ns, Cleanup: 11750 ns, At safepoint: 6167 ns, Total: 33042 ns
[2025-08-25T08:38:35.676+0000][121][info ][safepoint   ] Safepoint "Cleanup", Time since last: 1001617625 ns, Reaching safepoint: 10959 ns, Cleanup: 39625 ns, At safepoint: 3416 ns, Total: 54000 ns
[2025-08-25T08:38:36.677+0000][121][info ][safepoint   ] Safepoint "Cleanup", Time since last: 1000757876 ns, Reaching safepoint: 18000 ns, Cleanup: 16583 ns, At safepoint: 5625 ns, Total: 40208 ns
[2025-08-25T08:38:39.673+0000][121][info ][safepoint   ] Safepoint "Cleanup", Time since last: 2996532335 ns, Reaching safepoint: 3916 ns, Cleanup: 9875 ns, At safepoint: 1292 ns, Total: 15083 ns
[2025-08-25T08:38:41.139+0000][121][info ][safepoint   ] Safepoint "Cleanup", Time since last: 1466338292 ns, Reaching safepoint: 12417 ns, Cleanup: 43375 ns, At safepoint: 7500 ns, Total: 63292 ns
[2025-08-25T08:38:42.140+0000][121][info ][safepoint   ] Safepoint "Cleanup", Time since last: 1000473584 ns, Reaching safepoint: 11833 ns, Cleanup: 11958 ns, At safepoint: 3750 ns, Total: 27541 ns
[2025-08-25T08:38:43.141+0000][121][info ][safepoint   ] Safepoint "Cleanup", Time since last: 1001044501 ns, Reaching safepoint: 28083 ns, Cleanup: 61917 ns, At safepoint: 9333 ns, Total: 99333 ns
[2025-08-25T08:38:44.143+0000][121][info ][safepoint   ] Safepoint "Cleanup", Time since last: 1001561876 ns, Reaching safepoint: 10041 ns, Cleanup: 11750 ns, At safepoint: 4459 ns, Total: 26250 ns
[2025-08-25T08:38:49.148+0000][121][info ][safepoint   ] Safepoint "Cleanup", Time since last: 5005660919 ns, Reaching safepoint: 18041 ns, Cleanup: 19292 ns, At safepoint: 6667 ns, Total: 44000 ns
[2025-08-25T08:38:51.151+0000][121][info ][safepoint   ] Safepoint "Cleanup", Time since last: 2002184917 ns, Reaching safepoint: 81917 ns, Cleanup: 45125 ns, At safepoint: 16250 ns, Total: 143292 ns
[2025-08-25T08:38:52.153+0000][121][info ][safepoint   ] Safepoint "Cleanup", Time since last: 1002690917 ns, Reaching safepoint: 27000 ns, Cleanup: 12625 ns, At safepoint: 8000 ns, Total: 47625 ns
[2025-08-25T08:38:55.156+0000][121][info ][safepoint   ] Safepoint "Cleanup", Time since last: 3002686543 ns, Reaching safepoint: 63625 ns, Cleanup: 82917 ns, At safepoint: 21667 ns, Total: 168209 ns
[2025-08-25T08:38:57.195+0000][121][info ][safepoint   ] Safepoint "Cleanup", Time since last: 2038174334 ns, Reaching safepoint: 4958 ns, Cleanup: 43834 ns, At safepoint: 8416 ns, Total: 57208 ns
[2025-08-25T08:38:58.462+0000][121][info ][safepoint   ] Safepoint "Cleanup", Time since last: 1267600542 ns, Reaching safepoint: 11667 ns, Cleanup: 56000 ns, At safepoint: 4667 ns, Total: 72334 ns
[2025-08-25T08:38:59.464+0000][121][info ][safepoint   ] Safepoint "Cleanup", Time since last: 1001291709 ns, Reaching safepoint: 17333 ns, Cleanup: 26042 ns, At safepoint: 5500 ns, Total: 48875 ns
[2025-08-25T08:39:00.476+0000][121][info ][safepoint   ] Safepoint "Cleanup", Time since last: 1012165958 ns, Reaching safepoint: 3459 ns, Cleanup: 23708 ns, At safepoint: 3667 ns, Total: 30834 ns
[2025-08-25T08:39:03.487+0000][121][info ][safepoint   ] Safepoint "Cleanup", Time since last: 3011217918 ns, Reaching safepoint: 33000 ns, Cleanup: 20167 ns, At safepoint: 9333 ns, Total: 62500 ns
[2025-08-25T08:39:04.488+0000][121][info ][safepoint   ] Safepoint "Cleanup", Time since last: 1000937959 ns, Reaching safepoint: 12125 ns, Cleanup: 10000 ns, At safepoint: 4166 ns, Total: 26291 ns
[2025-08-25T08:39:05.489+0000][121][info ][safepoint   ] Safepoint "Cleanup", Time since last: 1001484334 ns, Reaching safepoint: 15042 ns, Cleanup: 27042 ns, At safepoint: 7083 ns, Total: 49167 ns
[2025-08-25T08:39:09.215+0000][121][info ][safepoint   ] Safepoint "Cleanup", Time since last: 3725663876 ns, Reaching safepoint: 4250 ns, Cleanup: 6917 ns, At safepoint: 2375 ns, Total: 13542 ns
[2025-08-25T08:39:10.215+0000][121][info ][safepoint   ] Safepoint "Cleanup", Time since last: 1000047000 ns, Reaching safepoint: 3625 ns, Cleanup: 12000 ns, At safepoint: 5042 ns, Total: 20667 ns
[2025-08-25T08:39:11.218+0000][121][info ][safepoint   ] Safepoint "Cleanup", Time since last: 1002642084 ns, Reaching safepoint: 11333 ns, Cleanup: 7083 ns, At safepoint: 4959 ns, Total: 23375 ns
[2025-08-25T08:39:14.222+0000][121][info ][safepoint   ] Safepoint "Cleanup", Time since last: 3003906084 ns, Reaching safepoint: 54750 ns, Cleanup: 14042 ns, At safepoint: 10542 ns, Total: 79334 ns
[2025-08-25T08:39:15.223+0000][121][info ][safepoint   ] Safepoint "Cleanup", Time since last: 1000995750 ns, Reaching safepoint: 18959 ns, Cleanup: 28458 ns, At safepoint: 8167 ns, Total: 55584 ns
[2025-08-25T08:39:19.228+0000][121][info ][safepoint   ] Safepoint "Cleanup", Time since last: 4004937168 ns, Reaching safepoint: 13583 ns, Cleanup: 16834 ns, At safepoint: 3500 ns, Total: 33917 ns
[2025-08-25T08:39:23.910+0000][121][info ][safepoint   ] Safepoint "Cleanup", Time since last: 4682147294 ns, Reaching safepoint: 29458 ns, Cleanup: 27208 ns, At safepoint: 11917 ns, Total: 68583 ns
[2025-08-25T08:39:33.921+0000][121][info ][safepoint   ] Safepoint "Cleanup", Time since last: 10010334755 ns, Reaching safepoint: 87166 ns, Cleanup: 22875 ns, At safepoint: 10917 ns, Total: 120958 ns
[2025-08-25T08:39:34.922+0000][121][info ][safepoint   ] Safepoint "Cleanup", Time since last: 1001525292 ns, Reaching safepoint: 13042 ns, Cleanup: 9333 ns, At safepoint: 4542 ns, Total: 26917 ns
[2025-08-25T08:39:36.055+0000][121][info ][safepoint   ] Safepoint "Cleanup", Time since last: 1132859709 ns, Reaching safepoint: 26625 ns, Cleanup: 75000 ns, At safepoint: 6833 ns, Total: 108458 ns
[2025-08-25T08:39:37.057+0000][121][info ][safepoint   ] Safepoint "Cleanup", Time since last: 1001456292 ns, Reaching safepoint: 15167 ns, Cleanup: 17417 ns, At safepoint: 5583 ns, Total: 38167 ns
[2025-08-25T08:39:39.844+0000][121][info ][safepoint   ] Safepoint "Cleanup", Time since last: 2787272501 ns, Reaching safepoint: 4541 ns, Cleanup: 15709 ns, At safepoint: 2208 ns, Total: 22458 ns
[2025-08-25T08:39:41.026+0000][121][info ][safepoint   ] Safepoint "Cleanup", Time since last: 1181496667 ns, Reaching safepoint: 15792 ns, Cleanup: 35083 ns, At safepoint: 4334 ns, Total: 55209 ns
[2025-08-25T08:39:42.026+0000][121][info ][safepoint   ] Safepoint "Cleanup", Time since last: 1000679500 ns, Reaching safepoint: 16875 ns, Cleanup: 30917 ns, At safepoint: 5041 ns, Total: 52833 ns
[2025-08-25T08:39:45.030+0000][121][info ][safepoint   ] Safepoint "Cleanup", Time since last: 3003640043 ns, Reaching safepoint: 19167 ns, Cleanup: 25417 ns, At safepoint: 7166 ns, Total: 51750 ns
[2025-08-25T08:39:50.034+0000][121][info ][safepoint   ] Safepoint "Cleanup", Time since last: 5004206044 ns, Reaching safepoint: 159250 ns, Cleanup: 36417 ns, At safepoint: 6583 ns, Total: 202250 ns
[2025-08-25T08:39:52.039+0000][121][info ][safepoint   ] Safepoint "Cleanup", Time since last: 2004837210 ns, Reaching safepoint: 13208 ns, Cleanup: 13292 ns, At safepoint: 3666 ns, Total: 30166 ns
[2025-08-25T08:40:00.047+0000][121][info ][safepoint   ] Safepoint "Cleanup", Time since last: 8007996713 ns, Reaching safepoint: 98875 ns, Cleanup: 25791 ns, At safepoint: 15417 ns, Total: 140083 ns
[2025-08-25T08:40:00.191+0000][121][info ][gc,start    ] GC(21) Pause Young (Concurrent Start) (CodeCache GC Threshold)
[2025-08-25T08:40:00.191+0000][121][info ][gc,task     ] GC(21) Using 8 workers of 8 for evacuation
[2025-08-25T08:40:00.191+0000][121][debug][gc,age      ] GC(21) Desired survivor size 41943040 bytes, new threshold 15 (max threshold 15)
[2025-08-25T08:40:00.212+0000][121][info ][gc,phases   ] GC(21)   Pre Evacuate Collection Set: 0.51ms
[2025-08-25T08:40:00.212+0000][121][info ][gc,phases   ] GC(21)   Merge Heap Roots: 0.15ms
[2025-08-25T08:40:00.212+0000][121][info ][gc,phases   ] GC(21)   Evacuate Collection Set: 18.14ms
[2025-08-25T08:40:00.212+0000][121][info ][gc,phases   ] GC(21)   Post Evacuate Collection Set: 1.63ms
[2025-08-25T08:40:00.212+0000][121][info ][gc,phases   ] GC(21)   Other: 0.24ms
[2025-08-25T08:40:00.212+0000][121][trace][gc,age      ] GC(21) Age table with threshold 15 (max threshold 15)
[2025-08-25T08:40:00.212+0000][121][trace][gc,age      ] GC(21) - age   1:    2094816 bytes,    2094816 total
[2025-08-25T08:40:00.212+0000][121][trace][gc,age      ] GC(21) - age   2:    1116104 bytes,    3210920 total
[2025-08-25T08:40:00.212+0000][121][trace][gc,age      ] GC(21) - age   3:    3213544 bytes,    6424464 total
[2025-08-25T08:40:00.212+0000][121][trace][gc,age      ] GC(21) - age   4:    3969896 bytes,   10394360 total
[2025-08-25T08:40:00.212+0000][121][trace][gc,age      ] GC(21) - age   5:   13995968 bytes,   24390328 total
[2025-08-25T08:40:00.212+0000][121][trace][gc,age      ] GC(21) - age   6:      27520 bytes,   24417848 total
[2025-08-25T08:40:00.212+0000][121][info ][gc,heap     ] GC(21) Eden regions: 83->0(146)
[2025-08-25T08:40:00.212+0000][121][info ][gc,heap     ] GC(21) Survivor regions: 7->7(20)
[2025-08-25T08:40:00.212+0000][121][info ][gc,heap     ] GC(21) Old regions: 30->30
[2025-08-25T08:40:00.212+0000][121][info ][gc,heap     ] GC(21) Humongous regions: 2->2
[2025-08-25T08:40:00.212+0000][121][info ][gc,metaspace] GC(21) Metaspace: 157045K(161472K)->157045K(161472K) NonClass: 135285K(137728K)->135285K(137728K) Class: 21759K(23744K)->21759K(23744K)
[2025-08-25T08:40:00.212+0000][121][info ][gc          ] GC(21) Pause Young (Concurrent Start) (CodeCache GC Threshold) 480M->151M(1024M) 21.341ms
[2025-08-25T08:40:00.212+0000][121][info ][gc,cpu      ] GC(21) User=0.13s Sys=0.00s Real=0.02s
[2025-08-25T08:40:00.212+0000][121][info ][gc          ] GC(22) Concurrent Mark Cycle
[2025-08-25T08:40:00.212+0000][121][info ][gc,marking  ] GC(22) Concurrent Scan Root Regions
[2025-08-25T08:40:00.212+0000][121][info ][safepoint   ] Safepoint "G1TryInitiateConcMark", Time since last: 143403542 ns, Reaching safepoint: 6083 ns, Cleanup: 11250 ns, At safepoint: 21525542 ns, Total: 21542875 ns
[2025-08-25T08:40:00.219+0000][121][info ][gc,marking  ] GC(22) Concurrent Scan Root Regions 6.298ms
[2025-08-25T08:40:00.219+0000][121][info ][gc,marking  ] GC(22) Concurrent Mark
[2025-08-25T08:40:00.219+0000][121][info ][gc,marking  ] GC(22) Concurrent Mark From Roots
[2025-08-25T08:40:00.219+0000][121][info ][gc,task     ] GC(22) Using 2 workers of 2 for marking
[2025-08-25T08:40:00.275+0000][121][info ][gc,marking  ] GC(22) Concurrent Mark From Roots 55.924ms
[2025-08-25T08:40:00.275+0000][121][info ][gc,marking  ] GC(22) Concurrent Preclean
[2025-08-25T08:40:00.275+0000][121][info ][gc,marking  ] GC(22) Concurrent Preclean 0.552ms
[2025-08-25T08:40:00.275+0000][121][info ][gc,start    ] GC(22) Pause Remark
[2025-08-25T08:40:00.294+0000][121][info ][gc          ] GC(22) Pause Remark 165M->165M(1024M) 18.921ms
[2025-08-25T08:40:00.294+0000][121][info ][gc,cpu      ] GC(22) User=0.10s Sys=0.00s Real=0.02s
[2025-08-25T08:40:00.295+0000][121][info ][safepoint   ] Safepoint "G1PauseRemark", Time since last: 63147333 ns, Reaching safepoint: 10167 ns, Cleanup: 10583 ns, At safepoint: 19097250 ns, Total: 19118000 ns
[2025-08-25T08:40:00.295+0000][121][info ][gc,marking  ] GC(22) Concurrent Mark 75.907ms
[2025-08-25T08:40:00.295+0000][121][info ][gc,marking  ] GC(22) Concurrent Rebuild Remembered Sets and Scrub Regions
[2025-08-25T08:40:00.315+0000][121][info ][gc,marking  ] GC(22) Concurrent Rebuild Remembered Sets and Scrub Regions 20.428ms
[2025-08-25T08:40:00.315+0000][121][info ][gc,start    ] GC(22) Pause Cleanup
[2025-08-25T08:40:00.316+0000][121][info ][gc          ] GC(22) Pause Cleanup 166M->166M(1024M) 0.169ms
[2025-08-25T08:40:00.316+0000][121][info ][gc,cpu      ] GC(22) User=0.00s Sys=0.00s Real=0.00s
[2025-08-25T08:40:00.316+0000][121][info ][safepoint   ] Safepoint "G1PauseCleanup", Time since last: 20775667 ns, Reaching safepoint: 9000 ns, Cleanup: 55000 ns, At safepoint: 298500 ns, Total: 362500 ns
[2025-08-25T08:40:00.316+0000][121][info ][gc,marking  ] GC(22) Concurrent Clear Claimed Marks
[2025-08-25T08:40:00.316+0000][121][info ][gc,marking  ] GC(22) Concurrent Clear Claimed Marks 0.537ms
[2025-08-25T08:40:00.316+0000][121][info ][gc,marking  ] GC(22) Concurrent Cleanup for Next Mark
[2025-08-25T08:40:00.320+0000][121][info ][gc,marking  ] GC(22) Concurrent Cleanup for Next Mark 3.402ms
[2025-08-25T08:40:00.320+0000][121][info ][gc          ] GC(22) Concurrent Mark Cycle 107.748ms
[2025-08-25T08:40:01.653+0000][121][info ][safepoint   ] Safepoint "Cleanup", Time since last: 1337243834 ns, Reaching safepoint: 10291 ns, Cleanup: 11125 ns, At safepoint: 3500 ns, Total: 24916 ns
[2025-08-25T08:40:03.196+0000][121][info ][safepoint   ] Safepoint "Cleanup", Time since last: 1543181334 ns, Reaching safepoint: 4375 ns, Cleanup: 14000 ns, At safepoint: 9667 ns, Total: 28042 ns
[2025-08-25T08:40:04.666+0000][121][info ][safepoint   ] Safepoint "Cleanup", Time since last: 1470076709 ns, Reaching safepoint: 19708 ns, Cleanup: 30875 ns, At safepoint: 6875 ns, Total: 57458 ns
[2025-08-25T08:40:05.667+0000][121][info ][safepoint   ] Safepoint "Cleanup", Time since last: 1000662584 ns, Reaching safepoint: 11125 ns, Cleanup: 15625 ns, At safepoint: 6084 ns, Total: 32834 ns
[2025-08-25T08:40:06.668+0000][121][info ][safepoint   ] Safepoint "Cleanup", Time since last: 1001015875 ns, Reaching safepoint: 25042 ns, Cleanup: 30791 ns, At safepoint: 7584 ns, Total: 63417 ns
[2025-08-25T08:40:09.222+0000][121][info ][safepoint   ] Safepoint "Cleanup", Time since last: 2553900750 ns, Reaching safepoint: 3417 ns, Cleanup: 8875 ns, At safepoint: 1958 ns, Total: 14250 ns
[2025-08-25T08:40:10.390+0000][121][info ][safepoint   ] Safepoint "Cleanup", Time since last: 1168745917 ns, Reaching safepoint: 3792 ns, Cleanup: 6333 ns, At safepoint: 5625 ns, Total: 15750 ns
[2025-08-25T08:40:11.393+0000][121][info ][safepoint   ] Safepoint "Cleanup", Time since last: 1002842501 ns, Reaching safepoint: 18708 ns, Cleanup: 35875 ns, At safepoint: 8292 ns, Total: 62875 ns
[2025-08-25T08:40:12.395+0000][121][info ][safepoint   ] Safepoint "Cleanup", Time since last: 1001560250 ns, Reaching safepoint: 21792 ns, Cleanup: 12833 ns, At safepoint: 9167 ns, Total: 43792 ns
[2025-08-25T08:40:14.397+0000][121][info ][safepoint   ] Safepoint "Cleanup", Time since last: 2001843626 ns, Reaching safepoint: 12916 ns, Cleanup: 20917 ns, At safepoint: 3833 ns, Total: 37666 ns
[2025-08-25T08:40:15.398+0000][121][info ][safepoint   ] Safepoint "Cleanup", Time since last: 1000995043 ns, Reaching safepoint: 15625 ns, Cleanup: 13916 ns, At safepoint: 5375 ns, Total: 34916 ns
[2025-08-25T08:40:19.402+0000][121][info ][safepoint   ] Safepoint "Cleanup", Time since last: 4004608627 ns, Reaching safepoint: 13375 ns, Cleanup: 10417 ns, At safepoint: 4667 ns, Total: 28459 ns
[2025-08-25T08:40:25.149+0000][121][info ][safepoint   ] Safepoint "Cleanup", Time since last: 5746641086 ns, Reaching safepoint: 68625 ns, Cleanup: 51708 ns, At safepoint: 19625 ns, Total: 139958 ns
[2025-08-25T08:40:28.153+0000][121][info ][safepoint   ] Safepoint "Cleanup", Time since last: 3003581960 ns, Reaching safepoint: 20250 ns, Cleanup: 12625 ns, At safepoint: 8166 ns, Total: 41041 ns
[2025-08-25T08:40:33.158+0000][121][info ][safepoint   ] Safepoint "Cleanup", Time since last: 5005259419 ns, Reaching safepoint: 68000 ns, Cleanup: 23834 ns, At safepoint: 9083 ns, Total: 100917 ns
[2025-08-25T08:40:34.159+0000][121][info ][safepoint   ] Safepoint "Cleanup", Time since last: 1001084251 ns, Reaching safepoint: 9041 ns, Cleanup: 16042 ns, At safepoint: 5333 ns, Total: 30416 ns
[2025-08-25T08:40:35.163+0000][121][info ][safepoint   ] Safepoint "Cleanup", Time since last: 1003600417 ns, Reaching safepoint: 3500 ns, Cleanup: 35875 ns, At safepoint: 4375 ns, Total: 43750 ns
[2025-08-25T08:40:36.174+0000][121][info ][safepoint   ] Safepoint "Cleanup", Time since last: 1011090959 ns, Reaching safepoint: 11959 ns, Cleanup: 10583 ns, At safepoint: 5875 ns, Total: 28417 ns
[2025-08-25T08:40:37.175+0000][121][info ][safepoint   ] Safepoint "Cleanup", Time since last: 1000980250 ns, Reaching safepoint: 17084 ns, Cleanup: 19291 ns, At safepoint: 9209 ns, Total: 45584 ns
[2025-08-25T08:40:40.050+0000][121][info ][safepoint   ] Safepoint "Cleanup", Time since last: 2874648083 ns, Reaching safepoint: 5500 ns, Cleanup: 11125 ns, At safepoint: 2000 ns, Total: 18625 ns
[2025-08-25T08:40:41.153+0000][121][info ][safepoint   ] Safepoint "Cleanup", Time since last: 1103263876 ns, Reaching safepoint: 11417 ns, Cleanup: 34708 ns, At safepoint: 6667 ns, Total: 52792 ns
[2025-08-25T08:40:44.155+0000][121][info ][safepoint   ] Safepoint "Cleanup", Time since last: 3001480334 ns, Reaching safepoint: 12709 ns, Cleanup: 14583 ns, At safepoint: 5625 ns, Total: 32917 ns
[2025-08-25T08:40:46.157+0000][121][info ][safepoint   ] Safepoint "Cleanup", Time since last: 2001967793 ns, Reaching safepoint: 14000 ns, Cleanup: 11291 ns, At safepoint: 3750 ns, Total: 29041 ns
[2025-08-25T08:40:49.160+0000][121][info ][safepoint   ] Safepoint "Cleanup", Time since last: 3002567127 ns, Reaching safepoint: 20000 ns, Cleanup: 38833 ns, At safepoint: 7500 ns, Total: 66333 ns
[2025-08-25T08:40:52.162+0000][121][info ][safepoint   ] Safepoint "Cleanup", Time since last: 3002823960 ns, Reaching safepoint: 20375 ns, Cleanup: 11958 ns, At safepoint: 7458 ns, Total: 39791 ns
[2025-08-25T08:40:55.167+0000][121][info ][safepoint   ] Safepoint "Cleanup", Time since last: 3004748794 ns, Reaching safepoint: 16750 ns, Cleanup: 13541 ns, At safepoint: 6167 ns, Total: 36458 ns
[2025-08-25T08:41:03.205+0000][121][info ][safepoint   ] Safepoint "Cleanup", Time since last: 8037594712 ns, Reaching safepoint: 4083 ns, Cleanup: 16042 ns, At safepoint: 3958 ns, Total: 24083 ns
[2025-08-25T08:41:04.855+0000][121][info ][safepoint   ] Safepoint "Cleanup", Time since last: 1649487043 ns, Reaching safepoint: 16625 ns, Cleanup: 100375 ns, At safepoint: 7583 ns, Total: 124583 ns
[2025-08-25T08:41:05.855+0000][121][info ][safepoint   ] Safepoint "Cleanup", Time since last: 1000937709 ns, Reaching safepoint: 11042 ns, Cleanup: 10500 ns, At safepoint: 2750 ns, Total: 24292 ns
[2025-08-25T08:41:06.866+0000][121][info ][safepoint   ] Safepoint "Cleanup", Time since last: 1010319542 ns, Reaching safepoint: 6333 ns, Cleanup: 35334 ns, At safepoint: 15375 ns, Total: 57042 ns
[2025-08-25T08:41:09.233+0000][121][info ][safepoint   ] Safepoint "Cleanup", Time since last: 2366105458 ns, Reaching safepoint: 990375 ns, Cleanup: 23917 ns, At safepoint: 15458 ns, Total: 1029750 ns
[2025-08-25T08:41:10.301+0000][121][info ][safepoint   ] Safepoint "Cleanup", Time since last: 1068196251 ns, Reaching safepoint: 2833 ns, Cleanup: 9458 ns, At safepoint: 3542 ns, Total: 15833 ns
[2025-08-25T08:41:11.562+0000][121][info ][safepoint   ] Safepoint "Cleanup", Time since last: 1260812834 ns, Reaching safepoint: 16958 ns, Cleanup: 23833 ns, At safepoint: 7625 ns, Total: 48416 ns
[2025-08-25T08:41:15.567+0000][121][info ][safepoint   ] Safepoint "Cleanup", Time since last: 4004584877 ns, Reaching safepoint: 55292 ns, Cleanup: 16792 ns, At safepoint: 5791 ns, Total: 77875 ns
[2025-08-25T08:41:18.570+0000][121][info ][safepoint   ] Safepoint "Cleanup", Time since last: 3003360293 ns, Reaching safepoint: 67334 ns, Cleanup: 33875 ns, At safepoint: 13041 ns, Total: 114250 ns
[2025-08-25T08:41:19.572+0000][121][info ][safepoint   ] Safepoint "Cleanup", Time since last: 1001002668 ns, Reaching safepoint: 63791 ns, Cleanup: 20792 ns, At safepoint: 10042 ns, Total: 94625 ns
[2025-08-25T08:41:21.573+0000][121][info ][safepoint   ] Safepoint "Cleanup", Time since last: 2001863042 ns, Reaching safepoint: 33250 ns, Cleanup: 12875 ns, At safepoint: 10042 ns, Total: 56167 ns
[2025-08-25T08:41:26.365+0000][121][info ][safepoint   ] Safepoint "Cleanup", Time since last: 4791906919 ns, Reaching safepoint: 33708 ns, Cleanup: 15958 ns, At safepoint: 4625 ns, Total: 54291 ns
[2025-08-25T08:41:29.369+0000][121][info ][safepoint   ] Safepoint "Cleanup", Time since last: 3003248210 ns, Reaching safepoint: 96792 ns, Cleanup: 40583 ns, At safepoint: 16584 ns, Total: 153959 ns
[2025-08-25T08:41:31.372+0000][121][info ][safepoint   ] Safepoint "Cleanup", Time since last: 2002836001 ns, Reaching safepoint: 105416 ns, Cleanup: 26334 ns, At safepoint: 14041 ns, Total: 145791 ns
[2025-08-25T08:41:33.374+0000][121][info ][safepoint   ] Safepoint "Cleanup", Time since last: 2001664001 ns, Reaching safepoint: 22834 ns, Cleanup: 14625 ns, At safepoint: 8833 ns, Total: 46292 ns
[2025-08-25T08:41:35.250+0000][121][info ][safepoint   ] Safepoint "Cleanup", Time since last: 1875879334 ns, Reaching safepoint: 897333 ns, Cleanup: 38917 ns, At safepoint: 14375 ns, Total: 950625 ns
[2025-08-25T08:41:36.302+0000][121][info ][safepoint   ] Safepoint "Cleanup", Time since last: 1051872376 ns, Reaching safepoint: 13875 ns, Cleanup: 48583 ns, At safepoint: 5958 ns, Total: 68416 ns
[2025-08-25T08:41:37.304+0000][121][info ][safepoint   ] Safepoint "Cleanup", Time since last: 1001325917 ns, Reaching safepoint: 14209 ns, Cleanup: 10958 ns, At safepoint: 4375 ns, Total: 29542 ns
[2025-08-25T08:41:39.305+0000][121][info ][safepoint   ] Safepoint "Cleanup", Time since last: 2001200625 ns, Reaching safepoint: 12542 ns, Cleanup: 8958 ns, At safepoint: 4125 ns, Total: 25625 ns
[2025-08-25T08:41:41.272+0000][121][info ][safepoint   ] Safepoint "Cleanup", Time since last: 1966837668 ns, Reaching safepoint: 15708 ns, Cleanup: 27292 ns, At safepoint: 6791 ns, Total: 49791 ns
[2025-08-25T08:41:42.272+0000][121][info ][safepoint   ] Safepoint "Cleanup", Time since last: 1000453834 ns, Reaching safepoint: 9708 ns, Cleanup: 7459 ns, At safepoint: 4833 ns, Total: 22000 ns
[2025-08-25T08:41:44.274+0000][121][info ][safepoint   ] Safepoint "Cleanup", Time since last: 2001990293 ns, Reaching safepoint: 12666 ns, Cleanup: 22084 ns, At safepoint: 3166 ns, Total: 37916 ns
[2025-08-25T08:41:45.993+0000][121][info ][safepoint   ] Safepoint "Cleanup", Time since last: 1718508835 ns, Reaching safepoint: 5250 ns, Cleanup: 22791 ns, At safepoint: 6792 ns, Total: 34833 ns
[2025-08-25T08:41:47.005+0000][121][info ][safepoint   ] Safepoint "Cleanup", Time since last: 1012643250 ns, Reaching safepoint: 12750 ns, Cleanup: 18584 ns, At safepoint: 5041 ns, Total: 36375 ns
[2025-08-25T08:41:50.044+0000][121][info ][safepoint   ] Safepoint "Cleanup", Time since last: 3038080585 ns, Reaching safepoint: 32167 ns, Cleanup: 22500 ns, At safepoint: 11708 ns, Total: 66375 ns
[2025-08-25T08:41:55.048+0000][121][info ][safepoint   ] Safepoint "Cleanup", Time since last: 5004586294 ns, Reaching safepoint: 17417 ns, Cleanup: 15958 ns, At safepoint: 4167 ns, Total: 37542 ns
[2025-08-25T08:42:01.053+0000][121][info ][safepoint   ] Safepoint "Cleanup", Time since last: 6004982086 ns, Reaching safepoint: 137917 ns, Cleanup: 18666 ns, At safepoint: 13792 ns, Total: 170375 ns
[2025-08-25T08:42:04.056+0000][121][info ][safepoint   ] Safepoint "Cleanup", Time since last: 3002922626 ns, Reaching safepoint: 33959 ns, Cleanup: 13791 ns, At safepoint: 4375 ns, Total: 52125 ns
[2025-08-25T08:42:05.057+0000][121][info ][safepoint   ] Safepoint "Cleanup", Time since last: 1000876959 ns, Reaching safepoint: 36500 ns, Cleanup: 47417 ns, At safepoint: 13417 ns, Total: 97334 ns
[2025-08-25T08:42:06.058+0000][121][info ][safepoint   ] Safepoint "Cleanup", Time since last: 1000887292 ns, Reaching safepoint: 24375 ns, Cleanup: 27833 ns, At safepoint: 8667 ns, Total: 60875 ns
[2025-08-25T08:42:07.107+0000][121][info ][safepoint   ] Safepoint "Cleanup", Time since last: 1048405667 ns, Reaching safepoint: 2958 ns, Cleanup: 8917 ns, At safepoint: 6583 ns, Total: 18458 ns
[2025-08-25T08:42:08.129+0000][121][info ][safepoint   ] Safepoint "Cleanup", Time since last: 1022124125 ns, Reaching safepoint: 8958 ns, Cleanup: 103667 ns, At safepoint: 9000 ns, Total: 121625 ns
[2025-08-25T08:42:09.222+0000][121][info ][safepoint   ] Safepoint "Cleanup", Time since last: 1092936042 ns, Reaching safepoint: 2875 ns, Cleanup: 5625 ns, At safepoint: 3833 ns, Total: 12333 ns
[2025-08-25T08:42:10.691+0000][121][info ][safepoint   ] Safepoint "Cleanup", Time since last: 1468940959 ns, Reaching safepoint: 4167 ns, Cleanup: 8583 ns, At safepoint: 3875 ns, Total: 16625 ns
[2025-08-25T08:42:11.708+0000][121][info ][safepoint   ] Safepoint "Cleanup", Time since last: 1017578876 ns, Reaching safepoint: 18625 ns, Cleanup: 26083 ns, At safepoint: 8625 ns, Total: 53333 ns
[2025-08-25T08:42:14.261+0000][121][info ][safepoint   ] Safepoint "Cleanup", Time since last: 2552154251 ns, Reaching safepoint: 5875 ns, Cleanup: 9417 ns, At safepoint: 9708 ns, Total: 25000 ns
[2025-08-25T08:42:15.573+0000][121][info ][safepoint   ] Safepoint "Cleanup", Time since last: 1312739668 ns, Reaching safepoint: 12916 ns, Cleanup: 12875 ns, At safepoint: 3625 ns, Total: 29416 ns
[2025-08-25T08:42:19.578+0000][121][info ][safepoint   ] Safepoint "Cleanup", Time since last: 4004196794 ns, Reaching safepoint: 24333 ns, Cleanup: 10459 ns, At safepoint: 3458 ns, Total: 38250 ns
[2025-08-25T08:42:29.464+0000][121][info ][safepoint   ] Safepoint "Cleanup", Time since last: 9886754088 ns, Reaching safepoint: 68542 ns, Cleanup: 51041 ns, At safepoint: 13584 ns, Total: 133167 ns
[2025-08-25T08:42:33.468+0000][121][info ][safepoint   ] Safepoint "Cleanup", Time since last: 4003750210 ns, Reaching safepoint: 117125 ns, Cleanup: 45333 ns, At safepoint: 17625 ns, Total: 180083 ns
[2025-08-25T08:42:35.386+0000][121][info ][safepoint   ] Safepoint "Cleanup", Time since last: 1918057084 ns, Reaching safepoint: 5042 ns, Cleanup: 15083 ns, At safepoint: 13542 ns, Total: 33667 ns
[2025-08-25T08:42:36.438+0000][121][info ][safepoint   ] Safepoint "Cleanup", Time since last: 1051214542 ns, Reaching safepoint: 10334 ns, Cleanup: 23375 ns, At safepoint: 3541 ns, Total: 37250 ns
[2025-08-25T08:42:37.439+0000][121][info ][safepoint   ] Safepoint "Cleanup", Time since last: 1000849584 ns, Reaching safepoint: 26667 ns, Cleanup: 24791 ns, At safepoint: 9250 ns, Total: 60708 ns
[2025-08-25T08:42:39.440+0000][121][info ][safepoint   ] Safepoint "Cleanup", Time since last: 2001554459 ns, Reaching safepoint: 37709 ns, Cleanup: 59750 ns, At safepoint: 12916 ns, Total: 110375 ns
[2025-08-25T08:42:41.407+0000][121][info ][safepoint   ] Safepoint "Cleanup", Time since last: 1966920001 ns, Reaching safepoint: 15375 ns, Cleanup: 187959 ns, At safepoint: 8166 ns, Total: 211500 ns
[2025-08-25T08:42:42.408+0000][121][info ][safepoint   ] Safepoint "Cleanup", Time since last: 1000654209 ns, Reaching safepoint: 11417 ns, Cleanup: 10833 ns, At safepoint: 2625 ns, Total: 24875 ns
[2025-08-25T08:42:44.410+0000][121][info ][safepoint   ] Safepoint "Cleanup", Time since last: 2002198418 ns, Reaching safepoint: 9833 ns, Cleanup: 13292 ns, At safepoint: 3125 ns, Total: 26250 ns
[2025-08-25T08:42:48.414+0000][121][info ][safepoint   ] Safepoint "Cleanup", Time since last: 4003749668 ns, Reaching safepoint: 31375 ns, Cleanup: 11334 ns, At safepoint: 7500 ns, Total: 50209 ns
[2025-08-25T08:42:49.416+0000][121][info ][safepoint   ] Safepoint "Cleanup", Time since last: 1001706250 ns, Reaching safepoint: 18667 ns, Cleanup: 15250 ns, At safepoint: 6167 ns, Total: 40084 ns
[2025-08-25T08:42:54.420+0000][121][info ][safepoint   ] Safepoint "Cleanup", Time since last: 5004432752 ns, Reaching safepoint: 10333 ns, Cleanup: 9334 ns, At safepoint: 3375 ns, Total: 23042 ns
[2025-08-25T08:43:05.434+0000][121][info ][safepoint   ] Safepoint "Cleanup", Time since last: 11013207421 ns, Reaching safepoint: 50125 ns, Cleanup: 18792 ns, At safepoint: 8958 ns, Total: 77875 ns
[2025-08-25T08:43:09.245+0000][121][info ][safepoint   ] Safepoint "Cleanup", Time since last: 3811002835 ns, Reaching safepoint: 535792 ns, Cleanup: 16791 ns, At safepoint: 9750 ns, Total: 562333 ns
[2025-08-25T08:43:10.277+0000][121][info ][safepoint   ] Safepoint "Cleanup", Time since last: 1032106209 ns, Reaching safepoint: 19333 ns, Cleanup: 18584 ns, At safepoint: 8000 ns, Total: 45917 ns
[2025-08-25T08:43:11.340+0000][121][info ][safepoint   ] Safepoint "Cleanup", Time since last: 1062913042 ns, Reaching safepoint: 9833 ns, Cleanup: 18250 ns, At safepoint: 5125 ns, Total: 33208 ns
[2025-08-25T08:43:12.344+0000][121][info ][safepoint   ] Safepoint "Cleanup", Time since last: 1003877667 ns, Reaching safepoint: 3000 ns, Cleanup: 8584 ns, At safepoint: 4125 ns, Total: 15709 ns
[2025-08-25T08:43:14.382+0000][121][info ][safepoint   ] Safepoint "Cleanup", Time since last: 2037636584 ns, Reaching safepoint: 20542 ns, Cleanup: 17500 ns, At safepoint: 5916 ns, Total: 43958 ns
[2025-08-25T08:43:15.383+0000][121][info ][safepoint   ] Safepoint "Cleanup", Time since last: 1001463043 ns, Reaching safepoint: 12416 ns, Cleanup: 10500 ns, At safepoint: 3584 ns, Total: 26500 ns
[2025-08-25T08:43:18.404+0000][121][info ][safepoint   ] Safepoint "Cleanup", Time since last: 3020620043 ns, Reaching safepoint: 258541 ns, Cleanup: 14584 ns, At safepoint: 19291 ns, Total: 292416 ns
[2025-08-25T08:43:19.405+0000][121][info ][safepoint   ] Safepoint "Cleanup", Time since last: 1000834959 ns, Reaching safepoint: 40333 ns, Cleanup: 18292 ns, At safepoint: 10792 ns, Total: 69417 ns
[2025-08-25T08:43:30.564+0000][121][info ][safepoint   ] Safepoint "Cleanup", Time since last: 11158576088 ns, Reaching safepoint: 45209 ns, Cleanup: 54083 ns, At safepoint: 6917 ns, Total: 106209 ns
[2025-08-25T08:43:36.572+0000][121][info ][safepoint   ] Safepoint "Cleanup", Time since last: 6008379878 ns, Reaching safepoint: 13750 ns, Cleanup: 20833 ns, At safepoint: 7250 ns, Total: 41833 ns
[2025-08-25T08:43:41.577+0000][121][info ][safepoint   ] Safepoint "Cleanup", Time since last: 5005109210 ns, Reaching safepoint: 92208 ns, Cleanup: 47875 ns, At safepoint: 17042 ns, Total: 157125 ns
[2025-08-25T08:43:42.579+0000][121][info ][safepoint   ] Safepoint "Cleanup", Time since last: 1001712292 ns, Reaching safepoint: 12875 ns, Cleanup: 9625 ns, At safepoint: 4584 ns, Total: 27084 ns
[2025-08-25T08:43:44.581+0000][121][info ][safepoint   ] Safepoint "Cleanup", Time since last: 2002549251 ns, Reaching safepoint: 13458 ns, Cleanup: 9792 ns, At safepoint: 5166 ns, Total: 28416 ns
[2025-08-25T08:43:45.582+0000][121][info ][safepoint   ] Safepoint "Cleanup", Time since last: 1000888459 ns, Reaching safepoint: 17750 ns, Cleanup: 21667 ns, At safepoint: 9291 ns, Total: 48708 ns
[2025-08-25T08:43:49.586+0000][121][info ][safepoint   ] Safepoint "Cleanup", Time since last: 4003721086 ns, Reaching safepoint: 60083 ns, Cleanup: 21167 ns, At safepoint: 11250 ns, Total: 92500 ns
[2025-08-25T08:43:50.588+0000][121][info ][safepoint   ] Safepoint "Cleanup", Time since last: 1002210292 ns, Reaching safepoint: 11333 ns, Cleanup: 13042 ns, At safepoint: 3166 ns, Total: 27541 ns
[2025-08-25T08:43:51.589+0000][121][info ][safepoint   ] Safepoint "Cleanup", Time since last: 1000300043 ns, Reaching safepoint: 77458 ns, Cleanup: 31625 ns, At safepoint: 14500 ns, Total: 123583 ns
[2025-08-25T08:44:00.597+0000][121][info ][safepoint   ] Safepoint "Cleanup", Time since last: 9008817337 ns, Reaching safepoint: 39750 ns, Cleanup: 7584 ns, At safepoint: 4041 ns, Total: 51375 ns
[2025-08-25T08:44:03.601+0000][121][info ][safepoint   ] Safepoint "Cleanup", Time since last: 3002995794 ns, Reaching safepoint: 16250 ns, Cleanup: 12666 ns, At safepoint: 5584 ns, Total: 34500 ns
[2025-08-25T08:44:04.603+0000][121][info ][safepoint   ] Safepoint "Cleanup", Time since last: 1001731375 ns, Reaching safepoint: 246542 ns, Cleanup: 40083 ns, At safepoint: 21000 ns, Total: 307625 ns
[2025-08-25T08:44:05.604+0000][121][info ][safepoint   ] Safepoint "Cleanup", Time since last: 1001114584 ns, Reaching safepoint: 55583 ns, Cleanup: 14542 ns, At safepoint: 12458 ns, Total: 82583 ns
[2025-08-25T08:44:06.605+0000][121][info ][safepoint   ] Safepoint "Cleanup", Time since last: 1001131084 ns, Reaching safepoint: 17792 ns, Cleanup: 16625 ns, At safepoint: 4500 ns, Total: 38917 ns
[2025-08-25T08:44:07.871+0000][121][info ][safepoint   ] Safepoint "Cleanup", Time since last: 1266034000 ns, Reaching safepoint: 5000 ns, Cleanup: 26333 ns, At safepoint: 2292 ns, Total: 33625 ns
[2025-08-25T08:44:11.912+0000][121][info ][safepoint   ] Safepoint "Cleanup", Time since last: 4040151752 ns, Reaching safepoint: 32291 ns, Cleanup: 31042 ns, At safepoint: 6417 ns, Total: 69750 ns
[2025-08-25T08:44:13.539+0000][121][info ][safepoint   ] Safepoint "Cleanup", Time since last: 1627338417 ns, Reaching safepoint: 65208 ns, Cleanup: 92667 ns, At safepoint: 19167 ns, Total: 177042 ns
[2025-08-25T08:44:15.237+0000][121][info ][safepoint   ] Safepoint "Cleanup", Time since last: 1697522042 ns, Reaching safepoint: 4875 ns, Cleanup: 8167 ns, At safepoint: 2125 ns, Total: 15167 ns
[2025-08-25T08:44:16.585+0000][121][info ][safepoint   ] Safepoint "Cleanup", Time since last: 1348023792 ns, Reaching safepoint: 13833 ns, Cleanup: 11750 ns, At safepoint: 5334 ns, Total: 30917 ns
[2025-08-25T08:44:24.754+0000][121][info ][safepoint   ] Safepoint "Cleanup", Time since last: 8169140254 ns, Reaching safepoint: 86500 ns, Cleanup: 37208 ns, At safepoint: 4583 ns, Total: 128291 ns
[2025-08-25T08:44:27.761+0000][121][info ][safepoint   ] Safepoint "Cleanup", Time since last: 3006465752 ns, Reaching safepoint: 31666 ns, Cleanup: 10417 ns, At safepoint: 13000 ns, Total: 55083 ns
[2025-08-25T08:44:34.768+0000][121][info ][safepoint   ] Safepoint "Cleanup", Time since last: 7007335295 ns, Reaching safepoint: 39958 ns, Cleanup: 19542 ns, At safepoint: 6708 ns, Total: 66208 ns
[2025-08-25T08:44:39.773+0000][121][info ][safepoint   ] Safepoint "Cleanup", Time since last: 5005268419 ns, Reaching safepoint: 138875 ns, Cleanup: 17250 ns, At safepoint: 9167 ns, Total: 165292 ns
[2025-08-25T08:44:41.775+0000][121][info ][safepoint   ] Safepoint "Cleanup", Time since last: 2001962126 ns, Reaching safepoint: 18291 ns, Cleanup: 17750 ns, At safepoint: 4667 ns, Total: 40708 ns
[2025-08-25T08:44:44.779+0000][121][info ][safepoint   ] Safepoint "Cleanup", Time since last: 3003524501 ns, Reaching safepoint: 32459 ns, Cleanup: 19625 ns, At safepoint: 7208 ns, Total: 59292 ns
[2025-08-25T08:44:45.780+0000][121][info ][safepoint   ] Safepoint "Cleanup", Time since last: 1001339542 ns, Reaching safepoint: 14250 ns, Cleanup: 19042 ns, At safepoint: 4083 ns, Total: 37375 ns
[2025-08-25T08:44:48.783+0000][121][info ][safepoint   ] Safepoint "Cleanup", Time since last: 3002574335 ns, Reaching safepoint: 44000 ns, Cleanup: 17750 ns, At safepoint: 8292 ns, Total: 70042 ns
[2025-08-25T08:44:51.786+0000][121][info ][safepoint   ] Safepoint "Cleanup", Time since last: 3002931126 ns, Reaching safepoint: 22042 ns, Cleanup: 10958 ns, At safepoint: 4542 ns, Total: 37542 ns
[2025-08-25T08:44:54.790+0000][121][info ][safepoint   ] Safepoint "Cleanup", Time since last: 3004080293 ns, Reaching safepoint: 97541 ns, Cleanup: 66334 ns, At safepoint: 19125 ns, Total: 183000 ns
[2025-08-25T08:45:00.796+0000][121][info ][safepoint   ] Safepoint "Cleanup", Time since last: 6005663211 ns, Reaching safepoint: 14542 ns, Cleanup: 12833 ns, At safepoint: 4792 ns, Total: 32167 ns
[2025-08-25T08:45:04.803+0000][121][info ][safepoint   ] Safepoint "Cleanup", Time since last: 4006120293 ns, Reaching safepoint: 483542 ns, Cleanup: 93292 ns, At safepoint: 22875 ns, Total: 599709 ns
[2025-08-25T08:45:09.807+0000][121][info ][safepoint   ] Safepoint "Cleanup", Time since last: 5004660335 ns, Reaching safepoint: 23958 ns, Cleanup: 21375 ns, At safepoint: 7875 ns, Total: 53208 ns
[2025-08-25T08:45:14.813+0000][121][info ][safepoint   ] Safepoint "Cleanup", Time since last: 5006049086 ns, Reaching safepoint: 14541 ns, Cleanup: 20750 ns, At safepoint: 6417 ns, Total: 41708 ns
[2025-08-25T08:45:15.232+0000][121][info ][gc,start    ] GC(23) Pause Young (Prepare Mixed) (G1 Evacuation Pause)
[2025-08-25T08:45:15.233+0000][121][info ][gc,task     ] GC(23) Using 8 workers of 8 for evacuation
[2025-08-25T08:45:15.233+0000][121][debug][gc,age      ] GC(23) Desired survivor size 41943040 bytes, new threshold 15 (max threshold 15)
[2025-08-25T08:45:15.272+0000][121][info ][gc,phases   ] GC(23)   Pre Evacuate Collection Set: 0.85ms
[2025-08-25T08:45:15.272+0000][121][info ][gc,phases   ] GC(23)   Merge Heap Roots: 0.29ms
[2025-08-25T08:45:15.272+0000][121][info ][gc,phases   ] GC(23)   Evacuate Collection Set: 34.45ms
[2025-08-25T08:45:15.272+0000][121][info ][gc,phases   ] GC(23)   Post Evacuate Collection Set: 3.45ms
[2025-08-25T08:45:15.272+0000][121][info ][gc,phases   ] GC(23)   Other: 0.29ms
[2025-08-25T08:45:15.272+0000][121][trace][gc,age      ] GC(23) Age table with threshold 15 (max threshold 15)
[2025-08-25T08:45:15.272+0000][121][trace][gc,age      ] GC(23) - age   1:    1908264 bytes,    1908264 total
[2025-08-25T08:45:15.272+0000][121][trace][gc,age      ] GC(23) - age   2:     407888 bytes,    2316152 total
[2025-08-25T08:45:15.272+0000][121][trace][gc,age      ] GC(23) - age   3:    1104904 bytes,    3421056 total
[2025-08-25T08:45:15.272+0000][121][trace][gc,age      ] GC(23) - age   4:    3193760 bytes,    6614816 total
[2025-08-25T08:45:15.272+0000][121][trace][gc,age      ] GC(23) - age   5:    3957944 bytes,   10572760 total
[2025-08-25T08:45:15.272+0000][121][trace][gc,age      ] GC(23) - age   6:   13952072 bytes,   24524832 total
[2025-08-25T08:45:15.272+0000][121][trace][gc,age      ] GC(23) - age   7:       8760 bytes,   24533592 total
[2025-08-25T08:45:15.272+0000][121][info ][gc,heap     ] GC(23) Eden regions: 146->0(146)
[2025-08-25T08:45:15.273+0000][121][info ][gc,heap     ] GC(23) Survivor regions: 7->7(20)
[2025-08-25T08:45:15.273+0000][121][info ][gc,heap     ] GC(23) Old regions: 30->30
[2025-08-25T08:45:15.273+0000][121][info ][gc,heap     ] GC(23) Humongous regions: 2->2
[2025-08-25T08:45:15.273+0000][121][info ][gc,metaspace] GC(23) Metaspace: 157751K(162112K)->157751K(162112K) NonClass: 135979K(138368K)->135979K(138368K) Class: 21772K(23744K)->21772K(23744K)
[2025-08-25T08:45:15.273+0000][121][info ][gc          ] GC(23) Pause Young (Prepare Mixed) (G1 Evacuation Pause) 735M->152M(1024M) 40.258ms
[2025-08-25T08:45:15.273+0000][121][info ][gc,cpu      ] GC(23) User=0.29s Sys=0.00s Real=0.04s
[2025-08-25T08:45:15.273+0000][121][info ][safepoint   ] Safepoint "G1CollectForAllocation", Time since last: 418940625 ns, Reaching safepoint: 12292 ns, Cleanup: 2875 ns, At safepoint: 40492542 ns, Total: 40507709 ns
[2025-08-25T08:45:16.801+0000][121][info ][safepoint   ] Safepoint "Cleanup", Time since last: 1527780917 ns, Reaching safepoint: 222042 ns, Cleanup: 48708 ns, At safepoint: 13833 ns, Total: 284583 ns
[2025-08-25T08:45:18.241+0000][121][info ][safepoint   ] Safepoint "Cleanup", Time since last: 1440414584 ns, Reaching safepoint: 13750 ns, Cleanup: 8375 ns, At safepoint: 1459 ns, Total: 23584 ns
[2025-08-25T08:45:19.819+0000][121][info ][safepoint   ] Safepoint "Cleanup", Time since last: 1577496250 ns, Reaching safepoint: 17125 ns, Cleanup: 27750 ns, At safepoint: 8000 ns, Total: 52875 ns
[2025-08-25T08:45:20.820+0000][121][info ][safepoint   ] Safepoint "Cleanup", Time since last: 1001446792 ns, Reaching safepoint: 13000 ns, Cleanup: 11084 ns, At safepoint: 6083 ns, Total: 30167 ns
[2025-08-25T08:45:31.797+0000][121][info ][safepoint   ] Safepoint "Cleanup", Time since last: 10976523005 ns, Reaching safepoint: 60917 ns, Cleanup: 32792 ns, At safepoint: 13958 ns, Total: 107667 ns
[2025-08-25T08:45:36.801+0000][121][info ][safepoint   ] Safepoint "Cleanup", Time since last: 5003893919 ns, Reaching safepoint: 10208 ns, Cleanup: 8125 ns, At safepoint: 4167 ns, Total: 22500 ns
[2025-08-25T08:45:42.073+0000][121][info ][safepoint   ] Safepoint "Cleanup", Time since last: 5271690419 ns, Reaching safepoint: 16125 ns, Cleanup: 29083 ns, At safepoint: 14625 ns, Total: 59833 ns
[2025-08-25T08:45:45.075+0000][121][info ][safepoint   ] Safepoint "Cleanup", Time since last: 3002205126 ns, Reaching safepoint: 71209 ns, Cleanup: 30375 ns, At safepoint: 30791 ns, Total: 132375 ns
[2025-08-25T08:45:46.076+0000][121][info ][safepoint   ] Safepoint "Cleanup", Time since last: 1000358959 ns, Reaching safepoint: 14292 ns, Cleanup: 11375 ns, At safepoint: 8375 ns, Total: 34042 ns
[2025-08-25T08:45:52.083+0000][121][info ][safepoint   ] Safepoint "Cleanup", Time since last: 6007377961 ns, Reaching safepoint: 170000 ns, Cleanup: 34125 ns, At safepoint: 6792 ns, Total: 210917 ns
[2025-08-25T08:46:12.106+0000][121][info ][safepoint   ] Safepoint "Cleanup", Time since last: 20023124342 ns, Reaching safepoint: 13750 ns, Cleanup: 13125 ns, At safepoint: 3834 ns, Total: 30709 ns
[2025-08-25T08:46:13.108+0000][121][info ][safepoint   ] Safepoint "Cleanup", Time since last: 1001885542 ns, Reaching safepoint: 75416 ns, Cleanup: 67292 ns, At safepoint: 18083 ns, Total: 160791 ns
[2025-08-25T08:46:16.111+0000][121][info ][safepoint   ] Safepoint "Cleanup", Time since last: 3002879710 ns, Reaching safepoint: 12834 ns, Cleanup: 9500 ns, At safepoint: 4000 ns, Total: 26334 ns
[2025-08-25T08:46:18.259+0000][121][info ][safepoint   ] Safepoint "Cleanup", Time since last: 2147361167 ns, Reaching safepoint: 427584 ns, Cleanup: 10375 ns, At safepoint: 9333 ns, Total: 447292 ns
[2025-08-25T08:46:20.982+0000][121][info ][safepoint   ] Safepoint "Cleanup", Time since last: 2722943001 ns, Reaching safepoint: 31917 ns, Cleanup: 11917 ns, At safepoint: 9333 ns, Total: 53167 ns
[2025-08-25T08:46:21.991+0000][121][info ][safepoint   ] Safepoint "Cleanup", Time since last: 1009347959 ns, Reaching safepoint: 6833 ns, Cleanup: 10792 ns, At safepoint: 4041 ns, Total: 21666 ns
[2025-08-25T08:46:29.953+0000][121][info ][safepoint   ] Safepoint "Cleanup", Time since last: 7961713004 ns, Reaching safepoint: 83417 ns, Cleanup: 28708 ns, At safepoint: 18500 ns, Total: 130625 ns
[2025-08-25T08:46:34.961+0000][121][info ][safepoint   ] Safepoint "Cleanup", Time since last: 5007698669 ns, Reaching safepoint: 13292 ns, Cleanup: 25792 ns, At safepoint: 3875 ns, Total: 42959 ns
[2025-08-25T08:46:36.963+0000][121][info ][safepoint   ] Safepoint "Cleanup", Time since last: 2002089751 ns, Reaching safepoint: 12541 ns, Cleanup: 8167 ns, At safepoint: 3833 ns, Total: 24541 ns
[2025-08-25T08:46:37.964+0000][121][info ][safepoint   ] Safepoint "Cleanup", Time since last: 1001355792 ns, Reaching safepoint: 62375 ns, Cleanup: 49208 ns, At safepoint: 9459 ns, Total: 121042 ns
[2025-08-25T08:46:39.967+0000][121][info ][safepoint   ] Safepoint "Cleanup", Time since last: 2002545501 ns, Reaching safepoint: 24375 ns, Cleanup: 21750 ns, At safepoint: 8750 ns, Total: 54875 ns
[2025-08-25T08:46:41.971+0000][121][info ][safepoint   ] Safepoint "Cleanup", Time since last: 2003983209 ns, Reaching safepoint: 82292 ns, Cleanup: 77375 ns, At safepoint: 15000 ns, Total: 174667 ns
[2025-08-25T08:46:42.972+0000][121][info ][safepoint   ] Safepoint "Cleanup", Time since last: 1001182375 ns, Reaching safepoint: 14167 ns, Cleanup: 8458 ns, At safepoint: 3375 ns, Total: 26000 ns
[2025-08-25T08:46:43.973+0000][121][info ][safepoint   ] Safepoint "Cleanup", Time since last: 1000623292 ns, Reaching safepoint: 70500 ns, Cleanup: 36375 ns, At safepoint: 8459 ns, Total: 115334 ns
[2025-08-25T08:46:44.974+0000][121][info ][safepoint   ] Safepoint "Cleanup", Time since last: 1000945792 ns, Reaching safepoint: 13875 ns, Cleanup: 13208 ns, At safepoint: 5292 ns, Total: 32375 ns
[2025-08-25T08:46:46.076+0000][121][info ][safepoint   ] Safepoint "Cleanup", Time since last: 1101711375 ns, Reaching safepoint: 4584 ns, Cleanup: 80791 ns, At safepoint: 7417 ns, Total: 92792 ns
[2025-08-25T08:46:47.100+0000][121][info ][safepoint   ] Safepoint "Cleanup", Time since last: 1023772167 ns, Reaching safepoint: 17667 ns, Cleanup: 31875 ns, At safepoint: 5625 ns, Total: 55167 ns
[2025-08-25T08:46:50.108+0000][121][info ][safepoint   ] Safepoint "Cleanup", Time since last: 3008069834 ns, Reaching safepoint: 14917 ns, Cleanup: 8875 ns, At safepoint: 7833 ns, Total: 31625 ns
[2025-08-25T08:46:52.110+0000][121][info ][safepoint   ] Safepoint "Cleanup", Time since last: 2001963793 ns, Reaching safepoint: 31417 ns, Cleanup: 11666 ns, At safepoint: 7375 ns, Total: 50458 ns
[2025-08-25T08:46:55.114+0000][121][info ][safepoint   ] Safepoint "Cleanup", Time since last: 3003836252 ns, Reaching safepoint: 17625 ns, Cleanup: 18875 ns, At safepoint: 10583 ns, Total: 47083 ns
[2025-08-25T08:46:58.116+0000][121][info ][safepoint   ] Safepoint "Cleanup", Time since last: 3002639418 ns, Reaching safepoint: 33667 ns, Cleanup: 23167 ns, At safepoint: 22583 ns, Total: 79417 ns
[2025-08-25T08:46:59.117+0000][121][info ][safepoint   ] Safepoint "Cleanup", Time since last: 1000771792 ns, Reaching safepoint: 11083 ns, Cleanup: 9167 ns, At safepoint: 2792 ns, Total: 23042 ns
[2025-08-25T08:47:00.119+0000][121][info ][safepoint   ] Safepoint "Cleanup", Time since last: 1001394000 ns, Reaching safepoint: 59459 ns, Cleanup: 28000 ns, At safepoint: 12375 ns, Total: 99834 ns
[2025-08-25T08:47:05.123+0000][121][info ][safepoint   ] Safepoint "Cleanup", Time since last: 5004553002 ns, Reaching safepoint: 21250 ns, Cleanup: 11792 ns, At safepoint: 8500 ns, Total: 41542 ns
[2025-08-25T08:47:08.127+0000][121][info ][safepoint   ] Safepoint "Cleanup", Time since last: 3003660417 ns, Reaching safepoint: 58792 ns, Cleanup: 44292 ns, At safepoint: 21916 ns, Total: 125000 ns
[2025-08-25T08:47:09.263+0000][121][info ][safepoint   ] Safepoint "Cleanup", Time since last: 1135371209 ns, Reaching safepoint: 4000 ns, Cleanup: 44750 ns, At safepoint: 5292 ns, Total: 54042 ns
[2025-08-25T08:47:10.266+0000][121][info ][safepoint   ] Safepoint "Cleanup", Time since last: 1002731584 ns, Reaching safepoint: 11541 ns, Cleanup: 9667 ns, At safepoint: 3333 ns, Total: 24541 ns
[2025-08-25T08:47:11.312+0000][121][info ][safepoint   ] Safepoint "Cleanup", Time since last: 1045855001 ns, Reaching safepoint: 21750 ns, Cleanup: 58208 ns, At safepoint: 8500 ns, Total: 88458 ns
[2025-08-25T08:47:12.313+0000][121][info ][safepoint   ] Safepoint "Cleanup", Time since last: 1001041667 ns, Reaching safepoint: 11459 ns, Cleanup: 9125 ns, At safepoint: 7583 ns, Total: 28167 ns
[2025-08-25T08:47:14.314+0000][121][info ][safepoint   ] Safepoint "Cleanup", Time since last: 2001490376 ns, Reaching safepoint: 10083 ns, Cleanup: 7334 ns, At safepoint: 6708 ns, Total: 24125 ns
[2025-08-25T08:47:19.343+0000][121][info ][safepoint   ] Safepoint "Cleanup", Time since last: 5028281794 ns, Reaching safepoint: 383000 ns, Cleanup: 29750 ns, At safepoint: 12667 ns, Total: 425417 ns
[2025-08-25T08:47:21.307+0000][121][info ][safepoint   ] Safepoint "Cleanup", Time since last: 1963812251 ns, Reaching safepoint: 257708 ns, Cleanup: 26792 ns, At safepoint: 15000 ns, Total: 299500 ns
[2025-08-25T08:47:24.273+0000][121][info ][safepoint   ] Safepoint "Cleanup", Time since last: 2966108043 ns, Reaching safepoint: 15125 ns, Cleanup: 8875 ns, At safepoint: 2333 ns, Total: 26333 ns
[2025-08-25T08:47:28.218+0000][121][info ][safepoint   ] Safepoint "Cleanup", Time since last: 3944641419 ns, Reaching safepoint: 36416 ns, Cleanup: 24834 ns, At safepoint: 11166 ns, Total: 72416 ns
[2025-08-25T08:47:29.220+0000][121][info ][safepoint   ] Safepoint "Cleanup", Time since last: 1001516584 ns, Reaching safepoint: 948125 ns, Cleanup: 8000 ns, At safepoint: 9125 ns, Total: 965250 ns
[2025-08-25T08:47:31.222+0000][121][info ][safepoint   ] Safepoint "Cleanup", Time since last: 2001825251 ns, Reaching safepoint: 12417 ns, Cleanup: 10500 ns, At safepoint: 4583 ns, Total: 27500 ns
[2025-08-25T08:47:34.226+0000][121][info ][safepoint   ] Safepoint "Cleanup", Time since last: 3003317793 ns, Reaching safepoint: 9792 ns, Cleanup: 12542 ns, At safepoint: 4250 ns, Total: 26584 ns
[2025-08-25T08:47:35.226+0000][121][info ][safepoint   ] Safepoint "Cleanup", Time since last: 1000853750 ns, Reaching safepoint: 10708 ns, Cleanup: 7167 ns, At safepoint: 3500 ns, Total: 21375 ns
[2025-08-25T08:47:36.881+0000][121][info ][safepoint   ] Safepoint "Cleanup", Time since last: 1654489792 ns, Reaching safepoint: 11709 ns, Cleanup: 12708 ns, At safepoint: 4000 ns, Total: 28417 ns
[2025-08-25T08:47:39.886+0000][121][info ][safepoint   ] Safepoint "Cleanup", Time since last: 3005574292 ns, Reaching safepoint: 23125 ns, Cleanup: 23084 ns, At safepoint: 12916 ns, Total: 59125 ns
[2025-08-25T08:47:41.302+0000][121][info ][safepoint   ] Safepoint "Cleanup", Time since last: 1415832626 ns, Reaching safepoint: 9750 ns, Cleanup: 50917 ns, At safepoint: 11458 ns, Total: 72125 ns
[2025-08-25T08:47:42.303+0000][121][info ][safepoint   ] Safepoint "Cleanup", Time since last: 1000831084 ns, Reaching safepoint: 15708 ns, Cleanup: 34000 ns, At safepoint: 11792 ns, Total: 61500 ns
[2025-08-25T08:47:44.305+0000][121][info ][safepoint   ] Safepoint "Cleanup", Time since last: 2002349959 ns, Reaching safepoint: 17417 ns, Cleanup: 15833 ns, At safepoint: 5667 ns, Total: 38917 ns
[2025-08-25T08:47:48.308+0000][121][info ][safepoint   ] Safepoint "Cleanup", Time since last: 4002491627 ns, Reaching safepoint: 10708 ns, Cleanup: 9583 ns, At safepoint: 3334 ns, Total: 23625 ns
[2025-08-25T08:47:51.312+0000][121][info ][safepoint   ] Safepoint "Cleanup", Time since last: 3003599709 ns, Reaching safepoint: 17125 ns, Cleanup: 19959 ns, At safepoint: 9666 ns, Total: 46750 ns
[2025-08-25T08:47:52.313+0000][121][info ][safepoint   ] Safepoint "Cleanup", Time since last: 1001482793 ns, Reaching safepoint: 32375 ns, Cleanup: 11500 ns, At safepoint: 7166 ns, Total: 51041 ns
[2025-08-25T08:48:05.325+0000][121][info ][safepoint   ] Safepoint "Cleanup", Time since last: 13012200506 ns, Reaching safepoint: 13167 ns, Cleanup: 13125 ns, At safepoint: 3625 ns, Total: 29917 ns
[2025-08-25T08:48:09.329+0000][121][info ][safepoint   ] Safepoint "Cleanup", Time since last: 4003965376 ns, Reaching safepoint: 12084 ns, Cleanup: 10583 ns, At safepoint: 5750 ns, Total: 28417 ns
[2025-08-25T08:48:12.332+0000][121][info ][safepoint   ] Safepoint "Cleanup", Time since last: 3002701043 ns, Reaching safepoint: 11417 ns, Cleanup: 7250 ns, At safepoint: 10000 ns, Total: 28667 ns
[2025-08-25T08:48:19.342+0000][121][info ][safepoint   ] Safepoint "Cleanup", Time since last: 7009631420 ns, Reaching safepoint: 55916 ns, Cleanup: 31500 ns, At safepoint: 40750 ns, Total: 128166 ns
[2025-08-25T08:48:24.282+0000][121][info ][safepoint   ] Safepoint "Cleanup", Time since last: 4939157461 ns, Reaching safepoint: 1004083 ns, Cleanup: 18084 ns, At safepoint: 8750 ns, Total: 1030917 ns
[2025-08-25T08:48:25.305+0000][121][info ][safepoint   ] Safepoint "Cleanup", Time since last: 1022268334 ns, Reaching safepoint: 108250 ns, Cleanup: 88583 ns, At safepoint: 14958 ns, Total: 211791 ns
[2025-08-25T08:48:27.291+0000][121][info ][safepoint   ] Safepoint "Cleanup", Time since last: 1986507835 ns, Reaching safepoint: 6083 ns, Cleanup: 17458 ns, At safepoint: 7334 ns, Total: 30875 ns
[2025-08-25T08:48:33.381+0000][121][info ][safepoint   ] Safepoint "Cleanup", Time since last: 6089534086 ns, Reaching safepoint: 33666 ns, Cleanup: 13917 ns, At safepoint: 7417 ns, Total: 55000 ns
[2025-08-25T08:48:34.382+0000][121][info ][safepoint   ] Safepoint "Cleanup", Time since last: 1001754667 ns, Reaching safepoint: 12625 ns, Cleanup: 10792 ns, At safepoint: 4041 ns, Total: 27458 ns
[2025-08-25T08:48:39.387+0000][121][info ][safepoint   ] Safepoint "Cleanup", Time since last: 5004428752 ns, Reaching safepoint: 11792 ns, Cleanup: 11708 ns, At safepoint: 5083 ns, Total: 28583 ns
[2025-08-25T08:48:41.389+0000][121][info ][safepoint   ] Safepoint "Cleanup", Time since last: 2001970710 ns, Reaching safepoint: 10708 ns, Cleanup: 17875 ns, At safepoint: 2708 ns, Total: 31291 ns
[2025-08-25T08:48:42.390+0000][121][info ][safepoint   ] Safepoint "Cleanup", Time since last: 1001036834 ns, Reaching safepoint: 13167 ns, Cleanup: 8500 ns, At safepoint: 6375 ns, Total: 28042 ns
[2025-08-25T08:48:54.406+0000][121][info ][safepoint   ] Safepoint "Cleanup", Time since last: 12015643422 ns, Reaching safepoint: 36709 ns, Cleanup: 23250 ns, At safepoint: 7875 ns, Total: 67834 ns
[2025-08-25T08:48:57.409+0000][121][info ][safepoint   ] Safepoint "Cleanup", Time since last: 3003241209 ns, Reaching safepoint: 16209 ns, Cleanup: 60375 ns, At safepoint: 29666 ns, Total: 106250 ns
[2025-08-25T08:48:58.411+0000][121][info ][safepoint   ] Safepoint "Cleanup", Time since last: 1001598876 ns, Reaching safepoint: 13916 ns, Cleanup: 12292 ns, At safepoint: 3833 ns, Total: 30041 ns
[2025-08-25T08:48:59.412+0000][121][info ][safepoint   ] Safepoint "Cleanup", Time since last: 1000600626 ns, Reaching safepoint: 44875 ns, Cleanup: 27750 ns, At safepoint: 18208 ns, Total: 90833 ns
[2025-08-25T08:49:03.416+0000][121][info ][safepoint   ] Safepoint "Cleanup", Time since last: 4004297460 ns, Reaching safepoint: 19334 ns, Cleanup: 17083 ns, At safepoint: 5750 ns, Total: 42167 ns
[2025-08-25T08:49:04.417+0000][121][info ][safepoint   ] Safepoint "Cleanup", Time since last: 1001220042 ns, Reaching safepoint: 52250 ns, Cleanup: 27000 ns, At safepoint: 10542 ns, Total: 89792 ns
[2025-08-25T08:49:05.418+0000][121][info ][safepoint   ] Safepoint "Cleanup", Time since last: 1000899875 ns, Reaching safepoint: 17500 ns, Cleanup: 17209 ns, At safepoint: 7333 ns, Total: 42042 ns
[2025-08-25T08:49:06.419+0000][121][info ][safepoint   ] Safepoint "Cleanup", Time since last: 1000930292 ns, Reaching safepoint: 13250 ns, Cleanup: 9250 ns, At safepoint: 5875 ns, Total: 28375 ns
[2025-08-25T08:49:09.421+0000][121][info ][safepoint   ] Safepoint "Cleanup", Time since last: 3002097167 ns, Reaching safepoint: 143417 ns, Cleanup: 19833 ns, At safepoint: 8875 ns, Total: 172125 ns
[2025-08-25T08:49:12.424+0000][121][info ][safepoint   ] Safepoint "Cleanup", Time since last: 3002758002 ns, Reaching safepoint: 56708 ns, Cleanup: 31208 ns, At safepoint: 15709 ns, Total: 103625 ns
[2025-08-25T08:49:18.434+0000][121][info ][safepoint   ] Safepoint "Cleanup", Time since last: 6009907169 ns, Reaching safepoint: 11667 ns, Cleanup: 13000 ns, At safepoint: 4667 ns, Total: 29334 ns
[2025-08-25T08:49:21.437+0000][121][info ][safepoint   ] Safepoint "Cleanup", Time since last: 3002936668 ns, Reaching safepoint: 15166 ns, Cleanup: 14375 ns, At safepoint: 13125 ns, Total: 42666 ns
[2025-08-25T08:49:24.404+0000][121][info ][safepoint   ] Safepoint "Cleanup", Time since last: 2966938169 ns, Reaching safepoint: 35083 ns, Cleanup: 32167 ns, At safepoint: 6583 ns, Total: 73833 ns
[2025-08-25T08:49:27.306+0000][121][info ][safepoint   ] Safepoint "Cleanup", Time since last: 2901716251 ns, Reaching safepoint: 5375 ns, Cleanup: 11625 ns, At safepoint: 5167 ns, Total: 22167 ns
[2025-08-25T08:49:28.526+0000][121][info ][safepoint   ] Safepoint "Cleanup", Time since last: 1220149542 ns, Reaching safepoint: 13750 ns, Cleanup: 22000 ns, At safepoint: 5542 ns, Total: 41292 ns
[2025-08-25T08:49:29.527+0000][121][info ][safepoint   ] Safepoint "Cleanup", Time since last: 1001384500 ns, Reaching safepoint: 20834 ns, Cleanup: 20083 ns, At safepoint: 7958 ns, Total: 48875 ns
[2025-08-25T08:49:30.538+0000][121][info ][safepoint   ] Safepoint "Cleanup", Time since last: 1011073751 ns, Reaching safepoint: 3625 ns, Cleanup: 16333 ns, At safepoint: 3792 ns, Total: 23750 ns
[2025-08-25T08:49:31.547+0000][121][info ][safepoint   ] Safepoint "Cleanup", Time since last: 1008523500 ns, Reaching safepoint: 42459 ns, Cleanup: 26500 ns, At safepoint: 10083 ns, Total: 79042 ns
[2025-08-25T08:49:35.552+0000][121][info ][safepoint   ] Safepoint "Cleanup", Time since last: 4004532710 ns, Reaching safepoint: 78334 ns, Cleanup: 59750 ns, At safepoint: 13791 ns, Total: 151875 ns
[2025-08-25T08:49:41.560+0000][121][info ][safepoint   ] Safepoint "Cleanup", Time since last: 6007852961 ns, Reaching safepoint: 137625 ns, Cleanup: 125125 ns, At safepoint: 83333 ns, Total: 346083 ns
[2025-08-25T08:49:44.564+0000][121][info ][safepoint   ] Safepoint "Cleanup", Time since last: 3004264335 ns, Reaching safepoint: 12375 ns, Cleanup: 13417 ns, At safepoint: 2833 ns, Total: 28625 ns
[2025-08-25T08:49:51.573+0000][121][info ][safepoint   ] Safepoint "Cleanup", Time since last: 7007966504 ns, Reaching safepoint: 244541 ns, Cleanup: 91042 ns, At safepoint: 36958 ns, Total: 372541 ns
[2025-08-25T08:49:59.582+0000][121][info ][safepoint   ] Safepoint "Cleanup", Time since last: 8009588921 ns, Reaching safepoint: 49375 ns, Cleanup: 25875 ns, At safepoint: 10750 ns, Total: 86000 ns
[2025-08-25T08:50:02.586+0000][121][info ][safepoint   ] Safepoint "Cleanup", Time since last: 3003891084 ns, Reaching safepoint: 11792 ns, Cleanup: 26333 ns, At safepoint: 6667 ns, Total: 44792 ns
[2025-08-25T08:50:05.588+0000][121][info ][safepoint   ] Safepoint "Cleanup", Time since last: 3001949918 ns, Reaching safepoint: 62542 ns, Cleanup: 19792 ns, At safepoint: 9541 ns, Total: 91875 ns
[2025-08-25T08:50:08.500+0000][121][info ][safepoint   ] Safepoint "Cleanup", Time since last: 2912109376 ns, Reaching safepoint: 5541 ns, Cleanup: 8709 ns, At safepoint: 7791 ns, Total: 22041 ns
[2025-08-25T08:50:09.680+0000][121][info ][safepoint   ] Safepoint "Cleanup", Time since last: 1179294959 ns, Reaching safepoint: 72625 ns, Cleanup: 51250 ns, At safepoint: 20292 ns, Total: 144167 ns
[2025-08-25T08:50:12.686+0000][121][info ][safepoint   ] Safepoint "Cleanup", Time since last: 3005894668 ns, Reaching safepoint: 13500 ns, Cleanup: 15042 ns, At safepoint: 8208 ns, Total: 36750 ns
[2025-08-25T08:50:14.688+0000][121][info ][safepoint   ] Safepoint "Cleanup", Time since last: 2002455209 ns, Reaching safepoint: 21042 ns, Cleanup: 41708 ns, At safepoint: 8584 ns, Total: 71334 ns
[2025-08-25T08:50:24.631+0000][121][info ][safepoint   ] Safepoint "Cleanup", Time since last: 9942663296 ns, Reaching safepoint: 27583 ns, Cleanup: 18792 ns, At safepoint: 20750 ns, Total: 67125 ns
[2025-08-25T08:50:29.636+0000][121][info ][safepoint   ] Safepoint "Cleanup", Time since last: 5004972502 ns, Reaching safepoint: 176584 ns, Cleanup: 26083 ns, At safepoint: 23833 ns, Total: 226500 ns
[2025-08-25T08:50:30.688+0000][121][info ][safepoint   ] Safepoint "Cleanup", Time since last: 1051828126 ns, Reaching safepoint: 6208 ns, Cleanup: 48167 ns, At safepoint: 17750 ns, Total: 72125 ns
[2025-08-25T08:50:31.720+0000][121][info ][safepoint   ] Safepoint "Cleanup", Time since last: 1031867834 ns, Reaching safepoint: 9333 ns, Cleanup: 12667 ns, At safepoint: 3416 ns, Total: 25416 ns
[2025-08-25T08:50:33.342+0000][121][info ][safepoint   ] Safepoint "Cleanup", Time since last: 1621790918 ns, Reaching safepoint: 3375 ns, Cleanup: 4708 ns, At safepoint: 3875 ns, Total: 11958 ns
[2025-08-25T08:50:34.737+0000][121][info ][safepoint   ] Safepoint "Cleanup", Time since last: 1394617209 ns, Reaching safepoint: 70000 ns, Cleanup: 121417 ns, At safepoint: 24750 ns, Total: 216167 ns
[2025-08-25T08:50:39.744+0000][121][info ][safepoint   ] Safepoint "Cleanup", Time since last: 5006993252 ns, Reaching safepoint: 26292 ns, Cleanup: 34208 ns, At safepoint: 12875 ns, Total: 73375 ns
[2025-08-25T08:50:41.746+0000][121][info ][safepoint   ] Safepoint "Cleanup", Time since last: 2002489792 ns, Reaching safepoint: 11625 ns, Cleanup: 9709 ns, At safepoint: 3666 ns, Total: 25000 ns
[2025-08-25T08:50:44.749+0000][121][info ][safepoint   ] Safepoint "Cleanup", Time since last: 3002718544 ns, Reaching safepoint: 115083 ns, Cleanup: 22375 ns, At safepoint: 10250 ns, Total: 147708 ns
[2025-08-25T08:50:54.760+0000][121][info ][safepoint   ] Safepoint "Cleanup", Time since last: 10010685713 ns, Reaching safepoint: 53833 ns, Cleanup: 32667 ns, At safepoint: 13583 ns, Total: 100083 ns
[2025-08-25T08:50:59.764+0000][121][info ][safepoint   ] Safepoint "Cleanup", Time since last: 5004538753 ns, Reaching safepoint: 49750 ns, Cleanup: 26333 ns, At safepoint: 18875 ns, Total: 94958 ns
[2025-08-25T08:51:00.765+0000][121][info ][safepoint   ] Safepoint "Cleanup", Time since last: 1000765417 ns, Reaching safepoint: 83042 ns, Cleanup: 31667 ns, At safepoint: 21083 ns, Total: 135792 ns
[2025-08-25T08:51:05.771+0000][121][info ][safepoint   ] Safepoint "Cleanup", Time since last: 5005515711 ns, Reaching safepoint: 10625 ns, Cleanup: 11791 ns, At safepoint: 4584 ns, Total: 27000 ns
[2025-08-25T08:51:11.777+0000][121][info ][safepoint   ] Safepoint "Cleanup", Time since last: 6006028793 ns, Reaching safepoint: 30000 ns, Cleanup: 20334 ns, At safepoint: 8208 ns, Total: 58542 ns
[2025-08-25T08:51:14.780+0000][121][info ][safepoint   ] Safepoint "Cleanup", Time since last: 3003004502 ns, Reaching safepoint: 198166 ns, Cleanup: 48042 ns, At safepoint: 13125 ns, Total: 259333 ns
[2025-08-25T08:51:20.787+0000][121][info ][safepoint   ] Safepoint "Cleanup", Time since last: 6007123669 ns, Reaching safepoint: 20292 ns, Cleanup: 19875 ns, At safepoint: 7708 ns, Total: 47875 ns
[2025-08-25T08:51:21.789+0000][121][info ][safepoint   ] Safepoint "Cleanup", Time since last: 1001301709 ns, Reaching safepoint: 10667 ns, Cleanup: 16375 ns, At safepoint: 3708 ns, Total: 30750 ns
[2025-08-25T08:51:30.893+0000][121][info ][safepoint   ] Safepoint "Cleanup", Time since last: 9104158505 ns, Reaching safepoint: 242125 ns, Cleanup: 27708 ns, At safepoint: 17333 ns, Total: 287166 ns
[2025-08-25T08:51:33.371+0000][121][info ][safepoint   ] Safepoint "Cleanup", Time since last: 2478153918 ns, Reaching safepoint: 6917 ns, Cleanup: 22333 ns, At safepoint: 6917 ns, Total: 36167 ns
[2025-08-25T08:51:33.461+0000][121][info ][gc,start    ] GC(24) Pause Young (Mixed) (G1 Evacuation Pause)
[2025-08-25T08:51:33.461+0000][121][info ][gc,task     ] GC(24) Using 8 workers of 8 for evacuation
[2025-08-25T08:51:33.461+0000][121][debug][gc,age      ] GC(24) Desired survivor size 41943040 bytes, new threshold 15 (max threshold 15)
[2025-08-25T08:51:33.493+0000][121][info ][gc,phases   ] GC(24)   Pre Evacuate Collection Set: 0.60ms
[2025-08-25T08:51:33.494+0000][121][info ][gc,phases   ] GC(24)   Merge Heap Roots: 0.17ms
[2025-08-25T08:51:33.494+0000][121][info ][gc,phases   ] GC(24)   Evacuate Collection Set: 28.57ms
[2025-08-25T08:51:33.494+0000][121][info ][gc,phases   ] GC(24)   Post Evacuate Collection Set: 2.92ms
[2025-08-25T08:51:33.494+0000][121][info ][gc,phases   ] GC(24)   Other: 0.24ms
[2025-08-25T08:51:33.494+0000][121][trace][gc,age      ] GC(24) Age table with threshold 15 (max threshold 15)
[2025-08-25T08:51:33.494+0000][121][trace][gc,age      ] GC(24) - age   1:    1576296 bytes,    1576296 total
[2025-08-25T08:51:33.494+0000][121][trace][gc,age      ] GC(24) - age   2:     261600 bytes,    1837896 total
[2025-08-25T08:51:33.494+0000][121][trace][gc,age      ] GC(24) - age   3:     402624 bytes,    2240520 total
[2025-08-25T08:51:33.494+0000][121][trace][gc,age      ] GC(24) - age   4:    1104744 bytes,    3345264 total
[2025-08-25T08:51:33.494+0000][121][trace][gc,age      ] GC(24) - age   5:    3188440 bytes,    6533704 total
[2025-08-25T08:51:33.494+0000][121][trace][gc,age      ] GC(24) - age   6:    3957944 bytes,   10491648 total
[2025-08-25T08:51:33.494+0000][121][trace][gc,age      ] GC(24) - age   7:   13860112 bytes,   24351760 total
[2025-08-25T08:51:33.494+0000][121][trace][gc,age      ] GC(24) - age   8:       8760 bytes,   24360520 total
[2025-08-25T08:51:33.494+0000][121][info ][gc,heap     ] GC(24) Eden regions: 146->0(146)
[2025-08-25T08:51:33.495+0000][121][info ][gc,heap     ] GC(24) Survivor regions: 7->7(20)
[2025-08-25T08:51:33.495+0000][121][info ][gc,heap     ] GC(24) Old regions: 30->29
[2025-08-25T08:51:33.495+0000][121][info ][gc,heap     ] GC(24) Humongous regions: 2->2
[2025-08-25T08:51:33.495+0000][121][info ][gc,metaspace] GC(24) Metaspace: 158150K(162496K)->158150K(162496K) NonClass: 136372K(138752K)->136372K(138752K) Class: 21778K(23744K)->21778K(23744K)
[2025-08-25T08:51:33.495+0000][121][info ][gc          ] GC(24) Pause Young (Mixed) (G1 Evacuation Pause) 736M->150M(1024M) 33.975ms
[2025-08-25T08:51:33.495+0000][121][info ][gc,cpu      ] GC(24) User=0.18s Sys=0.02s Real=0.03s
[2025-08-25T08:51:33.495+0000][121][info ][safepoint   ] Safepoint "G1CollectForAllocation", Time since last: 89496042 ns, Reaching safepoint: 9541 ns, Cleanup: 7667 ns, At safepoint: 34204167 ns, Total: 34221375 ns
[2025-08-25T08:51:34.927+0000][121][info ][safepoint   ] Safepoint "Cleanup", Time since last: 1432493709 ns, Reaching safepoint: 13791 ns, Cleanup: 24709 ns, At safepoint: 6750 ns, Total: 45250 ns
[2025-08-25T08:51:36.374+0000][121][info ][safepoint   ] Safepoint "Cleanup", Time since last: 1446900250 ns, Reaching safepoint: 5084 ns, Cleanup: 12583 ns, At safepoint: 15167 ns, Total: 32834 ns
[2025-08-25T08:51:37.953+0000][121][info ][safepoint   ] Safepoint "Cleanup", Time since last: 1578323041 ns, Reaching safepoint: 42042 ns, Cleanup: 51166 ns, At safepoint: 9334 ns, Total: 102542 ns
[2025-08-25T08:51:39.955+0000][121][info ][safepoint   ] Safepoint "Cleanup", Time since last: 2002307917 ns, Reaching safepoint: 96209 ns, Cleanup: 31000 ns, At safepoint: 10791 ns, Total: 138000 ns
[2025-08-25T08:51:41.957+0000][121][info ][safepoint   ] Safepoint "Cleanup", Time since last: 2001554210 ns, Reaching safepoint: 50208 ns, Cleanup: 24167 ns, At safepoint: 12791 ns, Total: 87166 ns
[2025-08-25T08:51:45.362+0000][121][info ][safepoint   ] Safepoint "Cleanup", Time since last: 3404950919 ns, Reaching safepoint: 4125 ns, Cleanup: 8166 ns, At safepoint: 1792 ns, Total: 14083 ns
[2025-08-25T08:51:47.025+0000][121][info ][safepoint   ] Safepoint "Cleanup", Time since last: 1662527167 ns, Reaching safepoint: 43167 ns, Cleanup: 73500 ns, At safepoint: 7333 ns, Total: 124000 ns
[2025-08-25T08:51:48.053+0000][121][info ][safepoint   ] Safepoint "Cleanup", Time since last: 1028254709 ns, Reaching safepoint: 13125 ns, Cleanup: 16333 ns, At safepoint: 4459 ns, Total: 33917 ns
[2025-08-25T08:51:50.055+0000][121][info ][safepoint   ] Safepoint "Cleanup", Time since last: 2001889042 ns, Reaching safepoint: 12584 ns, Cleanup: 11375 ns, At safepoint: 8000 ns, Total: 31959 ns
[2025-08-25T08:52:10.078+0000][121][info ][safepoint   ] Safepoint "Cleanup", Time since last: 20022565425 ns, Reaching safepoint: 25958 ns, Cleanup: 17542 ns, At safepoint: 8417 ns, Total: 51917 ns
[2025-08-25T08:52:14.965+0000][121][info ][safepoint   ] Safepoint "Cleanup", Time since last: 4887176252 ns, Reaching safepoint: 7167 ns, Cleanup: 15833 ns, At safepoint: 3917 ns, Total: 26917 ns
[2025-08-25T08:52:15.966+0000][121][info ][safepoint   ] Safepoint "Cleanup", Time since last: 1001378375 ns, Reaching safepoint: 11625 ns, Cleanup: 9958 ns, At safepoint: 4959 ns, Total: 26542 ns
[2025-08-25T08:52:20.970+0000][121][info ][safepoint   ] Safepoint "Cleanup", Time since last: 5004160294 ns, Reaching safepoint: 25625 ns, Cleanup: 34833 ns, At safepoint: 9750 ns, Total: 70208 ns
[2025-08-25T08:52:27.011+0000][121][info ][safepoint   ] Safepoint "Cleanup", Time since last: 6040880545 ns, Reaching safepoint: 25125 ns, Cleanup: 18833 ns, At safepoint: 7208 ns, Total: 51166 ns
[2025-08-25T08:52:35.019+0000][121][info ][safepoint   ] Safepoint "Cleanup", Time since last: 8007663254 ns, Reaching safepoint: 13167 ns, Cleanup: 14833 ns, At safepoint: 7084 ns, Total: 35084 ns
[2025-08-25T08:52:36.382+0000][121][info ][safepoint   ] Safepoint "Cleanup", Time since last: 1363209459 ns, Reaching safepoint: 6500 ns, Cleanup: 32208 ns, At safepoint: 10208 ns, Total: 48916 ns
[2025-08-25T08:52:38.241+0000][121][info ][safepoint   ] Safepoint "Cleanup", Time since last: 1858960834 ns, Reaching safepoint: 4750 ns, Cleanup: 27916 ns, At safepoint: 10000 ns, Total: 42666 ns
[2025-08-25T08:52:39.363+0000][121][info ][safepoint   ] Safepoint "Cleanup", Time since last: 1121646918 ns, Reaching safepoint: 4500 ns, Cleanup: 5500 ns, At safepoint: 1750 ns, Total: 11750 ns
[2025-08-25T08:52:41.265+0000][121][info ][safepoint   ] Safepoint "Cleanup", Time since last: 1902536126 ns, Reaching safepoint: 12291 ns, Cleanup: 21375 ns, At safepoint: 4084 ns, Total: 37750 ns
[2025-08-25T08:52:46.271+0000][121][info ][safepoint   ] Safepoint "Cleanup", Time since last: 5005304252 ns, Reaching safepoint: 142375 ns, Cleanup: 34750 ns, At safepoint: 13958 ns, Total: 191083 ns
[2025-08-25T08:52:51.276+0000][121][info ][safepoint   ] Safepoint "Cleanup", Time since last: 5005118669 ns, Reaching safepoint: 21750 ns, Cleanup: 14334 ns, At safepoint: 6500 ns, Total: 42584 ns
[2025-08-25T08:52:59.283+0000][121][info ][safepoint   ] Safepoint "Cleanup", Time since last: 8006996462 ns, Reaching safepoint: 35417 ns, Cleanup: 15666 ns, At safepoint: 12875 ns, Total: 63958 ns
[2025-08-25T08:53:04.289+0000][121][info ][safepoint   ] Safepoint "Cleanup", Time since last: 5005899003 ns, Reaching safepoint: 15458 ns, Cleanup: 12250 ns, At safepoint: 7042 ns, Total: 34750 ns
[2025-08-25T08:53:05.290+0000][121][info ][safepoint   ] Safepoint "Cleanup", Time since last: 1001072750 ns, Reaching safepoint: 49667 ns, Cleanup: 19375 ns, At safepoint: 10083 ns, Total: 79125 ns
[2025-08-25T08:53:09.295+0000][121][info ][safepoint   ] Safepoint "Cleanup", Time since last: 4004769543 ns, Reaching safepoint: 27083 ns, Cleanup: 16000 ns, At safepoint: 12500 ns, Total: 55583 ns
[2025-08-25T08:53:11.298+0000][121][info ][safepoint   ] Safepoint "Cleanup", Time since last: 2002847251 ns, Reaching safepoint: 17833 ns, Cleanup: 14542 ns, At safepoint: 8167 ns, Total: 40542 ns
[2025-08-25T08:53:14.301+0000][121][info ][safepoint   ] Safepoint "Cleanup", Time since last: 3002891209 ns, Reaching safepoint: 9917 ns, Cleanup: 8333 ns, At safepoint: 5709 ns, Total: 23959 ns
[2025-08-25T08:53:35.212+0000][121][info ][safepoint   ] Safepoint "Cleanup", Time since last: 20911074010 ns, Reaching safepoint: 42291 ns, Cleanup: 26875 ns, At safepoint: 15834 ns, Total: 85000 ns
[2025-08-25T08:53:36.214+0000][121][info ][safepoint   ] Safepoint "Cleanup", Time since last: 1001934125 ns, Reaching safepoint: 9708 ns, Cleanup: 5292 ns, At safepoint: 3708 ns, Total: 18708 ns
[2025-08-25T08:53:39.385+0000][121][info ][safepoint   ] Safepoint "Cleanup", Time since last: 3170815251 ns, Reaching safepoint: 3875 ns, Cleanup: 7208 ns, At safepoint: 1625 ns, Total: 12708 ns
[2025-08-25T08:53:40.386+0000][121][info ][safepoint   ] Safepoint "Cleanup", Time since last: 1001769667 ns, Reaching safepoint: 8209 ns, Cleanup: 13125 ns, At safepoint: 10958 ns, Total: 32292 ns
[2025-08-25T08:53:41.419+0000][121][info ][safepoint   ] Safepoint "Cleanup", Time since last: 1031714459 ns, Reaching safepoint: 655125 ns, Cleanup: 13958 ns, At safepoint: 10834 ns, Total: 679917 ns
[2025-08-25T08:54:00.478+0000][121][info ][safepoint   ] Safepoint "Cleanup", Time since last: 19058698717 ns, Reaching safepoint: 36958 ns, Cleanup: 11459 ns, At safepoint: 7958 ns, Total: 56375 ns
[2025-08-25T08:54:04.483+0000][121][info ][safepoint   ] Safepoint "Cleanup", Time since last: 4005072710 ns, Reaching safepoint: 43334 ns, Cleanup: 19791 ns, At safepoint: 10167 ns, Total: 73292 ns
[2025-08-25T08:54:14.494+0000][121][info ][safepoint   ] Safepoint "Cleanup", Time since last: 10010767796 ns, Reaching safepoint: 29333 ns, Cleanup: 25709 ns, At safepoint: 6541 ns, Total: 61583 ns
[2025-08-25T08:54:29.435+0000][121][info ][safepoint   ] Safepoint "Cleanup", Time since last: 14941183633 ns, Reaching safepoint: 16166 ns, Cleanup: 28292 ns, At safepoint: 6125 ns, Total: 50583 ns
[2025-08-25T08:54:39.447+0000][121][info ][safepoint   ] Safepoint "Cleanup", Time since last: 10012579421 ns, Reaching safepoint: 22208 ns, Cleanup: 12417 ns, At safepoint: 10166 ns, Total: 44791 ns
[2025-08-25T08:54:41.450+0000][121][info ][safepoint   ] Safepoint "Cleanup", Time since last: 2002716043 ns, Reaching safepoint: 10000 ns, Cleanup: 14958 ns, At safepoint: 3750 ns, Total: 28708 ns
[2025-08-25T08:54:42.566+0000][121][info ][safepoint   ] Safepoint "Cleanup", Time since last: 1115520293 ns, Reaching safepoint: 6208 ns, Cleanup: 12042 ns, At safepoint: 6916 ns, Total: 25166 ns
[2025-08-25T08:54:43.595+0000][121][info ][safepoint   ] Safepoint "Cleanup", Time since last: 1029298584 ns, Reaching safepoint: 42792 ns, Cleanup: 58333 ns, At safepoint: 15250 ns, Total: 116375 ns
[2025-08-25T08:54:45.412+0000][121][info ][safepoint   ] Safepoint "Cleanup", Time since last: 1816973293 ns, Reaching safepoint: 4041 ns, Cleanup: 7625 ns, At safepoint: 4667 ns, Total: 16333 ns
[2025-08-25T08:54:57.631+0000][121][info ][safepoint   ] Safepoint "Cleanup", Time since last: 12219042089 ns, Reaching safepoint: 80208 ns, Cleanup: 16750 ns, At safepoint: 8792 ns, Total: 105750 ns
[2025-08-25T08:55:05.642+0000][121][info ][safepoint   ] Safepoint "Cleanup", Time since last: 8010835962 ns, Reaching safepoint: 28334 ns, Cleanup: 10291 ns, At safepoint: 7167 ns, Total: 45792 ns
[2025-08-25T08:55:21.663+0000][121][info ][safepoint   ] Safepoint "Cleanup", Time since last: 16020581798 ns, Reaching safepoint: 26292 ns, Cleanup: 23083 ns, At safepoint: 9042 ns, Total: 58417 ns
[2025-08-25T08:55:22.664+0000][121][info ][safepoint   ] Safepoint "Cleanup", Time since last: 1000887959 ns, Reaching safepoint: 16875 ns, Cleanup: 18791 ns, At safepoint: 4625 ns, Total: 40291 ns
[2025-08-25T08:55:29.668+0000][121][info ][safepoint   ] Safepoint "Cleanup", Time since last: 7003118587 ns, Reaching safepoint: 62417 ns, Cleanup: 1078583 ns, At safepoint: 23708 ns, Total: 1164708 ns
[2025-08-25T08:55:34.674+0000][121][info ][safepoint   ] Safepoint "Cleanup", Time since last: 5005825544 ns, Reaching safepoint: 31709 ns, Cleanup: 21958 ns, At safepoint: 4542 ns, Total: 58209 ns
[2025-08-25T08:55:39.678+0000][121][info ][safepoint   ] Safepoint "Cleanup", Time since last: 5004021043 ns, Reaching safepoint: 24167 ns, Cleanup: 35125 ns, At safepoint: 7333 ns, Total: 66625 ns
[2025-08-25T08:55:45.425+0000][121][info ][safepoint   ] Safepoint "Cleanup", Time since last: 5747159753 ns, Reaching safepoint: 7583 ns, Cleanup: 34000 ns, At safepoint: 25084 ns, Total: 66667 ns
[2025-08-25T08:55:48.403+0000][121][info ][safepoint   ] Safepoint "Cleanup", Time since last: 2977296959 ns, Reaching safepoint: 4042 ns, Cleanup: 12375 ns, At safepoint: 3875 ns, Total: 20292 ns
[2025-08-25T08:55:49.853+0000][121][info ][safepoint   ] Safepoint "Cleanup", Time since last: 1450176876 ns, Reaching safepoint: 25875 ns, Cleanup: 27750 ns, At safepoint: 8750 ns, Total: 62375 ns
[2025-08-25T08:55:51.855+0000][121][info ][safepoint   ] Safepoint "Cleanup", Time since last: 2002135417 ns, Reaching safepoint: 11000 ns, Cleanup: 12250 ns, At safepoint: 4084 ns, Total: 27334 ns
[2025-08-25T08:55:54.859+0000][121][info ][safepoint   ] Safepoint "Cleanup", Time since last: 3003792209 ns, Reaching safepoint: 17000 ns, Cleanup: 13750 ns, At safepoint: 7375 ns, Total: 38125 ns
[2025-08-25T08:56:21.890+0000][121][info ][safepoint   ] Safepoint "Cleanup", Time since last: 27031457304 ns, Reaching safepoint: 45000 ns, Cleanup: 12709 ns, At safepoint: 5375 ns, Total: 63084 ns
[2025-08-25T08:56:27.894+0000][121][info ][safepoint   ] Safepoint "Cleanup", Time since last: 6003426711 ns, Reaching safepoint: 83458 ns, Cleanup: 24375 ns, At safepoint: 12042 ns, Total: 119875 ns
[2025-08-25T08:56:30.897+0000][121][info ][safepoint   ] Safepoint "Cleanup", Time since last: 3002840293 ns, Reaching safepoint: 13292 ns, Cleanup: 14583 ns, At safepoint: 6167 ns, Total: 34042 ns
[2025-08-25T08:56:34.901+0000][121][info ][safepoint   ] Safepoint "Cleanup", Time since last: 4004448710 ns, Reaching safepoint: 11333 ns, Cleanup: 22875 ns, At safepoint: 7834 ns, Total: 42042 ns
[2025-08-25T08:56:41.908+0000][121][info ][safepoint   ] Safepoint "Cleanup", Time since last: 7006546044 ns, Reaching safepoint: 19916 ns, Cleanup: 21792 ns, At safepoint: 8583 ns, Total: 50291 ns
[2025-08-25T08:56:45.425+0000][121][info ][safepoint   ] Safepoint "Cleanup", Time since last: 3517019710 ns, Reaching safepoint: 4459 ns, Cleanup: 11666 ns, At safepoint: 4209 ns, Total: 20334 ns
[2025-08-25T08:56:47.016+0000][121][info ][safepoint   ] Safepoint "Cleanup", Time since last: 1591186209 ns, Reaching safepoint: 14375 ns, Cleanup: 22125 ns, At safepoint: 5625 ns, Total: 42125 ns
[2025-08-25T08:56:48.422+0000][121][info ][safepoint   ] Safepoint "Cleanup", Time since last: 1405924750 ns, Reaching safepoint: 4167 ns, Cleanup: 8500 ns, At safepoint: 4125 ns, Total: 16792 ns
[2025-08-25T08:56:58.113+0000][121][info ][safepoint   ] Safepoint "Cleanup", Time since last: 9691057463 ns, Reaching safepoint: 20500 ns, Cleanup: 14500 ns, At safepoint: 6125 ns, Total: 41125 ns
[2025-08-25T08:57:00.116+0000][121][info ][safepoint   ] Safepoint "Cleanup", Time since last: 2002637668 ns, Reaching safepoint: 20958 ns, Cleanup: 13500 ns, At safepoint: 4625 ns, Total: 39083 ns
[2025-08-25T08:57:12.129+0000][121][info ][safepoint   ] Safepoint "Cleanup", Time since last: 12013250297 ns, Reaching safepoint: 49041 ns, Cleanup: 25750 ns, At safepoint: 11834 ns, Total: 86625 ns
[2025-08-25T08:57:14.411+0000][121][info ][safepoint   ] Safepoint "Cleanup", Time since last: 2281754376 ns, Reaching safepoint: 4291 ns, Cleanup: 5959 ns, At safepoint: 5166 ns, Total: 15416 ns
[2025-08-25T08:57:21.612+0000][121][info ][safepoint   ] Safepoint "Cleanup", Time since last: 7200821421 ns, Reaching safepoint: 12000 ns, Cleanup: 15541 ns, At safepoint: 6417 ns, Total: 33958 ns
[2025-08-25T08:57:24.615+0000][121][info ][safepoint   ] Safepoint "Cleanup", Time since last: 3002545460 ns, Reaching safepoint: 59708 ns, Cleanup: 40917 ns, At safepoint: 13166 ns, Total: 113791 ns
[2025-08-25T08:57:30.133+0000][121][info ][safepoint   ] Safepoint "Cleanup", Time since last: 5518359086 ns, Reaching safepoint: 146500 ns, Cleanup: 44792 ns, At safepoint: 14417 ns, Total: 205709 ns
[2025-08-25T08:57:31.135+0000][121][info ][safepoint   ] Safepoint "Cleanup", Time since last: 1001933375 ns, Reaching safepoint: 12125 ns, Cleanup: 10250 ns, At safepoint: 3792 ns, Total: 26167 ns
[2025-08-25T08:57:37.154+0000][121][info ][safepoint   ] Safepoint "Cleanup", Time since last: 6019224919 ns, Reaching safepoint: 14042 ns, Cleanup: 11125 ns, At safepoint: 3417 ns, Total: 28584 ns
[2025-08-25T08:57:51.450+0000][121][info ][safepoint   ] Safepoint "Cleanup", Time since last: 14295418464 ns, Reaching safepoint: 5042 ns, Cleanup: 8333 ns, At safepoint: 2042 ns, Total: 15417 ns
[2025-08-25T08:57:52.216+0000][121][info ][gc,start    ] GC(25) Pause Young (Normal) (G1 Evacuation Pause)
[2025-08-25T08:57:52.216+0000][121][info ][gc,task     ] GC(25) Using 8 workers of 8 for evacuation
[2025-08-25T08:57:52.216+0000][121][debug][gc,age      ] GC(25) Desired survivor size 41943040 bytes, new threshold 15 (max threshold 15)
[2025-08-25T08:57:52.268+0000][121][info ][gc,phases   ] GC(25)   Pre Evacuate Collection Set: 0.84ms
[2025-08-25T08:57:52.268+0000][121][info ][gc,phases   ] GC(25)   Merge Heap Roots: 0.22ms
[2025-08-25T08:57:52.268+0000][121][info ][gc,phases   ] GC(25)   Evacuate Collection Set: 43.75ms
[2025-08-25T08:57:52.268+0000][121][info ][gc,phases   ] GC(25)   Post Evacuate Collection Set: 6.57ms
[2025-08-25T08:57:52.268+0000][121][info ][gc,phases   ] GC(25)   Other: 0.27ms
[2025-08-25T08:57:52.268+0000][121][trace][gc,age      ] GC(25) Age table with threshold 15 (max threshold 15)
[2025-08-25T08:57:52.268+0000][121][trace][gc,age      ] GC(25) - age   1:    1438264 bytes,    1438264 total
[2025-08-25T08:57:52.268+0000][121][trace][gc,age      ] GC(25) - age   2:     480880 bytes,    1919144 total
[2025-08-25T08:57:52.268+0000][121][trace][gc,age      ] GC(25) - age   3:     253568 bytes,    2172712 total
[2025-08-25T08:57:52.268+0000][121][trace][gc,age      ] GC(25) - age   4:     402256 bytes,    2574968 total
[2025-08-25T08:57:52.268+0000][121][trace][gc,age      ] GC(25) - age   5:    1104000 bytes,    3678968 total
[2025-08-25T08:57:52.268+0000][121][trace][gc,age      ] GC(25) - age   6:    2981840 bytes,    6660808 total
[2025-08-25T08:57:52.268+0000][121][trace][gc,age      ] GC(25) - age   7:    3932736 bytes,   10593544 total
[2025-08-25T08:57:52.268+0000][121][trace][gc,age      ] GC(25) - age   8:   13754312 bytes,   24347856 total
[2025-08-25T08:57:52.268+0000][121][trace][gc,age      ] GC(25) - age   9:       8760 bytes,   24356616 total
[2025-08-25T08:57:52.268+0000][121][info ][gc,heap     ] GC(25) Eden regions: 146->0(146)
[2025-08-25T08:57:52.268+0000][121][info ][gc,heap     ] GC(25) Survivor regions: 7->7(20)
[2025-08-25T08:57:52.268+0000][121][info ][gc,heap     ] GC(25) Old regions: 29->29
[2025-08-25T08:57:52.268+0000][121][info ][gc,heap     ] GC(25) Humongous regions: 2->2
[2025-08-25T08:57:52.268+0000][121][info ][gc,metaspace] GC(25) Metaspace: 158323K(162688K)->158323K(162688K) NonClass: 136545K(138944K)->136545K(138944K) Class: 21778K(23744K)->21778K(23744K)
[2025-08-25T08:57:52.269+0000][121][info ][gc          ] GC(25) Pause Young (Normal) (G1 Evacuation Pause) 734M->149M(1024M) 52.802ms
[2025-08-25T08:57:52.269+0000][121][info ][gc,cpu      ] GC(25) User=0.37s Sys=0.00s Real=0.06s
[2025-08-25T08:57:52.269+0000][121][info ][safepoint   ] Safepoint "G1CollectForAllocation", Time since last: 765820834 ns, Reaching safepoint: 20250 ns, Cleanup: 4500 ns, At safepoint: 52993583 ns, Total: 53018333 ns
[2025-08-25T08:57:53.299+0000][121][info ][safepoint   ] Safepoint "Cleanup", Time since last: 1029953834 ns, Reaching safepoint: 4042 ns, Cleanup: 7708 ns, At safepoint: 1417 ns, Total: 13167 ns
[2025-08-25T08:57:54.302+0000][121][info ][safepoint   ] Safepoint "Cleanup", Time since last: 1003005625 ns, Reaching safepoint: 21333 ns, Cleanup: 14125 ns, At safepoint: 7084 ns, Total: 42542 ns
[2025-08-25T08:57:55.308+0000][121][info ][safepoint   ] Safepoint "Cleanup", Time since last: 1005939667 ns, Reaching safepoint: 3792 ns, Cleanup: 10416 ns, At safepoint: 4000 ns, Total: 18208 ns
[2025-08-25T08:58:13.336+0000][121][info ][safepoint   ] Safepoint "Cleanup", Time since last: 18028252634 ns, Reaching safepoint: 13250 ns, Cleanup: 10333 ns, At safepoint: 6000 ns, Total: 29583 ns
[2025-08-25T08:58:19.342+0000][121][info ][safepoint   ] Safepoint "Cleanup", Time since last: 6006193878 ns, Reaching safepoint: 21291 ns, Cleanup: 18125 ns, At safepoint: 7542 ns, Total: 46958 ns
[2025-08-25T08:58:24.347+0000][121][info ][safepoint   ] Safepoint "Cleanup", Time since last: 5004738502 ns, Reaching safepoint: 17625 ns, Cleanup: 18709 ns, At safepoint: 8416 ns, Total: 44750 ns
[2025-08-25T08:58:41.364+0000][121][info ][safepoint   ] Safepoint "Cleanup", Time since last: 17016960383 ns, Reaching safepoint: 75375 ns, Cleanup: 25042 ns, At safepoint: 11833 ns, Total: 112250 ns
[2025-08-25T08:58:49.373+0000][121][info ][safepoint   ] Safepoint "Cleanup", Time since last: 8008924837 ns, Reaching safepoint: 54000 ns, Cleanup: 25750 ns, At safepoint: 17209 ns, Total: 96959 ns
[2025-08-25T08:58:54.444+0000][121][info ][safepoint   ] Safepoint "Cleanup", Time since last: 5071397836 ns, Reaching safepoint: 4708 ns, Cleanup: 11042 ns, At safepoint: 1875 ns, Total: 17625 ns
[2025-08-25T08:58:55.453+0000][121][info ][safepoint   ] Safepoint "Cleanup", Time since last: 1008763042 ns, Reaching safepoint: 3291 ns, Cleanup: 6959 ns, At safepoint: 4250 ns, Total: 14500 ns
[2025-08-25T08:58:57.450+0000][121][info ][safepoint   ] Safepoint "Cleanup", Time since last: 1996660334 ns, Reaching safepoint: 4458 ns, Cleanup: 6667 ns, At safepoint: 5917 ns, Total: 17042 ns
[2025-08-25T08:58:58.472+0000][121][info ][safepoint   ] Safepoint "Cleanup", Time since last: 1022125708 ns, Reaching safepoint: 18084 ns, Cleanup: 18083 ns, At safepoint: 8458 ns, Total: 44625 ns
[2025-08-25T08:58:59.498+0000][121][info ][safepoint   ] Safepoint "Cleanup", Time since last: 1026132709 ns, Reaching safepoint: 86292 ns, Cleanup: 29583 ns, At safepoint: 14959 ns, Total: 130834 ns
[2025-08-25T08:59:06.505+0000][121][info ][safepoint   ] Safepoint "Cleanup", Time since last: 7006765211 ns, Reaching safepoint: 12250 ns, Cleanup: 9042 ns, At safepoint: 5583 ns, Total: 26875 ns
[2025-08-25T08:59:09.508+0000][121][info ][safepoint   ] Safepoint "Cleanup", Time since last: 3002803709 ns, Reaching safepoint: 59417 ns, Cleanup: 15000 ns, At safepoint: 6625 ns, Total: 81042 ns
[2025-08-25T08:59:14.513+0000][121][info ][safepoint   ] Safepoint "Cleanup", Time since last: 5005347919 ns, Reaching safepoint: 12208 ns, Cleanup: 8667 ns, At safepoint: 3916 ns, Total: 24791 ns
[2025-08-25T08:59:24.522+0000][121][info ][safepoint   ] Safepoint "Cleanup", Time since last: 10008722214 ns, Reaching safepoint: 26500 ns, Cleanup: 17875 ns, At safepoint: 6625 ns, Total: 51000 ns
[2025-08-25T08:59:37.373+0000][121][info ][safepoint   ] Safepoint "Cleanup", Time since last: 12850743006 ns, Reaching safepoint: 27083 ns, Cleanup: 14042 ns, At safepoint: 6916 ns, Total: 48041 ns
[2025-08-25T08:59:41.377+0000][121][info ][safepoint   ] Safepoint "Cleanup", Time since last: 4003932419 ns, Reaching safepoint: 76666 ns, Cleanup: 16459 ns, At safepoint: 8916 ns, Total: 102041 ns
[2025-08-25T08:59:57.471+0000][121][info ][safepoint   ] Safepoint "Cleanup", Time since last: 16093714091 ns, Reaching safepoint: 3167 ns, Cleanup: 5583 ns, At safepoint: 1334 ns, Total: 10084 ns
[2025-08-25T08:59:58.644+0000][121][info ][safepoint   ] Safepoint "Cleanup", Time since last: 1173303625 ns, Reaching safepoint: 11750 ns, Cleanup: 25917 ns, At safepoint: 4708 ns, Total: 42375 ns
[2025-08-25T09:00:00.470+0000][121][info ][safepoint   ] Safepoint "Cleanup", Time since last: 1825729751 ns, Reaching safepoint: 10833 ns, Cleanup: 5459 ns, At safepoint: 1791 ns, Total: 18083 ns
[2025-08-25T09:00:01.668+0000][121][info ][safepoint   ] Safepoint "Cleanup", Time since last: 1197763793 ns, Reaching safepoint: 76833 ns, Cleanup: 79583 ns, At safepoint: 18875 ns, Total: 175291 ns
[2025-08-25T09:00:21.690+0000][121][info ][safepoint   ] Safepoint "Cleanup", Time since last: 20021778135 ns, Reaching safepoint: 132083 ns, Cleanup: 34958 ns, At safepoint: 12709 ns, Total: 179750 ns
[2025-08-25T09:00:29.370+0000][121][info ][safepoint   ] Safepoint "Cleanup", Time since last: 7680790378 ns, Reaching safepoint: 16375 ns, Cleanup: 14542 ns, At safepoint: 6208 ns, Total: 37125 ns
[2025-08-25T09:00:35.376+0000][121][info ][safepoint   ] Safepoint "Cleanup", Time since last: 6005412878 ns, Reaching safepoint: 35958 ns, Cleanup: 29084 ns, At safepoint: 10958 ns, Total: 76000 ns
[2025-08-25T09:00:41.383+0000][121][info ][safepoint   ] Safepoint "Cleanup", Time since last: 6007409961 ns, Reaching safepoint: 69500 ns, Cleanup: 35250 ns, At safepoint: 13625 ns, Total: 118375 ns
[2025-08-25T09:00:55.404+0000][121][info ][safepoint   ] Safepoint "Cleanup", Time since last: 14021128131 ns, Reaching safepoint: 20584 ns, Cleanup: 12291 ns, At safepoint: 5209 ns, Total: 38084 ns
[2025-08-25T09:00:59.409+0000][121][info ][safepoint   ] Safepoint "Cleanup", Time since last: 4004246418 ns, Reaching safepoint: 10959 ns, Cleanup: 28916 ns, At safepoint: 3209 ns, Total: 43084 ns
[2025-08-25T09:01:00.844+0000][121][info ][safepoint   ] Safepoint "Cleanup", Time since last: 1435412459 ns, Reaching safepoint: 5250 ns, Cleanup: 9416 ns, At safepoint: 9084 ns, Total: 23750 ns
[2025-08-25T09:01:03.467+0000][121][info ][safepoint   ] Safepoint "Cleanup", Time since last: 2622374126 ns, Reaching safepoint: 4208 ns, Cleanup: 7625 ns, At safepoint: 4875 ns, Total: 16708 ns
[2025-08-25T09:01:05.892+0000][121][info ][safepoint   ] Safepoint "Cleanup", Time since last: 2424954501 ns, Reaching safepoint: 15167 ns, Cleanup: 15667 ns, At safepoint: 13541 ns, Total: 44375 ns
[2025-08-25T09:01:21.908+0000][121][info ][safepoint   ] Safepoint "Cleanup", Time since last: 16015748966 ns, Reaching safepoint: 61083 ns, Cleanup: 18667 ns, At safepoint: 9125 ns, Total: 88875 ns
[2025-08-25T09:01:26.581+0000][121][info ][safepoint   ] Safepoint "Cleanup", Time since last: 4673229335 ns, Reaching safepoint: 36667 ns, Cleanup: 39667 ns, At safepoint: 6583 ns, Total: 82917 ns
[2025-08-25T09:01:34.589+0000][121][info ][safepoint   ] Safepoint "Cleanup", Time since last: 8007898920 ns, Reaching safepoint: 12375 ns, Cleanup: 12542 ns, At safepoint: 5583 ns, Total: 30500 ns
[2025-08-25T09:01:41.596+0000][121][info ][safepoint   ] Safepoint "Cleanup", Time since last: 7007360003 ns, Reaching safepoint: 49083 ns, Cleanup: 26250 ns, At safepoint: 11542 ns, Total: 86875 ns
[2025-08-25T09:01:45.480+0000][121][info ][safepoint   ] Safepoint "Cleanup", Time since last: 3883617002 ns, Reaching safepoint: 5166 ns, Cleanup: 7459 ns, At safepoint: 9958 ns, Total: 22583 ns
[2025-08-25T09:01:47.031+0000][121][info ][safepoint   ] Safepoint "Cleanup", Time since last: 1550758709 ns, Reaching safepoint: 44000 ns, Cleanup: 70417 ns, At safepoint: 6666 ns, Total: 121083 ns
[2025-08-25T09:02:04.129+0000][121][info ][safepoint   ] Safepoint "Cleanup", Time since last: 17097661675 ns, Reaching safepoint: 8083 ns, Cleanup: 26000 ns, At safepoint: 10084 ns, Total: 44167 ns
[2025-08-25T09:02:05.145+0000][121][info ][safepoint   ] Safepoint "Cleanup", Time since last: 1016382584 ns, Reaching safepoint: 25750 ns, Cleanup: 25375 ns, At safepoint: 5458 ns, Total: 56583 ns
[2025-08-25T09:02:06.476+0000][121][info ][safepoint   ] Safepoint "Cleanup", Time since last: 1331106876 ns, Reaching safepoint: 4625 ns, Cleanup: 7125 ns, At safepoint: 5333 ns, Total: 17083 ns
[2025-08-25T09:02:08.188+0000][121][info ][safepoint   ] Safepoint "Cleanup", Time since last: 1712301834 ns, Reaching safepoint: 28291 ns, Cleanup: 47584 ns, At safepoint: 8375 ns, Total: 84250 ns
[2025-08-25T09:02:12.192+0000][121][info ][safepoint   ] Safepoint "Cleanup", Time since last: 4003838918 ns, Reaching safepoint: 29792 ns, Cleanup: 11583 ns, At safepoint: 6459 ns, Total: 47834 ns
[2025-08-25T09:02:14.463+0000][121][info ][safepoint   ] Safepoint "Cleanup", Time since last: 2271042334 ns, Reaching safepoint: 6375 ns, Cleanup: 8750 ns, At safepoint: 3083 ns, Total: 18208 ns
[2025-08-25T09:02:25.250+0000][121][info ][safepoint   ] Safepoint "Cleanup", Time since last: 10786784922 ns, Reaching safepoint: 62625 ns, Cleanup: 107709 ns, At safepoint: 18833 ns, Total: 189167 ns
[2025-08-25T09:02:28.809+0000][121][info ][safepoint   ] Safepoint "Cleanup", Time since last: 3558724168 ns, Reaching safepoint: 14709 ns, Cleanup: 12041 ns, At safepoint: 7667 ns, Total: 34417 ns
[2025-08-25T09:02:41.821+0000][121][info ][safepoint   ] Safepoint "Cleanup", Time since last: 13011944464 ns, Reaching safepoint: 132583 ns, Cleanup: 71084 ns, At safepoint: 14250 ns, Total: 217917 ns
[2025-08-25T09:02:42.822+0000][121][info ][safepoint   ] Safepoint "Cleanup", Time since last: 1001033084 ns, Reaching safepoint: 36041 ns, Cleanup: 15417 ns, At safepoint: 12875 ns, Total: 64333 ns
[2025-08-25T09:02:44.824+0000][121][info ][safepoint   ] Safepoint "Cleanup", Time since last: 2001756293 ns, Reaching safepoint: 12041 ns, Cleanup: 12750 ns, At safepoint: 4917 ns, Total: 29708 ns
[2025-08-25T09:02:48.828+0000][121][info ][safepoint   ] Safepoint "Cleanup", Time since last: 4003654168 ns, Reaching safepoint: 45125 ns, Cleanup: 12250 ns, At safepoint: 15167 ns, Total: 72542 ns
[2025-08-25T09:02:54.834+0000][121][info ][safepoint   ] Safepoint "Cleanup", Time since last: 6005517920 ns, Reaching safepoint: 14333 ns, Cleanup: 10625 ns, At safepoint: 5375 ns, Total: 30333 ns
[2025-08-25T09:03:04.845+0000][121][info ][safepoint   ] Safepoint "Cleanup", Time since last: 10011348463 ns, Reaching safepoint: 11083 ns, Cleanup: 8292 ns, At safepoint: 5333 ns, Total: 24708 ns
[2025-08-25T09:03:06.508+0000][121][info ][safepoint   ] Safepoint "Cleanup", Time since last: 1662821210 ns, Reaching safepoint: 3250 ns, Cleanup: 8291 ns, At safepoint: 3750 ns, Total: 15291 ns
[2025-08-25T09:03:08.353+0000][121][info ][safepoint   ] Safepoint "Cleanup", Time since last: 1845131375 ns, Reaching safepoint: 12083 ns, Cleanup: 11667 ns, At safepoint: 4542 ns, Total: 28292 ns
[2025-08-25T09:03:09.489+0000][121][info ][safepoint   ] Safepoint "Cleanup", Time since last: 1135982542 ns, Reaching safepoint: 3667 ns, Cleanup: 6958 ns, At safepoint: 2000 ns, Total: 12625 ns
[2025-08-25T09:03:11.379+0000][121][info ][safepoint   ] Safepoint "Cleanup", Time since last: 1889722084 ns, Reaching safepoint: 17709 ns, Cleanup: 18583 ns, At safepoint: 7625 ns, Total: 43917 ns
[2025-08-25T09:03:14.383+0000][121][info ][safepoint   ] Safepoint "Cleanup", Time since last: 3003949710 ns, Reaching safepoint: 28208 ns, Cleanup: 9167 ns, At safepoint: 5000 ns, Total: 42375 ns
[2025-08-25T09:03:19.386+0000][121][info ][safepoint   ] Safepoint "Cleanup", Time since last: 5003614252 ns, Reaching safepoint: 19417 ns, Cleanup: 13875 ns, At safepoint: 7416 ns, Total: 40708 ns
[2025-08-25T09:03:29.923+0000][121][info ][safepoint   ] Safepoint "Cleanup", Time since last: 10536802672 ns, Reaching safepoint: 226750 ns, Cleanup: 30667 ns, At safepoint: 11500 ns, Total: 268917 ns
[2025-08-25T09:03:41.934+0000][121][info ][safepoint   ] Safepoint "Cleanup", Time since last: 12011524672 ns, Reaching safepoint: 40000 ns, Cleanup: 23458 ns, At safepoint: 11334 ns, Total: 74792 ns
[2025-08-25T09:03:45.937+0000][121][info ][safepoint   ] Safepoint "Cleanup", Time since last: 4002902001 ns, Reaching safepoint: 36375 ns, Cleanup: 18834 ns, At safepoint: 4041 ns, Total: 59250 ns
[2025-08-25T09:03:49.942+0000][121][info ][safepoint   ] Safepoint "Cleanup", Time since last: 4004411961 ns, Reaching safepoint: 22375 ns, Cleanup: 16125 ns, At safepoint: 4958 ns, Total: 43458 ns
[2025-08-25T09:03:51.945+0000][121][info ][safepoint   ] Safepoint "Cleanup", Time since last: 2002788126 ns, Reaching safepoint: 13708 ns, Cleanup: 12875 ns, At safepoint: 6209 ns, Total: 32792 ns
[2025-08-25T09:04:09.504+0000][121][info ][safepoint   ] Safepoint "Cleanup", Time since last: 17558823465 ns, Reaching safepoint: 4125 ns, Cleanup: 7709 ns, At safepoint: 4625 ns, Total: 16459 ns
[2025-08-25T09:04:10.527+0000][121][info ][safepoint   ] Safepoint "Cleanup", Time since last: 1022151292 ns, Reaching safepoint: 836542 ns, Cleanup: 56541 ns, At safepoint: 22000 ns, Total: 915083 ns
[2025-08-25T09:04:12.509+0000][121][info ][safepoint   ] Safepoint "Cleanup", Time since last: 1981548584 ns, Reaching safepoint: 5375 ns, Cleanup: 17375 ns, At safepoint: 7334 ns, Total: 30084 ns
[2025-08-25T09:04:13.531+0000][121][info ][safepoint   ] Safepoint "Cleanup", Time since last: 1022408292 ns, Reaching safepoint: 15250 ns, Cleanup: 15250 ns, At safepoint: 4417 ns, Total: 34917 ns
[2025-08-25T09:04:14.584+0000][121][info ][safepoint   ] Safepoint "Cleanup", Time since last: 1052993667 ns, Reaching safepoint: 52791 ns, Cleanup: 30625 ns, At safepoint: 12209 ns, Total: 95625 ns
[2025-08-25T09:04:24.595+0000][121][info ][safepoint   ] Safepoint "Cleanup", Time since last: 10010340296 ns, Reaching safepoint: 83584 ns, Cleanup: 24916 ns, At safepoint: 12917 ns, Total: 121417 ns
[2025-08-25T09:04:35.009+0000][121][info ][gc,start    ] GC(26) Pause Young (Concurrent Start) (G1 Evacuation Pause)
[2025-08-25T09:04:35.009+0000][121][info ][gc,task     ] GC(26) Using 8 workers of 8 for evacuation
[2025-08-25T09:04:35.009+0000][121][debug][gc,age      ] GC(26) Desired survivor size 41943040 bytes, new threshold 15 (max threshold 15)
[2025-08-25T09:04:35.043+0000][121][info ][gc,phases   ] GC(26)   Pre Evacuate Collection Set: 0.65ms
[2025-08-25T09:04:35.043+0000][121][info ][gc,phases   ] GC(26)   Merge Heap Roots: 0.13ms
[2025-08-25T09:04:35.043+0000][121][info ][gc,phases   ] GC(26)   Evacuate Collection Set: 30.22ms
[2025-08-25T09:04:35.043+0000][121][info ][gc,phases   ] GC(26)   Post Evacuate Collection Set: 2.23ms
[2025-08-25T09:04:35.043+0000][121][info ][gc,phases   ] GC(26)   Other: 0.36ms
[2025-08-25T09:04:35.043+0000][121][trace][gc,age      ] GC(26) Age table with threshold 15 (max threshold 15)
[2025-08-25T09:04:35.043+0000][121][trace][gc,age      ] GC(26) - age   1:     963808 bytes,     963808 total
[2025-08-25T09:04:35.043+0000][121][trace][gc,age      ] GC(26) - age   2:      55784 bytes,    1019592 total
[2025-08-25T09:04:35.043+0000][121][trace][gc,age      ] GC(26) - age   3:     474456 bytes,    1494048 total
[2025-08-25T09:04:35.043+0000][121][trace][gc,age      ] GC(26) - age   4:     252992 bytes,    1747040 total
[2025-08-25T09:04:35.043+0000][121][trace][gc,age      ] GC(26) - age   5:     390544 bytes,    2137584 total
[2025-08-25T09:04:35.043+0000][121][trace][gc,age      ] GC(26) - age   6:    1104000 bytes,    3241584 total
[2025-08-25T09:04:35.043+0000][121][trace][gc,age      ] GC(26) - age   7:    2914976 bytes,    6156560 total
[2025-08-25T09:04:35.043+0000][121][trace][gc,age      ] GC(26) - age   8:    3916464 bytes,   10073024 total
[2025-08-25T09:04:35.043+0000][121][trace][gc,age      ] GC(26) - age   9:   13753504 bytes,   23826528 total
[2025-08-25T09:04:35.043+0000][121][trace][gc,age      ] GC(26) - age  10:       8760 bytes,   23835288 total
[2025-08-25T09:04:35.043+0000][121][info ][gc,heap     ] GC(26) Eden regions: 146->0(146)
[2025-08-25T09:04:35.043+0000][121][info ][gc,heap     ] GC(26) Survivor regions: 7->7(20)
[2025-08-25T09:04:35.043+0000][121][info ][gc,heap     ] GC(26) Old regions: 29->29
[2025-08-25T09:04:35.044+0000][121][info ][gc,heap     ] GC(26) Humongous regions: 2->2
[2025-08-25T09:04:35.044+0000][121][info ][gc,metaspace] GC(26) Metaspace: 158413K(162752K)->158413K(162752K) NonClass: 136634K(139008K)->136634K(139008K) Class: 21778K(23744K)->21778K(23744K)
[2025-08-25T09:04:35.044+0000][121][info ][gc          ] GC(26) Pause Young (Concurrent Start) (G1 Evacuation Pause) 733M->148M(1024M) 34.607ms
[2025-08-25T09:04:35.044+0000][121][info ][gc,cpu      ] GC(26) User=0.25s Sys=0.01s Real=0.03s
[2025-08-25T09:04:35.044+0000][121][info ][gc          ] GC(27) Concurrent Mark Cycle
[2025-08-25T09:04:35.044+0000][121][info ][gc,marking  ] GC(27) Concurrent Scan Root Regions
[2025-08-25T09:04:35.044+0000][121][info ][safepoint   ] Safepoint "G1CollectForAllocation", Time since last: 10414282047 ns, Reaching safepoint: 14458 ns, Cleanup: 3417 ns, At safepoint: 34787083 ns, Total: 34804958 ns
[2025-08-25T09:04:35.052+0000][121][info ][gc,marking  ] GC(27) Concurrent Scan Root Regions 8.466ms
[2025-08-25T09:04:35.052+0000][121][info ][gc,marking  ] GC(27) Concurrent Mark
[2025-08-25T09:04:35.052+0000][121][info ][gc,marking  ] GC(27) Concurrent Mark From Roots
[2025-08-25T09:04:35.052+0000][121][info ][gc,task     ] GC(27) Using 2 workers of 2 for marking
[2025-08-25T09:04:35.113+0000][121][info ][gc,marking  ] GC(27) Concurrent Mark From Roots 60.958ms
[2025-08-25T09:04:35.114+0000][121][info ][gc,marking  ] GC(27) Concurrent Preclean
[2025-08-25T09:04:35.114+0000][121][info ][gc,marking  ] GC(27) Concurrent Preclean 0.737ms
[2025-08-25T09:04:35.114+0000][121][info ][gc,start    ] GC(27) Pause Remark
[2025-08-25T09:04:35.190+0000][121][info ][gc          ] GC(27) Pause Remark 150M->150M(1024M) 76.047ms
[2025-08-25T09:04:35.191+0000][121][info ][gc,cpu      ] GC(27) User=0.49s Sys=0.01s Real=0.08s
[2025-08-25T09:04:35.191+0000][121][info ][safepoint   ] Safepoint "G1PauseRemark", Time since last: 70579167 ns, Reaching safepoint: 18041 ns, Cleanup: 14334 ns, At safepoint: 76366833 ns, Total: 76399208 ns
[2025-08-25T09:04:35.191+0000][121][info ][gc,marking  ] GC(27) Concurrent Mark 138.415ms
[2025-08-25T09:04:35.191+0000][121][info ][gc,marking  ] GC(27) Concurrent Rebuild Remembered Sets and Scrub Regions
[2025-08-25T09:04:35.213+0000][121][info ][gc,marking  ] GC(27) Concurrent Rebuild Remembered Sets and Scrub Regions 22.145ms
[2025-08-25T09:04:35.214+0000][121][info ][gc,start    ] GC(27) Pause Cleanup
[2025-08-25T09:04:35.214+0000][121][info ][gc          ] GC(27) Pause Cleanup 150M->150M(1024M) 0.152ms
[2025-08-25T09:04:35.214+0000][121][info ][gc,cpu      ] GC(27) User=0.00s Sys=0.00s Real=0.00s
[2025-08-25T09:04:35.214+0000][121][info ][safepoint   ] Safepoint "G1PauseCleanup", Time since last: 22453000 ns, Reaching safepoint: 661917 ns, Cleanup: 51916 ns, At safepoint: 276084 ns, Total: 989917 ns
[2025-08-25T09:04:35.214+0000][121][info ][gc,marking  ] GC(27) Concurrent Clear Claimed Marks
[2025-08-25T09:04:35.214+0000][121][info ][gc,marking  ] GC(27) Concurrent Clear Claimed Marks 0.144ms
[2025-08-25T09:04:35.214+0000][121][info ][gc,marking  ] GC(27) Concurrent Cleanup for Next Mark
[2025-08-25T09:04:35.219+0000][121][info ][gc,marking  ] GC(27) Concurrent Cleanup for Next Mark 4.780ms
[2025-08-25T09:04:35.219+0000][121][info ][gc          ] GC(27) Concurrent Mark Cycle 175.584ms
[2025-08-25T09:04:40.219+0000][121][info ][safepoint   ] Safepoint "Cleanup", Time since last: 5004683168 ns, Reaching safepoint: 15208 ns, Cleanup: 11834 ns, At safepoint: 6000 ns, Total: 33042 ns
[2025-08-25T09:04:41.220+0000][121][info ][safepoint   ] Safepoint "Cleanup", Time since last: 1001017792 ns, Reaching safepoint: 21750 ns, Cleanup: 22625 ns, At safepoint: 13375 ns, Total: 57750 ns
[2025-08-25T09:04:42.221+0000][121][info ][safepoint   ] Safepoint "Cleanup", Time since last: 1001120500 ns, Reaching safepoint: 12417 ns, Cleanup: 12958 ns, At safepoint: 5667 ns, Total: 31042 ns
[2025-08-25T09:05:10.261+0000][121][info ][safepoint   ] Safepoint "Cleanup", Time since last: 28040228388 ns, Reaching safepoint: 21167 ns, Cleanup: 19291 ns, At safepoint: 7292 ns, Total: 47750 ns
[2025-08-25T09:05:15.510+0000][121][info ][safepoint   ] Safepoint "Cleanup", Time since last: 5248846503 ns, Reaching safepoint: 3375 ns, Cleanup: 6875 ns, At safepoint: 4291 ns, Total: 14541 ns
[2025-08-25T09:05:19.805+0000][121][info ][safepoint   ] Safepoint "Cleanup", Time since last: 4294906544 ns, Reaching safepoint: 52125 ns, Cleanup: 12792 ns, At safepoint: 6958 ns, Total: 71875 ns
[2025-08-25T09:05:21.807+0000][121][info ][safepoint   ] Safepoint "Cleanup", Time since last: 2000958751 ns, Reaching safepoint: 648000 ns, Cleanup: 10375 ns, At safepoint: 9125 ns, Total: 667500 ns
[2025-08-25T09:05:22.808+0000][121][info ][safepoint   ] Safepoint "Cleanup", Time since last: 1001269334 ns, Reaching safepoint: 18625 ns, Cleanup: 15958 ns, At safepoint: 6833 ns, Total: 41416 ns
[2025-08-25T09:05:35.979+0000][121][info ][safepoint   ] Safepoint "Cleanup", Time since last: 13170344757 ns, Reaching safepoint: 19166 ns, Cleanup: 12000 ns, At safepoint: 3625 ns, Total: 34791 ns
[2025-08-25T09:06:06.005+0000][121][info ][safepoint   ] Safepoint "Cleanup", Time since last: 30037784473 ns, Reaching safepoint: 24875 ns, Cleanup: 12875 ns, At safepoint: 6708 ns, Total: 44458 ns
[2025-08-25T09:06:13.015+0000][121][info ][safepoint   ] Safepoint "Cleanup", Time since last: 7010716002 ns, Reaching safepoint: 70750 ns, Cleanup: 52584 ns, At safepoint: 11916 ns, Total: 135250 ns
[2025-08-25T09:06:15.018+0000][121][info ][safepoint   ] Safepoint "Cleanup", Time since last: 2003118043 ns, Reaching safepoint: 16083 ns, Cleanup: 18167 ns, At safepoint: 6500 ns, Total: 40750 ns
[2025-08-25T09:06:16.997+0000][121][info ][safepoint   ] Safepoint "Cleanup", Time since last: 1979396793 ns, Reaching safepoint: 48875 ns, Cleanup: 29583 ns, At safepoint: 10250 ns, Total: 88708 ns
[2025-08-25T09:06:18.516+0000][121][info ][safepoint   ] Safepoint "Cleanup", Time since last: 1518276417 ns, Reaching safepoint: 11959 ns, Cleanup: 12375 ns, At safepoint: 3458 ns, Total: 27792 ns
[2025-08-25T09:06:20.024+0000][121][info ][safepoint   ] Safepoint "Cleanup", Time since last: 1508647292 ns, Reaching safepoint: 13834 ns, Cleanup: 12625 ns, At safepoint: 6666 ns, Total: 33125 ns
[2025-08-25T09:06:22.027+0000][121][info ][safepoint   ] Safepoint "Cleanup", Time since last: 2002015376 ns, Reaching safepoint: 16542 ns, Cleanup: 11625 ns, At safepoint: 6125 ns, Total: 34292 ns
[2025-08-25T09:06:25.031+0000][121][info ][safepoint   ] Safepoint "Cleanup", Time since last: 3004625376 ns, Reaching safepoint: 21000 ns, Cleanup: 20584 ns, At safepoint: 11500 ns, Total: 53084 ns
[2025-08-25T09:06:35.206+0000][121][info ][safepoint   ] Safepoint "Cleanup", Time since last: 10174372005 ns, Reaching safepoint: 238791 ns, Cleanup: 40792 ns, At safepoint: 26250 ns, Total: 305833 ns
[2025-08-25T09:06:40.213+0000][121][info ][safepoint   ] Safepoint "Cleanup", Time since last: 5008042751 ns, Reaching safepoint: 11584 ns, Cleanup: 10166 ns, At safepoint: 5459 ns, Total: 27209 ns
[2025-08-25T09:06:42.215+0000][121][info ][safepoint   ] Safepoint "Cleanup", Time since last: 2001996001 ns, Reaching safepoint: 15500 ns, Cleanup: 20458 ns, At safepoint: 5333 ns, Total: 41291 ns
[2025-08-25T09:06:45.527+0000][121][info ][safepoint   ] Safepoint "Cleanup", Time since last: 3311268169 ns, Reaching safepoint: 4166 ns, Cleanup: 6042 ns, At safepoint: 4042 ns, Total: 14250 ns
[2025-08-25T09:06:47.174+0000][121][info ][safepoint   ] Safepoint "Cleanup", Time since last: 1646856667 ns, Reaching safepoint: 33000 ns, Cleanup: 37833 ns, At safepoint: 8959 ns, Total: 79792 ns
[2025-08-25T09:06:48.227+0000][121][info ][safepoint   ] Safepoint "Cleanup", Time since last: 1052944375 ns, Reaching safepoint: 11750 ns, Cleanup: 10209 ns, At safepoint: 5208 ns, Total: 27167 ns
[2025-08-25T09:07:05.250+0000][121][info ][safepoint   ] Safepoint "Cleanup", Time since last: 17022935050 ns, Reaching safepoint: 59750 ns, Cleanup: 39875 ns, At safepoint: 10166 ns, Total: 109791 ns
[2025-08-25T09:07:06.251+0000][121][info ][safepoint   ] Safepoint "Cleanup", Time since last: 1001721501 ns, Reaching safepoint: 10291 ns, Cleanup: 9209 ns, At safepoint: 4333 ns, Total: 23833 ns
[2025-08-25T09:07:18.539+0000][121][info ][safepoint   ] Safepoint "Cleanup", Time since last: 12287444714 ns, Reaching safepoint: 6375 ns, Cleanup: 93250 ns, At safepoint: 26041 ns, Total: 125666 ns
[2025-08-25T09:07:20.324+0000][121][info ][safepoint   ] Safepoint "Cleanup", Time since last: 1785349418 ns, Reaching safepoint: 3708 ns, Cleanup: 28709 ns, At safepoint: 3625 ns, Total: 36042 ns
[2025-08-25T09:07:22.337+0000][121][info ][safepoint   ] Safepoint "Cleanup", Time since last: 2012896125 ns, Reaching safepoint: 3834 ns, Cleanup: 8416 ns, At safepoint: 4500 ns, Total: 16750 ns
[2025-08-25T09:07:41.305+0000][121][info ][safepoint   ] Safepoint "Cleanup", Time since last: 18967834426 ns, Reaching safepoint: 13375 ns, Cleanup: 14333 ns, At safepoint: 6417 ns, Total: 34125 ns
[2025-08-25T09:07:45.312+0000][121][info ][safepoint   ] Safepoint "Cleanup", Time since last: 4007233460 ns, Reaching safepoint: 11375 ns, Cleanup: 9167 ns, At safepoint: 4250 ns, Total: 24792 ns
[2025-08-25T09:07:52.323+0000][121][info ][safepoint   ] Safepoint "Cleanup", Time since last: 7011115420 ns, Reaching safepoint: 89000 ns, Cleanup: 21208 ns, At safepoint: 7333 ns, Total: 117541 ns
[2025-08-25T09:08:08.343+0000][121][info ][safepoint   ] Safepoint "Cleanup", Time since last: 16019324299 ns, Reaching safepoint: 29542 ns, Cleanup: 17625 ns, At safepoint: 6333 ns, Total: 53500 ns
[2025-08-25T09:08:11.349+0000][121][info ][safepoint   ] Safepoint "Cleanup", Time since last: 3006336627 ns, Reaching safepoint: 33000 ns, Cleanup: 28667 ns, At safepoint: 11541 ns, Total: 73208 ns
[2025-08-25T09:08:22.591+0000][121][info ][safepoint   ] Safepoint "Cleanup", Time since last: 11241559964 ns, Reaching safepoint: 4917 ns, Cleanup: 19583 ns, At safepoint: 8750 ns, Total: 33250 ns
[2025-08-25T09:08:32.421+0000][121][info ][safepoint   ] Safepoint "Cleanup", Time since last: 9830371380 ns, Reaching safepoint: 15416 ns, Cleanup: 14209 ns, At safepoint: 7041 ns, Total: 36666 ns
[2025-08-25T09:08:41.432+0000][121][info ][safepoint   ] Safepoint "Cleanup", Time since last: 9010939004 ns, Reaching safepoint: 26125 ns, Cleanup: 29292 ns, At safepoint: 10625 ns, Total: 66042 ns
[2025-08-25T09:08:44.437+0000][121][info ][safepoint   ] Safepoint "Cleanup", Time since last: 3004472585 ns, Reaching safepoint: 14333 ns, Cleanup: 12375 ns, At safepoint: 5583 ns, Total: 32291 ns
[2025-08-25T09:09:01.458+0000][121][info ][safepoint   ] Safepoint "Cleanup", Time since last: 17021193133 ns, Reaching safepoint: 53084 ns, Cleanup: 41375 ns, At safepoint: 6916 ns, Total: 101375 ns
[2025-08-25T09:09:05.465+0000][121][info ][safepoint   ] Safepoint "Cleanup", Time since last: 4006694169 ns, Reaching safepoint: 16750 ns, Cleanup: 17375 ns, At safepoint: 4792 ns, Total: 38917 ns
[2025-08-25T09:09:11.471+0000][121][info ][safepoint   ] Safepoint "Cleanup", Time since last: 6006003752 ns, Reaching safepoint: 173792 ns, Cleanup: 37167 ns, At safepoint: 15583 ns, Total: 226542 ns
[2025-08-25T09:09:18.478+0000][121][info ][safepoint   ] Safepoint "Cleanup", Time since last: 7007237753 ns, Reaching safepoint: 30500 ns, Cleanup: 28167 ns, At safepoint: 19250 ns, Total: 77917 ns
[2025-08-25T09:09:19.480+0000][121][info ][safepoint   ] Safepoint "Cleanup", Time since last: 1001867417 ns, Reaching safepoint: 12292 ns, Cleanup: 12125 ns, At safepoint: 5875 ns, Total: 30292 ns
[2025-08-25T09:09:22.484+0000][121][info ][safepoint   ] Safepoint "Cleanup", Time since last: 3003670126 ns, Reaching safepoint: 41584 ns, Cleanup: 21250 ns, At safepoint: 9958 ns, Total: 72792 ns
[2025-08-25T09:09:24.802+0000][121][info ][safepoint   ] Safepoint "Cleanup", Time since last: 2318531543 ns, Reaching safepoint: 3708 ns, Cleanup: 6750 ns, At safepoint: 2000 ns, Total: 12458 ns
[2025-08-25T09:09:25.822+0000][121][info ][safepoint   ] Safepoint "Cleanup", Time since last: 1019282042 ns, Reaching safepoint: 36583 ns, Cleanup: 19542 ns, At safepoint: 15625 ns, Total: 71750 ns
[2025-08-25T09:09:41.861+0000][121][info ][safepoint   ] Safepoint "Cleanup", Time since last: 16038948507 ns, Reaching safepoint: 169334 ns, Cleanup: 24208 ns, At safepoint: 18500 ns, Total: 212042 ns
[2025-08-25T09:09:45.867+0000][121][info ][safepoint   ] Safepoint "Cleanup", Time since last: 4005738335 ns, Reaching safepoint: 302542 ns, Cleanup: 36625 ns, At safepoint: 13167 ns, Total: 352334 ns
[2025-08-25T09:09:52.875+0000][121][info ][safepoint   ] Safepoint "Cleanup", Time since last: 7007639003 ns, Reaching safepoint: 118167 ns, Cleanup: 21666 ns, At safepoint: 14584 ns, Total: 154417 ns
[2025-08-25T09:09:54.878+0000][121][info ][safepoint   ] Safepoint "Cleanup", Time since last: 2003046751 ns, Reaching safepoint: 25458 ns, Cleanup: 26667 ns, At safepoint: 18041 ns, Total: 70166 ns
[2025-08-25T09:10:02.887+0000][121][info ][safepoint   ] Safepoint "Cleanup", Time since last: 8008717838 ns, Reaching safepoint: 98958 ns, Cleanup: 18167 ns, At safepoint: 7875 ns, Total: 125000 ns
[2025-08-25T09:10:03.889+0000][121][info ][safepoint   ] Safepoint "Cleanup", Time since last: 1002182333 ns, Reaching safepoint: 23834 ns, Cleanup: 20916 ns, At safepoint: 7000 ns, Total: 51750 ns
[2025-08-25T09:10:14.900+0000][121][info ][safepoint   ] Safepoint "Cleanup", Time since last: 11010678297 ns, Reaching safepoint: 38542 ns, Cleanup: 55541 ns, At safepoint: 13792 ns, Total: 107875 ns
[2025-08-25T09:10:17.903+0000][121][info ][safepoint   ] Safepoint "Cleanup", Time since last: 3003404918 ns, Reaching safepoint: 39042 ns, Cleanup: 11083 ns, At safepoint: 4125 ns, Total: 54250 ns
[2025-08-25T09:10:19.905+0000][121][info ][safepoint   ] Safepoint "Cleanup", Time since last: 2001605293 ns, Reaching safepoint: 13083 ns, Cleanup: 11583 ns, At safepoint: 5625 ns, Total: 30291 ns
[2025-08-25T09:10:27.598+0000][121][info ][safepoint   ] Safepoint "Cleanup", Time since last: 7693114462 ns, Reaching safepoint: 4250 ns, Cleanup: 10959 ns, At safepoint: 1750 ns, Total: 16959 ns
[2025-08-25T09:10:29.029+0000][121][info ][safepoint   ] Safepoint "Cleanup", Time since last: 1431462542 ns, Reaching safepoint: 15208 ns, Cleanup: 16792 ns, At safepoint: 6333 ns, Total: 38333 ns
[2025-08-25T09:10:30.031+0000][121][info ][safepoint   ] Safepoint "Cleanup", Time since last: 1001335042 ns, Reaching safepoint: 11334 ns, Cleanup: 11125 ns, At safepoint: 4833 ns, Total: 27292 ns
[2025-08-25T09:10:31.052+0000][121][info ][safepoint   ] Safepoint "Cleanup", Time since last: 1020931209 ns, Reaching safepoint: 20208 ns, Cleanup: 48917 ns, At safepoint: 10042 ns, Total: 79167 ns
[2025-08-25T09:10:55.113+0000][121][info ][safepoint   ] Safepoint "Cleanup", Time since last: 24061382969 ns, Reaching safepoint: 62667 ns, Cleanup: 16833 ns, At safepoint: 13208 ns, Total: 92708 ns
[2025-08-25T09:11:05.125+0000][121][info ][safepoint   ] Safepoint "Cleanup", Time since last: 10011252005 ns, Reaching safepoint: 15084 ns, Cleanup: 15666 ns, At safepoint: 5250 ns, Total: 36000 ns
[2025-08-25T09:11:07.127+0000][121][info ][safepoint   ] Safepoint "Cleanup", Time since last: 2002449335 ns, Reaching safepoint: 9125 ns, Cleanup: 12625 ns, At safepoint: 3250 ns, Total: 25000 ns
[2025-08-25T09:11:09.365+0000][121][info ][gc,start    ] GC(28) Pause Young (Prepare Mixed) (G1 Evacuation Pause)
[2025-08-25T09:11:09.365+0000][121][info ][gc,task     ] GC(28) Using 8 workers of 8 for evacuation
[2025-08-25T09:11:09.365+0000][121][debug][gc,age      ] GC(28) Desired survivor size 41943040 bytes, new threshold 15 (max threshold 15)
[2025-08-25T09:11:09.419+0000][121][info ][gc,phases   ] GC(28)   Pre Evacuate Collection Set: 1.13ms
[2025-08-25T09:11:09.419+0000][121][info ][gc,phases   ] GC(28)   Merge Heap Roots: 0.48ms
[2025-08-25T09:11:09.419+0000][121][info ][gc,phases   ] GC(28)   Evacuate Collection Set: 47.10ms
[2025-08-25T09:11:09.419+0000][121][info ][gc,phases   ] GC(28)   Post Evacuate Collection Set: 4.16ms
[2025-08-25T09:11:09.419+0000][121][info ][gc,phases   ] GC(28)   Other: 0.71ms
[2025-08-25T09:11:09.419+0000][121][trace][gc,age      ] GC(28) Age table with threshold 15 (max threshold 15)
[2025-08-25T09:11:09.419+0000][121][trace][gc,age      ] GC(28) - age   1:    1046152 bytes,    1046152 total
[2025-08-25T09:11:09.420+0000][121][trace][gc,age      ] GC(28) - age   2:      32032 bytes,    1078184 total
[2025-08-25T09:11:09.420+0000][121][trace][gc,age      ] GC(28) - age   3:      54152 bytes,    1132336 total
[2025-08-25T09:11:09.420+0000][121][trace][gc,age      ] GC(28) - age   4:     473080 bytes,    1605416 total
[2025-08-25T09:11:09.420+0000][121][trace][gc,age      ] GC(28) - age   5:     252424 bytes,    1857840 total
[2025-08-25T09:11:09.420+0000][121][trace][gc,age      ] GC(28) - age   6:     390480 bytes,    2248320 total
[2025-08-25T09:11:09.420+0000][121][trace][gc,age      ] GC(28) - age   7:    1104000 bytes,    3352320 total
[2025-08-25T09:11:09.420+0000][121][trace][gc,age      ] GC(28) - age   8:    2913632 bytes,    6265952 total
[2025-08-25T09:11:09.421+0000][121][trace][gc,age      ] GC(28) - age   9:    3915216 bytes,   10181168 total
[2025-08-25T09:11:09.421+0000][121][trace][gc,age      ] GC(28) - age  10:   13743472 bytes,   23924640 total
[2025-08-25T09:11:09.421+0000][121][trace][gc,age      ] GC(28) - age  11:        248 bytes,   23924888 total
[2025-08-25T09:11:09.421+0000][121][info ][gc,heap     ] GC(28) Eden regions: 146->0(146)
[2025-08-25T09:11:09.422+0000][121][info ][gc,heap     ] GC(28) Survivor regions: 7->7(20)
[2025-08-25T09:11:09.422+0000][121][info ][gc,heap     ] GC(28) Old regions: 29->29
[2025-08-25T09:11:09.422+0000][121][info ][gc,heap     ] GC(28) Humongous regions: 2->2
[2025-08-25T09:11:09.423+0000][121][info ][gc,metaspace] GC(28) Metaspace: 155863K(162752K)->155863K(162752K) NonClass: 134768K(139008K)->134768K(139008K) Class: 21094K(23744K)->21094K(23744K)
[2025-08-25T09:11:09.423+0000][121][info ][gc          ] GC(28) Pause Young (Prepare Mixed) (G1 Evacuation Pause) 732M->148M(1024M) 58.170ms
[2025-08-25T09:11:09.423+0000][121][info ][gc,cpu      ] GC(28) User=0.36s Sys=0.01s Real=0.06s
[2025-08-25T09:11:09.423+0000][121][info ][safepoint   ] Safepoint "G1CollectForAllocation", Time since last: 2238187750 ns, Reaching safepoint: 43333 ns, Cleanup: 7250 ns, At safepoint: 58492833 ns, Total: 58543416 ns
[2025-08-25T09:11:10.424+0000][121][info ][safepoint   ] Safepoint "Cleanup", Time since last: 1000983209 ns, Reaching safepoint: 13792 ns, Cleanup: 12375 ns, At safepoint: 5875 ns, Total: 32042 ns
[2025-08-25T09:11:11.425+0000][121][info ][safepoint   ] Safepoint "Cleanup", Time since last: 1000770917 ns, Reaching safepoint: 137375 ns, Cleanup: 36250 ns, At safepoint: 11250 ns, Total: 184875 ns
[2025-08-25T09:11:15.663+0000][121][info ][safepoint   ] Safepoint "Cleanup", Time since last: 4237625335 ns, Reaching safepoint: 17792 ns, Cleanup: 26083 ns, At safepoint: 9750 ns, Total: 53625 ns
[2025-08-25T09:11:15.947+0000][121][info ][safepoint   ] Safepoint "ICBufferFull", Time since last: 282736834 ns, Reaching safepoint: 1572375 ns, Cleanup: 153375 ns, At safepoint: 32708 ns, Total: 1758458 ns
[2025-08-25T09:11:17.214+0000][121][info ][safepoint   ] Safepoint "Cleanup", Time since last: 1266666751 ns, Reaching safepoint: 35875 ns, Cleanup: 245125 ns, At safepoint: 32416 ns, Total: 313416 ns
[2025-08-25T09:11:18.289+0000][121][info ][safepoint   ] Safepoint "Cleanup", Time since last: 1074680793 ns, Reaching safepoint: 21583 ns, Cleanup: 21583 ns, At safepoint: 18959 ns, Total: 62125 ns
[2025-08-25T09:11:19.564+0000][121][info ][safepoint   ] Safepoint "Cleanup", Time since last: 1275168000 ns, Reaching safepoint: 4042 ns, Cleanup: 16791 ns, At safepoint: 1750 ns, Total: 22583 ns
[2025-08-25T09:11:20.686+0000][121][info ][safepoint   ] Safepoint "Cleanup", Time since last: 1121564501 ns, Reaching safepoint: 3708 ns, Cleanup: 10834 ns, At safepoint: 4250 ns, Total: 18792 ns
[2025-08-25T09:11:22.690+0000][121][info ][safepoint   ] Safepoint "Cleanup", Time since last: 2003710917 ns, Reaching safepoint: 210917 ns, Cleanup: 30833 ns, At safepoint: 18750 ns, Total: 260500 ns
[2025-08-25T09:11:27.773+0000][121][info ][safepoint   ] Safepoint "Cleanup", Time since last: 5082628628 ns, Reaching safepoint: 125625 ns, Cleanup: 193750 ns, At safepoint: 99750 ns, Total: 419125 ns
[2025-08-25T09:11:30.632+0000][121][info ][safepoint   ] Safepoint "Cleanup", Time since last: 2859592584 ns, Reaching safepoint: 13959 ns, Cleanup: 19083 ns, At safepoint: 6292 ns, Total: 39334 ns
[2025-08-25T09:11:32.422+0000][121][info ][safepoint   ] Safepoint "Cleanup", Time since last: 1788801167 ns, Reaching safepoint: 194584 ns, Cleanup: 107791 ns, At safepoint: 27667 ns, Total: 330042 ns
[2025-08-25T09:11:33.424+0000][121][info ][safepoint   ] Safepoint "Cleanup", Time since last: 1001920542 ns, Reaching safepoint: 152333 ns, Cleanup: 24542 ns, At safepoint: 15083 ns, Total: 191958 ns
[2025-08-25T09:11:34.506+0000][121][info ][safepoint   ] Safepoint "Cleanup", Time since last: 1082041793 ns, Reaching safepoint: 9166 ns, Cleanup: 32584 ns, At safepoint: 15958 ns, Total: 57708 ns
[2025-08-25T09:11:35.525+0000][121][info ][safepoint   ] Safepoint "Cleanup", Time since last: 1019495375 ns, Reaching safepoint: 113959 ns, Cleanup: 18166 ns, At safepoint: 14084 ns, Total: 146209 ns
[2025-08-25T09:11:38.525+0000][121][info ][safepoint   ] Safepoint "Cleanup", Time since last: 3002600125 ns, Reaching safepoint: 311750 ns, Cleanup: 86292 ns, At safepoint: 30625 ns, Total: 428667 ns
[2025-08-25T09:11:39.527+0000][121][info ][safepoint   ] Safepoint "Cleanup", Time since last: 1001526584 ns, Reaching safepoint: 54458 ns, Cleanup: 28333 ns, At safepoint: 106834 ns, Total: 189625 ns
[2025-08-25T09:11:40.529+0000][121][info ][safepoint   ] Safepoint "Cleanup", Time since last: 1000964792 ns, Reaching safepoint: 152958 ns, Cleanup: 640125 ns, At safepoint: 26000 ns, Total: 819083 ns
[2025-08-25T09:11:41.530+0000][121][info ][safepoint   ] Safepoint "Cleanup", Time since last: 1001341126 ns, Reaching safepoint: 31791 ns, Cleanup: 47042 ns, At safepoint: 17833 ns, Total: 96666 ns
[2025-08-25T09:11:44.735+0000][121][info ][safepoint   ] Safepoint "Cleanup", Time since last: 3205151627 ns, Reaching safepoint: 30833 ns, Cleanup: 27750 ns, At safepoint: 8250 ns, Total: 66833 ns
[2025-08-25T09:11:45.778+0000][121][info ][safepoint   ] Safepoint "Cleanup", Time since last: 1042829792 ns, Reaching safepoint: 5375 ns, Cleanup: 15875 ns, At safepoint: 1750 ns, Total: 23000 ns
[2025-08-25T09:11:47.620+0000][121][info ][safepoint   ] Safepoint "Cleanup", Time since last: 1841525751 ns, Reaching safepoint: 295084 ns, Cleanup: 145375 ns, At safepoint: 33041 ns, Total: 473500 ns
[2025-08-25T09:11:48.622+0000][121][info ][safepoint   ] Safepoint "Cleanup", Time since last: 1001919209 ns, Reaching safepoint: 25583 ns, Cleanup: 18917 ns, At safepoint: 7917 ns, Total: 52417 ns
[2025-08-25T09:11:49.623+0000][121][info ][safepoint   ] Safepoint "Cleanup", Time since last: 1000582250 ns, Reaching safepoint: 12750 ns, Cleanup: 37375 ns, At safepoint: 10875 ns, Total: 61000 ns
[2025-08-25T09:12:02.639+0000][121][info ][safepoint   ] Safepoint "Cleanup", Time since last: 13015015506 ns, Reaching safepoint: 820709 ns, Cleanup: 78416 ns, At safepoint: 30792 ns, Total: 929917 ns
[2025-08-25T09:12:09.651+0000][121][info ][safepoint   ] Safepoint "Cleanup", Time since last: 7008263544 ns, Reaching safepoint: 48209 ns, Cleanup: 16083 ns, At safepoint: 11042 ns, Total: 75334 ns
[2025-08-25T09:12:14.658+0000][121][info ][safepoint   ] Safepoint "Cleanup", Time since last: 5006556377 ns, Reaching safepoint: 441333 ns, Cleanup: 61792 ns, At safepoint: 18167 ns, Total: 521292 ns
[2025-08-25T09:12:16.063+0000][121][info ][safepoint   ] Safepoint "Cleanup", Time since last: 1405105417 ns, Reaching safepoint: 12625 ns, Cleanup: 15292 ns, At safepoint: 8958 ns, Total: 36875 ns
[2025-08-25T09:12:33.672+0000][121][info ][safepoint   ] Safepoint "Cleanup", Time since last: 17609230592 ns, Reaching safepoint: 45958 ns, Cleanup: 93334 ns, At safepoint: 12000 ns, Total: 151292 ns
[2025-08-25T09:12:34.718+0000][121][info ][safepoint   ] Safepoint "Cleanup", Time since last: 1046064167 ns, Reaching safepoint: 3541 ns, Cleanup: 12084 ns, At safepoint: 4625 ns, Total: 20250 ns
[2025-08-25T09:12:35.743+0000][121][info ][safepoint   ] Safepoint "Cleanup", Time since last: 1024441792 ns, Reaching safepoint: 5875 ns, Cleanup: 64542 ns, At safepoint: 6958 ns, Total: 77375 ns
[2025-08-25T09:12:36.752+0000][121][info ][safepoint   ] Safepoint "Cleanup", Time since last: 1009142125 ns, Reaching safepoint: 2917 ns, Cleanup: 8250 ns, At safepoint: 3917 ns, Total: 15084 ns
[2025-08-25T09:12:41.802+0000][121][info ][safepoint   ] Safepoint "Cleanup", Time since last: 5050966543 ns, Reaching safepoint: 28583 ns, Cleanup: 29125 ns, At safepoint: 15250 ns, Total: 72958 ns
[2025-08-25T09:12:44.806+0000][121][info ][safepoint   ] Safepoint "Cleanup", Time since last: 3003379460 ns, Reaching safepoint: 27000 ns, Cleanup: 14833 ns, At safepoint: 7625 ns, Total: 49458 ns
[2025-08-25T09:12:49.811+0000][121][info ][safepoint   ] Safepoint "Cleanup", Time since last: 5004874669 ns, Reaching safepoint: 20500 ns, Cleanup: 24834 ns, At safepoint: 15208 ns, Total: 60542 ns
[2025-08-25T09:13:02.823+0000][121][info ][safepoint   ] Safepoint "Cleanup", Time since last: 13012334631 ns, Reaching safepoint: 359792 ns, Cleanup: 31625 ns, At safepoint: 12041 ns, Total: 403458 ns
[2025-08-25T09:13:05.827+0000][121][info ][safepoint   ] Safepoint "Cleanup", Time since last: 3003319585 ns, Reaching safepoint: 14584 ns, Cleanup: 23500 ns, At safepoint: 9500 ns, Total: 47584 ns
[2025-08-25T09:13:36.666+0000][121][info ][safepoint   ] Safepoint "Cleanup", Time since last: 30838701013 ns, Reaching safepoint: 54209 ns, Cleanup: 42833 ns, At safepoint: 8000 ns, Total: 105042 ns
[2025-08-25T09:13:37.973+0000][121][info ][safepoint   ] Safepoint "Cleanup", Time since last: 1307913791 ns, Reaching safepoint: 22834 ns, Cleanup: 18166 ns, At safepoint: 12959 ns, Total: 53959 ns
[2025-08-25T09:13:39.666+0000][121][info ][safepoint   ] Safepoint "Cleanup", Time since last: 1692728334 ns, Reaching safepoint: 5416 ns, Cleanup: 23667 ns, At safepoint: 2500 ns, Total: 31583 ns
[2025-08-25T09:13:41.998+0000][121][info ][safepoint   ] Safepoint "Cleanup", Time since last: 2331902960 ns, Reaching safepoint: 52916 ns, Cleanup: 41750 ns, At safepoint: 13959 ns, Total: 108625 ns
[2025-08-25T09:13:45.001+0000][121][info ][safepoint   ] Safepoint "Cleanup", Time since last: 3003140043 ns, Reaching safepoint: 12708 ns, Cleanup: 11208 ns, At safepoint: 5959 ns, Total: 29875 ns
[2025-08-25T09:13:50.008+0000][121][info ][safepoint   ] Safepoint "Cleanup", Time since last: 5006309544 ns, Reaching safepoint: 78708 ns, Cleanup: 23500 ns, At safepoint: 10667 ns, Total: 112875 ns
[2025-08-25T09:13:53.012+0000][121][info ][safepoint   ] Safepoint "Cleanup", Time since last: 3004553293 ns, Reaching safepoint: 29000 ns, Cleanup: 39125 ns, At safepoint: 13916 ns, Total: 82041 ns
[2025-08-25T09:14:05.026+0000][121][info ][safepoint   ] Safepoint "Cleanup", Time since last: 12013163589 ns, Reaching safepoint: 388542 ns, Cleanup: 50667 ns, At safepoint: 10750 ns, Total: 449959 ns
[2025-08-25T09:14:06.027+0000][121][info ][safepoint   ] Safepoint "Cleanup", Time since last: 1001336959 ns, Reaching safepoint: 23708 ns, Cleanup: 20875 ns, At safepoint: 9417 ns, Total: 54000 ns
[2025-08-25T09:14:34.283+0000][121][info ][safepoint   ] Safepoint "Cleanup", Time since last: 28255147387 ns, Reaching safepoint: 54875 ns, Cleanup: 37208 ns, At safepoint: 8209 ns, Total: 100292 ns
[2025-08-25T09:14:40.152+0000][121][info ][safepoint   ] Safepoint "Cleanup", Time since last: 5869516835 ns, Reaching safepoint: 9584 ns, Cleanup: 13208 ns, At safepoint: 8958 ns, Total: 31750 ns
[2025-08-25T09:15:00.246+0000][121][info ][safepoint   ] Safepoint "Cleanup", Time since last: 20093654927 ns, Reaching safepoint: 624416 ns, Cleanup: 50375 ns, At safepoint: 27042 ns, Total: 701833 ns
[2025-08-25T09:15:04.314+0000][121][info ][safepoint   ] Safepoint "Cleanup", Time since last: 4067442918 ns, Reaching safepoint: 340834 ns, Cleanup: 101458 ns, At safepoint: 9125 ns, Total: 451417 ns
[2025-08-25T09:15:06.300+0000][121][info ][safepoint   ] Safepoint "Cleanup", Time since last: 1985334876 ns, Reaching safepoint: 27750 ns, Cleanup: 10167 ns, At safepoint: 3708 ns, Total: 41625 ns
[2025-08-25T09:15:14.433+0000][121][info ][safepoint   ] Safepoint "Cleanup", Time since last: 8133174003 ns, Reaching safepoint: 5875 ns, Cleanup: 23292 ns, At safepoint: 4625 ns, Total: 33792 ns
[2025-08-25T09:15:15.946+0000][121][info ][safepoint   ] Safepoint "Cleanup", Time since last: 1513129584 ns, Reaching safepoint: 151833 ns, Cleanup: 107709 ns, At safepoint: 14833 ns, Total: 274375 ns
[2025-08-25T09:15:16.779+0000][121][info ][gc,heap,exit] Heap
[2025-08-25T09:15:16.779+0000][121][info ][gc,heap,exit]  garbage-first heap   total reserved 1048576K, committed 1048576K, used 613208K [0x00000000c0000000, 0x0000000100000000)
[2025-08-25T09:15:16.779+0000][121][info ][gc,heap,exit]   region size 4096K, 120 young (491520K), 7 survivors (28672K)
[2025-08-25T09:15:16.779+0000][121][info ][gc,heap,exit]  Metaspace       used 157016K, committed 162944K, reserved 1245184K
[2025-08-25T09:15:16.779+0000][121][info ][gc,heap,exit]   class space    used 21296K, committed 23808K, reserved 1048576K
