[2025-08-24T16:44:54.411+0000][121][info][gc,init] CardTable entry size: 512
[2025-08-24T16:44:54.411+0000][121][info][gc     ] Using G1
[2025-08-24T16:44:54.727+0000][121][info][gc,init] Version: 22.0.1+8-16 (release)
[2025-08-24T16:44:54.727+0000][121][info][gc,init] CPUs: 8 total, 8 available
[2025-08-24T16:44:54.727+0000][121][info][gc,init] Memory: 7837M
[2025-08-24T16:44:54.727+0000][121][info][gc,init] Large Page Support: Disabled
[2025-08-24T16:44:54.727+0000][121][info][gc,init] NUMA Support: Disabled
[2025-08-24T16:44:54.727+0000][121][info][gc,init] Compressed Oops: Enabled (32-bit)
[2025-08-24T16:44:54.727+0000][121][info][gc,init] Heap Region Size: 4M
[2025-08-24T16:44:54.727+0000][121][info][gc,init] Heap Min Capacity: 1G
[2025-08-24T16:44:54.727+0000][121][info][gc,init] Heap Initial Capacity: 1G
[2025-08-24T16:44:54.727+0000][121][info][gc,init] Heap Max Capacity: 1G
[2025-08-24T16:44:54.728+0000][121][info][gc,init] Pre-touch: Enabled
[2025-08-24T16:44:54.728+0000][121][info][gc,init] Parallel Workers: 8
[2025-08-24T16:44:54.728+0000][121][info][gc,init] Concurrent Workers: 2
[2025-08-24T16:44:54.728+0000][121][info][gc,init] Concurrent Refinement Workers: 8
[2025-08-24T16:44:54.728+0000][121][info][gc,init] Periodic GC: Disabled
[2025-08-24T16:44:54.742+0000][121][info][gc,metaspace] CDS archive(s) mapped at: [0x0000007800000000-0x0000007800c80000-0x0000007800c80000), size 13107200, SharedBaseAddress: 0x0000007800000000, ArchiveRelocationMode: 1.
[2025-08-24T16:44:54.742+0000][121][info][gc,metaspace] Compressed class space mapped at: 0x0000007801000000-0x0000007841000000, reserved size: 1073741824
[2025-08-24T16:44:54.742+0000][121][info][gc,metaspace] Narrow klass base: 0x0000007800000000, Narrow klass shift: 0, Narrow klass range: 0x100000000
[2025-08-24T16:44:54.787+0000][121][info][safepoint   ] Safepoint "ICBufferFull", Time since last: 42956458 ns, Reaching safepoint: 2209 ns, Cleanup: 53833 ns, At safepoint: 10417 ns, Total: 66459 ns
[2025-08-24T16:44:54.832+0000][121][info][safepoint   ] Safepoint "ICBufferFull", Time since last: 44475500 ns, Reaching safepoint: 2000 ns, Cleanup: 51208 ns, At safepoint: 6917 ns, Total: 60125 ns
[2025-08-24T16:44:54.909+0000][121][info][safepoint   ] Safepoint "ICBufferFull", Time since last: 76839458 ns, Reaching safepoint: 1583 ns, Cleanup: 45459 ns, At safepoint: 4166 ns, Total: 51208 ns
[2025-08-24T16:44:54.965+0000][121][info][safepoint   ] Safepoint "ICBufferFull", Time since last: 56415834 ns, Reaching safepoint: 2083 ns, Cleanup: 66875 ns, At safepoint: 4792 ns, Total: 73750 ns
[2025-08-24T16:44:54.985+0000][121][info][gc,start    ] GC(0) Pause Young (Normal) (G1 Evacuation Pause)
[2025-08-24T16:44:54.985+0000][121][info][gc,task     ] GC(0) Using 8 workers of 8 for evacuation
[2025-08-24T16:44:54.985+0000][121][debug][gc,age      ] GC(0) Desired survivor size 4194304 bytes, new threshold 15 (max threshold 15)
[2025-08-24T16:44:54.987+0000][121][info ][gc,phases   ] GC(0)   Pre Evacuate Collection Set: 0.12ms
[2025-08-24T16:44:54.987+0000][121][info ][gc,phases   ] GC(0)   Merge Heap Roots: 0.08ms
[2025-08-24T16:44:54.987+0000][121][info ][gc,phases   ] GC(0)   Evacuate Collection Set: 1.30ms
[2025-08-24T16:44:54.987+0000][121][info ][gc,phases   ] GC(0)   Post Evacuate Collection Set: 0.41ms
[2025-08-24T16:44:54.987+0000][121][info ][gc,phases   ] GC(0)   Other: 0.17ms
[2025-08-24T16:44:54.987+0000][121][trace][gc,age      ] GC(0) Age table with threshold 15 (max threshold 15)
[2025-08-24T16:44:54.987+0000][121][trace][gc,age      ] GC(0) - age   1:    4675720 bytes,    4675720 total
[2025-08-24T16:44:54.987+0000][121][info ][gc,heap     ] GC(0) Eden regions: 12->0(22)
[2025-08-24T16:44:54.987+0000][121][info ][gc,heap     ] GC(0) Survivor regions: 0->2(2)
[2025-08-24T16:44:54.987+0000][121][info ][gc,heap     ] GC(0) Old regions: 1->1
[2025-08-24T16:44:54.987+0000][121][info ][gc,heap     ] GC(0) Humongous regions: 0->0
[2025-08-24T16:44:54.987+0000][121][info ][gc,metaspace] GC(0) Metaspace: 7250K(7488K)->7250K(7488K) NonClass: 6383K(6528K)->6383K(6528K) Class: 867K(960K)->867K(960K)
[2025-08-24T16:44:54.987+0000][121][info ][gc          ] GC(0) Pause Young (Normal) (G1 Evacuation Pause) 49M->5M(1024M) 2.731ms
[2025-08-24T16:44:54.987+0000][121][info ][gc,cpu      ] GC(0) User=0.00s Sys=0.01s Real=0.00s
[2025-08-24T16:44:54.987+0000][121][info ][safepoint   ] Safepoint "G1CollectForAllocation", Time since last: 19579625 ns, Reaching safepoint: 1958 ns, Cleanup: 30167 ns, At safepoint: 2814416 ns, Total: 2846541 ns
[2025-08-24T16:44:55.061+0000][121][info ][safepoint   ] Safepoint "ICBufferFull", Time since last: 73523250 ns, Reaching safepoint: 2000 ns, Cleanup: 122584 ns, At safepoint: 8625 ns, Total: 133209 ns
[2025-08-24T16:44:55.133+0000][121][info ][safepoint   ] Safepoint "ICBufferFull", Time since last: 72121166 ns, Reaching safepoint: 2167 ns, Cleanup: 74875 ns, At safepoint: 5500 ns, Total: 82542 ns
[2025-08-24T16:44:55.210+0000][121][info ][safepoint   ] Safepoint "ICBufferFull", Time since last: 76245083 ns, Reaching safepoint: 2042 ns, Cleanup: 79500 ns, At safepoint: 11667 ns, Total: 93209 ns
[2025-08-24T16:44:55.638+0000][121][info ][safepoint   ] Safepoint "ICBufferFull", Time since last: 427768125 ns, Reaching safepoint: 2083 ns, Cleanup: 86042 ns, At safepoint: 9792 ns, Total: 97917 ns
[2025-08-24T16:44:55.735+0000][121][info ][safepoint   ] Safepoint "ICBufferFull", Time since last: 96693625 ns, Reaching safepoint: 852250 ns, Cleanup: 81916 ns, At safepoint: 8750 ns, Total: 942916 ns
[2025-08-24T16:44:55.848+0000][121][info ][safepoint   ] Safepoint "ICBufferFull", Time since last: 112439667 ns, Reaching safepoint: 2375 ns, Cleanup: 67917 ns, At safepoint: 4666 ns, Total: 74958 ns
[2025-08-24T16:44:55.872+0000][121][info ][gc,start    ] GC(1) Pause Young (Normal) (G1 Evacuation Pause)
[2025-08-24T16:44:55.872+0000][121][info ][gc,task     ] GC(1) Using 8 workers of 8 for evacuation
[2025-08-24T16:44:55.872+0000][121][debug][gc,age      ] GC(1) Desired survivor size 6291456 bytes, new threshold 15 (max threshold 15)
[2025-08-24T16:44:55.876+0000][121][info ][gc,phases   ] GC(1)   Pre Evacuate Collection Set: 0.13ms
[2025-08-24T16:44:55.876+0000][121][info ][gc,phases   ] GC(1)   Merge Heap Roots: 0.05ms
[2025-08-24T16:44:55.876+0000][121][info ][gc,phases   ] GC(1)   Evacuate Collection Set: 2.68ms
[2025-08-24T16:44:55.876+0000][121][info ][gc,phases   ] GC(1)   Post Evacuate Collection Set: 0.70ms
[2025-08-24T16:44:55.876+0000][121][info ][gc,phases   ] GC(1)   Other: 0.16ms
[2025-08-24T16:44:55.876+0000][121][trace][gc,age      ] GC(1) Age table with threshold 15 (max threshold 15)
[2025-08-24T16:44:55.876+0000][121][trace][gc,age      ] GC(1) - age   1:    4922600 bytes,    4922600 total
[2025-08-24T16:44:55.876+0000][121][trace][gc,age      ] GC(1) - age   2:    4604256 bytes,    9526856 total
[2025-08-24T16:44:55.876+0000][121][info ][gc,heap     ] GC(1) Eden regions: 22->0(42)
[2025-08-24T16:44:55.876+0000][121][info ][gc,heap     ] GC(1) Survivor regions: 2->3(3)
[2025-08-24T16:44:55.876+0000][121][info ][gc,heap     ] GC(1) Old regions: 1->1
[2025-08-24T16:44:55.876+0000][121][info ][gc,heap     ] GC(1) Humongous regions: 0->0
[2025-08-24T16:44:55.876+0000][121][info ][gc,metaspace] GC(1) Metaspace: 20193K(20800K)->20193K(20800K) NonClass: 17875K(18240K)->17875K(18240K) Class: 2317K(2560K)->2317K(2560K)
[2025-08-24T16:44:55.876+0000][121][info ][gc          ] GC(1) Pause Young (Normal) (G1 Evacuation Pause) 93M->10M(1024M) 4.305ms
[2025-08-24T16:44:55.877+0000][121][info ][gc,cpu      ] GC(1) User=0.02s Sys=0.00s Real=0.01s
[2025-08-24T16:44:55.877+0000][121][info ][safepoint   ] Safepoint "G1CollectForAllocation", Time since last: 24013792 ns, Reaching safepoint: 443708 ns, Cleanup: 25167 ns, At safepoint: 4419000 ns, Total: 4887875 ns
[2025-08-24T16:44:55.956+0000][121][info ][gc,start    ] GC(2) Pause Young (Concurrent Start) (Metadata GC Threshold)
[2025-08-24T16:44:55.956+0000][121][info ][gc,task     ] GC(2) Using 8 workers of 8 for evacuation
[2025-08-24T16:44:55.956+0000][121][debug][gc,age      ] GC(2) Desired survivor size 12582912 bytes, new threshold 15 (max threshold 15)
[2025-08-24T16:44:55.960+0000][121][info ][gc,phases   ] GC(2)   Pre Evacuate Collection Set: 0.14ms
[2025-08-24T16:44:55.961+0000][121][info ][gc,phases   ] GC(2)   Merge Heap Roots: 0.10ms
[2025-08-24T16:44:55.961+0000][121][info ][gc,phases   ] GC(2)   Evacuate Collection Set: 2.84ms
[2025-08-24T16:44:55.961+0000][121][info ][gc,phases   ] GC(2)   Post Evacuate Collection Set: 0.77ms
[2025-08-24T16:44:55.961+0000][121][info ][gc,phases   ] GC(2)   Other: 0.32ms
[2025-08-24T16:44:55.961+0000][121][trace][gc,age      ] GC(2) Age table with threshold 15 (max threshold 15)
[2025-08-24T16:44:55.961+0000][121][trace][gc,age      ] GC(2) - age   1:     474144 bytes,     474144 total
[2025-08-24T16:44:55.961+0000][121][trace][gc,age      ] GC(2) - age   2:    4060816 bytes,    4534960 total
[2025-08-24T16:44:55.961+0000][121][trace][gc,age      ] GC(2) - age   3:    4588528 bytes,    9123488 total
[2025-08-24T16:44:55.961+0000][121][info ][gc,heap     ] GC(2) Eden regions: 6->0(81)
[2025-08-24T16:44:55.961+0000][121][info ][gc,heap     ] GC(2) Survivor regions: 3->3(6)
[2025-08-24T16:44:55.961+0000][121][info ][gc,heap     ] GC(2) Old regions: 1->1
[2025-08-24T16:44:55.961+0000][121][info ][gc,heap     ] GC(2) Humongous regions: 0->0
[2025-08-24T16:44:55.961+0000][121][info ][gc,metaspace] GC(2) Metaspace: 20870K(21504K)->20870K(21504K) NonClass: 18443K(18816K)->18443K(18816K) Class: 2427K(2688K)->2427K(2688K)
[2025-08-24T16:44:55.961+0000][121][info ][gc          ] GC(2) Pause Young (Concurrent Start) (Metadata GC Threshold) 32M->10M(1024M) 5.199ms
[2025-08-24T16:44:55.961+0000][121][info ][gc,cpu      ] GC(2) User=0.02s Sys=0.00s Real=0.00s
[2025-08-24T16:44:55.961+0000][121][info ][gc          ] GC(3) Concurrent Mark Cycle
[2025-08-24T16:44:55.962+0000][121][info ][gc,marking  ] GC(3) Concurrent Scan Root Regions
[2025-08-24T16:44:55.962+0000][121][info ][safepoint   ] Safepoint "CollectForMetadataAllocation", Time since last: 79408875 ns, Reaching safepoint: 2417 ns, Cleanup: 87833 ns, At safepoint: 5426708 ns, Total: 5516958 ns
[2025-08-24T16:44:55.964+0000][121][info ][gc,marking  ] GC(3) Concurrent Scan Root Regions 2.208ms
[2025-08-24T16:44:55.965+0000][121][info ][gc,marking  ] GC(3) Concurrent Mark
[2025-08-24T16:44:55.965+0000][121][info ][gc,marking  ] GC(3) Concurrent Mark From Roots
[2025-08-24T16:44:55.965+0000][121][info ][gc,task     ] GC(3) Using 2 workers of 2 for marking
[2025-08-24T16:44:55.966+0000][121][info ][gc,marking  ] GC(3) Concurrent Mark From Roots 0.994ms
[2025-08-24T16:44:55.966+0000][121][info ][gc,marking  ] GC(3) Concurrent Preclean
[2025-08-24T16:44:55.966+0000][121][info ][gc,marking  ] GC(3) Concurrent Preclean 0.049ms
[2025-08-24T16:44:55.967+0000][121][info ][gc,start    ] GC(3) Pause Remark
[2025-08-24T16:44:55.969+0000][121][info ][gc          ] GC(3) Pause Remark 13M->13M(1024M) 2.066ms
[2025-08-24T16:44:55.969+0000][121][info ][gc,cpu      ] GC(3) User=0.01s Sys=0.00s Real=0.00s
[2025-08-24T16:44:55.969+0000][121][info ][safepoint   ] Safepoint "G1PauseRemark", Time since last: 4919209 ns, Reaching safepoint: 805875 ns, Cleanup: 5916 ns, At safepoint: 2187125 ns, Total: 2998916 ns
[2025-08-24T16:44:55.973+0000][121][info ][gc,marking  ] GC(3) Concurrent Mark 7.822ms
[2025-08-24T16:44:55.974+0000][121][info ][gc,marking  ] GC(3) Concurrent Rebuild Remembered Sets and Scrub Regions
[2025-08-24T16:44:55.975+0000][121][info ][gc,marking  ] GC(3) Concurrent Rebuild Remembered Sets and Scrub Regions 0.975ms
[2025-08-24T16:44:55.974+0000][121][info ][gc,start    ] GC(3) Pause Cleanup
[2025-08-24T16:44:55.975+0000][121][info ][gc          ] GC(3) Pause Cleanup 13M->13M(1024M) 0.211ms
[2025-08-24T16:44:55.975+0000][121][info ][gc,cpu      ] GC(3) User=0.00s Sys=0.00s Real=0.00s
[2025-08-24T16:44:55.975+0000][121][info ][safepoint   ] Safepoint "G1PauseCleanup", Time since last: 5347000 ns, Reaching safepoint: 15125 ns, Cleanup: 94583 ns, At safepoint: 334250 ns, Total: 443958 ns
[2025-08-24T16:44:55.977+0000][121][info ][gc,marking  ] GC(3) Concurrent Clear Claimed Marks
[2025-08-24T16:44:55.977+0000][121][info ][gc,marking  ] GC(3) Concurrent Clear Claimed Marks 0.361ms
[2025-08-24T16:44:55.977+0000][121][info ][gc,marking  ] GC(3) Concurrent Cleanup for Next Mark
[2025-08-24T16:44:55.978+0000][121][info ][gc,marking  ] GC(3) Concurrent Cleanup for Next Mark 0.914ms
[2025-08-24T16:44:55.978+0000][121][info ][gc          ] GC(3) Concurrent Mark Cycle 17.613ms
[2025-08-24T16:44:56.109+0000][121][info ][safepoint   ] Safepoint "ICBufferFull", Time since last: 132856042 ns, Reaching safepoint: 1230000 ns, Cleanup: 71125 ns, At safepoint: 11916 ns, Total: 1313041 ns
[2025-08-24T16:44:56.213+0000][121][info ][safepoint   ] Safepoint "ICBufferFull", Time since last: 104377375 ns, Reaching safepoint: 2709 ns, Cleanup: 61083 ns, At safepoint: 4750 ns, Total: 68542 ns
[2025-08-24T16:44:56.362+0000][121][info ][safepoint   ] Safepoint "ICBufferFull", Time since last: 147786667 ns, Reaching safepoint: 624625 ns, Cleanup: 88791 ns, At safepoint: 7625 ns, Total: 721041 ns
[2025-08-24T16:44:56.471+0000][121][info ][safepoint   ] Safepoint "ICBufferFull", Time since last: 109059542 ns, Reaching safepoint: 2667 ns, Cleanup: 94500 ns, At safepoint: 5125 ns, Total: 102292 ns
[2025-08-24T16:44:56.531+0000][121][info ][gc,start    ] GC(4) Pause Young (Prepare Mixed) (G1 Evacuation Pause)
[2025-08-24T16:44:56.531+0000][121][info ][gc,task     ] GC(4) Using 8 workers of 8 for evacuation
[2025-08-24T16:44:56.531+0000][121][debug][gc,age      ] GC(4) Desired survivor size 23068672 bytes, new threshold 15 (max threshold 15)
[2025-08-24T16:44:56.538+0000][121][info ][gc,phases   ] GC(4)   Pre Evacuate Collection Set: 0.10ms
[2025-08-24T16:44:56.538+0000][121][info ][gc,phases   ] GC(4)   Merge Heap Roots: 0.04ms
[2025-08-24T16:44:56.538+0000][121][info ][gc,phases   ] GC(4)   Evacuate Collection Set: 6.54ms
[2025-08-24T16:44:56.538+0000][121][info ][gc,phases   ] GC(4)   Post Evacuate Collection Set: 0.72ms
[2025-08-24T16:44:56.538+0000][121][info ][gc,phases   ] GC(4)   Other: 0.09ms
[2025-08-24T16:44:56.538+0000][121][trace][gc,age      ] GC(4) Age table with threshold 15 (max threshold 15)
[2025-08-24T16:44:56.538+0000][121][trace][gc,age      ] GC(4) - age   1:    6577920 bytes,    6577920 total
[2025-08-24T16:44:56.538+0000][121][trace][gc,age      ] GC(4) - age   2:     423616 bytes,    7001536 total
[2025-08-24T16:44:56.538+0000][121][trace][gc,age      ] GC(4) - age   3:    4027920 bytes,   11029456 total
[2025-08-24T16:44:56.538+0000][121][trace][gc,age      ] GC(4) - age   4:    4587336 bytes,   15616792 total
[2025-08-24T16:44:56.538+0000][121][info ][gc,heap     ] GC(4) Eden regions: 81->0(148)
[2025-08-24T16:44:56.538+0000][121][info ][gc,heap     ] GC(4) Survivor regions: 3->5(11)
[2025-08-24T16:44:56.538+0000][121][info ][gc,heap     ] GC(4) Old regions: 1->1
[2025-08-24T16:44:56.538+0000][121][info ][gc,heap     ] GC(4) Humongous regions: 0->0
[2025-08-24T16:44:56.539+0000][121][info ][gc,metaspace] GC(4) Metaspace: 29012K(29824K)->29012K(29824K) NonClass: 25664K(26112K)->25664K(26112K) Class: 3347K(3712K)->3347K(3712K)
[2025-08-24T16:44:56.539+0000][121][info ][gc          ] GC(4) Pause Young (Prepare Mixed) (G1 Evacuation Pause) 334M->18M(1024M) 8.008ms
[2025-08-24T16:44:56.539+0000][121][info ][gc,cpu      ] GC(4) User=0.03s Sys=0.01s Real=0.01s
[2025-08-24T16:44:56.539+0000][121][info ][safepoint   ] Safepoint "G1CollectForAllocation", Time since last: 59503083 ns, Reaching safepoint: 2250 ns, Cleanup: 62833 ns, At safepoint: 8092667 ns, Total: 8157750 ns
[2025-08-24T16:44:56.644+0000][121][info ][safepoint   ] Safepoint "ICBufferFull", Time since last: 104450000 ns, Reaching safepoint: 552250 ns, Cleanup: 194917 ns, At safepoint: 15000 ns, Total: 762167 ns
[2025-08-24T16:44:56.743+0000][121][info ][safepoint   ] Safepoint "ICBufferFull", Time since last: 99215083 ns, Reaching safepoint: 2167 ns, Cleanup: 57917 ns, At safepoint: 7916 ns, Total: 68000 ns
[2025-08-24T16:44:56.872+0000][121][info ][safepoint   ] Safepoint "ICBufferFull", Time since last: 128348750 ns, Reaching safepoint: 2500 ns, Cleanup: 69834 ns, At safepoint: 5000 ns, Total: 77334 ns
[2025-08-24T16:44:56.990+0000][121][info ][safepoint   ] Safepoint "ICBufferFull", Time since last: 118228916 ns, Reaching safepoint: 1917 ns, Cleanup: 78458 ns, At safepoint: 4042 ns, Total: 84417 ns
[2025-08-24T16:44:57.056+0000][121][info ][gc,start    ] GC(5) Pause Young (Mixed) (Metadata GC Threshold)
[2025-08-24T16:44:57.056+0000][121][info ][gc,task     ] GC(5) Using 8 workers of 8 for evacuation
[2025-08-24T16:44:57.056+0000][121][debug][gc,age      ] GC(5) Desired survivor size 41943040 bytes, new threshold 15 (max threshold 15)
[2025-08-24T16:44:57.063+0000][121][info ][gc,phases   ] GC(5)   Pre Evacuate Collection Set: 0.14ms
[2025-08-24T16:44:57.063+0000][121][info ][gc,phases   ] GC(5)   Merge Heap Roots: 0.07ms
[2025-08-24T16:44:57.063+0000][121][info ][gc,phases   ] GC(5)   Evacuate Collection Set: 5.37ms
[2025-08-24T16:44:57.063+0000][121][info ][gc,phases   ] GC(5)   Post Evacuate Collection Set: 0.82ms
[2025-08-24T16:44:57.063+0000][121][info ][gc,phases   ] GC(5)   Other: 0.16ms
[2025-08-24T16:44:57.063+0000][121][trace][gc,age      ] GC(5) Age table with threshold 15 (max threshold 15)
[2025-08-24T16:44:57.063+0000][121][trace][gc,age      ] GC(5) - age   1:    8183704 bytes,    8183704 total
[2025-08-24T16:44:57.063+0000][121][trace][gc,age      ] GC(5) - age   2:    5940656 bytes,   14124360 total
[2025-08-24T16:44:57.063+0000][121][trace][gc,age      ] GC(5) - age   3:     423496 bytes,   14547856 total
[2025-08-24T16:44:57.063+0000][121][trace][gc,age      ] GC(5) - age   4:    4026416 bytes,   18574272 total
[2025-08-24T16:44:57.063+0000][121][trace][gc,age      ] GC(5) - age   5:    4587272 bytes,   23161544 total
[2025-08-24T16:44:57.063+0000][121][info ][gc,heap     ] GC(5) Eden regions: 132->0(147)
[2025-08-24T16:44:57.063+0000][121][info ][gc,heap     ] GC(5) Survivor regions: 5->6(20)
[2025-08-24T16:44:57.063+0000][121][info ][gc,heap     ] GC(5) Old regions: 1->1
[2025-08-24T16:44:57.063+0000][121][info ][gc,heap     ] GC(5) Humongous regions: 0->0
[2025-08-24T16:44:57.063+0000][121][info ][gc,metaspace] GC(5) Metaspace: 35401K(36288K)->35401K(36288K) NonClass: 31312K(31808K)->31312K(31808K) Class: 4089K(4480K)->4089K(4480K)
[2025-08-24T16:44:57.063+0000][121][info ][gc          ] GC(5) Pause Young (Mixed) (Metadata GC Threshold) 544M->25M(1024M) 7.208ms
[2025-08-24T16:44:57.064+0000][121][info ][gc,cpu      ] GC(5) User=0.04s Sys=0.00s Real=0.01s
[2025-08-24T16:44:57.064+0000][121][info ][safepoint   ] Safepoint "CollectForMetadataAllocation", Time since last: 66335250 ns, Reaching safepoint: 2000 ns, Cleanup: 71792 ns, At safepoint: 7335375 ns, Total: 7409167 ns
[2025-08-24T16:44:57.070+0000][121][info ][gc,start    ] GC(6) Pause Young (Concurrent Start) (Metadata GC Threshold)
[2025-08-24T16:44:57.070+0000][121][info ][gc,task     ] GC(6) Using 8 workers of 8 for evacuation
[2025-08-24T16:44:57.070+0000][121][debug][gc,age      ] GC(6) Desired survivor size 41943040 bytes, new threshold 15 (max threshold 15)
[2025-08-24T16:44:57.075+0000][121][info ][gc,phases   ] GC(6)   Pre Evacuate Collection Set: 0.12ms
[2025-08-24T16:44:57.076+0000][121][info ][gc,phases   ] GC(6)   Merge Heap Roots: 0.06ms
[2025-08-24T16:44:57.076+0000][121][info ][gc,phases   ] GC(6)   Evacuate Collection Set: 3.98ms
[2025-08-24T16:44:57.076+0000][121][info ][gc,phases   ] GC(6)   Post Evacuate Collection Set: 0.72ms
[2025-08-24T16:44:57.076+0000][121][info ][gc,phases   ] GC(6)   Other: 0.15ms
[2025-08-24T16:44:57.076+0000][121][trace][gc,age      ] GC(6) Age table with threshold 15 (max threshold 15)
[2025-08-24T16:44:57.076+0000][121][trace][gc,age      ] GC(6) - age   1:      54192 bytes,      54192 total
[2025-08-24T16:44:57.076+0000][121][trace][gc,age      ] GC(6) - age   2:    8168344 bytes,    8222536 total
[2025-08-24T16:44:57.076+0000][121][trace][gc,age      ] GC(6) - age   3:    5940624 bytes,   14163160 total
[2025-08-24T16:44:57.076+0000][121][trace][gc,age      ] GC(6) - age   4:     423496 bytes,   14586656 total
[2025-08-24T16:44:57.076+0000][121][trace][gc,age      ] GC(6) - age   5:    4025568 bytes,   18612224 total
[2025-08-24T16:44:57.076+0000][121][trace][gc,age      ] GC(6) - age   6:    4587176 bytes,   23199400 total
[2025-08-24T16:44:57.076+0000][121][info ][gc,heap     ] GC(6) Eden regions: 1->0(146)
[2025-08-24T16:44:57.076+0000][121][info ][gc,heap     ] GC(6) Survivor regions: 6->7(20)
[2025-08-24T16:44:57.076+0000][121][info ][gc,heap     ] GC(6) Old regions: 1->1
[2025-08-24T16:44:57.076+0000][121][info ][gc,heap     ] GC(6) Humongous regions: 0->0
[2025-08-24T16:44:57.076+0000][121][info ][gc,metaspace] GC(6) Metaspace: 35654K(36608K)->35654K(36608K) NonClass: 31527K(32064K)->31527K(32064K) Class: 4126K(4544K)->4126K(4544K)
[2025-08-24T16:44:57.076+0000][121][info ][gc          ] GC(6) Pause Young (Concurrent Start) (Metadata GC Threshold) 28M->25M(1024M) 5.700ms
[2025-08-24T16:44:57.076+0000][121][info ][gc,cpu      ] GC(6) User=0.03s Sys=0.00s Real=0.01s
[2025-08-24T16:44:57.076+0000][121][info ][gc          ] GC(7) Concurrent Mark Cycle
[2025-08-24T16:44:57.076+0000][121][info ][gc,marking  ] GC(7) Concurrent Scan Root Regions
[2025-08-24T16:44:57.076+0000][121][info ][safepoint   ] Safepoint "CollectForMetadataAllocation", Time since last: 6744625 ns, Reaching safepoint: 1291 ns, Cleanup: 6584 ns, At safepoint: 5998416 ns, Total: 6006291 ns
[2025-08-24T16:44:57.079+0000][121][info ][gc,marking  ] GC(7) Concurrent Scan Root Regions 2.625ms
[2025-08-24T16:44:57.079+0000][121][info ][gc,marking  ] GC(7) Concurrent Mark
[2025-08-24T16:44:57.083+0000][121][info ][gc,marking  ] GC(7) Concurrent Mark From Roots
[2025-08-24T16:44:57.083+0000][121][info ][gc,task     ] GC(7) Using 2 workers of 2 for marking
[2025-08-24T16:44:57.083+0000][121][info ][gc,marking  ] GC(7) Concurrent Mark From Roots 0.848ms
[2025-08-24T16:44:57.083+0000][121][info ][gc,marking  ] GC(7) Concurrent Preclean
[2025-08-24T16:44:57.084+0000][121][info ][gc,marking  ] GC(7) Concurrent Preclean 0.059ms
[2025-08-24T16:44:57.084+0000][121][info ][gc,start    ] GC(7) Pause Remark
[2025-08-24T16:44:57.086+0000][121][info ][gc          ] GC(7) Pause Remark 29M->29M(1024M) 2.041ms
[2025-08-24T16:44:57.086+0000][121][info ][gc,cpu      ] GC(7) User=0.01s Sys=0.00s Real=0.00s
[2025-08-24T16:44:57.086+0000][121][info ][safepoint   ] Safepoint "G1PauseRemark", Time since last: 7275834 ns, Reaching safepoint: 2375 ns, Cleanup: 9291 ns, At safepoint: 2135417 ns, Total: 2147083 ns
[2025-08-24T16:44:57.086+0000][121][info ][gc,marking  ] GC(7) Concurrent Mark 7.266ms
[2025-08-24T16:44:57.086+0000][121][info ][gc,marking  ] GC(7) Concurrent Rebuild Remembered Sets and Scrub Regions
[2025-08-24T16:44:57.087+0000][121][info ][gc,marking  ] GC(7) Concurrent Rebuild Remembered Sets and Scrub Regions 0.409ms
[2025-08-24T16:44:57.088+0000][121][info ][gc,start    ] GC(7) Pause Cleanup
[2025-08-24T16:44:57.088+0000][121][info ][gc          ] GC(7) Pause Cleanup 31M->31M(1024M) 0.153ms
[2025-08-24T16:44:57.088+0000][121][info ][gc,cpu      ] GC(7) User=0.00s Sys=0.00s Real=0.00s
[2025-08-24T16:44:57.088+0000][121][info ][safepoint   ] Safepoint "G1PauseCleanup", Time since last: 1141000 ns, Reaching safepoint: 750292 ns, Cleanup: 12291 ns, At safepoint: 253917 ns, Total: 1016500 ns
[2025-08-24T16:44:57.089+0000][121][info ][gc,marking  ] GC(7) Concurrent Clear Claimed Marks
[2025-08-24T16:44:57.089+0000][121][info ][gc,marking  ] GC(7) Concurrent Clear Claimed Marks 0.060ms
[2025-08-24T16:44:57.089+0000][121][info ][gc,marking  ] GC(7) Concurrent Cleanup for Next Mark
[2025-08-24T16:44:57.089+0000][121][info ][gc,marking  ] GC(7) Concurrent Cleanup for Next Mark 0.316ms
[2025-08-24T16:44:57.089+0000][121][info ][gc          ] GC(7) Concurrent Mark Cycle 12.951ms
[2025-08-24T16:44:57.324+0000][121][info ][safepoint   ] Safepoint "ICBufferFull", Time since last: 235918375 ns, Reaching safepoint: 1875 ns, Cleanup: 69875 ns, At safepoint: 5250 ns, Total: 77000 ns
[2025-08-24T16:44:57.523+0000][121][info ][gc,start    ] GC(8) Pause Young (Normal) (G1 Evacuation Pause)
[2025-08-24T16:44:57.524+0000][121][info ][gc,task     ] GC(8) Using 8 workers of 8 for evacuation
[2025-08-24T16:44:57.524+0000][121][debug][gc,age      ] GC(8) Desired survivor size 41943040 bytes, new threshold 15 (max threshold 15)
[2025-08-24T16:44:57.532+0000][121][info ][gc,phases   ] GC(8)   Pre Evacuate Collection Set: 0.12ms
[2025-08-24T16:44:57.532+0000][121][info ][gc,phases   ] GC(8)   Merge Heap Roots: 0.04ms
[2025-08-24T16:44:57.532+0000][121][info ][gc,phases   ] GC(8)   Evacuate Collection Set: 7.08ms
[2025-08-24T16:44:57.532+0000][121][info ][gc,phases   ] GC(8)   Post Evacuate Collection Set: 1.17ms
[2025-08-24T16:44:57.533+0000][121][info ][gc,phases   ] GC(8)   Other: 0.22ms
[2025-08-24T16:44:57.533+0000][121][trace][gc,age      ] GC(8) Age table with threshold 15 (max threshold 15)
[2025-08-24T16:44:57.533+0000][121][trace][gc,age      ] GC(8) - age   1:    9958912 bytes,    9958912 total
[2025-08-24T16:44:57.533+0000][121][trace][gc,age      ] GC(8) - age   2:      47864 bytes,   10006776 total
[2025-08-24T16:44:57.533+0000][121][trace][gc,age      ] GC(8) - age   3:    8155800 bytes,   18162576 total
[2025-08-24T16:44:57.533+0000][121][trace][gc,age      ] GC(8) - age   4:    5932696 bytes,   24095272 total
[2025-08-24T16:44:57.533+0000][121][trace][gc,age      ] GC(8) - age   5:     403512 bytes,   24498784 total
[2025-08-24T16:44:57.533+0000][121][trace][gc,age      ] GC(8) - age   6:    4018568 bytes,   28517352 total
[2025-08-24T16:44:57.533+0000][121][trace][gc,age      ] GC(8) - age   7:    4580456 bytes,   33097808 total
[2025-08-24T16:44:57.533+0000][121][info ][gc,heap     ] GC(8) Eden regions: 146->0(144)
[2025-08-24T16:44:57.533+0000][121][info ][gc,heap     ] GC(8) Survivor regions: 7->9(20)
[2025-08-24T16:44:57.533+0000][121][info ][gc,heap     ] GC(8) Old regions: 1->1
[2025-08-24T16:44:57.533+0000][121][info ][gc,heap     ] GC(8) Humongous regions: 0->0
[2025-08-24T16:44:57.533+0000][121][info ][gc,metaspace] GC(8) Metaspace: 38333K(39424K)->38333K(39424K) NonClass: 33841K(34496K)->33841K(34496K) Class: 4491K(4928K)->4491K(4928K)
[2025-08-24T16:44:57.533+0000][121][info ][gc          ] GC(8) Pause Young (Normal) (G1 Evacuation Pause) 609M->35M(1024M) 9.775ms
[2025-08-24T16:44:57.533+0000][121][info ][gc,cpu      ] GC(8) User=0.05s Sys=0.00s Real=0.01s
[2025-08-24T16:44:57.533+0000][121][info ][safepoint   ] Safepoint "G1CollectForAllocation", Time since last: 199428417 ns, Reaching safepoint: 2167 ns, Cleanup: 69208 ns, At safepoint: 9933583 ns, Total: 10004958 ns
[2025-08-24T16:44:57.716+0000][121][info ][safepoint   ] Safepoint "ICBufferFull", Time since last: 182728459 ns, Reaching safepoint: 2500 ns, Cleanup: 164291 ns, At safepoint: 9917 ns, Total: 176708 ns
[2025-08-24T16:44:57.803+0000][121][info ][safepoint   ] Safepoint "ICBufferFull", Time since last: 86645208 ns, Reaching safepoint: 2042 ns, Cleanup: 71708 ns, At safepoint: 4375 ns, Total: 78125 ns
[2025-08-24T16:44:57.894+0000][121][info ][safepoint   ] Safepoint "ICBufferFull", Time since last: 90849792 ns, Reaching safepoint: 1917 ns, Cleanup: 63583 ns, At safepoint: 4917 ns, Total: 70417 ns
[2025-08-24T16:44:58.088+0000][121][info ][safepoint   ] Safepoint "ICBufferFull", Time since last: 194242500 ns, Reaching safepoint: 2083 ns, Cleanup: 71834 ns, At safepoint: 5500 ns, Total: 79417 ns
[2025-08-24T16:44:58.198+0000][121][info ][safepoint   ] Safepoint "ICBufferFull", Time since last: 109461541 ns, Reaching safepoint: 2000 ns, Cleanup: 56292 ns, At safepoint: 4833 ns, Total: 63125 ns
[2025-08-24T16:44:58.368+0000][121][info ][safepoint   ] Safepoint "ICBufferFull", Time since last: 170039500 ns, Reaching safepoint: 2459 ns, Cleanup: 97541 ns, At safepoint: 2959 ns, Total: 102959 ns
[2025-08-24T16:44:58.552+0000][121][info ][safepoint   ] Safepoint "ICBufferFull", Time since last: 184345500 ns, Reaching safepoint: 2250 ns, Cleanup: 63125 ns, At safepoint: 10708 ns, Total: 76083 ns
[2025-08-24T16:44:58.588+0000][121][info ][gc,start    ] GC(9) Pause Young (Concurrent Start) (Metadata GC Threshold)
[2025-08-24T16:44:58.588+0000][121][info ][gc,task     ] GC(9) Using 8 workers of 8 for evacuation
[2025-08-24T16:44:58.588+0000][121][debug][gc,age      ] GC(9) Desired survivor size 41943040 bytes, new threshold 15 (max threshold 15)
[2025-08-24T16:44:58.601+0000][121][info ][gc,phases   ] GC(9)   Pre Evacuate Collection Set: 0.16ms
[2025-08-24T16:44:58.601+0000][121][info ][gc,phases   ] GC(9)   Merge Heap Roots: 0.05ms
[2025-08-24T16:44:58.601+0000][121][info ][gc,phases   ] GC(9)   Evacuate Collection Set: 10.40ms
[2025-08-24T16:44:58.601+0000][121][info ][gc,phases   ] GC(9)   Post Evacuate Collection Set: 1.43ms
[2025-08-24T16:44:58.601+0000][121][info ][gc,phases   ] GC(9)   Other: 0.27ms
[2025-08-24T16:44:58.601+0000][121][trace][gc,age      ] GC(9) Age table with threshold 15 (max threshold 15)
[2025-08-24T16:44:58.601+0000][121][trace][gc,age      ] GC(9) - age   1:   10331680 bytes,   10331680 total
[2025-08-24T16:44:58.601+0000][121][trace][gc,age      ] GC(9) - age   2:    8861048 bytes,   19192728 total
[2025-08-24T16:44:58.601+0000][121][trace][gc,age      ] GC(9) - age   3:      46312 bytes,   19239040 total
[2025-08-24T16:44:58.601+0000][121][trace][gc,age      ] GC(9) - age   4:    8115224 bytes,   27354264 total
[2025-08-24T16:44:58.601+0000][121][trace][gc,age      ] GC(9) - age   5:    5747400 bytes,   33101664 total
[2025-08-24T16:44:58.601+0000][121][trace][gc,age      ] GC(9) - age   6:     399952 bytes,   33501616 total
[2025-08-24T16:44:58.601+0000][121][trace][gc,age      ] GC(9) - age   7:    3980944 bytes,   37482560 total
[2025-08-24T16:44:58.601+0000][121][trace][gc,age      ] GC(9) - age   8:    4571400 bytes,   42053960 total
[2025-08-24T16:44:58.601+0000][121][info ][gc,heap     ] GC(9) Eden regions: 134->0(142)
[2025-08-24T16:44:58.601+0000][121][info ][gc,heap     ] GC(9) Survivor regions: 9->11(20)
[2025-08-24T16:44:58.601+0000][121][info ][gc,heap     ] GC(9) Old regions: 1->1
[2025-08-24T16:44:58.601+0000][121][info ][gc,heap     ] GC(9) Humongous regions: 0->0
[2025-08-24T16:44:58.601+0000][121][info ][gc,metaspace] GC(9) Metaspace: 59985K(61440K)->59985K(61440K) NonClass: 52411K(53312K)->52411K(53312K) Class: 7574K(8128K)->7574K(8128K)
[2025-08-24T16:44:58.601+0000][121][info ][gc          ] GC(9) Pause Young (Concurrent Start) (Metadata GC Threshold) 571M->44M(1024M) 13.227ms
[2025-08-24T16:44:58.601+0000][121][info ][gc,cpu      ] GC(9) User=0.08s Sys=0.00s Real=0.01s
[2025-08-24T16:44:58.601+0000][121][info ][gc          ] GC(10) Concurrent Mark Cycle
[2025-08-24T16:44:58.602+0000][121][info ][gc,marking  ] GC(10) Concurrent Scan Root Regions
[2025-08-24T16:44:58.602+0000][121][info ][safepoint   ] Safepoint "CollectForMetadataAllocation", Time since last: 35752125 ns, Reaching safepoint: 2583 ns, Cleanup: 15417 ns, At safepoint: 13437583 ns, Total: 13455583 ns
[2025-08-24T16:44:58.606+0000][121][info ][gc,marking  ] GC(10) Concurrent Scan Root Regions 4.760ms
[2025-08-24T16:44:58.609+0000][121][info ][gc,marking  ] GC(10) Concurrent Mark
[2025-08-24T16:44:58.609+0000][121][info ][gc,marking  ] GC(10) Concurrent Mark From Roots
[2025-08-24T16:44:58.609+0000][121][info ][gc,task     ] GC(10) Using 2 workers of 2 for marking
[2025-08-24T16:44:58.609+0000][121][info ][safepoint   ] Safepoint "CollectForMetadataAllocation", Time since last: 7163917 ns, Reaching safepoint: 2292 ns, Cleanup: 1500 ns, At safepoint: 135750 ns, Total: 139542 ns
[2025-08-24T16:44:58.610+0000][121][info ][gc,marking  ] GC(10) Concurrent Mark From Roots 0.861ms
[2025-08-24T16:44:58.610+0000][121][info ][gc,marking  ] GC(10) Concurrent Preclean
[2025-08-24T16:44:58.610+0000][121][info ][gc,marking  ] GC(10) Concurrent Preclean 0.034ms
[2025-08-24T16:44:58.610+0000][121][info ][gc,start    ] GC(10) Pause Remark
[2025-08-24T16:44:58.613+0000][121][info ][gc          ] GC(10) Pause Remark 50M->50M(1024M) 3.098ms
[2025-08-24T16:44:58.613+0000][121][info ][gc,cpu      ] GC(10) User=0.01s Sys=0.00s Real=0.01s
[2025-08-24T16:44:58.613+0000][121][info ][safepoint   ] Safepoint "G1PauseRemark", Time since last: 818416 ns, Reaching safepoint: 1375 ns, Cleanup: 709 ns, At safepoint: 3224750 ns, Total: 3226834 ns
[2025-08-24T16:44:58.613+0000][121][info ][gc,marking  ] GC(10) Concurrent Mark 4.428ms
[2025-08-24T16:44:58.613+0000][121][info ][gc,marking  ] GC(10) Concurrent Rebuild Remembered Sets and Scrub Regions
[2025-08-24T16:44:58.613+0000][121][info ][gc,marking  ] GC(10) Concurrent Rebuild Remembered Sets and Scrub Regions 0.383ms
[2025-08-24T16:44:58.613+0000][121][info ][gc,start    ] GC(10) Pause Cleanup
[2025-08-24T16:44:58.614+0000][121][info ][gc          ] GC(10) Pause Cleanup 50M->50M(1024M) 0.081ms
[2025-08-24T16:44:58.614+0000][121][info ][gc,cpu      ] GC(10) User=0.00s Sys=0.00s Real=0.00s
[2025-08-24T16:44:58.614+0000][121][info ][safepoint   ] Safepoint "G1PauseCleanup", Time since last: 546791 ns, Reaching safepoint: 1042 ns, Cleanup: 9042 ns, At safepoint: 202875 ns, Total: 212959 ns
[2025-08-24T16:44:58.614+0000][121][info ][gc,marking  ] GC(10) Concurrent Clear Claimed Marks
[2025-08-24T16:44:58.614+0000][121][info ][gc,marking  ] GC(10) Concurrent Clear Claimed Marks 0.042ms
[2025-08-24T16:44:58.614+0000][121][info ][gc,marking  ] GC(10) Concurrent Cleanup for Next Mark
[2025-08-24T16:44:58.614+0000][121][info ][gc,marking  ] GC(10) Concurrent Cleanup for Next Mark 0.287ms
[2025-08-24T16:44:58.614+0000][121][info ][gc          ] GC(10) Concurrent Mark Cycle 12.674ms
[2025-08-24T16:44:58.914+0000][121][info ][safepoint   ] Safepoint "ICBufferFull", Time since last: 299081833 ns, Reaching safepoint: 820750 ns, Cleanup: 100584 ns, At safepoint: 9250 ns, Total: 930584 ns
[2025-08-24T16:44:59.188+0000][121][info ][safepoint   ] Safepoint "ICBufferFull", Time since last: 274559291 ns, Reaching safepoint: 2834 ns, Cleanup: 100125 ns, At safepoint: 5541 ns, Total: 108500 ns
[2025-08-24T16:44:59.611+0000][121][info ][safepoint   ] Safepoint "ICBufferFull", Time since last: 422711292 ns, Reaching safepoint: 2750 ns, Cleanup: 91959 ns, At safepoint: 6125 ns, Total: 100834 ns
[2025-08-24T16:44:59.674+0000][121][info ][safepoint   ] Safepoint "ICBufferFull", Time since last: 62879375 ns, Reaching safepoint: 2541 ns, Cleanup: 90625 ns, At safepoint: 8750 ns, Total: 101916 ns
[2025-08-24T16:45:00.035+0000][121][info ][gc,start    ] GC(11) Pause Young (Normal) (G1 Evacuation Pause)
[2025-08-24T16:45:00.035+0000][121][info ][gc,task     ] GC(11) Using 8 workers of 8 for evacuation
[2025-08-24T16:45:00.035+0000][121][debug][gc,age      ] GC(11) Desired survivor size 41943040 bytes, new threshold 8 (max threshold 15)
[2025-08-24T16:45:00.053+0000][121][info ][gc,phases   ] GC(11)   Pre Evacuate Collection Set: 0.12ms
[2025-08-24T16:45:00.053+0000][121][info ][gc,phases   ] GC(11)   Merge Heap Roots: 0.04ms
[2025-08-24T16:45:00.053+0000][121][info ][gc,phases   ] GC(11)   Evacuate Collection Set: 15.58ms
[2025-08-24T16:45:00.053+0000][121][info ][gc,phases   ] GC(11)   Post Evacuate Collection Set: 2.05ms
[2025-08-24T16:45:00.053+0000][121][info ][gc,phases   ] GC(11)   Other: 0.15ms
[2025-08-24T16:45:00.053+0000][121][trace][gc,age      ] GC(11) Age table with threshold 8 (max threshold 15)
[2025-08-24T16:45:00.053+0000][121][trace][gc,age      ] GC(11) - age   1:   10787832 bytes,   10787832 total
[2025-08-24T16:45:00.053+0000][121][trace][gc,age      ] GC(11) - age   2:    9871936 bytes,   20659768 total
[2025-08-24T16:45:00.053+0000][121][trace][gc,age      ] GC(11) - age   3:    8812232 bytes,   29472000 total
[2025-08-24T16:45:00.053+0000][121][trace][gc,age      ] GC(11) - age   4:      46184 bytes,   29518184 total
[2025-08-24T16:45:00.053+0000][121][trace][gc,age      ] GC(11) - age   5:    8103936 bytes,   37622120 total
[2025-08-24T16:45:00.053+0000][121][trace][gc,age      ] GC(11) - age   6:    5723208 bytes,   43345328 total
[2025-08-24T16:45:00.053+0000][121][trace][gc,age      ] GC(11) - age   7:     397552 bytes,   43742880 total
[2025-08-24T16:45:00.053+0000][121][trace][gc,age      ] GC(11) - age   8:    3973552 bytes,   47716432 total
[2025-08-24T16:45:00.053+0000][121][info ][gc,heap     ] GC(11) Eden regions: 142->0(140)
[2025-08-24T16:45:00.053+0000][121][info ][gc,heap     ] GC(11) Survivor regions: 11->13(20)
[2025-08-24T16:45:00.053+0000][121][info ][gc,heap     ] GC(11) Old regions: 1->2
[2025-08-24T16:45:00.053+0000][121][info ][gc,heap     ] GC(11) Humongous regions: 0->0
[2025-08-24T16:45:00.053+0000][121][info ][gc,metaspace] GC(11) Metaspace: 75272K(77184K)->75272K(77184K) NonClass: 65185K(66368K)->65185K(66368K) Class: 10087K(10816K)->10087K(10816K)
[2025-08-24T16:45:00.053+0000][121][info ][gc          ] GC(11) Pause Young (Normal) (G1 Evacuation Pause) 612M->56M(1024M) 18.826ms
[2025-08-24T16:45:00.053+0000][121][info ][gc,cpu      ] GC(11) User=0.12s Sys=0.01s Real=0.02s
[2025-08-24T16:45:00.054+0000][121][info ][safepoint   ] Safepoint "G1CollectForAllocation", Time since last: 360412959 ns, Reaching safepoint: 3750 ns, Cleanup: 62375 ns, At safepoint: 18925500 ns, Total: 18991625 ns
[2025-08-24T16:45:00.279+0000][121][info ][safepoint   ] Safepoint "ICBufferFull", Time since last: 225275042 ns, Reaching safepoint: 2500 ns, Cleanup: 88875 ns, At safepoint: 4416 ns, Total: 95791 ns
[2025-08-24T16:45:00.458+0000][121][info ][safepoint   ] Safepoint "ICBufferFull", Time since last: 179002250 ns, Reaching safepoint: 2667 ns, Cleanup: 73208 ns, At safepoint: 2917 ns, Total: 78792 ns
[2025-08-24T16:45:00.741+0000][121][info ][safepoint   ] Safepoint "ICBufferFull", Time since last: 283315667 ns, Reaching safepoint: 2958 ns, Cleanup: 79583 ns, At safepoint: 7459 ns, Total: 90000 ns
[2025-08-24T16:45:00.914+0000][121][info ][safepoint   ] Safepoint "ICBufferFull", Time since last: 172491500 ns, Reaching safepoint: 2833 ns, Cleanup: 98167 ns, At safepoint: 5708 ns, Total: 106708 ns
[2025-08-24T16:45:01.169+0000][121][info ][gc,start    ] GC(12) Pause Young (Concurrent Start) (Metadata GC Threshold)
[2025-08-24T16:45:01.169+0000][121][info ][gc,task     ] GC(12) Using 8 workers of 8 for evacuation
[2025-08-24T16:45:01.169+0000][121][debug][gc,age      ] GC(12) Desired survivor size 41943040 bytes, new threshold 6 (max threshold 15)
[2025-08-24T16:45:01.182+0000][121][info ][gc,phases   ] GC(12)   Pre Evacuate Collection Set: 0.12ms
[2025-08-24T16:45:01.183+0000][121][info ][gc,phases   ] GC(12)   Merge Heap Roots: 0.07ms
[2025-08-24T16:45:01.183+0000][121][info ][gc,phases   ] GC(12)   Evacuate Collection Set: 11.19ms
[2025-08-24T16:45:01.183+0000][121][info ][gc,phases   ] GC(12)   Post Evacuate Collection Set: 1.53ms
[2025-08-24T16:45:01.183+0000][121][info ][gc,phases   ] GC(12)   Other: 0.17ms
[2025-08-24T16:45:01.183+0000][121][trace][gc,age      ] GC(12) Age table with threshold 6 (max threshold 15)
[2025-08-24T16:45:01.183+0000][121][trace][gc,age      ] GC(12) - age   1:    9774304 bytes,    9774304 total
[2025-08-24T16:45:01.183+0000][121][trace][gc,age      ] GC(12) - age   2:   10452728 bytes,   20227032 total
[2025-08-24T16:45:01.183+0000][121][trace][gc,age      ] GC(12) - age   3:    9705672 bytes,   29932704 total
[2025-08-24T16:45:01.183+0000][121][trace][gc,age      ] GC(12) - age   4:    8794584 bytes,   38727288 total
[2025-08-24T16:45:01.183+0000][121][trace][gc,age      ] GC(12) - age   5:      45928 bytes,   38773216 total
[2025-08-24T16:45:01.183+0000][121][trace][gc,age      ] GC(12) - age   6:    8078704 bytes,   46851920 total
[2025-08-24T16:45:01.183+0000][121][info ][gc,heap     ] GC(12) Eden regions: 81->0(140)
[2025-08-24T16:45:01.183+0000][121][info ][gc,heap     ] GC(12) Survivor regions: 13->13(20)
[2025-08-24T16:45:01.183+0000][121][info ][gc,heap     ] GC(12) Old regions: 2->4
[2025-08-24T16:45:01.183+0000][121][info ][gc,heap     ] GC(12) Humongous regions: 0->0
[2025-08-24T16:45:01.183+0000][121][info ][gc,metaspace] GC(12) Metaspace: 100974K(103040K)->100974K(103040K) NonClass: 87345K(88576K)->87345K(88576K) Class: 13629K(14464K)->13629K(14464K)
[2025-08-24T16:45:01.183+0000][121][info ][gc          ] GC(12) Pause Young (Concurrent Start) (Metadata GC Threshold) 378M->64M(1024M) 13.824ms
[2025-08-24T16:45:01.183+0000][121][info ][gc,cpu      ] GC(12) User=0.09s Sys=0.00s Real=0.02s
[2025-08-24T16:45:01.183+0000][121][info ][safepoint   ] Safepoint "CollectForMetadataAllocation", Time since last: 255217709 ns, Reaching safepoint: 3250 ns, Cleanup: 61791 ns, At safepoint: 14006292 ns, Total: 14071333 ns
[2025-08-24T16:45:01.183+0000][121][info ][gc          ] GC(13) Concurrent Mark Cycle
[2025-08-24T16:45:01.183+0000][121][info ][gc,marking  ] GC(13) Concurrent Scan Root Regions
[2025-08-24T16:45:01.193+0000][121][info ][safepoint   ] Safepoint "CollectForMetadataAllocation", Time since last: 9314458 ns, Reaching safepoint: 7084 ns, Cleanup: 12708 ns, At safepoint: 66333 ns, Total: 86125 ns
[2025-08-24T16:45:01.193+0000][121][info ][gc,marking  ] GC(13) Concurrent Scan Root Regions 9.278ms
[2025-08-24T16:45:01.193+0000][121][info ][gc,marking  ] GC(13) Concurrent Mark
[2025-08-24T16:45:01.193+0000][121][info ][gc,marking  ] GC(13) Concurrent Mark From Roots
[2025-08-24T16:45:01.193+0000][121][info ][gc,task     ] GC(13) Using 2 workers of 2 for marking
[2025-08-24T16:45:01.195+0000][121][info ][gc,marking  ] GC(13) Concurrent Mark From Roots 2.165ms
[2025-08-24T16:45:01.195+0000][121][info ][gc,marking  ] GC(13) Concurrent Preclean
[2025-08-24T16:45:01.195+0000][121][info ][gc,marking  ] GC(13) Concurrent Preclean 0.052ms
[2025-08-24T16:45:01.196+0000][121][info ][gc,start    ] GC(13) Pause Remark
[2025-08-24T16:45:01.199+0000][121][info ][gc          ] GC(13) Pause Remark 68M->68M(1024M) 3.270ms
[2025-08-24T16:45:01.199+0000][121][info ][gc,cpu      ] GC(13) User=0.01s Sys=0.00s Real=0.00s
[2025-08-24T16:45:01.199+0000][121][info ][safepoint   ] Safepoint "G1PauseRemark", Time since last: 2519667 ns, Reaching safepoint: 420417 ns, Cleanup: 4291 ns, At safepoint: 3403542 ns, Total: 3828250 ns
[2025-08-24T16:45:01.199+0000][121][info ][gc,marking  ] GC(13) Concurrent Mark 6.241ms
[2025-08-24T16:45:01.199+0000][121][info ][gc,marking  ] GC(13) Concurrent Rebuild Remembered Sets and Scrub Regions
[2025-08-24T16:45:01.200+0000][121][info ][gc,marking  ] GC(13) Concurrent Rebuild Remembered Sets and Scrub Regions 1.139ms
[2025-08-24T16:45:01.201+0000][121][info ][gc,start    ] GC(13) Pause Cleanup
[2025-08-24T16:45:01.201+0000][121][info ][gc          ] GC(13) Pause Cleanup 68M->68M(1024M) 0.052ms
[2025-08-24T16:45:01.201+0000][121][info ][gc,cpu      ] GC(13) User=0.00s Sys=0.00s Real=0.00s
[2025-08-24T16:45:01.201+0000][121][info ][safepoint   ] Safepoint "G1PauseCleanup", Time since last: 1280667 ns, Reaching safepoint: 254625 ns, Cleanup: 8958 ns, At safepoint: 146833 ns, Total: 410416 ns
[2025-08-24T16:45:01.201+0000][121][info ][gc,marking  ] GC(13) Concurrent Clear Claimed Marks
[2025-08-24T16:45:01.201+0000][121][info ][gc,marking  ] GC(13) Concurrent Clear Claimed Marks 0.056ms
[2025-08-24T16:45:01.201+0000][121][info ][gc,marking  ] GC(13) Concurrent Cleanup for Next Mark
[2025-08-24T16:45:01.201+0000][121][info ][gc,marking  ] GC(13) Concurrent Cleanup for Next Mark 0.323ms
[2025-08-24T16:45:01.201+0000][121][info ][gc          ] GC(13) Concurrent Mark Cycle 18.045ms
[2025-08-24T16:45:01.350+0000][121][info ][safepoint   ] Safepoint "ICBufferFull", Time since last: 147926959 ns, Reaching safepoint: 1142083 ns, Cleanup: 104375 ns, At safepoint: 9042 ns, Total: 1255500 ns
[2025-08-24T16:45:01.556+0000][121][info ][safepoint   ] Safepoint "ICBufferFull", Time since last: 206159833 ns, Reaching safepoint: 3000 ns, Cleanup: 84458 ns, At safepoint: 5292 ns, Total: 92750 ns
[2025-08-24T16:45:01.831+0000][121][info ][safepoint   ] Safepoint "ICBufferFull", Time since last: 275149834 ns, Reaching safepoint: 3333 ns, Cleanup: 69833 ns, At safepoint: 5250 ns, Total: 78416 ns
[2025-08-24T16:45:01.951+0000][121][info ][safepoint   ] Safepoint "ICBufferFull", Time since last: 119070875 ns, Reaching safepoint: 108875 ns, Cleanup: 78709 ns, At safepoint: 5583 ns, Total: 193167 ns
[2025-08-24T16:45:02.013+0000][121][info ][safepoint   ] Safepoint "ICBufferFull", Time since last: 62096333 ns, Reaching safepoint: 2375 ns, Cleanup: 69750 ns, At safepoint: 10959 ns, Total: 83084 ns
[2025-08-24T16:45:02.047+0000][121][info ][safepoint   ] Safepoint "ICBufferFull", Time since last: 34277125 ns, Reaching safepoint: 3000 ns, Cleanup: 83458 ns, At safepoint: 6208 ns, Total: 92666 ns
[2025-08-24T16:45:02.211+0000][121][info ][safepoint   ] Safepoint "ICBufferFull", Time since last: 163682000 ns, Reaching safepoint: 2875 ns, Cleanup: 78084 ns, At safepoint: 13791 ns, Total: 94750 ns
[2025-08-24T16:45:02.296+0000][121][info ][safepoint   ] Safepoint "ICBufferFull", Time since last: 84394001 ns, Reaching safepoint: 202333 ns, Cleanup: 70083 ns, At safepoint: 12042 ns, Total: 284458 ns
[2025-08-24T16:45:02.311+0000][121][info ][safepoint   ] Safepoint "ICBufferFull", Time since last: 15333125 ns, Reaching safepoint: 2917 ns, Cleanup: 61708 ns, At safepoint: 8250 ns, Total: 72875 ns
[2025-08-24T16:45:02.335+0000][121][info ][safepoint   ] Safepoint "ICBufferFull", Time since last: 23697917 ns, Reaching safepoint: 2250 ns, Cleanup: 83416 ns, At safepoint: 6875 ns, Total: 92541 ns
[2025-08-24T16:45:02.447+0000][121][info ][safepoint   ] Safepoint "ICBufferFull", Time since last: 111192084 ns, Reaching safepoint: 518625 ns, Cleanup: 102875 ns, At safepoint: 10708 ns, Total: 632208 ns
[2025-08-24T16:45:02.546+0000][121][info ][safepoint   ] Safepoint "ICBufferFull", Time since last: 99142042 ns, Reaching safepoint: 3750 ns, Cleanup: 76833 ns, At safepoint: 7167 ns, Total: 87750 ns
[2025-08-24T16:45:02.595+0000][121][info ][safepoint   ] Safepoint "ICBufferFull", Time since last: 47803000 ns, Reaching safepoint: 831250 ns, Cleanup: 91833 ns, At safepoint: 10500 ns, Total: 933583 ns
[2025-08-24T16:45:02.645+0000][121][info ][safepoint   ] Safepoint "ICBufferFull", Time since last: 49942125 ns, Reaching safepoint: 3458 ns, Cleanup: 63709 ns, At safepoint: 8041 ns, Total: 75208 ns
[2025-08-24T16:45:02.682+0000][121][info ][safepoint   ] Safepoint "ICBufferFull", Time since last: 36499250 ns, Reaching safepoint: 401209 ns, Cleanup: 72875 ns, At safepoint: 7750 ns, Total: 481834 ns
[2025-08-24T16:45:02.760+0000][121][info ][safepoint   ] Safepoint "ICBufferFull", Time since last: 77655083 ns, Reaching safepoint: 296125 ns, Cleanup: 75917 ns, At safepoint: 131750 ns, Total: 503792 ns
[2025-08-24T16:45:02.963+0000][121][info ][safepoint   ] Safepoint "ICBufferFull", Time since last: 203130000 ns, Reaching safepoint: 5125 ns, Cleanup: 74166 ns, At safepoint: 5542 ns, Total: 84833 ns
[2025-08-24T16:45:02.974+0000][121][info ][safepoint   ] Safepoint "ICBufferFull", Time since last: 10902667 ns, Reaching safepoint: 4375 ns, Cleanup: 58875 ns, At safepoint: 5792 ns, Total: 69042 ns
[2025-08-24T16:45:03.035+0000][121][info ][safepoint   ] Safepoint "ICBufferFull", Time since last: 61403625 ns, Reaching safepoint: 5666 ns, Cleanup: 64834 ns, At safepoint: 11166 ns, Total: 81666 ns
[2025-08-24T16:45:03.112+0000][121][info ][safepoint   ] Safepoint "ICBufferFull", Time since last: 76024917 ns, Reaching safepoint: 5250 ns, Cleanup: 100083 ns, At safepoint: 6500 ns, Total: 111833 ns
[2025-08-24T16:45:03.172+0000][121][info ][safepoint   ] Safepoint "ICBufferFull", Time since last: 60194459 ns, Reaching safepoint: 7000 ns, Cleanup: 82625 ns, At safepoint: 6166 ns, Total: 95791 ns
[2025-08-24T16:45:03.229+0000][121][info ][safepoint   ] Safepoint "ICBufferFull", Time since last: 57174042 ns, Reaching safepoint: 6083 ns, Cleanup: 66584 ns, At safepoint: 7791 ns, Total: 80458 ns
[2025-08-24T16:45:03.265+0000][121][info ][gc,start    ] GC(14) Pause Young (Normal) (G1 Evacuation Pause)
[2025-08-24T16:45:03.265+0000][121][info ][gc,task     ] GC(14) Using 8 workers of 8 for evacuation
[2025-08-24T16:45:03.266+0000][121][debug][gc,age      ] GC(14) Desired survivor size 41943040 bytes, new threshold 6 (max threshold 15)
[2025-08-24T16:45:03.296+0000][121][info ][gc,phases   ] GC(14)   Pre Evacuate Collection Set: 0.12ms
[2025-08-24T16:45:03.296+0000][121][info ][gc,phases   ] GC(14)   Merge Heap Roots: 0.06ms
[2025-08-24T16:45:03.296+0000][121][info ][gc,phases   ] GC(14)   Evacuate Collection Set: 27.96ms
[2025-08-24T16:45:03.296+0000][121][info ][gc,phases   ] GC(14)   Post Evacuate Collection Set: 2.07ms
[2025-08-24T16:45:03.296+0000][121][info ][gc,phases   ] GC(14)   Other: 0.14ms
[2025-08-24T16:45:03.296+0000][121][trace][gc,age      ] GC(14) Age table with threshold 6 (max threshold 15)
[2025-08-24T16:45:03.296+0000][121][trace][gc,age      ] GC(14) - age   1:   46446600 bytes,   46446600 total
[2025-08-24T16:45:03.296+0000][121][trace][gc,age      ] GC(14) - age   2:    8654752 bytes,   55101352 total
[2025-08-24T16:45:03.296+0000][121][trace][gc,age      ] GC(14) - age   3:    9933072 bytes,   65034424 total
[2025-08-24T16:45:03.296+0000][121][trace][gc,age      ] GC(14) - age   4:    8901976 bytes,   73936400 total
[2025-08-24T16:45:03.296+0000][121][trace][gc,age      ] GC(14) - age   5:    8746400 bytes,   82682800 total
[2025-08-24T16:45:03.296+0000][121][trace][gc,age      ] GC(14) - age   6:      45768 bytes,   82728568 total
[2025-08-24T16:45:03.296+0000][121][info ][gc,heap     ] GC(14) Eden regions: 140->0(133)
[2025-08-24T16:45:03.296+0000][121][info ][gc,heap     ] GC(14) Survivor regions: 13->20(20)
[2025-08-24T16:45:03.296+0000][121][info ][gc,heap     ] GC(14) Old regions: 4->9
[2025-08-24T16:45:03.296+0000][121][info ][gc,heap     ] GC(14) Humongous regions: 2->2
[2025-08-24T16:45:03.296+0000][121][info ][gc,metaspace] GC(14) Metaspace: 138531K(142592K)->138531K(142592K) NonClass: 118858K(121024K)->118858K(121024K) Class: 19673K(21568K)->19673K(21568K)
[2025-08-24T16:45:03.296+0000][121][info ][gc          ] GC(14) Pause Young (Normal) (G1 Evacuation Pause) 632M->123M(1024M) 31.024ms
[2025-08-24T16:45:03.296+0000][121][info ][gc,cpu      ] GC(14) User=0.19s Sys=0.01s Real=0.03s
[2025-08-24T16:45:03.297+0000][121][info ][safepoint   ] Safepoint "G1CollectForAllocation", Time since last: 36203000 ns, Reaching safepoint: 5375 ns, Cleanup: 55792 ns, At safepoint: 31453125 ns, Total: 31514292 ns
[2025-08-24T16:45:03.297+0000][121][info ][gc,start    ] GC(15) Pause Young (Normal) (G1 Evacuation Pause)
[2025-08-24T16:45:03.297+0000][121][info ][gc,task     ] GC(15) Using 8 workers of 8 for evacuation
[2025-08-24T16:45:03.298+0000][121][debug][gc,age      ] GC(15) Desired survivor size 6291456 bytes, new threshold 1 (max threshold 15)
[2025-08-24T16:45:03.322+0000][121][info ][gc,phases   ] GC(15)   Pre Evacuate Collection Set: 0.12ms
[2025-08-24T16:45:03.322+0000][121][info ][gc,phases   ] GC(15)   Merge Heap Roots: 0.22ms
[2025-08-24T16:45:03.322+0000][121][info ][gc,phases   ] GC(15)   Evacuate Collection Set: 23.36ms
[2025-08-24T16:45:03.322+0000][121][info ][gc,phases   ] GC(15)   Post Evacuate Collection Set: 0.81ms
[2025-08-24T16:45:03.322+0000][121][info ][gc,phases   ] GC(15)   Other: 0.11ms
[2025-08-24T16:45:03.322+0000][121][trace][gc,age      ] GC(15) Age table with threshold 1 (max threshold 15)
[2025-08-24T16:45:03.322+0000][121][trace][gc,age      ] GC(15) - age   1:       3480 bytes,       3480 total
[2025-08-24T16:45:03.322+0000][121][info ][gc,heap     ] GC(15) Eden regions: 1->0(151)
[2025-08-24T16:45:03.322+0000][121][info ][gc,heap     ] GC(15) Survivor regions: 20->2(3)
[2025-08-24T16:45:03.322+0000][121][info ][gc,heap     ] GC(15) Old regions: 9->30
[2025-08-24T16:45:03.322+0000][121][info ][gc,heap     ] GC(15) Humongous regions: 2->2
[2025-08-24T16:45:03.323+0000][121][info ][gc,metaspace] GC(15) Metaspace: 138531K(142592K)->138531K(142592K) NonClass: 118858K(121024K)->118858K(121024K) Class: 19673K(21568K)->19673K(21568K)
[2025-08-24T16:45:03.323+0000][121][info ][gc          ] GC(15) Pause Young (Normal) (G1 Evacuation Pause) 127M->133M(1024M) 25.145ms
[2025-08-24T16:45:03.323+0000][121][info ][gc,cpu      ] GC(15) User=0.18s Sys=0.00s Real=0.03s
[2025-08-24T16:45:03.323+0000][121][info ][safepoint   ] Safepoint "G1CollectForAllocation", Time since last: 511792 ns, Reaching safepoint: 27083 ns, Cleanup: 2375 ns, At safepoint: 25276542 ns, Total: 25306000 ns
[2025-08-24T16:45:03.418+0000][121][info ][safepoint   ] Safepoint "ICBufferFull", Time since last: 94949833 ns, Reaching safepoint: 5250 ns, Cleanup: 79917 ns, At safepoint: 6166 ns, Total: 91333 ns
[2025-08-24T16:45:03.506+0000][121][info ][safepoint   ] Safepoint "ICBufferFull", Time since last: 87965834 ns, Reaching safepoint: 5541 ns, Cleanup: 78250 ns, At safepoint: 10125 ns, Total: 93916 ns
[2025-08-24T16:45:03.569+0000][121][info ][safepoint   ] Safepoint "ICBufferFull", Time since last: 63174875 ns, Reaching safepoint: 5334 ns, Cleanup: 75833 ns, At safepoint: 9333 ns, Total: 90500 ns
[2025-08-24T16:45:03.710+0000][121][info ][safepoint   ] Safepoint "ICBufferFull", Time since last: 139463917 ns, Reaching safepoint: 1279417 ns, Cleanup: 94417 ns, At safepoint: 10958 ns, Total: 1384792 ns
[2025-08-24T16:45:03.833+0000][121][info ][safepoint   ] Safepoint "ICBufferFull", Time since last: 122044000 ns, Reaching safepoint: 621542 ns, Cleanup: 134458 ns, At safepoint: 18167 ns, Total: 774167 ns
[2025-08-24T16:45:03.915+0000][121][info ][safepoint   ] Safepoint "ICBufferFull", Time since last: 81879916 ns, Reaching safepoint: 6334 ns, Cleanup: 74708 ns, At safepoint: 8917 ns, Total: 89959 ns
[2025-08-24T16:45:04.916+0000][121][info ][safepoint   ] Safepoint "Cleanup", Time since last: 1001109875 ns, Reaching safepoint: 7375 ns, Cleanup: 37458 ns, At safepoint: 5334 ns, Total: 50167 ns
[2025-08-24T16:45:05.918+0000][121][info ][safepoint   ] Safepoint "Cleanup", Time since last: 1001944917 ns, Reaching safepoint: 6333 ns, Cleanup: 9167 ns, At safepoint: 3375 ns, Total: 18875 ns
[2025-08-24T16:45:06.919+0000][121][info ][safepoint   ] Safepoint "Cleanup", Time since last: 1000817167 ns, Reaching safepoint: 16750 ns, Cleanup: 32125 ns, At safepoint: 10583 ns, Total: 59458 ns
[2025-08-24T16:45:07.920+0000][121][info ][safepoint   ] Safepoint "Cleanup", Time since last: 1001353834 ns, Reaching safepoint: 14167 ns, Cleanup: 13625 ns, At safepoint: 3167 ns, Total: 30959 ns
[2025-08-24T16:45:08.922+0000][121][info ][safepoint   ] Safepoint "Cleanup", Time since last: 1001659167 ns, Reaching safepoint: 22666 ns, Cleanup: 51042 ns, At safepoint: 24750 ns, Total: 98458 ns
[2025-08-24T16:45:09.923+0000][121][info ][safepoint   ] Safepoint "Cleanup", Time since last: 1000725667 ns, Reaching safepoint: 6958 ns, Cleanup: 8375 ns, At safepoint: 3959 ns, Total: 19292 ns
[2025-08-24T16:45:10.924+0000][121][info ][safepoint   ] Safepoint "Cleanup", Time since last: 1001379417 ns, Reaching safepoint: 14792 ns, Cleanup: 25625 ns, At safepoint: 7541 ns, Total: 47958 ns
[2025-08-24T16:45:11.927+0000][121][info ][safepoint   ] Safepoint "Cleanup", Time since last: 1002540834 ns, Reaching safepoint: 7000 ns, Cleanup: 7417 ns, At safepoint: 3541 ns, Total: 17958 ns
[2025-08-24T16:45:12.929+0000][121][info ][safepoint   ] Safepoint "Cleanup", Time since last: 1002151209 ns, Reaching safepoint: 17000 ns, Cleanup: 23292 ns, At safepoint: 8125 ns, Total: 48417 ns
[2025-08-24T16:45:13.930+0000][121][info ][safepoint   ] Safepoint "Cleanup", Time since last: 1000807584 ns, Reaching safepoint: 6416 ns, Cleanup: 13459 ns, At safepoint: 3458 ns, Total: 23333 ns
[2025-08-24T16:45:14.931+0000][121][info ][safepoint   ] Safepoint "Cleanup", Time since last: 1001184084 ns, Reaching safepoint: 16667 ns, Cleanup: 18500 ns, At safepoint: 7750 ns, Total: 42917 ns
[2025-08-24T16:45:15.932+0000][121][info ][safepoint   ] Safepoint "Cleanup", Time since last: 1001217500 ns, Reaching safepoint: 8000 ns, Cleanup: 7875 ns, At safepoint: 3042 ns, Total: 18917 ns
[2025-08-24T16:45:16.933+0000][121][info ][safepoint   ] Safepoint "Cleanup", Time since last: 1001222750 ns, Reaching safepoint: 15250 ns, Cleanup: 18083 ns, At safepoint: 6834 ns, Total: 40167 ns
[2025-08-24T16:45:17.935+0000][121][info ][safepoint   ] Safepoint "Cleanup", Time since last: 1001718875 ns, Reaching safepoint: 7875 ns, Cleanup: 10750 ns, At safepoint: 3167 ns, Total: 21792 ns
[2025-08-24T16:45:20.938+0000][121][info ][safepoint   ] Safepoint "Cleanup", Time since last: 3002532626 ns, Reaching safepoint: 44792 ns, Cleanup: 46333 ns, At safepoint: 16792 ns, Total: 107917 ns
[2025-08-24T16:45:22.942+0000][121][info ][safepoint   ] Safepoint "Cleanup", Time since last: 2004699501 ns, Reaching safepoint: 11292 ns, Cleanup: 16916 ns, At safepoint: 5959 ns, Total: 34167 ns
[2025-08-24T16:45:25.948+0000][121][info ][safepoint   ] Safepoint "Cleanup", Time since last: 3005110084 ns, Reaching safepoint: 29459 ns, Cleanup: 10583 ns, At safepoint: 6250 ns, Total: 46292 ns
[2025-08-24T16:45:27.950+0000][121][info ][safepoint   ] Safepoint "Cleanup", Time since last: 2002272459 ns, Reaching safepoint: 6833 ns, Cleanup: 7458 ns, At safepoint: 3292 ns, Total: 17583 ns
[2025-08-24T16:45:30.954+0000][121][info ][safepoint   ] Safepoint "Cleanup", Time since last: 3004063252 ns, Reaching safepoint: 44791 ns, Cleanup: 26209 ns, At safepoint: 16416 ns, Total: 87416 ns
[2025-08-24T16:45:32.959+0000][121][info ][safepoint   ] Safepoint "Cleanup", Time since last: 2004123501 ns, Reaching safepoint: 19583 ns, Cleanup: 33334 ns, At safepoint: 9500 ns, Total: 62417 ns
[2025-08-24T16:45:33.959+0000][121][info ][safepoint   ] Safepoint "Cleanup", Time since last: 1000663042 ns, Reaching safepoint: 7875 ns, Cleanup: 43167 ns, At safepoint: 4916 ns, Total: 55958 ns
[2025-08-24T16:45:35.962+0000][121][info ][safepoint   ] Safepoint "Cleanup", Time since last: 2002519460 ns, Reaching safepoint: 9166 ns, Cleanup: 10292 ns, At safepoint: 3917 ns, Total: 23375 ns
[2025-08-24T16:45:37.964+0000][121][info ][safepoint   ] Safepoint "Cleanup", Time since last: 2002082667 ns, Reaching safepoint: 8292 ns, Cleanup: 10083 ns, At safepoint: 4542 ns, Total: 22917 ns
[2025-08-24T16:45:48.976+0000][121][info ][safepoint   ] Safepoint "Cleanup", Time since last: 11011976630 ns, Reaching safepoint: 48708 ns, Cleanup: 30250 ns, At safepoint: 7417 ns, Total: 86375 ns
[2025-08-24T16:45:49.977+0000][121][info ][safepoint   ] Safepoint "Cleanup", Time since last: 1000906376 ns, Reaching safepoint: 7958 ns, Cleanup: 9250 ns, At safepoint: 3083 ns, Total: 20291 ns
[2025-08-24T16:45:50.979+0000][121][info ][safepoint   ] Safepoint "Cleanup", Time since last: 1002347959 ns, Reaching safepoint: 13167 ns, Cleanup: 20083 ns, At safepoint: 7000 ns, Total: 40250 ns
[2025-08-24T16:45:53.983+0000][121][info ][safepoint   ] Safepoint "Cleanup", Time since last: 3003837668 ns, Reaching safepoint: 29667 ns, Cleanup: 18208 ns, At safepoint: 7334 ns, Total: 55209 ns
[2025-08-24T16:45:56.557+0000][121][info ][safepoint   ] Safepoint "Cleanup", Time since last: 2573734125 ns, Reaching safepoint: 11375 ns, Cleanup: 15500 ns, At safepoint: 5334 ns, Total: 32209 ns
[2025-08-24T16:46:01.568+0000][121][info ][safepoint   ] Safepoint "Cleanup", Time since last: 5011024544 ns, Reaching safepoint: 19208 ns, Cleanup: 22750 ns, At safepoint: 5292 ns, Total: 47250 ns
[2025-08-24T16:46:02.569+0000][121][info ][safepoint   ] Safepoint "Cleanup", Time since last: 1001595834 ns, Reaching safepoint: 7625 ns, Cleanup: 17708 ns, At safepoint: 3833 ns, Total: 29166 ns
[2025-08-24T16:46:03.570+0000][121][info ][safepoint   ] Safepoint "Cleanup", Time since last: 1000975667 ns, Reaching safepoint: 8875 ns, Cleanup: 14042 ns, At safepoint: 5542 ns, Total: 28459 ns
[2025-08-24T16:46:05.573+0000][121][info ][safepoint   ] Safepoint "Cleanup", Time since last: 2002291709 ns, Reaching safepoint: 9625 ns, Cleanup: 68833 ns, At safepoint: 4625 ns, Total: 83083 ns
[2025-08-24T16:46:12.585+0000][121][info ][safepoint   ] Safepoint "Cleanup", Time since last: 7011875045 ns, Reaching safepoint: 111459 ns, Cleanup: 16250 ns, At safepoint: 9750 ns, Total: 137459 ns
[2025-08-24T16:46:13.586+0000][121][info ][safepoint   ] Safepoint "Cleanup", Time since last: 1001470125 ns, Reaching safepoint: 19417 ns, Cleanup: 17417 ns, At safepoint: 3750 ns, Total: 40584 ns
[2025-08-24T16:46:14.587+0000][121][info ][safepoint   ] Safepoint "Cleanup", Time since last: 1000395875 ns, Reaching safepoint: 33667 ns, Cleanup: 23791 ns, At safepoint: 15667 ns, Total: 73125 ns
[2025-08-24T16:46:15.588+0000][121][info ][safepoint   ] Safepoint "Cleanup", Time since last: 1000939042 ns, Reaching safepoint: 10209 ns, Cleanup: 13083 ns, At safepoint: 4750 ns, Total: 28042 ns
[2025-08-24T16:46:17.591+0000][121][info ][safepoint   ] Safepoint "Cleanup", Time since last: 2003189167 ns, Reaching safepoint: 9625 ns, Cleanup: 8625 ns, At safepoint: 4625 ns, Total: 22875 ns
[2025-08-24T16:46:22.597+0000][121][info ][safepoint   ] Safepoint "Cleanup", Time since last: 5006179961 ns, Reaching safepoint: 47334 ns, Cleanup: 41458 ns, At safepoint: 15000 ns, Total: 103792 ns
[2025-08-24T16:46:23.598+0000][121][info ][safepoint   ] Safepoint "Cleanup", Time since last: 1001004750 ns, Reaching safepoint: 10084 ns, Cleanup: 14541 ns, At safepoint: 3375 ns, Total: 28000 ns
[2025-08-24T16:46:30.610+0000][121][info ][safepoint   ] Safepoint "Cleanup", Time since last: 7011246669 ns, Reaching safepoint: 14584 ns, Cleanup: 14666 ns, At safepoint: 7042 ns, Total: 36292 ns
[2025-08-24T16:46:32.613+0000][121][info ][safepoint   ] Safepoint "Cleanup", Time since last: 2003140334 ns, Reaching safepoint: 9750 ns, Cleanup: 31125 ns, At safepoint: 6084 ns, Total: 46959 ns
[2025-08-24T16:46:33.615+0000][121][info ][safepoint   ] Safepoint "Cleanup", Time since last: 1002134208 ns, Reaching safepoint: 7042 ns, Cleanup: 12958 ns, At safepoint: 3917 ns, Total: 23917 ns
[2025-08-24T16:46:34.616+0000][121][info ][safepoint   ] Safepoint "Cleanup", Time since last: 1001420459 ns, Reaching safepoint: 16417 ns, Cleanup: 21791 ns, At safepoint: 8584 ns, Total: 46792 ns
[2025-08-24T16:46:35.617+0000][121][info ][safepoint   ] Safepoint "Cleanup", Time since last: 1000517792 ns, Reaching safepoint: 7833 ns, Cleanup: 11125 ns, At safepoint: 3333 ns, Total: 22291 ns
[2025-08-24T16:46:46.629+0000][121][info ][safepoint   ] Safepoint "Cleanup", Time since last: 11011741006 ns, Reaching safepoint: 117000 ns, Cleanup: 13166 ns, At safepoint: 5209 ns, Total: 135375 ns
[2025-08-24T16:46:50.635+0000][121][info ][safepoint   ] Safepoint "Cleanup", Time since last: 4006301793 ns, Reaching safepoint: 35292 ns, Cleanup: 11958 ns, At safepoint: 4959 ns, Total: 52209 ns
[2025-08-24T16:46:55.807+0000][121][info ][safepoint   ] Safepoint "Cleanup", Time since last: 5172112752 ns, Reaching safepoint: 8333 ns, Cleanup: 11334 ns, At safepoint: 3833 ns, Total: 23500 ns
[2025-08-24T16:47:02.814+0000][121][info ][safepoint   ] Safepoint "Cleanup", Time since last: 7007468544 ns, Reaching safepoint: 18292 ns, Cleanup: 27167 ns, At safepoint: 8083 ns, Total: 53542 ns
[2025-08-24T16:47:03.816+0000][121][info ][safepoint   ] Safepoint "Cleanup", Time since last: 1001728751 ns, Reaching safepoint: 7875 ns, Cleanup: 10125 ns, At safepoint: 4250 ns, Total: 22250 ns
[2025-08-24T16:47:04.818+0000][121][info ][safepoint   ] Safepoint "Cleanup", Time since last: 1001145625 ns, Reaching safepoint: 1197625 ns, Cleanup: 17417 ns, At safepoint: 14458 ns, Total: 1229500 ns
[2025-08-24T16:47:05.820+0000][121][info ][safepoint   ] Safepoint "Cleanup", Time since last: 1001207167 ns, Reaching safepoint: 8459 ns, Cleanup: 10583 ns, At safepoint: 3125 ns, Total: 22167 ns
[2025-08-24T16:47:07.821+0000][121][info ][safepoint   ] Safepoint "Cleanup", Time since last: 2001519751 ns, Reaching safepoint: 9875 ns, Cleanup: 14166 ns, At safepoint: 4375 ns, Total: 28416 ns
[2025-08-24T16:47:09.824+0000][121][info ][safepoint   ] Safepoint "Cleanup", Time since last: 2002970793 ns, Reaching safepoint: 10792 ns, Cleanup: 12625 ns, At safepoint: 3583 ns, Total: 27000 ns
[2025-08-24T16:47:23.844+0000][121][info ][safepoint   ] Safepoint "Cleanup", Time since last: 14019437923 ns, Reaching safepoint: 27542 ns, Cleanup: 14500 ns, At safepoint: 4667 ns, Total: 46709 ns
[2025-08-24T16:47:26.850+0000][121][info ][safepoint   ] Safepoint "Cleanup", Time since last: 3006282792 ns, Reaching safepoint: 12875 ns, Cleanup: 29333 ns, At safepoint: 5000 ns, Total: 47208 ns
[2025-08-24T16:47:27.853+0000][121][info ][safepoint   ] Safepoint "Cleanup", Time since last: 1002415542 ns, Reaching safepoint: 9459 ns, Cleanup: 11250 ns, At safepoint: 3958 ns, Total: 24667 ns
[2025-08-24T16:47:30.857+0000][121][info ][safepoint   ] Safepoint "Cleanup", Time since last: 3004384960 ns, Reaching safepoint: 34166 ns, Cleanup: 59959 ns, At safepoint: 14375 ns, Total: 108500 ns
[2025-08-24T16:47:32.860+0000][121][info ][safepoint   ] Safepoint "Cleanup", Time since last: 2002884584 ns, Reaching safepoint: 59958 ns, Cleanup: 60959 ns, At safepoint: 12333 ns, Total: 133250 ns
[2025-08-24T16:47:33.863+0000][121][info ][safepoint   ] Safepoint "Cleanup", Time since last: 1003077084 ns, Reaching safepoint: 11333 ns, Cleanup: 12292 ns, At safepoint: 6958 ns, Total: 30583 ns
[2025-08-24T16:47:48.888+0000][121][info ][safepoint   ] Safepoint "Cleanup", Time since last: 15024617841 ns, Reaching safepoint: 182000 ns, Cleanup: 48041 ns, At safepoint: 22792 ns, Total: 252833 ns
[2025-08-24T16:47:56.940+0000][121][info ][safepoint   ] Safepoint "Cleanup", Time since last: 8051775545 ns, Reaching safepoint: 14792 ns, Cleanup: 17875 ns, At safepoint: 6500 ns, Total: 39167 ns
[2025-08-24T16:48:00.945+0000][121][info ][safepoint   ] Safepoint "Cleanup", Time since last: 4004813627 ns, Reaching safepoint: 45542 ns, Cleanup: 26291 ns, At safepoint: 18500 ns, Total: 90333 ns
[2025-08-24T16:48:01.947+0000][121][info ][safepoint   ] Safepoint "Cleanup", Time since last: 1002601376 ns, Reaching safepoint: 10458 ns, Cleanup: 18542 ns, At safepoint: 6166 ns, Total: 35166 ns
[2025-08-24T16:48:02.949+0000][121][info ][safepoint   ] Safepoint "Cleanup", Time since last: 1001225251 ns, Reaching safepoint: 23791 ns, Cleanup: 28375 ns, At safepoint: 10084 ns, Total: 62250 ns
[2025-08-24T16:48:03.949+0000][121][info ][safepoint   ] Safepoint "Cleanup", Time since last: 1000658875 ns, Reaching safepoint: 7125 ns, Cleanup: 10917 ns, At safepoint: 3083 ns, Total: 21125 ns
[2025-08-24T16:48:04.950+0000][121][info ][safepoint   ] Safepoint "Cleanup", Time since last: 1000925459 ns, Reaching safepoint: 13875 ns, Cleanup: 23708 ns, At safepoint: 10000 ns, Total: 47583 ns
[2025-08-24T16:48:32.980+0000][121][info ][safepoint   ] Safepoint "Cleanup", Time since last: 28030532722 ns, Reaching safepoint: 52125 ns, Cleanup: 15666 ns, At safepoint: 10292 ns, Total: 78083 ns
[2025-08-24T16:48:33.983+0000][121][info ][safepoint   ] Safepoint "Cleanup", Time since last: 1002289667 ns, Reaching safepoint: 55292 ns, Cleanup: 51625 ns, At safepoint: 23625 ns, Total: 130542 ns
[2025-08-24T16:48:41.994+0000][121][info ][safepoint   ] Safepoint "Cleanup", Time since last: 8010938254 ns, Reaching safepoint: 56416 ns, Cleanup: 31042 ns, At safepoint: 12083 ns, Total: 99541 ns
[2025-08-24T16:49:03.083+0000][121][info ][safepoint   ] Safepoint "Cleanup", Time since last: 21088857302 ns, Reaching safepoint: 10708 ns, Cleanup: 15208 ns, At safepoint: 3875 ns, Total: 29791 ns
[2025-08-24T16:49:04.087+0000][121][info ][safepoint   ] Safepoint "Cleanup", Time since last: 1004223167 ns, Reaching safepoint: 39000 ns, Cleanup: 33834 ns, At safepoint: 13916 ns, Total: 86750 ns
[2025-08-24T16:49:20.112+0000][121][info ][safepoint   ] Safepoint "Cleanup", Time since last: 16025051841 ns, Reaching safepoint: 87709 ns, Cleanup: 12958 ns, At safepoint: 7375 ns, Total: 108042 ns
[2025-08-24T16:49:21.113+0000][121][info ][safepoint   ] Safepoint "Cleanup", Time since last: 1000506584 ns, Reaching safepoint: 24416 ns, Cleanup: 32375 ns, At safepoint: 6209 ns, Total: 63000 ns
[2025-08-24T16:49:24.116+0000][121][info ][safepoint   ] Safepoint "Cleanup", Time since last: 3003110543 ns, Reaching safepoint: 18208 ns, Cleanup: 15792 ns, At safepoint: 5500 ns, Total: 39500 ns
[2025-08-24T16:49:33.125+0000][121][info ][safepoint   ] Safepoint "Cleanup", Time since last: 9009369379 ns, Reaching safepoint: 124875 ns, Cleanup: 31791 ns, At safepoint: 11167 ns, Total: 167833 ns
[2025-08-24T16:49:44.104+0000][121][info ][safepoint   ] Safepoint "Cleanup", Time since last: 10978380880 ns, Reaching safepoint: 6583 ns, Cleanup: 52209 ns, At safepoint: 11833 ns, Total: 70625 ns
[2025-08-24T16:49:45.197+0000][121][info ][safepoint   ] Safepoint "Cleanup", Time since last: 1093167792 ns, Reaching safepoint: 22334 ns, Cleanup: 127333 ns, At safepoint: 10667 ns, Total: 160334 ns
[2025-08-24T16:49:46.145+0000][121][info ][gc,heap,exit] Heap
[2025-08-24T16:49:46.145+0000][121][info ][gc,heap,exit]  garbage-first heap   total reserved 1048576K, committed 1048576K, used 370618K [0x00000000c0000000, 0x0000000100000000)
[2025-08-24T16:49:46.145+0000][121][info ][gc,heap,exit]   region size 4096K, 60 young (245760K), 2 survivors (8192K)
[2025-08-24T16:49:46.145+0000][121][info ][gc,heap,exit]  Metaspace       used 141233K, committed 145280K, reserved 1179648K
[2025-08-24T16:49:46.145+0000][121][info ][gc,heap,exit]   class space    used 19972K, committed 21824K, reserved 1048576K
