[2025-09-03T08:51:47.352+0000][182][info][gc,init] CardTable entry size: 512
[2025-09-03T08:51:47.352+0000][182][info][gc     ] Using G1
[2025-09-03T08:51:47.764+0000][182][info][gc,init] Version: 22.0.1+8-16 (release)
[2025-09-03T08:51:47.764+0000][182][info][gc,init] CPUs: 8 total, 8 available
[2025-09-03T08:51:47.764+0000][182][info][gc,init] Memory: 7837M
[2025-09-03T08:51:47.764+0000][182][info][gc,init] Large Page Support: Disabled
[2025-09-03T08:51:47.764+0000][182][info][gc,init] NUMA Support: Disabled
[2025-09-03T08:51:47.764+0000][182][info][gc,init] Compressed Oops: Enabled (32-bit)
[2025-09-03T08:51:47.764+0000][182][info][gc,init] Heap Region Size: 4M
[2025-09-03T08:51:47.764+0000][182][info][gc,init] Heap Min Capacity: 1G
[2025-09-03T08:51:47.764+0000][182][info][gc,init] Heap Initial Capacity: 1G
[2025-09-03T08:51:47.764+0000][182][info][gc,init] Heap Max Capacity: 1G
[2025-09-03T08:51:47.764+0000][182][info][gc,init] Pre-touch: Enabled
[2025-09-03T08:51:47.764+0000][182][info][gc,init] Parallel Workers: 8
[2025-09-03T08:51:47.764+0000][182][info][gc,init] Concurrent Workers: 2
[2025-09-03T08:51:47.764+0000][182][info][gc,init] Concurrent Refinement Workers: 8
[2025-09-03T08:51:47.764+0000][182][info][gc,init] Periodic GC: Disabled
[2025-09-03T08:51:47.779+0000][182][info][gc,metaspace] CDS archive(s) mapped at: [0x0000007f00000000-0x0000007f00c80000-0x0000007f00c80000), size 13107200, SharedBaseAddress: 0x0000007f00000000, ArchiveRelocationMode: 1.
[2025-09-03T08:51:47.779+0000][182][info][gc,metaspace] Compressed class space mapped at: 0x0000007f01000000-0x0000007f41000000, reserved size: 1073741824
[2025-09-03T08:51:47.779+0000][182][info][gc,metaspace] Narrow klass base: 0x0000007f00000000, Narrow klass shift: 0, Narrow klass range: 0x100000000
[2025-09-03T08:51:47.832+0000][182][info][safepoint   ] Safepoint "ICBufferFull", Time since last: 49780625 ns, Reaching safepoint: 1321500 ns, Cleanup: 55708 ns, At safepoint: 14042 ns, Total: 1391250 ns
[2025-09-03T08:51:47.920+0000][182][info][safepoint   ] Safepoint "ICBufferFull", Time since last: 87204250 ns, Reaching safepoint: 2166 ns, Cleanup: 55542 ns, At safepoint: 7708 ns, Total: 65416 ns
[2025-09-03T08:51:47.987+0000][182][info][safepoint   ] Safepoint "ICBufferFull", Time since last: 67001792 ns, Reaching safepoint: 1750 ns, Cleanup: 56500 ns, At safepoint: 4708 ns, Total: 62958 ns
[2025-09-03T08:51:48.068+0000][182][info][safepoint   ] Safepoint "ICBufferFull", Time since last: 81191709 ns, Reaching safepoint: 188250 ns, Cleanup: 166166 ns, At safepoint: 13500 ns, Total: 367916 ns
[2025-09-03T08:51:48.072+0000][182][info][gc,start    ] GC(0) Pause Young (Normal) (G1 Evacuation Pause)
[2025-09-03T08:51:48.072+0000][182][info][gc,task     ] GC(0) Using 8 workers of 8 for evacuation
[2025-09-03T08:51:48.072+0000][182][debug][gc,age      ] GC(0) Desired survivor size 4194304 bytes, new threshold 15 (max threshold 15)
[2025-09-03T08:51:48.075+0000][182][info ][gc,phases   ] GC(0)   Pre Evacuate Collection Set: 0.23ms
[2025-09-03T08:51:48.075+0000][182][info ][gc,phases   ] GC(0)   Merge Heap Roots: 0.16ms
[2025-09-03T08:51:48.075+0000][182][info ][gc,phases   ] GC(0)   Evacuate Collection Set: 2.09ms
[2025-09-03T08:51:48.075+0000][182][info ][gc,phases   ] GC(0)   Post Evacuate Collection Set: 0.48ms
[2025-09-03T08:51:48.075+0000][182][info ][gc,phases   ] GC(0)   Other: 0.15ms
[2025-09-03T08:51:48.075+0000][182][trace][gc,age      ] GC(0) Age table with threshold 15 (max threshold 15)
[2025-09-03T08:51:48.075+0000][182][trace][gc,age      ] GC(0) - age   1:    4675968 bytes,    4675968 total
[2025-09-03T08:51:48.075+0000][182][info ][gc,heap     ] GC(0) Eden regions: 12->0(22)
[2025-09-03T08:51:48.075+0000][182][info ][gc,heap     ] GC(0) Survivor regions: 0->2(2)
[2025-09-03T08:51:48.075+0000][182][info ][gc,heap     ] GC(0) Old regions: 1->1
[2025-09-03T08:51:48.076+0000][182][info ][gc,heap     ] GC(0) Humongous regions: 0->0
[2025-09-03T08:51:48.076+0000][182][info ][gc,metaspace] GC(0) Metaspace: 7260K(7488K)->7260K(7488K) NonClass: 6392K(6528K)->6392K(6528K) Class: 868K(960K)->868K(960K)
[2025-09-03T08:51:48.076+0000][182][info ][gc          ] GC(0) Pause Young (Normal) (G1 Evacuation Pause) 49M->5M(1024M) 3.796ms
[2025-09-03T08:51:48.076+0000][182][info ][gc,cpu      ] GC(0) User=0.01s Sys=0.00s Real=0.00s
[2025-09-03T08:51:48.076+0000][182][info ][safepoint   ] Safepoint "G1CollectForAllocation", Time since last: 3568750 ns, Reaching safepoint: 1875 ns, Cleanup: 8959 ns, At safepoint: 3981875 ns, Total: 3992709 ns
[2025-09-03T08:51:48.159+0000][182][info ][safepoint   ] Safepoint "ICBufferFull", Time since last: 82270291 ns, Reaching safepoint: 1171625 ns, Cleanup: 72042 ns, At safepoint: 7375 ns, Total: 1251042 ns
[2025-09-03T08:51:48.250+0000][182][info ][safepoint   ] Safepoint "ICBufferFull", Time since last: 90378833 ns, Reaching safepoint: 1792 ns, Cleanup: 59042 ns, At safepoint: 1958 ns, Total: 62792 ns
[2025-09-03T08:51:48.329+0000][182][info ][safepoint   ] Safepoint "ICBufferFull", Time since last: 79100125 ns, Reaching safepoint: 1584 ns, Cleanup: 80333 ns, At safepoint: 4958 ns, Total: 86875 ns
[2025-09-03T08:51:48.623+0000][182][info ][safepoint   ] Safepoint "ICBufferFull", Time since last: 294195042 ns, Reaching safepoint: 2083 ns, Cleanup: 102417 ns, At safepoint: 5083 ns, Total: 109583 ns
[2025-09-03T08:51:48.779+0000][182][info ][safepoint   ] Safepoint "ICBufferFull", Time since last: 155158500 ns, Reaching safepoint: 2292 ns, Cleanup: 75958 ns, At safepoint: 9375 ns, Total: 87625 ns
[2025-09-03T08:51:48.941+0000][182][info ][safepoint   ] Safepoint "ICBufferFull", Time since last: 162432792 ns, Reaching safepoint: 2625 ns, Cleanup: 77958 ns, At safepoint: 10292 ns, Total: 90875 ns
[2025-09-03T08:51:48.949+0000][182][info ][gc,start    ] GC(1) Pause Young (Normal) (G1 Evacuation Pause)
[2025-09-03T08:51:48.949+0000][182][info ][gc,task     ] GC(1) Using 8 workers of 8 for evacuation
[2025-09-03T08:51:48.949+0000][182][debug][gc,age      ] GC(1) Desired survivor size 6291456 bytes, new threshold 15 (max threshold 15)
[2025-09-03T08:51:48.954+0000][182][info ][gc,phases   ] GC(1)   Pre Evacuate Collection Set: 0.20ms
[2025-09-03T08:51:48.954+0000][182][info ][gc,phases   ] GC(1)   Merge Heap Roots: 0.10ms
[2025-09-03T08:51:48.954+0000][182][info ][gc,phases   ] GC(1)   Evacuate Collection Set: 3.66ms
[2025-09-03T08:51:48.954+0000][182][info ][gc,phases   ] GC(1)   Post Evacuate Collection Set: 0.86ms
[2025-09-03T08:51:48.954+0000][182][info ][gc,phases   ] GC(1)   Other: 0.20ms
[2025-09-03T08:51:48.954+0000][182][trace][gc,age      ] GC(1) Age table with threshold 15 (max threshold 15)
[2025-09-03T08:51:48.954+0000][182][trace][gc,age      ] GC(1) - age   1:    4942416 bytes,    4942416 total
[2025-09-03T08:51:48.954+0000][182][trace][gc,age      ] GC(1) - age   2:    4604504 bytes,    9546920 total
[2025-09-03T08:51:48.954+0000][182][info ][gc,heap     ] GC(1) Eden regions: 22->0(41)
[2025-09-03T08:51:48.954+0000][182][info ][gc,heap     ] GC(1) Survivor regions: 2->3(3)
[2025-09-03T08:51:48.954+0000][182][info ][gc,heap     ] GC(1) Old regions: 1->1
[2025-09-03T08:51:48.954+0000][182][info ][gc,heap     ] GC(1) Humongous regions: 0->0
[2025-09-03T08:51:48.954+0000][182][info ][gc,metaspace] GC(1) Metaspace: 20202K(20864K)->20202K(20864K) NonClass: 17884K(18304K)->17884K(18304K) Class: 2317K(2560K)->2317K(2560K)
[2025-09-03T08:51:48.954+0000][182][info ][gc          ] GC(1) Pause Young (Normal) (G1 Evacuation Pause) 93M->10M(1024M) 5.841ms
[2025-09-03T08:51:48.954+0000][182][info ][gc,cpu      ] GC(1) User=0.03s Sys=0.01s Real=0.00s
[2025-09-03T08:51:48.955+0000][182][info ][safepoint   ] Safepoint "G1CollectForAllocation", Time since last: 7537125 ns, Reaching safepoint: 2000 ns, Cleanup: 10708 ns, At safepoint: 5926084 ns, Total: 5938792 ns
[2025-09-03T08:51:49.016+0000][182][info ][gc,start    ] GC(2) Pause Young (Concurrent Start) (Metadata GC Threshold)
[2025-09-03T08:51:49.016+0000][182][info ][gc,task     ] GC(2) Using 8 workers of 8 for evacuation
[2025-09-03T08:51:49.016+0000][182][debug][gc,age      ] GC(2) Desired survivor size 12582912 bytes, new threshold 15 (max threshold 15)
[2025-09-03T08:51:49.020+0000][182][info ][gc,phases   ] GC(2)   Pre Evacuate Collection Set: 0.17ms
[2025-09-03T08:51:49.020+0000][182][info ][gc,phases   ] GC(2)   Merge Heap Roots: 0.06ms
[2025-09-03T08:51:49.020+0000][182][info ][gc,phases   ] GC(2)   Evacuate Collection Set: 2.93ms
[2025-09-03T08:51:49.020+0000][182][info ][gc,phases   ] GC(2)   Post Evacuate Collection Set: 0.71ms
[2025-09-03T08:51:49.020+0000][182][info ][gc,phases   ] GC(2)   Other: 0.26ms
[2025-09-03T08:51:49.020+0000][182][trace][gc,age      ] GC(2) Age table with threshold 15 (max threshold 15)
[2025-09-03T08:51:49.020+0000][182][trace][gc,age      ] GC(2) - age   1:     429056 bytes,     429056 total
[2025-09-03T08:51:49.020+0000][182][trace][gc,age      ] GC(2) - age   2:    4060968 bytes,    4490024 total
[2025-09-03T08:51:49.021+0000][182][trace][gc,age      ] GC(2) - age   3:    4588744 bytes,    9078768 total
[2025-09-03T08:51:49.021+0000][182][info ][gc,heap     ] GC(2) Eden regions: 6->0(81)
[2025-09-03T08:51:49.021+0000][182][info ][gc,heap     ] GC(2) Survivor regions: 3->3(6)
[2025-09-03T08:51:49.021+0000][182][info ][gc,heap     ] GC(2) Old regions: 1->1
[2025-09-03T08:51:49.021+0000][182][info ][gc,heap     ] GC(2) Humongous regions: 0->0
[2025-09-03T08:51:49.021+0000][182][info ][gc,metaspace] GC(2) Metaspace: 20817K(21504K)->20817K(21504K) NonClass: 18406K(18816K)->18406K(18816K) Class: 2411K(2688K)->2411K(2688K)
[2025-09-03T08:51:49.021+0000][182][info ][gc          ] GC(2) Pause Young (Concurrent Start) (Metadata GC Threshold) 32M->10M(1024M) 4.799ms
[2025-09-03T08:51:49.021+0000][182][info ][gc,cpu      ] GC(2) User=0.02s Sys=0.00s Real=0.01s
[2025-09-03T08:51:49.021+0000][182][info ][gc          ] GC(3) Concurrent Mark Cycle
[2025-09-03T08:51:49.021+0000][182][info ][gc,marking  ] GC(3) Concurrent Scan Root Regions
[2025-09-03T08:51:49.021+0000][182][info ][safepoint   ] Safepoint "CollectForMetadataAllocation", Time since last: 61321917 ns, Reaching safepoint: 2041 ns, Cleanup: 45917 ns, At safepoint: 4994208 ns, Total: 5042166 ns
[2025-09-03T08:51:49.023+0000][182][info ][gc,marking  ] GC(3) Concurrent Scan Root Regions 2.028ms
[2025-09-03T08:51:49.025+0000][182][info ][gc,marking  ] GC(3) Concurrent Mark
[2025-09-03T08:51:49.025+0000][182][info ][gc,marking  ] GC(3) Concurrent Mark From Roots
[2025-09-03T08:51:49.025+0000][182][info ][gc,task     ] GC(3) Using 2 workers of 2 for marking
[2025-09-03T08:51:49.026+0000][182][info ][gc,marking  ] GC(3) Concurrent Mark From Roots 1.414ms
[2025-09-03T08:51:49.026+0000][182][info ][gc,marking  ] GC(3) Concurrent Preclean
[2025-09-03T08:51:49.026+0000][182][info ][gc,marking  ] GC(3) Concurrent Preclean 0.056ms
[2025-09-03T08:51:49.028+0000][182][info ][gc,start    ] GC(3) Pause Remark
[2025-09-03T08:51:49.030+0000][182][info ][gc          ] GC(3) Pause Remark 13M->13M(1024M) 1.728ms
[2025-09-03T08:51:49.030+0000][182][info ][gc,cpu      ] GC(3) User=0.01s Sys=0.00s Real=0.00s
[2025-09-03T08:51:49.030+0000][182][info ][safepoint   ] Safepoint "G1PauseRemark", Time since last: 6182792 ns, Reaching safepoint: 1156667 ns, Cleanup: 13166 ns, At safepoint: 1861750 ns, Total: 3031583 ns
[2025-09-03T08:51:49.035+0000][182][info ][gc,marking  ] GC(3) Concurrent Mark 9.836ms
[2025-09-03T08:51:49.035+0000][182][info ][gc,marking  ] GC(3) Concurrent Rebuild Remembered Sets and Scrub Regions
[2025-09-03T08:51:49.036+0000][182][info ][gc,marking  ] GC(3) Concurrent Rebuild Remembered Sets and Scrub Regions 0.782ms
[2025-09-03T08:51:49.036+0000][182][info ][gc,start    ] GC(3) Pause Cleanup
[2025-09-03T08:51:49.036+0000][182][info ][gc          ] GC(3) Pause Cleanup 14M->14M(1024M) 0.121ms
[2025-09-03T08:51:49.036+0000][182][info ][gc,cpu      ] GC(3) User=0.00s Sys=0.00s Real=0.00s
[2025-09-03T08:51:49.036+0000][182][info ][safepoint   ] Safepoint "G1PauseCleanup", Time since last: 5632459 ns, Reaching safepoint: 387083 ns, Cleanup: 17375 ns, At safepoint: 210833 ns, Total: 615291 ns
[2025-09-03T08:51:49.037+0000][182][info ][gc,marking  ] GC(3) Concurrent Clear Claimed Marks
[2025-09-03T08:51:49.037+0000][182][info ][gc,marking  ] GC(3) Concurrent Clear Claimed Marks 0.454ms
[2025-09-03T08:51:49.038+0000][182][info ][gc,marking  ] GC(3) Concurrent Cleanup for Next Mark
[2025-09-03T08:51:49.039+0000][182][info ][gc,marking  ] GC(3) Concurrent Cleanup for Next Mark 0.955ms
[2025-09-03T08:51:49.039+0000][182][info ][gc          ] GC(3) Concurrent Mark Cycle 18.014ms
[2025-09-03T08:51:49.131+0000][182][info ][safepoint   ] Safepoint "ICBufferFull", Time since last: 94072709 ns, Reaching safepoint: 2166 ns, Cleanup: 58125 ns, At safepoint: 8209 ns, Total: 68500 ns
[2025-09-03T08:51:49.209+0000][182][info ][safepoint   ] Safepoint "ICBufferFull", Time since last: 77929208 ns, Reaching safepoint: 5125 ns, Cleanup: 86167 ns, At safepoint: 10125 ns, Total: 101417 ns
[2025-09-03T08:51:49.382+0000][182][info ][safepoint   ] Safepoint "ICBufferFull", Time since last: 173560708 ns, Reaching safepoint: 2083 ns, Cleanup: 97167 ns, At safepoint: 5250 ns, Total: 104500 ns
[2025-09-03T08:51:49.575+0000][182][info ][safepoint   ] Safepoint "ICBufferFull", Time since last: 193003083 ns, Reaching safepoint: 2292 ns, Cleanup: 82875 ns, At safepoint: 8250 ns, Total: 93417 ns
[2025-09-03T08:51:49.709+0000][182][info ][safepoint   ] Safepoint "ICBufferFull", Time since last: 133589584 ns, Reaching safepoint: 2125 ns, Cleanup: 87500 ns, At safepoint: 5250 ns, Total: 94875 ns
[2025-09-03T08:51:49.771+0000][182][info ][gc,start    ] GC(4) Pause Young (Prepare Mixed) (G1 Evacuation Pause)
[2025-09-03T08:51:49.771+0000][182][info ][gc,task     ] GC(4) Using 8 workers of 8 for evacuation
[2025-09-03T08:51:49.771+0000][182][debug][gc,age      ] GC(4) Desired survivor size 23068672 bytes, new threshold 15 (max threshold 15)
[2025-09-03T08:51:49.780+0000][182][info ][gc,phases   ] GC(4)   Pre Evacuate Collection Set: 0.21ms
[2025-09-03T08:51:49.781+0000][182][info ][gc,phases   ] GC(4)   Merge Heap Roots: 0.14ms
[2025-09-03T08:51:49.781+0000][182][info ][gc,phases   ] GC(4)   Evacuate Collection Set: 7.47ms
[2025-09-03T08:51:49.781+0000][182][info ][gc,phases   ] GC(4)   Post Evacuate Collection Set: 1.05ms
[2025-09-03T08:51:49.781+0000][182][info ][gc,phases   ] GC(4)   Other: 0.21ms
[2025-09-03T08:51:49.781+0000][182][trace][gc,age      ] GC(4) Age table with threshold 15 (max threshold 15)
[2025-09-03T08:51:49.781+0000][182][trace][gc,age      ] GC(4) - age   1:    6674120 bytes,    6674120 total
[2025-09-03T08:51:49.781+0000][182][trace][gc,age      ] GC(4) - age   2:     406936 bytes,    7081056 total
[2025-09-03T08:51:49.781+0000][182][trace][gc,age      ] GC(4) - age   3:    4027704 bytes,   11108760 total
[2025-09-03T08:51:49.781+0000][182][trace][gc,age      ] GC(4) - age   4:    4587616 bytes,   15696376 total
[2025-09-03T08:51:49.781+0000][182][info ][gc,heap     ] GC(4) Eden regions: 81->0(148)
[2025-09-03T08:51:49.782+0000][182][info ][gc,heap     ] GC(4) Survivor regions: 3->5(11)
[2025-09-03T08:51:49.782+0000][182][info ][gc,heap     ] GC(4) Old regions: 1->1
[2025-09-03T08:51:49.782+0000][182][info ][gc,heap     ] GC(4) Humongous regions: 0->0
[2025-09-03T08:51:49.782+0000][182][info ][gc,metaspace] GC(4) Metaspace: 28975K(29824K)->28975K(29824K) NonClass: 25627K(26112K)->25627K(26112K) Class: 3347K(3712K)->3347K(3712K)
[2025-09-03T08:51:49.782+0000][182][info ][gc          ] GC(4) Pause Young (Prepare Mixed) (G1 Evacuation Pause) 334M->17M(1024M) 10.732ms
[2025-09-03T08:51:49.782+0000][182][info ][gc,cpu      ] GC(4) User=0.05s Sys=0.00s Real=0.01s
[2025-09-03T08:51:49.782+0000][182][info ][safepoint   ] Safepoint "G1CollectForAllocation", Time since last: 62127208 ns, Reaching safepoint: 2958 ns, Cleanup: 46917 ns, At safepoint: 11006083 ns, Total: 11055958 ns
[2025-09-03T08:51:49.930+0000][182][info ][safepoint   ] Safepoint "ICBufferFull", Time since last: 147176792 ns, Reaching safepoint: 946333 ns, Cleanup: 100084 ns, At safepoint: 8416 ns, Total: 1054833 ns
[2025-09-03T08:51:50.084+0000][182][info ][safepoint   ] Safepoint "ICBufferFull", Time since last: 153027167 ns, Reaching safepoint: 829750 ns, Cleanup: 140708 ns, At safepoint: 19250 ns, Total: 989708 ns
[2025-09-03T08:51:50.419+0000][182][info ][safepoint   ] Safepoint "ICBufferFull", Time since last: 333731001 ns, Reaching safepoint: 1135416 ns, Cleanup: 107334 ns, At safepoint: 17500 ns, Total: 1260250 ns
[2025-09-03T08:51:50.511+0000][182][info ][gc,start    ] GC(5) Pause Young (Mixed) (Metadata GC Threshold)
[2025-09-03T08:51:50.511+0000][182][info ][gc,task     ] GC(5) Using 8 workers of 8 for evacuation
[2025-09-03T08:51:50.511+0000][182][debug][gc,age      ] GC(5) Desired survivor size 41943040 bytes, new threshold 15 (max threshold 15)
[2025-09-03T08:51:50.522+0000][182][info ][gc,phases   ] GC(5)   Pre Evacuate Collection Set: 0.19ms
[2025-09-03T08:51:50.522+0000][182][info ][gc,phases   ] GC(5)   Merge Heap Roots: 0.14ms
[2025-09-03T08:51:50.523+0000][182][info ][gc,phases   ] GC(5)   Evacuate Collection Set: 8.69ms
[2025-09-03T08:51:50.523+0000][182][info ][gc,phases   ] GC(5)   Post Evacuate Collection Set: 2.39ms
[2025-09-03T08:51:50.523+0000][182][info ][gc,phases   ] GC(5)   Other: 0.22ms
[2025-09-03T08:51:50.523+0000][182][trace][gc,age      ] GC(5) Age table with threshold 15 (max threshold 15)
[2025-09-03T08:51:50.523+0000][182][trace][gc,age      ] GC(5) - age   1:    8210976 bytes,    8210976 total
[2025-09-03T08:51:50.523+0000][182][trace][gc,age      ] GC(5) - age   2:    5958776 bytes,   14169752 total
[2025-09-03T08:51:50.523+0000][182][trace][gc,age      ] GC(5) - age   3:     406816 bytes,   14576568 total
[2025-09-03T08:51:50.523+0000][182][trace][gc,age      ] GC(5) - age   4:    4026136 bytes,   18602704 total
[2025-09-03T08:51:50.523+0000][182][trace][gc,age      ] GC(5) - age   5:    4587520 bytes,   23190224 total
[2025-09-03T08:51:50.523+0000][182][info ][gc,heap     ] GC(5) Eden regions: 132->0(146)
[2025-09-03T08:51:50.523+0000][182][info ][gc,heap     ] GC(5) Survivor regions: 5->7(20)
[2025-09-03T08:51:50.523+0000][182][info ][gc,heap     ] GC(5) Old regions: 1->1
[2025-09-03T08:51:50.523+0000][182][info ][gc,heap     ] GC(5) Humongous regions: 0->0
[2025-09-03T08:51:50.523+0000][182][info ][gc,metaspace] GC(5) Metaspace: 35233K(36160K)->35233K(36160K) NonClass: 31169K(31744K)->31169K(31744K) Class: 4063K(4416K)->4063K(4416K)
[2025-09-03T08:51:50.523+0000][182][info ][gc          ] GC(5) Pause Young (Mixed) (Metadata GC Threshold) 543M->25M(1024M) 12.371ms
[2025-09-03T08:51:50.523+0000][182][info ][gc,cpu      ] GC(5) User=0.04s Sys=0.00s Real=0.01s
[2025-09-03T08:51:50.523+0000][182][info ][safepoint   ] Safepoint "CollectForMetadataAllocation", Time since last: 91108958 ns, Reaching safepoint: 2583 ns, Cleanup: 70459 ns, At safepoint: 12520458 ns, Total: 12593500 ns
[2025-09-03T08:51:50.529+0000][182][info ][gc,start    ] GC(6) Pause Young (Concurrent Start) (Metadata GC Threshold)
[2025-09-03T08:51:50.529+0000][182][info ][gc,task     ] GC(6) Using 8 workers of 8 for evacuation
[2025-09-03T08:51:50.529+0000][182][debug][gc,age      ] GC(6) Desired survivor size 41943040 bytes, new threshold 15 (max threshold 15)
[2025-09-03T08:51:50.535+0000][182][info ][gc,phases   ] GC(6)   Pre Evacuate Collection Set: 0.09ms
[2025-09-03T08:51:50.535+0000][182][info ][gc,phases   ] GC(6)   Merge Heap Roots: 0.04ms
[2025-09-03T08:51:50.536+0000][182][info ][gc,phases   ] GC(6)   Evacuate Collection Set: 5.34ms
[2025-09-03T08:51:50.536+0000][182][info ][gc,phases   ] GC(6)   Post Evacuate Collection Set: 0.76ms
[2025-09-03T08:51:50.536+0000][182][info ][gc,phases   ] GC(6)   Other: 0.10ms
[2025-09-03T08:51:50.536+0000][182][trace][gc,age      ] GC(6) Age table with threshold 15 (max threshold 15)
[2025-09-03T08:51:50.536+0000][182][trace][gc,age      ] GC(6) - age   1:      48296 bytes,      48296 total
[2025-09-03T08:51:50.536+0000][182][trace][gc,age      ] GC(6) - age   2:    8160024 bytes,    8208320 total
[2025-09-03T08:51:50.536+0000][182][trace][gc,age      ] GC(6) - age   3:    5958744 bytes,   14167064 total
[2025-09-03T08:51:50.536+0000][182][trace][gc,age      ] GC(6) - age   4:     406816 bytes,   14573880 total
[2025-09-03T08:51:50.536+0000][182][trace][gc,age      ] GC(6) - age   5:    4026136 bytes,   18600016 total
[2025-09-03T08:51:50.536+0000][182][trace][gc,age      ] GC(6) - age   6:    4587520 bytes,   23187536 total
[2025-09-03T08:51:50.536+0000][182][info ][gc,heap     ] GC(6) Eden regions: 1->0(147)
[2025-09-03T08:51:50.536+0000][182][info ][gc,heap     ] GC(6) Survivor regions: 7->6(20)
[2025-09-03T08:51:50.536+0000][182][info ][gc,heap     ] GC(6) Old regions: 1->1
[2025-09-03T08:51:50.536+0000][182][info ][gc,heap     ] GC(6) Humongous regions: 0->0
[2025-09-03T08:51:50.536+0000][182][info ][gc,metaspace] GC(6) Metaspace: 35530K(36480K)->35530K(36480K) NonClass: 31415K(32000K)->31415K(32000K) Class: 4114K(4480K)->4114K(4480K)
[2025-09-03T08:51:50.536+0000][182][info ][gc          ] GC(6) Pause Young (Concurrent Start) (Metadata GC Threshold) 29M->24M(1024M) 6.890ms
[2025-09-03T08:51:50.536+0000][182][info ][gc,cpu      ] GC(6) User=0.04s Sys=0.00s Real=0.00s
[2025-09-03T08:51:50.536+0000][182][info ][gc          ] GC(7) Concurrent Mark Cycle
[2025-09-03T08:51:50.536+0000][182][info ][gc,marking  ] GC(7) Concurrent Scan Root Regions
[2025-09-03T08:51:50.536+0000][182][info ][safepoint   ] Safepoint "CollectForMetadataAllocation", Time since last: 5909708 ns, Reaching safepoint: 2000 ns, Cleanup: 1000 ns, At safepoint: 7056500 ns, Total: 7059500 ns
[2025-09-03T08:51:50.539+0000][182][info ][gc,marking  ] GC(7) Concurrent Scan Root Regions 3.292ms
[2025-09-03T08:51:50.542+0000][182][info ][gc,marking  ] GC(7) Concurrent Mark
[2025-09-03T08:51:50.542+0000][182][info ][gc,marking  ] GC(7) Concurrent Mark From Roots
[2025-09-03T08:51:50.542+0000][182][info ][gc,task     ] GC(7) Using 2 workers of 2 for marking
[2025-09-03T08:51:50.543+0000][182][info ][gc,marking  ] GC(7) Concurrent Mark From Roots 0.849ms
[2025-09-03T08:51:50.543+0000][182][info ][gc,marking  ] GC(7) Concurrent Preclean
[2025-09-03T08:51:50.543+0000][182][info ][gc,marking  ] GC(7) Concurrent Preclean 0.033ms
[2025-09-03T08:51:50.544+0000][182][info ][gc,start    ] GC(7) Pause Remark
[2025-09-03T08:51:50.547+0000][182][info ][gc          ] GC(7) Pause Remark 28M->28M(1024M) 2.502ms
[2025-09-03T08:51:50.547+0000][182][info ][gc,cpu      ] GC(7) User=0.01s Sys=0.00s Real=0.01s
[2025-09-03T08:51:50.547+0000][182][info ][safepoint   ] Safepoint "G1PauseRemark", Time since last: 7092584 ns, Reaching safepoint: 1098500 ns, Cleanup: 9083 ns, At safepoint: 2589333 ns, Total: 3696916 ns
[2025-09-03T08:51:50.548+0000][182][info ][gc,marking  ] GC(7) Concurrent Mark 6.191ms
[2025-09-03T08:51:50.548+0000][182][info ][gc,marking  ] GC(7) Concurrent Rebuild Remembered Sets and Scrub Regions
[2025-09-03T08:51:50.553+0000][182][info ][gc,marking  ] GC(7) Concurrent Rebuild Remembered Sets and Scrub Regions 4.218ms
[2025-09-03T08:51:50.553+0000][182][info ][gc,start    ] GC(7) Pause Cleanup
[2025-09-03T08:51:50.553+0000][182][info ][gc          ] GC(7) Pause Cleanup 28M->28M(1024M) 0.170ms
[2025-09-03T08:51:50.553+0000][182][info ][gc,cpu      ] GC(7) User=0.00s Sys=0.00s Real=0.00s
[2025-09-03T08:51:50.553+0000][182][info ][safepoint   ] Safepoint "G1PauseCleanup", Time since last: 6273459 ns, Reaching safepoint: 2166 ns, Cleanup: 7917 ns, At safepoint: 245542 ns, Total: 255625 ns
[2025-09-03T08:51:50.553+0000][182][info ][gc,marking  ] GC(7) Concurrent Clear Claimed Marks
[2025-09-03T08:51:50.557+0000][182][info ][gc,marking  ] GC(7) Concurrent Clear Claimed Marks 3.707ms
[2025-09-03T08:51:50.557+0000][182][info ][gc,marking  ] GC(7) Concurrent Cleanup for Next Mark
[2025-09-03T08:51:50.558+0000][182][info ][gc,marking  ] GC(7) Concurrent Cleanup for Next Mark 0.355ms
[2025-09-03T08:51:50.558+0000][182][info ][gc          ] GC(7) Concurrent Mark Cycle 21.648ms
[2025-09-03T08:51:51.021+0000][182][info ][safepoint   ] Safepoint "ICBufferFull", Time since last: 467526208 ns, Reaching safepoint: 2125 ns, Cleanup: 141292 ns, At safepoint: 9166 ns, Total: 152583 ns
[2025-09-03T08:51:51.172+0000][182][info ][gc,start    ] GC(8) Pause Young (Normal) (G1 Evacuation Pause)
[2025-09-03T08:51:51.172+0000][182][info ][gc,task     ] GC(8) Using 8 workers of 8 for evacuation
[2025-09-03T08:51:51.172+0000][182][debug][gc,age      ] GC(8) Desired survivor size 41943040 bytes, new threshold 15 (max threshold 15)
[2025-09-03T08:51:51.179+0000][182][info ][gc,phases   ] GC(8)   Pre Evacuate Collection Set: 0.14ms
[2025-09-03T08:51:51.179+0000][182][info ][gc,phases   ] GC(8)   Merge Heap Roots: 0.07ms
[2025-09-03T08:51:51.179+0000][182][info ][gc,phases   ] GC(8)   Evacuate Collection Set: 6.04ms
[2025-09-03T08:51:51.179+0000][182][info ][gc,phases   ] GC(8)   Post Evacuate Collection Set: 0.86ms
[2025-09-03T08:51:51.180+0000][182][info ][gc,phases   ] GC(8)   Other: 0.13ms
[2025-09-03T08:51:51.180+0000][182][trace][gc,age      ] GC(8) Age table with threshold 15 (max threshold 15)
[2025-09-03T08:51:51.180+0000][182][trace][gc,age      ] GC(8) - age   1:   11046624 bytes,   11046624 total
[2025-09-03T08:51:51.180+0000][182][trace][gc,age      ] GC(8) - age   2:      37320 bytes,   11083944 total
[2025-09-03T08:51:51.180+0000][182][trace][gc,age      ] GC(8) - age   3:    8146496 bytes,   19230440 total
[2025-09-03T08:51:51.180+0000][182][trace][gc,age      ] GC(8) - age   4:    5950912 bytes,   25181352 total
[2025-09-03T08:51:51.180+0000][182][trace][gc,age      ] GC(8) - age   5:     386896 bytes,   25568248 total
[2025-09-03T08:51:51.180+0000][182][trace][gc,age      ] GC(8) - age   6:    4018288 bytes,   29586536 total
[2025-09-03T08:51:51.180+0000][182][trace][gc,age      ] GC(8) - age   7:    4580736 bytes,   34167272 total
[2025-09-03T08:51:51.180+0000][182][info ][gc,heap     ] GC(8) Eden regions: 147->0(143)
[2025-09-03T08:51:51.180+0000][182][info ][gc,heap     ] GC(8) Survivor regions: 6->10(20)
[2025-09-03T08:51:51.180+0000][182][info ][gc,heap     ] GC(8) Old regions: 1->1
[2025-09-03T08:51:51.180+0000][182][info ][gc,heap     ] GC(8) Humongous regions: 0->0
[2025-09-03T08:51:51.180+0000][182][info ][gc,metaspace] GC(8) Metaspace: 38280K(39424K)->38280K(39424K) NonClass: 33788K(34496K)->33788K(34496K) Class: 4491K(4928K)->4491K(4928K)
[2025-09-03T08:51:51.180+0000][182][info ][gc          ] GC(8) Pause Young (Normal) (G1 Evacuation Pause) 612M->37M(1024M) 8.072ms
[2025-09-03T08:51:51.180+0000][182][info ][gc,cpu      ] GC(8) User=0.04s Sys=0.00s Real=0.01s
[2025-09-03T08:51:51.180+0000][182][info ][safepoint   ] Safepoint "G1CollectForAllocation", Time since last: 150724876 ns, Reaching safepoint: 2333 ns, Cleanup: 44875 ns, At safepoint: 8169625 ns, Total: 8216833 ns
[2025-09-03T08:51:51.434+0000][182][info ][safepoint   ] Safepoint "ICBufferFull", Time since last: 253062167 ns, Reaching safepoint: 1072500 ns, Cleanup: 82458 ns, At safepoint: 8250 ns, Total: 1163208 ns
[2025-09-03T08:51:51.550+0000][182][info ][safepoint   ] Safepoint "ICBufferFull", Time since last: 116093750 ns, Reaching safepoint: 2125 ns, Cleanup: 60667 ns, At safepoint: 5291 ns, Total: 68083 ns
[2025-09-03T08:51:51.766+0000][182][info ][safepoint   ] Safepoint "ICBufferFull", Time since last: 215847626 ns, Reaching safepoint: 2750 ns, Cleanup: 98000 ns, At safepoint: 8416 ns, Total: 109166 ns
[2025-09-03T08:51:52.213+0000][182][info ][safepoint   ] Safepoint "ICBufferFull", Time since last: 446910667 ns, Reaching safepoint: 7083 ns, Cleanup: 194167 ns, At safepoint: 16042 ns, Total: 217292 ns
[2025-09-03T08:51:52.714+0000][182][info ][safepoint   ] Safepoint "ICBufferFull", Time since last: 500414750 ns, Reaching safepoint: 3000 ns, Cleanup: 73708 ns, At safepoint: 3875 ns, Total: 80583 ns
[2025-09-03T08:51:53.057+0000][182][info ][safepoint   ] Safepoint "ICBufferFull", Time since last: 343082875 ns, Reaching safepoint: 2125 ns, Cleanup: 66459 ns, At safepoint: 4791 ns, Total: 73375 ns
[2025-09-03T08:51:53.279+0000][182][info ][gc,start    ] GC(9) Pause Young (Concurrent Start) (Metadata GC Threshold)
[2025-09-03T08:51:53.279+0000][182][info ][gc,task     ] GC(9) Using 8 workers of 8 for evacuation
[2025-09-03T08:51:53.279+0000][182][debug][gc,age      ] GC(9) Desired survivor size 41943040 bytes, new threshold 15 (max threshold 15)
[2025-09-03T08:51:53.299+0000][182][info ][gc,phases   ] GC(9)   Pre Evacuate Collection Set: 0.15ms
[2025-09-03T08:51:53.299+0000][182][info ][gc,phases   ] GC(9)   Merge Heap Roots: 0.09ms
[2025-09-03T08:51:53.299+0000][182][info ][gc,phases   ] GC(9)   Evacuate Collection Set: 17.58ms
[2025-09-03T08:51:53.299+0000][182][info ][gc,phases   ] GC(9)   Post Evacuate Collection Set: 2.30ms
[2025-09-03T08:51:53.299+0000][182][info ][gc,phases   ] GC(9)   Other: 0.23ms
[2025-09-03T08:51:53.299+0000][182][trace][gc,age      ] GC(9) Age table with threshold 15 (max threshold 15)
[2025-09-03T08:51:53.299+0000][182][trace][gc,age      ] GC(9) - age   1:   10279680 bytes,   10279680 total
[2025-09-03T08:51:53.299+0000][182][trace][gc,age      ] GC(9) - age   2:    8879656 bytes,   19159336 total
[2025-09-03T08:51:53.299+0000][182][trace][gc,age      ] GC(9) - age   3:      37096 bytes,   19196432 total
[2025-09-03T08:51:53.299+0000][182][trace][gc,age      ] GC(9) - age   4:    8105920 bytes,   27302352 total
[2025-09-03T08:51:53.300+0000][182][trace][gc,age      ] GC(9) - age   5:    5765552 bytes,   33067904 total
[2025-09-03T08:51:53.300+0000][182][trace][gc,age      ] GC(9) - age   6:     383368 bytes,   33451272 total
[2025-09-03T08:51:53.300+0000][182][trace][gc,age      ] GC(9) - age   7:    3980696 bytes,   37431968 total
[2025-09-03T08:51:53.300+0000][182][trace][gc,age      ] GC(9) - age   8:    4571648 bytes,   42003616 total
[2025-09-03T08:51:53.300+0000][182][info ][gc,heap     ] GC(9) Eden regions: 135->0(142)
[2025-09-03T08:51:53.300+0000][182][info ][gc,heap     ] GC(9) Survivor regions: 10->11(20)
[2025-09-03T08:51:53.300+0000][182][info ][gc,heap     ] GC(9) Old regions: 1->1
[2025-09-03T08:51:53.300+0000][182][info ][gc,heap     ] GC(9) Humongous regions: 0->0
[2025-09-03T08:51:53.300+0000][182][info ][gc,metaspace] GC(9) Metaspace: 59633K(61120K)->59633K(61120K) NonClass: 52110K(53056K)->52110K(53056K) Class: 7523K(8064K)->7523K(8064K)
[2025-09-03T08:51:53.300+0000][182][info ][gc          ] GC(9) Pause Young (Concurrent Start) (Metadata GC Threshold) 575M->44M(1024M) 21.924ms
[2025-09-03T08:51:53.301+0000][182][info ][gc,cpu      ] GC(9) User=0.11s Sys=0.01s Real=0.02s
[2025-09-03T08:51:53.301+0000][182][info ][gc          ] GC(10) Concurrent Mark Cycle
[2025-09-03T08:51:53.301+0000][182][info ][gc,marking  ] GC(10) Concurrent Scan Root Regions
[2025-09-03T08:51:53.301+0000][182][info ][safepoint   ] Safepoint "CollectForMetadataAllocation", Time since last: 221302626 ns, Reaching safepoint: 2750 ns, Cleanup: 44541 ns, At safepoint: 22285667 ns, Total: 22332958 ns
[2025-09-03T08:51:53.307+0000][182][info ][gc,marking  ] GC(10) Concurrent Scan Root Regions 5.908ms
[2025-09-03T08:51:53.310+0000][182][info ][gc,marking  ] GC(10) Concurrent Mark
[2025-09-03T08:51:53.310+0000][182][info ][gc,marking  ] GC(10) Concurrent Mark From Roots
[2025-09-03T08:51:53.311+0000][182][info ][gc,task     ] GC(10) Using 2 workers of 2 for marking
[2025-09-03T08:51:53.313+0000][182][info ][safepoint   ] Safepoint "CollectForMetadataAllocation", Time since last: 12138125 ns, Reaching safepoint: 37542 ns, Cleanup: 8250 ns, At safepoint: 119333 ns, Total: 165125 ns
[2025-09-03T08:51:53.313+0000][182][info ][gc,marking  ] GC(10) Concurrent Mark From Roots 2.862ms
[2025-09-03T08:51:53.313+0000][182][info ][gc,marking  ] GC(10) Concurrent Preclean
[2025-09-03T08:51:53.313+0000][182][info ][gc,marking  ] GC(10) Concurrent Preclean 0.044ms
[2025-09-03T08:51:53.314+0000][182][info ][gc,start    ] GC(10) Pause Remark
[2025-09-03T08:51:53.317+0000][182][info ][gc          ] GC(10) Pause Remark 50M->50M(1024M) 3.168ms
[2025-09-03T08:51:53.317+0000][182][info ][gc,cpu      ] GC(10) User=0.01s Sys=0.00s Real=0.01s
[2025-09-03T08:51:53.318+0000][182][info ][safepoint   ] Safepoint "G1PauseRemark", Time since last: 271833 ns, Reaching safepoint: 871209 ns, Cleanup: 2083 ns, At safepoint: 3287333 ns, Total: 4160625 ns
[2025-09-03T08:51:53.318+0000][182][info ][gc,marking  ] GC(10) Concurrent Mark 7.448ms
[2025-09-03T08:51:53.318+0000][182][info ][gc,marking  ] GC(10) Concurrent Rebuild Remembered Sets and Scrub Regions
[2025-09-03T08:51:53.318+0000][182][info ][gc,marking  ] GC(10) Concurrent Rebuild Remembered Sets and Scrub Regions 0.550ms
[2025-09-03T08:51:53.318+0000][182][info ][gc,start    ] GC(10) Pause Cleanup
[2025-09-03T08:51:53.318+0000][182][info ][gc          ] GC(10) Pause Cleanup 50M->50M(1024M) 0.073ms
[2025-09-03T08:51:53.318+0000][182][info ][gc,cpu      ] GC(10) User=0.00s Sys=0.00s Real=0.00s
[2025-09-03T08:51:53.318+0000][182][info ][safepoint   ] Safepoint "G1PauseCleanup", Time since last: 763459 ns, Reaching safepoint: 1583 ns, Cleanup: 9458 ns, At safepoint: 200042 ns, Total: 211083 ns
[2025-09-03T08:51:53.319+0000][182][info ][gc,marking  ] GC(10) Concurrent Clear Claimed Marks
[2025-09-03T08:51:53.319+0000][182][info ][gc,marking  ] GC(10) Concurrent Clear Claimed Marks 0.147ms
[2025-09-03T08:51:53.319+0000][182][info ][gc,marking  ] GC(10) Concurrent Cleanup for Next Mark
[2025-09-03T08:51:53.319+0000][182][info ][gc,marking  ] GC(10) Concurrent Cleanup for Next Mark 0.553ms
[2025-09-03T08:51:53.319+0000][182][info ][gc          ] GC(10) Concurrent Mark Cycle 18.899ms
[2025-09-03T08:51:53.786+0000][182][info ][safepoint   ] Safepoint "ICBufferFull", Time since last: 466868167 ns, Reaching safepoint: 875666 ns, Cleanup: 116125 ns, At safepoint: 19917 ns, Total: 1011708 ns
[2025-09-03T08:51:53.910+0000][182][info ][safepoint   ] Safepoint "ICBufferFull", Time since last: 123277292 ns, Reaching safepoint: 2708 ns, Cleanup: 89209 ns, At safepoint: 5791 ns, Total: 97708 ns
[2025-09-03T08:51:54.709+0000][182][info ][safepoint   ] Safepoint "ICBufferFull", Time since last: 799019376 ns, Reaching safepoint: 2541 ns, Cleanup: 107750 ns, At safepoint: 6584 ns, Total: 116875 ns
[2025-09-03T08:51:54.881+0000][182][info ][safepoint   ] Safepoint "ICBufferFull", Time since last: 172215041 ns, Reaching safepoint: 5042 ns, Cleanup: 87500 ns, At safepoint: 13792 ns, Total: 106334 ns
[2025-09-03T08:51:55.270+0000][182][info ][gc,start    ] GC(11) Pause Young (Normal) (G1 Evacuation Pause)
[2025-09-03T08:51:55.270+0000][182][info ][gc,task     ] GC(11) Using 8 workers of 8 for evacuation
[2025-09-03T08:51:55.271+0000][182][debug][gc,age      ] GC(11) Desired survivor size 41943040 bytes, new threshold 8 (max threshold 15)
[2025-09-03T08:51:55.306+0000][182][info ][gc,phases   ] GC(11)   Pre Evacuate Collection Set: 0.27ms
[2025-09-03T08:51:55.306+0000][182][info ][gc,phases   ] GC(11)   Merge Heap Roots: 0.34ms
[2025-09-03T08:51:55.306+0000][182][info ][gc,phases   ] GC(11)   Evacuate Collection Set: 32.54ms
[2025-09-03T08:51:55.306+0000][182][info ][gc,phases   ] GC(11)   Post Evacuate Collection Set: 2.29ms
[2025-09-03T08:51:55.306+0000][182][info ][gc,phases   ] GC(11)   Other: 0.27ms
[2025-09-03T08:51:55.306+0000][182][trace][gc,age      ] GC(11) Age table with threshold 8 (max threshold 15)
[2025-09-03T08:51:55.306+0000][182][trace][gc,age      ] GC(11) - age   1:   10856560 bytes,   10856560 total
[2025-09-03T08:51:55.306+0000][182][trace][gc,age      ] GC(11) - age   2:    9830848 bytes,   20687408 total
[2025-09-03T08:51:55.307+0000][182][trace][gc,age      ] GC(11) - age   3:    8830552 bytes,   29517960 total
[2025-09-03T08:51:55.307+0000][182][trace][gc,age      ] GC(11) - age   4:      37032 bytes,   29554992 total
[2025-09-03T08:51:55.307+0000][182][trace][gc,age      ] GC(11) - age   5:    8094632 bytes,   37649624 total
[2025-09-03T08:51:55.307+0000][182][trace][gc,age      ] GC(11) - age   6:    5741328 bytes,   43390952 total
[2025-09-03T08:51:55.307+0000][182][trace][gc,age      ] GC(11) - age   7:     381000 bytes,   43771952 total
[2025-09-03T08:51:55.307+0000][182][trace][gc,age      ] GC(11) - age   8:    3973304 bytes,   47745256 total
[2025-09-03T08:51:55.307+0000][182][info ][gc,heap     ] GC(11) Eden regions: 142->0(139)
[2025-09-03T08:51:55.307+0000][182][info ][gc,heap     ] GC(11) Survivor regions: 11->14(20)
[2025-09-03T08:51:55.307+0000][182][info ][gc,heap     ] GC(11) Old regions: 1->2
[2025-09-03T08:51:55.307+0000][182][info ][gc,heap     ] GC(11) Humongous regions: 0->0
[2025-09-03T08:51:55.307+0000][182][info ][gc,metaspace] GC(11) Metaspace: 75248K(77120K)->75248K(77120K) NonClass: 65159K(66304K)->65159K(66304K) Class: 10088K(10816K)->10088K(10816K)
[2025-09-03T08:51:55.307+0000][182][info ][gc          ] GC(11) Pause Young (Normal) (G1 Evacuation Pause) 612M->58M(1024M) 36.867ms
[2025-09-03T08:51:55.307+0000][182][info ][gc,cpu      ] GC(11) User=0.18s Sys=0.01s Real=0.04s
[2025-09-03T08:51:55.307+0000][182][info ][safepoint   ] Safepoint "G1CollectForAllocation", Time since last: 388863958 ns, Reaching safepoint: 4292 ns, Cleanup: 132667 ns, At safepoint: 36988958 ns, Total: 37125917 ns
[2025-09-03T08:51:55.717+0000][182][info ][safepoint   ] Safepoint "ICBufferFull", Time since last: 409428583 ns, Reaching safepoint: 7292 ns, Cleanup: 171958 ns, At safepoint: 15292 ns, Total: 194542 ns
[2025-09-03T08:51:55.925+0000][182][info ][safepoint   ] Safepoint "ICBufferFull", Time since last: 208098042 ns, Reaching safepoint: 155541 ns, Cleanup: 108584 ns, At safepoint: 9875 ns, Total: 274000 ns
[2025-09-03T08:51:56.328+0000][182][info ][safepoint   ] Safepoint "ICBufferFull", Time since last: 402681792 ns, Reaching safepoint: 3375 ns, Cleanup: 94041 ns, At safepoint: 6167 ns, Total: 103583 ns
[2025-09-03T08:51:56.666+0000][182][info ][safepoint   ] Safepoint "ICBufferFull", Time since last: 337179625 ns, Reaching safepoint: 930667 ns, Cleanup: 102500 ns, At safepoint: 18042 ns, Total: 1051209 ns
[2025-09-03T08:51:56.955+0000][182][info ][gc,start    ] GC(12) Pause Young (Concurrent Start) (Metadata GC Threshold)
[2025-09-03T08:51:56.956+0000][182][info ][gc,task     ] GC(12) Using 8 workers of 8 for evacuation
[2025-09-03T08:51:56.956+0000][182][debug][gc,age      ] GC(12) Desired survivor size 41943040 bytes, new threshold 6 (max threshold 15)
[2025-09-03T08:51:56.983+0000][182][info ][gc,phases   ] GC(12)   Pre Evacuate Collection Set: 0.19ms
[2025-09-03T08:51:56.983+0000][182][info ][gc,phases   ] GC(12)   Merge Heap Roots: 0.11ms
[2025-09-03T08:51:56.983+0000][182][info ][gc,phases   ] GC(12)   Evacuate Collection Set: 25.11ms
[2025-09-03T08:51:56.983+0000][182][info ][gc,phases   ] GC(12)   Post Evacuate Collection Set: 2.00ms
[2025-09-03T08:51:56.983+0000][182][info ][gc,phases   ] GC(12)   Other: 0.24ms
[2025-09-03T08:51:56.983+0000][182][trace][gc,age      ] GC(12) Age table with threshold 6 (max threshold 15)
[2025-09-03T08:51:56.983+0000][182][trace][gc,age      ] GC(12) - age   1:    9775704 bytes,    9775704 total
[2025-09-03T08:51:56.983+0000][182][trace][gc,age      ] GC(12) - age   2:   10500888 bytes,   20276592 total
[2025-09-03T08:51:56.983+0000][182][trace][gc,age      ] GC(12) - age   3:    9665816 bytes,   29942408 total
[2025-09-03T08:51:56.983+0000][182][trace][gc,age      ] GC(12) - age   4:    8814176 bytes,   38756584 total
[2025-09-03T08:51:56.983+0000][182][trace][gc,age      ] GC(12) - age   5:      36776 bytes,   38793360 total
[2025-09-03T08:51:56.983+0000][182][trace][gc,age      ] GC(12) - age   6:    8069496 bytes,   46862856 total
[2025-09-03T08:51:56.984+0000][182][info ][gc,heap     ] GC(12) Eden regions: 84->0(140)
[2025-09-03T08:51:56.984+0000][182][info ][gc,heap     ] GC(12) Survivor regions: 14->13(20)
[2025-09-03T08:51:56.984+0000][182][info ][gc,heap     ] GC(12) Old regions: 2->4
[2025-09-03T08:51:56.984+0000][182][info ][gc,heap     ] GC(12) Humongous regions: 0->0
[2025-09-03T08:51:56.984+0000][182][info ][gc,metaspace] GC(12) Metaspace: 100463K(102528K)->100463K(102528K) NonClass: 86902K(88128K)->86902K(88128K) Class: 13560K(14400K)->13560K(14400K)
[2025-09-03T08:51:56.984+0000][182][info ][gc          ] GC(12) Pause Young (Concurrent Start) (Metadata GC Threshold) 394M->65M(1024M) 28.205ms
[2025-09-03T08:51:56.984+0000][182][info ][gc,cpu      ] GC(12) User=0.13s Sys=0.00s Real=0.03s
[2025-09-03T08:51:56.984+0000][182][info ][safepoint   ] Safepoint "CollectForMetadataAllocation", Time since last: 289155541 ns, Reaching safepoint: 3917 ns, Cleanup: 46708 ns, At safepoint: 28674000 ns, Total: 28724625 ns
[2025-09-03T08:51:56.984+0000][182][info ][gc          ] GC(13) Concurrent Mark Cycle
[2025-09-03T08:51:56.984+0000][182][info ][gc,marking  ] GC(13) Concurrent Scan Root Regions
[2025-09-03T08:51:56.997+0000][182][info ][gc,marking  ] GC(13) Concurrent Scan Root Regions 12.702ms
[2025-09-03T08:51:56.997+0000][182][info ][gc,marking  ] GC(13) Concurrent Mark
[2025-09-03T08:51:56.997+0000][182][info ][gc,marking  ] GC(13) Concurrent Mark From Roots
[2025-09-03T08:51:56.997+0000][182][info ][gc,task     ] GC(13) Using 2 workers of 2 for marking
[2025-09-03T08:51:56.999+0000][182][info ][gc,marking  ] GC(13) Concurrent Mark From Roots 2.309ms
[2025-09-03T08:51:56.999+0000][182][info ][gc,marking  ] GC(13) Concurrent Preclean
[2025-09-03T08:51:57.000+0000][182][info ][gc,marking  ] GC(13) Concurrent Preclean 0.065ms
[2025-09-03T08:51:57.000+0000][182][info ][gc,start    ] GC(13) Pause Remark
[2025-09-03T08:51:57.005+0000][182][info ][gc          ] GC(13) Pause Remark 70M->70M(1024M) 4.740ms
[2025-09-03T08:51:57.005+0000][182][info ][gc,cpu      ] GC(13) User=0.03s Sys=0.00s Real=0.00s
[2025-09-03T08:51:57.005+0000][182][info ][safepoint   ] Safepoint "G1PauseRemark", Time since last: 15517292 ns, Reaching safepoint: 477375 ns, Cleanup: 7125 ns, At safepoint: 4890708 ns, Total: 5375208 ns
[2025-09-03T08:51:57.005+0000][182][info ][gc,marking  ] GC(13) Concurrent Mark 7.972ms
[2025-09-03T08:51:57.005+0000][182][info ][gc,marking  ] GC(13) Concurrent Rebuild Remembered Sets and Scrub Regions
[2025-09-03T08:51:57.007+0000][182][info ][gc,marking  ] GC(13) Concurrent Rebuild Remembered Sets and Scrub Regions 2.264ms
[2025-09-03T08:51:57.008+0000][182][info ][gc,start    ] GC(13) Pause Cleanup
[2025-09-03T08:51:57.008+0000][182][info ][gc          ] GC(13) Pause Cleanup 70M->70M(1024M) 0.038ms
[2025-09-03T08:51:57.008+0000][182][info ][gc,cpu      ] GC(13) User=0.00s Sys=0.00s Real=0.00s
[2025-09-03T08:51:57.008+0000][182][info ][safepoint   ] Safepoint "G1PauseCleanup", Time since last: 2412334 ns, Reaching safepoint: 688708 ns, Cleanup: 9833 ns, At safepoint: 94375 ns, Total: 792916 ns
[2025-09-03T08:51:57.008+0000][182][info ][gc,marking  ] GC(13) Concurrent Clear Claimed Marks
[2025-09-03T08:51:57.008+0000][182][info ][gc,marking  ] GC(13) Concurrent Clear Claimed Marks 0.090ms
[2025-09-03T08:51:57.008+0000][182][info ][gc,marking  ] GC(13) Concurrent Cleanup for Next Mark
[2025-09-03T08:51:57.010+0000][182][info ][gc,marking  ] GC(13) Concurrent Cleanup for Next Mark 1.661ms
[2025-09-03T08:51:57.010+0000][182][info ][gc          ] GC(13) Concurrent Mark Cycle 26.399ms
[2025-09-03T08:51:57.325+0000][182][info ][safepoint   ] Safepoint "ICBufferFull", Time since last: 317052750 ns, Reaching safepoint: 3500 ns, Cleanup: 79792 ns, At safepoint: 8667 ns, Total: 91959 ns
[2025-09-03T08:51:57.755+0000][182][info ][safepoint   ] Safepoint "ICBufferFull", Time since last: 429923375 ns, Reaching safepoint: 18375 ns, Cleanup: 121667 ns, At safepoint: 8041 ns, Total: 148083 ns
[2025-09-03T08:51:58.265+0000][182][info ][safepoint   ] Safepoint "ICBufferFull", Time since last: 509434751 ns, Reaching safepoint: 3291 ns, Cleanup: 335834 ns, At safepoint: 12500 ns, Total: 351625 ns
[2025-09-03T08:51:58.564+0000][182][info ][safepoint   ] Safepoint "ICBufferFull", Time since last: 299088333 ns, Reaching safepoint: 2583 ns, Cleanup: 73459 ns, At safepoint: 9541 ns, Total: 85583 ns
[2025-09-03T08:51:58.664+0000][182][info ][safepoint   ] Safepoint "ICBufferFull", Time since last: 99982459 ns, Reaching safepoint: 2541 ns, Cleanup: 94125 ns, At safepoint: 5084 ns, Total: 101750 ns
[2025-09-03T08:51:58.693+0000][182][info ][safepoint   ] Safepoint "ICBufferFull", Time since last: 28783916 ns, Reaching safepoint: 2709 ns, Cleanup: 69083 ns, At safepoint: 4375 ns, Total: 76167 ns
[2025-09-03T08:51:58.740+0000][182][info ][safepoint   ] Safepoint "ICBufferFull", Time since last: 46531625 ns, Reaching safepoint: 275875 ns, Cleanup: 121917 ns, At safepoint: 21125 ns, Total: 418917 ns
[2025-09-03T08:51:58.830+0000][182][info ][safepoint   ] Safepoint "ICBufferFull", Time since last: 89422542 ns, Reaching safepoint: 3458 ns, Cleanup: 90125 ns, At safepoint: 5917 ns, Total: 99500 ns
[2025-09-03T08:51:58.899+0000][182][info ][safepoint   ] Safepoint "ICBufferFull", Time since last: 67584750 ns, Reaching safepoint: 864416 ns, Cleanup: 341042 ns, At safepoint: 20000 ns, Total: 1225458 ns
[2025-09-03T08:51:59.012+0000][182][info ][safepoint   ] Safepoint "ICBufferFull", Time since last: 113364833 ns, Reaching safepoint: 4000 ns, Cleanup: 78834 ns, At safepoint: 16541 ns, Total: 99375 ns
[2025-09-03T08:51:59.085+0000][182][info ][safepoint   ] Safepoint "ICBufferFull", Time since last: 72303125 ns, Reaching safepoint: 9250 ns, Cleanup: 450667 ns, At safepoint: 34375 ns, Total: 494292 ns
[2025-09-03T08:51:59.152+0000][182][info ][safepoint   ] Safepoint "ICBufferFull", Time since last: 66802417 ns, Reaching safepoint: 3083 ns, Cleanup: 258167 ns, At safepoint: 5291 ns, Total: 266541 ns
[2025-09-03T08:51:59.295+0000][182][info ][safepoint   ] Safepoint "ICBufferFull", Time since last: 143294875 ns, Reaching safepoint: 4125 ns, Cleanup: 94250 ns, At safepoint: 5542 ns, Total: 103917 ns
[2025-09-03T08:51:59.488+0000][182][info ][safepoint   ] Safepoint "ICBufferFull", Time since last: 191845875 ns, Reaching safepoint: 919042 ns, Cleanup: 180083 ns, At safepoint: 42584 ns, Total: 1141709 ns
[2025-09-03T08:51:59.719+0000][182][info ][safepoint   ] Safepoint "ICBufferFull", Time since last: 230792875 ns, Reaching safepoint: 21083 ns, Cleanup: 108167 ns, At safepoint: 11541 ns, Total: 140791 ns
[2025-09-03T08:51:59.753+0000][182][info ][safepoint   ] Safepoint "ICBufferFull", Time since last: 33831959 ns, Reaching safepoint: 5791 ns, Cleanup: 78500 ns, At safepoint: 9542 ns, Total: 93833 ns
[2025-09-03T08:51:59.940+0000][182][info ][safepoint   ] Safepoint "ICBufferFull", Time since last: 185895917 ns, Reaching safepoint: 990541 ns, Cleanup: 89459 ns, At safepoint: 12166 ns, Total: 1092166 ns
[2025-09-03T08:52:00.037+0000][182][info ][safepoint   ] Safepoint "ICBufferFull", Time since last: 96444292 ns, Reaching safepoint: 4750 ns, Cleanup: 95542 ns, At safepoint: 13541 ns, Total: 113833 ns
[2025-09-03T08:52:00.164+0000][182][info ][safepoint   ] Safepoint "ICBufferFull", Time since last: 126214667 ns, Reaching safepoint: 1279584 ns, Cleanup: 100916 ns, At safepoint: 128584 ns, Total: 1509084 ns
[2025-09-03T08:52:00.168+0000][182][info ][safepoint   ] Safepoint "ICBufferFull", Time since last: 2202083 ns, Reaching safepoint: 433417 ns, Cleanup: 2250 ns, At safepoint: 1061125 ns, Total: 1496792 ns
[2025-09-03T08:52:00.293+0000][182][info ][safepoint   ] Safepoint "ICBufferFull", Time since last: 124336500 ns, Reaching safepoint: 5625 ns, Cleanup: 83750 ns, At safepoint: 5333 ns, Total: 94708 ns
[2025-09-03T08:52:00.531+0000][182][info ][gc,start    ] GC(14) Pause Young (Normal) (G1 Evacuation Pause)
[2025-09-03T08:52:00.531+0000][182][info ][gc,task     ] GC(14) Using 8 workers of 8 for evacuation
[2025-09-03T08:52:00.531+0000][182][debug][gc,age      ] GC(14) Desired survivor size 41943040 bytes, new threshold 6 (max threshold 15)
[2025-09-03T08:52:00.578+0000][182][info ][gc,phases   ] GC(14)   Pre Evacuate Collection Set: 0.19ms
[2025-09-03T08:52:00.578+0000][182][info ][gc,phases   ] GC(14)   Merge Heap Roots: 0.43ms
[2025-09-03T08:52:00.578+0000][182][info ][gc,phases   ] GC(14)   Evacuate Collection Set: 43.37ms
[2025-09-03T08:52:00.578+0000][182][info ][gc,phases   ] GC(14)   Post Evacuate Collection Set: 2.54ms
[2025-09-03T08:52:00.578+0000][182][info ][gc,phases   ] GC(14)   Other: 0.21ms
[2025-09-03T08:52:00.578+0000][182][trace][gc,age      ] GC(14) Age table with threshold 6 (max threshold 15)
[2025-09-03T08:52:00.578+0000][182][trace][gc,age      ] GC(14) - age   1:   43420872 bytes,   43420872 total
[2025-09-03T08:52:00.578+0000][182][trace][gc,age      ] GC(14) - age   2:    9350312 bytes,   52771184 total
[2025-09-03T08:52:00.578+0000][182][trace][gc,age      ] GC(14) - age   3:   10426424 bytes,   63197608 total
[2025-09-03T08:52:00.578+0000][182][trace][gc,age      ] GC(14) - age   4:    9558632 bytes,   72756240 total
[2025-09-03T08:52:00.578+0000][182][trace][gc,age      ] GC(14) - age   5:    8807472 bytes,   81563712 total
[2025-09-03T08:52:00.578+0000][182][trace][gc,age      ] GC(14) - age   6:      36712 bytes,   81600424 total
[2025-09-03T08:52:00.578+0000][182][info ][gc,heap     ] GC(14) Eden regions: 140->0(133)
[2025-09-03T08:52:00.578+0000][182][info ][gc,heap     ] GC(14) Survivor regions: 13->20(20)
[2025-09-03T08:52:00.578+0000][182][info ][gc,heap     ] GC(14) Old regions: 4->8
[2025-09-03T08:52:00.578+0000][182][info ][gc,heap     ] GC(14) Humongous regions: 0->0
[2025-09-03T08:52:00.578+0000][182][info ][gc,metaspace] GC(14) Metaspace: 137708K(141760K)->137708K(141760K) NonClass: 118184K(120384K)->118184K(120384K) Class: 19523K(21376K)->19523K(21376K)
[2025-09-03T08:52:00.578+0000][182][info ][gc          ] GC(14) Pause Young (Normal) (G1 Evacuation Pause) 625M->109M(1024M) 47.805ms
[2025-09-03T08:52:00.579+0000][182][info ][gc,cpu      ] GC(14) User=0.29s Sys=0.01s Real=0.05s
[2025-09-03T08:52:00.579+0000][182][info ][safepoint   ] Safepoint "G1CollectForAllocation", Time since last: 238009625 ns, Reaching safepoint: 10958 ns, Cleanup: 73209 ns, At safepoint: 47962750 ns, Total: 48046917 ns
[2025-09-03T08:52:00.601+0000][182][info ][gc,start    ] GC(15) Pause Young (Normal) (G1 Evacuation Pause)
[2025-09-03T08:52:00.601+0000][182][info ][gc,task     ] GC(15) Using 8 workers of 8 for evacuation
[2025-09-03T08:52:00.601+0000][182][debug][gc,age      ] GC(15) Desired survivor size 6291456 bytes, new threshold 1 (max threshold 15)
[2025-09-03T08:52:00.656+0000][182][info ][gc,phases   ] GC(15)   Pre Evacuate Collection Set: 0.18ms
[2025-09-03T08:52:00.656+0000][182][info ][gc,phases   ] GC(15)   Merge Heap Roots: 0.26ms
[2025-09-03T08:52:00.656+0000][182][info ][gc,phases   ] GC(15)   Evacuate Collection Set: 52.49ms
[2025-09-03T08:52:00.656+0000][182][info ][gc,phases   ] GC(15)   Post Evacuate Collection Set: 1.54ms
[2025-09-03T08:52:00.656+0000][182][info ][gc,phases   ] GC(15)   Other: 0.16ms
[2025-09-03T08:52:00.656+0000][182][trace][gc,age      ] GC(15) Age table with threshold 1 (max threshold 15)
[2025-09-03T08:52:00.656+0000][182][trace][gc,age      ] GC(15) - age   1:     868552 bytes,     868552 total
[2025-09-03T08:52:00.656+0000][182][info ][gc,heap     ] GC(15) Eden regions: 1->0(150)
[2025-09-03T08:52:00.656+0000][182][info ][gc,heap     ] GC(15) Survivor regions: 20->3(3)
[2025-09-03T08:52:00.656+0000][182][info ][gc,heap     ] GC(15) Old regions: 8->28
[2025-09-03T08:52:00.656+0000][182][info ][gc,heap     ] GC(15) Humongous regions: 0->0
[2025-09-03T08:52:00.656+0000][182][info ][gc,metaspace] GC(15) Metaspace: 137811K(141824K)->137811K(141824K) NonClass: 118274K(120448K)->118274K(120448K) Class: 19537K(21376K)->19537K(21376K)
[2025-09-03T08:52:00.657+0000][182][info ][gc          ] GC(15) Pause Young (Normal) (G1 Evacuation Pause) 113M->123M(1024M) 55.432ms
[2025-09-03T08:52:00.657+0000][182][info ][gc,cpu      ] GC(15) User=0.36s Sys=0.00s Real=0.06s
[2025-09-03T08:52:00.657+0000][182][info ][safepoint   ] Safepoint "G1CollectForAllocation", Time since last: 22337208 ns, Reaching safepoint: 117958 ns, Cleanup: 9709 ns, At safepoint: 55597375 ns, Total: 55725042 ns
[2025-09-03T08:52:00.777+0000][182][info ][safepoint   ] Safepoint "ICBufferFull", Time since last: 120035916 ns, Reaching safepoint: 14792 ns, Cleanup: 137708 ns, At safepoint: 16375 ns, Total: 168875 ns
[2025-09-03T08:52:01.005+0000][182][info ][safepoint   ] Safepoint "ICBufferFull", Time since last: 225445916 ns, Reaching safepoint: 39834 ns, Cleanup: 634250 ns, At safepoint: 19666 ns, Total: 693750 ns
[2025-09-03T08:52:01.125+0000][182][info ][safepoint   ] Safepoint "ICBufferFull", Time since last: 119734459 ns, Reaching safepoint: 31166 ns, Cleanup: 449000 ns, At safepoint: 18584 ns, Total: 498750 ns
[2025-09-03T08:52:01.315+0000][182][info ][safepoint   ] Safepoint "ICBufferFull", Time since last: 189636916 ns, Reaching safepoint: 18459 ns, Cleanup: 151125 ns, At safepoint: 11333 ns, Total: 180917 ns
[2025-09-03T08:52:01.439+0000][182][info ][safepoint   ] Safepoint "ICBufferFull", Time since last: 123271333 ns, Reaching safepoint: 745459 ns, Cleanup: 110166 ns, At safepoint: 14167 ns, Total: 869792 ns
[2025-09-03T08:52:01.620+0000][182][info ][safepoint   ] Safepoint "ICBufferFull", Time since last: 180288792 ns, Reaching safepoint: 674792 ns, Cleanup: 140000 ns, At safepoint: 38916 ns, Total: 853708 ns
[2025-09-03T08:52:01.793+0000][182][info ][safepoint   ] Safepoint "ICBufferFull", Time since last: 172389250 ns, Reaching safepoint: 8125 ns, Cleanup: 183459 ns, At safepoint: 12250 ns, Total: 203834 ns
[2025-09-03T08:52:01.904+0000][182][info ][safepoint   ] Safepoint "ICBufferFull", Time since last: 111201833 ns, Reaching safepoint: 38583 ns, Cleanup: 153375 ns, At safepoint: 44209 ns, Total: 236167 ns
[2025-09-03T08:52:02.066+0000][182][info ][safepoint   ] Safepoint "ICBufferFull", Time since last: 161102708 ns, Reaching safepoint: 592458 ns, Cleanup: 124584 ns, At safepoint: 18916 ns, Total: 735958 ns
[2025-09-03T08:52:02.270+0000][182][info ][safepoint   ] Safepoint "ICBufferFull", Time since last: 203204459 ns, Reaching safepoint: 625125 ns, Cleanup: 233167 ns, At safepoint: 75791 ns, Total: 934083 ns
[2025-09-03T08:52:02.540+0000][182][info ][safepoint   ] Safepoint "ICBufferFull", Time since last: 268996209 ns, Reaching safepoint: 888458 ns, Cleanup: 119583 ns, At safepoint: 19834 ns, Total: 1027875 ns
[2025-09-03T08:52:02.653+0000][182][info ][safepoint   ] Safepoint "ICBufferFull", Time since last: 112169791 ns, Reaching safepoint: 8250 ns, Cleanup: 79959 ns, At safepoint: 13375 ns, Total: 101584 ns
[2025-09-03T08:52:02.743+0000][182][info ][safepoint   ] Safepoint "ICBufferFull", Time since last: 89802750 ns, Reaching safepoint: 6500 ns, Cleanup: 109375 ns, At safepoint: 9666 ns, Total: 125541 ns
[2025-09-03T08:52:02.887+0000][182][info ][safepoint   ] Safepoint "ICBufferFull", Time since last: 144074084 ns, Reaching safepoint: 476792 ns, Cleanup: 101208 ns, At safepoint: 10375 ns, Total: 588375 ns
[2025-09-03T08:52:03.024+0000][182][info ][safepoint   ] Safepoint "ICBufferFull", Time since last: 136336250 ns, Reaching safepoint: 8292 ns, Cleanup: 113666 ns, At safepoint: 9375 ns, Total: 131333 ns
[2025-09-03T08:52:03.210+0000][182][info ][safepoint   ] Safepoint "ICBufferFull", Time since last: 186115500 ns, Reaching safepoint: 10875 ns, Cleanup: 111542 ns, At safepoint: 11000 ns, Total: 133417 ns
[2025-09-03T08:52:03.465+0000][182][info ][safepoint   ] Safepoint "ICBufferFull", Time since last: 254742292 ns, Reaching safepoint: 394166 ns, Cleanup: 93250 ns, At safepoint: 11959 ns, Total: 499375 ns
[2025-09-03T08:52:03.714+0000][182][info ][gc,start    ] GC(16) Pause Young (Normal) (G1 Evacuation Pause)
[2025-09-03T08:52:03.714+0000][182][info ][gc,task     ] GC(16) Using 8 workers of 8 for evacuation
[2025-09-03T08:52:03.714+0000][182][debug][gc,age      ] GC(16) Desired survivor size 41943040 bytes, new threshold 15 (max threshold 15)
[2025-09-03T08:52:03.735+0000][182][info ][gc,phases   ] GC(16)   Pre Evacuate Collection Set: 0.20ms
[2025-09-03T08:52:03.735+0000][182][info ][gc,phases   ] GC(16)   Merge Heap Roots: 0.10ms
[2025-09-03T08:52:03.735+0000][182][info ][gc,phases   ] GC(16)   Evacuate Collection Set: 18.70ms
[2025-09-03T08:52:03.735+0000][182][info ][gc,phases   ] GC(16)   Post Evacuate Collection Set: 1.01ms
[2025-09-03T08:52:03.735+0000][182][info ][gc,phases   ] GC(16)   Other: 0.63ms
[2025-09-03T08:52:03.735+0000][182][trace][gc,age      ] GC(16) Age table with threshold 15 (max threshold 15)
[2025-09-03T08:52:03.735+0000][182][trace][gc,age      ] GC(16) - age   1:   29959352 bytes,   29959352 total
[2025-09-03T08:52:03.735+0000][182][trace][gc,age      ] GC(16) - age   2:     859096 bytes,   30818448 total
[2025-09-03T08:52:03.735+0000][182][info ][gc,heap     ] GC(16) Eden regions: 150->0(145)
[2025-09-03T08:52:03.735+0000][182][info ][gc,heap     ] GC(16) Survivor regions: 3->8(20)
[2025-09-03T08:52:03.735+0000][182][info ][gc,heap     ] GC(16) Old regions: 28->28
[2025-09-03T08:52:03.735+0000][182][info ][gc,heap     ] GC(16) Humongous regions: 2->2
[2025-09-03T08:52:03.735+0000][182][info ][gc,metaspace] GC(16) Metaspace: 145764K(149824K)->145764K(149824K) NonClass: 125185K(127424K)->125185K(127424K) Class: 20578K(22400K)->20578K(22400K)
[2025-09-03T08:52:03.735+0000][182][info ][gc          ] GC(16) Pause Young (Normal) (G1 Evacuation Pause) 731M->150M(1024M) 21.317ms
[2025-09-03T08:52:03.735+0000][182][info ][gc,cpu      ] GC(16) User=0.13s Sys=0.00s Real=0.02s
[2025-09-03T08:52:03.736+0000][182][info ][safepoint   ] Safepoint "G1CollectForAllocation", Time since last: 248795875 ns, Reaching safepoint: 15167 ns, Cleanup: 118416 ns, At safepoint: 21459209 ns, Total: 21592792 ns
[2025-09-03T08:52:04.128+0000][182][info ][safepoint   ] Safepoint "ICBufferFull", Time since last: 392221625 ns, Reaching safepoint: 8541 ns, Cleanup: 108167 ns, At safepoint: 7333 ns, Total: 124041 ns
[2025-09-03T08:52:04.220+0000][182][info ][safepoint   ] Safepoint "ICBufferFull", Time since last: 91827375 ns, Reaching safepoint: 34375 ns, Cleanup: 122000 ns, At safepoint: 10167 ns, Total: 166542 ns
[2025-09-03T08:52:04.463+0000][182][info ][safepoint   ] Safepoint "ICBufferFull", Time since last: 243069750 ns, Reaching safepoint: 13584 ns, Cleanup: 159791 ns, At safepoint: 26334 ns, Total: 199709 ns
[2025-09-03T08:52:05.465+0000][182][info ][safepoint   ] Safepoint "Cleanup", Time since last: 1001891750 ns, Reaching safepoint: 47875 ns, Cleanup: 144417 ns, At safepoint: 7916 ns, Total: 200208 ns
[2025-09-03T08:52:06.467+0000][182][info ][safepoint   ] Safepoint "Cleanup", Time since last: 1001509584 ns, Reaching safepoint: 48292 ns, Cleanup: 31208 ns, At safepoint: 7625 ns, Total: 87125 ns
[2025-09-03T08:52:07.468+0000][182][info ][safepoint   ] Safepoint "Cleanup", Time since last: 1001427334 ns, Reaching safepoint: 50083 ns, Cleanup: 22042 ns, At safepoint: 7417 ns, Total: 79542 ns
[2025-09-03T08:52:08.469+0000][182][info ][safepoint   ] Safepoint "Cleanup", Time since last: 1000767292 ns, Reaching safepoint: 53958 ns, Cleanup: 50542 ns, At safepoint: 12625 ns, Total: 117125 ns
[2025-09-03T08:52:09.470+0000][182][info ][safepoint   ] Safepoint "Cleanup", Time since last: 1000935500 ns, Reaching safepoint: 16667 ns, Cleanup: 82000 ns, At safepoint: 6750 ns, Total: 105417 ns
[2025-09-03T08:52:10.472+0000][182][info ][safepoint   ] Safepoint "Cleanup", Time since last: 1001231959 ns, Reaching safepoint: 21208 ns, Cleanup: 21875 ns, At safepoint: 57250 ns, Total: 100333 ns
[2025-09-03T08:52:11.472+0000][182][info ][safepoint   ] Safepoint "Cleanup", Time since last: 1000786626 ns, Reaching safepoint: 18208 ns, Cleanup: 20167 ns, At safepoint: 8000 ns, Total: 46375 ns
[2025-09-03T08:52:12.639+0000][182][info ][safepoint   ] Safepoint "Cleanup", Time since last: 1166631125 ns, Reaching safepoint: 6333 ns, Cleanup: 10334 ns, At safepoint: 1708 ns, Total: 18375 ns
[2025-09-03T08:52:12.904+0000][182][info ][safepoint   ] Safepoint "ICBufferFull", Time since last: 264878000 ns, Reaching safepoint: 129625 ns, Cleanup: 151000 ns, At safepoint: 21167 ns, Total: 301792 ns
[2025-09-03T08:52:12.906+0000][182][info ][safepoint   ] Safepoint "ICBufferFull", Time since last: 1261583 ns, Reaching safepoint: 14000 ns, Cleanup: 8459 ns, At safepoint: 18333 ns, Total: 40792 ns
[2025-09-03T08:52:13.007+0000][182][info ][safepoint   ] Safepoint "ICBufferFull", Time since last: 99778708 ns, Reaching safepoint: 919375 ns, Cleanup: 959209 ns, At safepoint: 20291 ns, Total: 1898875 ns
[2025-09-03T08:52:13.015+0000][182][info ][safepoint   ] Safepoint "ICBufferFull", Time since last: 3247709 ns, Reaching safepoint: 1551875 ns, Cleanup: 24875 ns, At safepoint: 3264708 ns, Total: 4841458 ns
[2025-09-03T08:52:13.876+0000][182][info ][safepoint   ] Safepoint "ICBufferFull", Time since last: 860217750 ns, Reaching safepoint: 462709 ns, Cleanup: 302666 ns, At safepoint: 20292 ns, Total: 785667 ns
[2025-09-03T08:52:14.060+0000][182][info ][safepoint   ] Safepoint "ICBufferFull", Time since last: 183523083 ns, Reaching safepoint: 13500 ns, Cleanup: 128625 ns, At safepoint: 20167 ns, Total: 162292 ns
[2025-09-03T08:52:14.294+0000][182][info ][safepoint   ] Safepoint "ICBufferFull", Time since last: 234125125 ns, Reaching safepoint: 12834 ns, Cleanup: 169916 ns, At safepoint: 14125 ns, Total: 196875 ns
[2025-09-03T08:52:14.664+0000][182][info ][safepoint   ] Safepoint "ICBufferFull", Time since last: 369436584 ns, Reaching safepoint: 16333 ns, Cleanup: 118667 ns, At safepoint: 7875 ns, Total: 142875 ns
[2025-09-03T08:52:15.146+0000][182][info ][safepoint   ] Safepoint "ICBufferFull", Time since last: 481837625 ns, Reaching safepoint: 383125 ns, Cleanup: 95917 ns, At safepoint: 27500 ns, Total: 506542 ns
[2025-09-03T08:52:15.249+0000][182][info ][safepoint   ] Safepoint "ICBufferFull", Time since last: 101120333 ns, Reaching safepoint: 1605208 ns, Cleanup: 124792 ns, At safepoint: 33667 ns, Total: 1763667 ns
[2025-09-03T08:52:15.258+0000][182][info ][safepoint   ] Safepoint "ICBufferFull", Time since last: 8499583 ns, Reaching safepoint: 339000 ns, Cleanup: 47750 ns, At safepoint: 27208 ns, Total: 413958 ns
[2025-09-03T08:52:15.259+0000][182][info ][safepoint   ] Safepoint "ICBufferFull", Time since last: 212959 ns, Reaching safepoint: 710000 ns, Cleanup: 4083 ns, At safepoint: 29292 ns, Total: 743375 ns
[2025-09-03T08:52:15.260+0000][182][info ][safepoint   ] Safepoint "ICBufferFull", Time since last: 165791 ns, Reaching safepoint: 801292 ns, Cleanup: 3542 ns, At safepoint: 31625 ns, Total: 836459 ns
[2025-09-03T08:52:15.261+0000][182][info ][safepoint   ] Safepoint "ICBufferFull", Time since last: 117416 ns, Reaching safepoint: 848709 ns, Cleanup: 5083 ns, At safepoint: 63042 ns, Total: 916834 ns
[2025-09-03T08:52:15.267+0000][182][info ][safepoint   ] Safepoint "ICBufferFull", Time since last: 3991583 ns, Reaching safepoint: 1936958 ns, Cleanup: 10792 ns, At safepoint: 27292 ns, Total: 1975042 ns
[2025-09-03T08:52:15.286+0000][182][info ][safepoint   ] Safepoint "ICBufferFull", Time since last: 18387833 ns, Reaching safepoint: 39917 ns, Cleanup: 48041 ns, At safepoint: 125584 ns, Total: 213542 ns
[2025-09-03T08:52:15.374+0000][182][info ][safepoint   ] Safepoint "ICBufferFull", Time since last: 87820625 ns, Reaching safepoint: 543958 ns, Cleanup: 119583 ns, At safepoint: 24917 ns, Total: 688458 ns
[2025-09-03T08:52:15.493+0000][182][info ][safepoint   ] Safepoint "ICBufferFull", Time since last: 119113417 ns, Reaching safepoint: 10750 ns, Cleanup: 156708 ns, At safepoint: 10667 ns, Total: 178125 ns
[2025-09-03T08:52:15.594+0000][182][info ][safepoint   ] Safepoint "ICBufferFull", Time since last: 100580750 ns, Reaching safepoint: 16417 ns, Cleanup: 72458 ns, At safepoint: 18250 ns, Total: 107125 ns
[2025-09-03T08:52:15.595+0000][182][info ][safepoint   ] Safepoint "ICBufferFull", Time since last: 168583 ns, Reaching safepoint: 872209 ns, Cleanup: 7250 ns, At safepoint: 18750 ns, Total: 898209 ns
[2025-09-03T08:52:15.786+0000][182][info ][safepoint   ] Safepoint "ICBufferFull", Time since last: 185229500 ns, Reaching safepoint: 5664416 ns, Cleanup: 216500 ns, At safepoint: 77959 ns, Total: 5958875 ns
[2025-09-03T08:52:15.799+0000][182][info ][safepoint   ] Safepoint "ICBufferFull", Time since last: 11401416 ns, Reaching safepoint: 1400875 ns, Cleanup: 18792 ns, At safepoint: 22500 ns, Total: 1442167 ns
[2025-09-03T08:52:15.802+0000][182][info ][safepoint   ] Safepoint "ICBufferFull", Time since last: 1361417 ns, Reaching safepoint: 1414375 ns, Cleanup: 5750 ns, At safepoint: 28500 ns, Total: 1448625 ns
[2025-09-03T08:52:15.903+0000][182][info ][gc,start    ] GC(17) Pause Young (Concurrent Start) (CodeCache GC Threshold)
[2025-09-03T08:52:15.904+0000][182][info ][gc,task     ] GC(17) Using 8 workers of 8 for evacuation
[2025-09-03T08:52:15.904+0000][182][debug][gc,age      ] GC(17) Desired survivor size 41943040 bytes, new threshold 15 (max threshold 15)
[2025-09-03T08:52:15.977+0000][182][info ][gc,phases   ] GC(17)   Pre Evacuate Collection Set: 1.69ms
[2025-09-03T08:52:15.978+0000][182][info ][gc,phases   ] GC(17)   Merge Heap Roots: 0.26ms
[2025-09-03T08:52:15.978+0000][182][info ][gc,phases   ] GC(17)   Evacuate Collection Set: 65.69ms
[2025-09-03T08:52:15.979+0000][182][info ][gc,phases   ] GC(17)   Post Evacuate Collection Set: 4.03ms
[2025-09-03T08:52:15.980+0000][182][info ][gc,phases   ] GC(17)   Other: 2.24ms
[2025-09-03T08:52:15.981+0000][182][trace][gc,age      ] GC(17) Age table with threshold 15 (max threshold 15)
[2025-09-03T08:52:15.981+0000][182][trace][gc,age      ] GC(17) - age   1:   17823240 bytes,   17823240 total
[2025-09-03T08:52:15.981+0000][182][trace][gc,age      ] GC(17) - age   2:   28156232 bytes,   45979472 total
[2025-09-03T08:52:15.981+0000][182][trace][gc,age      ] GC(17) - age   3:     859064 bytes,   46838536 total
[2025-09-03T08:52:15.981+0000][182][info ][gc,heap     ] GC(17) Eden regions: 114->0(140)
[2025-09-03T08:52:15.981+0000][182][info ][gc,heap     ] GC(17) Survivor regions: 8->13(20)
[2025-09-03T08:52:15.981+0000][182][info ][gc,heap     ] GC(17) Old regions: 28->28
[2025-09-03T08:52:15.981+0000][182][info ][gc,heap     ] GC(17) Humongous regions: 2->2
[2025-09-03T08:52:15.982+0000][182][info ][gc,metaspace] GC(17) Metaspace: 151909K(156160K)->151909K(156160K) NonClass: 130433K(132800K)->130433K(132800K) Class: 21476K(23360K)->21476K(23360K)
[2025-09-03T08:52:15.982+0000][182][info ][gc          ] GC(17) Pause Young (Concurrent Start) (CodeCache GC Threshold) 606M->170M(1024M) 78.581ms
[2025-09-03T08:52:15.982+0000][182][info ][gc,cpu      ] GC(17) User=0.40s Sys=0.01s Real=0.08s
[2025-09-03T08:52:15.982+0000][182][info ][gc          ] GC(18) Concurrent Mark Cycle
[2025-09-03T08:52:15.982+0000][182][info ][gc,marking  ] GC(18) Concurrent Scan Root Regions
[2025-09-03T08:52:15.983+0000][182][info ][safepoint   ] Safepoint "G1TryInitiateConcMark", Time since last: 99980125 ns, Reaching safepoint: 1079166 ns, Cleanup: 98209 ns, At safepoint: 79510541 ns, Total: 80687916 ns
[2025-09-03T08:52:16.033+0000][182][info ][gc,marking  ] GC(18) Concurrent Scan Root Regions 50.725ms
[2025-09-03T08:52:16.033+0000][182][info ][gc,marking  ] GC(18) Concurrent Mark
[2025-09-03T08:52:16.033+0000][182][info ][gc,marking  ] GC(18) Concurrent Mark From Roots
[2025-09-03T08:52:16.034+0000][182][info ][gc,task     ] GC(18) Using 2 workers of 2 for marking
[2025-09-03T08:52:16.238+0000][182][info ][gc,marking  ] GC(18) Concurrent Mark From Roots 204.507ms
[2025-09-03T08:52:16.238+0000][182][info ][gc,marking  ] GC(18) Concurrent Preclean
[2025-09-03T08:52:16.239+0000][182][info ][gc,marking  ] GC(18) Concurrent Preclean 0.611ms
[2025-09-03T08:52:16.248+0000][182][info ][gc,start    ] GC(18) Pause Remark
[2025-09-03T08:52:16.296+0000][182][info ][gc          ] GC(18) Pause Remark 282M->282M(1024M) 47.791ms
[2025-09-03T08:52:16.296+0000][182][info ][gc,cpu      ] GC(18) User=0.24s Sys=0.01s Real=0.04s
[2025-09-03T08:52:16.297+0000][182][info ][safepoint   ] Safepoint "G1PauseRemark", Time since last: 261636376 ns, Reaching safepoint: 3923291 ns, Cleanup: 179750 ns, At safepoint: 48162209 ns, Total: 52265250 ns
[2025-09-03T08:52:16.302+0000][182][info ][gc,marking  ] GC(18) Concurrent Mark 268.498ms
[2025-09-03T08:52:16.303+0000][182][info ][gc,marking  ] GC(18) Concurrent Rebuild Remembered Sets and Scrub Regions
[2025-09-03T08:52:16.351+0000][182][info ][gc,marking  ] GC(18) Concurrent Rebuild Remembered Sets and Scrub Regions 48.059ms
[2025-09-03T08:52:16.361+0000][182][info ][gc,start    ] GC(18) Pause Cleanup
[2025-09-03T08:52:16.361+0000][182][info ][gc          ] GC(18) Pause Cleanup 295M->295M(1024M) 0.254ms
[2025-09-03T08:52:16.361+0000][182][info ][gc,cpu      ] GC(18) User=0.00s Sys=0.00s Real=0.00s
[2025-09-03T08:52:16.362+0000][182][info ][safepoint   ] Safepoint "G1PauseCleanup", Time since last: 63583541 ns, Reaching safepoint: 878417 ns, Cleanup: 80375 ns, At safepoint: 540333 ns, Total: 1499125 ns
[2025-09-03T08:52:16.367+0000][182][info ][gc,marking  ] GC(18) Concurrent Clear Claimed Marks
[2025-09-03T08:52:16.367+0000][182][info ][gc,marking  ] GC(18) Concurrent Clear Claimed Marks 0.632ms
[2025-09-03T08:52:16.368+0000][182][info ][gc,marking  ] GC(18) Concurrent Cleanup for Next Mark
[2025-09-03T08:52:16.373+0000][182][info ][gc,marking  ] GC(18) Concurrent Cleanup for Next Mark 5.338ms
[2025-09-03T08:52:16.374+0000][182][info ][gc          ] GC(18) Concurrent Mark Cycle 391.429ms
[2025-09-03T08:52:16.616+0000][182][info ][safepoint   ] Safepoint "ICBufferFull", Time since last: 253987167 ns, Reaching safepoint: 398792 ns, Cleanup: 182791 ns, At safepoint: 33917 ns, Total: 615500 ns
[2025-09-03T08:52:16.625+0000][182][info ][safepoint   ] Safepoint "ICBufferFull", Time since last: 7754500 ns, Reaching safepoint: 1207083 ns, Cleanup: 95625 ns, At safepoint: 39750 ns, Total: 1342458 ns
[2025-09-03T08:52:16.630+0000][182][info ][safepoint   ] Safepoint "ICBufferFull", Time since last: 4257042 ns, Reaching safepoint: 540708 ns, Cleanup: 36625 ns, At safepoint: 43417 ns, Total: 620750 ns
[2025-09-03T08:52:16.638+0000][182][info ][safepoint   ] Safepoint "ICBufferFull", Time since last: 2834833 ns, Reaching safepoint: 1035542 ns, Cleanup: 25208 ns, At safepoint: 4237709 ns, Total: 5298459 ns
[2025-09-03T08:52:16.968+0000][182][info ][safepoint   ] Safepoint "ICBufferFull", Time since last: 329671833 ns, Reaching safepoint: 31417 ns, Cleanup: 193208 ns, At safepoint: 26584 ns, Total: 251209 ns
[2025-09-03T08:52:17.664+0000][182][info ][safepoint   ] Safepoint "ICBufferFull", Time since last: 695357875 ns, Reaching safepoint: 29208 ns, Cleanup: 148584 ns, At safepoint: 17000 ns, Total: 194792 ns
[2025-09-03T08:52:17.760+0000][182][info ][safepoint   ] Safepoint "ICBufferFull", Time since last: 96245083 ns, Reaching safepoint: 13167 ns, Cleanup: 95458 ns, At safepoint: 7292 ns, Total: 115917 ns
[2025-09-03T08:52:18.182+0000][182][info ][safepoint   ] Safepoint "ICBufferFull", Time since last: 421279083 ns, Reaching safepoint: 640958 ns, Cleanup: 243125 ns, At safepoint: 28417 ns, Total: 912500 ns
[2025-09-03T08:52:19.213+0000][182][info ][safepoint   ] Safepoint "Cleanup", Time since last: 1030368667 ns, Reaching safepoint: 4625 ns, Cleanup: 76167 ns, At safepoint: 8167 ns, Total: 88959 ns
[2025-09-03T08:52:20.162+0000][182][info ][safepoint   ] Safepoint "ICBufferFull", Time since last: 948567042 ns, Reaching safepoint: 26125 ns, Cleanup: 128708 ns, At safepoint: 10250 ns, Total: 165083 ns
[2025-09-03T08:52:21.165+0000][182][info ][safepoint   ] Safepoint "Cleanup", Time since last: 1000802709 ns, Reaching safepoint: 2497667 ns, Cleanup: 172791 ns, At safepoint: 255875 ns, Total: 2926333 ns
[2025-09-03T08:52:23.169+0000][182][info ][safepoint   ] Safepoint "Cleanup", Time since last: 2003227585 ns, Reaching safepoint: 105583 ns, Cleanup: 277083 ns, At safepoint: 24375 ns, Total: 407041 ns
[2025-09-03T08:52:24.055+0000][182][info ][safepoint   ] Safepoint "ICBufferFull", Time since last: 885810001 ns, Reaching safepoint: 7625 ns, Cleanup: 112625 ns, At safepoint: 8791 ns, Total: 129041 ns
[2025-09-03T08:52:25.207+0000][182][info ][safepoint   ] Safepoint "ICBufferFull", Time since last: 1151250376 ns, Reaching safepoint: 890875 ns, Cleanup: 306750 ns, At safepoint: 28708 ns, Total: 1226333 ns
[2025-09-03T08:52:26.209+0000][182][info ][safepoint   ] Safepoint "Cleanup", Time since last: 1001478501 ns, Reaching safepoint: 46291 ns, Cleanup: 178000 ns, At safepoint: 21375 ns, Total: 245666 ns
[2025-09-03T08:52:28.212+0000][182][info ][safepoint   ] Safepoint "Cleanup", Time since last: 2002001251 ns, Reaching safepoint: 1128375 ns, Cleanup: 38292 ns, At safepoint: 15042 ns, Total: 1181709 ns
[2025-09-03T08:52:30.214+0000][182][info ][safepoint   ] Safepoint "Cleanup", Time since last: 2001966876 ns, Reaching safepoint: 27333 ns, Cleanup: 52583 ns, At safepoint: 9292 ns, Total: 89208 ns
[2025-09-03T08:52:31.214+0000][182][info ][safepoint   ] Safepoint "Cleanup", Time since last: 1000682125 ns, Reaching safepoint: 35750 ns, Cleanup: 41250 ns, At safepoint: 15083 ns, Total: 92083 ns
[2025-09-03T08:52:32.215+0000][182][info ][safepoint   ] Safepoint "Cleanup", Time since last: 1001096709 ns, Reaching safepoint: 104000 ns, Cleanup: 96500 ns, At safepoint: 17375 ns, Total: 217875 ns
[2025-09-03T08:52:33.217+0000][182][info ][safepoint   ] Safepoint "Cleanup", Time since last: 1001714917 ns, Reaching safepoint: 13542 ns, Cleanup: 57541 ns, At safepoint: 4625 ns, Total: 75708 ns
[2025-09-03T08:52:34.218+0000][182][info ][safepoint   ] Safepoint "Cleanup", Time since last: 1001268001 ns, Reaching safepoint: 22541 ns, Cleanup: 46042 ns, At safepoint: 6667 ns, Total: 75250 ns
[2025-09-03T08:52:35.219+0000][182][info ][safepoint   ] Safepoint "Cleanup", Time since last: 1000504792 ns, Reaching safepoint: 59625 ns, Cleanup: 65875 ns, At safepoint: 15125 ns, Total: 140625 ns
[2025-09-03T08:52:36.220+0000][182][info ][safepoint   ] Safepoint "Cleanup", Time since last: 1001391625 ns, Reaching safepoint: 73875 ns, Cleanup: 31292 ns, At safepoint: 15083 ns, Total: 120250 ns
[2025-09-03T08:52:37.222+0000][182][info ][safepoint   ] Safepoint "Cleanup", Time since last: 1001363918 ns, Reaching safepoint: 12458 ns, Cleanup: 22125 ns, At safepoint: 9875 ns, Total: 44458 ns
[2025-09-03T08:52:38.223+0000][182][info ][safepoint   ] Safepoint "Cleanup", Time since last: 1001044042 ns, Reaching safepoint: 13750 ns, Cleanup: 40375 ns, At safepoint: 7917 ns, Total: 62042 ns
[2025-09-03T08:52:40.225+0000][182][info ][safepoint   ] Safepoint "Cleanup", Time since last: 2002165167 ns, Reaching safepoint: 17500 ns, Cleanup: 19042 ns, At safepoint: 14792 ns, Total: 51334 ns
[2025-09-03T08:52:41.227+0000][182][info ][safepoint   ] Safepoint "Cleanup", Time since last: 1001014833 ns, Reaching safepoint: 686084 ns, Cleanup: 28708 ns, At safepoint: 38917 ns, Total: 753709 ns
[2025-09-03T08:52:42.229+0000][182][info ][safepoint   ] Safepoint "Cleanup", Time since last: 1001967167 ns, Reaching safepoint: 44708 ns, Cleanup: 25500 ns, At safepoint: 9625 ns, Total: 79833 ns
[2025-09-03T08:52:43.230+0000][182][info ][safepoint   ] Safepoint "Cleanup", Time since last: 1001063001 ns, Reaching safepoint: 21750 ns, Cleanup: 42583 ns, At safepoint: 12500 ns, Total: 76833 ns
[2025-09-03T08:52:45.232+0000][182][info ][safepoint   ] Safepoint "Cleanup", Time since last: 2001597709 ns, Reaching safepoint: 85334 ns, Cleanup: 71625 ns, At safepoint: 8166 ns, Total: 165125 ns
[2025-09-03T08:52:46.234+0000][182][info ][safepoint   ] Safepoint "Cleanup", Time since last: 1002129001 ns, Reaching safepoint: 79042 ns, Cleanup: 181875 ns, At safepoint: 20500 ns, Total: 281417 ns
[2025-09-03T08:52:47.235+0000][182][info ][safepoint   ] Safepoint "Cleanup", Time since last: 1000452667 ns, Reaching safepoint: 84125 ns, Cleanup: 38708 ns, At safepoint: 15500 ns, Total: 138333 ns
[2025-09-03T08:52:48.190+0000][182][info ][gc,start    ] GC(19) Pause Young (Prepare Mixed) (G1 Evacuation Pause)
[2025-09-03T08:52:48.190+0000][182][info ][gc,task     ] GC(19) Using 8 workers of 8 for evacuation
[2025-09-03T08:52:48.190+0000][182][debug][gc,age      ] GC(19) Desired survivor size 41943040 bytes, new threshold 2 (max threshold 15)
[2025-09-03T08:52:48.275+0000][182][info ][gc,phases   ] GC(19)   Pre Evacuate Collection Set: 0.91ms
[2025-09-03T08:52:48.275+0000][182][info ][gc,phases   ] GC(19)   Merge Heap Roots: 0.27ms
[2025-09-03T08:52:48.275+0000][182][info ][gc,phases   ] GC(19)   Evacuate Collection Set: 72.41ms
[2025-09-03T08:52:48.275+0000][182][info ][gc,phases   ] GC(19)   Post Evacuate Collection Set: 10.72ms
[2025-09-03T08:52:48.276+0000][182][info ][gc,phases   ] GC(19)   Other: 0.47ms
[2025-09-03T08:52:48.276+0000][182][trace][gc,age      ] GC(19) Age table with threshold 2 (max threshold 15)
[2025-09-03T08:52:48.279+0000][182][trace][gc,age      ] GC(19) - age   1:    5682096 bytes,    5682096 total
[2025-09-03T08:52:48.279+0000][182][trace][gc,age      ] GC(19) - age   2:    8558592 bytes,   14240688 total
[2025-09-03T08:52:48.280+0000][182][info ][gc,heap     ] GC(19) Eden regions: 140->0(148)
[2025-09-03T08:52:48.280+0000][182][info ][gc,heap     ] GC(19) Survivor regions: 13->5(20)
[2025-09-03T08:52:48.280+0000][182][info ][gc,heap     ] GC(19) Old regions: 28->36
[2025-09-03T08:52:48.280+0000][182][info ][gc,heap     ] GC(19) Humongous regions: 2->2
[2025-09-03T08:52:48.280+0000][182][info ][gc,metaspace] GC(19) Metaspace: 154007K(158336K)->154007K(158336K) NonClass: 132368K(134784K)->132368K(134784K) Class: 21638K(23552K)->21638K(23552K)
[2025-09-03T08:52:48.280+0000][182][info ][gc          ] GC(19) Pause Young (Prepare Mixed) (G1 Evacuation Pause) 730M->165M(1024M) 90.140ms
[2025-09-03T08:52:48.280+0000][182][info ][gc,cpu      ] GC(19) User=0.48s Sys=0.02s Real=0.09s
[2025-09-03T08:52:48.280+0000][182][info ][safepoint   ] Safepoint "G1CollectForAllocation", Time since last: 954517959 ns, Reaching safepoint: 382166 ns, Cleanup: 55500 ns, At safepoint: 90544126 ns, Total: 90981792 ns
[2025-09-03T08:52:49.352+0000][182][info ][safepoint   ] Safepoint "Cleanup", Time since last: 1071578708 ns, Reaching safepoint: 104500 ns, Cleanup: 76292 ns, At safepoint: 9000 ns, Total: 189792 ns
[2025-09-03T08:52:52.359+0000][182][info ][safepoint   ] Safepoint "Cleanup", Time since last: 3006781751 ns, Reaching safepoint: 93292 ns, Cleanup: 43417 ns, At safepoint: 17250 ns, Total: 153959 ns
[2025-09-03T08:52:53.360+0000][182][info ][safepoint   ] Safepoint "Cleanup", Time since last: 1000736625 ns, Reaching safepoint: 27167 ns, Cleanup: 71083 ns, At safepoint: 11084 ns, Total: 109334 ns
[2025-09-03T08:52:55.362+0000][182][info ][safepoint   ] Safepoint "Cleanup", Time since last: 2002267209 ns, Reaching safepoint: 89625 ns, Cleanup: 120667 ns, At safepoint: 16083 ns, Total: 226375 ns
[2025-09-03T08:52:56.365+0000][182][info ][safepoint   ] Safepoint "Cleanup", Time since last: 1002895625 ns, Reaching safepoint: 23584 ns, Cleanup: 21166 ns, At safepoint: 16125 ns, Total: 60875 ns
[2025-09-03T08:52:57.366+0000][182][info ][safepoint   ] Safepoint "Cleanup", Time since last: 1000416084 ns, Reaching safepoint: 153750 ns, Cleanup: 74042 ns, At safepoint: 25667 ns, Total: 253459 ns
[2025-09-03T08:52:58.368+0000][182][info ][safepoint   ] Safepoint "Cleanup", Time since last: 1001857208 ns, Reaching safepoint: 23209 ns, Cleanup: 62166 ns, At safepoint: 19084 ns, Total: 104459 ns
[2025-09-03T08:52:59.372+0000][182][info ][safepoint   ] Safepoint "Cleanup", Time since last: 1003459333 ns, Reaching safepoint: 53000 ns, Cleanup: 27167 ns, At safepoint: 12625 ns, Total: 92792 ns
[2025-09-03T08:53:00.374+0000][182][info ][safepoint   ] Safepoint "Cleanup", Time since last: 1001885126 ns, Reaching safepoint: 457833 ns, Cleanup: 82375 ns, At safepoint: 28708 ns, Total: 568916 ns
[2025-09-03T08:53:01.375+0000][182][info ][safepoint   ] Safepoint "Cleanup", Time since last: 1001475667 ns, Reaching safepoint: 29708 ns, Cleanup: 27000 ns, At safepoint: 9958 ns, Total: 66666 ns
[2025-09-03T08:53:02.377+0000][182][info ][safepoint   ] Safepoint "Cleanup", Time since last: 1002037584 ns, Reaching safepoint: 68209 ns, Cleanup: 71708 ns, At safepoint: 19792 ns, Total: 159709 ns
[2025-09-03T08:53:03.379+0000][182][info ][safepoint   ] Safepoint "Cleanup", Time since last: 1001544250 ns, Reaching safepoint: 72708 ns, Cleanup: 189959 ns, At safepoint: 30750 ns, Total: 293417 ns
[2025-09-03T08:53:04.380+0000][182][info ][safepoint   ] Safepoint "Cleanup", Time since last: 1001140334 ns, Reaching safepoint: 94041 ns, Cleanup: 88667 ns, At safepoint: 9917 ns, Total: 192625 ns
[2025-09-03T08:53:05.382+0000][182][info ][safepoint   ] Safepoint "Cleanup", Time since last: 1001966958 ns, Reaching safepoint: 26625 ns, Cleanup: 57209 ns, At safepoint: 12041 ns, Total: 95875 ns
[2025-09-03T08:53:06.383+0000][182][info ][safepoint   ] Safepoint "Cleanup", Time since last: 1001046959 ns, Reaching safepoint: 75042 ns, Cleanup: 64166 ns, At safepoint: 17417 ns, Total: 156625 ns
[2025-09-03T08:53:07.384+0000][182][info ][safepoint   ] Safepoint "Cleanup", Time since last: 1000606126 ns, Reaching safepoint: 13750 ns, Cleanup: 30291 ns, At safepoint: 8084 ns, Total: 52125 ns
[2025-09-03T08:53:08.386+0000][182][info ][safepoint   ] Safepoint "Cleanup", Time since last: 1001666333 ns, Reaching safepoint: 20000 ns, Cleanup: 49375 ns, At safepoint: 7292 ns, Total: 76667 ns
[2025-09-03T08:53:10.388+0000][182][info ][safepoint   ] Safepoint "Cleanup", Time since last: 2002289001 ns, Reaching safepoint: 29125 ns, Cleanup: 52542 ns, At safepoint: 11541 ns, Total: 93208 ns
[2025-09-03T08:53:11.389+0000][182][info ][safepoint   ] Safepoint "Cleanup", Time since last: 1001010834 ns, Reaching safepoint: 166125 ns, Cleanup: 28542 ns, At safepoint: 15500 ns, Total: 210167 ns
[2025-09-03T08:53:13.233+0000][182][info ][safepoint   ] Safepoint "Cleanup", Time since last: 1843067084 ns, Reaching safepoint: 7208 ns, Cleanup: 179959 ns, At safepoint: 4375 ns, Total: 191542 ns
[2025-09-03T08:53:14.252+0000][182][info ][safepoint   ] Safepoint "Cleanup", Time since last: 1019049459 ns, Reaching safepoint: 85791 ns, Cleanup: 409042 ns, At safepoint: 23000 ns, Total: 517833 ns
[2025-09-03T08:53:15.253+0000][182][info ][safepoint   ] Safepoint "Cleanup", Time since last: 1000997167 ns, Reaching safepoint: 57583 ns, Cleanup: 114542 ns, At safepoint: 15042 ns, Total: 187167 ns
[2025-09-03T08:53:16.257+0000][182][info ][safepoint   ] Safepoint "Cleanup", Time since last: 1000516834 ns, Reaching safepoint: 3223375 ns, Cleanup: 55500 ns, At safepoint: 21833 ns, Total: 3300708 ns
[2025-09-03T08:53:17.122+0000][182][info ][safepoint   ] Safepoint "ICBufferFull", Time since last: 864394875 ns, Reaching safepoint: 62542 ns, Cleanup: 255292 ns, At safepoint: 15625 ns, Total: 333459 ns
[2025-09-03T08:53:18.172+0000][182][info ][safepoint   ] Safepoint "Cleanup", Time since last: 1050349542 ns, Reaching safepoint: 4666 ns, Cleanup: 65917 ns, At safepoint: 4208 ns, Total: 74791 ns
[2025-09-03T08:53:19.180+0000][182][info ][safepoint   ] Safepoint "Cleanup", Time since last: 1007568918 ns, Reaching safepoint: 40125 ns, Cleanup: 26625 ns, At safepoint: 19125 ns, Total: 85875 ns
[2025-09-03T08:53:20.181+0000][182][info ][safepoint   ] Safepoint "Cleanup", Time since last: 1000993750 ns, Reaching safepoint: 190208 ns, Cleanup: 49625 ns, At safepoint: 25042 ns, Total: 264875 ns
[2025-09-03T08:53:21.183+0000][182][info ][safepoint   ] Safepoint "Cleanup", Time since last: 1001011501 ns, Reaching safepoint: 101000 ns, Cleanup: 42708 ns, At safepoint: 28583 ns, Total: 172291 ns
[2025-09-03T08:53:22.185+0000][182][info ][safepoint   ] Safepoint "Cleanup", Time since last: 1002386376 ns, Reaching safepoint: 70500 ns, Cleanup: 26000 ns, At safepoint: 21375 ns, Total: 117875 ns
[2025-09-03T08:53:23.186+0000][182][info ][safepoint   ] Safepoint "Cleanup", Time since last: 1001168917 ns, Reaching safepoint: 50958 ns, Cleanup: 28500 ns, At safepoint: 23959 ns, Total: 103417 ns
[2025-09-03T08:53:24.187+0000][182][info ][safepoint   ] Safepoint "Cleanup", Time since last: 1000765875 ns, Reaching safepoint: 45333 ns, Cleanup: 27334 ns, At safepoint: 16916 ns, Total: 89583 ns
[2025-09-03T08:53:25.188+0000][182][info ][safepoint   ] Safepoint "Cleanup", Time since last: 1001047959 ns, Reaching safepoint: 25208 ns, Cleanup: 42584 ns, At safepoint: 9541 ns, Total: 77333 ns
[2025-09-03T08:53:26.189+0000][182][info ][safepoint   ] Safepoint "Cleanup", Time since last: 1000939293 ns, Reaching safepoint: 50958 ns, Cleanup: 68458 ns, At safepoint: 23167 ns, Total: 142583 ns
[2025-09-03T08:53:28.191+0000][182][info ][safepoint   ] Safepoint "Cleanup", Time since last: 2001702209 ns, Reaching safepoint: 48417 ns, Cleanup: 15125 ns, At safepoint: 27042 ns, Total: 90584 ns
[2025-09-03T08:53:29.193+0000][182][info ][safepoint   ] Safepoint "Cleanup", Time since last: 1001401792 ns, Reaching safepoint: 85291 ns, Cleanup: 42625 ns, At safepoint: 31584 ns, Total: 159500 ns
[2025-09-03T08:53:30.194+0000][182][info ][safepoint   ] Safepoint "Cleanup", Time since last: 1001486250 ns, Reaching safepoint: 33084 ns, Cleanup: 34958 ns, At safepoint: 17375 ns, Total: 85417 ns
[2025-09-03T08:53:31.199+0000][182][info ][safepoint   ] Safepoint "Cleanup", Time since last: 1001463750 ns, Reaching safepoint: 559417 ns, Cleanup: 82083 ns, At safepoint: 42542 ns, Total: 684042 ns
[2025-09-03T08:53:32.204+0000][182][info ][safepoint   ] Safepoint "Cleanup", Time since last: 1005397292 ns, Reaching safepoint: 88583 ns, Cleanup: 62625 ns, At safepoint: 28959 ns, Total: 180167 ns
[2025-09-03T08:53:33.205+0000][182][info ][safepoint   ] Safepoint "Cleanup", Time since last: 1000993208 ns, Reaching safepoint: 97834 ns, Cleanup: 21166 ns, At safepoint: 13417 ns, Total: 132417 ns
[2025-09-03T08:53:35.207+0000][182][info ][safepoint   ] Safepoint "Cleanup", Time since last: 2001887751 ns, Reaching safepoint: 56667 ns, Cleanup: 60625 ns, At safepoint: 11583 ns, Total: 128875 ns
[2025-09-03T08:53:36.209+0000][182][info ][safepoint   ] Safepoint "Cleanup", Time since last: 1001716292 ns, Reaching safepoint: 27042 ns, Cleanup: 20541 ns, At safepoint: 21417 ns, Total: 69000 ns
[2025-09-03T08:53:38.212+0000][182][info ][safepoint   ] Safepoint "Cleanup", Time since last: 2002610084 ns, Reaching safepoint: 44917 ns, Cleanup: 131750 ns, At safepoint: 17333 ns, Total: 194000 ns
[2025-09-03T08:53:43.218+0000][182][info ][safepoint   ] Safepoint "Cleanup", Time since last: 5006243003 ns, Reaching safepoint: 53166 ns, Cleanup: 26792 ns, At safepoint: 12042 ns, Total: 92000 ns
[2025-09-03T08:53:44.219+0000][182][info ][safepoint   ] Safepoint "Cleanup", Time since last: 1000950459 ns, Reaching safepoint: 129166 ns, Cleanup: 32709 ns, At safepoint: 18250 ns, Total: 180125 ns
[2025-09-03T08:53:45.220+0000][182][info ][safepoint   ] Safepoint "Cleanup", Time since last: 1001004125 ns, Reaching safepoint: 65125 ns, Cleanup: 42458 ns, At safepoint: 9000 ns, Total: 116583 ns
[2025-09-03T08:53:46.222+0000][182][info ][safepoint   ] Safepoint "Cleanup", Time since last: 1000919209 ns, Reaching safepoint: 863834 ns, Cleanup: 33458 ns, At safepoint: 34417 ns, Total: 931709 ns
[2025-09-03T08:53:47.224+0000][182][info ][safepoint   ] Safepoint "Cleanup", Time since last: 1001321333 ns, Reaching safepoint: 41000 ns, Cleanup: 26709 ns, At safepoint: 10375 ns, Total: 78084 ns
[2025-09-03T08:53:48.491+0000][182][info ][safepoint   ] Safepoint "Cleanup", Time since last: 1267451750 ns, Reaching safepoint: 60625 ns, Cleanup: 88542 ns, At safepoint: 21708 ns, Total: 170875 ns
[2025-09-03T08:53:49.493+0000][182][info ][safepoint   ] Safepoint "Cleanup", Time since last: 1001296084 ns, Reaching safepoint: 63250 ns, Cleanup: 49958 ns, At safepoint: 15542 ns, Total: 128750 ns
[2025-09-03T08:53:50.494+0000][182][info ][safepoint   ] Safepoint "Cleanup", Time since last: 1000857584 ns, Reaching safepoint: 46833 ns, Cleanup: 25834 ns, At safepoint: 11708 ns, Total: 84375 ns
[2025-09-03T08:53:51.495+0000][182][info ][safepoint   ] Safepoint "Cleanup", Time since last: 1000815167 ns, Reaching safepoint: 76542 ns, Cleanup: 119958 ns, At safepoint: 18625 ns, Total: 215125 ns
[2025-09-03T08:53:52.497+0000][182][info ][safepoint   ] Safepoint "Cleanup", Time since last: 1001791126 ns, Reaching safepoint: 18458 ns, Cleanup: 10000 ns, At safepoint: 3375 ns, Total: 31833 ns
[2025-09-03T08:53:53.498+0000][182][info ][safepoint   ] Safepoint "Cleanup", Time since last: 1001403042 ns, Reaching safepoint: 58417 ns, Cleanup: 59250 ns, At safepoint: 18541 ns, Total: 136208 ns
[2025-09-03T08:53:54.499+0000][182][info ][safepoint   ] Safepoint "Cleanup", Time since last: 1001058001 ns, Reaching safepoint: 65291 ns, Cleanup: 35667 ns, At safepoint: 28917 ns, Total: 129875 ns
[2025-09-03T08:53:55.500+0000][182][info ][safepoint   ] Safepoint "Cleanup", Time since last: 1000948834 ns, Reaching safepoint: 66500 ns, Cleanup: 115333 ns, At safepoint: 16583 ns, Total: 198416 ns
[2025-09-03T08:53:56.501+0000][182][info ][safepoint   ] Safepoint "Cleanup", Time since last: 1000877501 ns, Reaching safepoint: 67375 ns, Cleanup: 42541 ns, At safepoint: 18459 ns, Total: 128375 ns
[2025-09-03T08:53:58.503+0000][182][info ][safepoint   ] Safepoint "Cleanup", Time since last: 2001683084 ns, Reaching safepoint: 59583 ns, Cleanup: 57000 ns, At safepoint: 27875 ns, Total: 144458 ns
[2025-09-03T08:54:00.505+0000][182][info ][safepoint   ] Safepoint "Cleanup", Time since last: 2001893210 ns, Reaching safepoint: 80041 ns, Cleanup: 34542 ns, At safepoint: 25375 ns, Total: 139958 ns
[2025-09-03T08:54:01.513+0000][182][info ][safepoint   ] Safepoint "Cleanup", Time since last: 1007123583 ns, Reaching safepoint: 68917 ns, Cleanup: 45042 ns, At safepoint: 19083 ns, Total: 133042 ns
[2025-09-03T08:54:02.514+0000][182][info ][safepoint   ] Safepoint "Cleanup", Time since last: 1000729792 ns, Reaching safepoint: 15500 ns, Cleanup: 10500 ns, At safepoint: 6500 ns, Total: 32500 ns
[2025-09-03T08:54:03.515+0000][182][info ][safepoint   ] Safepoint "Cleanup", Time since last: 1000911834 ns, Reaching safepoint: 33416 ns, Cleanup: 41750 ns, At safepoint: 8250 ns, Total: 83416 ns
[2025-09-03T08:54:04.516+0000][182][info ][safepoint   ] Safepoint "Cleanup", Time since last: 1000802918 ns, Reaching safepoint: 190291 ns, Cleanup: 35209 ns, At safepoint: 14541 ns, Total: 240041 ns
[2025-09-03T08:54:05.517+0000][182][info ][safepoint   ] Safepoint "Cleanup", Time since last: 1000938001 ns, Reaching safepoint: 118541 ns, Cleanup: 57334 ns, At safepoint: 22083 ns, Total: 197958 ns
[2025-09-03T08:54:07.519+0000][182][info ][safepoint   ] Safepoint "Cleanup", Time since last: 2002014793 ns, Reaching safepoint: 89416 ns, Cleanup: 78375 ns, At safepoint: 21459 ns, Total: 189250 ns
[2025-09-03T08:54:08.521+0000][182][info ][safepoint   ] Safepoint "Cleanup", Time since last: 1002024750 ns, Reaching safepoint: 61417 ns, Cleanup: 135625 ns, At safepoint: 19000 ns, Total: 216042 ns
[2025-09-03T08:54:10.524+0000][182][info ][safepoint   ] Safepoint "Cleanup", Time since last: 2002684292 ns, Reaching safepoint: 80709 ns, Cleanup: 108583 ns, At safepoint: 18667 ns, Total: 207959 ns
[2025-09-03T08:54:11.526+0000][182][info ][safepoint   ] Safepoint "Cleanup", Time since last: 1001510209 ns, Reaching safepoint: 166875 ns, Cleanup: 80916 ns, At safepoint: 42375 ns, Total: 290166 ns
[2025-09-03T08:54:13.530+0000][182][info ][safepoint   ] Safepoint "Cleanup", Time since last: 2003610585 ns, Reaching safepoint: 689083 ns, Cleanup: 241875 ns, At safepoint: 26042 ns, Total: 957000 ns
[2025-09-03T08:54:15.533+0000][182][info ][safepoint   ] Safepoint "Cleanup", Time since last: 2001909001 ns, Reaching safepoint: 40500 ns, Cleanup: 89500 ns, At safepoint: 8958 ns, Total: 138958 ns
[2025-09-03T08:54:16.534+0000][182][info ][safepoint   ] Safepoint "Cleanup", Time since last: 1001417417 ns, Reaching safepoint: 151875 ns, Cleanup: 69500 ns, At safepoint: 18208 ns, Total: 239583 ns
[2025-09-03T08:54:18.536+0000][182][info ][safepoint   ] Safepoint "Cleanup", Time since last: 2000752043 ns, Reaching safepoint: 737667 ns, Cleanup: 102875 ns, At safepoint: 24333 ns, Total: 864875 ns
[2025-09-03T08:54:19.393+0000][182][info ][safepoint   ] Safepoint "ICBufferFull", Time since last: 857071209 ns, Reaching safepoint: 13125 ns, Cleanup: 113833 ns, At safepoint: 10292 ns, Total: 137250 ns
[2025-09-03T08:54:20.403+0000][182][info ][safepoint   ] Safepoint "Cleanup", Time since last: 1009817542 ns, Reaching safepoint: 4958 ns, Cleanup: 31542 ns, At safepoint: 8333 ns, Total: 44833 ns
[2025-09-03T08:54:21.438+0000][182][info ][safepoint   ] Safepoint "Cleanup", Time since last: 1035177501 ns, Reaching safepoint: 29958 ns, Cleanup: 109042 ns, At safepoint: 20583 ns, Total: 159583 ns
[2025-09-03T08:54:22.443+0000][182][info ][safepoint   ] Safepoint "Cleanup", Time since last: 1004893250 ns, Reaching safepoint: 15417 ns, Cleanup: 22917 ns, At safepoint: 8041 ns, Total: 46375 ns
[2025-09-03T08:54:23.444+0000][182][info ][safepoint   ] Safepoint "Cleanup", Time since last: 1000418334 ns, Reaching safepoint: 66709 ns, Cleanup: 104750 ns, At safepoint: 22791 ns, Total: 194250 ns
[2025-09-03T08:54:25.446+0000][182][info ][safepoint   ] Safepoint "Cleanup", Time since last: 2001932335 ns, Reaching safepoint: 70291 ns, Cleanup: 94542 ns, At safepoint: 18667 ns, Total: 183500 ns
[2025-09-03T08:54:26.450+0000][182][info ][safepoint   ] Safepoint "Cleanup", Time since last: 1001285250 ns, Reaching safepoint: 2043000 ns, Cleanup: 384042 ns, At safepoint: 134791 ns, Total: 2561833 ns
[2025-09-03T08:54:28.452+0000][182][info ][safepoint   ] Safepoint "Cleanup", Time since last: 2002408918 ns, Reaching safepoint: 102458 ns, Cleanup: 259834 ns, At safepoint: 16958 ns, Total: 379250 ns
[2025-09-03T08:54:29.455+0000][182][info ][safepoint   ] Safepoint "Cleanup", Time since last: 1001928250 ns, Reaching safepoint: 72375 ns, Cleanup: 46875 ns, At safepoint: 21125 ns, Total: 140375 ns
[2025-09-03T08:54:30.457+0000][182][info ][safepoint   ] Safepoint "Cleanup", Time since last: 1001873043 ns, Reaching safepoint: 36625 ns, Cleanup: 31250 ns, At safepoint: 9291 ns, Total: 77166 ns
[2025-09-03T08:54:31.462+0000][182][info ][safepoint   ] Safepoint "Cleanup", Time since last: 1007443750 ns, Reaching safepoint: 5625 ns, Cleanup: 48625 ns, At safepoint: 9250 ns, Total: 63500 ns
[2025-09-03T08:54:32.475+0000][182][info ][safepoint   ] Safepoint "Cleanup", Time since last: 1012402542 ns, Reaching safepoint: 27292 ns, Cleanup: 274625 ns, At safepoint: 18333 ns, Total: 320250 ns
[2025-09-03T08:54:34.272+0000][182][info ][safepoint   ] Safepoint "Cleanup", Time since last: 1796983376 ns, Reaching safepoint: 4542 ns, Cleanup: 110875 ns, At safepoint: 11125 ns, Total: 126542 ns
[2025-09-03T08:54:34.488+0000][182][info ][safepoint   ] Safepoint "ICBufferFull", Time since last: 215910917 ns, Reaching safepoint: 26958 ns, Cleanup: 133875 ns, At safepoint: 24750 ns, Total: 185583 ns
[2025-09-03T08:54:35.581+0000][182][info ][safepoint   ] Safepoint "Cleanup", Time since last: 1092788459 ns, Reaching safepoint: 40416 ns, Cleanup: 122750 ns, At safepoint: 10625 ns, Total: 173791 ns
[2025-09-03T08:54:36.618+0000][182][info ][safepoint   ] Safepoint "Cleanup", Time since last: 1037010543 ns, Reaching safepoint: 112541 ns, Cleanup: 52334 ns, At safepoint: 21791 ns, Total: 186666 ns
[2025-09-03T08:54:37.620+0000][182][info ][safepoint   ] Safepoint "Cleanup", Time since last: 1001692459 ns, Reaching safepoint: 90375 ns, Cleanup: 114375 ns, At safepoint: 38333 ns, Total: 243083 ns
[2025-09-03T08:54:39.471+0000][182][info ][safepoint   ] Safepoint "Cleanup", Time since last: 1851494793 ns, Reaching safepoint: 48875 ns, Cleanup: 67917 ns, At safepoint: 11208 ns, Total: 128000 ns
[2025-09-03T08:54:40.473+0000][182][info ][safepoint   ] Safepoint "Cleanup", Time since last: 1001413292 ns, Reaching safepoint: 41917 ns, Cleanup: 72666 ns, At safepoint: 25792 ns, Total: 140375 ns
[2025-09-03T08:54:43.478+0000][182][info ][safepoint   ] Safepoint "Cleanup", Time since last: 3004685418 ns, Reaching safepoint: 24667 ns, Cleanup: 41542 ns, At safepoint: 8041 ns, Total: 74250 ns
[2025-09-03T08:54:45.480+0000][182][info ][safepoint   ] Safepoint "Cleanup", Time since last: 2002047501 ns, Reaching safepoint: 21417 ns, Cleanup: 40166 ns, At safepoint: 8875 ns, Total: 70458 ns
[2025-09-03T08:54:46.480+0000][182][info ][safepoint   ] Safepoint "Cleanup", Time since last: 1000350418 ns, Reaching safepoint: 22083 ns, Cleanup: 29875 ns, At safepoint: 9833 ns, Total: 61791 ns
[2025-09-03T08:54:48.712+0000][182][info ][safepoint   ] Safepoint "Cleanup", Time since last: 2231292043 ns, Reaching safepoint: 192292 ns, Cleanup: 47708 ns, At safepoint: 13708 ns, Total: 253708 ns
[2025-09-03T08:54:49.714+0000][182][info ][safepoint   ] Safepoint "Cleanup", Time since last: 1001830293 ns, Reaching safepoint: 48375 ns, Cleanup: 29708 ns, At safepoint: 21250 ns, Total: 99333 ns
[2025-09-03T08:54:51.716+0000][182][info ][safepoint   ] Safepoint "Cleanup", Time since last: 2002374001 ns, Reaching safepoint: 107625 ns, Cleanup: 18916 ns, At safepoint: 8084 ns, Total: 134625 ns
[2025-09-03T08:54:53.677+0000][182][info ][safepoint   ] Safepoint "Cleanup", Time since last: 1960323959 ns, Reaching safepoint: 50042 ns, Cleanup: 332083 ns, At safepoint: 30542 ns, Total: 412667 ns
[2025-09-03T08:54:54.738+0000][182][info ][safepoint   ] Safepoint "Cleanup", Time since last: 1060827750 ns, Reaching safepoint: 61709 ns, Cleanup: 46125 ns, At safepoint: 26416 ns, Total: 134250 ns
[2025-09-03T08:54:55.739+0000][182][info ][safepoint   ] Safepoint "Cleanup", Time since last: 1001196959 ns, Reaching safepoint: 15917 ns, Cleanup: 32625 ns, At safepoint: 9708 ns, Total: 58250 ns
[2025-09-03T08:54:57.743+0000][182][info ][safepoint   ] Safepoint "Cleanup", Time since last: 2003509459 ns, Reaching safepoint: 132500 ns, Cleanup: 25167 ns, At safepoint: 26750 ns, Total: 184417 ns
[2025-09-03T08:54:58.745+0000][182][info ][safepoint   ] Safepoint "Cleanup", Time since last: 1001668917 ns, Reaching safepoint: 91042 ns, Cleanup: 40875 ns, At safepoint: 19416 ns, Total: 151333 ns
[2025-09-03T08:55:00.747+0000][182][info ][safepoint   ] Safepoint "Cleanup", Time since last: 2002591751 ns, Reaching safepoint: 15875 ns, Cleanup: 16625 ns, At safepoint: 9459 ns, Total: 41959 ns
[2025-09-03T08:55:01.751+0000][182][info ][safepoint   ] Safepoint "Cleanup", Time since last: 1000950916 ns, Reaching safepoint: 113417 ns, Cleanup: 43958 ns, At safepoint: 16625 ns, Total: 174000 ns
[2025-09-03T08:55:03.752+0000][182][info ][safepoint   ] Safepoint "Cleanup", Time since last: 2001231584 ns, Reaching safepoint: 122917 ns, Cleanup: 13542 ns, At safepoint: 6708 ns, Total: 143167 ns
[2025-09-03T08:55:05.754+0000][182][info ][safepoint   ] Safepoint "Cleanup", Time since last: 2001697418 ns, Reaching safepoint: 89750 ns, Cleanup: 26208 ns, At safepoint: 14083 ns, Total: 130041 ns
[2025-09-03T08:55:07.756+0000][182][info ][safepoint   ] Safepoint "Cleanup", Time since last: 2002313126 ns, Reaching safepoint: 50292 ns, Cleanup: 101458 ns, At safepoint: 25042 ns, Total: 176792 ns
[2025-09-03T08:55:09.644+0000][182][info ][safepoint   ] Safepoint "Cleanup", Time since last: 1886556917 ns, Reaching safepoint: 478625 ns, Cleanup: 202667 ns, At safepoint: 25583 ns, Total: 706875 ns
[2025-09-03T08:55:10.656+0000][182][info ][safepoint   ] Safepoint "Cleanup", Time since last: 1012407376 ns, Reaching safepoint: 69375 ns, Cleanup: 118375 ns, At safepoint: 24958 ns, Total: 212708 ns
[2025-09-03T08:55:12.658+0000][182][info ][safepoint   ] Safepoint "Cleanup", Time since last: 2002091251 ns, Reaching safepoint: 110292 ns, Cleanup: 11291 ns, At safepoint: 18334 ns, Total: 139917 ns
[2025-09-03T08:55:13.660+0000][182][info ][safepoint   ] Safepoint "Cleanup", Time since last: 1001205625 ns, Reaching safepoint: 72292 ns, Cleanup: 77708 ns, At safepoint: 15709 ns, Total: 165709 ns
[2025-09-03T08:55:15.662+0000][182][info ][safepoint   ] Safepoint "Cleanup", Time since last: 2002195792 ns, Reaching safepoint: 172292 ns, Cleanup: 151458 ns, At safepoint: 13500 ns, Total: 337250 ns
[2025-09-03T08:55:16.664+0000][182][info ][safepoint   ] Safepoint "Cleanup", Time since last: 1001362792 ns, Reaching safepoint: 149125 ns, Cleanup: 69167 ns, At safepoint: 25667 ns, Total: 243959 ns
[2025-09-03T08:55:18.667+0000][182][info ][safepoint   ] Safepoint "Cleanup", Time since last: 2002861209 ns, Reaching safepoint: 162292 ns, Cleanup: 98750 ns, At safepoint: 27083 ns, Total: 288125 ns
[2025-09-03T08:55:20.670+0000][182][info ][safepoint   ] Safepoint "Cleanup", Time since last: 2002371918 ns, Reaching safepoint: 42500 ns, Cleanup: 24833 ns, At safepoint: 10958 ns, Total: 78291 ns
[2025-09-03T08:55:22.290+0000][182][info ][safepoint   ] Safepoint "Cleanup", Time since last: 1619995376 ns, Reaching safepoint: 6875 ns, Cleanup: 38083 ns, At safepoint: 2000 ns, Total: 46958 ns
[2025-09-03T08:55:23.859+0000][182][info ][safepoint   ] Safepoint "Cleanup", Time since last: 1569607209 ns, Reaching safepoint: 5792 ns, Cleanup: 178958 ns, At safepoint: 10292 ns, Total: 195042 ns
[2025-09-03T08:55:24.581+0000][182][info ][safepoint   ] Safepoint "ICBufferFull", Time since last: 721988417 ns, Reaching safepoint: 9167 ns, Cleanup: 64083 ns, At safepoint: 4833 ns, Total: 78083 ns
[2025-09-03T08:55:24.582+0000][182][info ][safepoint   ] Safepoint "ICBufferFull", Time since last: 386959 ns, Reaching safepoint: 5750 ns, Cleanup: 9916 ns, At safepoint: 6125 ns, Total: 21791 ns
[2025-09-03T08:55:24.582+0000][182][info ][safepoint   ] Safepoint "ICBufferFull", Time since last: 154334 ns, Reaching safepoint: 325750 ns, Cleanup: 1416 ns, At safepoint: 17084 ns, Total: 344250 ns
[2025-09-03T08:55:25.593+0000][182][info ][safepoint   ] Safepoint "Cleanup", Time since last: 1010229375 ns, Reaching safepoint: 56292 ns, Cleanup: 201500 ns, At safepoint: 22167 ns, Total: 279959 ns
[2025-09-03T08:55:28.600+0000][182][info ][safepoint   ] Safepoint "Cleanup", Time since last: 3006547584 ns, Reaching safepoint: 195792 ns, Cleanup: 175417 ns, At safepoint: 24208 ns, Total: 395417 ns
[2025-09-03T08:55:30.603+0000][182][info ][safepoint   ] Safepoint "Cleanup", Time since last: 2002559043 ns, Reaching safepoint: 89125 ns, Cleanup: 39833 ns, At safepoint: 18333 ns, Total: 147291 ns
[2025-09-03T08:55:31.604+0000][182][info ][safepoint   ] Safepoint "Cleanup", Time since last: 1001310750 ns, Reaching safepoint: 59000 ns, Cleanup: 34000 ns, At safepoint: 20209 ns, Total: 113209 ns
[2025-09-03T08:55:32.606+0000][182][info ][safepoint   ] Safepoint "Cleanup", Time since last: 1002212500 ns, Reaching safepoint: 22458 ns, Cleanup: 14625 ns, At safepoint: 8959 ns, Total: 46042 ns
[2025-09-03T08:55:33.607+0000][182][info ][safepoint   ] Safepoint "Cleanup", Time since last: 1001191292 ns, Reaching safepoint: 45833 ns, Cleanup: 64333 ns, At safepoint: 9709 ns, Total: 119875 ns
[2025-09-03T08:55:35.609+0000][182][info ][safepoint   ] Safepoint "Cleanup", Time since last: 2001980584 ns, Reaching safepoint: 13875 ns, Cleanup: 28667 ns, At safepoint: 6166 ns, Total: 48708 ns
[2025-09-03T08:55:37.612+0000][182][info ][safepoint   ] Safepoint "Cleanup", Time since last: 2002102168 ns, Reaching safepoint: 97000 ns, Cleanup: 74083 ns, At safepoint: 243625 ns, Total: 414708 ns
[2025-09-03T08:55:38.614+0000][182][info ][safepoint   ] Safepoint "Cleanup", Time since last: 1001350584 ns, Reaching safepoint: 110000 ns, Cleanup: 84459 ns, At safepoint: 24208 ns, Total: 218667 ns
[2025-09-03T08:55:39.615+0000][182][info ][safepoint   ] Safepoint "Cleanup", Time since last: 1000729500 ns, Reaching safepoint: 235792 ns, Cleanup: 43958 ns, At safepoint: 25334 ns, Total: 305084 ns
[2025-09-03T08:55:40.616+0000][182][info ][safepoint   ] Safepoint "Cleanup", Time since last: 1001061792 ns, Reaching safepoint: 53833 ns, Cleanup: 32792 ns, At safepoint: 17125 ns, Total: 103750 ns
[2025-09-03T08:55:41.616+0000][182][info ][safepoint   ] Safepoint "Cleanup", Time since last: 1000548875 ns, Reaching safepoint: 78209 ns, Cleanup: 31250 ns, At safepoint: 21333 ns, Total: 130792 ns
[2025-09-03T08:55:43.619+0000][182][info ][safepoint   ] Safepoint "Cleanup", Time since last: 2002599251 ns, Reaching safepoint: 250125 ns, Cleanup: 45542 ns, At safepoint: 21250 ns, Total: 316917 ns
[2025-09-03T08:55:45.622+0000][182][info ][safepoint   ] Safepoint "Cleanup", Time since last: 2002331001 ns, Reaching safepoint: 281333 ns, Cleanup: 131625 ns, At safepoint: 40458 ns, Total: 453416 ns
[2025-09-03T08:55:46.624+0000][182][info ][safepoint   ] Safepoint "Cleanup", Time since last: 1002104959 ns, Reaching safepoint: 39125 ns, Cleanup: 56375 ns, At safepoint: 17625 ns, Total: 113125 ns
[2025-09-03T08:55:47.732+0000][182][info ][safepoint   ] Safepoint "Cleanup", Time since last: 1107119376 ns, Reaching safepoint: 17708 ns, Cleanup: 21250 ns, At safepoint: 20208 ns, Total: 59166 ns
[2025-09-03T08:55:48.733+0000][182][info ][safepoint   ] Safepoint "Cleanup", Time since last: 1001152334 ns, Reaching safepoint: 78500 ns, Cleanup: 119458 ns, At safepoint: 20000 ns, Total: 217958 ns
[2025-09-03T08:55:49.736+0000][182][info ][safepoint   ] Safepoint "Cleanup", Time since last: 1002442584 ns, Reaching safepoint: 82917 ns, Cleanup: 102167 ns, At safepoint: 19750 ns, Total: 204834 ns
[2025-09-03T08:55:50.737+0000][182][info ][safepoint   ] Safepoint "Cleanup", Time since last: 1000810000 ns, Reaching safepoint: 99375 ns, Cleanup: 58875 ns, At safepoint: 22667 ns, Total: 180917 ns
[2025-09-03T08:55:52.739+0000][182][info ][safepoint   ] Safepoint "Cleanup", Time since last: 2002954709 ns, Reaching safepoint: 13208 ns, Cleanup: 13209 ns, At safepoint: 4541 ns, Total: 30958 ns
[2025-09-03T08:55:55.743+0000][182][info ][safepoint   ] Safepoint "Cleanup", Time since last: 3003572002 ns, Reaching safepoint: 123041 ns, Cleanup: 59834 ns, At safepoint: 18500 ns, Total: 201375 ns
[2025-09-03T08:55:58.749+0000][182][info ][safepoint   ] Safepoint "Cleanup", Time since last: 3005098584 ns, Reaching safepoint: 94959 ns, Cleanup: 38791 ns, At safepoint: 12542 ns, Total: 146292 ns
[2025-09-03T08:55:59.752+0000][182][info ][safepoint   ] Safepoint "Cleanup", Time since last: 1002844417 ns, Reaching safepoint: 878250 ns, Cleanup: 25375 ns, At safepoint: 31709 ns, Total: 935334 ns
[2025-09-03T08:56:00.754+0000][182][info ][safepoint   ] Safepoint "Cleanup", Time since last: 1001190667 ns, Reaching safepoint: 120000 ns, Cleanup: 48500 ns, At safepoint: 19041 ns, Total: 187541 ns
[2025-09-03T08:56:01.755+0000][182][info ][safepoint   ] Safepoint "Cleanup", Time since last: 1001658126 ns, Reaching safepoint: 84250 ns, Cleanup: 120958 ns, At safepoint: 27083 ns, Total: 232291 ns
[2025-09-03T08:56:02.757+0000][182][info ][safepoint   ] Safepoint "Cleanup", Time since last: 1001874626 ns, Reaching safepoint: 40166 ns, Cleanup: 32209 ns, At safepoint: 9583 ns, Total: 81958 ns
[2025-09-03T08:56:03.758+0000][182][info ][safepoint   ] Safepoint "Cleanup", Time since last: 1000952376 ns, Reaching safepoint: 68291 ns, Cleanup: 196417 ns, At safepoint: 35208 ns, Total: 299916 ns
[2025-09-03T08:56:04.760+0000][182][info ][safepoint   ] Safepoint "Cleanup", Time since last: 1001425417 ns, Reaching safepoint: 78084 ns, Cleanup: 41916 ns, At safepoint: 8500 ns, Total: 128500 ns
[2025-09-03T08:56:05.761+0000][182][info ][safepoint   ] Safepoint "Cleanup", Time since last: 1001449334 ns, Reaching safepoint: 67084 ns, Cleanup: 49208 ns, At safepoint: 15292 ns, Total: 131584 ns
[2025-09-03T08:56:07.764+0000][182][info ][safepoint   ] Safepoint "Cleanup", Time since last: 2002516167 ns, Reaching safepoint: 97750 ns, Cleanup: 86042 ns, At safepoint: 30750 ns, Total: 214542 ns
[2025-09-03T08:56:08.767+0000][182][info ][safepoint   ] Safepoint "Cleanup", Time since last: 1002516250 ns, Reaching safepoint: 103959 ns, Cleanup: 76416 ns, At safepoint: 20000 ns, Total: 200375 ns
[2025-09-03T08:56:09.768+0000][182][info ][safepoint   ] Safepoint "Cleanup", Time since last: 1001031542 ns, Reaching safepoint: 98042 ns, Cleanup: 67250 ns, At safepoint: 31000 ns, Total: 196292 ns
[2025-09-03T08:56:10.770+0000][182][info ][safepoint   ] Safepoint "Cleanup", Time since last: 1002205084 ns, Reaching safepoint: 96458 ns, Cleanup: 56042 ns, At safepoint: 27500 ns, Total: 180000 ns
[2025-09-03T08:56:12.774+0000][182][info ][safepoint   ] Safepoint "Cleanup", Time since last: 2003243126 ns, Reaching safepoint: 78417 ns, Cleanup: 32333 ns, At safepoint: 12500 ns, Total: 123250 ns
[2025-09-03T08:56:13.775+0000][182][info ][safepoint   ] Safepoint "Cleanup", Time since last: 1001350000 ns, Reaching safepoint: 97417 ns, Cleanup: 26583 ns, At safepoint: 9167 ns, Total: 133167 ns
[2025-09-03T08:56:15.777+0000][182][info ][safepoint   ] Safepoint "Cleanup", Time since last: 2001574043 ns, Reaching safepoint: 138791 ns, Cleanup: 244834 ns, At safepoint: 24166 ns, Total: 407791 ns
[2025-09-03T08:56:16.779+0000][182][info ][safepoint   ] Safepoint "Cleanup", Time since last: 1001480459 ns, Reaching safepoint: 72042 ns, Cleanup: 47416 ns, At safepoint: 18084 ns, Total: 137542 ns
[2025-09-03T08:56:18.783+0000][182][info ][safepoint   ] Safepoint "Cleanup", Time since last: 2004457459 ns, Reaching safepoint: 68042 ns, Cleanup: 37416 ns, At safepoint: 15959 ns, Total: 121417 ns
[2025-09-03T08:56:22.789+0000][182][info ][safepoint   ] Safepoint "Cleanup", Time since last: 4005400293 ns, Reaching safepoint: 59542 ns, Cleanup: 76417 ns, At safepoint: 25500 ns, Total: 161459 ns
[2025-09-03T08:56:23.792+0000][182][info ][safepoint   ] Safepoint "Cleanup", Time since last: 1003142500 ns, Reaching safepoint: 53333 ns, Cleanup: 52209 ns, At safepoint: 10291 ns, Total: 115833 ns
[2025-09-03T08:56:24.794+0000][182][info ][safepoint   ] Safepoint "Cleanup", Time since last: 1001598168 ns, Reaching safepoint: 39958 ns, Cleanup: 20542 ns, At safepoint: 10541 ns, Total: 71041 ns
[2025-09-03T08:56:25.290+0000][182][info ][safepoint   ] Safepoint "ICBufferFull", Time since last: 495681209 ns, Reaching safepoint: 12666 ns, Cleanup: 137334 ns, At safepoint: 13250 ns, Total: 163250 ns
[2025-09-03T08:56:26.076+0000][182][info ][safepoint   ] Safepoint "ICBufferFull", Time since last: 785274750 ns, Reaching safepoint: 664000 ns, Cleanup: 147292 ns, At safepoint: 15333 ns, Total: 826625 ns
[2025-09-03T08:56:27.079+0000][182][info ][safepoint   ] Safepoint "Cleanup", Time since last: 1002158459 ns, Reaching safepoint: 957458 ns, Cleanup: 89042 ns, At safepoint: 27125 ns, Total: 1073625 ns
[2025-09-03T08:56:29.084+0000][182][info ][safepoint   ] Safepoint "Cleanup", Time since last: 2004630959 ns, Reaching safepoint: 109834 ns, Cleanup: 67250 ns, At safepoint: 15125 ns, Total: 192209 ns
[2025-09-03T08:56:30.085+0000][182][info ][safepoint   ] Safepoint "Cleanup", Time since last: 1001245875 ns, Reaching safepoint: 50750 ns, Cleanup: 33417 ns, At safepoint: 13833 ns, Total: 98000 ns
[2025-09-03T08:56:31.087+0000][182][info ][safepoint   ] Safepoint "Cleanup", Time since last: 1001370500 ns, Reaching safepoint: 54167 ns, Cleanup: 32750 ns, At safepoint: 10583 ns, Total: 97500 ns
[2025-09-03T08:56:32.088+0000][182][info ][safepoint   ] Safepoint "Cleanup", Time since last: 1001031126 ns, Reaching safepoint: 55125 ns, Cleanup: 50083 ns, At safepoint: 14542 ns, Total: 119750 ns
[2025-09-03T08:56:33.089+0000][182][info ][safepoint   ] Safepoint "Cleanup", Time since last: 1000688834 ns, Reaching safepoint: 18833 ns, Cleanup: 22875 ns, At safepoint: 8000 ns, Total: 49708 ns
[2025-09-03T08:56:34.090+0000][182][info ][safepoint   ] Safepoint "Cleanup", Time since last: 1001055584 ns, Reaching safepoint: 152000 ns, Cleanup: 46375 ns, At safepoint: 12250 ns, Total: 210625 ns
[2025-09-03T08:56:35.091+0000][182][info ][safepoint   ] Safepoint "Cleanup", Time since last: 1000947542 ns, Reaching safepoint: 73125 ns, Cleanup: 44708 ns, At safepoint: 13042 ns, Total: 130875 ns
[2025-09-03T08:56:39.096+0000][182][info ][safepoint   ] Safepoint "Cleanup", Time since last: 4004625043 ns, Reaching safepoint: 225834 ns, Cleanup: 142583 ns, At safepoint: 44542 ns, Total: 412959 ns
[2025-09-03T08:56:41.099+0000][182][info ][safepoint   ] Safepoint "Cleanup", Time since last: 2002996959 ns, Reaching safepoint: 96750 ns, Cleanup: 60375 ns, At safepoint: 28333 ns, Total: 185458 ns
[2025-09-03T08:56:46.106+0000][182][info ][safepoint   ] Safepoint "Cleanup", Time since last: 5006009669 ns, Reaching safepoint: 192417 ns, Cleanup: 71958 ns, At safepoint: 17792 ns, Total: 282167 ns
[2025-09-03T08:56:47.920+0000][182][info ][safepoint   ] Safepoint "Cleanup", Time since last: 1814717918 ns, Reaching safepoint: 25416 ns, Cleanup: 40084 ns, At safepoint: 20791 ns, Total: 86291 ns
[2025-09-03T08:56:52.926+0000][182][info ][safepoint   ] Safepoint "Cleanup", Time since last: 5005861003 ns, Reaching safepoint: 65416 ns, Cleanup: 47667 ns, At safepoint: 11542 ns, Total: 124625 ns
[2025-09-03T08:56:53.927+0000][182][info ][safepoint   ] Safepoint "Cleanup", Time since last: 1000499459 ns, Reaching safepoint: 45958 ns, Cleanup: 23250 ns, At safepoint: 9792 ns, Total: 79000 ns
[2025-09-03T08:56:55.930+0000][182][info ][safepoint   ] Safepoint "Cleanup", Time since last: 2002557000 ns, Reaching safepoint: 106042 ns, Cleanup: 93875 ns, At safepoint: 12167 ns, Total: 212084 ns
[2025-09-03T08:56:58.935+0000][182][info ][safepoint   ] Safepoint "Cleanup", Time since last: 3004508210 ns, Reaching safepoint: 296583 ns, Cleanup: 132458 ns, At safepoint: 78125 ns, Total: 507166 ns
[2025-09-03T08:56:59.936+0000][182][info ][safepoint   ] Safepoint "Cleanup", Time since last: 1001243459 ns, Reaching safepoint: 87083 ns, Cleanup: 76667 ns, At safepoint: 14750 ns, Total: 178500 ns
[2025-09-03T08:57:00.939+0000][182][info ][safepoint   ] Safepoint "Cleanup", Time since last: 1001816791 ns, Reaching safepoint: 39500 ns, Cleanup: 150417 ns, At safepoint: 30542 ns, Total: 220459 ns
[2025-09-03T08:57:02.942+0000][182][info ][safepoint   ] Safepoint "Cleanup", Time since last: 2002812917 ns, Reaching safepoint: 44417 ns, Cleanup: 34333 ns, At safepoint: 14125 ns, Total: 92875 ns
[2025-09-03T08:57:03.944+0000][182][info ][safepoint   ] Safepoint "Cleanup", Time since last: 1001788917 ns, Reaching safepoint: 58417 ns, Cleanup: 38292 ns, At safepoint: 17541 ns, Total: 114250 ns
[2025-09-03T08:57:04.945+0000][182][info ][safepoint   ] Safepoint "Cleanup", Time since last: 1000903042 ns, Reaching safepoint: 29417 ns, Cleanup: 36125 ns, At safepoint: 13583 ns, Total: 79125 ns
[2025-09-03T08:57:05.946+0000][182][info ][safepoint   ] Safepoint "Cleanup", Time since last: 1000291043 ns, Reaching safepoint: 430083 ns, Cleanup: 45000 ns, At safepoint: 13750 ns, Total: 488833 ns
[2025-09-03T08:57:06.947+0000][182][info ][safepoint   ] Safepoint "Cleanup", Time since last: 1001794084 ns, Reaching safepoint: 61000 ns, Cleanup: 38708 ns, At safepoint: 31708 ns, Total: 131416 ns
[2025-09-03T08:57:07.949+0000][182][info ][safepoint   ] Safepoint "Cleanup", Time since last: 1001093793 ns, Reaching safepoint: 52625 ns, Cleanup: 44166 ns, At safepoint: 17500 ns, Total: 114291 ns
[2025-09-03T08:57:08.950+0000][182][info ][safepoint   ] Safepoint "Cleanup", Time since last: 1000991959 ns, Reaching safepoint: 71708 ns, Cleanup: 105459 ns, At safepoint: 22750 ns, Total: 199917 ns
[2025-09-03T08:57:09.951+0000][182][info ][safepoint   ] Safepoint "Cleanup", Time since last: 1000771375 ns, Reaching safepoint: 95375 ns, Cleanup: 114709 ns, At safepoint: 41708 ns, Total: 251792 ns
[2025-09-03T08:57:12.955+0000][182][info ][safepoint   ] Safepoint "Cleanup", Time since last: 3004220418 ns, Reaching safepoint: 119167 ns, Cleanup: 84583 ns, At safepoint: 36583 ns, Total: 240333 ns
[2025-09-03T08:57:15.959+0000][182][info ][safepoint   ] Safepoint "Cleanup", Time since last: 3003913918 ns, Reaching safepoint: 39209 ns, Cleanup: 62208 ns, At safepoint: 8708 ns, Total: 110125 ns
[2025-09-03T08:57:16.960+0000][182][info ][safepoint   ] Safepoint "Cleanup", Time since last: 1000541959 ns, Reaching safepoint: 88042 ns, Cleanup: 75917 ns, At safepoint: 22125 ns, Total: 186084 ns
[2025-09-03T08:57:20.965+0000][182][info ][safepoint   ] Safepoint "Cleanup", Time since last: 4004759418 ns, Reaching safepoint: 19833 ns, Cleanup: 21292 ns, At safepoint: 8167 ns, Total: 49292 ns
[2025-09-03T08:57:22.967+0000][182][info ][safepoint   ] Safepoint "Cleanup", Time since last: 2002311084 ns, Reaching safepoint: 78667 ns, Cleanup: 39333 ns, At safepoint: 20917 ns, Total: 138917 ns
[2025-09-03T08:57:23.969+0000][182][info ][safepoint   ] Safepoint "Cleanup", Time since last: 1001360000 ns, Reaching safepoint: 83459 ns, Cleanup: 45458 ns, At safepoint: 19292 ns, Total: 148209 ns
[2025-09-03T08:57:25.971+0000][182][info ][safepoint   ] Safepoint "Cleanup", Time since last: 2002214875 ns, Reaching safepoint: 86917 ns, Cleanup: 124792 ns, At safepoint: 29208 ns, Total: 240917 ns
[2025-09-03T08:57:26.973+0000][182][info ][safepoint   ] Safepoint "Cleanup", Time since last: 1001452501 ns, Reaching safepoint: 25166 ns, Cleanup: 15584 ns, At safepoint: 13375 ns, Total: 54125 ns
[2025-09-03T08:57:27.974+0000][182][info ][safepoint   ] Safepoint "Cleanup", Time since last: 1001402625 ns, Reaching safepoint: 68042 ns, Cleanup: 35458 ns, At safepoint: 14333 ns, Total: 117833 ns
[2025-09-03T08:57:29.295+0000][182][info ][safepoint   ] Safepoint "Cleanup", Time since last: 1319811501 ns, Reaching safepoint: 366333 ns, Cleanup: 122750 ns, At safepoint: 23625 ns, Total: 512708 ns
[2025-09-03T08:57:30.339+0000][182][info ][safepoint   ] Safepoint "Cleanup", Time since last: 1044477293 ns, Reaching safepoint: 12958 ns, Cleanup: 135083 ns, At safepoint: 24292 ns, Total: 172333 ns
[2025-09-03T08:57:31.285+0000][182][info ][gc,start    ] GC(20) Pause Young (Mixed) (G1 Evacuation Pause)
[2025-09-03T08:57:31.285+0000][182][info ][gc,task     ] GC(20) Using 8 workers of 8 for evacuation
[2025-09-03T08:57:31.285+0000][182][debug][gc,age      ] GC(20) Desired survivor size 41943040 bytes, new threshold 15 (max threshold 15)
[2025-09-03T08:57:31.317+0000][182][info ][gc,phases   ] GC(20)   Pre Evacuate Collection Set: 0.90ms
[2025-09-03T08:57:31.317+0000][182][info ][gc,phases   ] GC(20)   Merge Heap Roots: 0.46ms
[2025-09-03T08:57:31.317+0000][182][info ][gc,phases   ] GC(20)   Evacuate Collection Set: 27.71ms
[2025-09-03T08:57:31.317+0000][182][info ][gc,phases   ] GC(20)   Post Evacuate Collection Set: 2.29ms
[2025-09-03T08:57:31.317+0000][182][info ][gc,phases   ] GC(20)   Other: 0.41ms
[2025-09-03T08:57:31.317+0000][182][trace][gc,age      ] GC(20) Age table with threshold 15 (max threshold 15)
[2025-09-03T08:57:31.317+0000][182][trace][gc,age      ] GC(20) - age   1:    3368488 bytes,    3368488 total
[2025-09-03T08:57:31.317+0000][182][trace][gc,age      ] GC(20) - age   2:    4396008 bytes,    7764496 total
[2025-09-03T08:57:31.317+0000][182][trace][gc,age      ] GC(20) - age   3:    8105104 bytes,   15869600 total
[2025-09-03T08:57:31.318+0000][182][info ][gc,heap     ] GC(20) Eden regions: 148->0(148)
[2025-09-03T08:57:31.318+0000][182][info ][gc,heap     ] GC(20) Survivor regions: 5->5(20)
[2025-09-03T08:57:31.318+0000][182][info ][gc,heap     ] GC(20) Old regions: 36->35
[2025-09-03T08:57:31.318+0000][182][info ][gc,heap     ] GC(20) Humongous regions: 2->2
[2025-09-03T08:57:31.318+0000][182][info ][gc,metaspace] GC(20) Metaspace: 157518K(161984K)->157518K(161984K) NonClass: 135672K(138176K)->135672K(138176K) Class: 21846K(23808K)->21846K(23808K)
[2025-09-03T08:57:31.318+0000][182][info ][gc          ] GC(20) Pause Young (Mixed) (G1 Evacuation Pause) 757M->164M(1024M) 32.929ms
[2025-09-03T08:57:31.318+0000][182][info ][gc,cpu      ] GC(20) User=0.22s Sys=0.01s Real=0.03s
[2025-09-03T08:57:31.318+0000][182][info ][safepoint   ] Safepoint "G1CollectForAllocation", Time since last: 945603166 ns, Reaching safepoint: 97375 ns, Cleanup: 37833 ns, At safepoint: 33165542 ns, Total: 33300750 ns
[2025-09-03T08:57:32.319+0000][182][info ][safepoint   ] Safepoint "Cleanup", Time since last: 1000614584 ns, Reaching safepoint: 83375 ns, Cleanup: 49625 ns, At safepoint: 22917 ns, Total: 155917 ns
[2025-09-03T08:57:33.321+0000][182][info ][safepoint   ] Safepoint "Cleanup", Time since last: 1002073125 ns, Reaching safepoint: 152625 ns, Cleanup: 47750 ns, At safepoint: 21292 ns, Total: 221667 ns
[2025-09-03T08:57:34.323+0000][182][info ][safepoint   ] Safepoint "Cleanup", Time since last: 1002003917 ns, Reaching safepoint: 22666 ns, Cleanup: 26709 ns, At safepoint: 9000 ns, Total: 58375 ns
[2025-09-03T08:57:35.324+0000][182][info ][safepoint   ] Safepoint "Cleanup", Time since last: 1001324750 ns, Reaching safepoint: 53834 ns, Cleanup: 32791 ns, At safepoint: 14667 ns, Total: 101292 ns
[2025-09-03T08:57:36.327+0000][182][info ][safepoint   ] Safepoint "Cleanup", Time since last: 1002463917 ns, Reaching safepoint: 76833 ns, Cleanup: 105417 ns, At safepoint: 88125 ns, Total: 270375 ns
[2025-09-03T08:57:37.329+0000][182][info ][safepoint   ] Safepoint "Cleanup", Time since last: 1001491376 ns, Reaching safepoint: 21750 ns, Cleanup: 17833 ns, At safepoint: 8625 ns, Total: 48208 ns
[2025-09-03T08:57:38.330+0000][182][info ][safepoint   ] Safepoint "Cleanup", Time since last: 1000892375 ns, Reaching safepoint: 43834 ns, Cleanup: 24125 ns, At safepoint: 11500 ns, Total: 79459 ns
[2025-09-03T08:57:39.331+0000][182][info ][safepoint   ] Safepoint "Cleanup", Time since last: 1001275375 ns, Reaching safepoint: 53584 ns, Cleanup: 30291 ns, At safepoint: 14959 ns, Total: 98834 ns
[2025-09-03T08:57:43.337+0000][182][info ][safepoint   ] Safepoint "Cleanup", Time since last: 4005467043 ns, Reaching safepoint: 15458 ns, Cleanup: 32667 ns, At safepoint: 8875 ns, Total: 57000 ns
[2025-09-03T08:57:46.342+0000][182][info ][safepoint   ] Safepoint "Cleanup", Time since last: 3005477335 ns, Reaching safepoint: 26750 ns, Cleanup: 22625 ns, At safepoint: 5917 ns, Total: 55292 ns
[2025-09-03T08:57:49.035+0000][182][info ][safepoint   ] Safepoint "Cleanup", Time since last: 2692796959 ns, Reaching safepoint: 43084 ns, Cleanup: 55083 ns, At safepoint: 14042 ns, Total: 112209 ns
[2025-09-03T08:57:54.042+0000][182][info ][safepoint   ] Safepoint "Cleanup", Time since last: 5006973044 ns, Reaching safepoint: 57750 ns, Cleanup: 32375 ns, At safepoint: 50375 ns, Total: 140500 ns
[2025-09-03T08:57:57.160+0000][182][info ][safepoint   ] Safepoint "Cleanup", Time since last: 3117333043 ns, Reaching safepoint: 22791 ns, Cleanup: 15084 ns, At safepoint: 5708 ns, Total: 43583 ns
[2025-09-03T08:57:58.164+0000][182][info ][safepoint   ] Safepoint "Cleanup", Time since last: 1004148542 ns, Reaching safepoint: 46500 ns, Cleanup: 27084 ns, At safepoint: 13333 ns, Total: 86917 ns
[2025-09-03T08:57:59.166+0000][182][info ][safepoint   ] Safepoint "Cleanup", Time since last: 1002085584 ns, Reaching safepoint: 56916 ns, Cleanup: 29250 ns, At safepoint: 21667 ns, Total: 107833 ns
[2025-09-03T08:58:00.167+0000][182][info ][safepoint   ] Safepoint "Cleanup", Time since last: 1001285167 ns, Reaching safepoint: 40917 ns, Cleanup: 13791 ns, At safepoint: 7209 ns, Total: 61917 ns
[2025-09-03T08:58:01.168+0000][182][info ][safepoint   ] Safepoint "Cleanup", Time since last: 1001614583 ns, Reaching safepoint: 73334 ns, Cleanup: 48291 ns, At safepoint: 12875 ns, Total: 134500 ns
[2025-09-03T08:58:03.171+0000][182][info ][safepoint   ] Safepoint "Cleanup", Time since last: 2002133751 ns, Reaching safepoint: 828792 ns, Cleanup: 140917 ns, At safepoint: 8833 ns, Total: 978542 ns
[2025-09-03T08:58:04.174+0000][182][info ][safepoint   ] Safepoint "Cleanup", Time since last: 1002275125 ns, Reaching safepoint: 19834 ns, Cleanup: 17125 ns, At safepoint: 6750 ns, Total: 43709 ns
[2025-09-03T08:58:05.176+0000][182][info ][safepoint   ] Safepoint "Cleanup", Time since last: 1002139000 ns, Reaching safepoint: 22250 ns, Cleanup: 26709 ns, At safepoint: 7208 ns, Total: 56167 ns
[2025-09-03T08:58:08.179+0000][182][info ][safepoint   ] Safepoint "Cleanup", Time since last: 3003078418 ns, Reaching safepoint: 89958 ns, Cleanup: 63250 ns, At safepoint: 21542 ns, Total: 174750 ns
[2025-09-03T08:58:11.183+0000][182][info ][safepoint   ] Safepoint "Cleanup", Time since last: 3003514918 ns, Reaching safepoint: 34208 ns, Cleanup: 25292 ns, At safepoint: 9542 ns, Total: 69042 ns
[2025-09-03T08:58:13.185+0000][182][info ][safepoint   ] Safepoint "Cleanup", Time since last: 2001873501 ns, Reaching safepoint: 20041 ns, Cleanup: 20000 ns, At safepoint: 6625 ns, Total: 46666 ns
[2025-09-03T08:58:14.186+0000][182][info ][safepoint   ] Safepoint "Cleanup", Time since last: 1001028959 ns, Reaching safepoint: 36334 ns, Cleanup: 22458 ns, At safepoint: 8458 ns, Total: 67250 ns
[2025-09-03T08:58:15.196+0000][182][info ][safepoint   ] Safepoint "Cleanup", Time since last: 1004950126 ns, Reaching safepoint: 4959333 ns, Cleanup: 44500 ns, At safepoint: 15083 ns, Total: 5018916 ns
[2025-09-03T08:58:16.203+0000][182][info ][safepoint   ] Safepoint "Cleanup", Time since last: 1006795167 ns, Reaching safepoint: 286250 ns, Cleanup: 260000 ns, At safepoint: 51584 ns, Total: 597834 ns
[2025-09-03T08:58:18.206+0000][182][info ][safepoint   ] Safepoint "Cleanup", Time since last: 2002400542 ns, Reaching safepoint: 326167 ns, Cleanup: 43000 ns, At safepoint: 21250 ns, Total: 390417 ns
[2025-09-03T08:58:19.208+0000][182][info ][safepoint   ] Safepoint "Cleanup", Time since last: 1001866042 ns, Reaching safepoint: 44459 ns, Cleanup: 26791 ns, At safepoint: 9625 ns, Total: 80875 ns
[2025-09-03T08:58:20.210+0000][182][info ][safepoint   ] Safepoint "Cleanup", Time since last: 1001530626 ns, Reaching safepoint: 92583 ns, Cleanup: 68417 ns, At safepoint: 14708 ns, Total: 175708 ns
[2025-09-03T08:58:23.213+0000][182][info ][safepoint   ] Safepoint "Cleanup", Time since last: 3003102085 ns, Reaching safepoint: 131458 ns, Cleanup: 105917 ns, At safepoint: 37083 ns, Total: 274458 ns
[2025-09-03T08:58:24.215+0000][182][info ][safepoint   ] Safepoint "Cleanup", Time since last: 1001929334 ns, Reaching safepoint: 46458 ns, Cleanup: 106750 ns, At safepoint: 14584 ns, Total: 167792 ns
[2025-09-03T08:58:26.218+0000][182][info ][safepoint   ] Safepoint "Cleanup", Time since last: 2002821626 ns, Reaching safepoint: 283833 ns, Cleanup: 43458 ns, At safepoint: 17292 ns, Total: 344583 ns
[2025-09-03T08:58:28.221+0000][182][info ][safepoint   ] Safepoint "Cleanup", Time since last: 2002325793 ns, Reaching safepoint: 34375 ns, Cleanup: 19000 ns, At safepoint: 15125 ns, Total: 68500 ns
[2025-09-03T08:58:29.222+0000][182][info ][safepoint   ] Safepoint "Cleanup", Time since last: 1001076708 ns, Reaching safepoint: 257584 ns, Cleanup: 100750 ns, At safepoint: 38791 ns, Total: 397125 ns
[2025-09-03T08:58:30.241+0000][182][info ][safepoint   ] Safepoint "Cleanup", Time since last: 1016754126 ns, Reaching safepoint: 134208 ns, Cleanup: 1804959 ns, At safepoint: 28583 ns, Total: 1967750 ns
[2025-09-03T08:58:31.322+0000][182][info ][safepoint   ] Safepoint "Cleanup", Time since last: 1080960125 ns, Reaching safepoint: 9042 ns, Cleanup: 53125 ns, At safepoint: 2041 ns, Total: 64208 ns
[2025-09-03T08:58:32.592+0000][182][info ][safepoint   ] Safepoint "Cleanup", Time since last: 1269896334 ns, Reaching safepoint: 7667 ns, Cleanup: 93875 ns, At safepoint: 8542 ns, Total: 110084 ns
[2025-09-03T08:58:33.597+0000][182][info ][safepoint   ] Safepoint "Cleanup", Time since last: 1003925708 ns, Reaching safepoint: 195709 ns, Cleanup: 36541 ns, At safepoint: 16625 ns, Total: 248875 ns
[2025-09-03T08:58:34.598+0000][182][info ][safepoint   ] Safepoint "Cleanup", Time since last: 1001807459 ns, Reaching safepoint: 44292 ns, Cleanup: 30208 ns, At safepoint: 21959 ns, Total: 96459 ns
[2025-09-03T08:58:35.600+0000][182][info ][safepoint   ] Safepoint "Cleanup", Time since last: 1000507583 ns, Reaching safepoint: 1201792 ns, Cleanup: 28583 ns, At safepoint: 17250 ns, Total: 1247625 ns
[2025-09-03T08:58:37.603+0000][182][info ][safepoint   ] Safepoint "Cleanup", Time since last: 2002484460 ns, Reaching safepoint: 35708 ns, Cleanup: 21667 ns, At safepoint: 9125 ns, Total: 66500 ns
[2025-09-03T08:58:38.604+0000][182][info ][safepoint   ] Safepoint "Cleanup", Time since last: 1001086000 ns, Reaching safepoint: 173959 ns, Cleanup: 37625 ns, At safepoint: 43708 ns, Total: 255292 ns
[2025-09-03T08:58:40.606+0000][182][info ][safepoint   ] Safepoint "Cleanup", Time since last: 2002005751 ns, Reaching safepoint: 38083 ns, Cleanup: 36000 ns, At safepoint: 15208 ns, Total: 89291 ns
[2025-09-03T08:58:44.612+0000][182][info ][safepoint   ] Safepoint "Cleanup", Time since last: 4005910877 ns, Reaching safepoint: 147375 ns, Cleanup: 49667 ns, At safepoint: 26667 ns, Total: 223709 ns
[2025-09-03T08:58:48.242+0000][182][info ][safepoint   ] Safepoint "Cleanup", Time since last: 3629975585 ns, Reaching safepoint: 41375 ns, Cleanup: 25625 ns, At safepoint: 5250 ns, Total: 72250 ns
[2025-09-03T08:58:50.245+0000][182][info ][safepoint   ] Safepoint "Cleanup", Time since last: 2002019751 ns, Reaching safepoint: 90250 ns, Cleanup: 63541 ns, At safepoint: 69709 ns, Total: 223500 ns
[2025-09-03T08:58:56.251+0000][182][info ][safepoint   ] Safepoint "Cleanup", Time since last: 6006417169 ns, Reaching safepoint: 282375 ns, Cleanup: 108792 ns, At safepoint: 23500 ns, Total: 414667 ns
[2025-09-03T08:58:58.255+0000][182][info ][safepoint   ] Safepoint "Cleanup", Time since last: 2003758584 ns, Reaching safepoint: 74500 ns, Cleanup: 29834 ns, At safepoint: 14458 ns, Total: 118792 ns
[2025-09-03T08:58:59.257+0000][182][info ][safepoint   ] Safepoint "Cleanup", Time since last: 1001234625 ns, Reaching safepoint: 16000 ns, Cleanup: 11209 ns, At safepoint: 8375 ns, Total: 35584 ns
[2025-09-03T08:59:00.258+0000][182][info ][safepoint   ] Safepoint "Cleanup", Time since last: 1001076250 ns, Reaching safepoint: 19417 ns, Cleanup: 162625 ns, At safepoint: 66792 ns, Total: 248834 ns
[2025-09-03T08:59:02.262+0000][182][info ][safepoint   ] Safepoint "Cleanup", Time since last: 2003229791 ns, Reaching safepoint: 44417 ns, Cleanup: 95958 ns, At safepoint: 16042 ns, Total: 156417 ns
[2025-09-03T08:59:03.264+0000][182][info ][safepoint   ] Safepoint "Cleanup", Time since last: 1001967376 ns, Reaching safepoint: 15083 ns, Cleanup: 9625 ns, At safepoint: 8250 ns, Total: 32958 ns
[2025-09-03T08:59:06.267+0000][182][info ][safepoint   ] Safepoint "Cleanup", Time since last: 3002969918 ns, Reaching safepoint: 76292 ns, Cleanup: 59375 ns, At safepoint: 22291 ns, Total: 157958 ns
[2025-09-03T08:59:09.272+0000][182][info ][safepoint   ] Safepoint "Cleanup", Time since last: 3004640460 ns, Reaching safepoint: 131084 ns, Cleanup: 67750 ns, At safepoint: 33041 ns, Total: 231875 ns
[2025-09-03T08:59:13.277+0000][182][info ][safepoint   ] Safepoint "Cleanup", Time since last: 4004990335 ns, Reaching safepoint: 28250 ns, Cleanup: 19250 ns, At safepoint: 9125 ns, Total: 56625 ns
[2025-09-03T08:59:15.279+0000][182][info ][safepoint   ] Safepoint "Cleanup", Time since last: 2001950210 ns, Reaching safepoint: 44916 ns, Cleanup: 54917 ns, At safepoint: 9667 ns, Total: 109500 ns
[2025-09-03T08:59:18.282+0000][182][info ][safepoint   ] Safepoint "Cleanup", Time since last: 3002669376 ns, Reaching safepoint: 184583 ns, Cleanup: 52667 ns, At safepoint: 18875 ns, Total: 256125 ns
[2025-09-03T08:59:23.288+0000][182][info ][safepoint   ] Safepoint "Cleanup", Time since last: 5005936378 ns, Reaching safepoint: 73750 ns, Cleanup: 54416 ns, At safepoint: 19875 ns, Total: 148041 ns
[2025-09-03T08:59:26.291+0000][182][info ][safepoint   ] Safepoint "Cleanup", Time since last: 3003138710 ns, Reaching safepoint: 57000 ns, Cleanup: 45125 ns, At safepoint: 16875 ns, Total: 119000 ns
[2025-09-03T08:59:28.294+0000][182][info ][safepoint   ] Safepoint "Cleanup", Time since last: 2002714334 ns, Reaching safepoint: 82417 ns, Cleanup: 56542 ns, At safepoint: 34625 ns, Total: 173584 ns
[2025-09-03T08:59:29.296+0000][182][info ][safepoint   ] Safepoint "Cleanup", Time since last: 1001867625 ns, Reaching safepoint: 42417 ns, Cleanup: 32583 ns, At safepoint: 9750 ns, Total: 84750 ns
[2025-09-03T08:59:30.298+0000][182][info ][safepoint   ] Safepoint "Cleanup", Time since last: 1001738417 ns, Reaching safepoint: 45250 ns, Cleanup: 36625 ns, At safepoint: 13334 ns, Total: 95209 ns
[2025-09-03T08:59:32.300+0000][182][info ][safepoint   ] Safepoint "Cleanup", Time since last: 2001787167 ns, Reaching safepoint: 48666 ns, Cleanup: 32042 ns, At safepoint: 22958 ns, Total: 103666 ns
[2025-09-03T08:59:33.301+0000][182][info ][safepoint   ] Safepoint "Cleanup", Time since last: 1000962167 ns, Reaching safepoint: 60917 ns, Cleanup: 49250 ns, At safepoint: 18708 ns, Total: 128875 ns
[2025-09-03T08:59:34.346+0000][182][info ][safepoint   ] Safepoint "Cleanup", Time since last: 1045651376 ns, Reaching safepoint: 13500 ns, Cleanup: 16875 ns, At safepoint: 18833 ns, Total: 49208 ns
[2025-09-03T08:59:35.843+0000][182][info ][safepoint   ] Safepoint "Cleanup", Time since last: 1496709209 ns, Reaching safepoint: 10250 ns, Cleanup: 94084 ns, At safepoint: 18666 ns, Total: 123000 ns
[2025-09-03T08:59:36.848+0000][182][info ][safepoint   ] Safepoint "Cleanup", Time since last: 1004496709 ns, Reaching safepoint: 45208 ns, Cleanup: 37625 ns, At safepoint: 13209 ns, Total: 96042 ns
[2025-09-03T08:59:38.850+0000][182][info ][safepoint   ] Safepoint "Cleanup", Time since last: 2001670584 ns, Reaching safepoint: 67375 ns, Cleanup: 35583 ns, At safepoint: 16084 ns, Total: 119042 ns
[2025-09-03T08:59:40.853+0000][182][info ][safepoint   ] Safepoint "Cleanup", Time since last: 2003119542 ns, Reaching safepoint: 316959 ns, Cleanup: 41375 ns, At safepoint: 22000 ns, Total: 380334 ns
[2025-09-03T08:59:42.855+0000][182][info ][safepoint   ] Safepoint "Cleanup", Time since last: 2002340584 ns, Reaching safepoint: 36250 ns, Cleanup: 29333 ns, At safepoint: 8709 ns, Total: 74292 ns
[2025-09-03T08:59:43.857+0000][182][info ][safepoint   ] Safepoint "Cleanup", Time since last: 1001242917 ns, Reaching safepoint: 53125 ns, Cleanup: 54041 ns, At safepoint: 32167 ns, Total: 139333 ns
[2025-09-03T08:59:45.860+0000][182][info ][safepoint   ] Safepoint "Cleanup", Time since last: 2002881459 ns, Reaching safepoint: 47917 ns, Cleanup: 79250 ns, At safepoint: 63917 ns, Total: 191084 ns
[2025-09-03T08:59:48.448+0000][182][info ][safepoint   ] Safepoint "Cleanup", Time since last: 2588297751 ns, Reaching safepoint: 117917 ns, Cleanup: 36208 ns, At safepoint: 5917 ns, Total: 160042 ns
[2025-09-03T08:59:52.348+0000][182][info ][safepoint   ] Safepoint "Cleanup", Time since last: 3899597210 ns, Reaching safepoint: 5750 ns, Cleanup: 15666 ns, At safepoint: 2459 ns, Total: 23875 ns
[2025-09-03T08:59:53.932+0000][182][info ][safepoint   ] Safepoint "Cleanup", Time since last: 1584260959 ns, Reaching safepoint: 42750 ns, Cleanup: 40333 ns, At safepoint: 15292 ns, Total: 98375 ns
[2025-09-03T08:59:54.989+0000][182][info ][safepoint   ] Safepoint "Cleanup", Time since last: 1056879667 ns, Reaching safepoint: 44042 ns, Cleanup: 41958 ns, At safepoint: 11333 ns, Total: 97333 ns
[2025-09-03T08:59:55.991+0000][182][info ][safepoint   ] Safepoint "Cleanup", Time since last: 1001334459 ns, Reaching safepoint: 19750 ns, Cleanup: 22000 ns, At safepoint: 19500 ns, Total: 61250 ns
[2025-09-03T08:59:57.993+0000][182][info ][safepoint   ] Safepoint "Cleanup", Time since last: 2001763376 ns, Reaching safepoint: 32292 ns, Cleanup: 22750 ns, At safepoint: 8125 ns, Total: 63167 ns
[2025-09-03T08:59:58.993+0000][182][info ][safepoint   ] Safepoint "Cleanup", Time since last: 1000757792 ns, Reaching safepoint: 46125 ns, Cleanup: 33333 ns, At safepoint: 13334 ns, Total: 92792 ns
[2025-09-03T09:00:01.996+0000][182][info ][safepoint   ] Safepoint "Cleanup", Time since last: 3003214334 ns, Reaching safepoint: 39708 ns, Cleanup: 21917 ns, At safepoint: 9625 ns, Total: 71250 ns
[2025-09-03T09:00:02.998+0000][182][info ][safepoint   ] Safepoint "Cleanup", Time since last: 1000880334 ns, Reaching safepoint: 109125 ns, Cleanup: 45125 ns, At safepoint: 31667 ns, Total: 185917 ns
[2025-09-03T09:00:05.001+0000][182][info ][safepoint   ] Safepoint "Cleanup", Time since last: 2003577500 ns, Reaching safepoint: 86334 ns, Cleanup: 35000 ns, At safepoint: 29916 ns, Total: 151250 ns
[2025-09-03T09:00:06.003+0000][182][info ][safepoint   ] Safepoint "Cleanup", Time since last: 1001300459 ns, Reaching safepoint: 88709 ns, Cleanup: 51291 ns, At safepoint: 14584 ns, Total: 154584 ns
[2025-09-03T09:00:08.006+0000][182][info ][safepoint   ] Safepoint "Cleanup", Time since last: 2003352626 ns, Reaching safepoint: 89333 ns, Cleanup: 38208 ns, At safepoint: 18584 ns, Total: 146125 ns
[2025-09-03T09:00:09.373+0000][182][info ][safepoint   ] Safepoint "Cleanup", Time since last: 1366893792 ns, Reaching safepoint: 69125 ns, Cleanup: 81458 ns, At safepoint: 19042 ns, Total: 169625 ns
[2025-09-03T09:00:10.374+0000][182][info ][safepoint   ] Safepoint "Cleanup", Time since last: 1000731584 ns, Reaching safepoint: 23458 ns, Cleanup: 15542 ns, At safepoint: 9291 ns, Total: 48291 ns
[2025-09-03T09:00:14.378+0000][182][info ][safepoint   ] Safepoint "Cleanup", Time since last: 4004230336 ns, Reaching safepoint: 36708 ns, Cleanup: 24208 ns, At safepoint: 11250 ns, Total: 72166 ns
[2025-09-03T09:00:15.380+0000][182][info ][safepoint   ] Safepoint "Cleanup", Time since last: 1001296459 ns, Reaching safepoint: 40917 ns, Cleanup: 82041 ns, At safepoint: 10834 ns, Total: 133792 ns
[2025-09-03T09:00:16.381+0000][182][info ][safepoint   ] Safepoint "Cleanup", Time since last: 1001452042 ns, Reaching safepoint: 12708 ns, Cleanup: 11709 ns, At safepoint: 17083 ns, Total: 41500 ns
[2025-09-03T09:00:18.385+0000][182][info ][safepoint   ] Safepoint "Cleanup", Time since last: 2003387459 ns, Reaching safepoint: 98417 ns, Cleanup: 40625 ns, At safepoint: 13708 ns, Total: 152750 ns
[2025-09-03T09:00:19.386+0000][182][info ][safepoint   ] Safepoint "Cleanup", Time since last: 1001561709 ns, Reaching safepoint: 12875 ns, Cleanup: 14500 ns, At safepoint: 7083 ns, Total: 34458 ns
[2025-09-03T09:00:23.390+0000][182][info ][safepoint   ] Safepoint "Cleanup", Time since last: 4003703211 ns, Reaching safepoint: 48000 ns, Cleanup: 38416 ns, At safepoint: 32000 ns, Total: 118416 ns
[2025-09-03T09:00:25.393+0000][182][info ][safepoint   ] Safepoint "Cleanup", Time since last: 2002989335 ns, Reaching safepoint: 14125 ns, Cleanup: 18541 ns, At safepoint: 8084 ns, Total: 40750 ns
[2025-09-03T09:00:26.395+0000][182][info ][safepoint   ] Safepoint "Cleanup", Time since last: 1001178458 ns, Reaching safepoint: 51834 ns, Cleanup: 27875 ns, At safepoint: 13416 ns, Total: 93125 ns
[2025-09-03T09:00:28.397+0000][182][info ][safepoint   ] Safepoint "Cleanup", Time since last: 2002820585 ns, Reaching safepoint: 54375 ns, Cleanup: 45583 ns, At safepoint: 10042 ns, Total: 110000 ns
[2025-09-03T09:00:31.401+0000][182][info ][safepoint   ] Safepoint "Cleanup", Time since last: 3003014001 ns, Reaching safepoint: 74416 ns, Cleanup: 33125 ns, At safepoint: 22125 ns, Total: 129666 ns
[2025-09-03T09:00:33.404+0000][182][info ][safepoint   ] Safepoint "Cleanup", Time since last: 2002570710 ns, Reaching safepoint: 67875 ns, Cleanup: 32250 ns, At safepoint: 20083 ns, Total: 120208 ns
[2025-09-03T09:00:37.355+0000][182][info ][safepoint   ] Safepoint "Cleanup", Time since last: 3951081460 ns, Reaching safepoint: 5917 ns, Cleanup: 13833 ns, At safepoint: 2167 ns, Total: 21917 ns
[2025-09-03T09:00:37.387+0000][182][info ][gc,start    ] GC(21) Pause Young (Concurrent Start) (CodeCache GC Threshold)
[2025-09-03T09:00:37.387+0000][182][info ][gc,task     ] GC(21) Using 8 workers of 8 for evacuation
[2025-09-03T09:00:37.388+0000][182][debug][gc,age      ] GC(21) Desired survivor size 41943040 bytes, new threshold 15 (max threshold 15)
[2025-09-03T09:00:37.414+0000][182][info ][gc,phases   ] GC(21)   Pre Evacuate Collection Set: 1.48ms
[2025-09-03T09:00:37.414+0000][182][info ][gc,phases   ] GC(21)   Merge Heap Roots: 0.44ms
[2025-09-03T09:00:37.414+0000][182][info ][gc,phases   ] GC(21)   Evacuate Collection Set: 21.66ms
[2025-09-03T09:00:37.414+0000][182][info ][gc,phases   ] GC(21)   Post Evacuate Collection Set: 2.65ms
[2025-09-03T09:00:37.414+0000][182][info ][gc,phases   ] GC(21)   Other: 0.23ms
[2025-09-03T09:00:37.414+0000][182][trace][gc,age      ] GC(21) Age table with threshold 15 (max threshold 15)
[2025-09-03T09:00:37.414+0000][182][trace][gc,age      ] GC(21) - age   1:    1277504 bytes,    1277504 total
[2025-09-03T09:00:37.414+0000][182][trace][gc,age      ] GC(21) - age   2:    2943000 bytes,    4220504 total
[2025-09-03T09:00:37.414+0000][182][trace][gc,age      ] GC(21) - age   3:    4183328 bytes,    8403832 total
[2025-09-03T09:00:37.414+0000][182][trace][gc,age      ] GC(21) - age   4:    8103088 bytes,   16506920 total
[2025-09-03T09:00:37.414+0000][182][info ][gc,heap     ] GC(21) Eden regions: 76->0(148)
[2025-09-03T09:00:37.414+0000][182][info ][gc,heap     ] GC(21) Survivor regions: 5->5(20)
[2025-09-03T09:00:37.414+0000][182][info ][gc,heap     ] GC(21) Old regions: 35->35
[2025-09-03T09:00:37.414+0000][182][info ][gc,heap     ] GC(21) Humongous regions: 2->2
[2025-09-03T09:00:37.415+0000][182][info ][gc,metaspace] GC(21) Metaspace: 158033K(162432K)->158033K(162432K) NonClass: 136186K(138624K)->136186K(138624K) Class: 21847K(23808K)->21847K(23808K)
[2025-09-03T09:00:37.415+0000][182][info ][gc          ] GC(21) Pause Young (Concurrent Start) (CodeCache GC Threshold) 465M->163M(1024M) 27.233ms
[2025-09-03T09:00:37.415+0000][182][info ][gc,cpu      ] GC(21) User=0.17s Sys=0.00s Real=0.03s
[2025-09-03T09:00:37.415+0000][182][info ][gc          ] GC(22) Concurrent Mark Cycle
[2025-09-03T09:00:37.415+0000][182][info ][gc,marking  ] GC(22) Concurrent Scan Root Regions
[2025-09-03T09:00:37.415+0000][182][info ][safepoint   ] Safepoint "G1TryInitiateConcMark", Time since last: 32433833 ns, Reaching safepoint: 133875 ns, Cleanup: 7000 ns, At safepoint: 27401000 ns, Total: 27541875 ns
[2025-09-03T09:00:37.425+0000][182][info ][gc,marking  ] GC(22) Concurrent Scan Root Regions 10.715ms
[2025-09-03T09:00:37.426+0000][182][info ][gc,marking  ] GC(22) Concurrent Mark
[2025-09-03T09:00:37.426+0000][182][info ][gc,marking  ] GC(22) Concurrent Mark From Roots
[2025-09-03T09:00:37.426+0000][182][info ][gc,task     ] GC(22) Using 2 workers of 2 for marking
[2025-09-03T09:00:37.531+0000][182][info ][gc,marking  ] GC(22) Concurrent Mark From Roots 105.376ms
[2025-09-03T09:00:37.531+0000][182][info ][gc,marking  ] GC(22) Concurrent Preclean
[2025-09-03T09:00:37.533+0000][182][info ][gc,marking  ] GC(22) Concurrent Preclean 1.400ms
[2025-09-03T09:00:37.533+0000][182][info ][gc,start    ] GC(22) Pause Remark
[2025-09-03T09:00:37.565+0000][182][info ][gc          ] GC(22) Pause Remark 172M->172M(1024M) 32.408ms
[2025-09-03T09:00:37.566+0000][182][info ][gc,cpu      ] GC(22) User=0.16s Sys=0.01s Real=0.03s
[2025-09-03T09:00:37.566+0000][182][info ][safepoint   ] Safepoint "G1PauseRemark", Time since last: 118194584 ns, Reaching safepoint: 33916 ns, Cleanup: 19042 ns, At safepoint: 32690292 ns, Total: 32743250 ns
[2025-09-03T09:00:37.566+0000][182][info ][gc,marking  ] GC(22) Concurrent Mark 140.282ms
[2025-09-03T09:00:37.566+0000][182][info ][gc,marking  ] GC(22) Concurrent Rebuild Remembered Sets and Scrub Regions
[2025-09-03T09:00:37.600+0000][182][info ][gc,marking  ] GC(22) Concurrent Rebuild Remembered Sets and Scrub Regions 34.468ms
[2025-09-03T09:00:37.601+0000][182][info ][gc,start    ] GC(22) Pause Cleanup
[2025-09-03T09:00:37.601+0000][182][info ][gc          ] GC(22) Pause Cleanup 174M->174M(1024M) 0.144ms
[2025-09-03T09:00:37.601+0000][182][info ][gc,cpu      ] GC(22) User=0.00s Sys=0.00s Real=0.00s
[2025-09-03T09:00:37.601+0000][182][info ][safepoint   ] Safepoint "G1PauseCleanup", Time since last: 34943500 ns, Reaching safepoint: 10083 ns, Cleanup: 72125 ns, At safepoint: 292375 ns, Total: 374583 ns
[2025-09-03T09:00:37.601+0000][182][info ][gc,marking  ] GC(22) Concurrent Clear Claimed Marks
[2025-09-03T09:00:37.601+0000][182][info ][gc,marking  ] GC(22) Concurrent Clear Claimed Marks 0.465ms
[2025-09-03T09:00:37.602+0000][182][info ][gc,marking  ] GC(22) Concurrent Cleanup for Next Mark
[2025-09-03T09:00:37.604+0000][182][info ][gc,marking  ] GC(22) Concurrent Cleanup for Next Mark 2.156ms
[2025-09-03T09:00:37.604+0000][182][info ][gc          ] GC(22) Concurrent Mark Cycle 189.047ms
[2025-09-03T09:00:39.164+0000][182][info ][safepoint   ] Safepoint "Cleanup", Time since last: 1562581626 ns, Reaching safepoint: 12166 ns, Cleanup: 128000 ns, At safepoint: 16625 ns, Total: 156791 ns
[2025-09-03T09:00:42.168+0000][182][info ][safepoint   ] Safepoint "Cleanup", Time since last: 3004691419 ns, Reaching safepoint: 44833 ns, Cleanup: 28333 ns, At safepoint: 11375 ns, Total: 84541 ns
[2025-09-03T09:00:46.173+0000][182][info ][safepoint   ] Safepoint "Cleanup", Time since last: 4004437377 ns, Reaching safepoint: 48208 ns, Cleanup: 28084 ns, At safepoint: 12958 ns, Total: 89250 ns
[2025-09-03T09:00:47.176+0000][182][info ][safepoint   ] Safepoint "Cleanup", Time since last: 1002517001 ns, Reaching safepoint: 93208 ns, Cleanup: 52750 ns, At safepoint: 26500 ns, Total: 172458 ns
[2025-09-03T09:00:48.597+0000][182][info ][safepoint   ] Safepoint "Cleanup", Time since last: 1421559501 ns, Reaching safepoint: 47958 ns, Cleanup: 32625 ns, At safepoint: 10625 ns, Total: 91208 ns
[2025-09-03T09:00:49.599+0000][182][info ][safepoint   ] Safepoint "Cleanup", Time since last: 1001526959 ns, Reaching safepoint: 83875 ns, Cleanup: 65750 ns, At safepoint: 12708 ns, Total: 162333 ns
[2025-09-03T09:00:53.605+0000][182][info ][safepoint   ] Safepoint "Cleanup", Time since last: 4006306877 ns, Reaching safepoint: 45083 ns, Cleanup: 29792 ns, At safepoint: 8875 ns, Total: 83750 ns
[2025-09-03T09:00:54.607+0000][182][info ][safepoint   ] Safepoint "Cleanup", Time since last: 1001961917 ns, Reaching safepoint: 43292 ns, Cleanup: 33416 ns, At safepoint: 12125 ns, Total: 88833 ns
[2025-09-03T09:00:55.609+0000][182][info ][safepoint   ] Safepoint "Cleanup", Time since last: 1001668376 ns, Reaching safepoint: 79583 ns, Cleanup: 52875 ns, At safepoint: 20792 ns, Total: 153250 ns
[2025-09-03T09:00:56.610+0000][182][info ][safepoint   ] Safepoint "Cleanup", Time since last: 1001064750 ns, Reaching safepoint: 31125 ns, Cleanup: 18542 ns, At safepoint: 7625 ns, Total: 57292 ns
[2025-09-03T09:00:58.613+0000][182][info ][safepoint   ] Safepoint "Cleanup", Time since last: 2002068084 ns, Reaching safepoint: 43000 ns, Cleanup: 65584 ns, At safepoint: 13416 ns, Total: 122000 ns
[2025-09-03T09:01:01.615+0000][182][info ][safepoint   ] Safepoint "Cleanup", Time since last: 3002985335 ns, Reaching safepoint: 51875 ns, Cleanup: 30958 ns, At safepoint: 14583 ns, Total: 97416 ns
[2025-09-03T09:01:03.618+0000][182][info ][safepoint   ] Safepoint "Cleanup", Time since last: 2002464876 ns, Reaching safepoint: 45333 ns, Cleanup: 30042 ns, At safepoint: 13042 ns, Total: 88417 ns
[2025-09-03T09:01:05.622+0000][182][info ][safepoint   ] Safepoint "Cleanup", Time since last: 2004263667 ns, Reaching safepoint: 15375 ns, Cleanup: 14542 ns, At safepoint: 7667 ns, Total: 37584 ns
[2025-09-03T09:01:08.625+0000][182][info ][safepoint   ] Safepoint "Cleanup", Time since last: 3003081085 ns, Reaching safepoint: 79041 ns, Cleanup: 60834 ns, At safepoint: 19458 ns, Total: 159333 ns
[2025-09-03T09:01:13.632+0000][182][info ][safepoint   ] Safepoint "Cleanup", Time since last: 5006560419 ns, Reaching safepoint: 80583 ns, Cleanup: 34750 ns, At safepoint: 21500 ns, Total: 136833 ns
[2025-09-03T09:01:15.635+0000][182][info ][safepoint   ] Safepoint "Cleanup", Time since last: 2002680876 ns, Reaching safepoint: 65542 ns, Cleanup: 107167 ns, At safepoint: 20750 ns, Total: 193459 ns
[2025-09-03T09:01:16.636+0000][182][info ][safepoint   ] Safepoint "Cleanup", Time since last: 1000976333 ns, Reaching safepoint: 42292 ns, Cleanup: 30958 ns, At safepoint: 9500 ns, Total: 82750 ns
[2025-09-03T09:01:19.640+0000][182][info ][safepoint   ] Safepoint "Cleanup", Time since last: 3003257752 ns, Reaching safepoint: 182208 ns, Cleanup: 179708 ns, At safepoint: 41417 ns, Total: 403333 ns
[2025-09-03T09:01:25.647+0000][182][info ][safepoint   ] Safepoint "Cleanup", Time since last: 6007519586 ns, Reaching safepoint: 86250 ns, Cleanup: 49292 ns, At safepoint: 20875 ns, Total: 156417 ns
[2025-09-03T09:01:28.652+0000][182][info ][safepoint   ] Safepoint "Cleanup", Time since last: 3004339793 ns, Reaching safepoint: 71917 ns, Cleanup: 52208 ns, At safepoint: 17750 ns, Total: 141875 ns
[2025-09-03T09:01:32.657+0000][182][info ][safepoint   ] Safepoint "Cleanup", Time since last: 4004656209 ns, Reaching safepoint: 18750 ns, Cleanup: 22667 ns, At safepoint: 8792 ns, Total: 50209 ns
[2025-09-03T09:01:33.659+0000][182][info ][safepoint   ] Safepoint "Cleanup", Time since last: 1001975667 ns, Reaching safepoint: 83750 ns, Cleanup: 59500 ns, At safepoint: 13083 ns, Total: 156333 ns
[2025-09-03T09:01:34.661+0000][182][info ][safepoint   ] Safepoint "Cleanup", Time since last: 1001453334 ns, Reaching safepoint: 80125 ns, Cleanup: 68875 ns, At safepoint: 17458 ns, Total: 166458 ns
[2025-09-03T09:01:36.663+0000][182][info ][safepoint   ] Safepoint "Cleanup", Time since last: 2002329210 ns, Reaching safepoint: 76916 ns, Cleanup: 37125 ns, At safepoint: 15375 ns, Total: 129416 ns
[2025-09-03T09:01:37.665+0000][182][info ][safepoint   ] Safepoint "Cleanup", Time since last: 1001507709 ns, Reaching safepoint: 44833 ns, Cleanup: 27125 ns, At safepoint: 12792 ns, Total: 84750 ns
[2025-09-03T09:01:38.666+0000][182][info ][safepoint   ] Safepoint "Cleanup", Time since last: 1001374542 ns, Reaching safepoint: 79709 ns, Cleanup: 104250 ns, At safepoint: 21750 ns, Total: 205709 ns
[2025-09-03T09:01:40.383+0000][182][info ][safepoint   ] Safepoint "Cleanup", Time since last: 1716502500 ns, Reaching safepoint: 5500 ns, Cleanup: 27834 ns, At safepoint: 9333 ns, Total: 42667 ns
[2025-09-03T09:01:41.401+0000][182][info ][safepoint   ] Safepoint "Cleanup", Time since last: 1017926167 ns, Reaching safepoint: 4709 ns, Cleanup: 25375 ns, At safepoint: 5875 ns, Total: 35959 ns
[2025-09-03T09:01:42.407+0000][182][info ][safepoint   ] Safepoint "Cleanup", Time since last: 1005757083 ns, Reaching safepoint: 25667 ns, Cleanup: 106917 ns, At safepoint: 17125 ns, Total: 149709 ns
[2025-09-03T09:01:43.411+0000][182][info ][safepoint   ] Safepoint "Cleanup", Time since last: 1003810792 ns, Reaching safepoint: 49250 ns, Cleanup: 34458 ns, At safepoint: 10708 ns, Total: 94416 ns
[2025-09-03T09:01:46.414+0000][182][info ][safepoint   ] Safepoint "Cleanup", Time since last: 3002817919 ns, Reaching safepoint: 68916 ns, Cleanup: 24334 ns, At safepoint: 10083 ns, Total: 103333 ns
[2025-09-03T09:01:49.745+0000][182][info ][safepoint   ] Safepoint "Cleanup", Time since last: 3330580626 ns, Reaching safepoint: 92375 ns, Cleanup: 286209 ns, At safepoint: 26250 ns, Total: 404834 ns
[2025-09-03T09:01:58.763+0000][182][info ][safepoint   ] Safepoint "Cleanup", Time since last: 9015335671 ns, Reaching safepoint: 3318333 ns, Cleanup: 130750 ns, At safepoint: 21417 ns, Total: 3470500 ns
[2025-09-03T09:01:59.765+0000][182][info ][safepoint   ] Safepoint "Cleanup", Time since last: 1001124167 ns, Reaching safepoint: 49667 ns, Cleanup: 24833 ns, At safepoint: 15083 ns, Total: 89583 ns
[2025-09-03T09:02:00.766+0000][182][info ][safepoint   ] Safepoint "Cleanup", Time since last: 1001286209 ns, Reaching safepoint: 42667 ns, Cleanup: 58666 ns, At safepoint: 11084 ns, Total: 112417 ns
[2025-09-03T09:02:01.769+0000][182][info ][safepoint   ] Safepoint "Cleanup", Time since last: 1002343792 ns, Reaching safepoint: 62083 ns, Cleanup: 31750 ns, At safepoint: 18833 ns, Total: 112666 ns
[2025-09-03T09:02:04.773+0000][182][info ][safepoint   ] Safepoint "Cleanup", Time since last: 3004476668 ns, Reaching safepoint: 77792 ns, Cleanup: 50000 ns, At safepoint: 343583 ns, Total: 471375 ns
[2025-09-03T09:02:06.777+0000][182][info ][safepoint   ] Safepoint "Cleanup", Time since last: 2002960668 ns, Reaching safepoint: 65958 ns, Cleanup: 45042 ns, At safepoint: 18000 ns, Total: 129000 ns
[2025-09-03T09:02:11.783+0000][182][info ][safepoint   ] Safepoint "Cleanup", Time since last: 5006247377 ns, Reaching safepoint: 248834 ns, Cleanup: 44083 ns, At safepoint: 15250 ns, Total: 308167 ns
[2025-09-03T09:02:13.786+0000][182][info ][safepoint   ] Safepoint "Cleanup", Time since last: 2002574459 ns, Reaching safepoint: 42667 ns, Cleanup: 38250 ns, At safepoint: 9375 ns, Total: 90292 ns
[2025-09-03T09:02:15.788+0000][182][info ][safepoint   ] Safepoint "Cleanup", Time since last: 2001977668 ns, Reaching safepoint: 45208 ns, Cleanup: 41208 ns, At safepoint: 13500 ns, Total: 99916 ns
[2025-09-03T09:02:16.789+0000][182][info ][safepoint   ] Safepoint "Cleanup", Time since last: 1000831376 ns, Reaching safepoint: 47500 ns, Cleanup: 44708 ns, At safepoint: 18708 ns, Total: 110916 ns
[2025-09-03T09:02:18.791+0000][182][info ][safepoint   ] Safepoint "Cleanup", Time since last: 2001878293 ns, Reaching safepoint: 49625 ns, Cleanup: 43500 ns, At safepoint: 16292 ns, Total: 109417 ns
[2025-09-03T09:02:19.794+0000][182][info ][safepoint   ] Safepoint "Cleanup", Time since last: 1002199917 ns, Reaching safepoint: 475375 ns, Cleanup: 29917 ns, At safepoint: 14500 ns, Total: 519792 ns
[2025-09-03T09:02:20.796+0000][182][info ][safepoint   ] Safepoint "Cleanup", Time since last: 1002008000 ns, Reaching safepoint: 38917 ns, Cleanup: 21875 ns, At safepoint: 9250 ns, Total: 70042 ns
[2025-09-03T09:02:28.805+0000][182][info ][safepoint   ] Safepoint "Cleanup", Time since last: 8009287503 ns, Reaching safepoint: 72167 ns, Cleanup: 80500 ns, At safepoint: 24000 ns, Total: 176667 ns
[2025-09-03T09:02:31.810+0000][182][info ][safepoint   ] Safepoint "Cleanup", Time since last: 3004762542 ns, Reaching safepoint: 59917 ns, Cleanup: 33917 ns, At safepoint: 22166 ns, Total: 116000 ns
[2025-09-03T09:02:32.812+0000][182][info ][safepoint   ] Safepoint "Cleanup", Time since last: 1001888667 ns, Reaching safepoint: 49584 ns, Cleanup: 35416 ns, At safepoint: 12667 ns, Total: 97667 ns
[2025-09-03T09:02:34.814+0000][182][info ][safepoint   ] Safepoint "Cleanup", Time since last: 2002158209 ns, Reaching safepoint: 98709 ns, Cleanup: 56875 ns, At safepoint: 29916 ns, Total: 185500 ns
[2025-09-03T09:02:36.817+0000][182][info ][safepoint   ] Safepoint "Cleanup", Time since last: 2002488668 ns, Reaching safepoint: 108500 ns, Cleanup: 48708 ns, At safepoint: 24459 ns, Total: 181667 ns
[2025-09-03T09:02:37.819+0000][182][info ][safepoint   ] Safepoint "Cleanup", Time since last: 1001833583 ns, Reaching safepoint: 57834 ns, Cleanup: 42500 ns, At safepoint: 19166 ns, Total: 119500 ns
[2025-09-03T09:02:38.820+0000][182][info ][safepoint   ] Safepoint "Cleanup", Time since last: 1001435959 ns, Reaching safepoint: 85542 ns, Cleanup: 57875 ns, At safepoint: 19833 ns, Total: 163250 ns
[2025-09-03T09:02:42.825+0000][182][info ][safepoint   ] Safepoint "Cleanup", Time since last: 4004826419 ns, Reaching safepoint: 13125 ns, Cleanup: 16917 ns, At safepoint: 6166 ns, Total: 36208 ns
[2025-09-03T09:02:44.651+0000][182][info ][safepoint   ] Safepoint "Cleanup", Time since last: 1824966293 ns, Reaching safepoint: 21208 ns, Cleanup: 330875 ns, At safepoint: 17417 ns, Total: 369500 ns
[2025-09-03T09:02:46.656+0000][182][info ][safepoint   ] Safepoint "Cleanup", Time since last: 2005307417 ns, Reaching safepoint: 114125 ns, Cleanup: 36042 ns, At safepoint: 24500 ns, Total: 174667 ns
[2025-09-03T09:02:47.659+0000][182][info ][safepoint   ] Safepoint "Cleanup", Time since last: 1002413792 ns, Reaching safepoint: 51625 ns, Cleanup: 31458 ns, At safepoint: 14000 ns, Total: 97083 ns
[2025-09-03T09:02:48.660+0000][182][info ][safepoint   ] Safepoint "Cleanup", Time since last: 1001168626 ns, Reaching safepoint: 46375 ns, Cleanup: 39750 ns, At safepoint: 12167 ns, Total: 98292 ns
[2025-09-03T09:02:50.942+0000][182][info ][safepoint   ] Safepoint "Cleanup", Time since last: 2282253542 ns, Reaching safepoint: 56292 ns, Cleanup: 62083 ns, At safepoint: 19042 ns, Total: 137417 ns
[2025-09-03T09:02:53.947+0000][182][info ][safepoint   ] Safepoint "Cleanup", Time since last: 3004323126 ns, Reaching safepoint: 98084 ns, Cleanup: 42083 ns, At safepoint: 13500 ns, Total: 153667 ns
[2025-09-03T09:02:54.949+0000][182][info ][safepoint   ] Safepoint "Cleanup", Time since last: 1001596667 ns, Reaching safepoint: 109917 ns, Cleanup: 70167 ns, At safepoint: 33375 ns, Total: 213459 ns
[2025-09-03T09:02:55.950+0000][182][info ][safepoint   ] Safepoint "Cleanup", Time since last: 1001341125 ns, Reaching safepoint: 54792 ns, Cleanup: 45416 ns, At safepoint: 14459 ns, Total: 114667 ns
[2025-09-03T09:02:56.952+0000][182][info ][safepoint   ] Safepoint "Cleanup", Time since last: 1001673875 ns, Reaching safepoint: 51250 ns, Cleanup: 39959 ns, At safepoint: 14083 ns, Total: 105292 ns
[2025-09-03T09:02:58.955+0000][182][info ][safepoint   ] Safepoint "Cleanup", Time since last: 2002676251 ns, Reaching safepoint: 47792 ns, Cleanup: 33708 ns, At safepoint: 11750 ns, Total: 93250 ns
[2025-09-03T09:03:03.959+0000][182][info ][safepoint   ] Safepoint "Cleanup", Time since last: 5005306544 ns, Reaching safepoint: 81583 ns, Cleanup: 78083 ns, At safepoint: 22167 ns, Total: 181833 ns
[2025-09-03T09:03:04.963+0000][182][info ][safepoint   ] Safepoint "Cleanup", Time since last: 1003152667 ns, Reaching safepoint: 45792 ns, Cleanup: 41583 ns, At safepoint: 32083 ns, Total: 119458 ns
[2025-09-03T09:03:07.968+0000][182][info ][safepoint   ] Safepoint "Cleanup", Time since last: 3005067627 ns, Reaching safepoint: 82500 ns, Cleanup: 35500 ns, At safepoint: 14458 ns, Total: 132458 ns
[2025-09-03T09:03:08.969+0000][182][info ][safepoint   ] Safepoint "Cleanup", Time since last: 1000951459 ns, Reaching safepoint: 169500 ns, Cleanup: 33458 ns, At safepoint: 20167 ns, Total: 223125 ns
[2025-09-03T09:03:10.971+0000][182][info ][safepoint   ] Safepoint "Cleanup", Time since last: 2001775501 ns, Reaching safepoint: 127917 ns, Cleanup: 79250 ns, At safepoint: 89875 ns, Total: 297042 ns
[2025-09-03T09:03:15.977+0000][182][info ][safepoint   ] Safepoint "Cleanup", Time since last: 5006163919 ns, Reaching safepoint: 46541 ns, Cleanup: 66917 ns, At safepoint: 13542 ns, Total: 127000 ns
[2025-09-03T09:03:18.981+0000][182][info ][safepoint   ] Safepoint "Cleanup", Time since last: 3003414126 ns, Reaching safepoint: 50750 ns, Cleanup: 50625 ns, At safepoint: 20542 ns, Total: 121917 ns
[2025-09-03T09:03:23.990+0000][182][info ][safepoint   ] Safepoint "Cleanup", Time since last: 5009182877 ns, Reaching safepoint: 195833 ns, Cleanup: 72125 ns, At safepoint: 22542 ns, Total: 290500 ns
[2025-09-03T09:03:26.994+0000][182][info ][safepoint   ] Safepoint "Cleanup", Time since last: 3003587460 ns, Reaching safepoint: 47083 ns, Cleanup: 38209 ns, At safepoint: 12916 ns, Total: 98208 ns
[2025-09-03T09:03:28.998+0000][182][info ][safepoint   ] Safepoint "Cleanup", Time since last: 2003903418 ns, Reaching safepoint: 46583 ns, Cleanup: 35834 ns, At safepoint: 12041 ns, Total: 94458 ns
[2025-09-03T09:03:31.003+0000][182][info ][safepoint   ] Safepoint "Cleanup", Time since last: 2003610000 ns, Reaching safepoint: 17167 ns, Cleanup: 16458 ns, At safepoint: 8500 ns, Total: 42125 ns
[2025-09-03T09:03:32.004+0000][182][info ][safepoint   ] Safepoint "Cleanup", Time since last: 1001515792 ns, Reaching safepoint: 64084 ns, Cleanup: 44208 ns, At safepoint: 34542 ns, Total: 142834 ns
[2025-09-03T09:03:34.008+0000][182][info ][safepoint   ] Safepoint "Cleanup", Time since last: 2003601292 ns, Reaching safepoint: 46875 ns, Cleanup: 49584 ns, At safepoint: 14833 ns, Total: 111292 ns
[2025-09-03T09:03:35.009+0000][182][info ][safepoint   ] Safepoint "Cleanup", Time since last: 1000932709 ns, Reaching safepoint: 74458 ns, Cleanup: 38417 ns, At safepoint: 24291 ns, Total: 137166 ns
[2025-09-03T09:03:37.012+0000][182][info ][safepoint   ] Safepoint "Cleanup", Time since last: 2002659960 ns, Reaching safepoint: 57291 ns, Cleanup: 29709 ns, At safepoint: 12250 ns, Total: 99250 ns
[2025-09-03T09:03:39.014+0000][182][info ][safepoint   ] Safepoint "Cleanup", Time since last: 2002034459 ns, Reaching safepoint: 44583 ns, Cleanup: 28042 ns, At safepoint: 28208 ns, Total: 100833 ns
[2025-09-03T09:03:41.017+0000][182][info ][safepoint   ] Safepoint "Cleanup", Time since last: 2003194585 ns, Reaching safepoint: 39625 ns, Cleanup: 34833 ns, At safepoint: 9583 ns, Total: 84041 ns
[2025-09-03T09:03:44.020+0000][182][info ][safepoint   ] Safepoint "Cleanup", Time since last: 3002377877 ns, Reaching safepoint: 66458 ns, Cleanup: 53167 ns, At safepoint: 20500 ns, Total: 140125 ns
[2025-09-03T09:03:46.396+0000][182][info ][safepoint   ] Safepoint "Cleanup", Time since last: 2376406918 ns, Reaching safepoint: 6125 ns, Cleanup: 27791 ns, At safepoint: 2375 ns, Total: 36291 ns
[2025-09-03T09:03:47.865+0000][182][info ][safepoint   ] Safepoint "Cleanup", Time since last: 1468027959 ns, Reaching safepoint: 18334 ns, Cleanup: 83875 ns, At safepoint: 19208 ns, Total: 121417 ns
[2025-09-03T09:03:58.169+0000][182][info ][safepoint   ] Safepoint "Cleanup", Time since last: 10304072546 ns, Reaching safepoint: 128542 ns, Cleanup: 152833 ns, At safepoint: 66917 ns, Total: 348292 ns
[2025-09-03T09:04:00.172+0000][182][info ][safepoint   ] Safepoint "Cleanup", Time since last: 2002862709 ns, Reaching safepoint: 89834 ns, Cleanup: 26541 ns, At safepoint: 16292 ns, Total: 132667 ns
[2025-09-03T09:04:06.187+0000][182][info ][safepoint   ] Safepoint "Cleanup", Time since last: 6015816002 ns, Reaching safepoint: 19667 ns, Cleanup: 32667 ns, At safepoint: 7916 ns, Total: 60250 ns
[2025-09-03T09:04:07.189+0000][182][info ][safepoint   ] Safepoint "Cleanup", Time since last: 1001223917 ns, Reaching safepoint: 127834 ns, Cleanup: 68791 ns, At safepoint: 32417 ns, Total: 229042 ns
[2025-09-03T09:04:08.191+0000][182][info ][safepoint   ] Safepoint "Cleanup", Time since last: 1002559459 ns, Reaching safepoint: 70167 ns, Cleanup: 42041 ns, At safepoint: 11959 ns, Total: 124167 ns
[2025-09-03T09:04:14.199+0000][182][info ][safepoint   ] Safepoint "Cleanup", Time since last: 6006900169 ns, Reaching safepoint: 126792 ns, Cleanup: 47041 ns, At safepoint: 25542 ns, Total: 199375 ns
[2025-09-03T09:04:15.201+0000][182][info ][safepoint   ] Safepoint "Cleanup", Time since last: 1001907667 ns, Reaching safepoint: 19875 ns, Cleanup: 15959 ns, At safepoint: 4083 ns, Total: 39917 ns
[2025-09-03T09:04:16.201+0000][182][info ][safepoint   ] Safepoint "Cleanup", Time since last: 1000564250 ns, Reaching safepoint: 44750 ns, Cleanup: 32292 ns, At safepoint: 12833 ns, Total: 89875 ns
[2025-09-03T09:04:17.203+0000][182][info ][safepoint   ] Safepoint "Cleanup", Time since last: 1002006959 ns, Reaching safepoint: 147417 ns, Cleanup: 39708 ns, At safepoint: 19167 ns, Total: 206292 ns
[2025-09-03T09:04:19.206+0000][182][info ][safepoint   ] Safepoint "Cleanup", Time since last: 2002154293 ns, Reaching safepoint: 59500 ns, Cleanup: 60833 ns, At safepoint: 16583 ns, Total: 136916 ns
[2025-09-03T09:04:20.208+0000][182][info ][safepoint   ] Safepoint "Cleanup", Time since last: 1002139042 ns, Reaching safepoint: 40125 ns, Cleanup: 43459 ns, At safepoint: 17500 ns, Total: 101084 ns
[2025-09-03T09:04:21.209+0000][182][info ][safepoint   ] Safepoint "Cleanup", Time since last: 1000637709 ns, Reaching safepoint: 63208 ns, Cleanup: 33208 ns, At safepoint: 21584 ns, Total: 118000 ns
[2025-09-03T09:04:23.212+0000][182][info ][safepoint   ] Safepoint "Cleanup", Time since last: 2002724417 ns, Reaching safepoint: 100042 ns, Cleanup: 53916 ns, At safepoint: 39792 ns, Total: 193750 ns
[2025-09-03T09:04:29.221+0000][182][info ][safepoint   ] Safepoint "Cleanup", Time since last: 6009064336 ns, Reaching safepoint: 127417 ns, Cleanup: 43417 ns, At safepoint: 24208 ns, Total: 195042 ns
[2025-09-03T09:04:30.223+0000][182][info ][safepoint   ] Safepoint "Cleanup", Time since last: 1002113625 ns, Reaching safepoint: 91000 ns, Cleanup: 77500 ns, At safepoint: 29125 ns, Total: 197625 ns
[2025-09-03T09:04:34.229+0000][182][info ][safepoint   ] Safepoint "Cleanup", Time since last: 4004277377 ns, Reaching safepoint: 78250 ns, Cleanup: 753708 ns, At safepoint: 38375 ns, Total: 870333 ns
[2025-09-03T09:04:37.233+0000][182][info ][safepoint   ] Safepoint "Cleanup", Time since last: 3004625044 ns, Reaching safepoint: 92375 ns, Cleanup: 59666 ns, At safepoint: 23125 ns, Total: 175166 ns
[2025-09-03T09:04:41.239+0000][182][info ][safepoint   ] Safepoint "Cleanup", Time since last: 4005436294 ns, Reaching safepoint: 71916 ns, Cleanup: 441875 ns, At safepoint: 32959 ns, Total: 546750 ns
[2025-09-03T09:04:43.242+0000][182][info ][safepoint   ] Safepoint "Cleanup", Time since last: 2002677376 ns, Reaching safepoint: 91375 ns, Cleanup: 60958 ns, At safepoint: 28167 ns, Total: 180500 ns
[2025-09-03T09:04:44.244+0000][182][info ][safepoint   ] Safepoint "Cleanup", Time since last: 1001603959 ns, Reaching safepoint: 314916 ns, Cleanup: 28834 ns, At safepoint: 15416 ns, Total: 359166 ns
[2025-09-03T09:04:49.414+0000][182][info ][safepoint   ] Safepoint "Cleanup", Time since last: 5169972878 ns, Reaching safepoint: 6083 ns, Cleanup: 20042 ns, At safepoint: 2625 ns, Total: 28750 ns
[2025-09-03T09:04:51.139+0000][182][info ][safepoint   ] Safepoint "Cleanup", Time since last: 1725062584 ns, Reaching safepoint: 16291 ns, Cleanup: 96750 ns, At safepoint: 20417 ns, Total: 133458 ns
[2025-09-03T09:04:52.417+0000][182][info ][safepoint   ] Safepoint "Cleanup", Time since last: 1277544042 ns, Reaching safepoint: 5209 ns, Cleanup: 7375 ns, At safepoint: 6333 ns, Total: 18917 ns
[2025-09-03T09:04:54.185+0000][182][info ][safepoint   ] Safepoint "Cleanup", Time since last: 1768202334 ns, Reaching safepoint: 77584 ns, Cleanup: 172541 ns, At safepoint: 28250 ns, Total: 278375 ns
[2025-09-03T09:04:56.188+0000][182][info ][safepoint   ] Safepoint "Cleanup", Time since last: 2002918210 ns, Reaching safepoint: 90083 ns, Cleanup: 33083 ns, At safepoint: 11542 ns, Total: 134708 ns
[2025-09-03T09:04:57.190+0000][182][info ][safepoint   ] Safepoint "Cleanup", Time since last: 1001090125 ns, Reaching safepoint: 31250 ns, Cleanup: 18459 ns, At safepoint: 8000 ns, Total: 57709 ns
[2025-09-03T09:04:59.192+0000][182][info ][safepoint   ] Safepoint "Cleanup", Time since last: 2002204459 ns, Reaching safepoint: 58000 ns, Cleanup: 33125 ns, At safepoint: 15917 ns, Total: 107042 ns
[2025-09-03T09:05:00.193+0000][182][info ][safepoint   ] Safepoint "Cleanup", Time since last: 1000900125 ns, Reaching safepoint: 44667 ns, Cleanup: 27458 ns, At safepoint: 13500 ns, Total: 85625 ns
[2025-09-03T09:05:01.194+0000][182][info ][safepoint   ] Safepoint "Cleanup", Time since last: 1000649958 ns, Reaching safepoint: 39959 ns, Cleanup: 23500 ns, At safepoint: 11375 ns, Total: 74834 ns
[2025-09-03T09:05:04.197+0000][182][info ][safepoint   ] Safepoint "Cleanup", Time since last: 3003210459 ns, Reaching safepoint: 69542 ns, Cleanup: 54667 ns, At safepoint: 18666 ns, Total: 142875 ns
[2025-09-03T09:05:05.200+0000][182][info ][safepoint   ] Safepoint "Cleanup", Time since last: 1003101584 ns, Reaching safepoint: 60542 ns, Cleanup: 32500 ns, At safepoint: 15042 ns, Total: 108084 ns
[2025-09-03T09:05:06.202+0000][182][info ][safepoint   ] Safepoint "Cleanup", Time since last: 1001332792 ns, Reaching safepoint: 25416 ns, Cleanup: 32334 ns, At safepoint: 12625 ns, Total: 70375 ns
[2025-09-03T09:05:07.203+0000][182][info ][safepoint   ] Safepoint "Cleanup", Time since last: 1001282000 ns, Reaching safepoint: 91417 ns, Cleanup: 45416 ns, At safepoint: 31875 ns, Total: 168708 ns
[2025-09-03T09:05:08.204+0000][182][info ][safepoint   ] Safepoint "Cleanup", Time since last: 1000557459 ns, Reaching safepoint: 76875 ns, Cleanup: 27959 ns, At safepoint: 20541 ns, Total: 125375 ns
[2025-09-03T09:05:09.594+0000][182][info ][safepoint   ] Safepoint "Cleanup", Time since last: 1389834668 ns, Reaching safepoint: 144333 ns, Cleanup: 209375 ns, At safepoint: 101042 ns, Total: 454750 ns
[2025-09-03T09:05:13.603+0000][182][info ][safepoint   ] Safepoint "Cleanup", Time since last: 4008429918 ns, Reaching safepoint: 130375 ns, Cleanup: 42667 ns, At safepoint: 36958 ns, Total: 210000 ns
[2025-09-03T09:05:15.605+0000][182][info ][safepoint   ] Safepoint "Cleanup", Time since last: 2002481584 ns, Reaching safepoint: 64042 ns, Cleanup: 157542 ns, At safepoint: 24041 ns, Total: 245625 ns
[2025-09-03T09:05:18.611+0000][182][info ][safepoint   ] Safepoint "Cleanup", Time since last: 3004964669 ns, Reaching safepoint: 46916 ns, Cleanup: 127542 ns, At safepoint: 24125 ns, Total: 198583 ns
[2025-09-03T09:05:19.612+0000][182][info ][safepoint   ] Safepoint "Cleanup", Time since last: 1001363375 ns, Reaching safepoint: 65000 ns, Cleanup: 34250 ns, At safepoint: 17084 ns, Total: 116334 ns
[2025-09-03T09:05:23.618+0000][182][info ][safepoint   ] Safepoint "Cleanup", Time since last: 4005931835 ns, Reaching safepoint: 65250 ns, Cleanup: 49958 ns, At safepoint: 22084 ns, Total: 137292 ns
[2025-09-03T09:05:28.632+0000][182][info ][safepoint   ] Safepoint "Cleanup", Time since last: 5013466127 ns, Reaching safepoint: 79500 ns, Cleanup: 55708 ns, At safepoint: 27834 ns, Total: 163042 ns
[2025-09-03T09:05:36.641+0000][182][info ][safepoint   ] Safepoint "Cleanup", Time since last: 8008980336 ns, Reaching safepoint: 116959 ns, Cleanup: 73375 ns, At safepoint: 25458 ns, Total: 215792 ns
[2025-09-03T09:05:43.649+0000][182][info ][safepoint   ] Safepoint "Cleanup", Time since last: 7007947253 ns, Reaching safepoint: 81542 ns, Cleanup: 32917 ns, At safepoint: 19625 ns, Total: 134084 ns
[2025-09-03T09:05:51.470+0000][182][info ][safepoint   ] Safepoint "Cleanup", Time since last: 7821269253 ns, Reaching safepoint: 50542 ns, Cleanup: 48958 ns, At safepoint: 12625 ns, Total: 112125 ns
[2025-09-03T09:05:53.405+0000][182][info ][safepoint   ] Safepoint "Cleanup", Time since last: 1934721001 ns, Reaching safepoint: 10792 ns, Cleanup: 101792 ns, At safepoint: 19833 ns, Total: 132417 ns
[2025-09-03T09:05:54.450+0000][182][info ][safepoint   ] Safepoint "Cleanup", Time since last: 1044399209 ns, Reaching safepoint: 26291 ns, Cleanup: 122917 ns, At safepoint: 18000 ns, Total: 167208 ns
[2025-09-03T09:05:58.458+0000][182][info ][safepoint   ] Safepoint "Cleanup", Time since last: 4008475210 ns, Reaching safepoint: 20875 ns, Cleanup: 21959 ns, At safepoint: 6291 ns, Total: 49125 ns
[2025-09-03T09:06:01.463+0000][182][info ][safepoint   ] Safepoint "Cleanup", Time since last: 3003756167 ns, Reaching safepoint: 46959 ns, Cleanup: 139458 ns, At safepoint: 52667 ns, Total: 239084 ns
[2025-09-03T09:06:03.465+0000][182][info ][safepoint   ] Safepoint "Cleanup", Time since last: 2002710709 ns, Reaching safepoint: 45083 ns, Cleanup: 26625 ns, At safepoint: 10042 ns, Total: 81750 ns
[2025-09-03T09:06:13.480+0000][182][info ][safepoint   ] Safepoint "Cleanup", Time since last: 10014781838 ns, Reaching safepoint: 26542 ns, Cleanup: 17916 ns, At safepoint: 9125 ns, Total: 53583 ns
[2025-09-03T09:06:15.482+0000][182][info ][safepoint   ] Safepoint "Cleanup", Time since last: 2001879293 ns, Reaching safepoint: 78917 ns, Cleanup: 41500 ns, At safepoint: 21791 ns, Total: 142208 ns
[2025-09-03T09:06:27.496+0000][182][info ][safepoint   ] Safepoint "Cleanup", Time since last: 12013097173 ns, Reaching safepoint: 154000 ns, Cleanup: 47833 ns, At safepoint: 29583 ns, Total: 231416 ns
[2025-09-03T09:06:31.500+0000][182][info ][safepoint   ] Safepoint "Cleanup", Time since last: 4004508210 ns, Reaching safepoint: 33083 ns, Cleanup: 34709 ns, At safepoint: 11250 ns, Total: 79042 ns
[2025-09-03T09:06:38.506+0000][182][info ][safepoint   ] Safepoint "Cleanup", Time since last: 7006412836 ns, Reaching safepoint: 71584 ns, Cleanup: 23833 ns, At safepoint: 14500 ns, Total: 109917 ns
[2025-09-03T09:06:43.512+0000][182][info ][safepoint   ] Safepoint "Cleanup", Time since last: 5005592711 ns, Reaching safepoint: 87125 ns, Cleanup: 63375 ns, At safepoint: 15500 ns, Total: 166000 ns
[2025-09-03T09:06:53.678+0000][182][info ][safepoint   ] Safepoint "Cleanup", Time since last: 10165403171 ns, Reaching safepoint: 43334 ns, Cleanup: 34458 ns, At safepoint: 12042 ns, Total: 89834 ns
[2025-09-03T09:06:55.442+0000][182][info ][safepoint   ] Safepoint "Cleanup", Time since last: 1764275584 ns, Reaching safepoint: 9333 ns, Cleanup: 11459 ns, At safepoint: 6083 ns, Total: 26875 ns
[2025-09-03T09:06:56.661+0000][182][info ][gc,start    ] GC(23) Pause Young (Prepare Mixed) (G1 Evacuation Pause)
[2025-09-03T09:06:56.661+0000][182][info ][gc,task     ] GC(23) Using 8 workers of 8 for evacuation
[2025-09-03T09:06:56.661+0000][182][debug][gc,age      ] GC(23) Desired survivor size 41943040 bytes, new threshold 15 (max threshold 15)
[2025-09-03T09:06:56.697+0000][182][info ][gc,phases   ] GC(23)   Pre Evacuate Collection Set: 0.59ms
[2025-09-03T09:06:56.698+0000][182][info ][gc,phases   ] GC(23)   Merge Heap Roots: 0.35ms
[2025-09-03T09:06:56.698+0000][182][info ][gc,phases   ] GC(23)   Evacuate Collection Set: 30.04ms
[2025-09-03T09:06:56.698+0000][182][info ][gc,phases   ] GC(23)   Post Evacuate Collection Set: 5.13ms
[2025-09-03T09:06:56.698+0000][182][info ][gc,phases   ] GC(23)   Other: 0.44ms
[2025-09-03T09:06:56.698+0000][182][trace][gc,age      ] GC(23) Age table with threshold 15 (max threshold 15)
[2025-09-03T09:06:56.698+0000][182][trace][gc,age      ] GC(23) - age   1:    1409272 bytes,    1409272 total
[2025-09-03T09:06:56.698+0000][182][trace][gc,age      ] GC(23) - age   2:     112984 bytes,    1522256 total
[2025-09-03T09:06:56.698+0000][182][trace][gc,age      ] GC(23) - age   3:    2879912 bytes,    4402168 total
[2025-09-03T09:06:56.698+0000][182][trace][gc,age      ] GC(23) - age   4:    4168136 bytes,    8570304 total
[2025-09-03T09:06:56.698+0000][182][trace][gc,age      ] GC(23) - age   5:    8091624 bytes,   16661928 total
[2025-09-03T09:06:56.698+0000][182][info ][gc,heap     ] GC(23) Eden regions: 148->0(148)
[2025-09-03T09:06:56.698+0000][182][info ][gc,heap     ] GC(23) Survivor regions: 5->5(20)
[2025-09-03T09:06:56.698+0000][182][info ][gc,heap     ] GC(23) Old regions: 35->35
[2025-09-03T09:06:56.698+0000][182][info ][gc,heap     ] GC(23) Humongous regions: 2->2
[2025-09-03T09:06:56.698+0000][182][info ][gc,metaspace] GC(23) Metaspace: 158710K(163200K)->158710K(163200K) NonClass: 136849K(139328K)->136849K(139328K) Class: 21860K(23872K)->21860K(23872K)
[2025-09-03T09:06:56.698+0000][182][info ][gc          ] GC(23) Pause Young (Prepare Mixed) (G1 Evacuation Pause) 755M->164M(1024M) 37.766ms
[2025-09-03T09:06:56.698+0000][182][info ][gc,cpu      ] GC(23) User=0.27s Sys=0.00s Real=0.04s
[2025-09-03T09:06:56.699+0000][182][info ][safepoint   ] Safepoint "G1CollectForAllocation", Time since last: 1218701917 ns, Reaching safepoint: 12833 ns, Cleanup: 27334 ns, At safepoint: 37976916 ns, Total: 38017083 ns
[2025-09-03T09:07:00.706+0000][182][info ][safepoint   ] Safepoint "Cleanup", Time since last: 4007152502 ns, Reaching safepoint: 86750 ns, Cleanup: 129334 ns, At safepoint: 29875 ns, Total: 245959 ns
[2025-09-03T09:07:01.709+0000][182][info ][safepoint   ] Safepoint "Cleanup", Time since last: 1002313708 ns, Reaching safepoint: 60250 ns, Cleanup: 170459 ns, At safepoint: 28125 ns, Total: 258834 ns
[2025-09-03T09:07:02.710+0000][182][info ][safepoint   ] Safepoint "Cleanup", Time since last: 1001054833 ns, Reaching safepoint: 86792 ns, Cleanup: 10500 ns, At safepoint: 9250 ns, Total: 106542 ns
[2025-09-03T09:07:03.712+0000][182][info ][safepoint   ] Safepoint "Cleanup", Time since last: 1001712750 ns, Reaching safepoint: 122417 ns, Cleanup: 37792 ns, At safepoint: 13416 ns, Total: 173625 ns
[2025-09-03T09:07:04.713+0000][182][info ][safepoint   ] Safepoint "Cleanup", Time since last: 1001238834 ns, Reaching safepoint: 47917 ns, Cleanup: 35083 ns, At safepoint: 12167 ns, Total: 95167 ns
[2025-09-03T09:07:13.722+0000][182][info ][safepoint   ] Safepoint "Cleanup", Time since last: 9009079004 ns, Reaching safepoint: 47584 ns, Cleanup: 26333 ns, At safepoint: 12750 ns, Total: 86667 ns
[2025-09-03T09:07:15.726+0000][182][info ][safepoint   ] Safepoint "Cleanup", Time since last: 2003332501 ns, Reaching safepoint: 44250 ns, Cleanup: 74083 ns, At safepoint: 13125 ns, Total: 131458 ns
[2025-09-03T09:07:16.728+0000][182][info ][safepoint   ] Safepoint "Cleanup", Time since last: 1001872292 ns, Reaching safepoint: 46459 ns, Cleanup: 29666 ns, At safepoint: 11542 ns, Total: 87667 ns
[2025-09-03T09:07:18.734+0000][182][info ][safepoint   ] Safepoint "Cleanup", Time since last: 2005671876 ns, Reaching safepoint: 325250 ns, Cleanup: 94375 ns, At safepoint: 18792 ns, Total: 438417 ns
[2025-09-03T09:07:29.746+0000][182][info ][safepoint   ] Safepoint "Cleanup", Time since last: 11012018422 ns, Reaching safepoint: 225333 ns, Cleanup: 31875 ns, At safepoint: 21250 ns, Total: 278458 ns
[2025-09-03T09:07:30.749+0000][182][info ][safepoint   ] Safepoint "Cleanup", Time since last: 1002384667 ns, Reaching safepoint: 64250 ns, Cleanup: 28125 ns, At safepoint: 13792 ns, Total: 106167 ns
[2025-09-03T09:07:37.759+0000][182][info ][safepoint   ] Safepoint "Cleanup", Time since last: 7010284586 ns, Reaching safepoint: 131875 ns, Cleanup: 78000 ns, At safepoint: 53083 ns, Total: 262958 ns
[2025-09-03T09:07:38.762+0000][182][info ][safepoint   ] Safepoint "Cleanup", Time since last: 1002535084 ns, Reaching safepoint: 96334 ns, Cleanup: 64083 ns, At safepoint: 24792 ns, Total: 185209 ns
[2025-09-03T09:07:58.509+0000][182][info ][safepoint   ] Safepoint "Cleanup", Time since last: 19746309426 ns, Reaching safepoint: 460041 ns, Cleanup: 26125 ns, At safepoint: 7792 ns, Total: 493958 ns
[2025-09-03T09:07:59.971+0000][182][info ][safepoint   ] Safepoint "Cleanup", Time since last: 1462207834 ns, Reaching safepoint: 14417 ns, Cleanup: 271666 ns, At safepoint: 21417 ns, Total: 307500 ns
[2025-09-03T09:08:06.996+0000][182][info ][safepoint   ] Safepoint "Cleanup", Time since last: 7024573294 ns, Reaching safepoint: 60708 ns, Cleanup: 38459 ns, At safepoint: 14791 ns, Total: 113958 ns
[2025-09-03T09:08:09.000+0000][182][info ][safepoint   ] Safepoint "Cleanup", Time since last: 2004330793 ns, Reaching safepoint: 60875 ns, Cleanup: 30833 ns, At safepoint: 14375 ns, Total: 106083 ns
[2025-09-03T09:08:11.004+0000][182][info ][safepoint   ] Safepoint "Cleanup", Time since last: 2003359501 ns, Reaching safepoint: 70542 ns, Cleanup: 40375 ns, At safepoint: 20917 ns, Total: 131834 ns
[2025-09-03T09:08:14.008+0000][182][info ][safepoint   ] Safepoint "Cleanup", Time since last: 3004438293 ns, Reaching safepoint: 55458 ns, Cleanup: 46958 ns, At safepoint: 17625 ns, Total: 120041 ns
[2025-09-03T09:08:16.012+0000][182][info ][safepoint   ] Safepoint "Cleanup", Time since last: 2004092460 ns, Reaching safepoint: 35416 ns, Cleanup: 82334 ns, At safepoint: 13333 ns, Total: 131083 ns
[2025-09-03T09:08:18.015+0000][182][info ][safepoint   ] Safepoint "Cleanup", Time since last: 2002718251 ns, Reaching safepoint: 58750 ns, Cleanup: 28458 ns, At safepoint: 16500 ns, Total: 103708 ns
[2025-09-03T09:08:19.018+0000][182][info ][safepoint   ] Safepoint "Cleanup", Time since last: 1002085084 ns, Reaching safepoint: 44917 ns, Cleanup: 255583 ns, At safepoint: 17417 ns, Total: 317917 ns
[2025-09-03T09:08:21.020+0000][182][info ][safepoint   ] Safepoint "Cleanup", Time since last: 2002263792 ns, Reaching safepoint: 34834 ns, Cleanup: 23916 ns, At safepoint: 12250 ns, Total: 71000 ns
[2025-09-03T09:08:24.024+0000][182][info ][safepoint   ] Safepoint "Cleanup", Time since last: 3003525960 ns, Reaching safepoint: 100750 ns, Cleanup: 34625 ns, At safepoint: 48792 ns, Total: 184167 ns
[2025-09-03T09:08:36.046+0000][182][info ][safepoint   ] Safepoint "Cleanup", Time since last: 12021741089 ns, Reaching safepoint: 187750 ns, Cleanup: 39125 ns, At safepoint: 14916 ns, Total: 241791 ns
[2025-09-03T09:08:46.055+0000][182][info ][safepoint   ] Safepoint "Cleanup", Time since last: 10009857922 ns, Reaching safepoint: 79833 ns, Cleanup: 27458 ns, At safepoint: 13917 ns, Total: 121208 ns
[2025-09-03T09:08:49.060+0000][182][info ][safepoint   ] Safepoint "Cleanup", Time since last: 3004002168 ns, Reaching safepoint: 43958 ns, Cleanup: 65000 ns, At safepoint: 26209 ns, Total: 135167 ns
[2025-09-03T09:08:52.870+0000][182][info ][safepoint   ] Safepoint "Cleanup", Time since last: 3809890793 ns, Reaching safepoint: 16125 ns, Cleanup: 9167 ns, At safepoint: 7500 ns, Total: 32792 ns
[2025-09-03T09:08:58.877+0000][182][info ][safepoint   ] Safepoint "Cleanup", Time since last: 6006638378 ns, Reaching safepoint: 372625 ns, Cleanup: 48666 ns, At safepoint: 28792 ns, Total: 450083 ns
[2025-09-03T09:09:01.541+0000][182][info ][safepoint   ] Safepoint "Cleanup", Time since last: 2664735501 ns, Reaching safepoint: 5083 ns, Cleanup: 17250 ns, At safepoint: 4500 ns, Total: 26833 ns
[2025-09-03T09:09:03.185+0000][182][info ][safepoint   ] Safepoint "Cleanup", Time since last: 1644051501 ns, Reaching safepoint: 14625 ns, Cleanup: 78209 ns, At safepoint: 4458 ns, Total: 97292 ns
[2025-09-03T09:09:04.195+0000][182][info ][safepoint   ] Safepoint "Cleanup", Time since last: 1009727084 ns, Reaching safepoint: 93250 ns, Cleanup: 34916 ns, At safepoint: 34292 ns, Total: 162458 ns
[2025-09-03T09:09:05.196+0000][182][info ][safepoint   ] Safepoint "Cleanup", Time since last: 1001021542 ns, Reaching safepoint: 46334 ns, Cleanup: 28416 ns, At safepoint: 11209 ns, Total: 85959 ns
[2025-09-03T09:09:06.197+0000][182][info ][safepoint   ] Safepoint "Cleanup", Time since last: 1000799333 ns, Reaching safepoint: 76667 ns, Cleanup: 41125 ns, At safepoint: 19750 ns, Total: 137542 ns
[2025-09-03T09:09:07.198+0000][182][info ][safepoint   ] Safepoint "Cleanup", Time since last: 1000903042 ns, Reaching safepoint: 49458 ns, Cleanup: 42625 ns, At safepoint: 15000 ns, Total: 107083 ns
[2025-09-03T09:09:08.200+0000][182][info ][safepoint   ] Safepoint "Cleanup", Time since last: 1000964584 ns, Reaching safepoint: 66417 ns, Cleanup: 44500 ns, At safepoint: 17375 ns, Total: 128292 ns
[2025-09-03T09:09:14.206+0000][182][info ][safepoint   ] Safepoint "Cleanup", Time since last: 6006479836 ns, Reaching safepoint: 114958 ns, Cleanup: 105584 ns, At safepoint: 79750 ns, Total: 300292 ns
[2025-09-03T09:09:15.208+0000][182][info ][safepoint   ] Safepoint "Cleanup", Time since last: 1001966125 ns, Reaching safepoint: 24667 ns, Cleanup: 23250 ns, At safepoint: 36292 ns, Total: 84209 ns
[2025-09-03T09:09:16.210+0000][182][info ][safepoint   ] Safepoint "Cleanup", Time since last: 1001376833 ns, Reaching safepoint: 54417 ns, Cleanup: 36917 ns, At safepoint: 16541 ns, Total: 107875 ns
[2025-09-03T09:09:17.212+0000][182][info ][safepoint   ] Safepoint "Cleanup", Time since last: 1002432209 ns, Reaching safepoint: 43042 ns, Cleanup: 27583 ns, At safepoint: 13459 ns, Total: 84084 ns
[2025-09-03T09:09:30.227+0000][182][info ][safepoint   ] Safepoint "Cleanup", Time since last: 13014672006 ns, Reaching safepoint: 61250 ns, Cleanup: 13916 ns, At safepoint: 7000 ns, Total: 82166 ns
[2025-09-03T09:09:32.230+0000][182][info ][safepoint   ] Safepoint "Cleanup", Time since last: 2002282501 ns, Reaching safepoint: 52500 ns, Cleanup: 46291 ns, At safepoint: 52792 ns, Total: 151583 ns
[2025-09-03T09:09:34.527+0000][182][info ][safepoint   ] Safepoint "Cleanup", Time since last: 2297243751 ns, Reaching safepoint: 9917 ns, Cleanup: 12292 ns, At safepoint: 11125 ns, Total: 33334 ns
[2025-09-03T09:09:36.343+0000][182][info ][safepoint   ] Safepoint "Cleanup", Time since last: 1815804709 ns, Reaching safepoint: 69208 ns, Cleanup: 136000 ns, At safepoint: 18958 ns, Total: 224166 ns
[2025-09-03T09:09:38.346+0000][182][info ][safepoint   ] Safepoint "Cleanup", Time since last: 2002867751 ns, Reaching safepoint: 69709 ns, Cleanup: 51625 ns, At safepoint: 16708 ns, Total: 138042 ns
[2025-09-03T09:09:41.350+0000][182][info ][safepoint   ] Safepoint "Cleanup", Time since last: 3004337251 ns, Reaching safepoint: 49167 ns, Cleanup: 31583 ns, At safepoint: 15667 ns, Total: 96417 ns
[2025-09-03T09:09:43.353+0000][182][info ][safepoint   ] Safepoint "Cleanup", Time since last: 2002501626 ns, Reaching safepoint: 48708 ns, Cleanup: 30125 ns, At safepoint: 13375 ns, Total: 92208 ns
[2025-09-03T09:09:52.540+0000][182][info ][safepoint   ] Safepoint "Cleanup", Time since last: 9186818546 ns, Reaching safepoint: 5292 ns, Cleanup: 8458 ns, At safepoint: 1500 ns, Total: 15250 ns
[2025-09-03T09:09:54.460+0000][182][info ][safepoint   ] Safepoint "Cleanup", Time since last: 1919899043 ns, Reaching safepoint: 89083 ns, Cleanup: 46209 ns, At safepoint: 25750 ns, Total: 161042 ns
[2025-09-03T09:09:57.464+0000][182][info ][safepoint   ] Safepoint "Cleanup", Time since last: 3003363626 ns, Reaching safepoint: 109250 ns, Cleanup: 68917 ns, At safepoint: 23083 ns, Total: 201250 ns
[2025-09-03T09:09:58.465+0000][182][info ][safepoint   ] Safepoint "Cleanup", Time since last: 1001156417 ns, Reaching safepoint: 92875 ns, Cleanup: 55667 ns, At safepoint: 21042 ns, Total: 169584 ns
[2025-09-03T09:10:04.545+0000][182][info ][safepoint   ] Safepoint "Cleanup", Time since last: 6079994543 ns, Reaching safepoint: 6500 ns, Cleanup: 19792 ns, At safepoint: 9833 ns, Total: 36125 ns
[2025-09-03T09:10:05.555+0000][182][info ][safepoint   ] Safepoint "Cleanup", Time since last: 1008734876 ns, Reaching safepoint: 964666 ns, Cleanup: 25750 ns, At safepoint: 14917 ns, Total: 1005333 ns
[2025-09-03T09:10:06.564+0000][182][info ][safepoint   ] Safepoint "Cleanup", Time since last: 1009005625 ns, Reaching safepoint: 28375 ns, Cleanup: 67834 ns, At safepoint: 28291 ns, Total: 124500 ns
[2025-09-03T09:10:08.459+0000][182][info ][safepoint   ] Safepoint "Cleanup", Time since last: 1894797168 ns, Reaching safepoint: 8042 ns, Cleanup: 12208 ns, At safepoint: 9250 ns, Total: 29500 ns
[2025-09-03T09:10:15.579+0000][182][info ][safepoint   ] Safepoint "Cleanup", Time since last: 7120337878 ns, Reaching safepoint: 168417 ns, Cleanup: 61583 ns, At safepoint: 24209 ns, Total: 254209 ns
[2025-09-03T09:10:16.582+0000][182][info ][safepoint   ] Safepoint "Cleanup", Time since last: 1002596709 ns, Reaching safepoint: 36166 ns, Cleanup: 21667 ns, At safepoint: 10917 ns, Total: 68750 ns
[2025-09-03T09:10:17.583+0000][182][info ][safepoint   ] Safepoint "Cleanup", Time since last: 1001490250 ns, Reaching safepoint: 65458 ns, Cleanup: 45959 ns, At safepoint: 12958 ns, Total: 124375 ns
[2025-09-03T09:10:18.585+0000][182][info ][safepoint   ] Safepoint "Cleanup", Time since last: 1001465542 ns, Reaching safepoint: 40792 ns, Cleanup: 72917 ns, At safepoint: 59875 ns, Total: 173584 ns
[2025-09-03T09:10:23.595+0000][182][info ][safepoint   ] Safepoint "Cleanup", Time since last: 5009575710 ns, Reaching safepoint: 140625 ns, Cleanup: 76125 ns, At safepoint: 30875 ns, Total: 247625 ns
[2025-09-03T09:10:26.599+0000][182][info ][safepoint   ] Safepoint "Cleanup", Time since last: 3003755085 ns, Reaching safepoint: 62625 ns, Cleanup: 45583 ns, At safepoint: 17167 ns, Total: 125375 ns
[2025-09-03T09:10:34.615+0000][182][info ][safepoint   ] Safepoint "Cleanup", Time since last: 8015750420 ns, Reaching safepoint: 92416 ns, Cleanup: 49500 ns, At safepoint: 21500 ns, Total: 163416 ns
[2025-09-03T09:10:43.626+0000][182][info ][safepoint   ] Safepoint "Cleanup", Time since last: 9010894546 ns, Reaching safepoint: 451084 ns, Cleanup: 34958 ns, At safepoint: 48583 ns, Total: 534625 ns
[2025-09-03T09:10:53.281+0000][182][info ][safepoint   ] Safepoint "Cleanup", Time since last: 9654884088 ns, Reaching safepoint: 57417 ns, Cleanup: 40083 ns, At safepoint: 14125 ns, Total: 111625 ns
[2025-09-03T09:10:54.283+0000][182][info ][safepoint   ] Safepoint "Cleanup", Time since last: 1001567917 ns, Reaching safepoint: 72000 ns, Cleanup: 44375 ns, At safepoint: 35709 ns, Total: 152084 ns
[2025-09-03T09:10:59.290+0000][182][info ][safepoint   ] Safepoint "Cleanup", Time since last: 5006964877 ns, Reaching safepoint: 298500 ns, Cleanup: 49417 ns, At safepoint: 22833 ns, Total: 370750 ns
[2025-09-03T09:11:00.292+0000][182][info ][safepoint   ] Safepoint "Cleanup", Time since last: 1001570875 ns, Reaching safepoint: 102459 ns, Cleanup: 33375 ns, At safepoint: 19750 ns, Total: 155584 ns
[2025-09-03T09:11:04.298+0000][182][info ][safepoint   ] Safepoint "Cleanup", Time since last: 4004123585 ns, Reaching safepoint: 101375 ns, Cleanup: 66125 ns, At safepoint: 83750 ns, Total: 251250 ns
[2025-09-03T09:11:07.303+0000][182][info ][safepoint   ] Safepoint "Cleanup", Time since last: 3004173459 ns, Reaching safepoint: 62834 ns, Cleanup: 35750 ns, At safepoint: 13000 ns, Total: 111584 ns
[2025-09-03T09:11:08.796+0000][182][info ][safepoint   ] Safepoint "Cleanup", Time since last: 1493182709 ns, Reaching safepoint: 18333 ns, Cleanup: 131917 ns, At safepoint: 11958 ns, Total: 162208 ns
[2025-09-03T09:11:10.801+0000][182][info ][safepoint   ] Safepoint "Cleanup", Time since last: 2004794209 ns, Reaching safepoint: 76084 ns, Cleanup: 29416 ns, At safepoint: 15250 ns, Total: 120750 ns
[2025-09-03T09:11:15.807+0000][182][info ][safepoint   ] Safepoint "Cleanup", Time since last: 5005766378 ns, Reaching safepoint: 93125 ns, Cleanup: 46667 ns, At safepoint: 15291 ns, Total: 155083 ns
[2025-09-03T09:11:18.811+0000][182][info ][safepoint   ] Safepoint "Cleanup", Time since last: 3003885502 ns, Reaching safepoint: 84708 ns, Cleanup: 50500 ns, At safepoint: 17417 ns, Total: 152625 ns
[2025-09-03T09:11:19.813+0000][182][info ][safepoint   ] Safepoint "Cleanup", Time since last: 1002347917 ns, Reaching safepoint: 45291 ns, Cleanup: 27667 ns, At safepoint: 13292 ns, Total: 86250 ns
[2025-09-03T09:11:20.815+0000][182][info ][safepoint   ] Safepoint "Cleanup", Time since last: 1001882375 ns, Reaching safepoint: 26042 ns, Cleanup: 26583 ns, At safepoint: 15334 ns, Total: 67959 ns
[2025-09-03T09:11:25.821+0000][182][info ][safepoint   ] Safepoint "Cleanup", Time since last: 5005787335 ns, Reaching safepoint: 38959 ns, Cleanup: 27500 ns, At safepoint: 10541 ns, Total: 77000 ns
[2025-09-03T09:11:34.835+0000][182][info ][safepoint   ] Safepoint "Cleanup", Time since last: 9013383129 ns, Reaching safepoint: 137750 ns, Cleanup: 37583 ns, At safepoint: 26417 ns, Total: 201750 ns
[2025-09-03T09:11:38.842+0000][182][info ][safepoint   ] Safepoint "Cleanup", Time since last: 4007110669 ns, Reaching safepoint: 77541 ns, Cleanup: 50917 ns, At safepoint: 19500 ns, Total: 147958 ns
[2025-09-03T09:11:43.848+0000][182][info ][safepoint   ] Safepoint "Cleanup", Time since last: 5005515377 ns, Reaching safepoint: 54042 ns, Cleanup: 34542 ns, At safepoint: 14750 ns, Total: 103334 ns
[2025-09-03T09:11:46.851+0000][182][info ][safepoint   ] Safepoint "Cleanup", Time since last: 3003047668 ns, Reaching safepoint: 34250 ns, Cleanup: 20875 ns, At safepoint: 8833 ns, Total: 63958 ns
[2025-09-03T09:11:47.854+0000][182][info ][safepoint   ] Safepoint "Cleanup", Time since last: 1003002542 ns, Reaching safepoint: 59084 ns, Cleanup: 37333 ns, At safepoint: 16208 ns, Total: 112625 ns
[2025-09-03T09:11:48.855+0000][182][info ][safepoint   ] Safepoint "Cleanup", Time since last: 1000671001 ns, Reaching safepoint: 38875 ns, Cleanup: 24875 ns, At safepoint: 10291 ns, Total: 74041 ns
[2025-09-03T09:11:49.857+0000][182][info ][safepoint   ] Safepoint "Cleanup", Time since last: 1001683459 ns, Reaching safepoint: 41583 ns, Cleanup: 33709 ns, At safepoint: 14750 ns, Total: 90042 ns
[2025-09-03T09:11:58.434+0000][182][info ][safepoint   ] Safepoint "Cleanup", Time since last: 8577578129 ns, Reaching safepoint: 87542 ns, Cleanup: 46125 ns, At safepoint: 20041 ns, Total: 153708 ns
[2025-09-03T09:11:59.437+0000][182][info ][safepoint   ] Safepoint "Cleanup", Time since last: 1002430626 ns, Reaching safepoint: 154666 ns, Cleanup: 101917 ns, At safepoint: 27458 ns, Total: 284041 ns
[2025-09-03T09:12:00.439+0000][182][info ][safepoint   ] Safepoint "Cleanup", Time since last: 1001135293 ns, Reaching safepoint: 196708 ns, Cleanup: 70792 ns, At safepoint: 24000 ns, Total: 291500 ns
[2025-09-03T09:12:01.440+0000][182][info ][safepoint   ] Safepoint "Cleanup", Time since last: 1001571874 ns, Reaching safepoint: 13375 ns, Cleanup: 10709 ns, At safepoint: 4333 ns, Total: 28417 ns
[2025-09-03T09:12:04.443+0000][182][info ][safepoint   ] Safepoint "Cleanup", Time since last: 3003186626 ns, Reaching safepoint: 87167 ns, Cleanup: 48958 ns, At safepoint: 16250 ns, Total: 152375 ns
[2025-09-03T09:12:07.447+0000][182][info ][safepoint   ] Safepoint "Cleanup", Time since last: 3003744627 ns, Reaching safepoint: 83458 ns, Cleanup: 32334 ns, At safepoint: 13333 ns, Total: 129125 ns
[2025-09-03T09:12:08.450+0000][182][info ][safepoint   ] Safepoint "Cleanup", Time since last: 1002109584 ns, Reaching safepoint: 105750 ns, Cleanup: 63541 ns, At safepoint: 19875 ns, Total: 189166 ns
[2025-09-03T09:12:10.667+0000][182][info ][safepoint   ] Safepoint "Cleanup", Time since last: 2217016293 ns, Reaching safepoint: 4500 ns, Cleanup: 16667 ns, At safepoint: 1416 ns, Total: 22583 ns
[2025-09-03T09:12:11.999+0000][182][info ][safepoint   ] Safepoint "Cleanup", Time since last: 1332092584 ns, Reaching safepoint: 18292 ns, Cleanup: 47583 ns, At safepoint: 10209 ns, Total: 76084 ns
[2025-09-03T09:12:13.002+0000][182][info ][safepoint   ] Safepoint "Cleanup", Time since last: 1003540000 ns, Reaching safepoint: 38167 ns, Cleanup: 19750 ns, At safepoint: 7458 ns, Total: 65375 ns
[2025-09-03T09:12:14.004+0000][182][info ][safepoint   ] Safepoint "Cleanup", Time since last: 1001886292 ns, Reaching safepoint: 81834 ns, Cleanup: 65708 ns, At safepoint: 22833 ns, Total: 170375 ns
[2025-09-03T09:12:16.008+0000][182][info ][safepoint   ] Safepoint "Cleanup", Time since last: 2003193960 ns, Reaching safepoint: 79458 ns, Cleanup: 50708 ns, At safepoint: 14459 ns, Total: 144625 ns
[2025-09-03T09:12:20.015+0000][182][info ][safepoint   ] Safepoint "Cleanup", Time since last: 4007402877 ns, Reaching safepoint: 64916 ns, Cleanup: 43917 ns, At safepoint: 20208 ns, Total: 129041 ns
[2025-09-03T09:12:22.018+0000][182][info ][safepoint   ] Safepoint "Cleanup", Time since last: 2002458626 ns, Reaching safepoint: 47292 ns, Cleanup: 30500 ns, At safepoint: 14292 ns, Total: 92084 ns
[2025-09-03T09:12:31.028+0000][182][info ][safepoint   ] Safepoint "Cleanup", Time since last: 9010444962 ns, Reaching safepoint: 40917 ns, Cleanup: 76208 ns, At safepoint: 25333 ns, Total: 142458 ns
[2025-09-03T09:12:32.030+0000][182][info ][safepoint   ] Safepoint "Cleanup", Time since last: 1001392542 ns, Reaching safepoint: 49750 ns, Cleanup: 28166 ns, At safepoint: 18042 ns, Total: 95958 ns
[2025-09-03T09:12:36.034+0000][182][info ][safepoint   ] Safepoint "Cleanup", Time since last: 4004007877 ns, Reaching safepoint: 176292 ns, Cleanup: 58916 ns, At safepoint: 27000 ns, Total: 262208 ns
[2025-09-03T09:12:38.037+0000][182][info ][safepoint   ] Safepoint "Cleanup", Time since last: 2003073626 ns, Reaching safepoint: 47875 ns, Cleanup: 47292 ns, At safepoint: 28958 ns, Total: 124125 ns
[2025-09-03T09:12:44.046+0000][182][info ][safepoint   ] Safepoint "Cleanup", Time since last: 6008696461 ns, Reaching safepoint: 209500 ns, Cleanup: 42625 ns, At safepoint: 23417 ns, Total: 275542 ns
[2025-09-03T09:12:49.052+0000][182][info ][safepoint   ] Safepoint "Cleanup", Time since last: 5005412086 ns, Reaching safepoint: 46208 ns, Cleanup: 36792 ns, At safepoint: 13291 ns, Total: 96291 ns
[2025-09-03T09:12:57.633+0000][182][info ][safepoint   ] Safepoint "Cleanup", Time since last: 8581197421 ns, Reaching safepoint: 40584 ns, Cleanup: 29458 ns, At safepoint: 13583 ns, Total: 83625 ns
[2025-09-03T09:13:04.642+0000][182][info ][safepoint   ] Safepoint "Cleanup", Time since last: 7007828711 ns, Reaching safepoint: 64333 ns, Cleanup: 41000 ns, At safepoint: 41542 ns, Total: 146875 ns
[2025-09-03T09:13:07.646+0000][182][info ][safepoint   ] Safepoint "Cleanup", Time since last: 3003878876 ns, Reaching safepoint: 117750 ns, Cleanup: 27792 ns, At safepoint: 12458 ns, Total: 158000 ns
[2025-09-03T09:13:13.614+0000][182][info ][safepoint   ] Safepoint "Cleanup", Time since last: 5968697753 ns, Reaching safepoint: 10792 ns, Cleanup: 19958 ns, At safepoint: 4417 ns, Total: 35167 ns
[2025-09-03T09:13:15.242+0000][182][info ][safepoint   ] Safepoint "Cleanup", Time since last: 1626485792 ns, Reaching safepoint: 785875 ns, Cleanup: 87834 ns, At safepoint: 28375 ns, Total: 902084 ns
[2025-09-03T09:13:22.255+0000][182][info ][safepoint   ] Safepoint "Cleanup", Time since last: 7013017545 ns, Reaching safepoint: 36791 ns, Cleanup: 22875 ns, At safepoint: 9875 ns, Total: 69541 ns
[2025-09-03T09:13:27.382+0000][182][info ][gc,start    ] GC(24) Pause Young (Mixed) (G1 Evacuation Pause)
[2025-09-03T09:13:27.383+0000][182][info ][gc,task     ] GC(24) Using 8 workers of 8 for evacuation
[2025-09-03T09:13:27.383+0000][182][debug][gc,age      ] GC(24) Desired survivor size 41943040 bytes, new threshold 15 (max threshold 15)
[2025-09-03T09:13:27.431+0000][182][info ][gc,phases   ] GC(24)   Pre Evacuate Collection Set: 0.96ms
[2025-09-03T09:13:27.431+0000][182][info ][gc,phases   ] GC(24)   Merge Heap Roots: 0.38ms
[2025-09-03T09:13:27.431+0000][182][info ][gc,phases   ] GC(24)   Evacuate Collection Set: 43.68ms
[2025-09-03T09:13:27.431+0000][182][info ][gc,phases   ] GC(24)   Post Evacuate Collection Set: 2.54ms
[2025-09-03T09:13:27.431+0000][182][info ][gc,phases   ] GC(24)   Other: 0.45ms
[2025-09-03T09:13:27.431+0000][182][trace][gc,age      ] GC(24) Age table with threshold 15 (max threshold 15)
[2025-09-03T09:13:27.431+0000][182][trace][gc,age      ] GC(24) - age   1:    1278872 bytes,    1278872 total
[2025-09-03T09:13:27.431+0000][182][trace][gc,age      ] GC(24) - age   2:     244480 bytes,    1523352 total
[2025-09-03T09:13:27.431+0000][182][trace][gc,age      ] GC(24) - age   3:     112296 bytes,    1635648 total
[2025-09-03T09:13:27.431+0000][182][trace][gc,age      ] GC(24) - age   4:    2673064 bytes,    4308712 total
[2025-09-03T09:13:27.431+0000][182][trace][gc,age      ] GC(24) - age   5:    4110952 bytes,    8419664 total
[2025-09-03T09:13:27.431+0000][182][trace][gc,age      ] GC(24) - age   6:    8025288 bytes,   16444952 total
[2025-09-03T09:13:27.431+0000][182][info ][gc,heap     ] GC(24) Eden regions: 148->0(148)
[2025-09-03T09:13:27.432+0000][182][info ][gc,heap     ] GC(24) Survivor regions: 5->5(20)
[2025-09-03T09:13:27.432+0000][182][info ][gc,heap     ] GC(24) Old regions: 35->35
[2025-09-03T09:13:27.432+0000][182][info ][gc,heap     ] GC(24) Humongous regions: 2->2
[2025-09-03T09:13:27.432+0000][182][info ][gc,metaspace] GC(24) Metaspace: 159120K(163584K)->159120K(163584K) NonClass: 137255K(139712K)->137255K(139712K) Class: 21864K(23872K)->21864K(23872K)
[2025-09-03T09:13:27.432+0000][182][info ][gc          ] GC(24) Pause Young (Mixed) (G1 Evacuation Pause) 756M->163M(1024M) 49.368ms
[2025-09-03T09:13:27.432+0000][182][info ][gc,cpu      ] GC(24) User=0.35s Sys=0.00s Real=0.05s
[2025-09-03T09:13:27.435+0000][182][info ][safepoint   ] Safepoint "G1CollectForAllocation", Time since last: 5127068961 ns, Reaching safepoint: 309458 ns, Cleanup: 7334 ns, At safepoint: 52984208 ns, Total: 53301000 ns
[2025-09-03T09:13:29.440+0000][182][info ][safepoint   ] Safepoint "Cleanup", Time since last: 2005087876 ns, Reaching safepoint: 84667 ns, Cleanup: 56583 ns, At safepoint: 25417 ns, Total: 166667 ns
[2025-09-03T09:13:33.446+0000][182][info ][safepoint   ] Safepoint "Cleanup", Time since last: 4006041542 ns, Reaching safepoint: 49584 ns, Cleanup: 48666 ns, At safepoint: 16209 ns, Total: 114459 ns
[2025-09-03T09:13:43.456+0000][182][info ][safepoint   ] Safepoint "Cleanup", Time since last: 10009773213 ns, Reaching safepoint: 111375 ns, Cleanup: 46500 ns, At safepoint: 19833 ns, Total: 177708 ns
[2025-09-03T09:13:53.876+0000][182][info ][safepoint   ] Safepoint "Cleanup", Time since last: 10419693797 ns, Reaching safepoint: 77375 ns, Cleanup: 59541 ns, At safepoint: 24292 ns, Total: 161208 ns
[2025-09-03T09:13:57.881+0000][182][info ][safepoint   ] Safepoint "Cleanup", Time since last: 4004806794 ns, Reaching safepoint: 57375 ns, Cleanup: 30541 ns, At safepoint: 13292 ns, Total: 101208 ns
[2025-09-03T09:14:02.886+0000][182][info ][safepoint   ] Safepoint "Cleanup", Time since last: 5005124001 ns, Reaching safepoint: 29625 ns, Cleanup: 19959 ns, At safepoint: 8958 ns, Total: 58542 ns
[2025-09-03T09:14:10.894+0000][182][info ][safepoint   ] Safepoint "Cleanup", Time since last: 8007077879 ns, Reaching safepoint: 124042 ns, Cleanup: 32208 ns, At safepoint: 18125 ns, Total: 174375 ns
[2025-09-03T09:14:16.609+0000][182][info ][safepoint   ] Safepoint "Cleanup", Time since last: 5715788378 ns, Reaching safepoint: 5291 ns, Cleanup: 16084 ns, At safepoint: 2041 ns, Total: 23416 ns
[2025-09-03T09:14:18.504+0000][182][info ][safepoint   ] Safepoint "Cleanup", Time since last: 1894379793 ns, Reaching safepoint: 237125 ns, Cleanup: 95375 ns, At safepoint: 16791 ns, Total: 349291 ns
[2025-09-03T09:14:23.515+0000][182][info ][safepoint   ] Safepoint "Cleanup", Time since last: 5010591878 ns, Reaching safepoint: 36375 ns, Cleanup: 23458 ns, At safepoint: 10542 ns, Total: 70375 ns
[2025-09-03T09:14:30.522+0000][182][info ][safepoint   ] Safepoint "Cleanup", Time since last: 7007572128 ns, Reaching safepoint: 39834 ns, Cleanup: 27125 ns, At safepoint: 12250 ns, Total: 79209 ns
[2025-09-03T09:14:33.526+0000][182][info ][safepoint   ] Safepoint "Cleanup", Time since last: 3003670542 ns, Reaching safepoint: 73708 ns, Cleanup: 53083 ns, At safepoint: 21375 ns, Total: 148166 ns
[2025-09-03T09:14:36.530+0000][182][info ][safepoint   ] Safepoint "Cleanup", Time since last: 3003295668 ns, Reaching safepoint: 39875 ns, Cleanup: 32209 ns, At safepoint: 60083 ns, Total: 132167 ns
[2025-09-03T09:14:38.533+0000][182][info ][safepoint   ] Safepoint "Cleanup", Time since last: 2002865418 ns, Reaching safepoint: 94833 ns, Cleanup: 36833 ns, At safepoint: 13750 ns, Total: 145416 ns
[2025-09-03T09:14:47.544+0000][182][info ][safepoint   ] Safepoint "Cleanup", Time since last: 9010530338 ns, Reaching safepoint: 69583 ns, Cleanup: 23709 ns, At safepoint: 27041 ns, Total: 120333 ns
[2025-09-03T09:14:48.545+0000][182][info ][safepoint   ] Safepoint "Cleanup", Time since last: 1001146334 ns, Reaching safepoint: 35584 ns, Cleanup: 23375 ns, At safepoint: 9083 ns, Total: 68042 ns
[2025-09-03T09:14:52.612+0000][182][info ][safepoint   ] Safepoint "Cleanup", Time since last: 4067417835 ns, Reaching safepoint: 6458 ns, Cleanup: 9584 ns, At safepoint: 6833 ns, Total: 22875 ns
[2025-09-03T09:14:53.628+0000][182][info ][safepoint   ] Safepoint "Cleanup", Time since last: 1015454501 ns, Reaching safepoint: 70541 ns, Cleanup: 42250 ns, At safepoint: 22792 ns, Total: 135583 ns
[2025-09-03T09:15:03.690+0000][182][info ][safepoint   ] Safepoint "Cleanup", Time since last: 10061606545 ns, Reaching safepoint: 62375 ns, Cleanup: 39500 ns, At safepoint: 19334 ns, Total: 121209 ns
[2025-09-03T09:15:15.506+0000][182][info ][safepoint   ] Safepoint "Cleanup", Time since last: 11816362964 ns, Reaching safepoint: 133541 ns, Cleanup: 52792 ns, At safepoint: 16417 ns, Total: 202750 ns
[2025-09-03T09:15:17.510+0000][182][info ][safepoint   ] Safepoint "Cleanup", Time since last: 2003958792 ns, Reaching safepoint: 132500 ns, Cleanup: 41792 ns, At safepoint: 20417 ns, Total: 194709 ns
[2025-09-03T09:15:19.620+0000][182][info ][safepoint   ] Safepoint "Cleanup", Time since last: 2110090959 ns, Reaching safepoint: 17250 ns, Cleanup: 14292 ns, At safepoint: 7208 ns, Total: 38750 ns
[2025-09-03T09:15:20.824+0000][182][info ][safepoint   ] Safepoint "Cleanup", Time since last: 1203710167 ns, Reaching safepoint: 13375 ns, Cleanup: 34000 ns, At safepoint: 24417 ns, Total: 71792 ns
[2025-09-03T09:15:23.863+0000][182][info ][safepoint   ] Safepoint "Cleanup", Time since last: 3038424168 ns, Reaching safepoint: 46750 ns, Cleanup: 19667 ns, At safepoint: 9500 ns, Total: 75917 ns
[2025-09-03T09:15:25.865+0000][182][info ][safepoint   ] Safepoint "Cleanup", Time since last: 2001647001 ns, Reaching safepoint: 52041 ns, Cleanup: 35917 ns, At safepoint: 17917 ns, Total: 105875 ns
[2025-09-03T09:15:37.877+0000][182][info ][safepoint   ] Safepoint "Cleanup", Time since last: 12012960921 ns, Reaching safepoint: 36375 ns, Cleanup: 21250 ns, At safepoint: 10167 ns, Total: 67792 ns
[2025-09-03T09:15:42.885+0000][182][info ][safepoint   ] Safepoint "Cleanup", Time since last: 5007736960 ns, Reaching safepoint: 54125 ns, Cleanup: 16417 ns, At safepoint: 8208 ns, Total: 78750 ns
[2025-09-03T09:15:49.893+0000][182][info ][safepoint   ] Safepoint "Cleanup", Time since last: 7008279545 ns, Reaching safepoint: 109750 ns, Cleanup: 46542 ns, At safepoint: 21292 ns, Total: 177584 ns
[2025-09-03T09:15:53.942+0000][182][info ][safepoint   ] Safepoint "Cleanup", Time since last: 4048375960 ns, Reaching safepoint: 99750 ns, Cleanup: 68167 ns, At safepoint: 24083 ns, Total: 192000 ns
[2025-09-03T09:15:57.946+0000][182][info ][safepoint   ] Safepoint "Cleanup", Time since last: 4004305419 ns, Reaching safepoint: 19333 ns, Cleanup: 17083 ns, At safepoint: 7667 ns, Total: 44083 ns
[2025-09-03T09:15:58.948+0000][182][info ][safepoint   ] Safepoint "Cleanup", Time since last: 1002036625 ns, Reaching safepoint: 50959 ns, Cleanup: 71208 ns, At safepoint: 15500 ns, Total: 137667 ns
[2025-09-03T09:16:01.953+0000][182][info ][safepoint   ] Safepoint "Cleanup", Time since last: 3004799334 ns, Reaching safepoint: 20042 ns, Cleanup: 17000 ns, At safepoint: 7458 ns, Total: 44500 ns
[2025-09-03T09:16:02.955+0000][182][info ][safepoint   ] Safepoint "Cleanup", Time since last: 1000798792 ns, Reaching safepoint: 913375 ns, Cleanup: 24625 ns, At safepoint: 13250 ns, Total: 951250 ns
[2025-09-03T09:16:03.956+0000][182][info ][safepoint   ] Safepoint "Cleanup", Time since last: 1000864584 ns, Reaching safepoint: 60625 ns, Cleanup: 40583 ns, At safepoint: 17792 ns, Total: 119000 ns
[2025-09-03T09:16:04.958+0000][182][info ][safepoint   ] Safepoint "Cleanup", Time since last: 1001659917 ns, Reaching safepoint: 38542 ns, Cleanup: 25458 ns, At safepoint: 15208 ns, Total: 79208 ns
[2025-09-03T09:16:07.963+0000][182][info ][safepoint   ] Safepoint "Cleanup", Time since last: 3004885127 ns, Reaching safepoint: 46208 ns, Cleanup: 56583 ns, At safepoint: 14584 ns, Total: 117375 ns
[2025-09-03T09:16:08.965+0000][182][info ][safepoint   ] Safepoint "Cleanup", Time since last: 1001756292 ns, Reaching safepoint: 88750 ns, Cleanup: 47208 ns, At safepoint: 10375 ns, Total: 146333 ns
[2025-09-03T09:16:13.971+0000][182][info ][safepoint   ] Safepoint "Cleanup", Time since last: 5005668919 ns, Reaching safepoint: 548125 ns, Cleanup: 50042 ns, At safepoint: 13792 ns, Total: 611959 ns
[2025-09-03T09:16:16.975+0000][182][info ][safepoint   ] Safepoint "Cleanup", Time since last: 3003104293 ns, Reaching safepoint: 1041833 ns, Cleanup: 24958 ns, At safepoint: 29834 ns, Total: 1096625 ns
[2025-09-03T09:16:17.976+0000][182][info ][safepoint   ] Safepoint "Cleanup", Time since last: 1000855792 ns, Reaching safepoint: 42833 ns, Cleanup: 29917 ns, At safepoint: 14250 ns, Total: 87000 ns
[2025-09-03T09:16:22.653+0000][182][info ][safepoint   ] Safepoint "Cleanup", Time since last: 4676260252 ns, Reaching safepoint: 5125 ns, Cleanup: 23583 ns, At safepoint: 4042 ns, Total: 32750 ns
[2025-09-03T09:16:24.042+0000][182][info ][safepoint   ] Safepoint "Cleanup", Time since last: 1389099042 ns, Reaching safepoint: 46542 ns, Cleanup: 323667 ns, At safepoint: 127583 ns, Total: 497792 ns
[2025-09-03T09:16:26.045+0000][182][info ][safepoint   ] Safepoint "Cleanup", Time since last: 2002598168 ns, Reaching safepoint: 32041 ns, Cleanup: 20959 ns, At safepoint: 8666 ns, Total: 61666 ns
[2025-09-03T09:16:28.048+0000][182][info ][safepoint   ] Safepoint "Cleanup", Time since last: 2002807918 ns, Reaching safepoint: 77792 ns, Cleanup: 51833 ns, At safepoint: 19875 ns, Total: 149500 ns
[2025-09-03T09:16:30.051+0000][182][info ][safepoint   ] Safepoint "Cleanup", Time since last: 2002543168 ns, Reaching safepoint: 86541 ns, Cleanup: 70250 ns, At safepoint: 31000 ns, Total: 187791 ns
[2025-09-03T09:16:32.054+0000][182][info ][safepoint   ] Safepoint "Cleanup", Time since last: 2003029793 ns, Reaching safepoint: 93041 ns, Cleanup: 75334 ns, At safepoint: 24875 ns, Total: 193250 ns
[2025-09-03T09:16:34.057+0000][182][info ][safepoint   ] Safepoint "Cleanup", Time since last: 2002596209 ns, Reaching safepoint: 134542 ns, Cleanup: 56875 ns, At safepoint: 21375 ns, Total: 212792 ns
[2025-09-03T09:16:35.059+0000][182][info ][safepoint   ] Safepoint "Cleanup", Time since last: 1001824958 ns, Reaching safepoint: 75584 ns, Cleanup: 31208 ns, At safepoint: 16542 ns, Total: 123334 ns
[2025-09-03T09:16:38.062+0000][182][info ][safepoint   ] Safepoint "Cleanup", Time since last: 3003372334 ns, Reaching safepoint: 45792 ns, Cleanup: 43250 ns, At safepoint: 51333 ns, Total: 140375 ns
[2025-09-03T09:16:46.079+0000][182][info ][safepoint   ] Safepoint "Cleanup", Time since last: 8016556838 ns, Reaching safepoint: 78083 ns, Cleanup: 24750 ns, At safepoint: 9083 ns, Total: 111916 ns
[2025-09-03T09:16:48.081+0000][182][info ][safepoint   ] Safepoint "Cleanup", Time since last: 2002384835 ns, Reaching safepoint: 27583 ns, Cleanup: 26833 ns, At safepoint: 8334 ns, Total: 62750 ns
[2025-09-03T09:16:59.120+0000][182][info ][safepoint   ] Safepoint "Cleanup", Time since last: 11039049880 ns, Reaching safepoint: 100417 ns, Cleanup: 30458 ns, At safepoint: 12208 ns, Total: 143083 ns
[2025-09-03T09:17:00.123+0000][182][info ][safepoint   ] Safepoint "Cleanup", Time since last: 1002396334 ns, Reaching safepoint: 39250 ns, Cleanup: 30167 ns, At safepoint: 11708 ns, Total: 81125 ns
[2025-09-03T09:17:08.133+0000][182][info ][safepoint   ] Safepoint "Cleanup", Time since last: 8010000795 ns, Reaching safepoint: 47166 ns, Cleanup: 60584 ns, At safepoint: 15375 ns, Total: 123125 ns
[2025-09-03T09:17:09.135+0000][182][info ][safepoint   ] Safepoint "Cleanup", Time since last: 1001632750 ns, Reaching safepoint: 38625 ns, Cleanup: 26708 ns, At safepoint: 12292 ns, Total: 77625 ns
[2025-09-03T09:17:16.148+0000][182][info ][safepoint   ] Safepoint "Cleanup", Time since last: 7013015753 ns, Reaching safepoint: 99417 ns, Cleanup: 38375 ns, At safepoint: 14083 ns, Total: 151875 ns
[2025-09-03T09:17:18.152+0000][182][info ][safepoint   ] Safepoint "Cleanup", Time since last: 2003395710 ns, Reaching safepoint: 63625 ns, Cleanup: 46208 ns, At safepoint: 18125 ns, Total: 127958 ns
[2025-09-03T09:17:19.153+0000][182][info ][safepoint   ] Safepoint "Cleanup", Time since last: 1001294417 ns, Reaching safepoint: 76625 ns, Cleanup: 73292 ns, At safepoint: 31625 ns, Total: 181542 ns
[2025-09-03T09:17:25.643+0000][182][info ][safepoint   ] Safepoint "Cleanup", Time since last: 6489883211 ns, Reaching safepoint: 5959 ns, Cleanup: 16916 ns, At safepoint: 7917 ns, Total: 30792 ns
[2025-09-03T09:17:27.278+0000][182][info ][safepoint   ] Safepoint "Cleanup", Time since last: 1633994292 ns, Reaching safepoint: 346375 ns, Cleanup: 40792 ns, At safepoint: 22125 ns, Total: 409292 ns
[2025-09-03T09:17:32.287+0000][182][info ][safepoint   ] Safepoint "Cleanup", Time since last: 5009229168 ns, Reaching safepoint: 64958 ns, Cleanup: 36792 ns, At safepoint: 15167 ns, Total: 116917 ns
[2025-09-03T09:17:38.298+0000][182][info ][safepoint   ] Safepoint "Cleanup", Time since last: 6010811378 ns, Reaching safepoint: 74250 ns, Cleanup: 35583 ns, At safepoint: 15792 ns, Total: 125625 ns
[2025-09-03T09:17:42.302+0000][182][info ][safepoint   ] Safepoint "Cleanup", Time since last: 4004159710 ns, Reaching safepoint: 48292 ns, Cleanup: 52625 ns, At safepoint: 17625 ns, Total: 118542 ns
[2025-09-03T09:17:54.259+0000][182][info ][safepoint   ] Safepoint "Cleanup", Time since last: 11956650547 ns, Reaching safepoint: 45958 ns, Cleanup: 37167 ns, At safepoint: 13958 ns, Total: 97083 ns
[2025-09-03T09:17:59.265+0000][182][info ][safepoint   ] Safepoint "Cleanup", Time since last: 5006623294 ns, Reaching safepoint: 40709 ns, Cleanup: 47333 ns, At safepoint: 13125 ns, Total: 101167 ns
[2025-09-03T09:18:01.268+0000][182][info ][safepoint   ] Safepoint "Cleanup", Time since last: 2002100167 ns, Reaching safepoint: 37500 ns, Cleanup: 29458 ns, At safepoint: 14709 ns, Total: 81667 ns
[2025-09-03T09:18:04.271+0000][182][info ][safepoint   ] Safepoint "Cleanup", Time since last: 3003128209 ns, Reaching safepoint: 32334 ns, Cleanup: 63375 ns, At safepoint: 14541 ns, Total: 110250 ns
[2025-09-03T09:18:14.283+0000][182][info ][safepoint   ] Safepoint "Cleanup", Time since last: 10011886630 ns, Reaching safepoint: 142375 ns, Cleanup: 52792 ns, At safepoint: 16958 ns, Total: 212125 ns
[2025-09-03T09:18:15.285+0000][182][info ][safepoint   ] Safepoint "Cleanup", Time since last: 1001541626 ns, Reaching safepoint: 56916 ns, Cleanup: 34292 ns, At safepoint: 15833 ns, Total: 107041 ns
[2025-09-03T09:18:16.286+0000][182][info ][safepoint   ] Safepoint "Cleanup", Time since last: 1001154501 ns, Reaching safepoint: 57500 ns, Cleanup: 41458 ns, At safepoint: 19625 ns, Total: 118583 ns
[2025-09-03T09:18:26.297+0000][182][info ][safepoint   ] Safepoint "Cleanup", Time since last: 10011093547 ns, Reaching safepoint: 71250 ns, Cleanup: 47041 ns, At safepoint: 21500 ns, Total: 139791 ns
[2025-09-03T09:18:28.300+0000][182][info ][safepoint   ] Safepoint "Cleanup", Time since last: 2002630168 ns, Reaching safepoint: 77958 ns, Cleanup: 58542 ns, At safepoint: 20791 ns, Total: 157291 ns
[2025-09-03T09:18:29.447+0000][182][info ][safepoint   ] Safepoint "Cleanup", Time since last: 1146873709 ns, Reaching safepoint: 4000 ns, Cleanup: 25542 ns, At safepoint: 6875 ns, Total: 36417 ns
[2025-09-03T09:18:48.491+0000][182][info ][safepoint   ] Safepoint "Cleanup", Time since last: 19043615842 ns, Reaching safepoint: 87958 ns, Cleanup: 29417 ns, At safepoint: 19625 ns, Total: 137000 ns
[2025-09-03T09:18:49.493+0000][182][info ][safepoint   ] Safepoint "Cleanup", Time since last: 1002592667 ns, Reaching safepoint: 42542 ns, Cleanup: 34250 ns, At safepoint: 11833 ns, Total: 88625 ns
[2025-09-03T09:18:53.443+0000][182][info ][safepoint   ] Safepoint "Cleanup", Time since last: 3950085002 ns, Reaching safepoint: 28583 ns, Cleanup: 19458 ns, At safepoint: 8500 ns, Total: 56541 ns
[2025-09-03T09:18:58.450+0000][182][info ][safepoint   ] Safepoint "Cleanup", Time since last: 5006276920 ns, Reaching safepoint: 292083 ns, Cleanup: 60458 ns, At safepoint: 37500 ns, Total: 390041 ns
[2025-09-03T09:18:59.454+0000][182][info ][safepoint   ] Safepoint "Cleanup", Time since last: 1004117042 ns, Reaching safepoint: 41417 ns, Cleanup: 43042 ns, At safepoint: 28875 ns, Total: 113334 ns
[2025-09-03T09:19:00.456+0000][182][info ][safepoint   ] Safepoint "Cleanup", Time since last: 1001717375 ns, Reaching safepoint: 38125 ns, Cleanup: 21625 ns, At safepoint: 10458 ns, Total: 70208 ns
[2025-09-03T09:19:08.470+0000][182][info ][safepoint   ] Safepoint "Cleanup", Time since last: 8013938753 ns, Reaching safepoint: 61417 ns, Cleanup: 34458 ns, At safepoint: 14000 ns, Total: 109875 ns
[2025-09-03T09:19:09.473+0000][182][info ][safepoint   ] Safepoint "Cleanup", Time since last: 1002251834 ns, Reaching safepoint: 45000 ns, Cleanup: 33292 ns, At safepoint: 14500 ns, Total: 92792 ns
[2025-09-03T09:19:15.480+0000][182][info ][safepoint   ] Safepoint "Cleanup", Time since last: 6007225586 ns, Reaching safepoint: 145792 ns, Cleanup: 63083 ns, At safepoint: 21042 ns, Total: 229917 ns
[2025-09-03T09:19:18.490+0000][182][info ][safepoint   ] Safepoint "Cleanup", Time since last: 3010046376 ns, Reaching safepoint: 61750 ns, Cleanup: 58458 ns, At safepoint: 18042 ns, Total: 138250 ns
[2025-09-03T09:19:19.492+0000][182][info ][safepoint   ] Safepoint "Cleanup", Time since last: 1001480917 ns, Reaching safepoint: 61750 ns, Cleanup: 32625 ns, At safepoint: 12625 ns, Total: 107000 ns
[2025-09-03T09:19:28.501+0000][182][info ][safepoint   ] Safepoint "Cleanup", Time since last: 9008682505 ns, Reaching safepoint: 57083 ns, Cleanup: 32250 ns, At safepoint: 24500 ns, Total: 113833 ns
[2025-09-03T09:19:29.503+0000][182][info ][safepoint   ] Safepoint "Cleanup", Time since last: 1001956959 ns, Reaching safepoint: 33500 ns, Cleanup: 37416 ns, At safepoint: 10875 ns, Total: 81791 ns
[2025-09-03T09:19:31.677+0000][182][info ][safepoint   ] Safepoint "Cleanup", Time since last: 2174075626 ns, Reaching safepoint: 5166 ns, Cleanup: 7750 ns, At safepoint: 2500 ns, Total: 15416 ns
[2025-09-03T09:19:32.701+0000][182][info ][safepoint   ] Safepoint "Cleanup", Time since last: 1024417459 ns, Reaching safepoint: 20875 ns, Cleanup: 31792 ns, At safepoint: 8375 ns, Total: 61042 ns
[2025-09-03T09:19:42.754+0000][182][info ][safepoint   ] Safepoint "Cleanup", Time since last: 10053019838 ns, Reaching safepoint: 47542 ns, Cleanup: 20333 ns, At safepoint: 16333 ns, Total: 84208 ns
[2025-09-03T09:19:43.756+0000][182][info ][safepoint   ] Safepoint "Cleanup", Time since last: 1001396043 ns, Reaching safepoint: 13375 ns, Cleanup: 11875 ns, At safepoint: 13000 ns, Total: 38250 ns
[2025-09-03T09:19:45.758+0000][182][info ][safepoint   ] Safepoint "Cleanup", Time since last: 2001830542 ns, Reaching safepoint: 85958 ns, Cleanup: 17500 ns, At safepoint: 20292 ns, Total: 123750 ns
[2025-09-03T09:19:48.762+0000][182][info ][safepoint   ] Safepoint "Cleanup", Time since last: 3003775127 ns, Reaching safepoint: 61125 ns, Cleanup: 40750 ns, At safepoint: 15291 ns, Total: 117166 ns
[2025-09-03T09:19:52.717+0000][182][info ][gc,start    ] GC(25) Pause Young (Normal) (G1 Evacuation Pause)
[2025-09-03T09:19:52.718+0000][182][info ][gc,task     ] GC(25) Using 8 workers of 8 for evacuation
[2025-09-03T09:19:52.718+0000][182][debug][gc,age      ] GC(25) Desired survivor size 41943040 bytes, new threshold 15 (max threshold 15)
[2025-09-03T09:19:52.750+0000][182][info ][gc,phases   ] GC(25)   Pre Evacuate Collection Set: 0.57ms
[2025-09-03T09:19:52.751+0000][182][info ][gc,phases   ] GC(25)   Merge Heap Roots: 0.25ms
[2025-09-03T09:19:52.751+0000][182][info ][gc,phases   ] GC(25)   Evacuate Collection Set: 27.66ms
[2025-09-03T09:19:52.751+0000][182][info ][gc,phases   ] GC(25)   Post Evacuate Collection Set: 3.69ms
[2025-09-03T09:19:52.751+0000][182][info ][gc,phases   ] GC(25)   Other: 0.27ms
[2025-09-03T09:19:52.751+0000][182][trace][gc,age      ] GC(25) Age table with threshold 15 (max threshold 15)
[2025-09-03T09:19:52.751+0000][182][trace][gc,age      ] GC(25) - age   1:    1354584 bytes,    1354584 total
[2025-09-03T09:19:52.751+0000][182][trace][gc,age      ] GC(25) - age   2:     302192 bytes,    1656776 total
[2025-09-03T09:19:52.751+0000][182][trace][gc,age      ] GC(25) - age   3:     243240 bytes,    1900016 total
[2025-09-03T09:19:52.751+0000][182][trace][gc,age      ] GC(25) - age   4:      95944 bytes,    1995960 total
[2025-09-03T09:19:52.751+0000][182][trace][gc,age      ] GC(25) - age   5:    2646856 bytes,    4642816 total
[2025-09-03T09:19:52.751+0000][182][trace][gc,age      ] GC(25) - age   6:    4108544 bytes,    8751360 total
[2025-09-03T09:19:52.751+0000][182][trace][gc,age      ] GC(25) - age   7:    7992640 bytes,   16744000 total
[2025-09-03T09:19:52.751+0000][182][info ][gc,heap     ] GC(25) Eden regions: 148->0(148)
[2025-09-03T09:19:52.751+0000][182][info ][gc,heap     ] GC(25) Survivor regions: 5->5(20)
[2025-09-03T09:19:52.751+0000][182][info ][gc,heap     ] GC(25) Old regions: 35->35
[2025-09-03T09:19:52.751+0000][182][info ][gc,heap     ] GC(25) Humongous regions: 2->2
[2025-09-03T09:19:52.751+0000][182][info ][gc,metaspace] GC(25) Metaspace: 159380K(163840K)->159380K(163840K) NonClass: 137514K(139968K)->137514K(139968K) Class: 21866K(23872K)->21866K(23872K)
[2025-09-03T09:19:52.751+0000][182][info ][gc          ] GC(25) Pause Young (Normal) (G1 Evacuation Pause) 755M->162M(1024M) 33.642ms
[2025-09-03T09:19:52.751+0000][182][info ][gc,cpu      ] GC(25) User=0.23s Sys=0.00s Real=0.03s
[2025-09-03T09:19:52.751+0000][182][info ][safepoint   ] Safepoint "G1CollectForAllocation", Time since last: 3955752835 ns, Reaching safepoint: 7584 ns, Cleanup: 1958 ns, At safepoint: 33775750 ns, Total: 33785292 ns
[2025-09-03T09:19:53.757+0000][182][info ][safepoint   ] Safepoint "Cleanup", Time since last: 1005640584 ns, Reaching safepoint: 59208 ns, Cleanup: 71334 ns, At safepoint: 17166 ns, Total: 147708 ns
[2025-09-03T09:20:00.834+0000][182][info ][safepoint   ] Safepoint "Cleanup", Time since last: 7076491379 ns, Reaching safepoint: 58250 ns, Cleanup: 37500 ns, At safepoint: 14750 ns, Total: 110500 ns
[2025-09-03T09:20:08.614+0000][182][info ][safepoint   ] Safepoint "Cleanup", Time since last: 7780938836 ns, Reaching safepoint: 3833 ns, Cleanup: 6459 ns, At safepoint: 1958 ns, Total: 12250 ns
[2025-09-03T09:20:26.374+0000][182][info ][safepoint   ] Safepoint "Cleanup", Time since last: 17759045217 ns, Reaching safepoint: 273167 ns, Cleanup: 48208 ns, At safepoint: 16417 ns, Total: 337792 ns
[2025-09-03T09:20:34.385+0000][182][info ][safepoint   ] Safepoint "Cleanup", Time since last: 8011423419 ns, Reaching safepoint: 62667 ns, Cleanup: 62500 ns, At safepoint: 22833 ns, Total: 148000 ns
[2025-09-03T09:20:36.030+0000][182][info ][safepoint   ] Safepoint "Cleanup", Time since last: 1644792126 ns, Reaching safepoint: 18292 ns, Cleanup: 95583 ns, At safepoint: 19875 ns, Total: 133750 ns
[2025-09-03T09:20:39.037+0000][182][info ][safepoint   ] Safepoint "Cleanup", Time since last: 3006924502 ns, Reaching safepoint: 57875 ns, Cleanup: 61916 ns, At safepoint: 14209 ns, Total: 134000 ns
[2025-09-03T09:20:44.042+0000][182][info ][safepoint   ] Safepoint "Cleanup", Time since last: 5005037627 ns, Reaching safepoint: 52708 ns, Cleanup: 32084 ns, At safepoint: 13583 ns, Total: 98375 ns
[2025-09-03T09:20:56.752+0000][182][info ][safepoint   ] Safepoint "Cleanup", Time since last: 12709799089 ns, Reaching safepoint: 55000 ns, Cleanup: 76667 ns, At safepoint: 11042 ns, Total: 142709 ns
[2025-09-03T09:20:58.756+0000][182][info ][safepoint   ] Safepoint "Cleanup", Time since last: 2003073459 ns, Reaching safepoint: 71750 ns, Cleanup: 138708 ns, At safepoint: 33084 ns, Total: 243542 ns
[2025-09-03T09:21:04.764+0000][182][info ][safepoint   ] Safepoint "Cleanup", Time since last: 6007192294 ns, Reaching safepoint: 67375 ns, Cleanup: 54667 ns, At safepoint: 19125 ns, Total: 141167 ns
[2025-09-03T09:21:07.767+0000][182][info ][safepoint   ] Safepoint "Cleanup", Time since last: 3003598001 ns, Reaching safepoint: 34833 ns, Cleanup: 24542 ns, At safepoint: 9333 ns, Total: 68708 ns
[2025-09-03T09:21:13.775+0000][182][info ][safepoint   ] Safepoint "Cleanup", Time since last: 6007293462 ns, Reaching safepoint: 73916 ns, Cleanup: 66709 ns, At safepoint: 34458 ns, Total: 175083 ns
[2025-09-03T09:21:23.785+0000][182][info ][safepoint   ] Safepoint "Cleanup", Time since last: 10010323463 ns, Reaching safepoint: 82917 ns, Cleanup: 52041 ns, At safepoint: 20209 ns, Total: 155167 ns
[2025-09-03T09:21:28.792+0000][182][info ][safepoint   ] Safepoint "Cleanup", Time since last: 5006731127 ns, Reaching safepoint: 93417 ns, Cleanup: 42250 ns, At safepoint: 17125 ns, Total: 152792 ns
[2025-09-03T09:21:31.795+0000][182][info ][safepoint   ] Safepoint "Cleanup", Time since last: 3002910751 ns, Reaching safepoint: 30416 ns, Cleanup: 20709 ns, At safepoint: 9000 ns, Total: 60125 ns
[2025-09-03T09:21:37.718+0000][182][info ][safepoint   ] Safepoint "Cleanup", Time since last: 5923342628 ns, Reaching safepoint: 5583 ns, Cleanup: 10000 ns, At safepoint: 2292 ns, Total: 17875 ns
[2025-09-03T09:21:39.300+0000][182][info ][safepoint   ] Safepoint "Cleanup", Time since last: 1581335750 ns, Reaching safepoint: 20459 ns, Cleanup: 91208 ns, At safepoint: 29583 ns, Total: 141250 ns
[2025-09-03T09:21:51.757+0000][182][info ][safepoint   ] Safepoint "Cleanup", Time since last: 12456708631 ns, Reaching safepoint: 70209 ns, Cleanup: 28541 ns, At safepoint: 10625 ns, Total: 109375 ns
[2025-09-03T09:21:59.766+0000][182][info ][safepoint   ] Safepoint "Cleanup", Time since last: 8009471087 ns, Reaching safepoint: 64375 ns, Cleanup: 32917 ns, At safepoint: 16292 ns, Total: 113584 ns
[2025-09-03T09:22:00.768+0000][182][info ][safepoint   ] Safepoint "Cleanup", Time since last: 1001876292 ns, Reaching safepoint: 29625 ns, Cleanup: 28333 ns, At safepoint: 11417 ns, Total: 69375 ns
[2025-09-03T09:22:08.776+0000][182][info ][safepoint   ] Safepoint "Cleanup", Time since last: 8008086378 ns, Reaching safepoint: 302625 ns, Cleanup: 59375 ns, At safepoint: 12625 ns, Total: 374625 ns
[2025-09-03T09:22:15.789+0000][182][info ][safepoint   ] Safepoint "Cleanup", Time since last: 7012991545 ns, Reaching safepoint: 68291 ns, Cleanup: 43292 ns, At safepoint: 32917 ns, Total: 144500 ns
[2025-09-03T09:22:18.793+0000][182][info ][safepoint   ] Safepoint "Cleanup", Time since last: 3003601460 ns, Reaching safepoint: 124000 ns, Cleanup: 88583 ns, At safepoint: 21458 ns, Total: 234041 ns
[2025-09-03T09:22:28.801+0000][182][info ][safepoint   ] Safepoint "Cleanup", Time since last: 10008347672 ns, Reaching safepoint: 76541 ns, Cleanup: 33959 ns, At safepoint: 18166 ns, Total: 128666 ns
[2025-09-03T09:22:31.809+0000][182][info ][safepoint   ] Safepoint "Cleanup", Time since last: 3006795210 ns, Reaching safepoint: 254916 ns, Cleanup: 34417 ns, At safepoint: 11417 ns, Total: 300750 ns
[2025-09-03T09:22:38.821+0000][182][info ][safepoint   ] Safepoint "Cleanup", Time since last: 7012203836 ns, Reaching safepoint: 97792 ns, Cleanup: 103708 ns, At safepoint: 11917 ns, Total: 213417 ns
[2025-09-03T09:22:40.753+0000][182][info ][safepoint   ] Safepoint "Cleanup", Time since last: 1931728376 ns, Reaching safepoint: 5625 ns, Cleanup: 11750 ns, At safepoint: 6042 ns, Total: 23417 ns
[2025-09-03T09:22:42.529+0000][182][info ][safepoint   ] Safepoint "Cleanup", Time since last: 1776177709 ns, Reaching safepoint: 8917 ns, Cleanup: 42541 ns, At safepoint: 11292 ns, Total: 62750 ns
[2025-09-03T09:22:44.534+0000][182][info ][safepoint   ] Safepoint "Cleanup", Time since last: 2004469001 ns, Reaching safepoint: 72625 ns, Cleanup: 49458 ns, At safepoint: 20834 ns, Total: 142917 ns
[2025-09-03T09:22:45.535+0000][182][info ][safepoint   ] Safepoint "Cleanup", Time since last: 1001012958 ns, Reaching safepoint: 74334 ns, Cleanup: 49541 ns, At safepoint: 19834 ns, Total: 143709 ns
[2025-09-03T09:22:52.867+0000][182][info ][safepoint   ] Safepoint "Cleanup", Time since last: 7331638212 ns, Reaching safepoint: 68583 ns, Cleanup: 43750 ns, At safepoint: 17833 ns, Total: 130166 ns
[2025-09-03T09:22:54.869+0000][182][info ][safepoint   ] Safepoint "Cleanup", Time since last: 2001821709 ns, Reaching safepoint: 120667 ns, Cleanup: 38792 ns, At safepoint: 23958 ns, Total: 183417 ns
[2025-09-03T09:23:08.888+0000][182][info ][safepoint   ] Safepoint "Cleanup", Time since last: 14019007715 ns, Reaching safepoint: 78292 ns, Cleanup: 42125 ns, At safepoint: 15458 ns, Total: 135875 ns
[2025-09-03T09:23:15.895+0000][182][info ][safepoint   ] Safepoint "Cleanup", Time since last: 7007238712 ns, Reaching safepoint: 64416 ns, Cleanup: 45625 ns, At safepoint: 17834 ns, Total: 127875 ns
[2025-09-03T09:23:18.899+0000][182][info ][safepoint   ] Safepoint "Cleanup", Time since last: 3003361168 ns, Reaching safepoint: 88458 ns, Cleanup: 83458 ns, At safepoint: 20584 ns, Total: 192500 ns
[2025-09-03T09:23:35.917+0000][182][info ][safepoint   ] Safepoint "Cleanup", Time since last: 17017716465 ns, Reaching safepoint: 308250 ns, Cleanup: 51875 ns, At safepoint: 32750 ns, Total: 392875 ns
[2025-09-03T09:23:38.921+0000][182][info ][safepoint   ] Safepoint "Cleanup", Time since last: 3003533419 ns, Reaching safepoint: 31833 ns, Cleanup: 21625 ns, At safepoint: 8958 ns, Total: 62416 ns
[2025-09-03T09:23:40.923+0000][182][info ][safepoint   ] Safepoint "Cleanup", Time since last: 2002278168 ns, Reaching safepoint: 51666 ns, Cleanup: 28959 ns, At safepoint: 16041 ns, Total: 96666 ns
[2025-09-03T09:23:43.734+0000][182][info ][safepoint   ] Safepoint "Cleanup", Time since last: 2810588335 ns, Reaching safepoint: 4083 ns, Cleanup: 9250 ns, At safepoint: 4125 ns, Total: 17458 ns
[2025-09-03T09:23:44.734+0000][182][info ][safepoint   ] Safepoint "Cleanup", Time since last: 1000005959 ns, Reaching safepoint: 3542 ns, Cleanup: 9417 ns, At safepoint: 4458 ns, Total: 17417 ns
[2025-09-03T09:23:45.755+0000][182][info ][safepoint   ] Safepoint "Cleanup", Time since last: 1021644792 ns, Reaching safepoint: 17375 ns, Cleanup: 65792 ns, At safepoint: 9750 ns, Total: 92917 ns
[2025-09-03T09:23:49.764+0000][182][info ][safepoint   ] Safepoint "Cleanup", Time since last: 4008744210 ns, Reaching safepoint: 43000 ns, Cleanup: 23792 ns, At safepoint: 20083 ns, Total: 86875 ns
[2025-09-03T09:24:01.108+0000][182][info ][safepoint   ] Safepoint "Cleanup", Time since last: 11343954339 ns, Reaching safepoint: 77166 ns, Cleanup: 48875 ns, At safepoint: 21625 ns, Total: 147666 ns
[2025-09-03T09:24:02.111+0000][182][info ][safepoint   ] Safepoint "Cleanup", Time since last: 1002396334 ns, Reaching safepoint: 68833 ns, Cleanup: 77209 ns, At safepoint: 18083 ns, Total: 164125 ns
[2025-09-03T09:24:09.118+0000][182][info ][safepoint   ] Safepoint "Cleanup", Time since last: 7007317753 ns, Reaching safepoint: 66459 ns, Cleanup: 60625 ns, At safepoint: 25291 ns, Total: 152375 ns
[2025-09-03T09:24:14.123+0000][182][info ][safepoint   ] Safepoint "Cleanup", Time since last: 5004376419 ns, Reaching safepoint: 73084 ns, Cleanup: 61625 ns, At safepoint: 15416 ns, Total: 150125 ns
[2025-09-03T09:24:16.127+0000][182][info ][safepoint   ] Safepoint "Cleanup", Time since last: 2003531293 ns, Reaching safepoint: 71208 ns, Cleanup: 79959 ns, At safepoint: 13083 ns, Total: 164250 ns
[2025-09-03T09:24:24.134+0000][182][info ][safepoint   ] Safepoint "Cleanup", Time since last: 8007256295 ns, Reaching safepoint: 201875 ns, Cleanup: 73625 ns, At safepoint: 20834 ns, Total: 296334 ns
[2025-09-03T09:24:29.140+0000][182][info ][safepoint   ] Safepoint "Cleanup", Time since last: 5006070461 ns, Reaching safepoint: 93333 ns, Cleanup: 59083 ns, At safepoint: 22375 ns, Total: 174791 ns
[2025-09-03T09:24:31.144+0000][182][info ][safepoint   ] Safepoint "Cleanup", Time since last: 2003392959 ns, Reaching safepoint: 85917 ns, Cleanup: 59667 ns, At safepoint: 22708 ns, Total: 168292 ns
[2025-09-03T09:24:34.149+0000][182][info ][safepoint   ] Safepoint "Cleanup", Time since last: 3004906001 ns, Reaching safepoint: 47709 ns, Cleanup: 39708 ns, At safepoint: 12750 ns, Total: 100167 ns
[2025-09-03T09:24:35.911+0000][182][info ][safepoint   ] Safepoint "Cleanup", Time since last: 1762140292 ns, Reaching safepoint: 28000 ns, Cleanup: 56667 ns, At safepoint: 10667 ns, Total: 95334 ns
[2025-09-03T09:24:36.988+0000][182][info ][safepoint   ] Safepoint "Cleanup", Time since last: 1076884750 ns, Reaching safepoint: 3750 ns, Cleanup: 4084 ns, At safepoint: 4125 ns, Total: 11959 ns
[2025-09-03T09:24:38.990+0000][182][info ][safepoint   ] Safepoint "Cleanup", Time since last: 2001838292 ns, Reaching safepoint: 15417 ns, Cleanup: 13875 ns, At safepoint: 6667 ns, Total: 35959 ns
[2025-09-03T09:24:47.020+0000][182][info ][safepoint   ] Safepoint "Cleanup", Time since last: 8028725545 ns, Reaching safepoint: 1046917 ns, Cleanup: 18500 ns, At safepoint: 12250 ns, Total: 1077667 ns
[2025-09-03T09:24:48.052+0000][182][info ][safepoint   ] Safepoint "Cleanup", Time since last: 1032776209 ns, Reaching safepoint: 23250 ns, Cleanup: 89916 ns, At safepoint: 11042 ns, Total: 124208 ns
[2025-09-03T09:24:49.059+0000][182][info ][safepoint   ] Safepoint "Cleanup", Time since last: 1006664834 ns, Reaching safepoint: 75083 ns, Cleanup: 50125 ns, At safepoint: 22250 ns, Total: 147458 ns
[2025-09-03T09:24:53.335+0000][182][info ][safepoint   ] Safepoint "Cleanup", Time since last: 4275145252 ns, Reaching safepoint: 140750 ns, Cleanup: 48958 ns, At safepoint: 14750 ns, Total: 204458 ns
[2025-09-03T09:24:55.758+0000][182][info ][safepoint   ] Safepoint "Cleanup", Time since last: 2423409960 ns, Reaching safepoint: 8375 ns, Cleanup: 10667 ns, At safepoint: 7333 ns, Total: 26375 ns
[2025-09-03T09:24:57.106+0000][182][info ][safepoint   ] Safepoint "Cleanup", Time since last: 1347349042 ns, Reaching safepoint: 45459 ns, Cleanup: 102958 ns, At safepoint: 20875 ns, Total: 169292 ns
[2025-09-03T09:24:59.178+0000][182][info ][safepoint   ] Safepoint "Cleanup", Time since last: 2072494126 ns, Reaching safepoint: 71458 ns, Cleanup: 106625 ns, At safepoint: 50125 ns, Total: 228208 ns
[2025-09-03T09:25:01.182+0000][182][info ][safepoint   ] Safepoint "Cleanup", Time since last: 2002175376 ns, Reaching safepoint: 1013583 ns, Cleanup: 32917 ns, At safepoint: 27208 ns, Total: 1073708 ns
[2025-09-03T09:25:08.638+0000][182][info ][safepoint   ] Safepoint "Cleanup", Time since last: 7455985461 ns, Reaching safepoint: 5417 ns, Cleanup: 10667 ns, At safepoint: 10583 ns, Total: 26667 ns
[2025-09-03T09:25:10.247+0000][182][info ][safepoint   ] Safepoint "Cleanup", Time since last: 1609061126 ns, Reaching safepoint: 65416 ns, Cleanup: 141000 ns, At safepoint: 19292 ns, Total: 225708 ns
[2025-09-03T09:25:15.253+0000][182][info ][safepoint   ] Safepoint "Cleanup", Time since last: 5005970336 ns, Reaching safepoint: 51375 ns, Cleanup: 51833 ns, At safepoint: 16209 ns, Total: 119417 ns
[2025-09-03T09:25:29.269+0000][182][info ][safepoint   ] Safepoint "Cleanup", Time since last: 14014791548 ns, Reaching safepoint: 294500 ns, Cleanup: 101583 ns, At safepoint: 18667 ns, Total: 414750 ns
[2025-09-03T09:25:49.311+0000][182][info ][safepoint   ] Safepoint "Cleanup", Time since last: 20042464051 ns, Reaching safepoint: 306041 ns, Cleanup: 79959 ns, At safepoint: 26000 ns, Total: 412000 ns
[2025-09-03T09:25:50.353+0000][182][info ][safepoint   ] Safepoint "Cleanup", Time since last: 1041712000 ns, Reaching safepoint: 15500 ns, Cleanup: 47500 ns, At safepoint: 9125 ns, Total: 72125 ns
[2025-09-03T09:25:50.397+0000][182][info ][gc,start    ] GC(26) Pause Young (Concurrent Start) (G1 Evacuation Pause)
[2025-09-03T09:25:50.398+0000][182][info ][gc,task     ] GC(26) Using 8 workers of 8 for evacuation
[2025-09-03T09:25:50.398+0000][182][debug][gc,age      ] GC(26) Desired survivor size 41943040 bytes, new threshold 15 (max threshold 15)
[2025-09-03T09:25:50.437+0000][182][info ][gc,phases   ] GC(26)   Pre Evacuate Collection Set: 0.64ms
[2025-09-03T09:25:50.437+0000][182][info ][gc,phases   ] GC(26)   Merge Heap Roots: 0.18ms
[2025-09-03T09:25:50.437+0000][182][info ][gc,phases   ] GC(26)   Evacuate Collection Set: 35.32ms
[2025-09-03T09:25:50.437+0000][182][info ][gc,phases   ] GC(26)   Post Evacuate Collection Set: 2.50ms
[2025-09-03T09:25:50.437+0000][182][info ][gc,phases   ] GC(26)   Other: 0.28ms
[2025-09-03T09:25:50.437+0000][182][trace][gc,age      ] GC(26) Age table with threshold 15 (max threshold 15)
[2025-09-03T09:25:50.437+0000][182][trace][gc,age      ] GC(26) - age   1:    1590792 bytes,    1590792 total
[2025-09-03T09:25:50.437+0000][182][trace][gc,age      ] GC(26) - age   2:      57688 bytes,    1648480 total
[2025-09-03T09:25:50.437+0000][182][trace][gc,age      ] GC(26) - age   3:     287256 bytes,    1935736 total
[2025-09-03T09:25:50.437+0000][182][trace][gc,age      ] GC(26) - age   4:     242088 bytes,    2177824 total
[2025-09-03T09:25:50.437+0000][182][trace][gc,age      ] GC(26) - age   5:      94208 bytes,    2272032 total
[2025-09-03T09:25:50.437+0000][182][trace][gc,age      ] GC(26) - age   6:    2646464 bytes,    4918496 total
[2025-09-03T09:25:50.437+0000][182][trace][gc,age      ] GC(26) - age   7:    4092248 bytes,    9010744 total
[2025-09-03T09:25:50.437+0000][182][trace][gc,age      ] GC(26) - age   8:    7992600 bytes,   17003344 total
[2025-09-03T09:25:50.437+0000][182][info ][gc,heap     ] GC(26) Eden regions: 148->0(148)
[2025-09-03T09:25:50.437+0000][182][info ][gc,heap     ] GC(26) Survivor regions: 5->5(20)
[2025-09-03T09:25:50.437+0000][182][info ][gc,heap     ] GC(26) Old regions: 35->35
[2025-09-03T09:25:50.437+0000][182][info ][gc,heap     ] GC(26) Humongous regions: 2->2
[2025-09-03T09:25:50.437+0000][182][info ][gc,metaspace] GC(26) Metaspace: 159686K(164096K)->159686K(164096K) NonClass: 137818K(140224K)->137818K(140224K) Class: 21868K(23872K)->21868K(23872K)
[2025-09-03T09:25:50.437+0000][182][info ][gc          ] GC(26) Pause Young (Concurrent Start) (G1 Evacuation Pause) 754M->162M(1024M) 39.923ms
[2025-09-03T09:25:50.438+0000][182][info ][gc,cpu      ] GC(26) User=0.26s Sys=0.02s Real=0.04s
[2025-09-03T09:25:50.438+0000][182][info ][safepoint   ] Safepoint "G1CollectForAllocation", Time since last: 44174875 ns, Reaching safepoint: 6209 ns, Cleanup: 7750 ns, At safepoint: 40157500 ns, Total: 40171459 ns
[2025-09-03T09:25:50.438+0000][182][info ][gc          ] GC(27) Concurrent Mark Cycle
[2025-09-03T09:25:50.439+0000][182][info ][gc,marking  ] GC(27) Concurrent Scan Root Regions
[2025-09-03T09:25:50.447+0000][182][info ][gc,marking  ] GC(27) Concurrent Scan Root Regions 7.951ms
[2025-09-03T09:25:50.447+0000][182][info ][gc,marking  ] GC(27) Concurrent Mark
[2025-09-03T09:25:50.447+0000][182][info ][gc,marking  ] GC(27) Concurrent Mark From Roots
[2025-09-03T09:25:50.447+0000][182][info ][gc,task     ] GC(27) Using 2 workers of 2 for marking
[2025-09-03T09:25:50.518+0000][182][info ][gc,marking  ] GC(27) Concurrent Mark From Roots 71.508ms
[2025-09-03T09:25:50.518+0000][182][info ][gc,marking  ] GC(27) Concurrent Preclean
[2025-09-03T09:25:50.519+0000][182][info ][gc,marking  ] GC(27) Concurrent Preclean 0.861ms
[2025-09-03T09:25:50.520+0000][182][info ][gc,start    ] GC(27) Pause Remark
[2025-09-03T09:25:50.602+0000][182][info ][gc          ] GC(27) Pause Remark 165M->165M(1024M) 82.454ms
[2025-09-03T09:25:50.602+0000][182][info ][gc,cpu      ] GC(27) User=0.52s Sys=0.01s Real=0.09s
[2025-09-03T09:25:50.602+0000][182][info ][safepoint   ] Safepoint "G1PauseRemark", Time since last: 81855666 ns, Reaching safepoint: 19500 ns, Cleanup: 11584 ns, At safepoint: 82675000 ns, Total: 82706084 ns
[2025-09-03T09:25:50.602+0000][182][info ][gc,marking  ] GC(27) Concurrent Mark 155.524ms
[2025-09-03T09:25:50.602+0000][182][info ][gc,marking  ] GC(27) Concurrent Rebuild Remembered Sets and Scrub Regions
[2025-09-03T09:25:50.629+0000][182][info ][gc,marking  ] GC(27) Concurrent Rebuild Remembered Sets and Scrub Regions 26.682ms
[2025-09-03T09:25:50.629+0000][182][info ][gc,start    ] GC(27) Pause Cleanup
[2025-09-03T09:25:50.629+0000][182][info ][gc          ] GC(27) Pause Cleanup 166M->166M(1024M) 0.128ms
[2025-09-03T09:25:50.629+0000][182][info ][gc,cpu      ] GC(27) User=0.00s Sys=0.00s Real=0.00s
[2025-09-03T09:25:50.630+0000][182][info ][safepoint   ] Safepoint "G1PauseCleanup", Time since last: 27067958 ns, Reaching safepoint: 7750 ns, Cleanup: 62083 ns, At safepoint: 234417 ns, Total: 304250 ns
[2025-09-03T09:25:50.630+0000][182][info ][gc,marking  ] GC(27) Concurrent Clear Claimed Marks
[2025-09-03T09:25:50.630+0000][182][info ][gc,marking  ] GC(27) Concurrent Clear Claimed Marks 0.143ms
[2025-09-03T09:25:50.630+0000][182][info ][gc,marking  ] GC(27) Concurrent Cleanup for Next Mark
[2025-09-03T09:25:50.634+0000][182][info ][gc,marking  ] GC(27) Concurrent Cleanup for Next Mark 4.006ms
[2025-09-03T09:25:50.634+0000][182][info ][gc          ] GC(27) Concurrent Mark Cycle 196.188ms
[2025-09-03T09:25:52.403+0000][182][info ][safepoint   ] Safepoint "Cleanup", Time since last: 1773561418 ns, Reaching safepoint: 54708 ns, Cleanup: 38667 ns, At safepoint: 17416 ns, Total: 110791 ns
[2025-09-03T09:26:00.525+0000][182][info ][safepoint   ] Safepoint "Cleanup", Time since last: 8122136087 ns, Reaching safepoint: 71709 ns, Cleanup: 39875 ns, At safepoint: 20500 ns, Total: 132084 ns
[2025-09-03T09:26:15.547+0000][182][info ][safepoint   ] Safepoint "Cleanup", Time since last: 15021435548 ns, Reaching safepoint: 74834 ns, Cleanup: 35833 ns, At safepoint: 18417 ns, Total: 129084 ns
[2025-09-03T09:26:19.552+0000][182][info ][safepoint   ] Safepoint "Cleanup", Time since last: 4005156252 ns, Reaching safepoint: 72625 ns, Cleanup: 48166 ns, At safepoint: 16500 ns, Total: 137291 ns
[2025-09-03T09:26:29.564+0000][182][info ][safepoint   ] Safepoint "Cleanup", Time since last: 10011565422 ns, Reaching safepoint: 76250 ns, Cleanup: 71250 ns, At safepoint: 96958 ns, Total: 244458 ns
[2025-09-03T09:26:39.577+0000][182][info ][safepoint   ] Safepoint "Cleanup", Time since last: 10012869671 ns, Reaching safepoint: 73000 ns, Cleanup: 68041 ns, At safepoint: 15750 ns, Total: 156791 ns
[2025-09-03T09:26:52.795+0000][182][info ][safepoint   ] Safepoint "Cleanup", Time since last: 13217909048 ns, Reaching safepoint: 6625 ns, Cleanup: 15834 ns, At safepoint: 4500 ns, Total: 26959 ns
[2025-09-03T09:26:54.636+0000][182][info ][safepoint   ] Safepoint "Cleanup", Time since last: 1840752209 ns, Reaching safepoint: 12625 ns, Cleanup: 22542 ns, At safepoint: 10166 ns, Total: 45333 ns
[2025-09-03T09:26:59.645+0000][182][info ][safepoint   ] Safepoint "Cleanup", Time since last: 5008825169 ns, Reaching safepoint: 70959 ns, Cleanup: 41958 ns, At safepoint: 13792 ns, Total: 126709 ns
[2025-09-03T09:27:00.647+0000][182][info ][safepoint   ] Safepoint "Cleanup", Time since last: 1001679792 ns, Reaching safepoint: 36250 ns, Cleanup: 24333 ns, At safepoint: 10709 ns, Total: 71292 ns
[2025-09-03T09:27:09.660+0000][182][info ][safepoint   ] Safepoint "Cleanup", Time since last: 9012941587 ns, Reaching safepoint: 40958 ns, Cleanup: 59750 ns, At safepoint: 14042 ns, Total: 114750 ns
[2025-09-03T09:27:13.664+0000][182][info ][safepoint   ] Safepoint "Cleanup", Time since last: 4004312085 ns, Reaching safepoint: 35125 ns, Cleanup: 42333 ns, At safepoint: 12750 ns, Total: 90208 ns
[2025-09-03T09:27:15.666+0000][182][info ][safepoint   ] Safepoint "Cleanup", Time since last: 2001830043 ns, Reaching safepoint: 38125 ns, Cleanup: 26000 ns, At safepoint: 26958 ns, Total: 91083 ns
[2025-09-03T09:27:23.675+0000][182][info ][safepoint   ] Safepoint "Cleanup", Time since last: 8008924546 ns, Reaching safepoint: 14625 ns, Cleanup: 12500 ns, At safepoint: 8500 ns, Total: 35625 ns
[2025-09-03T09:27:26.681+0000][182][info ][safepoint   ] Safepoint "Cleanup", Time since last: 3005698876 ns, Reaching safepoint: 192375 ns, Cleanup: 51958 ns, At safepoint: 27125 ns, Total: 271458 ns
[2025-09-03T09:27:56.788+0000][182][info ][safepoint   ] Safepoint "Cleanup", Time since last: 30107724973 ns, Reaching safepoint: 8583 ns, Cleanup: 14667 ns, At safepoint: 7916 ns, Total: 31166 ns
[2025-09-03T09:27:57.823+0000][182][info ][safepoint   ] Safepoint "Cleanup", Time since last: 1034797334 ns, Reaching safepoint: 31667 ns, Cleanup: 36083 ns, At safepoint: 17459 ns, Total: 85209 ns
[2025-09-03T09:27:58.826+0000][182][info ][safepoint   ] Safepoint "Cleanup", Time since last: 1003594458 ns, Reaching safepoint: 17334 ns, Cleanup: 16208 ns, At safepoint: 5625 ns, Total: 39167 ns
[2025-09-03T09:28:08.844+0000][182][info ][safepoint   ] Safepoint "Cleanup", Time since last: 10016537296 ns, Reaching safepoint: 243083 ns, Cleanup: 74125 ns, At safepoint: 14875 ns, Total: 332083 ns
[2025-09-03T09:28:12.854+0000][182][info ][safepoint   ] Safepoint "Cleanup", Time since last: 4009121502 ns, Reaching safepoint: 62709 ns, Cleanup: 25958 ns, At safepoint: 17042 ns, Total: 105709 ns
[2025-09-03T09:28:15.856+0000][182][info ][safepoint   ] Safepoint "Cleanup", Time since last: 3002634418 ns, Reaching safepoint: 83833 ns, Cleanup: 80708 ns, At safepoint: 19667 ns, Total: 184208 ns
[2025-09-03T09:28:16.857+0000][182][info ][safepoint   ] Safepoint "Cleanup", Time since last: 1000816042 ns, Reaching safepoint: 19875 ns, Cleanup: 15875 ns, At safepoint: 17417 ns, Total: 53167 ns
[2025-09-03T09:28:17.859+0000][182][info ][safepoint   ] Safepoint "Cleanup", Time since last: 1001365709 ns, Reaching safepoint: 57708 ns, Cleanup: 28167 ns, At safepoint: 13875 ns, Total: 99750 ns
[2025-09-03T09:28:31.873+0000][182][info ][safepoint   ] Safepoint "Cleanup", Time since last: 14013970339 ns, Reaching safepoint: 140542 ns, Cleanup: 27500 ns, At safepoint: 17875 ns, Total: 185917 ns
[2025-09-03T09:28:36.880+0000][182][info ][safepoint   ] Safepoint "Cleanup", Time since last: 5007007169 ns, Reaching safepoint: 112458 ns, Cleanup: 79250 ns, At safepoint: 21000 ns, Total: 212708 ns
[2025-09-03T09:28:58.840+0000][182][info ][safepoint   ] Safepoint "Cleanup", Time since last: 21959747927 ns, Reaching safepoint: 9334 ns, Cleanup: 22041 ns, At safepoint: 5209 ns, Total: 36584 ns
[2025-09-03T09:28:59.994+0000][182][info ][safepoint   ] Safepoint "Cleanup", Time since last: 1153788167 ns, Reaching safepoint: 16375 ns, Cleanup: 55208 ns, At safepoint: 10875 ns, Total: 82458 ns
[2025-09-03T09:29:01.026+0000][182][info ][safepoint   ] Safepoint "Cleanup", Time since last: 1032460959 ns, Reaching safepoint: 72208 ns, Cleanup: 68334 ns, At safepoint: 22208 ns, Total: 162750 ns
[2025-09-03T09:29:04.029+0000][182][info ][safepoint   ] Safepoint "Cleanup", Time since last: 3002769626 ns, Reaching safepoint: 72667 ns, Cleanup: 61208 ns, At safepoint: 23208 ns, Total: 157083 ns
[2025-09-03T09:29:07.033+0000][182][info ][safepoint   ] Safepoint "Cleanup", Time since last: 3002997293 ns, Reaching safepoint: 222750 ns, Cleanup: 70292 ns, At safepoint: 33792 ns, Total: 326834 ns
[2025-09-03T09:29:09.036+0000][182][info ][safepoint   ] Safepoint "Cleanup", Time since last: 2003697167 ns, Reaching safepoint: 62584 ns, Cleanup: 26416 ns, At safepoint: 14917 ns, Total: 103917 ns
[2025-09-03T09:29:16.044+0000][182][info ][safepoint   ] Safepoint "Cleanup", Time since last: 7007180587 ns, Reaching safepoint: 74333 ns, Cleanup: 86667 ns, At safepoint: 29458 ns, Total: 190458 ns
[2025-09-03T09:29:31.060+0000][182][info ][safepoint   ] Safepoint "Cleanup", Time since last: 15016197757 ns, Reaching safepoint: 97083 ns, Cleanup: 43459 ns, At safepoint: 21458 ns, Total: 162000 ns
[2025-09-03T09:29:46.078+0000][182][info ][safepoint   ] Safepoint "Cleanup", Time since last: 15017717048 ns, Reaching safepoint: 625959 ns, Cleanup: 97083 ns, At safepoint: 44667 ns, Total: 767709 ns
[2025-09-03T09:29:55.835+0000][182][info ][safepoint   ] Safepoint "Cleanup", Time since last: 9756607088 ns, Reaching safepoint: 6208 ns, Cleanup: 12167 ns, At safepoint: 2458 ns, Total: 20833 ns
[2025-09-03T09:29:57.229+0000][182][info ][safepoint   ] Safepoint "Cleanup", Time since last: 1393377376 ns, Reaching safepoint: 125125 ns, Cleanup: 55500 ns, At safepoint: 27041 ns, Total: 207666 ns
[2025-09-03T09:30:02.311+0000][182][info ][safepoint   ] Safepoint "Cleanup", Time since last: 5081610169 ns, Reaching safepoint: 7292 ns, Cleanup: 31333 ns, At safepoint: 16208 ns, Total: 54833 ns
[2025-09-03T09:30:03.353+0000][182][info ][safepoint   ] Safepoint "Cleanup", Time since last: 1042268459 ns, Reaching safepoint: 4584 ns, Cleanup: 17916 ns, At safepoint: 5500 ns, Total: 28000 ns
[2025-09-03T09:30:04.356+0000][182][info ][safepoint   ] Safepoint "Cleanup", Time since last: 1003086834 ns, Reaching safepoint: 56958 ns, Cleanup: 28917 ns, At safepoint: 13417 ns, Total: 99292 ns
[2025-09-03T09:30:08.716+0000][182][info ][safepoint   ] Safepoint "Cleanup", Time since last: 4359780127 ns, Reaching safepoint: 5750 ns, Cleanup: 22875 ns, At safepoint: 8125 ns, Total: 36750 ns
[2025-09-03T09:30:10.135+0000][182][info ][safepoint   ] Safepoint "Cleanup", Time since last: 1419308500 ns, Reaching safepoint: 63917 ns, Cleanup: 42417 ns, At safepoint: 27875 ns, Total: 134209 ns
[2025-09-03T09:30:16.141+0000][182][info ][safepoint   ] Safepoint "Cleanup", Time since last: 6005079169 ns, Reaching safepoint: 71667 ns, Cleanup: 66542 ns, At safepoint: 20125 ns, Total: 158334 ns
[2025-09-03T09:30:31.161+0000][182][info ][safepoint   ] Safepoint "Cleanup", Time since last: 15019938340 ns, Reaching safepoint: 759333 ns, Cleanup: 126334 ns, At safepoint: 35791 ns, Total: 921458 ns
[2025-09-03T09:30:32.165+0000][182][info ][safepoint   ] Safepoint "Cleanup", Time since last: 1003052959 ns, Reaching safepoint: 80458 ns, Cleanup: 61167 ns, At safepoint: 22750 ns, Total: 164375 ns
[2025-09-03T09:30:33.167+0000][182][info ][safepoint   ] Safepoint "Cleanup", Time since last: 1001961792 ns, Reaching safepoint: 71250 ns, Cleanup: 43833 ns, At safepoint: 27542 ns, Total: 142625 ns
[2025-09-03T09:30:34.169+0000][182][info ][safepoint   ] Safepoint "Cleanup", Time since last: 1001978875 ns, Reaching safepoint: 69209 ns, Cleanup: 34500 ns, At safepoint: 17833 ns, Total: 121542 ns
[2025-09-03T09:30:39.175+0000][182][info ][safepoint   ] Safepoint "Cleanup", Time since last: 5006069002 ns, Reaching safepoint: 73792 ns, Cleanup: 39000 ns, At safepoint: 23500 ns, Total: 136292 ns
[2025-09-03T09:30:40.177+0000][182][info ][safepoint   ] Safepoint "Cleanup", Time since last: 1001724334 ns, Reaching safepoint: 82625 ns, Cleanup: 67166 ns, At safepoint: 29500 ns, Total: 179291 ns
[2025-09-03T09:30:46.184+0000][182][info ][safepoint   ] Safepoint "Cleanup", Time since last: 6007437087 ns, Reaching safepoint: 25416 ns, Cleanup: 25250 ns, At safepoint: 8042 ns, Total: 58708 ns
[2025-09-03T09:30:50.188+0000][182][info ][safepoint   ] Safepoint "Cleanup", Time since last: 4003965169 ns, Reaching safepoint: 93083 ns, Cleanup: 71833 ns, At safepoint: 37959 ns, Total: 202875 ns
[2025-09-03T09:31:04.328+0000][182][info ][safepoint   ] Safepoint "Cleanup", Time since last: 14139555881 ns, Reaching safepoint: 74833 ns, Cleanup: 33709 ns, At safepoint: 11750 ns, Total: 120292 ns
[2025-09-03T09:31:05.577+0000][182][info ][safepoint   ] Safepoint "Cleanup", Time since last: 1249588167 ns, Reaching safepoint: 15625 ns, Cleanup: 82792 ns, At safepoint: 8541 ns, Total: 106958 ns
[2025-09-03T09:31:06.621+0000][182][info ][safepoint   ] Safepoint "Cleanup", Time since last: 1044081001 ns, Reaching safepoint: 17250 ns, Cleanup: 57916 ns, At safepoint: 10792 ns, Total: 85958 ns
[2025-09-03T09:31:13.632+0000][182][info ][safepoint   ] Safepoint "Cleanup", Time since last: 7010048045 ns, Reaching safepoint: 59000 ns, Cleanup: 54042 ns, At safepoint: 26083 ns, Total: 139125 ns
[2025-09-03T09:31:14.634+0000][182][info ][safepoint   ] Safepoint "Cleanup", Time since last: 1002603042 ns, Reaching safepoint: 142250 ns, Cleanup: 55334 ns, At safepoint: 33041 ns, Total: 230625 ns
[2025-09-03T09:31:15.636+0000][182][info ][safepoint   ] Safepoint "Cleanup", Time since last: 1001314417 ns, Reaching safepoint: 63959 ns, Cleanup: 32875 ns, At safepoint: 18625 ns, Total: 115459 ns
[2025-09-03T09:31:18.639+0000][182][info ][safepoint   ] Safepoint "Cleanup", Time since last: 3002584918 ns, Reaching safepoint: 60458 ns, Cleanup: 20875 ns, At safepoint: 18792 ns, Total: 100125 ns
[2025-09-03T09:31:19.640+0000][182][info ][safepoint   ] Safepoint "Cleanup", Time since last: 1001001750 ns, Reaching safepoint: 51792 ns, Cleanup: 32000 ns, At safepoint: 18583 ns, Total: 102375 ns
[2025-09-03T09:32:04.479+0000][182][info ][safepoint   ] Safepoint "Cleanup", Time since last: 44837866437 ns, Reaching safepoint: 132375 ns, Cleanup: 32000 ns, At safepoint: 16333 ns, Total: 180708 ns
[2025-09-03T09:32:05.481+0000][182][info ][safepoint   ] Safepoint "Cleanup", Time since last: 1002244334 ns, Reaching safepoint: 39250 ns, Cleanup: 25792 ns, At safepoint: 13500 ns, Total: 78542 ns
[2025-09-03T09:32:07.877+0000][182][info ][safepoint   ] Safepoint "Cleanup", Time since last: 2395878418 ns, Reaching safepoint: 4875 ns, Cleanup: 6416 ns, At safepoint: 2084 ns, Total: 13375 ns
[2025-09-03T09:32:09.834+0000][182][info ][safepoint   ] Safepoint "Cleanup", Time since last: 1956906709 ns, Reaching safepoint: 17833 ns, Cleanup: 68834 ns, At safepoint: 9125 ns, Total: 95792 ns
[2025-09-03T09:32:10.839+0000][182][info ][safepoint   ] Safepoint "Cleanup", Time since last: 1003520333 ns, Reaching safepoint: 1208417 ns, Cleanup: 25583 ns, At safepoint: 21750 ns, Total: 1255750 ns
[2025-09-03T09:32:13.843+0000][182][info ][safepoint   ] Safepoint "Cleanup", Time since last: 3003975252 ns, Reaching safepoint: 47750 ns, Cleanup: 20500 ns, At safepoint: 12166 ns, Total: 80416 ns
[2025-09-03T09:32:15.846+0000][182][info ][safepoint   ] Safepoint "Cleanup", Time since last: 2002727793 ns, Reaching safepoint: 83250 ns, Cleanup: 51625 ns, At safepoint: 13500 ns, Total: 148375 ns
[2025-09-03T09:32:29.171+0000][182][info ][gc,start    ] GC(28) Pause Young (Prepare Mixed) (G1 Evacuation Pause)
[2025-09-03T09:32:29.173+0000][182][info ][gc,task     ] GC(28) Using 8 workers of 8 for evacuation
[2025-09-03T09:32:29.174+0000][182][debug][gc,age      ] GC(28) Desired survivor size 41943040 bytes, new threshold 15 (max threshold 15)
[2025-09-03T09:32:29.220+0000][182][info ][gc,phases   ] GC(28)   Pre Evacuate Collection Set: 1.06ms
[2025-09-03T09:32:29.220+0000][182][info ][gc,phases   ] GC(28)   Merge Heap Roots: 0.36ms
[2025-09-03T09:32:29.220+0000][182][info ][gc,phases   ] GC(28)   Evacuate Collection Set: 40.40ms
[2025-09-03T09:32:29.220+0000][182][info ][gc,phases   ] GC(28)   Post Evacuate Collection Set: 3.96ms
[2025-09-03T09:32:29.220+0000][182][info ][gc,phases   ] GC(28)   Other: 0.83ms
[2025-09-03T09:32:29.220+0000][182][trace][gc,age      ] GC(28) Age table with threshold 15 (max threshold 15)
[2025-09-03T09:32:29.220+0000][182][trace][gc,age      ] GC(28) - age   1:    1105440 bytes,    1105440 total
[2025-09-03T09:32:29.220+0000][182][trace][gc,age      ] GC(28) - age   2:      71200 bytes,    1176640 total
[2025-09-03T09:32:29.220+0000][182][trace][gc,age      ] GC(28) - age   3:      56792 bytes,    1233432 total
[2025-09-03T09:32:29.220+0000][182][trace][gc,age      ] GC(28) - age   4:     285168 bytes,    1518600 total
[2025-09-03T09:32:29.220+0000][182][trace][gc,age      ] GC(28) - age   5:     241872 bytes,    1760472 total
[2025-09-03T09:32:29.220+0000][182][trace][gc,age      ] GC(28) - age   6:      94208 bytes,    1854680 total
[2025-09-03T09:32:29.220+0000][182][trace][gc,age      ] GC(28) - age   7:    2406224 bytes,    4260904 total
[2025-09-03T09:32:29.220+0000][182][trace][gc,age      ] GC(28) - age   8:    4056536 bytes,    8317440 total
[2025-09-03T09:32:29.220+0000][182][trace][gc,age      ] GC(28) - age   9:    7951144 bytes,   16268584 total
[2025-09-03T09:32:29.221+0000][182][info ][gc,heap     ] GC(28) Eden regions: 148->0(148)
[2025-09-03T09:32:29.221+0000][182][info ][gc,heap     ] GC(28) Survivor regions: 5->5(20)
[2025-09-03T09:32:29.221+0000][182][info ][gc,heap     ] GC(28) Old regions: 35->35
[2025-09-03T09:32:29.221+0000][182][info ][gc,heap     ] GC(28) Humongous regions: 2->2
[2025-09-03T09:32:29.221+0000][182][info ][gc,metaspace] GC(28) Metaspace: 157250K(164160K)->157250K(164160K) NonClass: 136061K(140288K)->136061K(140288K) Class: 21189K(23872K)->21189K(23872K)
[2025-09-03T09:32:29.221+0000][182][info ][gc          ] GC(28) Pause Young (Prepare Mixed) (G1 Evacuation Pause) 754M->162M(1024M) 49.569ms
[2025-09-03T09:32:29.221+0000][182][info ][gc,cpu      ] GC(28) User=0.33s Sys=0.01s Real=0.05s
[2025-09-03T09:32:29.221+0000][182][info ][safepoint   ] Safepoint "G1CollectForAllocation", Time since last: 13325241381 ns, Reaching safepoint: 232084 ns, Cleanup: 11416 ns, At safepoint: 49948084 ns, Total: 50191584 ns
[2025-09-03T09:32:33.227+0000][182][info ][safepoint   ] Safepoint "Cleanup", Time since last: 4005782501 ns, Reaching safepoint: 22291 ns, Cleanup: 26042 ns, At safepoint: 10750 ns, Total: 59083 ns
[2025-09-03T09:32:46.242+0000][182][info ][safepoint   ] Safepoint "Cleanup", Time since last: 13014500631 ns, Reaching safepoint: 92875 ns, Cleanup: 81917 ns, At safepoint: 51167 ns, Total: 225959 ns
[2025-09-03T09:32:56.572+0000][182][info ][safepoint   ] Safepoint "Cleanup", Time since last: 10330092505 ns, Reaching safepoint: 40208 ns, Cleanup: 32917 ns, At safepoint: 15916 ns, Total: 89041 ns
[2025-09-03T09:33:08.610+0000][182][info ][safepoint   ] Safepoint "Cleanup", Time since last: 12037991088 ns, Reaching safepoint: 148750 ns, Cleanup: 22667 ns, At safepoint: 81333 ns, Total: 252750 ns
[2025-09-03T09:33:10.907+0000][182][info ][safepoint   ] Safepoint "Cleanup", Time since last: 2297154960 ns, Reaching safepoint: 4666 ns, Cleanup: 8125 ns, At safepoint: 1834 ns, Total: 14625 ns
[2025-09-03T09:33:11.920+0000][182][info ][safepoint   ] Safepoint "Cleanup", Time since last: 1012128542 ns, Reaching safepoint: 110208 ns, Cleanup: 86917 ns, At safepoint: 31250 ns, Total: 228375 ns
[2025-09-03T09:33:13.047+0000][182][info ][safepoint   ] Safepoint "Cleanup", Time since last: 1127870334 ns, Reaching safepoint: 18916 ns, Cleanup: 56500 ns, At safepoint: 15292 ns, Total: 90708 ns
[2025-09-03T09:33:19.059+0000][182][info ][safepoint   ] Safepoint "Cleanup", Time since last: 6011175878 ns, Reaching safepoint: 39583 ns, Cleanup: 36709 ns, At safepoint: 10041 ns, Total: 86333 ns
[2025-09-03T09:33:32.073+0000][182][info ][safepoint   ] Safepoint "Cleanup", Time since last: 13013917464 ns, Reaching safepoint: 47958 ns, Cleanup: 38834 ns, At safepoint: 21625 ns, Total: 108417 ns
[2025-09-03T09:33:39.081+0000][182][info ][safepoint   ] Safepoint "Cleanup", Time since last: 7008127670 ns, Reaching safepoint: 174333 ns, Cleanup: 37333 ns, At safepoint: 23584 ns, Total: 235250 ns
[2025-09-03T09:33:50.095+0000][182][info ][safepoint   ] Safepoint "Cleanup", Time since last: 11013528588 ns, Reaching safepoint: 42667 ns, Cleanup: 36916 ns, At safepoint: 16209 ns, Total: 95792 ns
[2025-09-03T09:34:13.892+0000][182][info ][safepoint   ] Safepoint "Cleanup", Time since last: 23796535135 ns, Reaching safepoint: 38959 ns, Cleanup: 8500 ns, At safepoint: 10083 ns, Total: 57542 ns
[2025-09-03T09:34:15.254+0000][182][info ][safepoint   ] Safepoint "Cleanup", Time since last: 1362630709 ns, Reaching safepoint: 4000 ns, Cleanup: 23666 ns, At safepoint: 5459 ns, Total: 33125 ns
[2025-09-03T09:34:19.260+0000][182][info ][safepoint   ] Safepoint "Cleanup", Time since last: 4006020543 ns, Reaching safepoint: 106792 ns, Cleanup: 84458 ns, At safepoint: 37250 ns, Total: 228500 ns
[2025-09-03T09:34:26.269+0000][182][info ][safepoint   ] Safepoint "Cleanup", Time since last: 7008794754 ns, Reaching safepoint: 98125 ns, Cleanup: 68125 ns, At safepoint: 29125 ns, Total: 195375 ns
[2025-09-03T09:34:50.304+0000][182][info ][safepoint   ] Safepoint "Cleanup", Time since last: 24034254094 ns, Reaching safepoint: 528708 ns, Cleanup: 51417 ns, At safepoint: 48750 ns, Total: 628875 ns
[2025-09-03T09:34:51.308+0000][182][info ][safepoint   ] Safepoint "Cleanup", Time since last: 1003466583 ns, Reaching safepoint: 12000 ns, Cleanup: 10792 ns, At safepoint: 5167 ns, Total: 27959 ns
[2025-09-03T09:34:53.309+0000][182][info ][safepoint   ] Safepoint "Cleanup", Time since last: 2001734501 ns, Reaching safepoint: 14083 ns, Cleanup: 32958 ns, At safepoint: 10625 ns, Total: 57666 ns
[2025-09-03T09:34:54.882+0000][182][info ][safepoint   ] Safepoint "Cleanup", Time since last: 1572324043 ns, Reaching safepoint: 39333 ns, Cleanup: 39125 ns, At safepoint: 12750 ns, Total: 91208 ns
[2025-09-03T09:34:56.369+0000][182][info ][safepoint   ] Safepoint "Cleanup", Time since last: 1487044959 ns, Reaching safepoint: 13542 ns, Cleanup: 38375 ns, At safepoint: 15583 ns, Total: 67500 ns
[2025-09-03T09:35:05.463+0000][182][info ][safepoint   ] Safepoint "Cleanup", Time since last: 9093459671 ns, Reaching safepoint: 60458 ns, Cleanup: 27875 ns, At safepoint: 23917 ns, Total: 112250 ns
[2025-09-03T09:35:08.780+0000][182][info ][safepoint   ] Safepoint "Cleanup", Time since last: 3317398293 ns, Reaching safepoint: 9625 ns, Cleanup: 20167 ns, At safepoint: 6583 ns, Total: 36375 ns
[2025-09-03T09:35:10.041+0000][182][info ][safepoint   ] Safepoint "Cleanup", Time since last: 1259688251 ns, Reaching safepoint: 872500 ns, Cleanup: 48791 ns, At safepoint: 35917 ns, Total: 957208 ns
[2025-09-03T09:35:11.043+0000][182][info ][safepoint   ] Safepoint "Cleanup", Time since last: 1002202875 ns, Reaching safepoint: 58542 ns, Cleanup: 44500 ns, At safepoint: 13792 ns, Total: 116834 ns
[2025-09-03T09:35:16.908+0000][182][info ][safepoint   ] Safepoint "Cleanup", Time since last: 5865279836 ns, Reaching safepoint: 7792 ns, Cleanup: 8208 ns, At safepoint: 4958 ns, Total: 20958 ns
[2025-09-03T09:35:18.570+0000][182][info ][safepoint   ] Safepoint "Cleanup", Time since last: 1661856251 ns, Reaching safepoint: 17708 ns, Cleanup: 81250 ns, At safepoint: 31334 ns, Total: 130292 ns
[2025-09-03T09:35:19.574+0000][182][info ][safepoint   ] Safepoint "Cleanup", Time since last: 1003531584 ns, Reaching safepoint: 203666 ns, Cleanup: 74292 ns, At safepoint: 38042 ns, Total: 316000 ns
[2025-09-03T09:35:23.581+0000][182][info ][safepoint   ] Safepoint "Cleanup", Time since last: 4006197626 ns, Reaching safepoint: 295667 ns, Cleanup: 76542 ns, At safepoint: 32583 ns, Total: 404792 ns
[2025-09-03T09:35:24.584+0000][182][info ][safepoint   ] Safepoint "Cleanup", Time since last: 1002539292 ns, Reaching safepoint: 32000 ns, Cleanup: 20292 ns, At safepoint: 9167 ns, Total: 61459 ns
[2025-09-03T09:35:43.609+0000][182][info ][safepoint   ] Safepoint "Cleanup", Time since last: 19025183675 ns, Reaching safepoint: 164541 ns, Cleanup: 70584 ns, At safepoint: 78708 ns, Total: 313833 ns
[2025-09-03T09:35:44.611+0000][182][info ][safepoint   ] Safepoint "Cleanup", Time since last: 1002081417 ns, Reaching safepoint: 75125 ns, Cleanup: 79459 ns, At safepoint: 28833 ns, Total: 183417 ns
[2025-09-03T09:35:49.617+0000][182][info ][safepoint   ] Safepoint "Cleanup", Time since last: 5005869294 ns, Reaching safepoint: 39708 ns, Cleanup: 33917 ns, At safepoint: 13125 ns, Total: 86750 ns
[2025-09-03T09:35:50.619+0000][182][info ][safepoint   ] Safepoint "Cleanup", Time since last: 1001768459 ns, Reaching safepoint: 93666 ns, Cleanup: 78750 ns, At safepoint: 27042 ns, Total: 199458 ns
[2025-09-03T09:35:51.621+0000][182][info ][safepoint   ] Safepoint "Cleanup", Time since last: 1001512084 ns, Reaching safepoint: 83167 ns, Cleanup: 51750 ns, At safepoint: 24333 ns, Total: 159250 ns
[2025-09-03T09:36:16.040+0000][182][info ][safepoint   ] Safepoint "Cleanup", Time since last: 24419055177 ns, Reaching safepoint: 100584 ns, Cleanup: 63375 ns, At safepoint: 31000 ns, Total: 194959 ns
[2025-09-03T09:36:19.923+0000][182][info ][safepoint   ] Safepoint "Cleanup", Time since last: 3883374626 ns, Reaching safepoint: 6292 ns, Cleanup: 11125 ns, At safepoint: 16000 ns, Total: 33417 ns
[2025-09-03T09:36:21.853+0000][182][info ][safepoint   ] Safepoint "Cleanup", Time since last: 1929222668 ns, Reaching safepoint: 15541 ns, Cleanup: 49459 ns, At safepoint: 15166 ns, Total: 80166 ns
[2025-09-03T09:36:49.891+0000][182][info ][safepoint   ] Safepoint "Cleanup", Time since last: 28038276763 ns, Reaching safepoint: 233084 ns, Cleanup: 39791 ns, At safepoint: 12792 ns, Total: 285667 ns
[2025-09-03T09:37:00.168+0000][182][info ][safepoint   ] Safepoint "Cleanup", Time since last: 10276984838 ns, Reaching safepoint: 40917 ns, Cleanup: 34917 ns, At safepoint: 13166 ns, Total: 89000 ns
[2025-09-03T09:37:14.185+0000][182][info ][safepoint   ] Safepoint "Cleanup", Time since last: 14016204548 ns, Reaching safepoint: 139084 ns, Cleanup: 35000 ns, At safepoint: 26333 ns, Total: 200417 ns
[2025-09-03T09:37:19.191+0000][182][info ][safepoint   ] Safepoint "Cleanup", Time since last: 5005934544 ns, Reaching safepoint: 88333 ns, Cleanup: 50875 ns, At safepoint: 28167 ns, Total: 167375 ns
[2025-09-03T09:37:23.951+0000][182][info ][safepoint   ] Safepoint "Cleanup", Time since last: 4759442877 ns, Reaching safepoint: 80500 ns, Cleanup: 279500 ns, At safepoint: 22875 ns, Total: 382875 ns
[2025-09-03T09:37:25.073+0000][182][info ][safepoint   ] Safepoint "Cleanup", Time since last: 1122535251 ns, Reaching safepoint: 52208 ns, Cleanup: 18375 ns, At safepoint: 8750 ns, Total: 79333 ns
[2025-09-03T09:37:26.079+0000][182][info ][safepoint   ] Safepoint "Cleanup", Time since last: 1005700292 ns, Reaching safepoint: 21375 ns, Cleanup: 18459 ns, At safepoint: 7875 ns, Total: 47709 ns
[2025-09-03T09:37:29.084+0000][182][info ][safepoint   ] Safepoint "Cleanup", Time since last: 3004694043 ns, Reaching safepoint: 266000 ns, Cleanup: 70541 ns, At safepoint: 32792 ns, Total: 369333 ns
[2025-09-03T09:37:30.086+0000][182][info ][safepoint   ] Safepoint "Cleanup", Time since last: 1001510501 ns, Reaching safepoint: 45875 ns, Cleanup: 29250 ns, At safepoint: 13541 ns, Total: 88666 ns
[2025-09-03T09:37:32.087+0000][182][info ][safepoint   ] Safepoint "Cleanup", Time since last: 2001282792 ns, Reaching safepoint: 89584 ns, Cleanup: 61875 ns, At safepoint: 29916 ns, Total: 181375 ns
[2025-09-03T09:37:54.113+0000][182][info ][safepoint   ] Safepoint "Cleanup", Time since last: 22025881886 ns, Reaching safepoint: 184500 ns, Cleanup: 31791 ns, At safepoint: 18500 ns, Total: 234791 ns
[2025-09-03T09:38:04.344+0000][182][info ][safepoint   ] Safepoint "Cleanup", Time since last: 10230873630 ns, Reaching safepoint: 77250 ns, Cleanup: 53750 ns, At safepoint: 22917 ns, Total: 153917 ns
[2025-09-03T09:38:15.357+0000][182][info ][safepoint   ] Safepoint "Cleanup", Time since last: 11012522297 ns, Reaching safepoint: 173791 ns, Cleanup: 56000 ns, At safepoint: 28084 ns, Total: 257875 ns
[2025-09-03T09:38:25.928+0000][182][info ][safepoint   ] Safepoint "Cleanup", Time since last: 10570675796 ns, Reaching safepoint: 6334 ns, Cleanup: 15791 ns, At safepoint: 5542 ns, Total: 27667 ns
[2025-09-03T09:38:27.280+0000][182][info ][safepoint   ] Safepoint "Cleanup", Time since last: 1352473292 ns, Reaching safepoint: 8834 ns, Cleanup: 13000 ns, At safepoint: 6500 ns, Total: 28334 ns
[2025-09-03T09:39:10.914+0000][182][info ][gc,start    ] GC(29) Pause Young (Mixed) (G1 Evacuation Pause)
[2025-09-03T09:39:10.916+0000][182][info ][gc,task     ] GC(29) Using 8 workers of 8 for evacuation
[2025-09-03T09:39:10.916+0000][182][debug][gc,age      ] GC(29) Desired survivor size 41943040 bytes, new threshold 15 (max threshold 15)
[2025-09-03T09:39:10.970+0000][182][info ][gc,phases   ] GC(29)   Pre Evacuate Collection Set: 1.14ms
[2025-09-03T09:39:10.970+0000][182][info ][gc,phases   ] GC(29)   Merge Heap Roots: 0.59ms
[2025-09-03T09:39:10.970+0000][182][info ][gc,phases   ] GC(29)   Evacuate Collection Set: 48.70ms
[2025-09-03T09:39:10.970+0000][182][info ][gc,phases   ] GC(29)   Post Evacuate Collection Set: 3.18ms
[2025-09-03T09:39:10.970+0000][182][info ][gc,phases   ] GC(29)   Other: 0.39ms
[2025-09-03T09:39:10.970+0000][182][trace][gc,age      ] GC(29) Age table with threshold 15 (max threshold 15)
[2025-09-03T09:39:10.970+0000][182][trace][gc,age      ] GC(29) - age   1:    1045888 bytes,    1045888 total
[2025-09-03T09:39:10.970+0000][182][trace][gc,age      ] GC(29) - age   2:      91200 bytes,    1137088 total
[2025-09-03T09:39:10.970+0000][182][trace][gc,age      ] GC(29) - age   3:      69808 bytes,    1206896 total
[2025-09-03T09:39:10.970+0000][182][trace][gc,age      ] GC(29) - age   4:      56768 bytes,    1263664 total
[2025-09-03T09:39:10.970+0000][182][trace][gc,age      ] GC(29) - age   5:     280376 bytes,    1544040 total
[2025-09-03T09:39:10.970+0000][182][trace][gc,age      ] GC(29) - age   6:     241872 bytes,    1785912 total
[2025-09-03T09:39:10.970+0000][182][trace][gc,age      ] GC(29) - age   7:      94208 bytes,    1880120 total
[2025-09-03T09:39:10.970+0000][182][trace][gc,age      ] GC(29) - age   8:    2405768 bytes,    4285888 total
[2025-09-03T09:39:10.970+0000][182][trace][gc,age      ] GC(29) - age   9:    4056272 bytes,    8342160 total
[2025-09-03T09:39:10.970+0000][182][trace][gc,age      ] GC(29) - age  10:    7950664 bytes,   16292824 total
[2025-09-03T09:39:10.970+0000][182][info ][gc,heap     ] GC(29) Eden regions: 148->0(148)
[2025-09-03T09:39:10.971+0000][182][info ][gc,heap     ] GC(29) Survivor regions: 5->5(20)
[2025-09-03T09:39:10.971+0000][182][info ][gc,heap     ] GC(29) Old regions: 35->35
[2025-09-03T09:39:10.971+0000][182][info ][gc,heap     ] GC(29) Humongous regions: 2->2
[2025-09-03T09:39:10.971+0000][182][info ][gc,metaspace] GC(29) Metaspace: 157417K(164160K)->157417K(164160K) NonClass: 136226K(140288K)->136226K(140288K) Class: 21191K(23872K)->21191K(23872K)
[2025-09-03T09:39:10.971+0000][182][info ][gc          ] GC(29) Pause Young (Mixed) (G1 Evacuation Pause) 754M->161M(1024M) 56.429ms
[2025-09-03T09:39:10.971+0000][182][info ][gc,cpu      ] GC(29) User=0.40s Sys=0.00s Real=0.05s
[2025-09-03T09:39:10.971+0000][182][info ][safepoint   ] Safepoint "G1CollectForAllocation", Time since last: 43633392602 ns, Reaching safepoint: 99333 ns, Cleanup: 30417 ns, At safepoint: 56734292 ns, Total: 56864042 ns
[2025-09-03T09:39:15.976+0000][182][info ][safepoint   ] Safepoint "Cleanup", Time since last: 5005057210 ns, Reaching safepoint: 55584 ns, Cleanup: 20750 ns, At safepoint: 9250 ns, Total: 85584 ns
[2025-09-03T09:39:19.980+0000][182][info ][safepoint   ] Safepoint "Cleanup", Time since last: 4004211627 ns, Reaching safepoint: 87375 ns, Cleanup: 38375 ns, At safepoint: 30041 ns, Total: 155791 ns
[2025-09-03T09:39:28.969+0000][182][info ][safepoint   ] Safepoint "Cleanup", Time since last: 8989107755 ns, Reaching safepoint: 5458 ns, Cleanup: 16125 ns, At safepoint: 6250 ns, Total: 27833 ns
[2025-09-03T09:39:30.513+0000][182][info ][safepoint   ] Safepoint "Cleanup", Time since last: 1543210834 ns, Reaching safepoint: 20500 ns, Cleanup: 94250 ns, At safepoint: 11917 ns, Total: 126667 ns
[2025-09-03T09:39:35.552+0000][182][info ][safepoint   ] Safepoint "Cleanup", Time since last: 5039186293 ns, Reaching safepoint: 6917 ns, Cleanup: 12042 ns, At safepoint: 3375 ns, Total: 22334 ns
[2025-09-03T09:39:50.586+0000][182][info ][safepoint   ] Safepoint "Cleanup", Time since last: 15033764715 ns, Reaching safepoint: 253167 ns, Cleanup: 83125 ns, At safepoint: 37041 ns, Total: 373333 ns
[2025-09-03T09:39:58.962+0000][182][info ][safepoint   ] Safepoint "Cleanup", Time since last: 8375778171 ns, Reaching safepoint: 26958 ns, Cleanup: 12084 ns, At safepoint: 10625 ns, Total: 49667 ns
[2025-09-03T09:40:00.691+0000][182][info ][safepoint   ] Safepoint "Cleanup", Time since last: 1729086542 ns, Reaching safepoint: 105000 ns, Cleanup: 140708 ns, At safepoint: 37375 ns, Total: 283083 ns
[2025-09-03T09:40:06.761+0000][182][info ][safepoint   ] Safepoint "Cleanup", Time since last: 6069306877 ns, Reaching safepoint: 184875 ns, Cleanup: 52625 ns, At safepoint: 21375 ns, Total: 258875 ns
[2025-09-03T09:40:08.840+0000][182][info ][safepoint   ] Safepoint "Cleanup", Time since last: 2079327335 ns, Reaching safepoint: 6791 ns, Cleanup: 9584 ns, At safepoint: 6958 ns, Total: 23333 ns
[2025-09-03T09:40:18.993+0000][182][info ][safepoint   ] Safepoint "Cleanup", Time since last: 10151863088 ns, Reaching safepoint: 509459 ns, Cleanup: 53750 ns, At safepoint: 103875 ns, Total: 667084 ns
[2025-09-03T09:40:32.002+0000][182][info ][safepoint   ] Safepoint "Cleanup", Time since last: 13009507547 ns, Reaching safepoint: 18708 ns, Cleanup: 14042 ns, At safepoint: 10792 ns, Total: 43542 ns
[2025-09-03T09:40:33.902+0000][182][info ][safepoint   ] Safepoint "Cleanup", Time since last: 1899934709 ns, Reaching safepoint: 16583 ns, Cleanup: 60875 ns, At safepoint: 12709 ns, Total: 90167 ns
[2025-09-03T09:40:38.912+0000][182][info ][safepoint   ] Safepoint "Cleanup", Time since last: 5009529710 ns, Reaching safepoint: 69500 ns, Cleanup: 107875 ns, At safepoint: 34459 ns, Total: 211834 ns
[2025-09-03T09:40:41.916+0000][182][info ][safepoint   ] Safepoint "Cleanup", Time since last: 3003709210 ns, Reaching safepoint: 40000 ns, Cleanup: 30041 ns, At safepoint: 10167 ns, Total: 80208 ns
[2025-09-03T09:40:53.942+0000][182][info ][safepoint   ] Safepoint "Cleanup", Time since last: 12026362006 ns, Reaching safepoint: 129750 ns, Cleanup: 32208 ns, At safepoint: 13833 ns, Total: 175791 ns
[2025-09-03T09:41:12.844+0000][182][info ][safepoint   ] Safepoint "Cleanup", Time since last: 18900113509 ns, Reaching safepoint: 1126333 ns, Cleanup: 128167 ns, At safepoint: 20208 ns, Total: 1274708 ns
[2025-09-03T09:41:13.847+0000][182][info ][safepoint   ] Safepoint "Cleanup", Time since last: 1002318167 ns, Reaching safepoint: 79542 ns, Cleanup: 65833 ns, At safepoint: 22000 ns, Total: 167375 ns
[2025-09-03T09:41:15.851+0000][182][info ][safepoint   ] Safepoint "Cleanup", Time since last: 2003578418 ns, Reaching safepoint: 101292 ns, Cleanup: 89833 ns, At safepoint: 28250 ns, Total: 219375 ns
[2025-09-03T09:41:23.859+0000][182][info ][safepoint   ] Safepoint "Cleanup", Time since last: 8008322254 ns, Reaching safepoint: 321875 ns, Cleanup: 30125 ns, At safepoint: 7583 ns, Total: 359583 ns
[2025-09-03T09:41:33.133+0000][182][info ][safepoint   ] Safepoint "Cleanup", Time since last: 9273833796 ns, Reaching safepoint: 8542 ns, Cleanup: 97000 ns, At safepoint: 12125 ns, Total: 117667 ns
[2025-09-03T09:41:34.184+0000][182][info ][safepoint   ] Safepoint "Cleanup", Time since last: 1051257292 ns, Reaching safepoint: 104541 ns, Cleanup: 118625 ns, At safepoint: 88750 ns, Total: 311916 ns
[2025-09-03T09:41:43.236+0000][182][info ][safepoint   ] Safepoint "Cleanup", Time since last: 9051310171 ns, Reaching safepoint: 9084 ns, Cleanup: 35208 ns, At safepoint: 8625 ns, Total: 52917 ns
[2025-09-03T09:41:44.893+0000][182][info ][safepoint   ] Safepoint "Cleanup", Time since last: 1656938626 ns, Reaching safepoint: 6250 ns, Cleanup: 123958 ns, At safepoint: 7167 ns, Total: 137375 ns
[2025-09-03T09:41:45.781+0000][182][info ][gc,heap,exit] Heap
[2025-09-03T09:41:45.782+0000][182][info ][gc,heap,exit]  garbage-first heap   total reserved 1048576K, committed 1048576K, used 460956K [0x00000000c0000000, 0x0000000100000000)
[2025-09-03T09:41:45.782+0000][182][info ][gc,heap,exit]   region size 4096K, 78 young (319488K), 5 survivors (20480K)
[2025-09-03T09:41:45.782+0000][182][info ][gc,heap,exit]  Metaspace       used 157952K, committed 164160K, reserved 1245184K
[2025-09-03T09:41:45.782+0000][182][info ][gc,heap,exit]   class space    used 21295K, committed 23872K, reserved 1048576K
