[2025-09-09T05:57:49.622+0000][121][info][gc,init] CardTable entry size: 512
[2025-09-09T05:57:49.623+0000][121][info][gc     ] Using G1
[2025-09-09T05:57:50.128+0000][121][info][gc,init] Version: 22.0.1+8-16 (release)
[2025-09-09T05:57:50.128+0000][121][info][gc,init] CPUs: 8 total, 8 available
[2025-09-09T05:57:50.128+0000][121][info][gc,init] Memory: 7837M
[2025-09-09T05:57:50.128+0000][121][info][gc,init] Large Page Support: Disabled
[2025-09-09T05:57:50.128+0000][121][info][gc,init] NUMA Support: Disabled
[2025-09-09T05:57:50.128+0000][121][info][gc,init] Compressed Oops: Enabled (32-bit)
[2025-09-09T05:57:50.128+0000][121][info][gc,init] Heap Region Size: 4M
[2025-09-09T05:57:50.128+0000][121][info][gc,init] Heap Min Capacity: 1G
[2025-09-09T05:57:50.128+0000][121][info][gc,init] Heap Initial Capacity: 1G
[2025-09-09T05:57:50.128+0000][121][info][gc,init] Heap Max Capacity: 1G
[2025-09-09T05:57:50.128+0000][121][info][gc,init] Pre-touch: Enabled
[2025-09-09T05:57:50.128+0000][121][info][gc,init] Parallel Workers: 8
[2025-09-09T05:57:50.128+0000][121][info][gc,init] Concurrent Workers: 2
[2025-09-09T05:57:50.128+0000][121][info][gc,init] Concurrent Refinement Workers: 8
[2025-09-09T05:57:50.128+0000][121][info][gc,init] Periodic GC: Disabled
[2025-09-09T05:57:50.141+0000][121][info][gc,metaspace] CDS archive(s) mapped at: [0x0000004000000000-0x0000004000c80000-0x0000004000c80000), size 13107200, SharedBaseAddress: 0x0000004000000000, ArchiveRelocationMode: 1.
[2025-09-09T05:57:50.141+0000][121][info][gc,metaspace] Compressed class space mapped at: 0x0000004001000000-0x0000004041000000, reserved size: 1073741824
[2025-09-09T05:57:50.141+0000][121][info][gc,metaspace] Narrow klass base: 0x0000004000000000, Narrow klass shift: 0, Narrow klass range: 0x100000000
[2025-09-09T05:57:50.247+0000][121][info][safepoint   ] Safepoint "ICBufferFull", Time since last: 103046000 ns, Reaching safepoint: 5542 ns, Cleanup: 56750 ns, At safepoint: 3708 ns, Total: 66000 ns
[2025-09-09T05:57:50.399+0000][121][info][safepoint   ] Safepoint "ICBufferFull", Time since last: 151825376 ns, Reaching safepoint: 1666 ns, Cleanup: 107625 ns, At safepoint: 8917 ns, Total: 118208 ns
[2025-09-09T05:57:50.532+0000][121][info][safepoint   ] Safepoint "ICBufferFull", Time since last: 132897583 ns, Reaching safepoint: 2750 ns, Cleanup: 72125 ns, At safepoint: 10292 ns, Total: 85167 ns
[2025-09-09T05:57:50.650+0000][121][info][safepoint   ] Safepoint "ICBufferFull", Time since last: 116596417 ns, Reaching safepoint: 855541 ns, Cleanup: 166250 ns, At safepoint: 12750 ns, Total: 1034541 ns
[2025-09-09T05:57:50.675+0000][121][info][gc,start    ] GC(0) Pause Young (Normal) (G1 Evacuation Pause)
[2025-09-09T05:57:50.676+0000][121][info][gc,task     ] GC(0) Using 8 workers of 8 for evacuation
[2025-09-09T05:57:50.676+0000][121][debug][gc,age      ] GC(0) Desired survivor size 4194304 bytes, new threshold 15 (max threshold 15)
[2025-09-09T05:57:50.680+0000][121][info ][gc,phases   ] GC(0)   Pre Evacuate Collection Set: 0.18ms
[2025-09-09T05:57:50.680+0000][121][info ][gc,phases   ] GC(0)   Merge Heap Roots: 0.09ms
[2025-09-09T05:57:50.681+0000][121][info ][gc,phases   ] GC(0)   Evacuate Collection Set: 3.03ms
[2025-09-09T05:57:50.681+0000][121][info ][gc,phases   ] GC(0)   Post Evacuate Collection Set: 0.56ms
[2025-09-09T05:57:50.681+0000][121][info ][gc,phases   ] GC(0)   Other: 0.14ms
[2025-09-09T05:57:50.681+0000][121][trace][gc,age      ] GC(0) Age table with threshold 15 (max threshold 15)
[2025-09-09T05:57:50.681+0000][121][trace][gc,age      ] GC(0) - age   1:    4674896 bytes,    4674896 total
[2025-09-09T05:57:50.681+0000][121][info ][gc,heap     ] GC(0) Eden regions: 12->0(22)
[2025-09-09T05:57:50.681+0000][121][info ][gc,heap     ] GC(0) Survivor regions: 0->2(2)
[2025-09-09T05:57:50.681+0000][121][info ][gc,heap     ] GC(0) Old regions: 1->1
[2025-09-09T05:57:50.681+0000][121][info ][gc,heap     ] GC(0) Humongous regions: 0->0
[2025-09-09T05:57:50.681+0000][121][info ][gc,metaspace] GC(0) Metaspace: 7270K(7488K)->7270K(7488K) NonClass: 6403K(6528K)->6403K(6528K) Class: 867K(960K)->867K(960K)
[2025-09-09T05:57:50.681+0000][121][info ][gc          ] GC(0) Pause Young (Normal) (G1 Evacuation Pause) 49M->5M(1024M) 5.769ms
[2025-09-09T05:57:50.681+0000][121][info ][gc,cpu      ] GC(0) User=0.01s Sys=0.00s Real=0.01s
[2025-09-09T05:57:50.681+0000][121][info ][safepoint   ] Safepoint "G1CollectForAllocation", Time since last: 25692334 ns, Reaching safepoint: 2166 ns, Cleanup: 23750 ns, At safepoint: 5855209 ns, Total: 5881125 ns
[2025-09-09T05:57:50.824+0000][121][info ][safepoint   ] Safepoint "ICBufferFull", Time since last: 142674375 ns, Reaching safepoint: 2166 ns, Cleanup: 108959 ns, At safepoint: 2916 ns, Total: 114041 ns
[2025-09-09T05:57:50.898+0000][121][info ][safepoint   ] Safepoint "ICBufferFull", Time since last: 74327125 ns, Reaching safepoint: 2167 ns, Cleanup: 74625 ns, At safepoint: 4458 ns, Total: 81250 ns
[2025-09-09T05:57:51.072+0000][121][info ][safepoint   ] Safepoint "ICBufferFull", Time since last: 173518251 ns, Reaching safepoint: 2166 ns, Cleanup: 90000 ns, At safepoint: 7542 ns, Total: 99708 ns
[2025-09-09T05:57:51.577+0000][121][info ][safepoint   ] Safepoint "ICBufferFull", Time since last: 505155708 ns, Reaching safepoint: 147667 ns, Cleanup: 85167 ns, At safepoint: 13500 ns, Total: 246334 ns
[2025-09-09T05:57:51.696+0000][121][info ][safepoint   ] Safepoint "ICBufferFull", Time since last: 118048583 ns, Reaching safepoint: 2125 ns, Cleanup: 85250 ns, At safepoint: 4167 ns, Total: 91542 ns
[2025-09-09T05:57:51.811+0000][121][info ][safepoint   ] Safepoint "ICBufferFull", Time since last: 114474292 ns, Reaching safepoint: 291708 ns, Cleanup: 178417 ns, At safepoint: 66791 ns, Total: 536916 ns
[2025-09-09T05:57:51.938+0000][121][info ][gc,start    ] GC(1) Pause Young (Normal) (G1 Evacuation Pause)
[2025-09-09T05:57:51.938+0000][121][info ][gc,task     ] GC(1) Using 8 workers of 8 for evacuation
[2025-09-09T05:57:51.938+0000][121][debug][gc,age      ] GC(1) Desired survivor size 6291456 bytes, new threshold 15 (max threshold 15)
[2025-09-09T05:57:51.944+0000][121][info ][gc,phases   ] GC(1)   Pre Evacuate Collection Set: 0.15ms
[2025-09-09T05:57:51.945+0000][121][info ][gc,phases   ] GC(1)   Merge Heap Roots: 0.07ms
[2025-09-09T05:57:51.945+0000][121][info ][gc,phases   ] GC(1)   Evacuate Collection Set: 5.05ms
[2025-09-09T05:57:51.945+0000][121][info ][gc,phases   ] GC(1)   Post Evacuate Collection Set: 1.27ms
[2025-09-09T05:57:51.945+0000][121][info ][gc,phases   ] GC(1)   Other: 0.15ms
[2025-09-09T05:57:51.945+0000][121][trace][gc,age      ] GC(1) Age table with threshold 15 (max threshold 15)
[2025-09-09T05:57:51.945+0000][121][trace][gc,age      ] GC(1) - age   1:    4966112 bytes,    4966112 total
[2025-09-09T05:57:51.945+0000][121][trace][gc,age      ] GC(1) - age   2:    4603432 bytes,    9569544 total
[2025-09-09T05:57:51.945+0000][121][info ][gc,heap     ] GC(1) Eden regions: 22->0(40)
[2025-09-09T05:57:51.945+0000][121][info ][gc,heap     ] GC(1) Survivor regions: 2->3(3)
[2025-09-09T05:57:51.945+0000][121][info ][gc,heap     ] GC(1) Old regions: 1->1
[2025-09-09T05:57:51.945+0000][121][info ][gc,heap     ] GC(1) Humongous regions: 0->0
[2025-09-09T05:57:51.945+0000][121][info ][gc,metaspace] GC(1) Metaspace: 20194K(20800K)->20194K(20800K) NonClass: 17876K(18240K)->17876K(18240K) Class: 2317K(2560K)->2317K(2560K)
[2025-09-09T05:57:51.945+0000][121][info ][gc          ] GC(1) Pause Young (Normal) (G1 Evacuation Pause) 93M->10M(1024M) 7.426ms
[2025-09-09T05:57:51.945+0000][121][info ][gc,cpu      ] GC(1) User=0.03s Sys=0.00s Real=0.01s
[2025-09-09T05:57:51.945+0000][121][info ][safepoint   ] Safepoint "G1CollectForAllocation", Time since last: 126113917 ns, Reaching safepoint: 747917 ns, Cleanup: 63291 ns, At safepoint: 7533250 ns, Total: 8344458 ns
[2025-09-09T05:57:52.010+0000][121][info ][gc,start    ] GC(2) Pause Young (Concurrent Start) (Metadata GC Threshold)
[2025-09-09T05:57:52.010+0000][121][info ][gc,task     ] GC(2) Using 8 workers of 8 for evacuation
[2025-09-09T05:57:52.010+0000][121][debug][gc,age      ] GC(2) Desired survivor size 12582912 bytes, new threshold 15 (max threshold 15)
[2025-09-09T05:57:52.014+0000][121][info ][gc,phases   ] GC(2)   Pre Evacuate Collection Set: 0.26ms
[2025-09-09T05:57:52.014+0000][121][info ][gc,phases   ] GC(2)   Merge Heap Roots: 0.02ms
[2025-09-09T05:57:52.014+0000][121][info ][gc,phases   ] GC(2)   Evacuate Collection Set: 2.76ms
[2025-09-09T05:57:52.014+0000][121][info ][gc,phases   ] GC(2)   Post Evacuate Collection Set: 0.46ms
[2025-09-09T05:57:52.014+0000][121][info ][gc,phases   ] GC(2)   Other: 0.48ms
[2025-09-09T05:57:52.014+0000][121][trace][gc,age      ] GC(2) Age table with threshold 15 (max threshold 15)
[2025-09-09T05:57:52.014+0000][121][trace][gc,age      ] GC(2) - age   1:     449112 bytes,     449112 total
[2025-09-09T05:57:52.014+0000][121][trace][gc,age      ] GC(2) - age   2:    4087168 bytes,    4536280 total
[2025-09-09T05:57:52.014+0000][121][trace][gc,age      ] GC(2) - age   3:    4587672 bytes,    9123952 total
[2025-09-09T05:57:52.014+0000][121][info ][gc,heap     ] GC(2) Eden regions: 5->0(76)
[2025-09-09T05:57:52.014+0000][121][info ][gc,heap     ] GC(2) Survivor regions: 3->3(6)
[2025-09-09T05:57:52.015+0000][121][info ][gc,heap     ] GC(2) Old regions: 1->1
[2025-09-09T05:57:52.015+0000][121][info ][gc,heap     ] GC(2) Humongous regions: 0->0
[2025-09-09T05:57:52.015+0000][121][info ][gc,metaspace] GC(2) Metaspace: 20879K(21504K)->20879K(21504K) NonClass: 18452K(18816K)->18452K(18816K) Class: 2427K(2688K)->2427K(2688K)
[2025-09-09T05:57:52.015+0000][121][info ][gc          ] GC(2) Pause Young (Concurrent Start) (Metadata GC Threshold) 30M->11M(1024M) 4.447ms
[2025-09-09T05:57:52.015+0000][121][info ][gc,cpu      ] GC(2) User=0.02s Sys=0.00s Real=0.00s
[2025-09-09T05:57:52.015+0000][121][info ][gc          ] GC(3) Concurrent Mark Cycle
[2025-09-09T05:57:52.015+0000][121][info ][gc,marking  ] GC(3) Concurrent Scan Root Regions
[2025-09-09T05:57:52.015+0000][121][info ][safepoint   ] Safepoint "CollectForMetadataAllocation", Time since last: 65001417 ns, Reaching safepoint: 2292 ns, Cleanup: 51291 ns, At safepoint: 4612000 ns, Total: 4665583 ns
[2025-09-09T05:57:52.017+0000][121][info ][gc,marking  ] GC(3) Concurrent Scan Root Regions 2.549ms
[2025-09-09T05:57:52.018+0000][121][info ][gc,marking  ] GC(3) Concurrent Mark
[2025-09-09T05:57:52.018+0000][121][info ][gc,marking  ] GC(3) Concurrent Mark From Roots
[2025-09-09T05:57:52.019+0000][121][info ][gc,task     ] GC(3) Using 2 workers of 2 for marking
[2025-09-09T05:57:52.020+0000][121][info ][gc,marking  ] GC(3) Concurrent Mark From Roots 1.258ms
[2025-09-09T05:57:52.020+0000][121][info ][gc,marking  ] GC(3) Concurrent Preclean
[2025-09-09T05:57:52.020+0000][121][info ][gc,marking  ] GC(3) Concurrent Preclean 0.051ms
[2025-09-09T05:57:52.023+0000][121][info ][gc,start    ] GC(3) Pause Remark
[2025-09-09T05:57:52.024+0000][121][info ][gc          ] GC(3) Pause Remark 14M->14M(1024M) 1.666ms
[2025-09-09T05:57:52.024+0000][121][info ][gc,cpu      ] GC(3) User=0.00s Sys=0.00s Real=0.00s
[2025-09-09T05:57:52.024+0000][121][info ][safepoint   ] Safepoint "G1PauseRemark", Time since last: 6812125 ns, Reaching safepoint: 987459 ns, Cleanup: 11291 ns, At safepoint: 1797334 ns, Total: 2796084 ns
[2025-09-09T05:57:52.029+0000][121][info ][gc,marking  ] GC(3) Concurrent Mark 10.243ms
[2025-09-09T05:57:52.029+0000][121][info ][gc,marking  ] GC(3) Concurrent Rebuild Remembered Sets and Scrub Regions
[2025-09-09T05:57:52.030+0000][121][info ][gc,marking  ] GC(3) Concurrent Rebuild Remembered Sets and Scrub Regions 0.636ms
[2025-09-09T05:57:52.030+0000][121][info ][gc,start    ] GC(3) Pause Cleanup
[2025-09-09T05:57:52.030+0000][121][info ][gc          ] GC(3) Pause Cleanup 15M->15M(1024M) 0.096ms
[2025-09-09T05:57:52.031+0000][121][info ][gc,cpu      ] GC(3) User=0.00s Sys=0.00s Real=0.00s
[2025-09-09T05:57:52.031+0000][121][info ][safepoint   ] Safepoint "G1PauseCleanup", Time since last: 5897708 ns, Reaching safepoint: 121083 ns, Cleanup: 12375 ns, At safepoint: 204750 ns, Total: 338208 ns
[2025-09-09T05:57:52.031+0000][121][info ][gc,marking  ] GC(3) Concurrent Clear Claimed Marks
[2025-09-09T05:57:52.031+0000][121][info ][gc,marking  ] GC(3) Concurrent Clear Claimed Marks 0.164ms
[2025-09-09T05:57:52.031+0000][121][info ][gc,marking  ] GC(3) Concurrent Cleanup for Next Mark
[2025-09-09T05:57:52.033+0000][121][info ][gc,marking  ] GC(3) Concurrent Cleanup for Next Mark 1.633ms
[2025-09-09T05:57:52.033+0000][121][info ][gc          ] GC(3) Concurrent Mark Cycle 18.724ms
[2025-09-09T05:57:52.132+0000][121][info ][safepoint   ] Safepoint "ICBufferFull", Time since last: 101592209 ns, Reaching safepoint: 1833 ns, Cleanup: 66500 ns, At safepoint: 3917 ns, Total: 72250 ns
[2025-09-09T05:57:52.259+0000][121][info ][safepoint   ] Safepoint "ICBufferFull", Time since last: 126573625 ns, Reaching safepoint: 2000 ns, Cleanup: 53125 ns, At safepoint: 5125 ns, Total: 60250 ns
[2025-09-09T05:57:52.408+0000][121][info ][safepoint   ] Safepoint "ICBufferFull", Time since last: 149390083 ns, Reaching safepoint: 2500 ns, Cleanup: 141333 ns, At safepoint: 9125 ns, Total: 152958 ns
[2025-09-09T05:57:52.639+0000][121][info ][safepoint   ] Safepoint "ICBufferFull", Time since last: 229012542 ns, Reaching safepoint: 1119834 ns, Cleanup: 87625 ns, At safepoint: 11125 ns, Total: 1218584 ns
[2025-09-09T05:57:52.772+0000][121][info ][safepoint   ] Safepoint "ICBufferFull", Time since last: 133157583 ns, Reaching safepoint: 2458 ns, Cleanup: 92209 ns, At safepoint: 11750 ns, Total: 106417 ns
[2025-09-09T05:57:52.810+0000][121][info ][gc,start    ] GC(4) Pause Young (Prepare Mixed) (G1 Evacuation Pause)
[2025-09-09T05:57:52.810+0000][121][info ][gc,task     ] GC(4) Using 8 workers of 8 for evacuation
[2025-09-09T05:57:52.811+0000][121][debug][gc,age      ] GC(4) Desired survivor size 20971520 bytes, new threshold 15 (max threshold 15)
[2025-09-09T05:57:52.820+0000][121][info ][gc,phases   ] GC(4)   Pre Evacuate Collection Set: 0.12ms
[2025-09-09T05:57:52.821+0000][121][info ][gc,phases   ] GC(4)   Merge Heap Roots: 0.10ms
[2025-09-09T05:57:52.821+0000][121][info ][gc,phases   ] GC(4)   Evacuate Collection Set: 8.84ms
[2025-09-09T05:57:52.821+0000][121][info ][gc,phases   ] GC(4)   Post Evacuate Collection Set: 0.70ms
[2025-09-09T05:57:52.821+0000][121][info ][gc,phases   ] GC(4)   Other: 0.23ms
[2025-09-09T05:57:52.821+0000][121][trace][gc,age      ] GC(4) Age table with threshold 15 (max threshold 15)
[2025-09-09T05:57:52.821+0000][121][trace][gc,age      ] GC(4) - age   1:    7968976 bytes,    7968976 total
[2025-09-09T05:57:52.821+0000][121][trace][gc,age      ] GC(4) - age   2:     398584 bytes,    8367560 total
[2025-09-09T05:57:52.821+0000][121][trace][gc,age      ] GC(4) - age   3:    4054176 bytes,   12421736 total
[2025-09-09T05:57:52.821+0000][121][trace][gc,age      ] GC(4) - age   4:    4586576 bytes,   17008312 total
[2025-09-09T05:57:52.821+0000][121][info ][gc,heap     ] GC(4) Eden regions: 76->0(148)
[2025-09-09T05:57:52.821+0000][121][info ][gc,heap     ] GC(4) Survivor regions: 3->5(10)
[2025-09-09T05:57:52.821+0000][121][info ][gc,heap     ] GC(4) Old regions: 1->1
[2025-09-09T05:57:52.821+0000][121][info ][gc,heap     ] GC(4) Humongous regions: 0->0
[2025-09-09T05:57:52.821+0000][121][info ][gc,metaspace] GC(4) Metaspace: 28962K(29824K)->28962K(29824K) NonClass: 25617K(26112K)->25617K(26112K) Class: 3344K(3712K)->3344K(3712K)
[2025-09-09T05:57:52.821+0000][121][info ][gc          ] GC(4) Pause Young (Prepare Mixed) (G1 Evacuation Pause) 315M->18M(1024M) 10.715ms
[2025-09-09T05:57:52.821+0000][121][info ][gc,cpu      ] GC(4) User=0.07s Sys=0.00s Real=0.01s
[2025-09-09T05:57:52.821+0000][121][info ][safepoint   ] Safepoint "G1CollectForAllocation", Time since last: 38326375 ns, Reaching safepoint: 2625 ns, Cleanup: 37875 ns, At safepoint: 10800500 ns, Total: 10841000 ns
[2025-09-09T05:57:52.937+0000][121][info ][safepoint   ] Safepoint "ICBufferFull", Time since last: 115325875 ns, Reaching safepoint: 2208 ns, Cleanup: 107083 ns, At safepoint: 4459 ns, Total: 113750 ns
[2025-09-09T05:57:53.079+0000][121][info ][safepoint   ] Safepoint "ICBufferFull", Time since last: 142319666 ns, Reaching safepoint: 2042 ns, Cleanup: 71167 ns, At safepoint: 9000 ns, Total: 82209 ns
[2025-09-09T05:57:53.423+0000][121][info ][safepoint   ] Safepoint "ICBufferFull", Time since last: 344067792 ns, Reaching safepoint: 1958 ns, Cleanup: 93083 ns, At safepoint: 4084 ns, Total: 99125 ns
[2025-09-09T05:57:53.507+0000][121][info ][safepoint   ] Safepoint "ICBufferFull", Time since last: 83656291 ns, Reaching safepoint: 2084 ns, Cleanup: 85375 ns, At safepoint: 8500 ns, Total: 95959 ns
[2025-09-09T05:57:53.567+0000][121][info ][gc,start    ] GC(5) Pause Young (Mixed) (Metadata GC Threshold)
[2025-09-09T05:57:53.567+0000][121][info ][gc,task     ] GC(5) Using 8 workers of 8 for evacuation
[2025-09-09T05:57:53.567+0000][121][debug][gc,age      ] GC(5) Desired survivor size 41943040 bytes, new threshold 15 (max threshold 15)
[2025-09-09T05:57:53.584+0000][121][info ][gc,phases   ] GC(5)   Pre Evacuate Collection Set: 0.13ms
[2025-09-09T05:57:53.584+0000][121][info ][gc,phases   ] GC(5)   Merge Heap Roots: 0.06ms
[2025-09-09T05:57:53.584+0000][121][info ][gc,phases   ] GC(5)   Evacuate Collection Set: 15.38ms
[2025-09-09T05:57:53.584+0000][121][info ][gc,phases   ] GC(5)   Post Evacuate Collection Set: 0.87ms
[2025-09-09T05:57:53.584+0000][121][info ][gc,phases   ] GC(5)   Other: 0.14ms
[2025-09-09T05:57:53.584+0000][121][trace][gc,age      ] GC(5) Age table with threshold 15 (max threshold 15)
[2025-09-09T05:57:53.584+0000][121][trace][gc,age      ] GC(5) - age   1:    8434168 bytes,    8434168 total
[2025-09-09T05:57:53.584+0000][121][trace][gc,age      ] GC(5) - age   2:    5713040 bytes,   14147208 total
[2025-09-09T05:57:53.584+0000][121][trace][gc,age      ] GC(5) - age   3:     398464 bytes,   14545672 total
[2025-09-09T05:57:53.584+0000][121][trace][gc,age      ] GC(5) - age   4:    4052608 bytes,   18598280 total
[2025-09-09T05:57:53.584+0000][121][trace][gc,age      ] GC(5) - age   5:    4586576 bytes,   23184856 total
[2025-09-09T05:57:53.584+0000][121][info ][gc,heap     ] GC(5) Eden regions: 136->0(146)
[2025-09-09T05:57:53.584+0000][121][info ][gc,heap     ] GC(5) Survivor regions: 5->7(20)
[2025-09-09T05:57:53.584+0000][121][info ][gc,heap     ] GC(5) Old regions: 1->1
[2025-09-09T05:57:53.584+0000][121][info ][gc,heap     ] GC(5) Humongous regions: 0->0
[2025-09-09T05:57:53.584+0000][121][info ][gc,metaspace] GC(5) Metaspace: 35512K(36416K)->35512K(36416K) NonClass: 31399K(31936K)->31399K(31936K) Class: 4112K(4480K)->4112K(4480K)
[2025-09-09T05:57:53.585+0000][121][info ][gc          ] GC(5) Pause Young (Mixed) (Metadata GC Threshold) 562M->26M(1024M) 17.304ms
[2025-09-09T05:57:53.585+0000][121][info ][gc,cpu      ] GC(5) User=0.11s Sys=0.00s Real=0.02s
[2025-09-09T05:57:53.585+0000][121][info ][safepoint   ] Safepoint "CollectForMetadataAllocation", Time since last: 60330833 ns, Reaching safepoint: 2708 ns, Cleanup: 20209 ns, At safepoint: 17453458 ns, Total: 17476375 ns
[2025-09-09T05:57:53.596+0000][121][info ][gc,start    ] GC(6) Pause Young (Concurrent Start) (Metadata GC Threshold)
[2025-09-09T05:57:53.596+0000][121][info ][gc,task     ] GC(6) Using 8 workers of 8 for evacuation
[2025-09-09T05:57:53.596+0000][121][debug][gc,age      ] GC(6) Desired survivor size 41943040 bytes, new threshold 15 (max threshold 15)
[2025-09-09T05:57:53.602+0000][121][info ][gc,phases   ] GC(6)   Pre Evacuate Collection Set: 0.13ms
[2025-09-09T05:57:53.602+0000][121][info ][gc,phases   ] GC(6)   Merge Heap Roots: 0.04ms
[2025-09-09T05:57:53.602+0000][121][info ][gc,phases   ] GC(6)   Evacuate Collection Set: 5.11ms
[2025-09-09T05:57:53.602+0000][121][info ][gc,phases   ] GC(6)   Post Evacuate Collection Set: 0.78ms
[2025-09-09T05:57:53.602+0000][121][info ][gc,phases   ] GC(6)   Other: 0.11ms
[2025-09-09T05:57:53.602+0000][121][trace][gc,age      ] GC(6) Age table with threshold 15 (max threshold 15)
[2025-09-09T05:57:53.602+0000][121][trace][gc,age      ] GC(6) - age   1:      89104 bytes,      89104 total
[2025-09-09T05:57:53.602+0000][121][trace][gc,age      ] GC(6) - age   2:    8418480 bytes,    8507584 total
[2025-09-09T05:57:53.603+0000][121][trace][gc,age      ] GC(6) - age   3:    5713008 bytes,   14220592 total
[2025-09-09T05:57:53.603+0000][121][trace][gc,age      ] GC(6) - age   4:     398464 bytes,   14619056 total
[2025-09-09T05:57:53.603+0000][121][trace][gc,age      ] GC(6) - age   5:    4051760 bytes,   18670816 total
[2025-09-09T05:57:53.603+0000][121][trace][gc,age      ] GC(6) - age   6:    4586480 bytes,   23257296 total
[2025-09-09T05:57:53.603+0000][121][info ][gc,heap     ] GC(6) Eden regions: 1->0(146)
[2025-09-09T05:57:53.603+0000][121][info ][gc,heap     ] GC(6) Survivor regions: 7->7(20)
[2025-09-09T05:57:53.603+0000][121][info ][gc,heap     ] GC(6) Old regions: 1->1
[2025-09-09T05:57:53.603+0000][121][info ][gc,heap     ] GC(6) Humongous regions: 0->0
[2025-09-09T05:57:53.603+0000][121][info ][gc,metaspace] GC(6) Metaspace: 35783K(36736K)->35783K(36736K) NonClass: 31638K(32192K)->31638K(32192K) Class: 4144K(4544K)->4144K(4544K)
[2025-09-09T05:57:53.603+0000][121][info ][gc          ] GC(6) Pause Young (Concurrent Start) (Metadata GC Threshold) 30M->26M(1024M) 6.769ms
[2025-09-09T05:57:53.603+0000][121][info ][gc,cpu      ] GC(6) User=0.04s Sys=0.00s Real=0.01s
[2025-09-09T05:57:53.603+0000][121][info ][gc          ] GC(7) Concurrent Mark Cycle
[2025-09-09T05:57:53.603+0000][121][info ][gc,marking  ] GC(7) Concurrent Scan Root Regions
[2025-09-09T05:57:53.603+0000][121][info ][safepoint   ] Safepoint "CollectForMetadataAllocation", Time since last: 11332708 ns, Reaching safepoint: 2000 ns, Cleanup: 4750 ns, At safepoint: 6896584 ns, Total: 6903334 ns
[2025-09-09T05:57:53.606+0000][121][info ][gc,marking  ] GC(7) Concurrent Scan Root Regions 2.799ms
[2025-09-09T05:57:53.606+0000][121][info ][gc,marking  ] GC(7) Concurrent Mark
[2025-09-09T05:57:53.606+0000][121][info ][gc,marking  ] GC(7) Concurrent Mark From Roots
[2025-09-09T05:57:53.606+0000][121][info ][gc,task     ] GC(7) Using 2 workers of 2 for marking
[2025-09-09T05:57:53.607+0000][121][info ][gc,marking  ] GC(7) Concurrent Mark From Roots 0.799ms
[2025-09-09T05:57:53.607+0000][121][info ][gc,marking  ] GC(7) Concurrent Preclean
[2025-09-09T05:57:53.607+0000][121][info ][gc,marking  ] GC(7) Concurrent Preclean 0.054ms
[2025-09-09T05:57:53.608+0000][121][info ][gc,start    ] GC(7) Pause Remark
[2025-09-09T05:57:53.610+0000][121][info ][gc          ] GC(7) Pause Remark 30M->30M(1024M) 2.056ms
[2025-09-09T05:57:53.611+0000][121][info ][gc,cpu      ] GC(7) User=0.01s Sys=0.00s Real=0.01s
[2025-09-09T05:57:53.611+0000][121][info ][safepoint   ] Safepoint "G1PauseRemark", Time since last: 5036333 ns, Reaching safepoint: 1958 ns, Cleanup: 10459 ns, At safepoint: 3094000 ns, Total: 3106417 ns
[2025-09-09T05:57:53.611+0000][121][info ][gc,marking  ] GC(7) Concurrent Mark 4.881ms
[2025-09-09T05:57:53.611+0000][121][info ][gc,marking  ] GC(7) Concurrent Rebuild Remembered Sets and Scrub Regions
[2025-09-09T05:57:53.612+0000][121][info ][gc,marking  ] GC(7) Concurrent Rebuild Remembered Sets and Scrub Regions 0.588ms
[2025-09-09T05:57:53.613+0000][121][info ][gc,start    ] GC(7) Pause Cleanup
[2025-09-09T05:57:53.613+0000][121][info ][gc          ] GC(7) Pause Cleanup 32M->32M(1024M) 0.142ms
[2025-09-09T05:57:53.613+0000][121][info ][gc,cpu      ] GC(7) User=0.00s Sys=0.00s Real=0.00s
[2025-09-09T05:57:53.613+0000][121][info ][safepoint   ] Safepoint "G1PauseCleanup", Time since last: 1646375 ns, Reaching safepoint: 1916 ns, Cleanup: 4792 ns, At safepoint: 213958 ns, Total: 220666 ns
[2025-09-09T05:57:53.613+0000][121][info ][gc,marking  ] GC(7) Concurrent Clear Claimed Marks
[2025-09-09T05:57:53.613+0000][121][info ][gc,marking  ] GC(7) Concurrent Clear Claimed Marks 0.050ms
[2025-09-09T05:57:53.613+0000][121][info ][gc,marking  ] GC(7) Concurrent Cleanup for Next Mark
[2025-09-09T05:57:53.613+0000][121][info ][gc,marking  ] GC(7) Concurrent Cleanup for Next Mark 0.288ms
[2025-09-09T05:57:53.613+0000][121][info ][gc          ] GC(7) Concurrent Mark Cycle 10.562ms
[2025-09-09T05:57:54.066+0000][121][info ][safepoint   ] Safepoint "ICBufferFull", Time since last: 452582667 ns, Reaching safepoint: 2334 ns, Cleanup: 90458 ns, At safepoint: 8625 ns, Total: 101417 ns
[2025-09-09T05:57:54.245+0000][121][info ][gc,start    ] GC(8) Pause Young (Normal) (G1 Evacuation Pause)
[2025-09-09T05:57:54.245+0000][121][info ][gc,task     ] GC(8) Using 8 workers of 8 for evacuation
[2025-09-09T05:57:54.245+0000][121][debug][gc,age      ] GC(8) Desired survivor size 41943040 bytes, new threshold 15 (max threshold 15)
[2025-09-09T05:57:54.298+0000][121][info ][gc,phases   ] GC(8)   Pre Evacuate Collection Set: 0.23ms
[2025-09-09T05:57:54.299+0000][121][info ][gc,phases   ] GC(8)   Merge Heap Roots: 0.12ms
[2025-09-09T05:57:54.299+0000][121][info ][gc,phases   ] GC(8)   Evacuate Collection Set: 47.09ms
[2025-09-09T05:57:54.299+0000][121][info ][gc,phases   ] GC(8)   Post Evacuate Collection Set: 5.60ms
[2025-09-09T05:57:54.299+0000][121][info ][gc,phases   ] GC(8)   Other: 0.21ms
[2025-09-09T05:57:54.299+0000][121][trace][gc,age      ] GC(8) Age table with threshold 15 (max threshold 15)
[2025-09-09T05:57:54.299+0000][121][trace][gc,age      ] GC(8) - age   1:   10125776 bytes,   10125776 total
[2025-09-09T05:57:54.299+0000][121][trace][gc,age      ] GC(8) - age   2:      80944 bytes,   10206720 total
[2025-09-09T05:57:54.299+0000][121][trace][gc,age      ] GC(8) - age   3:    8409536 bytes,   18616256 total
[2025-09-09T05:57:54.299+0000][121][trace][gc,age      ] GC(8) - age   4:    5705224 bytes,   24321480 total
[2025-09-09T05:57:54.299+0000][121][trace][gc,age      ] GC(8) - age   5:     378480 bytes,   24699960 total
[2025-09-09T05:57:54.300+0000][121][trace][gc,age      ] GC(8) - age   6:    4044792 bytes,   28744752 total
[2025-09-09T05:57:54.300+0000][121][trace][gc,age      ] GC(8) - age   7:    4579728 bytes,   33324480 total
[2025-09-09T05:57:54.300+0000][121][info ][gc,heap     ] GC(8) Eden regions: 146->0(144)
[2025-09-09T05:57:54.300+0000][121][info ][gc,heap     ] GC(8) Survivor regions: 7->9(20)
[2025-09-09T05:57:54.300+0000][121][info ][gc,heap     ] GC(8) Old regions: 1->1
[2025-09-09T05:57:54.300+0000][121][info ][gc,heap     ] GC(8) Humongous regions: 0->0
[2025-09-09T05:57:54.300+0000][121][info ][gc,metaspace] GC(8) Metaspace: 38306K(39424K)->38306K(39424K) NonClass: 33814K(34496K)->33814K(34496K) Class: 4491K(4928K)->4491K(4928K)
[2025-09-09T05:57:54.300+0000][121][info ][gc          ] GC(8) Pause Young (Normal) (G1 Evacuation Pause) 610M->36M(1024M) 54.901ms
[2025-09-09T05:57:54.300+0000][121][info ][gc,cpu      ] GC(8) User=0.31s Sys=0.00s Real=0.06s
[2025-09-09T05:57:54.300+0000][121][info ][safepoint   ] Safepoint "G1CollectForAllocation", Time since last: 179376458 ns, Reaching safepoint: 3334 ns, Cleanup: 75541 ns, At safepoint: 55022042 ns, Total: 55100917 ns
[2025-09-09T05:57:54.677+0000][121][info ][safepoint   ] Safepoint "ICBufferFull", Time since last: 376725209 ns, Reaching safepoint: 6041 ns, Cleanup: 180000 ns, At safepoint: 9417 ns, Total: 195458 ns
[2025-09-09T05:57:54.884+0000][121][info ][safepoint   ] Safepoint "ICBufferFull", Time since last: 207138500 ns, Reaching safepoint: 2625 ns, Cleanup: 118833 ns, At safepoint: 6625 ns, Total: 128083 ns
[2025-09-09T05:57:55.150+0000][121][info ][safepoint   ] Safepoint "ICBufferFull", Time since last: 265685375 ns, Reaching safepoint: 2667 ns, Cleanup: 94750 ns, At safepoint: 6875 ns, Total: 104292 ns
[2025-09-09T05:57:55.354+0000][121][info ][safepoint   ] Safepoint "ICBufferFull", Time since last: 204194667 ns, Reaching safepoint: 116625 ns, Cleanup: 112417 ns, At safepoint: 17625 ns, Total: 246667 ns
[2025-09-09T05:57:55.603+0000][121][info ][safepoint   ] Safepoint "ICBufferFull", Time since last: 248332666 ns, Reaching safepoint: 2125 ns, Cleanup: 65125 ns, At safepoint: 2709 ns, Total: 69959 ns
[2025-09-09T05:57:55.908+0000][121][info ][safepoint   ] Safepoint "ICBufferFull", Time since last: 304577875 ns, Reaching safepoint: 2583 ns, Cleanup: 69083 ns, At safepoint: 6084 ns, Total: 77750 ns
[2025-09-09T05:57:55.934+0000][121][info ][gc,start    ] GC(9) Pause Young (Concurrent Start) (Metadata GC Threshold)
[2025-09-09T05:57:55.934+0000][121][info ][gc,task     ] GC(9) Using 8 workers of 8 for evacuation
[2025-09-09T05:57:55.934+0000][121][debug][gc,age      ] GC(9) Desired survivor size 41943040 bytes, new threshold 15 (max threshold 15)
[2025-09-09T05:57:55.948+0000][121][info ][gc,phases   ] GC(9)   Pre Evacuate Collection Set: 0.16ms
[2025-09-09T05:57:55.948+0000][121][info ][gc,phases   ] GC(9)   Merge Heap Roots: 0.21ms
[2025-09-09T05:57:55.948+0000][121][info ][gc,phases   ] GC(9)   Evacuate Collection Set: 12.30ms
[2025-09-09T05:57:55.948+0000][121][info ][gc,phases   ] GC(9)   Post Evacuate Collection Set: 1.28ms
[2025-09-09T05:57:55.948+0000][121][info ][gc,phases   ] GC(9)   Other: 0.21ms
[2025-09-09T05:57:55.948+0000][121][trace][gc,age      ] GC(9) Age table with threshold 15 (max threshold 15)
[2025-09-09T05:57:55.948+0000][121][trace][gc,age      ] GC(9) - age   1:   10329432 bytes,   10329432 total
[2025-09-09T05:57:55.948+0000][121][trace][gc,age      ] GC(9) - age   2:    8803304 bytes,   19132736 total
[2025-09-09T05:57:55.948+0000][121][trace][gc,age      ] GC(9) - age   3:      79392 bytes,   19212128 total
[2025-09-09T05:57:55.948+0000][121][trace][gc,age      ] GC(9) - age   4:    8367288 bytes,   27579416 total
[2025-09-09T05:57:55.948+0000][121][trace][gc,age      ] GC(9) - age   5:    5521344 bytes,   33100760 total
[2025-09-09T05:57:55.948+0000][121][trace][gc,age      ] GC(9) - age   6:     374920 bytes,   33475680 total
[2025-09-09T05:57:55.948+0000][121][trace][gc,age      ] GC(9) - age   7:    4007168 bytes,   37482848 total
[2025-09-09T05:57:55.948+0000][121][trace][gc,age      ] GC(9) - age   8:    4570704 bytes,   42053552 total
[2025-09-09T05:57:55.948+0000][121][info ][gc,heap     ] GC(9) Eden regions: 136->0(142)
[2025-09-09T05:57:55.948+0000][121][info ][gc,heap     ] GC(9) Survivor regions: 9->11(20)
[2025-09-09T05:57:55.949+0000][121][info ][gc,heap     ] GC(9) Old regions: 1->1
[2025-09-09T05:57:55.949+0000][121][info ][gc,heap     ] GC(9) Humongous regions: 0->0
[2025-09-09T05:57:55.949+0000][121][info ][gc,metaspace] GC(9) Metaspace: 59943K(61376K)->59943K(61376K) NonClass: 52371K(53248K)->52371K(53248K) Class: 7571K(8128K)->7571K(8128K)
[2025-09-09T05:57:55.949+0000][121][info ][gc          ] GC(9) Pause Young (Concurrent Start) (Metadata GC Threshold) 578M->43M(1024M) 14.903ms
[2025-09-09T05:57:55.949+0000][121][info ][gc,cpu      ] GC(9) User=0.08s Sys=0.00s Real=0.01s
[2025-09-09T05:57:55.949+0000][121][info ][gc          ] GC(10) Concurrent Mark Cycle
[2025-09-09T05:57:55.949+0000][121][info ][gc,marking  ] GC(10) Concurrent Scan Root Regions
[2025-09-09T05:57:55.949+0000][121][info ][safepoint   ] Safepoint "CollectForMetadataAllocation", Time since last: 26160708 ns, Reaching safepoint: 2125 ns, Cleanup: 10375 ns, At safepoint: 15067709 ns, Total: 15080209 ns
[2025-09-09T05:57:55.956+0000][121][info ][gc,marking  ] GC(10) Concurrent Scan Root Regions 6.799ms
[2025-09-09T05:57:55.958+0000][121][info ][gc,marking  ] GC(10) Concurrent Mark
[2025-09-09T05:57:55.958+0000][121][info ][gc,marking  ] GC(10) Concurrent Mark From Roots
[2025-09-09T05:57:55.958+0000][121][info ][gc,task     ] GC(10) Using 2 workers of 2 for marking
[2025-09-09T05:57:55.959+0000][121][info ][gc,marking  ] GC(10) Concurrent Mark From Roots 0.766ms
[2025-09-09T05:57:55.959+0000][121][info ][gc,marking  ] GC(10) Concurrent Preclean
[2025-09-09T05:57:55.959+0000][121][info ][gc,marking  ] GC(10) Concurrent Preclean 0.023ms
[2025-09-09T05:57:55.959+0000][121][info ][gc,start    ] GC(10) Pause Remark
[2025-09-09T05:57:55.962+0000][121][info ][gc          ] GC(10) Pause Remark 46M->46M(1024M) 2.998ms
[2025-09-09T05:57:55.962+0000][121][info ][gc,cpu      ] GC(10) User=0.01s Sys=0.00s Real=0.01s
[2025-09-09T05:57:55.962+0000][121][info ][safepoint   ] Safepoint "G1PauseRemark", Time since last: 9832416 ns, Reaching safepoint: 1875 ns, Cleanup: 1375 ns, At safepoint: 3089542 ns, Total: 3092792 ns
[2025-09-09T05:57:55.962+0000][121][info ][gc,marking  ] GC(10) Concurrent Mark 4.035ms
[2025-09-09T05:57:55.962+0000][121][info ][gc,marking  ] GC(10) Concurrent Rebuild Remembered Sets and Scrub Regions
[2025-09-09T05:57:55.962+0000][121][info ][gc,marking  ] GC(10) Concurrent Rebuild Remembered Sets and Scrub Regions 0.402ms
[2025-09-09T05:57:55.962+0000][121][info ][gc,start    ] GC(10) Pause Cleanup
[2025-09-09T05:57:55.962+0000][121][info ][gc          ] GC(10) Pause Cleanup 46M->46M(1024M) 0.065ms
[2025-09-09T05:57:55.962+0000][121][info ][gc,cpu      ] GC(10) User=0.00s Sys=0.00s Real=0.00s
[2025-09-09T05:57:55.962+0000][121][info ][safepoint   ] Safepoint "G1PauseCleanup", Time since last: 495833 ns, Reaching safepoint: 11667 ns, Cleanup: 8458 ns, At safepoint: 149334 ns, Total: 169459 ns
[2025-09-09T05:57:55.962+0000][121][info ][gc,marking  ] GC(10) Concurrent Clear Claimed Marks
[2025-09-09T05:57:55.962+0000][121][info ][gc,marking  ] GC(10) Concurrent Clear Claimed Marks 0.040ms
[2025-09-09T05:57:55.962+0000][121][info ][gc,marking  ] GC(10) Concurrent Cleanup for Next Mark
[2025-09-09T05:57:55.963+0000][121][info ][gc,marking  ] GC(10) Concurrent Cleanup for Next Mark 0.294ms
[2025-09-09T05:57:55.963+0000][121][info ][gc          ] GC(10) Concurrent Mark Cycle 14.108ms
[2025-09-09T05:57:56.391+0000][121][info ][safepoint   ] Safepoint "ICBufferFull", Time since last: 428886416 ns, Reaching safepoint: 2959 ns, Cleanup: 105833 ns, At safepoint: 14333 ns, Total: 123125 ns
[2025-09-09T05:57:56.522+0000][121][info ][safepoint   ] Safepoint "ICBufferFull", Time since last: 130204875 ns, Reaching safepoint: 2625 ns, Cleanup: 102584 ns, At safepoint: 8416 ns, Total: 113625 ns
[2025-09-09T05:57:56.999+0000][121][info ][safepoint   ] Safepoint "ICBufferFull", Time since last: 477378584 ns, Reaching safepoint: 2542 ns, Cleanup: 116666 ns, At safepoint: 5667 ns, Total: 124875 ns
[2025-09-09T05:57:57.140+0000][121][info ][safepoint   ] Safepoint "ICBufferFull", Time since last: 139206333 ns, Reaching safepoint: 1233875 ns, Cleanup: 91667 ns, At safepoint: 19750 ns, Total: 1345292 ns
[2025-09-09T05:57:57.397+0000][121][info ][gc,start    ] GC(11) Pause Young (Normal) (G1 Evacuation Pause)
[2025-09-09T05:57:57.397+0000][121][info ][gc,task     ] GC(11) Using 8 workers of 8 for evacuation
[2025-09-09T05:57:57.397+0000][121][debug][gc,age      ] GC(11) Desired survivor size 41943040 bytes, new threshold 8 (max threshold 15)
[2025-09-09T05:57:57.413+0000][121][info ][gc,phases   ] GC(11)   Pre Evacuate Collection Set: 0.12ms
[2025-09-09T05:57:57.413+0000][121][info ][gc,phases   ] GC(11)   Merge Heap Roots: 0.06ms
[2025-09-09T05:57:57.413+0000][121][info ][gc,phases   ] GC(11)   Evacuate Collection Set: 14.00ms
[2025-09-09T05:57:57.413+0000][121][info ][gc,phases   ] GC(11)   Post Evacuate Collection Set: 1.80ms
[2025-09-09T05:57:57.413+0000][121][info ][gc,phases   ] GC(11)   Other: 0.16ms
[2025-09-09T05:57:57.413+0000][121][trace][gc,age      ] GC(11) Age table with threshold 8 (max threshold 15)
[2025-09-09T05:57:57.413+0000][121][trace][gc,age      ] GC(11) - age   1:   10818328 bytes,   10818328 total
[2025-09-09T05:57:57.414+0000][121][trace][gc,age      ] GC(11) - age   2:    9881360 bytes,   20699688 total
[2025-09-09T05:57:57.414+0000][121][trace][gc,age      ] GC(11) - age   3:    8754520 bytes,   29454208 total
[2025-09-09T05:57:57.414+0000][121][trace][gc,age      ] GC(11) - age   4:      79264 bytes,   29533472 total
[2025-09-09T05:57:57.414+0000][121][trace][gc,age      ] GC(11) - age   5:    8355240 bytes,   37888712 total
[2025-09-09T05:57:57.414+0000][121][trace][gc,age      ] GC(11) - age   6:    5497880 bytes,   43386592 total
[2025-09-09T05:57:57.414+0000][121][trace][gc,age      ] GC(11) - age   7:     372520 bytes,   43759112 total
[2025-09-09T05:57:57.414+0000][121][trace][gc,age      ] GC(11) - age   8:    3999776 bytes,   47758888 total
[2025-09-09T05:57:57.414+0000][121][info ][gc,heap     ] GC(11) Eden regions: 142->0(140)
[2025-09-09T05:57:57.414+0000][121][info ][gc,heap     ] GC(11) Survivor regions: 11->13(20)
[2025-09-09T05:57:57.414+0000][121][info ][gc,heap     ] GC(11) Old regions: 1->2
[2025-09-09T05:57:57.414+0000][121][info ][gc,heap     ] GC(11) Humongous regions: 0->0
[2025-09-09T05:57:57.414+0000][121][info ][gc,metaspace] GC(11) Metaspace: 75251K(77120K)->75251K(77120K) NonClass: 65163K(66304K)->65163K(66304K) Class: 10088K(10816K)->10088K(10816K)
[2025-09-09T05:57:57.414+0000][121][info ][gc          ] GC(11) Pause Young (Normal) (G1 Evacuation Pause) 611M->54M(1024M) 17.144ms
[2025-09-09T05:57:57.414+0000][121][info ][gc,cpu      ] GC(11) User=0.08s Sys=0.01s Real=0.02s
[2025-09-09T05:57:57.414+0000][121][info ][safepoint   ] Safepoint "G1CollectForAllocation", Time since last: 257023875 ns, Reaching safepoint: 3750 ns, Cleanup: 73709 ns, At safepoint: 17242583 ns, Total: 17320042 ns
[2025-09-09T05:57:57.659+0000][121][info ][safepoint   ] Safepoint "ICBufferFull", Time since last: 244681917 ns, Reaching safepoint: 2541 ns, Cleanup: 86625 ns, At safepoint: 7542 ns, Total: 96708 ns
[2025-09-09T05:57:57.850+0000][121][info ][safepoint   ] Safepoint "ICBufferFull", Time since last: 190827583 ns, Reaching safepoint: 3000 ns, Cleanup: 79875 ns, At safepoint: 8459 ns, Total: 91334 ns
[2025-09-09T05:57:58.051+0000][121][info ][safepoint   ] Safepoint "ICBufferFull", Time since last: 201020625 ns, Reaching safepoint: 3042 ns, Cleanup: 73166 ns, At safepoint: 4459 ns, Total: 80667 ns
[2025-09-09T05:57:58.398+0000][121][info ][safepoint   ] Safepoint "ICBufferFull", Time since last: 346833583 ns, Reaching safepoint: 3000 ns, Cleanup: 94667 ns, At safepoint: 6416 ns, Total: 104083 ns
[2025-09-09T05:57:58.815+0000][121][info ][gc,start    ] GC(12) Pause Young (Concurrent Start) (Metadata GC Threshold)
[2025-09-09T05:57:58.816+0000][121][info ][gc,task     ] GC(12) Using 8 workers of 8 for evacuation
[2025-09-09T05:57:58.816+0000][121][debug][gc,age      ] GC(12) Desired survivor size 41943040 bytes, new threshold 6 (max threshold 15)
[2025-09-09T05:57:58.864+0000][121][info ][gc,phases   ] GC(12)   Pre Evacuate Collection Set: 0.90ms
[2025-09-09T05:57:58.865+0000][121][info ][gc,phases   ] GC(12)   Merge Heap Roots: 0.14ms
[2025-09-09T05:57:58.865+0000][121][info ][gc,phases   ] GC(12)   Evacuate Collection Set: 41.25ms
[2025-09-09T05:57:58.865+0000][121][info ][gc,phases   ] GC(12)   Post Evacuate Collection Set: 4.79ms
[2025-09-09T05:57:58.865+0000][121][info ][gc,phases   ] GC(12)   Other: 1.35ms
[2025-09-09T05:57:58.865+0000][121][trace][gc,age      ] GC(12) Age table with threshold 6 (max threshold 15)
[2025-09-09T05:57:58.865+0000][121][trace][gc,age      ] GC(12) - age   1:    9776760 bytes,    9776760 total
[2025-09-09T05:57:58.865+0000][121][trace][gc,age      ] GC(12) - age   2:   10449816 bytes,   20226576 total
[2025-09-09T05:57:58.865+0000][121][trace][gc,age      ] GC(12) - age   3:    9716184 bytes,   29942760 total
[2025-09-09T05:57:58.865+0000][121][trace][gc,age      ] GC(12) - age   4:    8738304 bytes,   38681064 total
[2025-09-09T05:57:58.865+0000][121][trace][gc,age      ] GC(12) - age   5:      79104 bytes,   38760168 total
[2025-09-09T05:57:58.865+0000][121][trace][gc,age      ] GC(12) - age   6:    8329912 bytes,   47090080 total
[2025-09-09T05:57:58.865+0000][121][info ][gc,heap     ] GC(12) Eden regions: 84->0(141)
[2025-09-09T05:57:58.866+0000][121][info ][gc,heap     ] GC(12) Survivor regions: 13->12(20)
[2025-09-09T05:57:58.866+0000][121][info ][gc,heap     ] GC(12) Old regions: 2->4
[2025-09-09T05:57:58.866+0000][121][info ][gc,heap     ] GC(12) Humongous regions: 0->0
[2025-09-09T05:57:58.866+0000][121][info ][gc,metaspace] GC(12) Metaspace: 100493K(102528K)->100493K(102528K) NonClass: 86932K(88128K)->86932K(88128K) Class: 13560K(14400K)->13560K(14400K)
[2025-09-09T05:57:58.866+0000][121][info ][gc          ] GC(12) Pause Young (Concurrent Start) (Metadata GC Threshold) 388M->63M(1024M) 51.010ms
[2025-09-09T05:57:58.866+0000][121][info ][gc,cpu      ] GC(12) User=0.18s Sys=0.02s Real=0.05s
[2025-09-09T05:57:58.866+0000][121][info ][safepoint   ] Safepoint "CollectForMetadataAllocation", Time since last: 416677417 ns, Reaching safepoint: 73709 ns, Cleanup: 207083 ns, At safepoint: 51289375 ns, Total: 51570167 ns
[2025-09-09T05:57:58.866+0000][121][info ][gc          ] GC(13) Concurrent Mark Cycle
[2025-09-09T05:57:58.867+0000][121][info ][gc,marking  ] GC(13) Concurrent Scan Root Regions
[2025-09-09T05:57:58.881+0000][121][info ][gc,marking  ] GC(13) Concurrent Scan Root Regions 14.154ms
[2025-09-09T05:57:58.881+0000][121][info ][gc,marking  ] GC(13) Concurrent Mark
[2025-09-09T05:57:58.881+0000][121][info ][gc,marking  ] GC(13) Concurrent Mark From Roots
[2025-09-09T05:57:58.881+0000][121][info ][gc,task     ] GC(13) Using 2 workers of 2 for marking
[2025-09-09T05:57:58.885+0000][121][info ][gc,marking  ] GC(13) Concurrent Mark From Roots 3.827ms
[2025-09-09T05:57:58.885+0000][121][info ][gc,marking  ] GC(13) Concurrent Preclean
[2025-09-09T05:57:58.886+0000][121][info ][gc,marking  ] GC(13) Concurrent Preclean 0.784ms
[2025-09-09T05:57:58.886+0000][121][info ][gc,start    ] GC(13) Pause Remark
[2025-09-09T05:57:58.893+0000][121][info ][gc          ] GC(13) Pause Remark 70M->70M(1024M) 6.995ms
[2025-09-09T05:57:58.893+0000][121][info ][gc,cpu      ] GC(13) User=0.02s Sys=0.00s Real=0.01s
[2025-09-09T05:57:58.894+0000][121][info ][safepoint   ] Safepoint "G1PauseRemark", Time since last: 20321500 ns, Reaching safepoint: 2833 ns, Cleanup: 7250 ns, At safepoint: 7092875 ns, Total: 7102958 ns
[2025-09-09T05:57:58.894+0000][121][info ][gc,marking  ] GC(13) Concurrent Mark 12.743ms
[2025-09-09T05:57:58.894+0000][121][info ][gc,marking  ] GC(13) Concurrent Rebuild Remembered Sets and Scrub Regions
[2025-09-09T05:57:58.896+0000][121][info ][gc,marking  ] GC(13) Concurrent Rebuild Remembered Sets and Scrub Regions 2.674ms
[2025-09-09T05:57:58.896+0000][121][info ][gc,start    ] GC(13) Pause Cleanup
[2025-09-09T05:57:58.897+0000][121][info ][gc          ] GC(13) Pause Cleanup 70M->70M(1024M) 0.132ms
[2025-09-09T05:57:58.897+0000][121][info ][gc,cpu      ] GC(13) User=0.00s Sys=0.00s Real=0.00s
[2025-09-09T05:57:58.897+0000][121][info ][safepoint   ] Safepoint "G1PauseCleanup", Time since last: 2918000 ns, Reaching safepoint: 2375 ns, Cleanup: 7500 ns, At safepoint: 207042 ns, Total: 216917 ns
[2025-09-09T05:57:58.897+0000][121][info ][gc,marking  ] GC(13) Concurrent Clear Claimed Marks
[2025-09-09T05:57:58.897+0000][121][info ][gc,marking  ] GC(13) Concurrent Clear Claimed Marks 0.086ms
[2025-09-09T05:57:58.897+0000][121][info ][gc,marking  ] GC(13) Concurrent Cleanup for Next Mark
[2025-09-09T05:57:58.898+0000][121][info ][gc,marking  ] GC(13) Concurrent Cleanup for Next Mark 1.099ms
[2025-09-09T05:57:58.898+0000][121][info ][gc          ] GC(13) Concurrent Mark Cycle 31.962ms
[2025-09-09T05:57:59.104+0000][121][info ][safepoint   ] Safepoint "ICBufferFull", Time since last: 206020208 ns, Reaching safepoint: 841500 ns, Cleanup: 68000 ns, At safepoint: 7542 ns, Total: 917042 ns
[2025-09-09T05:57:59.358+0000][121][info ][safepoint   ] Safepoint "ICBufferFull", Time since last: 253898917 ns, Reaching safepoint: 2750 ns, Cleanup: 80083 ns, At safepoint: 4833 ns, Total: 87666 ns
[2025-09-09T05:57:59.657+0000][121][info ][safepoint   ] Safepoint "ICBufferFull", Time since last: 299389001 ns, Reaching safepoint: 2541 ns, Cleanup: 70750 ns, At safepoint: 8250 ns, Total: 81541 ns
[2025-09-09T05:57:59.872+0000][121][info ][safepoint   ] Safepoint "ICBufferFull", Time since last: 214953250 ns, Reaching safepoint: 2667 ns, Cleanup: 71375 ns, At safepoint: 5667 ns, Total: 79709 ns
[2025-09-09T05:57:59.947+0000][121][info ][safepoint   ] Safepoint "ICBufferFull", Time since last: 74430958 ns, Reaching safepoint: 3083 ns, Cleanup: 63792 ns, At safepoint: 5208 ns, Total: 72083 ns
[2025-09-09T05:57:59.982+0000][121][info ][safepoint   ] Safepoint "ICBufferFull", Time since last: 35580042 ns, Reaching safepoint: 2792 ns, Cleanup: 83083 ns, At safepoint: 11000 ns, Total: 96875 ns
[2025-09-09T05:58:00.003+0000][121][info ][safepoint   ] Safepoint "ICBufferFull", Time since last: 19876750 ns, Reaching safepoint: 263167 ns, Cleanup: 107083 ns, At safepoint: 14292 ns, Total: 384542 ns
[2025-09-09T05:58:00.050+0000][121][info ][safepoint   ] Safepoint "ICBufferFull", Time since last: 45871666 ns, Reaching safepoint: 1193959 ns, Cleanup: 63250 ns, At safepoint: 14625 ns, Total: 1271834 ns
[2025-09-09T05:58:00.082+0000][121][info ][safepoint   ] Safepoint "ICBufferFull", Time since last: 32482750 ns, Reaching safepoint: 2791 ns, Cleanup: 87667 ns, At safepoint: 8958 ns, Total: 99416 ns
[2025-09-09T05:58:00.110+0000][121][info ][safepoint   ] Safepoint "ICBufferFull", Time since last: 27477917 ns, Reaching safepoint: 2625 ns, Cleanup: 91000 ns, At safepoint: 9042 ns, Total: 102667 ns
[2025-09-09T05:58:00.174+0000][121][info ][safepoint   ] Safepoint "ICBufferFull", Time since last: 63956000 ns, Reaching safepoint: 2417 ns, Cleanup: 76375 ns, At safepoint: 7208 ns, Total: 86000 ns
[2025-09-09T05:58:00.231+0000][121][info ][safepoint   ] Safepoint "ICBufferFull", Time since last: 57026417 ns, Reaching safepoint: 476958 ns, Cleanup: 78750 ns, At safepoint: 11667 ns, Total: 567375 ns
[2025-09-09T05:58:00.422+0000][121][info ][safepoint   ] Safepoint "ICBufferFull", Time since last: 190167833 ns, Reaching safepoint: 2667 ns, Cleanup: 67875 ns, At safepoint: 8958 ns, Total: 79500 ns
[2025-09-09T05:58:00.598+0000][121][info ][safepoint   ] Safepoint "ICBufferFull", Time since last: 175839000 ns, Reaching safepoint: 3500 ns, Cleanup: 96333 ns, At safepoint: 4917 ns, Total: 104750 ns
[2025-09-09T05:58:00.614+0000][121][info ][safepoint   ] Safepoint "ICBufferFull", Time since last: 16737417 ns, Reaching safepoint: 4083 ns, Cleanup: 63458 ns, At safepoint: 8209 ns, Total: 75750 ns
[2025-09-09T05:58:00.726+0000][121][info ][safepoint   ] Safepoint "ICBufferFull", Time since last: 111221708 ns, Reaching safepoint: 3208 ns, Cleanup: 62417 ns, At safepoint: 4750 ns, Total: 70375 ns
[2025-09-09T05:58:00.786+0000][121][info ][safepoint   ] Safepoint "ICBufferFull", Time since last: 58736708 ns, Reaching safepoint: 959334 ns, Cleanup: 138291 ns, At safepoint: 19667 ns, Total: 1117292 ns
[2025-09-09T05:58:00.904+0000][121][info ][safepoint   ] Safepoint "ICBufferFull", Time since last: 117186500 ns, Reaching safepoint: 681000 ns, Cleanup: 90625 ns, At safepoint: 907000 ns, Total: 1678625 ns
[2025-09-09T05:58:01.090+0000][121][info ][safepoint   ] Safepoint "ICBufferFull", Time since last: 185292667 ns, Reaching safepoint: 5000 ns, Cleanup: 131792 ns, At safepoint: 5041 ns, Total: 141833 ns
[2025-09-09T05:58:01.184+0000][121][info ][safepoint   ] Safepoint "ICBufferFull", Time since last: 93551750 ns, Reaching safepoint: 23042 ns, Cleanup: 79208 ns, At safepoint: 17500 ns, Total: 119750 ns
[2025-09-09T05:58:01.266+0000][121][info ][safepoint   ] Safepoint "ICBufferFull", Time since last: 81185125 ns, Reaching safepoint: 754459 ns, Cleanup: 79750 ns, At safepoint: 20583 ns, Total: 854792 ns
[2025-09-09T05:58:01.304+0000][121][info ][gc,start    ] GC(14) Pause Young (Normal) (G1 Evacuation Pause)
[2025-09-09T05:58:01.304+0000][121][info ][gc,task     ] GC(14) Using 8 workers of 8 for evacuation
[2025-09-09T05:58:01.304+0000][121][debug][gc,age      ] GC(14) Desired survivor size 41943040 bytes, new threshold 6 (max threshold 15)
[2025-09-09T05:58:01.356+0000][121][info ][gc,phases   ] GC(14)   Pre Evacuate Collection Set: 0.17ms
[2025-09-09T05:58:01.357+0000][121][info ][gc,phases   ] GC(14)   Merge Heap Roots: 0.07ms
[2025-09-09T05:58:01.357+0000][121][info ][gc,phases   ] GC(14)   Evacuate Collection Set: 48.15ms
[2025-09-09T05:58:01.357+0000][121][info ][gc,phases   ] GC(14)   Post Evacuate Collection Set: 4.38ms
[2025-09-09T05:58:01.357+0000][121][info ][gc,phases   ] GC(14)   Other: 0.11ms
[2025-09-09T05:58:01.357+0000][121][trace][gc,age      ] GC(14) Age table with threshold 6 (max threshold 15)
[2025-09-09T05:58:01.357+0000][121][trace][gc,age      ] GC(14) - age   1:   46463296 bytes,   46463296 total
[2025-09-09T05:58:01.357+0000][121][trace][gc,age      ] GC(14) - age   2:    8824168 bytes,   55287464 total
[2025-09-09T05:58:01.357+0000][121][trace][gc,age      ] GC(14) - age   3:   10159784 bytes,   65447248 total
[2025-09-09T05:58:01.357+0000][121][trace][gc,age      ] GC(14) - age   4:    8897664 bytes,   74344912 total
[2025-09-09T05:58:01.357+0000][121][trace][gc,age      ] GC(14) - age   5:    8686368 bytes,   83031280 total
[2025-09-09T05:58:01.357+0000][121][trace][gc,age      ] GC(14) - age   6:      79040 bytes,   83110320 total
[2025-09-09T05:58:01.357+0000][121][info ][gc,heap     ] GC(14) Eden regions: 141->0(133)
[2025-09-09T05:58:01.357+0000][121][info ][gc,heap     ] GC(14) Survivor regions: 12->20(20)
[2025-09-09T05:58:01.357+0000][121][info ][gc,heap     ] GC(14) Old regions: 4->9
[2025-09-09T05:58:01.357+0000][121][info ][gc,heap     ] GC(14) Humongous regions: 2->2
[2025-09-09T05:58:01.357+0000][121][info ][gc,metaspace] GC(14) Metaspace: 139517K(143552K)->139517K(143552K) NonClass: 119728K(121920K)->119728K(121920K) Class: 19788K(21632K)->19788K(21632K)
[2025-09-09T05:58:01.357+0000][121][info ][gc          ] GC(14) Pause Young (Normal) (G1 Evacuation Pause) 635M->120M(1024M) 53.598ms
[2025-09-09T05:58:01.357+0000][121][info ][gc,cpu      ] GC(14) User=0.33s Sys=0.01s Real=0.05s
[2025-09-09T05:58:01.357+0000][121][info ][safepoint   ] Safepoint "G1CollectForAllocation", Time since last: 37139625 ns, Reaching safepoint: 731292 ns, Cleanup: 59166 ns, At safepoint: 53734792 ns, Total: 54525250 ns
[2025-09-09T05:58:01.360+0000][121][info ][gc,start    ] GC(15) Pause Young (Normal) (G1 Evacuation Pause)
[2025-09-09T05:58:01.360+0000][121][info ][gc,task     ] GC(15) Using 8 workers of 8 for evacuation
[2025-09-09T05:58:01.360+0000][121][debug][gc,age      ] GC(15) Desired survivor size 6291456 bytes, new threshold 1 (max threshold 15)
[2025-09-09T05:58:01.416+0000][121][info ][gc,phases   ] GC(15)   Pre Evacuate Collection Set: 0.11ms
[2025-09-09T05:58:01.416+0000][121][info ][gc,phases   ] GC(15)   Merge Heap Roots: 0.13ms
[2025-09-09T05:58:01.416+0000][121][info ][gc,phases   ] GC(15)   Evacuate Collection Set: 54.37ms
[2025-09-09T05:58:01.416+0000][121][info ][gc,phases   ] GC(15)   Post Evacuate Collection Set: 1.57ms
[2025-09-09T05:58:01.416+0000][121][info ][gc,phases   ] GC(15)   Other: 0.11ms
[2025-09-09T05:58:01.416+0000][121][trace][gc,age      ] GC(15) Age table with threshold 1 (max threshold 15)
[2025-09-09T05:58:01.416+0000][121][trace][gc,age      ] GC(15) - age   1:      12032 bytes,      12032 total
[2025-09-09T05:58:01.416+0000][121][info ][gc,heap     ] GC(15) Eden regions: 1->0(151)
[2025-09-09T05:58:01.416+0000][121][info ][gc,heap     ] GC(15) Survivor regions: 20->2(3)
[2025-09-09T05:58:01.416+0000][121][info ][gc,heap     ] GC(15) Old regions: 9->29
[2025-09-09T05:58:01.416+0000][121][info ][gc,heap     ] GC(15) Humongous regions: 2->2
[2025-09-09T05:58:01.416+0000][121][info ][gc,metaspace] GC(15) Metaspace: 139518K(143552K)->139518K(143552K) NonClass: 119729K(121920K)->119729K(121920K) Class: 19788K(21632K)->19788K(21632K)
[2025-09-09T05:58:01.416+0000][121][info ][gc          ] GC(15) Pause Young (Normal) (G1 Evacuation Pause) 124M->131M(1024M) 56.825ms
[2025-09-09T05:58:01.416+0000][121][info ][gc,cpu      ] GC(15) User=0.38s Sys=0.01s Real=0.05s
[2025-09-09T05:58:01.416+0000][121][info ][safepoint   ] Safepoint "G1CollectForAllocation", Time since last: 1473667 ns, Reaching safepoint: 745291 ns, Cleanup: 9250 ns, At safepoint: 56968250 ns, Total: 57722791 ns
[2025-09-09T05:58:01.614+0000][121][info ][safepoint   ] Safepoint "ICBufferFull", Time since last: 196228251 ns, Reaching safepoint: 832041 ns, Cleanup: 105375 ns, At safepoint: 138125 ns, Total: 1075541 ns
[2025-09-09T05:58:01.782+0000][121][info ][safepoint   ] Safepoint "ICBufferFull", Time since last: 167739375 ns, Reaching safepoint: 5625 ns, Cleanup: 77417 ns, At safepoint: 8125 ns, Total: 91167 ns
[2025-09-09T05:58:01.934+0000][121][info ][safepoint   ] Safepoint "ICBufferFull", Time since last: 150695833 ns, Reaching safepoint: 1356625 ns, Cleanup: 83584 ns, At safepoint: 20458 ns, Total: 1460667 ns
[2025-09-09T05:58:02.018+0000][121][info ][safepoint   ] Safepoint "ICBufferFull", Time since last: 82588333 ns, Reaching safepoint: 1220292 ns, Cleanup: 84167 ns, At safepoint: 21500 ns, Total: 1325959 ns
[2025-09-09T05:58:02.019+0000][121][info ][safepoint   ] Safepoint "ICBufferFull", Time since last: 1052416 ns, Reaching safepoint: 624792 ns, Cleanup: 6333 ns, At safepoint: 25375 ns, Total: 656500 ns
[2025-09-09T05:58:02.020+0000][121][info ][safepoint   ] Safepoint "ICBufferFull", Time since last: 769125 ns, Reaching safepoint: 204750 ns, Cleanup: 5250 ns, At safepoint: 107042 ns, Total: 317042 ns
[2025-09-09T05:58:02.078+0000][121][info ][safepoint   ] Safepoint "ICBufferFull", Time since last: 57017333 ns, Reaching safepoint: 33209 ns, Cleanup: 102916 ns, At safepoint: 23459 ns, Total: 159584 ns
[2025-09-09T05:58:02.192+0000][121][info ][safepoint   ] Safepoint "ICBufferFull", Time since last: 113244000 ns, Reaching safepoint: 496041 ns, Cleanup: 127792 ns, At safepoint: 20208 ns, Total: 644041 ns
[2025-09-09T05:58:02.249+0000][121][info ][safepoint   ] Safepoint "ICBufferFull", Time since last: 56576626 ns, Reaching safepoint: 293208 ns, Cleanup: 127500 ns, At safepoint: 18750 ns, Total: 439458 ns
[2025-09-09T05:58:02.364+0000][121][info ][safepoint   ] Safepoint "ICBufferFull", Time since last: 115788917 ns, Reaching safepoint: 7375 ns, Cleanup: 95375 ns, At safepoint: 6666 ns, Total: 109416 ns
[2025-09-09T05:58:02.535+0000][121][info ][safepoint   ] Safepoint "ICBufferFull", Time since last: 170264459 ns, Reaching safepoint: 617750 ns, Cleanup: 146083 ns, At safepoint: 21458 ns, Total: 785291 ns
[2025-09-09T05:58:02.710+0000][121][info ][safepoint   ] Safepoint "ICBufferFull", Time since last: 173086709 ns, Reaching safepoint: 928458 ns, Cleanup: 122458 ns, At safepoint: 688417 ns, Total: 1739333 ns
[2025-09-09T05:58:02.827+0000][121][info ][safepoint   ] Safepoint "ICBufferFull", Time since last: 115409333 ns, Reaching safepoint: 866209 ns, Cleanup: 146458 ns, At safepoint: 14458 ns, Total: 1027125 ns
[2025-09-09T05:58:02.827+0000][121][info ][safepoint   ] Safepoint "ICBufferFull", Time since last: 593084 ns, Reaching safepoint: 6791 ns, Cleanup: 7250 ns, At safepoint: 15667 ns, Total: 29708 ns
[2025-09-09T05:58:02.968+0000][121][info ][safepoint   ] Safepoint "ICBufferFull", Time since last: 140256459 ns, Reaching safepoint: 7791 ns, Cleanup: 118375 ns, At safepoint: 4834 ns, Total: 131000 ns
[2025-09-09T05:58:03.092+0000][121][info ][safepoint   ] Safepoint "ICBufferFull", Time since last: 124227291 ns, Reaching safepoint: 10834 ns, Cleanup: 111250 ns, At safepoint: 7291 ns, Total: 129375 ns
[2025-09-09T05:58:03.342+0000][121][info ][safepoint   ] Safepoint "ICBufferFull", Time since last: 248423875 ns, Reaching safepoint: 923917 ns, Cleanup: 80625 ns, At safepoint: 40625 ns, Total: 1045167 ns
[2025-09-09T05:58:03.488+0000][121][info ][safepoint   ] Safepoint "ICBufferFull", Time since last: 145948583 ns, Reaching safepoint: 8584 ns, Cleanup: 84625 ns, At safepoint: 11083 ns, Total: 104292 ns
[2025-09-09T05:58:03.574+0000][121][info ][safepoint   ] Safepoint "ICBufferFull", Time since last: 86314542 ns, Reaching safepoint: 10083 ns, Cleanup: 101000 ns, At safepoint: 7125 ns, Total: 118208 ns
[2025-09-09T05:58:04.720+0000][121][info ][safepoint   ] Safepoint "Cleanup", Time since last: 1145684667 ns, Reaching safepoint: 175000 ns, Cleanup: 190209 ns, At safepoint: 26916 ns, Total: 392125 ns
[2025-09-09T05:58:05.722+0000][121][info ][safepoint   ] Safepoint "Cleanup", Time since last: 1001407626 ns, Reaching safepoint: 130458 ns, Cleanup: 15792 ns, At safepoint: 7208 ns, Total: 153458 ns
[2025-09-09T05:58:06.723+0000][121][info ][safepoint   ] Safepoint "Cleanup", Time since last: 1000756584 ns, Reaching safepoint: 36375 ns, Cleanup: 26375 ns, At safepoint: 8208 ns, Total: 70958 ns
[2025-09-09T05:58:07.724+0000][121][info ][safepoint   ] Safepoint "Cleanup", Time since last: 1000814667 ns, Reaching safepoint: 34042 ns, Cleanup: 95875 ns, At safepoint: 9125 ns, Total: 139042 ns
[2025-09-09T05:58:08.725+0000][121][info ][safepoint   ] Safepoint "Cleanup", Time since last: 1000871709 ns, Reaching safepoint: 110583 ns, Cleanup: 73209 ns, At safepoint: 7041 ns, Total: 190833 ns
[2025-09-09T05:58:09.726+0000][121][info ][safepoint   ] Safepoint "Cleanup", Time since last: 1001789584 ns, Reaching safepoint: 55833 ns, Cleanup: 17000 ns, At safepoint: 6459 ns, Total: 79292 ns
[2025-09-09T05:58:11.729+0000][121][info ][safepoint   ] Safepoint "Cleanup", Time since last: 2002096041 ns, Reaching safepoint: 42084 ns, Cleanup: 9791 ns, At safepoint: 4750 ns, Total: 56625 ns
[2025-09-09T05:58:13.731+0000][121][info ][safepoint   ] Safepoint "Cleanup", Time since last: 2001772960 ns, Reaching safepoint: 59791 ns, Cleanup: 176625 ns, At safepoint: 11584 ns, Total: 248000 ns
[2025-09-09T05:58:14.732+0000][121][info ][safepoint   ] Safepoint "Cleanup", Time since last: 1000816667 ns, Reaching safepoint: 95958 ns, Cleanup: 50958 ns, At safepoint: 7792 ns, Total: 154708 ns
[2025-09-09T05:58:17.735+0000][121][info ][safepoint   ] Safepoint "Cleanup", Time since last: 3003310918 ns, Reaching safepoint: 76625 ns, Cleanup: 9625 ns, At safepoint: 4834 ns, Total: 91084 ns
[2025-09-09T05:58:18.407+0000][121][info ][safepoint   ] Safepoint "ICBufferFull", Time since last: 671358208 ns, Reaching safepoint: 31667 ns, Cleanup: 103875 ns, At safepoint: 16917 ns, Total: 152459 ns
[2025-09-09T05:58:18.411+0000][121][info ][safepoint   ] Safepoint "ICBufferFull", Time since last: 2874666 ns, Reaching safepoint: 1108709 ns, Cleanup: 12750 ns, At safepoint: 82000 ns, Total: 1203459 ns
[2025-09-09T05:58:18.416+0000][121][info ][safepoint   ] Safepoint "ICBufferFull", Time since last: 3940458 ns, Reaching safepoint: 961458 ns, Cleanup: 5542 ns, At safepoint: 56583 ns, Total: 1023583 ns
[2025-09-09T05:58:18.509+0000][121][info ][safepoint   ] Safepoint "ICBufferFull", Time since last: 93483042 ns, Reaching safepoint: 30208 ns, Cleanup: 104542 ns, At safepoint: 87583 ns, Total: 222333 ns
[2025-09-09T05:58:18.515+0000][121][info ][safepoint   ] Safepoint "ICBufferFull", Time since last: 5106500 ns, Reaching safepoint: 994875 ns, Cleanup: 6959 ns, At safepoint: 39125 ns, Total: 1040959 ns
[2025-09-09T05:58:18.575+0000][121][info ][safepoint   ] Safepoint "ICBufferFull", Time since last: 59086708 ns, Reaching safepoint: 28042 ns, Cleanup: 162166 ns, At safepoint: 24250 ns, Total: 214458 ns
[2025-09-09T05:58:18.583+0000][121][info ][safepoint   ] Safepoint "ICBufferFull", Time since last: 3785417 ns, Reaching safepoint: 1044833 ns, Cleanup: 44584 ns, At safepoint: 3799125 ns, Total: 4888542 ns
[2025-09-09T05:58:19.240+0000][121][info ][safepoint   ] Safepoint "ICBufferFull", Time since last: 656427292 ns, Reaching safepoint: 13125 ns, Cleanup: 81625 ns, At safepoint: 23625 ns, Total: 118375 ns
[2025-09-09T05:58:19.309+0000][121][info ][gc,start    ] GC(16) Pause Young (Normal) (G1 Evacuation Pause)
[2025-09-09T05:58:19.309+0000][121][info ][gc,task     ] GC(16) Using 8 workers of 8 for evacuation
[2025-09-09T05:58:19.309+0000][121][debug][gc,age      ] GC(16) Desired survivor size 41943040 bytes, new threshold 15 (max threshold 15)
[2025-09-09T05:58:19.359+0000][121][info ][gc,phases   ] GC(16)   Pre Evacuate Collection Set: 0.56ms
[2025-09-09T05:58:19.359+0000][121][info ][gc,phases   ] GC(16)   Merge Heap Roots: 0.18ms
[2025-09-09T05:58:19.359+0000][121][info ][gc,phases   ] GC(16)   Evacuate Collection Set: 46.90ms
[2025-09-09T05:58:19.359+0000][121][info ][gc,phases   ] GC(16)   Post Evacuate Collection Set: 1.70ms
[2025-09-09T05:58:19.359+0000][121][info ][gc,phases   ] GC(16)   Other: 0.45ms
[2025-09-09T05:58:19.359+0000][121][trace][gc,age      ] GC(16) Age table with threshold 15 (max threshold 15)
[2025-09-09T05:58:19.359+0000][121][trace][gc,age      ] GC(16) - age   1:   20373184 bytes,   20373184 total
[2025-09-09T05:58:19.360+0000][121][trace][gc,age      ] GC(16) - age   2:      11480 bytes,   20384664 total
[2025-09-09T05:58:19.360+0000][121][info ][gc,heap     ] GC(16) Eden regions: 151->0(147)
[2025-09-09T05:58:19.360+0000][121][info ][gc,heap     ] GC(16) Survivor regions: 2->6(20)
[2025-09-09T05:58:19.360+0000][121][info ][gc,heap     ] GC(16) Old regions: 29->29
[2025-09-09T05:58:19.360+0000][121][info ][gc,heap     ] GC(16) Humongous regions: 2->2
[2025-09-09T05:58:19.360+0000][121][info ][gc,metaspace] GC(16) Metaspace: 148506K(152576K)->148506K(152576K) NonClass: 127482K(129728K)->127482K(129728K) Class: 21023K(22848K)->21023K(22848K)
[2025-09-09T05:58:19.360+0000][121][info ][gc          ] GC(16) Pause Young (Normal) (G1 Evacuation Pause) 735M->146M(1024M) 50.657ms
[2025-09-09T05:58:19.360+0000][121][info ][gc,cpu      ] GC(16) User=0.31s Sys=0.00s Real=0.06s
[2025-09-09T05:58:19.360+0000][121][info ][safepoint   ] Safepoint "G1CollectForAllocation", Time since last: 68997125 ns, Reaching safepoint: 9333 ns, Cleanup: 84625 ns, At safepoint: 50898083 ns, Total: 50992041 ns
[2025-09-09T05:58:19.447+0000][121][info ][safepoint   ] Safepoint "ICBufferFull", Time since last: 86621709 ns, Reaching safepoint: 10541 ns, Cleanup: 117459 ns, At safepoint: 10166 ns, Total: 138166 ns
[2025-09-09T05:58:19.547+0000][121][info ][safepoint   ] Safepoint "ICBufferFull", Time since last: 100171792 ns, Reaching safepoint: 53625 ns, Cleanup: 148833 ns, At safepoint: 11042 ns, Total: 213500 ns
[2025-09-09T05:58:20.176+0000][121][info ][safepoint   ] Safepoint "ICBufferFull", Time since last: 629267875 ns, Reaching safepoint: 26292 ns, Cleanup: 96208 ns, At safepoint: 6334 ns, Total: 128834 ns
[2025-09-09T05:58:20.251+0000][121][info ][safepoint   ] Safepoint "ICBufferFull", Time since last: 74287666 ns, Reaching safepoint: 8875 ns, Cleanup: 113542 ns, At safepoint: 6458 ns, Total: 128875 ns
[2025-09-09T05:58:20.254+0000][121][info ][safepoint   ] Safepoint "ICBufferFull", Time since last: 2870917 ns, Reaching safepoint: 624250 ns, Cleanup: 5708 ns, At safepoint: 15792 ns, Total: 645750 ns
[2025-09-09T05:58:20.256+0000][121][info ][safepoint   ] Safepoint "ICBufferFull", Time since last: 1698583 ns, Reaching safepoint: 7709 ns, Cleanup: 3208 ns, At safepoint: 2667 ns, Total: 13584 ns
[2025-09-09T05:58:20.259+0000][121][info ][safepoint   ] Safepoint "ICBufferFull", Time since last: 1436791 ns, Reaching safepoint: 1371834 ns, Cleanup: 45958 ns, At safepoint: 57250 ns, Total: 1475042 ns
[2025-09-09T05:58:20.267+0000][121][info ][safepoint   ] Safepoint "ICBufferFull", Time since last: 7824292 ns, Reaching safepoint: 582791 ns, Cleanup: 16584 ns, At safepoint: 15125 ns, Total: 614500 ns
[2025-09-09T05:58:20.270+0000][121][info ][safepoint   ] Safepoint "ICBufferFull", Time since last: 931625 ns, Reaching safepoint: 1185041 ns, Cleanup: 9292 ns, At safepoint: 27500 ns, Total: 1221833 ns
[2025-09-09T05:58:20.274+0000][121][info ][safepoint   ] Safepoint "ICBufferFull", Time since last: 2346250 ns, Reaching safepoint: 494917 ns, Cleanup: 16291 ns, At safepoint: 1726334 ns, Total: 2237542 ns
[2025-09-09T05:58:20.278+0000][121][info ][safepoint   ] Safepoint "ICBufferFull", Time since last: 2183208 ns, Reaching safepoint: 1247167 ns, Cleanup: 21666 ns, At safepoint: 415375 ns, Total: 1684208 ns
[2025-09-09T05:58:20.281+0000][121][info ][safepoint   ] Safepoint "ICBufferFull", Time since last: 2716834 ns, Reaching safepoint: 24708 ns, Cleanup: 3083 ns, At safepoint: 19417 ns, Total: 47208 ns
[2025-09-09T05:58:20.282+0000][121][info ][safepoint   ] Safepoint "ICBufferFull", Time since last: 702208 ns, Reaching safepoint: 24542 ns, Cleanup: 8667 ns, At safepoint: 16000 ns, Total: 49209 ns
[2025-09-09T05:58:20.282+0000][121][info ][safepoint   ] Safepoint "ICBufferFull", Time since last: 220708 ns, Reaching safepoint: 584333 ns, Cleanup: 1042 ns, At safepoint: 65708 ns, Total: 651083 ns
[2025-09-09T05:58:20.288+0000][121][info ][safepoint   ] Safepoint "ICBufferFull", Time since last: 5029250 ns, Reaching safepoint: 911292 ns, Cleanup: 22625 ns, At safepoint: 22667 ns, Total: 956584 ns
[2025-09-09T05:58:20.293+0000][121][info ][safepoint   ] Safepoint "ICBufferFull", Time since last: 3967541 ns, Reaching safepoint: 38584 ns, Cleanup: 13958 ns, At safepoint: 17958 ns, Total: 70500 ns
[2025-09-09T05:58:20.297+0000][121][info ][safepoint   ] Safepoint "ICBufferFull", Time since last: 2641834 ns, Reaching safepoint: 1459583 ns, Cleanup: 27917 ns, At safepoint: 25041 ns, Total: 1512541 ns
[2025-09-09T05:58:20.361+0000][121][info ][safepoint   ] Safepoint "ICBufferFull", Time since last: 64266459 ns, Reaching safepoint: 33875 ns, Cleanup: 169625 ns, At safepoint: 14000 ns, Total: 217500 ns
[2025-09-09T05:58:20.451+0000][121][info ][safepoint   ] Safepoint "ICBufferFull", Time since last: 85902583 ns, Reaching safepoint: 3613709 ns, Cleanup: 111583 ns, At safepoint: 19417 ns, Total: 3744709 ns
[2025-09-09T05:58:20.451+0000][121][info ][safepoint   ] Safepoint "ICBufferFull", Time since last: 171708 ns, Reaching safepoint: 6250 ns, Cleanup: 917 ns, At safepoint: 2166 ns, Total: 9333 ns
[2025-09-09T05:58:20.569+0000][121][info ][safepoint   ] Safepoint "ICBufferFull", Time since last: 116943417 ns, Reaching safepoint: 508083 ns, Cleanup: 105792 ns, At safepoint: 27542 ns, Total: 641417 ns
[2025-09-09T05:58:20.668+0000][121][info ][safepoint   ] Safepoint "ICBufferFull", Time since last: 98319166 ns, Reaching safepoint: 618875 ns, Cleanup: 135375 ns, At safepoint: 21959 ns, Total: 776209 ns
[2025-09-09T05:58:20.751+0000][121][info ][safepoint   ] Safepoint "ICBufferFull", Time since last: 82423375 ns, Reaching safepoint: 338166 ns, Cleanup: 292084 ns, At safepoint: 17666 ns, Total: 647916 ns
[2025-09-09T05:58:20.806+0000][121][info ][safepoint   ] Safepoint "ICBufferFull", Time since last: 53680500 ns, Reaching safepoint: 1033334 ns, Cleanup: 101541 ns, At safepoint: 26625 ns, Total: 1161500 ns
[2025-09-09T05:58:20.946+0000][121][info ][gc,start    ] GC(17) Pause Young (Concurrent Start) (CodeCache GC Threshold)
[2025-09-09T05:58:20.946+0000][121][info ][gc,task     ] GC(17) Using 8 workers of 8 for evacuation
[2025-09-09T05:58:20.946+0000][121][debug][gc,age      ] GC(17) Desired survivor size 41943040 bytes, new threshold 15 (max threshold 15)
[2025-09-09T05:58:20.959+0000][121][info ][gc,phases   ] GC(17)   Pre Evacuate Collection Set: 0.19ms
[2025-09-09T05:58:20.960+0000][121][info ][gc,phases   ] GC(17)   Merge Heap Roots: 0.12ms
[2025-09-09T05:58:20.960+0000][121][info ][gc,phases   ] GC(17)   Evacuate Collection Set: 11.26ms
[2025-09-09T05:58:20.960+0000][121][info ][gc,phases   ] GC(17)   Post Evacuate Collection Set: 0.82ms
[2025-09-09T05:58:20.960+0000][121][info ][gc,phases   ] GC(17)   Other: 1.38ms
[2025-09-09T05:58:20.960+0000][121][trace][gc,age      ] GC(17) Age table with threshold 15 (max threshold 15)
[2025-09-09T05:58:20.960+0000][121][trace][gc,age      ] GC(17) - age   1:   10045904 bytes,   10045904 total
[2025-09-09T05:58:20.960+0000][121][trace][gc,age      ] GC(17) - age   2:   19669240 bytes,   29715144 total
[2025-09-09T05:58:20.960+0000][121][trace][gc,age      ] GC(17) - age   3:      11480 bytes,   29726624 total
[2025-09-09T05:58:20.960+0000][121][info ][gc,heap     ] GC(17) Eden regions: 133->0(144)
[2025-09-09T05:58:20.960+0000][121][info ][gc,heap     ] GC(17) Survivor regions: 6->9(20)
[2025-09-09T05:58:20.960+0000][121][info ][gc,heap     ] GC(17) Old regions: 29->29
[2025-09-09T05:58:20.960+0000][121][info ][gc,heap     ] GC(17) Humongous regions: 2->2
[2025-09-09T05:58:20.960+0000][121][info ][gc,metaspace] GC(17) Metaspace: 152198K(156480K)->152198K(156480K) NonClass: 130679K(132992K)->130679K(132992K) Class: 21519K(23488K)->21519K(23488K)
[2025-09-09T05:58:20.960+0000][121][info ][gc          ] GC(17) Pause Young (Concurrent Start) (CodeCache GC Threshold) 676M->156M(1024M) 14.436ms
[2025-09-09T05:58:20.960+0000][121][info ][gc,cpu      ] GC(17) User=0.07s Sys=0.01s Real=0.02s
[2025-09-09T05:58:20.960+0000][121][info ][gc          ] GC(18) Concurrent Mark Cycle
[2025-09-09T05:58:20.960+0000][121][info ][gc,marking  ] GC(18) Concurrent Scan Root Regions
[2025-09-09T05:58:20.962+0000][121][info ][safepoint   ] Safepoint "G1TryInitiateConcMark", Time since last: 138778167 ns, Reaching safepoint: 1075250 ns, Cleanup: 115292 ns, At safepoint: 15970625 ns, Total: 17161167 ns
[2025-09-09T05:58:20.974+0000][121][info ][gc,marking  ] GC(18) Concurrent Scan Root Regions 14.086ms
[2025-09-09T05:58:20.977+0000][121][info ][gc,marking  ] GC(18) Concurrent Mark
[2025-09-09T05:58:20.978+0000][121][info ][gc,marking  ] GC(18) Concurrent Mark From Roots
[2025-09-09T05:58:20.979+0000][121][info ][gc,task     ] GC(18) Using 2 workers of 2 for marking
[2025-09-09T05:58:21.061+0000][121][info ][gc,marking  ] GC(18) Concurrent Mark From Roots 83.475ms
[2025-09-09T05:58:21.062+0000][121][info ][gc,marking  ] GC(18) Concurrent Preclean
[2025-09-09T05:58:21.062+0000][121][info ][gc,marking  ] GC(18) Concurrent Preclean 0.488ms
[2025-09-09T05:58:21.064+0000][121][info ][gc,start    ] GC(18) Pause Remark
[2025-09-09T05:58:21.124+0000][121][info ][gc          ] GC(18) Pause Remark 214M->214M(1024M) 60.517ms
[2025-09-09T05:58:21.124+0000][121][info ][gc,cpu      ] GC(18) User=0.35s Sys=0.01s Real=0.06s
[2025-09-09T05:58:21.124+0000][121][info ][safepoint   ] Safepoint "G1PauseRemark", Time since last: 100791875 ns, Reaching safepoint: 1101708 ns, Cleanup: 105292 ns, At safepoint: 60919958 ns, Total: 62126958 ns
[2025-09-09T05:58:21.128+0000][121][info ][gc,marking  ] GC(18) Concurrent Mark 150.975ms
[2025-09-09T05:58:21.128+0000][121][info ][gc,marking  ] GC(18) Concurrent Rebuild Remembered Sets and Scrub Regions
[2025-09-09T05:58:21.162+0000][121][info ][gc,marking  ] GC(18) Concurrent Rebuild Remembered Sets and Scrub Regions 33.109ms
[2025-09-09T05:58:21.163+0000][121][info ][gc,start    ] GC(18) Pause Cleanup
[2025-09-09T05:58:21.164+0000][121][info ][gc          ] GC(18) Pause Cleanup 224M->224M(1024M) 0.155ms
[2025-09-09T05:58:21.164+0000][121][info ][gc,cpu      ] GC(18) User=0.00s Sys=0.00s Real=0.00s
[2025-09-09T05:58:21.164+0000][121][info ][safepoint   ] Safepoint "G1PauseCleanup", Time since last: 37905000 ns, Reaching safepoint: 1072375 ns, Cleanup: 26042 ns, At safepoint: 337667 ns, Total: 1436084 ns
[2025-09-09T05:58:21.167+0000][121][info ][gc,marking  ] GC(18) Concurrent Clear Claimed Marks
[2025-09-09T05:58:21.168+0000][121][info ][gc,marking  ] GC(18) Concurrent Clear Claimed Marks 0.581ms
[2025-09-09T05:58:21.168+0000][121][info ][gc,marking  ] GC(18) Concurrent Cleanup for Next Mark
[2025-09-09T05:58:21.179+0000][121][info ][gc,marking  ] GC(18) Concurrent Cleanup for Next Mark 10.478ms
[2025-09-09T05:58:21.179+0000][121][info ][gc          ] GC(18) Concurrent Mark Cycle 218.876ms
[2025-09-09T05:58:21.394+0000][121][info ][safepoint   ] Safepoint "ICBufferFull", Time since last: 230155625 ns, Reaching safepoint: 18541 ns, Cleanup: 100417 ns, At safepoint: 9833 ns, Total: 128791 ns
[2025-09-09T05:58:21.698+0000][121][info ][safepoint   ] Safepoint "ICBufferFull", Time since last: 299946709 ns, Reaching safepoint: 3546125 ns, Cleanup: 112083 ns, At safepoint: 23917 ns, Total: 3682125 ns
[2025-09-09T05:58:21.793+0000][121][info ][safepoint   ] Safepoint "ICBufferFull", Time since last: 95536208 ns, Reaching safepoint: 10334 ns, Cleanup: 163750 ns, At safepoint: 4833 ns, Total: 178917 ns
[2025-09-09T05:58:21.884+0000][121][info ][safepoint   ] Safepoint "ICBufferFull", Time since last: 89092125 ns, Reaching safepoint: 1106708 ns, Cleanup: 74625 ns, At safepoint: 41792 ns, Total: 1223125 ns
[2025-09-09T05:58:21.915+0000][121][info ][safepoint   ] Safepoint "ICBufferFull", Time since last: 31281083 ns, Reaching safepoint: 9750 ns, Cleanup: 81667 ns, At safepoint: 27375 ns, Total: 118792 ns
[2025-09-09T05:58:21.964+0000][121][info ][safepoint   ] Safepoint "ICBufferFull", Time since last: 48573167 ns, Reaching safepoint: 5458 ns, Cleanup: 95042 ns, At safepoint: 9708 ns, Total: 110208 ns
[2025-09-09T05:58:21.965+0000][121][info ][safepoint   ] Safepoint "ICBufferFull", Time since last: 171417 ns, Reaching safepoint: 527666 ns, Cleanup: 3375 ns, At safepoint: 13250 ns, Total: 544291 ns
[2025-09-09T05:58:22.021+0000][121][info ][safepoint   ] Safepoint "ICBufferFull", Time since last: 56268625 ns, Reaching safepoint: 37667 ns, Cleanup: 100208 ns, At safepoint: 31792 ns, Total: 169667 ns
[2025-09-09T05:58:22.058+0000][121][info ][safepoint   ] Safepoint "ICBufferFull", Time since last: 36599333 ns, Reaching safepoint: 10750 ns, Cleanup: 102250 ns, At safepoint: 16417 ns, Total: 129417 ns
[2025-09-09T05:58:22.117+0000][121][info ][safepoint   ] Safepoint "ICBufferFull", Time since last: 59436083 ns, Reaching safepoint: 7459 ns, Cleanup: 107000 ns, At safepoint: 5833 ns, Total: 120292 ns
[2025-09-09T05:58:22.349+0000][121][info ][safepoint   ] Safepoint "ICBufferFull", Time since last: 231684083 ns, Reaching safepoint: 21125 ns, Cleanup: 102042 ns, At safepoint: 9208 ns, Total: 132375 ns
[2025-09-09T05:58:22.772+0000][121][info ][safepoint   ] Safepoint "ICBufferFull", Time since last: 422313001 ns, Reaching safepoint: 9291 ns, Cleanup: 125459 ns, At safepoint: 11250 ns, Total: 146000 ns
[2025-09-09T05:58:23.682+0000][121][info ][safepoint   ] Safepoint "ICBufferFull", Time since last: 910480292 ns, Reaching safepoint: 11375 ns, Cleanup: 137208 ns, At safepoint: 13875 ns, Total: 162458 ns
[2025-09-09T05:58:24.641+0000][121][info ][safepoint   ] Safepoint "ICBufferFull", Time since last: 958514084 ns, Reaching safepoint: 41167 ns, Cleanup: 276166 ns, At safepoint: 15334 ns, Total: 332667 ns
[2025-09-09T05:58:24.725+0000][121][info ][safepoint   ] Safepoint "ICBufferFull", Time since last: 82486875 ns, Reaching safepoint: 988708 ns, Cleanup: 83792 ns, At safepoint: 15541 ns, Total: 1088041 ns
[2025-09-09T05:58:24.782+0000][121][info ][safepoint   ] Safepoint "ICBufferFull", Time since last: 56761625 ns, Reaching safepoint: 28084 ns, Cleanup: 220291 ns, At safepoint: 73667 ns, Total: 322042 ns
[2025-09-09T05:58:25.377+0000][121][info ][safepoint   ] Safepoint "ICBufferFull", Time since last: 594976334 ns, Reaching safepoint: 6833 ns, Cleanup: 115500 ns, At safepoint: 3625 ns, Total: 125958 ns
[2025-09-09T05:58:27.229+0000][121][info ][safepoint   ] Safepoint "Cleanup", Time since last: 1851705167 ns, Reaching safepoint: 55917 ns, Cleanup: 68000 ns, At safepoint: 25958 ns, Total: 149875 ns
[2025-09-09T05:58:28.242+0000][121][info ][safepoint   ] Safepoint "Cleanup", Time since last: 1012836626 ns, Reaching safepoint: 6083 ns, Cleanup: 149709 ns, At safepoint: 18541 ns, Total: 174333 ns
[2025-09-09T05:58:29.263+0000][121][info ][safepoint   ] Safepoint "Cleanup", Time since last: 1021210667 ns, Reaching safepoint: 64542 ns, Cleanup: 93917 ns, At safepoint: 12791 ns, Total: 171250 ns
[2025-09-09T05:58:30.466+0000][121][info ][safepoint   ] Safepoint "Cleanup", Time since last: 1202937668 ns, Reaching safepoint: 76083 ns, Cleanup: 47458 ns, At safepoint: 31709 ns, Total: 155250 ns
[2025-09-09T05:58:31.468+0000][121][info ][safepoint   ] Safepoint "Cleanup", Time since last: 1001475125 ns, Reaching safepoint: 53208 ns, Cleanup: 132084 ns, At safepoint: 12125 ns, Total: 197417 ns
[2025-09-09T05:58:32.469+0000][121][info ][safepoint   ] Safepoint "Cleanup", Time since last: 1000667417 ns, Reaching safepoint: 68125 ns, Cleanup: 25333 ns, At safepoint: 20625 ns, Total: 114083 ns
[2025-09-09T05:58:33.470+0000][121][info ][safepoint   ] Safepoint "Cleanup", Time since last: 1001060792 ns, Reaching safepoint: 67500 ns, Cleanup: 73500 ns, At safepoint: 13084 ns, Total: 154084 ns
[2025-09-09T05:58:34.471+0000][121][info ][safepoint   ] Safepoint "Cleanup", Time since last: 1000947875 ns, Reaching safepoint: 62042 ns, Cleanup: 96583 ns, At safepoint: 11917 ns, Total: 170542 ns
[2025-09-09T05:58:36.474+0000][121][info ][safepoint   ] Safepoint "Cleanup", Time since last: 2002545251 ns, Reaching safepoint: 43583 ns, Cleanup: 30500 ns, At safepoint: 6625 ns, Total: 80708 ns
[2025-09-09T05:58:37.475+0000][121][info ][safepoint   ] Safepoint "Cleanup", Time since last: 1001471626 ns, Reaching safepoint: 143375 ns, Cleanup: 59000 ns, At safepoint: 13708 ns, Total: 216083 ns
[2025-09-09T05:58:38.477+0000][121][info ][safepoint   ] Safepoint "Cleanup", Time since last: 1001251750 ns, Reaching safepoint: 62625 ns, Cleanup: 36334 ns, At safepoint: 11375 ns, Total: 110334 ns
[2025-09-09T05:58:39.478+0000][121][info ][safepoint   ] Safepoint "Cleanup", Time since last: 1001011250 ns, Reaching safepoint: 73667 ns, Cleanup: 55667 ns, At safepoint: 18125 ns, Total: 147459 ns
[2025-09-09T05:58:40.479+0000][121][info ][safepoint   ] Safepoint "Cleanup", Time since last: 1001174000 ns, Reaching safepoint: 70333 ns, Cleanup: 53000 ns, At safepoint: 20875 ns, Total: 144208 ns
[2025-09-09T05:58:43.482+0000][121][info ][safepoint   ] Safepoint "Cleanup", Time since last: 3003417668 ns, Reaching safepoint: 105750 ns, Cleanup: 88708 ns, At safepoint: 13417 ns, Total: 207875 ns
[2025-09-09T05:58:44.483+0000][121][info ][safepoint   ] Safepoint "Cleanup", Time since last: 1000930250 ns, Reaching safepoint: 45667 ns, Cleanup: 88333 ns, At safepoint: 23250 ns, Total: 157250 ns
[2025-09-09T05:58:46.486+0000][121][info ][safepoint   ] Safepoint "Cleanup", Time since last: 2002111168 ns, Reaching safepoint: 102958 ns, Cleanup: 238417 ns, At safepoint: 28458 ns, Total: 369833 ns
[2025-09-09T05:58:47.489+0000][121][info ][safepoint   ] Safepoint "Cleanup", Time since last: 1002558542 ns, Reaching safepoint: 185375 ns, Cleanup: 33209 ns, At safepoint: 19333 ns, Total: 237917 ns
[2025-09-09T05:58:48.491+0000][121][info ][safepoint   ] Safepoint "Cleanup", Time since last: 1001970709 ns, Reaching safepoint: 38625 ns, Cleanup: 42875 ns, At safepoint: 8083 ns, Total: 89583 ns
[2025-09-09T05:58:49.492+0000][121][info ][safepoint   ] Safepoint "Cleanup", Time since last: 1000529001 ns, Reaching safepoint: 73041 ns, Cleanup: 103500 ns, At safepoint: 11792 ns, Total: 188333 ns
[2025-09-09T05:58:50.785+0000][121][info ][safepoint   ] Safepoint "Cleanup", Time since last: 1293682209 ns, Reaching safepoint: 77625 ns, Cleanup: 119292 ns, At safepoint: 14916 ns, Total: 211833 ns
[2025-09-09T05:58:51.787+0000][121][info ][safepoint   ] Safepoint "Cleanup", Time since last: 1001023626 ns, Reaching safepoint: 17042 ns, Cleanup: 40041 ns, At safepoint: 7167 ns, Total: 64250 ns
[2025-09-09T05:58:52.788+0000][121][info ][safepoint   ] Safepoint "Cleanup", Time since last: 1001122250 ns, Reaching safepoint: 26625 ns, Cleanup: 27375 ns, At safepoint: 14125 ns, Total: 68125 ns
[2025-09-09T05:58:53.789+0000][121][info ][safepoint   ] Safepoint "Cleanup", Time since last: 1000742542 ns, Reaching safepoint: 14084 ns, Cleanup: 49291 ns, At safepoint: 5292 ns, Total: 68667 ns
[2025-09-09T05:58:55.584+0000][121][info ][safepoint   ] Safepoint "Cleanup", Time since last: 1795222834 ns, Reaching safepoint: 90209 ns, Cleanup: 132875 ns, At safepoint: 20708 ns, Total: 243792 ns
[2025-09-09T05:58:56.586+0000][121][info ][safepoint   ] Safepoint "Cleanup", Time since last: 1001765084 ns, Reaching safepoint: 226208 ns, Cleanup: 101792 ns, At safepoint: 19416 ns, Total: 347416 ns
[2025-09-09T05:58:58.589+0000][121][info ][safepoint   ] Safepoint "Cleanup", Time since last: 2002906126 ns, Reaching safepoint: 38459 ns, Cleanup: 44625 ns, At safepoint: 10375 ns, Total: 93459 ns
[2025-09-09T05:58:59.591+0000][121][info ][safepoint   ] Safepoint "Cleanup", Time since last: 1001283000 ns, Reaching safepoint: 60500 ns, Cleanup: 52334 ns, At safepoint: 10666 ns, Total: 123500 ns
[2025-09-09T05:59:00.591+0000][121][info ][safepoint   ] Safepoint "Cleanup", Time since last: 1000869126 ns, Reaching safepoint: 32250 ns, Cleanup: 11000 ns, At safepoint: 8041 ns, Total: 51291 ns
[2025-09-09T05:59:01.593+0000][121][info ][safepoint   ] Safepoint "Cleanup", Time since last: 1000873793 ns, Reaching safepoint: 47958 ns, Cleanup: 144542 ns, At safepoint: 22375 ns, Total: 214875 ns
[2025-09-09T05:59:02.594+0000][121][info ][safepoint   ] Safepoint "Cleanup", Time since last: 1000818625 ns, Reaching safepoint: 90583 ns, Cleanup: 60625 ns, At safepoint: 18292 ns, Total: 169500 ns
[2025-09-09T05:59:03.594+0000][121][info ][safepoint   ] Safepoint "Cleanup", Time since last: 1000847792 ns, Reaching safepoint: 51208 ns, Cleanup: 47667 ns, At safepoint: 13583 ns, Total: 112458 ns
[2025-09-09T05:59:04.596+0000][121][info ][safepoint   ] Safepoint "Cleanup", Time since last: 1000951126 ns, Reaching safepoint: 193500 ns, Cleanup: 353542 ns, At safepoint: 42500 ns, Total: 589542 ns
[2025-09-09T05:59:06.601+0000][121][info ][safepoint   ] Safepoint "Cleanup", Time since last: 2005362667 ns, Reaching safepoint: 22459 ns, Cleanup: 22833 ns, At safepoint: 6250 ns, Total: 51542 ns
[2025-09-09T05:59:07.603+0000][121][info ][safepoint   ] Safepoint "Cleanup", Time since last: 1001545292 ns, Reaching safepoint: 70750 ns, Cleanup: 196875 ns, At safepoint: 23042 ns, Total: 290667 ns
[2025-09-09T05:59:08.605+0000][121][info ][safepoint   ] Safepoint "Cleanup", Time since last: 1001266084 ns, Reaching safepoint: 105625 ns, Cleanup: 65208 ns, At safepoint: 22583 ns, Total: 193416 ns
[2025-09-09T05:59:09.605+0000][121][info ][safepoint   ] Safepoint "Cleanup", Time since last: 1000605042 ns, Reaching safepoint: 70375 ns, Cleanup: 63000 ns, At safepoint: 20584 ns, Total: 153959 ns
[2025-09-09T05:59:10.607+0000][121][info ][safepoint   ] Safepoint "Cleanup", Time since last: 1000911833 ns, Reaching safepoint: 207750 ns, Cleanup: 89334 ns, At safepoint: 26041 ns, Total: 323125 ns
[2025-09-09T05:59:11.609+0000][121][info ][safepoint   ] Safepoint "Cleanup", Time since last: 1002235959 ns, Reaching safepoint: 64250 ns, Cleanup: 48833 ns, At safepoint: 29583 ns, Total: 142666 ns
[2025-09-09T05:59:13.621+0000][121][info ][safepoint   ] Safepoint "Cleanup", Time since last: 2012364043 ns, Reaching safepoint: 47083 ns, Cleanup: 50584 ns, At safepoint: 8208 ns, Total: 105875 ns
[2025-09-09T05:59:14.623+0000][121][info ][safepoint   ] Safepoint "Cleanup", Time since last: 1000794375 ns, Reaching safepoint: 119292 ns, Cleanup: 97958 ns, At safepoint: 19667 ns, Total: 236917 ns
[2025-09-09T05:59:16.625+0000][121][info ][safepoint   ] Safepoint "Cleanup", Time since last: 2002568168 ns, Reaching safepoint: 72041 ns, Cleanup: 76000 ns, At safepoint: 9792 ns, Total: 157833 ns
[2025-09-09T05:59:17.627+0000][121][info ][safepoint   ] Safepoint "Cleanup", Time since last: 1002014709 ns, Reaching safepoint: 126083 ns, Cleanup: 43625 ns, At safepoint: 21542 ns, Total: 191250 ns
[2025-09-09T05:59:18.629+0000][121][info ][safepoint   ] Safepoint "Cleanup", Time since last: 1001824792 ns, Reaching safepoint: 173583 ns, Cleanup: 31125 ns, At safepoint: 23000 ns, Total: 227708 ns
[2025-09-09T05:59:18.743+0000][121][info ][safepoint   ] Safepoint "ICBufferFull", Time since last: 113415417 ns, Reaching safepoint: 6542 ns, Cleanup: 79666 ns, At safepoint: 8584 ns, Total: 94792 ns
[2025-09-09T05:59:20.714+0000][121][info ][safepoint   ] Safepoint "Cleanup", Time since last: 1970116209 ns, Reaching safepoint: 86958 ns, Cleanup: 361625 ns, At safepoint: 22000 ns, Total: 470583 ns
[2025-09-09T05:59:21.716+0000][121][info ][safepoint   ] Safepoint "Cleanup", Time since last: 1002599209 ns, Reaching safepoint: 5250 ns, Cleanup: 58042 ns, At safepoint: 6541 ns, Total: 69833 ns
[2025-09-09T05:59:23.413+0000][121][info ][safepoint   ] Safepoint "Cleanup", Time since last: 1696483168 ns, Reaching safepoint: 4667 ns, Cleanup: 95916 ns, At safepoint: 7792 ns, Total: 108375 ns
[2025-09-09T05:59:24.415+0000][121][info ][safepoint   ] Safepoint "Cleanup", Time since last: 1002267750 ns, Reaching safepoint: 110959 ns, Cleanup: 92125 ns, At safepoint: 11166 ns, Total: 214250 ns
[2025-09-09T05:59:25.417+0000][121][info ][safepoint   ] Safepoint "Cleanup", Time since last: 1000984084 ns, Reaching safepoint: 157042 ns, Cleanup: 81917 ns, At safepoint: 22333 ns, Total: 261292 ns
[2025-09-09T05:59:26.431+0000][121][info ][safepoint   ] Safepoint "Cleanup", Time since last: 1013988834 ns, Reaching safepoint: 65291 ns, Cleanup: 19625 ns, At safepoint: 12125 ns, Total: 97041 ns
[2025-09-09T05:59:28.436+0000][121][info ][safepoint   ] Safepoint "Cleanup", Time since last: 2005624418 ns, Reaching safepoint: 105000 ns, Cleanup: 58375 ns, At safepoint: 22375 ns, Total: 185750 ns
[2025-09-09T05:59:29.439+0000][121][info ][safepoint   ] Safepoint "Cleanup", Time since last: 1001891375 ns, Reaching safepoint: 86667 ns, Cleanup: 93042 ns, At safepoint: 33166 ns, Total: 212875 ns
[2025-09-09T05:59:31.441+0000][121][info ][safepoint   ] Safepoint "Cleanup", Time since last: 2001984751 ns, Reaching safepoint: 57209 ns, Cleanup: 35416 ns, At safepoint: 19875 ns, Total: 112500 ns
[2025-09-09T05:59:32.442+0000][121][info ][safepoint   ] Safepoint "Cleanup", Time since last: 1001425626 ns, Reaching safepoint: 73958 ns, Cleanup: 38834 ns, At safepoint: 24916 ns, Total: 137708 ns
[2025-09-09T05:59:33.443+0000][121][info ][safepoint   ] Safepoint "Cleanup", Time since last: 1000929167 ns, Reaching safepoint: 90959 ns, Cleanup: 21291 ns, At safepoint: 13125 ns, Total: 125375 ns
[2025-09-09T05:59:34.445+0000][121][info ][safepoint   ] Safepoint "Cleanup", Time since last: 1001261293 ns, Reaching safepoint: 244083 ns, Cleanup: 116375 ns, At safepoint: 24417 ns, Total: 384875 ns
[2025-09-09T05:59:36.449+0000][121][info ][safepoint   ] Safepoint "Cleanup", Time since last: 2003543209 ns, Reaching safepoint: 67000 ns, Cleanup: 25792 ns, At safepoint: 31666 ns, Total: 124458 ns
[2025-09-09T05:59:37.450+0000][121][info ][safepoint   ] Safepoint "Cleanup", Time since last: 1001684709 ns, Reaching safepoint: 40083 ns, Cleanup: 27084 ns, At safepoint: 8083 ns, Total: 75250 ns
[2025-09-09T05:59:38.451+0000][121][info ][safepoint   ] Safepoint "Cleanup", Time since last: 1000889667 ns, Reaching safepoint: 111625 ns, Cleanup: 59458 ns, At safepoint: 27917 ns, Total: 199000 ns
[2025-09-09T05:59:39.453+0000][121][info ][safepoint   ] Safepoint "Cleanup", Time since last: 1000951626 ns, Reaching safepoint: 94250 ns, Cleanup: 53333 ns, At safepoint: 43333 ns, Total: 190916 ns
[2025-09-09T05:59:41.455+0000][121][info ][safepoint   ] Safepoint "Cleanup", Time since last: 2002699542 ns, Reaching safepoint: 144417 ns, Cleanup: 42792 ns, At safepoint: 33250 ns, Total: 220459 ns
[2025-09-09T05:59:42.458+0000][121][info ][safepoint   ] Safepoint "Cleanup", Time since last: 1001866250 ns, Reaching safepoint: 157458 ns, Cleanup: 69209 ns, At safepoint: 53083 ns, Total: 279750 ns
[2025-09-09T05:59:43.460+0000][121][info ][safepoint   ] Safepoint "Cleanup", Time since last: 1001814292 ns, Reaching safepoint: 61042 ns, Cleanup: 44625 ns, At safepoint: 20542 ns, Total: 126209 ns
[2025-09-09T05:59:44.461+0000][121][info ][safepoint   ] Safepoint "Cleanup", Time since last: 1000754250 ns, Reaching safepoint: 77625 ns, Cleanup: 153500 ns, At safepoint: 42208 ns, Total: 273333 ns
[2025-09-09T05:59:46.464+0000][121][info ][safepoint   ] Safepoint "Cleanup", Time since last: 2003220335 ns, Reaching safepoint: 122375 ns, Cleanup: 42125 ns, At safepoint: 57500 ns, Total: 222000 ns
[2025-09-09T05:59:48.467+0000][121][info ][safepoint   ] Safepoint "Cleanup", Time since last: 2002449376 ns, Reaching safepoint: 56541 ns, Cleanup: 97000 ns, At safepoint: 28042 ns, Total: 181583 ns
[2025-09-09T05:59:49.469+0000][121][info ][safepoint   ] Safepoint "Cleanup", Time since last: 1001698375 ns, Reaching safepoint: 203375 ns, Cleanup: 37209 ns, At safepoint: 23916 ns, Total: 264500 ns
[2025-09-09T05:59:51.003+0000][121][info ][safepoint   ] Safepoint "Cleanup", Time since last: 1533549584 ns, Reaching safepoint: 117042 ns, Cleanup: 264333 ns, At safepoint: 24542 ns, Total: 405917 ns
[2025-09-09T05:59:52.004+0000][121][info ][safepoint   ] Safepoint "Cleanup", Time since last: 1001486417 ns, Reaching safepoint: 92209 ns, Cleanup: 89125 ns, At safepoint: 12958 ns, Total: 194292 ns
[2025-09-09T05:59:55.008+0000][121][info ][safepoint   ] Safepoint "Cleanup", Time since last: 3003166335 ns, Reaching safepoint: 163000 ns, Cleanup: 50666 ns, At safepoint: 14792 ns, Total: 228458 ns
[2025-09-09T05:59:56.010+0000][121][info ][safepoint   ] Safepoint "Cleanup", Time since last: 1002385042 ns, Reaching safepoint: 42667 ns, Cleanup: 25958 ns, At safepoint: 8500 ns, Total: 77125 ns
[2025-09-09T05:59:57.011+0000][121][info ][safepoint   ] Safepoint "Cleanup", Time since last: 1001157084 ns, Reaching safepoint: 79667 ns, Cleanup: 47500 ns, At safepoint: 16958 ns, Total: 144125 ns
[2025-09-09T05:59:58.013+0000][121][info ][safepoint   ] Safepoint "Cleanup", Time since last: 1001519167 ns, Reaching safepoint: 137167 ns, Cleanup: 75083 ns, At safepoint: 18042 ns, Total: 230292 ns
[2025-09-09T05:59:59.015+0000][121][info ][safepoint   ] Safepoint "Cleanup", Time since last: 1001474542 ns, Reaching safepoint: 112375 ns, Cleanup: 101042 ns, At safepoint: 27375 ns, Total: 240792 ns
[2025-09-09T06:00:00.017+0000][121][info ][safepoint   ] Safepoint "Cleanup", Time since last: 1001459375 ns, Reaching safepoint: 139375 ns, Cleanup: 75750 ns, At safepoint: 25250 ns, Total: 240375 ns
[2025-09-09T06:00:01.018+0000][121][info ][safepoint   ] Safepoint "Cleanup", Time since last: 1001237792 ns, Reaching safepoint: 65584 ns, Cleanup: 31666 ns, At safepoint: 13042 ns, Total: 110292 ns
[2025-09-09T06:00:02.019+0000][121][info ][safepoint   ] Safepoint "Cleanup", Time since last: 1001335000 ns, Reaching safepoint: 89709 ns, Cleanup: 46958 ns, At safepoint: 14958 ns, Total: 151625 ns
[2025-09-09T06:00:04.023+0000][121][info ][safepoint   ] Safepoint "Cleanup", Time since last: 2003528335 ns, Reaching safepoint: 198333 ns, Cleanup: 62667 ns, At safepoint: 13291 ns, Total: 274291 ns
[2025-09-09T06:00:04.595+0000][121][info ][safepoint   ] Safepoint "ICBufferFull", Time since last: 571354209 ns, Reaching safepoint: 8083 ns, Cleanup: 135875 ns, At safepoint: 8209 ns, Total: 152167 ns
[2025-09-09T06:00:04.596+0000][121][info ][safepoint   ] Safepoint "ICBufferFull", Time since last: 187125 ns, Reaching safepoint: 1391333 ns, Cleanup: 20583 ns, At safepoint: 10917 ns, Total: 1422833 ns
[2025-09-09T06:00:04.597+0000][121][info ][safepoint   ] Safepoint "ICBufferFull", Time since last: 147875 ns, Reaching safepoint: 634625 ns, Cleanup: 5750 ns, At safepoint: 21000 ns, Total: 661375 ns
[2025-09-09T06:00:04.666+0000][121][info ][gc,start    ] GC(19) Pause Young (Prepare Mixed) (G1 Evacuation Pause)
[2025-09-09T06:00:04.666+0000][121][info ][gc,task     ] GC(19) Using 8 workers of 8 for evacuation
[2025-09-09T06:00:04.666+0000][121][debug][gc,age      ] GC(19) Desired survivor size 41943040 bytes, new threshold 15 (max threshold 15)
[2025-09-09T06:00:04.707+0000][121][info ][gc,phases   ] GC(19)   Pre Evacuate Collection Set: 0.47ms
[2025-09-09T06:00:04.707+0000][121][info ][gc,phases   ] GC(19)   Merge Heap Roots: 0.17ms
[2025-09-09T06:00:04.707+0000][121][info ][gc,phases   ] GC(19)   Evacuate Collection Set: 38.44ms
[2025-09-09T06:00:04.707+0000][121][info ][gc,phases   ] GC(19)   Post Evacuate Collection Set: 1.47ms
[2025-09-09T06:00:04.707+0000][121][info ][gc,phases   ] GC(19)   Other: 0.21ms
[2025-09-09T06:00:04.707+0000][121][trace][gc,age      ] GC(19) Age table with threshold 15 (max threshold 15)
[2025-09-09T06:00:04.707+0000][121][trace][gc,age      ] GC(19) - age   1:    7708032 bytes,    7708032 total
[2025-09-09T06:00:04.707+0000][121][trace][gc,age      ] GC(19) - age   2:    3090352 bytes,   10798384 total
[2025-09-09T06:00:04.707+0000][121][trace][gc,age      ] GC(19) - age   3:   18694776 bytes,   29493160 total
[2025-09-09T06:00:04.707+0000][121][trace][gc,age      ] GC(19) - age   4:      11480 bytes,   29504640 total
[2025-09-09T06:00:04.707+0000][121][info ][gc,heap     ] GC(19) Eden regions: 144->0(145)
[2025-09-09T06:00:04.707+0000][121][info ][gc,heap     ] GC(19) Survivor regions: 9->8(20)
[2025-09-09T06:00:04.707+0000][121][info ][gc,heap     ] GC(19) Old regions: 29->29
[2025-09-09T06:00:04.707+0000][121][info ][gc,heap     ] GC(19) Humongous regions: 2->2
[2025-09-09T06:00:04.707+0000][121][info ][gc,metaspace] GC(19) Metaspace: 157903K(162240K)->157903K(162240K) NonClass: 135802K(138176K)->135802K(138176K) Class: 22101K(24064K)->22101K(24064K)
[2025-09-09T06:00:04.707+0000][121][info ][gc          ] GC(19) Pause Young (Prepare Mixed) (G1 Evacuation Pause) 732M->155M(1024M) 41.324ms
[2025-09-09T06:00:04.707+0000][121][info ][gc,cpu      ] GC(19) User=0.30s Sys=0.00s Real=0.04s
[2025-09-09T06:00:04.707+0000][121][info ][safepoint   ] Safepoint "G1CollectForAllocation", Time since last: 68667208 ns, Reaching safepoint: 12125 ns, Cleanup: 63375 ns, At safepoint: 41476125 ns, Total: 41551625 ns
[2025-09-09T06:00:05.708+0000][121][info ][safepoint   ] Safepoint "Cleanup", Time since last: 1000932209 ns, Reaching safepoint: 71542 ns, Cleanup: 69333 ns, At safepoint: 16375 ns, Total: 157250 ns
[2025-09-09T06:00:06.709+0000][121][info ][safepoint   ] Safepoint "Cleanup", Time since last: 1000785626 ns, Reaching safepoint: 21000 ns, Cleanup: 89875 ns, At safepoint: 7750 ns, Total: 118625 ns
[2025-09-09T06:00:08.711+0000][121][info ][safepoint   ] Safepoint "Cleanup", Time since last: 2001763542 ns, Reaching safepoint: 16417 ns, Cleanup: 54833 ns, At safepoint: 9292 ns, Total: 80542 ns
[2025-09-09T06:00:09.712+0000][121][info ][safepoint   ] Safepoint "Cleanup", Time since last: 1000879250 ns, Reaching safepoint: 25417 ns, Cleanup: 32417 ns, At safepoint: 12375 ns, Total: 70209 ns
[2025-09-09T06:00:11.713+0000][121][info ][safepoint   ] Safepoint "Cleanup", Time since last: 2001886250 ns, Reaching safepoint: 246500 ns, Cleanup: 27500 ns, At safepoint: 13625 ns, Total: 287625 ns
[2025-09-09T06:00:13.715+0000][121][info ][safepoint   ] Safepoint "Cleanup", Time since last: 2001707501 ns, Reaching safepoint: 83625 ns, Cleanup: 53833 ns, At safepoint: 14250 ns, Total: 151708 ns
[2025-09-09T06:00:14.717+0000][121][info ][safepoint   ] Safepoint "Cleanup", Time since last: 1002057751 ns, Reaching safepoint: 64916 ns, Cleanup: 32292 ns, At safepoint: 15458 ns, Total: 112666 ns
[2025-09-09T06:00:15.718+0000][121][info ][safepoint   ] Safepoint "Cleanup", Time since last: 1000863626 ns, Reaching safepoint: 16708 ns, Cleanup: 28084 ns, At safepoint: 13166 ns, Total: 57958 ns
[2025-09-09T06:00:18.721+0000][121][info ][safepoint   ] Safepoint "Cleanup", Time since last: 3002930085 ns, Reaching safepoint: 69375 ns, Cleanup: 21083 ns, At safepoint: 13459 ns, Total: 103917 ns
[2025-09-09T06:00:20.723+0000][121][info ][safepoint   ] Safepoint "Cleanup", Time since last: 2001197084 ns, Reaching safepoint: 59458 ns, Cleanup: 183667 ns, At safepoint: 16875 ns, Total: 260000 ns
[2025-09-09T06:00:21.724+0000][121][info ][safepoint   ] Safepoint "Cleanup", Time since last: 1001261875 ns, Reaching safepoint: 14584 ns, Cleanup: 10791 ns, At safepoint: 5292 ns, Total: 30667 ns
[2025-09-09T06:00:23.727+0000][121][info ][safepoint   ] Safepoint "Cleanup", Time since last: 2002504543 ns, Reaching safepoint: 28375 ns, Cleanup: 22541 ns, At safepoint: 14000 ns, Total: 64916 ns
[2025-09-09T06:00:24.715+0000][121][info ][safepoint   ] Safepoint "ICBufferFull", Time since last: 988389293 ns, Reaching safepoint: 7541 ns, Cleanup: 177292 ns, At safepoint: 10667 ns, Total: 195500 ns
[2025-09-09T06:00:24.724+0000][121][info ][safepoint   ] Safepoint "ICBufferFull", Time since last: 8749666 ns, Reaching safepoint: 10375 ns, Cleanup: 93334 ns, At safepoint: 8333 ns, Total: 112042 ns
[2025-09-09T06:00:25.596+0000][121][info ][safepoint   ] Safepoint "ICBufferFull", Time since last: 871459834 ns, Reaching safepoint: 9000 ns, Cleanup: 137833 ns, At safepoint: 7042 ns, Total: 153875 ns
[2025-09-09T06:00:26.606+0000][121][info ][safepoint   ] Safepoint "Cleanup", Time since last: 1010268583 ns, Reaching safepoint: 16250 ns, Cleanup: 102209 ns, At safepoint: 9750 ns, Total: 128209 ns
[2025-09-09T06:00:27.610+0000][121][info ][safepoint   ] Safepoint "Cleanup", Time since last: 1003546834 ns, Reaching safepoint: 29083 ns, Cleanup: 20500 ns, At safepoint: 14125 ns, Total: 63708 ns
[2025-09-09T06:00:28.610+0000][121][info ][safepoint   ] Safepoint "Cleanup", Time since last: 1000460709 ns, Reaching safepoint: 30291 ns, Cleanup: 68417 ns, At safepoint: 10417 ns, Total: 109125 ns
[2025-09-09T06:00:29.614+0000][121][info ][safepoint   ] Safepoint "Cleanup", Time since last: 1002985000 ns, Reaching safepoint: 57500 ns, Cleanup: 66250 ns, At safepoint: 16125 ns, Total: 139875 ns
[2025-09-09T06:00:31.616+0000][121][info ][safepoint   ] Safepoint "Cleanup", Time since last: 2002434710 ns, Reaching safepoint: 67041 ns, Cleanup: 27167 ns, At safepoint: 28083 ns, Total: 122291 ns
[2025-09-09T06:00:32.618+0000][121][info ][safepoint   ] Safepoint "Cleanup", Time since last: 1001424959 ns, Reaching safepoint: 92750 ns, Cleanup: 39000 ns, At safepoint: 17708 ns, Total: 149458 ns
[2025-09-09T06:00:33.619+0000][121][info ][safepoint   ] Safepoint "Cleanup", Time since last: 1000728751 ns, Reaching safepoint: 91166 ns, Cleanup: 44167 ns, At safepoint: 18208 ns, Total: 153541 ns
[2025-09-09T06:00:34.620+0000][121][info ][safepoint   ] Safepoint "Cleanup", Time since last: 1001719209 ns, Reaching safepoint: 49709 ns, Cleanup: 43333 ns, At safepoint: 15542 ns, Total: 108584 ns
[2025-09-09T06:00:38.625+0000][121][info ][safepoint   ] Safepoint "Cleanup", Time since last: 4003898418 ns, Reaching safepoint: 173667 ns, Cleanup: 50708 ns, At safepoint: 29584 ns, Total: 253959 ns
[2025-09-09T06:00:39.626+0000][121][info ][safepoint   ] Safepoint "Cleanup", Time since last: 1000972708 ns, Reaching safepoint: 71292 ns, Cleanup: 32792 ns, At safepoint: 55500 ns, Total: 159584 ns
[2025-09-09T06:00:41.629+0000][121][info ][safepoint   ] Safepoint "Cleanup", Time since last: 2002748542 ns, Reaching safepoint: 84375 ns, Cleanup: 43500 ns, At safepoint: 18417 ns, Total: 146292 ns
[2025-09-09T06:00:43.632+0000][121][info ][safepoint   ] Safepoint "Cleanup", Time since last: 2002537959 ns, Reaching safepoint: 89875 ns, Cleanup: 39500 ns, At safepoint: 18125 ns, Total: 147500 ns
[2025-09-09T06:00:44.634+0000][121][info ][safepoint   ] Safepoint "Cleanup", Time since last: 1001478750 ns, Reaching safepoint: 80125 ns, Cleanup: 33417 ns, At safepoint: 53292 ns, Total: 166834 ns
[2025-09-09T06:00:46.637+0000][121][info ][safepoint   ] Safepoint "Cleanup", Time since last: 2002924834 ns, Reaching safepoint: 30333 ns, Cleanup: 59584 ns, At safepoint: 9791 ns, Total: 99708 ns
[2025-09-09T06:00:48.640+0000][121][info ][safepoint   ] Safepoint "Cleanup", Time since last: 2002594001 ns, Reaching safepoint: 102042 ns, Cleanup: 69625 ns, At safepoint: 24167 ns, Total: 195834 ns
[2025-09-09T06:00:49.641+0000][121][info ][safepoint   ] Safepoint "Cleanup", Time since last: 1001635917 ns, Reaching safepoint: 105333 ns, Cleanup: 52083 ns, At safepoint: 32959 ns, Total: 190375 ns
[2025-09-09T06:00:51.254+0000][121][info ][safepoint   ] Safepoint "Cleanup", Time since last: 1612871001 ns, Reaching safepoint: 70833 ns, Cleanup: 140500 ns, At safepoint: 22375 ns, Total: 233708 ns
[2025-09-09T06:00:52.256+0000][121][info ][safepoint   ] Safepoint "Cleanup", Time since last: 1001337042 ns, Reaching safepoint: 89250 ns, Cleanup: 47125 ns, At safepoint: 44167 ns, Total: 180542 ns
[2025-09-09T06:00:54.258+0000][121][info ][safepoint   ] Safepoint "Cleanup", Time since last: 2002281376 ns, Reaching safepoint: 27458 ns, Cleanup: 80500 ns, At safepoint: 18375 ns, Total: 126333 ns
[2025-09-09T06:00:55.261+0000][121][info ][safepoint   ] Safepoint "Cleanup", Time since last: 1002458375 ns, Reaching safepoint: 73334 ns, Cleanup: 101166 ns, At safepoint: 21792 ns, Total: 196292 ns
[2025-09-09T06:00:56.262+0000][121][info ][safepoint   ] Safepoint "Cleanup", Time since last: 1001225626 ns, Reaching safepoint: 30500 ns, Cleanup: 22708 ns, At safepoint: 14208 ns, Total: 67416 ns
[2025-09-09T06:00:58.264+0000][121][info ][safepoint   ] Safepoint "Cleanup", Time since last: 2001752251 ns, Reaching safepoint: 22542 ns, Cleanup: 45083 ns, At safepoint: 24292 ns, Total: 91917 ns
[2025-09-09T06:01:01.267+0000][121][info ][safepoint   ] Safepoint "Cleanup", Time since last: 3003078626 ns, Reaching safepoint: 73084 ns, Cleanup: 53958 ns, At safepoint: 21208 ns, Total: 148250 ns
[2025-09-09T06:01:02.269+0000][121][info ][safepoint   ] Safepoint "Cleanup", Time since last: 1001201334 ns, Reaching safepoint: 99417 ns, Cleanup: 62291 ns, At safepoint: 30459 ns, Total: 192167 ns
[2025-09-09T06:01:03.271+0000][121][info ][safepoint   ] Safepoint "Cleanup", Time since last: 1001769334 ns, Reaching safepoint: 21833 ns, Cleanup: 18958 ns, At safepoint: 21542 ns, Total: 62333 ns
[2025-09-09T06:01:04.271+0000][121][info ][safepoint   ] Safepoint "Cleanup", Time since last: 1000407834 ns, Reaching safepoint: 66333 ns, Cleanup: 56208 ns, At safepoint: 12959 ns, Total: 135500 ns
[2025-09-09T06:01:07.274+0000][121][info ][safepoint   ] Safepoint "Cleanup", Time since last: 3003107585 ns, Reaching safepoint: 116583 ns, Cleanup: 44667 ns, At safepoint: 15833 ns, Total: 177083 ns
[2025-09-09T06:01:08.275+0000][121][info ][safepoint   ] Safepoint "Cleanup", Time since last: 1000802167 ns, Reaching safepoint: 84417 ns, Cleanup: 24833 ns, At safepoint: 18625 ns, Total: 127875 ns
[2025-09-09T06:01:09.277+0000][121][info ][safepoint   ] Safepoint "Cleanup", Time since last: 1001679126 ns, Reaching safepoint: 87041 ns, Cleanup: 105959 ns, At safepoint: 22541 ns, Total: 215541 ns
[2025-09-09T06:01:11.279+0000][121][info ][safepoint   ] Safepoint "Cleanup", Time since last: 2001772043 ns, Reaching safepoint: 20791 ns, Cleanup: 13584 ns, At safepoint: 6166 ns, Total: 40541 ns
[2025-09-09T06:01:13.283+0000][121][info ][safepoint   ] Safepoint "Cleanup", Time since last: 2003190626 ns, Reaching safepoint: 74875 ns, Cleanup: 37708 ns, At safepoint: 15625 ns, Total: 128208 ns
[2025-09-09T06:01:14.284+0000][121][info ][safepoint   ] Safepoint "Cleanup", Time since last: 1001379543 ns, Reaching safepoint: 24916 ns, Cleanup: 24459 ns, At safepoint: 10291 ns, Total: 59666 ns
[2025-09-09T06:01:16.287+0000][121][info ][safepoint   ] Safepoint "Cleanup", Time since last: 2002619126 ns, Reaching safepoint: 67334 ns, Cleanup: 38500 ns, At safepoint: 16000 ns, Total: 121834 ns
[2025-09-09T06:01:19.291+0000][121][info ][safepoint   ] Safepoint "Cleanup", Time since last: 3003847626 ns, Reaching safepoint: 236625 ns, Cleanup: 83375 ns, At safepoint: 41042 ns, Total: 361042 ns
[2025-09-09T06:01:20.293+0000][121][info ][safepoint   ] Safepoint "Cleanup", Time since last: 1001750375 ns, Reaching safepoint: 18375 ns, Cleanup: 78208 ns, At safepoint: 15167 ns, Total: 111750 ns
[2025-09-09T06:01:22.295+0000][121][info ][safepoint   ] Safepoint "Cleanup", Time since last: 2001831001 ns, Reaching safepoint: 310792 ns, Cleanup: 78291 ns, At safepoint: 24834 ns, Total: 413917 ns
[2025-09-09T06:01:23.297+0000][121][info ][safepoint   ] Safepoint "Cleanup", Time since last: 1001658917 ns, Reaching safepoint: 93542 ns, Cleanup: 43083 ns, At safepoint: 17792 ns, Total: 154417 ns
[2025-09-09T06:01:24.299+0000][121][info ][safepoint   ] Safepoint "Cleanup", Time since last: 1001892500 ns, Reaching safepoint: 25708 ns, Cleanup: 62917 ns, At safepoint: 12458 ns, Total: 101083 ns
[2025-09-09T06:01:25.350+0000][121][info ][safepoint   ] Safepoint "Cleanup", Time since last: 1047878043 ns, Reaching safepoint: 1906875 ns, Cleanup: 800166 ns, At safepoint: 22417 ns, Total: 2729458 ns
[2025-09-09T06:01:26.362+0000][121][info ][safepoint   ] Safepoint "Cleanup", Time since last: 1012292000 ns, Reaching safepoint: 193542 ns, Cleanup: 48083 ns, At safepoint: 18084 ns, Total: 259709 ns
[2025-09-09T06:01:27.712+0000][121][info ][safepoint   ] Safepoint "Cleanup", Time since last: 1349973709 ns, Reaching safepoint: 5833 ns, Cleanup: 35083 ns, At safepoint: 4334 ns, Total: 45250 ns
[2025-09-09T06:01:28.729+0000][121][info ][safepoint   ] Safepoint "Cleanup", Time since last: 1016716625 ns, Reaching safepoint: 162917 ns, Cleanup: 65958 ns, At safepoint: 9875 ns, Total: 238750 ns
[2025-09-09T06:01:29.779+0000][121][info ][safepoint   ] Safepoint "Cleanup", Time since last: 1049457626 ns, Reaching safepoint: 12041 ns, Cleanup: 28250 ns, At safepoint: 7250 ns, Total: 47541 ns
[2025-09-09T06:01:30.782+0000][121][info ][safepoint   ] Safepoint "Cleanup", Time since last: 1002689334 ns, Reaching safepoint: 61625 ns, Cleanup: 18542 ns, At safepoint: 9083 ns, Total: 89250 ns
[2025-09-09T06:01:31.783+0000][121][info ][safepoint   ] Safepoint "Cleanup", Time since last: 1001142959 ns, Reaching safepoint: 10958 ns, Cleanup: 14709 ns, At safepoint: 4958 ns, Total: 30625 ns
[2025-09-09T06:01:32.784+0000][121][info ][safepoint   ] Safepoint "Cleanup", Time since last: 1000934042 ns, Reaching safepoint: 33250 ns, Cleanup: 26458 ns, At safepoint: 19625 ns, Total: 79333 ns
[2025-09-09T06:01:33.785+0000][121][info ][safepoint   ] Safepoint "Cleanup", Time since last: 1001310668 ns, Reaching safepoint: 63791 ns, Cleanup: 45750 ns, At safepoint: 19667 ns, Total: 129208 ns
[2025-09-09T06:01:36.789+0000][121][info ][safepoint   ] Safepoint "Cleanup", Time since last: 3003299001 ns, Reaching safepoint: 163792 ns, Cleanup: 29875 ns, At safepoint: 13667 ns, Total: 207334 ns
[2025-09-09T06:01:39.795+0000][121][info ][safepoint   ] Safepoint "Cleanup", Time since last: 3005821709 ns, Reaching safepoint: 67917 ns, Cleanup: 26292 ns, At safepoint: 13583 ns, Total: 107792 ns
[2025-09-09T06:01:40.796+0000][121][info ][safepoint   ] Safepoint "Cleanup", Time since last: 1001009084 ns, Reaching safepoint: 74750 ns, Cleanup: 36875 ns, At safepoint: 20083 ns, Total: 131708 ns
[2025-09-09T06:01:42.798+0000][121][info ][safepoint   ] Safepoint "Cleanup", Time since last: 2001968584 ns, Reaching safepoint: 63208 ns, Cleanup: 41750 ns, At safepoint: 10209 ns, Total: 115167 ns
[2025-09-09T06:01:43.800+0000][121][info ][safepoint   ] Safepoint "Cleanup", Time since last: 1001695833 ns, Reaching safepoint: 73125 ns, Cleanup: 68959 ns, At safepoint: 11000 ns, Total: 153084 ns
[2025-09-09T06:01:44.801+0000][121][info ][safepoint   ] Safepoint "Cleanup", Time since last: 1001160333 ns, Reaching safepoint: 50084 ns, Cleanup: 49541 ns, At safepoint: 13167 ns, Total: 112792 ns
[2025-09-09T06:01:45.802+0000][121][info ][safepoint   ] Safepoint "Cleanup", Time since last: 1000687917 ns, Reaching safepoint: 72125 ns, Cleanup: 27750 ns, At safepoint: 12500 ns, Total: 112375 ns
[2025-09-09T06:01:50.314+0000][121][info ][safepoint   ] Safepoint "Cleanup", Time since last: 4512105627 ns, Reaching safepoint: 33584 ns, Cleanup: 36333 ns, At safepoint: 29000 ns, Total: 98917 ns
[2025-09-09T06:01:51.316+0000][121][info ][safepoint   ] Safepoint "Cleanup", Time since last: 1002038709 ns, Reaching safepoint: 185042 ns, Cleanup: 84958 ns, At safepoint: 23333 ns, Total: 293333 ns
[2025-09-09T06:01:52.318+0000][121][info ][safepoint   ] Safepoint "Cleanup", Time since last: 1001277167 ns, Reaching safepoint: 134000 ns, Cleanup: 44209 ns, At safepoint: 11166 ns, Total: 189375 ns
[2025-09-09T06:01:54.320+0000][121][info ][safepoint   ] Safepoint "Cleanup", Time since last: 2001770085 ns, Reaching safepoint: 79625 ns, Cleanup: 65375 ns, At safepoint: 22041 ns, Total: 167041 ns
[2025-09-09T06:01:55.321+0000][121][info ][safepoint   ] Safepoint "Cleanup", Time since last: 1001167668 ns, Reaching safepoint: 89625 ns, Cleanup: 62750 ns, At safepoint: 24708 ns, Total: 177083 ns
[2025-09-09T06:01:56.323+0000][121][info ][safepoint   ] Safepoint "Cleanup", Time since last: 1001032167 ns, Reaching safepoint: 241333 ns, Cleanup: 199167 ns, At safepoint: 35708 ns, Total: 476208 ns
[2025-09-09T06:01:58.326+0000][121][info ][safepoint   ] Safepoint "Cleanup", Time since last: 2003109126 ns, Reaching safepoint: 97459 ns, Cleanup: 78125 ns, At safepoint: 20875 ns, Total: 196459 ns
[2025-09-09T06:01:59.327+0000][121][info ][safepoint   ] Safepoint "Cleanup", Time since last: 1001061958 ns, Reaching safepoint: 13334 ns, Cleanup: 22375 ns, At safepoint: 6708 ns, Total: 42417 ns
[2025-09-09T06:02:00.328+0000][121][info ][safepoint   ] Safepoint "Cleanup", Time since last: 1001082251 ns, Reaching safepoint: 67166 ns, Cleanup: 24709 ns, At safepoint: 13958 ns, Total: 105833 ns
[2025-09-09T06:02:01.329+0000][121][info ][safepoint   ] Safepoint "Cleanup", Time since last: 1000821459 ns, Reaching safepoint: 44791 ns, Cleanup: 58042 ns, At safepoint: 11417 ns, Total: 114250 ns
[2025-09-09T06:02:03.332+0000][121][info ][safepoint   ] Safepoint "Cleanup", Time since last: 2002918584 ns, Reaching safepoint: 172458 ns, Cleanup: 43625 ns, At safepoint: 19584 ns, Total: 235667 ns
[2025-09-09T06:02:04.335+0000][121][info ][safepoint   ] Safepoint "Cleanup", Time since last: 1002845917 ns, Reaching safepoint: 32791 ns, Cleanup: 53459 ns, At safepoint: 8000 ns, Total: 94250 ns
[2025-09-09T06:02:07.339+0000][121][info ][safepoint   ] Safepoint "Cleanup", Time since last: 3003366001 ns, Reaching safepoint: 167709 ns, Cleanup: 47958 ns, At safepoint: 28208 ns, Total: 243875 ns
[2025-09-09T06:02:08.340+0000][121][info ][safepoint   ] Safepoint "Cleanup", Time since last: 1000719376 ns, Reaching safepoint: 94666 ns, Cleanup: 52084 ns, At safepoint: 16375 ns, Total: 163125 ns
[2025-09-09T06:02:09.341+0000][121][info ][safepoint   ] Safepoint "Cleanup", Time since last: 1001323750 ns, Reaching safepoint: 80667 ns, Cleanup: 46542 ns, At safepoint: 12250 ns, Total: 139459 ns
[2025-09-09T06:02:13.346+0000][121][info ][safepoint   ] Safepoint "Cleanup", Time since last: 4004776668 ns, Reaching safepoint: 106000 ns, Cleanup: 76666 ns, At safepoint: 27750 ns, Total: 210416 ns
[2025-09-09T06:02:14.348+0000][121][info ][safepoint   ] Safepoint "Cleanup", Time since last: 1002415001 ns, Reaching safepoint: 86958 ns, Cleanup: 40750 ns, At safepoint: 12042 ns, Total: 139750 ns
[2025-09-09T06:02:16.351+0000][121][info ][safepoint   ] Safepoint "Cleanup", Time since last: 2002080959 ns, Reaching safepoint: 102875 ns, Cleanup: 76667 ns, At safepoint: 15125 ns, Total: 194667 ns
[2025-09-09T06:02:18.354+0000][121][info ][safepoint   ] Safepoint "Cleanup", Time since last: 2003441834 ns, Reaching safepoint: 17625 ns, Cleanup: 11625 ns, At safepoint: 6709 ns, Total: 35959 ns
[2025-09-09T06:02:19.356+0000][121][info ][safepoint   ] Safepoint "Cleanup", Time since last: 1001682208 ns, Reaching safepoint: 85125 ns, Cleanup: 45792 ns, At safepoint: 17292 ns, Total: 148209 ns
[2025-09-09T06:02:20.358+0000][121][info ][safepoint   ] Safepoint "Cleanup", Time since last: 1002007500 ns, Reaching safepoint: 34042 ns, Cleanup: 51750 ns, At safepoint: 9083 ns, Total: 94875 ns
[2025-09-09T06:02:22.361+0000][121][info ][safepoint   ] Safepoint "Cleanup", Time since last: 2002267334 ns, Reaching safepoint: 101584 ns, Cleanup: 60541 ns, At safepoint: 17417 ns, Total: 179542 ns
[2025-09-09T06:02:24.363+0000][121][info ][safepoint   ] Safepoint "Cleanup", Time since last: 2002680376 ns, Reaching safepoint: 20875 ns, Cleanup: 27125 ns, At safepoint: 6500 ns, Total: 54500 ns
[2025-09-09T06:02:25.365+0000][121][info ][safepoint   ] Safepoint "Cleanup", Time since last: 1001415792 ns, Reaching safepoint: 129417 ns, Cleanup: 167167 ns, At safepoint: 33166 ns, Total: 329750 ns
[2025-09-09T06:02:28.369+0000][121][info ][safepoint   ] Safepoint "Cleanup", Time since last: 3004123418 ns, Reaching safepoint: 121584 ns, Cleanup: 42583 ns, At safepoint: 26542 ns, Total: 190709 ns
[2025-09-09T06:02:29.371+0000][121][info ][safepoint   ] Safepoint "Cleanup", Time since last: 1001594208 ns, Reaching safepoint: 81125 ns, Cleanup: 63250 ns, At safepoint: 74584 ns, Total: 218959 ns
[2025-09-09T06:02:30.713+0000][121][info ][safepoint   ] Safepoint "Cleanup", Time since last: 1342272709 ns, Reaching safepoint: 6375 ns, Cleanup: 33625 ns, At safepoint: 6583 ns, Total: 46583 ns
[2025-09-09T06:02:31.960+0000][121][info ][safepoint   ] Safepoint "Cleanup", Time since last: 1246066542 ns, Reaching safepoint: 8042 ns, Cleanup: 139875 ns, At safepoint: 15542 ns, Total: 163459 ns
[2025-09-09T06:02:33.965+0000][121][info ][safepoint   ] Safepoint "Cleanup", Time since last: 2005337334 ns, Reaching safepoint: 164250 ns, Cleanup: 68500 ns, At safepoint: 25000 ns, Total: 257750 ns
[2025-09-09T06:02:34.967+0000][121][info ][safepoint   ] Safepoint "Cleanup", Time since last: 1000991584 ns, Reaching safepoint: 182666 ns, Cleanup: 122834 ns, At safepoint: 33250 ns, Total: 338750 ns
[2025-09-09T06:02:38.973+0000][121][info ][safepoint   ] Safepoint "Cleanup", Time since last: 4005448918 ns, Reaching safepoint: 942750 ns, Cleanup: 38584 ns, At safepoint: 23833 ns, Total: 1005167 ns
[2025-09-09T06:02:42.932+0000][121][info ][safepoint   ] Safepoint "Cleanup", Time since last: 4004562918 ns, Reaching safepoint: 62708 ns, Cleanup: 49167 ns, At safepoint: 16208 ns, Total: 128083 ns
[2025-09-09T06:02:45.936+0000][121][info ][safepoint   ] Safepoint "Cleanup", Time since last: 3003581585 ns, Reaching safepoint: 31000 ns, Cleanup: 26042 ns, At safepoint: 9541 ns, Total: 66583 ns
[2025-09-09T06:02:48.939+0000][121][info ][safepoint   ] Safepoint "Cleanup", Time since last: 3003452168 ns, Reaching safepoint: 67917 ns, Cleanup: 21208 ns, At safepoint: 11292 ns, Total: 100417 ns
[2025-09-09T06:02:50.437+0000][121][info ][safepoint   ] Safepoint "Cleanup", Time since last: 1497470418 ns, Reaching safepoint: 40083 ns, Cleanup: 59500 ns, At safepoint: 16458 ns, Total: 116041 ns
[2025-09-09T06:02:51.439+0000][121][info ][safepoint   ] Safepoint "Cleanup", Time since last: 1002343459 ns, Reaching safepoint: 40083 ns, Cleanup: 47000 ns, At safepoint: 16792 ns, Total: 103875 ns
[2025-09-09T06:02:52.441+0000][121][info ][safepoint   ] Safepoint "Cleanup", Time since last: 1001331959 ns, Reaching safepoint: 200000 ns, Cleanup: 133083 ns, At safepoint: 37875 ns, Total: 370958 ns
[2025-09-09T06:02:54.444+0000][121][info ][safepoint   ] Safepoint "Cleanup", Time since last: 2002998626 ns, Reaching safepoint: 82458 ns, Cleanup: 96542 ns, At safepoint: 22375 ns, Total: 201375 ns
[2025-09-09T06:02:55.446+0000][121][info ][safepoint   ] Safepoint "Cleanup", Time since last: 1001572042 ns, Reaching safepoint: 105375 ns, Cleanup: 75459 ns, At safepoint: 20041 ns, Total: 200875 ns
[2025-09-09T06:02:56.448+0000][121][info ][safepoint   ] Safepoint "Cleanup", Time since last: 1002039542 ns, Reaching safepoint: 67250 ns, Cleanup: 57625 ns, At safepoint: 17209 ns, Total: 142084 ns
[2025-09-09T06:02:58.451+0000][121][info ][safepoint   ] Safepoint "Cleanup", Time since last: 2002564834 ns, Reaching safepoint: 138167 ns, Cleanup: 57791 ns, At safepoint: 25584 ns, Total: 221542 ns
[2025-09-09T06:02:59.453+0000][121][info ][safepoint   ] Safepoint "Cleanup", Time since last: 1002008375 ns, Reaching safepoint: 47667 ns, Cleanup: 34416 ns, At safepoint: 13292 ns, Total: 95375 ns
[2025-09-09T06:03:01.455+0000][121][info ][safepoint   ] Safepoint "Cleanup", Time since last: 2001916126 ns, Reaching safepoint: 51833 ns, Cleanup: 112375 ns, At safepoint: 15625 ns, Total: 179833 ns
[2025-09-09T06:03:03.457+0000][121][info ][safepoint   ] Safepoint "Cleanup", Time since last: 2001915918 ns, Reaching safepoint: 66542 ns, Cleanup: 36583 ns, At safepoint: 19583 ns, Total: 122708 ns
[2025-09-09T06:03:04.459+0000][121][info ][safepoint   ] Safepoint "Cleanup", Time since last: 1001765584 ns, Reaching safepoint: 201292 ns, Cleanup: 120000 ns, At safepoint: 46417 ns, Total: 367709 ns
[2025-09-09T06:03:07.463+0000][121][info ][safepoint   ] Safepoint "Cleanup", Time since last: 3003160751 ns, Reaching safepoint: 33042 ns, Cleanup: 23625 ns, At safepoint: 10541 ns, Total: 67208 ns
[2025-09-09T06:03:08.490+0000][121][info ][safepoint   ] Safepoint "Cleanup", Time since last: 1026749251 ns, Reaching safepoint: 54958 ns, Cleanup: 796042 ns, At safepoint: 20875 ns, Total: 871875 ns
[2025-09-09T06:03:09.492+0000][121][info ][safepoint   ] Safepoint "Cleanup", Time since last: 1001568375 ns, Reaching safepoint: 162459 ns, Cleanup: 89458 ns, At safepoint: 15958 ns, Total: 267875 ns
[2025-09-09T06:03:10.493+0000][121][info ][safepoint   ] Safepoint "Cleanup", Time since last: 1000855792 ns, Reaching safepoint: 56584 ns, Cleanup: 129083 ns, At safepoint: 13125 ns, Total: 198792 ns
[2025-09-09T06:03:13.541+0000][121][info ][safepoint   ] Safepoint "Cleanup", Time since last: 3002371334 ns, Reaching safepoint: 9083 ns, Cleanup: 99459 ns, At safepoint: 11958 ns, Total: 120500 ns
[2025-09-09T06:03:14.596+0000][121][info ][safepoint   ] Safepoint "Cleanup", Time since last: 1054375209 ns, Reaching safepoint: 55291 ns, Cleanup: 110834 ns, At safepoint: 16583 ns, Total: 182708 ns
[2025-09-09T06:03:16.598+0000][121][info ][safepoint   ] Safepoint "Cleanup", Time since last: 2001537876 ns, Reaching safepoint: 40208 ns, Cleanup: 24084 ns, At safepoint: 9250 ns, Total: 73542 ns
[2025-09-09T06:03:18.600+0000][121][info ][safepoint   ] Safepoint "Cleanup", Time since last: 2001815209 ns, Reaching safepoint: 97375 ns, Cleanup: 59625 ns, At safepoint: 32833 ns, Total: 189833 ns
[2025-09-09T06:03:19.519+0000][121][info ][safepoint   ] Safepoint "ICBufferFull", Time since last: 917715251 ns, Reaching safepoint: 1136125 ns, Cleanup: 263750 ns, At safepoint: 68166 ns, Total: 1468041 ns
[2025-09-09T06:03:19.535+0000][121][info ][safepoint   ] Safepoint "ICBufferFull", Time since last: 11519417 ns, Reaching safepoint: 4091792 ns, Cleanup: 15083 ns, At safepoint: 60250 ns, Total: 4167125 ns
[2025-09-09T06:03:19.599+0000][121][info ][safepoint   ] Safepoint "ICBufferFull", Time since last: 62618792 ns, Reaching safepoint: 1475750 ns, Cleanup: 125166 ns, At safepoint: 32584 ns, Total: 1633500 ns
[2025-09-09T06:03:19.734+0000][121][info ][safepoint   ] Safepoint "ICBufferFull", Time since last: 134877000 ns, Reaching safepoint: 38250 ns, Cleanup: 152166 ns, At safepoint: 12250 ns, Total: 202666 ns
[2025-09-09T06:03:19.844+0000][121][info ][safepoint   ] Safepoint "ICBufferFull", Time since last: 108724626 ns, Reaching safepoint: 957791 ns, Cleanup: 196125 ns, At safepoint: 28584 ns, Total: 1182500 ns
[2025-09-09T06:03:21.325+0000][121][info ][safepoint   ] Safepoint "Cleanup", Time since last: 1481104834 ns, Reaching safepoint: 124500 ns, Cleanup: 192083 ns, At safepoint: 19083 ns, Total: 335666 ns
[2025-09-09T06:03:23.137+0000][121][info ][safepoint   ] Safepoint "Cleanup", Time since last: 1811979001 ns, Reaching safepoint: 22125 ns, Cleanup: 52250 ns, At safepoint: 5167 ns, Total: 79542 ns
[2025-09-09T06:03:24.175+0000][121][info ][safepoint   ] Safepoint "Cleanup", Time since last: 1037824042 ns, Reaching safepoint: 128792 ns, Cleanup: 62083 ns, At safepoint: 18667 ns, Total: 209542 ns
[2025-09-09T06:03:25.177+0000][121][info ][safepoint   ] Safepoint "Cleanup", Time since last: 1001335417 ns, Reaching safepoint: 80458 ns, Cleanup: 53042 ns, At safepoint: 15625 ns, Total: 149125 ns
[2025-09-09T06:03:26.181+0000][121][info ][safepoint   ] Safepoint "Cleanup", Time since last: 1003855584 ns, Reaching safepoint: 37875 ns, Cleanup: 25166 ns, At safepoint: 9042 ns, Total: 72083 ns
[2025-09-09T06:03:28.183+0000][121][info ][safepoint   ] Safepoint "Cleanup", Time since last: 2002480751 ns, Reaching safepoint: 120792 ns, Cleanup: 93333 ns, At safepoint: 22333 ns, Total: 236458 ns
[2025-09-09T06:03:29.185+0000][121][info ][safepoint   ] Safepoint "Cleanup", Time since last: 1001061959 ns, Reaching safepoint: 23125 ns, Cleanup: 44667 ns, At safepoint: 11833 ns, Total: 79625 ns
[2025-09-09T06:03:31.187+0000][121][info ][safepoint   ] Safepoint "Cleanup", Time since last: 2002404876 ns, Reaching safepoint: 89208 ns, Cleanup: 54292 ns, At safepoint: 14958 ns, Total: 158458 ns
[2025-09-09T06:03:33.748+0000][121][info ][safepoint   ] Safepoint "Cleanup", Time since last: 2560991502 ns, Reaching safepoint: 5291 ns, Cleanup: 30959 ns, At safepoint: 10500 ns, Total: 46750 ns
[2025-09-09T06:03:35.263+0000][121][info ][safepoint   ] Safepoint "Cleanup", Time since last: 1513208459 ns, Reaching safepoint: 1216416 ns, Cleanup: 196667 ns, At safepoint: 36083 ns, Total: 1449166 ns
[2025-09-09T06:03:37.269+0000][121][info ][safepoint   ] Safepoint "Cleanup", Time since last: 2006173960 ns, Reaching safepoint: 79541 ns, Cleanup: 32792 ns, At safepoint: 12292 ns, Total: 124625 ns
[2025-09-09T06:03:43.281+0000][121][info ][safepoint   ] Safepoint "Cleanup", Time since last: 6010665460 ns, Reaching safepoint: 1217041 ns, Cleanup: 35334 ns, At safepoint: 20583 ns, Total: 1272958 ns
[2025-09-09T06:03:44.284+0000][121][info ][safepoint   ] Safepoint "Cleanup", Time since last: 1003212417 ns, Reaching safepoint: 22209 ns, Cleanup: 12166 ns, At safepoint: 6625 ns, Total: 41000 ns
[2025-09-09T06:03:46.287+0000][121][info ][safepoint   ] Safepoint "Cleanup", Time since last: 2002316043 ns, Reaching safepoint: 78708 ns, Cleanup: 49334 ns, At safepoint: 19000 ns, Total: 147042 ns
[2025-09-09T06:03:48.290+0000][121][info ][safepoint   ] Safepoint "Cleanup", Time since last: 2003061625 ns, Reaching safepoint: 76750 ns, Cleanup: 48750 ns, At safepoint: 17250 ns, Total: 142750 ns
[2025-09-09T06:03:49.292+0000][121][info ][safepoint   ] Safepoint "Cleanup", Time since last: 1002219334 ns, Reaching safepoint: 74959 ns, Cleanup: 82666 ns, At safepoint: 17792 ns, Total: 175417 ns
[2025-09-09T06:03:50.294+0000][121][info ][safepoint   ] Safepoint "Cleanup", Time since last: 1001364042 ns, Reaching safepoint: 61292 ns, Cleanup: 27333 ns, At safepoint: 9750 ns, Total: 98375 ns
[2025-09-09T06:03:51.716+0000][121][info ][safepoint   ] Safepoint "Cleanup", Time since last: 1422030876 ns, Reaching safepoint: 24666 ns, Cleanup: 35750 ns, At safepoint: 21250 ns, Total: 81666 ns
[2025-09-09T06:03:54.514+0000][121][info ][safepoint   ] Safepoint "Cleanup", Time since last: 2798735460 ns, Reaching safepoint: 10792 ns, Cleanup: 38333 ns, At safepoint: 3083 ns, Total: 52208 ns
[2025-09-09T06:03:55.561+0000][121][info ][safepoint   ] Safepoint "Cleanup", Time since last: 1046008584 ns, Reaching safepoint: 143834 ns, Cleanup: 90500 ns, At safepoint: 13833 ns, Total: 248167 ns
[2025-09-09T06:03:58.565+0000][121][info ][safepoint   ] Safepoint "Cleanup", Time since last: 3004169710 ns, Reaching safepoint: 90083 ns, Cleanup: 36042 ns, At safepoint: 18416 ns, Total: 144541 ns
[2025-09-09T06:04:01.001+0000][121][info ][safepoint   ] Safepoint "Cleanup", Time since last: 2435366210 ns, Reaching safepoint: 181833 ns, Cleanup: 30250 ns, At safepoint: 23292 ns, Total: 235375 ns
[2025-09-09T06:04:02.003+0000][121][info ][safepoint   ] Safepoint "Cleanup", Time since last: 1002032834 ns, Reaching safepoint: 11916 ns, Cleanup: 11250 ns, At safepoint: 3459 ns, Total: 26625 ns
[2025-09-09T06:04:04.006+0000][121][info ][safepoint   ] Safepoint "Cleanup", Time since last: 2002742959 ns, Reaching safepoint: 154042 ns, Cleanup: 44208 ns, At safepoint: 20958 ns, Total: 219208 ns
[2025-09-09T06:04:05.008+0000][121][info ][safepoint   ] Safepoint "Cleanup", Time since last: 1001951417 ns, Reaching safepoint: 30584 ns, Cleanup: 22000 ns, At safepoint: 7875 ns, Total: 60459 ns
[2025-09-09T06:04:07.010+0000][121][info ][safepoint   ] Safepoint "Cleanup", Time since last: 2001775126 ns, Reaching safepoint: 87000 ns, Cleanup: 30750 ns, At safepoint: 11250 ns, Total: 129000 ns
[2025-09-09T06:04:08.010+0000][121][info ][safepoint   ] Safepoint "Cleanup", Time since last: 1000604459 ns, Reaching safepoint: 60041 ns, Cleanup: 23834 ns, At safepoint: 15000 ns, Total: 98875 ns
[2025-09-09T06:04:11.014+0000][121][info ][safepoint   ] Safepoint "Cleanup", Time since last: 3003106251 ns, Reaching safepoint: 110917 ns, Cleanup: 61166 ns, At safepoint: 24584 ns, Total: 196667 ns
[2025-09-09T06:04:14.018+0000][121][info ][safepoint   ] Safepoint "Cleanup", Time since last: 3004732000 ns, Reaching safepoint: 66500 ns, Cleanup: 42625 ns, At safepoint: 11375 ns, Total: 120500 ns
[2025-09-09T06:04:15.020+0000][121][info ][safepoint   ] Safepoint "Cleanup", Time since last: 1001147792 ns, Reaching safepoint: 16875 ns, Cleanup: 24417 ns, At safepoint: 4333 ns, Total: 45625 ns
[2025-09-09T06:04:16.021+0000][121][info ][safepoint   ] Safepoint "Cleanup", Time since last: 1000820459 ns, Reaching safepoint: 84583 ns, Cleanup: 47375 ns, At safepoint: 14792 ns, Total: 146750 ns
[2025-09-09T06:04:19.028+0000][121][info ][safepoint   ] Safepoint "Cleanup", Time since last: 3006830585 ns, Reaching safepoint: 70250 ns, Cleanup: 55458 ns, At safepoint: 12417 ns, Total: 138125 ns
[2025-09-09T06:04:20.029+0000][121][info ][safepoint   ] Safepoint "Cleanup", Time since last: 1001785500 ns, Reaching safepoint: 67417 ns, Cleanup: 12417 ns, At safepoint: 6583 ns, Total: 86417 ns
[2025-09-09T06:04:21.031+0000][121][info ][safepoint   ] Safepoint "Cleanup", Time since last: 1000983334 ns, Reaching safepoint: 126958 ns, Cleanup: 178667 ns, At safepoint: 23625 ns, Total: 329250 ns
[2025-09-09T06:04:22.033+0000][121][info ][safepoint   ] Safepoint "Cleanup", Time since last: 1001675709 ns, Reaching safepoint: 148750 ns, Cleanup: 42833 ns, At safepoint: 19583 ns, Total: 211166 ns
[2025-09-09T06:04:24.036+0000][121][info ][safepoint   ] Safepoint "Cleanup", Time since last: 2003057835 ns, Reaching safepoint: 129041 ns, Cleanup: 64334 ns, At safepoint: 19083 ns, Total: 212458 ns
[2025-09-09T06:04:25.038+0000][121][info ][safepoint   ] Safepoint "Cleanup", Time since last: 1002037917 ns, Reaching safepoint: 85375 ns, Cleanup: 95375 ns, At safepoint: 26000 ns, Total: 206750 ns
[2025-09-09T06:04:28.042+0000][121][info ][safepoint   ] Safepoint "Cleanup", Time since last: 3003377918 ns, Reaching safepoint: 183500 ns, Cleanup: 56875 ns, At safepoint: 21750 ns, Total: 262125 ns
[2025-09-09T06:04:29.044+0000][121][info ][safepoint   ] Safepoint "Cleanup", Time since last: 1002465626 ns, Reaching safepoint: 70625 ns, Cleanup: 55291 ns, At safepoint: 36875 ns, Total: 162791 ns
[2025-09-09T06:04:31.048+0000][121][info ][safepoint   ] Safepoint "Cleanup", Time since last: 2003445460 ns, Reaching safepoint: 28291 ns, Cleanup: 21792 ns, At safepoint: 8167 ns, Total: 58250 ns
[2025-09-09T06:04:32.050+0000][121][info ][safepoint   ] Safepoint "Cleanup", Time since last: 1002344375 ns, Reaching safepoint: 81417 ns, Cleanup: 71375 ns, At safepoint: 13250 ns, Total: 166042 ns
[2025-09-09T06:04:34.052+0000][121][info ][safepoint   ] Safepoint "Cleanup", Time since last: 2001680042 ns, Reaching safepoint: 45959 ns, Cleanup: 19916 ns, At safepoint: 5709 ns, Total: 71584 ns
[2025-09-09T06:04:35.053+0000][121][info ][safepoint   ] Safepoint "Cleanup", Time since last: 1000920958 ns, Reaching safepoint: 13292 ns, Cleanup: 22833 ns, At safepoint: 3542 ns, Total: 39667 ns
[2025-09-09T06:04:36.054+0000][121][info ][safepoint   ] Safepoint "Cleanup", Time since last: 1000368167 ns, Reaching safepoint: 84917 ns, Cleanup: 56208 ns, At safepoint: 22250 ns, Total: 163375 ns
[2025-09-09T06:04:37.405+0000][121][info ][safepoint   ] Safepoint "Cleanup", Time since last: 1350954459 ns, Reaching safepoint: 10167 ns, Cleanup: 67125 ns, At safepoint: 10500 ns, Total: 87792 ns
[2025-09-09T06:04:38.439+0000][121][info ][safepoint   ] Safepoint "Cleanup", Time since last: 1034595792 ns, Reaching safepoint: 13375 ns, Cleanup: 93167 ns, At safepoint: 15833 ns, Total: 122375 ns
[2025-09-09T06:04:39.443+0000][121][info ][safepoint   ] Safepoint "Cleanup", Time since last: 1003364584 ns, Reaching safepoint: 89542 ns, Cleanup: 44541 ns, At safepoint: 24792 ns, Total: 158875 ns
[2025-09-09T06:04:40.445+0000][121][info ][safepoint   ] Safepoint "Cleanup", Time since last: 1001571750 ns, Reaching safepoint: 36750 ns, Cleanup: 25834 ns, At safepoint: 9041 ns, Total: 71625 ns
[2025-09-09T06:04:43.447+0000][121][info ][safepoint   ] Safepoint "Cleanup", Time since last: 3002552792 ns, Reaching safepoint: 113500 ns, Cleanup: 54542 ns, At safepoint: 25667 ns, Total: 193709 ns
[2025-09-09T06:04:44.450+0000][121][info ][safepoint   ] Safepoint "Cleanup", Time since last: 1002265542 ns, Reaching safepoint: 81917 ns, Cleanup: 60375 ns, At safepoint: 35166 ns, Total: 177458 ns
[2025-09-09T06:04:45.451+0000][121][info ][safepoint   ] Safepoint "Cleanup", Time since last: 1001326084 ns, Reaching safepoint: 73125 ns, Cleanup: 48000 ns, At safepoint: 17042 ns, Total: 138167 ns
[2025-09-09T06:04:46.452+0000][121][info ][safepoint   ] Safepoint "Cleanup", Time since last: 1000858042 ns, Reaching safepoint: 34417 ns, Cleanup: 59833 ns, At safepoint: 9833 ns, Total: 104083 ns
[2025-09-09T06:04:48.732+0000][121][info ][gc,start    ] GC(20) Pause Young (Concurrent Start) (CodeCache GC Threshold)
[2025-09-09T06:04:48.732+0000][121][info ][gc,task     ] GC(20) Using 8 workers of 8 for evacuation
[2025-09-09T06:04:48.733+0000][121][debug][gc,age      ] GC(20) Desired survivor size 41943040 bytes, new threshold 15 (max threshold 15)
[2025-09-09T06:04:48.781+0000][121][info ][gc,phases   ] GC(20)   Pre Evacuate Collection Set: 0.75ms
[2025-09-09T06:04:48.781+0000][121][info ][gc,phases   ] GC(20)   Merge Heap Roots: 0.28ms
[2025-09-09T06:04:48.781+0000][121][info ][gc,phases   ] GC(20)   Evacuate Collection Set: 44.34ms
[2025-09-09T06:04:48.781+0000][121][info ][gc,phases   ] GC(20)   Post Evacuate Collection Set: 2.73ms
[2025-09-09T06:04:48.781+0000][121][info ][gc,phases   ] GC(20)   Other: 0.56ms
[2025-09-09T06:04:48.781+0000][121][trace][gc,age      ] GC(20) Age table with threshold 15 (max threshold 15)
[2025-09-09T06:04:48.781+0000][121][trace][gc,age      ] GC(20) - age   1:    3164328 bytes,    3164328 total
[2025-09-09T06:04:48.781+0000][121][trace][gc,age      ] GC(20) - age   2:    6158024 bytes,    9322352 total
[2025-09-09T06:04:48.781+0000][121][trace][gc,age      ] GC(20) - age   3:    3044280 bytes,   12366632 total
[2025-09-09T06:04:48.782+0000][121][trace][gc,age      ] GC(20) - age   4:   18031152 bytes,   30397784 total
[2025-09-09T06:04:48.782+0000][121][trace][gc,age      ] GC(20) - age   5:      11480 bytes,   30409264 total
[2025-09-09T06:04:48.782+0000][121][info ][gc,heap     ] GC(20) Eden regions: 139->0(144)
[2025-09-09T06:04:48.782+0000][121][info ][gc,heap     ] GC(20) Survivor regions: 8->9(20)
[2025-09-09T06:04:48.782+0000][121][info ][gc,heap     ] GC(20) Old regions: 29->29
[2025-09-09T06:04:48.782+0000][121][info ][gc,heap     ] GC(20) Humongous regions: 2->2
[2025-09-09T06:04:48.782+0000][121][info ][gc,metaspace] GC(20) Metaspace: 161241K(165632K)->161241K(165632K) NonClass: 138744K(141120K)->138744K(141120K) Class: 22496K(24512K)->22496K(24512K)
[2025-09-09T06:04:48.782+0000][121][info ][gc          ] GC(20) Pause Young (Concurrent Start) (CodeCache GC Threshold) 708M->156M(1024M) 49.921ms
[2025-09-09T06:04:48.782+0000][121][info ][gc          ] GC(21) Concurrent Mark Cycle
[2025-09-09T06:04:48.782+0000][121][info ][gc,marking  ] GC(21) Concurrent Scan Root Regions
[2025-09-09T06:04:48.782+0000][121][info ][gc,cpu      ] GC(20) User=0.36s Sys=0.00s Real=0.05s
[2025-09-09T06:04:48.782+0000][121][info ][safepoint   ] Safepoint "G1TryInitiateConcMark", Time since last: 2279526376 ns, Reaching safepoint: 46459 ns, Cleanup: 11458 ns, At safepoint: 50338000 ns, Total: 50395917 ns
[2025-09-09T06:04:48.792+0000][121][info ][gc,marking  ] GC(21) Concurrent Scan Root Regions 9.920ms
[2025-09-09T06:04:48.792+0000][121][info ][gc,marking  ] GC(21) Concurrent Mark
[2025-09-09T06:04:48.792+0000][121][info ][gc,marking  ] GC(21) Concurrent Mark From Roots
[2025-09-09T06:04:48.792+0000][121][info ][gc,task     ] GC(21) Using 2 workers of 2 for marking
[2025-09-09T06:04:48.854+0000][121][info ][gc,marking  ] GC(21) Concurrent Mark From Roots 62.015ms
[2025-09-09T06:04:48.854+0000][121][info ][gc,marking  ] GC(21) Concurrent Preclean
[2025-09-09T06:04:48.855+0000][121][info ][gc,marking  ] GC(21) Concurrent Preclean 0.305ms
[2025-09-09T06:04:48.855+0000][121][info ][gc,start    ] GC(21) Pause Remark
[2025-09-09T06:04:48.882+0000][121][info ][gc          ] GC(21) Pause Remark 160M->160M(1024M) 27.361ms
[2025-09-09T06:04:48.882+0000][121][info ][gc,cpu      ] GC(21) User=0.17s Sys=0.00s Real=0.03s
[2025-09-09T06:04:48.882+0000][121][info ][safepoint   ] Safepoint "G1PauseRemark", Time since last: 72434833 ns, Reaching safepoint: 13500 ns, Cleanup: 2792 ns, At safepoint: 27576292 ns, Total: 27592584 ns
[2025-09-09T06:04:48.882+0000][121][info ][gc,marking  ] GC(21) Concurrent Mark 90.241ms
[2025-09-09T06:04:48.882+0000][121][info ][gc,marking  ] GC(21) Concurrent Rebuild Remembered Sets and Scrub Regions
[2025-09-09T06:04:48.902+0000][121][info ][gc,marking  ] GC(21) Concurrent Rebuild Remembered Sets and Scrub Regions 19.335ms
[2025-09-09T06:04:48.902+0000][121][info ][gc,start    ] GC(21) Pause Cleanup
[2025-09-09T06:04:48.902+0000][121][info ][gc          ] GC(21) Pause Cleanup 162M->162M(1024M) 0.134ms
[2025-09-09T06:04:48.902+0000][121][info ][gc,cpu      ] GC(21) User=0.00s Sys=0.00s Real=0.00s
[2025-09-09T06:04:48.902+0000][121][info ][safepoint   ] Safepoint "G1PauseCleanup", Time since last: 19591041 ns, Reaching safepoint: 9750 ns, Cleanup: 65625 ns, At safepoint: 269834 ns, Total: 345209 ns
[2025-09-09T06:04:48.902+0000][121][info ][gc,marking  ] GC(21) Concurrent Clear Claimed Marks
[2025-09-09T06:04:48.903+0000][121][info ][gc,marking  ] GC(21) Concurrent Clear Claimed Marks 0.449ms
[2025-09-09T06:04:48.903+0000][121][info ][gc,marking  ] GC(21) Concurrent Cleanup for Next Mark
[2025-09-09T06:04:48.905+0000][121][info ][gc,marking  ] GC(21) Concurrent Cleanup for Next Mark 2.626ms
[2025-09-09T06:04:48.905+0000][121][info ][gc          ] GC(21) Concurrent Mark Cycle 123.415ms
[2025-09-09T06:04:51.738+0000][121][info ][safepoint   ] Safepoint "Cleanup", Time since last: 2835026751 ns, Reaching safepoint: 1197583 ns, Cleanup: 20209 ns, At safepoint: 57750 ns, Total: 1275542 ns
[2025-09-09T06:04:52.743+0000][121][info ][safepoint   ] Safepoint "Cleanup", Time since last: 1003857209 ns, Reaching safepoint: 84875 ns, Cleanup: 123083 ns, At safepoint: 20167 ns, Total: 228125 ns
[2025-09-09T06:04:53.744+0000][121][info ][safepoint   ] Safepoint "Cleanup", Time since last: 1001629000 ns, Reaching safepoint: 26333 ns, Cleanup: 20542 ns, At safepoint: 14250 ns, Total: 61125 ns
[2025-09-09T06:04:54.745+0000][121][info ][safepoint   ] Safepoint "Cleanup", Time since last: 1000993917 ns, Reaching safepoint: 15667 ns, Cleanup: 18083 ns, At safepoint: 17375 ns, Total: 51125 ns
[2025-09-09T06:04:57.748+0000][121][info ][safepoint   ] Safepoint "Cleanup", Time since last: 3002910127 ns, Reaching safepoint: 119333 ns, Cleanup: 27792 ns, At safepoint: 18333 ns, Total: 165458 ns
[2025-09-09T06:05:00.751+0000][121][info ][safepoint   ] Safepoint "Cleanup", Time since last: 3002847918 ns, Reaching safepoint: 16542 ns, Cleanup: 11208 ns, At safepoint: 23292 ns, Total: 51042 ns
[2025-09-09T06:05:01.754+0000][121][info ][safepoint   ] Safepoint "Cleanup", Time since last: 1002472542 ns, Reaching safepoint: 56417 ns, Cleanup: 40083 ns, At safepoint: 16250 ns, Total: 112750 ns
[2025-09-09T06:05:03.756+0000][121][info ][safepoint   ] Safepoint "Cleanup", Time since last: 2001681501 ns, Reaching safepoint: 115291 ns, Cleanup: 28167 ns, At safepoint: 13333 ns, Total: 156791 ns
[2025-09-09T06:05:04.757+0000][121][info ][safepoint   ] Safepoint "Cleanup", Time since last: 1001575001 ns, Reaching safepoint: 76583 ns, Cleanup: 91542 ns, At safepoint: 25625 ns, Total: 193750 ns
[2025-09-09T06:05:05.760+0000][121][info ][safepoint   ] Safepoint "Cleanup", Time since last: 1002277125 ns, Reaching safepoint: 114250 ns, Cleanup: 54042 ns, At safepoint: 19958 ns, Total: 188250 ns
[2025-09-09T06:05:07.763+0000][121][info ][safepoint   ] Safepoint "Cleanup", Time since last: 2002689043 ns, Reaching safepoint: 96792 ns, Cleanup: 42833 ns, At safepoint: 16958 ns, Total: 156583 ns
[2025-09-09T06:05:08.765+0000][121][info ][safepoint   ] Safepoint "Cleanup", Time since last: 1001897126 ns, Reaching safepoint: 15500 ns, Cleanup: 36000 ns, At safepoint: 7375 ns, Total: 58875 ns
[2025-09-09T06:05:09.767+0000][121][info ][safepoint   ] Safepoint "Cleanup", Time since last: 1002358750 ns, Reaching safepoint: 56917 ns, Cleanup: 22375 ns, At safepoint: 12792 ns, Total: 92084 ns
[2025-09-09T06:05:12.772+0000][121][info ][safepoint   ] Safepoint "Cleanup", Time since last: 3005276792 ns, Reaching safepoint: 68042 ns, Cleanup: 26333 ns, At safepoint: 16375 ns, Total: 110750 ns
[2025-09-09T06:05:14.774+0000][121][info ][safepoint   ] Safepoint "Cleanup", Time since last: 2001608584 ns, Reaching safepoint: 79667 ns, Cleanup: 94542 ns, At safepoint: 20416 ns, Total: 194625 ns
[2025-09-09T06:05:15.775+0000][121][info ][safepoint   ] Safepoint "Cleanup", Time since last: 1000968293 ns, Reaching safepoint: 10833 ns, Cleanup: 9167 ns, At safepoint: 6000 ns, Total: 26000 ns
[2025-09-09T06:05:18.778+0000][121][info ][safepoint   ] Safepoint "Cleanup", Time since last: 3003435959 ns, Reaching safepoint: 16250 ns, Cleanup: 16250 ns, At safepoint: 9167 ns, Total: 41667 ns
[2025-09-09T06:05:19.779+0000][121][info ][safepoint   ] Safepoint "Cleanup", Time since last: 1000758334 ns, Reaching safepoint: 93375 ns, Cleanup: 71916 ns, At safepoint: 28750 ns, Total: 194041 ns
[2025-09-09T06:05:20.780+0000][121][info ][safepoint   ] Safepoint "Cleanup", Time since last: 1000602626 ns, Reaching safepoint: 84542 ns, Cleanup: 122625 ns, At safepoint: 13291 ns, Total: 220458 ns
[2025-09-09T06:05:23.784+0000][121][info ][safepoint   ] Safepoint "Cleanup", Time since last: 3003624085 ns, Reaching safepoint: 54458 ns, Cleanup: 28875 ns, At safepoint: 12584 ns, Total: 95917 ns
[2025-09-09T06:05:27.789+0000][121][info ][safepoint   ] Safepoint "Cleanup", Time since last: 4004973877 ns, Reaching safepoint: 63250 ns, Cleanup: 21500 ns, At safepoint: 11666 ns, Total: 96416 ns
[2025-09-09T06:05:28.790+0000][121][info ][safepoint   ] Safepoint "Cleanup", Time since last: 1001234876 ns, Reaching safepoint: 109750 ns, Cleanup: 89875 ns, At safepoint: 25375 ns, Total: 225000 ns
[2025-09-09T06:05:29.792+0000][121][info ][safepoint   ] Safepoint "Cleanup", Time since last: 1001464375 ns, Reaching safepoint: 37334 ns, Cleanup: 20208 ns, At safepoint: 9458 ns, Total: 67000 ns
[2025-09-09T06:05:30.793+0000][121][info ][safepoint   ] Safepoint "Cleanup", Time since last: 1000959959 ns, Reaching safepoint: 20625 ns, Cleanup: 18500 ns, At safepoint: 15875 ns, Total: 55000 ns
[2025-09-09T06:05:32.795+0000][121][info ][safepoint   ] Safepoint "Cleanup", Time since last: 2001906126 ns, Reaching safepoint: 91500 ns, Cleanup: 38708 ns, At safepoint: 41250 ns, Total: 171458 ns
[2025-09-09T06:05:33.797+0000][121][info ][safepoint   ] Safepoint "Cleanup", Time since last: 1001910834 ns, Reaching safepoint: 27292 ns, Cleanup: 31500 ns, At safepoint: 11542 ns, Total: 70334 ns
[2025-09-09T06:05:34.798+0000][121][info ][safepoint   ] Safepoint "Cleanup", Time since last: 1000729875 ns, Reaching safepoint: 90917 ns, Cleanup: 70416 ns, At safepoint: 46584 ns, Total: 207917 ns
[2025-09-09T06:05:35.799+0000][121][info ][safepoint   ] Safepoint "Cleanup", Time since last: 1001330250 ns, Reaching safepoint: 72500 ns, Cleanup: 38417 ns, At safepoint: 16833 ns, Total: 127750 ns
[2025-09-09T06:05:38.803+0000][121][info ][safepoint   ] Safepoint "Cleanup", Time since last: 3003636627 ns, Reaching safepoint: 42958 ns, Cleanup: 34333 ns, At safepoint: 20375 ns, Total: 97666 ns
[2025-09-09T06:05:40.580+0000][121][info ][safepoint   ] Safepoint "Cleanup", Time since last: 1776869751 ns, Reaching safepoint: 21542 ns, Cleanup: 85375 ns, At safepoint: 12000 ns, Total: 118917 ns
[2025-09-09T06:05:41.634+0000][121][info ][safepoint   ] Safepoint "Cleanup", Time since last: 1052921458 ns, Reaching safepoint: 19292 ns, Cleanup: 38167 ns, At safepoint: 8041 ns, Total: 65500 ns
[2025-09-09T06:05:43.638+0000][121][info ][safepoint   ] Safepoint "Cleanup", Time since last: 2003823876 ns, Reaching safepoint: 63375 ns, Cleanup: 75792 ns, At safepoint: 15417 ns, Total: 154584 ns
[2025-09-09T06:05:44.639+0000][121][info ][safepoint   ] Safepoint "Cleanup", Time since last: 1000693458 ns, Reaching safepoint: 97709 ns, Cleanup: 81500 ns, At safepoint: 26625 ns, Total: 205834 ns
[2025-09-09T06:05:45.641+0000][121][info ][safepoint   ] Safepoint "Cleanup", Time since last: 1001812792 ns, Reaching safepoint: 513417 ns, Cleanup: 91583 ns, At safepoint: 38292 ns, Total: 643292 ns
[2025-09-09T06:05:50.646+0000][121][info ][safepoint   ] Safepoint "Cleanup", Time since last: 5005121294 ns, Reaching safepoint: 125583 ns, Cleanup: 60292 ns, At safepoint: 17916 ns, Total: 203791 ns
[2025-09-09T06:05:53.966+0000][121][info ][safepoint   ] Safepoint "Cleanup", Time since last: 3319287168 ns, Reaching safepoint: 98709 ns, Cleanup: 65375 ns, At safepoint: 25750 ns, Total: 189834 ns
[2025-09-09T06:05:59.975+0000][121][info ][safepoint   ] Safepoint "Cleanup", Time since last: 6008725336 ns, Reaching safepoint: 153167 ns, Cleanup: 37083 ns, At safepoint: 13500 ns, Total: 203750 ns
[2025-09-09T06:06:00.975+0000][121][info ][safepoint   ] Safepoint "Cleanup", Time since last: 1000553459 ns, Reaching safepoint: 31291 ns, Cleanup: 48375 ns, At safepoint: 12834 ns, Total: 92500 ns
[2025-09-09T06:06:03.979+0000][121][info ][safepoint   ] Safepoint "Cleanup", Time since last: 3003216085 ns, Reaching safepoint: 31500 ns, Cleanup: 26333 ns, At safepoint: 9667 ns, Total: 67500 ns
[2025-09-09T06:06:08.985+0000][121][info ][safepoint   ] Safepoint "Cleanup", Time since last: 5006712585 ns, Reaching safepoint: 73709 ns, Cleanup: 32750 ns, At safepoint: 16291 ns, Total: 122750 ns
[2025-09-09T06:06:10.987+0000][121][info ][safepoint   ] Safepoint "Cleanup", Time since last: 2001848085 ns, Reaching safepoint: 44083 ns, Cleanup: 29000 ns, At safepoint: 12125 ns, Total: 85208 ns
[2025-09-09T06:06:13.992+0000][121][info ][safepoint   ] Safepoint "Cleanup", Time since last: 3004437750 ns, Reaching safepoint: 103334 ns, Cleanup: 64000 ns, At safepoint: 18875 ns, Total: 186209 ns
[2025-09-09T06:06:15.995+0000][121][info ][safepoint   ] Safepoint "Cleanup", Time since last: 2002341584 ns, Reaching safepoint: 58750 ns, Cleanup: 41917 ns, At safepoint: 11875 ns, Total: 112542 ns
[2025-09-09T06:06:20.999+0000][121][info ][safepoint   ] Safepoint "Cleanup", Time since last: 5003953794 ns, Reaching safepoint: 169125 ns, Cleanup: 44958 ns, At safepoint: 13458 ns, Total: 227541 ns
[2025-09-09T06:06:22.001+0000][121][info ][safepoint   ] Safepoint "Cleanup", Time since last: 1001726376 ns, Reaching safepoint: 71750 ns, Cleanup: 35542 ns, At safepoint: 11333 ns, Total: 118625 ns
[2025-09-09T06:06:24.003+0000][121][info ][safepoint   ] Safepoint "Cleanup", Time since last: 2002211959 ns, Reaching safepoint: 113959 ns, Cleanup: 51458 ns, At safepoint: 31250 ns, Total: 196667 ns
[2025-09-09T06:06:26.007+0000][121][info ][safepoint   ] Safepoint "Cleanup", Time since last: 2004001251 ns, Reaching safepoint: 104291 ns, Cleanup: 49209 ns, At safepoint: 21541 ns, Total: 175041 ns
[2025-09-09T06:06:28.011+0000][121][info ][safepoint   ] Safepoint "Cleanup", Time since last: 2003604626 ns, Reaching safepoint: 45375 ns, Cleanup: 26375 ns, At safepoint: 23250 ns, Total: 95000 ns
[2025-09-09T06:06:31.015+0000][121][info ][safepoint   ] Safepoint "Cleanup", Time since last: 3003746002 ns, Reaching safepoint: 196250 ns, Cleanup: 37458 ns, At safepoint: 25875 ns, Total: 259583 ns
[2025-09-09T06:06:34.019+0000][121][info ][safepoint   ] Safepoint "Cleanup", Time since last: 3003903043 ns, Reaching safepoint: 77417 ns, Cleanup: 47500 ns, At safepoint: 20667 ns, Total: 145584 ns
[2025-09-09T06:06:36.024+0000][121][info ][safepoint   ] Safepoint "Cleanup", Time since last: 2004488876 ns, Reaching safepoint: 167916 ns, Cleanup: 22292 ns, At safepoint: 13458 ns, Total: 203666 ns
[2025-09-09T06:06:39.028+0000][121][info ][safepoint   ] Safepoint "Cleanup", Time since last: 3004497793 ns, Reaching safepoint: 247209 ns, Cleanup: 56625 ns, At safepoint: 32041 ns, Total: 335875 ns
[2025-09-09T06:06:41.031+0000][121][info ][safepoint   ] Safepoint "Cleanup", Time since last: 2002611918 ns, Reaching safepoint: 78708 ns, Cleanup: 46459 ns, At safepoint: 63541 ns, Total: 188708 ns
[2025-09-09T06:06:42.798+0000][121][info ][safepoint   ] Safepoint "Cleanup", Time since last: 1765970708 ns, Reaching safepoint: 1233000 ns, Cleanup: 30542 ns, At safepoint: 14458 ns, Total: 1278000 ns
[2025-09-09T06:06:43.837+0000][121][info ][safepoint   ] Safepoint "Cleanup", Time since last: 1038322334 ns, Reaching safepoint: 16792 ns, Cleanup: 84625 ns, At safepoint: 14917 ns, Total: 116334 ns
[2025-09-09T06:06:44.880+0000][121][info ][safepoint   ] Safepoint "Cleanup", Time since last: 1043166417 ns, Reaching safepoint: 22875 ns, Cleanup: 309750 ns, At safepoint: 21333 ns, Total: 353958 ns
[2025-09-09T06:06:48.889+0000][121][info ][safepoint   ] Safepoint "Cleanup", Time since last: 4008554627 ns, Reaching safepoint: 79875 ns, Cleanup: 28042 ns, At safepoint: 14750 ns, Total: 122667 ns
[2025-09-09T06:06:54.203+0000][121][info ][safepoint   ] Safepoint "Cleanup", Time since last: 5313694836 ns, Reaching safepoint: 105750 ns, Cleanup: 71083 ns, At safepoint: 20875 ns, Total: 197708 ns
[2025-09-09T06:06:55.204+0000][121][info ][safepoint   ] Safepoint "Cleanup", Time since last: 1001521834 ns, Reaching safepoint: 73833 ns, Cleanup: 42083 ns, At safepoint: 15500 ns, Total: 131416 ns
[2025-09-09T06:06:59.210+0000][121][info ][safepoint   ] Safepoint "Cleanup", Time since last: 4005189836 ns, Reaching safepoint: 188458 ns, Cleanup: 124333 ns, At safepoint: 38167 ns, Total: 350958 ns
[2025-09-09T06:07:01.212+0000][121][info ][safepoint   ] Safepoint "Cleanup", Time since last: 2002288668 ns, Reaching safepoint: 37208 ns, Cleanup: 32625 ns, At safepoint: 12583 ns, Total: 82416 ns
[2025-09-09T06:07:05.220+0000][121][info ][safepoint   ] Safepoint "Cleanup", Time since last: 4007886294 ns, Reaching safepoint: 43500 ns, Cleanup: 16708 ns, At safepoint: 10875 ns, Total: 71083 ns
[2025-09-09T06:07:08.223+0000][121][info ][safepoint   ] Safepoint "Cleanup", Time since last: 3002791043 ns, Reaching safepoint: 85500 ns, Cleanup: 26375 ns, At safepoint: 12000 ns, Total: 123875 ns
[2025-09-09T06:07:13.231+0000][121][info ][safepoint   ] Safepoint "Cleanup", Time since last: 5007122544 ns, Reaching safepoint: 73000 ns, Cleanup: 36875 ns, At safepoint: 21750 ns, Total: 131625 ns
[2025-09-09T06:07:17.235+0000][121][info ][safepoint   ] Safepoint "Cleanup", Time since last: 4004353793 ns, Reaching safepoint: 96500 ns, Cleanup: 63459 ns, At safepoint: 76041 ns, Total: 236000 ns
[2025-09-09T06:07:18.238+0000][121][info ][safepoint   ] Safepoint "Cleanup", Time since last: 1002294501 ns, Reaching safepoint: 36708 ns, Cleanup: 26583 ns, At safepoint: 10709 ns, Total: 74000 ns
[2025-09-09T06:07:19.240+0000][121][info ][safepoint   ] Safepoint "Cleanup", Time since last: 1001627959 ns, Reaching safepoint: 61916 ns, Cleanup: 85584 ns, At safepoint: 40291 ns, Total: 187791 ns
[2025-09-09T06:07:20.241+0000][121][info ][safepoint   ] Safepoint "Cleanup", Time since last: 1000883084 ns, Reaching safepoint: 30042 ns, Cleanup: 23916 ns, At safepoint: 15042 ns, Total: 69000 ns
[2025-09-09T06:07:21.242+0000][121][info ][safepoint   ] Safepoint "Cleanup", Time since last: 1001610376 ns, Reaching safepoint: 115208 ns, Cleanup: 46542 ns, At safepoint: 20000 ns, Total: 181750 ns
[2025-09-09T06:07:24.246+0000][121][info ][safepoint   ] Safepoint "Cleanup", Time since last: 3003803793 ns, Reaching safepoint: 128791 ns, Cleanup: 61875 ns, At safepoint: 77209 ns, Total: 267875 ns
[2025-09-09T06:07:25.249+0000][121][info ][safepoint   ] Safepoint "Cleanup", Time since last: 1002630583 ns, Reaching safepoint: 88667 ns, Cleanup: 111458 ns, At safepoint: 27125 ns, Total: 227250 ns
[2025-09-09T06:07:26.251+0000][121][info ][safepoint   ] Safepoint "Cleanup", Time since last: 1001370543 ns, Reaching safepoint: 89333 ns, Cleanup: 58833 ns, At safepoint: 20459 ns, Total: 168625 ns
[2025-09-09T06:07:28.257+0000][121][info ][safepoint   ] Safepoint "Cleanup", Time since last: 2005757917 ns, Reaching safepoint: 31417 ns, Cleanup: 19417 ns, At safepoint: 8375 ns, Total: 59209 ns
[2025-09-09T06:07:29.258+0000][121][info ][safepoint   ] Safepoint "Cleanup", Time since last: 1001377292 ns, Reaching safepoint: 71291 ns, Cleanup: 47959 ns, At safepoint: 13375 ns, Total: 132625 ns
[2025-09-09T06:07:31.262+0000][121][info ][safepoint   ] Safepoint "Cleanup", Time since last: 2003334042 ns, Reaching safepoint: 277000 ns, Cleanup: 71209 ns, At safepoint: 36291 ns, Total: 384500 ns
[2025-09-09T06:07:37.269+0000][121][info ][safepoint   ] Safepoint "Cleanup", Time since last: 6006946211 ns, Reaching safepoint: 216584 ns, Cleanup: 18500 ns, At safepoint: 10166 ns, Total: 245250 ns
[2025-09-09T06:07:40.273+0000][121][info ][safepoint   ] Safepoint "Cleanup", Time since last: 3003409877 ns, Reaching safepoint: 43833 ns, Cleanup: 24250 ns, At safepoint: 9125 ns, Total: 77208 ns
[2025-09-09T06:07:41.273+0000][121][info ][safepoint   ] Safepoint "Cleanup", Time since last: 1000555876 ns, Reaching safepoint: 80750 ns, Cleanup: 39083 ns, At safepoint: 16958 ns, Total: 136791 ns
[2025-09-09T06:07:45.267+0000][121][info ][safepoint   ] Safepoint "Cleanup", Time since last: 4004603252 ns, Reaching safepoint: 70333 ns, Cleanup: 40875 ns, At safepoint: 18167 ns, Total: 129375 ns
[2025-09-09T06:07:47.048+0000][121][info ][safepoint   ] Safepoint "Cleanup", Time since last: 1780249042 ns, Reaching safepoint: 22084 ns, Cleanup: 68541 ns, At safepoint: 18417 ns, Total: 109042 ns
[2025-09-09T06:07:49.059+0000][121][info ][safepoint   ] Safepoint "Cleanup", Time since last: 2010618334 ns, Reaching safepoint: 70250 ns, Cleanup: 53917 ns, At safepoint: 17083 ns, Total: 141250 ns
[2025-09-09T06:07:51.061+0000][121][info ][safepoint   ] Safepoint "Cleanup", Time since last: 2002504751 ns, Reaching safepoint: 86583 ns, Cleanup: 95625 ns, At safepoint: 31834 ns, Total: 214042 ns
[2025-09-09T06:07:55.231+0000][121][info ][safepoint   ] Safepoint "Cleanup", Time since last: 4169912752 ns, Reaching safepoint: 110916 ns, Cleanup: 67459 ns, At safepoint: 23333 ns, Total: 201708 ns
[2025-09-09T06:07:58.235+0000][121][info ][safepoint   ] Safepoint "Cleanup", Time since last: 3003650252 ns, Reaching safepoint: 75666 ns, Cleanup: 49459 ns, At safepoint: 20208 ns, Total: 145333 ns
[2025-09-09T06:07:59.236+0000][121][info ][safepoint   ] Safepoint "Cleanup", Time since last: 1001149834 ns, Reaching safepoint: 34833 ns, Cleanup: 24042 ns, At safepoint: 20166 ns, Total: 79041 ns
[2025-09-09T06:08:01.239+0000][121][info ][safepoint   ] Safepoint "Cleanup", Time since last: 2002126751 ns, Reaching safepoint: 51500 ns, Cleanup: 121250 ns, At safepoint: 22625 ns, Total: 195375 ns
[2025-09-09T06:08:02.241+0000][121][info ][safepoint   ] Safepoint "Cleanup", Time since last: 1002157376 ns, Reaching safepoint: 43791 ns, Cleanup: 28709 ns, At safepoint: 11583 ns, Total: 84083 ns
[2025-09-09T06:08:03.242+0000][121][info ][safepoint   ] Safepoint "Cleanup", Time since last: 1001096792 ns, Reaching safepoint: 100084 ns, Cleanup: 61083 ns, At safepoint: 20875 ns, Total: 182042 ns
[2025-09-09T06:08:04.243+0000][121][info ][safepoint   ] Safepoint "Cleanup", Time since last: 1000727250 ns, Reaching safepoint: 250292 ns, Cleanup: 77208 ns, At safepoint: 31709 ns, Total: 359209 ns
[2025-09-09T06:08:08.249+0000][121][info ][safepoint   ] Safepoint "Cleanup", Time since last: 4005044002 ns, Reaching safepoint: 71041 ns, Cleanup: 41000 ns, At safepoint: 14000 ns, Total: 126041 ns
[2025-09-09T06:08:10.251+0000][121][info ][safepoint   ] Safepoint "Cleanup", Time since last: 2002568460 ns, Reaching safepoint: 105083 ns, Cleanup: 72958 ns, At safepoint: 28875 ns, Total: 206916 ns
[2025-09-09T06:08:13.266+0000][121][info ][safepoint   ] Safepoint "Cleanup", Time since last: 3003780376 ns, Reaching safepoint: 49583 ns, Cleanup: 29875 ns, At safepoint: 10458 ns, Total: 89916 ns
[2025-09-09T06:08:15.267+0000][121][info ][safepoint   ] Safepoint "Cleanup", Time since last: 2001529835 ns, Reaching safepoint: 52041 ns, Cleanup: 37625 ns, At safepoint: 33459 ns, Total: 123125 ns
[2025-09-09T06:08:19.272+0000][121][info ][safepoint   ] Safepoint "Cleanup", Time since last: 4004168627 ns, Reaching safepoint: 31833 ns, Cleanup: 29333 ns, At safepoint: 13542 ns, Total: 74708 ns
[2025-09-09T06:08:20.272+0000][121][info ][safepoint   ] Safepoint "Cleanup", Time since last: 1000872167 ns, Reaching safepoint: 33333 ns, Cleanup: 30667 ns, At safepoint: 16125 ns, Total: 80125 ns
[2025-09-09T06:08:22.275+0000][121][info ][safepoint   ] Safepoint "Cleanup", Time since last: 2002733209 ns, Reaching safepoint: 70084 ns, Cleanup: 71125 ns, At safepoint: 20416 ns, Total: 161625 ns
[2025-09-09T06:08:24.278+0000][121][info ][safepoint   ] Safepoint "Cleanup", Time since last: 2002210668 ns, Reaching safepoint: 104500 ns, Cleanup: 171542 ns, At safepoint: 23958 ns, Total: 300000 ns
[2025-09-09T06:08:26.199+0000][121][info ][safepoint   ] Safepoint "Cleanup", Time since last: 1920351709 ns, Reaching safepoint: 164792 ns, Cleanup: 141125 ns, At safepoint: 22250 ns, Total: 328167 ns
[2025-09-09T06:08:27.269+0000][121][info ][safepoint   ] Safepoint "Cleanup", Time since last: 1070273750 ns, Reaching safepoint: 37584 ns, Cleanup: 22125 ns, At safepoint: 19000 ns, Total: 78709 ns
[2025-09-09T06:08:29.270+0000][121][info ][safepoint   ] Safepoint "Cleanup", Time since last: 2000857251 ns, Reaching safepoint: 136250 ns, Cleanup: 50750 ns, At safepoint: 24958 ns, Total: 211958 ns
[2025-09-09T06:08:32.274+0000][121][info ][safepoint   ] Safepoint "Cleanup", Time since last: 3003909793 ns, Reaching safepoint: 341458 ns, Cleanup: 55459 ns, At safepoint: 147875 ns, Total: 544792 ns
[2025-09-09T06:08:33.277+0000][121][info ][safepoint   ] Safepoint "Cleanup", Time since last: 1000952417 ns, Reaching safepoint: 1174667 ns, Cleanup: 24458 ns, At safepoint: 23167 ns, Total: 1222292 ns
[2025-09-09T06:08:34.278+0000][121][info ][safepoint   ] Safepoint "Cleanup", Time since last: 1001015167 ns, Reaching safepoint: 126166 ns, Cleanup: 180292 ns, At safepoint: 50458 ns, Total: 356916 ns
[2025-09-09T06:08:37.283+0000][121][info ][safepoint   ] Safepoint "Cleanup", Time since last: 3005144418 ns, Reaching safepoint: 209792 ns, Cleanup: 82958 ns, At safepoint: 33500 ns, Total: 326250 ns
[2025-09-09T06:08:39.287+0000][121][info ][safepoint   ] Safepoint "Cleanup", Time since last: 2002951751 ns, Reaching safepoint: 72125 ns, Cleanup: 45459 ns, At safepoint: 21958 ns, Total: 139542 ns
[2025-09-09T06:08:44.293+0000][121][info ][safepoint   ] Safepoint "Cleanup", Time since last: 5006170585 ns, Reaching safepoint: 227917 ns, Cleanup: 51250 ns, At safepoint: 37958 ns, Total: 317125 ns
[2025-09-09T06:08:45.295+0000][121][info ][safepoint   ] Safepoint "Cleanup", Time since last: 1001740584 ns, Reaching safepoint: 97375 ns, Cleanup: 34833 ns, At safepoint: 18167 ns, Total: 150375 ns
[2025-09-09T06:08:47.301+0000][121][info ][safepoint   ] Safepoint "Cleanup", Time since last: 2006685043 ns, Reaching safepoint: 62666 ns, Cleanup: 37042 ns, At safepoint: 16833 ns, Total: 116541 ns
[2025-09-09T06:08:48.818+0000][121][info ][safepoint   ] Safepoint "Cleanup", Time since last: 1516227918 ns, Reaching safepoint: 5666 ns, Cleanup: 25375 ns, At safepoint: 10042 ns, Total: 41083 ns
[2025-09-09T06:08:50.387+0000][121][info ][safepoint   ] Safepoint "Cleanup", Time since last: 1569020917 ns, Reaching safepoint: 11084 ns, Cleanup: 136500 ns, At safepoint: 11458 ns, Total: 159042 ns
[2025-09-09T06:08:52.248+0000][121][info ][safepoint   ] Safepoint "Cleanup", Time since last: 1860345334 ns, Reaching safepoint: 559417 ns, Cleanup: 43000 ns, At safepoint: 14667 ns, Total: 617084 ns
[2025-09-09T06:08:53.837+0000][121][info ][safepoint   ] Safepoint "Cleanup", Time since last: 1588850875 ns, Reaching safepoint: 5750 ns, Cleanup: 46167 ns, At safepoint: 4708 ns, Total: 56625 ns
[2025-09-09T06:08:54.881+0000][121][info ][safepoint   ] Safepoint "Cleanup", Time since last: 1043858876 ns, Reaching safepoint: 675500 ns, Cleanup: 36333 ns, At safepoint: 10417 ns, Total: 722250 ns
[2025-09-09T06:09:00.887+0000][121][info ][safepoint   ] Safepoint "Cleanup", Time since last: 6005136003 ns, Reaching safepoint: 227250 ns, Cleanup: 33958 ns, At safepoint: 9500 ns, Total: 270708 ns
[2025-09-09T06:09:03.892+0000][121][info ][safepoint   ] Safepoint "Cleanup", Time since last: 3003600877 ns, Reaching safepoint: 1686291 ns, Cleanup: 42750 ns, At safepoint: 13417 ns, Total: 1742458 ns
[2025-09-09T06:09:08.898+0000][121][info ][safepoint   ] Safepoint "Cleanup", Time since last: 5006218169 ns, Reaching safepoint: 75083 ns, Cleanup: 42750 ns, At safepoint: 17959 ns, Total: 135792 ns
[2025-09-09T06:09:13.906+0000][121][info ][safepoint   ] Safepoint "Cleanup", Time since last: 5007824168 ns, Reaching safepoint: 88250 ns, Cleanup: 39625 ns, At safepoint: 23792 ns, Total: 151667 ns
[2025-09-09T06:09:18.910+0000][121][info ][safepoint   ] Safepoint "Cleanup", Time since last: 5003858044 ns, Reaching safepoint: 58292 ns, Cleanup: 40458 ns, At safepoint: 17083 ns, Total: 115833 ns
[2025-09-09T06:09:20.913+0000][121][info ][safepoint   ] Safepoint "Cleanup", Time since last: 2001908793 ns, Reaching safepoint: 267125 ns, Cleanup: 93292 ns, At safepoint: 22458 ns, Total: 382875 ns
[2025-09-09T06:09:21.914+0000][121][info ][safepoint   ] Safepoint "Cleanup", Time since last: 1001486834 ns, Reaching safepoint: 14750 ns, Cleanup: 14958 ns, At safepoint: 5917 ns, Total: 35625 ns
[2025-09-09T06:09:23.916+0000][121][info ][safepoint   ] Safepoint "Cleanup", Time since last: 2001953501 ns, Reaching safepoint: 167666 ns, Cleanup: 42959 ns, At safepoint: 31458 ns, Total: 242083 ns
[2025-09-09T06:09:33.927+0000][121][info ][safepoint   ] Safepoint "Cleanup", Time since last: 10010704255 ns, Reaching safepoint: 247958 ns, Cleanup: 37042 ns, At safepoint: 21583 ns, Total: 306583 ns
[2025-09-09T06:09:38.932+0000][121][info ][safepoint   ] Safepoint "Cleanup", Time since last: 5004233961 ns, Reaching safepoint: 83500 ns, Cleanup: 108000 ns, At safepoint: 58958 ns, Total: 250458 ns
[2025-09-09T06:09:39.934+0000][121][info ][safepoint   ] Safepoint "Cleanup", Time since last: 1001421792 ns, Reaching safepoint: 920959 ns, Cleanup: 38625 ns, At safepoint: 46250 ns, Total: 1005834 ns
[2025-09-09T06:09:43.939+0000][121][info ][safepoint   ] Safepoint "Cleanup", Time since last: 4004013043 ns, Reaching safepoint: 166958 ns, Cleanup: 57959 ns, At safepoint: 18166 ns, Total: 243083 ns
[2025-09-09T06:09:51.845+0000][121][info ][safepoint   ] Safepoint "Cleanup", Time since last: 7905988046 ns, Reaching safepoint: 24041 ns, Cleanup: 62042 ns, At safepoint: 9167 ns, Total: 95250 ns
[2025-09-09T06:09:53.676+0000][121][info ][safepoint   ] Safepoint "Cleanup", Time since last: 1831164167 ns, Reaching safepoint: 14792 ns, Cleanup: 139750 ns, At safepoint: 16083 ns, Total: 170625 ns
[2025-09-09T06:09:58.683+0000][121][info ][safepoint   ] Safepoint "Cleanup", Time since last: 5006452294 ns, Reaching safepoint: 149709 ns, Cleanup: 39833 ns, At safepoint: 22000 ns, Total: 211542 ns
[2025-09-09T06:10:05.692+0000][121][info ][safepoint   ] Safepoint "Cleanup", Time since last: 7008791628 ns, Reaching safepoint: 300000 ns, Cleanup: 76459 ns, At safepoint: 31791 ns, Total: 408250 ns
[2025-09-09T06:10:19.709+0000][121][info ][safepoint   ] Safepoint "Cleanup", Time since last: 14016396215 ns, Reaching safepoint: 431958 ns, Cleanup: 53375 ns, At safepoint: 28833 ns, Total: 514166 ns
[2025-09-09T06:10:20.713+0000][121][info ][safepoint   ] Safepoint "Cleanup", Time since last: 1003436126 ns, Reaching safepoint: 87042 ns, Cleanup: 111916 ns, At safepoint: 17584 ns, Total: 216542 ns
[2025-09-09T06:10:24.717+0000][121][info ][safepoint   ] Safepoint "Cleanup", Time since last: 4004187793 ns, Reaching safepoint: 108000 ns, Cleanup: 82250 ns, At safepoint: 13167 ns, Total: 203417 ns
[2025-09-09T06:10:25.719+0000][121][info ][safepoint   ] Safepoint "Cleanup", Time since last: 1001497375 ns, Reaching safepoint: 77000 ns, Cleanup: 51500 ns, At safepoint: 24167 ns, Total: 152667 ns
[2025-09-09T06:10:34.728+0000][121][info ][safepoint   ] Safepoint "Cleanup", Time since last: 9008880921 ns, Reaching safepoint: 249750 ns, Cleanup: 53833 ns, At safepoint: 33375 ns, Total: 336958 ns
[2025-09-09T06:10:37.732+0000][121][info ][safepoint   ] Safepoint "Cleanup", Time since last: 3004038002 ns, Reaching safepoint: 79041 ns, Cleanup: 52459 ns, At safepoint: 26458 ns, Total: 157958 ns
[2025-09-09T06:10:43.739+0000][121][info ][safepoint   ] Safepoint "Cleanup", Time since last: 6006565044 ns, Reaching safepoint: 75542 ns, Cleanup: 35083 ns, At safepoint: 16292 ns, Total: 126917 ns
[2025-09-09T06:10:44.741+0000][121][info ][safepoint   ] Safepoint "Cleanup", Time since last: 1001828167 ns, Reaching safepoint: 74416 ns, Cleanup: 39667 ns, At safepoint: 12542 ns, Total: 126625 ns
[2025-09-09T06:10:45.742+0000][121][info ][safepoint   ] Safepoint "Cleanup", Time since last: 1001081459 ns, Reaching safepoint: 64250 ns, Cleanup: 107708 ns, At safepoint: 19083 ns, Total: 191041 ns
[2025-09-09T06:10:48.745+0000][121][info ][safepoint   ] Safepoint "Cleanup", Time since last: 3002861793 ns, Reaching safepoint: 78250 ns, Cleanup: 45042 ns, At safepoint: 21000 ns, Total: 144292 ns
[2025-09-09T06:10:54.842+0000][121][info ][safepoint   ] Safepoint "Cleanup", Time since last: 6096911211 ns, Reaching safepoint: 388750 ns, Cleanup: 7042 ns, At safepoint: 12125 ns, Total: 407917 ns
[2025-09-09T06:10:55.857+0000][121][info ][safepoint   ] Safepoint "Cleanup", Time since last: 1014768584 ns, Reaching safepoint: 59541 ns, Cleanup: 55542 ns, At safepoint: 47542 ns, Total: 162625 ns
[2025-09-09T06:10:56.918+0000][121][info ][safepoint   ] Safepoint "Cleanup", Time since last: 1060547584 ns, Reaching safepoint: 9916 ns, Cleanup: 45667 ns, At safepoint: 12000 ns, Total: 67583 ns
[2025-09-09T06:10:57.920+0000][121][info ][safepoint   ] Safepoint "Cleanup", Time since last: 1002610542 ns, Reaching safepoint: 55708 ns, Cleanup: 24875 ns, At safepoint: 12709 ns, Total: 93292 ns
[2025-09-09T06:11:00.923+0000][121][info ][safepoint   ] Safepoint "Cleanup", Time since last: 3002757168 ns, Reaching safepoint: 118083 ns, Cleanup: 24125 ns, At safepoint: 15458 ns, Total: 157666 ns
[2025-09-09T06:11:05.928+0000][121][info ][safepoint   ] Safepoint "Cleanup", Time since last: 5004941086 ns, Reaching safepoint: 60083 ns, Cleanup: 26250 ns, At safepoint: 15917 ns, Total: 102250 ns
[2025-09-09T06:11:06.930+0000][121][info ][safepoint   ] Safepoint "Cleanup", Time since last: 1001796959 ns, Reaching safepoint: 54375 ns, Cleanup: 24917 ns, At safepoint: 19083 ns, Total: 98375 ns
[2025-09-09T06:11:07.931+0000][121][info ][safepoint   ] Safepoint "Cleanup", Time since last: 1001011042 ns, Reaching safepoint: 50792 ns, Cleanup: 25583 ns, At safepoint: 8042 ns, Total: 84417 ns
[2025-09-09T06:11:13.938+0000][121][info ][safepoint   ] Safepoint "Cleanup", Time since last: 6005928002 ns, Reaching safepoint: 169125 ns, Cleanup: 54125 ns, At safepoint: 26959 ns, Total: 250209 ns
[2025-09-09T06:11:20.946+0000][121][info ][safepoint   ] Safepoint "Cleanup", Time since last: 7007958628 ns, Reaching safepoint: 221292 ns, Cleanup: 56958 ns, At safepoint: 9958 ns, Total: 288208 ns
[2025-09-09T06:11:21.948+0000][121][info ][safepoint   ] Safepoint "Cleanup", Time since last: 1001875792 ns, Reaching safepoint: 484584 ns, Cleanup: 33875 ns, At safepoint: 21125 ns, Total: 539584 ns
[2025-09-09T06:11:27.954+0000][121][info ][safepoint   ] Safepoint "Cleanup", Time since last: 6006038586 ns, Reaching safepoint: 59000 ns, Cleanup: 22250 ns, At safepoint: 7583 ns, Total: 88833 ns
[2025-09-09T06:11:33.961+0000][121][info ][safepoint   ] Safepoint "Cleanup", Time since last: 6006093003 ns, Reaching safepoint: 35625 ns, Cleanup: 20459 ns, At safepoint: 7750 ns, Total: 63834 ns
[2025-09-09T06:11:41.969+0000][121][info ][safepoint   ] Safepoint "Cleanup", Time since last: 8008157877 ns, Reaching safepoint: 34667 ns, Cleanup: 13833 ns, At safepoint: 6417 ns, Total: 54917 ns
[2025-09-09T06:11:57.861+0000][121][info ][safepoint   ] Safepoint "Cleanup", Time since last: 15892206508 ns, Reaching safepoint: 7333 ns, Cleanup: 16583 ns, At safepoint: 8834 ns, Total: 32750 ns
[2025-09-09T06:11:59.065+0000][121][info ][safepoint   ] Safepoint "Cleanup", Time since last: 1203209917 ns, Reaching safepoint: 28667 ns, Cleanup: 66083 ns, At safepoint: 19458 ns, Total: 114208 ns
[2025-09-09T06:12:01.069+0000][121][info ][safepoint   ] Safepoint "Cleanup", Time since last: 2003921001 ns, Reaching safepoint: 53375 ns, Cleanup: 31833 ns, At safepoint: 12500 ns, Total: 97708 ns
[2025-09-09T06:12:02.070+0000][121][info ][safepoint   ] Safepoint "Cleanup", Time since last: 1001061834 ns, Reaching safepoint: 29917 ns, Cleanup: 19000 ns, At safepoint: 8125 ns, Total: 57042 ns
[2025-09-09T06:12:04.072+0000][121][info ][safepoint   ] Safepoint "Cleanup", Time since last: 2001916834 ns, Reaching safepoint: 177292 ns, Cleanup: 48167 ns, At safepoint: 24958 ns, Total: 250417 ns
[2025-09-09T06:12:07.076+0000][121][info ][safepoint   ] Safepoint "Cleanup", Time since last: 3004262585 ns, Reaching safepoint: 265708 ns, Cleanup: 42625 ns, At safepoint: 29333 ns, Total: 337666 ns
[2025-09-09T06:12:09.079+0000][121][info ][safepoint   ] Safepoint "Cleanup", Time since last: 2002517335 ns, Reaching safepoint: 67000 ns, Cleanup: 50291 ns, At safepoint: 13875 ns, Total: 131166 ns
[2025-09-09T06:12:13.813+0000][121][info ][gc,start    ] GC(22) Pause Young (Prepare Mixed) (G1 Evacuation Pause)
[2025-09-09T06:12:13.814+0000][121][info ][gc,task     ] GC(22) Using 8 workers of 8 for evacuation
[2025-09-09T06:12:13.814+0000][121][debug][gc,age      ] GC(22) Desired survivor size 41943040 bytes, new threshold 15 (max threshold 15)
[2025-09-09T06:12:13.894+0000][121][info ][gc,phases   ] GC(22)   Pre Evacuate Collection Set: 3.42ms
[2025-09-09T06:12:13.894+0000][121][info ][gc,phases   ] GC(22)   Merge Heap Roots: 0.42ms
[2025-09-09T06:12:13.894+0000][121][info ][gc,phases   ] GC(22)   Evacuate Collection Set: 70.77ms
[2025-09-09T06:12:13.894+0000][121][info ][gc,phases   ] GC(22)   Post Evacuate Collection Set: 4.31ms
[2025-09-09T06:12:13.894+0000][121][info ][gc,phases   ] GC(22)   Other: 0.63ms
[2025-09-09T06:12:13.894+0000][121][trace][gc,age      ] GC(22) Age table with threshold 15 (max threshold 15)
[2025-09-09T06:12:13.894+0000][121][trace][gc,age      ] GC(22) - age   1:     646760 bytes,     646760 total
[2025-09-09T06:12:13.894+0000][121][trace][gc,age      ] GC(22) - age   2:    2726872 bytes,    3373632 total
[2025-09-09T06:12:13.894+0000][121][trace][gc,age      ] GC(22) - age   3:    6142752 bytes,    9516384 total
[2025-09-09T06:12:13.894+0000][121][trace][gc,age      ] GC(22) - age   4:    3044168 bytes,   12560552 total
[2025-09-09T06:12:13.894+0000][121][trace][gc,age      ] GC(22) - age   5:   17985840 bytes,   30546392 total
[2025-09-09T06:12:13.894+0000][121][trace][gc,age      ] GC(22) - age   6:      11480 bytes,   30557872 total
[2025-09-09T06:12:13.894+0000][121][info ][gc,heap     ] GC(22) Eden regions: 144->0(144)
[2025-09-09T06:12:13.894+0000][121][info ][gc,heap     ] GC(22) Survivor regions: 9->9(20)
[2025-09-09T06:12:13.894+0000][121][info ][gc,heap     ] GC(22) Old regions: 29->29
[2025-09-09T06:12:13.894+0000][121][info ][gc,heap     ] GC(22) Humongous regions: 2->2
[2025-09-09T06:12:13.894+0000][121][info ][gc,metaspace] GC(22) Metaspace: 162117K(166528K)->162117K(166528K) NonClass: 139607K(142016K)->139607K(142016K) Class: 22509K(24512K)->22509K(24512K)
[2025-09-09T06:12:13.894+0000][121][info ][gc          ] GC(22) Pause Young (Prepare Mixed) (G1 Evacuation Pause) 732M->157M(1024M) 81.006ms
[2025-09-09T06:12:13.894+0000][121][info ][gc,cpu      ] GC(22) User=0.58s Sys=0.01s Real=0.08s
[2025-09-09T06:12:13.894+0000][121][info ][safepoint   ] Safepoint "G1CollectForAllocation", Time since last: 4733647668 ns, Reaching safepoint: 159500 ns, Cleanup: 14667 ns, At safepoint: 81270875 ns, Total: 81445042 ns
[2025-09-09T06:12:15.896+0000][121][info ][safepoint   ] Safepoint "Cleanup", Time since last: 2001998668 ns, Reaching safepoint: 22333 ns, Cleanup: 25167 ns, At safepoint: 8833 ns, Total: 56333 ns
[2025-09-09T06:12:20.903+0000][121][info ][safepoint   ] Safepoint "Cleanup", Time since last: 5006505294 ns, Reaching safepoint: 64375 ns, Cleanup: 74917 ns, At safepoint: 22041 ns, Total: 161333 ns
[2025-09-09T06:12:23.909+0000][121][info ][safepoint   ] Safepoint "Cleanup", Time since last: 3005642127 ns, Reaching safepoint: 384250 ns, Cleanup: 63541 ns, At safepoint: 20875 ns, Total: 468666 ns
[2025-09-09T06:12:43.929+0000][121][info ][safepoint   ] Safepoint "Cleanup", Time since last: 20020179968 ns, Reaching safepoint: 335708 ns, Cleanup: 125667 ns, At safepoint: 21917 ns, Total: 483292 ns
[2025-09-09T06:12:52.912+0000][121][info ][safepoint   ] Safepoint "Cleanup", Time since last: 8983037796 ns, Reaching safepoint: 90000 ns, Cleanup: 52250 ns, At safepoint: 26708 ns, Total: 168958 ns
[2025-09-09T06:12:57.920+0000][121][info ][safepoint   ] Safepoint "Cleanup", Time since last: 5007686669 ns, Reaching safepoint: 76708 ns, Cleanup: 38417 ns, At safepoint: 13375 ns, Total: 128500 ns
[2025-09-09T06:13:00.898+0000][121][info ][safepoint   ] Safepoint "Cleanup", Time since last: 2978176543 ns, Reaching safepoint: 5208 ns, Cleanup: 17750 ns, At safepoint: 10417 ns, Total: 33375 ns
[2025-09-09T06:13:02.296+0000][121][info ][safepoint   ] Safepoint "Cleanup", Time since last: 1396617084 ns, Reaching safepoint: 1044167 ns, Cleanup: 113375 ns, At safepoint: 31416 ns, Total: 1188958 ns
[2025-09-09T06:13:03.301+0000][121][info ][safepoint   ] Safepoint "Cleanup", Time since last: 1004845334 ns, Reaching safepoint: 49417 ns, Cleanup: 24500 ns, At safepoint: 13458 ns, Total: 87375 ns
[2025-09-09T06:13:05.303+0000][121][info ][safepoint   ] Safepoint "Cleanup", Time since last: 2002244710 ns, Reaching safepoint: 214583 ns, Cleanup: 87167 ns, At safepoint: 39375 ns, Total: 341125 ns
[2025-09-09T06:13:06.305+0000][121][info ][safepoint   ] Safepoint "Cleanup", Time since last: 1001462042 ns, Reaching safepoint: 71666 ns, Cleanup: 45792 ns, At safepoint: 15000 ns, Total: 132458 ns
[2025-09-09T06:13:09.308+0000][121][info ][safepoint   ] Safepoint "Cleanup", Time since last: 3003249626 ns, Reaching safepoint: 135834 ns, Cleanup: 45583 ns, At safepoint: 26667 ns, Total: 208084 ns
[2025-09-09T06:13:19.322+0000][121][info ][safepoint   ] Safepoint "Cleanup", Time since last: 10011844796 ns, Reaching safepoint: 122333 ns, Cleanup: 34959 ns, At safepoint: 35166 ns, Total: 192458 ns
[2025-09-09T06:13:20.324+0000][121][info ][safepoint   ] Safepoint "Cleanup", Time since last: 1002698834 ns, Reaching safepoint: 21792 ns, Cleanup: 18166 ns, At safepoint: 11417 ns, Total: 51375 ns
[2025-09-09T06:13:21.909+0000][121][info ][safepoint   ] Safepoint "Cleanup", Time since last: 1584534667 ns, Reaching safepoint: 8292 ns, Cleanup: 14583 ns, At safepoint: 4167 ns, Total: 27042 ns
[2025-09-09T06:13:23.401+0000][121][info ][safepoint   ] Safepoint "Cleanup", Time since last: 1492232376 ns, Reaching safepoint: 53667 ns, Cleanup: 50333 ns, At safepoint: 17875 ns, Total: 121875 ns
[2025-09-09T06:13:24.402+0000][121][info ][safepoint   ] Safepoint "Cleanup", Time since last: 1000557959 ns, Reaching safepoint: 197041 ns, Cleanup: 56334 ns, At safepoint: 29583 ns, Total: 282958 ns
[2025-09-09T06:13:25.430+0000][121][info ][safepoint   ] Safepoint "Cleanup", Time since last: 1027640459 ns, Reaching safepoint: 7583 ns, Cleanup: 33583 ns, At safepoint: 9500 ns, Total: 50666 ns
[2025-09-09T06:13:26.448+0000][121][info ][safepoint   ] Safepoint "Cleanup", Time since last: 1018103543 ns, Reaching safepoint: 83958 ns, Cleanup: 36542 ns, At safepoint: 19208 ns, Total: 139708 ns
[2025-09-09T06:13:29.451+0000][121][info ][safepoint   ] Safepoint "Cleanup", Time since last: 3002793001 ns, Reaching safepoint: 139209 ns, Cleanup: 30541 ns, At safepoint: 18375 ns, Total: 188125 ns
[2025-09-09T06:13:30.452+0000][121][info ][safepoint   ] Safepoint "Cleanup", Time since last: 1000649584 ns, Reaching safepoint: 28042 ns, Cleanup: 11583 ns, At safepoint: 8042 ns, Total: 47667 ns
[2025-09-09T06:13:31.453+0000][121][info ][safepoint   ] Safepoint "Cleanup", Time since last: 1001385042 ns, Reaching safepoint: 222750 ns, Cleanup: 85250 ns, At safepoint: 53792 ns, Total: 361792 ns
[2025-09-09T06:13:32.457+0000][121][info ][safepoint   ] Safepoint "Cleanup", Time since last: 1002880500 ns, Reaching safepoint: 86792 ns, Cleanup: 43166 ns, At safepoint: 16000 ns, Total: 145958 ns
[2025-09-09T06:13:34.459+0000][121][info ][safepoint   ] Safepoint "Cleanup", Time since last: 2002707418 ns, Reaching safepoint: 78333 ns, Cleanup: 92334 ns, At safepoint: 24375 ns, Total: 195042 ns
[2025-09-09T06:13:39.467+0000][121][info ][safepoint   ] Safepoint "Cleanup", Time since last: 5006358127 ns, Reaching safepoint: 693333 ns, Cleanup: 373667 ns, At safepoint: 106000 ns, Total: 1173000 ns
[2025-09-09T06:13:41.471+0000][121][info ][safepoint   ] Safepoint "Cleanup", Time since last: 2004227043 ns, Reaching safepoint: 56666 ns, Cleanup: 38959 ns, At safepoint: 17708 ns, Total: 113333 ns
[2025-09-09T06:13:42.472+0000][121][info ][safepoint   ] Safepoint "Cleanup", Time since last: 1001520791 ns, Reaching safepoint: 76417 ns, Cleanup: 49917 ns, At safepoint: 18166 ns, Total: 144500 ns
[2025-09-09T06:13:44.475+0000][121][info ][safepoint   ] Safepoint "Cleanup", Time since last: 2002255501 ns, Reaching safepoint: 49917 ns, Cleanup: 44167 ns, At safepoint: 19000 ns, Total: 113084 ns
[2025-09-09T06:13:49.480+0000][121][info ][safepoint   ] Safepoint "Cleanup", Time since last: 5005586335 ns, Reaching safepoint: 77167 ns, Cleanup: 42417 ns, At safepoint: 18625 ns, Total: 138209 ns
[2025-09-09T06:13:50.483+0000][121][info ][safepoint   ] Safepoint "Cleanup", Time since last: 1002037708 ns, Reaching safepoint: 122750 ns, Cleanup: 34375 ns, At safepoint: 26375 ns, Total: 183500 ns
[2025-09-09T06:13:51.484+0000][121][info ][safepoint   ] Safepoint "Cleanup", Time since last: 1001650334 ns, Reaching safepoint: 18000 ns, Cleanup: 48625 ns, At safepoint: 6042 ns, Total: 72667 ns
[2025-09-09T06:13:52.988+0000][121][info ][safepoint   ] Safepoint "Cleanup", Time since last: 1503192959 ns, Reaching safepoint: 110250 ns, Cleanup: 74333 ns, At safepoint: 34292 ns, Total: 218875 ns
[2025-09-09T06:13:54.973+0000][121][info ][safepoint   ] Safepoint "Cleanup", Time since last: 1985564543 ns, Reaching safepoint: 23291 ns, Cleanup: 76125 ns, At safepoint: 13125 ns, Total: 112541 ns
[2025-09-09T06:13:55.975+0000][121][info ][safepoint   ] Safepoint "Cleanup", Time since last: 1001480209 ns, Reaching safepoint: 151500 ns, Cleanup: 31333 ns, At safepoint: 16917 ns, Total: 199750 ns
[2025-09-09T06:13:56.976+0000][121][info ][safepoint   ] Safepoint "Cleanup", Time since last: 1000984751 ns, Reaching safepoint: 153333 ns, Cleanup: 29500 ns, At safepoint: 15500 ns, Total: 198333 ns
[2025-09-09T06:13:57.978+0000][121][info ][safepoint   ] Safepoint "Cleanup", Time since last: 1001453792 ns, Reaching safepoint: 300458 ns, Cleanup: 19167 ns, At safepoint: 14458 ns, Total: 334083 ns
[2025-09-09T06:13:58.980+0000][121][info ][safepoint   ] Safepoint "Cleanup", Time since last: 1001401459 ns, Reaching safepoint: 89250 ns, Cleanup: 72333 ns, At safepoint: 29000 ns, Total: 190583 ns
[2025-09-09T06:14:00.982+0000][121][info ][safepoint   ] Safepoint "Cleanup", Time since last: 2002634293 ns, Reaching safepoint: 58375 ns, Cleanup: 31333 ns, At safepoint: 12375 ns, Total: 102083 ns
[2025-09-09T06:14:01.983+0000][121][info ][safepoint   ] Safepoint "Cleanup", Time since last: 1000637334 ns, Reaching safepoint: 28000 ns, Cleanup: 40667 ns, At safepoint: 8708 ns, Total: 77375 ns
[2025-09-09T06:14:03.900+0000][121][info ][safepoint   ] Safepoint "Cleanup", Time since last: 1916379835 ns, Reaching safepoint: 15708 ns, Cleanup: 25083 ns, At safepoint: 3917 ns, Total: 44708 ns
[2025-09-09T06:14:05.592+0000][121][info ][safepoint   ] Safepoint "Cleanup", Time since last: 1690582501 ns, Reaching safepoint: 1399750 ns, Cleanup: 78958 ns, At safepoint: 29875 ns, Total: 1508583 ns
[2025-09-09T06:14:13.621+0000][121][info ][safepoint   ] Safepoint "Cleanup", Time since last: 8027821628 ns, Reaching safepoint: 845958 ns, Cleanup: 51958 ns, At safepoint: 17125 ns, Total: 915041 ns
[2025-09-09T06:14:14.622+0000][121][info ][safepoint   ] Safepoint "Cleanup", Time since last: 1001757709 ns, Reaching safepoint: 82334 ns, Cleanup: 28291 ns, At safepoint: 23750 ns, Total: 134375 ns
[2025-09-09T06:14:16.625+0000][121][info ][safepoint   ] Safepoint "Cleanup", Time since last: 2002048668 ns, Reaching safepoint: 101667 ns, Cleanup: 53125 ns, At safepoint: 19291 ns, Total: 174083 ns
[2025-09-09T06:14:18.627+0000][121][info ][safepoint   ] Safepoint "Cleanup", Time since last: 2002629501 ns, Reaching safepoint: 70209 ns, Cleanup: 47708 ns, At safepoint: 29458 ns, Total: 147375 ns
[2025-09-09T06:14:19.629+0000][121][info ][safepoint   ] Safepoint "Cleanup", Time since last: 1001185501 ns, Reaching safepoint: 72125 ns, Cleanup: 67458 ns, At safepoint: 19125 ns, Total: 158708 ns
[2025-09-09T06:14:20.631+0000][121][info ][safepoint   ] Safepoint "Cleanup", Time since last: 1001652834 ns, Reaching safepoint: 83000 ns, Cleanup: 182917 ns, At safepoint: 37166 ns, Total: 303083 ns
[2025-09-09T06:14:22.636+0000][121][info ][safepoint   ] Safepoint "Cleanup", Time since last: 2004050501 ns, Reaching safepoint: 412417 ns, Cleanup: 187083 ns, At safepoint: 75625 ns, Total: 675125 ns
[2025-09-09T06:14:24.638+0000][121][info ][safepoint   ] Safepoint "Cleanup", Time since last: 2002328126 ns, Reaching safepoint: 51250 ns, Cleanup: 31917 ns, At safepoint: 18666 ns, Total: 101833 ns
[2025-09-09T06:14:25.640+0000][121][info ][safepoint   ] Safepoint "Cleanup", Time since last: 1001548043 ns, Reaching safepoint: 35083 ns, Cleanup: 40125 ns, At safepoint: 7875 ns, Total: 83083 ns
[2025-09-09T06:14:26.641+0000][121][info ][safepoint   ] Safepoint "Cleanup", Time since last: 1000979042 ns, Reaching safepoint: 137708 ns, Cleanup: 95625 ns, At safepoint: 45167 ns, Total: 278500 ns
[2025-09-09T06:14:31.648+0000][121][info ][safepoint   ] Safepoint "Cleanup", Time since last: 5007139961 ns, Reaching safepoint: 40791 ns, Cleanup: 21042 ns, At safepoint: 12000 ns, Total: 73833 ns
[2025-09-09T06:14:32.650+0000][121][info ][safepoint   ] Safepoint "Cleanup", Time since last: 1001371709 ns, Reaching safepoint: 60583 ns, Cleanup: 24209 ns, At safepoint: 528458 ns, Total: 613250 ns
[2025-09-09T06:14:33.652+0000][121][info ][safepoint   ] Safepoint "Cleanup", Time since last: 1001443959 ns, Reaching safepoint: 58250 ns, Cleanup: 20916 ns, At safepoint: 12542 ns, Total: 91708 ns
[2025-09-09T06:14:36.655+0000][121][info ][safepoint   ] Safepoint "Cleanup", Time since last: 3003167168 ns, Reaching safepoint: 126542 ns, Cleanup: 134333 ns, At safepoint: 28458 ns, Total: 289333 ns
[2025-09-09T06:14:39.660+0000][121][info ][safepoint   ] Safepoint "Cleanup", Time since last: 3003655960 ns, Reaching safepoint: 1041917 ns, Cleanup: 82417 ns, At safepoint: 24750 ns, Total: 1149084 ns
[2025-09-09T06:14:43.663+0000][121][info ][safepoint   ] Safepoint "Cleanup", Time since last: 4004722584 ns, Reaching safepoint: 184417 ns, Cleanup: 29833 ns, At safepoint: 13500 ns, Total: 227750 ns
[2025-09-09T06:14:44.665+0000][121][info ][safepoint   ] Safepoint "Cleanup", Time since last: 1001724584 ns, Reaching safepoint: 108583 ns, Cleanup: 58459 ns, At safepoint: 16666 ns, Total: 183708 ns
[2025-09-09T06:14:46.666+0000][121][info ][safepoint   ] Safepoint "Cleanup", Time since last: 2001146460 ns, Reaching safepoint: 105541 ns, Cleanup: 38000 ns, At safepoint: 32500 ns, Total: 176041 ns
[2025-09-09T06:14:48.670+0000][121][info ][safepoint   ] Safepoint "Cleanup", Time since last: 2003291501 ns, Reaching safepoint: 50375 ns, Cleanup: 40667 ns, At safepoint: 14542 ns, Total: 105584 ns
[2025-09-09T06:14:52.081+0000][121][info ][safepoint   ] Safepoint "Cleanup", Time since last: 3410968251 ns, Reaching safepoint: 4292 ns, Cleanup: 20333 ns, At safepoint: 3959 ns, Total: 28584 ns
[2025-09-09T06:14:54.083+0000][121][info ][safepoint   ] Safepoint "Cleanup", Time since last: 2001994500 ns, Reaching safepoint: 77875 ns, Cleanup: 85459 ns, At safepoint: 14375 ns, Total: 177709 ns
[2025-09-09T06:14:55.084+0000][121][info ][safepoint   ] Safepoint "Cleanup", Time since last: 1000902792 ns, Reaching safepoint: 54042 ns, Cleanup: 32208 ns, At safepoint: 13292 ns, Total: 99542 ns
[2025-09-09T06:14:57.088+0000][121][info ][safepoint   ] Safepoint "Cleanup", Time since last: 2004249417 ns, Reaching safepoint: 84584 ns, Cleanup: 42583 ns, At safepoint: 14167 ns, Total: 141334 ns
[2025-09-09T06:14:59.091+0000][121][info ][safepoint   ] Safepoint "Cleanup", Time since last: 2002457709 ns, Reaching safepoint: 71125 ns, Cleanup: 43000 ns, At safepoint: 17583 ns, Total: 131708 ns
[2025-09-09T06:15:01.093+0000][121][info ][safepoint   ] Safepoint "Cleanup", Time since last: 2001939584 ns, Reaching safepoint: 64834 ns, Cleanup: 19083 ns, At safepoint: 11083 ns, Total: 95000 ns
[2025-09-09T06:15:04.096+0000][121][info ][safepoint   ] Safepoint "Cleanup", Time since last: 3003100252 ns, Reaching safepoint: 85208 ns, Cleanup: 42750 ns, At safepoint: 11000 ns, Total: 138958 ns
[2025-09-09T06:15:05.098+0000][121][info ][safepoint   ] Safepoint "Cleanup", Time since last: 1001746126 ns, Reaching safepoint: 116666 ns, Cleanup: 38667 ns, At safepoint: 20667 ns, Total: 176000 ns
[2025-09-09T06:15:06.903+0000][121][info ][safepoint   ] Safepoint "Cleanup", Time since last: 1804880167 ns, Reaching safepoint: 5125 ns, Cleanup: 28792 ns, At safepoint: 11625 ns, Total: 45542 ns
[2025-09-09T06:15:08.811+0000][121][info ][safepoint   ] Safepoint "Cleanup", Time since last: 1908230834 ns, Reaching safepoint: 8542 ns, Cleanup: 99583 ns, At safepoint: 18417 ns, Total: 126542 ns
[2025-09-09T06:15:09.814+0000][121][info ][safepoint   ] Safepoint "Cleanup", Time since last: 1002782625 ns, Reaching safepoint: 81792 ns, Cleanup: 37625 ns, At safepoint: 14625 ns, Total: 134042 ns
[2025-09-09T06:15:18.827+0000][121][info ][safepoint   ] Safepoint "Cleanup", Time since last: 9009649129 ns, Reaching safepoint: 744375 ns, Cleanup: 105708 ns, At safepoint: 21292 ns, Total: 871375 ns
[2025-09-09T06:15:20.830+0000][121][info ][safepoint   ] Safepoint "Cleanup", Time since last: 2002959209 ns, Reaching safepoint: 63042 ns, Cleanup: 44500 ns, At safepoint: 15542 ns, Total: 123084 ns
[2025-09-09T06:15:25.836+0000][121][info ][safepoint   ] Safepoint "Cleanup", Time since last: 5005811835 ns, Reaching safepoint: 20250 ns, Cleanup: 12792 ns, At safepoint: 7333 ns, Total: 40375 ns
[2025-09-09T06:15:31.843+0000][121][info ][safepoint   ] Safepoint "Cleanup", Time since last: 6007400795 ns, Reaching safepoint: 108375 ns, Cleanup: 98292 ns, At safepoint: 25458 ns, Total: 232125 ns
[2025-09-09T06:15:33.846+0000][121][info ][safepoint   ] Safepoint "Cleanup", Time since last: 2002729251 ns, Reaching safepoint: 71041 ns, Cleanup: 45125 ns, At safepoint: 19750 ns, Total: 135916 ns
[2025-09-09T06:15:39.853+0000][121][info ][safepoint   ] Safepoint "Cleanup", Time since last: 6006611878 ns, Reaching safepoint: 143250 ns, Cleanup: 26209 ns, At safepoint: 20291 ns, Total: 189750 ns
[2025-09-09T06:15:43.860+0000][121][info ][safepoint   ] Safepoint "Cleanup", Time since last: 4006563710 ns, Reaching safepoint: 448959 ns, Cleanup: 50166 ns, At safepoint: 36542 ns, Total: 535667 ns
[2025-09-09T06:15:46.864+0000][121][info ][safepoint   ] Safepoint "Cleanup", Time since last: 3003547793 ns, Reaching safepoint: 150792 ns, Cleanup: 82416 ns, At safepoint: 31334 ns, Total: 264542 ns
[2025-09-09T06:15:50.869+0000][121][info ][safepoint   ] Safepoint "Cleanup", Time since last: 4004842710 ns, Reaching safepoint: 51833 ns, Cleanup: 28334 ns, At safepoint: 13291 ns, Total: 93458 ns
[2025-09-09T06:15:54.126+0000][121][info ][safepoint   ] Safepoint "Cleanup", Time since last: 3256745043 ns, Reaching safepoint: 173584 ns, Cleanup: 62541 ns, At safepoint: 20375 ns, Total: 256500 ns
[2025-09-09T06:16:01.135+0000][121][info ][safepoint   ] Safepoint "Cleanup", Time since last: 7008679254 ns, Reaching safepoint: 322292 ns, Cleanup: 47458 ns, At safepoint: 26750 ns, Total: 396500 ns
[2025-09-09T06:16:02.137+0000][121][info ][safepoint   ] Safepoint "Cleanup", Time since last: 1002110084 ns, Reaching safepoint: 24708 ns, Cleanup: 15958 ns, At safepoint: 7250 ns, Total: 47916 ns
[2025-09-09T06:16:04.140+0000][121][info ][safepoint   ] Safepoint "Cleanup", Time since last: 2002377710 ns, Reaching safepoint: 178125 ns, Cleanup: 29208 ns, At safepoint: 19208 ns, Total: 226541 ns
[2025-09-09T06:16:09.145+0000][121][info ][safepoint   ] Safepoint "Cleanup", Time since last: 5005381461 ns, Reaching safepoint: 69417 ns, Cleanup: 95208 ns, At safepoint: 16167 ns, Total: 180792 ns
[2025-09-09T06:16:10.946+0000][121][info ][safepoint   ] Safepoint "Cleanup", Time since last: 1800291917 ns, Reaching safepoint: 46959 ns, Cleanup: 40375 ns, At safepoint: 11041 ns, Total: 98375 ns
[2025-09-09T06:16:12.001+0000][121][info ][safepoint   ] Safepoint "Cleanup", Time since last: 1055385916 ns, Reaching safepoint: 13334 ns, Cleanup: 75833 ns, At safepoint: 18750 ns, Total: 107917 ns
[2025-09-09T06:16:13.005+0000][121][info ][safepoint   ] Safepoint "Cleanup", Time since last: 1003526917 ns, Reaching safepoint: 96875 ns, Cleanup: 36459 ns, At safepoint: 13125 ns, Total: 146459 ns
[2025-09-09T06:16:25.017+0000][121][info ][safepoint   ] Safepoint "Cleanup", Time since last: 12010974380 ns, Reaching safepoint: 896000 ns, Cleanup: 83084 ns, At safepoint: 32041 ns, Total: 1011125 ns
[2025-09-09T06:16:26.018+0000][121][info ][safepoint   ] Safepoint "Cleanup", Time since last: 1001751251 ns, Reaching safepoint: 16541 ns, Cleanup: 28084 ns, At safepoint: 8750 ns, Total: 53375 ns
[2025-09-09T06:16:33.026+0000][121][info ][safepoint   ] Safepoint "Cleanup", Time since last: 7007462336 ns, Reaching safepoint: 277917 ns, Cleanup: 32375 ns, At safepoint: 18292 ns, Total: 328584 ns
[2025-09-09T06:16:40.035+0000][121][info ][safepoint   ] Safepoint "Cleanup", Time since last: 7007496836 ns, Reaching safepoint: 724792 ns, Cleanup: 86542 ns, At safepoint: 47250 ns, Total: 858584 ns
[2025-09-09T06:16:41.038+0000][121][info ][safepoint   ] Safepoint "Cleanup", Time since last: 1002787292 ns, Reaching safepoint: 163167 ns, Cleanup: 97416 ns, At safepoint: 29834 ns, Total: 290417 ns
[2025-09-09T06:16:54.179+0000][121][info ][safepoint   ] Safepoint "Cleanup", Time since last: 13140778255 ns, Reaching safepoint: 85292 ns, Cleanup: 28583 ns, At safepoint: 20417 ns, Total: 134292 ns
[2025-09-09T06:17:01.189+0000][121][info ][safepoint   ] Safepoint "Cleanup", Time since last: 7010217003 ns, Reaching safepoint: 27167 ns, Cleanup: 27083 ns, At safepoint: 12125 ns, Total: 66375 ns
[2025-09-09T06:17:09.198+0000][121][info ][safepoint   ] Safepoint "Cleanup", Time since last: 8008197046 ns, Reaching safepoint: 435583 ns, Cleanup: 73833 ns, At safepoint: 16250 ns, Total: 525666 ns
[2025-09-09T06:17:11.201+0000][121][info ][safepoint   ] Safepoint "Cleanup", Time since last: 2003523251 ns, Reaching safepoint: 128584 ns, Cleanup: 164208 ns, At safepoint: 22125 ns, Total: 314917 ns
[2025-09-09T06:17:12.952+0000][121][info ][safepoint   ] Safepoint "Cleanup", Time since last: 1750205417 ns, Reaching safepoint: 5500 ns, Cleanup: 28083 ns, At safepoint: 5167 ns, Total: 38750 ns
[2025-09-09T06:17:14.185+0000][121][info ][safepoint   ] Safepoint "Cleanup", Time since last: 1233332126 ns, Reaching safepoint: 90000 ns, Cleanup: 73166 ns, At safepoint: 16375 ns, Total: 179541 ns
[2025-09-09T06:17:16.191+0000][121][info ][safepoint   ] Safepoint "Cleanup", Time since last: 2005532960 ns, Reaching safepoint: 96708 ns, Cleanup: 35250 ns, At safepoint: 18417 ns, Total: 150375 ns
[2025-09-09T06:17:19.194+0000][121][info ][safepoint   ] Safepoint "Cleanup", Time since last: 3002704793 ns, Reaching safepoint: 141291 ns, Cleanup: 103209 ns, At safepoint: 35791 ns, Total: 280291 ns
[2025-09-09T06:17:21.197+0000][121][info ][safepoint   ] Safepoint "Cleanup", Time since last: 2002632251 ns, Reaching safepoint: 82875 ns, Cleanup: 31292 ns, At safepoint: 19000 ns, Total: 133167 ns
[2025-09-09T06:17:34.210+0000][121][info ][safepoint   ] Safepoint "Cleanup", Time since last: 13013264798 ns, Reaching safepoint: 353250 ns, Cleanup: 63500 ns, At safepoint: 28333 ns, Total: 445083 ns
[2025-09-09T06:17:37.215+0000][121][info ][safepoint   ] Safepoint "Cleanup", Time since last: 3004379418 ns, Reaching safepoint: 189917 ns, Cleanup: 66500 ns, At safepoint: 123042 ns, Total: 379459 ns
[2025-09-09T06:17:47.225+0000][121][info ][safepoint   ] Safepoint "Cleanup", Time since last: 10009411838 ns, Reaching safepoint: 99958 ns, Cleanup: 51875 ns, At safepoint: 22167 ns, Total: 174000 ns
[2025-09-09T06:17:49.228+0000][121][info ][safepoint   ] Safepoint "Cleanup", Time since last: 2003043834 ns, Reaching safepoint: 114833 ns, Cleanup: 31833 ns, At safepoint: 17500 ns, Total: 164166 ns
[2025-09-09T06:17:52.232+0000][121][info ][safepoint   ] Safepoint "Cleanup", Time since last: 3003822960 ns, Reaching safepoint: 46584 ns, Cleanup: 27750 ns, At safepoint: 14041 ns, Total: 88375 ns
[2025-09-09T06:18:01.375+0000][121][info ][safepoint   ] Safepoint "Cleanup", Time since last: 9141872421 ns, Reaching safepoint: 282084 ns, Cleanup: 80333 ns, At safepoint: 27417 ns, Total: 389834 ns
[2025-09-09T06:18:05.381+0000][121][info ][safepoint   ] Safepoint "Cleanup", Time since last: 4006608252 ns, Reaching safepoint: 118750 ns, Cleanup: 66666 ns, At safepoint: 25584 ns, Total: 211000 ns
[2025-09-09T06:18:06.383+0000][121][info ][safepoint   ] Safepoint "Cleanup", Time since last: 1001576500 ns, Reaching safepoint: 56042 ns, Cleanup: 30833 ns, At safepoint: 15375 ns, Total: 102250 ns
[2025-09-09T06:18:14.391+0000][121][info ][safepoint   ] Safepoint "Cleanup", Time since last: 8008360795 ns, Reaching safepoint: 162834 ns, Cleanup: 134708 ns, At safepoint: 22792 ns, Total: 320334 ns
[2025-09-09T06:18:15.982+0000][121][info ][safepoint   ] Safepoint "Cleanup", Time since last: 1590807750 ns, Reaching safepoint: 5042 ns, Cleanup: 25417 ns, At safepoint: 5041 ns, Total: 35500 ns
[2025-09-09T06:18:17.406+0000][121][info ][safepoint   ] Safepoint "Cleanup", Time since last: 1424030709 ns, Reaching safepoint: 27500 ns, Cleanup: 28875 ns, At safepoint: 10834 ns, Total: 67209 ns
[2025-09-09T06:18:19.411+0000][121][info ][safepoint   ] Safepoint "Cleanup", Time since last: 2004282792 ns, Reaching safepoint: 53375 ns, Cleanup: 28542 ns, At safepoint: 11458 ns, Total: 93375 ns
[2025-09-09T06:18:24.957+0000][121][info ][safepoint   ] Safepoint "Cleanup", Time since last: 5545990628 ns, Reaching safepoint: 46292 ns, Cleanup: 12458 ns, At safepoint: 3708 ns, Total: 62458 ns
[2025-09-09T06:18:26.476+0000][121][info ][safepoint   ] Safepoint "Cleanup", Time since last: 1519292376 ns, Reaching safepoint: 52208 ns, Cleanup: 45292 ns, At safepoint: 9042 ns, Total: 106542 ns
[2025-09-09T06:18:27.530+0000][121][info ][safepoint   ] Safepoint "Cleanup", Time since last: 1050624958 ns, Reaching safepoint: 3368500 ns, Cleanup: 24834 ns, At safepoint: 38208 ns, Total: 3431542 ns
[2025-09-09T06:18:28.533+0000][121][info ][safepoint   ] Safepoint "Cleanup", Time since last: 1002751667 ns, Reaching safepoint: 82250 ns, Cleanup: 53792 ns, At safepoint: 30208 ns, Total: 166250 ns
[2025-09-09T06:18:29.535+0000][121][info ][safepoint   ] Safepoint "Cleanup", Time since last: 1001976709 ns, Reaching safepoint: 116292 ns, Cleanup: 45666 ns, At safepoint: 22584 ns, Total: 184542 ns
[2025-09-09T06:18:30.538+0000][121][info ][safepoint   ] Safepoint "Cleanup", Time since last: 1002140375 ns, Reaching safepoint: 48959 ns, Cleanup: 50083 ns, At safepoint: 239500 ns, Total: 338542 ns
[2025-09-09T06:18:34.543+0000][121][info ][safepoint   ] Safepoint "Cleanup", Time since last: 4004266460 ns, Reaching safepoint: 697458 ns, Cleanup: 62084 ns, At safepoint: 47500 ns, Total: 807042 ns
[2025-09-09T06:18:36.550+0000][121][info ][safepoint   ] Safepoint "Cleanup", Time since last: 2006600542 ns, Reaching safepoint: 743375 ns, Cleanup: 93959 ns, At safepoint: 50041 ns, Total: 887375 ns
[2025-09-09T06:18:39.555+0000][121][info ][safepoint   ] Safepoint "Cleanup", Time since last: 3004874877 ns, Reaching safepoint: 79333 ns, Cleanup: 79459 ns, At safepoint: 12166 ns, Total: 170958 ns
[2025-09-09T06:18:46.558+0000][121][info ][safepoint   ] Safepoint "Cleanup", Time since last: 7007628170 ns, Reaching safepoint: 861666 ns, Cleanup: 114959 ns, At safepoint: 38958 ns, Total: 1015583 ns
[2025-09-09T06:18:49.563+0000][121][info ][safepoint   ] Safepoint "Cleanup", Time since last: 3004865168 ns, Reaching safepoint: 78750 ns, Cleanup: 52375 ns, At safepoint: 16875 ns, Total: 148000 ns
[2025-09-09T06:18:52.566+0000][121][info ][safepoint   ] Safepoint "Cleanup", Time since last: 3002845876 ns, Reaching safepoint: 140792 ns, Cleanup: 54167 ns, At safepoint: 26375 ns, Total: 221334 ns
[2025-09-09T06:18:53.965+0000][121][info ][safepoint   ] Safepoint "Cleanup", Time since last: 1399661209 ns, Reaching safepoint: 5041 ns, Cleanup: 15125 ns, At safepoint: 4500 ns, Total: 24666 ns
[2025-09-09T06:18:55.689+0000][121][info ][safepoint   ] Safepoint "Cleanup", Time since last: 1724036460 ns, Reaching safepoint: 49083 ns, Cleanup: 19292 ns, At safepoint: 12708 ns, Total: 81083 ns
[2025-09-09T06:18:58.693+0000][121][info ][safepoint   ] Safepoint "Cleanup", Time since last: 3003531710 ns, Reaching safepoint: 44458 ns, Cleanup: 39042 ns, At safepoint: 11625 ns, Total: 95125 ns
[2025-09-09T06:19:06.701+0000][121][info ][safepoint   ] Safepoint "Cleanup", Time since last: 8007289087 ns, Reaching safepoint: 195833 ns, Cleanup: 97792 ns, At safepoint: 31666 ns, Total: 325291 ns
[2025-09-09T06:19:08.705+0000][121][info ][safepoint   ] Safepoint "Cleanup", Time since last: 2003508293 ns, Reaching safepoint: 248417 ns, Cleanup: 49583 ns, At safepoint: 27250 ns, Total: 325250 ns
[2025-09-09T06:19:16.721+0000][121][info ][safepoint   ] Safepoint "Cleanup", Time since last: 8008718754 ns, Reaching safepoint: 946791 ns, Cleanup: 82292 ns, At safepoint: 45417 ns, Total: 1074500 ns
[2025-09-09T06:19:18.984+0000][121][info ][safepoint   ] Safepoint "Cleanup", Time since last: 2263294209 ns, Reaching safepoint: 4125 ns, Cleanup: 10500 ns, At safepoint: 1958 ns, Total: 16583 ns
[2025-09-09T06:19:18.998+0000][121][info ][gc,start    ] GC(23) Pause Young (Mixed) (G1 Evacuation Pause)
[2025-09-09T06:19:18.999+0000][121][info ][gc,task     ] GC(23) Using 8 workers of 8 for evacuation
[2025-09-09T06:19:18.999+0000][121][debug][gc,age      ] GC(23) Desired survivor size 41943040 bytes, new threshold 15 (max threshold 15)
[2025-09-09T06:19:19.051+0000][121][info ][gc,phases   ] GC(23)   Pre Evacuate Collection Set: 0.66ms
[2025-09-09T06:19:19.051+0000][121][info ][gc,phases   ] GC(23)   Merge Heap Roots: 0.18ms
[2025-09-09T06:19:19.051+0000][121][info ][gc,phases   ] GC(23)   Evacuate Collection Set: 47.31ms
[2025-09-09T06:19:19.051+0000][121][info ][gc,phases   ] GC(23)   Post Evacuate Collection Set: 3.94ms
[2025-09-09T06:19:19.051+0000][121][info ][gc,phases   ] GC(23)   Other: 0.31ms
[2025-09-09T06:19:19.051+0000][121][trace][gc,age      ] GC(23) Age table with threshold 15 (max threshold 15)
[2025-09-09T06:19:19.051+0000][121][trace][gc,age      ] GC(23) - age   1:    1148480 bytes,    1148480 total
[2025-09-09T06:19:19.051+0000][121][trace][gc,age      ] GC(23) - age   2:      99856 bytes,    1248336 total
[2025-09-09T06:19:19.051+0000][121][trace][gc,age      ] GC(23) - age   3:    2421840 bytes,    3670176 total
[2025-09-09T06:19:19.051+0000][121][trace][gc,age      ] GC(23) - age   4:    6142136 bytes,    9812312 total
[2025-09-09T06:19:19.051+0000][121][trace][gc,age      ] GC(23) - age   5:    3043504 bytes,   12855816 total
[2025-09-09T06:19:19.051+0000][121][trace][gc,age      ] GC(23) - age   6:   17984624 bytes,   30840440 total
[2025-09-09T06:19:19.051+0000][121][trace][gc,age      ] GC(23) - age   7:      11480 bytes,   30851920 total
[2025-09-09T06:19:19.052+0000][121][info ][gc,heap     ] GC(23) Eden regions: 144->0(144)
[2025-09-09T06:19:19.052+0000][121][info ][gc,heap     ] GC(23) Survivor regions: 9->9(20)
[2025-09-09T06:19:19.052+0000][121][info ][gc,heap     ] GC(23) Old regions: 29->29
[2025-09-09T06:19:19.052+0000][121][info ][gc,heap     ] GC(23) Humongous regions: 2->2
[2025-09-09T06:19:19.052+0000][121][info ][gc,metaspace] GC(23) Metaspace: 162554K(166912K)->162554K(166912K) NonClass: 140039K(142400K)->140039K(142400K) Class: 22514K(24512K)->22514K(24512K)
[2025-09-09T06:19:19.052+0000][121][info ][gc          ] GC(23) Pause Young (Mixed) (G1 Evacuation Pause) 733M->155M(1024M) 53.271ms
[2025-09-09T06:19:19.052+0000][121][info ][gc,cpu      ] GC(23) User=0.39s Sys=0.00s Real=0.06s
[2025-09-09T06:19:19.052+0000][121][info ][safepoint   ] Safepoint "G1CollectForAllocation", Time since last: 14325959 ns, Reaching safepoint: 4791 ns, Cleanup: 6459 ns, At safepoint: 53419250 ns, Total: 53430500 ns
[2025-09-09T06:19:20.679+0000][121][info ][safepoint   ] Safepoint "Cleanup", Time since last: 1627050334 ns, Reaching safepoint: 20333 ns, Cleanup: 91875 ns, At safepoint: 12458 ns, Total: 124666 ns
[2025-09-09T06:19:23.690+0000][121][info ][safepoint   ] Safepoint "Cleanup", Time since last: 3011231169 ns, Reaching safepoint: 74208 ns, Cleanup: 36708 ns, At safepoint: 16125 ns, Total: 127041 ns
[2025-09-09T06:19:28.697+0000][121][info ][safepoint   ] Safepoint "Cleanup", Time since last: 5006331711 ns, Reaching safepoint: 124083 ns, Cleanup: 72792 ns, At safepoint: 26917 ns, Total: 223792 ns
[2025-09-09T06:19:31.702+0000][121][info ][safepoint   ] Safepoint "Cleanup", Time since last: 3004718293 ns, Reaching safepoint: 154083 ns, Cleanup: 72833 ns, At safepoint: 23709 ns, Total: 250625 ns
[2025-09-09T06:19:40.712+0000][121][info ][safepoint   ] Safepoint "Cleanup", Time since last: 9009803296 ns, Reaching safepoint: 625125 ns, Cleanup: 69000 ns, At safepoint: 28125 ns, Total: 722250 ns
[2025-09-09T06:19:43.717+0000][121][info ][safepoint   ] Safepoint "Cleanup", Time since last: 3004613417 ns, Reaching safepoint: 89584 ns, Cleanup: 49708 ns, At safepoint: 23542 ns, Total: 162834 ns
[2025-09-09T06:19:44.719+0000][121][info ][safepoint   ] Safepoint "Cleanup", Time since last: 1001614708 ns, Reaching safepoint: 66834 ns, Cleanup: 34583 ns, At safepoint: 16583 ns, Total: 118000 ns
[2025-09-09T06:19:46.721+0000][121][info ][safepoint   ] Safepoint "Cleanup", Time since last: 2002070710 ns, Reaching safepoint: 105458 ns, Cleanup: 49375 ns, At safepoint: 48583 ns, Total: 203416 ns
[2025-09-09T06:19:53.804+0000][121][info ][safepoint   ] Safepoint "Cleanup", Time since last: 7082507670 ns, Reaching safepoint: 66834 ns, Cleanup: 40458 ns, At safepoint: 18458 ns, Total: 125750 ns
[2025-09-09T06:19:56.809+0000][121][info ][safepoint   ] Safepoint "Cleanup", Time since last: 3004345335 ns, Reaching safepoint: 321333 ns, Cleanup: 21417 ns, At safepoint: 8958 ns, Total: 351708 ns
[2025-09-09T06:19:58.811+0000][121][info ][safepoint   ] Safepoint "Cleanup", Time since last: 2002391585 ns, Reaching safepoint: 34541 ns, Cleanup: 22917 ns, At safepoint: 10250 ns, Total: 67708 ns
[2025-09-09T06:20:06.819+0000][121][info ][safepoint   ] Safepoint "Cleanup", Time since last: 8008039671 ns, Reaching safepoint: 74541 ns, Cleanup: 31417 ns, At safepoint: 21458 ns, Total: 127416 ns
[2025-09-09T06:20:07.821+0000][121][info ][safepoint   ] Safepoint "Cleanup", Time since last: 1001940834 ns, Reaching safepoint: 35250 ns, Cleanup: 17792 ns, At safepoint: 9791 ns, Total: 62833 ns
[2025-09-09T06:20:08.822+0000][121][info ][safepoint   ] Safepoint "Cleanup", Time since last: 1000571376 ns, Reaching safepoint: 57416 ns, Cleanup: 19500 ns, At safepoint: 15125 ns, Total: 92041 ns
[2025-09-09T06:20:09.823+0000][121][info ][safepoint   ] Safepoint "Cleanup", Time since last: 1000984251 ns, Reaching safepoint: 51583 ns, Cleanup: 26084 ns, At safepoint: 30708 ns, Total: 108375 ns
[2025-09-09T06:20:13.826+0000][121][info ][safepoint   ] Safepoint "Cleanup", Time since last: 4002982460 ns, Reaching safepoint: 125125 ns, Cleanup: 27542 ns, At safepoint: 28500 ns, Total: 181167 ns
[2025-09-09T06:20:20.836+0000][121][info ][safepoint   ] Safepoint "Cleanup", Time since last: 7009906753 ns, Reaching safepoint: 254375 ns, Cleanup: 27875 ns, At safepoint: 7667 ns, Total: 289917 ns
[2025-09-09T06:20:21.994+0000][121][info ][safepoint   ] Safepoint "Cleanup", Time since last: 1157480042 ns, Reaching safepoint: 8375 ns, Cleanup: 12833 ns, At safepoint: 2708 ns, Total: 23916 ns
[2025-09-09T06:20:23.885+0000][121][info ][safepoint   ] Safepoint "Cleanup", Time since last: 1891724043 ns, Reaching safepoint: 15458 ns, Cleanup: 35792 ns, At safepoint: 5833 ns, Total: 57083 ns
[2025-09-09T06:20:28.903+0000][121][info ][safepoint   ] Safepoint "Cleanup", Time since last: 5017540253 ns, Reaching safepoint: 176458 ns, Cleanup: 33417 ns, At safepoint: 18208 ns, Total: 228083 ns
[2025-09-09T06:20:40.918+0000][121][info ][safepoint   ] Safepoint "Cleanup", Time since last: 12013988714 ns, Reaching safepoint: 317542 ns, Cleanup: 46875 ns, At safepoint: 16166 ns, Total: 380583 ns
[2025-09-09T06:20:46.927+0000][121][info ][safepoint   ] Safepoint "Cleanup", Time since last: 6007902128 ns, Reaching safepoint: 1105708 ns, Cleanup: 74542 ns, At safepoint: 26291 ns, Total: 1206541 ns
[2025-09-09T06:21:02.007+0000][121][info ][safepoint   ] Safepoint "Cleanup", Time since last: 15079492299 ns, Reaching safepoint: 508500 ns, Cleanup: 37292 ns, At safepoint: 11500 ns, Total: 557292 ns
[2025-09-09T06:21:13.019+0000][121][info ][safepoint   ] Safepoint "Cleanup", Time since last: 11011118130 ns, Reaching safepoint: 349625 ns, Cleanup: 30208 ns, At safepoint: 8250 ns, Total: 388083 ns
[2025-09-09T06:21:14.841+0000][121][info ][safepoint   ] Safepoint "Cleanup", Time since last: 1822063876 ns, Reaching safepoint: 6458 ns, Cleanup: 150834 ns, At safepoint: 5708 ns, Total: 163000 ns
[2025-09-09T06:21:16.070+0000][121][info ][safepoint   ] Safepoint "Cleanup", Time since last: 1228948626 ns, Reaching safepoint: 92583 ns, Cleanup: 27250 ns, At safepoint: 8792 ns, Total: 128625 ns
[2025-09-09T06:21:25.294+0000][121][info ][safepoint   ] Safepoint "Cleanup", Time since last: 9223763879 ns, Reaching safepoint: 46417 ns, Cleanup: 73458 ns, At safepoint: 20667 ns, Total: 140542 ns
[2025-09-09T06:21:26.428+0000][121][info ][safepoint   ] Safepoint "Cleanup", Time since last: 1134084709 ns, Reaching safepoint: 12125 ns, Cleanup: 63458 ns, At safepoint: 10042 ns, Total: 85625 ns
[2025-09-09T06:21:27.313+0000][121][info ][gc,heap,exit] Heap
[2025-09-09T06:21:27.313+0000][121][info ][gc,heap,exit]  garbage-first heap   total reserved 1048576K, committed 1048576K, used 348480K [0x00000000c0000000, 0x0000000100000000)
[2025-09-09T06:21:27.313+0000][121][info ][gc,heap,exit]   region size 4096K, 56 young (229376K), 9 survivors (36864K)
[2025-09-09T06:21:27.313+0000][121][info ][gc,heap,exit]  Metaspace       used 163062K, committed 167488K, reserved 1245184K
[2025-09-09T06:21:27.313+0000][121][info ][gc,heap,exit]   class space    used 22613K, committed 24640K, reserved 1048576K
