[2025-09-10T08:34:33.415+0000][121][info][gc,init] CardTable entry size: 512
[2025-09-10T08:34:33.415+0000][121][info][gc     ] Using G1
[2025-09-10T08:34:34.144+0000][121][info][gc,init] Version: 22.0.1+8-16 (release)
[2025-09-10T08:34:34.144+0000][121][info][gc,init] CPUs: 8 total, 8 available
[2025-09-10T08:34:34.144+0000][121][info][gc,init] Memory: 7837M
[2025-09-10T08:34:34.144+0000][121][info][gc,init] Large Page Support: Disabled
[2025-09-10T08:34:34.145+0000][121][info][gc,init] NUMA Support: Disabled
[2025-09-10T08:34:34.145+0000][121][info][gc,init] Compressed Oops: Enabled (32-bit)
[2025-09-10T08:34:34.145+0000][121][info][gc,init] Heap Region Size: 4M
[2025-09-10T08:34:34.145+0000][121][info][gc,init] Heap Min Capacity: 1G
[2025-09-10T08:34:34.145+0000][121][info][gc,init] Heap Initial Capacity: 1G
[2025-09-10T08:34:34.145+0000][121][info][gc,init] Heap Max Capacity: 1G
[2025-09-10T08:34:34.146+0000][121][info][gc,init] Pre-touch: Enabled
[2025-09-10T08:34:34.146+0000][121][info][gc,init] Parallel Workers: 8
[2025-09-10T08:34:34.146+0000][121][info][gc,init] Concurrent Workers: 2
[2025-09-10T08:34:34.146+0000][121][info][gc,init] Concurrent Refinement Workers: 8
[2025-09-10T08:34:34.146+0000][121][info][gc,init] Periodic GC: Disabled
[2025-09-10T08:34:34.167+0000][121][info][gc,metaspace] CDS archive(s) mapped at: [0x0000001800000000-0x0000001800c80000-0x0000001800c80000), size 13107200, SharedBaseAddress: 0x0000001800000000, ArchiveRelocationMode: 1.
[2025-09-10T08:34:34.167+0000][121][info][gc,metaspace] Compressed class space mapped at: 0x0000001801000000-0x0000001841000000, reserved size: 1073741824
[2025-09-10T08:34:34.167+0000][121][info][gc,metaspace] Narrow klass base: 0x0000001800000000, Narrow klass shift: 0, Narrow klass range: 0x100000000
[2025-09-10T08:34:34.232+0000][121][info][safepoint   ] Safepoint "ICBufferFull", Time since last: 61170833 ns, Reaching safepoint: 2083 ns, Cleanup: 57792 ns, At safepoint: 12458 ns, Total: 72333 ns
[2025-09-10T08:34:34.288+0000][121][info][safepoint   ] Safepoint "ICBufferFull", Time since last: 55164542 ns, Reaching safepoint: 2333 ns, Cleanup: 96584 ns, At safepoint: 5583 ns, Total: 104500 ns
[2025-09-10T08:34:34.383+0000][121][info][safepoint   ] Safepoint "ICBufferFull", Time since last: 94253500 ns, Reaching safepoint: 649833 ns, Cleanup: 69834 ns, At safepoint: 7458 ns, Total: 727125 ns
[2025-09-10T08:34:34.440+0000][121][info][safepoint   ] Safepoint "ICBufferFull", Time since last: 57359792 ns, Reaching safepoint: 1583 ns, Cleanup: 67417 ns, At safepoint: 5291 ns, Total: 74291 ns
[2025-09-10T08:34:34.459+0000][121][info][gc,start    ] GC(0) Pause Young (Normal) (G1 Evacuation Pause)
[2025-09-10T08:34:34.459+0000][121][info][gc,task     ] GC(0) Using 8 workers of 8 for evacuation
[2025-09-10T08:34:34.459+0000][121][debug][gc,age      ] GC(0) Desired survivor size 4194304 bytes, new threshold 15 (max threshold 15)
[2025-09-10T08:34:34.461+0000][121][info ][gc,phases   ] GC(0)   Pre Evacuate Collection Set: 0.13ms
[2025-09-10T08:34:34.461+0000][121][info ][gc,phases   ] GC(0)   Merge Heap Roots: 0.09ms
[2025-09-10T08:34:34.461+0000][121][info ][gc,phases   ] GC(0)   Evacuate Collection Set: 1.16ms
[2025-09-10T08:34:34.462+0000][121][info ][gc,phases   ] GC(0)   Post Evacuate Collection Set: 0.32ms
[2025-09-10T08:34:34.462+0000][121][info ][gc,phases   ] GC(0)   Other: 0.18ms
[2025-09-10T08:34:34.462+0000][121][trace][gc,age      ] GC(0) Age table with threshold 15 (max threshold 15)
[2025-09-10T08:34:34.462+0000][121][trace][gc,age      ] GC(0) - age   1:    4675864 bytes,    4675864 total
[2025-09-10T08:34:34.462+0000][121][info ][gc,heap     ] GC(0) Eden regions: 12->0(22)
[2025-09-10T08:34:34.462+0000][121][info ][gc,heap     ] GC(0) Survivor regions: 0->2(2)
[2025-09-10T08:34:34.462+0000][121][info ][gc,heap     ] GC(0) Old regions: 1->1
[2025-09-10T08:34:34.462+0000][121][info ][gc,heap     ] GC(0) Humongous regions: 0->0
[2025-09-10T08:34:34.462+0000][121][info ][gc,metaspace] GC(0) Metaspace: 7276K(7488K)->7276K(7488K) NonClass: 6408K(6528K)->6408K(6528K) Class: 867K(960K)->867K(960K)
[2025-09-10T08:34:34.462+0000][121][info ][gc          ] GC(0) Pause Young (Normal) (G1 Evacuation Pause) 49M->5M(1024M) 2.887ms
[2025-09-10T08:34:34.462+0000][121][info ][gc,cpu      ] GC(0) User=0.01s Sys=0.00s Real=0.00s
[2025-09-10T08:34:34.462+0000][121][info ][safepoint   ] Safepoint "G1CollectForAllocation", Time since last: 19231542 ns, Reaching safepoint: 1583 ns, Cleanup: 32292 ns, At safepoint: 2977458 ns, Total: 3011333 ns
[2025-09-10T08:34:34.617+0000][121][info ][safepoint   ] Safepoint "ICBufferFull", Time since last: 154279292 ns, Reaching safepoint: 2084 ns, Cleanup: 75708 ns, At safepoint: 5708 ns, Total: 83500 ns
[2025-09-10T08:34:34.704+0000][121][info ][safepoint   ] Safepoint "ICBufferFull", Time since last: 87473709 ns, Reaching safepoint: 2333 ns, Cleanup: 407125 ns, At safepoint: 11333 ns, Total: 420791 ns
[2025-09-10T08:34:34.849+0000][121][info ][safepoint   ] Safepoint "ICBufferFull", Time since last: 144619667 ns, Reaching safepoint: 210708 ns, Cleanup: 92459 ns, At safepoint: 13041 ns, Total: 316208 ns
[2025-09-10T08:34:35.263+0000][121][info ][safepoint   ] Safepoint "ICBufferFull", Time since last: 413908167 ns, Reaching safepoint: 2959 ns, Cleanup: 112875 ns, At safepoint: 4458 ns, Total: 120292 ns
[2025-09-10T08:34:35.370+0000][121][info ][safepoint   ] Safepoint "ICBufferFull", Time since last: 106489208 ns, Reaching safepoint: 430084 ns, Cleanup: 71333 ns, At safepoint: 12583 ns, Total: 514000 ns
[2025-09-10T08:34:35.539+0000][121][info ][safepoint   ] Safepoint "ICBufferFull", Time since last: 166892750 ns, Reaching safepoint: 1177167 ns, Cleanup: 90875 ns, At safepoint: 15458 ns, Total: 1283500 ns
[2025-09-10T08:34:35.594+0000][121][info ][gc,start    ] GC(1) Pause Young (Normal) (G1 Evacuation Pause)
[2025-09-10T08:34:35.594+0000][121][info ][gc,task     ] GC(1) Using 8 workers of 8 for evacuation
[2025-09-10T08:34:35.594+0000][121][debug][gc,age      ] GC(1) Desired survivor size 6291456 bytes, new threshold 15 (max threshold 15)
[2025-09-10T08:34:35.599+0000][121][info ][gc,phases   ] GC(1)   Pre Evacuate Collection Set: 0.12ms
[2025-09-10T08:34:35.599+0000][121][info ][gc,phases   ] GC(1)   Merge Heap Roots: 0.08ms
[2025-09-10T08:34:35.599+0000][121][info ][gc,phases   ] GC(1)   Evacuate Collection Set: 3.95ms
[2025-09-10T08:34:35.599+0000][121][info ][gc,phases   ] GC(1)   Post Evacuate Collection Set: 0.82ms
[2025-09-10T08:34:35.599+0000][121][info ][gc,phases   ] GC(1)   Other: 0.21ms
[2025-09-10T08:34:35.599+0000][121][trace][gc,age      ] GC(1) Age table with threshold 15 (max threshold 15)
[2025-09-10T08:34:35.599+0000][121][trace][gc,age      ] GC(1) - age   1:    4976488 bytes,    4976488 total
[2025-09-10T08:34:35.599+0000][121][trace][gc,age      ] GC(1) - age   2:    4604432 bytes,    9580920 total
[2025-09-10T08:34:35.599+0000][121][info ][gc,heap     ] GC(1) Eden regions: 22->0(41)
[2025-09-10T08:34:35.600+0000][121][info ][gc,heap     ] GC(1) Survivor regions: 2->3(3)
[2025-09-10T08:34:35.600+0000][121][info ][gc,heap     ] GC(1) Old regions: 1->1
[2025-09-10T08:34:35.600+0000][121][info ][gc,heap     ] GC(1) Humongous regions: 0->0
[2025-09-10T08:34:35.600+0000][121][info ][gc,metaspace] GC(1) Metaspace: 20174K(20800K)->20174K(20800K) NonClass: 17857K(18240K)->17857K(18240K) Class: 2317K(2560K)->2317K(2560K)
[2025-09-10T08:34:35.600+0000][121][info ][gc          ] GC(1) Pause Young (Normal) (G1 Evacuation Pause) 93M->10M(1024M) 5.983ms
[2025-09-10T08:34:35.600+0000][121][info ][gc,cpu      ] GC(1) User=0.03s Sys=0.00s Real=0.01s
[2025-09-10T08:34:35.600+0000][121][info ][safepoint   ] Safepoint "G1CollectForAllocation", Time since last: 54995375 ns, Reaching safepoint: 2875 ns, Cleanup: 44334 ns, At safepoint: 6088625 ns, Total: 6135834 ns
[2025-09-10T08:34:35.723+0000][121][info ][gc,start    ] GC(2) Pause Young (Concurrent Start) (Metadata GC Threshold)
[2025-09-10T08:34:35.723+0000][121][info ][gc,task     ] GC(2) Using 8 workers of 8 for evacuation
[2025-09-10T08:34:35.723+0000][121][debug][gc,age      ] GC(2) Desired survivor size 12582912 bytes, new threshold 15 (max threshold 15)
[2025-09-10T08:34:35.730+0000][121][info ][gc,phases   ] GC(2)   Pre Evacuate Collection Set: 0.25ms
[2025-09-10T08:34:35.730+0000][121][info ][gc,phases   ] GC(2)   Merge Heap Roots: 0.08ms
[2025-09-10T08:34:35.730+0000][121][info ][gc,phases   ] GC(2)   Evacuate Collection Set: 5.31ms
[2025-09-10T08:34:35.730+0000][121][info ][gc,phases   ] GC(2)   Post Evacuate Collection Set: 1.32ms
[2025-09-10T08:34:35.730+0000][121][info ][gc,phases   ] GC(2)   Other: 0.32ms
[2025-09-10T08:34:35.730+0000][121][trace][gc,age      ] GC(2) Age table with threshold 15 (max threshold 15)
[2025-09-10T08:34:35.730+0000][121][trace][gc,age      ] GC(2) - age   1:     479112 bytes,     479112 total
[2025-09-10T08:34:35.730+0000][121][trace][gc,age      ] GC(2) - age   2:    4060200 bytes,    4539312 total
[2025-09-10T08:34:35.730+0000][121][trace][gc,age      ] GC(2) - age   3:    4588704 bytes,    9128016 total
[2025-09-10T08:34:35.731+0000][121][info ][gc,heap     ] GC(2) Eden regions: 6->0(81)
[2025-09-10T08:34:35.731+0000][121][info ][gc,heap     ] GC(2) Survivor regions: 3->3(6)
[2025-09-10T08:34:35.731+0000][121][info ][gc,heap     ] GC(2) Old regions: 1->1
[2025-09-10T08:34:35.731+0000][121][info ][gc,heap     ] GC(2) Humongous regions: 0->0
[2025-09-10T08:34:35.731+0000][121][info ][gc,metaspace] GC(2) Metaspace: 20849K(21504K)->20849K(21504K) NonClass: 18424K(18816K)->18424K(18816K) Class: 2425K(2688K)->2425K(2688K)
[2025-09-10T08:34:35.731+0000][121][info ][gc          ] GC(2) Pause Young (Concurrent Start) (Metadata GC Threshold) 32M->10M(1024M) 7.924ms
[2025-09-10T08:34:35.731+0000][121][info ][gc,cpu      ] GC(2) User=0.04s Sys=0.00s Real=0.01s
[2025-09-10T08:34:35.731+0000][121][info ][gc          ] GC(3) Concurrent Mark Cycle
[2025-09-10T08:34:35.733+0000][121][info ][gc,marking  ] GC(3) Concurrent Scan Root Regions
[2025-09-10T08:34:35.731+0000][121][info ][safepoint   ] Safepoint "CollectForMetadataAllocation", Time since last: 122864875 ns, Reaching safepoint: 2583 ns, Cleanup: 83792 ns, At safepoint: 8101083 ns, Total: 8187458 ns
[2025-09-10T08:34:35.736+0000][121][info ][gc,marking  ] GC(3) Concurrent Scan Root Regions 2.972ms
[2025-09-10T08:34:35.736+0000][121][info ][gc,marking  ] GC(3) Concurrent Mark
[2025-09-10T08:34:35.736+0000][121][info ][gc,marking  ] GC(3) Concurrent Mark From Roots
[2025-09-10T08:34:35.737+0000][121][info ][gc,task     ] GC(3) Using 2 workers of 2 for marking
[2025-09-10T08:34:35.738+0000][121][info ][gc,marking  ] GC(3) Concurrent Mark From Roots 1.322ms
[2025-09-10T08:34:35.738+0000][121][info ][gc,marking  ] GC(3) Concurrent Preclean
[2025-09-10T08:34:35.738+0000][121][info ][gc,marking  ] GC(3) Concurrent Preclean 0.101ms
[2025-09-10T08:34:35.739+0000][121][info ][gc,start    ] GC(3) Pause Remark
[2025-09-10T08:34:35.741+0000][121][info ][gc          ] GC(3) Pause Remark 13M->13M(1024M) 1.931ms
[2025-09-10T08:34:35.741+0000][121][info ][gc,cpu      ] GC(3) User=0.01s Sys=0.00s Real=0.00s
[2025-09-10T08:34:35.741+0000][121][info ][safepoint   ] Safepoint "G1PauseRemark", Time since last: 8551042 ns, Reaching safepoint: 5125 ns, Cleanup: 63291 ns, At safepoint: 2055542 ns, Total: 2123958 ns
[2025-09-10T08:34:35.743+0000][121][info ][gc,marking  ] GC(3) Concurrent Mark 6.851ms
[2025-09-10T08:34:35.743+0000][121][info ][gc,marking  ] GC(3) Concurrent Rebuild Remembered Sets and Scrub Regions
[2025-09-10T08:34:35.744+0000][121][info ][gc,marking  ] GC(3) Concurrent Rebuild Remembered Sets and Scrub Regions 0.519ms
[2025-09-10T08:34:35.744+0000][121][info ][gc,start    ] GC(3) Pause Cleanup
[2025-09-10T08:34:35.744+0000][121][info ][gc          ] GC(3) Pause Cleanup 13M->13M(1024M) 0.105ms
[2025-09-10T08:34:35.744+0000][121][info ][gc,cpu      ] GC(3) User=0.00s Sys=0.00s Real=0.00s
[2025-09-10T08:34:35.744+0000][121][info ][safepoint   ] Safepoint "G1PauseCleanup", Time since last: 2596208 ns, Reaching safepoint: 4500 ns, Cleanup: 36417 ns, At safepoint: 327250 ns, Total: 368167 ns
[2025-09-10T08:34:35.747+0000][121][info ][gc,marking  ] GC(3) Concurrent Clear Claimed Marks
[2025-09-10T08:34:35.747+0000][121][info ][gc,marking  ] GC(3) Concurrent Clear Claimed Marks 0.298ms
[2025-09-10T08:34:35.747+0000][121][info ][gc,marking  ] GC(3) Concurrent Cleanup for Next Mark
[2025-09-10T08:34:35.748+0000][121][info ][gc,marking  ] GC(3) Concurrent Cleanup for Next Mark 0.462ms
[2025-09-10T08:34:35.748+0000][121][info ][gc          ] GC(3) Concurrent Mark Cycle 17.149ms
[2025-09-10T08:34:35.884+0000][121][info ][safepoint   ] Safepoint "ICBufferFull", Time since last: 139851084 ns, Reaching safepoint: 2416 ns, Cleanup: 105042 ns, At safepoint: 9708 ns, Total: 117166 ns
[2025-09-10T08:34:36.018+0000][121][info ][safepoint   ] Safepoint "ICBufferFull", Time since last: 133558084 ns, Reaching safepoint: 3125 ns, Cleanup: 74791 ns, At safepoint: 5792 ns, Total: 83708 ns
[2025-09-10T08:34:36.117+0000][121][info ][safepoint   ] Safepoint "ICBufferFull", Time since last: 97584917 ns, Reaching safepoint: 815708 ns, Cleanup: 139167 ns, At safepoint: 17125 ns, Total: 972000 ns
[2025-09-10T08:34:36.253+0000][121][info ][safepoint   ] Safepoint "ICBufferFull", Time since last: 135116125 ns, Reaching safepoint: 702291 ns, Cleanup: 89750 ns, At safepoint: 14209 ns, Total: 806250 ns
[2025-09-10T08:34:36.369+0000][121][info ][safepoint   ] Safepoint "ICBufferFull", Time since last: 116035125 ns, Reaching safepoint: 2166 ns, Cleanup: 84834 ns, At safepoint: 8500 ns, Total: 95500 ns
[2025-09-10T08:34:36.383+0000][121][info ][gc,start    ] GC(4) Pause Young (Prepare Mixed) (G1 Evacuation Pause)
[2025-09-10T08:34:36.383+0000][121][info ][gc,task     ] GC(4) Using 8 workers of 8 for evacuation
[2025-09-10T08:34:36.383+0000][121][debug][gc,age      ] GC(4) Desired survivor size 23068672 bytes, new threshold 15 (max threshold 15)
[2025-09-10T08:34:36.388+0000][121][info ][gc,phases   ] GC(4)   Pre Evacuate Collection Set: 0.15ms
[2025-09-10T08:34:36.389+0000][121][info ][gc,phases   ] GC(4)   Merge Heap Roots: 0.06ms
[2025-09-10T08:34:36.389+0000][121][info ][gc,phases   ] GC(4)   Evacuate Collection Set: 4.23ms
[2025-09-10T08:34:36.389+0000][121][info ][gc,phases   ] GC(4)   Post Evacuate Collection Set: 0.80ms
[2025-09-10T08:34:36.389+0000][121][info ][gc,phases   ] GC(4)   Other: 0.17ms
[2025-09-10T08:34:36.389+0000][121][trace][gc,age      ] GC(4) Age table with threshold 15 (max threshold 15)
[2025-09-10T08:34:36.389+0000][121][trace][gc,age      ] GC(4) - age   1:    5977960 bytes,    5977960 total
[2025-09-10T08:34:36.389+0000][121][trace][gc,age      ] GC(4) - age   2:     423232 bytes,    6401192 total
[2025-09-10T08:34:36.389+0000][121][trace][gc,age      ] GC(4) - age   3:    4027272 bytes,   10428464 total
[2025-09-10T08:34:36.389+0000][121][trace][gc,age      ] GC(4) - age   4:    4587512 bytes,   15015976 total
[2025-09-10T08:34:36.389+0000][121][info ][gc,heap     ] GC(4) Eden regions: 81->0(149)
[2025-09-10T08:34:36.389+0000][121][info ][gc,heap     ] GC(4) Survivor regions: 3->4(11)
[2025-09-10T08:34:36.389+0000][121][info ][gc,heap     ] GC(4) Old regions: 1->1
[2025-09-10T08:34:36.389+0000][121][info ][gc,heap     ] GC(4) Humongous regions: 0->0
[2025-09-10T08:34:36.389+0000][121][info ][gc,metaspace] GC(4) Metaspace: 28979K(29824K)->28979K(29824K) NonClass: 25633K(26112K)->25633K(26112K) Class: 3346K(3712K)->3346K(3712K)
[2025-09-10T08:34:36.389+0000][121][info ][gc          ] GC(4) Pause Young (Prepare Mixed) (G1 Evacuation Pause) 334M->16M(1024M) 6.142ms
[2025-09-10T08:34:36.389+0000][121][info ][gc,cpu      ] GC(4) User=0.04s Sys=0.00s Real=0.01s
[2025-09-10T08:34:36.389+0000][121][info ][safepoint   ] Safepoint "G1CollectForAllocation", Time since last: 14202041 ns, Reaching safepoint: 2209 ns, Cleanup: 36541 ns, At safepoint: 6233584 ns, Total: 6272334 ns
[2025-09-10T08:34:36.490+0000][121][info ][safepoint   ] Safepoint "ICBufferFull", Time since last: 101092208 ns, Reaching safepoint: 2375 ns, Cleanup: 105125 ns, At safepoint: 5042 ns, Total: 112542 ns
[2025-09-10T08:34:36.574+0000][121][info ][safepoint   ] Safepoint "ICBufferFull", Time since last: 83440333 ns, Reaching safepoint: 2458 ns, Cleanup: 78042 ns, At safepoint: 5333 ns, Total: 85833 ns
[2025-09-10T08:34:36.809+0000][121][info ][safepoint   ] Safepoint "ICBufferFull", Time since last: 234676251 ns, Reaching safepoint: 4916 ns, Cleanup: 141584 ns, At safepoint: 12416 ns, Total: 158916 ns
[2025-09-10T08:34:36.878+0000][121][info ][safepoint   ] Safepoint "ICBufferFull", Time since last: 69366334 ns, Reaching safepoint: 2166 ns, Cleanup: 135375 ns, At safepoint: 4209 ns, Total: 141750 ns
[2025-09-10T08:34:36.934+0000][121][info ][gc,start    ] GC(5) Pause Young (Mixed) (Metadata GC Threshold)
[2025-09-10T08:34:36.934+0000][121][info ][gc,task     ] GC(5) Using 8 workers of 8 for evacuation
[2025-09-10T08:34:36.934+0000][121][debug][gc,age      ] GC(5) Desired survivor size 41943040 bytes, new threshold 15 (max threshold 15)
[2025-09-10T08:34:36.942+0000][121][info ][gc,phases   ] GC(5)   Pre Evacuate Collection Set: 0.15ms
[2025-09-10T08:34:36.942+0000][121][info ][gc,phases   ] GC(5)   Merge Heap Roots: 0.08ms
[2025-09-10T08:34:36.942+0000][121][info ][gc,phases   ] GC(5)   Evacuate Collection Set: 6.64ms
[2025-09-10T08:34:36.942+0000][121][info ][gc,phases   ] GC(5)   Post Evacuate Collection Set: 0.86ms
[2025-09-10T08:34:36.942+0000][121][info ][gc,phases   ] GC(5)   Other: 0.15ms
[2025-09-10T08:34:36.943+0000][121][trace][gc,age      ] GC(5) Age table with threshold 15 (max threshold 15)
[2025-09-10T08:34:36.943+0000][121][trace][gc,age      ] GC(5) - age   1:    8182304 bytes,    8182304 total
[2025-09-10T08:34:36.943+0000][121][trace][gc,age      ] GC(5) - age   2:    5943760 bytes,   14126064 total
[2025-09-10T08:34:36.943+0000][121][trace][gc,age      ] GC(5) - age   3:     423112 bytes,   14549176 total
[2025-09-10T08:34:36.943+0000][121][trace][gc,age      ] GC(5) - age   4:    4025768 bytes,   18574944 total
[2025-09-10T08:34:36.943+0000][121][trace][gc,age      ] GC(5) - age   5:    4587448 bytes,   23162392 total
[2025-09-10T08:34:36.943+0000][121][info ][gc,heap     ] GC(5) Eden regions: 132->0(147)
[2025-09-10T08:34:36.943+0000][121][info ][gc,heap     ] GC(5) Survivor regions: 4->6(20)
[2025-09-10T08:34:36.943+0000][121][info ][gc,heap     ] GC(5) Old regions: 1->1
[2025-09-10T08:34:36.943+0000][121][info ][gc,heap     ] GC(5) Humongous regions: 0->0
[2025-09-10T08:34:36.943+0000][121][info ][gc,metaspace] GC(5) Metaspace: 35356K(36288K)->35356K(36288K) NonClass: 31270K(31808K)->31270K(31808K) Class: 4086K(4480K)->4086K(4480K)
[2025-09-10T08:34:36.943+0000][121][info ][gc          ] GC(5) Pause Young (Mixed) (Metadata GC Threshold) 542M->25M(1024M) 8.619ms
[2025-09-10T08:34:36.943+0000][121][info ][gc,cpu      ] GC(5) User=0.04s Sys=0.00s Real=0.01s
[2025-09-10T08:34:36.943+0000][121][info ][safepoint   ] Safepoint "CollectForMetadataAllocation", Time since last: 55983250 ns, Reaching safepoint: 2125 ns, Cleanup: 21583 ns, At safepoint: 8755042 ns, Total: 8778750 ns
[2025-09-10T08:34:36.952+0000][121][info ][gc,start    ] GC(6) Pause Young (Concurrent Start) (Metadata GC Threshold)
[2025-09-10T08:34:36.952+0000][121][info ][gc,task     ] GC(6) Using 8 workers of 8 for evacuation
[2025-09-10T08:34:36.952+0000][121][debug][gc,age      ] GC(6) Desired survivor size 41943040 bytes, new threshold 15 (max threshold 15)
[2025-09-10T08:34:36.958+0000][121][info ][gc,phases   ] GC(6)   Pre Evacuate Collection Set: 0.13ms
[2025-09-10T08:34:36.958+0000][121][info ][gc,phases   ] GC(6)   Merge Heap Roots: 0.04ms
[2025-09-10T08:34:36.958+0000][121][info ][gc,phases   ] GC(6)   Evacuate Collection Set: 5.31ms
[2025-09-10T08:34:36.958+0000][121][info ][gc,phases   ] GC(6)   Post Evacuate Collection Set: 0.74ms
[2025-09-10T08:34:36.958+0000][121][info ][gc,phases   ] GC(6)   Other: 0.17ms
[2025-09-10T08:34:36.958+0000][121][trace][gc,age      ] GC(6) Age table with threshold 15 (max threshold 15)
[2025-09-10T08:34:36.958+0000][121][trace][gc,age      ] GC(6) - age   1:      74352 bytes,      74352 total
[2025-09-10T08:34:36.958+0000][121][trace][gc,age      ] GC(6) - age   2:    8164920 bytes,    8239272 total
[2025-09-10T08:34:36.958+0000][121][trace][gc,age      ] GC(6) - age   3:    5943728 bytes,   14183000 total
[2025-09-10T08:34:36.958+0000][121][trace][gc,age      ] GC(6) - age   4:     423112 bytes,   14606112 total
[2025-09-10T08:34:36.959+0000][121][trace][gc,age      ] GC(6) - age   5:    4024920 bytes,   18631032 total
[2025-09-10T08:34:36.959+0000][121][trace][gc,age      ] GC(6) - age   6:    4587352 bytes,   23218384 total
[2025-09-10T08:34:36.959+0000][121][info ][gc,heap     ] GC(6) Eden regions: 1->0(146)
[2025-09-10T08:34:36.959+0000][121][info ][gc,heap     ] GC(6) Survivor regions: 6->7(20)
[2025-09-10T08:34:36.959+0000][121][info ][gc,heap     ] GC(6) Old regions: 1->1
[2025-09-10T08:34:36.959+0000][121][info ][gc,heap     ] GC(6) Humongous regions: 0->0
[2025-09-10T08:34:36.959+0000][121][info ][gc,metaspace] GC(6) Metaspace: 35682K(36608K)->35682K(36608K) NonClass: 31549K(32064K)->31549K(32064K) Class: 4132K(4544K)->4132K(4544K)
[2025-09-10T08:34:36.959+0000][121][info ][gc          ] GC(6) Pause Young (Concurrent Start) (Metadata GC Threshold) 28M->25M(1024M) 7.088ms
[2025-09-10T08:34:36.959+0000][121][info ][gc,cpu      ] GC(6) User=0.04s Sys=0.00s Real=0.01s
[2025-09-10T08:34:36.959+0000][121][info ][gc          ] GC(7) Concurrent Mark Cycle
[2025-09-10T08:34:36.959+0000][121][info ][gc,marking  ] GC(7) Concurrent Scan Root Regions
[2025-09-10T08:34:36.959+0000][121][info ][safepoint   ] Safepoint "CollectForMetadataAllocation", Time since last: 8641208 ns, Reaching safepoint: 1750 ns, Cleanup: 917 ns, At safepoint: 7247791 ns, Total: 7250458 ns
[2025-09-10T08:34:36.962+0000][121][info ][gc,marking  ] GC(7) Concurrent Scan Root Regions 3.476ms
[2025-09-10T08:34:36.965+0000][121][info ][gc,marking  ] GC(7) Concurrent Mark
[2025-09-10T08:34:36.965+0000][121][info ][gc,marking  ] GC(7) Concurrent Mark From Roots
[2025-09-10T08:34:36.965+0000][121][info ][gc,task     ] GC(7) Using 2 workers of 2 for marking
[2025-09-10T08:34:36.965+0000][121][info ][gc,marking  ] GC(7) Concurrent Mark From Roots 0.800ms
[2025-09-10T08:34:36.966+0000][121][info ][gc,marking  ] GC(7) Concurrent Preclean
[2025-09-10T08:34:36.966+0000][121][info ][gc,marking  ] GC(7) Concurrent Preclean 0.048ms
[2025-09-10T08:34:36.966+0000][121][info ][gc,start    ] GC(7) Pause Remark
[2025-09-10T08:34:36.968+0000][121][info ][gc          ] GC(7) Pause Remark 31M->31M(1024M) 2.181ms
[2025-09-10T08:34:36.968+0000][121][info ][gc,cpu      ] GC(7) User=0.01s Sys=0.00s Real=0.00s
[2025-09-10T08:34:36.968+0000][121][info ][safepoint   ] Safepoint "G1PauseRemark", Time since last: 6760334 ns, Reaching safepoint: 1958 ns, Cleanup: 10792 ns, At safepoint: 2262708 ns, Total: 2275458 ns
[2025-09-10T08:34:36.971+0000][121][info ][gc,marking  ] GC(7) Concurrent Mark 6.032ms
[2025-09-10T08:34:36.971+0000][121][info ][gc,marking  ] GC(7) Concurrent Rebuild Remembered Sets and Scrub Regions
[2025-09-10T08:34:36.972+0000][121][info ][gc,marking  ] GC(7) Concurrent Rebuild Remembered Sets and Scrub Regions 0.783ms
[2025-09-10T08:34:36.973+0000][121][info ][gc,start    ] GC(7) Pause Cleanup
[2025-09-10T08:34:36.973+0000][121][info ][gc          ] GC(7) Pause Cleanup 37M->37M(1024M) 0.130ms
[2025-09-10T08:34:36.973+0000][121][info ][gc,cpu      ] GC(7) User=0.00s Sys=0.00s Real=0.00s
[2025-09-10T08:34:36.973+0000][121][info ][safepoint   ] Safepoint "G1PauseCleanup", Time since last: 4804375 ns, Reaching safepoint: 1750 ns, Cleanup: 7958 ns, At safepoint: 254792 ns, Total: 264500 ns
[2025-09-10T08:34:36.973+0000][121][info ][gc,marking  ] GC(7) Concurrent Clear Claimed Marks
[2025-09-10T08:34:36.976+0000][121][info ][gc,marking  ] GC(7) Concurrent Clear Claimed Marks 3.335ms
[2025-09-10T08:34:36.977+0000][121][info ][gc,marking  ] GC(7) Concurrent Cleanup for Next Mark
[2025-09-10T08:34:36.977+0000][121][info ][gc,marking  ] GC(7) Concurrent Cleanup for Next Mark 0.432ms
[2025-09-10T08:34:36.977+0000][121][info ][gc          ] GC(7) Concurrent Mark Cycle 18.256ms
[2025-09-10T08:34:37.351+0000][121][info ][safepoint   ] Safepoint "ICBufferFull", Time since last: 377587125 ns, Reaching safepoint: 2292 ns, Cleanup: 83708 ns, At safepoint: 6375 ns, Total: 92375 ns
[2025-09-10T08:34:37.456+0000][121][info ][gc,start    ] GC(8) Pause Young (Normal) (G1 Evacuation Pause)
[2025-09-10T08:34:37.456+0000][121][info ][gc,task     ] GC(8) Using 8 workers of 8 for evacuation
[2025-09-10T08:34:37.456+0000][121][debug][gc,age      ] GC(8) Desired survivor size 41943040 bytes, new threshold 15 (max threshold 15)
[2025-09-10T08:34:37.463+0000][121][info ][gc,phases   ] GC(8)   Pre Evacuate Collection Set: 0.12ms
[2025-09-10T08:34:37.463+0000][121][info ][gc,phases   ] GC(8)   Merge Heap Roots: 0.06ms
[2025-09-10T08:34:37.463+0000][121][info ][gc,phases   ] GC(8)   Evacuate Collection Set: 6.16ms
[2025-09-10T08:34:37.463+0000][121][info ][gc,phases   ] GC(8)   Post Evacuate Collection Set: 0.93ms
[2025-09-10T08:34:37.464+0000][121][info ][gc,phases   ] GC(8)   Other: 0.16ms
[2025-09-10T08:34:37.464+0000][121][trace][gc,age      ] GC(8) Age table with threshold 15 (max threshold 15)
[2025-09-10T08:34:37.464+0000][121][trace][gc,age      ] GC(8) - age   1:   10040072 bytes,   10040072 total
[2025-09-10T08:34:37.464+0000][121][trace][gc,age      ] GC(8) - age   2:      57256 bytes,   10097328 total
[2025-09-10T08:34:37.464+0000][121][trace][gc,age      ] GC(8) - age   3:    8153624 bytes,   18250952 total
[2025-09-10T08:34:37.464+0000][121][trace][gc,age      ] GC(8) - age   4:    5935800 bytes,   24186752 total
[2025-09-10T08:34:37.464+0000][121][trace][gc,age      ] GC(8) - age   5:     403128 bytes,   24589880 total
[2025-09-10T08:34:37.464+0000][121][trace][gc,age      ] GC(8) - age   6:    4017920 bytes,   28607800 total
[2025-09-10T08:34:37.464+0000][121][trace][gc,age      ] GC(8) - age   7:    4580632 bytes,   33188432 total
[2025-09-10T08:34:37.464+0000][121][info ][gc,heap     ] GC(8) Eden regions: 146->0(144)
[2025-09-10T08:34:37.464+0000][121][info ][gc,heap     ] GC(8) Survivor regions: 7->9(20)
[2025-09-10T08:34:37.464+0000][121][info ][gc,heap     ] GC(8) Old regions: 1->1
[2025-09-10T08:34:37.464+0000][121][info ][gc,heap     ] GC(8) Humongous regions: 0->0
[2025-09-10T08:34:37.464+0000][121][info ][gc,metaspace] GC(8) Metaspace: 38286K(39424K)->38286K(39424K) NonClass: 33794K(34496K)->33794K(34496K) Class: 4491K(4928K)->4491K(4928K)
[2025-09-10T08:34:37.464+0000][121][info ][gc          ] GC(8) Pause Young (Normal) (G1 Evacuation Pause) 609M->34M(1024M) 8.157ms
[2025-09-10T08:34:37.464+0000][121][info ][gc,cpu      ] GC(8) User=0.04s Sys=0.00s Real=0.00s
[2025-09-10T08:34:37.464+0000][121][info ][safepoint   ] Safepoint "G1CollectForAllocation", Time since last: 105019959 ns, Reaching safepoint: 2833 ns, Cleanup: 51375 ns, At safepoint: 8242833 ns, Total: 8297041 ns
[2025-09-10T08:34:37.659+0000][121][info ][safepoint   ] Safepoint "ICBufferFull", Time since last: 195343292 ns, Reaching safepoint: 2375 ns, Cleanup: 87375 ns, At safepoint: 5833 ns, Total: 95583 ns
[2025-09-10T08:34:37.787+0000][121][info ][safepoint   ] Safepoint "ICBufferFull", Time since last: 127346584 ns, Reaching safepoint: 2791 ns, Cleanup: 67000 ns, At safepoint: 8875 ns, Total: 78666 ns
[2025-09-10T08:34:37.964+0000][121][info ][safepoint   ] Safepoint "ICBufferFull", Time since last: 175784042 ns, Reaching safepoint: 892333 ns, Cleanup: 68375 ns, At safepoint: 8500 ns, Total: 969208 ns
[2025-09-10T08:34:38.294+0000][121][info ][safepoint   ] Safepoint "ICBufferFull", Time since last: 330361417 ns, Reaching safepoint: 2250 ns, Cleanup: 103334 ns, At safepoint: 7666 ns, Total: 113250 ns
[2025-09-10T08:34:38.393+0000][121][info ][safepoint   ] Safepoint "ICBufferFull", Time since last: 99276667 ns, Reaching safepoint: 1958 ns, Cleanup: 81667 ns, At safepoint: 5583 ns, Total: 89208 ns
[2025-09-10T08:34:38.617+0000][121][info ][safepoint   ] Safepoint "ICBufferFull", Time since last: 223060125 ns, Reaching safepoint: 2459 ns, Cleanup: 58583 ns, At safepoint: 3917 ns, Total: 64959 ns
[2025-09-10T08:34:39.075+0000][121][info ][gc,start    ] GC(9) Pause Young (Concurrent Start) (Metadata GC Threshold)
[2025-09-10T08:34:39.076+0000][121][info ][gc,task     ] GC(9) Using 8 workers of 8 for evacuation
[2025-09-10T08:34:39.077+0000][121][debug][gc,age      ] GC(9) Desired survivor size 41943040 bytes, new threshold 15 (max threshold 15)
[2025-09-10T08:34:39.113+0000][121][info ][gc,phases   ] GC(9)   Pre Evacuate Collection Set: 0.11ms
[2025-09-10T08:34:39.113+0000][121][info ][gc,phases   ] GC(9)   Merge Heap Roots: 0.04ms
[2025-09-10T08:34:39.114+0000][121][info ][gc,phases   ] GC(9)   Evacuate Collection Set: 24.68ms
[2025-09-10T08:34:39.114+0000][121][info ][gc,phases   ] GC(9)   Post Evacuate Collection Set: 11.36ms
[2025-09-10T08:34:39.114+0000][121][info ][gc,phases   ] GC(9)   Other: 1.17ms
[2025-09-10T08:34:39.114+0000][121][trace][gc,age      ] GC(9) Age table with threshold 15 (max threshold 15)
[2025-09-10T08:34:39.114+0000][121][trace][gc,age      ] GC(9) - age   1:   10330472 bytes,   10330472 total
[2025-09-10T08:34:39.114+0000][121][trace][gc,age      ] GC(9) - age   2:    8852496 bytes,   19182968 total
[2025-09-10T08:34:39.114+0000][121][trace][gc,age      ] GC(9) - age   3:      55704 bytes,   19238672 total
[2025-09-10T08:34:39.114+0000][121][trace][gc,age      ] GC(9) - age   4:    8113048 bytes,   27351720 total
[2025-09-10T08:34:39.115+0000][121][trace][gc,age      ] GC(9) - age   5:    5750504 bytes,   33102224 total
[2025-09-10T08:34:39.115+0000][121][trace][gc,age      ] GC(9) - age   6:     399568 bytes,   33501792 total
[2025-09-10T08:34:39.115+0000][121][trace][gc,age      ] GC(9) - age   7:    3980328 bytes,   37482120 total
[2025-09-10T08:34:39.115+0000][121][trace][gc,age      ] GC(9) - age   8:    4571576 bytes,   42053696 total
[2025-09-10T08:34:39.115+0000][121][info ][gc,heap     ] GC(9) Eden regions: 134->0(141)
[2025-09-10T08:34:39.115+0000][121][info ][gc,heap     ] GC(9) Survivor regions: 9->12(20)
[2025-09-10T08:34:39.115+0000][121][info ][gc,heap     ] GC(9) Old regions: 1->1
[2025-09-10T08:34:39.116+0000][121][info ][gc,heap     ] GC(9) Humongous regions: 0->0
[2025-09-10T08:34:39.116+0000][121][info ][gc,metaspace] GC(9) Metaspace: 59950K(61376K)->59950K(61376K) NonClass: 52378K(53248K)->52378K(53248K) Class: 7571K(8128K)->7571K(8128K)
[2025-09-10T08:34:39.116+0000][121][info ][gc          ] GC(9) Pause Young (Concurrent Start) (Metadata GC Threshold) 568M->47M(1024M) 41.000ms
[2025-09-10T08:34:39.116+0000][121][info ][gc,cpu      ] GC(9) User=0.14s Sys=0.00s Real=0.05s
[2025-09-10T08:34:39.116+0000][121][info ][gc          ] GC(10) Concurrent Mark Cycle
[2025-09-10T08:34:39.117+0000][121][info ][gc,marking  ] GC(10) Concurrent Scan Root Regions
[2025-09-10T08:34:39.117+0000][121][info ][safepoint   ] Safepoint "CollectForMetadataAllocation", Time since last: 458466292 ns, Reaching safepoint: 3375 ns, Cleanup: 101750 ns, At safepoint: 41556375 ns, Total: 41661500 ns
[2025-09-10T08:34:39.154+0000][121][info ][safepoint   ] Safepoint "CollectForMetadataAllocation", Time since last: 30656958 ns, Reaching safepoint: 6401792 ns, Cleanup: 5208 ns, At safepoint: 97917 ns, Total: 6504917 ns
[2025-09-10T08:34:39.156+0000][121][info ][gc,marking  ] GC(10) Concurrent Scan Root Regions 39.500ms
[2025-09-10T08:34:39.159+0000][121][info ][gc,marking  ] GC(10) Concurrent Mark
[2025-09-10T08:34:39.159+0000][121][info ][gc,marking  ] GC(10) Concurrent Mark From Roots
[2025-09-10T08:34:39.161+0000][121][info ][gc,task     ] GC(10) Using 2 workers of 2 for marking
[2025-09-10T08:34:39.163+0000][121][info ][gc,marking  ] GC(10) Concurrent Mark From Roots 4.003ms
[2025-09-10T08:34:39.164+0000][121][info ][gc,marking  ] GC(10) Concurrent Preclean
[2025-09-10T08:34:39.165+0000][121][info ][gc,marking  ] GC(10) Concurrent Preclean 0.756ms
[2025-09-10T08:34:39.170+0000][121][info ][gc,start    ] GC(10) Pause Remark
[2025-09-10T08:34:39.178+0000][121][info ][gc          ] GC(10) Pause Remark 51M->51M(1024M) 7.845ms
[2025-09-10T08:34:39.179+0000][121][info ][gc,cpu      ] GC(10) User=0.01s Sys=0.00s Real=0.01s
[2025-09-10T08:34:39.179+0000][121][info ][safepoint   ] Safepoint "G1PauseRemark", Time since last: 14978708 ns, Reaching safepoint: 1531625 ns, Cleanup: 6417 ns, At safepoint: 8575041 ns, Total: 10113083 ns
[2025-09-10T08:34:39.182+0000][121][info ][gc,marking  ] GC(10) Concurrent Mark 22.954ms
[2025-09-10T08:34:39.185+0000][121][info ][gc,marking  ] GC(10) Concurrent Rebuild Remembered Sets and Scrub Regions
[2025-09-10T08:34:39.191+0000][121][info ][gc,marking  ] GC(10) Concurrent Rebuild Remembered Sets and Scrub Regions 5.216ms
[2025-09-10T08:34:39.200+0000][121][info ][gc,start    ] GC(10) Pause Cleanup
[2025-09-10T08:34:39.201+0000][121][info ][gc          ] GC(10) Pause Cleanup 51M->51M(1024M) 0.991ms
[2025-09-10T08:34:39.202+0000][121][info ][gc,cpu      ] GC(10) User=0.00s Sys=0.00s Real=0.00s
[2025-09-10T08:34:39.202+0000][121][info ][safepoint   ] Safepoint "G1PauseCleanup", Time since last: 18345750 ns, Reaching safepoint: 3146334 ns, Cleanup: 27875 ns, At safepoint: 1232708 ns, Total: 4406917 ns
[2025-09-10T08:34:39.202+0000][121][info ][gc,marking  ] GC(10) Concurrent Clear Claimed Marks
[2025-09-10T08:34:39.204+0000][121][info ][gc,marking  ] GC(10) Concurrent Clear Claimed Marks 1.195ms
[2025-09-10T08:34:39.204+0000][121][info ][gc,marking  ] GC(10) Concurrent Cleanup for Next Mark
[2025-09-10T08:34:39.204+0000][121][info ][gc,marking  ] GC(10) Concurrent Cleanup for Next Mark 0.659ms
[2025-09-10T08:34:39.205+0000][121][info ][gc          ] GC(10) Concurrent Mark Cycle 88.147ms
[2025-09-10T08:34:39.772+0000][121][info ][safepoint   ] Safepoint "ICBufferFull", Time since last: 570154875 ns, Reaching safepoint: 2459 ns, Cleanup: 99291 ns, At safepoint: 10667 ns, Total: 112417 ns
[2025-09-10T08:34:39.896+0000][121][info ][safepoint   ] Safepoint "ICBufferFull", Time since last: 124030917 ns, Reaching safepoint: 368875 ns, Cleanup: 101833 ns, At safepoint: 11667 ns, Total: 482375 ns
[2025-09-10T08:34:40.517+0000][121][info ][safepoint   ] Safepoint "ICBufferFull", Time since last: 620912625 ns, Reaching safepoint: 2458 ns, Cleanup: 80584 ns, At safepoint: 8750 ns, Total: 91792 ns
[2025-09-10T08:34:40.710+0000][121][info ][safepoint   ] Safepoint "ICBufferFull", Time since last: 192626541 ns, Reaching safepoint: 5292 ns, Cleanup: 151750 ns, At safepoint: 29708 ns, Total: 186750 ns
[2025-09-10T08:34:41.108+0000][121][info ][gc,start    ] GC(11) Pause Young (Normal) (G1 Evacuation Pause)
[2025-09-10T08:34:41.108+0000][121][info ][gc,task     ] GC(11) Using 8 workers of 8 for evacuation
[2025-09-10T08:34:41.108+0000][121][debug][gc,age      ] GC(11) Desired survivor size 41943040 bytes, new threshold 8 (max threshold 15)
[2025-09-10T08:34:41.129+0000][121][info ][gc,phases   ] GC(11)   Pre Evacuate Collection Set: 0.25ms
[2025-09-10T08:34:41.129+0000][121][info ][gc,phases   ] GC(11)   Merge Heap Roots: 0.14ms
[2025-09-10T08:34:41.129+0000][121][info ][gc,phases   ] GC(11)   Evacuate Collection Set: 17.57ms
[2025-09-10T08:34:41.129+0000][121][info ][gc,phases   ] GC(11)   Post Evacuate Collection Set: 3.01ms
[2025-09-10T08:34:41.129+0000][121][info ][gc,phases   ] GC(11)   Other: 0.18ms
[2025-09-10T08:34:41.129+0000][121][trace][gc,age      ] GC(11) Age table with threshold 8 (max threshold 15)
[2025-09-10T08:34:41.130+0000][121][trace][gc,age      ] GC(11) - age   1:   10803680 bytes,   10803680 total
[2025-09-10T08:34:41.130+0000][121][trace][gc,age      ] GC(11) - age   2:    9882320 bytes,   20686000 total
[2025-09-10T08:34:41.130+0000][121][trace][gc,age      ] GC(11) - age   3:    8803680 bytes,   29489680 total
[2025-09-10T08:34:41.130+0000][121][trace][gc,age      ] GC(11) - age   4:      55576 bytes,   29545256 total
[2025-09-10T08:34:41.130+0000][121][trace][gc,age      ] GC(11) - age   5:    8101760 bytes,   37647016 total
[2025-09-10T08:34:41.130+0000][121][trace][gc,age      ] GC(11) - age   6:    5726312 bytes,   43373328 total
[2025-09-10T08:34:41.130+0000][121][trace][gc,age      ] GC(11) - age   7:     397168 bytes,   43770496 total
[2025-09-10T08:34:41.130+0000][121][trace][gc,age      ] GC(11) - age   8:    3972936 bytes,   47743432 total
[2025-09-10T08:34:41.130+0000][121][info ][gc,heap     ] GC(11) Eden regions: 141->0(140)
[2025-09-10T08:34:41.130+0000][121][info ][gc,heap     ] GC(11) Survivor regions: 12->13(20)
[2025-09-10T08:34:41.130+0000][121][info ][gc,heap     ] GC(11) Old regions: 1->2
[2025-09-10T08:34:41.130+0000][121][info ][gc,heap     ] GC(11) Humongous regions: 0->0
[2025-09-10T08:34:41.130+0000][121][info ][gc,metaspace] GC(11) Metaspace: 75242K(77056K)->75242K(77056K) NonClass: 65155K(66240K)->65155K(66240K) Class: 10087K(10816K)->10087K(10816K)
[2025-09-10T08:34:41.130+0000][121][info ][gc          ] GC(11) Pause Young (Normal) (G1 Evacuation Pause) 611M->57M(1024M) 22.063ms
[2025-09-10T08:34:41.130+0000][121][info ][gc,cpu      ] GC(11) User=0.08s Sys=0.00s Real=0.02s
[2025-09-10T08:34:41.130+0000][121][info ][safepoint   ] Safepoint "G1CollectForAllocation", Time since last: 397492626 ns, Reaching safepoint: 2958 ns, Cleanup: 85375 ns, At safepoint: 22188000 ns, Total: 22276333 ns
[2025-09-10T08:34:41.405+0000][121][info ][safepoint   ] Safepoint "ICBufferFull", Time since last: 274802708 ns, Reaching safepoint: 8875 ns, Cleanup: 139125 ns, At safepoint: 12292 ns, Total: 160292 ns
[2025-09-10T08:34:41.639+0000][121][info ][safepoint   ] Safepoint "ICBufferFull", Time since last: 233734667 ns, Reaching safepoint: 2583 ns, Cleanup: 109959 ns, At safepoint: 10458 ns, Total: 123000 ns
[2025-09-10T08:34:41.953+0000][121][info ][safepoint   ] Safepoint "ICBufferFull", Time since last: 314389708 ns, Reaching safepoint: 13917 ns, Cleanup: 119125 ns, At safepoint: 5875 ns, Total: 138917 ns
[2025-09-10T08:34:42.294+0000][121][info ][safepoint   ] Safepoint "ICBufferFull", Time since last: 340491250 ns, Reaching safepoint: 485167 ns, Cleanup: 92708 ns, At safepoint: 14459 ns, Total: 592334 ns
[2025-09-10T08:34:42.569+0000][121][info ][gc,start    ] GC(12) Pause Young (Concurrent Start) (Metadata GC Threshold)
[2025-09-10T08:34:42.570+0000][121][info ][gc,task     ] GC(12) Using 8 workers of 8 for evacuation
[2025-09-10T08:34:42.570+0000][121][debug][gc,age      ] GC(12) Desired survivor size 41943040 bytes, new threshold 6 (max threshold 15)
[2025-09-10T08:34:42.592+0000][121][info ][gc,phases   ] GC(12)   Pre Evacuate Collection Set: 0.18ms
[2025-09-10T08:34:42.592+0000][121][info ][gc,phases   ] GC(12)   Merge Heap Roots: 0.05ms
[2025-09-10T08:34:42.592+0000][121][info ][gc,phases   ] GC(12)   Evacuate Collection Set: 20.31ms
[2025-09-10T08:34:42.592+0000][121][info ][gc,phases   ] GC(12)   Post Evacuate Collection Set: 1.46ms
[2025-09-10T08:34:42.592+0000][121][info ][gc,phases   ] GC(12)   Other: 0.24ms
[2025-09-10T08:34:42.592+0000][121][trace][gc,age      ] GC(12) Age table with threshold 6 (max threshold 15)
[2025-09-10T08:34:42.592+0000][121][trace][gc,age      ] GC(12) - age   1:    9833968 bytes,    9833968 total
[2025-09-10T08:34:42.592+0000][121][trace][gc,age      ] GC(12) - age   2:   10450856 bytes,   20284824 total
[2025-09-10T08:34:42.592+0000][121][trace][gc,age      ] GC(12) - age   3:    9716088 bytes,   30000912 total
[2025-09-10T08:34:42.592+0000][121][trace][gc,age      ] GC(12) - age   4:    8786064 bytes,   38786976 total
[2025-09-10T08:34:42.592+0000][121][trace][gc,age      ] GC(12) - age   5:      55256 bytes,   38842232 total
[2025-09-10T08:34:42.592+0000][121][trace][gc,age      ] GC(12) - age   6:    8076560 bytes,   46918792 total
[2025-09-10T08:34:42.592+0000][121][info ][gc,heap     ] GC(12) Eden regions: 82->0(140)
[2025-09-10T08:34:42.592+0000][121][info ][gc,heap     ] GC(12) Survivor regions: 13->13(20)
[2025-09-10T08:34:42.592+0000][121][info ][gc,heap     ] GC(12) Old regions: 2->4
[2025-09-10T08:34:42.592+0000][121][info ][gc,heap     ] GC(12) Humongous regions: 0->0
[2025-09-10T08:34:42.593+0000][121][info ][gc,metaspace] GC(12) Metaspace: 101130K(103168K)->101130K(103168K) NonClass: 87468K(88640K)->87468K(88640K) Class: 13661K(14528K)->13661K(14528K)
[2025-09-10T08:34:42.593+0000][121][info ][gc          ] GC(12) Pause Young (Concurrent Start) (Metadata GC Threshold) 385M->64M(1024M) 23.086ms
[2025-09-10T08:34:42.593+0000][121][info ][gc,cpu      ] GC(12) User=0.14s Sys=0.00s Real=0.02s
[2025-09-10T08:34:42.593+0000][121][info ][gc          ] GC(13) Concurrent Mark Cycle
[2025-09-10T08:34:42.593+0000][121][info ][gc,marking  ] GC(13) Concurrent Scan Root Regions
[2025-09-10T08:34:42.593+0000][121][info ][safepoint   ] Safepoint "CollectForMetadataAllocation", Time since last: 274908833 ns, Reaching safepoint: 2625 ns, Cleanup: 33250 ns, At safepoint: 23401167 ns, Total: 23437042 ns
[2025-09-10T08:34:42.604+0000][121][info ][gc,marking  ] GC(13) Concurrent Scan Root Regions 10.941ms
[2025-09-10T08:34:42.604+0000][121][info ][gc,marking  ] GC(13) Concurrent Mark
[2025-09-10T08:34:42.604+0000][121][info ][gc,marking  ] GC(13) Concurrent Mark From Roots
[2025-09-10T08:34:42.605+0000][121][info ][gc,task     ] GC(13) Using 2 workers of 2 for marking
[2025-09-10T08:34:42.604+0000][121][info ][safepoint   ] Safepoint "CollectForMetadataAllocation", Time since last: 11456166 ns, Reaching safepoint: 3875 ns, Cleanup: 38667 ns, At safepoint: 51625 ns, Total: 94167 ns
[2025-09-10T08:34:42.607+0000][121][info ][gc,marking  ] GC(13) Concurrent Mark From Roots 2.454ms
[2025-09-10T08:34:42.607+0000][121][info ][gc,marking  ] GC(13) Concurrent Preclean
[2025-09-10T08:34:42.607+0000][121][info ][gc,marking  ] GC(13) Concurrent Preclean 0.047ms
[2025-09-10T08:34:42.607+0000][121][info ][gc,start    ] GC(13) Pause Remark
[2025-09-10T08:34:42.611+0000][121][info ][gc          ] GC(13) Pause Remark 70M->70M(1024M) 3.688ms
[2025-09-10T08:34:42.611+0000][121][info ][gc,cpu      ] GC(13) User=0.02s Sys=0.00s Real=0.00s
[2025-09-10T08:34:42.611+0000][121][info ][safepoint   ] Safepoint "G1PauseRemark", Time since last: 2678875 ns, Reaching safepoint: 277042 ns, Cleanup: 1583 ns, At safepoint: 3798708 ns, Total: 4077333 ns
[2025-09-10T08:34:42.611+0000][121][info ][gc,marking  ] GC(13) Concurrent Mark 6.792ms
[2025-09-10T08:34:42.611+0000][121][info ][gc,marking  ] GC(13) Concurrent Rebuild Remembered Sets and Scrub Regions
[2025-09-10T08:34:42.613+0000][121][info ][gc,marking  ] GC(13) Concurrent Rebuild Remembered Sets and Scrub Regions 1.884ms
[2025-09-10T08:34:42.613+0000][121][info ][gc,start    ] GC(13) Pause Cleanup
[2025-09-10T08:34:42.613+0000][121][info ][gc          ] GC(13) Pause Cleanup 71M->71M(1024M) 0.055ms
[2025-09-10T08:34:42.613+0000][121][info ][gc,cpu      ] GC(13) User=0.00s Sys=0.00s Real=0.00s
[2025-09-10T08:34:42.613+0000][121][info ][safepoint   ] Safepoint "G1PauseCleanup", Time since last: 2019084 ns, Reaching safepoint: 2291 ns, Cleanup: 9042 ns, At safepoint: 145750 ns, Total: 157083 ns
[2025-09-10T08:34:42.613+0000][121][info ][gc,marking  ] GC(13) Concurrent Clear Claimed Marks
[2025-09-10T08:34:42.613+0000][121][info ][gc,marking  ] GC(13) Concurrent Clear Claimed Marks 0.055ms
[2025-09-10T08:34:42.613+0000][121][info ][gc,marking  ] GC(13) Concurrent Cleanup for Next Mark
[2025-09-10T08:34:42.616+0000][121][info ][gc,marking  ] GC(13) Concurrent Cleanup for Next Mark 2.522ms
[2025-09-10T08:34:42.616+0000][121][info ][gc          ] GC(13) Concurrent Mark Cycle 23.400ms
[2025-09-10T08:34:42.785+0000][121][info ][safepoint   ] Safepoint "ICBufferFull", Time since last: 171710167 ns, Reaching safepoint: 281375 ns, Cleanup: 92625 ns, At safepoint: 9208 ns, Total: 383208 ns
[2025-09-10T08:34:43.043+0000][121][info ][safepoint   ] Safepoint "ICBufferFull", Time since last: 257909459 ns, Reaching safepoint: 2958 ns, Cleanup: 80333 ns, At safepoint: 12125 ns, Total: 95416 ns
[2025-09-10T08:34:43.307+0000][121][info ][safepoint   ] Safepoint "ICBufferFull", Time since last: 263038625 ns, Reaching safepoint: 3334 ns, Cleanup: 74458 ns, At safepoint: 9250 ns, Total: 87042 ns
[2025-09-10T08:34:43.522+0000][121][info ][safepoint   ] Safepoint "ICBufferFull", Time since last: 213938417 ns, Reaching safepoint: 1017250 ns, Cleanup: 83583 ns, At safepoint: 14875 ns, Total: 1115708 ns
[2025-09-10T08:34:43.572+0000][121][info ][safepoint   ] Safepoint "ICBufferFull", Time since last: 50403042 ns, Reaching safepoint: 2708 ns, Cleanup: 84542 ns, At safepoint: 5417 ns, Total: 92667 ns
[2025-09-10T08:34:43.624+0000][121][info ][safepoint   ] Safepoint "ICBufferFull", Time since last: 51188416 ns, Reaching safepoint: 1037500 ns, Cleanup: 71042 ns, At safepoint: 17458 ns, Total: 1126000 ns
[2025-09-10T08:34:43.642+0000][121][info ][safepoint   ] Safepoint "ICBufferFull", Time since last: 17504750 ns, Reaching safepoint: 3042 ns, Cleanup: 50708 ns, At safepoint: 8584 ns, Total: 62334 ns
[2025-09-10T08:34:43.689+0000][121][info ][safepoint   ] Safepoint "ICBufferFull", Time since last: 47059916 ns, Reaching safepoint: 7542 ns, Cleanup: 169083 ns, At safepoint: 15084 ns, Total: 191709 ns
[2025-09-10T08:34:43.733+0000][121][info ][safepoint   ] Safepoint "ICBufferFull", Time since last: 42488916 ns, Reaching safepoint: 714042 ns, Cleanup: 71292 ns, At safepoint: 11750 ns, Total: 797084 ns
[2025-09-10T08:34:43.820+0000][121][info ][safepoint   ] Safepoint "ICBufferFull", Time since last: 86062250 ns, Reaching safepoint: 888500 ns, Cleanup: 90958 ns, At safepoint: 16250 ns, Total: 995708 ns
[2025-09-10T08:34:43.881+0000][121][info ][safepoint   ] Safepoint "ICBufferFull", Time since last: 61067958 ns, Reaching safepoint: 7584 ns, Cleanup: 163958 ns, At safepoint: 8500 ns, Total: 180042 ns
[2025-09-10T08:34:44.017+0000][121][info ][safepoint   ] Safepoint "ICBufferFull", Time since last: 135944958 ns, Reaching safepoint: 3667 ns, Cleanup: 84333 ns, At safepoint: 18834 ns, Total: 106834 ns
[2025-09-10T08:34:44.153+0000][121][info ][safepoint   ] Safepoint "ICBufferFull", Time since last: 136305875 ns, Reaching safepoint: 3416 ns, Cleanup: 120375 ns, At safepoint: 6709 ns, Total: 130500 ns
[2025-09-10T08:34:44.238+0000][121][info ][safepoint   ] Safepoint "ICBufferFull", Time since last: 85029875 ns, Reaching safepoint: 4666 ns, Cleanup: 76667 ns, At safepoint: 10625 ns, Total: 91958 ns
[2025-09-10T08:34:44.321+0000][121][info ][safepoint   ] Safepoint "ICBufferFull", Time since last: 82136834 ns, Reaching safepoint: 11375 ns, Cleanup: 154750 ns, At safepoint: 16875 ns, Total: 183000 ns
[2025-09-10T08:34:44.322+0000][121][info ][safepoint   ] Safepoint "ICBufferFull", Time since last: 1686166 ns, Reaching safepoint: 9875 ns, Cleanup: 10375 ns, At safepoint: 7584 ns, Total: 27834 ns
[2025-09-10T08:34:44.411+0000][121][info ][safepoint   ] Safepoint "ICBufferFull", Time since last: 87237750 ns, Reaching safepoint: 725458 ns, Cleanup: 69417 ns, At safepoint: 24625 ns, Total: 819500 ns
[2025-09-10T08:34:44.494+0000][121][info ][safepoint   ] Safepoint "ICBufferFull", Time since last: 81895708 ns, Reaching safepoint: 875500 ns, Cleanup: 84667 ns, At safepoint: 235708 ns, Total: 1195875 ns
[2025-09-10T08:34:44.610+0000][121][info ][safepoint   ] Safepoint "ICBufferFull", Time since last: 115884000 ns, Reaching safepoint: 5083 ns, Cleanup: 73167 ns, At safepoint: 7083 ns, Total: 85333 ns
[2025-09-10T08:34:44.789+0000][121][info ][safepoint   ] Safepoint "ICBufferFull", Time since last: 177682000 ns, Reaching safepoint: 1200542 ns, Cleanup: 72917 ns, At safepoint: 9708 ns, Total: 1283167 ns
[2025-09-10T08:34:44.865+0000][121][info ][safepoint   ] Safepoint "ICBufferFull", Time since last: 76599292 ns, Reaching safepoint: 171416 ns, Cleanup: 66417 ns, At safepoint: 16750 ns, Total: 254583 ns
[2025-09-10T08:34:44.867+0000][121][info ][gc,start    ] GC(14) Pause Young (Normal) (G1 Evacuation Pause)
[2025-09-10T08:34:44.867+0000][121][info ][gc,task     ] GC(14) Using 8 workers of 8 for evacuation
[2025-09-10T08:34:44.867+0000][121][debug][gc,age      ] GC(14) Desired survivor size 41943040 bytes, new threshold 6 (max threshold 15)
[2025-09-10T08:34:44.918+0000][121][info ][gc,phases   ] GC(14)   Pre Evacuate Collection Set: 0.12ms
[2025-09-10T08:34:44.918+0000][121][info ][gc,phases   ] GC(14)   Merge Heap Roots: 0.07ms
[2025-09-10T08:34:44.918+0000][121][info ][gc,phases   ] GC(14)   Evacuate Collection Set: 47.76ms
[2025-09-10T08:34:44.918+0000][121][info ][gc,phases   ] GC(14)   Post Evacuate Collection Set: 2.69ms
[2025-09-10T08:34:44.918+0000][121][info ][gc,phases   ] GC(14)   Other: 0.14ms
[2025-09-10T08:34:44.919+0000][121][trace][gc,age      ] GC(14) Age table with threshold 6 (max threshold 15)
[2025-09-10T08:34:44.919+0000][121][trace][gc,age      ] GC(14) - age   1:   46142440 bytes,   46142440 total
[2025-09-10T08:34:44.919+0000][121][trace][gc,age      ] GC(14) - age   2:    8872544 bytes,   55014984 total
[2025-09-10T08:34:44.919+0000][121][trace][gc,age      ] GC(14) - age   3:    9938640 bytes,   64953624 total
[2025-09-10T08:34:44.919+0000][121][trace][gc,age      ] GC(14) - age   4:    8902680 bytes,   73856304 total
[2025-09-10T08:34:44.919+0000][121][trace][gc,age      ] GC(14) - age   5:    8736968 bytes,   82593272 total
[2025-09-10T08:34:44.919+0000][121][trace][gc,age      ] GC(14) - age   6:      55096 bytes,   82648368 total
[2025-09-10T08:34:44.919+0000][121][info ][gc,heap     ] GC(14) Eden regions: 140->0(133)
[2025-09-10T08:34:44.919+0000][121][info ][gc,heap     ] GC(14) Survivor regions: 13->20(20)
[2025-09-10T08:34:44.919+0000][121][info ][gc,heap     ] GC(14) Old regions: 4->9
[2025-09-10T08:34:44.919+0000][121][info ][gc,heap     ] GC(14) Humongous regions: 2->2
[2025-09-10T08:34:44.919+0000][121][info ][gc,metaspace] GC(14) Metaspace: 139026K(143104K)->139026K(143104K) NonClass: 119322K(121536K)->119322K(121536K) Class: 19703K(21568K)->19703K(21568K)
[2025-09-10T08:34:44.919+0000][121][info ][gc          ] GC(14) Pause Young (Normal) (G1 Evacuation Pause) 632M->120M(1024M) 52.026ms
[2025-09-10T08:34:44.919+0000][121][info ][gc,cpu      ] GC(14) User=0.32s Sys=0.01s Real=0.05s
[2025-09-10T08:34:44.920+0000][121][info ][safepoint   ] Safepoint "G1CollectForAllocation", Time since last: 1321750 ns, Reaching safepoint: 586083 ns, Cleanup: 3959 ns, At safepoint: 52509166 ns, Total: 53099208 ns
[2025-09-10T08:34:44.921+0000][121][info ][gc,start    ] GC(15) Pause Young (Normal) (G1 Evacuation Pause)
[2025-09-10T08:34:44.921+0000][121][info ][gc,task     ] GC(15) Using 8 workers of 8 for evacuation
[2025-09-10T08:34:44.921+0000][121][debug][gc,age      ] GC(15) Desired survivor size 6291456 bytes, new threshold 1 (max threshold 15)
[2025-09-10T08:34:44.986+0000][121][info ][gc,phases   ] GC(15)   Pre Evacuate Collection Set: 0.10ms
[2025-09-10T08:34:44.991+0000][121][info ][gc,phases   ] GC(15)   Merge Heap Roots: 0.18ms
[2025-09-10T08:34:44.991+0000][121][info ][gc,phases   ] GC(15)   Evacuate Collection Set: 62.54ms
[2025-09-10T08:34:44.991+0000][121][info ][gc,phases   ] GC(15)   Post Evacuate Collection Set: 1.33ms
[2025-09-10T08:34:44.991+0000][121][info ][gc,phases   ] GC(15)   Other: 0.14ms
[2025-09-10T08:34:44.991+0000][121][trace][gc,age      ] GC(15) Age table with threshold 1 (max threshold 15)
[2025-09-10T08:34:44.991+0000][121][trace][gc,age      ] GC(15) - age   1:      43112 bytes,      43112 total
[2025-09-10T08:34:44.991+0000][121][info ][gc,heap     ] GC(15) Eden regions: 1->0(152)
[2025-09-10T08:34:44.991+0000][121][info ][gc,heap     ] GC(15) Survivor regions: 20->1(3)
[2025-09-10T08:34:44.991+0000][121][info ][gc,heap     ] GC(15) Old regions: 9->29
[2025-09-10T08:34:44.991+0000][121][info ][gc,heap     ] GC(15) Humongous regions: 2->2
[2025-09-10T08:34:44.991+0000][121][info ][gc,metaspace] GC(15) Metaspace: 139026K(143104K)->139026K(143104K) NonClass: 119322K(121536K)->119322K(121536K) Class: 19703K(21568K)->19703K(21568K)
[2025-09-10T08:34:44.991+0000][121][info ][gc          ] GC(15) Pause Young (Normal) (G1 Evacuation Pause) 124M->128M(1024M) 69.605ms
[2025-09-10T08:34:44.991+0000][121][info ][gc,cpu      ] GC(15) User=0.43s Sys=0.00s Real=0.07s
[2025-09-10T08:34:44.991+0000][121][info ][safepoint   ] Safepoint "G1CollectForAllocation", Time since last: 632334 ns, Reaching safepoint: 834333 ns, Cleanup: 2750 ns, At safepoint: 69724709 ns, Total: 70561792 ns
[2025-09-10T08:34:45.131+0000][121][info ][safepoint   ] Safepoint "ICBufferFull", Time since last: 139655666 ns, Reaching safepoint: 7167 ns, Cleanup: 177708 ns, At safepoint: 31334 ns, Total: 216209 ns
[2025-09-10T08:34:45.299+0000][121][info ][safepoint   ] Safepoint "ICBufferFull", Time since last: 168384958 ns, Reaching safepoint: 17458 ns, Cleanup: 93542 ns, At safepoint: 10000 ns, Total: 121000 ns
[2025-09-10T08:34:45.435+0000][121][info ][safepoint   ] Safepoint "ICBufferFull", Time since last: 135570292 ns, Reaching safepoint: 36250 ns, Cleanup: 86583 ns, At safepoint: 63583 ns, Total: 186416 ns
[2025-09-10T08:34:45.604+0000][121][info ][safepoint   ] Safepoint "ICBufferFull", Time since last: 168051084 ns, Reaching safepoint: 147541 ns, Cleanup: 215459 ns, At safepoint: 267833 ns, Total: 630833 ns
[2025-09-10T08:34:45.605+0000][121][info ][safepoint   ] Safepoint "ICBufferFull", Time since last: 1106708 ns, Reaching safepoint: 363042 ns, Cleanup: 7292 ns, At safepoint: 41125 ns, Total: 411459 ns
[2025-09-10T08:34:45.791+0000][121][info ][safepoint   ] Safepoint "ICBufferFull", Time since last: 185835583 ns, Reaching safepoint: 135459 ns, Cleanup: 106375 ns, At safepoint: 20541 ns, Total: 262375 ns
[2025-09-10T08:34:45.862+0000][121][info ][safepoint   ] Safepoint "ICBufferFull", Time since last: 69129917 ns, Reaching safepoint: 917583 ns, Cleanup: 245750 ns, At safepoint: 36125 ns, Total: 1199458 ns
[2025-09-10T08:34:45.968+0000][121][info ][safepoint   ] Safepoint "ICBufferFull", Time since last: 106461334 ns, Reaching safepoint: 14750 ns, Cleanup: 131083 ns, At safepoint: 17208 ns, Total: 163041 ns
[2025-09-10T08:34:46.051+0000][121][info ][safepoint   ] Safepoint "ICBufferFull", Time since last: 82194084 ns, Reaching safepoint: 717333 ns, Cleanup: 111708 ns, At safepoint: 22209 ns, Total: 851250 ns
[2025-09-10T08:34:46.225+0000][121][info ][safepoint   ] Safepoint "ICBufferFull", Time since last: 173284083 ns, Reaching safepoint: 8125 ns, Cleanup: 96458 ns, At safepoint: 15417 ns, Total: 120000 ns
[2025-09-10T08:34:46.355+0000][121][info ][safepoint   ] Safepoint "ICBufferFull", Time since last: 129931250 ns, Reaching safepoint: 9708 ns, Cleanup: 370542 ns, At safepoint: 71417 ns, Total: 451667 ns
[2025-09-10T08:34:46.356+0000][121][info ][safepoint   ] Safepoint "ICBufferFull", Time since last: 418416 ns, Reaching safepoint: 18875 ns, Cleanup: 1125 ns, At safepoint: 4834 ns, Total: 24834 ns
[2025-09-10T08:34:46.495+0000][121][info ][safepoint   ] Safepoint "ICBufferFull", Time since last: 138832417 ns, Reaching safepoint: 19916 ns, Cleanup: 144750 ns, At safepoint: 20292 ns, Total: 184958 ns
[2025-09-10T08:34:46.663+0000][121][info ][safepoint   ] Safepoint "ICBufferFull", Time since last: 168178917 ns, Reaching safepoint: 8375 ns, Cleanup: 85375 ns, At safepoint: 11333 ns, Total: 105083 ns
[2025-09-10T08:34:46.770+0000][121][info ][safepoint   ] Safepoint "ICBufferFull", Time since last: 106811125 ns, Reaching safepoint: 9500 ns, Cleanup: 93667 ns, At safepoint: 15666 ns, Total: 118833 ns
[2025-09-10T08:34:46.907+0000][121][info ][safepoint   ] Safepoint "ICBufferFull", Time since last: 137232625 ns, Reaching safepoint: 7375 ns, Cleanup: 96709 ns, At safepoint: 5583 ns, Total: 109667 ns
[2025-09-10T08:34:47.155+0000][121][info ][safepoint   ] Safepoint "ICBufferFull", Time since last: 247662209 ns, Reaching safepoint: 9250 ns, Cleanup: 74708 ns, At safepoint: 5542 ns, Total: 89500 ns
[2025-09-10T08:34:47.317+0000][121][info ][safepoint   ] Safepoint "ICBufferFull", Time since last: 162186458 ns, Reaching safepoint: 52875 ns, Cleanup: 157375 ns, At safepoint: 21292 ns, Total: 231542 ns
[2025-09-10T08:34:48.085+0000][121][info ][safepoint   ] Safepoint "ICBufferFull", Time since last: 767140000 ns, Reaching safepoint: 33000 ns, Cleanup: 520708 ns, At safepoint: 14167 ns, Total: 567875 ns
[2025-09-10T08:34:49.130+0000][121][info ][safepoint   ] Safepoint "Cleanup", Time since last: 1044504959 ns, Reaching safepoint: 88708 ns, Cleanup: 199542 ns, At safepoint: 10083 ns, Total: 298333 ns
[2025-09-10T08:34:50.135+0000][121][info ][safepoint   ] Safepoint "Cleanup", Time since last: 1004515667 ns, Reaching safepoint: 268125 ns, Cleanup: 20459 ns, At safepoint: 8333 ns, Total: 296917 ns
[2025-09-10T08:34:51.139+0000][121][info ][safepoint   ] Safepoint "Cleanup", Time since last: 1003597417 ns, Reaching safepoint: 145417 ns, Cleanup: 24750 ns, At safepoint: 40000 ns, Total: 210167 ns
[2025-09-10T08:34:52.139+0000][121][info ][safepoint   ] Safepoint "Cleanup", Time since last: 1000787625 ns, Reaching safepoint: 35292 ns, Cleanup: 33208 ns, At safepoint: 7917 ns, Total: 76417 ns
[2025-09-10T08:34:53.141+0000][121][info ][safepoint   ] Safepoint "Cleanup", Time since last: 1001137000 ns, Reaching safepoint: 97542 ns, Cleanup: 22167 ns, At safepoint: 19541 ns, Total: 139250 ns
[2025-09-10T08:34:54.142+0000][121][info ][safepoint   ] Safepoint "Cleanup", Time since last: 1000611793 ns, Reaching safepoint: 110125 ns, Cleanup: 132291 ns, At safepoint: 10500 ns, Total: 252916 ns
[2025-09-10T08:34:55.143+0000][121][info ][safepoint   ] Safepoint "Cleanup", Time since last: 1001821792 ns, Reaching safepoint: 40834 ns, Cleanup: 15541 ns, At safepoint: 11250 ns, Total: 67625 ns
[2025-09-10T08:34:56.982+0000][121][info ][safepoint   ] Safepoint "Cleanup", Time since last: 1838124043 ns, Reaching safepoint: 8125 ns, Cleanup: 32458 ns, At safepoint: 12125 ns, Total: 52708 ns
[2025-09-10T08:34:57.159+0000][121][info ][safepoint   ] Safepoint "ICBufferFull", Time since last: 175668584 ns, Reaching safepoint: 994583 ns, Cleanup: 245833 ns, At safepoint: 21667 ns, Total: 1262083 ns
[2025-09-10T08:34:57.163+0000][121][info ][safepoint   ] Safepoint "ICBufferFull", Time since last: 4225333 ns, Reaching safepoint: 9000 ns, Cleanup: 4042 ns, At safepoint: 8500 ns, Total: 21542 ns
[2025-09-10T08:34:57.215+0000][121][info ][safepoint   ] Safepoint "ICBufferFull", Time since last: 52022667 ns, Reaching safepoint: 460041 ns, Cleanup: 93917 ns, At safepoint: 18875 ns, Total: 572833 ns
[2025-09-10T08:34:57.217+0000][121][info ][safepoint   ] Safepoint "ICBufferFull", Time since last: 1503417 ns, Reaching safepoint: 382000 ns, Cleanup: 4083 ns, At safepoint: 16208 ns, Total: 402291 ns
[2025-09-10T08:34:57.219+0000][121][info ][safepoint   ] Safepoint "ICBufferFull", Time since last: 441459 ns, Reaching safepoint: 1603708 ns, Cleanup: 1958 ns, At safepoint: 21334 ns, Total: 1627000 ns
[2025-09-10T08:34:57.283+0000][121][info ][safepoint   ] Safepoint "ICBufferFull", Time since last: 62955208 ns, Reaching safepoint: 37708 ns, Cleanup: 134375 ns, At safepoint: 25292 ns, Total: 197375 ns
[2025-09-10T08:34:57.694+0000][121][info ][safepoint   ] Safepoint "ICBufferFull", Time since last: 411656542 ns, Reaching safepoint: 9833 ns, Cleanup: 116625 ns, At safepoint: 7000 ns, Total: 133458 ns
[2025-09-10T08:34:57.884+0000][121][info ][safepoint   ] Safepoint "ICBufferFull", Time since last: 187974709 ns, Reaching safepoint: 1244291 ns, Cleanup: 83709 ns, At safepoint: 13208 ns, Total: 1341208 ns
[2025-09-10T08:34:57.884+0000][121][info ][safepoint   ] Safepoint "ICBufferFull", Time since last: 232458 ns, Reaching safepoint: 29000 ns, Cleanup: 3459 ns, At safepoint: 12833 ns, Total: 45292 ns
[2025-09-10T08:34:57.904+0000][121][info ][gc,start    ] GC(16) Pause Young (Normal) (G1 Evacuation Pause)
[2025-09-10T08:34:57.904+0000][121][info ][gc,task     ] GC(16) Using 8 workers of 8 for evacuation
[2025-09-10T08:34:57.904+0000][121][debug][gc,age      ] GC(16) Desired survivor size 41943040 bytes, new threshold 15 (max threshold 15)
[2025-09-10T08:34:57.955+0000][121][info ][gc,phases   ] GC(16)   Pre Evacuate Collection Set: 0.43ms
[2025-09-10T08:34:57.955+0000][121][info ][gc,phases   ] GC(16)   Merge Heap Roots: 0.24ms
[2025-09-10T08:34:57.955+0000][121][info ][gc,phases   ] GC(16)   Evacuate Collection Set: 44.93ms
[2025-09-10T08:34:57.955+0000][121][info ][gc,phases   ] GC(16)   Post Evacuate Collection Set: 3.47ms
[2025-09-10T08:34:57.955+0000][121][info ][gc,phases   ] GC(16)   Other: 2.00ms
[2025-09-10T08:34:57.955+0000][121][trace][gc,age      ] GC(16) Age table with threshold 15 (max threshold 15)
[2025-09-10T08:34:57.955+0000][121][trace][gc,age      ] GC(16) - age   1:   21824440 bytes,   21824440 total
[2025-09-10T08:34:57.955+0000][121][trace][gc,age      ] GC(16) - age   2:        464 bytes,   21824904 total
[2025-09-10T08:34:57.955+0000][121][info ][gc,heap     ] GC(16) Eden regions: 152->0(147)
[2025-09-10T08:34:57.956+0000][121][info ][gc,heap     ] GC(16) Survivor regions: 1->6(20)
[2025-09-10T08:34:57.956+0000][121][info ][gc,heap     ] GC(16) Old regions: 29->29
[2025-09-10T08:34:57.956+0000][121][info ][gc,heap     ] GC(16) Humongous regions: 2->2
[2025-09-10T08:34:57.956+0000][121][info ][gc,metaspace] GC(16) Metaspace: 148568K(152704K)->148568K(152704K) NonClass: 127557K(129792K)->127557K(129792K) Class: 21011K(22912K)->21011K(22912K)
[2025-09-10T08:34:57.956+0000][121][info ][gc          ] GC(16) Pause Young (Normal) (G1 Evacuation Pause) 736M->147M(1024M) 52.357ms
[2025-09-10T08:34:57.956+0000][121][info ][gc,cpu      ] GC(16) User=0.28s Sys=0.01s Real=0.06s
[2025-09-10T08:34:57.956+0000][121][info ][safepoint   ] Safepoint "G1CollectForAllocation", Time since last: 19556417 ns, Reaching safepoint: 13250 ns, Cleanup: 20125 ns, At safepoint: 52619625 ns, Total: 52653000 ns
[2025-09-10T08:34:58.995+0000][121][info ][safepoint   ] Safepoint "Cleanup", Time since last: 1037231375 ns, Reaching safepoint: 1026000 ns, Cleanup: 113584 ns, At safepoint: 30541 ns, Total: 1170125 ns
[2025-09-10T08:34:59.027+0000][121][info ][safepoint   ] Safepoint "ICBufferFull", Time since last: 28578417 ns, Reaching safepoint: 3218042 ns, Cleanup: 201708 ns, At safepoint: 45250 ns, Total: 3465000 ns
[2025-09-10T08:34:59.048+0000][121][info ][safepoint   ] Safepoint "ICBufferFull", Time since last: 16862375 ns, Reaching safepoint: 4044333 ns, Cleanup: 52792 ns, At safepoint: 37167 ns, Total: 4134292 ns
[2025-09-10T08:34:59.057+0000][121][info ][safepoint   ] Safepoint "ICBufferFull", Time since last: 9061416 ns, Reaching safepoint: 39292 ns, Cleanup: 20875 ns, At safepoint: 25792 ns, Total: 85959 ns
[2025-09-10T08:34:59.061+0000][121][info ][safepoint   ] Safepoint "ICBufferFull", Time since last: 3697916 ns, Reaching safepoint: 1014667 ns, Cleanup: 19083 ns, At safepoint: 28875 ns, Total: 1062625 ns
[2025-09-10T08:34:59.063+0000][121][info ][safepoint   ] Safepoint "ICBufferFull", Time since last: 912959 ns, Reaching safepoint: 133375 ns, Cleanup: 20541 ns, At safepoint: 29167 ns, Total: 183083 ns
[2025-09-10T08:34:59.068+0000][121][info ][safepoint   ] Safepoint "ICBufferFull", Time since last: 5003083 ns, Reaching safepoint: 751459 ns, Cleanup: 19791 ns, At safepoint: 32625 ns, Total: 803875 ns
[2025-09-10T08:34:59.071+0000][121][info ][safepoint   ] Safepoint "ICBufferFull", Time since last: 877084 ns, Reaching safepoint: 1299083 ns, Cleanup: 6542 ns, At safepoint: 27166 ns, Total: 1332791 ns
[2025-09-10T08:34:59.126+0000][121][info ][safepoint   ] Safepoint "ICBufferFull", Time since last: 55451084 ns, Reaching safepoint: 28541 ns, Cleanup: 176375 ns, At safepoint: 31792 ns, Total: 236708 ns
[2025-09-10T08:34:59.322+0000][121][info ][safepoint   ] Safepoint "ICBufferFull", Time since last: 194956667 ns, Reaching safepoint: 27833 ns, Cleanup: 127583 ns, At safepoint: 448875 ns, Total: 604291 ns
[2025-09-10T08:34:59.379+0000][121][info ][safepoint   ] Safepoint "ICBufferFull", Time since last: 57232542 ns, Reaching safepoint: 266000 ns, Cleanup: 114250 ns, At safepoint: 27500 ns, Total: 407750 ns
[2025-09-10T08:34:59.499+0000][121][info ][safepoint   ] Safepoint "ICBufferFull", Time since last: 118251875 ns, Reaching safepoint: 624375 ns, Cleanup: 212708 ns, At safepoint: 35834 ns, Total: 872917 ns
[2025-09-10T08:34:59.612+0000][121][info ][safepoint   ] Safepoint "ICBufferFull", Time since last: 113238750 ns, Reaching safepoint: 521750 ns, Cleanup: 109208 ns, At safepoint: 23792 ns, Total: 654750 ns
[2025-09-10T08:34:59.778+0000][121][info ][safepoint   ] Safepoint "ICBufferFull", Time since last: 164818750 ns, Reaching safepoint: 67375 ns, Cleanup: 122375 ns, At safepoint: 20500 ns, Total: 210250 ns
[2025-09-10T08:34:59.841+0000][121][info ][gc,start    ] GC(17) Pause Young (Normal) (G1 Evacuation Pause)
[2025-09-10T08:34:59.841+0000][121][info ][gc,task     ] GC(17) Using 8 workers of 8 for evacuation
[2025-09-10T08:34:59.841+0000][121][debug][gc,age      ] GC(17) Desired survivor size 41943040 bytes, new threshold 15 (max threshold 15)
[2025-09-10T08:34:59.856+0000][121][info ][gc,phases   ] GC(17)   Pre Evacuate Collection Set: 0.18ms
[2025-09-10T08:34:59.856+0000][121][info ][gc,phases   ] GC(17)   Merge Heap Roots: 0.15ms
[2025-09-10T08:34:59.856+0000][121][info ][gc,phases   ] GC(17)   Evacuate Collection Set: 12.15ms
[2025-09-10T08:34:59.856+0000][121][info ][gc,phases   ] GC(17)   Post Evacuate Collection Set: 1.65ms
[2025-09-10T08:34:59.856+0000][121][info ][gc,phases   ] GC(17)   Other: 0.31ms
[2025-09-10T08:34:59.856+0000][121][trace][gc,age      ] GC(17) Age table with threshold 15 (max threshold 15)
[2025-09-10T08:34:59.856+0000][121][trace][gc,age      ] GC(17) - age   1:    9456232 bytes,    9456232 total
[2025-09-10T08:34:59.857+0000][121][trace][gc,age      ] GC(17) - age   2:   19617840 bytes,   29074072 total
[2025-09-10T08:34:59.857+0000][121][trace][gc,age      ] GC(17) - age   3:        384 bytes,   29074456 total
[2025-09-10T08:34:59.857+0000][121][info ][gc,heap     ] GC(17) Eden regions: 147->0(145)
[2025-09-10T08:34:59.857+0000][121][info ][gc,heap     ] GC(17) Survivor regions: 6->8(20)
[2025-09-10T08:34:59.857+0000][121][info ][gc,heap     ] GC(17) Old regions: 29->29
[2025-09-10T08:34:59.857+0000][121][info ][gc,heap     ] GC(17) Humongous regions: 2->2
[2025-09-10T08:34:59.857+0000][121][info ][gc,metaspace] GC(17) Metaspace: 151783K(155968K)->151783K(155968K) NonClass: 130364K(132608K)->130364K(132608K) Class: 21419K(23360K)->21419K(23360K)
[2025-09-10T08:34:59.857+0000][121][info ][gc          ] GC(17) Pause Young (Normal) (G1 Evacuation Pause) 735M->153M(1024M) 15.814ms
[2025-09-10T08:34:59.857+0000][121][info ][gc,cpu      ] GC(17) User=0.07s Sys=0.00s Real=0.02s
[2025-09-10T08:34:59.857+0000][121][info ][safepoint   ] Safepoint "G1CollectForAllocation", Time since last: 63509208 ns, Reaching safepoint: 12709 ns, Cleanup: 24000 ns, At safepoint: 16086541 ns, Total: 16123250 ns
[2025-09-10T08:35:00.377+0000][121][info ][safepoint   ] Safepoint "ICBufferFull", Time since last: 520319916 ns, Reaching safepoint: 911667 ns, Cleanup: 189333 ns, At safepoint: 55167 ns, Total: 1156167 ns
[2025-09-10T08:35:00.618+0000][121][info ][safepoint   ] Safepoint "ICBufferFull", Time since last: 240233792 ns, Reaching safepoint: 524250 ns, Cleanup: 111458 ns, At safepoint: 11417 ns, Total: 647125 ns
[2025-09-10T08:35:00.854+0000][121][info ][safepoint   ] Safepoint "ICBufferFull", Time since last: 236396250 ns, Reaching safepoint: 15125 ns, Cleanup: 224875 ns, At safepoint: 17958 ns, Total: 257958 ns
[2025-09-10T08:35:01.287+0000][121][info ][safepoint   ] Safepoint "ICBufferFull", Time since last: 431976084 ns, Reaching safepoint: 54125 ns, Cleanup: 139416 ns, At safepoint: 20250 ns, Total: 213791 ns
[2025-09-10T08:35:01.488+0000][121][info ][gc,start    ] GC(18) Pause Young (Concurrent Start) (CodeCache GC Threshold)
[2025-09-10T08:35:01.489+0000][121][info ][gc,task     ] GC(18) Using 8 workers of 8 for evacuation
[2025-09-10T08:35:01.489+0000][121][debug][gc,age      ] GC(18) Desired survivor size 41943040 bytes, new threshold 15 (max threshold 15)
[2025-09-10T08:35:01.521+0000][121][info ][gc,phases   ] GC(18)   Pre Evacuate Collection Set: 0.39ms
[2025-09-10T08:35:01.521+0000][121][info ][gc,phases   ] GC(18)   Merge Heap Roots: 0.08ms
[2025-09-10T08:35:01.521+0000][121][info ][gc,phases   ] GC(18)   Evacuate Collection Set: 29.83ms
[2025-09-10T08:35:01.521+0000][121][info ][gc,phases   ] GC(18)   Post Evacuate Collection Set: 1.64ms
[2025-09-10T08:35:01.521+0000][121][info ][gc,phases   ] GC(18)   Other: 0.29ms
[2025-09-10T08:35:01.521+0000][121][trace][gc,age      ] GC(18) Age table with threshold 15 (max threshold 15)
[2025-09-10T08:35:01.521+0000][121][trace][gc,age      ] GC(18) - age   1:    4806560 bytes,    4806560 total
[2025-09-10T08:35:01.521+0000][121][trace][gc,age      ] GC(18) - age   2:    2973408 bytes,    7779968 total
[2025-09-10T08:35:01.521+0000][121][trace][gc,age      ] GC(18) - age   3:   19512696 bytes,   27292664 total
[2025-09-10T08:35:01.521+0000][121][trace][gc,age      ] GC(18) - age   4:        384 bytes,   27293048 total
[2025-09-10T08:35:01.521+0000][121][info ][gc,heap     ] GC(18) Eden regions: 38->0(145)
[2025-09-10T08:35:01.521+0000][121][info ][gc,heap     ] GC(18) Survivor regions: 8->8(20)
[2025-09-10T08:35:01.521+0000][121][info ][gc,heap     ] GC(18) Old regions: 29->29
[2025-09-10T08:35:01.521+0000][121][info ][gc,heap     ] GC(18) Humongous regions: 2->2
[2025-09-10T08:35:01.521+0000][121][info ][gc,metaspace] GC(18) Metaspace: 152908K(157248K)->152908K(157248K) NonClass: 131365K(133696K)->131365K(133696K) Class: 21543K(23552K)->21543K(23552K)
[2025-09-10T08:35:01.521+0000][121][info ][gc          ] GC(18) Pause Young (Concurrent Start) (CodeCache GC Threshold) 304M->152M(1024M) 33.099ms
[2025-09-10T08:35:01.522+0000][121][info ][gc          ] GC(19) Concurrent Mark Cycle
[2025-09-10T08:35:01.522+0000][121][info ][gc,marking  ] GC(19) Concurrent Scan Root Regions
[2025-09-10T08:35:01.522+0000][121][info ][gc,cpu      ] GC(18) User=0.23s Sys=0.00s Real=0.03s
[2025-09-10T08:35:01.522+0000][121][info ][safepoint   ] Safepoint "G1TryInitiateConcMark", Time since last: 201564667 ns, Reaching safepoint: 12500 ns, Cleanup: 68750 ns, At safepoint: 33420417 ns, Total: 33501667 ns
[2025-09-10T08:35:01.533+0000][121][info ][gc,marking  ] GC(19) Concurrent Scan Root Regions 11.782ms
[2025-09-10T08:35:01.533+0000][121][info ][gc,marking  ] GC(19) Concurrent Mark
[2025-09-10T08:35:01.534+0000][121][info ][gc,marking  ] GC(19) Concurrent Mark From Roots
[2025-09-10T08:35:01.534+0000][121][info ][gc,task     ] GC(19) Using 2 workers of 2 for marking
[2025-09-10T08:35:01.724+0000][121][info ][gc,marking  ] GC(19) Concurrent Mark From Roots 190.365ms
[2025-09-10T08:35:01.724+0000][121][info ][gc,marking  ] GC(19) Concurrent Preclean
[2025-09-10T08:35:01.725+0000][121][info ][gc,marking  ] GC(19) Concurrent Preclean 1.170ms
[2025-09-10T08:35:01.726+0000][121][info ][gc,start    ] GC(19) Pause Remark
[2025-09-10T08:35:01.790+0000][121][info ][gc          ] GC(19) Pause Remark 158M->158M(1024M) 63.983ms
[2025-09-10T08:35:01.790+0000][121][info ][gc,cpu      ] GC(19) User=0.36s Sys=0.01s Real=0.06s
[2025-09-10T08:35:01.790+0000][121][info ][safepoint   ] Safepoint "G1PauseRemark", Time since last: 203838750 ns, Reaching safepoint: 133583 ns, Cleanup: 51375 ns, At safepoint: 64244792 ns, Total: 64429750 ns
[2025-09-10T08:35:01.790+0000][121][info ][gc,marking  ] GC(19) Concurrent Mark 256.769ms
[2025-09-10T08:35:01.790+0000][121][info ][gc,marking  ] GC(19) Concurrent Rebuild Remembered Sets and Scrub Regions
[2025-09-10T08:35:01.822+0000][121][info ][gc,marking  ] GC(19) Concurrent Rebuild Remembered Sets and Scrub Regions 31.130ms
[2025-09-10T08:35:01.822+0000][121][info ][gc,start    ] GC(19) Pause Cleanup
[2025-09-10T08:35:01.822+0000][121][info ][gc          ] GC(19) Pause Cleanup 159M->159M(1024M) 0.130ms
[2025-09-10T08:35:01.822+0000][121][info ][gc,cpu      ] GC(19) User=0.00s Sys=0.00s Real=0.00s
[2025-09-10T08:35:01.822+0000][121][info ][safepoint   ] Safepoint "G1PauseCleanup", Time since last: 31756500 ns, Reaching safepoint: 24833 ns, Cleanup: 15250 ns, At safepoint: 221250 ns, Total: 261333 ns
[2025-09-10T08:35:01.822+0000][121][info ][gc,marking  ] GC(19) Concurrent Clear Claimed Marks
[2025-09-10T08:35:01.823+0000][121][info ][gc,marking  ] GC(19) Concurrent Clear Claimed Marks 0.421ms
[2025-09-10T08:35:01.823+0000][121][info ][gc,marking  ] GC(19) Concurrent Cleanup for Next Mark
[2025-09-10T08:35:01.827+0000][121][info ][gc,marking  ] GC(19) Concurrent Cleanup for Next Mark 4.484ms
[2025-09-10T08:35:01.828+0000][121][info ][gc          ] GC(19) Concurrent Mark Cycle 306.430ms
[2025-09-10T08:35:02.708+0000][121][info ][safepoint   ] Safepoint "ICBufferFull", Time since last: 886248459 ns, Reaching safepoint: 56375 ns, Cleanup: 101375 ns, At safepoint: 7875 ns, Total: 165625 ns
[2025-09-10T08:35:03.023+0000][121][info ][safepoint   ] Safepoint "ICBufferFull", Time since last: 314137000 ns, Reaching safepoint: 6458 ns, Cleanup: 108917 ns, At safepoint: 5625 ns, Total: 121000 ns
[2025-09-10T08:35:03.373+0000][121][info ][safepoint   ] Safepoint "ICBufferFull", Time since last: 349988667 ns, Reaching safepoint: 7000 ns, Cleanup: 99083 ns, At safepoint: 6417 ns, Total: 112500 ns
[2025-09-10T08:35:05.003+0000][121][info ][safepoint   ] Safepoint "Cleanup", Time since last: 1627896417 ns, Reaching safepoint: 28042 ns, Cleanup: 1744833 ns, At safepoint: 25250 ns, Total: 1798125 ns
[2025-09-10T08:35:06.005+0000][121][info ][safepoint   ] Safepoint "Cleanup", Time since last: 1002233543 ns, Reaching safepoint: 20625 ns, Cleanup: 12208 ns, At safepoint: 7792 ns, Total: 40625 ns
[2025-09-10T08:35:07.006+0000][121][info ][safepoint   ] Safepoint "Cleanup", Time since last: 1001066208 ns, Reaching safepoint: 38959 ns, Cleanup: 68041 ns, At safepoint: 12542 ns, Total: 119542 ns
[2025-09-10T08:35:08.007+0000][121][info ][safepoint   ] Safepoint "Cleanup", Time since last: 1000913792 ns, Reaching safepoint: 13917 ns, Cleanup: 67708 ns, At safepoint: 12709 ns, Total: 94334 ns
[2025-09-10T08:35:09.065+0000][121][info ][safepoint   ] Safepoint "Cleanup", Time since last: 1058239333 ns, Reaching safepoint: 146417 ns, Cleanup: 74875 ns, At safepoint: 13208 ns, Total: 234500 ns
[2025-09-10T08:35:11.015+0000][121][info ][safepoint   ] Safepoint "Cleanup", Time since last: 1949536835 ns, Reaching safepoint: 59500 ns, Cleanup: 136875 ns, At safepoint: 9708 ns, Total: 206083 ns
[2025-09-10T08:35:12.016+0000][121][info ][safepoint   ] Safepoint "Cleanup", Time since last: 1000504250 ns, Reaching safepoint: 61250 ns, Cleanup: 51125 ns, At safepoint: 13417 ns, Total: 125792 ns
[2025-09-10T08:35:12.403+0000][121][info ][safepoint   ] Safepoint "ICBufferFull", Time since last: 387454459 ns, Reaching safepoint: 9375 ns, Cleanup: 86041 ns, At safepoint: 3375 ns, Total: 98791 ns
[2025-09-10T08:35:14.072+0000][121][info ][safepoint   ] Safepoint "Cleanup", Time since last: 1668337793 ns, Reaching safepoint: 23250 ns, Cleanup: 162208 ns, At safepoint: 17833 ns, Total: 203291 ns
[2025-09-10T08:35:15.073+0000][121][info ][safepoint   ] Safepoint "Cleanup", Time since last: 1001329501 ns, Reaching safepoint: 19125 ns, Cleanup: 30083 ns, At safepoint: 8834 ns, Total: 58042 ns
[2025-09-10T08:35:16.075+0000][121][info ][safepoint   ] Safepoint "Cleanup", Time since last: 1000711708 ns, Reaching safepoint: 320667 ns, Cleanup: 146083 ns, At safepoint: 39500 ns, Total: 506250 ns
[2025-09-10T08:35:17.076+0000][121][info ][safepoint   ] Safepoint "Cleanup", Time since last: 1001186334 ns, Reaching safepoint: 18959 ns, Cleanup: 70333 ns, At safepoint: 7167 ns, Total: 96459 ns
[2025-09-10T08:35:18.078+0000][121][info ][safepoint   ] Safepoint "Cleanup", Time since last: 1001283417 ns, Reaching safepoint: 660750 ns, Cleanup: 154541 ns, At safepoint: 23084 ns, Total: 838375 ns
[2025-09-10T08:35:19.079+0000][121][info ][safepoint   ] Safepoint "Cleanup", Time since last: 1000721667 ns, Reaching safepoint: 28208 ns, Cleanup: 47750 ns, At safepoint: 7417 ns, Total: 83375 ns
[2025-09-10T08:35:20.080+0000][121][info ][safepoint   ] Safepoint "Cleanup", Time since last: 1001548792 ns, Reaching safepoint: 22542 ns, Cleanup: 15791 ns, At safepoint: 7584 ns, Total: 45917 ns
[2025-09-10T08:35:22.083+0000][121][info ][safepoint   ] Safepoint "Cleanup", Time since last: 2002762334 ns, Reaching safepoint: 26417 ns, Cleanup: 51208 ns, At safepoint: 8708 ns, Total: 86333 ns
[2025-09-10T08:35:23.084+0000][121][info ][safepoint   ] Safepoint "Cleanup", Time since last: 1000506251 ns, Reaching safepoint: 43750 ns, Cleanup: 52916 ns, At safepoint: 20459 ns, Total: 117125 ns
[2025-09-10T08:35:25.086+0000][121][info ][safepoint   ] Safepoint "Cleanup", Time since last: 2001909042 ns, Reaching safepoint: 79667 ns, Cleanup: 84125 ns, At safepoint: 12375 ns, Total: 176167 ns
[2025-09-10T08:35:27.089+0000][121][info ][safepoint   ] Safepoint "Cleanup", Time since last: 2003256293 ns, Reaching safepoint: 62708 ns, Cleanup: 58750 ns, At safepoint: 10125 ns, Total: 131583 ns
[2025-09-10T08:35:28.090+0000][121][info ][safepoint   ] Safepoint "Cleanup", Time since last: 1000574417 ns, Reaching safepoint: 12458 ns, Cleanup: 40334 ns, At safepoint: 3416 ns, Total: 56208 ns
[2025-09-10T08:35:29.091+0000][121][info ][safepoint   ] Safepoint "Cleanup", Time since last: 1000821834 ns, Reaching safepoint: 19584 ns, Cleanup: 42375 ns, At safepoint: 9750 ns, Total: 71709 ns
[2025-09-10T08:35:30.092+0000][121][info ][safepoint   ] Safepoint "Cleanup", Time since last: 1001435167 ns, Reaching safepoint: 19125 ns, Cleanup: 20625 ns, At safepoint: 9625 ns, Total: 49375 ns
[2025-09-10T08:35:31.094+0000][121][info ][safepoint   ] Safepoint "Cleanup", Time since last: 1001390333 ns, Reaching safepoint: 65125 ns, Cleanup: 35375 ns, At safepoint: 23584 ns, Total: 124084 ns
[2025-09-10T08:35:32.094+0000][121][info ][safepoint   ] Safepoint "Cleanup", Time since last: 1000190417 ns, Reaching safepoint: 10166 ns, Cleanup: 10834 ns, At safepoint: 3583 ns, Total: 24583 ns
[2025-09-10T08:35:33.095+0000][121][info ][safepoint   ] Safepoint "Cleanup", Time since last: 1000823625 ns, Reaching safepoint: 15125 ns, Cleanup: 30750 ns, At safepoint: 4959 ns, Total: 50834 ns
[2025-09-10T08:35:34.636+0000][121][info ][safepoint   ] Safepoint "Cleanup", Time since last: 1540959376 ns, Reaching safepoint: 165625 ns, Cleanup: 59791 ns, At safepoint: 20834 ns, Total: 246250 ns
[2025-09-10T08:35:36.638+0000][121][info ][safepoint   ] Safepoint "Cleanup", Time since last: 2001722917 ns, Reaching safepoint: 154750 ns, Cleanup: 18959 ns, At safepoint: 5500 ns, Total: 179209 ns
[2025-09-10T08:35:37.641+0000][121][info ][safepoint   ] Safepoint "Cleanup", Time since last: 1002796583 ns, Reaching safepoint: 13667 ns, Cleanup: 33333 ns, At safepoint: 5084 ns, Total: 52084 ns
[2025-09-10T08:35:39.643+0000][121][info ][safepoint   ] Safepoint "Cleanup", Time since last: 2002466334 ns, Reaching safepoint: 29083 ns, Cleanup: 19667 ns, At safepoint: 10583 ns, Total: 59333 ns
[2025-09-10T08:35:42.646+0000][121][info ][safepoint   ] Safepoint "Cleanup", Time since last: 3002768918 ns, Reaching safepoint: 59000 ns, Cleanup: 37500 ns, At safepoint: 7375 ns, Total: 103875 ns
[2025-09-10T08:35:43.657+0000][121][info ][safepoint   ] Safepoint "Cleanup", Time since last: 1009294918 ns, Reaching safepoint: 324541 ns, Cleanup: 837334 ns, At safepoint: 98333 ns, Total: 1260208 ns
[2025-09-10T08:35:44.659+0000][121][info ][safepoint   ] Safepoint "Cleanup", Time since last: 1002224125 ns, Reaching safepoint: 38167 ns, Cleanup: 11625 ns, At safepoint: 6042 ns, Total: 55834 ns
[2025-09-10T08:35:45.661+0000][121][info ][safepoint   ] Safepoint "Cleanup", Time since last: 1001391875 ns, Reaching safepoint: 76583 ns, Cleanup: 41667 ns, At safepoint: 10958 ns, Total: 129208 ns
[2025-09-10T08:35:47.664+0000][121][info ][safepoint   ] Safepoint "Cleanup", Time since last: 2002825043 ns, Reaching safepoint: 16375 ns, Cleanup: 55750 ns, At safepoint: 3833 ns, Total: 75958 ns
[2025-09-10T08:35:48.665+0000][121][info ][safepoint   ] Safepoint "Cleanup", Time since last: 1001177501 ns, Reaching safepoint: 16125 ns, Cleanup: 49542 ns, At safepoint: 11333 ns, Total: 77000 ns
[2025-09-10T08:35:49.666+0000][121][info ][safepoint   ] Safepoint "Cleanup", Time since last: 1001174250 ns, Reaching safepoint: 46375 ns, Cleanup: 39167 ns, At safepoint: 6958 ns, Total: 92500 ns
[2025-09-10T08:35:51.668+0000][121][info ][safepoint   ] Safepoint "Cleanup", Time since last: 2002319668 ns, Reaching safepoint: 29500 ns, Cleanup: 16333 ns, At safepoint: 13750 ns, Total: 59583 ns
[2025-09-10T08:35:52.669+0000][121][info ][safepoint   ] Safepoint "Cleanup", Time since last: 1000356209 ns, Reaching safepoint: 223125 ns, Cleanup: 78167 ns, At safepoint: 22458 ns, Total: 323750 ns
[2025-09-10T08:35:54.671+0000][121][info ][safepoint   ] Safepoint "Cleanup", Time since last: 2002013418 ns, Reaching safepoint: 18166 ns, Cleanup: 27625 ns, At safepoint: 6167 ns, Total: 51958 ns
[2025-09-10T08:35:55.673+0000][121][info ][safepoint   ] Safepoint "Cleanup", Time since last: 1001338751 ns, Reaching safepoint: 154208 ns, Cleanup: 92083 ns, At safepoint: 24500 ns, Total: 270791 ns
[2025-09-10T08:35:57.374+0000][121][info ][safepoint   ] Safepoint "Cleanup", Time since last: 1700781376 ns, Reaching safepoint: 24958 ns, Cleanup: 121084 ns, At safepoint: 51166 ns, Total: 197208 ns
[2025-09-10T08:35:59.159+0000][121][info ][safepoint   ] Safepoint "Cleanup", Time since last: 1783937918 ns, Reaching safepoint: 1182792 ns, Cleanup: 143500 ns, At safepoint: 9625 ns, Total: 1335917 ns
[2025-09-10T08:36:00.159+0000][121][info ][safepoint   ] Safepoint "Cleanup", Time since last: 1000234750 ns, Reaching safepoint: 17375 ns, Cleanup: 38708 ns, At safepoint: 9875 ns, Total: 65958 ns
[2025-09-10T08:36:01.189+0000][121][info ][safepoint   ] Safepoint "Cleanup", Time since last: 1021542042 ns, Reaching safepoint: 184125 ns, Cleanup: 7103958 ns, At safepoint: 77083 ns, Total: 7365166 ns
[2025-09-10T08:36:02.191+0000][121][info ][safepoint   ] Safepoint "Cleanup", Time since last: 1002814501 ns, Reaching safepoint: 57291 ns, Cleanup: 14625 ns, At safepoint: 12250 ns, Total: 84166 ns
[2025-09-10T08:36:03.192+0000][121][info ][safepoint   ] Safepoint "Cleanup", Time since last: 1000632584 ns, Reaching safepoint: 12584 ns, Cleanup: 23708 ns, At safepoint: 8708 ns, Total: 45000 ns
[2025-09-10T08:36:04.194+0000][121][info ][safepoint   ] Safepoint "Cleanup", Time since last: 1001858667 ns, Reaching safepoint: 37709 ns, Cleanup: 60083 ns, At safepoint: 19583 ns, Total: 117375 ns
[2025-09-10T08:36:05.195+0000][121][info ][safepoint   ] Safepoint "Cleanup", Time since last: 1001146251 ns, Reaching safepoint: 12541 ns, Cleanup: 14167 ns, At safepoint: 6792 ns, Total: 33500 ns
[2025-09-10T08:36:06.197+0000][121][info ][safepoint   ] Safepoint "Cleanup", Time since last: 1001259667 ns, Reaching safepoint: 16417 ns, Cleanup: 12541 ns, At safepoint: 6792 ns, Total: 35750 ns
[2025-09-10T08:36:07.198+0000][121][info ][safepoint   ] Safepoint "Cleanup", Time since last: 1000893750 ns, Reaching safepoint: 26542 ns, Cleanup: 18833 ns, At safepoint: 4917 ns, Total: 50292 ns
[2025-09-10T08:36:08.198+0000][121][info ][safepoint   ] Safepoint "Cleanup", Time since last: 1000476751 ns, Reaching safepoint: 26750 ns, Cleanup: 56333 ns, At safepoint: 7250 ns, Total: 90333 ns
[2025-09-10T08:36:09.200+0000][121][info ][safepoint   ] Safepoint "Cleanup", Time since last: 1001926167 ns, Reaching safepoint: 25208 ns, Cleanup: 20000 ns, At safepoint: 7167 ns, Total: 52375 ns
[2025-09-10T08:36:10.201+0000][121][info ][safepoint   ] Safepoint "Cleanup", Time since last: 1001057167 ns, Reaching safepoint: 21709 ns, Cleanup: 42666 ns, At safepoint: 5584 ns, Total: 69959 ns
[2025-09-10T08:36:12.203+0000][121][info ][safepoint   ] Safepoint "Cleanup", Time since last: 2002071792 ns, Reaching safepoint: 13084 ns, Cleanup: 9250 ns, At safepoint: 4000 ns, Total: 26334 ns
[2025-09-10T08:36:12.423+0000][121][info ][safepoint   ] Safepoint "ICBufferFull", Time since last: 219215333 ns, Reaching safepoint: 59375 ns, Cleanup: 120625 ns, At safepoint: 10333 ns, Total: 190333 ns
[2025-09-10T08:36:12.519+0000][121][info ][safepoint   ] Safepoint "ICBufferFull", Time since last: 95592042 ns, Reaching safepoint: 10667 ns, Cleanup: 174000 ns, At safepoint: 14791 ns, Total: 199458 ns
[2025-09-10T08:36:14.277+0000][121][info ][safepoint   ] Safepoint "Cleanup", Time since last: 1758345084 ns, Reaching safepoint: 22584 ns, Cleanup: 87166 ns, At safepoint: 18125 ns, Total: 127875 ns
[2025-09-10T08:36:15.279+0000][121][info ][safepoint   ] Safepoint "Cleanup", Time since last: 1001527584 ns, Reaching safepoint: 48125 ns, Cleanup: 32167 ns, At safepoint: 14042 ns, Total: 94334 ns
[2025-09-10T08:36:16.289+0000][121][info ][safepoint   ] Safepoint "Cleanup", Time since last: 1010291625 ns, Reaching safepoint: 10333 ns, Cleanup: 161417 ns, At safepoint: 14875 ns, Total: 186625 ns
[2025-09-10T08:36:17.302+0000][121][info ][safepoint   ] Safepoint "Cleanup", Time since last: 1013161251 ns, Reaching safepoint: 16833 ns, Cleanup: 35833 ns, At safepoint: 8792 ns, Total: 61458 ns
[2025-09-10T08:36:18.304+0000][121][info ][safepoint   ] Safepoint "Cleanup", Time since last: 1000778167 ns, Reaching safepoint: 1167000 ns, Cleanup: 34792 ns, At safepoint: 25000 ns, Total: 1226792 ns
[2025-09-10T08:36:19.305+0000][121][info ][safepoint   ] Safepoint "Cleanup", Time since last: 1000829250 ns, Reaching safepoint: 64250 ns, Cleanup: 56834 ns, At safepoint: 20291 ns, Total: 141375 ns
[2025-09-10T08:36:22.309+0000][121][info ][safepoint   ] Safepoint "Cleanup", Time since last: 3003256168 ns, Reaching safepoint: 69250 ns, Cleanup: 29459 ns, At safepoint: 6916 ns, Total: 105625 ns
[2025-09-10T08:36:23.310+0000][121][info ][safepoint   ] Safepoint "Cleanup", Time since last: 1001403751 ns, Reaching safepoint: 106708 ns, Cleanup: 37000 ns, At safepoint: 16000 ns, Total: 159708 ns
[2025-09-10T08:36:25.312+0000][121][info ][safepoint   ] Safepoint "Cleanup", Time since last: 2001893459 ns, Reaching safepoint: 67584 ns, Cleanup: 86500 ns, At safepoint: 14000 ns, Total: 168084 ns
[2025-09-10T08:36:27.315+0000][121][info ][safepoint   ] Safepoint "Cleanup", Time since last: 2002026334 ns, Reaching safepoint: 174167 ns, Cleanup: 62625 ns, At safepoint: 92583 ns, Total: 329375 ns
[2025-09-10T08:36:28.318+0000][121][info ][safepoint   ] Safepoint "Cleanup", Time since last: 1003648792 ns, Reaching safepoint: 87334 ns, Cleanup: 74708 ns, At safepoint: 11625 ns, Total: 173667 ns
[2025-09-10T08:36:29.320+0000][121][info ][safepoint   ] Safepoint "Cleanup", Time since last: 1000602334 ns, Reaching safepoint: 440208 ns, Cleanup: 52875 ns, At safepoint: 21833 ns, Total: 514916 ns
[2025-09-10T08:36:30.321+0000][121][info ][safepoint   ] Safepoint "Cleanup", Time since last: 1000554709 ns, Reaching safepoint: 70333 ns, Cleanup: 21792 ns, At safepoint: 9750 ns, Total: 101875 ns
[2025-09-10T08:36:31.322+0000][121][info ][safepoint   ] Safepoint "Cleanup", Time since last: 1000811583 ns, Reaching safepoint: 240334 ns, Cleanup: 52458 ns, At safepoint: 12000 ns, Total: 304792 ns
[2025-09-10T08:36:32.323+0000][121][info ][safepoint   ] Safepoint "Cleanup", Time since last: 1000879334 ns, Reaching safepoint: 32958 ns, Cleanup: 48875 ns, At safepoint: 13708 ns, Total: 95541 ns
[2025-09-10T08:36:33.324+0000][121][info ][safepoint   ] Safepoint "Cleanup", Time since last: 1000716459 ns, Reaching safepoint: 140959 ns, Cleanup: 46708 ns, At safepoint: 8125 ns, Total: 195792 ns
[2025-09-10T08:36:34.804+0000][121][info ][safepoint   ] Safepoint "Cleanup", Time since last: 1480231084 ns, Reaching safepoint: 163625 ns, Cleanup: 96333 ns, At safepoint: 11792 ns, Total: 271750 ns
[2025-09-10T08:36:36.807+0000][121][info ][safepoint   ] Safepoint "Cleanup", Time since last: 2002711584 ns, Reaching safepoint: 17209 ns, Cleanup: 21041 ns, At safepoint: 7167 ns, Total: 45417 ns
[2025-09-10T08:36:37.814+0000][121][info ][safepoint   ] Safepoint "Cleanup", Time since last: 1003514917 ns, Reaching safepoint: 3212292 ns, Cleanup: 358125 ns, At safepoint: 215958 ns, Total: 3786375 ns
[2025-09-10T08:36:38.815+0000][121][info ][safepoint   ] Safepoint "Cleanup", Time since last: 1001260542 ns, Reaching safepoint: 27375 ns, Cleanup: 21375 ns, At safepoint: 8000 ns, Total: 56750 ns
[2025-09-10T08:36:40.819+0000][121][info ][safepoint   ] Safepoint "Cleanup", Time since last: 2003137126 ns, Reaching safepoint: 24959 ns, Cleanup: 19375 ns, At safepoint: 9708 ns, Total: 54042 ns
[2025-09-10T08:36:42.820+0000][121][info ][safepoint   ] Safepoint "Cleanup", Time since last: 2001726459 ns, Reaching safepoint: 39167 ns, Cleanup: 21750 ns, At safepoint: 7916 ns, Total: 68833 ns
[2025-09-10T08:36:43.822+0000][121][info ][safepoint   ] Safepoint "Cleanup", Time since last: 1001421876 ns, Reaching safepoint: 62958 ns, Cleanup: 35709 ns, At safepoint: 10083 ns, Total: 108750 ns
[2025-09-10T08:36:44.823+0000][121][info ][safepoint   ] Safepoint "Cleanup", Time since last: 1000712042 ns, Reaching safepoint: 40375 ns, Cleanup: 38333 ns, At safepoint: 22125 ns, Total: 100833 ns
[2025-09-10T08:36:45.824+0000][121][info ][safepoint   ] Safepoint "Cleanup", Time since last: 1000635001 ns, Reaching safepoint: 189500 ns, Cleanup: 47667 ns, At safepoint: 18666 ns, Total: 255833 ns
[2025-09-10T08:36:46.826+0000][121][info ][safepoint   ] Safepoint "Cleanup", Time since last: 1002201917 ns, Reaching safepoint: 14584 ns, Cleanup: 9250 ns, At safepoint: 8375 ns, Total: 32209 ns
[2025-09-10T08:36:47.828+0000][121][info ][safepoint   ] Safepoint "Cleanup", Time since last: 1000632209 ns, Reaching safepoint: 965208 ns, Cleanup: 84083 ns, At safepoint: 25084 ns, Total: 1074375 ns
[2025-09-10T08:36:48.828+0000][121][info ][safepoint   ] Safepoint "Cleanup", Time since last: 1000870417 ns, Reaching safepoint: 18916 ns, Cleanup: 12584 ns, At safepoint: 5000 ns, Total: 36500 ns
[2025-09-10T08:36:50.830+0000][121][info ][safepoint   ] Safepoint "Cleanup", Time since last: 2001861584 ns, Reaching safepoint: 56500 ns, Cleanup: 18583 ns, At safepoint: 11792 ns, Total: 86875 ns
[2025-09-10T08:36:51.832+0000][121][info ][safepoint   ] Safepoint "Cleanup", Time since last: 1001459292 ns, Reaching safepoint: 28667 ns, Cleanup: 26375 ns, At safepoint: 8250 ns, Total: 63292 ns
[2025-09-10T08:36:52.832+0000][121][info ][safepoint   ] Safepoint "Cleanup", Time since last: 1000372834 ns, Reaching safepoint: 15458 ns, Cleanup: 25500 ns, At safepoint: 7042 ns, Total: 48000 ns
[2025-09-10T08:36:54.835+0000][121][info ][safepoint   ] Safepoint "Cleanup", Time since last: 2002167626 ns, Reaching safepoint: 11625 ns, Cleanup: 10250 ns, At safepoint: 3250 ns, Total: 25125 ns
[2025-09-10T08:36:55.836+0000][121][info ][safepoint   ] Safepoint "Cleanup", Time since last: 1001364833 ns, Reaching safepoint: 17625 ns, Cleanup: 16667 ns, At safepoint: 5792 ns, Total: 40084 ns
[2025-09-10T08:36:56.836+0000][121][info ][safepoint   ] Safepoint "Cleanup", Time since last: 1000346792 ns, Reaching safepoint: 14166 ns, Cleanup: 13584 ns, At safepoint: 3375 ns, Total: 31125 ns
[2025-09-10T08:36:57.838+0000][121][info ][safepoint   ] Safepoint "Cleanup", Time since last: 1001208167 ns, Reaching safepoint: 17833 ns, Cleanup: 63667 ns, At safepoint: 5667 ns, Total: 87167 ns
[2025-09-10T08:36:59.840+0000][121][info ][safepoint   ] Safepoint "Cleanup", Time since last: 2002374834 ns, Reaching safepoint: 44000 ns, Cleanup: 56708 ns, At safepoint: 7125 ns, Total: 107833 ns
[2025-09-10T08:37:02.842+0000][121][info ][safepoint   ] Safepoint "Cleanup", Time since last: 3002229584 ns, Reaching safepoint: 361792 ns, Cleanup: 45250 ns, At safepoint: 26708 ns, Total: 433750 ns
[2025-09-10T08:37:03.843+0000][121][info ][safepoint   ] Safepoint "Cleanup", Time since last: 1000559584 ns, Reaching safepoint: 192459 ns, Cleanup: 42666 ns, At safepoint: 21750 ns, Total: 256875 ns
[2025-09-10T08:37:06.846+0000][121][info ][safepoint   ] Safepoint "Cleanup", Time since last: 3002751377 ns, Reaching safepoint: 28333 ns, Cleanup: 38625 ns, At safepoint: 6833 ns, Total: 73791 ns
[2025-09-10T08:37:07.847+0000][121][info ][safepoint   ] Safepoint "Cleanup", Time since last: 1000900751 ns, Reaching safepoint: 22333 ns, Cleanup: 51000 ns, At safepoint: 8167 ns, Total: 81500 ns
[2025-09-10T08:37:08.848+0000][121][info ][safepoint   ] Safepoint "Cleanup", Time since last: 1001311542 ns, Reaching safepoint: 18417 ns, Cleanup: 33416 ns, At safepoint: 8125 ns, Total: 59958 ns
[2025-09-10T08:37:09.849+0000][121][info ][safepoint   ] Safepoint "Cleanup", Time since last: 1000554917 ns, Reaching safepoint: 73500 ns, Cleanup: 54834 ns, At safepoint: 6125 ns, Total: 134459 ns
[2025-09-10T08:37:10.850+0000][121][info ][safepoint   ] Safepoint "Cleanup", Time since last: 1000879125 ns, Reaching safepoint: 192000 ns, Cleanup: 42167 ns, At safepoint: 17792 ns, Total: 251959 ns
[2025-09-10T08:37:12.852+0000][121][info ][safepoint   ] Safepoint "Cleanup", Time since last: 2001973084 ns, Reaching safepoint: 80500 ns, Cleanup: 61750 ns, At safepoint: 5708 ns, Total: 147958 ns
[2025-09-10T08:37:14.856+0000][121][info ][safepoint   ] Safepoint "Cleanup", Time since last: 2003325168 ns, Reaching safepoint: 32625 ns, Cleanup: 18916 ns, At safepoint: 5250 ns, Total: 56791 ns
[2025-09-10T08:37:16.422+0000][121][info ][safepoint   ] Safepoint "Cleanup", Time since last: 1566644085 ns, Reaching safepoint: 15416 ns, Cleanup: 105334 ns, At safepoint: 8291 ns, Total: 129041 ns
[2025-09-10T08:37:17.457+0000][121][info ][safepoint   ] Safepoint "Cleanup", Time since last: 1034421626 ns, Reaching safepoint: 17041 ns, Cleanup: 45084 ns, At safepoint: 6750 ns, Total: 68875 ns
[2025-09-10T08:37:18.470+0000][121][info ][safepoint   ] Safepoint "Cleanup", Time since last: 1013224125 ns, Reaching safepoint: 6125 ns, Cleanup: 85875 ns, At safepoint: 7583 ns, Total: 99583 ns
[2025-09-10T08:37:19.486+0000][121][info ][safepoint   ] Safepoint "Cleanup", Time since last: 1015676543 ns, Reaching safepoint: 37166 ns, Cleanup: 62000 ns, At safepoint: 14167 ns, Total: 113333 ns
[2025-09-10T08:37:20.560+0000][121][info ][safepoint   ] Safepoint "Cleanup", Time since last: 1073845750 ns, Reaching safepoint: 51625 ns, Cleanup: 29000 ns, At safepoint: 15875 ns, Total: 96500 ns
[2025-09-10T08:37:21.562+0000][121][info ][safepoint   ] Safepoint "Cleanup", Time since last: 1001866251 ns, Reaching safepoint: 70833 ns, Cleanup: 61584 ns, At safepoint: 13875 ns, Total: 146292 ns
[2025-09-10T08:37:24.566+0000][121][info ][safepoint   ] Safepoint "Cleanup", Time since last: 3003239709 ns, Reaching safepoint: 248417 ns, Cleanup: 48708 ns, At safepoint: 18250 ns, Total: 315375 ns
[2025-09-10T08:37:25.566+0000][121][info ][safepoint   ] Safepoint "Cleanup", Time since last: 1000359043 ns, Reaching safepoint: 57375 ns, Cleanup: 25583 ns, At safepoint: 11000 ns, Total: 93958 ns
[2025-09-10T08:37:27.568+0000][121][info ][safepoint   ] Safepoint "Cleanup", Time since last: 2002246417 ns, Reaching safepoint: 75167 ns, Cleanup: 46708 ns, At safepoint: 12709 ns, Total: 134584 ns
[2025-09-10T08:37:28.571+0000][121][info ][safepoint   ] Safepoint "Cleanup", Time since last: 1002724334 ns, Reaching safepoint: 15583 ns, Cleanup: 23792 ns, At safepoint: 3791 ns, Total: 43166 ns
[2025-09-10T08:37:29.572+0000][121][info ][safepoint   ] Safepoint "Cleanup", Time since last: 1000760501 ns, Reaching safepoint: 89958 ns, Cleanup: 58000 ns, At safepoint: 17375 ns, Total: 165333 ns
[2025-09-10T08:37:30.573+0000][121][info ][safepoint   ] Safepoint "Cleanup", Time since last: 1001044667 ns, Reaching safepoint: 54875 ns, Cleanup: 23250 ns, At safepoint: 7416 ns, Total: 85541 ns
[2025-09-10T08:37:32.575+0000][121][info ][safepoint   ] Safepoint "Cleanup", Time since last: 2001683543 ns, Reaching safepoint: 162375 ns, Cleanup: 20417 ns, At safepoint: 20791 ns, Total: 203583 ns
[2025-09-10T08:37:33.577+0000][121][info ][safepoint   ] Safepoint "Cleanup", Time since last: 1001591751 ns, Reaching safepoint: 243875 ns, Cleanup: 28958 ns, At safepoint: 12333 ns, Total: 285166 ns
[2025-09-10T08:37:34.899+0000][121][info ][safepoint   ] Safepoint "Cleanup", Time since last: 1321205751 ns, Reaching safepoint: 514208 ns, Cleanup: 111834 ns, At safepoint: 54958 ns, Total: 681000 ns
[2025-09-10T08:37:37.902+0000][121][info ][safepoint   ] Safepoint "Cleanup", Time since last: 3003258668 ns, Reaching safepoint: 118083 ns, Cleanup: 20750 ns, At safepoint: 9709 ns, Total: 148542 ns
[2025-09-10T08:37:38.903+0000][121][info ][safepoint   ] Safepoint "Cleanup", Time since last: 1000893875 ns, Reaching safepoint: 18959 ns, Cleanup: 15833 ns, At safepoint: 6417 ns, Total: 41209 ns
[2025-09-10T08:37:39.904+0000][121][info ][safepoint   ] Safepoint "Cleanup", Time since last: 1000758583 ns, Reaching safepoint: 15917 ns, Cleanup: 31417 ns, At safepoint: 8833 ns, Total: 56167 ns
[2025-09-10T08:37:42.907+0000][121][info ][safepoint   ] Safepoint "Cleanup", Time since last: 3003087377 ns, Reaching safepoint: 24583 ns, Cleanup: 32250 ns, At safepoint: 7875 ns, Total: 64708 ns
[2025-09-10T08:37:43.908+0000][121][info ][safepoint   ] Safepoint "Cleanup", Time since last: 1000967292 ns, Reaching safepoint: 211125 ns, Cleanup: 53750 ns, At safepoint: 21208 ns, Total: 286083 ns
[2025-09-10T08:37:44.909+0000][121][info ][safepoint   ] Safepoint "Cleanup", Time since last: 1000446959 ns, Reaching safepoint: 19542 ns, Cleanup: 15000 ns, At safepoint: 4791 ns, Total: 39333 ns
[2025-09-10T08:37:46.911+0000][121][info ][safepoint   ] Safepoint "Cleanup", Time since last: 2002200460 ns, Reaching safepoint: 21041 ns, Cleanup: 36459 ns, At safepoint: 5541 ns, Total: 63041 ns
[2025-09-10T08:37:47.913+0000][121][info ][safepoint   ] Safepoint "Cleanup", Time since last: 1001734959 ns, Reaching safepoint: 41042 ns, Cleanup: 46750 ns, At safepoint: 8917 ns, Total: 96709 ns
[2025-09-10T08:37:48.914+0000][121][info ][safepoint   ] Safepoint "Cleanup", Time since last: 1000869542 ns, Reaching safepoint: 16541 ns, Cleanup: 17709 ns, At safepoint: 4166 ns, Total: 38416 ns
[2025-09-10T08:37:49.915+0000][121][info ][safepoint   ] Safepoint "Cleanup", Time since last: 1000998668 ns, Reaching safepoint: 97750 ns, Cleanup: 42333 ns, At safepoint: 12667 ns, Total: 152750 ns
[2025-09-10T08:37:50.916+0000][121][info ][safepoint   ] Safepoint "Cleanup", Time since last: 1001290250 ns, Reaching safepoint: 12708 ns, Cleanup: 10000 ns, At safepoint: 3500 ns, Total: 26208 ns
[2025-09-10T08:37:51.917+0000][121][info ][safepoint   ] Safepoint "Cleanup", Time since last: 1000797542 ns, Reaching safepoint: 18042 ns, Cleanup: 17250 ns, At safepoint: 6333 ns, Total: 41625 ns
[2025-09-10T08:37:52.918+0000][121][info ][safepoint   ] Safepoint "Cleanup", Time since last: 1000652918 ns, Reaching safepoint: 11875 ns, Cleanup: 40583 ns, At safepoint: 3667 ns, Total: 56125 ns
[2025-09-10T08:37:54.920+0000][121][info ][safepoint   ] Safepoint "Cleanup", Time since last: 2002192459 ns, Reaching safepoint: 12583 ns, Cleanup: 34667 ns, At safepoint: 4667 ns, Total: 51917 ns
[2025-09-10T08:37:57.923+0000][121][info ][safepoint   ] Safepoint "Cleanup", Time since last: 3002925209 ns, Reaching safepoint: 15625 ns, Cleanup: 25542 ns, At safepoint: 4833 ns, Total: 46000 ns
[2025-09-10T08:37:58.925+0000][121][info ][safepoint   ] Safepoint "Cleanup", Time since last: 1001755959 ns, Reaching safepoint: 17042 ns, Cleanup: 26250 ns, At safepoint: 5666 ns, Total: 48958 ns
[2025-09-10T08:37:59.926+0000][121][info ][safepoint   ] Safepoint "Cleanup", Time since last: 1001315459 ns, Reaching safepoint: 22209 ns, Cleanup: 36541 ns, At safepoint: 4667 ns, Total: 63417 ns
[2025-09-10T08:38:00.926+0000][121][info ][safepoint   ] Safepoint "Cleanup", Time since last: 1000747125 ns, Reaching safepoint: 27375 ns, Cleanup: 26125 ns, At safepoint: 8791 ns, Total: 62291 ns
[2025-09-10T08:38:02.928+0000][121][info ][safepoint   ] Safepoint "Cleanup", Time since last: 2001557001 ns, Reaching safepoint: 138750 ns, Cleanup: 75959 ns, At safepoint: 18500 ns, Total: 233209 ns
[2025-09-10T08:38:04.931+0000][121][info ][safepoint   ] Safepoint "Cleanup", Time since last: 2001990667 ns, Reaching safepoint: 413250 ns, Cleanup: 42750 ns, At safepoint: 19209 ns, Total: 475209 ns
[2025-09-10T08:38:07.934+0000][121][info ][safepoint   ] Safepoint "Cleanup", Time since last: 3003661418 ns, Reaching safepoint: 21791 ns, Cleanup: 24417 ns, At safepoint: 6917 ns, Total: 53125 ns
[2025-09-10T08:38:08.935+0000][121][info ][safepoint   ] Safepoint "Cleanup", Time since last: 1000888375 ns, Reaching safepoint: 82959 ns, Cleanup: 55250 ns, At safepoint: 20250 ns, Total: 158459 ns
[2025-09-10T08:38:10.937+0000][121][info ][safepoint   ] Safepoint "Cleanup", Time since last: 2001944084 ns, Reaching safepoint: 104792 ns, Cleanup: 15541 ns, At safepoint: 9250 ns, Total: 129583 ns
[2025-09-10T08:38:11.938+0000][121][info ][safepoint   ] Safepoint "Cleanup", Time since last: 1000685417 ns, Reaching safepoint: 30375 ns, Cleanup: 29292 ns, At safepoint: 12542 ns, Total: 72209 ns
[2025-09-10T08:38:12.939+0000][121][info ][safepoint   ] Safepoint "Cleanup", Time since last: 1001141084 ns, Reaching safepoint: 14500 ns, Cleanup: 15666 ns, At safepoint: 4459 ns, Total: 34625 ns
[2025-09-10T08:38:16.943+0000][121][info ][safepoint   ] Safepoint "Cleanup", Time since last: 4003888585 ns, Reaching safepoint: 37291 ns, Cleanup: 12834 ns, At safepoint: 5125 ns, Total: 55250 ns
[2025-09-10T08:38:17.946+0000][121][info ][safepoint   ] Safepoint "Cleanup", Time since last: 1002024750 ns, Reaching safepoint: 262917 ns, Cleanup: 72625 ns, At safepoint: 25708 ns, Total: 361250 ns
[2025-09-10T08:38:18.778+0000][121][info ][safepoint   ] Safepoint "ICBufferFull", Time since last: 832385126 ns, Reaching safepoint: 15625 ns, Cleanup: 95750 ns, At safepoint: 5041 ns, Total: 116416 ns
[2025-09-10T08:38:20.742+0000][121][info ][safepoint   ] Safepoint "Cleanup", Time since last: 1963582335 ns, Reaching safepoint: 17125 ns, Cleanup: 97666 ns, At safepoint: 10125 ns, Total: 124916 ns
[2025-09-10T08:38:21.749+0000][121][info ][safepoint   ] Safepoint "Cleanup", Time since last: 1007226501 ns, Reaching safepoint: 3791 ns, Cleanup: 61750 ns, At safepoint: 7417 ns, Total: 72958 ns
[2025-09-10T08:38:23.446+0000][121][info ][safepoint   ] Safepoint "Cleanup", Time since last: 1696868918 ns, Reaching safepoint: 34833 ns, Cleanup: 57708 ns, At safepoint: 5292 ns, Total: 97833 ns
[2025-09-10T08:38:25.451+0000][121][info ][safepoint   ] Safepoint "Cleanup", Time since last: 2004211834 ns, Reaching safepoint: 146250 ns, Cleanup: 20000 ns, At safepoint: 7917 ns, Total: 174167 ns
[2025-09-10T08:38:27.452+0000][121][info ][safepoint   ] Safepoint "Cleanup", Time since last: 2001528751 ns, Reaching safepoint: 16708 ns, Cleanup: 22167 ns, At safepoint: 4500 ns, Total: 43375 ns
[2025-09-10T08:38:28.453+0000][121][info ][safepoint   ] Safepoint "Cleanup", Time since last: 1001038000 ns, Reaching safepoint: 67917 ns, Cleanup: 86583 ns, At safepoint: 11667 ns, Total: 166167 ns
[2025-09-10T08:38:29.455+0000][121][info ][safepoint   ] Safepoint "Cleanup", Time since last: 1000848625 ns, Reaching safepoint: 366334 ns, Cleanup: 92041 ns, At safepoint: 31917 ns, Total: 490292 ns
[2025-09-10T08:38:32.458+0000][121][info ][safepoint   ] Safepoint "Cleanup", Time since last: 3003407751 ns, Reaching safepoint: 47125 ns, Cleanup: 15458 ns, At safepoint: 6125 ns, Total: 68708 ns
[2025-09-10T08:38:33.459+0000][121][info ][safepoint   ] Safepoint "Cleanup", Time since last: 1001170167 ns, Reaching safepoint: 63709 ns, Cleanup: 21958 ns, At safepoint: 6292 ns, Total: 91959 ns
[2025-09-10T08:38:37.989+0000][121][info ][safepoint   ] Safepoint "Cleanup", Time since last: 4528857085 ns, Reaching safepoint: 171417 ns, Cleanup: 33625 ns, At safepoint: 13541 ns, Total: 218583 ns
[2025-09-10T08:38:38.991+0000][121][info ][safepoint   ] Safepoint "Cleanup", Time since last: 1001974084 ns, Reaching safepoint: 19084 ns, Cleanup: 24750 ns, At safepoint: 7000 ns, Total: 50834 ns
[2025-09-10T08:38:40.993+0000][121][info ][safepoint   ] Safepoint "Cleanup", Time since last: 2001937542 ns, Reaching safepoint: 16917 ns, Cleanup: 13542 ns, At safepoint: 5416 ns, Total: 35875 ns
[2025-09-10T08:38:42.996+0000][121][info ][safepoint   ] Safepoint "Cleanup", Time since last: 2003192126 ns, Reaching safepoint: 39959 ns, Cleanup: 38166 ns, At safepoint: 8625 ns, Total: 86750 ns
[2025-09-10T08:38:43.996+0000][121][info ][safepoint   ] Safepoint "Cleanup", Time since last: 1000315251 ns, Reaching safepoint: 23833 ns, Cleanup: 10875 ns, At safepoint: 5333 ns, Total: 40041 ns
[2025-09-10T08:38:44.998+0000][121][info ][safepoint   ] Safepoint "Cleanup", Time since last: 1001535709 ns, Reaching safepoint: 19209 ns, Cleanup: 16875 ns, At safepoint: 6625 ns, Total: 42709 ns
[2025-09-10T08:38:45.998+0000][121][info ][safepoint   ] Safepoint "Cleanup", Time since last: 1000676917 ns, Reaching safepoint: 13875 ns, Cleanup: 11125 ns, At safepoint: 4166 ns, Total: 29166 ns
[2025-09-10T08:38:47.000+0000][121][info ][safepoint   ] Safepoint "Cleanup", Time since last: 1001130334 ns, Reaching safepoint: 24417 ns, Cleanup: 17250 ns, At safepoint: 6041 ns, Total: 47708 ns
[2025-09-10T08:38:48.001+0000][121][info ][safepoint   ] Safepoint "Cleanup", Time since last: 1000983334 ns, Reaching safepoint: 26834 ns, Cleanup: 18875 ns, At safepoint: 10125 ns, Total: 55834 ns
[2025-09-10T08:38:49.001+0000][121][info ][safepoint   ] Safepoint "Cleanup", Time since last: 1000586792 ns, Reaching safepoint: 63166 ns, Cleanup: 37917 ns, At safepoint: 7917 ns, Total: 109000 ns
[2025-09-10T08:38:52.004+0000][121][info ][safepoint   ] Safepoint "Cleanup", Time since last: 3002766793 ns, Reaching safepoint: 14042 ns, Cleanup: 11750 ns, At safepoint: 3708 ns, Total: 29500 ns
[2025-09-10T08:38:55.007+0000][121][info ][safepoint   ] Safepoint "Cleanup", Time since last: 3002725210 ns, Reaching safepoint: 131708 ns, Cleanup: 21375 ns, At safepoint: 11667 ns, Total: 164750 ns
[2025-09-10T08:38:57.010+0000][121][info ][safepoint   ] Safepoint "Cleanup", Time since last: 2002488626 ns, Reaching safepoint: 694041 ns, Cleanup: 8459 ns, At safepoint: 11958 ns, Total: 714458 ns
[2025-09-10T08:38:58.011+0000][121][info ][safepoint   ] Safepoint "Cleanup", Time since last: 1000301875 ns, Reaching safepoint: 17459 ns, Cleanup: 19000 ns, At safepoint: 4958 ns, Total: 41417 ns
[2025-09-10T08:38:59.012+0000][121][info ][safepoint   ] Safepoint "Cleanup", Time since last: 1000741417 ns, Reaching safepoint: 927334 ns, Cleanup: 59791 ns, At safepoint: 17417 ns, Total: 1004542 ns
[2025-09-10T08:39:03.016+0000][121][info ][safepoint   ] Safepoint "Cleanup", Time since last: 4004088626 ns, Reaching safepoint: 118292 ns, Cleanup: 86167 ns, At safepoint: 27333 ns, Total: 231792 ns
[2025-09-10T08:39:07.020+0000][121][info ][safepoint   ] Safepoint "Cleanup", Time since last: 4002897752 ns, Reaching safepoint: 225250 ns, Cleanup: 99375 ns, At safepoint: 24458 ns, Total: 349083 ns
[2025-09-10T08:39:08.022+0000][121][info ][safepoint   ] Safepoint "Cleanup", Time since last: 1002549001 ns, Reaching safepoint: 13083 ns, Cleanup: 10417 ns, At safepoint: 4667 ns, Total: 28167 ns
[2025-09-10T08:39:10.024+0000][121][info ][safepoint   ] Safepoint "Cleanup", Time since last: 2001909209 ns, Reaching safepoint: 15541 ns, Cleanup: 15334 ns, At safepoint: 4791 ns, Total: 35666 ns
[2025-09-10T08:39:13.027+0000][121][info ][safepoint   ] Safepoint "Cleanup", Time since last: 3002819335 ns, Reaching safepoint: 360417 ns, Cleanup: 176042 ns, At safepoint: 17791 ns, Total: 554250 ns
[2025-09-10T08:39:15.035+0000][121][info ][safepoint   ] Safepoint "Cleanup", Time since last: 2006711126 ns, Reaching safepoint: 764000 ns, Cleanup: 62459 ns, At safepoint: 26333 ns, Total: 852792 ns
[2025-09-10T08:39:16.038+0000][121][info ][safepoint   ] Safepoint "Cleanup", Time since last: 1001018667 ns, Reaching safepoint: 1653083 ns, Cleanup: 151209 ns, At safepoint: 25916 ns, Total: 1830208 ns
[2025-09-10T08:39:17.040+0000][121][info ][safepoint   ] Safepoint "Cleanup", Time since last: 1001944751 ns, Reaching safepoint: 16625 ns, Cleanup: 24000 ns, At safepoint: 7666 ns, Total: 48291 ns
[2025-09-10T08:39:18.041+0000][121][info ][safepoint   ] Safepoint "Cleanup", Time since last: 1000989959 ns, Reaching safepoint: 25959 ns, Cleanup: 13458 ns, At safepoint: 5500 ns, Total: 44917 ns
[2025-09-10T08:39:19.042+0000][121][info ][safepoint   ] Safepoint "Cleanup", Time since last: 1000932667 ns, Reaching safepoint: 74917 ns, Cleanup: 20458 ns, At safepoint: 9917 ns, Total: 105292 ns
[2025-09-10T08:39:21.418+0000][121][info ][safepoint   ] Safepoint "Cleanup", Time since last: 2374905126 ns, Reaching safepoint: 1078208 ns, Cleanup: 40000 ns, At safepoint: 6417 ns, Total: 1124625 ns
[2025-09-10T08:39:21.962+0000][121][info ][safepoint   ] Safepoint "ICBufferFull", Time since last: 543692542 ns, Reaching safepoint: 6916 ns, Cleanup: 139042 ns, At safepoint: 8958 ns, Total: 154916 ns
[2025-09-10T08:39:23.928+0000][121][info ][safepoint   ] Safepoint "Cleanup", Time since last: 1966136626 ns, Reaching safepoint: 44334 ns, Cleanup: 78708 ns, At safepoint: 9083 ns, Total: 132125 ns
[2025-09-10T08:39:24.952+0000][121][info ][safepoint   ] Safepoint "Cleanup", Time since last: 1024037751 ns, Reaching safepoint: 10333 ns, Cleanup: 95542 ns, At safepoint: 19250 ns, Total: 125125 ns
[2025-09-10T08:39:26.979+0000][121][info ][safepoint   ] Safepoint "Cleanup", Time since last: 2026594834 ns, Reaching safepoint: 185875 ns, Cleanup: 24709 ns, At safepoint: 26708 ns, Total: 237292 ns
[2025-09-10T08:39:27.980+0000][121][info ][safepoint   ] Safepoint "Cleanup", Time since last: 1001216209 ns, Reaching safepoint: 12541 ns, Cleanup: 12292 ns, At safepoint: 5583 ns, Total: 30416 ns
[2025-09-10T08:39:29.985+0000][121][info ][safepoint   ] Safepoint "Cleanup", Time since last: 2002391335 ns, Reaching safepoint: 1959333 ns, Cleanup: 85417 ns, At safepoint: 51416 ns, Total: 2096166 ns
[2025-09-10T08:39:30.986+0000][121][info ][safepoint   ] Safepoint "Cleanup", Time since last: 1002020791 ns, Reaching safepoint: 42417 ns, Cleanup: 54042 ns, At safepoint: 12750 ns, Total: 109209 ns
[2025-09-10T08:39:31.987+0000][121][info ][safepoint   ] Safepoint "Cleanup", Time since last: 1001085750 ns, Reaching safepoint: 16625 ns, Cleanup: 20667 ns, At safepoint: 7042 ns, Total: 44334 ns
[2025-09-10T08:39:32.988+0000][121][info ][safepoint   ] Safepoint "Cleanup", Time since last: 1000722292 ns, Reaching safepoint: 25375 ns, Cleanup: 13208 ns, At safepoint: 6000 ns, Total: 44583 ns
[2025-09-10T08:39:33.990+0000][121][info ][safepoint   ] Safepoint "Cleanup", Time since last: 1001182334 ns, Reaching safepoint: 209583 ns, Cleanup: 76209 ns, At safepoint: 15958 ns, Total: 301750 ns
[2025-09-10T08:39:35.112+0000][121][info ][safepoint   ] Safepoint "Cleanup", Time since last: 1122604250 ns, Reaching safepoint: 91459 ns, Cleanup: 30291 ns, At safepoint: 14500 ns, Total: 136250 ns
[2025-09-10T08:39:37.115+0000][121][info ][safepoint   ] Safepoint "Cleanup", Time since last: 2002165126 ns, Reaching safepoint: 253709 ns, Cleanup: 74083 ns, At safepoint: 20125 ns, Total: 347917 ns
[2025-09-10T08:39:38.117+0000][121][info ][safepoint   ] Safepoint "Cleanup", Time since last: 1002386167 ns, Reaching safepoint: 16750 ns, Cleanup: 14834 ns, At safepoint: 5041 ns, Total: 36625 ns
[2025-09-10T08:39:43.123+0000][121][info ][safepoint   ] Safepoint "Cleanup", Time since last: 5004936753 ns, Reaching safepoint: 168791 ns, Cleanup: 80167 ns, At safepoint: 13583 ns, Total: 262541 ns
[2025-09-10T08:39:44.124+0000][121][info ][safepoint   ] Safepoint "Cleanup", Time since last: 1001816126 ns, Reaching safepoint: 14458 ns, Cleanup: 14375 ns, At safepoint: 5583 ns, Total: 34416 ns
[2025-09-10T08:39:44.580+0000][121][info ][gc,start    ] GC(20) Pause Young (Prepare Mixed) (G1 Evacuation Pause)
[2025-09-10T08:39:44.580+0000][121][info ][gc,task     ] GC(20) Using 8 workers of 8 for evacuation
[2025-09-10T08:39:44.580+0000][121][debug][gc,age      ] GC(20) Desired survivor size 41943040 bytes, new threshold 15 (max threshold 15)
[2025-09-10T08:39:44.637+0000][121][info ][gc,phases   ] GC(20)   Pre Evacuate Collection Set: 0.57ms
[2025-09-10T08:39:44.637+0000][121][info ][gc,phases   ] GC(20)   Merge Heap Roots: 0.18ms
[2025-09-10T08:39:44.637+0000][121][info ][gc,phases   ] GC(20)   Evacuate Collection Set: 53.02ms
[2025-09-10T08:39:44.638+0000][121][info ][gc,phases   ] GC(20)   Post Evacuate Collection Set: 3.22ms
[2025-09-10T08:39:44.638+0000][121][info ][gc,phases   ] GC(20)   Other: 0.30ms
[2025-09-10T08:39:44.638+0000][121][trace][gc,age      ] GC(20) Age table with threshold 15 (max threshold 15)
[2025-09-10T08:39:44.638+0000][121][trace][gc,age      ] GC(20) - age   1:    2257320 bytes,    2257320 total
[2025-09-10T08:39:44.638+0000][121][trace][gc,age      ] GC(20) - age   2:    3981768 bytes,    6239088 total
[2025-09-10T08:39:44.638+0000][121][trace][gc,age      ] GC(20) - age   3:    2641776 bytes,    8880864 total
[2025-09-10T08:39:44.638+0000][121][trace][gc,age      ] GC(20) - age   4:   18746016 bytes,   27626880 total
[2025-09-10T08:39:44.638+0000][121][trace][gc,age      ] GC(20) - age   5:        384 bytes,   27627264 total
[2025-09-10T08:39:44.638+0000][121][info ][gc,heap     ] GC(20) Eden regions: 145->0(145)
[2025-09-10T08:39:44.638+0000][121][info ][gc,heap     ] GC(20) Survivor regions: 8->8(20)
[2025-09-10T08:39:44.638+0000][121][info ][gc,heap     ] GC(20) Old regions: 29->29
[2025-09-10T08:39:44.638+0000][121][info ][gc,heap     ] GC(20) Humongous regions: 2->2
[2025-09-10T08:39:44.638+0000][121][info ][gc,metaspace] GC(20) Metaspace: 156457K(160896K)->156457K(160896K) NonClass: 134743K(137152K)->134743K(137152K) Class: 21714K(23744K)->21714K(23744K)
[2025-09-10T08:39:44.638+0000][121][info ][gc          ] GC(20) Pause Young (Prepare Mixed) (G1 Evacuation Pause) 732M->153M(1024M) 58.111ms
[2025-09-10T08:39:44.638+0000][121][info ][gc,cpu      ] GC(20) User=0.35s Sys=0.00s Real=0.06s
[2025-09-10T08:39:44.642+0000][121][info ][safepoint   ] Safepoint "G1CollectForAllocation", Time since last: 455300584 ns, Reaching safepoint: 10042 ns, Cleanup: 40750 ns, At safepoint: 62349000 ns, Total: 62399792 ns
[2025-09-10T08:39:45.643+0000][121][info ][safepoint   ] Safepoint "Cleanup", Time since last: 1000457542 ns, Reaching safepoint: 48583 ns, Cleanup: 32917 ns, At safepoint: 23583 ns, Total: 105083 ns
[2025-09-10T08:39:46.644+0000][121][info ][safepoint   ] Safepoint "Cleanup", Time since last: 1000949751 ns, Reaching safepoint: 14416 ns, Cleanup: 19125 ns, At safepoint: 6084 ns, Total: 39625 ns
[2025-09-10T08:39:47.644+0000][121][info ][safepoint   ] Safepoint "Cleanup", Time since last: 1000545708 ns, Reaching safepoint: 25750 ns, Cleanup: 52834 ns, At safepoint: 9958 ns, Total: 88542 ns
[2025-09-10T08:39:49.646+0000][121][info ][safepoint   ] Safepoint "Cleanup", Time since last: 2002020334 ns, Reaching safepoint: 38042 ns, Cleanup: 18542 ns, At safepoint: 10791 ns, Total: 67375 ns
[2025-09-10T08:39:51.648+0000][121][info ][safepoint   ] Safepoint "Cleanup", Time since last: 2001777085 ns, Reaching safepoint: 81083 ns, Cleanup: 25500 ns, At safepoint: 11958 ns, Total: 118541 ns
[2025-09-10T08:39:52.650+0000][121][info ][safepoint   ] Safepoint "Cleanup", Time since last: 1001071751 ns, Reaching safepoint: 32000 ns, Cleanup: 180916 ns, At safepoint: 15917 ns, Total: 228833 ns
[2025-09-10T08:39:54.651+0000][121][info ][safepoint   ] Safepoint "Cleanup", Time since last: 2001564834 ns, Reaching safepoint: 69750 ns, Cleanup: 73625 ns, At safepoint: 7750 ns, Total: 151125 ns
[2025-09-10T08:39:56.412+0000][121][info ][safepoint   ] Safepoint "Cleanup", Time since last: 1760626501 ns, Reaching safepoint: 10625 ns, Cleanup: 67750 ns, At safepoint: 7625 ns, Total: 86000 ns
[2025-09-10T08:39:56.552+0000][121][info ][safepoint   ] Safepoint "ICBufferFull", Time since last: 140018250 ns, Reaching safepoint: 13042 ns, Cleanup: 119292 ns, At safepoint: 16125 ns, Total: 148459 ns
[2025-09-10T08:39:56.552+0000][121][info ][safepoint   ] Safepoint "ICBufferFull", Time since last: 111541 ns, Reaching safepoint: 4792 ns, Cleanup: 1042 ns, At safepoint: 8083 ns, Total: 13917 ns
[2025-09-10T08:39:56.637+0000][121][info ][safepoint   ] Safepoint "ICBufferFull", Time since last: 82773167 ns, Reaching safepoint: 1146583 ns, Cleanup: 353583 ns, At safepoint: 22000 ns, Total: 1522166 ns
[2025-09-10T08:39:57.382+0000][121][info ][safepoint   ] Safepoint "ICBufferFull", Time since last: 745113501 ns, Reaching safepoint: 16375 ns, Cleanup: 203250 ns, At safepoint: 10083 ns, Total: 229708 ns
[2025-09-10T08:39:57.383+0000][121][info ][safepoint   ] Safepoint "ICBufferFull", Time since last: 568208 ns, Reaching safepoint: 11750 ns, Cleanup: 2167 ns, At safepoint: 14542 ns, Total: 28459 ns
[2025-09-10T08:39:58.383+0000][121][info ][safepoint   ] Safepoint "Cleanup", Time since last: 1000645375 ns, Reaching safepoint: 46375 ns, Cleanup: 62917 ns, At safepoint: 13333 ns, Total: 122625 ns
[2025-09-10T08:39:59.385+0000][121][info ][safepoint   ] Safepoint "Cleanup", Time since last: 1000921834 ns, Reaching safepoint: 128167 ns, Cleanup: 195375 ns, At safepoint: 19416 ns, Total: 342958 ns
[2025-09-10T08:40:00.385+0000][121][info ][safepoint   ] Safepoint "Cleanup", Time since last: 1000589417 ns, Reaching safepoint: 79583 ns, Cleanup: 14250 ns, At safepoint: 11708 ns, Total: 105541 ns
[2025-09-10T08:40:02.387+0000][121][info ][safepoint   ] Safepoint "Cleanup", Time since last: 2001878876 ns, Reaching safepoint: 12208 ns, Cleanup: 37709 ns, At safepoint: 6000 ns, Total: 55917 ns
[2025-09-10T08:40:06.391+0000][121][info ][safepoint   ] Safepoint "Cleanup", Time since last: 4004177085 ns, Reaching safepoint: 20167 ns, Cleanup: 9208 ns, At safepoint: 5583 ns, Total: 34958 ns
[2025-09-10T08:40:07.392+0000][121][info ][safepoint   ] Safepoint "Cleanup", Time since last: 1000825709 ns, Reaching safepoint: 15375 ns, Cleanup: 32709 ns, At safepoint: 10625 ns, Total: 58709 ns
[2025-09-10T08:40:08.393+0000][121][info ][safepoint   ] Safepoint "Cleanup", Time since last: 1001191958 ns, Reaching safepoint: 15250 ns, Cleanup: 13167 ns, At safepoint: 6250 ns, Total: 34667 ns
[2025-09-10T08:40:09.395+0000][121][info ][safepoint   ] Safepoint "Cleanup", Time since last: 1001843292 ns, Reaching safepoint: 22542 ns, Cleanup: 13458 ns, At safepoint: 10458 ns, Total: 46458 ns
[2025-09-10T08:40:10.396+0000][121][info ][safepoint   ] Safepoint "Cleanup", Time since last: 1000910126 ns, Reaching safepoint: 37625 ns, Cleanup: 14750 ns, At safepoint: 5917 ns, Total: 58292 ns
[2025-09-10T08:40:11.397+0000][121][info ][safepoint   ] Safepoint "Cleanup", Time since last: 1000989667 ns, Reaching safepoint: 76041 ns, Cleanup: 16334 ns, At safepoint: 7916 ns, Total: 100291 ns
[2025-09-10T08:40:12.398+0000][121][info ][safepoint   ] Safepoint "Cleanup", Time since last: 1000922084 ns, Reaching safepoint: 10292 ns, Cleanup: 15583 ns, At safepoint: 5500 ns, Total: 31375 ns
[2025-09-10T08:40:14.400+0000][121][info ][safepoint   ] Safepoint "Cleanup", Time since last: 2002026626 ns, Reaching safepoint: 39209 ns, Cleanup: 16916 ns, At safepoint: 3875 ns, Total: 60000 ns
[2025-09-10T08:40:15.404+0000][121][info ][safepoint   ] Safepoint "Cleanup", Time since last: 1000644751 ns, Reaching safepoint: 3211375 ns, Cleanup: 13458 ns, At safepoint: 13292 ns, Total: 3238125 ns
[2025-09-10T08:40:17.406+0000][121][info ][safepoint   ] Safepoint "Cleanup", Time since last: 2002171084 ns, Reaching safepoint: 40083 ns, Cleanup: 21459 ns, At safepoint: 7583 ns, Total: 69125 ns
[2025-09-10T08:40:18.407+0000][121][info ][safepoint   ] Safepoint "Cleanup", Time since last: 1000563667 ns, Reaching safepoint: 10375 ns, Cleanup: 20458 ns, At safepoint: 6792 ns, Total: 37625 ns
[2025-09-10T08:40:19.408+0000][121][info ][safepoint   ] Safepoint "Cleanup", Time since last: 1001424709 ns, Reaching safepoint: 32917 ns, Cleanup: 14583 ns, At safepoint: 6917 ns, Total: 54417 ns
[2025-09-10T08:40:21.410+0000][121][info ][safepoint   ] Safepoint "Cleanup", Time since last: 2001536667 ns, Reaching safepoint: 10250 ns, Cleanup: 8334 ns, At safepoint: 7208 ns, Total: 25792 ns
[2025-09-10T08:40:22.410+0000][121][info ][safepoint   ] Safepoint "Cleanup", Time since last: 1000333750 ns, Reaching safepoint: 48709 ns, Cleanup: 123916 ns, At safepoint: 8209 ns, Total: 180834 ns
[2025-09-10T08:40:24.412+0000][121][info ][safepoint   ] Safepoint "Cleanup", Time since last: 2001399959 ns, Reaching safepoint: 206708 ns, Cleanup: 23125 ns, At safepoint: 20542 ns, Total: 250375 ns
[2025-09-10T08:40:24.554+0000][121][info ][safepoint   ] Safepoint "ICBufferFull", Time since last: 141980250 ns, Reaching safepoint: 11625 ns, Cleanup: 105958 ns, At safepoint: 8209 ns, Total: 125792 ns
[2025-09-10T08:40:26.123+0000][121][info ][safepoint   ] Safepoint "Cleanup", Time since last: 1568385834 ns, Reaching safepoint: 44916 ns, Cleanup: 61250 ns, At safepoint: 9167 ns, Total: 115333 ns
[2025-09-10T08:40:27.395+0000][121][info ][safepoint   ] Safepoint "Cleanup", Time since last: 1271915709 ns, Reaching safepoint: 4792 ns, Cleanup: 7875 ns, At safepoint: 1708 ns, Total: 14375 ns
[2025-09-10T08:40:29.144+0000][121][info ][safepoint   ] Safepoint "Cleanup", Time since last: 1749267251 ns, Reaching safepoint: 14583 ns, Cleanup: 75709 ns, At safepoint: 21541 ns, Total: 111833 ns
[2025-09-10T08:40:30.145+0000][121][info ][safepoint   ] Safepoint "Cleanup", Time since last: 1001284209 ns, Reaching safepoint: 37583 ns, Cleanup: 44959 ns, At safepoint: 8666 ns, Total: 91208 ns
[2025-09-10T08:40:31.146+0000][121][info ][safepoint   ] Safepoint "Cleanup", Time since last: 1000394583 ns, Reaching safepoint: 29167 ns, Cleanup: 23000 ns, At safepoint: 7375 ns, Total: 59542 ns
[2025-09-10T08:40:33.148+0000][121][info ][safepoint   ] Safepoint "Cleanup", Time since last: 2002231251 ns, Reaching safepoint: 34958 ns, Cleanup: 32792 ns, At safepoint: 9208 ns, Total: 76958 ns
[2025-09-10T08:40:34.149+0000][121][info ][safepoint   ] Safepoint "Cleanup", Time since last: 1000635709 ns, Reaching safepoint: 22708 ns, Cleanup: 23584 ns, At safepoint: 9333 ns, Total: 55625 ns
[2025-09-10T08:40:40.273+0000][121][info ][safepoint   ] Safepoint "Cleanup", Time since last: 6123578545 ns, Reaching safepoint: 200708 ns, Cleanup: 44458 ns, At safepoint: 18209 ns, Total: 263375 ns
[2025-09-10T08:40:42.682+0000][121][info ][safepoint   ] Safepoint "Cleanup", Time since last: 2408946501 ns, Reaching safepoint: 8541 ns, Cleanup: 26667 ns, At safepoint: 11125 ns, Total: 46333 ns
[2025-09-10T08:40:43.684+0000][121][info ][safepoint   ] Safepoint "Cleanup", Time since last: 1002137251 ns, Reaching safepoint: 14541 ns, Cleanup: 12250 ns, At safepoint: 6875 ns, Total: 33666 ns
[2025-09-10T08:40:44.685+0000][121][info ][safepoint   ] Safepoint "Cleanup", Time since last: 1001269876 ns, Reaching safepoint: 39791 ns, Cleanup: 14209 ns, At safepoint: 7125 ns, Total: 61125 ns
[2025-09-10T08:40:45.686+0000][121][info ][safepoint   ] Safepoint "Cleanup", Time since last: 1000656542 ns, Reaching safepoint: 32750 ns, Cleanup: 30625 ns, At safepoint: 15125 ns, Total: 78500 ns
[2025-09-10T08:40:47.688+0000][121][info ][safepoint   ] Safepoint "Cleanup", Time since last: 2002225584 ns, Reaching safepoint: 134208 ns, Cleanup: 39417 ns, At safepoint: 26542 ns, Total: 200167 ns
[2025-09-10T08:40:48.689+0000][121][info ][safepoint   ] Safepoint "Cleanup", Time since last: 1000638584 ns, Reaching safepoint: 13375 ns, Cleanup: 29250 ns, At safepoint: 5166 ns, Total: 47791 ns
[2025-09-10T08:40:49.690+0000][121][info ][safepoint   ] Safepoint "Cleanup", Time since last: 1000797167 ns, Reaching safepoint: 26584 ns, Cleanup: 29333 ns, At safepoint: 9667 ns, Total: 65584 ns
[2025-09-10T08:40:57.699+0000][121][info ][safepoint   ] Safepoint "Cleanup", Time since last: 8008403462 ns, Reaching safepoint: 379542 ns, Cleanup: 67708 ns, At safepoint: 32917 ns, Total: 480167 ns
[2025-09-10T08:40:58.702+0000][121][info ][safepoint   ] Safepoint "Cleanup", Time since last: 1002504292 ns, Reaching safepoint: 66208 ns, Cleanup: 39625 ns, At safepoint: 18042 ns, Total: 123875 ns
[2025-09-10T08:40:59.702+0000][121][info ][safepoint   ] Safepoint "Cleanup", Time since last: 1000545792 ns, Reaching safepoint: 29917 ns, Cleanup: 51208 ns, At safepoint: 8000 ns, Total: 89125 ns
[2025-09-10T08:41:00.703+0000][121][info ][safepoint   ] Safepoint "Cleanup", Time since last: 1001216208 ns, Reaching safepoint: 71583 ns, Cleanup: 64250 ns, At safepoint: 25333 ns, Total: 161166 ns
[2025-09-10T08:41:01.704+0000][121][info ][safepoint   ] Safepoint "Cleanup", Time since last: 1000414709 ns, Reaching safepoint: 31333 ns, Cleanup: 10542 ns, At safepoint: 9250 ns, Total: 51125 ns
[2025-09-10T08:41:02.705+0000][121][info ][safepoint   ] Safepoint "Cleanup", Time since last: 1001098001 ns, Reaching safepoint: 125666 ns, Cleanup: 82167 ns, At safepoint: 13500 ns, Total: 221333 ns
[2025-09-10T08:41:03.706+0000][121][info ][safepoint   ] Safepoint "Cleanup", Time since last: 1000594542 ns, Reaching safepoint: 14208 ns, Cleanup: 12334 ns, At safepoint: 5750 ns, Total: 32292 ns
[2025-09-10T08:41:06.709+0000][121][info ][safepoint   ] Safepoint "Cleanup", Time since last: 3003198501 ns, Reaching safepoint: 26709 ns, Cleanup: 25250 ns, At safepoint: 7250 ns, Total: 59209 ns
[2025-09-10T08:41:07.710+0000][121][info ][safepoint   ] Safepoint "Cleanup", Time since last: 1000716583 ns, Reaching safepoint: 13834 ns, Cleanup: 14125 ns, At safepoint: 5208 ns, Total: 33167 ns
[2025-09-10T08:41:09.712+0000][121][info ][safepoint   ] Safepoint "Cleanup", Time since last: 2002196459 ns, Reaching safepoint: 20667 ns, Cleanup: 16750 ns, At safepoint: 4917 ns, Total: 42334 ns
[2025-09-10T08:41:12.716+0000][121][info ][safepoint   ] Safepoint "Cleanup", Time since last: 3004032126 ns, Reaching safepoint: 28250 ns, Cleanup: 59167 ns, At safepoint: 10125 ns, Total: 97542 ns
[2025-09-10T08:41:14.717+0000][121][info ][safepoint   ] Safepoint "Cleanup", Time since last: 2001143334 ns, Reaching safepoint: 22750 ns, Cleanup: 15792 ns, At safepoint: 10791 ns, Total: 49333 ns
[2025-09-10T08:41:15.718+0000][121][info ][safepoint   ] Safepoint "Cleanup", Time since last: 1000422751 ns, Reaching safepoint: 18792 ns, Cleanup: 23875 ns, At safepoint: 6625 ns, Total: 49292 ns
[2025-09-10T08:41:17.720+0000][121][info ][safepoint   ] Safepoint "Cleanup", Time since last: 2002413167 ns, Reaching safepoint: 15750 ns, Cleanup: 14292 ns, At safepoint: 6416 ns, Total: 36458 ns
[2025-09-10T08:41:18.721+0000][121][info ][safepoint   ] Safepoint "Cleanup", Time since last: 1000528459 ns, Reaching safepoint: 175584 ns, Cleanup: 79958 ns, At safepoint: 22250 ns, Total: 277792 ns
[2025-09-10T08:41:19.722+0000][121][info ][safepoint   ] Safepoint "Cleanup", Time since last: 1001160375 ns, Reaching safepoint: 12084 ns, Cleanup: 9708 ns, At safepoint: 5667 ns, Total: 27459 ns
[2025-09-10T08:41:21.725+0000][121][info ][safepoint   ] Safepoint "Cleanup", Time since last: 2002625334 ns, Reaching safepoint: 32208 ns, Cleanup: 24250 ns, At safepoint: 9459 ns, Total: 65917 ns
[2025-09-10T08:41:22.728+0000][121][info ][safepoint   ] Safepoint "Cleanup", Time since last: 1002918584 ns, Reaching safepoint: 96541 ns, Cleanup: 54209 ns, At safepoint: 13291 ns, Total: 164041 ns
[2025-09-10T08:41:24.730+0000][121][info ][safepoint   ] Safepoint "Cleanup", Time since last: 2002230918 ns, Reaching safepoint: 23458 ns, Cleanup: 37458 ns, At safepoint: 9000 ns, Total: 69916 ns
[2025-09-10T08:41:27.438+0000][121][info ][safepoint   ] Safepoint "Cleanup", Time since last: 2707988668 ns, Reaching safepoint: 5000 ns, Cleanup: 53709 ns, At safepoint: 2250 ns, Total: 60959 ns
[2025-09-10T08:41:29.266+0000][121][info ][safepoint   ] Safepoint "Cleanup", Time since last: 1827665751 ns, Reaching safepoint: 54791 ns, Cleanup: 104959 ns, At safepoint: 9125 ns, Total: 168875 ns
[2025-09-10T08:41:30.451+0000][121][info ][safepoint   ] Safepoint "Cleanup", Time since last: 1185902958 ns, Reaching safepoint: 14708 ns, Cleanup: 9584 ns, At safepoint: 3500 ns, Total: 27792 ns
[2025-09-10T08:41:31.438+0000][121][info ][safepoint   ] Safepoint "ICBufferFull", Time since last: 986399750 ns, Reaching safepoint: 241833 ns, Cleanup: 151834 ns, At safepoint: 19833 ns, Total: 413500 ns
[2025-09-10T08:41:31.439+0000][121][info ][safepoint   ] Safepoint "ICBufferFull", Time since last: 335167 ns, Reaching safepoint: 30583 ns, Cleanup: 3667 ns, At safepoint: 16333 ns, Total: 50583 ns
[2025-09-10T08:41:31.439+0000][121][info ][safepoint   ] Safepoint "ICBufferFull", Time since last: 355875 ns, Reaching safepoint: 67458 ns, Cleanup: 5042 ns, At safepoint: 54500 ns, Total: 127000 ns
[2025-09-10T08:41:32.441+0000][121][info ][safepoint   ] Safepoint "Cleanup", Time since last: 1001930042 ns, Reaching safepoint: 14584 ns, Cleanup: 84375 ns, At safepoint: 9250 ns, Total: 108209 ns
[2025-09-10T08:41:37.384+0000][121][info ][safepoint   ] Safepoint "Cleanup", Time since last: 4942906210 ns, Reaching safepoint: 14667 ns, Cleanup: 13792 ns, At safepoint: 10833 ns, Total: 39292 ns
[2025-09-10T08:41:38.386+0000][121][info ][safepoint   ] Safepoint "Cleanup", Time since last: 1001962584 ns, Reaching safepoint: 10208 ns, Cleanup: 12542 ns, At safepoint: 10958 ns, Total: 33708 ns
[2025-09-10T08:41:43.391+0000][121][info ][safepoint   ] Safepoint "Cleanup", Time since last: 5005182086 ns, Reaching safepoint: 83666 ns, Cleanup: 23084 ns, At safepoint: 6833 ns, Total: 113583 ns
[2025-09-10T08:41:44.393+0000][121][info ][safepoint   ] Safepoint "Cleanup", Time since last: 1001211667 ns, Reaching safepoint: 12542 ns, Cleanup: 11667 ns, At safepoint: 4500 ns, Total: 28709 ns
[2025-09-10T08:41:45.394+0000][121][info ][safepoint   ] Safepoint "Cleanup", Time since last: 1001401375 ns, Reaching safepoint: 13125 ns, Cleanup: 14125 ns, At safepoint: 4292 ns, Total: 31542 ns
[2025-09-10T08:41:47.396+0000][121][info ][safepoint   ] Safepoint "Cleanup", Time since last: 2002196959 ns, Reaching safepoint: 10708 ns, Cleanup: 7417 ns, At safepoint: 5833 ns, Total: 23958 ns
[2025-09-10T08:41:48.398+0000][121][info ][safepoint   ] Safepoint "Cleanup", Time since last: 1001176292 ns, Reaching safepoint: 100250 ns, Cleanup: 29625 ns, At safepoint: 14292 ns, Total: 144167 ns
[2025-09-10T08:41:49.400+0000][121][info ][safepoint   ] Safepoint "Cleanup", Time since last: 1001925001 ns, Reaching safepoint: 111833 ns, Cleanup: 28708 ns, At safepoint: 9959 ns, Total: 150500 ns
[2025-09-10T08:41:52.402+0000][121][info ][safepoint   ] Safepoint "Cleanup", Time since last: 3002580043 ns, Reaching safepoint: 33000 ns, Cleanup: 10500 ns, At safepoint: 5875 ns, Total: 49375 ns
[2025-09-10T08:41:53.404+0000][121][info ][safepoint   ] Safepoint "Cleanup", Time since last: 1000948792 ns, Reaching safepoint: 96292 ns, Cleanup: 79291 ns, At safepoint: 14459 ns, Total: 190042 ns
[2025-09-10T08:41:56.406+0000][121][info ][safepoint   ] Safepoint "Cleanup", Time since last: 3002590959 ns, Reaching safepoint: 16042 ns, Cleanup: 13500 ns, At safepoint: 6125 ns, Total: 35667 ns
[2025-09-10T08:41:57.408+0000][121][info ][safepoint   ] Safepoint "Cleanup", Time since last: 1000970334 ns, Reaching safepoint: 1202833 ns, Cleanup: 19250 ns, At safepoint: 14375 ns, Total: 1236458 ns
[2025-09-10T08:41:58.409+0000][121][info ][safepoint   ] Safepoint "Cleanup", Time since last: 1000780501 ns, Reaching safepoint: 20250 ns, Cleanup: 44583 ns, At safepoint: 9917 ns, Total: 74750 ns
[2025-09-10T08:41:59.411+0000][121][info ][safepoint   ] Safepoint "Cleanup", Time since last: 1001229375 ns, Reaching safepoint: 47792 ns, Cleanup: 38416 ns, At safepoint: 7625 ns, Total: 93833 ns
[2025-09-10T08:42:00.411+0000][121][info ][safepoint   ] Safepoint "Cleanup", Time since last: 1000583584 ns, Reaching safepoint: 10250 ns, Cleanup: 13583 ns, At safepoint: 11459 ns, Total: 35292 ns
[2025-09-10T08:42:02.412+0000][121][info ][safepoint   ] Safepoint "Cleanup", Time since last: 2001343834 ns, Reaching safepoint: 66791 ns, Cleanup: 15792 ns, At safepoint: 8625 ns, Total: 91208 ns
[2025-09-10T08:42:07.418+0000][121][info ][safepoint   ] Safepoint "Cleanup", Time since last: 5004937628 ns, Reaching safepoint: 347708 ns, Cleanup: 46458 ns, At safepoint: 20834 ns, Total: 415000 ns
[2025-09-10T08:42:15.432+0000][121][info ][safepoint   ] Safepoint "Cleanup", Time since last: 8014483712 ns, Reaching safepoint: 42958 ns, Cleanup: 22750 ns, At safepoint: 12708 ns, Total: 78416 ns
[2025-09-10T08:42:16.434+0000][121][info ][safepoint   ] Safepoint "Cleanup", Time since last: 1001818209 ns, Reaching safepoint: 32209 ns, Cleanup: 24458 ns, At safepoint: 13500 ns, Total: 70167 ns
[2025-09-10T08:42:17.435+0000][121][info ][safepoint   ] Safepoint "Cleanup", Time since last: 1001002792 ns, Reaching safepoint: 13917 ns, Cleanup: 14083 ns, At safepoint: 3792 ns, Total: 31792 ns
[2025-09-10T08:42:18.440+0000][121][info ][safepoint   ] Safepoint "Cleanup", Time since last: 1005149708 ns, Reaching safepoint: 14459 ns, Cleanup: 18375 ns, At safepoint: 9125 ns, Total: 41959 ns
[2025-09-10T08:42:19.441+0000][121][info ][safepoint   ] Safepoint "Cleanup", Time since last: 1000718875 ns, Reaching safepoint: 24834 ns, Cleanup: 14291 ns, At safepoint: 8500 ns, Total: 47625 ns
[2025-09-10T08:42:27.448+0000][121][info ][safepoint   ] Safepoint "Cleanup", Time since last: 8006888379 ns, Reaching safepoint: 28417 ns, Cleanup: 10875 ns, At safepoint: 9833 ns, Total: 49125 ns
[2025-09-10T08:42:29.451+0000][121][info ][safepoint   ] Safepoint "Cleanup", Time since last: 2003047501 ns, Reaching safepoint: 81417 ns, Cleanup: 28833 ns, At safepoint: 20625 ns, Total: 130875 ns
[2025-09-10T08:42:30.452+0000][121][info ][safepoint   ] Safepoint "Cleanup", Time since last: 1001257875 ns, Reaching safepoint: 5000 ns, Cleanup: 41000 ns, At safepoint: 16583 ns, Total: 62583 ns
[2025-09-10T08:42:32.435+0000][121][info ][safepoint   ] Safepoint "Cleanup", Time since last: 1982109251 ns, Reaching safepoint: 289458 ns, Cleanup: 71083 ns, At safepoint: 17792 ns, Total: 378333 ns
[2025-09-10T08:42:33.442+0000][121][info ][safepoint   ] Safepoint "Cleanup", Time since last: 1006920501 ns, Reaching safepoint: 11166 ns, Cleanup: 9917 ns, At safepoint: 2292 ns, Total: 23375 ns
[2025-09-10T08:42:34.447+0000][121][info ][safepoint   ] Safepoint "Cleanup", Time since last: 1004186375 ns, Reaching safepoint: 798458 ns, Cleanup: 51375 ns, At safepoint: 27584 ns, Total: 877417 ns
[2025-09-10T08:42:35.540+0000][121][info ][safepoint   ] Safepoint "Cleanup", Time since last: 1093171042 ns, Reaching safepoint: 24583 ns, Cleanup: 46834 ns, At safepoint: 15416 ns, Total: 86833 ns
[2025-09-10T08:42:37.542+0000][121][info ][safepoint   ] Safepoint "Cleanup", Time since last: 2001935710 ns, Reaching safepoint: 406291 ns, Cleanup: 26542 ns, At safepoint: 5583 ns, Total: 438416 ns
[2025-09-10T08:42:42.547+0000][121][info ][safepoint   ] Safepoint "Cleanup", Time since last: 5004571294 ns, Reaching safepoint: 328584 ns, Cleanup: 85041 ns, At safepoint: 21459 ns, Total: 435084 ns
[2025-09-10T08:42:45.551+0000][121][info ][safepoint   ] Safepoint "Cleanup", Time since last: 3003232668 ns, Reaching safepoint: 83250 ns, Cleanup: 15416 ns, At safepoint: 19125 ns, Total: 117791 ns
[2025-09-10T08:42:47.557+0000][121][info ][safepoint   ] Safepoint "Cleanup", Time since last: 2006469085 ns, Reaching safepoint: 23958 ns, Cleanup: 36083 ns, At safepoint: 10584 ns, Total: 70625 ns
[2025-09-10T08:42:48.559+0000][121][info ][safepoint   ] Safepoint "Cleanup", Time since last: 1001283334 ns, Reaching safepoint: 132083 ns, Cleanup: 29667 ns, At safepoint: 15000 ns, Total: 176750 ns
[2025-09-10T08:42:54.565+0000][121][info ][safepoint   ] Safepoint "Cleanup", Time since last: 6006135961 ns, Reaching safepoint: 35875 ns, Cleanup: 7708 ns, At safepoint: 5125 ns, Total: 48708 ns
[2025-09-10T08:42:55.566+0000][121][info ][safepoint   ] Safepoint "Cleanup", Time since last: 1000636584 ns, Reaching safepoint: 21375 ns, Cleanup: 19458 ns, At safepoint: 10834 ns, Total: 51667 ns
[2025-09-10T08:42:57.569+0000][121][info ][safepoint   ] Safepoint "Cleanup", Time since last: 2002273459 ns, Reaching safepoint: 797875 ns, Cleanup: 25875 ns, At safepoint: 14166 ns, Total: 837916 ns
[2025-09-10T08:42:59.571+0000][121][info ][safepoint   ] Safepoint "Cleanup", Time since last: 2001848793 ns, Reaching safepoint: 27917 ns, Cleanup: 39208 ns, At safepoint: 10958 ns, Total: 78083 ns
[2025-09-10T08:43:02.574+0000][121][info ][safepoint   ] Safepoint "Cleanup", Time since last: 3003140502 ns, Reaching safepoint: 280666 ns, Cleanup: 29042 ns, At safepoint: 22417 ns, Total: 332125 ns
[2025-09-10T08:43:03.576+0000][121][info ][safepoint   ] Safepoint "Cleanup", Time since last: 1001839458 ns, Reaching safepoint: 14709 ns, Cleanup: 17583 ns, At safepoint: 5167 ns, Total: 37459 ns
[2025-09-10T08:43:06.579+0000][121][info ][safepoint   ] Safepoint "Cleanup", Time since last: 3003862001 ns, Reaching safepoint: 12500 ns, Cleanup: 11875 ns, At safepoint: 4167 ns, Total: 28542 ns
[2025-09-10T08:43:08.584+0000][121][info ][safepoint   ] Safepoint "Cleanup", Time since last: 2004663501 ns, Reaching safepoint: 19750 ns, Cleanup: 11708 ns, At safepoint: 6000 ns, Total: 37458 ns
[2025-09-10T08:43:12.591+0000][121][info ][safepoint   ] Safepoint "Cleanup", Time since last: 4007185502 ns, Reaching safepoint: 97958 ns, Cleanup: 28542 ns, At safepoint: 5667 ns, Total: 132167 ns
[2025-09-10T08:43:14.614+0000][121][info ][safepoint   ] Safepoint "Cleanup", Time since last: 2015603584 ns, Reaching safepoint: 6252375 ns, Cleanup: 234083 ns, At safepoint: 44042 ns, Total: 6530500 ns
[2025-09-10T08:43:16.517+0000][121][info ][safepoint   ] Safepoint "Cleanup", Time since last: 1903547834 ns, Reaching safepoint: 20209 ns, Cleanup: 60541 ns, At safepoint: 11000 ns, Total: 91750 ns
[2025-09-10T08:43:17.558+0000][121][info ][safepoint   ] Safepoint "Cleanup", Time since last: 1040869876 ns, Reaching safepoint: 21291 ns, Cleanup: 17959 ns, At safepoint: 7416 ns, Total: 46666 ns
[2025-09-10T08:43:18.560+0000][121][info ][safepoint   ] Safepoint "Cleanup", Time since last: 1001425293 ns, Reaching safepoint: 13083 ns, Cleanup: 13625 ns, At safepoint: 5542 ns, Total: 32250 ns
[2025-09-10T08:43:21.455+0000][121][info ][safepoint   ] Safepoint "Cleanup", Time since last: 2895316418 ns, Reaching safepoint: 15958 ns, Cleanup: 21375 ns, At safepoint: 8000 ns, Total: 45333 ns
[2025-09-10T08:43:21.551+0000][121][info ][safepoint   ] Safepoint "ICBufferFull", Time since last: 95787542 ns, Reaching safepoint: 18541 ns, Cleanup: 145792 ns, At safepoint: 12958 ns, Total: 177291 ns
[2025-09-10T08:43:22.586+0000][121][info ][safepoint   ] Safepoint "Cleanup", Time since last: 1035165876 ns, Reaching safepoint: 33458 ns, Cleanup: 70333 ns, At safepoint: 9167 ns, Total: 112958 ns
[2025-09-10T08:43:23.629+0000][121][info ][safepoint   ] Safepoint "Cleanup", Time since last: 1042317334 ns, Reaching safepoint: 35417 ns, Cleanup: 33250 ns, At safepoint: 10625 ns, Total: 79292 ns
[2025-09-10T08:43:24.679+0000][121][info ][safepoint   ] Safepoint "Cleanup", Time since last: 1050501125 ns, Reaching safepoint: 20000 ns, Cleanup: 32542 ns, At safepoint: 5791 ns, Total: 58333 ns
[2025-09-10T08:43:26.681+0000][121][info ][safepoint   ] Safepoint "Cleanup", Time since last: 2001968168 ns, Reaching safepoint: 22125 ns, Cleanup: 8917 ns, At safepoint: 12000 ns, Total: 43042 ns
[2025-09-10T08:43:27.682+0000][121][info ][safepoint   ] Safepoint "Cleanup", Time since last: 1000985542 ns, Reaching safepoint: 32542 ns, Cleanup: 41833 ns, At safepoint: 7667 ns, Total: 82042 ns
[2025-09-10T08:43:29.042+0000][121][info ][safepoint   ] Safepoint "Cleanup", Time since last: 1359858375 ns, Reaching safepoint: 66792 ns, Cleanup: 63625 ns, At safepoint: 12292 ns, Total: 142709 ns
[2025-09-10T08:43:31.045+0000][121][info ][safepoint   ] Safepoint "Cleanup", Time since last: 2002170625 ns, Reaching safepoint: 250292 ns, Cleanup: 144666 ns, At safepoint: 210709 ns, Total: 605667 ns
[2025-09-10T08:43:33.048+0000][121][info ][safepoint   ] Safepoint "Cleanup", Time since last: 2002282125 ns, Reaching safepoint: 338042 ns, Cleanup: 56083 ns, At safepoint: 20125 ns, Total: 414250 ns
[2025-09-10T08:43:34.644+0000][121][info ][safepoint   ] Safepoint "Cleanup", Time since last: 1596309751 ns, Reaching safepoint: 6667 ns, Cleanup: 108042 ns, At safepoint: 23791 ns, Total: 138500 ns
[2025-09-10T08:43:35.646+0000][121][info ][safepoint   ] Safepoint "Cleanup", Time since last: 1001355584 ns, Reaching safepoint: 165750 ns, Cleanup: 42667 ns, At safepoint: 17708 ns, Total: 226125 ns
[2025-09-10T08:43:36.743+0000][121][info ][safepoint   ] Safepoint "Cleanup", Time since last: 1097650584 ns, Reaching safepoint: 5667 ns, Cleanup: 45291 ns, At safepoint: 8667 ns, Total: 59625 ns
[2025-09-10T08:43:37.757+0000][121][info ][safepoint   ] Safepoint "Cleanup", Time since last: 1013625709 ns, Reaching safepoint: 43958 ns, Cleanup: 20125 ns, At safepoint: 8458 ns, Total: 72541 ns
[2025-09-10T08:43:39.434+0000][121][info ][gc,start    ] GC(21) Pause Young (Mixed) (G1 Evacuation Pause)
[2025-09-10T08:43:39.435+0000][121][info ][gc,task     ] GC(21) Using 8 workers of 8 for evacuation
[2025-09-10T08:43:39.435+0000][121][debug][gc,age      ] GC(21) Desired survivor size 41943040 bytes, new threshold 15 (max threshold 15)
[2025-09-10T08:43:39.493+0000][121][info ][gc,phases   ] GC(21)   Pre Evacuate Collection Set: 3.64ms
[2025-09-10T08:43:39.493+0000][121][info ][gc,phases   ] GC(21)   Merge Heap Roots: 0.77ms
[2025-09-10T08:43:39.493+0000][121][info ][gc,phases   ] GC(21)   Evacuate Collection Set: 50.25ms
[2025-09-10T08:43:39.493+0000][121][info ][gc,phases   ] GC(21)   Post Evacuate Collection Set: 3.42ms
[2025-09-10T08:43:39.493+0000][121][info ][gc,phases   ] GC(21)   Other: 0.44ms
[2025-09-10T08:43:39.493+0000][121][trace][gc,age      ] GC(21) Age table with threshold 15 (max threshold 15)
[2025-09-10T08:43:39.493+0000][121][trace][gc,age      ] GC(21) - age   1:    4203072 bytes,    4203072 total
[2025-09-10T08:43:39.493+0000][121][trace][gc,age      ] GC(21) - age   2:    1305384 bytes,    5508456 total
[2025-09-10T08:43:39.493+0000][121][trace][gc,age      ] GC(21) - age   3:    3732560 bytes,    9241016 total
[2025-09-10T08:43:39.493+0000][121][trace][gc,age      ] GC(21) - age   4:    2633440 bytes,   11874456 total
[2025-09-10T08:43:39.493+0000][121][trace][gc,age      ] GC(21) - age   5:   18119912 bytes,   29994368 total
[2025-09-10T08:43:39.494+0000][121][trace][gc,age      ] GC(21) - age   6:        384 bytes,   29994752 total
[2025-09-10T08:43:39.494+0000][121][info ][gc,heap     ] GC(21) Eden regions: 145->0(145)
[2025-09-10T08:43:39.494+0000][121][info ][gc,heap     ] GC(21) Survivor regions: 8->8(20)
[2025-09-10T08:43:39.494+0000][121][info ][gc,heap     ] GC(21) Old regions: 29->29
[2025-09-10T08:43:39.494+0000][121][info ][gc,heap     ] GC(21) Humongous regions: 2->2
[2025-09-10T08:43:39.494+0000][121][info ][gc,metaspace] GC(21) Metaspace: 159054K(163520K)->159054K(163520K) NonClass: 137065K(139520K)->137065K(139520K) Class: 21989K(24000K)->21989K(24000K)
[2025-09-10T08:43:39.494+0000][121][info ][gc          ] GC(21) Pause Young (Mixed) (G1 Evacuation Pause) 733M->152M(1024M) 59.549ms
[2025-09-10T08:43:39.494+0000][121][info ][gc,cpu      ] GC(21) User=0.35s Sys=0.00s Real=0.06s
[2025-09-10T08:43:39.494+0000][121][info ][safepoint   ] Safepoint "G1CollectForAllocation", Time since last: 1676874085 ns, Reaching safepoint: 145583 ns, Cleanup: 14875 ns, At safepoint: 59798625 ns, Total: 59959083 ns
[2025-09-10T08:43:42.498+0000][121][info ][safepoint   ] Safepoint "Cleanup", Time since last: 3004078668 ns, Reaching safepoint: 138667 ns, Cleanup: 45083 ns, At safepoint: 20208 ns, Total: 203958 ns
[2025-09-10T08:43:44.500+0000][121][info ][safepoint   ] Safepoint "Cleanup", Time since last: 2001865085 ns, Reaching safepoint: 393666 ns, Cleanup: 42959 ns, At safepoint: 22500 ns, Total: 459125 ns
[2025-09-10T08:43:47.504+0000][121][info ][safepoint   ] Safepoint "Cleanup", Time since last: 3002736084 ns, Reaching safepoint: 531875 ns, Cleanup: 20792 ns, At safepoint: 11542 ns, Total: 564209 ns
[2025-09-10T08:43:50.583+0000][121][info ][safepoint   ] Safepoint "Cleanup", Time since last: 3071515168 ns, Reaching safepoint: 7740125 ns, Cleanup: 154791 ns, At safepoint: 52792 ns, Total: 7947708 ns
[2025-09-10T08:43:51.584+0000][121][info ][safepoint   ] Safepoint "Cleanup", Time since last: 1000736501 ns, Reaching safepoint: 52916 ns, Cleanup: 23459 ns, At safepoint: 7708 ns, Total: 84083 ns
[2025-09-10T08:43:57.591+0000][121][info ][safepoint   ] Safepoint "Cleanup", Time since last: 6006634836 ns, Reaching safepoint: 545208 ns, Cleanup: 55792 ns, At safepoint: 32750 ns, Total: 633750 ns
[2025-09-10T08:43:59.593+0000][121][info ][safepoint   ] Safepoint "Cleanup", Time since last: 2001660834 ns, Reaching safepoint: 20625 ns, Cleanup: 46292 ns, At safepoint: 8333 ns, Total: 75250 ns
[2025-09-10T08:44:00.593+0000][121][info ][safepoint   ] Safepoint "Cleanup", Time since last: 1000921000 ns, Reaching safepoint: 18583 ns, Cleanup: 23667 ns, At safepoint: 7292 ns, Total: 49542 ns
[2025-09-10T08:44:02.595+0000][121][info ][safepoint   ] Safepoint "Cleanup", Time since last: 2002204584 ns, Reaching safepoint: 47000 ns, Cleanup: 36833 ns, At safepoint: 14167 ns, Total: 98000 ns
[2025-09-10T08:44:03.596+0000][121][info ][safepoint   ] Safepoint "Cleanup", Time since last: 1000644000 ns, Reaching safepoint: 19834 ns, Cleanup: 13958 ns, At safepoint: 8000 ns, Total: 41792 ns
[2025-09-10T08:44:07.600+0000][121][info ][safepoint   ] Safepoint "Cleanup", Time since last: 4004173877 ns, Reaching safepoint: 32458 ns, Cleanup: 23875 ns, At safepoint: 7250 ns, Total: 63583 ns
[2025-09-10T08:44:09.602+0000][121][info ][safepoint   ] Safepoint "Cleanup", Time since last: 2001902960 ns, Reaching safepoint: 31333 ns, Cleanup: 16667 ns, At safepoint: 6458 ns, Total: 54458 ns
[2025-09-10T08:44:14.608+0000][121][info ][safepoint   ] Safepoint "Cleanup", Time since last: 5005043502 ns, Reaching safepoint: 813792 ns, Cleanup: 84333 ns, At safepoint: 31709 ns, Total: 929834 ns
[2025-09-10T08:44:16.609+0000][121][info ][safepoint   ] Safepoint "Cleanup", Time since last: 2000859876 ns, Reaching safepoint: 58166 ns, Cleanup: 35500 ns, At safepoint: 11834 ns, Total: 105500 ns
[2025-09-10T08:44:17.610+0000][121][info ][safepoint   ] Safepoint "Cleanup", Time since last: 1001108042 ns, Reaching safepoint: 12750 ns, Cleanup: 10416 ns, At safepoint: 3375 ns, Total: 26541 ns
[2025-09-10T08:44:18.611+0000][121][info ][safepoint   ] Safepoint "Cleanup", Time since last: 1000861459 ns, Reaching safepoint: 17000 ns, Cleanup: 15167 ns, At safepoint: 6125 ns, Total: 38292 ns
[2025-09-10T08:44:19.612+0000][121][info ][safepoint   ] Safepoint "Cleanup", Time since last: 1000942959 ns, Reaching safepoint: 13708 ns, Cleanup: 25708 ns, At safepoint: 5250 ns, Total: 44666 ns
[2025-09-10T08:44:21.614+0000][121][info ][safepoint   ] Safepoint "Cleanup", Time since last: 2001784960 ns, Reaching safepoint: 15208 ns, Cleanup: 18042 ns, At safepoint: 5708 ns, Total: 38958 ns
[2025-09-10T08:44:22.615+0000][121][info ][safepoint   ] Safepoint "Cleanup", Time since last: 1001065625 ns, Reaching safepoint: 30750 ns, Cleanup: 22542 ns, At safepoint: 13000 ns, Total: 66292 ns
[2025-09-10T08:44:24.617+0000][121][info ][safepoint   ] Safepoint "Cleanup", Time since last: 2001524751 ns, Reaching safepoint: 33125 ns, Cleanup: 37167 ns, At safepoint: 9083 ns, Total: 79375 ns
[2025-09-10T08:44:25.618+0000][121][info ][safepoint   ] Safepoint "Cleanup", Time since last: 1001221126 ns, Reaching safepoint: 15708 ns, Cleanup: 14208 ns, At safepoint: 13667 ns, Total: 43583 ns
[2025-09-10T08:44:27.434+0000][121][info ][gc,start    ] GC(22) Pause Young (Concurrent Start) (CodeCache GC Threshold)
[2025-09-10T08:44:27.434+0000][121][info ][gc,task     ] GC(22) Using 8 workers of 8 for evacuation
[2025-09-10T08:44:27.435+0000][121][debug][gc,age      ] GC(22) Desired survivor size 41943040 bytes, new threshold 15 (max threshold 15)
[2025-09-10T08:44:27.481+0000][121][info ][gc,phases   ] GC(22)   Pre Evacuate Collection Set: 0.67ms
[2025-09-10T08:44:27.482+0000][121][info ][gc,phases   ] GC(22)   Merge Heap Roots: 0.12ms
[2025-09-10T08:44:27.482+0000][121][info ][gc,phases   ] GC(22)   Evacuate Collection Set: 42.17ms
[2025-09-10T08:44:27.482+0000][121][info ][gc,phases   ] GC(22)   Post Evacuate Collection Set: 3.72ms
[2025-09-10T08:44:27.482+0000][121][info ][gc,phases   ] GC(22)   Other: 0.38ms
[2025-09-10T08:44:27.482+0000][121][trace][gc,age      ] GC(22) Age table with threshold 15 (max threshold 15)
[2025-09-10T08:44:27.482+0000][121][trace][gc,age      ] GC(22) - age   1:     161600 bytes,     161600 total
[2025-09-10T08:44:27.482+0000][121][trace][gc,age      ] GC(22) - age   2:    4000584 bytes,    4162184 total
[2025-09-10T08:44:27.482+0000][121][trace][gc,age      ] GC(22) - age   3:    1304928 bytes,    5467112 total
[2025-09-10T08:44:27.482+0000][121][trace][gc,age      ] GC(22) - age   4:    3732432 bytes,    9199544 total
[2025-09-10T08:44:27.482+0000][121][trace][gc,age      ] GC(22) - age   5:    2633440 bytes,   11832984 total
[2025-09-10T08:44:27.482+0000][121][trace][gc,age      ] GC(22) - age   6:   18119912 bytes,   29952896 total
[2025-09-10T08:44:27.482+0000][121][trace][gc,age      ] GC(22) - age   7:        384 bytes,   29953280 total
[2025-09-10T08:44:27.482+0000][121][info ][gc,heap     ] GC(22) Eden regions: 20->0(145)
[2025-09-10T08:44:27.482+0000][121][info ][gc,heap     ] GC(22) Survivor regions: 8->8(20)
[2025-09-10T08:44:27.482+0000][121][info ][gc,heap     ] GC(22) Old regions: 29->29
[2025-09-10T08:44:27.482+0000][121][info ][gc,heap     ] GC(22) Humongous regions: 2->2
[2025-09-10T08:44:27.482+0000][121][info ][gc,metaspace] GC(22) Metaspace: 159116K(163520K)->159116K(163520K) NonClass: 137127K(139520K)->137127K(139520K) Class: 21989K(24000K)->21989K(24000K)
[2025-09-10T08:44:27.482+0000][121][info ][gc          ] GC(22) Pause Young (Concurrent Start) (CodeCache GC Threshold) 230M->152M(1024M) 48.001ms
[2025-09-10T08:44:27.482+0000][121][info ][gc          ] GC(23) Concurrent Mark Cycle
[2025-09-10T08:44:27.482+0000][121][info ][gc,marking  ] GC(23) Concurrent Scan Root Regions
[2025-09-10T08:44:27.482+0000][121][info ][gc,cpu      ] GC(22) User=0.34s Sys=0.00s Real=0.05s
[2025-09-10T08:44:27.483+0000][121][info ][safepoint   ] Safepoint "G1TryInitiateConcMark", Time since last: 1815962959 ns, Reaching safepoint: 17250 ns, Cleanup: 12667 ns, At safepoint: 48417708 ns, Total: 48447625 ns
[2025-09-10T08:44:27.496+0000][121][info ][gc,marking  ] GC(23) Concurrent Scan Root Regions 13.785ms
[2025-09-10T08:44:27.496+0000][121][info ][gc,marking  ] GC(23) Concurrent Mark
[2025-09-10T08:44:27.496+0000][121][info ][gc,marking  ] GC(23) Concurrent Mark From Roots
[2025-09-10T08:44:27.496+0000][121][info ][gc,task     ] GC(23) Using 2 workers of 2 for marking
[2025-09-10T08:44:27.575+0000][121][info ][gc,marking  ] GC(23) Concurrent Mark From Roots 78.972ms
[2025-09-10T08:44:27.575+0000][121][info ][gc,marking  ] GC(23) Concurrent Preclean
[2025-09-10T08:44:27.576+0000][121][info ][gc,marking  ] GC(23) Concurrent Preclean 0.408ms
[2025-09-10T08:44:27.576+0000][121][info ][gc,start    ] GC(23) Pause Remark
[2025-09-10T08:44:27.617+0000][121][info ][gc          ] GC(23) Pause Remark 152M->152M(1024M) 40.625ms
[2025-09-10T08:44:27.617+0000][121][info ][gc,cpu      ] GC(23) User=0.23s Sys=0.00s Real=0.04s
[2025-09-10T08:44:27.617+0000][121][info ][safepoint   ] Safepoint "G1PauseRemark", Time since last: 93415875 ns, Reaching safepoint: 89792 ns, Cleanup: 29083 ns, At safepoint: 40976792 ns, Total: 41095667 ns
[2025-09-10T08:44:27.617+0000][121][info ][gc,marking  ] GC(23) Concurrent Mark 120.853ms
[2025-09-10T08:44:27.617+0000][121][info ][gc,marking  ] GC(23) Concurrent Rebuild Remembered Sets and Scrub Regions
[2025-09-10T08:44:27.640+0000][121][info ][gc,marking  ] GC(23) Concurrent Rebuild Remembered Sets and Scrub Regions 23.020ms
[2025-09-10T08:44:27.641+0000][121][info ][gc,start    ] GC(23) Pause Cleanup
[2025-09-10T08:44:27.641+0000][121][info ][gc          ] GC(23) Pause Cleanup 154M->154M(1024M) 0.119ms
[2025-09-10T08:44:27.641+0000][121][info ][gc,cpu      ] GC(23) User=0.00s Sys=0.00s Real=0.00s
[2025-09-10T08:44:27.641+0000][121][info ][safepoint   ] Safepoint "G1PauseCleanup", Time since last: 23286750 ns, Reaching safepoint: 9917 ns, Cleanup: 104583 ns, At safepoint: 253833 ns, Total: 368333 ns
[2025-09-10T08:44:27.641+0000][121][info ][gc,marking  ] GC(23) Concurrent Clear Claimed Marks
[2025-09-10T08:44:27.641+0000][121][info ][gc,marking  ] GC(23) Concurrent Clear Claimed Marks 0.489ms
[2025-09-10T08:44:27.641+0000][121][info ][gc,marking  ] GC(23) Concurrent Cleanup for Next Mark
[2025-09-10T08:44:27.644+0000][121][info ][gc,marking  ] GC(23) Concurrent Cleanup for Next Mark 2.749ms
[2025-09-10T08:44:27.644+0000][121][info ][gc          ] GC(23) Concurrent Mark Cycle 161.776ms
[2025-09-10T08:44:29.642+0000][121][info ][safepoint   ] Safepoint "Cleanup", Time since last: 2001413918 ns, Reaching safepoint: 55625 ns, Cleanup: 26958 ns, At safepoint: 23833 ns, Total: 106416 ns
[2025-09-10T08:44:30.643+0000][121][info ][safepoint   ] Safepoint "Cleanup", Time since last: 1000986792 ns, Reaching safepoint: 23292 ns, Cleanup: 13500 ns, At safepoint: 7166 ns, Total: 43958 ns
[2025-09-10T08:44:32.646+0000][121][info ][safepoint   ] Safepoint "Cleanup", Time since last: 2002560293 ns, Reaching safepoint: 33208 ns, Cleanup: 17250 ns, At safepoint: 6959 ns, Total: 57417 ns
[2025-09-10T08:44:33.647+0000][121][info ][safepoint   ] Safepoint "Cleanup", Time since last: 1001284458 ns, Reaching safepoint: 14250 ns, Cleanup: 17084 ns, At safepoint: 4833 ns, Total: 36167 ns
[2025-09-10T08:44:36.472+0000][121][info ][safepoint   ] Safepoint "Cleanup", Time since last: 2824799835 ns, Reaching safepoint: 5750 ns, Cleanup: 19416 ns, At safepoint: 2584 ns, Total: 27750 ns
[2025-09-10T08:44:37.919+0000][121][info ][safepoint   ] Safepoint "Cleanup", Time since last: 1446812959 ns, Reaching safepoint: 19250 ns, Cleanup: 70666 ns, At safepoint: 13209 ns, Total: 103125 ns
[2025-09-10T08:44:38.920+0000][121][info ][safepoint   ] Safepoint "Cleanup", Time since last: 1001199000 ns, Reaching safepoint: 47834 ns, Cleanup: 85541 ns, At safepoint: 16709 ns, Total: 150084 ns
[2025-09-10T08:44:39.926+0000][121][info ][safepoint   ] Safepoint "Cleanup", Time since last: 1005106042 ns, Reaching safepoint: 5583 ns, Cleanup: 9333 ns, At safepoint: 5750 ns, Total: 20666 ns
[2025-09-10T08:44:40.938+0000][121][info ][safepoint   ] Safepoint "Cleanup", Time since last: 1012672959 ns, Reaching safepoint: 15834 ns, Cleanup: 17166 ns, At safepoint: 4584 ns, Total: 37584 ns
[2025-09-10T08:44:42.942+0000][121][info ][safepoint   ] Safepoint "Cleanup", Time since last: 2003704626 ns, Reaching safepoint: 64833 ns, Cleanup: 33458 ns, At safepoint: 17584 ns, Total: 115875 ns
[2025-09-10T08:44:44.945+0000][121][info ][safepoint   ] Safepoint "Cleanup", Time since last: 2002372625 ns, Reaching safepoint: 35834 ns, Cleanup: 48333 ns, At safepoint: 11792 ns, Total: 95959 ns
[2025-09-10T08:44:47.948+0000][121][info ][safepoint   ] Safepoint "Cleanup", Time since last: 3002731793 ns, Reaching safepoint: 119917 ns, Cleanup: 35041 ns, At safepoint: 10959 ns, Total: 165917 ns
[2025-09-10T08:44:49.950+0000][121][info ][safepoint   ] Safepoint "Cleanup", Time since last: 2002291167 ns, Reaching safepoint: 256375 ns, Cleanup: 40834 ns, At safepoint: 15125 ns, Total: 312334 ns
[2025-09-10T08:44:52.953+0000][121][info ][safepoint   ] Safepoint "Cleanup", Time since last: 3003336501 ns, Reaching safepoint: 24125 ns, Cleanup: 18708 ns, At safepoint: 8584 ns, Total: 51417 ns
[2025-09-10T08:44:59.961+0000][121][info ][safepoint   ] Safepoint "Cleanup", Time since last: 7007446086 ns, Reaching safepoint: 203250 ns, Cleanup: 26959 ns, At safepoint: 7958 ns, Total: 238167 ns
[2025-09-10T08:45:02.964+0000][121][info ][safepoint   ] Safepoint "Cleanup", Time since last: 3003302793 ns, Reaching safepoint: 20791 ns, Cleanup: 15750 ns, At safepoint: 8792 ns, Total: 45333 ns
[2025-09-10T08:45:03.965+0000][121][info ][safepoint   ] Safepoint "Cleanup", Time since last: 1000989167 ns, Reaching safepoint: 14459 ns, Cleanup: 25083 ns, At safepoint: 4708 ns, Total: 44250 ns
[2025-09-10T08:45:06.967+0000][121][info ][safepoint   ] Safepoint "Cleanup", Time since last: 3001306543 ns, Reaching safepoint: 48834 ns, Cleanup: 20750 ns, At safepoint: 11250 ns, Total: 80834 ns
[2025-09-10T08:45:07.967+0000][121][info ][safepoint   ] Safepoint "Cleanup", Time since last: 1000335250 ns, Reaching safepoint: 37667 ns, Cleanup: 27875 ns, At safepoint: 7375 ns, Total: 72917 ns
[2025-09-10T08:45:08.969+0000][121][info ][safepoint   ] Safepoint "Cleanup", Time since last: 1001603084 ns, Reaching safepoint: 18416 ns, Cleanup: 29584 ns, At safepoint: 11208 ns, Total: 59208 ns
[2025-09-10T08:45:09.969+0000][121][info ][safepoint   ] Safepoint "Cleanup", Time since last: 1000493292 ns, Reaching safepoint: 13083 ns, Cleanup: 10000 ns, At safepoint: 4709 ns, Total: 27792 ns
[2025-09-10T08:45:12.972+0000][121][info ][safepoint   ] Safepoint "Cleanup", Time since last: 3002966460 ns, Reaching safepoint: 45958 ns, Cleanup: 20083 ns, At safepoint: 9917 ns, Total: 75958 ns
[2025-09-10T08:45:14.975+0000][121][info ][safepoint   ] Safepoint "Cleanup", Time since last: 2002988042 ns, Reaching safepoint: 64834 ns, Cleanup: 16291 ns, At safepoint: 9625 ns, Total: 90750 ns
[2025-09-10T08:45:16.977+0000][121][info ][safepoint   ] Safepoint "Cleanup", Time since last: 2001781335 ns, Reaching safepoint: 61875 ns, Cleanup: 15625 ns, At safepoint: 13375 ns, Total: 90875 ns
[2025-09-10T08:45:17.979+0000][121][info ][safepoint   ] Safepoint "Cleanup", Time since last: 1001264792 ns, Reaching safepoint: 70083 ns, Cleanup: 29250 ns, At safepoint: 13292 ns, Total: 112625 ns
[2025-09-10T08:45:18.981+0000][121][info ][safepoint   ] Safepoint "Cleanup", Time since last: 1002145625 ns, Reaching safepoint: 14875 ns, Cleanup: 21084 ns, At safepoint: 11250 ns, Total: 47209 ns
[2025-09-10T08:45:21.984+0000][121][info ][safepoint   ] Safepoint "Cleanup", Time since last: 3003399709 ns, Reaching safepoint: 81042 ns, Cleanup: 48208 ns, At safepoint: 20125 ns, Total: 149375 ns
[2025-09-10T08:45:22.985+0000][121][info ][safepoint   ] Safepoint "Cleanup", Time since last: 1000716709 ns, Reaching safepoint: 14792 ns, Cleanup: 14667 ns, At safepoint: 3875 ns, Total: 33334 ns
[2025-09-10T08:45:27.993+0000][121][info ][safepoint   ] Safepoint "Cleanup", Time since last: 5007601127 ns, Reaching safepoint: 60792 ns, Cleanup: 70625 ns, At safepoint: 12500 ns, Total: 143917 ns
[2025-09-10T08:45:28.994+0000][121][info ][safepoint   ] Safepoint "Cleanup", Time since last: 1001130042 ns, Reaching safepoint: 13416 ns, Cleanup: 36167 ns, At safepoint: 7292 ns, Total: 56875 ns
[2025-09-10T08:45:29.996+0000][121][info ][safepoint   ] Safepoint "Cleanup", Time since last: 1001823375 ns, Reaching safepoint: 61375 ns, Cleanup: 61667 ns, At safepoint: 12375 ns, Total: 135417 ns
[2025-09-10T08:45:32.999+0000][121][info ][safepoint   ] Safepoint "Cleanup", Time since last: 3003220959 ns, Reaching safepoint: 13125 ns, Cleanup: 12000 ns, At safepoint: 4042 ns, Total: 29167 ns
[2025-09-10T08:45:37.964+0000][121][info ][safepoint   ] Safepoint "Cleanup", Time since last: 4965144210 ns, Reaching safepoint: 42292 ns, Cleanup: 30000 ns, At safepoint: 7167 ns, Total: 79459 ns
[2025-09-10T08:45:39.476+0000][121][info ][safepoint   ] Safepoint "Cleanup", Time since last: 1511102751 ns, Reaching safepoint: 478166 ns, Cleanup: 24375 ns, At safepoint: 12584 ns, Total: 515125 ns
[2025-09-10T08:45:41.092+0000][121][info ][safepoint   ] Safepoint "Cleanup", Time since last: 1615878667 ns, Reaching safepoint: 23542 ns, Cleanup: 117500 ns, At safepoint: 11416 ns, Total: 152458 ns
[2025-09-10T08:45:42.448+0000][121][info ][safepoint   ] Safepoint "Cleanup", Time since last: 1356247209 ns, Reaching safepoint: 3542 ns, Cleanup: 19250 ns, At safepoint: 1875 ns, Total: 24667 ns
[2025-09-10T08:45:44.114+0000][121][info ][safepoint   ] Safepoint "Cleanup", Time since last: 1665774501 ns, Reaching safepoint: 12958 ns, Cleanup: 27792 ns, At safepoint: 3833 ns, Total: 44583 ns
[2025-09-10T08:45:46.116+0000][121][info ][safepoint   ] Safepoint "Cleanup", Time since last: 2002204043 ns, Reaching safepoint: 13666 ns, Cleanup: 14584 ns, At safepoint: 7000 ns, Total: 35250 ns
[2025-09-10T08:45:49.119+0000][121][info ][safepoint   ] Safepoint "Cleanup", Time since last: 3002914709 ns, Reaching safepoint: 60959 ns, Cleanup: 42916 ns, At safepoint: 20875 ns, Total: 124750 ns
[2025-09-10T08:45:53.122+0000][121][info ][safepoint   ] Safepoint "Cleanup", Time since last: 4002598544 ns, Reaching safepoint: 17083 ns, Cleanup: 37250 ns, At safepoint: 12625 ns, Total: 66958 ns
[2025-09-10T08:45:58.128+0000][121][info ][safepoint   ] Safepoint "Cleanup", Time since last: 5006204586 ns, Reaching safepoint: 105583 ns, Cleanup: 32917 ns, At safepoint: 15167 ns, Total: 153667 ns
[2025-09-10T08:45:59.129+0000][121][info ][safepoint   ] Safepoint "Cleanup", Time since last: 1000479667 ns, Reaching safepoint: 11042 ns, Cleanup: 49208 ns, At safepoint: 7208 ns, Total: 67458 ns
[2025-09-10T08:46:03.132+0000][121][info ][safepoint   ] Safepoint "Cleanup", Time since last: 4003945877 ns, Reaching safepoint: 28250 ns, Cleanup: 36958 ns, At safepoint: 11042 ns, Total: 76250 ns
[2025-09-10T08:46:05.134+0000][121][info ][safepoint   ] Safepoint "Cleanup", Time since last: 2002131626 ns, Reaching safepoint: 15666 ns, Cleanup: 14167 ns, At safepoint: 6125 ns, Total: 35958 ns
[2025-09-10T08:46:13.142+0000][121][info ][safepoint   ] Safepoint "Cleanup", Time since last: 8007817962 ns, Reaching safepoint: 172542 ns, Cleanup: 47167 ns, At safepoint: 14666 ns, Total: 234375 ns
[2025-09-10T08:46:27.156+0000][121][info ][safepoint   ] Safepoint "Cleanup", Time since last: 14013731424 ns, Reaching safepoint: 30208 ns, Cleanup: 10750 ns, At safepoint: 5125 ns, Total: 46083 ns
[2025-09-10T08:46:28.157+0000][121][info ][safepoint   ] Safepoint "Cleanup", Time since last: 1000338375 ns, Reaching safepoint: 30500 ns, Cleanup: 31042 ns, At safepoint: 10167 ns, Total: 71709 ns
[2025-09-10T08:46:29.157+0000][121][info ][safepoint   ] Safepoint "Cleanup", Time since last: 1000532375 ns, Reaching safepoint: 28750 ns, Cleanup: 16542 ns, At safepoint: 8708 ns, Total: 54000 ns
[2025-09-10T08:46:31.160+0000][121][info ][safepoint   ] Safepoint "Cleanup", Time since last: 2002177084 ns, Reaching safepoint: 211041 ns, Cleanup: 53750 ns, At safepoint: 28667 ns, Total: 293458 ns
[2025-09-10T08:46:34.165+0000][121][info ][safepoint   ] Safepoint "Cleanup", Time since last: 3003754668 ns, Reaching safepoint: 1381875 ns, Cleanup: 18083 ns, At safepoint: 9084 ns, Total: 1409042 ns
[2025-09-10T08:46:37.136+0000][121][info ][safepoint   ] Safepoint "Cleanup", Time since last: 2970500168 ns, Reaching safepoint: 932583 ns, Cleanup: 9917 ns, At safepoint: 11250 ns, Total: 953750 ns
[2025-09-10T08:46:38.137+0000][121][info ][safepoint   ] Safepoint "Cleanup", Time since last: 1001073250 ns, Reaching safepoint: 45042 ns, Cleanup: 27792 ns, At safepoint: 11583 ns, Total: 84417 ns
[2025-09-10T08:46:40.139+0000][121][info ][safepoint   ] Safepoint "Cleanup", Time since last: 2001771792 ns, Reaching safepoint: 28125 ns, Cleanup: 15042 ns, At safepoint: 7000 ns, Total: 50167 ns
[2025-09-10T08:46:42.504+0000][121][info ][safepoint   ] Safepoint "Cleanup", Time since last: 2365034835 ns, Reaching safepoint: 5208 ns, Cleanup: 43375 ns, At safepoint: 4792 ns, Total: 53375 ns
[2025-09-10T08:46:44.282+0000][121][info ][safepoint   ] Safepoint "Cleanup", Time since last: 1777899500 ns, Reaching safepoint: 85209 ns, Cleanup: 94750 ns, At safepoint: 15500 ns, Total: 195459 ns
[2025-09-10T08:46:45.284+0000][121][info ][safepoint   ] Safepoint "Cleanup", Time since last: 1000934834 ns, Reaching safepoint: 208625 ns, Cleanup: 23916 ns, At safepoint: 11709 ns, Total: 244250 ns
[2025-09-10T08:46:46.290+0000][121][info ][safepoint   ] Safepoint "Cleanup", Time since last: 1006276708 ns, Reaching safepoint: 4125 ns, Cleanup: 38334 ns, At safepoint: 8708 ns, Total: 51167 ns
[2025-09-10T08:46:47.313+0000][121][info ][safepoint   ] Safepoint "Cleanup", Time since last: 1023381626 ns, Reaching safepoint: 13791 ns, Cleanup: 17667 ns, At safepoint: 6000 ns, Total: 37458 ns
[2025-09-10T08:46:48.315+0000][121][info ][safepoint   ] Safepoint "Cleanup", Time since last: 1001955125 ns, Reaching safepoint: 14292 ns, Cleanup: 37833 ns, At safepoint: 6417 ns, Total: 58542 ns
[2025-09-10T08:46:49.316+0000][121][info ][safepoint   ] Safepoint "Cleanup", Time since last: 1000805001 ns, Reaching safepoint: 12791 ns, Cleanup: 14959 ns, At safepoint: 3625 ns, Total: 31375 ns
[2025-09-10T08:46:52.319+0000][121][info ][safepoint   ] Safepoint "Cleanup", Time since last: 3002927168 ns, Reaching safepoint: 120083 ns, Cleanup: 27125 ns, At safepoint: 14500 ns, Total: 161708 ns
[2025-09-10T08:46:57.325+0000][121][info ][safepoint   ] Safepoint "Cleanup", Time since last: 5005292836 ns, Reaching safepoint: 202291 ns, Cleanup: 21334 ns, At safepoint: 17416 ns, Total: 241041 ns
[2025-09-10T08:46:58.325+0000][121][info ][safepoint   ] Safepoint "Cleanup", Time since last: 1000349001 ns, Reaching safepoint: 17667 ns, Cleanup: 15166 ns, At safepoint: 9000 ns, Total: 41833 ns
[2025-09-10T08:46:59.326+0000][121][info ][safepoint   ] Safepoint "Cleanup", Time since last: 1000923959 ns, Reaching safepoint: 14625 ns, Cleanup: 40875 ns, At safepoint: 8000 ns, Total: 63500 ns
[2025-09-10T08:47:01.328+0000][121][info ][safepoint   ] Safepoint "Cleanup", Time since last: 2002124875 ns, Reaching safepoint: 14042 ns, Cleanup: 12916 ns, At safepoint: 6042 ns, Total: 33000 ns
[2025-09-10T08:47:03.330+0000][121][info ][safepoint   ] Safepoint "Cleanup", Time since last: 2001978709 ns, Reaching safepoint: 13792 ns, Cleanup: 49667 ns, At safepoint: 7083 ns, Total: 70542 ns
[2025-09-10T08:47:07.333+0000][121][info ][safepoint   ] Safepoint "Cleanup", Time since last: 4003683252 ns, Reaching safepoint: 14250 ns, Cleanup: 20041 ns, At safepoint: 5667 ns, Total: 39958 ns
[2025-09-10T08:47:08.335+0000][121][info ][safepoint   ] Safepoint "Cleanup", Time since last: 1001316917 ns, Reaching safepoint: 90459 ns, Cleanup: 13750 ns, At safepoint: 7750 ns, Total: 111959 ns
[2025-09-10T08:47:12.339+0000][121][info ][safepoint   ] Safepoint "Cleanup", Time since last: 4003716585 ns, Reaching safepoint: 44583 ns, Cleanup: 14084 ns, At safepoint: 6833 ns, Total: 65500 ns
[2025-09-10T08:47:16.342+0000][121][info ][safepoint   ] Safepoint "Cleanup", Time since last: 4003763543 ns, Reaching safepoint: 46792 ns, Cleanup: 17875 ns, At safepoint: 10667 ns, Total: 75334 ns
[2025-09-10T08:47:17.344+0000][121][info ][safepoint   ] Safepoint "Cleanup", Time since last: 1001250584 ns, Reaching safepoint: 58291 ns, Cleanup: 34000 ns, At safepoint: 11709 ns, Total: 104000 ns
[2025-09-10T08:47:19.346+0000][121][info ][safepoint   ] Safepoint "Cleanup", Time since last: 2001711667 ns, Reaching safepoint: 16625 ns, Cleanup: 13500 ns, At safepoint: 6209 ns, Total: 36334 ns
[2025-09-10T08:47:20.347+0000][121][info ][safepoint   ] Safepoint "Cleanup", Time since last: 1001280250 ns, Reaching safepoint: 181917 ns, Cleanup: 31958 ns, At safepoint: 17208 ns, Total: 231083 ns
[2025-09-10T08:47:21.349+0000][121][info ][safepoint   ] Safepoint "Cleanup", Time since last: 1001634543 ns, Reaching safepoint: 96958 ns, Cleanup: 24583 ns, At safepoint: 8667 ns, Total: 130208 ns
[2025-09-10T08:47:23.352+0000][121][info ][safepoint   ] Safepoint "Cleanup", Time since last: 2001013709 ns, Reaching safepoint: 68708 ns, Cleanup: 2070542 ns, At safepoint: 46083 ns, Total: 2185333 ns
[2025-09-10T08:47:25.355+0000][121][info ][safepoint   ] Safepoint "Cleanup", Time since last: 2002481918 ns, Reaching safepoint: 31000 ns, Cleanup: 27125 ns, At safepoint: 12708 ns, Total: 70833 ns
[2025-09-10T08:47:31.360+0000][121][info ][safepoint   ] Safepoint "Cleanup", Time since last: 6004888295 ns, Reaching safepoint: 131208 ns, Cleanup: 106750 ns, At safepoint: 14667 ns, Total: 252625 ns
[2025-09-10T08:47:34.364+0000][121][info ][safepoint   ] Safepoint "Cleanup", Time since last: 3003870668 ns, Reaching safepoint: 24333 ns, Cleanup: 22375 ns, At safepoint: 6333 ns, Total: 53041 ns
[2025-09-10T08:47:37.316+0000][121][info ][safepoint   ] Safepoint "Cleanup", Time since last: 2951940585 ns, Reaching safepoint: 68708 ns, Cleanup: 19292 ns, At safepoint: 12750 ns, Total: 100750 ns
[2025-09-10T08:47:38.317+0000][121][info ][safepoint   ] Safepoint "Cleanup", Time since last: 1001095876 ns, Reaching safepoint: 27166 ns, Cleanup: 61125 ns, At safepoint: 12709 ns, Total: 101000 ns
[2025-09-10T08:47:40.319+0000][121][info ][safepoint   ] Safepoint "Cleanup", Time since last: 2001558917 ns, Reaching safepoint: 41250 ns, Cleanup: 15667 ns, At safepoint: 8292 ns, Total: 65209 ns
[2025-09-10T08:47:43.322+0000][121][info ][safepoint   ] Safepoint "Cleanup", Time since last: 3003602293 ns, Reaching safepoint: 110166 ns, Cleanup: 12917 ns, At safepoint: 6583 ns, Total: 129666 ns
[2025-09-10T08:47:45.496+0000][121][info ][safepoint   ] Safepoint "Cleanup", Time since last: 2173939751 ns, Reaching safepoint: 5042 ns, Cleanup: 10542 ns, At safepoint: 1833 ns, Total: 17417 ns
[2025-09-10T08:47:47.437+0000][121][info ][safepoint   ] Safepoint "Cleanup", Time since last: 1941077793 ns, Reaching safepoint: 10083 ns, Cleanup: 25333 ns, At safepoint: 10417 ns, Total: 45833 ns
[2025-09-10T08:47:48.506+0000][121][info ][safepoint   ] Safepoint "Cleanup", Time since last: 1068880875 ns, Reaching safepoint: 6667 ns, Cleanup: 6958 ns, At safepoint: 2709 ns, Total: 16334 ns
[2025-09-10T08:47:50.467+0000][121][info ][safepoint   ] Safepoint "Cleanup", Time since last: 1960325209 ns, Reaching safepoint: 29875 ns, Cleanup: 37417 ns, At safepoint: 6041 ns, Total: 73333 ns
[2025-09-10T08:47:58.475+0000][121][info ][safepoint   ] Safepoint "Cleanup", Time since last: 8008030129 ns, Reaching safepoint: 101584 ns, Cleanup: 25458 ns, At safepoint: 12667 ns, Total: 139709 ns
[2025-09-10T08:47:59.476+0000][121][info ][safepoint   ] Safepoint "Cleanup", Time since last: 1000699333 ns, Reaching safepoint: 72167 ns, Cleanup: 18458 ns, At safepoint: 5875 ns, Total: 96500 ns
[2025-09-10T08:48:01.478+0000][121][info ][safepoint   ] Safepoint "Cleanup", Time since last: 2001940626 ns, Reaching safepoint: 76583 ns, Cleanup: 51125 ns, At safepoint: 15959 ns, Total: 143667 ns
[2025-09-10T08:48:02.478+0000][121][info ][safepoint   ] Safepoint "Cleanup", Time since last: 1000965334 ns, Reaching safepoint: 10666 ns, Cleanup: 21834 ns, At safepoint: 6458 ns, Total: 38958 ns
[2025-09-10T08:48:11.487+0000][121][info ][safepoint   ] Safepoint "Cleanup", Time since last: 9008828337 ns, Reaching safepoint: 43709 ns, Cleanup: 16166 ns, At safepoint: 5417 ns, Total: 65292 ns
[2025-09-10T08:48:12.489+0000][121][info ][safepoint   ] Safepoint "Cleanup", Time since last: 1001795417 ns, Reaching safepoint: 9709 ns, Cleanup: 5166 ns, At safepoint: 4167 ns, Total: 19042 ns
[2025-09-10T08:48:14.496+0000][121][info ][safepoint   ] Safepoint "Cleanup", Time since last: 2005162709 ns, Reaching safepoint: 1160250 ns, Cleanup: 75709 ns, At safepoint: 66250 ns, Total: 1302209 ns
[2025-09-10T08:48:17.498+0000][121][info ][safepoint   ] Safepoint "Cleanup", Time since last: 3002504293 ns, Reaching safepoint: 32375 ns, Cleanup: 13833 ns, At safepoint: 9917 ns, Total: 56125 ns
[2025-09-10T08:48:19.500+0000][121][info ][safepoint   ] Safepoint "Cleanup", Time since last: 2001966834 ns, Reaching safepoint: 106750 ns, Cleanup: 24750 ns, At safepoint: 13500 ns, Total: 145000 ns
[2025-09-10T08:48:22.504+0000][121][info ][safepoint   ] Safepoint "Cleanup", Time since last: 3003659793 ns, Reaching safepoint: 20917 ns, Cleanup: 14916 ns, At safepoint: 5125 ns, Total: 40958 ns
[2025-09-10T08:48:24.501+0000][121][info ][safepoint   ] Safepoint "Cleanup", Time since last: 1996449835 ns, Reaching safepoint: 5333 ns, Cleanup: 12708 ns, At safepoint: 5125 ns, Total: 23166 ns
[2025-09-10T08:48:25.528+0000][121][info ][safepoint   ] Safepoint "Cleanup", Time since last: 1027656917 ns, Reaching safepoint: 92709 ns, Cleanup: 17541 ns, At safepoint: 11000 ns, Total: 121250 ns
[2025-09-10T08:48:26.543+0000][121][info ][safepoint   ] Safepoint "Cleanup", Time since last: 1014198126 ns, Reaching safepoint: 17917 ns, Cleanup: 29416 ns, At safepoint: 5792 ns, Total: 53125 ns
[2025-09-10T08:48:27.566+0000][121][info ][safepoint   ] Safepoint "Cleanup", Time since last: 1023244792 ns, Reaching safepoint: 3667 ns, Cleanup: 61166 ns, At safepoint: 10042 ns, Total: 74875 ns
[2025-09-10T08:48:28.566+0000][121][info ][safepoint   ] Safepoint "Cleanup", Time since last: 1000224459 ns, Reaching safepoint: 4750 ns, Cleanup: 41167 ns, At safepoint: 21083 ns, Total: 67000 ns
[2025-09-10T08:48:29.571+0000][121][info ][safepoint   ] Safepoint "Cleanup", Time since last: 1004516875 ns, Reaching safepoint: 42167 ns, Cleanup: 22958 ns, At safepoint: 12500 ns, Total: 77625 ns
[2025-09-10T08:48:33.574+0000][121][info ][safepoint   ] Safepoint "Cleanup", Time since last: 4003903918 ns, Reaching safepoint: 32375 ns, Cleanup: 14958 ns, At safepoint: 8459 ns, Total: 55792 ns
[2025-09-10T08:48:35.475+0000][121][info ][safepoint   ] Safepoint "Cleanup", Time since last: 1901081001 ns, Reaching safepoint: 5875 ns, Cleanup: 19666 ns, At safepoint: 9625 ns, Total: 35166 ns
[2025-09-10T08:48:37.477+0000][121][info ][safepoint   ] Safepoint "Cleanup", Time since last: 2001722876 ns, Reaching safepoint: 102375 ns, Cleanup: 20250 ns, At safepoint: 7709 ns, Total: 130334 ns
[2025-09-10T08:48:40.480+0000][121][info ][safepoint   ] Safepoint "Cleanup", Time since last: 3002543376 ns, Reaching safepoint: 14250 ns, Cleanup: 10917 ns, At safepoint: 3958 ns, Total: 29125 ns
[2025-09-10T08:48:42.484+0000][121][info ][safepoint   ] Safepoint "Cleanup", Time since last: 2002927709 ns, Reaching safepoint: 1255875 ns, Cleanup: 30792 ns, At safepoint: 22083 ns, Total: 1308750 ns
[2025-09-10T08:48:43.485+0000][121][info ][safepoint   ] Safepoint "Cleanup", Time since last: 1000878209 ns, Reaching safepoint: 26833 ns, Cleanup: 21334 ns, At safepoint: 9041 ns, Total: 57208 ns
[2025-09-10T08:48:45.490+0000][121][info ][safepoint   ] Safepoint "Cleanup", Time since last: 2003738501 ns, Reaching safepoint: 1219667 ns, Cleanup: 22500 ns, At safepoint: 15250 ns, Total: 1257417 ns
[2025-09-10T08:48:46.491+0000][121][info ][safepoint   ] Safepoint "Cleanup", Time since last: 1000970334 ns, Reaching safepoint: 24292 ns, Cleanup: 18083 ns, At safepoint: 5917 ns, Total: 48292 ns
[2025-09-10T08:48:48.527+0000][121][info ][safepoint   ] Safepoint "Cleanup", Time since last: 2036319292 ns, Reaching safepoint: 5875 ns, Cleanup: 6875 ns, At safepoint: 10542 ns, Total: 23292 ns
[2025-09-10T08:48:49.556+0000][121][info ][safepoint   ] Safepoint "Cleanup", Time since last: 1029077209 ns, Reaching safepoint: 17000 ns, Cleanup: 17375 ns, At safepoint: 4166 ns, Total: 38541 ns
[2025-09-10T08:48:50.648+0000][121][info ][safepoint   ] Safepoint "Cleanup", Time since last: 1091235501 ns, Reaching safepoint: 5708 ns, Cleanup: 51875 ns, At safepoint: 6667 ns, Total: 64250 ns
[2025-09-10T08:48:51.657+0000][121][info ][safepoint   ] Safepoint "Cleanup", Time since last: 1009841167 ns, Reaching safepoint: 3667 ns, Cleanup: 12750 ns, At safepoint: 5500 ns, Total: 21917 ns
[2025-09-10T08:48:52.669+0000][121][info ][safepoint   ] Safepoint "Cleanup", Time since last: 1011641750 ns, Reaching safepoint: 14417 ns, Cleanup: 12375 ns, At safepoint: 5791 ns, Total: 32583 ns
[2025-09-10T08:48:54.671+0000][121][info ][safepoint   ] Safepoint "Cleanup", Time since last: 2001564918 ns, Reaching safepoint: 12292 ns, Cleanup: 10500 ns, At safepoint: 10416 ns, Total: 33208 ns
[2025-09-10T08:48:55.673+0000][121][info ][safepoint   ] Safepoint "Cleanup", Time since last: 1001915543 ns, Reaching safepoint: 36708 ns, Cleanup: 33333 ns, At safepoint: 16959 ns, Total: 87000 ns
[2025-09-10T08:48:57.675+0000][121][info ][safepoint   ] Safepoint "Cleanup", Time since last: 2001868876 ns, Reaching safepoint: 15875 ns, Cleanup: 24541 ns, At safepoint: 5125 ns, Total: 45541 ns
[2025-09-10T08:48:59.678+0000][121][info ][safepoint   ] Safepoint "Cleanup", Time since last: 2002547584 ns, Reaching safepoint: 432542 ns, Cleanup: 195667 ns, At safepoint: 16583 ns, Total: 644792 ns
[2025-09-10T08:49:00.655+0000][121][info ][safepoint   ] Safepoint "Cleanup", Time since last: 1000746000 ns, Reaching safepoint: 119375 ns, Cleanup: 25458 ns, At safepoint: 15000 ns, Total: 159833 ns
[2025-09-10T08:49:02.659+0000][121][info ][safepoint   ] Safepoint "Cleanup", Time since last: 2003267584 ns, Reaching safepoint: 73750 ns, Cleanup: 80125 ns, At safepoint: 16250 ns, Total: 170125 ns
[2025-09-10T08:49:07.667+0000][121][info ][safepoint   ] Safepoint "Cleanup", Time since last: 5007601753 ns, Reaching safepoint: 86166 ns, Cleanup: 12459 ns, At safepoint: 5208 ns, Total: 103833 ns
[2025-09-10T08:49:09.668+0000][121][info ][safepoint   ] Safepoint "Cleanup", Time since last: 2001665376 ns, Reaching safepoint: 15375 ns, Cleanup: 24875 ns, At safepoint: 5500 ns, Total: 45750 ns
[2025-09-10T08:49:12.672+0000][121][info ][safepoint   ] Safepoint "Cleanup", Time since last: 3003527960 ns, Reaching safepoint: 69125 ns, Cleanup: 28083 ns, At safepoint: 17542 ns, Total: 114750 ns
[2025-09-10T08:49:19.680+0000][121][info ][safepoint   ] Safepoint "Cleanup", Time since last: 7007624170 ns, Reaching safepoint: 55708 ns, Cleanup: 34042 ns, At safepoint: 12041 ns, Total: 101791 ns
[2025-09-10T08:49:20.681+0000][121][info ][safepoint   ] Safepoint "Cleanup", Time since last: 1001648376 ns, Reaching safepoint: 81250 ns, Cleanup: 22417 ns, At safepoint: 12708 ns, Total: 116375 ns
[2025-09-10T08:49:22.684+0000][121][info ][safepoint   ] Safepoint "Cleanup", Time since last: 2002771542 ns, Reaching safepoint: 56167 ns, Cleanup: 12500 ns, At safepoint: 4125 ns, Total: 72792 ns
[2025-09-10T08:49:28.691+0000][121][info ][safepoint   ] Safepoint "Cleanup", Time since last: 6006078753 ns, Reaching safepoint: 126250 ns, Cleanup: 20292 ns, At safepoint: 10666 ns, Total: 157208 ns
[2025-09-10T08:49:29.693+0000][121][info ][safepoint   ] Safepoint "Cleanup", Time since last: 1002033626 ns, Reaching safepoint: 20166 ns, Cleanup: 15667 ns, At safepoint: 7250 ns, Total: 43083 ns
[2025-09-10T08:49:32.718+0000][121][info ][safepoint   ] Safepoint "Cleanup", Time since last: 3002743751 ns, Reaching safepoint: 55125 ns, Cleanup: 21250 ns, At safepoint: 12542 ns, Total: 88917 ns
[2025-09-10T08:49:33.720+0000][121][info ][safepoint   ] Safepoint "Cleanup", Time since last: 1001336584 ns, Reaching safepoint: 12291 ns, Cleanup: 11167 ns, At safepoint: 3958 ns, Total: 27416 ns
[2025-09-10T08:49:37.579+0000][121][info ][safepoint   ] Safepoint "Cleanup", Time since last: 3859487044 ns, Reaching safepoint: 20833 ns, Cleanup: 17167 ns, At safepoint: 7375 ns, Total: 45375 ns
[2025-09-10T08:49:39.581+0000][121][info ][safepoint   ] Safepoint "Cleanup", Time since last: 2002198376 ns, Reaching safepoint: 15833 ns, Cleanup: 33417 ns, At safepoint: 9750 ns, Total: 59000 ns
[2025-09-10T08:49:42.585+0000][121][info ][safepoint   ] Safepoint "Cleanup", Time since last: 3003046710 ns, Reaching safepoint: 223583 ns, Cleanup: 33833 ns, At safepoint: 26500 ns, Total: 283916 ns
[2025-09-10T08:49:44.587+0000][121][info ][safepoint   ] Safepoint "Cleanup", Time since last: 2001699626 ns, Reaching safepoint: 17459 ns, Cleanup: 28083 ns, At safepoint: 8667 ns, Total: 54209 ns
[2025-09-10T08:49:45.587+0000][121][info ][safepoint   ] Safepoint "Cleanup", Time since last: 1000846583 ns, Reaching safepoint: 14292 ns, Cleanup: 10750 ns, At safepoint: 5542 ns, Total: 30584 ns
[2025-09-10T08:49:47.589+0000][121][info ][safepoint   ] Safepoint "Cleanup", Time since last: 2001992917 ns, Reaching safepoint: 16792 ns, Cleanup: 15333 ns, At safepoint: 5959 ns, Total: 38084 ns
[2025-09-10T08:49:51.539+0000][121][info ][safepoint   ] Safepoint "Cleanup", Time since last: 3949372877 ns, Reaching safepoint: 8333 ns, Cleanup: 13750 ns, At safepoint: 63542 ns, Total: 85625 ns
[2025-09-10T08:49:52.819+0000][121][info ][safepoint   ] Safepoint "Cleanup", Time since last: 1279560709 ns, Reaching safepoint: 31125 ns, Cleanup: 22208 ns, At safepoint: 9083 ns, Total: 62416 ns
[2025-09-10T08:49:54.523+0000][121][info ][safepoint   ] Safepoint "Cleanup", Time since last: 1704359251 ns, Reaching safepoint: 6333 ns, Cleanup: 9584 ns, At safepoint: 2625 ns, Total: 18542 ns
[2025-09-10T08:49:55.843+0000][121][info ][safepoint   ] Safepoint "Cleanup", Time since last: 1319674542 ns, Reaching safepoint: 165500 ns, Cleanup: 99042 ns, At safepoint: 9041 ns, Total: 273583 ns
[2025-09-10T08:49:59.848+0000][121][info ][safepoint   ] Safepoint "Cleanup", Time since last: 4004738877 ns, Reaching safepoint: 271917 ns, Cleanup: 33750 ns, At safepoint: 14333 ns, Total: 320000 ns
[2025-09-10T08:50:02.851+0000][121][info ][safepoint   ] Safepoint "Cleanup", Time since last: 3003260168 ns, Reaching safepoint: 48917 ns, Cleanup: 16500 ns, At safepoint: 8375 ns, Total: 73792 ns
[2025-09-10T08:50:04.853+0000][121][info ][safepoint   ] Safepoint "Cleanup", Time since last: 2002239292 ns, Reaching safepoint: 97834 ns, Cleanup: 32916 ns, At safepoint: 9375 ns, Total: 140125 ns
[2025-09-10T08:50:06.496+0000][121][info ][gc,start    ] GC(24) Pause Young (Prepare Mixed) (G1 Evacuation Pause)
[2025-09-10T08:50:06.496+0000][121][info ][gc,task     ] GC(24) Using 8 workers of 8 for evacuation
[2025-09-10T08:50:06.496+0000][121][debug][gc,age      ] GC(24) Desired survivor size 41943040 bytes, new threshold 15 (max threshold 15)
[2025-09-10T08:50:06.547+0000][121][info ][gc,phases   ] GC(24)   Pre Evacuate Collection Set: 0.77ms
[2025-09-10T08:50:06.547+0000][121][info ][gc,phases   ] GC(24)   Merge Heap Roots: 0.26ms
[2025-09-10T08:50:06.547+0000][121][info ][gc,phases   ] GC(24)   Evacuate Collection Set: 42.85ms
[2025-09-10T08:50:06.547+0000][121][info ][gc,phases   ] GC(24)   Post Evacuate Collection Set: 5.92ms
[2025-09-10T08:50:06.547+0000][121][info ][gc,phases   ] GC(24)   Other: 0.66ms
[2025-09-10T08:50:06.547+0000][121][trace][gc,age      ] GC(24) Age table with threshold 15 (max threshold 15)
[2025-09-10T08:50:06.547+0000][121][trace][gc,age      ] GC(24) - age   1:    1024912 bytes,    1024912 total
[2025-09-10T08:50:06.547+0000][121][trace][gc,age      ] GC(24) - age   2:       4184 bytes,    1029096 total
[2025-09-10T08:50:06.547+0000][121][trace][gc,age      ] GC(24) - age   3:    3048640 bytes,    4077736 total
[2025-09-10T08:50:06.547+0000][121][trace][gc,age      ] GC(24) - age   4:     888800 bytes,    4966536 total
[2025-09-10T08:50:06.547+0000][121][trace][gc,age      ] GC(24) - age   5:    3732368 bytes,    8698904 total
[2025-09-10T08:50:06.547+0000][121][trace][gc,age      ] GC(24) - age   6:    2623936 bytes,   11322840 total
[2025-09-10T08:50:06.547+0000][121][trace][gc,age      ] GC(24) - age   7:   18073640 bytes,   29396480 total
[2025-09-10T08:50:06.547+0000][121][trace][gc,age      ] GC(24) - age   8:        384 bytes,   29396864 total
[2025-09-10T08:50:06.547+0000][121][info ][gc,heap     ] GC(24) Eden regions: 145->0(145)
[2025-09-10T08:50:06.548+0000][121][info ][gc,heap     ] GC(24) Survivor regions: 8->8(20)
[2025-09-10T08:50:06.548+0000][121][info ][gc,heap     ] GC(24) Old regions: 29->29
[2025-09-10T08:50:06.548+0000][121][info ][gc,heap     ] GC(24) Humongous regions: 2->2
[2025-09-10T08:50:06.548+0000][121][info ][gc,metaspace] GC(24) Metaspace: 159742K(164224K)->159742K(164224K) NonClass: 137736K(140224K)->137736K(140224K) Class: 22005K(24000K)->22005K(24000K)
[2025-09-10T08:50:06.548+0000][121][info ][gc          ] GC(24) Pause Young (Prepare Mixed) (G1 Evacuation Pause) 732M->151M(1024M) 52.071ms
[2025-09-10T08:50:06.548+0000][121][info ][gc,cpu      ] GC(24) User=0.33s Sys=0.00s Real=0.06s
[2025-09-10T08:50:06.548+0000][121][info ][safepoint   ] Safepoint "G1CollectForAllocation", Time since last: 1642252334 ns, Reaching safepoint: 34625 ns, Cleanup: 11792 ns, At safepoint: 52385667 ns, Total: 52432084 ns
[2025-09-10T08:50:07.549+0000][121][info ][safepoint   ] Safepoint "Cleanup", Time since last: 1001173125 ns, Reaching safepoint: 33792 ns, Cleanup: 23375 ns, At safepoint: 11542 ns, Total: 68709 ns
[2025-09-10T08:50:14.557+0000][121][info ][safepoint   ] Safepoint "Cleanup", Time since last: 7006710378 ns, Reaching safepoint: 437833 ns, Cleanup: 51042 ns, At safepoint: 33583 ns, Total: 522458 ns
[2025-09-10T08:50:22.566+0000][121][info ][safepoint   ] Safepoint "Cleanup", Time since last: 8009516754 ns, Reaching safepoint: 164917 ns, Cleanup: 18125 ns, At safepoint: 10583 ns, Total: 193625 ns
[2025-09-10T08:50:27.572+0000][121][info ][safepoint   ] Safepoint "Cleanup", Time since last: 5005884377 ns, Reaching safepoint: 71250 ns, Cleanup: 32875 ns, At safepoint: 16250 ns, Total: 120375 ns
[2025-09-10T08:50:32.578+0000][121][info ][safepoint   ] Safepoint "Cleanup", Time since last: 5005697794 ns, Reaching safepoint: 62375 ns, Cleanup: 46125 ns, At safepoint: 9875 ns, Total: 118375 ns
[2025-09-10T08:50:38.769+0000][121][info ][safepoint   ] Safepoint "Cleanup", Time since last: 6191324086 ns, Reaching safepoint: 20834 ns, Cleanup: 14333 ns, At safepoint: 7167 ns, Total: 42334 ns
[2025-09-10T08:50:39.771+0000][121][info ][safepoint   ] Safepoint "Cleanup", Time since last: 1001510167 ns, Reaching safepoint: 21917 ns, Cleanup: 23208 ns, At safepoint: 10667 ns, Total: 55792 ns
[2025-09-10T08:50:42.775+0000][121][info ][safepoint   ] Safepoint "Cleanup", Time since last: 3003859626 ns, Reaching safepoint: 159333 ns, Cleanup: 37667 ns, At safepoint: 21208 ns, Total: 218208 ns
[2025-09-10T08:50:49.780+0000][121][info ][safepoint   ] Safepoint "Cleanup", Time since last: 7005691087 ns, Reaching safepoint: 12875 ns, Cleanup: 13625 ns, At safepoint: 5167 ns, Total: 31667 ns
[2025-09-10T08:50:50.782+0000][121][info ][safepoint   ] Safepoint "Cleanup", Time since last: 1001892500 ns, Reaching safepoint: 68709 ns, Cleanup: 33375 ns, At safepoint: 11375 ns, Total: 113459 ns
[2025-09-10T08:50:51.784+0000][121][info ][safepoint   ] Safepoint "Cleanup", Time since last: 1001271000 ns, Reaching safepoint: 60625 ns, Cleanup: 29458 ns, At safepoint: 19084 ns, Total: 109167 ns
[2025-09-10T08:50:52.785+0000][121][info ][safepoint   ] Safepoint "Cleanup", Time since last: 1000744542 ns, Reaching safepoint: 12041 ns, Cleanup: 23084 ns, At safepoint: 3625 ns, Total: 38750 ns
[2025-09-10T08:50:54.546+0000][121][info ][safepoint   ] Safepoint "Cleanup", Time since last: 1761286917 ns, Reaching safepoint: 5709 ns, Cleanup: 12208 ns, At safepoint: 2292 ns, Total: 20209 ns
[2025-09-10T08:50:56.017+0000][121][info ][safepoint   ] Safepoint "Cleanup", Time since last: 1470650750 ns, Reaching safepoint: 15292 ns, Cleanup: 80500 ns, At safepoint: 12667 ns, Total: 108459 ns
[2025-09-10T08:50:57.520+0000][121][info ][safepoint   ] Safepoint "Cleanup", Time since last: 1503454750 ns, Reaching safepoint: 4667 ns, Cleanup: 23917 ns, At safepoint: 4708 ns, Total: 33292 ns
[2025-09-10T08:50:59.043+0000][121][info ][safepoint   ] Safepoint "Cleanup", Time since last: 1522284167 ns, Reaching safepoint: 27042 ns, Cleanup: 86042 ns, At safepoint: 13166 ns, Total: 126250 ns
[2025-09-10T08:51:00.044+0000][121][info ][safepoint   ] Safepoint "Cleanup", Time since last: 1000973418 ns, Reaching safepoint: 56625 ns, Cleanup: 19375 ns, At safepoint: 8125 ns, Total: 84125 ns
[2025-09-10T08:51:01.045+0000][121][info ][safepoint   ] Safepoint "Cleanup", Time since last: 1001167875 ns, Reaching safepoint: 137125 ns, Cleanup: 26541 ns, At safepoint: 16000 ns, Total: 179666 ns
[2025-09-10T08:51:03.046+0000][121][info ][safepoint   ] Safepoint "Cleanup", Time since last: 2001625793 ns, Reaching safepoint: 44583 ns, Cleanup: 21834 ns, At safepoint: 17708 ns, Total: 84125 ns
[2025-09-10T08:51:05.049+0000][121][info ][safepoint   ] Safepoint "Cleanup", Time since last: 2002364751 ns, Reaching safepoint: 58000 ns, Cleanup: 19417 ns, At safepoint: 14375 ns, Total: 91792 ns
[2025-09-10T08:51:09.053+0000][121][info ][safepoint   ] Safepoint "Cleanup", Time since last: 4004190460 ns, Reaching safepoint: 13833 ns, Cleanup: 11667 ns, At safepoint: 6333 ns, Total: 31833 ns
[2025-09-10T08:51:10.053+0000][121][info ][safepoint   ] Safepoint "Cleanup", Time since last: 1000220626 ns, Reaching safepoint: 45458 ns, Cleanup: 41375 ns, At safepoint: 12917 ns, Total: 99750 ns
[2025-09-10T08:51:13.057+0000][121][info ][safepoint   ] Safepoint "Cleanup", Time since last: 3003908585 ns, Reaching safepoint: 14833 ns, Cleanup: 17125 ns, At safepoint: 5958 ns, Total: 37916 ns
[2025-09-10T08:51:15.059+0000][121][info ][safepoint   ] Safepoint "Cleanup", Time since last: 2001536334 ns, Reaching safepoint: 86167 ns, Cleanup: 33250 ns, At safepoint: 11875 ns, Total: 131292 ns
[2025-09-10T08:51:18.062+0000][121][info ][safepoint   ] Safepoint "Cleanup", Time since last: 3003307335 ns, Reaching safepoint: 25208 ns, Cleanup: 34000 ns, At safepoint: 13584 ns, Total: 72792 ns
[2025-09-10T08:51:20.066+0000][121][info ][safepoint   ] Safepoint "Cleanup", Time since last: 2003102459 ns, Reaching safepoint: 50708 ns, Cleanup: 18292 ns, At safepoint: 7167 ns, Total: 76167 ns
[2025-09-10T08:51:23.069+0000][121][info ][safepoint   ] Safepoint "Cleanup", Time since last: 3003410209 ns, Reaching safepoint: 28334 ns, Cleanup: 26916 ns, At safepoint: 10292 ns, Total: 65542 ns
[2025-09-10T08:51:28.073+0000][121][info ][safepoint   ] Safepoint "Cleanup", Time since last: 5004222044 ns, Reaching safepoint: 28500 ns, Cleanup: 13958 ns, At safepoint: 7625 ns, Total: 50083 ns
[2025-09-10T08:51:30.077+0000][121][info ][safepoint   ] Safepoint "Cleanup", Time since last: 2002753585 ns, Reaching safepoint: 217375 ns, Cleanup: 97125 ns, At safepoint: 37000 ns, Total: 351500 ns
[2025-09-10T08:51:36.918+0000][121][info ][safepoint   ] Safepoint "Cleanup", Time since last: 6842086836 ns, Reaching safepoint: 33958 ns, Cleanup: 17125 ns, At safepoint: 11333 ns, Total: 62416 ns
[2025-09-10T08:51:37.919+0000][121][info ][safepoint   ] Safepoint "Cleanup", Time since last: 1000685667 ns, Reaching safepoint: 22750 ns, Cleanup: 12709 ns, At safepoint: 4541 ns, Total: 40000 ns
[2025-09-10T08:51:49.931+0000][121][info ][safepoint   ] Safepoint "Cleanup", Time since last: 12011465714 ns, Reaching safepoint: 390209 ns, Cleanup: 149625 ns, At safepoint: 36833 ns, Total: 576667 ns
[2025-09-10T08:51:57.544+0000][121][info ][safepoint   ] Safepoint "Cleanup", Time since last: 7612255879 ns, Reaching safepoint: 781458 ns, Cleanup: 9667 ns, At safepoint: 10625 ns, Total: 801750 ns
[2025-09-10T08:51:59.212+0000][121][info ][safepoint   ] Safepoint "Cleanup", Time since last: 1668327876 ns, Reaching safepoint: 27875 ns, Cleanup: 33250 ns, At safepoint: 11625 ns, Total: 72750 ns
[2025-09-10T08:52:00.213+0000][121][info ][safepoint   ] Safepoint "Cleanup", Time since last: 1000588333 ns, Reaching safepoint: 47584 ns, Cleanup: 22750 ns, At safepoint: 18250 ns, Total: 88584 ns
[2025-09-10T08:52:01.219+0000][121][info ][safepoint   ] Safepoint "Cleanup", Time since last: 1006190166 ns, Reaching safepoint: 9250 ns, Cleanup: 17959 ns, At safepoint: 8083 ns, Total: 35292 ns
[2025-09-10T08:52:13.243+0000][121][info ][safepoint   ] Safepoint "Cleanup", Time since last: 12023558089 ns, Reaching safepoint: 96333 ns, Cleanup: 23500 ns, At safepoint: 12959 ns, Total: 132792 ns
[2025-09-10T08:52:16.245+0000][121][info ][safepoint   ] Safepoint "Cleanup", Time since last: 3002073709 ns, Reaching safepoint: 13709 ns, Cleanup: 13916 ns, At safepoint: 5709 ns, Total: 33334 ns
[2025-09-10T08:52:18.247+0000][121][info ][safepoint   ] Safepoint "Cleanup", Time since last: 2002424209 ns, Reaching safepoint: 19000 ns, Cleanup: 19833 ns, At safepoint: 5709 ns, Total: 44542 ns
[2025-09-10T08:52:22.257+0000][121][info ][safepoint   ] Safepoint "Cleanup", Time since last: 4009508793 ns, Reaching safepoint: 24292 ns, Cleanup: 24833 ns, At safepoint: 6417 ns, Total: 55542 ns
[2025-09-10T08:52:23.259+0000][121][info ][safepoint   ] Safepoint "Cleanup", Time since last: 1001757792 ns, Reaching safepoint: 63375 ns, Cleanup: 45917 ns, At safepoint: 30791 ns, Total: 140083 ns
[2025-09-10T08:52:25.260+0000][121][info ][safepoint   ] Safepoint "Cleanup", Time since last: 2001535085 ns, Reaching safepoint: 24000 ns, Cleanup: 26416 ns, At safepoint: 8542 ns, Total: 58958 ns
[2025-09-10T08:52:30.267+0000][121][info ][safepoint   ] Safepoint "Cleanup", Time since last: 5006467877 ns, Reaching safepoint: 20667 ns, Cleanup: 12958 ns, At safepoint: 6500 ns, Total: 40125 ns
[2025-09-10T08:52:33.271+0000][121][info ][safepoint   ] Safepoint "Cleanup", Time since last: 3004190334 ns, Reaching safepoint: 17167 ns, Cleanup: 17083 ns, At safepoint: 6875 ns, Total: 41125 ns
[2025-09-10T08:52:40.091+0000][121][info ][safepoint   ] Safepoint "Cleanup", Time since last: 6820560212 ns, Reaching safepoint: 18375 ns, Cleanup: 10625 ns, At safepoint: 5541 ns, Total: 34541 ns
[2025-09-10T08:52:45.097+0000][121][info ][safepoint   ] Safepoint "Cleanup", Time since last: 5005066378 ns, Reaching safepoint: 28541 ns, Cleanup: 21167 ns, At safepoint: 9167 ns, Total: 58875 ns
[2025-09-10T08:52:47.099+0000][121][info ][safepoint   ] Safepoint "Cleanup", Time since last: 2002007459 ns, Reaching safepoint: 13875 ns, Cleanup: 10625 ns, At safepoint: 7542 ns, Total: 32042 ns
[2025-09-10T08:52:49.101+0000][121][info ][safepoint   ] Safepoint "Cleanup", Time since last: 2001876751 ns, Reaching safepoint: 16916 ns, Cleanup: 20959 ns, At safepoint: 5708 ns, Total: 43583 ns
[2025-09-10T08:52:50.102+0000][121][info ][safepoint   ] Safepoint "Cleanup", Time since last: 1000885792 ns, Reaching safepoint: 47625 ns, Cleanup: 259875 ns, At safepoint: 17584 ns, Total: 325084 ns
[2025-09-10T08:52:59.111+0000][121][info ][safepoint   ] Safepoint "Cleanup", Time since last: 9008620546 ns, Reaching safepoint: 101500 ns, Cleanup: 30666 ns, At safepoint: 7417 ns, Total: 139583 ns
[2025-09-10T08:53:00.112+0000][121][info ][safepoint   ] Safepoint "Cleanup", Time since last: 1000929750 ns, Reaching safepoint: 51250 ns, Cleanup: 28167 ns, At safepoint: 13708 ns, Total: 93125 ns
[2025-09-10T08:53:01.343+0000][121][info ][safepoint   ] Safepoint "Cleanup", Time since last: 1232013959 ns, Reaching safepoint: 7125 ns, Cleanup: 74458 ns, At safepoint: 12459 ns, Total: 94042 ns
[2025-09-10T08:53:02.376+0000][121][info ][safepoint   ] Safepoint "Cleanup", Time since last: 1033119625 ns, Reaching safepoint: 55167 ns, Cleanup: 17000 ns, At safepoint: 13250 ns, Total: 85417 ns
[2025-09-10T08:53:03.377+0000][121][info ][safepoint   ] Safepoint "Cleanup", Time since last: 1000490834 ns, Reaching safepoint: 19083 ns, Cleanup: 31708 ns, At safepoint: 7875 ns, Total: 58666 ns
[2025-09-10T08:53:04.387+0000][121][info ][safepoint   ] Safepoint "Cleanup", Time since last: 1010342917 ns, Reaching safepoint: 5167 ns, Cleanup: 40042 ns, At safepoint: 9083 ns, Total: 54292 ns
[2025-09-10T08:53:05.400+0000][121][info ][safepoint   ] Safepoint "Cleanup", Time since last: 1012559376 ns, Reaching safepoint: 36208 ns, Cleanup: 38583 ns, At safepoint: 12792 ns, Total: 87583 ns
[2025-09-10T08:53:08.403+0000][121][info ][safepoint   ] Safepoint "Cleanup", Time since last: 3003197501 ns, Reaching safepoint: 17084 ns, Cleanup: 15666 ns, At safepoint: 5917 ns, Total: 38667 ns
[2025-09-10T08:53:15.414+0000][121][info ][safepoint   ] Safepoint "Cleanup", Time since last: 7010695878 ns, Reaching safepoint: 38709 ns, Cleanup: 43541 ns, At safepoint: 12042 ns, Total: 94292 ns
[2025-09-10T08:53:20.419+0000][121][info ][safepoint   ] Safepoint "Cleanup", Time since last: 5004914044 ns, Reaching safepoint: 138125 ns, Cleanup: 28667 ns, At safepoint: 9833 ns, Total: 176625 ns
[2025-09-10T08:53:22.421+0000][121][info ][safepoint   ] Safepoint "Cleanup", Time since last: 2002021293 ns, Reaching safepoint: 14541 ns, Cleanup: 8209 ns, At safepoint: 5708 ns, Total: 28458 ns
[2025-09-10T08:53:23.423+0000][121][info ][safepoint   ] Safepoint "Cleanup", Time since last: 1001919834 ns, Reaching safepoint: 25833 ns, Cleanup: 22500 ns, At safepoint: 9917 ns, Total: 58250 ns
[2025-09-10T08:53:24.551+0000][121][info ][safepoint   ] Safepoint "Cleanup", Time since last: 1127661042 ns, Reaching safepoint: 4417 ns, Cleanup: 8583 ns, At safepoint: 1875 ns, Total: 14875 ns
[2025-09-10T08:53:26.481+0000][121][info ][safepoint   ] Safepoint "Cleanup", Time since last: 1929697793 ns, Reaching safepoint: 14833 ns, Cleanup: 71208 ns, At safepoint: 6375 ns, Total: 92416 ns
[2025-09-10T08:53:27.506+0000][121][info ][safepoint   ] Safepoint "Cleanup", Time since last: 1025680292 ns, Reaching safepoint: 44667 ns, Cleanup: 29417 ns, At safepoint: 20291 ns, Total: 94375 ns
[2025-09-10T08:53:28.592+0000][121][info ][safepoint   ] Safepoint "Cleanup", Time since last: 1085014876 ns, Reaching safepoint: 23875 ns, Cleanup: 50417 ns, At safepoint: 8125 ns, Total: 82417 ns
[2025-09-10T08:53:38.218+0000][121][info ][safepoint   ] Safepoint "Cleanup", Time since last: 9627710795 ns, Reaching safepoint: 69417 ns, Cleanup: 28417 ns, At safepoint: 12458 ns, Total: 110292 ns
[2025-09-10T08:53:47.228+0000][121][info ][safepoint   ] Safepoint "Cleanup", Time since last: 9009791171 ns, Reaching safepoint: 33542 ns, Cleanup: 22083 ns, At safepoint: 11667 ns, Total: 67292 ns
[2025-09-10T08:53:50.233+0000][121][info ][safepoint   ] Safepoint "Cleanup", Time since last: 3004227959 ns, Reaching safepoint: 34209 ns, Cleanup: 20166 ns, At safepoint: 7084 ns, Total: 61459 ns
[2025-09-10T08:53:58.240+0000][121][info ][safepoint   ] Safepoint "Cleanup", Time since last: 8007691545 ns, Reaching safepoint: 33375 ns, Cleanup: 35167 ns, At safepoint: 10791 ns, Total: 79333 ns
[2025-09-10T08:53:59.242+0000][121][info ][safepoint   ] Safepoint "Cleanup", Time since last: 1001851918 ns, Reaching safepoint: 16166 ns, Cleanup: 13625 ns, At safepoint: 5375 ns, Total: 35166 ns
[2025-09-10T08:54:03.580+0000][121][info ][safepoint   ] Safepoint "Cleanup", Time since last: 4337615710 ns, Reaching safepoint: 7292 ns, Cleanup: 5833 ns, At safepoint: 9167 ns, Total: 22292 ns
[2025-09-10T08:54:04.582+0000][121][info ][safepoint   ] Safepoint "Cleanup", Time since last: 1001243042 ns, Reaching safepoint: 137875 ns, Cleanup: 38583 ns, At safepoint: 18625 ns, Total: 195083 ns
[2025-09-10T08:54:05.638+0000][121][info ][safepoint   ] Safepoint "Cleanup", Time since last: 1056153126 ns, Reaching safepoint: 7417 ns, Cleanup: 26458 ns, At safepoint: 8292 ns, Total: 42167 ns
[2025-09-10T08:54:07.584+0000][121][info ][safepoint   ] Safepoint "Cleanup", Time since last: 1946389751 ns, Reaching safepoint: 20250 ns, Cleanup: 26125 ns, At safepoint: 7625 ns, Total: 54000 ns
[2025-09-10T08:54:08.662+0000][121][info ][safepoint   ] Safepoint "Cleanup", Time since last: 1078084708 ns, Reaching safepoint: 84667 ns, Cleanup: 32958 ns, At safepoint: 14459 ns, Total: 132084 ns
[2025-09-10T08:54:09.664+0000][121][info ][safepoint   ] Safepoint "Cleanup", Time since last: 1001100375 ns, Reaching safepoint: 21292 ns, Cleanup: 21042 ns, At safepoint: 7125 ns, Total: 49459 ns
[2025-09-10T08:54:12.668+0000][121][info ][safepoint   ] Safepoint "Cleanup", Time since last: 3004152626 ns, Reaching safepoint: 26667 ns, Cleanup: 21625 ns, At safepoint: 8041 ns, Total: 56333 ns
[2025-09-10T08:54:15.670+0000][121][info ][safepoint   ] Safepoint "Cleanup", Time since last: 3001704043 ns, Reaching safepoint: 38459 ns, Cleanup: 16041 ns, At safepoint: 5459 ns, Total: 59959 ns
[2025-09-10T08:54:21.676+0000][121][info ][safepoint   ] Safepoint "Cleanup", Time since last: 6006483753 ns, Reaching safepoint: 28500 ns, Cleanup: 11166 ns, At safepoint: 4209 ns, Total: 43875 ns
[2025-09-10T08:54:27.681+0000][121][info ][safepoint   ] Safepoint "Cleanup", Time since last: 6005271211 ns, Reaching safepoint: 35583 ns, Cleanup: 39292 ns, At safepoint: 9750 ns, Total: 84625 ns
[2025-09-10T08:54:29.684+0000][121][info ][safepoint   ] Safepoint "Cleanup", Time since last: 2002028376 ns, Reaching safepoint: 87416 ns, Cleanup: 47834 ns, At safepoint: 17375 ns, Total: 152625 ns
[2025-09-10T08:54:32.687+0000][121][info ][safepoint   ] Safepoint "Cleanup", Time since last: 3003926084 ns, Reaching safepoint: 179667 ns, Cleanup: 24958 ns, At safepoint: 5917 ns, Total: 210542 ns
[2025-09-10T08:54:43.363+0000][121][info ][safepoint   ] Safepoint "Cleanup", Time since last: 10675537671 ns, Reaching safepoint: 57834 ns, Cleanup: 22583 ns, At safepoint: 8042 ns, Total: 88459 ns
[2025-09-10T08:54:44.364+0000][121][info ][safepoint   ] Safepoint "Cleanup", Time since last: 1001075042 ns, Reaching safepoint: 26958 ns, Cleanup: 24292 ns, At safepoint: 8083 ns, Total: 59333 ns
[2025-09-10T08:54:45.365+0000][121][info ][safepoint   ] Safepoint "Cleanup", Time since last: 1000786584 ns, Reaching safepoint: 12083 ns, Cleanup: 31000 ns, At safepoint: 3709 ns, Total: 46792 ns
[2025-09-10T08:54:49.370+0000][121][info ][safepoint   ] Safepoint "Cleanup", Time since last: 4004004960 ns, Reaching safepoint: 1121792 ns, Cleanup: 19958 ns, At safepoint: 25542 ns, Total: 1167292 ns
[2025-09-10T08:54:52.374+0000][121][info ][safepoint   ] Safepoint "Cleanup", Time since last: 3003562209 ns, Reaching safepoint: 22000 ns, Cleanup: 12000 ns, At safepoint: 5167 ns, Total: 39167 ns
[2025-09-10T08:54:57.379+0000][121][info ][safepoint   ] Safepoint "Cleanup", Time since last: 5005334627 ns, Reaching safepoint: 117917 ns, Cleanup: 47583 ns, At safepoint: 27500 ns, Total: 193000 ns
[2025-09-10T08:54:59.382+0000][121][info ][safepoint   ] Safepoint "Cleanup", Time since last: 2002818668 ns, Reaching safepoint: 34750 ns, Cleanup: 18500 ns, At safepoint: 7250 ns, Total: 60500 ns
[2025-09-10T08:55:03.387+0000][121][info ][safepoint   ] Safepoint "Cleanup", Time since last: 4005316043 ns, Reaching safepoint: 108125 ns, Cleanup: 46083 ns, At safepoint: 15334 ns, Total: 169542 ns
[2025-09-10T08:55:05.390+0000][121][info ][safepoint   ] Safepoint "Cleanup", Time since last: 2002612042 ns, Reaching safepoint: 33000 ns, Cleanup: 21709 ns, At safepoint: 21333 ns, Total: 76042 ns
[2025-09-10T08:55:06.580+0000][121][info ][safepoint   ] Safepoint "Cleanup", Time since last: 1190292375 ns, Reaching safepoint: 4917 ns, Cleanup: 25292 ns, At safepoint: 4583 ns, Total: 34792 ns
[2025-09-10T08:55:07.811+0000][121][info ][safepoint   ] Safepoint "Cleanup", Time since last: 1230646376 ns, Reaching safepoint: 110916 ns, Cleanup: 29334 ns, At safepoint: 9291 ns, Total: 149541 ns
[2025-09-10T08:55:09.567+0000][121][info ][safepoint   ] Safepoint "Cleanup", Time since last: 1756162626 ns, Reaching safepoint: 6000 ns, Cleanup: 13625 ns, At safepoint: 2667 ns, Total: 22292 ns
[2025-09-10T08:55:10.832+0000][121][info ][safepoint   ] Safepoint "Cleanup", Time since last: 1264485875 ns, Reaching safepoint: 25459 ns, Cleanup: 15666 ns, At safepoint: 3917 ns, Total: 45042 ns
[2025-09-10T08:55:18.840+0000][121][info ][safepoint   ] Safepoint "Cleanup", Time since last: 8007787212 ns, Reaching safepoint: 137750 ns, Cleanup: 49250 ns, At safepoint: 20209 ns, Total: 207209 ns
[2025-09-10T08:55:19.842+0000][121][info ][safepoint   ] Safepoint "Cleanup", Time since last: 1001703250 ns, Reaching safepoint: 67417 ns, Cleanup: 17208 ns, At safepoint: 6083 ns, Total: 90708 ns
[2025-09-10T08:55:27.850+0000][121][info ][safepoint   ] Safepoint "Cleanup", Time since last: 8008050546 ns, Reaching safepoint: 529333 ns, Cleanup: 33334 ns, At safepoint: 17375 ns, Total: 580042 ns
[2025-09-10T08:55:32.858+0000][121][info ][safepoint   ] Safepoint "Cleanup", Time since last: 5008443210 ns, Reaching safepoint: 52583 ns, Cleanup: 28750 ns, At safepoint: 11333 ns, Total: 92666 ns
[2025-09-10T08:55:39.496+0000][121][info ][safepoint   ] Safepoint "Cleanup", Time since last: 6637806920 ns, Reaching safepoint: 9333 ns, Cleanup: 7959 ns, At safepoint: 3458 ns, Total: 20750 ns
[2025-09-10T08:55:43.499+0000][121][info ][safepoint   ] Safepoint "Cleanup", Time since last: 4003135835 ns, Reaching safepoint: 16834 ns, Cleanup: 9958 ns, At safepoint: 3917 ns, Total: 30709 ns
[2025-09-10T08:55:45.502+0000][121][info ][safepoint   ] Safepoint "Cleanup", Time since last: 2002399917 ns, Reaching safepoint: 11167 ns, Cleanup: 10208 ns, At safepoint: 4084 ns, Total: 25459 ns
[2025-09-10T08:55:57.515+0000][121][info ][safepoint   ] Safepoint "Cleanup", Time since last: 12012626755 ns, Reaching safepoint: 159084 ns, Cleanup: 19000 ns, At safepoint: 9916 ns, Total: 188000 ns
[2025-09-10T08:55:59.517+0000][121][info ][safepoint   ] Safepoint "Cleanup", Time since last: 2002573543 ns, Reaching safepoint: 12083 ns, Cleanup: 27959 ns, At safepoint: 5833 ns, Total: 45875 ns
[2025-09-10T08:56:03.521+0000][121][info ][safepoint   ] Safepoint "Cleanup", Time since last: 4004175835 ns, Reaching safepoint: 36000 ns, Cleanup: 11875 ns, At safepoint: 5250 ns, Total: 53125 ns
[2025-09-10T08:56:05.523+0000][121][info ][safepoint   ] Safepoint "Cleanup", Time since last: 2001871126 ns, Reaching safepoint: 11167 ns, Cleanup: 10416 ns, At safepoint: 3250 ns, Total: 24833 ns
[2025-09-10T08:56:09.615+0000][121][info ][gc,start    ] GC(25) Pause Young (Mixed) (G1 Evacuation Pause)
[2025-09-10T08:56:09.615+0000][121][info ][gc,task     ] GC(25) Using 8 workers of 8 for evacuation
[2025-09-10T08:56:09.615+0000][121][debug][gc,age      ] GC(25) Desired survivor size 41943040 bytes, new threshold 15 (max threshold 15)
[2025-09-10T08:56:09.652+0000][121][info ][gc,phases   ] GC(25)   Pre Evacuate Collection Set: 0.58ms
[2025-09-10T08:56:09.652+0000][121][info ][gc,phases   ] GC(25)   Merge Heap Roots: 0.19ms
[2025-09-10T08:56:09.652+0000][121][info ][gc,phases   ] GC(25)   Evacuate Collection Set: 31.76ms
[2025-09-10T08:56:09.652+0000][121][info ][gc,phases   ] GC(25)   Post Evacuate Collection Set: 4.09ms
[2025-09-10T08:56:09.652+0000][121][info ][gc,phases   ] GC(25)   Other: 0.24ms
[2025-09-10T08:56:09.652+0000][121][trace][gc,age      ] GC(25) Age table with threshold 15 (max threshold 15)
[2025-09-10T08:56:09.652+0000][121][trace][gc,age      ] GC(25) - age   1:    1074752 bytes,    1074752 total
[2025-09-10T08:56:09.652+0000][121][trace][gc,age      ] GC(25) - age   2:     218688 bytes,    1293440 total
[2025-09-10T08:56:09.652+0000][121][trace][gc,age      ] GC(25) - age   3:       3760 bytes,    1297200 total
[2025-09-10T08:56:09.652+0000][121][trace][gc,age      ] GC(25) - age   4:    3045112 bytes,    4342312 total
[2025-09-10T08:56:09.652+0000][121][trace][gc,age      ] GC(25) - age   5:     839368 bytes,    5181680 total
[2025-09-10T08:56:09.652+0000][121][trace][gc,age      ] GC(25) - age   6:    3711144 bytes,    8892824 total
[2025-09-10T08:56:09.653+0000][121][trace][gc,age      ] GC(25) - age   7:    2557616 bytes,   11450440 total
[2025-09-10T08:56:09.653+0000][121][trace][gc,age      ] GC(25) - age   8:   17970536 bytes,   29420976 total
[2025-09-10T08:56:09.653+0000][121][trace][gc,age      ] GC(25) - age   9:        384 bytes,   29421360 total
[2025-09-10T08:56:09.653+0000][121][info ][gc,heap     ] GC(25) Eden regions: 145->0(145)
[2025-09-10T08:56:09.653+0000][121][info ][gc,heap     ] GC(25) Survivor regions: 8->8(20)
[2025-09-10T08:56:09.653+0000][121][info ][gc,heap     ] GC(25) Old regions: 29->29
[2025-09-10T08:56:09.653+0000][121][info ][gc,heap     ] GC(25) Humongous regions: 2->2
[2025-09-10T08:56:09.653+0000][121][info ][gc,metaspace] GC(25) Metaspace: 160129K(164544K)->160129K(164544K) NonClass: 138123K(140544K)->138123K(140544K) Class: 22005K(24000K)->22005K(24000K)
[2025-09-10T08:56:09.653+0000][121][info ][gc          ] GC(25) Pause Young (Mixed) (G1 Evacuation Pause) 731M->152M(1024M) 37.948ms
[2025-09-10T08:56:09.653+0000][121][info ][gc,cpu      ] GC(25) User=0.24s Sys=0.00s Real=0.04s
[2025-09-10T08:56:09.653+0000][121][info ][safepoint   ] Safepoint "G1CollectForAllocation", Time since last: 4091503336 ns, Reaching safepoint: 8041 ns, Cleanup: 2209 ns, At safepoint: 38073166 ns, Total: 38083416 ns
[2025-09-10T08:56:10.969+0000][121][info ][safepoint   ] Safepoint "Cleanup", Time since last: 1315435751 ns, Reaching safepoint: 115542 ns, Cleanup: 173166 ns, At safepoint: 27250 ns, Total: 315958 ns
[2025-09-10T08:56:12.587+0000][121][info ][safepoint   ] Safepoint "Cleanup", Time since last: 1617970168 ns, Reaching safepoint: 6791 ns, Cleanup: 8542 ns, At safepoint: 2333 ns, Total: 17666 ns
[2025-09-10T08:56:14.002+0000][121][info ][safepoint   ] Safepoint "Cleanup", Time since last: 1414904834 ns, Reaching safepoint: 16375 ns, Cleanup: 16792 ns, At safepoint: 4833 ns, Total: 38000 ns
[2025-09-10T08:56:15.002+0000][121][info ][safepoint   ] Safepoint "Cleanup", Time since last: 1000573251 ns, Reaching safepoint: 51875 ns, Cleanup: 23208 ns, At safepoint: 12833 ns, Total: 87916 ns
[2025-09-10T08:56:17.004+0000][121][info ][safepoint   ] Safepoint "Cleanup", Time since last: 2001944376 ns, Reaching safepoint: 87167 ns, Cleanup: 29875 ns, At safepoint: 11917 ns, Total: 128959 ns
[2025-09-10T08:56:18.006+0000][121][info ][safepoint   ] Safepoint "Cleanup", Time since last: 1001079000 ns, Reaching safepoint: 138750 ns, Cleanup: 54334 ns, At safepoint: 12416 ns, Total: 205500 ns
[2025-09-10T08:56:28.015+0000][121][info ][safepoint   ] Safepoint "Cleanup", Time since last: 10008571422 ns, Reaching safepoint: 457875 ns, Cleanup: 43708 ns, At safepoint: 22500 ns, Total: 524083 ns
[2025-09-10T08:56:29.018+0000][121][info ][safepoint   ] Safepoint "Cleanup", Time since last: 1003614542 ns, Reaching safepoint: 29583 ns, Cleanup: 8334 ns, At safepoint: 10708 ns, Total: 48625 ns
[2025-09-10T08:56:30.019+0000][121][info ][safepoint   ] Safepoint "Cleanup", Time since last: 1001003542 ns, Reaching safepoint: 11917 ns, Cleanup: 10500 ns, At safepoint: 3292 ns, Total: 25709 ns
[2025-09-10T08:56:33.023+0000][121][info ][safepoint   ] Safepoint "Cleanup", Time since last: 3003584917 ns, Reaching safepoint: 38750 ns, Cleanup: 25542 ns, At safepoint: 10416 ns, Total: 74708 ns
[2025-09-10T08:56:43.642+0000][121][info ][safepoint   ] Safepoint "Cleanup", Time since last: 10619588339 ns, Reaching safepoint: 16166 ns, Cleanup: 13084 ns, At safepoint: 6333 ns, Total: 35583 ns
[2025-09-10T08:56:49.649+0000][121][info ][safepoint   ] Safepoint "Cleanup", Time since last: 6006745503 ns, Reaching safepoint: 211625 ns, Cleanup: 23542 ns, At safepoint: 17416 ns, Total: 252583 ns
[2025-09-10T08:56:57.658+0000][121][info ][safepoint   ] Safepoint "Cleanup", Time since last: 8008757212 ns, Reaching safepoint: 65667 ns, Cleanup: 41125 ns, At safepoint: 10333 ns, Total: 117125 ns
[2025-09-10T08:56:59.660+0000][121][info ][safepoint   ] Safepoint "Cleanup", Time since last: 2001952918 ns, Reaching safepoint: 12333 ns, Cleanup: 14459 ns, At safepoint: 6333 ns, Total: 33125 ns
[2025-09-10T08:57:12.616+0000][121][info ][safepoint   ] Safepoint "Cleanup", Time since last: 12956002047 ns, Reaching safepoint: 59417 ns, Cleanup: 30625 ns, At safepoint: 9458 ns, Total: 99500 ns
[2025-09-10T08:57:14.148+0000][121][info ][safepoint   ] Safepoint "Cleanup", Time since last: 1531720251 ns, Reaching safepoint: 29625 ns, Cleanup: 25083 ns, At safepoint: 17458 ns, Total: 72166 ns
[2025-09-10T08:57:15.149+0000][121][info ][safepoint   ] Safepoint "Cleanup", Time since last: 1000939751 ns, Reaching safepoint: 11791 ns, Cleanup: 10959 ns, At safepoint: 4500 ns, Total: 27250 ns
[2025-09-10T08:57:16.156+0000][121][info ][safepoint   ] Safepoint "Cleanup", Time since last: 1006782084 ns, Reaching safepoint: 5416 ns, Cleanup: 12042 ns, At safepoint: 7000 ns, Total: 24458 ns
[2025-09-10T08:57:17.172+0000][121][info ][safepoint   ] Safepoint "Cleanup", Time since last: 1016732584 ns, Reaching safepoint: 15750 ns, Cleanup: 29000 ns, At safepoint: 10083 ns, Total: 54833 ns
[2025-09-10T08:57:18.174+0000][121][info ][safepoint   ] Safepoint "Cleanup", Time since last: 1001277084 ns, Reaching safepoint: 56500 ns, Cleanup: 13375 ns, At safepoint: 7542 ns, Total: 77417 ns
[2025-09-10T08:57:19.175+0000][121][info ][safepoint   ] Safepoint "Cleanup", Time since last: 1000816042 ns, Reaching safepoint: 39458 ns, Cleanup: 23542 ns, At safepoint: 7833 ns, Total: 70833 ns
[2025-09-10T08:57:22.178+0000][121][info ][safepoint   ] Safepoint "Cleanup", Time since last: 3002976960 ns, Reaching safepoint: 16917 ns, Cleanup: 13208 ns, At safepoint: 6583 ns, Total: 36708 ns
[2025-09-10T08:57:28.185+0000][121][info ][safepoint   ] Safepoint "Cleanup", Time since last: 6006630336 ns, Reaching safepoint: 90209 ns, Cleanup: 81875 ns, At safepoint: 7791 ns, Total: 179875 ns
[2025-09-10T08:57:30.187+0000][121][info ][safepoint   ] Safepoint "Cleanup", Time since last: 2002175168 ns, Reaching safepoint: 66042 ns, Cleanup: 46041 ns, At safepoint: 14334 ns, Total: 126417 ns
[2025-09-10T08:57:36.809+0000][121][info ][safepoint   ] Safepoint "Cleanup", Time since last: 6621897461 ns, Reaching safepoint: 34958 ns, Cleanup: 766834 ns, At safepoint: 27333 ns, Total: 829125 ns
[2025-09-10T08:57:44.820+0000][121][info ][safepoint   ] Safepoint "Cleanup", Time since last: 8011088754 ns, Reaching safepoint: 38708 ns, Cleanup: 22583 ns, At safepoint: 10834 ns, Total: 72125 ns
[2025-09-10T08:57:45.823+0000][121][info ][safepoint   ] Safepoint "Cleanup", Time since last: 1002635250 ns, Reaching safepoint: 15125 ns, Cleanup: 15583 ns, At safepoint: 6084 ns, Total: 36792 ns
[2025-09-10T08:57:47.824+0000][121][info ][safepoint   ] Safepoint "Cleanup", Time since last: 2001235792 ns, Reaching safepoint: 52584 ns, Cleanup: 18250 ns, At safepoint: 14250 ns, Total: 85084 ns
[2025-09-10T08:57:54.833+0000][121][info ][safepoint   ] Safepoint "Cleanup", Time since last: 7008131878 ns, Reaching safepoint: 46958 ns, Cleanup: 11625 ns, At safepoint: 10417 ns, Total: 69000 ns
[2025-09-10T08:57:59.839+0000][121][info ][safepoint   ] Safepoint "Cleanup", Time since last: 5006007086 ns, Reaching safepoint: 130250 ns, Cleanup: 25792 ns, At safepoint: 14291 ns, Total: 170333 ns
[2025-09-10T08:58:00.839+0000][121][info ][safepoint   ] Safepoint "Cleanup", Time since last: 1000529959 ns, Reaching safepoint: 19541 ns, Cleanup: 50292 ns, At safepoint: 11375 ns, Total: 81208 ns
[2025-09-10T08:58:12.623+0000][121][info ][safepoint   ] Safepoint "Cleanup", Time since last: 11784405256 ns, Reaching safepoint: 5625 ns, Cleanup: 27208 ns, At safepoint: 4167 ns, Total: 37000 ns
[2025-09-10T08:58:14.327+0000][121][info ][safepoint   ] Safepoint "Cleanup", Time since last: 1703883084 ns, Reaching safepoint: 4916 ns, Cleanup: 34250 ns, At safepoint: 5000 ns, Total: 44166 ns
[2025-09-10T08:58:15.346+0000][121][info ][safepoint   ] Safepoint "Cleanup", Time since last: 1018548668 ns, Reaching safepoint: 11791 ns, Cleanup: 11667 ns, At safepoint: 5708 ns, Total: 29166 ns
[2025-09-10T08:58:16.357+0000][121][info ][safepoint   ] Safepoint "Cleanup", Time since last: 1010553167 ns, Reaching safepoint: 4292 ns, Cleanup: 22208 ns, At safepoint: 5167 ns, Total: 31667 ns
[2025-09-10T08:58:17.643+0000][121][info ][safepoint   ] Safepoint "Cleanup", Time since last: 1286313209 ns, Reaching safepoint: 4917 ns, Cleanup: 14375 ns, At safepoint: 3041 ns, Total: 22333 ns
[2025-09-10T08:58:19.389+0000][121][info ][safepoint   ] Safepoint "Cleanup", Time since last: 1745657376 ns, Reaching safepoint: 6292 ns, Cleanup: 40792 ns, At safepoint: 10041 ns, Total: 57125 ns
[2025-09-10T08:58:20.408+0000][121][info ][safepoint   ] Safepoint "Cleanup", Time since last: 1019822251 ns, Reaching safepoint: 50750 ns, Cleanup: 14958 ns, At safepoint: 6625 ns, Total: 72333 ns
[2025-09-10T08:58:24.619+0000][121][info ][safepoint   ] Safepoint "Cleanup", Time since last: 4210890002 ns, Reaching safepoint: 25250 ns, Cleanup: 18125 ns, At safepoint: 6917 ns, Total: 50292 ns
[2025-09-10T08:58:26.494+0000][121][info ][safepoint   ] Safepoint "Cleanup", Time since last: 1874820376 ns, Reaching safepoint: 40375 ns, Cleanup: 117291 ns, At safepoint: 11667 ns, Total: 169333 ns
[2025-09-10T08:58:27.637+0000][121][info ][safepoint   ] Safepoint "Cleanup", Time since last: 1142923250 ns, Reaching safepoint: 4459 ns, Cleanup: 7041 ns, At safepoint: 1834 ns, Total: 13334 ns
[2025-09-10T08:58:28.670+0000][121][info ][safepoint   ] Safepoint "Cleanup", Time since last: 1032876417 ns, Reaching safepoint: 44667 ns, Cleanup: 45125 ns, At safepoint: 10791 ns, Total: 100583 ns
[2025-09-10T08:58:29.671+0000][121][info ][safepoint   ] Safepoint "Cleanup", Time since last: 1000597376 ns, Reaching safepoint: 9875 ns, Cleanup: 10625 ns, At safepoint: 3875 ns, Total: 24375 ns
[2025-09-10T08:58:32.673+0000][121][info ][safepoint   ] Safepoint "Cleanup", Time since last: 3002022542 ns, Reaching safepoint: 12292 ns, Cleanup: 9041 ns, At safepoint: 4375 ns, Total: 25708 ns
[2025-09-10T08:58:37.941+0000][121][info ][safepoint   ] Safepoint "Cleanup", Time since last: 5268624628 ns, Reaching safepoint: 20625 ns, Cleanup: 27000 ns, At safepoint: 7500 ns, Total: 55125 ns
[2025-09-10T08:58:39.943+0000][121][info ][safepoint   ] Safepoint "Cleanup", Time since last: 2001476209 ns, Reaching safepoint: 23833 ns, Cleanup: 13584 ns, At safepoint: 4458 ns, Total: 41875 ns
[2025-09-10T08:58:42.946+0000][121][info ][safepoint   ] Safepoint "Cleanup", Time since last: 3003047376 ns, Reaching safepoint: 28084 ns, Cleanup: 41208 ns, At safepoint: 11708 ns, Total: 81000 ns
[2025-09-10T08:58:43.947+0000][121][info ][safepoint   ] Safepoint "Cleanup", Time since last: 1001327293 ns, Reaching safepoint: 19000 ns, Cleanup: 12625 ns, At safepoint: 4583 ns, Total: 36208 ns
[2025-09-10T08:58:44.949+0000][121][info ][safepoint   ] Safepoint "Cleanup", Time since last: 1001277709 ns, Reaching safepoint: 53458 ns, Cleanup: 41167 ns, At safepoint: 22375 ns, Total: 117000 ns
[2025-09-10T08:58:47.951+0000][121][info ][safepoint   ] Safepoint "Cleanup", Time since last: 3002067501 ns, Reaching safepoint: 12792 ns, Cleanup: 12917 ns, At safepoint: 5000 ns, Total: 30709 ns
[2025-09-10T08:58:49.953+0000][121][info ][safepoint   ] Safepoint "Cleanup", Time since last: 2001855709 ns, Reaching safepoint: 21791 ns, Cleanup: 13500 ns, At safepoint: 7084 ns, Total: 42375 ns
[2025-09-10T08:58:50.954+0000][121][info ][safepoint   ] Safepoint "Cleanup", Time since last: 1001368959 ns, Reaching safepoint: 18833 ns, Cleanup: 26792 ns, At safepoint: 6250 ns, Total: 51875 ns
[2025-09-10T08:58:51.955+0000][121][info ][safepoint   ] Safepoint "Cleanup", Time since last: 1000423250 ns, Reaching safepoint: 12083 ns, Cleanup: 15584 ns, At safepoint: 3458 ns, Total: 31125 ns
[2025-09-10T08:58:52.957+0000][121][info ][safepoint   ] Safepoint "Cleanup", Time since last: 1001808126 ns, Reaching safepoint: 26708 ns, Cleanup: 37625 ns, At safepoint: 8917 ns, Total: 73250 ns
[2025-09-10T08:58:57.962+0000][121][info ][safepoint   ] Safepoint "Cleanup", Time since last: 5005331752 ns, Reaching safepoint: 159583 ns, Cleanup: 23500 ns, At safepoint: 11917 ns, Total: 195000 ns
[2025-09-10T08:58:59.964+0000][121][info ][safepoint   ] Safepoint "Cleanup", Time since last: 2001788043 ns, Reaching safepoint: 9708 ns, Cleanup: 16042 ns, At safepoint: 3291 ns, Total: 29041 ns
[2025-09-10T08:59:00.965+0000][121][info ][safepoint   ] Safepoint "Cleanup", Time since last: 1000966583 ns, Reaching safepoint: 25625 ns, Cleanup: 18542 ns, At safepoint: 9875 ns, Total: 54042 ns
[2025-09-10T08:59:06.971+0000][121][info ][safepoint   ] Safepoint "Cleanup", Time since last: 6005919544 ns, Reaching safepoint: 24750 ns, Cleanup: 15334 ns, At safepoint: 7708 ns, Total: 47792 ns
[2025-09-10T08:59:10.975+0000][121][info ][safepoint   ] Safepoint "Cleanup", Time since last: 4003840835 ns, Reaching safepoint: 15834 ns, Cleanup: 15416 ns, At safepoint: 4292 ns, Total: 35542 ns
[2025-09-10T08:59:11.977+0000][121][info ][safepoint   ] Safepoint "Cleanup", Time since last: 1001921709 ns, Reaching safepoint: 45750 ns, Cleanup: 26291 ns, At safepoint: 8292 ns, Total: 80333 ns
[2025-09-10T08:59:12.978+0000][121][info ][safepoint   ] Safepoint "Cleanup", Time since last: 1001490834 ns, Reaching safepoint: 13375 ns, Cleanup: 12208 ns, At safepoint: 4458 ns, Total: 30041 ns
[2025-09-10T08:59:15.719+0000][121][info ][safepoint   ] Safepoint "Cleanup", Time since last: 2741369043 ns, Reaching safepoint: 5584 ns, Cleanup: 17416 ns, At safepoint: 6875 ns, Total: 29875 ns
[2025-09-10T08:59:17.676+0000][121][info ][safepoint   ] Safepoint "Cleanup", Time since last: 1955303251 ns, Reaching safepoint: 13875 ns, Cleanup: 562834 ns, At safepoint: 354833 ns, Total: 931542 ns
[2025-09-10T08:59:18.685+0000][121][info ][safepoint   ] Safepoint "Cleanup", Time since last: 1009184626 ns, Reaching safepoint: 23000 ns, Cleanup: 45166 ns, At safepoint: 15625 ns, Total: 83791 ns
[2025-09-10T08:59:21.656+0000][121][info ][safepoint   ] Safepoint "Cleanup", Time since last: 2971111168 ns, Reaching safepoint: 5542 ns, Cleanup: 9958 ns, At safepoint: 5125 ns, Total: 20625 ns
[2025-09-10T08:59:22.669+0000][121][info ][safepoint   ] Safepoint "Cleanup", Time since last: 1012571292 ns, Reaching safepoint: 18084 ns, Cleanup: 31875 ns, At safepoint: 5958 ns, Total: 55917 ns
[2025-09-10T08:59:40.135+0000][121][info ][safepoint   ] Safepoint "Cleanup", Time since last: 17466333258 ns, Reaching safepoint: 58000 ns, Cleanup: 48500 ns, At safepoint: 23375 ns, Total: 129875 ns
[2025-09-10T08:59:45.139+0000][121][info ][safepoint   ] Safepoint "Cleanup", Time since last: 5004239544 ns, Reaching safepoint: 55000 ns, Cleanup: 28583 ns, At safepoint: 6292 ns, Total: 89875 ns
[2025-09-10T08:59:46.140+0000][121][info ][safepoint   ] Safepoint "Cleanup", Time since last: 1000959500 ns, Reaching safepoint: 18625 ns, Cleanup: 24917 ns, At safepoint: 4458 ns, Total: 48000 ns
[2025-09-10T08:59:48.143+0000][121][info ][safepoint   ] Safepoint "Cleanup", Time since last: 2002823501 ns, Reaching safepoint: 15334 ns, Cleanup: 12416 ns, At safepoint: 11584 ns, Total: 39334 ns
[2025-09-10T08:59:50.145+0000][121][info ][safepoint   ] Safepoint "Cleanup", Time since last: 2002271376 ns, Reaching safepoint: 151875 ns, Cleanup: 99625 ns, At safepoint: 16000 ns, Total: 267500 ns
[2025-09-10T08:59:55.151+0000][121][info ][safepoint   ] Safepoint "Cleanup", Time since last: 5005138169 ns, Reaching safepoint: 26708 ns, Cleanup: 38042 ns, At safepoint: 12208 ns, Total: 76958 ns
[2025-09-10T08:59:58.154+0000][121][info ][safepoint   ] Safepoint "Cleanup", Time since last: 3003322626 ns, Reaching safepoint: 299042 ns, Cleanup: 37208 ns, At safepoint: 13875 ns, Total: 350125 ns
[2025-09-10T09:00:01.157+0000][121][info ][safepoint   ] Safepoint "Cleanup", Time since last: 3003065293 ns, Reaching safepoint: 19500 ns, Cleanup: 23875 ns, At safepoint: 13833 ns, Total: 57208 ns
[2025-09-10T09:00:03.160+0000][121][info ][safepoint   ] Safepoint "Cleanup", Time since last: 2002964376 ns, Reaching safepoint: 21417 ns, Cleanup: 12166 ns, At safepoint: 5084 ns, Total: 38667 ns
[2025-09-10T09:00:06.163+0000][121][info ][safepoint   ] Safepoint "Cleanup", Time since last: 3002799960 ns, Reaching safepoint: 17916 ns, Cleanup: 15709 ns, At safepoint: 9000 ns, Total: 42625 ns
[2025-09-10T09:00:07.164+0000][121][info ][safepoint   ] Safepoint "Cleanup", Time since last: 1000807208 ns, Reaching safepoint: 24500 ns, Cleanup: 18042 ns, At safepoint: 9292 ns, Total: 51834 ns
[2025-09-10T09:00:13.170+0000][121][info ][safepoint   ] Safepoint "Cleanup", Time since last: 6006010503 ns, Reaching safepoint: 13250 ns, Cleanup: 13416 ns, At safepoint: 3750 ns, Total: 30416 ns
[2025-09-10T09:00:18.175+0000][121][info ][safepoint   ] Safepoint "Cleanup", Time since last: 5004924378 ns, Reaching safepoint: 15583 ns, Cleanup: 16875 ns, At safepoint: 6167 ns, Total: 38625 ns
[2025-09-10T09:00:19.847+0000][121][info ][safepoint   ] Safepoint "Cleanup", Time since last: 1672299834 ns, Reaching safepoint: 6458 ns, Cleanup: 16250 ns, At safepoint: 10458 ns, Total: 33166 ns
[2025-09-10T09:00:20.872+0000][121][info ][safepoint   ] Safepoint "Cleanup", Time since last: 1024595001 ns, Reaching safepoint: 19750 ns, Cleanup: 11625 ns, At safepoint: 6333 ns, Total: 37708 ns
[2025-09-10T09:00:22.884+0000][121][info ][safepoint   ] Safepoint "Cleanup", Time since last: 2012804835 ns, Reaching safepoint: 12041 ns, Cleanup: 13417 ns, At safepoint: 4792 ns, Total: 30250 ns
[2025-09-10T09:00:24.698+0000][121][info ][safepoint   ] Safepoint "Cleanup", Time since last: 1813689209 ns, Reaching safepoint: 8708 ns, Cleanup: 13542 ns, At safepoint: 6500 ns, Total: 28750 ns
[2025-09-10T09:00:25.900+0000][121][info ][safepoint   ] Safepoint "Cleanup", Time since last: 1201684209 ns, Reaching safepoint: 23791 ns, Cleanup: 40459 ns, At safepoint: 4625 ns, Total: 68875 ns
[2025-09-10T09:00:27.902+0000][121][info ][safepoint   ] Safepoint "Cleanup", Time since last: 2001899042 ns, Reaching safepoint: 168167 ns, Cleanup: 16417 ns, At safepoint: 8125 ns, Total: 192709 ns
[2025-09-10T09:00:29.904+0000][121][info ][safepoint   ] Safepoint "Cleanup", Time since last: 2001858542 ns, Reaching safepoint: 92292 ns, Cleanup: 14167 ns, At safepoint: 7083 ns, Total: 113542 ns
[2025-09-10T09:00:36.912+0000][121][info ][safepoint   ] Safepoint "Cleanup", Time since last: 7007967836 ns, Reaching safepoint: 34334 ns, Cleanup: 30333 ns, At safepoint: 16583 ns, Total: 81250 ns
[2025-09-10T09:00:40.232+0000][121][info ][safepoint   ] Safepoint "Cleanup", Time since last: 3319625835 ns, Reaching safepoint: 23583 ns, Cleanup: 21000 ns, At safepoint: 6667 ns, Total: 51250 ns
[2025-09-10T09:00:44.236+0000][121][info ][safepoint   ] Safepoint "Cleanup", Time since last: 4003762169 ns, Reaching safepoint: 105625 ns, Cleanup: 70916 ns, At safepoint: 22584 ns, Total: 199125 ns
[2025-09-10T09:00:45.237+0000][121][info ][safepoint   ] Safepoint "Cleanup", Time since last: 1001751292 ns, Reaching safepoint: 11417 ns, Cleanup: 10500 ns, At safepoint: 3458 ns, Total: 25375 ns
[2025-09-10T09:00:50.243+0000][121][info ][safepoint   ] Safepoint "Cleanup", Time since last: 5005045711 ns, Reaching safepoint: 117791 ns, Cleanup: 78334 ns, At safepoint: 24208 ns, Total: 220333 ns
[2025-09-10T09:00:51.245+0000][121][info ][safepoint   ] Safepoint "Cleanup", Time since last: 1002498834 ns, Reaching safepoint: 110958 ns, Cleanup: 95708 ns, At safepoint: 9625 ns, Total: 216291 ns
[2025-09-10T09:00:59.254+0000][121][info ][safepoint   ] Safepoint "Cleanup", Time since last: 8008629046 ns, Reaching safepoint: 307083 ns, Cleanup: 80917 ns, At safepoint: 21875 ns, Total: 409875 ns
[2025-09-10T09:01:04.261+0000][121][info ][safepoint   ] Safepoint "Cleanup", Time since last: 5007190835 ns, Reaching safepoint: 46000 ns, Cleanup: 21750 ns, At safepoint: 8167 ns, Total: 75917 ns
[2025-09-10T09:01:13.270+0000][121][info ][safepoint   ] Safepoint "Cleanup", Time since last: 9008731629 ns, Reaching safepoint: 15833 ns, Cleanup: 15584 ns, At safepoint: 4375 ns, Total: 35792 ns
[2025-09-10T09:01:21.278+0000][121][info ][safepoint   ] Safepoint "Cleanup", Time since last: 8008200337 ns, Reaching safepoint: 16500 ns, Cleanup: 16833 ns, At safepoint: 4625 ns, Total: 37958 ns
[2025-09-10T09:01:23.025+0000][121][info ][safepoint   ] Safepoint "Cleanup", Time since last: 1746911418 ns, Reaching safepoint: 125416 ns, Cleanup: 181750 ns, At safepoint: 24125 ns, Total: 331291 ns
[2025-09-10T09:01:27.679+0000][121][info ][safepoint   ] Safepoint "Cleanup", Time since last: 4654262044 ns, Reaching safepoint: 4292 ns, Cleanup: 5375 ns, At safepoint: 2916 ns, Total: 12583 ns
[2025-09-10T09:01:29.052+0000][121][info ][safepoint   ] Safepoint "Cleanup", Time since last: 1372649959 ns, Reaching safepoint: 71667 ns, Cleanup: 21458 ns, At safepoint: 11500 ns, Total: 104625 ns
[2025-09-10T09:01:31.054+0000][121][info ][safepoint   ] Safepoint "Cleanup", Time since last: 2002285209 ns, Reaching safepoint: 40917 ns, Cleanup: 29750 ns, At safepoint: 10417 ns, Total: 81084 ns
[2025-09-10T09:01:33.056+0000][121][info ][safepoint   ] Safepoint "Cleanup", Time since last: 2002549667 ns, Reaching safepoint: 46334 ns, Cleanup: 36541 ns, At safepoint: 12375 ns, Total: 95250 ns
[2025-09-10T09:01:45.374+0000][121][info ][safepoint   ] Safepoint "Cleanup", Time since last: 12317583798 ns, Reaching safepoint: 67958 ns, Cleanup: 29875 ns, At safepoint: 14500 ns, Total: 112333 ns
[2025-09-10T09:01:48.377+0000][121][info ][safepoint   ] Safepoint "Cleanup", Time since last: 3002716377 ns, Reaching safepoint: 53291 ns, Cleanup: 43709 ns, At safepoint: 7208 ns, Total: 104208 ns
[2025-09-10T09:01:48.680+0000][121][info ][gc,start    ] GC(26) Pause Young (Normal) (G1 Evacuation Pause)
[2025-09-10T09:01:48.680+0000][121][info ][gc,task     ] GC(26) Using 8 workers of 8 for evacuation
[2025-09-10T09:01:48.680+0000][121][debug][gc,age      ] GC(26) Desired survivor size 41943040 bytes, new threshold 15 (max threshold 15)
[2025-09-10T09:01:48.747+0000][121][info ][gc,phases   ] GC(26)   Pre Evacuate Collection Set: 0.83ms
[2025-09-10T09:01:48.747+0000][121][info ][gc,phases   ] GC(26)   Merge Heap Roots: 0.22ms
[2025-09-10T09:01:48.747+0000][121][info ][gc,phases   ] GC(26)   Evacuate Collection Set: 61.74ms
[2025-09-10T09:01:48.748+0000][121][info ][gc,phases   ] GC(26)   Post Evacuate Collection Set: 3.70ms
[2025-09-10T09:01:48.748+0000][121][info ][gc,phases   ] GC(26)   Other: 0.49ms
[2025-09-10T09:01:48.748+0000][121][trace][gc,age      ] GC(26) Age table with threshold 15 (max threshold 15)
[2025-09-10T09:01:48.748+0000][121][trace][gc,age      ] GC(26) - age   1:    1184320 bytes,    1184320 total
[2025-09-10T09:01:48.748+0000][121][trace][gc,age      ] GC(26) - age   2:      90624 bytes,    1274944 total
[2025-09-10T09:01:48.748+0000][121][trace][gc,age      ] GC(26) - age   3:     210632 bytes,    1485576 total
[2025-09-10T09:01:48.748+0000][121][trace][gc,age      ] GC(26) - age   4:       3696 bytes,    1489272 total
[2025-09-10T09:01:48.748+0000][121][trace][gc,age      ] GC(26) - age   5:    2969728 bytes,    4459000 total
[2025-09-10T09:01:48.748+0000][121][trace][gc,age      ] GC(26) - age   6:     839032 bytes,    5298032 total
[2025-09-10T09:01:48.748+0000][121][trace][gc,age      ] GC(26) - age   7:    3692720 bytes,    8990752 total
[2025-09-10T09:01:48.748+0000][121][trace][gc,age      ] GC(26) - age   8:    2549472 bytes,   11540224 total
[2025-09-10T09:01:48.748+0000][121][trace][gc,age      ] GC(26) - age   9:   17944544 bytes,   29484768 total
[2025-09-10T09:01:48.748+0000][121][trace][gc,age      ] GC(26) - age  10:        384 bytes,   29485152 total
[2025-09-10T09:01:48.748+0000][121][info ][gc,heap     ] GC(26) Eden regions: 145->0(145)
[2025-09-10T09:01:48.748+0000][121][info ][gc,heap     ] GC(26) Survivor regions: 8->8(20)
[2025-09-10T09:01:48.748+0000][121][info ][gc,heap     ] GC(26) Old regions: 29->29
[2025-09-10T09:01:48.748+0000][121][info ][gc,heap     ] GC(26) Humongous regions: 2->2
[2025-09-10T09:01:48.748+0000][121][info ][gc,metaspace] GC(26) Metaspace: 160415K(164864K)->160415K(164864K) NonClass: 138407K(140864K)->138407K(140864K) Class: 22007K(24000K)->22007K(24000K)
[2025-09-10T09:01:48.748+0000][121][info ][gc          ] GC(26) Pause Young (Normal) (G1 Evacuation Pause) 732M->151M(1024M) 68.639ms
[2025-09-10T09:01:48.749+0000][121][info ][gc,cpu      ] GC(26) User=0.43s Sys=0.01s Real=0.07s
[2025-09-10T09:01:48.750+0000][121][info ][safepoint   ] Safepoint "G1CollectForAllocation", Time since last: 302926709 ns, Reaching safepoint: 22166 ns, Cleanup: 7875 ns, At safepoint: 70126834 ns, Total: 70156875 ns
[2025-09-10T09:01:52.755+0000][121][info ][safepoint   ] Safepoint "Cleanup", Time since last: 4005032293 ns, Reaching safepoint: 251917 ns, Cleanup: 26625 ns, At safepoint: 23208 ns, Total: 301750 ns
[2025-09-10T09:01:59.762+0000][121][info ][safepoint   ] Safepoint "Cleanup", Time since last: 7006509087 ns, Reaching safepoint: 59583 ns, Cleanup: 35875 ns, At safepoint: 13208 ns, Total: 108666 ns
[2025-09-10T09:02:06.769+0000][121][info ][safepoint   ] Safepoint "Cleanup", Time since last: 7006852212 ns, Reaching safepoint: 13125 ns, Cleanup: 11958 ns, At safepoint: 9458 ns, Total: 34541 ns
[2025-09-10T09:02:11.774+0000][121][info ][safepoint   ] Safepoint "Cleanup", Time since last: 5005153295 ns, Reaching safepoint: 28541 ns, Cleanup: 42209 ns, At safepoint: 10291 ns, Total: 81041 ns
[2025-09-10T09:02:12.775+0000][121][info ][safepoint   ] Safepoint "Cleanup", Time since last: 1000721584 ns, Reaching safepoint: 16417 ns, Cleanup: 8541 ns, At safepoint: 6625 ns, Total: 31583 ns
[2025-09-10T09:02:17.780+0000][121][info ][safepoint   ] Safepoint "Cleanup", Time since last: 5005338378 ns, Reaching safepoint: 13291 ns, Cleanup: 12417 ns, At safepoint: 3667 ns, Total: 29375 ns
[2025-09-10T09:02:20.784+0000][121][info ][safepoint   ] Safepoint "Cleanup", Time since last: 3003638126 ns, Reaching safepoint: 66334 ns, Cleanup: 60291 ns, At safepoint: 13625 ns, Total: 140250 ns
[2025-09-10T09:02:21.785+0000][121][info ][safepoint   ] Safepoint "Cleanup", Time since last: 1001002209 ns, Reaching safepoint: 13542 ns, Cleanup: 17250 ns, At safepoint: 5458 ns, Total: 36250 ns
[2025-09-10T09:02:24.704+0000][121][info ][safepoint   ] Safepoint "Cleanup", Time since last: 2918353751 ns, Reaching safepoint: 5375 ns, Cleanup: 6459 ns, At safepoint: 2125 ns, Total: 13959 ns
[2025-09-10T09:02:26.169+0000][121][info ][safepoint   ] Safepoint "Cleanup", Time since last: 1465449167 ns, Reaching safepoint: 46542 ns, Cleanup: 60916 ns, At safepoint: 7125 ns, Total: 114583 ns
[2025-09-10T09:02:30.698+0000][121][info ][safepoint   ] Safepoint "Cleanup", Time since last: 4529329669 ns, Reaching safepoint: 23791 ns, Cleanup: 11417 ns, At safepoint: 4417 ns, Total: 39625 ns
[2025-09-10T09:02:32.199+0000][121][info ][safepoint   ] Safepoint "Cleanup", Time since last: 1500577750 ns, Reaching safepoint: 42709 ns, Cleanup: 84375 ns, At safepoint: 16083 ns, Total: 143167 ns
[2025-09-10T09:02:33.200+0000][121][info ][safepoint   ] Safepoint "Cleanup", Time since last: 1000772750 ns, Reaching safepoint: 15792 ns, Cleanup: 24125 ns, At safepoint: 6500 ns, Total: 46417 ns
[2025-09-10T09:02:37.204+0000][121][info ][safepoint   ] Safepoint "Cleanup", Time since last: 4004425044 ns, Reaching safepoint: 39750 ns, Cleanup: 23000 ns, At safepoint: 8125 ns, Total: 70875 ns
[2025-09-10T09:02:38.496+0000][121][info ][safepoint   ] Safepoint "Cleanup", Time since last: 1291755875 ns, Reaching safepoint: 15792 ns, Cleanup: 12417 ns, At safepoint: 6166 ns, Total: 34375 ns
[2025-09-10T09:02:46.503+0000][121][info ][safepoint   ] Safepoint "Cleanup", Time since last: 8006709504 ns, Reaching safepoint: 11500 ns, Cleanup: 8708 ns, At safepoint: 5625 ns, Total: 25833 ns
[2025-09-10T09:02:51.509+0000][121][info ][safepoint   ] Safepoint "Cleanup", Time since last: 5005949295 ns, Reaching safepoint: 27791 ns, Cleanup: 30584 ns, At safepoint: 11041 ns, Total: 69416 ns
[2025-09-10T09:02:59.518+0000][121][info ][safepoint   ] Safepoint "Cleanup", Time since last: 8008449671 ns, Reaching safepoint: 136541 ns, Cleanup: 21709 ns, At safepoint: 9833 ns, Total: 168083 ns
[2025-09-10T09:03:00.518+0000][121][info ][safepoint   ] Safepoint "Cleanup", Time since last: 1001347792 ns, Reaching safepoint: 43166 ns, Cleanup: 56584 ns, At safepoint: 11541 ns, Total: 111291 ns
[2025-09-10T09:03:21.545+0000][121][info ][safepoint   ] Safepoint "Cleanup", Time since last: 21026836052 ns, Reaching safepoint: 36250 ns, Cleanup: 27083 ns, At safepoint: 9875 ns, Total: 73208 ns
[2025-09-10T09:03:24.734+0000][121][info ][safepoint   ] Safepoint "Cleanup", Time since last: 3188454877 ns, Reaching safepoint: 5625 ns, Cleanup: 11000 ns, At safepoint: 2833 ns, Total: 19458 ns
[2025-09-10T09:03:26.329+0000][121][info ][safepoint   ] Safepoint "Cleanup", Time since last: 1594717209 ns, Reaching safepoint: 8958 ns, Cleanup: 70917 ns, At safepoint: 14500 ns, Total: 94375 ns
[2025-09-10T09:03:27.690+0000][121][info ][safepoint   ] Safepoint "Cleanup", Time since last: 1361540209 ns, Reaching safepoint: 98542 ns, Cleanup: 10208 ns, At safepoint: 9167 ns, Total: 117917 ns
[2025-09-10T09:03:29.378+0000][121][info ][safepoint   ] Safepoint "Cleanup", Time since last: 1687473709 ns, Reaching safepoint: 16958 ns, Cleanup: 28959 ns, At safepoint: 7208 ns, Total: 53125 ns
[2025-09-10T09:03:33.692+0000][121][info ][safepoint   ] Safepoint "Cleanup", Time since last: 4314002376 ns, Reaching safepoint: 12583 ns, Cleanup: 5375 ns, At safepoint: 1792 ns, Total: 19750 ns
[2025-09-10T09:03:37.417+0000][121][info ][safepoint   ] Safepoint "Cleanup", Time since last: 3724891918 ns, Reaching safepoint: 89334 ns, Cleanup: 48083 ns, At safepoint: 14667 ns, Total: 152084 ns
[2025-09-10T09:03:46.656+0000][121][info ][safepoint   ] Safepoint "Cleanup", Time since last: 9238655379 ns, Reaching safepoint: 299875 ns, Cleanup: 28875 ns, At safepoint: 11875 ns, Total: 340625 ns
[2025-09-10T09:03:49.660+0000][121][info ][safepoint   ] Safepoint "Cleanup", Time since last: 3003388502 ns, Reaching safepoint: 173666 ns, Cleanup: 22709 ns, At safepoint: 16208 ns, Total: 212583 ns
[2025-09-10T09:03:51.662+0000][121][info ][safepoint   ] Safepoint "Cleanup", Time since last: 2001996459 ns, Reaching safepoint: 497209 ns, Cleanup: 47250 ns, At safepoint: 15875 ns, Total: 560334 ns
[2025-09-10T09:03:57.669+0000][121][info ][safepoint   ] Safepoint "Cleanup", Time since last: 6006271627 ns, Reaching safepoint: 261250 ns, Cleanup: 55959 ns, At safepoint: 18000 ns, Total: 335209 ns
[2025-09-10T09:03:59.671+0000][121][info ][safepoint   ] Safepoint "Cleanup", Time since last: 2001764251 ns, Reaching safepoint: 39125 ns, Cleanup: 21625 ns, At safepoint: 10041 ns, Total: 70791 ns
[2025-09-10T09:04:07.680+0000][121][info ][safepoint   ] Safepoint "Cleanup", Time since last: 8009798254 ns, Reaching safepoint: 60083 ns, Cleanup: 20875 ns, At safepoint: 12417 ns, Total: 93375 ns
[2025-09-10T09:04:13.699+0000][121][info ][safepoint   ] Safepoint "Cleanup", Time since last: 6018900253 ns, Reaching safepoint: 30666 ns, Cleanup: 15000 ns, At safepoint: 7459 ns, Total: 53125 ns
[2025-09-10T09:04:19.706+0000][121][info ][safepoint   ] Safepoint "Cleanup", Time since last: 6006970669 ns, Reaching safepoint: 28042 ns, Cleanup: 26000 ns, At safepoint: 7625 ns, Total: 61667 ns
[2025-09-10T09:04:21.708+0000][121][info ][safepoint   ] Safepoint "Cleanup", Time since last: 2001917543 ns, Reaching safepoint: 10791 ns, Cleanup: 18834 ns, At safepoint: 6125 ns, Total: 35750 ns
[2025-09-10T09:04:22.709+0000][121][info ][safepoint   ] Safepoint "Cleanup", Time since last: 1000566625 ns, Reaching safepoint: 12125 ns, Cleanup: 24083 ns, At safepoint: 5834 ns, Total: 42042 ns
[2025-09-10T09:04:26.713+0000][121][info ][safepoint   ] Safepoint "Cleanup", Time since last: 4004090085 ns, Reaching safepoint: 58208 ns, Cleanup: 34042 ns, At safepoint: 13583 ns, Total: 105833 ns
[2025-09-10T09:04:27.714+0000][121][info ][safepoint   ] Safepoint "Cleanup", Time since last: 1001174251 ns, Reaching safepoint: 10541 ns, Cleanup: 22084 ns, At safepoint: 6708 ns, Total: 39333 ns
[2025-09-10T09:04:30.719+0000][121][info ][safepoint   ] Safepoint "Cleanup", Time since last: 3004504210 ns, Reaching safepoint: 433708 ns, Cleanup: 37625 ns, At safepoint: 63417 ns, Total: 534750 ns
[2025-09-10T09:04:32.561+0000][121][info ][safepoint   ] Safepoint "Cleanup", Time since last: 1841085750 ns, Reaching safepoint: 974500 ns, Cleanup: 88917 ns, At safepoint: 15292 ns, Total: 1078709 ns
[2025-09-10T09:04:33.563+0000][121][info ][safepoint   ] Safepoint "Cleanup", Time since last: 1001931792 ns, Reaching safepoint: 77750 ns, Cleanup: 57208 ns, At safepoint: 10792 ns, Total: 145750 ns
[2025-09-10T09:04:35.566+0000][121][info ][safepoint   ] Safepoint "Cleanup", Time since last: 2002194918 ns, Reaching safepoint: 498291 ns, Cleanup: 54042 ns, At safepoint: 31375 ns, Total: 583708 ns
[2025-09-10T09:04:36.761+0000][121][info ][safepoint   ] Safepoint "Cleanup", Time since last: 1194772750 ns, Reaching safepoint: 22417 ns, Cleanup: 12833 ns, At safepoint: 3334 ns, Total: 38584 ns
[2025-09-10T09:04:37.796+0000][121][info ][safepoint   ] Safepoint "Cleanup", Time since last: 1035366500 ns, Reaching safepoint: 12125 ns, Cleanup: 17834 ns, At safepoint: 9083 ns, Total: 39042 ns
[2025-09-10T09:04:42.801+0000][121][info ][safepoint   ] Safepoint "Cleanup", Time since last: 5004005044 ns, Reaching safepoint: 792500 ns, Cleanup: 32250 ns, At safepoint: 24625 ns, Total: 849375 ns
[2025-09-10T09:04:57.815+0000][121][info ][safepoint   ] Safepoint "Cleanup", Time since last: 15013105299 ns, Reaching safepoint: 354125 ns, Cleanup: 35625 ns, At safepoint: 17125 ns, Total: 406875 ns
[2025-09-10T09:05:00.817+0000][121][info ][safepoint   ] Safepoint "Cleanup", Time since last: 3003622209 ns, Reaching safepoint: 71167 ns, Cleanup: 18583 ns, At safepoint: 16167 ns, Total: 105917 ns
[2025-09-10T09:05:07.825+0000][121][info ][safepoint   ] Safepoint "Cleanup", Time since last: 7007560128 ns, Reaching safepoint: 141917 ns, Cleanup: 28833 ns, At safepoint: 14459 ns, Total: 185209 ns
[2025-09-10T09:05:17.839+0000][121][info ][safepoint   ] Safepoint "Cleanup", Time since last: 10013560546 ns, Reaching safepoint: 27792 ns, Cleanup: 18583 ns, At safepoint: 8833 ns, Total: 55208 ns
[2025-09-10T09:05:21.843+0000][121][info ][safepoint   ] Safepoint "Cleanup", Time since last: 4004265919 ns, Reaching safepoint: 101458 ns, Cleanup: 17459 ns, At safepoint: 14875 ns, Total: 133792 ns
[2025-09-10T09:05:31.855+0000][121][info ][safepoint   ] Safepoint "Cleanup", Time since last: 10012003921 ns, Reaching safepoint: 85125 ns, Cleanup: 31083 ns, At safepoint: 13292 ns, Total: 129500 ns
[2025-09-10T09:05:33.752+0000][121][info ][safepoint   ] Safepoint "Cleanup", Time since last: 1896911292 ns, Reaching safepoint: 7542 ns, Cleanup: 16167 ns, At safepoint: 6750 ns, Total: 30459 ns
[2025-09-10T09:05:35.748+0000][121][info ][safepoint   ] Safepoint "Cleanup", Time since last: 1995864584 ns, Reaching safepoint: 41083 ns, Cleanup: 19834 ns, At safepoint: 7083 ns, Total: 68000 ns
[2025-09-10T09:05:37.749+0000][121][info ][safepoint   ] Safepoint "Cleanup", Time since last: 2000799668 ns, Reaching safepoint: 46958 ns, Cleanup: 12000 ns, At safepoint: 9333 ns, Total: 68291 ns
[2025-09-10T09:05:38.938+0000][121][info ][safepoint   ] Safepoint "Cleanup", Time since last: 1188828001 ns, Reaching safepoint: 129917 ns, Cleanup: 33166 ns, At safepoint: 14417 ns, Total: 177500 ns
[2025-09-10T09:05:40.765+0000][121][info ][safepoint   ] Safepoint "Cleanup", Time since last: 1827056876 ns, Reaching safepoint: 4500 ns, Cleanup: 21666 ns, At safepoint: 8334 ns, Total: 34500 ns
[2025-09-10T09:05:41.776+0000][121][info ][safepoint   ] Safepoint "Cleanup", Time since last: 1010850459 ns, Reaching safepoint: 18291 ns, Cleanup: 25417 ns, At safepoint: 5500 ns, Total: 49208 ns
[2025-09-10T09:05:42.777+0000][121][info ][safepoint   ] Safepoint "Cleanup", Time since last: 1000976750 ns, Reaching safepoint: 15000 ns, Cleanup: 14750 ns, At safepoint: 6542 ns, Total: 36292 ns
[2025-09-10T09:05:49.784+0000][121][info ][safepoint   ] Safepoint "Cleanup", Time since last: 7007140462 ns, Reaching safepoint: 163500 ns, Cleanup: 40166 ns, At safepoint: 18542 ns, Total: 222208 ns
[2025-09-10T09:05:57.793+0000][121][info ][safepoint   ] Safepoint "Cleanup", Time since last: 8008789379 ns, Reaching safepoint: 20583 ns, Cleanup: 11334 ns, At safepoint: 7500 ns, Total: 39417 ns
[2025-09-10T09:06:03.801+0000][121][info ][safepoint   ] Safepoint "Cleanup", Time since last: 6007410585 ns, Reaching safepoint: 26333 ns, Cleanup: 16000 ns, At safepoint: 7708 ns, Total: 50041 ns
[2025-09-10T09:06:10.807+0000][121][info ][safepoint   ] Safepoint "Cleanup", Time since last: 7006781087 ns, Reaching safepoint: 27667 ns, Cleanup: 18333 ns, At safepoint: 8708 ns, Total: 54708 ns
[2025-09-10T09:06:36.806+0000][121][info ][safepoint   ] Safepoint "Cleanup", Time since last: 25998710679 ns, Reaching safepoint: 40708 ns, Cleanup: 29375 ns, At safepoint: 8292 ns, Total: 78375 ns
[2025-09-10T09:06:37.837+0000][121][info ][safepoint   ] Safepoint "Cleanup", Time since last: 1030620375 ns, Reaching safepoint: 56750 ns, Cleanup: 40125 ns, At safepoint: 7417 ns, Total: 104292 ns
[2025-09-10T09:06:42.921+0000][121][info ][safepoint   ] Safepoint "Cleanup", Time since last: 5084022586 ns, Reaching safepoint: 5958 ns, Cleanup: 14375 ns, At safepoint: 10875 ns, Total: 31208 ns
[2025-09-10T09:06:43.937+0000][121][info ][safepoint   ] Safepoint "Cleanup", Time since last: 1016349334 ns, Reaching safepoint: 14500 ns, Cleanup: 15208 ns, At safepoint: 4500 ns, Total: 34208 ns
[2025-09-10T09:06:47.942+0000][121][info ][safepoint   ] Safepoint "Cleanup", Time since last: 4004993210 ns, Reaching safepoint: 140125 ns, Cleanup: 22375 ns, At safepoint: 16834 ns, Total: 179334 ns
[2025-09-10T09:06:52.947+0000][121][info ][safepoint   ] Safepoint "Cleanup", Time since last: 5004101211 ns, Reaching safepoint: 197250 ns, Cleanup: 31875 ns, At safepoint: 7291 ns, Total: 236416 ns
[2025-09-10T09:06:57.952+0000][121][info ][safepoint   ] Safepoint "Cleanup", Time since last: 5005478378 ns, Reaching safepoint: 275791 ns, Cleanup: 39834 ns, At safepoint: 23375 ns, Total: 339000 ns
[2025-09-10T09:06:59.956+0000][121][info ][safepoint   ] Safepoint "Cleanup", Time since last: 2003177126 ns, Reaching safepoint: 55333 ns, Cleanup: 56875 ns, At safepoint: 8417 ns, Total: 120625 ns
[2025-09-10T09:07:00.956+0000][121][info ][safepoint   ] Safepoint "Cleanup", Time since last: 1000905750 ns, Reaching safepoint: 89166 ns, Cleanup: 20500 ns, At safepoint: 9875 ns, Total: 119541 ns
[2025-09-10T09:07:02.958+0000][121][info ][safepoint   ] Safepoint "Cleanup", Time since last: 2002024626 ns, Reaching safepoint: 132709 ns, Cleanup: 38458 ns, At safepoint: 14958 ns, Total: 186125 ns
[2025-09-10T09:07:06.963+0000][121][info ][safepoint   ] Safepoint "Cleanup", Time since last: 4004049461 ns, Reaching safepoint: 20250 ns, Cleanup: 16250 ns, At safepoint: 6666 ns, Total: 43166 ns
[2025-09-10T09:07:27.984+0000][121][info ][safepoint   ] Safepoint "Cleanup", Time since last: 21021545552 ns, Reaching safepoint: 194250 ns, Cleanup: 21083 ns, At safepoint: 11500 ns, Total: 226833 ns
[2025-09-10T09:07:29.988+0000][121][info ][safepoint   ] Safepoint "Cleanup", Time since last: 2003491585 ns, Reaching safepoint: 23458 ns, Cleanup: 14375 ns, At safepoint: 6250 ns, Total: 44083 ns
[2025-09-10T09:07:37.051+0000][121][info ][gc,start    ] GC(27) Pause Young (Concurrent Start) (G1 Evacuation Pause)
[2025-09-10T09:07:37.051+0000][121][info ][gc,task     ] GC(27) Using 8 workers of 8 for evacuation
[2025-09-10T09:07:37.051+0000][121][debug][gc,age      ] GC(27) Desired survivor size 41943040 bytes, new threshold 15 (max threshold 15)
[2025-09-10T09:07:37.095+0000][121][info ][gc,phases   ] GC(27)   Pre Evacuate Collection Set: 1.05ms
[2025-09-10T09:07:37.095+0000][121][info ][gc,phases   ] GC(27)   Merge Heap Roots: 0.20ms
[2025-09-10T09:07:37.095+0000][121][info ][gc,phases   ] GC(27)   Evacuate Collection Set: 37.75ms
[2025-09-10T09:07:37.095+0000][121][info ][gc,phases   ] GC(27)   Post Evacuate Collection Set: 4.42ms
[2025-09-10T09:07:37.095+0000][121][info ][gc,phases   ] GC(27)   Other: 0.42ms
[2025-09-10T09:07:37.095+0000][121][trace][gc,age      ] GC(27) Age table with threshold 15 (max threshold 15)
[2025-09-10T09:07:37.095+0000][121][trace][gc,age      ] GC(27) - age   1:    1382112 bytes,    1382112 total
[2025-09-10T09:07:37.095+0000][121][trace][gc,age      ] GC(27) - age   2:     189160 bytes,    1571272 total
[2025-09-10T09:07:37.095+0000][121][trace][gc,age      ] GC(27) - age   3:      81176 bytes,    1652448 total
[2025-09-10T09:07:37.095+0000][121][trace][gc,age      ] GC(27) - age   4:     209576 bytes,    1862024 total
[2025-09-10T09:07:37.095+0000][121][trace][gc,age      ] GC(27) - age   5:       3696 bytes,    1865720 total
[2025-09-10T09:07:37.095+0000][121][trace][gc,age      ] GC(27) - age   6:    2967056 bytes,    4832776 total
[2025-09-10T09:07:37.095+0000][121][trace][gc,age      ] GC(27) - age   7:     839032 bytes,    5671808 total
[2025-09-10T09:07:37.095+0000][121][trace][gc,age      ] GC(27) - age   8:    3692680 bytes,    9364488 total
[2025-09-10T09:07:37.095+0000][121][trace][gc,age      ] GC(27) - age   9:    2541280 bytes,   11905768 total
[2025-09-10T09:07:37.095+0000][121][trace][gc,age      ] GC(27) - age  10:   17920352 bytes,   29826120 total
[2025-09-10T09:07:37.095+0000][121][trace][gc,age      ] GC(27) - age  11:        384 bytes,   29826504 total
[2025-09-10T09:07:37.095+0000][121][info ][gc,heap     ] GC(27) Eden regions: 145->0(145)
[2025-09-10T09:07:37.096+0000][121][info ][gc,heap     ] GC(27) Survivor regions: 8->8(20)
[2025-09-10T09:07:37.096+0000][121][info ][gc,heap     ] GC(27) Old regions: 29->29
[2025-09-10T09:07:37.096+0000][121][info ][gc,heap     ] GC(27) Humongous regions: 2->2
[2025-09-10T09:07:37.096+0000][121][info ][gc,metaspace] GC(27) Metaspace: 160703K(165120K)->160703K(165120K) NonClass: 138695K(141120K)->138695K(141120K) Class: 22008K(24000K)->22008K(24000K)
[2025-09-10T09:07:37.096+0000][121][info ][gc          ] GC(27) Pause Young (Concurrent Start) (G1 Evacuation Pause) 731M->151M(1024M) 45.324ms
[2025-09-10T09:07:37.096+0000][121][info ][gc          ] GC(28) Concurrent Mark Cycle
[2025-09-10T09:07:37.096+0000][121][info ][gc,marking  ] GC(28) Concurrent Scan Root Regions
[2025-09-10T09:07:37.096+0000][121][info ][gc,cpu      ] GC(27) User=0.27s Sys=0.00s Real=0.05s
[2025-09-10T09:07:37.096+0000][121][info ][safepoint   ] Safepoint "G1CollectForAllocation", Time since last: 7062428169 ns, Reaching safepoint: 948042 ns, Cleanup: 25708 ns, At safepoint: 45928542 ns, Total: 46902292 ns
[2025-09-10T09:07:37.115+0000][121][info ][gc,marking  ] GC(28) Concurrent Scan Root Regions 19.316ms
[2025-09-10T09:07:37.116+0000][121][info ][gc,marking  ] GC(28) Concurrent Mark
[2025-09-10T09:07:37.116+0000][121][info ][gc,marking  ] GC(28) Concurrent Mark From Roots
[2025-09-10T09:07:37.116+0000][121][info ][gc,task     ] GC(28) Using 2 workers of 2 for marking
[2025-09-10T09:07:37.206+0000][121][info ][gc,marking  ] GC(28) Concurrent Mark From Roots 89.769ms
[2025-09-10T09:07:37.206+0000][121][info ][gc,marking  ] GC(28) Concurrent Preclean
[2025-09-10T09:07:37.207+0000][121][info ][gc,marking  ] GC(28) Concurrent Preclean 1.375ms
[2025-09-10T09:07:37.207+0000][121][info ][gc,start    ] GC(28) Pause Remark
[2025-09-10T09:07:37.343+0000][121][info ][gc          ] GC(28) Pause Remark 159M->159M(1024M) 135.486ms
[2025-09-10T09:07:37.343+0000][121][info ][gc,cpu      ] GC(28) User=0.52s Sys=0.39s Real=0.13s
[2025-09-10T09:07:37.343+0000][121][info ][safepoint   ] Safepoint "G1PauseRemark", Time since last: 110932791 ns, Reaching safepoint: 37625 ns, Cleanup: 63084 ns, At safepoint: 135723791 ns, Total: 135824500 ns
[2025-09-10T09:07:37.343+0000][121][info ][gc,marking  ] GC(28) Concurrent Mark 227.873ms
[2025-09-10T09:07:37.344+0000][121][info ][gc,marking  ] GC(28) Concurrent Rebuild Remembered Sets and Scrub Regions
[2025-09-10T09:07:37.375+0000][121][info ][gc,marking  ] GC(28) Concurrent Rebuild Remembered Sets and Scrub Regions 31.771ms
[2025-09-10T09:07:37.376+0000][121][info ][gc,start    ] GC(28) Pause Cleanup
[2025-09-10T09:07:37.376+0000][121][info ][gc          ] GC(28) Pause Cleanup 160M->160M(1024M) 0.126ms
[2025-09-10T09:07:37.376+0000][121][info ][gc,cpu      ] GC(28) User=0.00s Sys=0.00s Real=0.00s
[2025-09-10T09:07:37.376+0000][121][info ][safepoint   ] Safepoint "G1PauseCleanup", Time since last: 32464209 ns, Reaching safepoint: 9125 ns, Cleanup: 77291 ns, At safepoint: 228334 ns, Total: 314750 ns
[2025-09-10T09:07:37.376+0000][121][info ][gc,marking  ] GC(28) Concurrent Clear Claimed Marks
[2025-09-10T09:07:37.376+0000][121][info ][gc,marking  ] GC(28) Concurrent Clear Claimed Marks 0.333ms
[2025-09-10T09:07:37.377+0000][121][info ][gc,marking  ] GC(28) Concurrent Cleanup for Next Mark
[2025-09-10T09:07:37.384+0000][121][info ][gc,marking  ] GC(28) Concurrent Cleanup for Next Mark 7.193ms
[2025-09-10T09:07:37.384+0000][121][info ][gc          ] GC(28) Concurrent Mark Cycle 287.826ms
[2025-09-10T09:07:39.214+0000][121][info ][safepoint   ] Safepoint "Cleanup", Time since last: 1833928042 ns, Reaching safepoint: 3205000 ns, Cleanup: 990250 ns, At safepoint: 31209 ns, Total: 4226459 ns
[2025-09-10T09:07:42.945+0000][121][info ][safepoint   ] Safepoint "Cleanup", Time since last: 3731265710 ns, Reaching safepoint: 61750 ns, Cleanup: 34000 ns, At safepoint: 10125 ns, Total: 105875 ns
[2025-09-10T09:07:52.262+0000][121][info ][safepoint   ] Safepoint "Cleanup", Time since last: 9315978504 ns, Reaching safepoint: 284084 ns, Cleanup: 44791 ns, At safepoint: 21667 ns, Total: 350542 ns
[2025-09-10T09:07:59.270+0000][121][info ][safepoint   ] Safepoint "Cleanup", Time since last: 7007693503 ns, Reaching safepoint: 112250 ns, Cleanup: 18750 ns, At safepoint: 9500 ns, Total: 140500 ns
[2025-09-10T09:08:01.272+0000][121][info ][safepoint   ] Safepoint "Cleanup", Time since last: 2002097750 ns, Reaching safepoint: 178959 ns, Cleanup: 26708 ns, At safepoint: 21125 ns, Total: 226792 ns
[2025-09-10T09:08:03.274+0000][121][info ][safepoint   ] Safepoint "Cleanup", Time since last: 2001739751 ns, Reaching safepoint: 21125 ns, Cleanup: 23083 ns, At safepoint: 10750 ns, Total: 54958 ns
[2025-09-10T09:08:04.275+0000][121][info ][safepoint   ] Safepoint "Cleanup", Time since last: 1000675376 ns, Reaching safepoint: 13458 ns, Cleanup: 20708 ns, At safepoint: 6459 ns, Total: 40625 ns
[2025-09-10T09:08:09.280+0000][121][info ][safepoint   ] Safepoint "Cleanup", Time since last: 5004830085 ns, Reaching safepoint: 17750 ns, Cleanup: 17834 ns, At safepoint: 9583 ns, Total: 45167 ns
[2025-09-10T09:08:19.291+0000][121][info ][safepoint   ] Safepoint "Cleanup", Time since last: 10011183338 ns, Reaching safepoint: 148667 ns, Cleanup: 22625 ns, At safepoint: 9500 ns, Total: 180792 ns
[2025-09-10T09:08:24.936+0000][121][info ][safepoint   ] Safepoint "Cleanup", Time since last: 5644774294 ns, Reaching safepoint: 8458 ns, Cleanup: 16542 ns, At safepoint: 10042 ns, Total: 35042 ns
[2025-09-10T09:08:26.361+0000][121][info ][safepoint   ] Safepoint "Cleanup", Time since last: 1425505000 ns, Reaching safepoint: 18834 ns, Cleanup: 21458 ns, At safepoint: 5750 ns, Total: 46042 ns
[2025-09-10T09:08:27.742+0000][121][info ][safepoint   ] Safepoint "Cleanup", Time since last: 1380557542 ns, Reaching safepoint: 5209 ns, Cleanup: 11500 ns, At safepoint: 4750 ns, Total: 21459 ns
[2025-09-10T09:08:34.696+0000][121][info ][safepoint   ] Safepoint "Cleanup", Time since last: 6954374627 ns, Reaching safepoint: 62917 ns, Cleanup: 11291 ns, At safepoint: 17750 ns, Total: 91958 ns
[2025-09-10T09:08:37.700+0000][121][info ][safepoint   ] Safepoint "Cleanup", Time since last: 3003567544 ns, Reaching safepoint: 205541 ns, Cleanup: 41792 ns, At safepoint: 20500 ns, Total: 267833 ns
[2025-09-10T09:08:39.976+0000][121][info ][safepoint   ] Safepoint "Cleanup", Time since last: 2275639501 ns, Reaching safepoint: 18708 ns, Cleanup: 18750 ns, At safepoint: 14500 ns, Total: 51958 ns
[2025-09-10T09:08:41.486+0000][121][info ][safepoint   ] Safepoint "Cleanup", Time since last: 1510354918 ns, Reaching safepoint: 26083 ns, Cleanup: 44000 ns, At safepoint: 14583 ns, Total: 84666 ns
[2025-09-10T09:08:45.907+0000][121][info ][safepoint   ] Safepoint "Cleanup", Time since last: 4421376461 ns, Reaching safepoint: 4166 ns, Cleanup: 10834 ns, At safepoint: 1958 ns, Total: 16958 ns
[2025-09-10T09:08:47.547+0000][121][info ][safepoint   ] Safepoint "Cleanup", Time since last: 1639043918 ns, Reaching safepoint: 33291 ns, Cleanup: 51042 ns, At safepoint: 8375 ns, Total: 92708 ns
[2025-09-10T09:08:48.548+0000][121][info ][safepoint   ] Safepoint "Cleanup", Time since last: 1000856834 ns, Reaching safepoint: 138125 ns, Cleanup: 76041 ns, At safepoint: 28750 ns, Total: 242916 ns
[2025-09-10T09:08:52.553+0000][121][info ][safepoint   ] Safepoint "Cleanup", Time since last: 4004361461 ns, Reaching safepoint: 615291 ns, Cleanup: 55000 ns, At safepoint: 45084 ns, Total: 715375 ns
[2025-09-10T09:08:59.559+0000][121][info ][safepoint   ] Safepoint "Cleanup", Time since last: 7006511128 ns, Reaching safepoint: 19375 ns, Cleanup: 14625 ns, At safepoint: 5000 ns, Total: 39000 ns
[2025-09-10T09:09:20.581+0000][121][info ][safepoint   ] Safepoint "Cleanup", Time since last: 21022150301 ns, Reaching safepoint: 372875 ns, Cleanup: 21709 ns, At safepoint: 17625 ns, Total: 412209 ns
[2025-09-10T09:09:22.584+0000][121][info ][safepoint   ] Safepoint "Cleanup", Time since last: 2002938209 ns, Reaching safepoint: 34250 ns, Cleanup: 36167 ns, At safepoint: 10500 ns, Total: 80917 ns
[2025-09-10T09:09:23.585+0000][121][info ][safepoint   ] Safepoint "Cleanup", Time since last: 1000578500 ns, Reaching safepoint: 88458 ns, Cleanup: 26625 ns, At safepoint: 6667 ns, Total: 121750 ns
[2025-09-10T09:09:28.590+0000][121][info ][safepoint   ] Safepoint "Cleanup", Time since last: 5004882628 ns, Reaching safepoint: 54541 ns, Cleanup: 27542 ns, At safepoint: 13792 ns, Total: 95875 ns
[2025-09-10T09:09:33.597+0000][121][info ][safepoint   ] Safepoint "Cleanup", Time since last: 5007054126 ns, Reaching safepoint: 167792 ns, Cleanup: 16083 ns, At safepoint: 11792 ns, Total: 195667 ns
[2025-09-10T09:09:37.606+0000][121][info ][safepoint   ] Safepoint "Cleanup", Time since last: 4008194210 ns, Reaching safepoint: 137334 ns, Cleanup: 14541 ns, At safepoint: 7625 ns, Total: 159500 ns
[2025-09-10T09:09:41.498+0000][121][info ][safepoint   ] Safepoint "Cleanup", Time since last: 3892197710 ns, Reaching safepoint: 106292 ns, Cleanup: 67958 ns, At safepoint: 28167 ns, Total: 202417 ns
[2025-09-10T09:09:42.932+0000][121][info ][safepoint   ] Safepoint "Cleanup", Time since last: 1434231876 ns, Reaching safepoint: 5125 ns, Cleanup: 10666 ns, At safepoint: 8625 ns, Total: 24416 ns
[2025-09-10T09:09:44.642+0000][121][info ][safepoint   ] Safepoint "Cleanup", Time since last: 1710153918 ns, Reaching safepoint: 18833 ns, Cleanup: 32459 ns, At safepoint: 7708 ns, Total: 59000 ns
[2025-09-10T09:09:52.691+0000][121][info ][safepoint   ] Safepoint "Cleanup", Time since last: 8048859712 ns, Reaching safepoint: 14625 ns, Cleanup: 20208 ns, At safepoint: 10834 ns, Total: 45667 ns
[2025-09-10T09:09:58.698+0000][121][info ][safepoint   ] Safepoint "Cleanup", Time since last: 6006726461 ns, Reaching safepoint: 11833 ns, Cleanup: 17792 ns, At safepoint: 3875 ns, Total: 33500 ns
[2025-09-10T09:09:59.699+0000][121][info ][safepoint   ] Safepoint "Cleanup", Time since last: 1001154875 ns, Reaching safepoint: 12500 ns, Cleanup: 11709 ns, At safepoint: 6083 ns, Total: 30292 ns
[2025-09-10T09:10:07.704+0000][121][info ][safepoint   ] Safepoint "Cleanup", Time since last: 8005436837 ns, Reaching safepoint: 85791 ns, Cleanup: 20084 ns, At safepoint: 8625 ns, Total: 114500 ns
[2025-09-10T09:10:10.707+0000][121][info ][safepoint   ] Safepoint "Cleanup", Time since last: 3002827293 ns, Reaching safepoint: 209125 ns, Cleanup: 33500 ns, At safepoint: 17000 ns, Total: 259625 ns
[2025-09-10T09:10:15.712+0000][121][info ][safepoint   ] Safepoint "Cleanup", Time since last: 5004919460 ns, Reaching safepoint: 57750 ns, Cleanup: 22750 ns, At safepoint: 12084 ns, Total: 92584 ns
[2025-09-10T09:10:16.713+0000][121][info ][safepoint   ] Safepoint "Cleanup", Time since last: 1000783667 ns, Reaching safepoint: 58917 ns, Cleanup: 35333 ns, At safepoint: 28375 ns, Total: 122625 ns
[2025-09-10T09:10:46.774+0000][121][info ][safepoint   ] Safepoint "Cleanup", Time since last: 30060665638 ns, Reaching safepoint: 40125 ns, Cleanup: 29709 ns, At safepoint: 8791 ns, Total: 78625 ns
[2025-09-10T09:10:47.800+0000][121][info ][safepoint   ] Safepoint "Cleanup", Time since last: 1026127584 ns, Reaching safepoint: 49708 ns, Cleanup: 32834 ns, At safepoint: 12416 ns, Total: 94958 ns
[2025-09-10T09:10:59.841+0000][121][info ][safepoint   ] Safepoint "Cleanup", Time since last: 12040017798 ns, Reaching safepoint: 430041 ns, Cleanup: 32125 ns, At safepoint: 45875 ns, Total: 508041 ns
[2025-09-10T09:11:00.842+0000][121][info ][safepoint   ] Safepoint "Cleanup", Time since last: 1001343667 ns, Reaching safepoint: 15333 ns, Cleanup: 11334 ns, At safepoint: 7583 ns, Total: 34250 ns
[2025-09-10T09:11:19.864+0000][121][info ][safepoint   ] Safepoint "Cleanup", Time since last: 19021233801 ns, Reaching safepoint: 469625 ns, Cleanup: 38208 ns, At safepoint: 24708 ns, Total: 532541 ns
[2025-09-10T09:11:27.871+0000][121][info ][safepoint   ] Safepoint "Cleanup", Time since last: 8007287421 ns, Reaching safepoint: 39333 ns, Cleanup: 18084 ns, At safepoint: 12875 ns, Total: 70292 ns
[2025-09-10T09:11:45.815+0000][121][info ][safepoint   ] Safepoint "Cleanup", Time since last: 17944065174 ns, Reaching safepoint: 53750 ns, Cleanup: 32959 ns, At safepoint: 10291 ns, Total: 97000 ns
[2025-09-10T09:11:47.818+0000][121][info ][safepoint   ] Safepoint "Cleanup", Time since last: 2003152418 ns, Reaching safepoint: 26667 ns, Cleanup: 18625 ns, At safepoint: 7208 ns, Total: 52500 ns
[2025-09-10T09:11:49.026+0000][121][info ][safepoint   ] Safepoint "Cleanup", Time since last: 1208081542 ns, Reaching safepoint: 7417 ns, Cleanup: 21875 ns, At safepoint: 5292 ns, Total: 34584 ns
[2025-09-10T09:11:50.988+0000][121][info ][safepoint   ] Safepoint "Cleanup", Time since last: 1961657501 ns, Reaching safepoint: 44666 ns, Cleanup: 84125 ns, At safepoint: 53667 ns, Total: 182458 ns
[2025-09-10T09:11:54.992+0000][121][info ][safepoint   ] Safepoint "Cleanup", Time since last: 4003586085 ns, Reaching safepoint: 262500 ns, Cleanup: 29417 ns, At safepoint: 28875 ns, Total: 320792 ns
[2025-09-10T09:11:55.999+0000][121][info ][safepoint   ] Safepoint "Cleanup", Time since last: 1007242917 ns, Reaching safepoint: 5917 ns, Cleanup: 18375 ns, At safepoint: 7333 ns, Total: 31625 ns
[2025-09-10T09:11:58.012+0000][121][info ][safepoint   ] Safepoint "Cleanup", Time since last: 2012658334 ns, Reaching safepoint: 24875 ns, Cleanup: 17584 ns, At safepoint: 20958 ns, Total: 63417 ns
[2025-09-10T09:12:00.016+0000][121][info ][safepoint   ] Safepoint "Cleanup", Time since last: 2003694251 ns, Reaching safepoint: 49833 ns, Cleanup: 20875 ns, At safepoint: 8750 ns, Total: 79458 ns
[2025-09-10T09:12:03.019+0000][121][info ][safepoint   ] Safepoint "Cleanup", Time since last: 3003776085 ns, Reaching safepoint: 178875 ns, Cleanup: 30458 ns, At safepoint: 18875 ns, Total: 228208 ns
[2025-09-10T09:12:04.020+0000][121][info ][safepoint   ] Safepoint "Cleanup", Time since last: 1000820875 ns, Reaching safepoint: 18917 ns, Cleanup: 15708 ns, At safepoint: 6875 ns, Total: 41500 ns
[2025-09-10T09:12:06.022+0000][121][info ][safepoint   ] Safepoint "Cleanup", Time since last: 2001963751 ns, Reaching safepoint: 13584 ns, Cleanup: 13625 ns, At safepoint: 6958 ns, Total: 34167 ns
[2025-09-10T09:12:08.024+0000][121][info ][safepoint   ] Safepoint "Cleanup", Time since last: 2001995501 ns, Reaching safepoint: 22375 ns, Cleanup: 17333 ns, At safepoint: 6584 ns, Total: 46292 ns
[2025-09-10T09:12:19.042+0000][121][info ][safepoint   ] Safepoint "Cleanup", Time since last: 11018152172 ns, Reaching safepoint: 32875 ns, Cleanup: 14833 ns, At safepoint: 7208 ns, Total: 54916 ns
[2025-09-10T09:12:52.020+0000][121][info ][safepoint   ] Safepoint "Cleanup", Time since last: 32978799724 ns, Reaching safepoint: 47875 ns, Cleanup: 17375 ns, At safepoint: 9292 ns, Total: 74542 ns
[2025-09-10T09:12:53.160+0000][121][info ][safepoint   ] Safepoint "Cleanup", Time since last: 1139969667 ns, Reaching safepoint: 159208 ns, Cleanup: 31459 ns, At safepoint: 15250 ns, Total: 205917 ns
[2025-09-10T09:12:58.211+0000][121][info ][safepoint   ] Safepoint "Cleanup", Time since last: 5049791460 ns, Reaching safepoint: 24917 ns, Cleanup: 72667 ns, At safepoint: 16583 ns, Total: 114167 ns
[2025-09-10T09:12:59.233+0000][121][info ][safepoint   ] Safepoint "Cleanup", Time since last: 1021901084 ns, Reaching safepoint: 193542 ns, Cleanup: 29000 ns, At safepoint: 19875 ns, Total: 242417 ns
[2025-09-10T09:13:01.235+0000][121][info ][safepoint   ] Safepoint "Cleanup", Time since last: 2001639417 ns, Reaching safepoint: 39958 ns, Cleanup: 17458 ns, At safepoint: 7959 ns, Total: 65375 ns
[2025-09-10T09:13:03.238+0000][121][info ][safepoint   ] Safepoint "Cleanup", Time since last: 2002905167 ns, Reaching safepoint: 19875 ns, Cleanup: 27500 ns, At safepoint: 9375 ns, Total: 56750 ns
[2025-09-10T09:13:11.247+0000][121][info ][safepoint   ] Safepoint "Cleanup", Time since last: 8008823504 ns, Reaching safepoint: 743667 ns, Cleanup: 49292 ns, At safepoint: 34333 ns, Total: 827292 ns
[2025-09-10T09:13:13.047+0000][121][info ][safepoint   ] Safepoint "Cleanup", Time since last: 1800160751 ns, Reaching safepoint: 6333 ns, Cleanup: 73708 ns, At safepoint: 82167 ns, Total: 162208 ns
[2025-09-10T09:13:13.246+0000][121][info ][safepoint   ] Safepoint "ICBufferFull", Time since last: 196869959 ns, Reaching safepoint: 1339333 ns, Cleanup: 179208 ns, At safepoint: 25584 ns, Total: 1544125 ns
[2025-09-10T09:13:13.875+0000][121][info ][gc,start    ] GC(29) Pause Young (Prepare Mixed) (G1 Evacuation Pause)
[2025-09-10T09:13:13.876+0000][121][info ][gc,task     ] GC(29) Using 8 workers of 8 for evacuation
[2025-09-10T09:13:13.876+0000][121][debug][gc,age      ] GC(29) Desired survivor size 41943040 bytes, new threshold 15 (max threshold 15)
[2025-09-10T09:13:13.938+0000][121][info ][gc,phases   ] GC(29)   Pre Evacuate Collection Set: 0.44ms
[2025-09-10T09:13:13.938+0000][121][info ][gc,phases   ] GC(29)   Merge Heap Roots: 0.23ms
[2025-09-10T09:13:13.938+0000][121][info ][gc,phases   ] GC(29)   Evacuate Collection Set: 57.32ms
[2025-09-10T09:13:13.938+0000][121][info ][gc,phases   ] GC(29)   Post Evacuate Collection Set: 3.32ms
[2025-09-10T09:13:13.938+0000][121][info ][gc,phases   ] GC(29)   Other: 0.22ms
[2025-09-10T09:13:13.938+0000][121][trace][gc,age      ] GC(29) Age table with threshold 15 (max threshold 15)
[2025-09-10T09:13:13.938+0000][121][trace][gc,age      ] GC(29) - age   1:    1243576 bytes,    1243576 total
[2025-09-10T09:13:13.938+0000][121][trace][gc,age      ] GC(29) - age   2:      80736 bytes,    1324312 total
[2025-09-10T09:13:13.938+0000][121][trace][gc,age      ] GC(29) - age   3:      54936 bytes,    1379248 total
[2025-09-10T09:13:13.938+0000][121][trace][gc,age      ] GC(29) - age   4:      80688 bytes,    1459936 total
[2025-09-10T09:13:13.938+0000][121][trace][gc,age      ] GC(29) - age   5:     209456 bytes,    1669392 total
[2025-09-10T09:13:13.938+0000][121][trace][gc,age      ] GC(29) - age   6:       3696 bytes,    1673088 total
[2025-09-10T09:13:13.938+0000][121][trace][gc,age      ] GC(29) - age   7:    2768880 bytes,    4441968 total
[2025-09-10T09:13:13.938+0000][121][trace][gc,age      ] GC(29) - age   8:     836808 bytes,    5278776 total
[2025-09-10T09:13:13.938+0000][121][trace][gc,age      ] GC(29) - age   9:    3686448 bytes,    8965224 total
[2025-09-10T09:13:13.938+0000][121][trace][gc,age      ] GC(29) - age  10:    2522224 bytes,   11487448 total
[2025-09-10T09:13:13.938+0000][121][trace][gc,age      ] GC(29) - age  11:   17916760 bytes,   29404208 total
[2025-09-10T09:13:13.938+0000][121][trace][gc,age      ] GC(29) - age  12:        384 bytes,   29404592 total
[2025-09-10T09:13:13.938+0000][121][info ][gc,heap     ] GC(29) Eden regions: 145->0(145)
[2025-09-10T09:13:13.938+0000][121][info ][gc,heap     ] GC(29) Survivor regions: 8->8(20)
[2025-09-10T09:13:13.938+0000][121][info ][gc,heap     ] GC(29) Old regions: 29->29
[2025-09-10T09:13:13.938+0000][121][info ][gc,heap     ] GC(29) Humongous regions: 2->2
[2025-09-10T09:13:13.938+0000][121][info ][gc,metaspace] GC(29) Metaspace: 158429K(165120K)->158429K(165120K) NonClass: 137067K(141120K)->137067K(141120K) Class: 21361K(24000K)->21361K(24000K)
[2025-09-10T09:13:13.938+0000][121][info ][gc          ] GC(29) Pause Young (Prepare Mixed) (G1 Evacuation Pause) 731M->151M(1024M) 63.862ms
[2025-09-10T09:13:13.939+0000][121][info ][gc,cpu      ] GC(29) User=0.36s Sys=0.02s Real=0.06s
[2025-09-10T09:13:13.939+0000][121][info ][safepoint   ] Safepoint "G1CollectForAllocation", Time since last: 628409375 ns, Reaching safepoint: 88417 ns, Cleanup: 88708 ns, At safepoint: 64092792 ns, Total: 64269917 ns
[2025-09-10T09:13:15.351+0000][121][info ][safepoint   ] Safepoint "Cleanup", Time since last: 1411995792 ns, Reaching safepoint: 86208 ns, Cleanup: 55500 ns, At safepoint: 21417 ns, Total: 163125 ns
[2025-09-10T09:13:16.547+0000][121][info ][safepoint   ] Safepoint "Cleanup", Time since last: 1196095375 ns, Reaching safepoint: 74417 ns, Cleanup: 31042 ns, At safepoint: 10958 ns, Total: 116417 ns
[2025-09-10T09:13:17.567+0000][121][info ][safepoint   ] Safepoint "Cleanup", Time since last: 1019566834 ns, Reaching safepoint: 92625 ns, Cleanup: 34292 ns, At safepoint: 8416 ns, Total: 135333 ns
[2025-09-10T09:13:19.201+0000][121][info ][safepoint   ] Safepoint "Cleanup", Time since last: 1632111168 ns, Reaching safepoint: 1646500 ns, Cleanup: 376750 ns, At safepoint: 31541 ns, Total: 2054791 ns
[2025-09-10T09:13:21.208+0000][121][info ][safepoint   ] Safepoint "Cleanup", Time since last: 2003421460 ns, Reaching safepoint: 3106541 ns, Cleanup: 302834 ns, At safepoint: 98625 ns, Total: 3508000 ns
[2025-09-10T09:13:22.210+0000][121][info ][safepoint   ] Safepoint "Cleanup", Time since last: 1001698917 ns, Reaching safepoint: 46833 ns, Cleanup: 16792 ns, At safepoint: 9833 ns, Total: 73458 ns
[2025-09-10T09:13:23.211+0000][121][info ][safepoint   ] Safepoint "Cleanup", Time since last: 1000964667 ns, Reaching safepoint: 180875 ns, Cleanup: 32750 ns, At safepoint: 8709 ns, Total: 222334 ns
[2025-09-10T09:13:25.215+0000][121][info ][safepoint   ] Safepoint "Cleanup", Time since last: 2001906667 ns, Reaching safepoint: 2023375 ns, Cleanup: 96875 ns, At safepoint: 62084 ns, Total: 2182334 ns
[2025-09-10T09:13:28.848+0000][121][info ][safepoint   ] Safepoint "Cleanup", Time since last: 3630699501 ns, Reaching safepoint: 2305459 ns, Cleanup: 72708 ns, At safepoint: 72875 ns, Total: 2451042 ns
[2025-09-10T09:13:41.082+0000][121][info ][safepoint   ] Safepoint "Cleanup", Time since last: 12234550214 ns, Reaching safepoint: 234708 ns, Cleanup: 35833 ns, At safepoint: 28125 ns, Total: 298666 ns
[2025-09-10T09:13:43.086+0000][121][info ][safepoint   ] Safepoint "Cleanup", Time since last: 2003903709 ns, Reaching safepoint: 37334 ns, Cleanup: 17208 ns, At safepoint: 8125 ns, Total: 62667 ns
[2025-09-10T09:13:48.093+0000][121][info ][safepoint   ] Safepoint "Cleanup", Time since last: 5005807419 ns, Reaching safepoint: 598917 ns, Cleanup: 35750 ns, At safepoint: 35458 ns, Total: 670125 ns
[2025-09-10T09:13:53.332+0000][121][info ][safepoint   ] Safepoint "Cleanup", Time since last: 5239667919 ns, Reaching safepoint: 172500 ns, Cleanup: 60542 ns, At safepoint: 28333 ns, Total: 261375 ns
[2025-09-10T09:13:55.051+0000][121][info ][safepoint   ] Safepoint "Cleanup", Time since last: 1718643543 ns, Reaching safepoint: 6167 ns, Cleanup: 10375 ns, At safepoint: 5916 ns, Total: 22458 ns
[2025-09-10T09:13:56.964+0000][121][info ][safepoint   ] Safepoint "Cleanup", Time since last: 1911968209 ns, Reaching safepoint: 802709 ns, Cleanup: 54875 ns, At safepoint: 24500 ns, Total: 882084 ns
[2025-09-10T09:13:58.972+0000][121][info ][safepoint   ] Safepoint "Cleanup", Time since last: 2007583459 ns, Reaching safepoint: 306417 ns, Cleanup: 59875 ns, At safepoint: 33083 ns, Total: 399375 ns
[2025-09-10T09:13:59.973+0000][121][info ][safepoint   ] Safepoint "Cleanup", Time since last: 1000892251 ns, Reaching safepoint: 79833 ns, Cleanup: 47542 ns, At safepoint: 18208 ns, Total: 145583 ns
[2025-09-10T09:14:01.025+0000][121][info ][safepoint   ] Safepoint "Cleanup", Time since last: 1052198542 ns, Reaching safepoint: 9500 ns, Cleanup: 21125 ns, At safepoint: 3833 ns, Total: 34458 ns
[2025-09-10T09:14:03.018+0000][121][info ][safepoint   ] Safepoint "Cleanup", Time since last: 1993277626 ns, Reaching safepoint: 84208 ns, Cleanup: 55417 ns, At safepoint: 18917 ns, Total: 158542 ns
[2025-09-10T09:14:10.026+0000][121][info ][safepoint   ] Safepoint "Cleanup", Time since last: 7007578753 ns, Reaching safepoint: 41500 ns, Cleanup: 18458 ns, At safepoint: 16542 ns, Total: 76500 ns
[2025-09-10T09:14:11.028+0000][121][info ][safepoint   ] Safepoint "Cleanup", Time since last: 1001480584 ns, Reaching safepoint: 97458 ns, Cleanup: 39000 ns, At safepoint: 11708 ns, Total: 148166 ns
[2025-09-10T09:14:13.030+0000][121][info ][safepoint   ] Safepoint "Cleanup", Time since last: 2002083585 ns, Reaching safepoint: 440458 ns, Cleanup: 36625 ns, At safepoint: 25500 ns, Total: 502583 ns
[2025-09-10T09:14:48.222+0000][121][info ][safepoint   ] Safepoint "Cleanup", Time since last: 35191334350 ns, Reaching safepoint: 189000 ns, Cleanup: 77208 ns, At safepoint: 13625 ns, Total: 279833 ns
[2025-09-10T09:14:51.226+0000][121][info ][safepoint   ] Safepoint "Cleanup", Time since last: 3003929502 ns, Reaching safepoint: 51541 ns, Cleanup: 12292 ns, At safepoint: 10542 ns, Total: 74375 ns
[2025-09-10T09:14:53.228+0000][121][info ][safepoint   ] Safepoint "Cleanup", Time since last: 2001834292 ns, Reaching safepoint: 136292 ns, Cleanup: 16125 ns, At safepoint: 11542 ns, Total: 163959 ns
[2025-09-10T09:14:55.148+0000][121][info ][safepoint   ] Safepoint "Cleanup", Time since last: 1920347251 ns, Reaching safepoint: 5166 ns, Cleanup: 8625 ns, At safepoint: 2167 ns, Total: 15958 ns
[2025-09-10T09:14:57.137+0000][121][info ][safepoint   ] Safepoint "Cleanup", Time since last: 1988413834 ns, Reaching safepoint: 19125 ns, Cleanup: 15750 ns, At safepoint: 10125 ns, Total: 45000 ns
[2025-09-10T09:14:59.139+0000][121][info ][safepoint   ] Safepoint "Cleanup", Time since last: 2002003709 ns, Reaching safepoint: 14167 ns, Cleanup: 25000 ns, At safepoint: 8208 ns, Total: 47375 ns
[2025-09-10T09:15:03.140+0000][121][info ][safepoint   ] Safepoint "Cleanup", Time since last: 4003051543 ns, Reaching safepoint: 106333 ns, Cleanup: 80625 ns, At safepoint: 27792 ns, Total: 214750 ns
[2025-09-10T09:15:04.152+0000][121][info ][safepoint   ] Safepoint "Cleanup", Time since last: 1012552042 ns, Reaching safepoint: 5959 ns, Cleanup: 34625 ns, At safepoint: 8583 ns, Total: 49167 ns
[2025-09-10T09:15:05.163+0000][121][info ][safepoint   ] Safepoint "Cleanup", Time since last: 1010883584 ns, Reaching safepoint: 87041 ns, Cleanup: 44875 ns, At safepoint: 20084 ns, Total: 152000 ns
[2025-09-10T09:15:15.215+0000][121][info ][safepoint   ] Safepoint "Cleanup", Time since last: 10051151213 ns, Reaching safepoint: 281125 ns, Cleanup: 24416 ns, At safepoint: 29167 ns, Total: 334708 ns
[2025-09-10T09:15:23.223+0000][121][info ][safepoint   ] Safepoint "Cleanup", Time since last: 8007816337 ns, Reaching safepoint: 78334 ns, Cleanup: 60458 ns, At safepoint: 17042 ns, Total: 155834 ns
[2025-09-10T09:15:33.237+0000][121][info ][safepoint   ] Safepoint "Cleanup", Time since last: 10012620712 ns, Reaching safepoint: 277833 ns, Cleanup: 28917 ns, At safepoint: 17583 ns, Total: 324333 ns
[2025-09-10T09:15:48.349+0000][121][info ][safepoint   ] Safepoint "Cleanup", Time since last: 15111664133 ns, Reaching safepoint: 86708 ns, Cleanup: 17542 ns, At safepoint: 12750 ns, Total: 117000 ns
[2025-09-10T09:15:58.039+0000][121][info ][safepoint   ] Safepoint "Cleanup", Time since last: 9689877629 ns, Reaching safepoint: 5500 ns, Cleanup: 10375 ns, At safepoint: 4459 ns, Total: 20334 ns
[2025-09-10T09:16:07.381+0000][121][info ][safepoint   ] Safepoint "Cleanup", Time since last: 9342072336 ns, Reaching safepoint: 86167 ns, Cleanup: 77875 ns, At safepoint: 9167 ns, Total: 173209 ns
[2025-09-10T09:16:09.407+0000][121][info ][safepoint   ] Safepoint "Cleanup", Time since last: 2025722292 ns, Reaching safepoint: 16542 ns, Cleanup: 12708 ns, At safepoint: 10375 ns, Total: 39625 ns
[2025-09-10T09:16:11.408+0000][121][info ][safepoint   ] Safepoint "Cleanup", Time since last: 2000978918 ns, Reaching safepoint: 32542 ns, Cleanup: 22125 ns, At safepoint: 9083 ns, Total: 63750 ns
[2025-09-10T09:16:13.409+0000][121][info ][safepoint   ] Safepoint "Cleanup", Time since last: 2001692543 ns, Reaching safepoint: 18208 ns, Cleanup: 13542 ns, At safepoint: 5250 ns, Total: 37000 ns
[2025-09-10T09:16:31.429+0000][121][info ][safepoint   ] Safepoint "Cleanup", Time since last: 18019135549 ns, Reaching safepoint: 479375 ns, Cleanup: 33792 ns, At safepoint: 29417 ns, Total: 542584 ns
[2025-09-10T09:16:32.430+0000][121][info ][safepoint   ] Safepoint "Cleanup", Time since last: 1001291250 ns, Reaching safepoint: 19583 ns, Cleanup: 11292 ns, At safepoint: 6625 ns, Total: 37500 ns
[2025-09-10T09:16:33.433+0000][121][info ][safepoint   ] Safepoint "Cleanup", Time since last: 1001564876 ns, Reaching safepoint: 117583 ns, Cleanup: 187583 ns, At safepoint: 19709 ns, Total: 324875 ns
[2025-09-10T09:16:38.441+0000][121][info ][safepoint   ] Safepoint "Cleanup", Time since last: 5006309002 ns, Reaching safepoint: 2322125 ns, Cleanup: 70000 ns, At safepoint: 20583 ns, Total: 2412708 ns
[2025-09-10T09:16:45.502+0000][121][info ][safepoint   ] Safepoint "Cleanup", Time since last: 7060512670 ns, Reaching safepoint: 651167 ns, Cleanup: 109625 ns, At safepoint: 76917 ns, Total: 837709 ns
[2025-09-10T09:16:53.513+0000][121][info ][safepoint   ] Safepoint "Cleanup", Time since last: 8009559712 ns, Reaching safepoint: 1562500 ns, Cleanup: 45583 ns, At safepoint: 65208 ns, Total: 1673291 ns
[2025-09-10T09:16:59.518+0000][121][info ][safepoint   ] Safepoint "Cleanup", Time since last: 6004756503 ns, Reaching safepoint: 32334 ns, Cleanup: 31083 ns, At safepoint: 12167 ns, Total: 75584 ns
[2025-09-10T09:17:01.578+0000][121][info ][safepoint   ] Safepoint "Cleanup", Time since last: 2060232667 ns, Reaching safepoint: 6833 ns, Cleanup: 22792 ns, At safepoint: 10417 ns, Total: 40042 ns
[2025-09-10T09:17:03.603+0000][121][info ][safepoint   ] Safepoint "Cleanup", Time since last: 2024779417 ns, Reaching safepoint: 251209 ns, Cleanup: 28333 ns, At safepoint: 21083 ns, Total: 300625 ns
[2025-09-10T09:17:10.132+0000][121][info ][safepoint   ] Safepoint "Cleanup", Time since last: 6528830795 ns, Reaching safepoint: 23125 ns, Cleanup: 22875 ns, At safepoint: 4875 ns, Total: 50875 ns
[2025-09-10T09:17:11.635+0000][121][info ][safepoint   ] Safepoint "Cleanup", Time since last: 1501805167 ns, Reaching safepoint: 79125 ns, Cleanup: 458417 ns, At safepoint: 39417 ns, Total: 576959 ns
[2025-09-10T09:17:15.642+0000][121][info ][safepoint   ] Safepoint "Cleanup", Time since last: 4007349293 ns, Reaching safepoint: 481792 ns, Cleanup: 22917 ns, At safepoint: 26625 ns, Total: 531334 ns
[2025-09-10T09:17:17.645+0000][121][info ][safepoint   ] Safepoint "Cleanup", Time since last: 2002536917 ns, Reaching safepoint: 27417 ns, Cleanup: 39458 ns, At safepoint: 21042 ns, Total: 87917 ns
[2025-09-10T09:17:23.652+0000][121][info ][safepoint   ] Safepoint "Cleanup", Time since last: 6005885003 ns, Reaching safepoint: 489000 ns, Cleanup: 48833 ns, At safepoint: 62625 ns, Total: 600458 ns
[2025-09-10T09:17:33.661+0000][121][info ][safepoint   ] Safepoint "Cleanup", Time since last: 10009375171 ns, Reaching safepoint: 363250 ns, Cleanup: 37417 ns, At safepoint: 32208 ns, Total: 432875 ns
[2025-09-10T09:17:38.669+0000][121][info ][safepoint   ] Safepoint "Cleanup", Time since last: 5007566127 ns, Reaching safepoint: 433625 ns, Cleanup: 42417 ns, At safepoint: 20042 ns, Total: 496084 ns
[2025-09-10T09:17:41.543+0000][121][info ][safepoint   ] Safepoint "Cleanup", Time since last: 2873542168 ns, Reaching safepoint: 185416 ns, Cleanup: 26167 ns, At safepoint: 18292 ns, Total: 229875 ns
[2025-09-10T09:17:45.549+0000][121][info ][safepoint   ] Safepoint "Cleanup", Time since last: 4006281543 ns, Reaching safepoint: 62209 ns, Cleanup: 19791 ns, At safepoint: 12667 ns, Total: 94667 ns
[2025-09-10T09:17:48.553+0000][121][info ][safepoint   ] Safepoint "Cleanup", Time since last: 3003891668 ns, Reaching safepoint: 141667 ns, Cleanup: 83541 ns, At safepoint: 31500 ns, Total: 256708 ns
[2025-09-10T09:17:53.559+0000][121][info ][safepoint   ] Safepoint "Cleanup", Time since last: 5005421794 ns, Reaching safepoint: 240542 ns, Cleanup: 112500 ns, At safepoint: 38667 ns, Total: 391709 ns
[2025-09-10T09:18:04.753+0000][121][info ][safepoint   ] Safepoint "Cleanup", Time since last: 11194053421 ns, Reaching safepoint: 16167 ns, Cleanup: 41875 ns, At safepoint: 13292 ns, Total: 71334 ns
[2025-09-10T09:18:07.791+0000][121][info ][safepoint   ] Safepoint "Cleanup", Time since last: 3037847876 ns, Reaching safepoint: 75709 ns, Cleanup: 39000 ns, At safepoint: 17500 ns, Total: 132209 ns
[2025-09-10T09:18:14.834+0000][121][info ][safepoint   ] Safepoint "Cleanup", Time since last: 7042585920 ns, Reaching safepoint: 511833 ns, Cleanup: 80000 ns, At safepoint: 64542 ns, Total: 656375 ns
[2025-09-10T09:18:15.835+0000][121][info ][safepoint   ] Safepoint "Cleanup", Time since last: 1001227375 ns, Reaching safepoint: 20917 ns, Cleanup: 24166 ns, At safepoint: 9459 ns, Total: 54542 ns
[2025-09-10T09:18:17.837+0000][121][info ][safepoint   ] Safepoint "Cleanup", Time since last: 2001993417 ns, Reaching safepoint: 50084 ns, Cleanup: 23416 ns, At safepoint: 12375 ns, Total: 85875 ns
[2025-09-10T09:18:18.838+0000][121][info ][safepoint   ] Safepoint "Cleanup", Time since last: 1000812793 ns, Reaching safepoint: 144916 ns, Cleanup: 38209 ns, At safepoint: 11166 ns, Total: 194291 ns
[2025-09-10T09:18:19.840+0000][121][info ][safepoint   ] Safepoint "Cleanup", Time since last: 1000669959 ns, Reaching safepoint: 1019417 ns, Cleanup: 23041 ns, At safepoint: 12334 ns, Total: 1054792 ns
[2025-09-10T09:18:28.248+0000][121][info ][safepoint   ] Safepoint "Cleanup", Time since last: 8407215379 ns, Reaching safepoint: 175250 ns, Cleanup: 76041 ns, At safepoint: 12042 ns, Total: 263333 ns
[2025-09-10T09:18:30.021+0000][121][info ][safepoint   ] Safepoint "Cleanup", Time since last: 1772503501 ns, Reaching safepoint: 371917 ns, Cleanup: 347666 ns, At safepoint: 27125 ns, Total: 746708 ns
[2025-09-10T09:18:32.023+0000][121][info ][safepoint   ] Safepoint "Cleanup", Time since last: 2002226209 ns, Reaching safepoint: 73250 ns, Cleanup: 43125 ns, At safepoint: 10667 ns, Total: 127042 ns
[2025-09-10T09:18:41.660+0000][121][info ][safepoint   ] Safepoint "Cleanup", Time since last: 9637134963 ns, Reaching safepoint: 107416 ns, Cleanup: 34167 ns, At safepoint: 12000 ns, Total: 153583 ns
[2025-09-10T09:18:43.662+0000][121][info ][safepoint   ] Safepoint "Cleanup", Time since last: 2001967501 ns, Reaching safepoint: 20792 ns, Cleanup: 26000 ns, At safepoint: 5500 ns, Total: 52292 ns
[2025-09-10T09:18:45.665+0000][121][info ][safepoint   ] Safepoint "Cleanup", Time since last: 2002307459 ns, Reaching safepoint: 23792 ns, Cleanup: 19041 ns, At safepoint: 7750 ns, Total: 50583 ns
[2025-09-10T09:18:47.667+0000][121][info ][safepoint   ] Safepoint "Cleanup", Time since last: 2002385460 ns, Reaching safepoint: 34958 ns, Cleanup: 13917 ns, At safepoint: 13458 ns, Total: 62333 ns
[2025-09-10T09:18:49.037+0000][121][info ][safepoint   ] Safepoint "Cleanup", Time since last: 1369612584 ns, Reaching safepoint: 37042 ns, Cleanup: 72458 ns, At safepoint: 12958 ns, Total: 122458 ns
[2025-09-10T09:18:51.655+0000][121][info ][gc,start    ] GC(30) Pause Young (Mixed) (G1 Evacuation Pause)
[2025-09-10T09:18:51.656+0000][121][info ][gc,task     ] GC(30) Using 8 workers of 8 for evacuation
[2025-09-10T09:18:51.656+0000][121][debug][gc,age      ] GC(30) Desired survivor size 41943040 bytes, new threshold 15 (max threshold 15)
[2025-09-10T09:18:51.752+0000][121][info ][gc,phases   ] GC(30)   Pre Evacuate Collection Set: 0.90ms
[2025-09-10T09:18:51.753+0000][121][info ][gc,phases   ] GC(30)   Merge Heap Roots: 0.57ms
[2025-09-10T09:18:51.753+0000][121][info ][gc,phases   ] GC(30)   Evacuate Collection Set: 84.72ms
[2025-09-10T09:18:51.753+0000][121][info ][gc,phases   ] GC(30)   Post Evacuate Collection Set: 10.38ms
[2025-09-10T09:18:51.753+0000][121][info ][gc,phases   ] GC(30)   Other: 0.38ms
[2025-09-10T09:18:51.753+0000][121][trace][gc,age      ] GC(30) Age table with threshold 15 (max threshold 15)
[2025-09-10T09:18:51.753+0000][121][trace][gc,age      ] GC(30) - age   1:    1151864 bytes,    1151864 total
[2025-09-10T09:18:51.753+0000][121][trace][gc,age      ] GC(30) - age   2:     309528 bytes,    1461392 total
[2025-09-10T09:18:51.753+0000][121][trace][gc,age      ] GC(30) - age   3:      69520 bytes,    1530912 total
[2025-09-10T09:18:51.753+0000][121][trace][gc,age      ] GC(30) - age   4:      54680 bytes,    1585592 total
[2025-09-10T09:18:51.753+0000][121][trace][gc,age      ] GC(30) - age   5:      65288 bytes,    1650880 total
[2025-09-10T09:18:51.753+0000][121][trace][gc,age      ] GC(30) - age   6:     193272 bytes,    1844152 total
[2025-09-10T09:18:51.753+0000][121][trace][gc,age      ] GC(30) - age   7:       3696 bytes,    1847848 total
[2025-09-10T09:18:51.753+0000][121][trace][gc,age      ] GC(30) - age   8:    2768816 bytes,    4616664 total
[2025-09-10T09:18:51.753+0000][121][trace][gc,age      ] GC(30) - age   9:     820912 bytes,    5437576 total
[2025-09-10T09:18:51.753+0000][121][trace][gc,age      ] GC(30) - age  10:    3686064 bytes,    9123640 total
[2025-09-10T09:18:51.753+0000][121][trace][gc,age      ] GC(30) - age  11:    2522200 bytes,   11645840 total
[2025-09-10T09:18:51.753+0000][121][trace][gc,age      ] GC(30) - age  12:   17916136 bytes,   29561976 total
[2025-09-10T09:18:51.753+0000][121][trace][gc,age      ] GC(30) - age  13:        384 bytes,   29562360 total
[2025-09-10T09:18:51.753+0000][121][info ][gc,heap     ] GC(30) Eden regions: 145->0(145)
[2025-09-10T09:18:51.753+0000][121][info ][gc,heap     ] GC(30) Survivor regions: 8->8(20)
[2025-09-10T09:18:51.753+0000][121][info ][gc,heap     ] GC(30) Old regions: 29->28
[2025-09-10T09:18:51.753+0000][121][info ][gc,heap     ] GC(30) Humongous regions: 2->2
[2025-09-10T09:18:51.753+0000][121][info ][gc,metaspace] GC(30) Metaspace: 158708K(165184K)->158708K(165184K) NonClass: 137335K(141184K)->137335K(141184K) Class: 21373K(24000K)->21373K(24000K)
[2025-09-10T09:18:51.753+0000][121][info ][gc          ] GC(30) Pause Young (Mixed) (G1 Evacuation Pause) 731M->151M(1024M) 98.100ms
[2025-09-10T09:18:51.753+0000][121][info ][gc,cpu      ] GC(30) User=0.58s Sys=0.01s Real=0.10s
[2025-09-10T09:18:51.754+0000][121][info ][safepoint   ] Safepoint "G1CollectForAllocation", Time since last: 2618261585 ns, Reaching safepoint: 65958 ns, Cleanup: 6375 ns, At safepoint: 98333750 ns, Total: 98406083 ns
[2025-09-10T09:18:59.762+0000][121][info ][safepoint   ] Safepoint "Cleanup", Time since last: 8007383587 ns, Reaching safepoint: 938000 ns, Cleanup: 95084 ns, At safepoint: 52083 ns, Total: 1085167 ns
[2025-09-10T09:19:07.090+0000][121][info ][safepoint   ] Safepoint "Cleanup", Time since last: 7328531045 ns, Reaching safepoint: 339958 ns, Cleanup: 10125 ns, At safepoint: 10167 ns, Total: 360250 ns
[2025-09-10T09:19:08.122+0000][121][info ][safepoint   ] Safepoint "Cleanup", Time since last: 1031716292 ns, Reaching safepoint: 7625 ns, Cleanup: 25083 ns, At safepoint: 8333 ns, Total: 41041 ns
[2025-09-10T09:19:09.164+0000][121][info ][safepoint   ] Safepoint "Cleanup", Time since last: 1041764293 ns, Reaching safepoint: 5583 ns, Cleanup: 20750 ns, At safepoint: 11167 ns, Total: 37500 ns
[2025-09-10T09:19:16.068+0000][121][info ][safepoint   ] Safepoint "Cleanup", Time since last: 6904392670 ns, Reaching safepoint: 7666 ns, Cleanup: 17042 ns, At safepoint: 14958 ns, Total: 39666 ns
[2025-09-10T09:19:17.194+0000][121][info ][safepoint   ] Safepoint "Cleanup", Time since last: 1125685792 ns, Reaching safepoint: 25417 ns, Cleanup: 17417 ns, At safepoint: 7250 ns, Total: 50084 ns
[2025-09-10T09:19:40.804+0000][121][info ][safepoint   ] Safepoint "Cleanup", Time since last: 23610782927 ns, Reaching safepoint: 15334 ns, Cleanup: 13333 ns, At safepoint: 5167 ns, Total: 33834 ns
[2025-09-10T09:19:42.807+0000][121][info ][safepoint   ] Safepoint "Cleanup", Time since last: 2002443709 ns, Reaching safepoint: 19208 ns, Cleanup: 36792 ns, At safepoint: 12458 ns, Total: 68458 ns
[2025-09-10T09:20:07.834+0000][121][info ][safepoint   ] Safepoint "Cleanup", Time since last: 25025941053 ns, Reaching safepoint: 440958 ns, Cleanup: 36250 ns, At safepoint: 26584 ns, Total: 503792 ns
[2025-09-10T09:20:10.100+0000][121][info ][safepoint   ] Safepoint "Cleanup", Time since last: 2265936584 ns, Reaching safepoint: 6458 ns, Cleanup: 16000 ns, At safepoint: 4792 ns, Total: 27250 ns
[2025-09-10T09:20:11.352+0000][121][info ][safepoint   ] Safepoint "Cleanup", Time since last: 1252655667 ns, Reaching safepoint: 45542 ns, Cleanup: 23958 ns, At safepoint: 10542 ns, Total: 80042 ns
[2025-09-10T09:20:19.079+0000][121][info ][safepoint   ] Safepoint "Cleanup", Time since last: 7727063212 ns, Reaching safepoint: 4917 ns, Cleanup: 10250 ns, At safepoint: 7250 ns, Total: 22417 ns
[2025-09-10T09:20:20.382+0000][121][info ][safepoint   ] Safepoint "Cleanup", Time since last: 1302723375 ns, Reaching safepoint: 198167 ns, Cleanup: 49750 ns, At safepoint: 20500 ns, Total: 268417 ns
[2025-09-10T09:20:23.385+0000][121][info ][safepoint   ] Safepoint "Cleanup", Time since last: 3002929501 ns, Reaching safepoint: 28584 ns, Cleanup: 19625 ns, At safepoint: 9166 ns, Total: 57375 ns
[2025-09-10T09:20:59.947+0000][121][info ][safepoint   ] Safepoint "Cleanup", Time since last: 36561273142 ns, Reaching safepoint: 374125 ns, Cleanup: 35042 ns, At safepoint: 25958 ns, Total: 435125 ns
[2025-09-10T09:21:04.951+0000][121][info ][safepoint   ] Safepoint "Cleanup", Time since last: 5004981335 ns, Reaching safepoint: 20125 ns, Cleanup: 15167 ns, At safepoint: 7791 ns, Total: 43083 ns
[2025-09-10T09:21:12.961+0000][121][info ][safepoint   ] Safepoint "Cleanup", Time since last: 8008736212 ns, Reaching safepoint: 456167 ns, Cleanup: 44000 ns, At safepoint: 40875 ns, Total: 541042 ns
[2025-09-10T09:21:14.548+0000][121][info ][safepoint   ] Safepoint "Cleanup", Time since last: 1586036167 ns, Reaching safepoint: 793584 ns, Cleanup: 11375 ns, At safepoint: 10125 ns, Total: 815084 ns
[2025-09-10T09:21:18.552+0000][121][info ][safepoint   ] Safepoint "Cleanup", Time since last: 4004298668 ns, Reaching safepoint: 22334 ns, Cleanup: 15000 ns, At safepoint: 11541 ns, Total: 48875 ns
[2025-09-10T09:21:22.561+0000][121][info ][safepoint   ] Safepoint "Cleanup", Time since last: 4009110586 ns, Reaching safepoint: 8541 ns, Cleanup: 15250 ns, At safepoint: 8875 ns, Total: 32666 ns
[2025-09-10T09:21:25.576+0000][121][info ][safepoint   ] Safepoint "Cleanup", Time since last: 3014585127 ns, Reaching safepoint: 260750 ns, Cleanup: 45458 ns, At safepoint: 32667 ns, Total: 338875 ns
[2025-09-10T09:21:53.072+0000][121][info ][safepoint   ] Safepoint "Cleanup", Time since last: 27495960304 ns, Reaching safepoint: 191500 ns, Cleanup: 22542 ns, At safepoint: 16625 ns, Total: 230667 ns
[2025-09-10T09:21:54.073+0000][121][info ][safepoint   ] Safepoint "Cleanup", Time since last: 1001225250 ns, Reaching safepoint: 13167 ns, Cleanup: 10583 ns, At safepoint: 6125 ns, Total: 29875 ns
[2025-09-10T09:21:59.079+0000][121][info ][safepoint   ] Safepoint "Cleanup", Time since last: 5005129711 ns, Reaching safepoint: 852333 ns, Cleanup: 9958 ns, At safepoint: 19750 ns, Total: 882041 ns
[2025-09-10T09:22:02.084+0000][121][info ][safepoint   ] Safepoint "Cleanup", Time since last: 3003010793 ns, Reaching safepoint: 996333 ns, Cleanup: 28625 ns, At safepoint: 813500 ns, Total: 1838458 ns
[2025-09-10T09:22:16.136+0000][121][info ][safepoint   ] Safepoint "Cleanup", Time since last: 14052776798 ns, Reaching safepoint: 5625 ns, Cleanup: 12959 ns, At safepoint: 2291 ns, Total: 20875 ns
[2025-09-10T09:22:17.698+0000][121][info ][safepoint   ] Safepoint "Cleanup", Time since last: 1561496793 ns, Reaching safepoint: 18666 ns, Cleanup: 31125 ns, At safepoint: 14500 ns, Total: 64291 ns
[2025-09-10T09:22:25.127+0000][121][info ][safepoint   ] Safepoint "Cleanup", Time since last: 7428589421 ns, Reaching safepoint: 22583 ns, Cleanup: 21875 ns, At safepoint: 9417 ns, Total: 53875 ns
[2025-09-10T09:22:26.743+0000][121][info ][safepoint   ] Safepoint "Cleanup", Time since last: 1616675167 ns, Reaching safepoint: 39917 ns, Cleanup: 19875 ns, At safepoint: 6916 ns, Total: 66708 ns
[2025-09-10T09:22:43.183+0000][121][info ][safepoint   ] Safepoint "Cleanup", Time since last: 16441699882 ns, Reaching safepoint: 88417 ns, Cleanup: 27250 ns, At safepoint: 14250 ns, Total: 129917 ns
[2025-09-10T09:22:44.802+0000][121][info ][safepoint   ] Safepoint "Cleanup", Time since last: 1618451167 ns, Reaching safepoint: 6542 ns, Cleanup: 104875 ns, At safepoint: 7750 ns, Total: 119167 ns
[2025-09-10T09:22:54.863+0000][121][info ][safepoint   ] Safepoint "Cleanup", Time since last: 10019382130 ns, Reaching safepoint: 40611125 ns, Cleanup: 1161708 ns, At safepoint: 26667 ns, Total: 41799500 ns
[2025-09-10T09:22:56.501+0000][121][info ][safepoint   ] Safepoint "Cleanup", Time since last: 1637752584 ns, Reaching safepoint: 14500 ns, Cleanup: 96916 ns, At safepoint: 9000 ns, Total: 120416 ns
[2025-09-10T09:22:57.324+0000][121][info ][gc,heap,exit] Heap
[2025-09-10T09:22:57.325+0000][121][info ][gc,heap,exit]  garbage-first heap   total reserved 1048576K, committed 1048576K, used 567833K [0x00000000c0000000, 0x0000000100000000)
[2025-09-10T09:22:57.332+0000][121][info ][gc,heap,exit]   region size 4096K, 109 young (446464K), 8 survivors (32768K)
[2025-09-10T09:22:57.332+0000][121][info ][gc,heap,exit]  Metaspace       used 159213K, committed 165184K, reserved 1245184K
[2025-09-10T09:22:57.332+0000][121][info ][gc,heap,exit]   class space    used 21474K, committed 24000K, reserved 1048576K
