2025-09-21 18:27:36,085 - __main__ - INFO - ============================================================
2025-09-21 18:27:36,085 - __main__ - INFO - 🚀 文件結構化解析服務啟動
2025-09-21 18:27:36,086 - __main__ - INFO - 📊 設定: 掃描間隔=60秒, 批次大小=10
2025-09-21 18:27:36,087 - __main__ - INFO - ============================================================
2025-09-21 18:27:36,096 - __main__ - INFO - ✅ 資料庫連線成功: mysql:3306/fuhsin_erp_demo
2025-09-21 18:35:46,257 - __main__ - INFO - 收到中斷訊號，正在結束...
2025-09-21 18:52:22,099 - __main__ - INFO - ============================================================
2025-09-21 18:52:22,100 - __main__ - INFO - 🚀 文件結構化解析服務啟動
2025-09-21 18:52:22,100 - __main__ - INFO - 📊 設定: 掃描間隔=60秒, 批次大小=10
2025-09-21 18:52:22,101 - __main__ - INFO - ============================================================
2025-09-21 18:52:22,105 - __main__ - INFO - ✅ 資料庫連線成功: mysql:3306/fuhsin_erp_demo
2025-09-21 18:52:22,109 - __main__ - INFO - ✅ 確認表格存在: structured_documents
2025-09-21 18:52:22,130 - __main__ - INFO - ✅ 確認表格存在: document_parse_status
2025-09-21 18:52:22,138 - __main__ - INFO - 🔄 開始處理 10 份文件
2025-09-21 18:52:22,138 - __main__ - INFO - 📄 開始處理文件: T鎖-設變單通知單.pdf (ID: 1b587728e54700bf29d9ada689598b31)
2025-09-21 18:52:22,140 - __main__ - INFO -   識別類型: 設變通知單
2025-09-21 18:52:22,150 - __main__ - INFO -   ✅ 解析成功: LD113051R  日期:2024/9/8
2025-09-21 18:52:22,150 - __main__ - INFO - 📄 開始處理文件: T鎖-設變單通知單-3.pdf (ID: 220481c684f34e438a29eaa2e76acdb2)
2025-09-21 18:52:22,150 - __main__ - INFO -   識別類型: 設變通知單
2025-09-21 18:52:22,153 - __main__ - INFO -   ✅ 解析成功: LD113052  日期:2024/8/15
2025-09-21 18:52:22,153 - __main__ - INFO - 📄 開始處理文件: T鎖-設變單通知單-2.pdf (ID: 586b5cf0bb605cb8c3d3c45228424a18)
2025-09-21 18:52:22,154 - __main__ - INFO -   識別類型: 設變通知單
2025-09-21 18:52:22,158 - __main__ - INFO -   ✅ 解析成功: EC-K-24-H-209  全適用規範: 全部
2025-09-21 18:52:22,158 - __main__ - INFO - 📄 開始處理文件: T鎖-設變單申請單.pdf (ID: b726ea652266f977557a03eff4d99d63)
2025-09-21 18:52:22,158 - __main__ - INFO -   識別類型: 客訴單
2025-09-21 18:52:22,162 - __main__ - INFO -   ✅ 解析成功: AUTO_b726ea65
2025-09-21 18:52:22,162 - __main__ - INFO - 📄 開始處理文件: T鎖-設變單申請單-3.pdf (ID: 63d649ec07a4c03cd7e560e41bb008dd)
2025-09-21 18:52:22,162 - __main__ - INFO -   識別類型: 客訴單
2025-09-21 18:52:22,165 - __main__ - INFO -   ✅ 解析成功: AUTO_63d649ec
2025-09-21 18:52:22,165 - __main__ - INFO - 📄 開始處理文件: T鎖-設變單申請單-2.pdf (ID: febe31b61127f57cda7c6d0ea0956963)
2025-09-21 18:52:22,166 - __main__ - INFO -   識別類型: 設變通知單
2025-09-21 18:52:22,168 - __main__ - INFO -   ✅ 解析成功: 其他
2025-09-21 18:52:22,168 - __main__ - INFO - 📄 開始處理文件: T鎖-客訴資料.pdf (ID: 3cf71fab9c44316b2c547e2421bc6c9e)
2025-09-21 18:52:22,168 - __main__ - INFO -   識別類型: 客訴單
2025-09-21 18:52:22,174 - __main__ - INFO -   ✅ 解析成功: CPR-K-Q-24-G-B002
2025-09-21 18:52:22,174 - __main__ - INFO - 📄 開始處理文件: T鎖-FMEA.pdf (ID: 104a64607ee0a7f76dd02d527d9a0583)
2025-09-21 18:52:22,174 - __main__ - INFO -   識別類型: FMEA
2025-09-21 18:52:22,176 - __main__ - INFO -   ✅ 解析成功: R24138
2025-09-21 18:52:22,176 - __main__ - INFO - 📄 開始處理文件: L鎖-設變單通知單.pdf (ID: f97675b378548c68a58b04df0be5ac0e)
2025-09-21 18:52:22,176 - __main__ - INFO -   識別類型: 設變通知單
2025-09-21 18:52:22,179 - __main__ - INFO -   ✅ 解析成功: L113143  日期:2024/4/18
2025-09-21 18:52:22,179 - __main__ - INFO - 📄 開始處理文件: L鎖-設變單申請單.pdf (ID: 29f383c52a6df13fdccf717b810a8bf5)
2025-09-21 18:52:22,179 - __main__ - INFO -   識別類型: 客訴單
2025-09-21 18:52:22,182 - __main__ - INFO -   ✅ 解析成功: AUTO_29f383c5
2025-09-21 18:52:22,182 - __main__ - INFO - ✨ 批次處理完成: 成功 10/10
2025-09-21 18:52:22,182 - __main__ - INFO - 💤 等待 60 秒...
2025-09-21 18:53:22,193 - __main__ - INFO - 🔄 開始處理 10 份文件
2025-09-21 18:53:22,194 - __main__ - INFO - 📄 開始處理文件: G鎖-設變申請單.pdf (ID: fd8deff426946af82c89f7866e68007d)
2025-09-21 18:53:22,195 - __main__ - INFO -   識別類型: 客訴單
2025-09-21 18:53:22,210 - __main__ - INFO -   ✅ 解析成功: AUTO_fd8deff4
2025-09-21 18:53:22,210 - __main__ - INFO - 📄 開始處理文件: G鎖-設變申請單-4.pdf (ID: 61003b13334fd0e8613b06a46f3a9ccb)
2025-09-21 18:53:22,210 - __main__ - INFO -   識別類型: 客訴單
2025-09-21 18:53:22,219 - __main__ - INFO -   ✅ 解析成功: AUTO_61003b13
2025-09-21 18:53:22,219 - __main__ - INFO - 📄 開始處理文件: G鎖-設變申請單-3.pdf (ID: a28d93bc4030c9affa7ed94e60c1505d)
2025-09-21 18:53:22,219 - __main__ - INFO -   識別類型: 設變通知單
2025-09-21 18:53:22,223 - __main__ - INFO -   ✅ 解析成功: 其他
2025-09-21 18:53:22,223 - __main__ - INFO - 📄 開始處理文件: G鎖-設變申請單-2.pdf (ID: 6d9be5e45272d95f03119a3d749e8cdd)
2025-09-21 18:53:22,223 - __main__ - INFO -   識別類型: 客訴單
2025-09-21 18:53:22,228 - __main__ - INFO -   ✅ 解析成功: AUTO_6d9be5e4
2025-09-21 18:53:22,228 - __main__ - INFO - 📄 開始處理文件: G鎖-設變單通知單.pdf (ID: 6a26a308c7e2cc71ff36a3085db99b7f)
2025-09-21 18:53:22,229 - __main__ - INFO -   識別類型: 設變通知單
2025-09-21 18:53:22,231 - __main__ - INFO -   ✅ 解析成功: L112078  日期:2023/3/16
2025-09-21 18:53:22,231 - __main__ - INFO - 📄 開始處理文件: G鎖-設變單通知單-4.pdf (ID: a5377430df38c25638fc085aecac5396)
2025-09-21 18:53:22,231 - __main__ - INFO -   識別類型: 設變通知單
2025-09-21 18:53:22,235 - __main__ - INFO -   ✅ 解析成功: L113055R2  日期:2024/10/16
2025-09-21 18:53:22,235 - __main__ - INFO - 📄 開始處理文件: G鎖-FMEA.pdf (ID: bdec58ec7050c183f25d40c72eb99fd1)
2025-09-21 18:53:22,235 - __main__ - INFO -   識別類型: FMEA
2025-09-21 18:53:22,237 - __main__ - INFO -   ✅ 解析成功: R23091
2025-09-21 18:53:22,237 - __main__ - INFO - 📄 開始處理文件: G鎖-設變單通知單-3.pdf (ID: 6bf770b90da0b8a628832417c986ac6b)
2025-09-21 18:53:22,238 - __main__ - INFO -   識別類型: 設變通知單
2025-09-21 18:53:22,239 - __main__ - INFO -   ✅ 解析成功: LD112066  日期:2023/12/6
2025-09-21 18:53:22,240 - __main__ - INFO - 📄 開始處理文件: G鎖-設變單通知單-2.pdf (ID: 4aaba5a3f02340689babb7b14ee65a5e)
2025-09-21 18:53:22,240 - __main__ - INFO -   識別類型: 設變通知單
2025-09-21 18:53:22,242 - __main__ - INFO -   ✅ 解析成功: LD112017  日期:2023/4/18
2025-09-21 18:53:22,242 - __main__ - INFO - 📄 開始處理文件: G鎖-客訴資料.pdf (ID: 14bd619597d15bb67736ac2d2bb66b61)
2025-09-21 18:53:22,242 - __main__ - INFO -   識別類型: 客訴單
2025-09-21 18:53:22,251 - __main__ - INFO -   ✅ 解析成功: CPR-K-Q-23-G-B002
2025-09-21 18:53:22,251 - __main__ - INFO - ✨ 批次處理完成: 成功 10/10
2025-09-21 18:53:22,251 - __main__ - INFO - 💤 等待 60 秒...
2025-09-21 18:54:22,264 - __main__ - INFO - 沒有需要處理的文件
2025-09-21 18:54:22,267 - __main__ - INFO - 💤 等待 60 秒...
2025-09-21 18:55:22,278 - __main__ - INFO - 沒有需要處理的文件
2025-09-21 18:55:22,281 - __main__ - INFO - 💤 等待 60 秒...
2025-09-21 18:56:18,577 - __main__ - INFO - 收到中斷訊號，正在結束...
2025-09-22 07:00:56,873 - __main__ - INFO - 資料庫表格初始化完成
2025-09-22 07:00:56,874 - __main__ - INFO - 檔案服務初始化 - 基礎URL: http://fileserver:8088, 存儲路徑: /mnt/pdf/files
2025-09-22 07:00:56,874 - __main__ - INFO - 文件解析服務啟動
2025-09-22 07:01:56,832 - __main__ - INFO - 收到終止訊號 15，準備關閉...
2025-09-22 07:01:56,877 - __main__ - INFO - 文件解析服務停止
2025-09-22 07:14:28,914 - __main__ - INFO - 資料庫表格初始化完成
2025-09-22 07:14:28,915 - __main__ - INFO - 檔案服務初始化 - 基礎URL: http://fileserver:8088, 存儲路徑: /mnt/pdf/files
2025-09-22 07:14:28,915 - __main__ - INFO - 文件解析服務啟動
2025-09-22 07:14:28,917 - __main__ - INFO - 發現 10 個未處理文件
2025-09-22 07:14:28,918 - __main__ - INFO - 開始處理文件: 14bd619597d15bb67736ac2d2bb66b61
2025-09-22 07:14:28,918 - __main__ - WARNING - 檔案不存在: /mnt/pdf/files/14bd619597d15bb67736ac2d2bb66b61/G鎖-客訴資料
2025-09-22 07:14:28,920 - __main__ - INFO - 成功儲存結構化文件: G鎖-客訴資料
2025-09-22 07:14:28,920 - __main__ - INFO - 文件 14bd619597d15bb67736ac2d2bb66b61 處理成功
2025-09-22 07:14:29,924 - __main__ - INFO - 開始處理文件: 4aaba5a3f02340689babb7b14ee65a5e
2025-09-22 07:14:29,924 - __main__ - WARNING - 檔案不存在: /mnt/pdf/files/4aaba5a3f02340689babb7b14ee65a5e/G鎖-設變單通知單-2
2025-09-22 07:14:29,927 - __main__ - INFO - 成功儲存結構化文件: G鎖-設變單通知單-2
2025-09-22 07:14:29,927 - __main__ - INFO - 文件 4aaba5a3f02340689babb7b14ee65a5e 處理成功
2025-09-22 07:14:30,930 - __main__ - INFO - 開始處理文件: 6bf770b90da0b8a628832417c986ac6b
2025-09-22 07:14:30,932 - __main__ - WARNING - 檔案不存在: /mnt/pdf/files/6bf770b90da0b8a628832417c986ac6b/G鎖-設變單通知單-3
2025-09-22 07:14:30,937 - __main__ - INFO - 成功儲存結構化文件: G鎖-設變單通知單-3
2025-09-22 07:14:30,937 - __main__ - INFO - 文件 6bf770b90da0b8a628832417c986ac6b 處理成功
2025-09-22 07:14:31,943 - __main__ - INFO - 開始處理文件: bdec58ec7050c183f25d40c72eb99fd1
2025-09-22 07:14:31,945 - __main__ - WARNING - 檔案不存在: /mnt/pdf/files/bdec58ec7050c183f25d40c72eb99fd1/G鎖-FMEA
2025-09-22 07:14:31,970 - __main__ - INFO - 成功儲存結構化文件: G鎖-FMEA
2025-09-22 07:14:31,970 - __main__ - INFO - 文件 bdec58ec7050c183f25d40c72eb99fd1 處理成功
2025-09-22 07:14:32,975 - __main__ - INFO - 開始處理文件: a5377430df38c25638fc085aecac5396
2025-09-22 07:14:32,976 - __main__ - WARNING - 檔案不存在: /mnt/pdf/files/a5377430df38c25638fc085aecac5396/G鎖-設變單通知單-4
2025-09-22 07:14:32,980 - __main__ - INFO - 成功儲存結構化文件: G鎖-設變單通知單-4
2025-09-22 07:14:32,981 - __main__ - INFO - 文件 a5377430df38c25638fc085aecac5396 處理成功
2025-09-22 07:14:33,988 - __main__ - INFO - 開始處理文件: 6a26a308c7e2cc71ff36a3085db99b7f
2025-09-22 07:14:33,988 - __main__ - WARNING - 檔案不存在: /mnt/pdf/files/6a26a308c7e2cc71ff36a3085db99b7f/G鎖-設變單通知單
2025-09-22 07:14:33,990 - __main__ - INFO - 成功儲存結構化文件: G鎖-設變單通知單
2025-09-22 07:14:33,990 - __main__ - INFO - 文件 6a26a308c7e2cc71ff36a3085db99b7f 處理成功
2025-09-22 07:14:34,993 - __main__ - INFO - 開始處理文件: 6d9be5e45272d95f03119a3d749e8cdd
2025-09-22 07:14:34,995 - __main__ - WARNING - 檔案不存在: /mnt/pdf/files/6d9be5e45272d95f03119a3d749e8cdd/G鎖-設變申請單-2
2025-09-22 07:14:34,998 - __main__ - INFO - 成功儲存結構化文件: G鎖-設變申請單-2
2025-09-22 07:14:34,998 - __main__ - INFO - 文件 6d9be5e45272d95f03119a3d749e8cdd 處理成功
2025-09-22 07:14:36,004 - __main__ - INFO - 開始處理文件: a28d93bc4030c9affa7ed94e60c1505d
2025-09-22 07:14:36,005 - __main__ - WARNING - 檔案不存在: /mnt/pdf/files/a28d93bc4030c9affa7ed94e60c1505d/G鎖-設變申請單-3
2025-09-22 07:14:36,011 - __main__ - INFO - 成功儲存結構化文件: G鎖-設變申請單-3
2025-09-22 07:14:36,011 - __main__ - INFO - 文件 a28d93bc4030c9affa7ed94e60c1505d 處理成功
2025-09-22 07:14:37,017 - __main__ - INFO - 開始處理文件: 61003b13334fd0e8613b06a46f3a9ccb
2025-09-22 07:14:37,018 - __main__ - WARNING - 檔案不存在: /mnt/pdf/files/61003b13334fd0e8613b06a46f3a9ccb/G鎖-設變申請單-4
2025-09-22 07:14:37,024 - __main__ - INFO - 成功儲存結構化文件: G鎖-設變申請單-4
2025-09-22 07:14:37,024 - __main__ - INFO - 文件 61003b13334fd0e8613b06a46f3a9ccb 處理成功
2025-09-22 07:14:38,030 - __main__ - INFO - 開始處理文件: fd8deff426946af82c89f7866e68007d
2025-09-22 07:14:38,031 - __main__ - WARNING - 檔案不存在: /mnt/pdf/files/fd8deff426946af82c89f7866e68007d/G鎖-設變申請單
2025-09-22 07:14:38,037 - __main__ - INFO - 成功儲存結構化文件: G鎖-設變申請單
2025-09-22 07:14:38,037 - __main__ - INFO - 文件 fd8deff426946af82c89f7866e68007d 處理成功
2025-09-22 07:15:39,055 - __main__ - INFO - 發現 10 個未處理文件
2025-09-22 07:15:39,057 - __main__ - INFO - 開始處理文件: 29f383c52a6df13fdccf717b810a8bf5
2025-09-22 07:15:39,058 - __main__ - WARNING - 檔案不存在: /mnt/pdf/files/29f383c52a6df13fdccf717b810a8bf5/L鎖-設變單申請單
2025-09-22 07:15:39,063 - __main__ - INFO - 成功儲存結構化文件: L鎖-設變單申請單
2025-09-22 07:15:39,063 - __main__ - INFO - 文件 29f383c52a6df13fdccf717b810a8bf5 處理成功
2025-09-22 07:15:40,068 - __main__ - INFO - 開始處理文件: f97675b378548c68a58b04df0be5ac0e
2025-09-22 07:15:40,069 - __main__ - WARNING - 檔案不存在: /mnt/pdf/files/f97675b378548c68a58b04df0be5ac0e/L鎖-設變單通知單
2025-09-22 07:15:40,074 - __main__ - INFO - 成功儲存結構化文件: L鎖-設變單通知單
2025-09-22 07:15:40,074 - __main__ - INFO - 文件 f97675b378548c68a58b04df0be5ac0e 處理成功
2025-09-22 07:15:41,081 - __main__ - INFO - 開始處理文件: 104a64607ee0a7f76dd02d527d9a0583
2025-09-22 07:15:41,082 - __main__ - WARNING - 檔案不存在: /mnt/pdf/files/104a64607ee0a7f76dd02d527d9a0583/T鎖-FMEA
2025-09-22 07:15:41,086 - __main__ - INFO - 成功儲存結構化文件: T鎖-FMEA
2025-09-22 07:15:41,087 - __main__ - INFO - 文件 104a64607ee0a7f76dd02d527d9a0583 處理成功
2025-09-22 07:15:42,093 - __main__ - INFO - 開始處理文件: 3cf71fab9c44316b2c547e2421bc6c9e
2025-09-22 07:15:42,095 - __main__ - WARNING - 檔案不存在: /mnt/pdf/files/3cf71fab9c44316b2c547e2421bc6c9e/T鎖-客訴資料
2025-09-22 07:15:42,101 - __main__ - INFO - 成功儲存結構化文件: T鎖-客訴資料
2025-09-22 07:15:42,101 - __main__ - INFO - 文件 3cf71fab9c44316b2c547e2421bc6c9e 處理成功
2025-09-22 07:15:43,108 - __main__ - INFO - 開始處理文件: febe31b61127f57cda7c6d0ea0956963
2025-09-22 07:15:43,109 - __main__ - WARNING - 檔案不存在: /mnt/pdf/files/febe31b61127f57cda7c6d0ea0956963/T鎖-設變單申請單-2
2025-09-22 07:15:43,115 - __main__ - INFO - 成功儲存結構化文件: T鎖-設變單申請單-2
2025-09-22 07:15:43,115 - __main__ - INFO - 文件 febe31b61127f57cda7c6d0ea0956963 處理成功
2025-09-22 07:15:44,122 - __main__ - INFO - 開始處理文件: 63d649ec07a4c03cd7e560e41bb008dd
2025-09-22 07:15:44,123 - __main__ - WARNING - 檔案不存在: /mnt/pdf/files/63d649ec07a4c03cd7e560e41bb008dd/T鎖-設變單申請單-3
2025-09-22 07:15:44,127 - __main__ - INFO - 成功儲存結構化文件: T鎖-設變單申請單-3
2025-09-22 07:15:44,127 - __main__ - INFO - 文件 63d649ec07a4c03cd7e560e41bb008dd 處理成功
2025-09-22 07:15:45,136 - __main__ - INFO - 開始處理文件: b726ea652266f977557a03eff4d99d63
2025-09-22 07:15:45,137 - __main__ - WARNING - 檔案不存在: /mnt/pdf/files/b726ea652266f977557a03eff4d99d63/T鎖-設變單申請單
2025-09-22 07:15:45,140 - __main__ - INFO - 成功儲存結構化文件: T鎖-設變單申請單
2025-09-22 07:15:45,140 - __main__ - INFO - 文件 b726ea652266f977557a03eff4d99d63 處理成功
2025-09-22 07:15:46,144 - __main__ - INFO - 開始處理文件: 586b5cf0bb605cb8c3d3c45228424a18
2025-09-22 07:15:46,146 - __main__ - WARNING - 檔案不存在: /mnt/pdf/files/586b5cf0bb605cb8c3d3c45228424a18/T鎖-設變單通知單-2
2025-09-22 07:15:46,150 - __main__ - INFO - 成功儲存結構化文件: T鎖-設變單通知單-2
2025-09-22 07:15:46,150 - __main__ - INFO - 文件 586b5cf0bb605cb8c3d3c45228424a18 處理成功
2025-09-22 07:15:47,156 - __main__ - INFO - 開始處理文件: 220481c684f34e438a29eaa2e76acdb2
2025-09-22 07:15:47,156 - __main__ - WARNING - 檔案不存在: /mnt/pdf/files/220481c684f34e438a29eaa2e76acdb2/T鎖-設變單通知單-3
2025-09-22 07:15:47,158 - __main__ - INFO - 成功儲存結構化文件: T鎖-設變單通知單-3
2025-09-22 07:15:47,158 - __main__ - INFO - 文件 220481c684f34e438a29eaa2e76acdb2 處理成功
2025-09-22 07:15:48,162 - __main__ - INFO - 開始處理文件: 1b587728e54700bf29d9ada689598b31
2025-09-22 07:15:48,164 - __main__ - WARNING - 檔案不存在: /mnt/pdf/files/1b587728e54700bf29d9ada689598b31/T鎖-設變單通知單
2025-09-22 07:15:48,169 - __main__ - INFO - 成功儲存結構化文件: T鎖-設變單通知單
2025-09-22 07:15:48,169 - __main__ - INFO - 文件 1b587728e54700bf29d9ada689598b31 處理成功
2025-09-22 09:18:43,968 - __main__ - INFO - 收到終止訊號 15，準備關閉...
2025-09-22 17:58:38,356 - __main__ - INFO - 資料庫表格初始化完成
2025-09-22 17:58:38,356 - __main__ - INFO - 檔案服務初始化 - 基礎URL: http://fileserver:8088, 存儲路徑: /mnt/pdf/files
2025-09-22 17:58:38,357 - __main__ - INFO - 文件解析服務啟動
2025-09-22 18:31:26,928 - __main__ - INFO - 收到終止訊號 15，準備關閉...
